NOTE: Picked up JDK_JAVA_OPTIONS: -XX:+UseG1GC -XX:-HeapDumpOnOutOfMemoryError -XX:ActiveProcessorCount=6 -Dcork.benchmark.task-concurrency=4 -Dcork.benchmark.expected-mode=NITRO -Dcork.benchmark.output-directory=/home/martin/src/nitro.opt/benchmarks/trino-integration/20260818-post-encoded-consumers-w15m7-board/raw/nitro-c/tpch/q20 -Dcork.benchmark.required-nitro-code-source-root=/home/martin/src/nitro.opt
Aug 18, 2026 7:23:09 PM io.airlift.log.Logger warn
WARNING: No .git ancestor of /home/martin/src/nitro.opt; falling back to user.home (/root) as project root
Aug 18, 2026 7:23:09 PM io.airlift.log.Logger info
INFO: Launching benchmark JVM with -Xms12288m -Xmx12288m
NOTE: Picked up JDK_JAVA_OPTIONS: -XX:+UseG1GC -XX:-HeapDumpOnOutOfMemoryError -XX:ActiveProcessorCount=6 -Dcork.benchmark.task-concurrency=4 -Dcork.benchmark.expected-mode=NITRO -Dcork.benchmark.output-directory=/home/martin/src/nitro.opt/benchmarks/trino-integration/20260818-post-encoded-consumers-w15m7-board/raw/nitro-c/tpch/q20 -Dcork.benchmark.required-nitro-code-source-root=/home/martin/src/nitro.opt
WARNING: Using incubator modules: jdk.incubator.vector
Aug 18, 2026 7:23:10 PM io.airlift.log.Logger warn
WARNING: No .git ancestor of /home/martin/src/nitro.opt; falling back to user.home (/root) as project root
Aug 18, 2026 7:23:10 PM io.airlift.log.Logger info
INFO: Benchmark Nitro class origin: org.weakref.nitro.operator.PartialAggregationInputStatistics -> /home/martin/src/nitro.opt/nitro-engine/target/classes
Aug 18, 2026 7:23:10 PM io.airlift.log.Logger info
INFO: Benchmark Nitro class origin: org.weakref.nitro.parquet.NitroParquetBatchSource -> /home/martin/src/nitro.opt/nitro-parquet/target/classes
Aug 18, 2026 7:23:10 PM io.airlift.log.Logger info
INFO: Benchmark Trino class origin: io.trino.operator.nitro.TrinoNitroPlanner -> /root/notes/cork/core/trino-main/target/classes
Aug 18, 2026 7:23:10 PM io.airlift.log.Logger info
INFO: Per-iteration EXPLAIN ANALYZE plans will be written under /home/martin/src/nitro.opt/benchmarks/trino-integration/20260818-post-encoded-consumers-w15m7-board/raw/nitro-c/tpch/q20/tpch-sf10/explain
Aug 18, 2026 7:23:10 PM io.airlift.log.Logger info
INFO: Benchmark task concurrency: 4
2026-08-18T19:23:10.936Z	INFO	main	io.airlift.log.Logging	Logging to stderr
2026-08-18T19:23:10.981Z	INFO	main	stderr	SLF4J(W): Class path contains multiple SLF4J providers.
2026-08-18T19:23:10.982Z	INFO	main	stderr	SLF4J(W): Found provider [org.slf4j.jul.JULServiceProvider@2e2f720]
2026-08-18T19:23:10.982Z	INFO	main	stderr	SLF4J(W): Found provider [org.slf4j.nop.NOPServiceProvider@3ae2ed38]
2026-08-18T19:23:10.982Z	INFO	main	stderr	SLF4J(W): See https://www.slf4j.org/codes.html#multiple_bindings for an explanation.
2026-08-18T19:23:10.982Z	INFO	main	stderr	SLF4J(I): Actual provider is of type [org.slf4j.jul.JULServiceProvider@2e2f720]
WARNING: A terminally deprecated method in sun.misc.Unsafe has been called
WARNING: sun.misc.Unsafe::staticFieldBase has been called by com.google.inject.internal.aop.HiddenClassDefiner (file:/root/.m2/repository/remote-cache/com/google/inject/guice/7.0.0/guice-7.0.0-classes.jar)
WARNING: Please consider reporting this to the maintainers of class com.google.inject.internal.aop.HiddenClassDefiner
WARNING: sun.misc.Unsafe::staticFieldBase will be removed in a future release
2026-08-18T19:23:11.533Z	INFO	main	io.trino.simd.BlockEncodingSimdSupport	Detected SIMD Support for architecture=amd64, vectorBitWidth=512: SimdSupport[capabilities=[NULL_BIT_PACKING, COMPRESS_BYTE, EXPAND_BYTE, COMPRESS_SHORT, EXPAND_SHORT, COMPRESS_INT, EXPAND_INT, COMPRESS_LONG, EXPAND_LONG]]
WARNING: A restricted method in java.lang.System has been called
WARNING: java.lang.System::loadLibrary has been called by com.aayushatharva.brotli4j.Brotli4jLoader in an unnamed module (file:/root/.m2/repository/remote-cache/com/aayushatharva/brotli4j/brotli4j/1.23.0/brotli4j-1.23.0.jar)
WARNING: Use --enable-native-access=ALL-UNNAMED to avoid a warning for callers in this module
WARNING: Restricted methods will be blocked in a future release unless native access is enabled

2026-08-18T19:23:12.556Z	INFO	main	io.trino.testing.DistributedQueryRunner	Created DistributedQueryRunner in 1.62s (unclosed instances = 1)
2026-08-18T19:23:12.557Z	INFO	main	io.trino.exchange.ExchangeManagerRegistry	-- Loading exchange manager filesystem --
2026-08-18T19:23:12.572Z	INFO	main	io.trino.exchange.ExchangeManagerRegistry	-- Loaded exchange manager filesystem --
2026-08-18T19:23:13.415Z	INFO	main	io.trino.tests.benchmark.BaseHiveTpchWorkload	Reusing existing hive.tpch.customer at local:///root/data/tpch-parquet-sf10/sf10/customer
2026-08-18T19:23:13.481Z	INFO	main	io.trino.tests.benchmark.BaseHiveTpchWorkload	Reusing existing hive.tpch.orders at local:///root/data/tpch-parquet-sf10/sf10/orders
2026-08-18T19:23:13.537Z	INFO	main	io.trino.tests.benchmark.BaseHiveTpchWorkload	Reusing existing hive.tpch.lineitem at local:///root/data/tpch-parquet-sf10/sf10/lineitem
2026-08-18T19:23:13.589Z	INFO	main	io.trino.tests.benchmark.BaseHiveTpchWorkload	Reusing existing hive.tpch.part at local:///root/data/tpch-parquet-sf10/sf10/part
2026-08-18T19:23:13.642Z	INFO	main	io.trino.tests.benchmark.BaseHiveTpchWorkload	Reusing existing hive.tpch.partsupp at local:///root/data/tpch-parquet-sf10/sf10/partsupp
2026-08-18T19:23:13.734Z	INFO	main	io.trino.tests.benchmark.BaseHiveTpchWorkload	Reusing existing hive.tpch.supplier at local:///root/data/tpch-parquet-sf10/sf10/supplier
2026-08-18T19:23:13.788Z	INFO	main	io.trino.tests.benchmark.BaseHiveTpchWorkload	Reusing existing hive.tpch.nation at local:///root/data/tpch-parquet-sf10/sf10/nation
2026-08-18T19:23:13.834Z	INFO	main	io.trino.tests.benchmark.BaseHiveTpchWorkload	Reusing existing hive.tpch.region at local:///root/data/tpch-parquet-sf10/sf10/region
2026-08-18T19:23:13.834Z	INFO	main	io.trino.tests.benchmark.BenchmarkRunner	Running Trino at http://127.0.0.1:42229 (mode=NITRO)
2026-08-18T19:23:13.834Z	INFO	main	io.trino.tests.benchmark.BenchmarkRunner	Running tpch-sf10 benchmark: 0 suite warmup, 15 warmup, 7 measured runs, reporting average
2026-08-18T19:23:13.835Z	INFO	main	io.trino.tests.benchmark.BenchmarkRunner	Verifying table statistics for 8 table(s): [hive.tpch.customer, hive.tpch.orders, hive.tpch.lineitem, hive.tpch.part, hive.tpch.partsupp, hive.tpch.supplier, hive.tpch.nation, hive.tpch.region]
2026-08-18T19:23:13.885Z	INFO	main	io.trino.tests.benchmark.BenchmarkRunner	  hive.tpch.customer: statistics present
2026-08-18T19:23:13.916Z	INFO	main	io.trino.tests.benchmark.BenchmarkRunner	  hive.tpch.orders: statistics present
2026-08-18T19:23:13.951Z	INFO	main	io.trino.tests.benchmark.BenchmarkRunner	  hive.tpch.lineitem: statistics present
2026-08-18T19:23:13.975Z	INFO	main	io.trino.tests.benchmark.BenchmarkRunner	  hive.tpch.part: statistics present
2026-08-18T19:23:13.994Z	INFO	main	io.trino.tests.benchmark.BenchmarkRunner	  hive.tpch.partsupp: statistics present
2026-08-18T19:23:14.011Z	INFO	main	io.trino.tests.benchmark.BenchmarkRunner	  hive.tpch.supplier: statistics present
2026-08-18T19:23:14.029Z	INFO	main	io.trino.tests.benchmark.BenchmarkRunner	  hive.tpch.nation: statistics present
2026-08-18T19:23:14.044Z	INFO	main	io.trino.tests.benchmark.BenchmarkRunner	  hive.tpch.region: statistics present
2026-08-18T19:23:23.329Z	INFO	main	io.trino.tests.benchmark.BenchmarkRunner	Average for q20: 306 ms (execution 303 ms, CPU 845 ms, peak memory 5.45MB)
2026-08-18T19:23:23.329Z	INFO	main	io.trino.tests.benchmark.BenchmarkRunner	Sum of averages for all queries: 306 ms (execution 303 ms)
2026-08-18T19:23:23.329Z	INFO	main	io.trino.tests.benchmark.BenchmarkRunner	Wrote per-query timings to /home/martin/src/nitro.opt/benchmarks/trino-integration/20260818-post-encoded-consumers-w15m7-board/raw/nitro-c/tpch/q20/tpch-sf10/timings.csv
