[INFO] Enabling strict checksum verification on all artifact downloads.
[INFO] Processing build on daemon 1fbc1633
[INFO] Scanning for projects...
[INFO] Loaded 0 groupId for remote repository maven-central
[INFO] Loaded 0 groupId for remote repository google-maven-central-copy
[INFO] Njord 0.9.9 session created
[INFO] BuildTimeEventSpy is registered.
[INFO] 
[INFO] Using the SmartBuilder implementation with a thread count of 7
[INFO] 
[INFO] ------------------------< io.trino:trino-tests >------------------------
[INFO] Building trino-tests 484-SNAPSHOT
[INFO]   from pom.xml
[INFO] --------------------------------[ jar ]---------------------------------
[INFO] Loaded 0 groupId for remote repository ossrh
[INFO] Loaded 0 groupId for remote repository repo.gradle.org
[INFO] Loaded 0 groupId for remote repository central.maven.org
[INFO] 
[INFO] --- enforcer:3.6.3:enforce (default) @ trino-tests ---
[INFO] Rule 0: org.apache.maven.enforcer.rules.dependency.BannedDependencies passed
[INFO] Rule 1: org.apache.maven.plugins.enforcer.RestrictImports passed
[INFO] Rule 2: org.apache.maven.plugins.enforcer.RestrictImports passed
[INFO] Rule 3: org.apache.maven.plugins.enforcer.RestrictImports passed
[INFO] Rule 4: org.apache.maven.plugins.enforcer.RestrictImports passed
[INFO] Rule 5: org.apache.maven.enforcer.rules.RequireProfileIdsExist passed
[INFO] Rule 6: org.codehaus.mojo.extraenforcer.model.RequirePropertyDiverges passed
[INFO] Rule 7: org.apache.maven.enforcer.rules.property.RequireProperty passed
[INFO] Rule 8: org.apache.maven.enforcer.rules.RequireJavaVendor passed
[INFO] Rule 9: org.apache.maven.enforcer.rules.BanDuplicatePomDependencyVersions passed
[INFO] Rule 10: org.apache.maven.enforcer.rules.dependency.RequireUpperBoundDeps passed
[INFO] Rule 11: org.apache.maven.enforcer.rules.version.RequireMavenVersion passed
[INFO] Rule 12: org.apache.maven.enforcer.rules.version.RequireJavaVersion passed
[INFO] Rule 13: org.codehaus.mojo.extraenforcer.dependencies.EnforceBytecodeVersion passed
[INFO] Rule 14: org.apache.maven.enforcer.rules.RequirePluginVersions passed
[INFO] 
[INFO] --- sortpom:4.0.0:verify (default) @ trino-tests ---
[INFO] Verifying file /root/notes/trino.nitro/testing/trino-tests/pom.xml
[INFO] 
[INFO] --- license:5.0.0:check (default) @ trino-tests ---
[INFO] Checking licenses...
[INFO] 
[INFO] --- airstyle:9:check (airstyle) @ trino-tests ---
[INFO] All 144 files are already formatted
[INFO] 
[INFO] --- checkstyle:3.6.0:check (checkstyle) @ trino-tests ---
[INFO] You have 0 Checkstyle violations.
[INFO] 
[INFO] --- git-commit-id:10.0.0:revision (default) @ trino-tests ---
[INFO] 
[INFO] --- build-helper:3.6.1:bsh-property (surefire-enable-preview) @ trino-tests ---
[INFO] 
[INFO] --- jacoco:0.8.15:prepare-agent (default) @ trino-tests ---
[INFO] Skipping JaCoCo execution because property jacoco.skip is set.
[INFO] 
[INFO] --- resources:3.5.0:resources (default-resources) @ trino-tests ---
[INFO] skip non existing resourceDirectory /root/notes/trino.nitro/testing/trino-tests/src/main/resources
[INFO] 
[INFO] --- compiler:3.15.0:compile (default-compile) @ trino-tests ---
[INFO] Nothing to compile - all classes are up to date.
[INFO] 
[INFO] --- resources:3.5.0:testResources (default-testResources) @ trino-tests ---
[INFO] Copying 266 resources from src/test/resources to target/test-classes
[INFO] 
[INFO] --- compiler:3.15.0:testCompile (default-testCompile) @ trino-tests ---
[INFO] Nothing to compile - all classes are up to date.
[INFO] 
[INFO] --- dependency:3.11.0:analyze-only (default) @ trino-tests ---
[INFO] No dependency problems found
[INFO] 
[INFO] --- dependency:3.11.0:analyze-duplicate (default) @ trino-tests ---
[INFO] No duplicate dependencies found in <dependencies/> or in <dependencyManagement/>
[INFO] 
[INFO] --- duplicate-finder:2.0.1:check (default) @ trino-tests ---
[INFO] Checking compile classpath
[INFO] Checking runtime classpath
[INFO] Checking test classpath
[INFO] 
[INFO] --- modernizer:3.4.0:modernizer (modernizer) @ trino-tests ---
[INFO] 
[INFO] --- modernizer:3.4.0:modernizer (modernizer-production-code) @ trino-tests ---
[INFO] 
[INFO] --- surefire:3.5.6:test (default-test) @ trino-tests ---
[INFO] Tests will run in random order. To reproduce ordering use flag -Dsurefire.runOrder.random.seed=4819492262850435
[INFO] Using auto detected provider org.apache.maven.surefire.junitplatform.JUnitPlatformProvider
[INFO] 
[INFO] -------------------------------------------------------
[INFO]  T E S T S
[INFO] -------------------------------------------------------
[WARNING] [stderr] WARNING: Using incubator modules: jdk.incubator.vector
[WARNING] [stderr] 2026-08-11T13:30:12.191-0600	INFO	ForkJoinPool-1-worker-1	io.airlift.log.Logging	Logging to stderr
[INFO] Running io.trino.tests.nitro.TestNitroClickBenchQueries
[WARNING] [stderr] 2026-08-11T13:30:13.087-0600	INFO	ForkJoinPool-1-worker-1	io.trino.simd.BlockEncodingSimdSupport	Detected SIMD Support for architecture=amd64, vectorBitWidth=512: SimdSupport[capabilities=[COMPRESS_BYTE, EXPAND_BYTE, COMPRESS_SHORT, EXPAND_SHORT, COMPRESS_INT, EXPAND_INT, COMPRESS_LONG, EXPAND_LONG]]
[WARNING] [stderr] WARNING: A restricted method in java.lang.System has been called
[WARNING] [stderr] WARNING: java.lang.System::loadLibrary has been called by com.aayushatharva.brotli4j.Brotli4jLoader in an unnamed module (file:/root/.m2/repository/remote-cache/com/aayushatharva/brotli4j/brotli4j/1.23.0/brotli4j-1.23.0.jar)
[WARNING] [stderr] WARNING: Use --enable-native-access=ALL-UNNAMED to avoid a warning for callers in this module
[WARNING] [stderr] WARNING: Restricted methods will be blocked in a future release unless native access is enabled
[WARNING] [stderr] 
[WARNING] [stderr] 2026-08-11T13:30:14.422-0600	INFO	ForkJoinPool-1-worker-1	io.trino.testing.DistributedQueryRunner	Created DistributedQueryRunner in 1.91s (unclosed instances = 1)
[WARNING] [stderr] 2026-08-11T13:30:15.513-0600	INFO	ForkJoinPool-1-worker-1	io.trino.testing.DistributedQueryRunner	Created DistributedQueryRunner in 508.01ms (unclosed instances = 2)
[WARNING] [stderr] 2026-08-11T13:30:42.582-0600	INFO	Notification Thread	io.airlift.stats.JmxGcMonitor	Major GC: application 0.00s, stopped 219.00ms: 12.19GB -> 4.85GB
[WARNING] [stderr] 2026-08-11T13:30:42.582-0600	INFO	Notification Thread	io.airlift.stats.JmxGcMonitor	Major GC: application 0.00s, stopped 219.00ms: 12.19GB -> 4.85GB
[WARNING] [stderr] 2026-08-11T13:30:42.582-0600	INFO	Notification Thread	io.airlift.stats.JmxGcMonitor	Major GC: application 0.00s, stopped 219.00ms: 12.19GB -> 4.85GB
[WARNING] [stderr] 2026-08-11T13:30:42.582-0600	INFO	Notification Thread	io.airlift.stats.JmxGcMonitor	Major GC: application 0.00s, stopped 219.00ms: 12.19GB -> 4.85GB
[WARNING] [stderr] 2026-08-11T13:30:47.864-0600	INFO	Notification Thread	io.airlift.stats.JmxGcMonitor	Major GC: application 4.98s, stopped 308.00ms: 12.13GB -> 7.18GB
[WARNING] [stderr] 2026-08-11T13:30:47.864-0600	INFO	Notification Thread	io.airlift.stats.JmxGcMonitor	Major GC: application 4.98s, stopped 308.00ms: 12.13GB -> 7.18GB
[WARNING] [stderr] 2026-08-11T13:30:47.865-0600	INFO	Notification Thread	io.airlift.stats.JmxGcMonitor	Major GC: application 4.98s, stopped 308.00ms: 12.13GB -> 7.18GB
[WARNING] [stderr] 2026-08-11T13:30:47.865-0600	INFO	Notification Thread	io.airlift.stats.JmxGcMonitor	Major GC: application 4.98s, stopped 308.00ms: 12.13GB -> 7.18GB
[WARNING] [stderr] 2026-08-11T13:30:49.107-0600	INFO	Notification Thread	io.airlift.stats.JmxGcMonitor	Major GC: application 965.00ms, stopped 275.00ms: 11.93GB -> 6.47GB
[WARNING] [stderr] 2026-08-11T13:30:49.108-0600	INFO	Notification Thread	io.airlift.stats.JmxGcMonitor	Major GC: application 965.00ms, stopped 275.00ms: 11.93GB -> 6.47GB
[WARNING] [stderr] 2026-08-11T13:30:49.108-0600	INFO	Notification Thread	io.airlift.stats.JmxGcMonitor	Major GC: application 965.00ms, stopped 275.00ms: 11.93GB -> 6.47GB
[WARNING] [stderr] 2026-08-11T13:30:49.108-0600	INFO	Notification Thread	io.airlift.stats.JmxGcMonitor	Major GC: application 965.00ms, stopped 275.00ms: 11.93GB -> 6.47GB
[WARNING] [stderr] 2026-08-11T13:30:54.975-0600	INFO	Notification Thread	io.airlift.stats.JmxGcMonitor	Major GC: application 5.54s, stopped 329.00ms: 12.15GB -> 7.01GB
[WARNING] [stderr] 2026-08-11T13:30:54.975-0600	INFO	Notification Thread	io.airlift.stats.JmxGcMonitor	Major GC: application 5.54s, stopped 329.00ms: 12.15GB -> 7.01GB
[WARNING] [stderr] 2026-08-11T13:30:54.975-0600	INFO	Notification Thread	io.airlift.stats.JmxGcMonitor	Major GC: application 5.54s, stopped 329.00ms: 12.15GB -> 7.01GB
[WARNING] [stderr] 2026-08-11T13:30:54.975-0600	INFO	Notification Thread	io.airlift.stats.JmxGcMonitor	Major GC: application 5.54s, stopped 329.00ms: 12.15GB -> 7.01GB
[WARNING] [stderr] 2026-08-11T13:30:58.628-0600	INFO	Notification Thread	io.airlift.stats.JmxGcMonitor	Major GC: application 3.36s, stopped 289.00ms: 12.12GB -> 6.14GB
[WARNING] [stderr] 2026-08-11T13:30:58.628-0600	INFO	Notification Thread	io.airlift.stats.JmxGcMonitor	Major GC: application 3.36s, stopped 289.00ms: 12.12GB -> 6.14GB
[WARNING] [stderr] 2026-08-11T13:30:58.628-0600	INFO	Notification Thread	io.airlift.stats.JmxGcMonitor	Major GC: application 3.36s, stopped 289.00ms: 12.12GB -> 6.14GB
[WARNING] [stderr] 2026-08-11T13:30:58.628-0600	INFO	Notification Thread	io.airlift.stats.JmxGcMonitor	Major GC: application 3.36s, stopped 289.00ms: 12.12GB -> 6.14GB
[WARNING] [stderr] 2026-08-11T13:31:03.235-0600	INFO	Notification Thread	io.airlift.stats.JmxGcMonitor	Major GC: application 4.28s, stopped 335.00ms: 12.14GB -> 7.12GB
[WARNING] [stderr] 2026-08-11T13:31:03.236-0600	INFO	Notification Thread	io.airlift.stats.JmxGcMonitor	Major GC: application 4.28s, stopped 335.00ms: 12.14GB -> 7.12GB
[WARNING] [stderr] 2026-08-11T13:31:03.238-0600	INFO	Notification Thread	io.airlift.stats.JmxGcMonitor	Major GC: application 4.28s, stopped 335.00ms: 12.14GB -> 7.12GB
[WARNING] [stderr] 2026-08-11T13:31:03.238-0600	INFO	Notification Thread	io.airlift.stats.JmxGcMonitor	Major GC: application 4.28s, stopped 335.00ms: 12.14GB -> 7.12GB
[WARNING] [stderr] 2026-08-11T13:31:04.475-0600	INFO	Notification Thread	io.airlift.stats.JmxGcMonitor	Major GC: application 969.00ms, stopped 269.00ms: 11.87GB -> 6.94GB
[WARNING] [stderr] 2026-08-11T13:31:04.475-0600	INFO	Notification Thread	io.airlift.stats.JmxGcMonitor	Major GC: application 969.00ms, stopped 269.00ms: 11.87GB -> 6.94GB
[WARNING] [stderr] 2026-08-11T13:31:04.475-0600	INFO	Notification Thread	io.airlift.stats.JmxGcMonitor	Major GC: application 969.00ms, stopped 269.00ms: 11.87GB -> 6.94GB
[WARNING] [stderr] 2026-08-11T13:31:04.475-0600	INFO	Notification Thread	io.airlift.stats.JmxGcMonitor	Major GC: application 969.00ms, stopped 269.00ms: 11.87GB -> 6.94GB
[WARNING] [stderr] 2026-08-11T13:31:08.577-0600	INFO	Notification Thread	io.airlift.stats.JmxGcMonitor	Major GC: application 3.78s, stopped 320.00ms: 12.13GB -> 6.89GB
[WARNING] [stderr] 2026-08-11T13:31:08.578-0600	INFO	Notification Thread	io.airlift.stats.JmxGcMonitor	Major GC: application 3.78s, stopped 320.00ms: 12.13GB -> 6.89GB
[WARNING] [stderr] 2026-08-11T13:31:08.578-0600	INFO	Notification Thread	io.airlift.stats.JmxGcMonitor	Major GC: application 3.78s, stopped 320.00ms: 12.13GB -> 6.89GB
[WARNING] [stderr] 2026-08-11T13:31:08.578-0600	INFO	Notification Thread	io.airlift.stats.JmxGcMonitor	Major GC: application 3.78s, stopped 320.00ms: 12.13GB -> 6.89GB
[WARNING] [stderr] 2026-08-11T13:31:11.320-0600	INFO	Notification Thread	io.airlift.stats.JmxGcMonitor	Major GC: application 2.47s, stopped 275.00ms: 12.07GB -> 5.80GB
[WARNING] [stderr] 2026-08-11T13:31:11.320-0600	INFO	Notification Thread	io.airlift.stats.JmxGcMonitor	Major GC: application 2.47s, stopped 275.00ms: 12.07GB -> 5.80GB
[WARNING] [stderr] 2026-08-11T13:31:11.320-0600	INFO	Notification Thread	io.airlift.stats.JmxGcMonitor	Major GC: application 2.47s, stopped 275.00ms: 12.07GB -> 5.80GB
[WARNING] [stderr] 2026-08-11T13:31:11.320-0600	INFO	Notification Thread	io.airlift.stats.JmxGcMonitor	Major GC: application 2.47s, stopped 275.00ms: 12.07GB -> 5.80GB
[WARNING] [stderr] 2026-08-11T13:31:14.002-0600	INFO	ForkJoinPool-1-worker-1	stdout	engine,suite,query,measurements,min_ms,p50_ms,p95_ms,mean_ms,cpu_p50_ms,cpu_mean_ms,cpu_over_wall,input_positions,nitro_source_drivers,native_sources
[WARNING] [stderr] 2026-08-11T13:31:19.174-0600	INFO	ForkJoinPool-1-worker-1	stdout	nitro,clickbench,q42,15,91.253,106.513,124.397,106.237,80.000,81.667,0.7687,1406798,0,165
[WARNING] [stderr] 2026-08-11T13:31:19.175-0600	INFO	ForkJoinPool-1-worker-1	stdout	peak_memory,nitro,clickbench,q42,15,0.334,1.863,8530.443,10304.502
[WARNING] [stderr] 2026-08-11T13:31:19.175-0600	INFO	ForkJoinPool-1-worker-1	stdout	trino,clickbench,q42,15,75.651,88.566,124.166,91.147,129.000,129.267,1.4182,1406798,0,0
[WARNING] [stderr] 2026-08-11T13:31:19.175-0600	INFO	ForkJoinPool-1-worker-1	stdout	peak_memory,trino,clickbench,q42,15,6.033,12.135,8480.502,10464.502
[WARNING] [stderr] 2026-08-11T13:31:19.175-0600	INFO	ForkJoinPool-1-worker-1	stdout	nitro_over_trino_p50,1.2026402288342546
[WARNING] [stderr] 2026-08-11T13:31:19.175-0600	INFO	ForkJoinPool-1-worker-1	stdout	nitro_over_trino_cpu_p50,0.6201550387596899
[WARNING] [stderr] 2026-08-11T13:31:19.175-0600	INFO	ForkJoinPool-1-worker-1	stdout	nitro_over_trino_cpu_mean,0.631768953068592
[INFO] Tests run: 1, Failures: 0, Errors: 0, Skipped: 0, Time elapsed: 67.21 s -- in io.trino.tests.nitro.TestNitroClickBenchQueries
[WARNING] [stderr] 2026-08-11T13:31:19.417-0600	INFO	main	io.trino.testing.containers.junit.ReportLeakedContainers	DockerClientFactory not initialized, so there should be no leaked containers, skipping the check
[INFO] 
[INFO] Results:
[INFO] 
[INFO] Tests run: 1, Failures: 0, Errors: 0, Skipped: 0
[INFO] 
[INFO] ------------------------------------------------------------------------
[INFO] BUILD SUCCESS
[INFO] ------------------------------------------------------------------------
[INFO] Total time:  01:16 min (Wall Clock)
[INFO] Finished at: 2026-08-11T19:31:19Z
[INFO] ------------------------------------------------------------------------
[INFO] Njord session closed
