[INFO] Enabling strict checksum verification on all artifact downloads.
[INFO] Processing build on daemon d550fc74
[INFO] Scanning for projects...
[INFO] Loaded 0 groupId for remote repository maven-central
[INFO] Loaded 0 groupId for remote repository google-maven-central-copy
[INFO] Njord 0.9.9 session created
[INFO] BuildTimeEventSpy is registered.
[INFO] 
[INFO] Using the SmartBuilder implementation with a thread count of 7
[INFO] 
[INFO] ------------------------< io.trino:trino-tests >------------------------
[INFO] Building trino-tests 484-SNAPSHOT
[INFO]   from pom.xml
[INFO] --------------------------------[ jar ]---------------------------------
[INFO] Loaded 0 groupId for remote repository ossrh
[INFO] Loaded 0 groupId for remote repository repo.gradle.org
[INFO] Loaded 0 groupId for remote repository central.maven.org
[INFO] 
[INFO] --- enforcer:3.6.3:enforce (default) @ trino-tests ---
[INFO] Rule 0: org.apache.maven.enforcer.rules.dependency.BannedDependencies passed
[INFO] Rule 1: org.apache.maven.plugins.enforcer.RestrictImports passed
[INFO] Rule 2: org.apache.maven.plugins.enforcer.RestrictImports passed
[INFO] Rule 3: org.apache.maven.plugins.enforcer.RestrictImports passed
[INFO] Rule 4: org.apache.maven.plugins.enforcer.RestrictImports passed
[INFO] Rule 5: org.apache.maven.enforcer.rules.RequireProfileIdsExist passed
[INFO] Rule 6: org.codehaus.mojo.extraenforcer.model.RequirePropertyDiverges passed
[INFO] Rule 7: org.apache.maven.enforcer.rules.property.RequireProperty passed
[INFO] Rule 8: org.apache.maven.enforcer.rules.RequireJavaVendor passed
[INFO] Rule 9: org.apache.maven.enforcer.rules.BanDuplicatePomDependencyVersions passed
[INFO] Rule 10: org.apache.maven.enforcer.rules.dependency.RequireUpperBoundDeps passed
[INFO] Rule 11: org.apache.maven.enforcer.rules.version.RequireMavenVersion passed
[INFO] Rule 12: org.apache.maven.enforcer.rules.version.RequireJavaVersion passed
[INFO] Rule 13: org.codehaus.mojo.extraenforcer.dependencies.EnforceBytecodeVersion passed
[INFO] Rule 14: org.apache.maven.enforcer.rules.RequirePluginVersions passed
[INFO] 
[INFO] --- sortpom:4.0.0:verify (default) @ trino-tests ---
[INFO] Verifying file /root/notes/trino.nitro/testing/trino-tests/pom.xml
[INFO] 
[INFO] --- license:5.0.0:check (default) @ trino-tests ---
[INFO] Checking licenses...
[INFO] 
[INFO] --- airstyle:9:check (airstyle) @ trino-tests ---
[INFO] All 144 files are already formatted
[INFO] 
[INFO] --- checkstyle:3.6.0:check (checkstyle) @ trino-tests ---
[INFO] You have 0 Checkstyle violations.
[INFO] 
[INFO] --- git-commit-id:10.0.0:revision (default) @ trino-tests ---
[INFO] 
[INFO] --- build-helper:3.6.1:bsh-property (surefire-enable-preview) @ trino-tests ---
[INFO] 
[INFO] --- jacoco:0.8.15:prepare-agent (default) @ trino-tests ---
[INFO] Skipping JaCoCo execution because property jacoco.skip is set.
[INFO] 
[INFO] --- resources:3.5.0:resources (default-resources) @ trino-tests ---
[INFO] skip non existing resourceDirectory /root/notes/trino.nitro/testing/trino-tests/src/main/resources
[INFO] 
[INFO] --- compiler:3.15.0:compile (default-compile) @ trino-tests ---
[INFO] Nothing to compile - all classes are up to date.
[INFO] 
[INFO] --- resources:3.5.0:testResources (default-testResources) @ trino-tests ---
[INFO] Copying 266 resources from src/test/resources to target/test-classes
[INFO] 
[INFO] --- compiler:3.15.0:testCompile (default-testCompile) @ trino-tests ---
[INFO] Nothing to compile - all classes are up to date.
[INFO] 
[INFO] --- dependency:3.11.0:analyze-only (default) @ trino-tests ---
[INFO] No dependency problems found
[INFO] 
[INFO] --- dependency:3.11.0:analyze-duplicate (default) @ trino-tests ---
[INFO] No duplicate dependencies found in <dependencies/> or in <dependencyManagement/>
[INFO] 
[INFO] --- duplicate-finder:2.0.1:check (default) @ trino-tests ---
[INFO] Checking compile classpath
[INFO] Checking runtime classpath
[INFO] Checking test classpath
[INFO] 
[INFO] --- modernizer:3.4.0:modernizer (modernizer) @ trino-tests ---
[INFO] 
[INFO] --- modernizer:3.4.0:modernizer (modernizer-production-code) @ trino-tests ---
[INFO] 
[INFO] --- surefire:3.5.6:test (default-test) @ trino-tests ---
[INFO] Tests will run in random order. To reproduce ordering use flag -Dsurefire.runOrder.random.seed=4815587457241836
[INFO] Using auto detected provider org.apache.maven.surefire.junitplatform.JUnitPlatformProvider
[INFO] 
[INFO] -------------------------------------------------------
[INFO]  T E S T S
[INFO] -------------------------------------------------------
[WARNING] [stderr] WARNING: Using incubator modules: jdk.incubator.vector
[WARNING] [stderr] 2026-08-11T12:25:07.364-0600	INFO	ForkJoinPool-1-worker-1	io.airlift.log.Logging	Logging to stderr
[INFO] Running io.trino.tests.nitro.TestNitroClickBenchQueries
[WARNING] [stderr] 2026-08-11T12:25:08.261-0600	INFO	ForkJoinPool-1-worker-1	io.trino.simd.BlockEncodingSimdSupport	Detected SIMD Support for architecture=amd64, vectorBitWidth=512: SimdSupport[capabilities=[COMPRESS_BYTE, EXPAND_BYTE, COMPRESS_SHORT, EXPAND_SHORT, COMPRESS_INT, EXPAND_INT, COMPRESS_LONG, EXPAND_LONG]]
[WARNING] [stderr] WARNING: A restricted method in java.lang.System has been called
[WARNING] [stderr] WARNING: java.lang.System::loadLibrary has been called by com.aayushatharva.brotli4j.Brotli4jLoader in an unnamed module (file:/root/.m2/repository/remote-cache/com/aayushatharva/brotli4j/brotli4j/1.23.0/brotli4j-1.23.0.jar)
[WARNING] [stderr] WARNING: Use --enable-native-access=ALL-UNNAMED to avoid a warning for callers in this module
[WARNING] [stderr] WARNING: Restricted methods will be blocked in a future release unless native access is enabled
[WARNING] [stderr] 
[WARNING] [stderr] 2026-08-11T12:25:09.591-0600	INFO	ForkJoinPool-1-worker-1	io.trino.testing.DistributedQueryRunner	Created DistributedQueryRunner in 1.91s (unclosed instances = 1)
[WARNING] [stderr] 2026-08-11T12:25:10.686-0600	INFO	ForkJoinPool-1-worker-1	io.trino.testing.DistributedQueryRunner	Created DistributedQueryRunner in 530.60ms (unclosed instances = 2)
[WARNING] [stderr] 2026-08-11T12:25:47.030-0600	INFO	Notification Thread	io.airlift.stats.JmxGcMonitor	Major GC: application 0.00s, stopped 368.00ms: 12.17GB -> 8.43GB
[WARNING] [stderr] 2026-08-11T12:25:47.030-0600	INFO	Notification Thread	io.airlift.stats.JmxGcMonitor	Major GC: application 0.00s, stopped 368.00ms: 12.17GB -> 8.43GB
[WARNING] [stderr] 2026-08-11T12:25:47.030-0600	INFO	Notification Thread	io.airlift.stats.JmxGcMonitor	Major GC: application 0.00s, stopped 368.00ms: 12.17GB -> 8.43GB
[WARNING] [stderr] 2026-08-11T12:25:47.030-0600	INFO	Notification Thread	io.airlift.stats.JmxGcMonitor	Major GC: application 0.00s, stopped 368.00ms: 12.17GB -> 8.43GB
[WARNING] [stderr] 2026-08-11T12:25:49.372-0600	INFO	Notification Thread	io.airlift.stats.JmxGcMonitor	Major GC: application 2.03s, stopped 308.00ms: 11.96GB -> 7.92GB
[WARNING] [stderr] 2026-08-11T12:25:49.372-0600	INFO	Notification Thread	io.airlift.stats.JmxGcMonitor	Major GC: application 2.03s, stopped 308.00ms: 11.96GB -> 7.92GB
[WARNING] [stderr] 2026-08-11T12:25:49.372-0600	INFO	Notification Thread	io.airlift.stats.JmxGcMonitor	Major GC: application 2.03s, stopped 308.00ms: 11.96GB -> 7.92GB
[WARNING] [stderr] 2026-08-11T12:25:49.372-0600	INFO	Notification Thread	io.airlift.stats.JmxGcMonitor	Major GC: application 2.03s, stopped 308.00ms: 11.96GB -> 7.92GB
[WARNING] [stderr] 2026-08-11T12:25:51.541-0600	INFO	Notification Thread	io.airlift.stats.JmxGcMonitor	Major GC: application 1.83s, stopped 343.00ms: 12.02GB -> 7.96GB
[WARNING] [stderr] 2026-08-11T12:25:51.541-0600	INFO	Notification Thread	io.airlift.stats.JmxGcMonitor	Major GC: application 1.83s, stopped 343.00ms: 12.02GB -> 7.96GB
[WARNING] [stderr] 2026-08-11T12:25:51.541-0600	INFO	Notification Thread	io.airlift.stats.JmxGcMonitor	Major GC: application 1.83s, stopped 343.00ms: 12.02GB -> 7.96GB
[WARNING] [stderr] 2026-08-11T12:25:51.541-0600	INFO	Notification Thread	io.airlift.stats.JmxGcMonitor	Major GC: application 1.83s, stopped 343.00ms: 12.02GB -> 7.96GB
[WARNING] [stderr] 2026-08-11T12:25:54.547-0600	INFO	Notification Thread	io.airlift.stats.JmxGcMonitor	Major GC: application 2.67s, stopped 334.00ms: 12.03GB -> 8.59GB
[WARNING] [stderr] 2026-08-11T12:25:54.547-0600	INFO	Notification Thread	io.airlift.stats.JmxGcMonitor	Major GC: application 2.67s, stopped 334.00ms: 12.03GB -> 8.59GB
[WARNING] [stderr] 2026-08-11T12:25:54.547-0600	INFO	Notification Thread	io.airlift.stats.JmxGcMonitor	Major GC: application 2.67s, stopped 334.00ms: 12.03GB -> 8.59GB
[WARNING] [stderr] 2026-08-11T12:25:54.547-0600	INFO	Notification Thread	io.airlift.stats.JmxGcMonitor	Major GC: application 2.67s, stopped 334.00ms: 12.03GB -> 8.59GB
[WARNING] [stderr] 2026-08-11T12:25:56.824-0600	INFO	Notification Thread	io.airlift.stats.JmxGcMonitor	Major GC: application 1.96s, stopped 311.00ms: 11.99GB -> 7.96GB
[WARNING] [stderr] 2026-08-11T12:25:56.824-0600	INFO	Notification Thread	io.airlift.stats.JmxGcMonitor	Major GC: application 1.96s, stopped 311.00ms: 11.99GB -> 7.96GB
[WARNING] [stderr] 2026-08-11T12:25:56.824-0600	INFO	Notification Thread	io.airlift.stats.JmxGcMonitor	Major GC: application 1.96s, stopped 311.00ms: 11.99GB -> 7.96GB
[WARNING] [stderr] 2026-08-11T12:25:56.824-0600	INFO	Notification Thread	io.airlift.stats.JmxGcMonitor	Major GC: application 1.96s, stopped 311.00ms: 11.99GB -> 7.96GB
[WARNING] [stderr] 2026-08-11T12:25:59.389-0600	INFO	Notification Thread	io.airlift.stats.JmxGcMonitor	Major GC: application 2.26s, stopped 307.00ms: 12.01GB -> 7.98GB
[WARNING] [stderr] 2026-08-11T12:25:59.389-0600	INFO	Notification Thread	io.airlift.stats.JmxGcMonitor	Major GC: application 2.26s, stopped 307.00ms: 12.01GB -> 7.98GB
[WARNING] [stderr] 2026-08-11T12:25:59.389-0600	INFO	Notification Thread	io.airlift.stats.JmxGcMonitor	Major GC: application 2.26s, stopped 307.00ms: 12.01GB -> 7.98GB
[WARNING] [stderr] 2026-08-11T12:25:59.389-0600	INFO	Notification Thread	io.airlift.stats.JmxGcMonitor	Major GC: application 2.26s, stopped 307.00ms: 12.01GB -> 7.98GB
[WARNING] [stderr] 2026-08-11T12:26:01.846-0600	INFO	Notification Thread	io.airlift.stats.JmxGcMonitor	Major GC: application 2.15s, stopped 306.00ms: 12.04GB -> 8.10GB
[WARNING] [stderr] 2026-08-11T12:26:01.846-0600	INFO	Notification Thread	io.airlift.stats.JmxGcMonitor	Major GC: application 2.15s, stopped 306.00ms: 12.04GB -> 8.10GB
[WARNING] [stderr] 2026-08-11T12:26:01.846-0600	INFO	Notification Thread	io.airlift.stats.JmxGcMonitor	Major GC: application 2.15s, stopped 306.00ms: 12.04GB -> 8.10GB
[WARNING] [stderr] 2026-08-11T12:26:01.846-0600	INFO	Notification Thread	io.airlift.stats.JmxGcMonitor	Major GC: application 2.15s, stopped 306.00ms: 12.04GB -> 8.10GB
[WARNING] [stderr] 2026-08-11T12:26:06.085-0600	INFO	Notification Thread	io.airlift.stats.JmxGcMonitor	Major GC: application 3.93s, stopped 302.00ms: 12.12GB -> 7.35GB
[WARNING] [stderr] 2026-08-11T12:26:06.085-0600	INFO	Notification Thread	io.airlift.stats.JmxGcMonitor	Major GC: application 3.93s, stopped 302.00ms: 12.12GB -> 7.35GB
[WARNING] [stderr] 2026-08-11T12:26:06.085-0600	INFO	Notification Thread	io.airlift.stats.JmxGcMonitor	Major GC: application 3.93s, stopped 302.00ms: 12.12GB -> 7.35GB
[WARNING] [stderr] 2026-08-11T12:26:06.085-0600	INFO	Notification Thread	io.airlift.stats.JmxGcMonitor	Major GC: application 3.93s, stopped 302.00ms: 12.12GB -> 7.35GB
[WARNING] [stderr] 2026-08-11T12:26:10.626-0600	INFO	Notification Thread	io.airlift.stats.JmxGcMonitor	Major GC: application 4.24s, stopped 317.00ms: 12.12GB -> 6.78GB
[WARNING] [stderr] 2026-08-11T12:26:10.626-0600	INFO	Notification Thread	io.airlift.stats.JmxGcMonitor	Major GC: application 4.24s, stopped 317.00ms: 12.12GB -> 6.78GB
[WARNING] [stderr] 2026-08-11T12:26:10.626-0600	INFO	Notification Thread	io.airlift.stats.JmxGcMonitor	Major GC: application 4.24s, stopped 317.00ms: 12.12GB -> 6.78GB
[WARNING] [stderr] 2026-08-11T12:26:10.626-0600	INFO	Notification Thread	io.airlift.stats.JmxGcMonitor	Major GC: application 4.24s, stopped 317.00ms: 12.12GB -> 6.78GB
[WARNING] [stderr] 2026-08-11T12:26:13.672-0600	INFO	Notification Thread	io.airlift.stats.JmxGcMonitor	Major GC: application 2.73s, stopped 319.00ms: 12.08GB -> 7.12GB
[WARNING] [stderr] 2026-08-11T12:26:13.672-0600	INFO	Notification Thread	io.airlift.stats.JmxGcMonitor	Major GC: application 2.73s, stopped 319.00ms: 12.08GB -> 7.12GB
[WARNING] [stderr] 2026-08-11T12:26:13.672-0600	INFO	Notification Thread	io.airlift.stats.JmxGcMonitor	Major GC: application 2.73s, stopped 319.00ms: 12.08GB -> 7.12GB
[WARNING] [stderr] 2026-08-11T12:26:13.672-0600	INFO	Notification Thread	io.airlift.stats.JmxGcMonitor	Major GC: application 2.73s, stopped 319.00ms: 12.08GB -> 7.12GB
[WARNING] [stderr] 2026-08-11T12:26:22.320-0600	INFO	ForkJoinPool-1-worker-1	stdout	engine,suite,query,measurements,min_ms,p50_ms,p95_ms,mean_ms,cpu_p50_ms,cpu_mean_ms,cpu_over_wall,input_positions,nitro_source_drivers,native_sources
[WARNING] [stderr] 2026-08-11T12:26:24.363-0600	INFO	ForkJoinPool-1-worker-1	stdout	nitro,clickbench,q01,5,79.202,84.345,97.852,86.021,29.000,29.400,0.3418,99997497,165,165
[WARNING] [stderr] 2026-08-11T12:26:24.363-0600	INFO	ForkJoinPool-1-worker-1	stdout	peak_memory,nitro,clickbench,q01,5,0.160,0.219,7576.917,8184.917
[WARNING] [stderr] 2026-08-11T12:26:24.363-0600	INFO	ForkJoinPool-1-worker-1	stdout	trino,clickbench,q01,5,62.478,65.812,103.607,72.105,96.000,96.600,1.3397,99997497,0,0
[WARNING] [stderr] 2026-08-11T12:26:24.363-0600	INFO	ForkJoinPool-1-worker-1	stdout	peak_memory,trino,clickbench,q01,5,0.001,0.001,7896.917,9954.168
[WARNING] [stderr] 2026-08-11T12:26:24.363-0600	INFO	ForkJoinPool-1-worker-1	stdout	nitro_over_trino_p50,1.2815949016244448
[WARNING] [stderr] 2026-08-11T12:26:24.363-0600	INFO	ForkJoinPool-1-worker-1	stdout	nitro_over_trino_cpu_p50,0.3020833333333333
[WARNING] [stderr] 2026-08-11T12:26:24.363-0600	INFO	ForkJoinPool-1-worker-1	stdout	nitro_over_trino_cpu_mean,0.30434782608695654
[WARNING] [stderr] 2026-08-11T12:26:27.227-0600	INFO	ForkJoinPool-1-worker-1	stdout	nitro,clickbench,q02,5,81.053,89.505,97.809,88.977,50.000,49.400,0.5552,99997497,165,165
[WARNING] [stderr] 2026-08-11T12:26:27.227-0600	INFO	ForkJoinPool-1-worker-1	stdout	peak_memory,nitro,clickbench,q02,5,1.628,1.904,6440.325,8584.325
[WARNING] [stderr] 2026-08-11T12:26:27.227-0600	INFO	ForkJoinPool-1-worker-1	stdout	trino,clickbench,q02,5,104.895,111.387,129.976,114.159,302.000,303.000,2.6542,91963093,0,0
[WARNING] [stderr] 2026-08-11T12:26:27.227-0600	INFO	ForkJoinPool-1-worker-1	stdout	peak_memory,trino,clickbench,q02,5,4.001,6.000,9512.325,9783.579
[WARNING] [stderr] 2026-08-11T12:26:27.227-0600	INFO	ForkJoinPool-1-worker-1	stdout	nitro_over_trino_p50,0.8035443621682561
[WARNING] [stderr] 2026-08-11T12:26:27.227-0600	INFO	ForkJoinPool-1-worker-1	stdout	nitro_over_trino_cpu_p50,0.16556291390728478
[WARNING] [stderr] 2026-08-11T12:26:27.227-0600	INFO	ForkJoinPool-1-worker-1	stdout	nitro_over_trino_cpu_mean,0.16303630363036303
[WARNING] [stderr] 2026-08-11T12:26:32.169-0600	INFO	ForkJoinPool-1-worker-1	stdout	nitro,clickbench,q03,5,159.734,164.640,182.446,168.217,388.000,386.800,2.2994,99997497,165,165
[WARNING] [stderr] 2026-08-11T12:26:32.169-0600	INFO	ForkJoinPool-1-worker-1	stdout	peak_memory,nitro,clickbench,q03,5,0.268,0.724,9030.123,9990.964
[WARNING] [stderr] 2026-08-11T12:26:32.169-0600	INFO	ForkJoinPool-1-worker-1	stdout	trino,clickbench,q03,5,185.306,203.007,221.410,204.344,816.000,817.400,4.0001,99997497,0,0
[WARNING] [stderr] 2026-08-11T12:26:32.170-0600	INFO	ForkJoinPool-1-worker-1	stdout	peak_memory,trino,clickbench,q03,5,4.001,6.002,9702.964,10261.652
[WARNING] [stderr] 2026-08-11T12:26:32.170-0600	INFO	ForkJoinPool-1-worker-1	stdout	nitro_over_trino_p50,0.8110090245269845
[WARNING] [stderr] 2026-08-11T12:26:32.170-0600	INFO	ForkJoinPool-1-worker-1	stdout	nitro_over_trino_cpu_p50,0.47549019607843135
[WARNING] [stderr] 2026-08-11T12:26:32.170-0600	INFO	ForkJoinPool-1-worker-1	stdout	nitro_over_trino_cpu_mean,0.4732077318326401
[WARNING] [stderr] 2026-08-11T12:26:35.066-0600	INFO	ForkJoinPool-1-worker-1	stdout	nitro,clickbench,q04,5,114.172,127.693,131.394,124.527,265.000,266.600,2.1409,99997497,165,165
[WARNING] [stderr] 2026-08-11T12:26:35.066-0600	INFO	ForkJoinPool-1-worker-1	stdout	peak_memory,nitro,clickbench,q04,5,0.324,0.938,7609.219,8998.412
[WARNING] [stderr] 2026-08-11T12:26:35.066-0600	INFO	ForkJoinPool-1-worker-1	stdout	trino,clickbench,q04,5,111.603,116.978,147.485,122.794,478.000,470.000,3.8275,99997497,0,0
[WARNING] [stderr] 2026-08-11T12:26:35.067-0600	INFO	ForkJoinPool-1-worker-1	stdout	peak_memory,trino,clickbench,q04,5,5.001,12.001,8838.412,10425.219
[WARNING] [stderr] 2026-08-11T12:26:35.067-0600	INFO	ForkJoinPool-1-worker-1	stdout	nitro_over_trino_p50,1.0915959081897875
[WARNING] [stderr] 2026-08-11T12:26:35.067-0600	INFO	ForkJoinPool-1-worker-1	stdout	nitro_over_trino_cpu_p50,0.5543933054393305
[WARNING] [stderr] 2026-08-11T12:26:35.067-0600	INFO	ForkJoinPool-1-worker-1	stdout	nitro_over_trino_cpu_mean,0.5672340425531915
[WARNING] [stderr] 2026-08-11T12:26:51.819-0600	INFO	ForkJoinPool-1-worker-1	stdout	nitro,clickbench,q05,5,643.489,664.611,885.183,700.877,2419.000,2461.600,3.5122,99997497,165,165
[WARNING] [stderr] 2026-08-11T12:26:51.819-0600	INFO	ForkJoinPool-1-worker-1	stdout	peak_memory,nitro,clickbench,q05,5,8.865,130.765,10120.991,10933.135
[WARNING] [stderr] 2026-08-11T12:26:51.819-0600	INFO	ForkJoinPool-1-worker-1	stdout	trino,clickbench,q05,5,762.270,774.252,807.171,779.338,2821.000,2828.200,3.6290,99997497,0,0
[WARNING] [stderr] 2026-08-11T12:26:51.819-0600	INFO	ForkJoinPool-1-worker-1	stdout	peak_memory,trino,clickbench,q05,5,288.000,576.000,10687.254,12211.815
[WARNING] [stderr] 2026-08-11T12:26:51.819-0600	INFO	ForkJoinPool-1-worker-1	stdout	nitro_over_trino_p50,0.8583909898341598
[WARNING] [stderr] 2026-08-11T12:26:51.819-0600	INFO	ForkJoinPool-1-worker-1	stdout	nitro_over_trino_cpu_p50,0.8574973413683091
[WARNING] [stderr] 2026-08-11T12:26:51.819-0600	INFO	ForkJoinPool-1-worker-1	stdout	nitro_over_trino_cpu_mean,0.8703769181811754
[WARNING] [stderr] 2026-08-11T12:27:17.805-0600	INFO	ForkJoinPool-1-worker-1	stdout	nitro,clickbench,q06,5,941.793,965.295,1037.841,982.845,5247.000,5244.200,5.3357,99997497,165,165
[WARNING] [stderr] 2026-08-11T12:27:17.805-0600	INFO	ForkJoinPool-1-worker-1	stdout	peak_memory,nitro,clickbench,q06,5,470.691,497.708,10401.134,10638.727
[WARNING] [stderr] 2026-08-11T12:27:17.805-0600	INFO	ForkJoinPool-1-worker-1	stdout	trino,clickbench,q06,5,1195.332,1224.993,1255.450,1225.780,6073.000,6057.600,4.9418,99997497,0,0
[WARNING] [stderr] 2026-08-11T12:27:17.805-0600	INFO	ForkJoinPool-1-worker-1	stdout	peak_memory,trino,clickbench,q06,5,386.413,414.861,10408.410,10656.076
[WARNING] [stderr] 2026-08-11T12:27:17.805-0600	INFO	ForkJoinPool-1-worker-1	stdout	nitro_over_trino_p50,0.7880001583911067
[WARNING] [stderr] 2026-08-11T12:27:17.805-0600	INFO	ForkJoinPool-1-worker-1	stdout	nitro_over_trino_cpu_p50,0.8639881442450189
[WARNING] [stderr] 2026-08-11T12:27:17.805-0600	INFO	ForkJoinPool-1-worker-1	stdout	nitro_over_trino_cpu_mean,0.8657223983095615
[WARNING] [stderr] 2026-08-11T12:27:20.654-0600	INFO	ForkJoinPool-1-worker-1	stdout	nitro,clickbench,q07,5,122.872,128.462,146.817,131.069,368.000,368.000,2.8077,99997497,165,165
[WARNING] [stderr] 2026-08-11T12:27:20.654-0600	INFO	ForkJoinPool-1-worker-1	stdout	peak_memory,nitro,clickbench,q07,5,0.210,0.380,7546.421,9082.421
[WARNING] [stderr] 2026-08-11T12:27:20.654-0600	INFO	ForkJoinPool-1-worker-1	stdout	trino,clickbench,q07,5,91.674,93.285,94.012,93.077,422.000,422.000,4.5339,99997497,0,0
[WARNING] [stderr] 2026-08-11T12:27:20.654-0600	INFO	ForkJoinPool-1-worker-1	stdout	peak_memory,trino,clickbench,q07,5,4.000,7.000,7386.421,8954.421
[WARNING] [stderr] 2026-08-11T12:27:20.654-0600	INFO	ForkJoinPool-1-worker-1	stdout	nitro_over_trino_p50,1.3770889107880493
[WARNING] [stderr] 2026-08-11T12:27:20.654-0600	INFO	ForkJoinPool-1-worker-1	stdout	nitro_over_trino_cpu_p50,0.8720379146919431
[WARNING] [stderr] 2026-08-11T12:27:20.654-0600	INFO	ForkJoinPool-1-worker-1	stdout	nitro_over_trino_cpu_mean,0.8720379146919431
[WARNING] [stderr] 2026-08-11T12:27:22.568-0600	INFO	ForkJoinPool-1-worker-1	stdout	nitro,clickbench,q08,5,65.173,72.306,98.017,75.992,45.000,45.600,0.6001,99997497,165,165
[WARNING] [stderr] 2026-08-11T12:27:22.568-0600	INFO	ForkJoinPool-1-worker-1	stdout	peak_memory,nitro,clickbench,q08,5,0.428,1.139,6253.124,8429.124
[WARNING] [stderr] 2026-08-11T12:27:22.568-0600	INFO	ForkJoinPool-1-worker-1	stdout	trino,clickbench,q08,5,79.098,84.842,101.590,88.892,306.000,305.400,3.4356,91963093,0,0
[WARNING] [stderr] 2026-08-11T12:27:22.568-0600	INFO	ForkJoinPool-1-worker-1	stdout	peak_memory,trino,clickbench,q08,5,3.213,5.213,7341.124,10277.964
[WARNING] [stderr] 2026-08-11T12:27:22.568-0600	INFO	ForkJoinPool-1-worker-1	stdout	nitro_over_trino_p50,0.8522376240359192
[WARNING] [stderr] 2026-08-11T12:27:22.568-0600	INFO	ForkJoinPool-1-worker-1	stdout	nitro_over_trino_cpu_p50,0.14705882352941177
[WARNING] [stderr] 2026-08-11T12:27:22.568-0600	INFO	ForkJoinPool-1-worker-1	stdout	nitro_over_trino_cpu_mean,0.14931237721021612
[WARNING] [stderr] 2026-08-11T12:27:50.627-0600	INFO	ForkJoinPool-1-worker-1	stdout	nitro,clickbench,q09,5,760.362,923.924,1122.916,917.077,3555.000,3551.200,3.8723,99997497,165,165
[WARNING] [stderr] 2026-08-11T12:27:50.628-0600	INFO	ForkJoinPool-1-worker-1	stdout	peak_memory,nitro,clickbench,q09,5,274.263,311.115,10735.122,10921.135
[WARNING] [stderr] 2026-08-11T12:27:50.628-0600	INFO	ForkJoinPool-1-worker-1	stdout	trino,clickbench,q09,5,1518.712,1542.283,1650.386,1577.606,4849.000,4855.000,3.0774,99997497,0,0
[WARNING] [stderr] 2026-08-11T12:27:50.628-0600	INFO	ForkJoinPool-1-worker-1	stdout	peak_memory,trino,clickbench,q09,5,212.654,225.953,10282.412,10798.430
[WARNING] [stderr] 2026-08-11T12:27:50.628-0600	INFO	ForkJoinPool-1-worker-1	stdout	nitro_over_trino_p50,0.5990627091511448
[WARNING] [stderr] 2026-08-11T12:27:50.628-0600	INFO	ForkJoinPool-1-worker-1	stdout	nitro_over_trino_cpu_p50,0.7331408537842854
[WARNING] [stderr] 2026-08-11T12:27:50.628-0600	INFO	ForkJoinPool-1-worker-1	stdout	nitro_over_trino_cpu_mean,0.7314521112255407
[WARNING] [stderr] 2026-08-11T12:28:51.653-0600	INFO	ForkJoinPool-1-worker-1	stdout	nitro,clickbench,q10,5,2076.632,2097.145,2139.658,2101.626,5570.000,5602.000,2.6656,99997497,0,165
[WARNING] [stderr] 2026-08-11T12:28:51.653-0600	INFO	ForkJoinPool-1-worker-1	stdout	peak_memory,nitro,clickbench,q10,5,306.383,320.731,10354.753,10666.403
[WARNING] [stderr] 2026-08-11T12:28:51.653-0600	INFO	ForkJoinPool-1-worker-1	stdout	trino,clickbench,q10,5,3371.052,3407.440,3449.517,3411.766,7920.000,7917.600,2.3207,99997497,0,0
[WARNING] [stderr] 2026-08-11T12:28:51.653-0600	INFO	ForkJoinPool-1-worker-1	stdout	peak_memory,trino,clickbench,q10,5,422.167,435.654,10384.232,10720.717
[WARNING] [stderr] 2026-08-11T12:28:51.653-0600	INFO	ForkJoinPool-1-worker-1	stdout	nitro_over_trino_p50,0.6154606101736947
[WARNING] [stderr] 2026-08-11T12:28:51.653-0600	INFO	ForkJoinPool-1-worker-1	stdout	nitro_over_trino_cpu_p50,0.7032828282828283
[WARNING] [stderr] 2026-08-11T12:28:51.653-0600	INFO	ForkJoinPool-1-worker-1	stdout	nitro_over_trino_cpu_mean,0.7075376376679802
[WARNING] [stderr] 2026-08-11T12:28:57.673-0600	INFO	ForkJoinPool-1-worker-1	stdout	nitro,clickbench,q11,5,209.809,233.020,303.561,245.123,780.000,786.400,3.2082,99997497,165,165
[WARNING] [stderr] 2026-08-11T12:28:57.673-0600	INFO	ForkJoinPool-1-worker-1	stdout	peak_memory,nitro,clickbench,q11,5,0.939,15.623,6852.917,10379.982
[WARNING] [stderr] 2026-08-11T12:28:57.673-0600	INFO	ForkJoinPool-1-worker-1	stdout	trino,clickbench,q11,5,213.640,241.247,252.762,234.661,971.000,971.600,4.1404,99997497,0,0
[WARNING] [stderr] 2026-08-11T12:28:57.673-0600	INFO	ForkJoinPool-1-worker-1	stdout	peak_memory,trino,clickbench,q11,5,12.923,23.555,9700.817,10351.184
[WARNING] [stderr] 2026-08-11T12:28:57.673-0600	INFO	ForkJoinPool-1-worker-1	stdout	nitro_over_trino_p50,0.9658953899581805
[WARNING] [stderr] 2026-08-11T12:28:57.673-0600	INFO	ForkJoinPool-1-worker-1	stdout	nitro_over_trino_cpu_p50,0.8032955715756952
[WARNING] [stderr] 2026-08-11T12:28:57.673-0600	INFO	ForkJoinPool-1-worker-1	stdout	nitro_over_trino_cpu_mean,0.8093865788390284
[WARNING] [stderr] 2026-08-11T12:29:03.944-0600	INFO	ForkJoinPool-1-worker-1	stdout	nitro,clickbench,q12,5,247.161,261.050,281.033,260.781,1033.000,1032.200,3.9581,99997497,165,165
[WARNING] [stderr] 2026-08-11T12:29:03.944-0600	INFO	ForkJoinPool-1-worker-1	stdout	peak_memory,nitro,clickbench,q12,5,4.933,12.870,6170.311,10055.810
[WARNING] [stderr] 2026-08-11T12:29:03.945-0600	INFO	ForkJoinPool-1-worker-1	stdout	trino,clickbench,q12,5,268.589,276.100,287.736,277.793,1132.000,1121.600,4.0375,99997497,0,0
[WARNING] [stderr] 2026-08-11T12:29:03.945-0600	INFO	ForkJoinPool-1-worker-1	stdout	peak_memory,trino,clickbench,q12,5,6.597,14.608,9850.120,10278.049
[WARNING] [stderr] 2026-08-11T12:29:03.945-0600	INFO	ForkJoinPool-1-worker-1	stdout	nitro_over_trino_p50,0.9454911754110312
[WARNING] [stderr] 2026-08-11T12:29:03.945-0600	INFO	ForkJoinPool-1-worker-1	stdout	nitro_over_trino_cpu_p50,0.9125441696113075
[WARNING] [stderr] 2026-08-11T12:29:03.945-0600	INFO	ForkJoinPool-1-worker-1	stdout	nitro_over_trino_cpu_mean,0.9202924393723253
[WARNING] [stderr] 2026-08-11T12:29:29.710-0600	INFO	ForkJoinPool-1-worker-1	stdout	nitro,clickbench,q13,5,963.884,1036.438,1227.426,1053.117,4518.000,4510.400,4.2829,99997497,165,165
[WARNING] [stderr] 2026-08-11T12:29:29.710-0600	INFO	ForkJoinPool-1-worker-1	stdout	peak_memory,nitro,clickbench,q13,5,445.129,502.734,10330.688,10805.901
[WARNING] [stderr] 2026-08-11T12:29:29.710-0600	INFO	ForkJoinPool-1-worker-1	stdout	trino,clickbench,q13,5,1206.594,1243.855,1331.455,1263.404,5575.000,5576.200,4.4136,99997497,0,0
[WARNING] [stderr] 2026-08-11T12:29:29.710-0600	INFO	ForkJoinPool-1-worker-1	stdout	peak_memory,trino,clickbench,q13,5,351.135,463.476,10247.624,10641.688
[WARNING] [stderr] 2026-08-11T12:29:29.710-0600	INFO	ForkJoinPool-1-worker-1	stdout	nitro_over_trino_p50,0.8332472558865943
[WARNING] [stderr] 2026-08-11T12:29:29.710-0600	INFO	ForkJoinPool-1-worker-1	stdout	nitro_over_trino_cpu_p50,0.8104035874439461
[WARNING] [stderr] 2026-08-11T12:29:29.710-0600	INFO	ForkJoinPool-1-worker-1	stdout	nitro_over_trino_cpu_mean,0.8088662530038377
[WARNING] [stderr] 2026-08-11T12:30:21.989-0600	INFO	ForkJoinPool-1-worker-1	stdout	nitro,clickbench,q14,5,2066.266,2173.063,2191.782,2152.445,6690.000,6640.000,3.0849,99997497,165,165
[WARNING] [stderr] 2026-08-11T12:30:21.989-0600	INFO	ForkJoinPool-1-worker-1	stdout	peak_memory,nitro,clickbench,q14,5,1272.797,1323.653,9970.463,10106.463
[WARNING] [stderr] 2026-08-11T12:30:21.989-0600	INFO	ForkJoinPool-1-worker-1	stdout	trino,clickbench,q14,5,2575.654,2594.257,2635.138,2598.438,7640.000,7612.000,2.9295,99997497,0,0
[WARNING] [stderr] 2026-08-11T12:30:21.989-0600	INFO	ForkJoinPool-1-worker-1	stdout	peak_memory,trino,clickbench,q14,5,759.989,793.780,9709.204,9951.106
[WARNING] [stderr] 2026-08-11T12:30:21.989-0600	INFO	ForkJoinPool-1-worker-1	stdout	nitro_over_trino_p50,0.8376436610840748
[WARNING] [stderr] 2026-08-11T12:30:21.989-0600	INFO	ForkJoinPool-1-worker-1	stdout	nitro_over_trino_cpu_p50,0.8756544502617801
[WARNING] [stderr] 2026-08-11T12:30:21.989-0600	INFO	ForkJoinPool-1-worker-1	stdout	nitro_over_trino_cpu_mean,0.8723068838675775
[WARNING] [stderr] 2026-08-11T12:30:49.811-0600	INFO	ForkJoinPool-1-worker-1	stdout	nitro,clickbench,q15,5,1053.184,1086.345,1143.117,1092.596,4946.000,4955.000,4.5351,99997497,165,165
[WARNING] [stderr] 2026-08-11T12:30:49.811-0600	INFO	ForkJoinPool-1-worker-1	stdout	peak_memory,nitro,clickbench,q15,5,551.327,655.999,10500.786,10658.202
[WARNING] [stderr] 2026-08-11T12:30:49.811-0600	INFO	ForkJoinPool-1-worker-1	stdout	trino,clickbench,q15,5,1337.795,1381.180,1438.913,1381.106,6100.000,6118.000,4.4298,99997497,0,0
[WARNING] [stderr] 2026-08-11T12:30:49.811-0600	INFO	ForkJoinPool-1-worker-1	stdout	peak_memory,trino,clickbench,q15,5,450.379,458.157,10052.470,10494.644
[WARNING] [stderr] 2026-08-11T12:30:49.811-0600	INFO	ForkJoinPool-1-worker-1	stdout	nitro_over_trino_p50,0.7865345311130433
[WARNING] [stderr] 2026-08-11T12:30:49.811-0600	INFO	ForkJoinPool-1-worker-1	stdout	nitro_over_trino_cpu_p50,0.8108196721311476
[WARNING] [stderr] 2026-08-11T12:30:49.811-0600	INFO	ForkJoinPool-1-worker-1	stdout	nitro_over_trino_cpu_mean,0.8099051977770513
[WARNING] [stderr] 2026-08-11T12:31:16.713-0600	INFO	ForkJoinPool-1-worker-1	stdout	nitro,clickbench,q16,5,1195.544,1263.041,1584.755,1354.585,3610.000,3851.800,2.8435,99997497,165,165
[WARNING] [stderr] 2026-08-11T12:31:16.713-0600	INFO	ForkJoinPool-1-worker-1	stdout	peak_memory,nitro,clickbench,q16,5,527.426,579.599,10802.863,12175.923
[WARNING] [stderr] 2026-08-11T12:31:16.713-0600	INFO	ForkJoinPool-1-worker-1	stdout	trino,clickbench,q16,5,1037.446,1103.532,1134.931,1085.425,3686.000,3680.800,3.3911,99997497,0,0
[WARNING] [stderr] 2026-08-11T12:31:16.713-0600	INFO	ForkJoinPool-1-worker-1	stdout	peak_memory,trino,clickbench,q16,5,706.905,833.432,11642.720,11983.923
[WARNING] [stderr] 2026-08-11T12:31:16.713-0600	INFO	ForkJoinPool-1-worker-1	stdout	nitro_over_trino_p50,1.144543958213439
[WARNING] [stderr] 2026-08-11T12:31:16.713-0600	INFO	ForkJoinPool-1-worker-1	stdout	nitro_over_trino_cpu_p50,0.979381443298969
[WARNING] [stderr] 2026-08-11T12:31:16.713-0600	INFO	ForkJoinPool-1-worker-1	stdout	nitro_over_trino_cpu_mean,1.0464572918930668
[WARNING] [stderr] 2026-08-11T12:32:31.992-0600	INFO	ForkJoinPool-1-worker-1	stdout	nitro,clickbench,q17,5,2806.118,2894.143,2987.967,2892.327,11170.000,11174.000,3.8633,99997497,165,165
[WARNING] [stderr] 2026-08-11T12:32:31.992-0600	INFO	ForkJoinPool-1-worker-1	stdout	peak_memory,nitro,clickbench,q17,5,1423.920,1507.050,10202.766,10374.198
[WARNING] [stderr] 2026-08-11T12:32:31.992-0600	INFO	ForkJoinPool-1-worker-1	stdout	trino,clickbench,q17,5,3934.129,4049.008,4089.979,4024.843,14190.000,14180.000,3.5231,99997497,0,0
[WARNING] [stderr] 2026-08-11T12:32:31.992-0600	INFO	ForkJoinPool-1-worker-1	stdout	peak_memory,trino,clickbench,q17,5,1244.825,1281.620,9985.849,10295.408
[WARNING] [stderr] 2026-08-11T12:32:31.992-0600	INFO	ForkJoinPool-1-worker-1	stdout	nitro_over_trino_p50,0.7147784459417825
[WARNING] [stderr] 2026-08-11T12:32:31.992-0600	INFO	ForkJoinPool-1-worker-1	stdout	nitro_over_trino_cpu_p50,0.7871740662438337
[WARNING] [stderr] 2026-08-11T12:32:31.992-0600	INFO	ForkJoinPool-1-worker-1	stdout	nitro_over_trino_cpu_mean,0.7880112834978843
[WARNING] [stderr] 2026-08-11T12:33:45.527-0600	INFO	ForkJoinPool-1-worker-1	stdout	nitro,clickbench,q18,5,2662.858,2702.282,2773.970,2708.938,10960.000,10966.000,4.0481,99997497,165,165
[WARNING] [stderr] 2026-08-11T12:33:45.527-0600	INFO	ForkJoinPool-1-worker-1	stdout	peak_memory,nitro,clickbench,q18,5,1478.719,1507.827,10197.848,10816.805
[WARNING] [stderr] 2026-08-11T12:33:45.527-0600	INFO	ForkJoinPool-1-worker-1	stdout	trino,clickbench,q18,5,3719.465,3752.761,3815.298,3758.468,13950.000,13934.000,3.7074,99997497,0,0
[WARNING] [stderr] 2026-08-11T12:33:45.527-0600	INFO	ForkJoinPool-1-worker-1	stdout	peak_memory,trino,clickbench,q18,5,1181.660,1355.723,10370.463,10601.006
[WARNING] [stderr] 2026-08-11T12:33:45.527-0600	INFO	ForkJoinPool-1-worker-1	stdout	nitro_over_trino_p50,0.7200784209448599
[WARNING] [stderr] 2026-08-11T12:33:45.527-0600	INFO	ForkJoinPool-1-worker-1	stdout	nitro_over_trino_cpu_p50,0.785663082437276
[WARNING] [stderr] 2026-08-11T12:33:45.527-0600	INFO	ForkJoinPool-1-worker-1	stdout	nitro_over_trino_cpu_mean,0.7869958375197359
[WARNING] [stderr] 2026-08-11T12:36:15.084-0600	INFO	ForkJoinPool-1-worker-1	stdout	nitro,clickbench,q19,5,5735.121,5919.276,6802.933,6158.593,22780.000,22384.000,3.6346,99997497,165,165
[WARNING] [stderr] 2026-08-11T12:36:15.084-0600	INFO	ForkJoinPool-1-worker-1	stdout	peak_memory,nitro,clickbench,q19,5,2906.487,3069.254,10538.463,10691.381
[WARNING] [stderr] 2026-08-11T12:36:15.084-0600	INFO	ForkJoinPool-1-worker-1	stdout	trino,clickbench,q19,5,7267.862,7391.668,7495.935,7381.608,24420.000,24446.000,3.3117,99997497,0,0
[WARNING] [stderr] 2026-08-11T12:36:15.084-0600	INFO	ForkJoinPool-1-worker-1	stdout	peak_memory,trino,clickbench,q19,5,3367.173,3455.890,10330.463,10567.945
[WARNING] [stderr] 2026-08-11T12:36:15.084-0600	INFO	ForkJoinPool-1-worker-1	stdout	nitro_over_trino_p50,0.8008037522612836
[WARNING] [stderr] 2026-08-11T12:36:15.084-0600	INFO	ForkJoinPool-1-worker-1	stdout	nitro_over_trino_cpu_p50,0.9328419328419328
[WARNING] [stderr] 2026-08-11T12:36:15.084-0600	INFO	ForkJoinPool-1-worker-1	stdout	nitro_over_trino_cpu_mean,0.9156508222204042
[WARNING] [stderr] 2026-08-11T12:36:17.661-0600	INFO	ForkJoinPool-1-worker-1	stdout	nitro,clickbench,q20,5,65.704,72.786,79.210,72.391,164.000,164.000,2.2655,83919223,0,165
[WARNING] [stderr] 2026-08-11T12:36:17.661-0600	INFO	ForkJoinPool-1-worker-1	stdout	peak_memory,nitro,clickbench,q20,5,0.000,0.000,7351.582,9443.977
[WARNING] [stderr] 2026-08-11T12:36:17.661-0600	INFO	ForkJoinPool-1-worker-1	stdout	trino,clickbench,q20,5,92.584,94.949,118.344,101.204,471.000,474.000,4.6836,82433398,0,0
[WARNING] [stderr] 2026-08-11T12:36:17.661-0600	INFO	ForkJoinPool-1-worker-1	stdout	peak_memory,trino,clickbench,q20,5,2.000,7.000,9315.977,10074.999
[WARNING] [stderr] 2026-08-11T12:36:17.661-0600	INFO	ForkJoinPool-1-worker-1	stdout	nitro_over_trino_p50,0.7665738907890268
[WARNING] [stderr] 2026-08-11T12:36:17.661-0600	INFO	ForkJoinPool-1-worker-1	stdout	nitro_over_trino_cpu_p50,0.3481953290870488
[WARNING] [stderr] 2026-08-11T12:36:17.661-0600	INFO	ForkJoinPool-1-worker-1	stdout	nitro_over_trino_cpu_mean,0.3459915611814346
[WARNING] [stderr] 2026-08-11T12:36:48.770-0600	INFO	ForkJoinPool-1-worker-1	stdout	nitro,clickbench,q21,5,864.740,879.586,964.526,895.229,5803.000,5801.400,6.4804,99997497,165,165
[WARNING] [stderr] 2026-08-11T12:36:48.770-0600	INFO	ForkJoinPool-1-worker-1	stdout	peak_memory,nitro,clickbench,q21,5,104.615,128.361,10598.865,10982.865
[WARNING] [stderr] 2026-08-11T12:36:48.770-0600	INFO	ForkJoinPool-1-worker-1	stdout	trino,clickbench,q21,5,1770.551,1855.026,1897.156,1838.504,12034.000,12053.200,6.5560,99997497,0,0
[WARNING] [stderr] 2026-08-11T12:36:48.770-0600	INFO	ForkJoinPool-1-worker-1	stdout	peak_memory,trino,clickbench,q21,5,76.000,85.000,10952.079,12169.855
[WARNING] [stderr] 2026-08-11T12:36:48.770-0600	INFO	ForkJoinPool-1-worker-1	stdout	nitro_over_trino_p50,0.4741636545410234
[WARNING] [stderr] 2026-08-11T12:36:48.770-0600	INFO	ForkJoinPool-1-worker-1	stdout	nitro_over_trino_cpu_p50,0.48221705168688717
[WARNING] [stderr] 2026-08-11T12:36:48.770-0600	INFO	ForkJoinPool-1-worker-1	stdout	nitro_over_trino_cpu_mean,0.4813161650018252
[WARNING] [stderr] 2026-08-11T12:37:18.811-0600	INFO	ForkJoinPool-1-worker-1	stdout	nitro,clickbench,q22,5,1051.377,1059.778,1134.802,1079.684,7052.000,7048.200,6.5280,99997497,165,165
[WARNING] [stderr] 2026-08-11T12:37:18.811-0600	INFO	ForkJoinPool-1-worker-1	stdout	peak_memory,nitro,clickbench,q22,5,166.400,192.715,11084.288,11801.996
[WARNING] [stderr] 2026-08-11T12:37:18.812-0600	INFO	ForkJoinPool-1-worker-1	stdout	trino,clickbench,q22,5,1561.674,1592.125,1608.848,1591.767,10402.000,10400.400,6.5339,99997497,0,0
[WARNING] [stderr] 2026-08-11T12:37:18.812-0600	INFO	ForkJoinPool-1-worker-1	stdout	peak_memory,trino,clickbench,q22,5,93.126,107.484,10777.105,11280.366
[WARNING] [stderr] 2026-08-11T12:37:18.812-0600	INFO	ForkJoinPool-1-worker-1	stdout	nitro_over_trino_p50,0.6656375284759044
[WARNING] [stderr] 2026-08-11T12:37:18.812-0600	INFO	ForkJoinPool-1-worker-1	stdout	nitro_over_trino_cpu_p50,0.6779465487406268
[WARNING] [stderr] 2026-08-11T12:37:18.812-0600	INFO	ForkJoinPool-1-worker-1	stdout	nitro_over_trino_cpu_mean,0.6776854736356294
[WARNING] [stderr] 2026-08-11T12:38:09.413-0600	INFO	ForkJoinPool-1-worker-1	stdout	nitro,clickbench,q23,5,1531.867,1567.433,1581.071,1560.452,10497.000,10493.000,6.7243,99997497,0,165
[WARNING] [stderr] 2026-08-11T12:38:09.413-0600	INFO	ForkJoinPool-1-worker-1	stdout	peak_memory,nitro,clickbench,q23,5,228.124,280.857,7929.627,10246.441
[WARNING] [stderr] 2026-08-11T12:38:09.413-0600	INFO	ForkJoinPool-1-worker-1	stdout	trino,clickbench,q23,5,2910.267,2980.240,3128.530,3002.474,19205.000,19083.000,6.3558,99997497,0,0
[WARNING] [stderr] 2026-08-11T12:38:09.413-0600	INFO	ForkJoinPool-1-worker-1	stdout	peak_memory,trino,clickbench,q23,5,182.040,189.129,10710.989,11164.972
[WARNING] [stderr] 2026-08-11T12:38:09.413-0600	INFO	ForkJoinPool-1-worker-1	stdout	nitro_over_trino_p50,0.525941944776882
[WARNING] [stderr] 2026-08-11T12:38:09.413-0600	INFO	ForkJoinPool-1-worker-1	stdout	nitro_over_trino_cpu_p50,0.5465764123926061
[WARNING] [stderr] 2026-08-11T12:38:09.413-0600	INFO	ForkJoinPool-1-worker-1	stdout	nitro_over_trino_cpu_mean,0.5498611329455536
[WARNING] [stderr] 2026-08-11T12:38:10.191-0600	INFO	Notification Thread	io.airlift.stats.JmxGcMonitor	Major GC: application 11.94m, stopped 230.00ms: 12.22GB -> 3.94GB
[WARNING] [stderr] 2026-08-11T12:38:10.191-0600	INFO	Notification Thread	io.airlift.stats.JmxGcMonitor	Major GC: application 11.94m, stopped 230.00ms: 12.22GB -> 3.94GB
[WARNING] [stderr] 2026-08-11T12:38:10.193-0600	INFO	Notification Thread	io.airlift.stats.JmxGcMonitor	Major GC: application 11.94m, stopped 230.00ms: 12.22GB -> 3.94GB
[WARNING] [stderr] 2026-08-11T12:38:10.193-0600	INFO	Notification Thread	io.airlift.stats.JmxGcMonitor	Major GC: application 11.94m, stopped 230.00ms: 12.22GB -> 3.94GB
[WARNING] [stderr] 2026-08-11T12:38:11.058-0600	INFO	Notification Thread	io.airlift.stats.JmxGcMonitor	Major GC: application 701.00ms, stopped 165.00ms: 12.00GB -> 3.67GB
[WARNING] [stderr] 2026-08-11T12:38:11.058-0600	INFO	Notification Thread	io.airlift.stats.JmxGcMonitor	Major GC: application 701.00ms, stopped 165.00ms: 12.00GB -> 3.67GB
[WARNING] [stderr] 2026-08-11T12:38:11.058-0600	INFO	Notification Thread	io.airlift.stats.JmxGcMonitor	Major GC: application 701.00ms, stopped 165.00ms: 12.00GB -> 3.67GB
[WARNING] [stderr] 2026-08-11T12:38:11.058-0600	INFO	Notification Thread	io.airlift.stats.JmxGcMonitor	Major GC: application 701.00ms, stopped 165.00ms: 12.00GB -> 3.67GB
[WARNING] [stderr] 2026-08-11T12:38:14.632-0600	INFO	Notification Thread	io.airlift.stats.JmxGcMonitor	Major GC: application 3.35s, stopped 225.00ms: 12.21GB -> 3.83GB
[WARNING] [stderr] 2026-08-11T12:38:14.632-0600	INFO	Notification Thread	io.airlift.stats.JmxGcMonitor	Major GC: application 3.35s, stopped 225.00ms: 12.21GB -> 3.83GB
[WARNING] [stderr] 2026-08-11T12:38:14.632-0600	INFO	Notification Thread	io.airlift.stats.JmxGcMonitor	Major GC: application 3.35s, stopped 225.00ms: 12.21GB -> 3.83GB
[WARNING] [stderr] 2026-08-11T12:38:14.632-0600	INFO	Notification Thread	io.airlift.stats.JmxGcMonitor	Major GC: application 3.35s, stopped 225.00ms: 12.21GB -> 3.83GB
[WARNING] [stderr] 2026-08-11T12:38:27.600-0600	INFO	Notification Thread	io.airlift.stats.JmxGcMonitor	Major GC: application 12.78s, stopped 187.00ms: 12.20GB -> 3.92GB
[WARNING] [stderr] 2026-08-11T12:38:27.600-0600	INFO	Notification Thread	io.airlift.stats.JmxGcMonitor	Major GC: application 12.78s, stopped 187.00ms: 12.20GB -> 3.92GB
[WARNING] [stderr] 2026-08-11T12:38:27.600-0600	INFO	Notification Thread	io.airlift.stats.JmxGcMonitor	Major GC: application 12.78s, stopped 187.00ms: 12.20GB -> 3.92GB
[WARNING] [stderr] 2026-08-11T12:38:27.600-0600	INFO	Notification Thread	io.airlift.stats.JmxGcMonitor	Major GC: application 12.78s, stopped 187.00ms: 12.20GB -> 3.92GB
[WARNING] [stderr] 2026-08-11T12:38:28.423-0600	INFO	Notification Thread	io.airlift.stats.JmxGcMonitor	Major GC: application 620.00ms, stopped 203.00ms: 12.04GB -> 4.20GB
[WARNING] [stderr] 2026-08-11T12:38:28.423-0600	INFO	Notification Thread	io.airlift.stats.JmxGcMonitor	Major GC: application 620.00ms, stopped 203.00ms: 12.04GB -> 4.20GB
[WARNING] [stderr] 2026-08-11T12:38:28.423-0600	INFO	Notification Thread	io.airlift.stats.JmxGcMonitor	Major GC: application 620.00ms, stopped 203.00ms: 12.04GB -> 4.20GB
[WARNING] [stderr] 2026-08-11T12:38:28.423-0600	INFO	Notification Thread	io.airlift.stats.JmxGcMonitor	Major GC: application 620.00ms, stopped 203.00ms: 12.04GB -> 4.20GB
[WARNING] [stderr] 2026-08-11T12:38:30.512-0600	INFO	Notification Thread	io.airlift.stats.JmxGcMonitor	Major GC: application 1.87s, stopped 220.00ms: 12.21GB -> 3.63GB
[WARNING] [stderr] 2026-08-11T12:38:30.512-0600	INFO	Notification Thread	io.airlift.stats.JmxGcMonitor	Major GC: application 1.87s, stopped 220.00ms: 12.21GB -> 3.63GB
[WARNING] [stderr] 2026-08-11T12:38:30.512-0600	INFO	Notification Thread	io.airlift.stats.JmxGcMonitor	Major GC: application 1.87s, stopped 220.00ms: 12.21GB -> 3.63GB
[WARNING] [stderr] 2026-08-11T12:38:30.512-0600	INFO	Notification Thread	io.airlift.stats.JmxGcMonitor	Major GC: application 1.87s, stopped 220.00ms: 12.21GB -> 3.63GB
[WARNING] [stderr] 2026-08-11T12:38:32.445-0600	INFO	Notification Thread	io.airlift.stats.JmxGcMonitor	Major GC: application 1.73s, stopped 204.00ms: 12.21GB -> 3.76GB
[WARNING] [stderr] 2026-08-11T12:38:32.445-0600	INFO	Notification Thread	io.airlift.stats.JmxGcMonitor	Major GC: application 1.73s, stopped 204.00ms: 12.21GB -> 3.76GB
[WARNING] [stderr] 2026-08-11T12:38:32.445-0600	INFO	Notification Thread	io.airlift.stats.JmxGcMonitor	Major GC: application 1.73s, stopped 204.00ms: 12.21GB -> 3.76GB
[WARNING] [stderr] 2026-08-11T12:38:32.445-0600	INFO	Notification Thread	io.airlift.stats.JmxGcMonitor	Major GC: application 1.73s, stopped 204.00ms: 12.21GB -> 3.76GB
[WARNING] [stderr] 2026-08-11T12:38:39.111-0600	INFO	Notification Thread	io.airlift.stats.JmxGcMonitor	Major GC: application 6.47s, stopped 200.00ms: 12.17GB -> 3.94GB
[WARNING] [stderr] 2026-08-11T12:38:39.111-0600	INFO	Notification Thread	io.airlift.stats.JmxGcMonitor	Major GC: application 6.47s, stopped 200.00ms: 12.17GB -> 3.94GB
[WARNING] [stderr] 2026-08-11T12:38:39.111-0600	INFO	Notification Thread	io.airlift.stats.JmxGcMonitor	Major GC: application 6.47s, stopped 200.00ms: 12.17GB -> 3.94GB
[WARNING] [stderr] 2026-08-11T12:38:39.111-0600	INFO	Notification Thread	io.airlift.stats.JmxGcMonitor	Major GC: application 6.47s, stopped 200.00ms: 12.17GB -> 3.94GB
[WARNING] [stderr] 2026-08-11T12:38:41.441-0600	INFO	Notification Thread	io.airlift.stats.JmxGcMonitor	Major GC: application 2.10s, stopped 227.00ms: 12.21GB -> 3.81GB
[WARNING] [stderr] 2026-08-11T12:38:41.442-0600	INFO	Notification Thread	io.airlift.stats.JmxGcMonitor	Major GC: application 2.10s, stopped 227.00ms: 12.21GB -> 3.81GB
[WARNING] [stderr] 2026-08-11T12:38:41.442-0600	INFO	Notification Thread	io.airlift.stats.JmxGcMonitor	Major GC: application 2.10s, stopped 227.00ms: 12.21GB -> 3.81GB
[WARNING] [stderr] 2026-08-11T12:38:41.442-0600	INFO	Notification Thread	io.airlift.stats.JmxGcMonitor	Major GC: application 2.10s, stopped 227.00ms: 12.21GB -> 3.81GB
[WARNING] [stderr] 2026-08-11T12:38:44.180-0600	INFO	Notification Thread	io.airlift.stats.JmxGcMonitor	Major GC: application 2.56s, stopped 186.00ms: 12.22GB -> 3.14GB
[WARNING] [stderr] 2026-08-11T12:38:44.181-0600	INFO	Notification Thread	io.airlift.stats.JmxGcMonitor	Major GC: application 2.56s, stopped 186.00ms: 12.22GB -> 3.14GB
[WARNING] [stderr] 2026-08-11T12:38:44.181-0600	INFO	Notification Thread	io.airlift.stats.JmxGcMonitor	Major GC: application 2.56s, stopped 186.00ms: 12.22GB -> 3.14GB
[WARNING] [stderr] 2026-08-11T12:38:44.181-0600	INFO	Notification Thread	io.airlift.stats.JmxGcMonitor	Major GC: application 2.56s, stopped 186.00ms: 12.22GB -> 3.14GB
[WARNING] [stderr] 2026-08-11T12:38:50.253-0600	INFO	Notification Thread	io.airlift.stats.JmxGcMonitor	Major GC: application 5.85s, stopped 221.00ms: 12.15GB -> 3.71GB
[WARNING] [stderr] 2026-08-11T12:38:50.253-0600	INFO	Notification Thread	io.airlift.stats.JmxGcMonitor	Major GC: application 5.85s, stopped 221.00ms: 12.15GB -> 3.71GB
[WARNING] [stderr] 2026-08-11T12:38:50.253-0600	INFO	Notification Thread	io.airlift.stats.JmxGcMonitor	Major GC: application 5.85s, stopped 221.00ms: 12.15GB -> 3.71GB
[WARNING] [stderr] 2026-08-11T12:38:50.254-0600	INFO	Notification Thread	io.airlift.stats.JmxGcMonitor	Major GC: application 5.85s, stopped 221.00ms: 12.15GB -> 3.71GB
[WARNING] [stderr] 2026-08-11T12:38:52.339-0600	INFO	Notification Thread	io.airlift.stats.JmxGcMonitor	Major GC: application 1.87s, stopped 213.00ms: 12.22GB -> 3.81GB
[WARNING] [stderr] 2026-08-11T12:38:52.339-0600	INFO	Notification Thread	io.airlift.stats.JmxGcMonitor	Major GC: application 1.87s, stopped 213.00ms: 12.22GB -> 3.81GB
[WARNING] [stderr] 2026-08-11T12:38:52.339-0600	INFO	Notification Thread	io.airlift.stats.JmxGcMonitor	Major GC: application 1.87s, stopped 213.00ms: 12.22GB -> 3.81GB
[WARNING] [stderr] 2026-08-11T12:38:52.339-0600	INFO	Notification Thread	io.airlift.stats.JmxGcMonitor	Major GC: application 1.87s, stopped 213.00ms: 12.22GB -> 3.81GB
[WARNING] [stderr] 2026-08-11T12:38:54.220-0600	INFO	Notification Thread	io.airlift.stats.JmxGcMonitor	Major GC: application 1.69s, stopped 193.00ms: 12.21GB -> 3.33GB
[WARNING] [stderr] 2026-08-11T12:38:54.220-0600	INFO	Notification Thread	io.airlift.stats.JmxGcMonitor	Major GC: application 1.69s, stopped 193.00ms: 12.21GB -> 3.33GB
[WARNING] [stderr] 2026-08-11T12:38:54.220-0600	INFO	Notification Thread	io.airlift.stats.JmxGcMonitor	Major GC: application 1.69s, stopped 193.00ms: 12.21GB -> 3.33GB
[WARNING] [stderr] 2026-08-11T12:38:54.220-0600	INFO	Notification Thread	io.airlift.stats.JmxGcMonitor	Major GC: application 1.69s, stopped 193.00ms: 12.21GB -> 3.33GB
[WARNING] [stderr] 2026-08-11T12:39:02.665-0600	INFO	Notification Thread	io.airlift.stats.JmxGcMonitor	Major GC: application 8.22s, stopped 222.00ms: 12.22GB -> 4.19GB
[WARNING] [stderr] 2026-08-11T12:39:02.665-0600	INFO	Notification Thread	io.airlift.stats.JmxGcMonitor	Major GC: application 8.22s, stopped 222.00ms: 12.22GB -> 4.19GB
[WARNING] [stderr] 2026-08-11T12:39:02.665-0600	INFO	Notification Thread	io.airlift.stats.JmxGcMonitor	Major GC: application 8.22s, stopped 222.00ms: 12.22GB -> 4.19GB
[WARNING] [stderr] 2026-08-11T12:39:02.665-0600	INFO	Notification Thread	io.airlift.stats.JmxGcMonitor	Major GC: application 8.22s, stopped 222.00ms: 12.22GB -> 4.19GB
[WARNING] [stderr] 2026-08-11T12:39:04.587-0600	INFO	Notification Thread	io.airlift.stats.JmxGcMonitor	Major GC: application 1.71s, stopped 207.00ms: 12.21GB -> 3.76GB
[WARNING] [stderr] 2026-08-11T12:39:04.587-0600	INFO	Notification Thread	io.airlift.stats.JmxGcMonitor	Major GC: application 1.71s, stopped 207.00ms: 12.21GB -> 3.76GB
[WARNING] [stderr] 2026-08-11T12:39:04.587-0600	INFO	Notification Thread	io.airlift.stats.JmxGcMonitor	Major GC: application 1.71s, stopped 207.00ms: 12.21GB -> 3.76GB
[WARNING] [stderr] 2026-08-11T12:39:04.587-0600	INFO	Notification Thread	io.airlift.stats.JmxGcMonitor	Major GC: application 1.71s, stopped 207.00ms: 12.21GB -> 3.76GB
[WARNING] [stderr] 2026-08-11T12:39:12.474-0600	INFO	Notification Thread	io.airlift.stats.JmxGcMonitor	Major GC: application 7.69s, stopped 192.00ms: 12.22GB -> 3.59GB
[WARNING] [stderr] 2026-08-11T12:39:12.474-0600	INFO	Notification Thread	io.airlift.stats.JmxGcMonitor	Major GC: application 7.69s, stopped 192.00ms: 12.22GB -> 3.59GB
[WARNING] [stderr] 2026-08-11T12:39:12.474-0600	INFO	Notification Thread	io.airlift.stats.JmxGcMonitor	Major GC: application 7.69s, stopped 192.00ms: 12.22GB -> 3.59GB
[WARNING] [stderr] 2026-08-11T12:39:12.474-0600	INFO	Notification Thread	io.airlift.stats.JmxGcMonitor	Major GC: application 7.69s, stopped 192.00ms: 12.22GB -> 3.59GB
[WARNING] [stderr] 2026-08-11T12:39:14.594-0600	INFO	Notification Thread	io.airlift.stats.JmxGcMonitor	Major GC: application 1.92s, stopped 198.00ms: 12.21GB -> 3.86GB
[WARNING] [stderr] 2026-08-11T12:39:14.594-0600	INFO	Notification Thread	io.airlift.stats.JmxGcMonitor	Major GC: application 1.92s, stopped 198.00ms: 12.21GB -> 3.86GB
[WARNING] [stderr] 2026-08-11T12:39:14.594-0600	INFO	Notification Thread	io.airlift.stats.JmxGcMonitor	Major GC: application 1.92s, stopped 198.00ms: 12.21GB -> 3.86GB
[WARNING] [stderr] 2026-08-11T12:39:14.594-0600	INFO	Notification Thread	io.airlift.stats.JmxGcMonitor	Major GC: application 1.92s, stopped 198.00ms: 12.21GB -> 3.86GB
[WARNING] [stderr] 2026-08-11T12:39:16.506-0600	INFO	Notification Thread	io.airlift.stats.JmxGcMonitor	Major GC: application 1.71s, stopped 200.00ms: 12.21GB -> 3.47GB
[WARNING] [stderr] 2026-08-11T12:39:16.506-0600	INFO	Notification Thread	io.airlift.stats.JmxGcMonitor	Major GC: application 1.71s, stopped 200.00ms: 12.21GB -> 3.47GB
[WARNING] [stderr] 2026-08-11T12:39:16.506-0600	INFO	Notification Thread	io.airlift.stats.JmxGcMonitor	Major GC: application 1.71s, stopped 200.00ms: 12.21GB -> 3.47GB
[WARNING] [stderr] 2026-08-11T12:39:16.506-0600	INFO	Notification Thread	io.airlift.stats.JmxGcMonitor	Major GC: application 1.71s, stopped 200.00ms: 12.21GB -> 3.47GB
[WARNING] [stderr] 2026-08-11T12:39:23.052-0600	INFO	Notification Thread	io.airlift.stats.JmxGcMonitor	Major GC: application 6.38s, stopped 167.00ms: 12.18GB -> 3.89GB
[WARNING] [stderr] 2026-08-11T12:39:23.052-0600	INFO	Notification Thread	io.airlift.stats.JmxGcMonitor	Major GC: application 6.38s, stopped 167.00ms: 12.18GB -> 3.89GB
[WARNING] [stderr] 2026-08-11T12:39:23.052-0600	INFO	Notification Thread	io.airlift.stats.JmxGcMonitor	Major GC: application 6.38s, stopped 167.00ms: 12.18GB -> 3.89GB
[WARNING] [stderr] 2026-08-11T12:39:23.052-0600	INFO	Notification Thread	io.airlift.stats.JmxGcMonitor	Major GC: application 6.38s, stopped 167.00ms: 12.18GB -> 3.89GB
[WARNING] [stderr] 2026-08-11T12:39:25.088-0600	INFO	Notification Thread	io.airlift.stats.JmxGcMonitor	Major GC: application 1.82s, stopped 214.00ms: 12.21GB -> 3.84GB
[WARNING] [stderr] 2026-08-11T12:39:25.088-0600	INFO	Notification Thread	io.airlift.stats.JmxGcMonitor	Major GC: application 1.82s, stopped 214.00ms: 12.21GB -> 3.84GB
[WARNING] [stderr] 2026-08-11T12:39:25.088-0600	INFO	Notification Thread	io.airlift.stats.JmxGcMonitor	Major GC: application 1.82s, stopped 214.00ms: 12.21GB -> 3.84GB
[WARNING] [stderr] 2026-08-11T12:39:25.088-0600	INFO	Notification Thread	io.airlift.stats.JmxGcMonitor	Major GC: application 1.82s, stopped 214.00ms: 12.21GB -> 3.84GB
[WARNING] [stderr] 2026-08-11T12:39:28.640-0600	INFO	Notification Thread	io.airlift.stats.JmxGcMonitor	Major GC: application 3.36s, stopped 190.00ms: 12.22GB -> 3.61GB
[WARNING] [stderr] 2026-08-11T12:39:28.640-0600	INFO	Notification Thread	io.airlift.stats.JmxGcMonitor	Major GC: application 3.36s, stopped 190.00ms: 12.22GB -> 3.61GB
[WARNING] [stderr] 2026-08-11T12:39:28.640-0600	INFO	Notification Thread	io.airlift.stats.JmxGcMonitor	Major GC: application 3.36s, stopped 190.00ms: 12.22GB -> 3.61GB
[WARNING] [stderr] 2026-08-11T12:39:28.640-0600	INFO	Notification Thread	io.airlift.stats.JmxGcMonitor	Major GC: application 3.36s, stopped 190.00ms: 12.22GB -> 3.61GB
[WARNING] [stderr] 2026-08-11T12:39:32.189-0600	INFO	Notification Thread	io.airlift.stats.JmxGcMonitor	Major GC: application 3.32s, stopped 225.00ms: 12.22GB -> 3.79GB
[WARNING] [stderr] 2026-08-11T12:39:32.189-0600	INFO	Notification Thread	io.airlift.stats.JmxGcMonitor	Major GC: application 3.32s, stopped 225.00ms: 12.22GB -> 3.79GB
[WARNING] [stderr] 2026-08-11T12:39:32.189-0600	INFO	Notification Thread	io.airlift.stats.JmxGcMonitor	Major GC: application 3.32s, stopped 225.00ms: 12.22GB -> 3.79GB
[WARNING] [stderr] 2026-08-11T12:39:32.190-0600	INFO	Notification Thread	io.airlift.stats.JmxGcMonitor	Major GC: application 3.32s, stopped 225.00ms: 12.22GB -> 3.79GB
[WARNING] [stderr] 2026-08-11T12:39:45.800-0600	INFO	Notification Thread	io.airlift.stats.JmxGcMonitor	Major GC: application 13.39s, stopped 225.00ms: 12.21GB -> 4.04GB
[WARNING] [stderr] 2026-08-11T12:39:45.800-0600	INFO	Notification Thread	io.airlift.stats.JmxGcMonitor	Major GC: application 13.39s, stopped 225.00ms: 12.21GB -> 4.04GB
[WARNING] [stderr] 2026-08-11T12:39:45.800-0600	INFO	Notification Thread	io.airlift.stats.JmxGcMonitor	Major GC: application 13.39s, stopped 225.00ms: 12.21GB -> 4.04GB
[WARNING] [stderr] 2026-08-11T12:39:45.801-0600	INFO	Notification Thread	io.airlift.stats.JmxGcMonitor	Major GC: application 13.39s, stopped 225.00ms: 12.21GB -> 4.04GB
[WARNING] [stderr] 2026-08-11T12:39:47.966-0600	INFO	Notification Thread	io.airlift.stats.JmxGcMonitor	Major GC: application 1.95s, stopped 216.00ms: 12.21GB -> 3.70GB
[WARNING] [stderr] 2026-08-11T12:39:47.966-0600	INFO	Notification Thread	io.airlift.stats.JmxGcMonitor	Major GC: application 1.95s, stopped 216.00ms: 12.21GB -> 3.70GB
[WARNING] [stderr] 2026-08-11T12:39:47.966-0600	INFO	Notification Thread	io.airlift.stats.JmxGcMonitor	Major GC: application 1.95s, stopped 216.00ms: 12.21GB -> 3.70GB
[WARNING] [stderr] 2026-08-11T12:39:47.966-0600	INFO	Notification Thread	io.airlift.stats.JmxGcMonitor	Major GC: application 1.95s, stopped 216.00ms: 12.21GB -> 3.70GB
[WARNING] [stderr] 2026-08-11T12:39:49.910-0600	INFO	Notification Thread	io.airlift.stats.JmxGcMonitor	Major GC: application 1.75s, stopped 191.00ms: 12.21GB -> 3.35GB
[WARNING] [stderr] 2026-08-11T12:39:49.910-0600	INFO	Notification Thread	io.airlift.stats.JmxGcMonitor	Major GC: application 1.75s, stopped 191.00ms: 12.21GB -> 3.35GB
[WARNING] [stderr] 2026-08-11T12:39:49.910-0600	INFO	Notification Thread	io.airlift.stats.JmxGcMonitor	Major GC: application 1.75s, stopped 191.00ms: 12.21GB -> 3.35GB
[WARNING] [stderr] 2026-08-11T12:39:49.910-0600	INFO	Notification Thread	io.airlift.stats.JmxGcMonitor	Major GC: application 1.75s, stopped 191.00ms: 12.21GB -> 3.35GB
[WARNING] [stderr] 2026-08-11T12:39:52.701-0600	INFO	Notification Thread	io.airlift.stats.JmxGcMonitor	Major GC: application 2.57s, stopped 225.00ms: 12.21GB -> 3.84GB
[WARNING] [stderr] 2026-08-11T12:39:52.701-0600	INFO	Notification Thread	io.airlift.stats.JmxGcMonitor	Major GC: application 2.57s, stopped 225.00ms: 12.21GB -> 3.84GB
[WARNING] [stderr] 2026-08-11T12:39:52.701-0600	INFO	Notification Thread	io.airlift.stats.JmxGcMonitor	Major GC: application 2.57s, stopped 225.00ms: 12.21GB -> 3.84GB
[WARNING] [stderr] 2026-08-11T12:39:52.701-0600	INFO	Notification Thread	io.airlift.stats.JmxGcMonitor	Major GC: application 2.57s, stopped 225.00ms: 12.21GB -> 3.84GB
[WARNING] [stderr] 2026-08-11T12:39:55.563-0600	INFO	Notification Thread	io.airlift.stats.JmxGcMonitor	Major GC: application 2.66s, stopped 202.00ms: 12.22GB -> 3.17GB
[WARNING] [stderr] 2026-08-11T12:39:55.563-0600	INFO	Notification Thread	io.airlift.stats.JmxGcMonitor	Major GC: application 2.66s, stopped 202.00ms: 12.22GB -> 3.17GB
[WARNING] [stderr] 2026-08-11T12:39:55.563-0600	INFO	Notification Thread	io.airlift.stats.JmxGcMonitor	Major GC: application 2.66s, stopped 202.00ms: 12.22GB -> 3.17GB
[WARNING] [stderr] 2026-08-11T12:39:55.563-0600	INFO	Notification Thread	io.airlift.stats.JmxGcMonitor	Major GC: application 2.66s, stopped 202.00ms: 12.22GB -> 3.17GB
[WARNING] [stderr] 2026-08-11T12:40:08.783-0600	INFO	Notification Thread	io.airlift.stats.JmxGcMonitor	Major GC: application 13.00s, stopped 224.00ms: 12.19GB -> 3.44GB
[WARNING] [stderr] 2026-08-11T12:40:08.783-0600	INFO	Notification Thread	io.airlift.stats.JmxGcMonitor	Major GC: application 13.00s, stopped 224.00ms: 12.19GB -> 3.44GB
[WARNING] [stderr] 2026-08-11T12:40:08.783-0600	INFO	Notification Thread	io.airlift.stats.JmxGcMonitor	Major GC: application 13.00s, stopped 224.00ms: 12.19GB -> 3.44GB
[WARNING] [stderr] 2026-08-11T12:40:08.783-0600	INFO	Notification Thread	io.airlift.stats.JmxGcMonitor	Major GC: application 13.00s, stopped 224.00ms: 12.19GB -> 3.44GB
[WARNING] [stderr] 2026-08-11T12:40:12.149-0600	INFO	Notification Thread	io.airlift.stats.JmxGcMonitor	Major GC: application 3.13s, stopped 236.00ms: 12.22GB -> 3.91GB
[WARNING] [stderr] 2026-08-11T12:40:12.150-0600	INFO	Notification Thread	io.airlift.stats.JmxGcMonitor	Major GC: application 3.13s, stopped 236.00ms: 12.22GB -> 3.91GB
[WARNING] [stderr] 2026-08-11T12:40:12.150-0600	INFO	Notification Thread	io.airlift.stats.JmxGcMonitor	Major GC: application 3.13s, stopped 236.00ms: 12.22GB -> 3.91GB
[WARNING] [stderr] 2026-08-11T12:40:12.150-0600	INFO	Notification Thread	io.airlift.stats.JmxGcMonitor	Major GC: application 3.13s, stopped 236.00ms: 12.22GB -> 3.91GB
[WARNING] [stderr] 2026-08-11T12:40:13.130-0600	INFO	ForkJoinPool-1-worker-1	stdout	nitro,clickbench,q24,5,5174.871,5535.608,5614.204,5452.296,20390.000,20390.000,3.7397,99997497,0,165
[WARNING] [stderr] 2026-08-11T12:40:13.130-0600	INFO	ForkJoinPool-1-worker-1	stdout	peak_memory,nitro,clickbench,q24,5,500.175,504.669,12211.713,12251.757
[WARNING] [stderr] 2026-08-11T12:40:13.130-0600	INFO	ForkJoinPool-1-worker-1	stdout	trino,clickbench,q24,5,5389.832,5735.880,6193.909,5831.054,32550.000,32810.000,5.6268,99997497,0,0
[WARNING] [stderr] 2026-08-11T12:40:13.130-0600	INFO	ForkJoinPool-1-worker-1	stdout	peak_memory,trino,clickbench,q24,5,622.190,680.190,10363.060,10428.190
[WARNING] [stderr] 2026-08-11T12:40:13.130-0600	INFO	ForkJoinPool-1-worker-1	stdout	nitro_over_trino_p50,0.9650843699875808
[WARNING] [stderr] 2026-08-11T12:40:13.130-0600	INFO	ForkJoinPool-1-worker-1	stdout	nitro_over_trino_cpu_p50,0.6264208909370199
[WARNING] [stderr] 2026-08-11T12:40:13.130-0600	INFO	ForkJoinPool-1-worker-1	stdout	nitro_over_trino_cpu_mean,0.6214568729046023
[WARNING] [stderr] 2026-08-11T12:40:23.170-0600	INFO	ForkJoinPool-1-worker-1	stdout	nitro,clickbench,q25,5,376.903,418.850,469.426,419.864,2180.000,2180.000,5.1922,99997497,0,165
[WARNING] [stderr] 2026-08-11T12:40:23.170-0600	INFO	ForkJoinPool-1-worker-1	stdout	peak_memory,nitro,clickbench,q25,5,2.061,55.642,5142.130,9877.450
[WARNING] [stderr] 2026-08-11T12:40:23.170-0600	INFO	ForkJoinPool-1-worker-1	stdout	trino,clickbench,q25,5,455.920,512.149,536.007,505.505,2810.000,2824.000,5.5865,99997497,0,0
[WARNING] [stderr] 2026-08-11T12:40:23.170-0600	INFO	ForkJoinPool-1-worker-1	stdout	peak_memory,trino,clickbench,q25,5,0.001,20.169,10019.383,10078.618
[WARNING] [stderr] 2026-08-11T12:40:23.170-0600	INFO	ForkJoinPool-1-worker-1	stdout	nitro_over_trino_p50,0.817829106010066
[WARNING] [stderr] 2026-08-11T12:40:23.170-0600	INFO	ForkJoinPool-1-worker-1	stdout	nitro_over_trino_cpu_p50,0.7758007117437722
[WARNING] [stderr] 2026-08-11T12:40:23.170-0600	INFO	ForkJoinPool-1-worker-1	stdout	nitro_over_trino_cpu_mean,0.7719546742209632
[WARNING] [stderr] 2026-08-11T12:40:30.578-0600	INFO	ForkJoinPool-1-worker-1	stdout	nitro,clickbench,q26,5,281.858,295.493,299.314,292.884,1541.000,1539.200,5.2553,99997497,0,165
[WARNING] [stderr] 2026-08-11T12:40:30.579-0600	INFO	ForkJoinPool-1-worker-1	stdout	peak_memory,nitro,clickbench,q26,5,8.051,18.358,6130.889,9341.527
[WARNING] [stderr] 2026-08-11T12:40:30.579-0600	INFO	ForkJoinPool-1-worker-1	stdout	trino,clickbench,q26,5,316.397,345.327,383.001,348.751,2090.000,2089.400,5.9911,99997497,0,0
[WARNING] [stderr] 2026-08-11T12:40:30.579-0600	INFO	ForkJoinPool-1-worker-1	stdout	peak_memory,trino,clickbench,q26,5,0.001,6.001,9708.259,9789.527
[WARNING] [stderr] 2026-08-11T12:40:30.579-0600	INFO	ForkJoinPool-1-worker-1	stdout	nitro_over_trino_p50,0.8556903998340867
[WARNING] [stderr] 2026-08-11T12:40:30.579-0600	INFO	ForkJoinPool-1-worker-1	stdout	nitro_over_trino_cpu_p50,0.7373205741626794
[WARNING] [stderr] 2026-08-11T12:40:30.579-0600	INFO	ForkJoinPool-1-worker-1	stdout	nitro_over_trino_cpu_mean,0.7366708145879199
[WARNING] [stderr] 2026-08-11T12:40:40.023-0600	INFO	ForkJoinPool-1-worker-1	stdout	nitro,clickbench,q27,5,367.549,383.417,391.597,381.881,2180.000,2178.000,5.7034,99997497,0,165
[WARNING] [stderr] 2026-08-11T12:40:40.023-0600	INFO	ForkJoinPool-1-worker-1	stdout	peak_memory,nitro,clickbench,q27,5,2.042,10.444,8545.357,9068.105
[WARNING] [stderr] 2026-08-11T12:40:40.023-0600	INFO	ForkJoinPool-1-worker-1	stdout	trino,clickbench,q27,5,433.810,445.259,504.851,462.367,2850.000,2836.000,6.1337,99997497,0,0
[WARNING] [stderr] 2026-08-11T12:40:40.023-0600	INFO	ForkJoinPool-1-worker-1	stdout	peak_memory,trino,clickbench,q27,5,0.001,7.000,9848.994,9898.517
[WARNING] [stderr] 2026-08-11T12:40:40.023-0600	INFO	ForkJoinPool-1-worker-1	stdout	nitro_over_trino_p50,0.8611105212547142
[WARNING] [stderr] 2026-08-11T12:40:40.023-0600	INFO	ForkJoinPool-1-worker-1	stdout	nitro_over_trino_cpu_p50,0.7649122807017544
[WARNING] [stderr] 2026-08-11T12:40:40.023-0600	INFO	ForkJoinPool-1-worker-1	stdout	nitro_over_trino_cpu_mean,0.7679830747531735
[WARNING] [stderr] 2026-08-11T12:41:11.851-0600	INFO	ForkJoinPool-1-worker-1	stdout	nitro,clickbench,q28,5,1098.728,1151.127,1162.504,1141.080,7702.000,7702.000,6.7497,99997497,165,165
[WARNING] [stderr] 2026-08-11T12:41:11.851-0600	INFO	ForkJoinPool-1-worker-1	stdout	peak_memory,nitro,clickbench,q28,5,29.982,38.273,8105.779,9609.779
[WARNING] [stderr] 2026-08-11T12:41:11.851-0600	INFO	ForkJoinPool-1-worker-1	stdout	trino,clickbench,q28,5,1604.490,1671.344,1704.225,1664.998,10753.000,10759.000,6.4619,99997497,0,0
[WARNING] [stderr] 2026-08-11T12:41:11.851-0600	INFO	ForkJoinPool-1-worker-1	stdout	peak_memory,trino,clickbench,q28,5,74.338,83.231,9856.023,9952.711
[WARNING] [stderr] 2026-08-11T12:41:11.851-0600	INFO	ForkJoinPool-1-worker-1	stdout	nitro_over_trino_p50,0.6887431742685204
[WARNING] [stderr] 2026-08-11T12:41:11.851-0600	INFO	ForkJoinPool-1-worker-1	stdout	nitro_over_trino_cpu_p50,0.716265228308379
[WARNING] [stderr] 2026-08-11T12:41:11.851-0600	INFO	ForkJoinPool-1-worker-1	stdout	nitro_over_trino_cpu_mean,0.7158657867831583
[WARNING] [stderr] 2026-08-11T12:43:23.896-0600	INFO	ForkJoinPool-1-worker-1	stdout	nitro,clickbench,q29,5,3053.202,3206.003,3325.704,3202.093,18556.000,18573.200,5.8003,99997497,165,165
[WARNING] [stderr] 2026-08-11T12:43:23.896-0600	INFO	ForkJoinPool-1-worker-1	stdout	peak_memory,nitro,clickbench,q29,5,916.114,965.908,11476.716,11604.716
[WARNING] [stderr] 2026-08-11T12:43:23.896-0600	INFO	ForkJoinPool-1-worker-1	stdout	trino,clickbench,q29,5,8476.910,9413.488,9695.251,9289.061,52700.000,52776.000,5.6815,99997497,0,0
[WARNING] [stderr] 2026-08-11T12:43:23.896-0600	INFO	ForkJoinPool-1-worker-1	stdout	peak_memory,trino,clickbench,q29,5,1277.328,1348.139,11073.676,11142.788
[WARNING] [stderr] 2026-08-11T12:43:23.896-0600	INFO	ForkJoinPool-1-worker-1	stdout	nitro_over_trino_p50,0.34057541666934826
[WARNING] [stderr] 2026-08-11T12:43:23.896-0600	INFO	ForkJoinPool-1-worker-1	stdout	nitro_over_trino_cpu_p50,0.35210626185958255
[WARNING] [stderr] 2026-08-11T12:43:23.896-0600	INFO	ForkJoinPool-1-worker-1	stdout	nitro_over_trino_cpu_mean,0.3519251174776413
[WARNING] [stderr] 2026-08-11T12:44:03.418-0600	INFO	ForkJoinPool-1-worker-1	stdout	nitro,clickbench,q30,5,117.604,124.795,135.250,124.959,260.000,261.200,2.0903,99997497,165,165
[WARNING] [stderr] 2026-08-11T12:44:03.418-0600	INFO	ForkJoinPool-1-worker-1	stdout	peak_memory,nitro,clickbench,q30,5,0.107,0.300,7074.202,9096.197
[WARNING] [stderr] 2026-08-11T12:44:03.418-0600	INFO	ForkJoinPool-1-worker-1	stdout	trino,clickbench,q30,5,3242.554,3263.749,3361.200,3284.952,20015.000,19997.000,6.0875,99997497,0,0
[WARNING] [stderr] 2026-08-11T12:44:03.418-0600	INFO	ForkJoinPool-1-worker-1	stdout	peak_memory,trino,clickbench,q30,5,8.103,9.100,10043.045,10067.001
[WARNING] [stderr] 2026-08-11T12:44:03.418-0600	INFO	ForkJoinPool-1-worker-1	stdout	nitro_over_trino_p50,0.03823669283130192
[WARNING] [stderr] 2026-08-11T12:44:03.418-0600	INFO	ForkJoinPool-1-worker-1	stdout	nitro_over_trino_cpu_p50,0.012990257307019736
[WARNING] [stderr] 2026-08-11T12:44:03.418-0600	INFO	ForkJoinPool-1-worker-1	stdout	nitro_over_trino_cpu_mean,0.013061959293894084
[WARNING] [stderr] 2026-08-11T12:44:27.159-0600	INFO	ForkJoinPool-1-worker-1	stdout	nitro,clickbench,q31,5,891.097,948.326,1036.202,945.224,4031.000,4027.800,4.2612,99997497,165,165
[WARNING] [stderr] 2026-08-11T12:44:27.159-0600	INFO	ForkJoinPool-1-worker-1	stdout	peak_memory,nitro,clickbench,q31,5,170.329,204.365,10624.844,10821.012
[WARNING] [stderr] 2026-08-11T12:44:27.159-0600	INFO	ForkJoinPool-1-worker-1	stdout	trino,clickbench,q31,5,1129.630,1206.605,1412.243,1242.078,5204.000,5204.000,4.1898,99997497,0,0
[WARNING] [stderr] 2026-08-11T12:44:27.159-0600	INFO	ForkJoinPool-1-worker-1	stdout	peak_memory,trino,clickbench,q31,5,190.003,288.864,10348.844,10844.844
[WARNING] [stderr] 2026-08-11T12:44:27.159-0600	INFO	ForkJoinPool-1-worker-1	stdout	nitro_over_trino_p50,0.7859456379537384
[WARNING] [stderr] 2026-08-11T12:44:27.159-0600	INFO	ForkJoinPool-1-worker-1	stdout	nitro_over_trino_cpu_p50,0.7745964642582629
[WARNING] [stderr] 2026-08-11T12:44:27.159-0600	INFO	ForkJoinPool-1-worker-1	stdout	nitro_over_trino_cpu_mean,0.7739815526518063
[WARNING] [stderr] 2026-08-11T12:44:33.528-0600	INFO	Notification Thread	io.airlift.stats.JmxGcMonitor	Major GC: application 4.35m, stopped 197.00ms: 12.21GB -> 3.44GB
[WARNING] [stderr] 2026-08-11T12:44:33.528-0600	INFO	Notification Thread	io.airlift.stats.JmxGcMonitor	Major GC: application 4.35m, stopped 197.00ms: 12.21GB -> 3.44GB
[WARNING] [stderr] 2026-08-11T12:44:33.528-0600	INFO	Notification Thread	io.airlift.stats.JmxGcMonitor	Major GC: application 4.35m, stopped 197.00ms: 12.21GB -> 3.44GB
[WARNING] [stderr] 2026-08-11T12:44:33.528-0600	INFO	Notification Thread	io.airlift.stats.JmxGcMonitor	Major GC: application 4.35m, stopped 197.00ms: 12.21GB -> 3.44GB
[WARNING] [stderr] 2026-08-11T12:44:59.027-0600	INFO	ForkJoinPool-1-worker-1	stdout	nitro,clickbench,q32,5,1291.031,1413.559,1419.331,1375.567,4740.000,4730.000,3.4386,99997497,0,165
[WARNING] [stderr] 2026-08-11T12:44:59.027-0600	INFO	ForkJoinPool-1-worker-1	stdout	peak_memory,nitro,clickbench,q32,5,545.036,691.791,10484.249,10707.878
[WARNING] [stderr] 2026-08-11T12:44:59.028-0600	INFO	ForkJoinPool-1-worker-1	stdout	trino,clickbench,q32,5,1356.635,1475.510,1488.830,1445.501,5330.000,5342.000,3.6956,99997497,0,0
[WARNING] [stderr] 2026-08-11T12:44:59.028-0600	INFO	ForkJoinPool-1-worker-1	stdout	peak_memory,trino,clickbench,q32,5,474.996,524.946,10259.165,10354.902
[WARNING] [stderr] 2026-08-11T12:44:59.028-0600	INFO	ForkJoinPool-1-worker-1	stdout	nitro_over_trino_p50,0.9580136498932021
[WARNING] [stderr] 2026-08-11T12:44:59.028-0600	INFO	ForkJoinPool-1-worker-1	stdout	nitro_over_trino_cpu_p50,0.8893058161350844
[WARNING] [stderr] 2026-08-11T12:44:59.028-0600	INFO	ForkJoinPool-1-worker-1	stdout	nitro_over_trino_cpu_mean,0.8854361662298764
[WARNING] [stderr] 2026-08-11T12:45:04.207-0600	INFO	Notification Thread	io.airlift.stats.JmxGcMonitor	Major GC: application 30.45s, stopped 225.00ms: 12.21GB -> 6.74GB
[WARNING] [stderr] 2026-08-11T12:45:04.207-0600	INFO	Notification Thread	io.airlift.stats.JmxGcMonitor	Major GC: application 30.45s, stopped 225.00ms: 12.21GB -> 6.74GB
[WARNING] [stderr] 2026-08-11T12:45:04.207-0600	INFO	Notification Thread	io.airlift.stats.JmxGcMonitor	Major GC: application 30.45s, stopped 225.00ms: 12.21GB -> 6.74GB
[WARNING] [stderr] 2026-08-11T12:45:04.207-0600	INFO	Notification Thread	io.airlift.stats.JmxGcMonitor	Major GC: application 30.45s, stopped 225.00ms: 12.21GB -> 6.74GB
[WARNING] [stderr] 2026-08-11T12:46:36.846-0600	INFO	Notification Thread	io.airlift.stats.JmxGcMonitor	Major GC: application 1.54m, stopped 242.00ms: 12.22GB -> 6.63GB
[WARNING] [stderr] 2026-08-11T12:46:36.846-0600	INFO	Notification Thread	io.airlift.stats.JmxGcMonitor	Major GC: application 1.54m, stopped 242.00ms: 12.22GB -> 6.63GB
[WARNING] [stderr] 2026-08-11T12:46:36.846-0600	INFO	Notification Thread	io.airlift.stats.JmxGcMonitor	Major GC: application 1.54m, stopped 242.00ms: 12.22GB -> 6.63GB
[WARNING] [stderr] 2026-08-11T12:46:36.846-0600	INFO	Notification Thread	io.airlift.stats.JmxGcMonitor	Major GC: application 1.54m, stopped 242.00ms: 12.22GB -> 6.63GB
[WARNING] [stderr] 2026-08-11T12:48:08.049-0600	INFO	Notification Thread	io.airlift.stats.JmxGcMonitor	Major GC: application 1.52m, stopped 220.00ms: 12.22GB -> 6.63GB
[WARNING] [stderr] 2026-08-11T12:48:08.050-0600	INFO	Notification Thread	io.airlift.stats.JmxGcMonitor	Major GC: application 1.52m, stopped 220.00ms: 12.22GB -> 6.63GB
[WARNING] [stderr] 2026-08-11T12:48:08.050-0600	INFO	Notification Thread	io.airlift.stats.JmxGcMonitor	Major GC: application 1.52m, stopped 220.00ms: 12.22GB -> 6.63GB
[WARNING] [stderr] 2026-08-11T12:48:08.050-0600	INFO	Notification Thread	io.airlift.stats.JmxGcMonitor	Major GC: application 1.52m, stopped 220.00ms: 12.22GB -> 6.63GB
[WARNING] [stderr] 2026-08-11T12:48:44.574-0600	INFO	ForkJoinPool-1-worker-1	stdout	nitro,clickbench,q33,5,9475.382,9775.685,9841.771,9702.407,19736.000,19787.200,2.0394,99997497,0,165
[WARNING] [stderr] 2026-08-11T12:48:44.574-0600	INFO	ForkJoinPool-1-worker-1	stdout	peak_memory,nitro,clickbench,q33,5,4205.406,4205.409,11637.415,12251.432
[WARNING] [stderr] 2026-08-11T12:48:44.574-0600	INFO	ForkJoinPool-1-worker-1	stdout	trino,clickbench,q33,5,10777.274,10807.879,11179.504,10898.433,22730.000,22824.000,2.0942,99997497,0,0
[WARNING] [stderr] 2026-08-11T12:48:44.574-0600	INFO	ForkJoinPool-1-worker-1	stdout	peak_memory,trino,clickbench,q33,5,4784.500,4985.259,10437.849,10683.623
[WARNING] [stderr] 2026-08-11T12:48:44.574-0600	INFO	ForkJoinPool-1-worker-1	stdout	nitro_over_trino_p50,0.904496149926472
[WARNING] [stderr] 2026-08-11T12:48:44.574-0600	INFO	ForkJoinPool-1-worker-1	stdout	nitro_over_trino_cpu_p50,0.8682798064232292
[WARNING] [stderr] 2026-08-11T12:48:44.574-0600	INFO	ForkJoinPool-1-worker-1	stdout	nitro_over_trino_cpu_mean,0.8669470732562216
[WARNING] [stderr] 2026-08-11T12:49:15.174-0600	INFO	Notification Thread	io.airlift.stats.JmxGcMonitor	Major GC: application 1.12m, stopped 210.00ms: 12.13GB -> 4.93GB
[WARNING] [stderr] 2026-08-11T12:49:15.174-0600	INFO	Notification Thread	io.airlift.stats.JmxGcMonitor	Major GC: application 1.12m, stopped 210.00ms: 12.13GB -> 4.93GB
[WARNING] [stderr] 2026-08-11T12:49:15.174-0600	INFO	Notification Thread	io.airlift.stats.JmxGcMonitor	Major GC: application 1.12m, stopped 210.00ms: 12.13GB -> 4.93GB
[WARNING] [stderr] 2026-08-11T12:49:15.174-0600	INFO	Notification Thread	io.airlift.stats.JmxGcMonitor	Major GC: application 1.12m, stopped 210.00ms: 12.13GB -> 4.93GB
[WARNING] [stderr] 2026-08-11T12:49:54.445-0600	INFO	Notification Thread	io.airlift.stats.JmxGcMonitor	Major GC: application 38.95s, stopped 324.00ms: 12.10GB -> 4.62GB
[WARNING] [stderr] 2026-08-11T12:49:54.445-0600	INFO	Notification Thread	io.airlift.stats.JmxGcMonitor	Major GC: application 38.95s, stopped 324.00ms: 12.10GB -> 4.62GB
[WARNING] [stderr] 2026-08-11T12:49:54.445-0600	INFO	Notification Thread	io.airlift.stats.JmxGcMonitor	Major GC: application 38.95s, stopped 324.00ms: 12.10GB -> 4.62GB
[WARNING] [stderr] 2026-08-11T12:49:54.445-0600	INFO	Notification Thread	io.airlift.stats.JmxGcMonitor	Major GC: application 38.95s, stopped 324.00ms: 12.10GB -> 4.62GB
[WARNING] [stderr] 2026-08-11T12:50:30.157-0600	INFO	Notification Thread	io.airlift.stats.JmxGcMonitor	Major GC: application 35.45s, stopped 262.00ms: 12.01GB -> 2.99GB
[WARNING] [stderr] 2026-08-11T12:50:30.157-0600	INFO	Notification Thread	io.airlift.stats.JmxGcMonitor	Major GC: application 35.45s, stopped 262.00ms: 12.01GB -> 2.99GB
[WARNING] [stderr] 2026-08-11T12:50:30.157-0600	INFO	Notification Thread	io.airlift.stats.JmxGcMonitor	Major GC: application 35.45s, stopped 262.00ms: 12.01GB -> 2.99GB
[WARNING] [stderr] 2026-08-11T12:50:30.157-0600	INFO	Notification Thread	io.airlift.stats.JmxGcMonitor	Major GC: application 35.45s, stopped 262.00ms: 12.01GB -> 2.99GB
[WARNING] [stderr] 2026-08-11T12:51:04.035-0600	INFO	Notification Thread	io.airlift.stats.JmxGcMonitor	Major GC: application 33.67s, stopped 212.00ms: 12.15GB -> 4.56GB
[WARNING] [stderr] 2026-08-11T12:51:04.035-0600	INFO	Notification Thread	io.airlift.stats.JmxGcMonitor	Major GC: application 33.67s, stopped 212.00ms: 12.15GB -> 4.56GB
[WARNING] [stderr] 2026-08-11T12:51:04.035-0600	INFO	Notification Thread	io.airlift.stats.JmxGcMonitor	Major GC: application 33.67s, stopped 212.00ms: 12.15GB -> 4.56GB
[WARNING] [stderr] 2026-08-11T12:51:04.035-0600	INFO	Notification Thread	io.airlift.stats.JmxGcMonitor	Major GC: application 33.67s, stopped 212.00ms: 12.15GB -> 4.56GB
[WARNING] [stderr] 2026-08-11T12:51:24.603-0600	INFO	Notification Thread	io.airlift.stats.JmxGcMonitor	Major GC: application 20.35s, stopped 216.00ms: 12.15GB -> 5.20GB
[WARNING] [stderr] 2026-08-11T12:51:24.603-0600	INFO	Notification Thread	io.airlift.stats.JmxGcMonitor	Major GC: application 20.35s, stopped 216.00ms: 12.15GB -> 5.20GB
[WARNING] [stderr] 2026-08-11T12:51:24.603-0600	INFO	Notification Thread	io.airlift.stats.JmxGcMonitor	Major GC: application 20.35s, stopped 216.00ms: 12.15GB -> 5.20GB
[WARNING] [stderr] 2026-08-11T12:51:24.603-0600	INFO	Notification Thread	io.airlift.stats.JmxGcMonitor	Major GC: application 20.35s, stopped 216.00ms: 12.15GB -> 5.20GB
[WARNING] [stderr] 2026-08-11T12:51:25.411-0600	INFO	ForkJoinPool-1-worker-1	stdout	nitro,clickbench,q34,5,5083.355,5836.468,6574.935,5849.242,21750.000,21676.000,3.7058,99997497,165,165
[WARNING] [stderr] 2026-08-11T12:51:25.411-0600	INFO	ForkJoinPool-1-worker-1	stdout	peak_memory,nitro,clickbench,q34,5,3768.674,3830.925,12175.909,12203.777
[WARNING] [stderr] 2026-08-11T12:51:25.411-0600	INFO	ForkJoinPool-1-worker-1	stdout	trino,clickbench,q34,5,7404.020,7889.498,9747.138,8249.613,28750.000,28732.000,3.4828,99997497,0,0
[WARNING] [stderr] 2026-08-11T12:51:25.411-0600	INFO	ForkJoinPool-1-worker-1	stdout	peak_memory,trino,clickbench,q34,5,3590.656,3692.952,10883.777,11683.598
[WARNING] [stderr] 2026-08-11T12:51:25.411-0600	INFO	ForkJoinPool-1-worker-1	stdout	nitro_over_trino_p50,0.7397768498095253
[WARNING] [stderr] 2026-08-11T12:51:25.411-0600	INFO	ForkJoinPool-1-worker-1	stdout	nitro_over_trino_cpu_p50,0.7565217391304347
[WARNING] [stderr] 2026-08-11T12:51:25.411-0600	INFO	ForkJoinPool-1-worker-1	stdout	nitro_over_trino_cpu_mean,0.7544201587080607
[WARNING] [stderr] 2026-08-11T12:52:28.748-0600	INFO	Notification Thread	io.airlift.stats.JmxGcMonitor	Major GC: application 1.07m, stopped 233.00ms: 12.16GB -> 5.01GB
[WARNING] [stderr] 2026-08-11T12:52:28.749-0600	INFO	Notification Thread	io.airlift.stats.JmxGcMonitor	Major GC: application 1.07m, stopped 233.00ms: 12.16GB -> 5.01GB
[WARNING] [stderr] 2026-08-11T12:52:28.749-0600	INFO	Notification Thread	io.airlift.stats.JmxGcMonitor	Major GC: application 1.07m, stopped 233.00ms: 12.16GB -> 5.01GB
[WARNING] [stderr] 2026-08-11T12:52:28.749-0600	INFO	Notification Thread	io.airlift.stats.JmxGcMonitor	Major GC: application 1.07m, stopped 233.00ms: 12.16GB -> 5.01GB
[WARNING] [stderr] 2026-08-11T12:52:40.958-0600	INFO	Notification Thread	io.airlift.stats.JmxGcMonitor	Major GC: application 12.02s, stopped 186.00ms: 11.00GB -> 3.95GB
[WARNING] [stderr] 2026-08-11T12:52:40.958-0600	INFO	Notification Thread	io.airlift.stats.JmxGcMonitor	Major GC: application 12.02s, stopped 186.00ms: 11.00GB -> 3.95GB
[WARNING] [stderr] 2026-08-11T12:52:40.958-0600	INFO	Notification Thread	io.airlift.stats.JmxGcMonitor	Major GC: application 12.02s, stopped 186.00ms: 11.00GB -> 3.95GB
[WARNING] [stderr] 2026-08-11T12:52:40.958-0600	INFO	Notification Thread	io.airlift.stats.JmxGcMonitor	Major GC: application 12.02s, stopped 186.00ms: 11.00GB -> 3.95GB
[WARNING] [stderr] 2026-08-11T12:52:54.629-0600	INFO	Notification Thread	io.airlift.stats.JmxGcMonitor	Major GC: application 13.44s, stopped 230.00ms: 12.15GB -> 4.94GB
[WARNING] [stderr] 2026-08-11T12:52:54.629-0600	INFO	Notification Thread	io.airlift.stats.JmxGcMonitor	Major GC: application 13.44s, stopped 230.00ms: 12.15GB -> 4.94GB
[WARNING] [stderr] 2026-08-11T12:52:54.629-0600	INFO	Notification Thread	io.airlift.stats.JmxGcMonitor	Major GC: application 13.44s, stopped 230.00ms: 12.15GB -> 4.94GB
[WARNING] [stderr] 2026-08-11T12:52:54.629-0600	INFO	Notification Thread	io.airlift.stats.JmxGcMonitor	Major GC: application 13.44s, stopped 230.00ms: 12.15GB -> 4.94GB
[WARNING] [stderr] 2026-08-11T12:53:20.824-0600	INFO	Notification Thread	io.airlift.stats.JmxGcMonitor	Major GC: application 25.98s, stopped 207.00ms: 11.52GB -> 4.42GB
[WARNING] [stderr] 2026-08-11T12:53:20.827-0600	INFO	Notification Thread	io.airlift.stats.JmxGcMonitor	Major GC: application 25.98s, stopped 207.00ms: 11.52GB -> 4.42GB
[WARNING] [stderr] 2026-08-11T12:53:20.828-0600	INFO	Notification Thread	io.airlift.stats.JmxGcMonitor	Major GC: application 25.98s, stopped 207.00ms: 11.52GB -> 4.42GB
[WARNING] [stderr] 2026-08-11T12:53:20.828-0600	INFO	Notification Thread	io.airlift.stats.JmxGcMonitor	Major GC: application 25.98s, stopped 207.00ms: 11.52GB -> 4.42GB
[WARNING] [stderr] 2026-08-11T12:53:27.127-0600	INFO	Notification Thread	io.airlift.stats.JmxGcMonitor	Major GC: application 6.07s, stopped 240.00ms: 11.23GB -> 4.60GB
[WARNING] [stderr] 2026-08-11T12:53:27.127-0600	INFO	Notification Thread	io.airlift.stats.JmxGcMonitor	Major GC: application 6.07s, stopped 240.00ms: 11.23GB -> 4.60GB
[WARNING] [stderr] 2026-08-11T12:53:27.127-0600	INFO	Notification Thread	io.airlift.stats.JmxGcMonitor	Major GC: application 6.07s, stopped 240.00ms: 11.23GB -> 4.60GB
[WARNING] [stderr] 2026-08-11T12:53:27.127-0600	INFO	Notification Thread	io.airlift.stats.JmxGcMonitor	Major GC: application 6.07s, stopped 240.00ms: 11.23GB -> 4.60GB
[WARNING] [stderr] 2026-08-11T12:53:52.110-0600	INFO	Notification Thread	io.airlift.stats.JmxGcMonitor	Major GC: application 24.76s, stopped 222.00ms: 12.13GB -> 5.05GB
[WARNING] [stderr] 2026-08-11T12:53:52.110-0600	INFO	Notification Thread	io.airlift.stats.JmxGcMonitor	Major GC: application 24.76s, stopped 222.00ms: 12.13GB -> 5.05GB
[WARNING] [stderr] 2026-08-11T12:53:52.110-0600	INFO	Notification Thread	io.airlift.stats.JmxGcMonitor	Major GC: application 24.76s, stopped 222.00ms: 12.13GB -> 5.05GB
[WARNING] [stderr] 2026-08-11T12:53:52.112-0600	INFO	Notification Thread	io.airlift.stats.JmxGcMonitor	Major GC: application 24.76s, stopped 222.00ms: 12.13GB -> 5.05GB
[WARNING] [stderr] 2026-08-11T12:53:52.694-0600	INFO	ForkJoinPool-1-worker-1	stdout	nitro,clickbench,q35,5,4860.741,5080.864,6602.093,5324.608,21920.000,21828.000,4.0995,99997497,165,165
[WARNING] [stderr] 2026-08-11T12:53:52.694-0600	INFO	ForkJoinPool-1-worker-1	stdout	peak_memory,nitro,clickbench,q35,5,3754.349,3862.263,12165.755,12190.276
[WARNING] [stderr] 2026-08-11T12:53:52.694-0600	INFO	ForkJoinPool-1-worker-1	stdout	trino,clickbench,q35,5,7870.800,8305.360,10890.548,8702.806,29580.000,29642.000,3.4060,99997497,0,0
[WARNING] [stderr] 2026-08-11T12:53:52.694-0600	INFO	ForkJoinPool-1-worker-1	stdout	peak_memory,trino,clickbench,q35,5,3694.923,3757.378,10805.813,11620.079
[WARNING] [stderr] 2026-08-11T12:53:52.694-0600	INFO	ForkJoinPool-1-worker-1	stdout	nitro_over_trino_p50,0.611757201195449
[WARNING] [stderr] 2026-08-11T12:53:52.694-0600	INFO	ForkJoinPool-1-worker-1	stdout	nitro_over_trino_cpu_p50,0.7410412440838404
[WARNING] [stderr] 2026-08-11T12:53:52.694-0600	INFO	ForkJoinPool-1-worker-1	stdout	nitro_over_trino_cpu_mean,0.7363875581944538
[WARNING] [stderr] 2026-08-11T12:54:25.706-0600	INFO	ForkJoinPool-1-worker-1	stdout	nitro,clickbench,q36,5,1042.855,1066.152,1673.468,1187.473,4554.000,4774.200,4.0205,99997497,165,165
[WARNING] [stderr] 2026-08-11T12:54:25.706-0600	INFO	ForkJoinPool-1-worker-1	stdout	peak_memory,nitro,clickbench,q36,5,352.597,375.510,10787.297,11036.189
[WARNING] [stderr] 2026-08-11T12:54:25.706-0600	INFO	ForkJoinPool-1-worker-1	stdout	trino,clickbench,q36,5,1773.469,1804.679,1858.847,1808.161,7120.000,7110.000,3.9322,99997497,0,0
[WARNING] [stderr] 2026-08-11T12:54:25.706-0600	INFO	ForkJoinPool-1-worker-1	stdout	peak_memory,trino,clickbench,q36,5,363.499,376.581,10792.769,11029.410
[WARNING] [stderr] 2026-08-11T12:54:25.706-0600	INFO	ForkJoinPool-1-worker-1	stdout	nitro_over_trino_p50,0.5907708672861162
[WARNING] [stderr] 2026-08-11T12:54:25.706-0600	INFO	ForkJoinPool-1-worker-1	stdout	nitro_over_trino_cpu_p50,0.6396067415730337
[WARNING] [stderr] 2026-08-11T12:54:25.706-0600	INFO	ForkJoinPool-1-worker-1	stdout	nitro_over_trino_cpu_mean,0.6714767932489452
[WARNING] [stderr] 2026-08-11T12:54:28.296-0600	INFO	ForkJoinPool-1-worker-1	stdout	nitro,clickbench,q37,5,90.131,104.493,116.904,102.824,208.000,216.200,2.1026,1406798,0,165
[WARNING] [stderr] 2026-08-11T12:54:28.297-0600	INFO	ForkJoinPool-1-worker-1	stdout	peak_memory,nitro,clickbench,q37,5,0.988,1.460,5819.822,9499.822
[WARNING] [stderr] 2026-08-11T12:54:28.297-0600	INFO	ForkJoinPool-1-worker-1	stdout	trino,clickbench,q37,5,102.807,112.977,151.080,121.776,317.000,324.200,2.6623,1406798,0,0
[WARNING] [stderr] 2026-08-11T12:54:28.297-0600	INFO	ForkJoinPool-1-worker-1	stdout	peak_memory,trino,clickbench,q37,5,9.617,13.003,8155.822,10505.408
[WARNING] [stderr] 2026-08-11T12:54:28.297-0600	INFO	ForkJoinPool-1-worker-1	stdout	nitro_over_trino_p50,0.9249007793086306
[WARNING] [stderr] 2026-08-11T12:54:28.297-0600	INFO	ForkJoinPool-1-worker-1	stdout	nitro_over_trino_cpu_p50,0.6561514195583596
[WARNING] [stderr] 2026-08-11T12:54:28.297-0600	INFO	ForkJoinPool-1-worker-1	stdout	nitro_over_trino_cpu_mean,0.6668723010487353
[WARNING] [stderr] 2026-08-11T12:54:30.173-0600	INFO	ForkJoinPool-1-worker-1	stdout	nitro,clickbench,q38,5,64.356,72.071,106.119,77.371,110.000,112.600,1.4553,1406798,0,165
[WARNING] [stderr] 2026-08-11T12:54:30.173-0600	INFO	ForkJoinPool-1-worker-1	stdout	peak_memory,nitro,clickbench,q38,5,0.668,0.852,8357.507,10469.507
[WARNING] [stderr] 2026-08-11T12:54:30.173-0600	INFO	ForkJoinPool-1-worker-1	stdout	trino,clickbench,q38,5,65.754,75.682,90.555,75.418,211.000,212.400,2.8163,1406798,0,0
[WARNING] [stderr] 2026-08-11T12:54:30.173-0600	INFO	ForkJoinPool-1-worker-1	stdout	peak_memory,trino,clickbench,q38,5,6.001,6.002,7973.507,10181.507
[WARNING] [stderr] 2026-08-11T12:54:30.173-0600	INFO	ForkJoinPool-1-worker-1	stdout	nitro_over_trino_p50,0.9522859644028332
[WARNING] [stderr] 2026-08-11T12:54:30.173-0600	INFO	ForkJoinPool-1-worker-1	stdout	nitro_over_trino_cpu_p50,0.5213270142180095
[WARNING] [stderr] 2026-08-11T12:54:30.173-0600	INFO	ForkJoinPool-1-worker-1	stdout	nitro_over_trino_cpu_mean,0.5301318267419962
[WARNING] [stderr] 2026-08-11T12:54:31.950-0600	INFO	ForkJoinPool-1-worker-1	stdout	nitro,clickbench,q39,5,74.332,79.626,97.264,84.046,110.000,109.000,1.2969,1406798,0,165
[WARNING] [stderr] 2026-08-11T12:54:31.950-0600	INFO	ForkJoinPool-1-worker-1	stdout	peak_memory,nitro,clickbench,q39,5,1.280,1.842,5752.209,9714.603
[WARNING] [stderr] 2026-08-11T12:54:31.950-0600	INFO	ForkJoinPool-1-worker-1	stdout	trino,clickbench,q39,5,60.768,64.276,84.595,71.068,159.000,166.200,2.3386,1406798,0,0
[WARNING] [stderr] 2026-08-11T12:54:31.950-0600	INFO	ForkJoinPool-1-worker-1	stdout	peak_memory,trino,clickbench,q39,5,1.779,10.055,9074.603,10258.603
[WARNING] [stderr] 2026-08-11T12:54:31.950-0600	INFO	ForkJoinPool-1-worker-1	stdout	nitro_over_trino_p50,1.2388116694110878
[WARNING] [stderr] 2026-08-11T12:54:31.950-0600	INFO	ForkJoinPool-1-worker-1	stdout	nitro_over_trino_cpu_p50,0.6918238993710691
[WARNING] [stderr] 2026-08-11T12:54:31.950-0600	INFO	ForkJoinPool-1-worker-1	stdout	nitro_over_trino_cpu_mean,0.6558363417569194
[WARNING] [stderr] 2026-08-11T12:54:37.144-0600	INFO	ForkJoinPool-1-worker-1	stdout	nitro,clickbench,q40,5,184.220,190.153,210.248,195.687,449.000,448.400,2.2914,1406798,0,165
[WARNING] [stderr] 2026-08-11T12:54:37.144-0600	INFO	ForkJoinPool-1-worker-1	stdout	peak_memory,nitro,clickbench,q40,5,2.180,2.180,7198.592,8446.592
[WARNING] [stderr] 2026-08-11T12:54:37.144-0600	INFO	ForkJoinPool-1-worker-1	stdout	trino,clickbench,q40,5,168.816,184.128,218.116,190.496,432.000,430.800,2.2615,1406798,0,0
[WARNING] [stderr] 2026-08-11T12:54:37.144-0600	INFO	ForkJoinPool-1-worker-1	stdout	peak_memory,trino,clickbench,q40,5,2.323,13.012,10238.592,10398.592
[WARNING] [stderr] 2026-08-11T12:54:37.144-0600	INFO	ForkJoinPool-1-worker-1	stdout	nitro_over_trino_p50,1.0327200092600828
[WARNING] [stderr] 2026-08-11T12:54:37.144-0600	INFO	ForkJoinPool-1-worker-1	stdout	nitro_over_trino_cpu_p50,1.0393518518518519
[WARNING] [stderr] 2026-08-11T12:54:37.144-0600	INFO	ForkJoinPool-1-worker-1	stdout	nitro_over_trino_cpu_mean,1.0408542246982357
[WARNING] [stderr] 2026-08-11T12:54:38.367-0600	INFO	ForkJoinPool-1-worker-1	stdout	nitro,clickbench,q41,5,53.311,57.997,61.651,57.677,42.000,42.400,0.7351,1406798,0,165
[WARNING] [stderr] 2026-08-11T12:54:38.367-0600	INFO	ForkJoinPool-1-worker-1	stdout	peak_memory,nitro,clickbench,q41,5,0.653,0.803,8994.559,9794.559
[WARNING] [stderr] 2026-08-11T12:54:38.367-0600	INFO	ForkJoinPool-1-worker-1	stdout	trino,clickbench,q41,5,33.425,34.724,36.720,35.008,86.000,86.000,2.4566,1406798,0,0
[WARNING] [stderr] 2026-08-11T12:54:38.367-0600	INFO	ForkJoinPool-1-worker-1	stdout	peak_memory,trino,clickbench,q41,5,2.004,7.005,8930.559,9698.559
[WARNING] [stderr] 2026-08-11T12:54:38.367-0600	INFO	ForkJoinPool-1-worker-1	stdout	nitro_over_trino_p50,1.6702013446939743
[WARNING] [stderr] 2026-08-11T12:54:38.367-0600	INFO	ForkJoinPool-1-worker-1	stdout	nitro_over_trino_cpu_p50,0.4883720930232558
[WARNING] [stderr] 2026-08-11T12:54:38.367-0600	INFO	ForkJoinPool-1-worker-1	stdout	nitro_over_trino_cpu_mean,0.4930232558139535
[WARNING] [stderr] 2026-08-11T12:54:40.007-0600	INFO	ForkJoinPool-1-worker-1	stdout	nitro,clickbench,q42,5,76.095,77.977,79.796,77.886,82.000,82.200,1.0554,1406798,0,165
[WARNING] [stderr] 2026-08-11T12:54:40.007-0600	INFO	ForkJoinPool-1-worker-1	stdout	peak_memory,nitro,clickbench,q42,5,0.649,0.650,6352.423,7120.423
[WARNING] [stderr] 2026-08-11T12:54:40.007-0600	INFO	ForkJoinPool-1-worker-1	stdout	trino,clickbench,q42,5,53.610,54.746,61.184,56.149,121.000,120.200,2.1407,1406798,0,0
[WARNING] [stderr] 2026-08-11T12:54:40.007-0600	INFO	ForkJoinPool-1-worker-1	stdout	peak_memory,trino,clickbench,q42,5,0.841,3.003,6256.423,7024.423
[WARNING] [stderr] 2026-08-11T12:54:40.007-0600	INFO	ForkJoinPool-1-worker-1	stdout	nitro_over_trino_p50,1.4243363346784548
[WARNING] [stderr] 2026-08-11T12:54:40.007-0600	INFO	ForkJoinPool-1-worker-1	stdout	nitro_over_trino_cpu_p50,0.6776859504132231
[WARNING] [stderr] 2026-08-11T12:54:40.007-0600	INFO	ForkJoinPool-1-worker-1	stdout	nitro_over_trino_cpu_mean,0.6838602329450915
[WARNING] [stderr] 2026-08-11T12:54:41.387-0600	INFO	ForkJoinPool-1-worker-1	stdout	nitro,clickbench,q43,5,55.142,58.512,64.576,58.990,73.000,73.000,1.2375,1406798,165,165
[WARNING] [stderr] 2026-08-11T12:54:41.387-0600	INFO	ForkJoinPool-1-worker-1	stdout	peak_memory,nitro,clickbench,q43,5,0.033,3.842,4313.873,9872.423
[WARNING] [stderr] 2026-08-11T12:54:41.388-0600	INFO	ForkJoinPool-1-worker-1	stdout	trino,clickbench,q43,5,34.949,38.625,58.887,41.391,97.000,97.200,2.3483,1406798,0,0
[WARNING] [stderr] 2026-08-11T12:54:41.388-0600	INFO	ForkJoinPool-1-worker-1	stdout	peak_memory,trino,clickbench,q43,5,2.033,4.213,9680.423,10256.423
[WARNING] [stderr] 2026-08-11T12:54:41.388-0600	INFO	ForkJoinPool-1-worker-1	stdout	nitro_over_trino_p50,1.5148493647596195
[WARNING] [stderr] 2026-08-11T12:54:41.388-0600	INFO	ForkJoinPool-1-worker-1	stdout	nitro_over_trino_cpu_p50,0.7525773195876289
[WARNING] [stderr] 2026-08-11T12:54:41.388-0600	INFO	ForkJoinPool-1-worker-1	stdout	nitro_over_trino_cpu_mean,0.7510288065843621
[INFO] Tests run: 1, Failures: 0, Errors: 0, Skipped: 0, Time elapsed: 1774 s -- in io.trino.tests.nitro.TestNitroClickBenchQueries
[WARNING] [stderr] 2026-08-11T12:54:41.440-0600	INFO	main	io.trino.testing.containers.junit.ReportLeakedContainers	DockerClientFactory not initialized, so there should be no leaked containers, skipping the check
[INFO] 
[INFO] Results:
[INFO] 
[INFO] Tests run: 1, Failures: 0, Errors: 0, Skipped: 0
[INFO] 
[INFO] ------------------------------------------------------------------------
[INFO] BUILD SUCCESS
[INFO] ------------------------------------------------------------------------
[INFO] Total time:  29:43 min (Wall Clock)
[INFO] Finished at: 2026-08-11T18:54:41Z
[INFO] ------------------------------------------------------------------------
[INFO] Njord session closed
