[INFO] Enabling strict checksum verification on all artifact downloads.
[INFO] Processing build on daemon 6333da9d
[INFO] Scanning for projects...
[INFO] Loaded 0 groupId for remote repository maven-central
[INFO] Loaded 0 groupId for remote repository google-maven-central-copy
[INFO] Njord 0.9.9 session created
[INFO] BuildTimeEventSpy is registered.
[INFO] 
[INFO] Using the SmartBuilder implementation with a thread count of 7
[INFO] 
[INFO] ------------------------< io.trino:trino-tests >------------------------
[INFO] Building trino-tests 484-SNAPSHOT
[INFO]   from pom.xml
[INFO] --------------------------------[ jar ]---------------------------------
[INFO] Loaded 0 groupId for remote repository ossrh
[INFO] Loaded 0 groupId for remote repository repo.gradle.org
[INFO] Loaded 0 groupId for remote repository central.maven.org
[INFO] 
[INFO] --- enforcer:3.6.3:enforce (default) @ trino-tests ---
[INFO] Rule 0: org.apache.maven.enforcer.rules.dependency.BannedDependencies passed
[INFO] Rule 1: org.apache.maven.plugins.enforcer.RestrictImports passed
[INFO] Rule 2: org.apache.maven.plugins.enforcer.RestrictImports passed
[INFO] Rule 3: org.apache.maven.plugins.enforcer.RestrictImports passed
[INFO] Rule 4: org.apache.maven.plugins.enforcer.RestrictImports passed
[INFO] Rule 5: org.apache.maven.enforcer.rules.RequireProfileIdsExist passed
[INFO] Rule 6: org.codehaus.mojo.extraenforcer.model.RequirePropertyDiverges passed
[INFO] Rule 7: org.apache.maven.enforcer.rules.property.RequireProperty passed
[INFO] Rule 8: org.apache.maven.enforcer.rules.RequireJavaVendor passed
[INFO] Rule 9: org.apache.maven.enforcer.rules.BanDuplicatePomDependencyVersions passed
[INFO] Rule 10: org.apache.maven.enforcer.rules.dependency.RequireUpperBoundDeps passed
[INFO] Rule 11: org.apache.maven.enforcer.rules.version.RequireMavenVersion passed
[INFO] Rule 12: org.apache.maven.enforcer.rules.version.RequireJavaVersion passed
[INFO] Rule 13: org.codehaus.mojo.extraenforcer.dependencies.EnforceBytecodeVersion passed
[INFO] Rule 14: org.apache.maven.enforcer.rules.RequirePluginVersions passed
[INFO] 
[INFO] --- sortpom:4.0.0:verify (default) @ trino-tests ---
[INFO] Verifying file /root/notes/trino.nitro/testing/trino-tests/pom.xml
[INFO] 
[INFO] --- license:5.0.0:check (default) @ trino-tests ---
[INFO] Checking licenses...
[INFO] 
[INFO] --- airstyle:9:check (airstyle) @ trino-tests ---
[INFO] All 144 files are already formatted
[INFO] 
[INFO] --- checkstyle:3.6.0:check (checkstyle) @ trino-tests ---
[INFO] You have 0 Checkstyle violations.
[INFO] 
[INFO] --- git-commit-id:10.0.0:revision (default) @ trino-tests ---
[INFO] 
[INFO] --- build-helper:3.6.1:bsh-property (surefire-enable-preview) @ trino-tests ---
[INFO] 
[INFO] --- jacoco:0.8.15:prepare-agent (default) @ trino-tests ---
[INFO] Skipping JaCoCo execution because property jacoco.skip is set.
[INFO] 
[INFO] --- resources:3.5.0:resources (default-resources) @ trino-tests ---
[INFO] skip non existing resourceDirectory /root/notes/trino.nitro/testing/trino-tests/src/main/resources
[INFO] 
[INFO] --- compiler:3.15.0:compile (default-compile) @ trino-tests ---
[INFO] Nothing to compile - all classes are up to date.
[INFO] 
[INFO] --- resources:3.5.0:testResources (default-testResources) @ trino-tests ---
[INFO] Copying 266 resources from src/test/resources to target/test-classes
[INFO] 
[INFO] --- compiler:3.15.0:testCompile (default-testCompile) @ trino-tests ---
[INFO] Nothing to compile - all classes are up to date.
[INFO] 
[INFO] --- dependency:3.11.0:analyze-only (default) @ trino-tests ---
[INFO] No dependency problems found
[INFO] 
[INFO] --- dependency:3.11.0:analyze-duplicate (default) @ trino-tests ---
[INFO] No duplicate dependencies found in <dependencies/> or in <dependencyManagement/>
[INFO] 
[INFO] --- duplicate-finder:2.0.1:check (default) @ trino-tests ---
[INFO] Checking compile classpath
[INFO] Checking runtime classpath
[INFO] Checking test classpath
[INFO] 
[INFO] --- modernizer:3.4.0:modernizer (modernizer) @ trino-tests ---
[INFO] 
[INFO] --- modernizer:3.4.0:modernizer (modernizer-production-code) @ trino-tests ---
[INFO] 
[INFO] --- surefire:3.5.6:test (default-test) @ trino-tests ---
[INFO] Tests will run in random order. To reproduce ordering use flag -Dsurefire.runOrder.random.seed=4818501714140251
[INFO] Using auto detected provider org.apache.maven.surefire.junitplatform.JUnitPlatformProvider
[INFO] 
[INFO] -------------------------------------------------------
[INFO]  T E S T S
[INFO] -------------------------------------------------------
[WARNING] [stderr] WARNING: Using incubator modules: jdk.incubator.vector
[WARNING] [stderr] 2026-08-11T13:13:41.646-0600	INFO	ForkJoinPool-1-worker-1	io.airlift.log.Logging	Logging to stderr
[INFO] Running io.trino.tests.nitro.TestNitroClickBenchQueries
[WARNING] [stderr] 2026-08-11T13:13:42.574-0600	INFO	ForkJoinPool-1-worker-1	io.trino.simd.BlockEncodingSimdSupport	Detected SIMD Support for architecture=amd64, vectorBitWidth=512: SimdSupport[capabilities=[COMPRESS_BYTE, EXPAND_BYTE, COMPRESS_SHORT, EXPAND_SHORT, COMPRESS_INT, EXPAND_INT, COMPRESS_LONG, EXPAND_LONG]]
[WARNING] [stderr] WARNING: A restricted method in java.lang.System has been called
[WARNING] [stderr] WARNING: java.lang.System::loadLibrary has been called by com.aayushatharva.brotli4j.Brotli4jLoader in an unnamed module (file:/root/.m2/repository/remote-cache/com/aayushatharva/brotli4j/brotli4j/1.23.0/brotli4j-1.23.0.jar)
[WARNING] [stderr] WARNING: Use --enable-native-access=ALL-UNNAMED to avoid a warning for callers in this module
[WARNING] [stderr] WARNING: Restricted methods will be blocked in a future release unless native access is enabled
[WARNING] [stderr] 
[WARNING] [stderr] 2026-08-11T13:13:43.936-0600	INFO	ForkJoinPool-1-worker-1	io.trino.testing.DistributedQueryRunner	Created DistributedQueryRunner in 1.97s (unclosed instances = 1)
[WARNING] [stderr] 2026-08-11T13:13:45.078-0600	INFO	ForkJoinPool-1-worker-1	io.trino.testing.DistributedQueryRunner	Created DistributedQueryRunner in 544.30ms (unclosed instances = 2)
[WARNING] [stderr] 2026-08-11T13:14:17.911-0600	INFO	Notification Thread	io.airlift.stats.JmxGcMonitor	Major GC: application 0.00s, stopped 282.00ms: 12.16GB -> 5.86GB
[WARNING] [stderr] 2026-08-11T13:14:17.911-0600	INFO	Notification Thread	io.airlift.stats.JmxGcMonitor	Major GC: application 0.00s, stopped 282.00ms: 12.16GB -> 5.86GB
[WARNING] [stderr] 2026-08-11T13:14:17.911-0600	INFO	Notification Thread	io.airlift.stats.JmxGcMonitor	Major GC: application 0.00s, stopped 282.00ms: 12.16GB -> 5.86GB
[WARNING] [stderr] 2026-08-11T13:14:17.911-0600	INFO	Notification Thread	io.airlift.stats.JmxGcMonitor	Major GC: application 0.00s, stopped 282.00ms: 12.16GB -> 5.86GB
[WARNING] [stderr] 2026-08-11T13:14:21.653-0600	INFO	Notification Thread	io.airlift.stats.JmxGcMonitor	Major GC: application 3.44s, stopped 302.00ms: 12.14GB -> 6.13GB
[WARNING] [stderr] 2026-08-11T13:14:21.653-0600	INFO	Notification Thread	io.airlift.stats.JmxGcMonitor	Major GC: application 3.44s, stopped 302.00ms: 12.14GB -> 6.13GB
[WARNING] [stderr] 2026-08-11T13:14:21.653-0600	INFO	Notification Thread	io.airlift.stats.JmxGcMonitor	Major GC: application 3.44s, stopped 302.00ms: 12.14GB -> 6.13GB
[WARNING] [stderr] 2026-08-11T13:14:21.653-0600	INFO	Notification Thread	io.airlift.stats.JmxGcMonitor	Major GC: application 3.44s, stopped 302.00ms: 12.14GB -> 6.13GB
[WARNING] [stderr] 2026-08-11T13:14:24.616-0600	INFO	Notification Thread	io.airlift.stats.JmxGcMonitor	Major GC: application 2.65s, stopped 305.00ms: 12.07GB -> 6.51GB
[WARNING] [stderr] 2026-08-11T13:14:24.617-0600	INFO	Notification Thread	io.airlift.stats.JmxGcMonitor	Major GC: application 2.65s, stopped 305.00ms: 12.07GB -> 6.51GB
[WARNING] [stderr] 2026-08-11T13:14:24.617-0600	INFO	Notification Thread	io.airlift.stats.JmxGcMonitor	Major GC: application 2.65s, stopped 305.00ms: 12.07GB -> 6.51GB
[WARNING] [stderr] 2026-08-11T13:14:24.617-0600	INFO	Notification Thread	io.airlift.stats.JmxGcMonitor	Major GC: application 2.65s, stopped 305.00ms: 12.07GB -> 6.51GB
[WARNING] [stderr] 2026-08-11T13:14:27.977-0600	INFO	Notification Thread	io.airlift.stats.JmxGcMonitor	Major GC: application 3.04s, stopped 323.00ms: 12.08GB -> 6.66GB
[WARNING] [stderr] 2026-08-11T13:14:27.977-0600	INFO	Notification Thread	io.airlift.stats.JmxGcMonitor	Major GC: application 3.04s, stopped 323.00ms: 12.08GB -> 6.66GB
[WARNING] [stderr] 2026-08-11T13:14:27.977-0600	INFO	Notification Thread	io.airlift.stats.JmxGcMonitor	Major GC: application 3.04s, stopped 323.00ms: 12.08GB -> 6.66GB
[WARNING] [stderr] 2026-08-11T13:14:27.977-0600	INFO	Notification Thread	io.airlift.stats.JmxGcMonitor	Major GC: application 3.04s, stopped 323.00ms: 12.08GB -> 6.66GB
[WARNING] [stderr] 2026-08-11T13:14:31.789-0600	INFO	Notification Thread	io.airlift.stats.JmxGcMonitor	Major GC: application 3.51s, stopped 305.00ms: 12.12GB -> 7.02GB
[WARNING] [stderr] 2026-08-11T13:14:31.789-0600	INFO	Notification Thread	io.airlift.stats.JmxGcMonitor	Major GC: application 3.51s, stopped 305.00ms: 12.12GB -> 7.02GB
[WARNING] [stderr] 2026-08-11T13:14:31.789-0600	INFO	Notification Thread	io.airlift.stats.JmxGcMonitor	Major GC: application 3.51s, stopped 305.00ms: 12.12GB -> 7.02GB
[WARNING] [stderr] 2026-08-11T13:14:31.789-0600	INFO	Notification Thread	io.airlift.stats.JmxGcMonitor	Major GC: application 3.51s, stopped 305.00ms: 12.12GB -> 7.02GB
[WARNING] [stderr] 2026-08-11T13:14:35.190-0600	INFO	Notification Thread	io.airlift.stats.JmxGcMonitor	Major GC: application 3.06s, stopped 338.00ms: 12.11GB -> 6.62GB
[WARNING] [stderr] 2026-08-11T13:14:35.190-0600	INFO	Notification Thread	io.airlift.stats.JmxGcMonitor	Major GC: application 3.06s, stopped 338.00ms: 12.11GB -> 6.62GB
[WARNING] [stderr] 2026-08-11T13:14:35.190-0600	INFO	Notification Thread	io.airlift.stats.JmxGcMonitor	Major GC: application 3.06s, stopped 338.00ms: 12.11GB -> 6.62GB
[WARNING] [stderr] 2026-08-11T13:14:35.190-0600	INFO	Notification Thread	io.airlift.stats.JmxGcMonitor	Major GC: application 3.06s, stopped 338.00ms: 12.11GB -> 6.62GB
[WARNING] [stderr] 2026-08-11T13:14:38.260-0600	INFO	Notification Thread	io.airlift.stats.JmxGcMonitor	Major GC: application 2.75s, stopped 319.00ms: 12.05GB -> 6.40GB
[WARNING] [stderr] 2026-08-11T13:14:38.260-0600	INFO	Notification Thread	io.airlift.stats.JmxGcMonitor	Major GC: application 2.75s, stopped 319.00ms: 12.05GB -> 6.40GB
[WARNING] [stderr] 2026-08-11T13:14:38.260-0600	INFO	Notification Thread	io.airlift.stats.JmxGcMonitor	Major GC: application 2.75s, stopped 319.00ms: 12.05GB -> 6.40GB
[WARNING] [stderr] 2026-08-11T13:14:38.260-0600	INFO	Notification Thread	io.airlift.stats.JmxGcMonitor	Major GC: application 2.75s, stopped 319.00ms: 12.05GB -> 6.40GB
[WARNING] [stderr] 2026-08-11T13:14:43.035-0600	INFO	ForkJoinPool-1-worker-1	stdout	engine,suite,query,measurements,min_ms,p50_ms,p95_ms,mean_ms,cpu_p50_ms,cpu_mean_ms,cpu_over_wall,input_positions,nitro_source_drivers,native_sources
[WARNING] [stderr] 2026-08-11T13:14:45.554-0600	INFO	ForkJoinPool-1-worker-1	stdout	operator_cpu,trino,ExchangeOperator,1,0.000,0.688,0.000,0,165,165,56.980,0.002,0.000
[WARNING] [stderr] 2026-08-11T13:14:45.554-0600	INFO	ForkJoinPool-1-worker-1	stdout	operator_cpu,trino,LocalExchangeSourceOperator,1,0.000,0.185,0.000,0,165,165,92.630,0.000,0.000
[WARNING] [stderr] 2026-08-11T13:14:45.554-0600	INFO	ForkJoinPool-1-worker-1	stdout	operator_cpu,trino,TaskOutputOperator,166,2.020,0.000,0.147,0,166,166,0.000,0.000,0.000
[WARNING] [stderr] 2026-08-11T13:14:45.554-0600	INFO	ForkJoinPool-1-worker-1	stdout	operator_cpu,trino,LocalExchangeSinkOperator,1,0.299,0.000,0.034,0,165,165,0.000,0.000,0.000
[WARNING] [stderr] 2026-08-11T13:14:45.555-0600	INFO	ForkJoinPool-1-worker-1	stdout	operator_cpu,trino,AggregationOperator,166,315.940,9.848,0.068,0,99997662,166,0.000,0.000,0.000
[WARNING] [stderr] 2026-08-11T13:14:45.555-0600	INFO	ForkJoinPool-1-worker-1	stdout	operator_cpu,trino,TableScanOperator,165,0.000,101.070,0.000,99997497,99997497,99997497,0.000,1.000,0.000
[WARNING] [stderr] 2026-08-11T13:14:45.731-0600	INFO	ForkJoinPool-1-worker-1	stdout	operator_cpu,nitro,ExchangeOperator,1,0.000,0.996,0.000,0,165,165,38.690,0.001,0.000
[WARNING] [stderr] 2026-08-11T13:14:45.731-0600	INFO	ForkJoinPool-1-worker-1	stdout	operator_cpu,nitro,LocalExchangeSourceOperator,1,0.000,0.197,0.000,0,165,165,75.900,0.000,0.000
[WARNING] [stderr] 2026-08-11T13:14:45.731-0600	INFO	ForkJoinPool-1-worker-1	stdout	operator_cpu,nitro,TaskOutputOperator,166,3.783,0.000,0.247,0,166,166,0.000,0.000,0.000
[WARNING] [stderr] 2026-08-11T13:14:45.731-0600	INFO	ForkJoinPool-1-worker-1	stdout	operator_cpu,nitro,LocalExchangeSinkOperator,1,0.353,0.000,0.026,0,165,165,0.000,0.000,0.000
[WARNING] [stderr] 2026-08-11T13:14:45.731-0600	INFO	ForkJoinPool-1-worker-1	stdout	operator_cpu,nitro,TrinoNitroAggregationOperator,1,1.050,0.132,0.001,0,165,1,0.000,0.000,0.000
[WARNING] [stderr] 2026-08-11T13:14:45.731-0600	INFO	ForkJoinPool-1-worker-1	stdout	operator_cpu,nitro,TrinoNitroAggregationSourceOperator,165,0.000,222.730,0.000,99997497,99997497,165,0.000,0.095,0.000
[WARNING] [stderr] 2026-08-11T13:14:45.731-0600	INFO	ForkJoinPool-1-worker-1	stdout	operator_metric,nitro,TrinoNitroAggregationOperator,nitroBoundaryPageEgressBytes,10
[WARNING] [stderr] 2026-08-11T13:14:45.731-0600	INFO	ForkJoinPool-1-worker-1	stdout	operator_metric,nitro,TrinoNitroAggregationOperator,nitroAggregationFlushNanos,0
[WARNING] [stderr] 2026-08-11T13:14:45.731-0600	INFO	ForkJoinPool-1-worker-1	stdout	operator_metric,nitro,TrinoNitroAggregationOperator,nitroBoundaryPageEgressPositions,1
[WARNING] [stderr] 2026-08-11T13:14:45.731-0600	INFO	ForkJoinPool-1-worker-1	stdout	operator_metric,nitro,TrinoNitroAggregationOperator,nitroBoundaryPageIngressBytes,1650
[WARNING] [stderr] 2026-08-11T13:14:45.732-0600	INFO	ForkJoinPool-1-worker-1	stdout	operator_metric,nitro,TrinoNitroAggregationOperator,nitroBoundaryPageIngressPositions,165
[WARNING] [stderr] 2026-08-11T13:14:45.732-0600	INFO	ForkJoinPool-1-worker-1	stdout	operator_metric,nitro,TrinoNitroAggregationOperator,nitroBoundaryPageIngressDictionaryChannelPositions,0
[WARNING] [stderr] 2026-08-11T13:14:45.732-0600	INFO	ForkJoinPool-1-worker-1	stdout	operator_metric,nitro,TrinoNitroAggregationOperator,nitroBoundaryPageEgressDictionaryChannelPositions,0
[WARNING] [stderr] 2026-08-11T13:14:45.732-0600	INFO	ForkJoinPool-1-worker-1	stdout	operator_metric,nitro,TrinoNitroAggregationOperator,nitroAggregationInputNanos,1481939
[WARNING] [stderr] 2026-08-11T13:14:45.732-0600	INFO	ForkJoinPool-1-worker-1	stdout	operator_metric,nitro,TrinoNitroAggregationOperator,nitroAggregationInitialAggregationNanos,0
[WARNING] [stderr] 2026-08-11T13:14:45.732-0600	INFO	ForkJoinPool-1-worker-1	stdout	operator_metric,nitro,TrinoNitroAggregationOperator,nitroBoundaryPageEgressRunLengthChannelPositions,0
[WARNING] [stderr] 2026-08-11T13:14:45.732-0600	INFO	ForkJoinPool-1-worker-1	stdout	operator_metric,nitro,TrinoNitroAggregationOperator,nitroBoundaryPageIngressRunLengthChannelPositions,0
[WARNING] [stderr] 2026-08-11T13:14:45.732-0600	INFO	ForkJoinPool-1-worker-1	stdout	operator_metric,nitro,TrinoNitroAggregationOperator,nitroAggregationInitialFlatKeyNanos,0
[WARNING] [stderr] 2026-08-11T13:14:45.732-0600	INFO	ForkJoinPool-1-worker-1	stdout	operator_metric,nitro,TrinoNitroAggregationOperator,nitroBoundaryNativeEgressRunLengthChannelPositions,0
[WARNING] [stderr] 2026-08-11T13:14:45.732-0600	INFO	ForkJoinPool-1-worker-1	stdout	operator_metric,nitro,TrinoNitroAggregationOperator,nitroAggregationStatePreparationNanos,0
[WARNING] [stderr] 2026-08-11T13:14:45.732-0600	INFO	ForkJoinPool-1-worker-1	stdout	operator_metric,nitro,TrinoNitroAggregationOperator,nitroBoundaryNativeEgressFlatChannelPositions,2
[WARNING] [stderr] 2026-08-11T13:14:45.732-0600	INFO	ForkJoinPool-1-worker-1	stdout	operator_metric,nitro,TrinoNitroAggregationOperator,nitroBoundaryPageIngressFlatChannelPositions,330
[WARNING] [stderr] 2026-08-11T13:14:45.732-0600	INFO	ForkJoinPool-1-worker-1	stdout	operator_metric,nitro,TrinoNitroAggregationOperator,nitroBoundaryPageEgressFlatChannelPositions,2
[WARNING] [stderr] 2026-08-11T13:14:45.732-0600	INFO	ForkJoinPool-1-worker-1	stdout	operator_metric,nitro,TrinoNitroAggregationOperator,nitroBoundaryPageEgressPages,1
[WARNING] [stderr] 2026-08-11T13:14:45.732-0600	INFO	ForkJoinPool-1-worker-1	stdout	operator_metric,nitro,TrinoNitroAggregationOperator,nitroBoundaryPageIngressPages,165
[WARNING] [stderr] 2026-08-11T13:14:45.732-0600	INFO	ForkJoinPool-1-worker-1	stdout	operator_metric,nitro,TrinoNitroAggregationOperator,nitroAggregationInitialKeyNanos,0
[WARNING] [stderr] 2026-08-11T13:14:45.732-0600	INFO	ForkJoinPool-1-worker-1	stdout	operator_metric,nitro,TrinoNitroAggregationOperator,nitroAggregationInitialEncodedKeyNanos,0
[WARNING] [stderr] 2026-08-11T13:14:45.732-0600	INFO	ForkJoinPool-1-worker-1	stdout	operator_metric,nitro,TrinoNitroAggregationOperator,nitroAggregationOutputNanos,9338
[WARNING] [stderr] 2026-08-11T13:14:45.732-0600	INFO	ForkJoinPool-1-worker-1	stdout	operator_metric,nitro,TrinoNitroAggregationOperator,nitroAggregationPipelineNanos,0
[WARNING] [stderr] 2026-08-11T13:14:45.732-0600	INFO	ForkJoinPool-1-worker-1	stdout	operator_metric,nitro,TrinoNitroAggregationOperator,nitroAggregationGroupingNanos,0
[WARNING] [stderr] 2026-08-11T13:14:45.732-0600	INFO	ForkJoinPool-1-worker-1	stdout	operator_metric,nitro,TrinoNitroAggregationOperator,nitroAggregationAccumulationNanos,0
[WARNING] [stderr] 2026-08-11T13:14:45.732-0600	INFO	ForkJoinPool-1-worker-1	stdout	operator_metric,nitro,TrinoNitroAggregationOperator,nitroAggregationFusedNanos,0
[WARNING] [stderr] 2026-08-11T13:14:45.732-0600	INFO	ForkJoinPool-1-worker-1	stdout	operator_metric,nitro,TrinoNitroAggregationOperator,nitroBoundaryNativeEgressDictionaryChannelPositions,0
[WARNING] [stderr] 2026-08-11T13:14:45.732-0600	INFO	ForkJoinPool-1-worker-1	stdout	operator_metric,nitro,TrinoNitroAggregationSourceOperator,nitroBoundaryPageEgressBytes,1650
[WARNING] [stderr] 2026-08-11T13:14:45.732-0600	INFO	ForkJoinPool-1-worker-1	stdout	operator_metric,nitro,TrinoNitroAggregationSourceOperator,nitroBoundaryNativeEgressFlatChannelPositions,330
[WARNING] [stderr] 2026-08-11T13:14:45.732-0600	INFO	ForkJoinPool-1-worker-1	stdout	operator_metric,nitro,TrinoNitroAggregationSourceOperator,nitroBoundaryPageEgressRunLengthChannelPositions,0
[WARNING] [stderr] 2026-08-11T13:14:45.732-0600	INFO	ForkJoinPool-1-worker-1	stdout	operator_metric,nitro,TrinoNitroAggregationSourceOperator,nitroBoundaryNativeEgressDictionaryChannelPositions,0
[WARNING] [stderr] 2026-08-11T13:14:45.732-0600	INFO	ForkJoinPool-1-worker-1	stdout	operator_metric,nitro,TrinoNitroAggregationSourceOperator,nitroAggregationInitialKeyNanos,0
[WARNING] [stderr] 2026-08-11T13:14:45.732-0600	INFO	ForkJoinPool-1-worker-1	stdout	operator_metric,nitro,TrinoNitroAggregationSourceOperator,nitroBoundaryPageEgressPositions,165
[WARNING] [stderr] 2026-08-11T13:14:45.732-0600	INFO	ForkJoinPool-1-worker-1	stdout	operator_metric,nitro,TrinoNitroAggregationSourceOperator,nitroNativeSourceCreationNanos,12112023
[WARNING] [stderr] 2026-08-11T13:14:45.732-0600	INFO	ForkJoinPool-1-worker-1	stdout	operator_metric,nitro,TrinoNitroAggregationSourceOperator,nitroAggregationFlushNanos,0
[WARNING] [stderr] 2026-08-11T13:14:45.732-0600	INFO	ForkJoinPool-1-worker-1	stdout	operator_metric,nitro,TrinoNitroAggregationSourceOperator,nitroAggregationAccumulationNanos,0
[WARNING] [stderr] 2026-08-11T13:14:45.732-0600	INFO	ForkJoinPool-1-worker-1	stdout	operator_metric,nitro,TrinoNitroAggregationSourceOperator,nitroAggregationStatePreparationNanos,0
[WARNING] [stderr] 2026-08-11T13:14:45.732-0600	INFO	ForkJoinPool-1-worker-1	stdout	operator_metric,nitro,TrinoNitroAggregationSourceOperator,nitroOperatorConstructionNanos,2716093
[WARNING] [stderr] 2026-08-11T13:14:45.732-0600	INFO	ForkJoinPool-1-worker-1	stdout	operator_metric,nitro,TrinoNitroAggregationSourceOperator,nitroAggregationInputNanos,286295643
[WARNING] [stderr] 2026-08-11T13:14:45.732-0600	INFO	ForkJoinPool-1-worker-1	stdout	operator_metric,nitro,TrinoNitroAggregationSourceOperator,nitroBoundaryPageEgressDictionaryChannelPositions,0
[WARNING] [stderr] 2026-08-11T13:14:45.732-0600	INFO	ForkJoinPool-1-worker-1	stdout	operator_metric,nitro,TrinoNitroAggregationSourceOperator,nitroBoundaryPageEgressPages,165
[WARNING] [stderr] 2026-08-11T13:14:45.732-0600	INFO	ForkJoinPool-1-worker-1	stdout	operator_metric,nitro,TrinoNitroAggregationSourceOperator,nitroAggregationInitialAggregationNanos,0
[WARNING] [stderr] 2026-08-11T13:14:45.732-0600	INFO	ForkJoinPool-1-worker-1	stdout	operator_metric,nitro,TrinoNitroAggregationSourceOperator,nitroAggregationFusedNanos,0
[WARNING] [stderr] 2026-08-11T13:14:45.732-0600	INFO	ForkJoinPool-1-worker-1	stdout	operator_metric,nitro,TrinoNitroAggregationSourceOperator,nitroAggregationInitialEncodedKeyNanos,0
[WARNING] [stderr] 2026-08-11T13:14:45.732-0600	INFO	ForkJoinPool-1-worker-1	stdout	operator_metric,nitro,TrinoNitroAggregationSourceOperator,nitroBoundaryPageEgressFlatChannelPositions,330
[WARNING] [stderr] 2026-08-11T13:14:45.732-0600	INFO	ForkJoinPool-1-worker-1	stdout	operator_metric,nitro,TrinoNitroAggregationSourceOperator,nitroAggregationInitialFlatKeyNanos,0
[WARNING] [stderr] 2026-08-11T13:14:45.732-0600	INFO	ForkJoinPool-1-worker-1	stdout	operator_metric,nitro,TrinoNitroAggregationSourceOperator,nitroAggregationGroupingNanos,0
[WARNING] [stderr] 2026-08-11T13:14:45.732-0600	INFO	ForkJoinPool-1-worker-1	stdout	operator_metric,nitro,TrinoNitroAggregationSourceOperator,nitroAggregationOutputNanos,1548781
[WARNING] [stderr] 2026-08-11T13:14:45.732-0600	INFO	ForkJoinPool-1-worker-1	stdout	operator_metric,nitro,TrinoNitroAggregationSourceOperator,nitroAggregationPipelineNanos,0
[WARNING] [stderr] 2026-08-11T13:14:45.732-0600	INFO	ForkJoinPool-1-worker-1	stdout	operator_metric,nitro,TrinoNitroAggregationSourceOperator,nitroBoundaryNativeEgressRunLengthChannelPositions,0
[WARNING] [stderr] 2026-08-11T13:14:45.881-0600	INFO	ForkJoinPool-1-worker-1	stdout	operator_cpu,nitro,ExchangeOperator,1,0.000,0.901,0.000,0,165,165,45.900,0.001,0.000
[WARNING] [stderr] 2026-08-11T13:14:45.881-0600	INFO	ForkJoinPool-1-worker-1	stdout	operator_cpu,nitro,LocalExchangeSourceOperator,1,0.000,0.195,0.000,0,165,165,56.380,0.000,0.000
[WARNING] [stderr] 2026-08-11T13:14:45.881-0600	INFO	ForkJoinPool-1-worker-1	stdout	operator_cpu,nitro,TaskOutputOperator,166,3.432,0.000,0.229,0,166,166,0.000,0.000,0.000
[WARNING] [stderr] 2026-08-11T13:14:45.881-0600	INFO	ForkJoinPool-1-worker-1	stdout	operator_cpu,nitro,LocalExchangeSinkOperator,1,0.308,0.000,0.027,0,165,165,0.000,0.000,0.000
[WARNING] [stderr] 2026-08-11T13:14:45.882-0600	INFO	ForkJoinPool-1-worker-1	stdout	operator_cpu,nitro,TrinoNitroAggregationOperator,1,1.020,0.131,0.002,0,165,1,0.000,0.000,0.000
[WARNING] [stderr] 2026-08-11T13:14:45.882-0600	INFO	ForkJoinPool-1-worker-1	stdout	operator_cpu,nitro,TrinoNitroAggregationSourceOperator,165,0.000,218.620,0.000,99997497,99997497,165,0.000,0.095,0.000
[WARNING] [stderr] 2026-08-11T13:14:45.882-0600	INFO	ForkJoinPool-1-worker-1	stdout	operator_metric,nitro,TrinoNitroAggregationOperator,nitroBoundaryPageEgressBytes,10
[WARNING] [stderr] 2026-08-11T13:14:45.882-0600	INFO	ForkJoinPool-1-worker-1	stdout	operator_metric,nitro,TrinoNitroAggregationOperator,nitroAggregationFlushNanos,0
[WARNING] [stderr] 2026-08-11T13:14:45.882-0600	INFO	ForkJoinPool-1-worker-1	stdout	operator_metric,nitro,TrinoNitroAggregationOperator,nitroBoundaryPageEgressPositions,1
[WARNING] [stderr] 2026-08-11T13:14:45.882-0600	INFO	ForkJoinPool-1-worker-1	stdout	operator_metric,nitro,TrinoNitroAggregationOperator,nitroBoundaryPageIngressBytes,1650
[WARNING] [stderr] 2026-08-11T13:14:45.882-0600	INFO	ForkJoinPool-1-worker-1	stdout	operator_metric,nitro,TrinoNitroAggregationOperator,nitroBoundaryPageIngressPositions,165
[WARNING] [stderr] 2026-08-11T13:14:45.882-0600	INFO	ForkJoinPool-1-worker-1	stdout	operator_metric,nitro,TrinoNitroAggregationOperator,nitroBoundaryPageIngressDictionaryChannelPositions,0
[WARNING] [stderr] 2026-08-11T13:14:45.882-0600	INFO	ForkJoinPool-1-worker-1	stdout	operator_metric,nitro,TrinoNitroAggregationOperator,nitroBoundaryPageEgressDictionaryChannelPositions,0
[WARNING] [stderr] 2026-08-11T13:14:45.882-0600	INFO	ForkJoinPool-1-worker-1	stdout	operator_metric,nitro,TrinoNitroAggregationOperator,nitroAggregationInputNanos,507472
[WARNING] [stderr] 2026-08-11T13:14:45.882-0600	INFO	ForkJoinPool-1-worker-1	stdout	operator_metric,nitro,TrinoNitroAggregationOperator,nitroAggregationInitialAggregationNanos,0
[WARNING] [stderr] 2026-08-11T13:14:45.882-0600	INFO	ForkJoinPool-1-worker-1	stdout	operator_metric,nitro,TrinoNitroAggregationOperator,nitroBoundaryPageEgressRunLengthChannelPositions,0
[WARNING] [stderr] 2026-08-11T13:14:45.882-0600	INFO	ForkJoinPool-1-worker-1	stdout	operator_metric,nitro,TrinoNitroAggregationOperator,nitroBoundaryPageIngressRunLengthChannelPositions,0
[WARNING] [stderr] 2026-08-11T13:14:45.882-0600	INFO	ForkJoinPool-1-worker-1	stdout	operator_metric,nitro,TrinoNitroAggregationOperator,nitroAggregationInitialFlatKeyNanos,0
[WARNING] [stderr] 2026-08-11T13:14:45.882-0600	INFO	ForkJoinPool-1-worker-1	stdout	operator_metric,nitro,TrinoNitroAggregationOperator,nitroBoundaryNativeEgressRunLengthChannelPositions,0
[WARNING] [stderr] 2026-08-11T13:14:45.882-0600	INFO	ForkJoinPool-1-worker-1	stdout	operator_metric,nitro,TrinoNitroAggregationOperator,nitroAggregationStatePreparationNanos,0
[WARNING] [stderr] 2026-08-11T13:14:45.882-0600	INFO	ForkJoinPool-1-worker-1	stdout	operator_metric,nitro,TrinoNitroAggregationOperator,nitroBoundaryNativeEgressFlatChannelPositions,2
[WARNING] [stderr] 2026-08-11T13:14:45.882-0600	INFO	ForkJoinPool-1-worker-1	stdout	operator_metric,nitro,TrinoNitroAggregationOperator,nitroBoundaryPageIngressFlatChannelPositions,330
[WARNING] [stderr] 2026-08-11T13:14:45.882-0600	INFO	ForkJoinPool-1-worker-1	stdout	operator_metric,nitro,TrinoNitroAggregationOperator,nitroBoundaryPageEgressFlatChannelPositions,2
[WARNING] [stderr] 2026-08-11T13:14:45.882-0600	INFO	ForkJoinPool-1-worker-1	stdout	operator_metric,nitro,TrinoNitroAggregationOperator,nitroBoundaryPageEgressPages,1
[WARNING] [stderr] 2026-08-11T13:14:45.882-0600	INFO	ForkJoinPool-1-worker-1	stdout	operator_metric,nitro,TrinoNitroAggregationOperator,nitroBoundaryPageIngressPages,165
[WARNING] [stderr] 2026-08-11T13:14:45.882-0600	INFO	ForkJoinPool-1-worker-1	stdout	operator_metric,nitro,TrinoNitroAggregationOperator,nitroAggregationInitialKeyNanos,0
[WARNING] [stderr] 2026-08-11T13:14:45.882-0600	INFO	ForkJoinPool-1-worker-1	stdout	operator_metric,nitro,TrinoNitroAggregationOperator,nitroAggregationInitialEncodedKeyNanos,0
[WARNING] [stderr] 2026-08-11T13:14:45.882-0600	INFO	ForkJoinPool-1-worker-1	stdout	operator_metric,nitro,TrinoNitroAggregationOperator,nitroAggregationOutputNanos,9448
[WARNING] [stderr] 2026-08-11T13:14:45.882-0600	INFO	ForkJoinPool-1-worker-1	stdout	operator_metric,nitro,TrinoNitroAggregationOperator,nitroAggregationPipelineNanos,0
[WARNING] [stderr] 2026-08-11T13:14:45.882-0600	INFO	ForkJoinPool-1-worker-1	stdout	operator_metric,nitro,TrinoNitroAggregationOperator,nitroAggregationGroupingNanos,0
[WARNING] [stderr] 2026-08-11T13:14:45.882-0600	INFO	ForkJoinPool-1-worker-1	stdout	operator_metric,nitro,TrinoNitroAggregationOperator,nitroAggregationAccumulationNanos,0
[WARNING] [stderr] 2026-08-11T13:14:45.882-0600	INFO	ForkJoinPool-1-worker-1	stdout	operator_metric,nitro,TrinoNitroAggregationOperator,nitroAggregationFusedNanos,0
[WARNING] [stderr] 2026-08-11T13:14:45.882-0600	INFO	ForkJoinPool-1-worker-1	stdout	operator_metric,nitro,TrinoNitroAggregationOperator,nitroBoundaryNativeEgressDictionaryChannelPositions,0
[WARNING] [stderr] 2026-08-11T13:14:45.882-0600	INFO	ForkJoinPool-1-worker-1	stdout	operator_metric,nitro,TrinoNitroAggregationSourceOperator,nitroBoundaryPageEgressBytes,1650
[WARNING] [stderr] 2026-08-11T13:14:45.882-0600	INFO	ForkJoinPool-1-worker-1	stdout	operator_metric,nitro,TrinoNitroAggregationSourceOperator,nitroBoundaryNativeEgressFlatChannelPositions,330
[WARNING] [stderr] 2026-08-11T13:14:45.882-0600	INFO	ForkJoinPool-1-worker-1	stdout	operator_metric,nitro,TrinoNitroAggregationSourceOperator,nitroBoundaryPageEgressRunLengthChannelPositions,0
[WARNING] [stderr] 2026-08-11T13:14:45.882-0600	INFO	ForkJoinPool-1-worker-1	stdout	operator_metric,nitro,TrinoNitroAggregationSourceOperator,nitroBoundaryNativeEgressDictionaryChannelPositions,0
[WARNING] [stderr] 2026-08-11T13:14:45.882-0600	INFO	ForkJoinPool-1-worker-1	stdout	operator_metric,nitro,TrinoNitroAggregationSourceOperator,nitroAggregationInitialKeyNanos,0
[WARNING] [stderr] 2026-08-11T13:14:45.882-0600	INFO	ForkJoinPool-1-worker-1	stdout	operator_metric,nitro,TrinoNitroAggregationSourceOperator,nitroBoundaryPageEgressPositions,165
[WARNING] [stderr] 2026-08-11T13:14:45.882-0600	INFO	ForkJoinPool-1-worker-1	stdout	operator_metric,nitro,TrinoNitroAggregationSourceOperator,nitroNativeSourceCreationNanos,10624154
[WARNING] [stderr] 2026-08-11T13:14:45.882-0600	INFO	ForkJoinPool-1-worker-1	stdout	operator_metric,nitro,TrinoNitroAggregationSourceOperator,nitroAggregationFlushNanos,0
[WARNING] [stderr] 2026-08-11T13:14:45.882-0600	INFO	ForkJoinPool-1-worker-1	stdout	operator_metric,nitro,TrinoNitroAggregationSourceOperator,nitroAggregationAccumulationNanos,0
[WARNING] [stderr] 2026-08-11T13:14:45.882-0600	INFO	ForkJoinPool-1-worker-1	stdout	operator_metric,nitro,TrinoNitroAggregationSourceOperator,nitroAggregationStatePreparationNanos,0
[WARNING] [stderr] 2026-08-11T13:14:45.882-0600	INFO	ForkJoinPool-1-worker-1	stdout	operator_metric,nitro,TrinoNitroAggregationSourceOperator,nitroOperatorConstructionNanos,2037595
[WARNING] [stderr] 2026-08-11T13:14:45.882-0600	INFO	ForkJoinPool-1-worker-1	stdout	operator_metric,nitro,TrinoNitroAggregationSourceOperator,nitroAggregationInputNanos,243144712
[WARNING] [stderr] 2026-08-11T13:14:45.882-0600	INFO	ForkJoinPool-1-worker-1	stdout	operator_metric,nitro,TrinoNitroAggregationSourceOperator,nitroBoundaryPageEgressDictionaryChannelPositions,0
[WARNING] [stderr] 2026-08-11T13:14:45.882-0600	INFO	ForkJoinPool-1-worker-1	stdout	operator_metric,nitro,TrinoNitroAggregationSourceOperator,nitroBoundaryPageEgressPages,165
[WARNING] [stderr] 2026-08-11T13:14:45.882-0600	INFO	ForkJoinPool-1-worker-1	stdout	operator_metric,nitro,TrinoNitroAggregationSourceOperator,nitroAggregationInitialAggregationNanos,0
[WARNING] [stderr] 2026-08-11T13:14:45.882-0600	INFO	ForkJoinPool-1-worker-1	stdout	operator_metric,nitro,TrinoNitroAggregationSourceOperator,nitroAggregationFusedNanos,0
[WARNING] [stderr] 2026-08-11T13:14:45.882-0600	INFO	ForkJoinPool-1-worker-1	stdout	operator_metric,nitro,TrinoNitroAggregationSourceOperator,nitroAggregationInitialEncodedKeyNanos,0
[WARNING] [stderr] 2026-08-11T13:14:45.882-0600	INFO	ForkJoinPool-1-worker-1	stdout	operator_metric,nitro,TrinoNitroAggregationSourceOperator,nitroBoundaryPageEgressFlatChannelPositions,330
[WARNING] [stderr] 2026-08-11T13:14:45.882-0600	INFO	ForkJoinPool-1-worker-1	stdout	operator_metric,nitro,TrinoNitroAggregationSourceOperator,nitroAggregationInitialFlatKeyNanos,0
[WARNING] [stderr] 2026-08-11T13:14:45.882-0600	INFO	ForkJoinPool-1-worker-1	stdout	operator_metric,nitro,TrinoNitroAggregationSourceOperator,nitroAggregationGroupingNanos,0
[WARNING] [stderr] 2026-08-11T13:14:45.882-0600	INFO	ForkJoinPool-1-worker-1	stdout	operator_metric,nitro,TrinoNitroAggregationSourceOperator,nitroAggregationOutputNanos,1039300
[WARNING] [stderr] 2026-08-11T13:14:45.882-0600	INFO	ForkJoinPool-1-worker-1	stdout	operator_metric,nitro,TrinoNitroAggregationSourceOperator,nitroAggregationPipelineNanos,0
[WARNING] [stderr] 2026-08-11T13:14:45.882-0600	INFO	ForkJoinPool-1-worker-1	stdout	operator_metric,nitro,TrinoNitroAggregationSourceOperator,nitroBoundaryNativeEgressRunLengthChannelPositions,0
[WARNING] [stderr] 2026-08-11T13:14:46.020-0600	INFO	ForkJoinPool-1-worker-1	stdout	operator_cpu,trino,ExchangeOperator,1,0.000,0.586,0.000,0,165,165,48.210,0.002,0.000
[WARNING] [stderr] 2026-08-11T13:14:46.021-0600	INFO	ForkJoinPool-1-worker-1	stdout	operator_cpu,trino,LocalExchangeSourceOperator,1,0.000,0.150,0.000,0,165,165,72.650,0.000,0.000
[WARNING] [stderr] 2026-08-11T13:14:46.021-0600	INFO	ForkJoinPool-1-worker-1	stdout	operator_cpu,trino,TaskOutputOperator,166,2.202,0.000,0.144,0,166,166,0.000,0.000,0.000
[WARNING] [stderr] 2026-08-11T13:14:46.021-0600	INFO	ForkJoinPool-1-worker-1	stdout	operator_cpu,trino,LocalExchangeSinkOperator,1,0.246,0.000,0.034,0,165,165,0.000,0.000,0.000
[WARNING] [stderr] 2026-08-11T13:14:46.021-0600	INFO	ForkJoinPool-1-worker-1	stdout	operator_cpu,trino,AggregationOperator,166,315.318,9.685,0.070,0,99997662,166,0.000,0.000,0.000
[WARNING] [stderr] 2026-08-11T13:14:46.021-0600	INFO	ForkJoinPool-1-worker-1	stdout	operator_cpu,trino,TableScanOperator,165,0.000,99.260,0.000,99997497,99997497,99997497,0.000,1.000,0.000
[WARNING] [stderr] 2026-08-11T13:14:46.162-0600	INFO	ForkJoinPool-1-worker-1	stdout	operator_cpu,trino,ExchangeOperator,1,0.000,0.563,0.000,0,165,165,52.540,0.002,0.000
[WARNING] [stderr] 2026-08-11T13:14:46.162-0600	INFO	ForkJoinPool-1-worker-1	stdout	operator_cpu,trino,LocalExchangeSourceOperator,1,0.000,0.158,0.000,0,165,165,80.920,0.000,0.000
[WARNING] [stderr] 2026-08-11T13:14:46.162-0600	INFO	ForkJoinPool-1-worker-1	stdout	operator_cpu,trino,TaskOutputOperator,166,2.129,0.000,0.156,0,166,166,0.000,0.000,0.000
[WARNING] [stderr] 2026-08-11T13:14:46.162-0600	INFO	ForkJoinPool-1-worker-1	stdout	operator_cpu,trino,LocalExchangeSinkOperator,1,0.233,0.000,0.027,0,165,165,0.000,0.000,0.000
[WARNING] [stderr] 2026-08-11T13:14:46.162-0600	INFO	ForkJoinPool-1-worker-1	stdout	operator_cpu,trino,AggregationOperator,166,315.034,9.826,0.066,0,99997662,166,0.000,0.000,0.000
[WARNING] [stderr] 2026-08-11T13:14:46.162-0600	INFO	ForkJoinPool-1-worker-1	stdout	operator_cpu,trino,TableScanOperator,165,0.000,99.340,0.000,99997497,99997497,99997497,0.000,1.000,0.000
[WARNING] [stderr] 2026-08-11T13:14:46.316-0600	INFO	ForkJoinPool-1-worker-1	stdout	operator_cpu,nitro,ExchangeOperator,1,0.000,0.821,0.000,0,165,165,34.890,0.001,0.000
[WARNING] [stderr] 2026-08-11T13:14:46.316-0600	INFO	ForkJoinPool-1-worker-1	stdout	operator_cpu,nitro,LocalExchangeSourceOperator,1,0.000,0.186,0.000,0,165,165,58.560,0.000,0.000
[WARNING] [stderr] 2026-08-11T13:14:46.316-0600	INFO	ForkJoinPool-1-worker-1	stdout	operator_cpu,nitro,TaskOutputOperator,166,3.120,0.000,0.234,0,166,166,0.000,0.000,0.000
[WARNING] [stderr] 2026-08-11T13:14:46.316-0600	INFO	ForkJoinPool-1-worker-1	stdout	operator_cpu,nitro,LocalExchangeSinkOperator,1,0.296,0.000,0.026,0,165,165,0.000,0.000,0.000
[WARNING] [stderr] 2026-08-11T13:14:46.316-0600	INFO	ForkJoinPool-1-worker-1	stdout	operator_cpu,nitro,TrinoNitroAggregationOperator,1,0.898,0.131,0.007,0,165,1,0.000,0.000,0.000
[WARNING] [stderr] 2026-08-11T13:14:46.316-0600	INFO	ForkJoinPool-1-worker-1	stdout	operator_cpu,nitro,TrinoNitroAggregationSourceOperator,165,0.000,218.750,0.000,99997497,99997497,165,0.000,0.095,0.000
[WARNING] [stderr] 2026-08-11T13:14:46.316-0600	INFO	ForkJoinPool-1-worker-1	stdout	operator_metric,nitro,TrinoNitroAggregationOperator,nitroBoundaryPageEgressBytes,10
[WARNING] [stderr] 2026-08-11T13:14:46.316-0600	INFO	ForkJoinPool-1-worker-1	stdout	operator_metric,nitro,TrinoNitroAggregationOperator,nitroAggregationFlushNanos,0
[WARNING] [stderr] 2026-08-11T13:14:46.316-0600	INFO	ForkJoinPool-1-worker-1	stdout	operator_metric,nitro,TrinoNitroAggregationOperator,nitroBoundaryPageEgressPositions,1
[WARNING] [stderr] 2026-08-11T13:14:46.316-0600	INFO	ForkJoinPool-1-worker-1	stdout	operator_metric,nitro,TrinoNitroAggregationOperator,nitroBoundaryPageIngressBytes,1650
[WARNING] [stderr] 2026-08-11T13:14:46.316-0600	INFO	ForkJoinPool-1-worker-1	stdout	operator_metric,nitro,TrinoNitroAggregationOperator,nitroBoundaryPageIngressPositions,165
[WARNING] [stderr] 2026-08-11T13:14:46.316-0600	INFO	ForkJoinPool-1-worker-1	stdout	operator_metric,nitro,TrinoNitroAggregationOperator,nitroBoundaryPageIngressDictionaryChannelPositions,0
[WARNING] [stderr] 2026-08-11T13:14:46.316-0600	INFO	ForkJoinPool-1-worker-1	stdout	operator_metric,nitro,TrinoNitroAggregationOperator,nitroBoundaryPageEgressDictionaryChannelPositions,0
[WARNING] [stderr] 2026-08-11T13:14:46.316-0600	INFO	ForkJoinPool-1-worker-1	stdout	operator_metric,nitro,TrinoNitroAggregationOperator,nitroAggregationInputNanos,383026
[WARNING] [stderr] 2026-08-11T13:14:46.316-0600	INFO	ForkJoinPool-1-worker-1	stdout	operator_metric,nitro,TrinoNitroAggregationOperator,nitroAggregationInitialAggregationNanos,0
[WARNING] [stderr] 2026-08-11T13:14:46.316-0600	INFO	ForkJoinPool-1-worker-1	stdout	operator_metric,nitro,TrinoNitroAggregationOperator,nitroBoundaryPageEgressRunLengthChannelPositions,0
[WARNING] [stderr] 2026-08-11T13:14:46.316-0600	INFO	ForkJoinPool-1-worker-1	stdout	operator_metric,nitro,TrinoNitroAggregationOperator,nitroBoundaryPageIngressRunLengthChannelPositions,0
[WARNING] [stderr] 2026-08-11T13:14:46.316-0600	INFO	ForkJoinPool-1-worker-1	stdout	operator_metric,nitro,TrinoNitroAggregationOperator,nitroAggregationInitialFlatKeyNanos,0
[WARNING] [stderr] 2026-08-11T13:14:46.317-0600	INFO	ForkJoinPool-1-worker-1	stdout	operator_metric,nitro,TrinoNitroAggregationOperator,nitroBoundaryNativeEgressRunLengthChannelPositions,0
[WARNING] [stderr] 2026-08-11T13:14:46.317-0600	INFO	ForkJoinPool-1-worker-1	stdout	operator_metric,nitro,TrinoNitroAggregationOperator,nitroAggregationStatePreparationNanos,0
[WARNING] [stderr] 2026-08-11T13:14:46.317-0600	INFO	ForkJoinPool-1-worker-1	stdout	operator_metric,nitro,TrinoNitroAggregationOperator,nitroBoundaryNativeEgressFlatChannelPositions,2
[WARNING] [stderr] 2026-08-11T13:14:46.317-0600	INFO	ForkJoinPool-1-worker-1	stdout	operator_metric,nitro,TrinoNitroAggregationOperator,nitroBoundaryPageIngressFlatChannelPositions,330
[WARNING] [stderr] 2026-08-11T13:14:46.317-0600	INFO	ForkJoinPool-1-worker-1	stdout	operator_metric,nitro,TrinoNitroAggregationOperator,nitroBoundaryPageEgressFlatChannelPositions,2
[WARNING] [stderr] 2026-08-11T13:14:46.317-0600	INFO	ForkJoinPool-1-worker-1	stdout	operator_metric,nitro,TrinoNitroAggregationOperator,nitroBoundaryPageEgressPages,1
[WARNING] [stderr] 2026-08-11T13:14:46.317-0600	INFO	ForkJoinPool-1-worker-1	stdout	operator_metric,nitro,TrinoNitroAggregationOperator,nitroBoundaryPageIngressPages,165
[WARNING] [stderr] 2026-08-11T13:14:46.317-0600	INFO	ForkJoinPool-1-worker-1	stdout	operator_metric,nitro,TrinoNitroAggregationOperator,nitroAggregationInitialKeyNanos,0
[WARNING] [stderr] 2026-08-11T13:14:46.317-0600	INFO	ForkJoinPool-1-worker-1	stdout	operator_metric,nitro,TrinoNitroAggregationOperator,nitroAggregationInitialEncodedKeyNanos,0
[WARNING] [stderr] 2026-08-11T13:14:46.317-0600	INFO	ForkJoinPool-1-worker-1	stdout	operator_metric,nitro,TrinoNitroAggregationOperator,nitroAggregationOutputNanos,10520
[WARNING] [stderr] 2026-08-11T13:14:46.317-0600	INFO	ForkJoinPool-1-worker-1	stdout	operator_metric,nitro,TrinoNitroAggregationOperator,nitroAggregationPipelineNanos,0
[WARNING] [stderr] 2026-08-11T13:14:46.317-0600	INFO	ForkJoinPool-1-worker-1	stdout	operator_metric,nitro,TrinoNitroAggregationOperator,nitroAggregationGroupingNanos,0
[WARNING] [stderr] 2026-08-11T13:14:46.317-0600	INFO	ForkJoinPool-1-worker-1	stdout	operator_metric,nitro,TrinoNitroAggregationOperator,nitroAggregationAccumulationNanos,0
[WARNING] [stderr] 2026-08-11T13:14:46.317-0600	INFO	ForkJoinPool-1-worker-1	stdout	operator_metric,nitro,TrinoNitroAggregationOperator,nitroAggregationFusedNanos,0
[WARNING] [stderr] 2026-08-11T13:14:46.317-0600	INFO	ForkJoinPool-1-worker-1	stdout	operator_metric,nitro,TrinoNitroAggregationOperator,nitroBoundaryNativeEgressDictionaryChannelPositions,0
[WARNING] [stderr] 2026-08-11T13:14:46.317-0600	INFO	ForkJoinPool-1-worker-1	stdout	operator_metric,nitro,TrinoNitroAggregationSourceOperator,nitroBoundaryPageEgressBytes,1650
[WARNING] [stderr] 2026-08-11T13:14:46.317-0600	INFO	ForkJoinPool-1-worker-1	stdout	operator_metric,nitro,TrinoNitroAggregationSourceOperator,nitroBoundaryNativeEgressFlatChannelPositions,330
[WARNING] [stderr] 2026-08-11T13:14:46.317-0600	INFO	ForkJoinPool-1-worker-1	stdout	operator_metric,nitro,TrinoNitroAggregationSourceOperator,nitroBoundaryPageEgressRunLengthChannelPositions,0
[WARNING] [stderr] 2026-08-11T13:14:46.317-0600	INFO	ForkJoinPool-1-worker-1	stdout	operator_metric,nitro,TrinoNitroAggregationSourceOperator,nitroBoundaryNativeEgressDictionaryChannelPositions,0
[WARNING] [stderr] 2026-08-11T13:14:46.317-0600	INFO	ForkJoinPool-1-worker-1	stdout	operator_metric,nitro,TrinoNitroAggregationSourceOperator,nitroAggregationInitialKeyNanos,0
[WARNING] [stderr] 2026-08-11T13:14:46.317-0600	INFO	ForkJoinPool-1-worker-1	stdout	operator_metric,nitro,TrinoNitroAggregationSourceOperator,nitroBoundaryPageEgressPositions,165
[WARNING] [stderr] 2026-08-11T13:14:46.317-0600	INFO	ForkJoinPool-1-worker-1	stdout	operator_metric,nitro,TrinoNitroAggregationSourceOperator,nitroNativeSourceCreationNanos,11015125
[WARNING] [stderr] 2026-08-11T13:14:46.317-0600	INFO	ForkJoinPool-1-worker-1	stdout	operator_metric,nitro,TrinoNitroAggregationSourceOperator,nitroAggregationFlushNanos,0
[WARNING] [stderr] 2026-08-11T13:14:46.317-0600	INFO	ForkJoinPool-1-worker-1	stdout	operator_metric,nitro,TrinoNitroAggregationSourceOperator,nitroAggregationAccumulationNanos,0
[WARNING] [stderr] 2026-08-11T13:14:46.317-0600	INFO	ForkJoinPool-1-worker-1	stdout	operator_metric,nitro,TrinoNitroAggregationSourceOperator,nitroAggregationStatePreparationNanos,0
[WARNING] [stderr] 2026-08-11T13:14:46.317-0600	INFO	ForkJoinPool-1-worker-1	stdout	operator_metric,nitro,TrinoNitroAggregationSourceOperator,nitroOperatorConstructionNanos,2127333
[WARNING] [stderr] 2026-08-11T13:14:46.317-0600	INFO	ForkJoinPool-1-worker-1	stdout	operator_metric,nitro,TrinoNitroAggregationSourceOperator,nitroAggregationInputNanos,271136008
[WARNING] [stderr] 2026-08-11T13:14:46.317-0600	INFO	ForkJoinPool-1-worker-1	stdout	operator_metric,nitro,TrinoNitroAggregationSourceOperator,nitroBoundaryPageEgressDictionaryChannelPositions,0
[WARNING] [stderr] 2026-08-11T13:14:46.317-0600	INFO	ForkJoinPool-1-worker-1	stdout	operator_metric,nitro,TrinoNitroAggregationSourceOperator,nitroBoundaryPageEgressPages,165
[WARNING] [stderr] 2026-08-11T13:14:46.317-0600	INFO	ForkJoinPool-1-worker-1	stdout	operator_metric,nitro,TrinoNitroAggregationSourceOperator,nitroAggregationInitialAggregationNanos,0
[WARNING] [stderr] 2026-08-11T13:14:46.317-0600	INFO	ForkJoinPool-1-worker-1	stdout	operator_metric,nitro,TrinoNitroAggregationSourceOperator,nitroAggregationFusedNanos,0
[WARNING] [stderr] 2026-08-11T13:14:46.317-0600	INFO	ForkJoinPool-1-worker-1	stdout	operator_metric,nitro,TrinoNitroAggregationSourceOperator,nitroAggregationInitialEncodedKeyNanos,0
[WARNING] [stderr] 2026-08-11T13:14:46.317-0600	INFO	ForkJoinPool-1-worker-1	stdout	operator_metric,nitro,TrinoNitroAggregationSourceOperator,nitroBoundaryPageEgressFlatChannelPositions,330
[WARNING] [stderr] 2026-08-11T13:14:46.317-0600	INFO	ForkJoinPool-1-worker-1	stdout	operator_metric,nitro,TrinoNitroAggregationSourceOperator,nitroAggregationInitialFlatKeyNanos,0
[WARNING] [stderr] 2026-08-11T13:14:46.317-0600	INFO	ForkJoinPool-1-worker-1	stdout	operator_metric,nitro,TrinoNitroAggregationSourceOperator,nitroAggregationGroupingNanos,0
[WARNING] [stderr] 2026-08-11T13:14:46.317-0600	INFO	ForkJoinPool-1-worker-1	stdout	operator_metric,nitro,TrinoNitroAggregationSourceOperator,nitroAggregationOutputNanos,1182338
[WARNING] [stderr] 2026-08-11T13:14:46.317-0600	INFO	ForkJoinPool-1-worker-1	stdout	operator_metric,nitro,TrinoNitroAggregationSourceOperator,nitroAggregationPipelineNanos,0
[WARNING] [stderr] 2026-08-11T13:14:46.317-0600	INFO	ForkJoinPool-1-worker-1	stdout	operator_metric,nitro,TrinoNitroAggregationSourceOperator,nitroBoundaryNativeEgressRunLengthChannelPositions,0
[WARNING] [stderr] 2026-08-11T13:14:46.318-0600	INFO	ForkJoinPool-1-worker-1	stdout	nitro,clickbench,q07,3,148.254,153.232,175.360,158.949,228.000,229.000,1.4407,99997497,165,165
[WARNING] [stderr] 2026-08-11T13:14:46.318-0600	INFO	ForkJoinPool-1-worker-1	stdout	peak_memory,nitro,clickbench,q07,3,0.286,0.371,7701.673,9141.673
[WARNING] [stderr] 2026-08-11T13:14:46.318-0600	INFO	ForkJoinPool-1-worker-1	stdout	trino,clickbench,q07,3,137.099,141.248,147.192,141.846,429.000,430.000,3.0314,99997497,0,0
[WARNING] [stderr] 2026-08-11T13:14:46.318-0600	INFO	ForkJoinPool-1-worker-1	stdout	peak_memory,trino,clickbench,q07,3,6.001,8.000,8341.673,8981.673
[WARNING] [stderr] 2026-08-11T13:14:46.318-0600	INFO	ForkJoinPool-1-worker-1	stdout	nitro_over_trino_p50,1.0848457253294932
[WARNING] [stderr] 2026-08-11T13:14:46.318-0600	INFO	ForkJoinPool-1-worker-1	stdout	nitro_over_trino_cpu_p50,0.5314685314685315
[WARNING] [stderr] 2026-08-11T13:14:46.318-0600	INFO	ForkJoinPool-1-worker-1	stdout	nitro_over_trino_cpu_mean,0.5325581395348837
[INFO] Tests run: 1, Failures: 0, Errors: 0, Skipped: 0, Time elapsed: 64.70 s -- in io.trino.tests.nitro.TestNitroClickBenchQueries
[WARNING] [stderr] 2026-08-11T13:14:46.362-0600	INFO	main	io.trino.testing.containers.junit.ReportLeakedContainers	DockerClientFactory not initialized, so there should be no leaked containers, skipping the check
[INFO] 
[INFO] Results:
[INFO] 
[INFO] Tests run: 1, Failures: 0, Errors: 0, Skipped: 0
[INFO] 
[INFO] ------------------------------------------------------------------------
[INFO] BUILD SUCCESS
[INFO] ------------------------------------------------------------------------
[INFO] Total time:  01:13 min (Wall Clock)
[INFO] Finished at: 2026-08-11T19:14:46Z
[INFO] ------------------------------------------------------------------------
[INFO] Njord session closed
