[INFO] Enabling strict checksum verification on all artifact downloads.
[INFO] Processing build on daemon 667e49fc
[INFO] Scanning for projects...
[INFO] Loaded 0 groupId for remote repository maven-central
[INFO] Loaded 0 groupId for remote repository google-maven-central-copy
[INFO] Njord 0.9.9 session created
[INFO] BuildTimeEventSpy is registered.
[INFO] 
[INFO] Using the SmartBuilder implementation with a thread count of 7
[INFO] 
[INFO] ------------------------< io.trino:trino-tests >------------------------
[INFO] Building trino-tests 484-SNAPSHOT
[INFO]   from pom.xml
[INFO] --------------------------------[ jar ]---------------------------------
[INFO] Loaded 0 groupId for remote repository ossrh
[INFO] Loaded 0 groupId for remote repository repo.gradle.org
[INFO] Loaded 0 groupId for remote repository central.maven.org
[INFO] 
[INFO] --- git-commit-id:10.0.0:revision (default) @ trino-tests ---
[INFO] 
[INFO] --- build-helper:3.6.1:bsh-property (surefire-enable-preview) @ trino-tests ---
[INFO] 
[INFO] --- resources:3.5.0:resources (default-resources) @ trino-tests ---
[INFO] skip non existing resourceDirectory /root/notes/trino.nitro/testing/trino-tests/src/main/resources
[INFO] 
[INFO] --- compiler:3.15.0:compile (default-compile) @ trino-tests ---
[INFO] Nothing to compile - all classes are up to date.
[INFO] 
[INFO] --- resources:3.5.0:testResources (default-testResources) @ trino-tests ---
[INFO] Copying 266 resources from src/test/resources to target/test-classes
[INFO] 
[INFO] --- compiler:3.15.0:testCompile (default-testCompile) @ trino-tests ---
[INFO] Nothing to compile - all classes are up to date.
[INFO] 
[INFO] --- modernizer:3.4.0:modernizer (modernizer) @ trino-tests ---
[INFO] Skipping modernizer execution!
[INFO] 
[INFO] --- modernizer:3.4.0:modernizer (modernizer-production-code) @ trino-tests ---
[INFO] Skipping modernizer execution!
[INFO] 
[INFO] --- dependency:3.11.0:analyze-only (default) @ trino-tests ---
[INFO] Skipping plugin execution
[INFO] 
[INFO] --- dependency:3.11.0:analyze-duplicate (default) @ trino-tests ---
[INFO] Skipping plugin execution
[INFO] 
[INFO] --- duplicate-finder:2.0.1:check (default) @ trino-tests ---
[INFO] Skipping duplicate-finder execution!
[INFO] 
[INFO] --- surefire:3.5.6:test (default-test) @ trino-tests ---
[INFO] Tests will run in random order. To reproduce ordering use flag -Dsurefire.runOrder.random.seed=4320954264713697
[INFO] Using auto detected provider org.apache.maven.surefire.junitplatform.JUnitPlatformProvider
[INFO] 
[INFO] -------------------------------------------------------
[INFO]  T E S T S
[INFO] -------------------------------------------------------
[WARNING] [stderr] WARNING: Using incubator modules: jdk.incubator.vector
[WARNING] [stderr] 2026-08-05T19:01:14.182-0600	INFO	ForkJoinPool-1-worker-1	io.airlift.log.Logging	Logging to stderr
[INFO] Running io.trino.tests.nitro.TestNitroTpcdsParquetPerformance
[WARNING] [stderr] 2026-08-05T19:01:15.058-0600	INFO	ForkJoinPool-1-worker-1	io.trino.simd.BlockEncodingSimdSupport	Detected SIMD Support for architecture=amd64, vectorBitWidth=512: SimdSupport[capabilities=[COMPRESS_BYTE, EXPAND_BYTE, COMPRESS_SHORT, EXPAND_SHORT, COMPRESS_INT, EXPAND_INT, COMPRESS_LONG, EXPAND_LONG]]
[WARNING] [stderr] WARNING: A restricted method in java.lang.System has been called
[WARNING] [stderr] WARNING: java.lang.System::loadLibrary has been called by com.aayushatharva.brotli4j.Brotli4jLoader in an unnamed module (file:/root/.m2/repository/com/aayushatharva/brotli4j/brotli4j/1.23.0/brotli4j-1.23.0.jar)
[WARNING] [stderr] WARNING: Use --enable-native-access=ALL-UNNAMED to avoid a warning for callers in this module
[WARNING] [stderr] WARNING: Restricted methods will be blocked in a future release unless native access is enabled
[WARNING] [stderr] 
[WARNING] [stderr] 2026-08-05T19:01:16.373-0600	INFO	ForkJoinPool-1-worker-1	io.trino.testing.DistributedQueryRunner	Created DistributedQueryRunner in 1.88s (unclosed instances = 1)
[WARNING] [stderr] 2026-08-05T19:01:27.922-0600	INFO	ForkJoinPool-1-worker-1	io.trino.testing.DistributedQueryRunner	Created DistributedQueryRunner in 412.98ms (unclosed instances = 2)
[WARNING] [stderr] 2026-08-05T19:01:37.869-0600	INFO	ForkJoinPool-1-worker-1	stdout	engine,suite,query,measurements,min_ms,p50_ms,p95_ms,mean_ms,cpu_p50_ms,cpu_mean_ms,native_sources
[WARNING] [stderr] 2026-08-05T19:01:42.267-0600	INFO	ForkJoinPool-1-worker-1	stdout	trino,tpcds-parquet-sf10,q01,3,233.803,242.207,255.891,243.967,415.000,419.333,0
[WARNING] [stderr] 2026-08-05T19:01:42.268-0600	INFO	ForkJoinPool-1-worker-1	stdout	peak_memory,trino,tpcds-parquet-sf10,q01,3,6.502,10.379,5701.345,7045.345
[WARNING] [stderr] 2026-08-05T19:01:42.268-0600	INFO	ForkJoinPool-1-worker-1	stdout	nitro,tpcds-parquet-sf10,q01,3,202.358,218.348,227.849,216.185,284.000,287.333,8
[WARNING] [stderr] 2026-08-05T19:01:42.268-0600	INFO	ForkJoinPool-1-worker-1	stdout	peak_memory,nitro,tpcds-parquet-sf10,q01,3,18.470,20.346,4357.345,7685.345
[WARNING] [stderr] 2026-08-05T19:01:42.268-0600	INFO	ForkJoinPool-1-worker-1	stdout	boundary,nitro,tpcds-parquet-sf10,q01,3,690,5715327,200319099,565485,16287858,0,945,6283614,220143948,565485,17987379,0,0,8461491,0,0,0,0
[WARNING] [stderr] 2026-08-05T19:01:42.268-0600	INFO	ForkJoinPool-1-worker-1	stdout	nitro_over_trino_wall_p50,0.9014954941308659
[WARNING] [stderr] 2026-08-05T19:01:42.268-0600	INFO	ForkJoinPool-1-worker-1	stdout	nitro_over_trino_cpu_p50,0.6843373493975904
[WARNING] [stderr] 2026-08-05T19:01:42.268-0600	INFO	ForkJoinPool-1-worker-1	stdout	nitro_over_trino_cpu_mean,0.685214626391097
[WARNING] [stderr] 2026-08-05T19:01:45.375-0600	INFO	ForkJoinPool-1-worker-1	stdout	trino,tpcds-parquet-sf10,q02,3,192.975,197.299,235.164,208.479,556.000,565.333,0
[WARNING] [stderr] 2026-08-05T19:01:45.375-0600	INFO	ForkJoinPool-1-worker-1	stdout	peak_memory,trino,tpcds-parquet-sf10,q02,3,54.157,64.305,7649.159,8087.822
[WARNING] [stderr] 2026-08-05T19:01:45.375-0600	INFO	ForkJoinPool-1-worker-1	stdout	nitro,tpcds-parquet-sf10,q02,3,198.653,198.851,206.789,201.431,428.000,430.000,34
[WARNING] [stderr] 2026-08-05T19:01:45.375-0600	INFO	ForkJoinPool-1-worker-1	stdout	peak_memory,nitro,tpcds-parquet-sf10,q02,3,6.238,6.805,3233.159,8033.159
[WARNING] [stderr] 2026-08-05T19:01:45.375-0600	INFO	ForkJoinPool-1-worker-1	stdout	boundary,nitro,tpcds-parquet-sf10,q02,3,144,98496,3525369,0,292059,0,201,554058,18735435,467805,1261950,0,460266,1163970,0,84,55278,1161594
[WARNING] [stderr] 2026-08-05T19:01:45.375-0600	INFO	ForkJoinPool-1-worker-1	stdout	nitro_over_trino_wall_p50,1.0078631152380602
[WARNING] [stderr] 2026-08-05T19:01:45.375-0600	INFO	ForkJoinPool-1-worker-1	stdout	nitro_over_trino_cpu_p50,0.7697841726618705
[WARNING] [stderr] 2026-08-05T19:01:45.375-0600	INFO	ForkJoinPool-1-worker-1	stdout	nitro_over_trino_cpu_mean,0.7606132075471698
[WARNING] [stderr] 2026-08-05T19:01:48.301-0600	INFO	ForkJoinPool-1-worker-1	stdout	trino,tpcds-parquet-sf10,q03,3,275.618,321.195,330.921,309.245,1279.000,1313.000,0
[WARNING] [stderr] 2026-08-05T19:01:48.301-0600	INFO	ForkJoinPool-1-worker-1	stdout	peak_memory,trino,tpcds-parquet-sf10,q03,3,157.572,177.139,8687.546,8884.194
[WARNING] [stderr] 2026-08-05T19:01:48.301-0600	INFO	ForkJoinPool-1-worker-1	stdout	nitro,tpcds-parquet-sf10,q03,3,71.757,72.875,75.048,73.227,135.000,135.000,14
[WARNING] [stderr] 2026-08-05T19:01:48.301-0600	INFO	ForkJoinPool-1-worker-1	stdout	peak_memory,nitro,tpcds-parquet-sf10,q03,3,4.671,5.196,3220.194,6700.628
[WARNING] [stderr] 2026-08-05T19:01:48.301-0600	INFO	ForkJoinPool-1-worker-1	stdout	boundary,nitro,tpcds-parquet-sf10,q03,3,159,57561,2513991,45918,161367,0,147,76401,2840085,56301,189804,0,10377,70215,0,0,0,0
[WARNING] [stderr] 2026-08-05T19:01:48.301-0600	INFO	ForkJoinPool-1-worker-1	stdout	nitro_over_trino_wall_p50,0.22688533414578183
[WARNING] [stderr] 2026-08-05T19:01:48.301-0600	INFO	ForkJoinPool-1-worker-1	stdout	nitro_over_trino_cpu_p50,0.1055512118842846
[WARNING] [stderr] 2026-08-05T19:01:48.301-0600	INFO	ForkJoinPool-1-worker-1	stdout	nitro_over_trino_cpu_mean,0.10281797410510282
[WARNING] [stderr] 2026-08-05T19:02:14.509-0600	INFO	ForkJoinPool-1-worker-1	stdout	trino,tpcds-parquet-sf10,q04,3,2136.638,2293.047,2300.347,2243.344,10716.000,10663.000,0
[WARNING] [stderr] 2026-08-05T19:02:14.509-0600	INFO	ForkJoinPool-1-worker-1	stdout	peak_memory,trino,tpcds-parquet-sf10,q04,3,861.144,886.021,11360.000,11456.000
[WARNING] [stderr] 2026-08-05T19:02:14.510-0600	INFO	ForkJoinPool-1-worker-1	stdout	nitro,tpcds-parquet-sf10,q04,3,1708.175,1799.207,1839.781,1782.387,8123.000,8102.333,66
[WARNING] [stderr] 2026-08-05T19:02:14.510-0600	INFO	ForkJoinPool-1-worker-1	stdout	peak_memory,nitro,tpcds-parquet-sf10,q04,3,508.273,604.787,10981.208,11479.371
[WARNING] [stderr] 2026-08-05T19:02:14.510-0600	INFO	ForkJoinPool-1-worker-1	stdout	boundary,nitro,tpcds-parquet-sf10,q04,3,2048,23608905,1839350211,45817857,83458293,5188689,2925,35190327,2956574211,51781368,162806742,0,5566317,110921628,5188689,0,0,0
[WARNING] [stderr] 2026-08-05T19:02:14.510-0600	INFO	ForkJoinPool-1-worker-1	stdout	nitro_over_trino_wall_p50,0.7846356177165499
[WARNING] [stderr] 2026-08-05T19:02:14.510-0600	INFO	ForkJoinPool-1-worker-1	stdout	nitro_over_trino_cpu_p50,0.7580253826054498
[WARNING] [stderr] 2026-08-05T19:02:14.510-0600	INFO	ForkJoinPool-1-worker-1	stdout	nitro_over_trino_cpu_mean,0.7598549501391103
[WARNING] [stderr] 2026-08-05T19:02:20.140-0600	INFO	ForkJoinPool-1-worker-1	stdout	trino,tpcds-parquet-sf10,q05,3,509.601,584.298,596.644,563.515,2113.000,2066.333,0
[WARNING] [stderr] 2026-08-05T19:02:20.140-0600	INFO	ForkJoinPool-1-worker-1	stdout	peak_memory,trino,tpcds-parquet-sf10,q05,3,315.424,345.785,10619.785,10839.574
[WARNING] [stderr] 2026-08-05T19:02:20.140-0600	INFO	ForkJoinPool-1-worker-1	stdout	nitro,tpcds-parquet-sf10,q05,3,171.869,180.835,185.785,179.496,324.000,324.333,42
[WARNING] [stderr] 2026-08-05T19:02:20.140-0600	INFO	ForkJoinPool-1-worker-1	stdout	peak_memory,nitro,tpcds-parquet-sf10,q05,3,38.950,39.433,4998.134,9964.309
[WARNING] [stderr] 2026-08-05T19:02:20.140-0600	INFO	ForkJoinPool-1-worker-1	stdout	boundary,nitro,tpcds-parquet-sf10,q05,3,483,1709520,92381805,1893,10148265,0,477,1761711,79491519,53439,8591013,0,46404,1754775,0,0,0,0
[WARNING] [stderr] 2026-08-05T19:02:20.140-0600	INFO	ForkJoinPool-1-worker-1	stdout	nitro_over_trino_wall_p50,0.3094908479697036
[WARNING] [stderr] 2026-08-05T19:02:20.140-0600	INFO	ForkJoinPool-1-worker-1	stdout	nitro_over_trino_cpu_p50,0.15333648840511122
[WARNING] [stderr] 2026-08-05T19:02:20.140-0600	INFO	ForkJoinPool-1-worker-1	stdout	nitro_over_trino_cpu_mean,0.15696080012905306
[WARNING] [stderr] 2026-08-05T19:02:23.151-0600	INFO	ForkJoinPool-1-worker-1	stdout	trino,tpcds-parquet-sf10,q06,3,213.635,218.068,223.204,218.303,834.000,847.667,0
[WARNING] [stderr] 2026-08-05T19:02:23.151-0600	INFO	ForkJoinPool-1-worker-1	stdout	peak_memory,trino,tpcds-parquet-sf10,q06,3,74.682,92.898,10151.964,11847.964
[WARNING] [stderr] 2026-08-05T19:02:23.151-0600	INFO	ForkJoinPool-1-worker-1	stdout	nitro,tpcds-parquet-sf10,q06,3,189.161,200.135,222.166,203.820,374.000,374.000,18
[WARNING] [stderr] 2026-08-05T19:02:23.151-0600	INFO	ForkJoinPool-1-worker-1	stdout	peak_memory,nitro,tpcds-parquet-sf10,q06,3,70.770,74.889,10983.964,11751.964
[WARNING] [stderr] 2026-08-05T19:02:23.151-0600	INFO	ForkJoinPool-1-worker-1	stdout	boundary,nitro,tpcds-parquet-sf10,q06,3,599,3487869,94116689,5159193,3426909,0,905,6044151,144823343,6659193,7345377,0,30000,7122045,0,0,0,0
[WARNING] [stderr] 2026-08-05T19:02:23.151-0600	INFO	ForkJoinPool-1-worker-1	stdout	nitro_over_trino_wall_p50,0.9177605657118288
[WARNING] [stderr] 2026-08-05T19:02:23.151-0600	INFO	ForkJoinPool-1-worker-1	stdout	nitro_over_trino_cpu_p50,0.44844124700239807
[WARNING] [stderr] 2026-08-05T19:02:23.151-0600	INFO	ForkJoinPool-1-worker-1	stdout	nitro_over_trino_cpu_mean,0.44121116791191506
[WARNING] [stderr] 2026-08-05T19:02:26.998-0600	INFO	ForkJoinPool-1-worker-1	stdout	trino,tpcds-parquet-sf10,q07,3,349.092,359.490,370.011,359.531,1658.000,1651.667,0
[WARNING] [stderr] 2026-08-05T19:02:26.998-0600	INFO	ForkJoinPool-1-worker-1	stdout	peak_memory,trino,tpcds-parquet-sf10,q07,3,14.088,18.056,9960.260,10600.260
[WARNING] [stderr] 2026-08-05T19:02:26.998-0600	INFO	ForkJoinPool-1-worker-1	stdout	nitro,tpcds-parquet-sf10,q07,3,175.909,179.823,186.989,180.907,625.000,626.000,16
[WARNING] [stderr] 2026-08-05T19:02:26.998-0600	INFO	ForkJoinPool-1-worker-1	stdout	peak_memory,nitro,tpcds-parquet-sf10,q07,3,39.918,40.516,10443.770,10603.770
[WARNING] [stderr] 2026-08-05T19:02:26.999-0600	INFO	ForkJoinPool-1-worker-1	stdout	boundary,nitro,tpcds-parquet-sf10,q07,3,864,1121076,64444245,226803,6058986,0,1026,1512288,76477809,744867,6239334,0,306000,1455732,0,0,0,0
[WARNING] [stderr] 2026-08-05T19:02:26.999-0600	INFO	ForkJoinPool-1-worker-1	stdout	nitro_over_trino_wall_p50,0.5002185584912324
[WARNING] [stderr] 2026-08-05T19:02:26.999-0600	INFO	ForkJoinPool-1-worker-1	stdout	nitro_over_trino_cpu_p50,0.3769601930036188
[WARNING] [stderr] 2026-08-05T19:02:26.999-0600	INFO	ForkJoinPool-1-worker-1	stdout	nitro_over_trino_cpu_mean,0.3790110998990918
[WARNING] [stderr] 2026-08-05T19:02:29.542-0600	ERROR	dispatcher-query-1	io.trino.execution.QueryStateMachine	Error collecting query catalog metadata metrics: 20260806_010229_00097_5ezyz
[WARNING] [stderr] java.lang.IllegalStateException: Already finished
[WARNING] [stderr] 	at com.google.common.base.Preconditions.checkState(Preconditions.java:534)
[WARNING] [stderr] 	at io.trino.metadata.CatalogTransaction.getConnectorMetadata(CatalogTransaction.java:68)
[WARNING] [stderr] 	at io.trino.metadata.CatalogMetadata.getMetadata(CatalogMetadata.java:87)
[WARNING] [stderr] 	at io.trino.metadata.MetadataManager.getMetrics(MetadataManager.java:502)
[WARNING] [stderr] 	at io.trino.tracing.TracingMetadata.getMetrics(TracingMetadata.java:307)
[WARNING] [stderr] 	at io.trino.execution.QueryStateMachine.collectCatalogMetadataMetrics(QueryStateMachine.java:420)
[WARNING] [stderr] 	at io.trino.execution.QueryStateMachine.getQueryStats(QueryStateMachine.java:937)
[WARNING] [stderr] 	at io.trino.execution.QueryStateMachine.getQueryInfo(QueryStateMachine.java:695)
[WARNING] [stderr] 	at io.trino.execution.QueryStateMachine.updateQueryInfo(QueryStateMachine.java:1482)
[WARNING] [stderr] 	at io.trino.execution.scheduler.StageManager.lambda$initialize$0(StageManager.java:163)
[WARNING] [stderr] 	at io.trino.execution.StageStateMachine.lambda$addFinalStageInfoListener$0(StageStateMachine.java:220)
[WARNING] [stderr] 	at io.trino.execution.StateMachine.fireStateChangedListener(StateMachine.java:240)
[WARNING] [stderr] 	at io.trino.execution.StateMachine.lambda$fireStateChanged$0(StateMachine.java:232)
[WARNING] [stderr] 	at io.airlift.concurrent.BoundedExecutor.drainQueue(BoundedExecutor.java:80)
[WARNING] [stderr] 	at io.trino.$gen.Trino_testversion____20260806_010115_4.run(Unknown Source)
[WARNING] [stderr] 	at java.base/java.util.concurrent.ThreadPoolExecutor.runWorker(ThreadPoolExecutor.java:1090)
[WARNING] [stderr] 	at java.base/java.util.concurrent.ThreadPoolExecutor$Worker.run(ThreadPoolExecutor.java:614)
[WARNING] [stderr] 	at java.base/java.lang.Thread.run(Thread.java:1516)
[WARNING] [stderr] 
[WARNING] [stderr] 
[WARNING] [stderr] 2026-08-05T19:02:30.001-0600	INFO	ForkJoinPool-1-worker-1	stdout	trino,tpcds-parquet-sf10,q08,3,234.095,236.562,256.960,242.539,764.000,771.000,0
[WARNING] [stderr] 2026-08-05T19:02:30.001-0600	INFO	ForkJoinPool-1-worker-1	stdout	peak_memory,trino,tpcds-parquet-sf10,q08,3,5.897,34.549,9071.388,11631.388
[WARNING] [stderr] 2026-08-05T19:02:30.002-0600	INFO	ForkJoinPool-1-worker-1	stdout	nitro,tpcds-parquet-sf10,q08,3,174.915,195.563,224.798,198.425,309.000,309.000,17
[WARNING] [stderr] 2026-08-05T19:02:30.002-0600	INFO	ForkJoinPool-1-worker-1	stdout	peak_memory,nitro,tpcds-parquet-sf10,q08,3,6.099,18.138,9871.388,10639.388
[WARNING] [stderr] 2026-08-05T19:02:30.002-0600	INFO	ForkJoinPool-1-worker-1	stdout	boundary,nitro,tpcds-parquet-sf10,q08,3,891,5430666,114506865,0,13201272,0,792,6140448,139527846,4652676,9259017,0,4652676,3086028,0,12,6918,176622
[WARNING] [stderr] 2026-08-05T19:02:30.002-0600	INFO	ForkJoinPool-1-worker-1	stdout	nitro_over_trino_wall_p50,0.8266895498771877
[WARNING] [stderr] 2026-08-05T19:02:30.002-0600	INFO	ForkJoinPool-1-worker-1	stdout	nitro_over_trino_cpu_p50,0.40445026178010474
[WARNING] [stderr] 2026-08-05T19:02:30.002-0600	INFO	ForkJoinPool-1-worker-1	stdout	nitro_over_trino_cpu_mean,0.40077821011673154
[WARNING] [stderr] 2026-08-05T19:02:50.055-0600	INFO	ForkJoinPool-1-worker-1	stdout	trino,tpcds-parquet-sf10,q09,3,880.751,914.487,915.125,903.454,5289.000,5299.000,0
[WARNING] [stderr] 2026-08-05T19:02:50.055-0600	INFO	ForkJoinPool-1-worker-1	stdout	peak_memory,trino,tpcds-parquet-sf10,q09,3,38.012,39.007,10718.864,11171.512
[WARNING] [stderr] 2026-08-05T19:02:50.055-0600	INFO	ForkJoinPool-1-worker-1	stdout	nitro,tpcds-parquet-sf10,q09,3,2093.537,2106.651,2439.623,2213.270,2518.000,2583.667,181
[WARNING] [stderr] 2026-08-05T19:02:50.055-0600	INFO	ForkJoinPool-1-worker-1	stdout	peak_memory,nitro,tpcds-parquet-sf10,q09,3,0.023,0.541,10307.512,10745.055
[WARNING] [stderr] 2026-08-05T19:02:50.055-0600	INFO	ForkJoinPool-1-worker-1	stdout	boundary,nitro,tpcds-parquet-sf10,q09,3,543,543,12438,0,582,0,591,591,12600,0,600,0,0,555,0,0,0,0
[WARNING] [stderr] 2026-08-05T19:02:50.055-0600	INFO	ForkJoinPool-1-worker-1	stdout	nitro_over_trino_wall_p50,2.3036424771440394
[WARNING] [stderr] 2026-08-05T19:02:50.055-0600	INFO	ForkJoinPool-1-worker-1	stdout	nitro_over_trino_cpu_p50,0.47608243524295707
[WARNING] [stderr] 2026-08-05T19:02:50.055-0600	INFO	ForkJoinPool-1-worker-1	stdout	nitro_over_trino_cpu_mean,0.48757627225262623
[WARNING] [stderr] 2026-08-05T19:02:53.207-0600	INFO	ForkJoinPool-1-worker-1	stdout	trino,tpcds-parquet-sf10,q10,3,228.458,237.205,269.475,245.046,872.000,876.667,0
[WARNING] [stderr] 2026-08-05T19:02:53.207-0600	INFO	ForkJoinPool-1-worker-1	stdout	peak_memory,trino,tpcds-parquet-sf10,q10,3,22.175,29.434,12096.000,12176.774
[WARNING] [stderr] 2026-08-05T19:02:53.207-0600	INFO	ForkJoinPool-1-worker-1	stdout	nitro,tpcds-parquet-sf10,q10,3,193.626,199.831,253.956,215.804,439.000,438.000,33
[WARNING] [stderr] 2026-08-05T19:02:53.207-0600	INFO	ForkJoinPool-1-worker-1	stdout	peak_memory,nitro,tpcds-parquet-sf10,q10,3,54.610,74.245,8872.176,9920.000
[WARNING] [stderr] 2026-08-05T19:02:53.207-0600	INFO	ForkJoinPool-1-worker-1	stdout	boundary,nitro,tpcds-parquet-sf10,q10,3,196,40500,783399,2496,86652,0,396,69522,1520595,14304,160251,0,2292,72411,0,0,0,0
[WARNING] [stderr] 2026-08-05T19:02:53.207-0600	INFO	ForkJoinPool-1-worker-1	stdout	nitro_over_trino_wall_p50,0.8424389499255666
[WARNING] [stderr] 2026-08-05T19:02:53.207-0600	INFO	ForkJoinPool-1-worker-1	stdout	nitro_over_trino_cpu_p50,0.5034403669724771
[WARNING] [stderr] 2026-08-05T19:02:53.207-0600	INFO	ForkJoinPool-1-worker-1	stdout	nitro_over_trino_cpu_mean,0.4996197718631179
[WARNING] [stderr] 2026-08-05T19:03:06.160-0600	INFO	ForkJoinPool-1-worker-1	stdout	trino,tpcds-parquet-sf10,q11,3,981.572,1005.683,1103.291,1030.182,5156.000,5208.667,0
[WARNING] [stderr] 2026-08-05T19:03:06.160-0600	INFO	ForkJoinPool-1-worker-1	stdout	peak_memory,trino,tpcds-parquet-sf10,q11,3,292.237,309.364,10980.492,11355.732
[WARNING] [stderr] 2026-08-05T19:03:06.160-0600	INFO	ForkJoinPool-1-worker-1	stdout	nitro,tpcds-parquet-sf10,q11,3,1007.608,1035.671,1083.082,1042.120,3993.000,4011.333,42
[WARNING] [stderr] 2026-08-05T19:03:06.160-0600	INFO	ForkJoinPool-1-worker-1	stdout	peak_memory,nitro,tpcds-parquet-sf10,q11,3,215.245,267.634,11037.054,11374.116
[WARNING] [stderr] 2026-08-05T19:03:06.160-0600	INFO	ForkJoinPool-1-worker-1	stdout	boundary,nitro,tpcds-parquet-sf10,q11,3,2217,24009534,1533655212,33974847,88291596,3585006,2448,28488531,1921617456,37286010,116360526,0,11546856,77288247,3585006,0,0,0
[WARNING] [stderr] 2026-08-05T19:03:06.160-0600	INFO	ForkJoinPool-1-worker-1	stdout	nitro_over_trino_wall_p50,1.0298185655234215
[WARNING] [stderr] 2026-08-05T19:03:06.160-0600	INFO	ForkJoinPool-1-worker-1	stdout	nitro_over_trino_cpu_p50,0.7744375484871994
[WARNING] [stderr] 2026-08-05T19:03:06.160-0600	INFO	ForkJoinPool-1-worker-1	stdout	nitro_over_trino_cpu_mean,0.770126711890439
[WARNING] [stderr] 2026-08-05T19:03:06.960-0600	ERROR	dispatcher-query-5	io.trino.execution.QueryStateMachine	Error collecting query catalog metadata metrics: 20260806_010306_00119_fs9dy
[WARNING] [stderr] java.lang.IllegalStateException: Already finished
[WARNING] [stderr] 	at com.google.common.base.Preconditions.checkState(Preconditions.java:534)
[WARNING] [stderr] 	at io.trino.metadata.CatalogTransaction.getConnectorMetadata(CatalogTransaction.java:68)
[WARNING] [stderr] 	at io.trino.metadata.CatalogMetadata.getMetadata(CatalogMetadata.java:87)
[WARNING] [stderr] 	at io.trino.metadata.MetadataManager.getMetrics(MetadataManager.java:502)
[WARNING] [stderr] 	at io.trino.tracing.TracingMetadata.getMetrics(TracingMetadata.java:307)
[WARNING] [stderr] 	at io.trino.execution.QueryStateMachine.collectCatalogMetadataMetrics(QueryStateMachine.java:420)
[WARNING] [stderr] 	at io.trino.execution.QueryStateMachine.getQueryStats(QueryStateMachine.java:937)
[WARNING] [stderr] 	at io.trino.execution.QueryStateMachine.getQueryInfo(QueryStateMachine.java:695)
[WARNING] [stderr] 	at io.trino.execution.QueryStateMachine.updateQueryInfo(QueryStateMachine.java:1482)
[WARNING] [stderr] 	at io.trino.execution.scheduler.StageManager.lambda$initialize$0(StageManager.java:163)
[WARNING] [stderr] 	at io.trino.execution.StageStateMachine.lambda$addFinalStageInfoListener$0(StageStateMachine.java:220)
[WARNING] [stderr] 	at io.trino.execution.StateMachine.fireStateChangedListener(StateMachine.java:240)
[WARNING] [stderr] 	at io.trino.execution.StateMachine.lambda$fireStateChanged$0(StateMachine.java:232)
[WARNING] [stderr] 	at io.airlift.concurrent.BoundedExecutor.drainQueue(BoundedExecutor.java:80)
[WARNING] [stderr] 	at io.trino.$gen.Trino_testversion____20260806_010127_1502.run(Unknown Source)
[WARNING] [stderr] 	at java.base/java.util.concurrent.ThreadPoolExecutor.runWorker(ThreadPoolExecutor.java:1090)
[WARNING] [stderr] 	at java.base/java.util.concurrent.ThreadPoolExecutor$Worker.run(ThreadPoolExecutor.java:614)
[WARNING] [stderr] 	at java.base/java.lang.Thread.run(Thread.java:1516)
[WARNING] [stderr] 
[WARNING] [stderr] 
[WARNING] [stderr] 2026-08-05T19:03:06.960-0600	ERROR	dispatcher-query-8	io.trino.execution.QueryStateMachine	Error collecting query catalog metadata metrics: 20260806_010306_00119_fs9dy
[WARNING] [stderr] java.lang.IllegalStateException: Already finished
[WARNING] [stderr] 	at com.google.common.base.Preconditions.checkState(Preconditions.java:534)
[WARNING] [stderr] 	at io.trino.metadata.CatalogTransaction.getConnectorMetadata(CatalogTransaction.java:68)
[WARNING] [stderr] 	at io.trino.metadata.CatalogMetadata.getMetadata(CatalogMetadata.java:87)
[WARNING] [stderr] 	at io.trino.metadata.MetadataManager.getMetrics(MetadataManager.java:502)
[WARNING] [stderr] 	at io.trino.tracing.TracingMetadata.getMetrics(TracingMetadata.java:307)
[WARNING] [stderr] 	at io.trino.execution.QueryStateMachine.collectCatalogMetadataMetrics(QueryStateMachine.java:420)
[WARNING] [stderr] 	at io.trino.execution.QueryStateMachine.getQueryStats(QueryStateMachine.java:937)
[WARNING] [stderr] 	at io.trino.execution.QueryStateMachine.getQueryInfo(QueryStateMachine.java:695)
[WARNING] [stderr] 	at io.trino.execution.QueryStateMachine.updateQueryInfo(QueryStateMachine.java:1482)
[WARNING] [stderr] 	at io.trino.execution.scheduler.StageManager.lambda$initialize$0(StageManager.java:163)
[WARNING] [stderr] 	at io.trino.execution.StageStateMachine.lambda$addFinalStageInfoListener$0(StageStateMachine.java:220)
[WARNING] [stderr] 	at io.trino.execution.StateMachine.fireStateChangedListener(StateMachine.java:240)
[WARNING] [stderr] 	at io.trino.execution.StateMachine.lambda$fireStateChanged$0(StateMachine.java:232)
[WARNING] [stderr] 	at io.airlift.concurrent.BoundedExecutor.drainQueue(BoundedExecutor.java:80)
[WARNING] [stderr] 	at io.trino.$gen.Trino_testversion____20260806_010127_1502.run(Unknown Source)
[WARNING] [stderr] 	at java.base/java.util.concurrent.ThreadPoolExecutor.runWorker(ThreadPoolExecutor.java:1090)
[WARNING] [stderr] 	at java.base/java.util.concurrent.ThreadPoolExecutor$Worker.run(ThreadPoolExecutor.java:614)
[WARNING] [stderr] 	at java.base/java.lang.Thread.run(Thread.java:1516)
[WARNING] [stderr] 
[WARNING] [stderr] 
[WARNING] [stderr] 2026-08-05T19:03:07.548-0600	INFO	ForkJoinPool-1-worker-1	stdout	trino,tpcds-parquet-sf10,q12,3,100.382,105.545,118.349,108.092,205.000,204.333,0
[WARNING] [stderr] 2026-08-05T19:03:07.548-0600	INFO	ForkJoinPool-1-worker-1	stdout	peak_memory,trino,tpcds-parquet-sf10,q12,3,3.631,3.632,7136.000,11689.269
[WARNING] [stderr] 2026-08-05T19:03:07.548-0600	INFO	ForkJoinPool-1-worker-1	stdout	nitro,tpcds-parquet-sf10,q12,3,85.763,87.371,88.036,87.057,102.000,102.333,7
[WARNING] [stderr] 2026-08-05T19:03:07.548-0600	INFO	ForkJoinPool-1-worker-1	stdout	peak_memory,nitro,tpcds-parquet-sf10,q12,3,2.233,2.233,5152.000,7488.000
[WARNING] [stderr] 2026-08-05T19:03:07.548-0600	INFO	ForkJoinPool-1-worker-1	stdout	boundary,nitro,tpcds-parquet-sf10,q12,3,54,130473,22820106,0,818241,0,81,337386,27597600,251733,981741,0,4356,985497,0,0,0,0
[WARNING] [stderr] 2026-08-05T19:03:07.548-0600	INFO	ForkJoinPool-1-worker-1	stdout	nitro_over_trino_wall_p50,0.8278020548503298
[WARNING] [stderr] 2026-08-05T19:03:07.548-0600	INFO	ForkJoinPool-1-worker-1	stdout	nitro_over_trino_cpu_p50,0.4975609756097561
[WARNING] [stderr] 2026-08-05T19:03:07.548-0600	INFO	ForkJoinPool-1-worker-1	stdout	nitro_over_trino_cpu_mean,0.5008156606851549
[WARNING] [stderr] 2026-08-05T19:03:14.870-0600	INFO	ForkJoinPool-1-worker-1	stdout	trino,tpcds-parquet-sf10,q13,3,564.952,603.651,639.001,602.535,2621.000,2615.000,0
[WARNING] [stderr] 2026-08-05T19:03:14.870-0600	INFO	ForkJoinPool-1-worker-1	stdout	peak_memory,trino,tpcds-parquet-sf10,q13,3,161.072,207.731,10628.397,10638.266
[WARNING] [stderr] 2026-08-05T19:03:14.870-0600	INFO	ForkJoinPool-1-worker-1	stdout	nitro,tpcds-parquet-sf10,q13,3,411.739,413.341,504.234,443.105,1418.000,1420.000,17
[WARNING] [stderr] 2026-08-05T19:03:14.870-0600	INFO	ForkJoinPool-1-worker-1	stdout	peak_memory,nitro,tpcds-parquet-sf10,q13,3,74.735,84.858,8075.896,9184.709
[WARNING] [stderr] 2026-08-05T19:03:14.870-0600	INFO	ForkJoinPool-1-worker-1	stdout	boundary,nitro,tpcds-parquet-sf10,q13,3,6876,32061588,2313876570,0,271346778,0,7542,38574045,2431001865,0,284370297,0,0,13023663,0,0,0,0
[WARNING] [stderr] 2026-08-05T19:03:14.870-0600	INFO	ForkJoinPool-1-worker-1	stdout	nitro_over_trino_wall_p50,0.684734437699965
[WARNING] [stderr] 2026-08-05T19:03:14.870-0600	INFO	ForkJoinPool-1-worker-1	stdout	nitro_over_trino_cpu_p50,0.5410148798168638
[WARNING] [stderr] 2026-08-05T19:03:14.870-0600	INFO	ForkJoinPool-1-worker-1	stdout	nitro_over_trino_cpu_mean,0.5430210325047801
[WARNING] [stderr] 2026-08-05T19:03:24.959-0600	INFO	Notification Thread	io.airlift.stats.JmxGcMonitor	Major GC: application 0.00s, stopped 256.00ms: 12.24GB -> 4.04GB
[WARNING] [stderr] 2026-08-05T19:03:24.959-0600	INFO	Notification Thread	io.airlift.stats.JmxGcMonitor	Major GC: application 0.00s, stopped 256.00ms: 12.24GB -> 4.04GB
[WARNING] [stderr] 2026-08-05T19:03:24.959-0600	INFO	Notification Thread	io.airlift.stats.JmxGcMonitor	Major GC: application 0.00s, stopped 256.00ms: 12.24GB -> 4.04GB
[WARNING] [stderr] 2026-08-05T19:03:24.959-0600	INFO	Notification Thread	io.airlift.stats.JmxGcMonitor	Major GC: application 0.00s, stopped 256.00ms: 12.24GB -> 4.04GB
[WARNING] [stderr] 2026-08-05T19:03:29.301-0600	INFO	Notification Thread	io.airlift.stats.JmxGcMonitor	Major GC: application 4.12s, stopped 222.00ms: 12.07GB -> 3.87GB
[WARNING] [stderr] 2026-08-05T19:03:29.301-0600	INFO	Notification Thread	io.airlift.stats.JmxGcMonitor	Major GC: application 4.12s, stopped 222.00ms: 12.07GB -> 3.87GB
[WARNING] [stderr] 2026-08-05T19:03:29.301-0600	INFO	Notification Thread	io.airlift.stats.JmxGcMonitor	Major GC: application 4.12s, stopped 222.00ms: 12.07GB -> 3.87GB
[WARNING] [stderr] 2026-08-05T19:03:29.301-0600	INFO	Notification Thread	io.airlift.stats.JmxGcMonitor	Major GC: application 4.12s, stopped 222.00ms: 12.07GB -> 3.87GB
[WARNING] [stderr] 2026-08-05T19:03:33.935-0600	INFO	Notification Thread	io.airlift.stats.JmxGcMonitor	Major GC: application 4.44s, stopped 198.00ms: 11.99GB -> 3.26GB
[WARNING] [stderr] 2026-08-05T19:03:33.935-0600	INFO	Notification Thread	io.airlift.stats.JmxGcMonitor	Major GC: application 4.44s, stopped 198.00ms: 11.99GB -> 3.26GB
[WARNING] [stderr] 2026-08-05T19:03:33.936-0600	INFO	Notification Thread	io.airlift.stats.JmxGcMonitor	Major GC: application 4.44s, stopped 198.00ms: 11.99GB -> 3.26GB
[WARNING] [stderr] 2026-08-05T19:03:33.936-0600	INFO	Notification Thread	io.airlift.stats.JmxGcMonitor	Major GC: application 4.44s, stopped 198.00ms: 11.99GB -> 3.26GB
[WARNING] [stderr] 2026-08-05T19:03:35.613-0600	INFO	Notification Thread	io.airlift.stats.JmxGcMonitor	Major GC: application 1.47s, stopped 210.00ms: 11.87GB -> 4.15GB
[WARNING] [stderr] 2026-08-05T19:03:35.613-0600	INFO	Notification Thread	io.airlift.stats.JmxGcMonitor	Major GC: application 1.47s, stopped 210.00ms: 11.87GB -> 4.15GB
[WARNING] [stderr] 2026-08-05T19:03:35.613-0600	INFO	Notification Thread	io.airlift.stats.JmxGcMonitor	Major GC: application 1.47s, stopped 210.00ms: 11.87GB -> 4.15GB
[WARNING] [stderr] 2026-08-05T19:03:35.613-0600	INFO	Notification Thread	io.airlift.stats.JmxGcMonitor	Major GC: application 1.47s, stopped 210.00ms: 11.87GB -> 4.15GB
[WARNING] [stderr] 2026-08-05T19:03:42.316-0600	INFO	ForkJoinPool-1-worker-1	stdout	trino,tpcds-parquet-sf10,q14a,3,2259.731,2335.423,2344.989,2313.381,12784.000,12844.000,0
[WARNING] [stderr] 2026-08-05T19:03:42.317-0600	INFO	ForkJoinPool-1-worker-1	stdout	peak_memory,trino,tpcds-parquet-sf10,q14a,3,182.248,237.984,10759.150,11101.324
[WARNING] [stderr] 2026-08-05T19:03:42.317-0600	INFO	ForkJoinPool-1-worker-1	stdout	nitro,tpcds-parquet-sf10,q14a,3,1770.567,1860.480,2254.318,1961.789,8830.000,8855.667,225
[WARNING] [stderr] 2026-08-05T19:03:42.317-0600	INFO	ForkJoinPool-1-worker-1	stdout	peak_memory,nitro,tpcds-parquet-sf10,q14a,3,511.438,515.473,11827.465,11925.190
[WARNING] [stderr] 2026-08-05T19:03:42.317-0600	INFO	ForkJoinPool-1-worker-1	stdout	boundary,nitro,tpcds-parquet-sf10,q14a,3,54894,559786167,7110452754,0,914098365,0,55380,564378168,7206283257,0,929673792,0,0,35855958,0,302,2559915,99840711
[WARNING] [stderr] 2026-08-05T19:03:42.317-0600	INFO	ForkJoinPool-1-worker-1	stdout	nitro_over_trino_wall_p50,0.7966352749355015
[WARNING] [stderr] 2026-08-05T19:03:42.317-0600	INFO	ForkJoinPool-1-worker-1	stdout	nitro_over_trino_cpu_p50,0.6907071339173968
[WARNING] [stderr] 2026-08-05T19:03:42.317-0600	INFO	ForkJoinPool-1-worker-1	stdout	nitro_over_trino_cpu_mean,0.6894788747015467
[WARNING] [stderr] 2026-08-05T19:03:42.786-0600	INFO	Notification Thread	io.airlift.stats.JmxGcMonitor	Major GC: application 6.98s, stopped 200.00ms: 12.02GB -> 3.43GB
[WARNING] [stderr] 2026-08-05T19:03:42.786-0600	INFO	Notification Thread	io.airlift.stats.JmxGcMonitor	Major GC: application 6.98s, stopped 200.00ms: 12.02GB -> 3.43GB
[WARNING] [stderr] 2026-08-05T19:03:42.786-0600	INFO	Notification Thread	io.airlift.stats.JmxGcMonitor	Major GC: application 6.98s, stopped 200.00ms: 12.02GB -> 3.43GB
[WARNING] [stderr] 2026-08-05T19:03:42.786-0600	INFO	Notification Thread	io.airlift.stats.JmxGcMonitor	Major GC: application 6.98s, stopped 200.00ms: 12.02GB -> 3.43GB
[WARNING] [stderr] 2026-08-05T19:03:55.823-0600	INFO	Notification Thread	io.airlift.stats.JmxGcMonitor	Major GC: application 12.81s, stopped 222.00ms: 12.21GB -> 3.57GB
[WARNING] [stderr] 2026-08-05T19:03:55.823-0600	INFO	Notification Thread	io.airlift.stats.JmxGcMonitor	Major GC: application 12.81s, stopped 222.00ms: 12.21GB -> 3.57GB
[WARNING] [stderr] 2026-08-05T19:03:55.823-0600	INFO	Notification Thread	io.airlift.stats.JmxGcMonitor	Major GC: application 12.81s, stopped 222.00ms: 12.21GB -> 3.57GB
[WARNING] [stderr] 2026-08-05T19:03:55.823-0600	INFO	Notification Thread	io.airlift.stats.JmxGcMonitor	Major GC: application 12.81s, stopped 222.00ms: 12.21GB -> 3.57GB
[WARNING] [stderr] 2026-08-05T19:04:02.051-0600	INFO	ForkJoinPool-1-worker-1	stdout	trino,tpcds-parquet-sf10,q14b,3,1758.636,1784.082,1856.395,1799.704,9144.000,9141.000,0
[WARNING] [stderr] 2026-08-05T19:04:02.051-0600	INFO	ForkJoinPool-1-worker-1	stdout	peak_memory,trino,tpcds-parquet-sf10,q14b,3,183.944,233.805,11337.050,11842.706
[WARNING] [stderr] 2026-08-05T19:04:02.051-0600	INFO	ForkJoinPool-1-worker-1	stdout	nitro,tpcds-parquet-sf10,q14b,3,1224.205,1254.819,1571.528,1350.184,6125.000,6116.000,158
[WARNING] [stderr] 2026-08-05T19:04:02.051-0600	INFO	ForkJoinPool-1-worker-1	stdout	peak_memory,nitro,tpcds-parquet-sf10,q14b,3,150.834,224.308,11849.282,12194.082
[WARNING] [stderr] 2026-08-05T19:04:02.051-0600	INFO	ForkJoinPool-1-worker-1	stdout	boundary,nitro,tpcds-parquet-sf10,q14b,3,36642,370363413,4666733751,2498718,599175291,0,37293,374126742,4746295842,2498718,611116338,0,0,22845726,0,204,1706610,66560514
[WARNING] [stderr] 2026-08-05T19:04:02.051-0600	INFO	ForkJoinPool-1-worker-1	stdout	nitro_over_trino_wall_p50,0.7033414629113076
[WARNING] [stderr] 2026-08-05T19:04:02.051-0600	INFO	ForkJoinPool-1-worker-1	stdout	nitro_over_trino_cpu_p50,0.669838145231846
[WARNING] [stderr] 2026-08-05T19:04:02.051-0600	INFO	ForkJoinPool-1-worker-1	stdout	nitro_over_trino_cpu_mean,0.6690734055354994
[WARNING] [stderr] 2026-08-05T19:04:04.561-0600	INFO	ForkJoinPool-1-worker-1	stdout	trino,tpcds-parquet-sf10,q15,3,105.113,106.870,108.748,106.910,192.000,192.333,0
[WARNING] [stderr] 2026-08-05T19:04:04.561-0600	INFO	ForkJoinPool-1-worker-1	stdout	peak_memory,trino,tpcds-parquet-sf10,q15,3,28.674,30.822,10740.022,11476.022
[WARNING] [stderr] 2026-08-05T19:04:04.561-0600	INFO	ForkJoinPool-1-worker-1	stdout	nitro,tpcds-parquet-sf10,q15,3,252.453,258.788,268.684,259.975,331.000,332.667,13
[WARNING] [stderr] 2026-08-05T19:04:04.561-0600	INFO	ForkJoinPool-1-worker-1	stdout	peak_memory,nitro,tpcds-parquet-sf10,q15,3,21.574,21.724,10036.022,12116.022
[WARNING] [stderr] 2026-08-05T19:04:04.561-0600	INFO	ForkJoinPool-1-worker-1	stdout	boundary,nitro,tpcds-parquet-sf10,q15,3,282,2476782,65600556,2469450,3718839,0,531,4727355,113497128,2469450,8969712,0,0,5256867,0,0,0,0
[WARNING] [stderr] 2026-08-05T19:04:04.561-0600	INFO	ForkJoinPool-1-worker-1	stdout	nitro_over_trino_wall_p50,2.421531204867274
[WARNING] [stderr] 2026-08-05T19:04:04.561-0600	INFO	ForkJoinPool-1-worker-1	stdout	nitro_over_trino_cpu_p50,1.7239583333333333
[WARNING] [stderr] 2026-08-05T19:04:04.561-0600	INFO	ForkJoinPool-1-worker-1	stdout	nitro_over_trino_cpu_mean,1.7296360485268631
[INFO] Tests run: 1, Failures: 0, Errors: 0, Skipped: 0, Time elapsed: 170.4 s -- in io.trino.tests.nitro.TestNitroTpcdsParquetPerformance
[WARNING] [stderr] 2026-08-05T19:04:04.631-0600	INFO	main	io.trino.testing.containers.junit.ReportLeakedContainers	DockerClientFactory not initialized, so there should be no leaked containers, skipping the check
[INFO] 
[INFO] Results:
[INFO] 
[INFO] Tests run: 1, Failures: 0, Errors: 0, Skipped: 0
[INFO] 
[INFO] ------------------------------------------------------------------------
[INFO] BUILD SUCCESS
[INFO] ------------------------------------------------------------------------
[INFO] Total time:  02:52 min (Wall Clock)
[INFO] Finished at: 2026-08-06T01:04:05Z
[INFO] ------------------------------------------------------------------------
[INFO] Njord session closed
Purged 8 log files (log available in /root/.mvnd/purge-2026-08-06.log)
