NOTE: Picked up JDK_JAVA_OPTIONS: -Xms2g -Xmx12g -XX:+UseG1GC -XX:G1HeapRegionSize=32m -XX:-HeapDumpOnOutOfMemoryError -XX:ActiveProcessorCount=6 -Dcork.benchmark.task-concurrency=4 -Dcork.benchmark.expected-mode=NITRO -Dcork.benchmark.output-directory=/home/martin/src/nitro.opt/benchmarks/trino-integration/20260819-post-island-functional-pass/tpcds/q24a -Dcork.benchmark.required-nitro-code-source-root=/home/martin/src/nitro.opt -Dcork.benchmark.required-trino-code-source-root=/root/notes/cork/core/trino-main/target/classes
Aug 19, 2026 3:06:23 AM io.airlift.log.Logger warn
WARNING: No .git ancestor of /home/martin/src/nitro.opt; falling back to user.home (/root) as project root
Aug 19, 2026 3:06:23 AM io.airlift.log.Logger info
INFO: Launching benchmark JVM with -Xms12288m -Xmx12288m
NOTE: Picked up JDK_JAVA_OPTIONS: -Xms2g -Xmx12g -XX:+UseG1GC -XX:G1HeapRegionSize=32m -XX:-HeapDumpOnOutOfMemoryError -XX:ActiveProcessorCount=6 -Dcork.benchmark.task-concurrency=4 -Dcork.benchmark.expected-mode=NITRO -Dcork.benchmark.output-directory=/home/martin/src/nitro.opt/benchmarks/trino-integration/20260819-post-island-functional-pass/tpcds/q24a -Dcork.benchmark.required-nitro-code-source-root=/home/martin/src/nitro.opt -Dcork.benchmark.required-trino-code-source-root=/root/notes/cork/core/trino-main/target/classes
WARNING: Using incubator modules: jdk.incubator.vector
Aug 19, 2026 3:06:24 AM io.airlift.log.Logger warn
WARNING: No .git ancestor of /home/martin/src/nitro.opt; falling back to user.home (/root) as project root
Aug 19, 2026 3:06:24 AM io.airlift.log.Logger info
INFO: Benchmark Nitro class origin: org.weakref.nitro.operator.PartialAggregationInputStatistics -> /home/martin/src/nitro.opt/nitro-engine/target/classes
Aug 19, 2026 3:06:24 AM io.airlift.log.Logger info
INFO: Benchmark Nitro class origin: org.weakref.nitro.parquet.NitroParquetBatchSource -> /home/martin/src/nitro.opt/nitro-parquet/target/classes
Aug 19, 2026 3:06:24 AM io.airlift.log.Logger info
INFO: Benchmark Trino class origin: io.trino.operator.nitro.TrinoNitroPlanner -> /root/notes/cork/core/trino-main/target/classes
Aug 19, 2026 3:06:24 AM io.airlift.log.Logger info
INFO: Per-iteration EXPLAIN ANALYZE plans will be written under /home/martin/src/nitro.opt/benchmarks/trino-integration/20260819-post-island-functional-pass/tpcds/q24a/tpcds-sf10/explain
Aug 19, 2026 3:06:24 AM io.airlift.log.Logger info
INFO: Benchmark task concurrency: 4
2026-08-19T03:06:24.820Z	INFO	main	io.airlift.log.Logging	Logging to stderr
2026-08-19T03:06:24.901Z	INFO	main	stderr	SLF4J(W): Class path contains multiple SLF4J providers.
2026-08-19T03:06:24.901Z	INFO	main	stderr	SLF4J(W): Found provider [org.slf4j.jul.JULServiceProvider@7dcc91fd]
2026-08-19T03:06:24.901Z	INFO	main	stderr	SLF4J(W): Found provider [org.slf4j.nop.NOPServiceProvider@66eb985d]
2026-08-19T03:06:24.901Z	INFO	main	stderr	SLF4J(W): See https://www.slf4j.org/codes.html#multiple_bindings for an explanation.
2026-08-19T03:06:24.901Z	INFO	main	stderr	SLF4J(I): Actual provider is of type [org.slf4j.jul.JULServiceProvider@7dcc91fd]
WARNING: A terminally deprecated method in sun.misc.Unsafe has been called
WARNING: sun.misc.Unsafe::staticFieldBase has been called by com.google.inject.internal.aop.HiddenClassDefiner (file:/root/.m2/repository/remote-cache/com/google/inject/guice/7.0.0/guice-7.0.0-classes.jar)
WARNING: Please consider reporting this to the maintainers of class com.google.inject.internal.aop.HiddenClassDefiner
WARNING: sun.misc.Unsafe::staticFieldBase will be removed in a future release
2026-08-19T03:06:25.851Z	INFO	main	io.trino.simd.BlockEncodingSimdSupport	Detected SIMD Support for architecture=amd64, vectorBitWidth=512: SimdSupport[capabilities=[NULL_BIT_PACKING, COMPRESS_BYTE, EXPAND_BYTE, COMPRESS_SHORT, EXPAND_SHORT, COMPRESS_INT, EXPAND_INT, COMPRESS_LONG, EXPAND_LONG]]
WARNING: A restricted method in java.lang.System has been called
WARNING: java.lang.System::loadLibrary has been called by com.aayushatharva.brotli4j.Brotli4jLoader in an unnamed module (file:/root/.m2/repository/remote-cache/com/aayushatharva/brotli4j/brotli4j/1.23.0/brotli4j-1.23.0.jar)
WARNING: Use --enable-native-access=ALL-UNNAMED to avoid a warning for callers in this module
WARNING: Restricted methods will be blocked in a future release unless native access is enabled

2026-08-19T03:06:27.730Z	INFO	main	io.trino.testing.DistributedQueryRunner	Created DistributedQueryRunner in 2.91s (unclosed instances = 1)
2026-08-19T03:06:27.732Z	INFO	main	io.trino.exchange.ExchangeManagerRegistry	-- Loading exchange manager filesystem --
2026-08-19T03:06:27.749Z	INFO	main	io.trino.exchange.ExchangeManagerRegistry	-- Loaded exchange manager filesystem --
2026-08-19T03:06:28.794Z	INFO	main	io.trino.tests.benchmark.BaseHiveTpcdsWorkload	Reusing existing hive.tpcds.call_center at local:///root/data/tpcds-parquet-sf10/sf10/call_center
2026-08-19T03:06:28.869Z	INFO	main	io.trino.tests.benchmark.BaseHiveTpcdsWorkload	Reusing existing hive.tpcds.catalog_page at local:///root/data/tpcds-parquet-sf10/sf10/catalog_page
2026-08-19T03:06:28.935Z	INFO	main	io.trino.tests.benchmark.BaseHiveTpcdsWorkload	Reusing existing hive.tpcds.catalog_returns at local:///root/data/tpcds-parquet-sf10/sf10/catalog_returns
2026-08-19T03:06:28.990Z	INFO	main	io.trino.tests.benchmark.BaseHiveTpcdsWorkload	Reusing existing hive.tpcds.catalog_sales at local:///root/data/tpcds-parquet-sf10/sf10/catalog_sales
2026-08-19T03:06:29.067Z	INFO	main	io.trino.tests.benchmark.BaseHiveTpcdsWorkload	Reusing existing hive.tpcds.customer at local:///root/data/tpcds-parquet-sf10/sf10/customer
2026-08-19T03:06:29.207Z	INFO	main	io.trino.tests.benchmark.BaseHiveTpcdsWorkload	Reusing existing hive.tpcds.customer_address at local:///root/data/tpcds-parquet-sf10/sf10/customer_address
2026-08-19T03:06:29.294Z	INFO	main	io.trino.tests.benchmark.BaseHiveTpcdsWorkload	Reusing existing hive.tpcds.customer_demographics at local:///root/data/tpcds-parquet-sf10/sf10/customer_demographics
2026-08-19T03:06:29.379Z	INFO	main	io.trino.tests.benchmark.BaseHiveTpcdsWorkload	Reusing existing hive.tpcds.date_dim at local:///root/data/tpcds-parquet-sf10/sf10/date_dim
2026-08-19T03:06:29.441Z	INFO	main	io.trino.tests.benchmark.BaseHiveTpcdsWorkload	Reusing existing hive.tpcds.household_demographics at local:///root/data/tpcds-parquet-sf10/sf10/household_demographics
2026-08-19T03:06:29.499Z	INFO	main	io.trino.tests.benchmark.BaseHiveTpcdsWorkload	Reusing existing hive.tpcds.income_band at local:///root/data/tpcds-parquet-sf10/sf10/income_band
2026-08-19T03:06:29.553Z	INFO	main	io.trino.tests.benchmark.BaseHiveTpcdsWorkload	Reusing existing hive.tpcds.inventory at local:///root/data/tpcds-parquet-sf10/sf10/inventory
2026-08-19T03:06:29.618Z	INFO	main	io.trino.tests.benchmark.BaseHiveTpcdsWorkload	Reusing existing hive.tpcds.item at local:///root/data/tpcds-parquet-sf10/sf10/item
2026-08-19T03:06:29.685Z	INFO	main	io.trino.tests.benchmark.BaseHiveTpcdsWorkload	Reusing existing hive.tpcds.promotion at local:///root/data/tpcds-parquet-sf10/sf10/promotion
2026-08-19T03:06:29.749Z	INFO	main	io.trino.tests.benchmark.BaseHiveTpcdsWorkload	Reusing existing hive.tpcds.reason at local:///root/data/tpcds-parquet-sf10/sf10/reason
2026-08-19T03:06:29.825Z	INFO	main	io.trino.tests.benchmark.BaseHiveTpcdsWorkload	Reusing existing hive.tpcds.ship_mode at local:///root/data/tpcds-parquet-sf10/sf10/ship_mode
2026-08-19T03:06:29.889Z	INFO	main	io.trino.tests.benchmark.BaseHiveTpcdsWorkload	Reusing existing hive.tpcds.store at local:///root/data/tpcds-parquet-sf10/sf10/store
2026-08-19T03:06:29.944Z	INFO	main	io.trino.tests.benchmark.BaseHiveTpcdsWorkload	Reusing existing hive.tpcds.store_returns at local:///root/data/tpcds-parquet-sf10/sf10/store_returns
2026-08-19T03:06:30.001Z	INFO	main	io.trino.tests.benchmark.BaseHiveTpcdsWorkload	Reusing existing hive.tpcds.store_sales at local:///root/data/tpcds-parquet-sf10/sf10/store_sales
2026-08-19T03:06:30.075Z	INFO	main	io.trino.tests.benchmark.BaseHiveTpcdsWorkload	Reusing existing hive.tpcds.time_dim at local:///root/data/tpcds-parquet-sf10/sf10/time_dim
2026-08-19T03:06:30.127Z	INFO	main	io.trino.tests.benchmark.BaseHiveTpcdsWorkload	Reusing existing hive.tpcds.warehouse at local:///root/data/tpcds-parquet-sf10/sf10/warehouse
2026-08-19T03:06:30.182Z	INFO	main	io.trino.tests.benchmark.BaseHiveTpcdsWorkload	Reusing existing hive.tpcds.web_page at local:///root/data/tpcds-parquet-sf10/sf10/web_page
2026-08-19T03:06:30.281Z	INFO	main	io.trino.tests.benchmark.BaseHiveTpcdsWorkload	Reusing existing hive.tpcds.web_returns at local:///root/data/tpcds-parquet-sf10/sf10/web_returns
2026-08-19T03:06:30.350Z	INFO	main	io.trino.tests.benchmark.BaseHiveTpcdsWorkload	Reusing existing hive.tpcds.web_sales at local:///root/data/tpcds-parquet-sf10/sf10/web_sales
2026-08-19T03:06:30.408Z	INFO	main	io.trino.tests.benchmark.BaseHiveTpcdsWorkload	Reusing existing hive.tpcds.web_site at local:///root/data/tpcds-parquet-sf10/sf10/web_site
2026-08-19T03:06:30.409Z	INFO	main	io.trino.tests.benchmark.BenchmarkRunner	Running Trino at http://127.0.0.1:45283 (mode=NITRO)
2026-08-19T03:06:30.409Z	INFO	main	io.trino.tests.benchmark.BenchmarkRunner	Running tpcds-sf10 benchmark: 0 suite warmup, 0 warmup, 1 measured runs, reporting average
2026-08-19T03:06:30.409Z	INFO	main	io.trino.tests.benchmark.BenchmarkRunner	Verifying table statistics for 24 table(s): [hive.tpcds.call_center, hive.tpcds.catalog_page, hive.tpcds.catalog_returns, hive.tpcds.catalog_sales, hive.tpcds.customer, hive.tpcds.customer_address, hive.tpcds.customer_demographics, hive.tpcds.date_dim, hive.tpcds.household_demographics, hive.tpcds.income_band, hive.tpcds.inventory, hive.tpcds.item, hive.tpcds.promotion, hive.tpcds.reason, hive.tpcds.ship_mode, hive.tpcds.store, hive.tpcds.store_returns, hive.tpcds.store_sales, hive.tpcds.time_dim, hive.tpcds.warehouse, hive.tpcds.web_page, hive.tpcds.web_returns, hive.tpcds.web_sales, hive.tpcds.web_site]
2026-08-19T03:06:30.558Z	INFO	main	io.trino.tests.benchmark.BenchmarkRunner	  hive.tpcds.call_center: statistics present
2026-08-19T03:06:30.611Z	INFO	main	io.trino.tests.benchmark.BenchmarkRunner	  hive.tpcds.catalog_page: statistics present
2026-08-19T03:06:30.698Z	INFO	main	io.trino.tests.benchmark.BenchmarkRunner	  hive.tpcds.catalog_returns: statistics present
2026-08-19T03:06:30.770Z	INFO	main	io.trino.tests.benchmark.BenchmarkRunner	  hive.tpcds.catalog_sales: statistics present
2026-08-19T03:06:30.807Z	INFO	main	io.trino.tests.benchmark.BenchmarkRunner	  hive.tpcds.customer: statistics present
2026-08-19T03:06:30.837Z	INFO	main	io.trino.tests.benchmark.BenchmarkRunner	  hive.tpcds.customer_address: statistics present
2026-08-19T03:06:30.868Z	INFO	main	io.trino.tests.benchmark.BenchmarkRunner	  hive.tpcds.customer_demographics: statistics present
2026-08-19T03:06:30.907Z	INFO	main	io.trino.tests.benchmark.BenchmarkRunner	  hive.tpcds.date_dim: statistics present
2026-08-19T03:06:30.933Z	INFO	main	io.trino.tests.benchmark.BenchmarkRunner	  hive.tpcds.household_demographics: statistics present
2026-08-19T03:06:30.954Z	INFO	main	io.trino.tests.benchmark.BenchmarkRunner	  hive.tpcds.income_band: statistics present
2026-08-19T03:06:30.976Z	INFO	main	io.trino.tests.benchmark.BenchmarkRunner	  hive.tpcds.inventory: statistics present
2026-08-19T03:06:31.009Z	INFO	main	io.trino.tests.benchmark.BenchmarkRunner	  hive.tpcds.item: statistics present
2026-08-19T03:06:31.034Z	INFO	main	io.trino.tests.benchmark.BenchmarkRunner	  hive.tpcds.promotion: statistics present
2026-08-19T03:06:31.055Z	INFO	main	io.trino.tests.benchmark.BenchmarkRunner	  hive.tpcds.reason: statistics present
2026-08-19T03:06:31.069Z	INFO	main	io.trino.tests.benchmark.BenchmarkRunner	  hive.tpcds.ship_mode: statistics present
2026-08-19T03:06:31.097Z	INFO	main	io.trino.tests.benchmark.BenchmarkRunner	  hive.tpcds.store: statistics present
2026-08-19T03:06:31.118Z	INFO	main	io.trino.tests.benchmark.BenchmarkRunner	  hive.tpcds.store_returns: statistics present
2026-08-19T03:06:31.140Z	INFO	main	io.trino.tests.benchmark.BenchmarkRunner	  hive.tpcds.store_sales: statistics present
2026-08-19T03:06:31.161Z	INFO	main	io.trino.tests.benchmark.BenchmarkRunner	  hive.tpcds.time_dim: statistics present
2026-08-19T03:06:31.179Z	INFO	main	io.trino.tests.benchmark.BenchmarkRunner	  hive.tpcds.warehouse: statistics present
2026-08-19T03:06:31.197Z	INFO	main	io.trino.tests.benchmark.BenchmarkRunner	  hive.tpcds.web_page: statistics present
2026-08-19T03:06:31.212Z	INFO	main	io.trino.tests.benchmark.BenchmarkRunner	  hive.tpcds.web_returns: statistics present
2026-08-19T03:06:31.228Z	INFO	main	io.trino.tests.benchmark.BenchmarkRunner	  hive.tpcds.web_sales: statistics present
2026-08-19T03:06:31.255Z	INFO	main	io.trino.tests.benchmark.BenchmarkRunner	  hive.tpcds.web_site: statistics present
2026-08-19T03:06:33.403Z	INFO	main	io.trino.tests.benchmark.BenchmarkRunner	Average for q24a: 2075 ms (execution 2060 ms, CPU 4660 ms, peak memory 16.12MB)
2026-08-19T03:06:33.403Z	INFO	main	io.trino.tests.benchmark.BenchmarkRunner	Sum of averages for all queries: 2075 ms (execution 2060 ms)
2026-08-19T03:06:33.404Z	INFO	main	io.trino.tests.benchmark.BenchmarkRunner	Wrote per-query timings to /home/martin/src/nitro.opt/benchmarks/trino-integration/20260819-post-island-functional-pass/tpcds/q24a/tpcds-sf10/timings.csv
