[INFO] Processing build on daemon ebc5ec3b
[INFO] Scanning for projects...
[INFO] Njord 0.9.4 session created
[INFO] BuildTimeEventSpy is registered.
[INFO] 
[INFO] Using the SmartBuilder implementation with a thread count of 7
[INFO] 
[INFO] -------------------------< org.weakref:nitro >--------------------------
[INFO] Building nitro 1-SNAPSHOT
[INFO]   from pom.xml
[INFO] --------------------------------[ jar ]---------------------------------
[WARNING] 2 problems were encountered while building the effective model for org.apache.yetus:audience-annotations:jar:0.5.0 during dependency collection step for project (use -X to see details)
[INFO] 
[INFO] --- enforcer:3.6.2:enforce (default) @ nitro ---
[INFO] Rule 0: org.apache.maven.enforcer.rules.dependency.BannedDependencies passed
[INFO] Rule 1: org.apache.maven.enforcer.rules.BanDuplicatePomDependencyVersions passed
[INFO] Rule 2: org.apache.maven.enforcer.rules.dependency.RequireUpperBoundDeps passed
[INFO] Rule 3: org.apache.maven.enforcer.rules.version.RequireMavenVersion passed
[INFO] Rule 4: org.apache.maven.enforcer.rules.version.RequireJavaVersion passed
[INFO] Rule 5: org.codehaus.mojo.extraenforcer.dependencies.EnforceBytecodeVersion passed
[INFO] Rule 6: org.apache.maven.enforcer.rules.RequirePluginVersions passed
[INFO] Rule 7: org.apache.maven.plugins.enforcer.RestrictImports passed
[INFO] Rule 8: org.apache.maven.plugins.enforcer.RestrictImports passed
[INFO] Rule 9: org.apache.maven.plugins.enforcer.RestrictImports passed
[INFO] Rule 10: org.apache.maven.plugins.enforcer.RestrictImports passed
[INFO] Rule 11: org.apache.maven.plugins.enforcer.RestrictImports passed
[INFO] Rule 12: org.apache.maven.plugins.enforcer.RestrictImports passed
[INFO] Rule 13: org.apache.maven.plugins.enforcer.RestrictImports passed
[INFO] Rule 14: org.apache.maven.enforcer.rules.RequireProfileIdsExist passed
[INFO] Rule 15: org.codehaus.mojo.extraenforcer.model.RequirePropertyDiverges passed
[INFO] 
[INFO] --- sortpom:4.0.0:verify (default) @ nitro ---
[INFO] Verifying file /home/martin/src/nitro.opt/pom.xml
[INFO] 
[INFO] --- dependency-scope:1.0.3:check (default) @ nitro ---
[INFO] No test dependency scope issues found
[INFO] 
[INFO] --- license:5.0.0:check (default) @ nitro ---
[INFO] Checking licenses...
[INFO] 
[INFO] --- checkstyle:3.6.0:check (checkstyle) @ nitro ---
[INFO] You have 0 Checkstyle violations.
[INFO] 
[INFO] --- git-commit-id:9.0.2:revision (default) @ nitro ---
[INFO] 
[INFO] --- build-helper:3.6.1:bsh-property (surefire-enable-preview) @ nitro ---
[INFO] 
[INFO] --- jacoco:0.8.14:prepare-agent (default) @ nitro ---
[INFO] argLine set to -javaagent:/root/.m2/repository/org/jacoco/org.jacoco.agent/0.8.14/org.jacoco.agent-0.8.14-runtime.jar=destfile=/home/martin/src/nitro.opt/target/jacoco.exec
[INFO] 
[INFO] --- resources:3.5.0:resources (default-resources) @ nitro ---
[INFO] skip non existing resourceDirectory /home/martin/src/nitro.opt/src/main/resources
[INFO] 
[INFO] --- compiler:3.15.0:compile (default-compile) @ nitro ---
[INFO] Recompiling the module because of changed source code.
[INFO] Compiling 282 source files with javac [debug deprecation parameters preview release 26] to target/classes
[WARNING] /home/martin/src/nitro.opt/src/main/java/org/weakref/nitro/operator/ParquetScanOperator.java:[1480,50] copy(org.apache.parquet.bytes.BytesInput) in org.apache.parquet.bytes.BytesInput has been deprecated
[WARNING] /home/martin/src/nitro.opt/src/main/java/org/weakref/nitro/operator/ParquetScanOperator.java:[1511,61] copy(org.apache.parquet.bytes.BytesInput) in org.apache.parquet.bytes.BytesInput has been deprecated
[WARNING] /home/martin/src/nitro.opt/src/main/java/org/weakref/nitro/operator/ParquetScanOperator.java:[1512,61] copy(org.apache.parquet.bytes.BytesInput) in org.apache.parquet.bytes.BytesInput has been deprecated
[WARNING] /home/martin/src/nitro.opt/src/main/java/org/weakref/nitro/operator/ParquetScanOperator.java:[1513,49] copy(org.apache.parquet.bytes.BytesInput) in org.apache.parquet.bytes.BytesInput has been deprecated
[INFO] /home/martin/src/nitro.opt/src/main/java/org/weakref/nitro/operator/GroupingState.java: /home/martin/src/nitro.opt/src/main/java/org/weakref/nitro/operator/GroupingState.java uses unchecked or unsafe operations.
[INFO] /home/martin/src/nitro.opt/src/main/java/org/weakref/nitro/operator/GroupingState.java: Recompile with -Xlint:unchecked for details.
[INFO] 
[INFO] --- resources:3.5.0:testResources (default-testResources) @ nitro ---
[INFO] Copying 22 resources from src/test/resources to target/test-classes
[INFO] 
[INFO] --- compiler:3.15.0:testCompile (default-testCompile) @ nitro ---
[INFO] Recompiling the module because of changed dependency.
[INFO] Compiling 155 source files with javac [debug deprecation parameters preview release 26] to target/test-classes
[WARNING] /home/martin/src/nitro.opt/src/test/java/org/weakref/nitro/trino/tpcds/LocalTpcdsMetadata.java:[121,55] listTableColumns(io.trino.spi.connector.ConnectorSession,io.trino.spi.connector.SchemaTablePrefix) in io.trino.spi.connector.ConnectorMetadata has been deprecated
[INFO] /home/martin/src/nitro.opt/src/test/java/org/weakref/nitro/tpcds/CompiledQuerySupport.java: /home/martin/src/nitro.opt/src/test/java/org/weakref/nitro/tpcds/CompiledQuerySupport.java uses unchecked or unsafe operations.
[INFO] /home/martin/src/nitro.opt/src/test/java/org/weakref/nitro/tpcds/CompiledQuerySupport.java: Recompile with -Xlint:unchecked for details.
[INFO] 
[INFO] --- exec:3.6.1:exec (benchmark) @ nitro ---
[WARNING] [stderr] WARNING: Using incubator modules: jdk.incubator.vector
[WARNING] [stderr] WARNING: A terminally deprecated method in sun.misc.Unsafe has been called
[WARNING] [stderr] WARNING: sun.misc.Unsafe::objectFieldOffset has been called by org.openjdk.jmh.util.Utils (file:/root/.m2/repository/org/openjdk/jmh/jmh-core/1.37/jmh-core-1.37.jar)
[WARNING] [stderr] WARNING: Please consider reporting this to the maintainers of class org.openjdk.jmh.util.Utils
[WARNING] [stderr] WARNING: sun.misc.Unsafe::objectFieldOffset will be removed in a future release
[INFO] [stdout] # JMH version: 1.37
[INFO] [stdout] # VM version: JDK 26.0.1, OpenJDK 64-Bit Server VM, 26.0.1+8
[INFO] [stdout] # VM invoker: /opt/java/openjdk/bin/java
[INFO] [stdout] # VM options: --enable-preview --add-modules=jdk.incubator.vector -Dnitro.clickbench.hits.path=/root/data/clickbench -Xmx12g -XX:+UseTransparentHugePages -Dnitro.clickbench.hits.path=/root/data/clickbench -Dnitro.parquet.scalarDictionaryGatherMaxEntries=512
[INFO] [stdout] # Blackhole mode: compiler (auto-detected, use -Djmh.blackhole.autoDetect=false to disable)
[INFO] [stdout] # Warmup: 10 iterations, 1 s each
[INFO] [stdout] # Measurement: 5 iterations, 1 s each
[INFO] [stdout] # Timeout: 10 min per iteration
[INFO] [stdout] # Threads: 1 thread, will synchronize iterations
[INFO] [stdout] # Benchmark mode: Average time, time/op
[INFO] [stdout] # Benchmark: org.weakref.nitro.clickbench.BenchmarkQueries.query43
[INFO] [stdout] 
[INFO] [stdout] # Run progress: 0.00% complete, ETA 00:00:15
[INFO] [stdout] # Fork: 1 of 1
[INFO] [stdout] # Preparing profilers: LinuxPerfNormProfiler 
[INFO] [stdout] # Profilers consume stderr from target VM, use -v EXTRA to copy to console
[INFO] [stdout] # Warmup Iteration   1: 339.465 ms/op
[INFO] [stdout] # Warmup Iteration   2: 145.540 ms/op
[INFO] [stdout] # Warmup Iteration   3: 139.163 ms/op
[INFO] [stdout] # Warmup Iteration   4: 139.333 ms/op
[INFO] [stdout] # Warmup Iteration   5: 138.121 ms/op
[INFO] [stdout] # Warmup Iteration   6: 137.000 ms/op
[INFO] [stdout] # Warmup Iteration   7: 137.343 ms/op
[INFO] [stdout] # Warmup Iteration   8: 136.672 ms/op
[INFO] [stdout] # Warmup Iteration   9: 137.601 ms/op
[INFO] [stdout] # Warmup Iteration  10: 137.562 ms/op
[INFO] [stdout] Iteration   1: 137.511 ms/op
[INFO] [stdout]                  gc.alloc.rate:      703.853 MB/sec
[INFO] [stdout]                  gc.alloc.rate.norm: 101498978.000 B/op
[INFO] [stdout]                  gc.count:           1.000 counts
[INFO] [stdout]                  gc.time:            6.000 ms
[INFO] [stdout] 
[INFO] [stdout] Iteration   2: 137.571 ms/op
[INFO] [stdout]                  gc.alloc.rate:      703.225 MB/sec
[INFO] [stdout]                  gc.alloc.rate.norm: 101453859.000 B/op
[INFO] [stdout]                  gc.count:           1.000 counts
[INFO] [stdout]                  gc.time:            6.000 ms
[INFO] [stdout] 
[INFO] [stdout] Iteration   3: 137.028 ms/op
[INFO] [stdout]                  gc.alloc.rate:      705.989 MB/sec
[INFO] [stdout]                  gc.alloc.rate.norm: 101450433.000 B/op
[INFO] [stdout]                  gc.count:           1.000 counts
[INFO] [stdout]                  gc.time:            4.000 ms
[INFO] [stdout] 
[INFO] [stdout] Iteration   4: 136.936 ms/op
[INFO] [stdout]                  gc.alloc.rate:      706.467 MB/sec
[INFO] [stdout]                  gc.alloc.rate.norm: 101449661.000 B/op
[INFO] [stdout]                  gc.count:           1.000 counts
[INFO] [stdout]                  gc.time:            6.000 ms
[INFO] [stdout] 
[INFO] [stdout] Iteration   5: 136.603 ms/op
[INFO] [stdout]                  gc.alloc.rate:      708.197 MB/sec
[INFO] [stdout]                  gc.alloc.rate.norm: 101450637.000 B/op
[INFO] [stdout]                  gc.count:           1.000 counts
[INFO] [stdout]                  gc.time:            6.000 ms
[INFO] [stdout] 
[INFO] [stdout] # Processing profiler results: LinuxPerfNormProfiler 
[INFO] [stdout] 
[INFO] [stdout] 
[INFO] [stdout] Result "org.weakref.nitro.clickbench.BenchmarkQueries.query43":
[INFO] [stdout]   137.130 ±(99.9%) 1.571 ms/op [Average]
[INFO] [stdout]   (min, avg, max) = (136.603, 137.130, 137.571), stdev = 0.408
[INFO] [stdout]   CI (99.9%): [135.559, 138.701] (assumes normal distribution)
[INFO] [stdout] 
[INFO] [stdout] Secondary result "org.weakref.nitro.clickbench.BenchmarkQueries.query43:CPI":
[INFO] [stdout]   0.221 clks/insn
[INFO] [stdout] 
[INFO] [stdout] Secondary result "org.weakref.nitro.clickbench.BenchmarkQueries.query43:IPC":
[INFO] [stdout]   4.517 insns/clk
[INFO] [stdout] 
[INFO] [stdout] Secondary result "org.weakref.nitro.clickbench.BenchmarkQueries.query43:L1-dcache-load-misses":
[INFO] [stdout]   61423882.160 #/op
[INFO] [stdout] 
[INFO] [stdout] Secondary result "org.weakref.nitro.clickbench.BenchmarkQueries.query43:L1-dcache-loads":
[INFO] [stdout]   1327045330.986 #/op
[INFO] [stdout] 
[INFO] [stdout] Secondary result "org.weakref.nitro.clickbench.BenchmarkQueries.query43:branch-misses":
[INFO] [stdout]   1501502.570 #/op
[INFO] [stdout] 
[INFO] [stdout] Secondary result "org.weakref.nitro.clickbench.BenchmarkQueries.query43:branches":
[INFO] [stdout]   670939197.873 #/op
[INFO] [stdout] 
[INFO] [stdout] Secondary result "org.weakref.nitro.clickbench.BenchmarkQueries.query43:cycles":
[INFO] [stdout]   775794156.280 #/op
[INFO] [stdout] 
[INFO] [stdout] Secondary result "org.weakref.nitro.clickbench.BenchmarkQueries.query43:dTLB-load-misses":
[INFO] [stdout]   20737.572 #/op
[INFO] [stdout] 
[INFO] [stdout] Secondary result "org.weakref.nitro.clickbench.BenchmarkQueries.query43:dTLB-loads":
[INFO] [stdout]   637217.779 #/op
[INFO] [stdout] 
[INFO] [stdout] Secondary result "org.weakref.nitro.clickbench.BenchmarkQueries.query43:gc.alloc.rate":
[INFO] [stdout]   705.546 ±(99.9%) 7.779 MB/sec [Average]
[INFO] [stdout]   (min, avg, max) = (703.225, 705.546, 708.197), stdev = 2.020
[INFO] [stdout]   CI (99.9%): [697.767, 713.325] (assumes normal distribution)
[INFO] [stdout] 
[INFO] [stdout] Secondary result "org.weakref.nitro.clickbench.BenchmarkQueries.query43:gc.alloc.rate.norm":
[INFO] [stdout]   101460713.600 ±(99.9%) 82599.194 B/op [Average]
[INFO] [stdout]   (min, avg, max) = (101449661.000, 101460713.600, 101498978.000), stdev = 21450.748
[INFO] [stdout]   CI (99.9%): [101378114.406, 101543312.794] (assumes normal distribution)
[INFO] [stdout] 
[INFO] [stdout] Secondary result "org.weakref.nitro.clickbench.BenchmarkQueries.query43:gc.count":
[INFO] [stdout]   5.000 ±(99.9%) 0.001 counts [Sum]
[INFO] [stdout]   (min, avg, max) = (1.000, 1.000, 1.000), stdev = 0.001
[INFO] [stdout]   CI (99.9%): [5.000, 5.000] (assumes normal distribution)
[INFO] [stdout] 
[INFO] [stdout] Secondary result "org.weakref.nitro.clickbench.BenchmarkQueries.query43:gc.time":
[INFO] [stdout]   28.000 ±(99.9%) 0.001 ms [Sum]
[INFO] [stdout]   (min, avg, max) = (4.000, 5.600, 6.000), stdev = 0.894
[INFO] [stdout]   CI (99.9%): [28.000, 28.000] (assumes normal distribution)
[INFO] [stdout] 
[INFO] [stdout] Secondary result "org.weakref.nitro.clickbench.BenchmarkQueries.query43:instructions":
[INFO] [stdout]   3504037700.700 #/op
[INFO] [stdout] 
[INFO] [stdout] 
[INFO] [stdout] # Run complete. Total time: 00:00:16
[INFO] [stdout] 
[INFO] [stdout] REMEMBER: The numbers below are just data. To gain reusable insights, you need to follow up on
[INFO] [stdout] why the numbers are the way they are. Use profilers (see -prof, -lprof), design factorial
[INFO] [stdout] experiments, perform baseline and negative tests that provide experimental control, make sure
[INFO] [stdout] the benchmarking environment is safe on JVM/OS/HW level, ask for reviews from the domain experts.
[INFO] [stdout] Do not assume the numbers tell you what you want them to tell.
[INFO] [stdout] 
[INFO] [stdout] NOTE: Current JVM experimentally supports Compiler Blackholes, and they are in use. Please exercise
[INFO] [stdout] extra caution when trusting the results, look into the generated code to check the benchmark still
[INFO] [stdout] works, and factor in a small probability of new VM bugs. Additionally, while comparisons between
[INFO] [stdout] different JVMs are already problematic, the performance difference caused by different Blackhole
[INFO] [stdout] modes can be very significant. Please make sure you use the consistent Blackhole mode for comparisons.
[INFO] [stdout] 
[INFO] [stdout] Benchmark                                       Mode  Cnt           Score       Error      Units
[INFO] [stdout] BenchmarkQueries.query43                        avgt    5         137.130 ±     1.571      ms/op
[INFO] [stdout] BenchmarkQueries.query43:CPI                    avgt                0.221              clks/insn
[INFO] [stdout] BenchmarkQueries.query43:IPC                    avgt                4.517              insns/clk
[INFO] [stdout] BenchmarkQueries.query43:L1-dcache-load-misses  avgt         61423882.160                   #/op
[INFO] [stdout] BenchmarkQueries.query43:L1-dcache-loads        avgt       1327045330.986                   #/op
[INFO] [stdout] BenchmarkQueries.query43:branch-misses          avgt          1501502.570                   #/op
[INFO] [stdout] BenchmarkQueries.query43:branches               avgt        670939197.873                   #/op
[INFO] [stdout] BenchmarkQueries.query43:cycles                 avgt        775794156.280                   #/op
[INFO] [stdout] BenchmarkQueries.query43:dTLB-load-misses       avgt            20737.572                   #/op
[INFO] [stdout] BenchmarkQueries.query43:dTLB-loads             avgt           637217.779                   #/op
[INFO] [stdout] BenchmarkQueries.query43:gc.alloc.rate          avgt    5         705.546 ±     7.779     MB/sec
[INFO] [stdout] BenchmarkQueries.query43:gc.alloc.rate.norm     avgt    5   101460713.600 ± 82599.194       B/op
[INFO] [stdout] BenchmarkQueries.query43:gc.count               avgt    5           5.000                 counts
[INFO] [stdout] BenchmarkQueries.query43:gc.time                avgt    5          28.000                     ms
[INFO] [stdout] BenchmarkQueries.query43:instructions           avgt       3504037700.700                   #/op
[INFO] [stdout] 
[INFO] [stdout] Benchmark result is saved to benchmarks/sweeps/20260720-targeted/clickbench-q43-followup/scalar-small-unroll8-screen.json
[INFO] ------------------------------------------------------------------------
[INFO] BUILD SUCCESS
[INFO] ------------------------------------------------------------------------
[INFO] Total time:  26.042 s (Wall Clock)
[INFO] Finished at: 2026-07-20T08:16:12Z
[INFO] ------------------------------------------------------------------------
[INFO] Njord session closed
