[INFO] Processing build on daemon 5e57a433
[INFO] Scanning for projects...
[INFO] Njord 0.9.4 session created
[INFO] BuildTimeEventSpy is registered.
[INFO] 
[INFO] Using the SmartBuilder implementation with a thread count of 7
[INFO] 
[INFO] -------------------------< org.weakref:nitro >--------------------------
[INFO] Building nitro 1-SNAPSHOT
[INFO]   from pom.xml
[INFO] --------------------------------[ jar ]---------------------------------
[WARNING] 2 problems were encountered while building the effective model for org.apache.yetus:audience-annotations:jar:0.5.0 during dependency collection step for project (use -X to see details)
[INFO] 
[INFO] --- enforcer:3.6.2:enforce (default) @ nitro ---
[INFO] Rule 0: org.apache.maven.enforcer.rules.dependency.BannedDependencies passed
[INFO] Rule 1: org.apache.maven.enforcer.rules.BanDuplicatePomDependencyVersions passed
[INFO] Rule 2: org.apache.maven.enforcer.rules.dependency.RequireUpperBoundDeps passed
[INFO] Rule 3: org.apache.maven.enforcer.rules.version.RequireMavenVersion passed
[INFO] Rule 4: org.apache.maven.enforcer.rules.version.RequireJavaVersion passed
[INFO] Rule 5: org.codehaus.mojo.extraenforcer.dependencies.EnforceBytecodeVersion passed
[INFO] Rule 6: org.apache.maven.enforcer.rules.RequirePluginVersions passed
[INFO] Rule 7: org.apache.maven.plugins.enforcer.RestrictImports passed
[INFO] Rule 8: org.apache.maven.plugins.enforcer.RestrictImports passed
[INFO] Rule 9: org.apache.maven.plugins.enforcer.RestrictImports passed
[INFO] Rule 10: org.apache.maven.plugins.enforcer.RestrictImports passed
[INFO] Rule 11: org.apache.maven.plugins.enforcer.RestrictImports passed
[INFO] Rule 12: org.apache.maven.plugins.enforcer.RestrictImports passed
[INFO] Rule 13: org.apache.maven.plugins.enforcer.RestrictImports passed
[INFO] Rule 14: org.apache.maven.enforcer.rules.RequireProfileIdsExist passed
[INFO] Rule 15: org.codehaus.mojo.extraenforcer.model.RequirePropertyDiverges passed
[INFO] 
[INFO] --- sortpom:4.0.0:verify (default) @ nitro ---
[INFO] Verifying file /home/martin/src/nitro.opt/pom.xml
[INFO] 
[INFO] --- dependency-scope:1.0.3:check (default) @ nitro ---
[INFO] No test dependency scope issues found
[INFO] 
[INFO] --- license:5.0.0:check (default) @ nitro ---
[INFO] Checking licenses...
[INFO] 
[INFO] --- checkstyle:3.6.0:check (checkstyle) @ nitro ---
[INFO] You have 0 Checkstyle violations.
[INFO] 
[INFO] --- git-commit-id:9.0.2:revision (default) @ nitro ---
[INFO] 
[INFO] --- build-helper:3.6.1:bsh-property (surefire-enable-preview) @ nitro ---
[INFO] 
[INFO] --- jacoco:0.8.14:prepare-agent (default) @ nitro ---
[INFO] argLine set to -javaagent:/root/.m2/repository/org/jacoco/org.jacoco.agent/0.8.14/org.jacoco.agent-0.8.14-runtime.jar=destfile=/home/martin/src/nitro.opt/target/jacoco.exec
[INFO] 
[INFO] --- resources:3.5.0:resources (default-resources) @ nitro ---
[INFO] skip non existing resourceDirectory /home/martin/src/nitro.opt/src/main/resources
[INFO] 
[INFO] --- compiler:3.15.0:compile (default-compile) @ nitro ---
[INFO] Recompiling the module because of changed source code.
[INFO] Compiling 282 source files with javac [debug deprecation parameters preview release 26] to target/classes
[WARNING] /home/martin/src/nitro.opt/src/main/java/org/weakref/nitro/operator/ParquetScanOperator.java:[1480,50] copy(org.apache.parquet.bytes.BytesInput) in org.apache.parquet.bytes.BytesInput has been deprecated
[WARNING] /home/martin/src/nitro.opt/src/main/java/org/weakref/nitro/operator/ParquetScanOperator.java:[1511,61] copy(org.apache.parquet.bytes.BytesInput) in org.apache.parquet.bytes.BytesInput has been deprecated
[WARNING] /home/martin/src/nitro.opt/src/main/java/org/weakref/nitro/operator/ParquetScanOperator.java:[1512,61] copy(org.apache.parquet.bytes.BytesInput) in org.apache.parquet.bytes.BytesInput has been deprecated
[WARNING] /home/martin/src/nitro.opt/src/main/java/org/weakref/nitro/operator/ParquetScanOperator.java:[1513,49] copy(org.apache.parquet.bytes.BytesInput) in org.apache.parquet.bytes.BytesInput has been deprecated
[INFO] /home/martin/src/nitro.opt/src/main/java/org/weakref/nitro/operator/GroupingState.java: /home/martin/src/nitro.opt/src/main/java/org/weakref/nitro/operator/GroupingState.java uses unchecked or unsafe operations.
[INFO] /home/martin/src/nitro.opt/src/main/java/org/weakref/nitro/operator/GroupingState.java: Recompile with -Xlint:unchecked for details.
[INFO] 
[INFO] --- resources:3.5.0:testResources (default-testResources) @ nitro ---
[INFO] Copying 22 resources from src/test/resources to target/test-classes
[INFO] 
[INFO] --- compiler:3.15.0:testCompile (default-testCompile) @ nitro ---
[INFO] Recompiling the module because of changed dependency.
[INFO] Compiling 155 source files with javac [debug deprecation parameters preview release 26] to target/test-classes
[WARNING] /home/martin/src/nitro.opt/src/test/java/org/weakref/nitro/trino/tpcds/LocalTpcdsMetadata.java:[121,55] listTableColumns(io.trino.spi.connector.ConnectorSession,io.trino.spi.connector.SchemaTablePrefix) in io.trino.spi.connector.ConnectorMetadata has been deprecated
[INFO] /home/martin/src/nitro.opt/src/test/java/org/weakref/nitro/tpcds/CompiledQuerySupport.java: /home/martin/src/nitro.opt/src/test/java/org/weakref/nitro/tpcds/CompiledQuerySupport.java uses unchecked or unsafe operations.
[INFO] /home/martin/src/nitro.opt/src/test/java/org/weakref/nitro/tpcds/CompiledQuerySupport.java: Recompile with -Xlint:unchecked for details.
[INFO] 
[INFO] --- exec:3.6.1:exec (benchmark) @ nitro ---
[WARNING] [stderr] WARNING: Using incubator modules: jdk.incubator.vector
[WARNING] [stderr] WARNING: A terminally deprecated method in sun.misc.Unsafe has been called
[WARNING] [stderr] WARNING: sun.misc.Unsafe::objectFieldOffset has been called by org.openjdk.jmh.util.Utils (file:/root/.m2/repository/org/openjdk/jmh/jmh-core/1.37/jmh-core-1.37.jar)
[WARNING] [stderr] WARNING: Please consider reporting this to the maintainers of class org.openjdk.jmh.util.Utils
[WARNING] [stderr] WARNING: sun.misc.Unsafe::objectFieldOffset will be removed in a future release
[INFO] [stdout] # JMH version: 1.37
[INFO] [stdout] # VM version: JDK 26.0.1, OpenJDK 64-Bit Server VM, 26.0.1+8
[INFO] [stdout] # VM invoker: /opt/java/openjdk/bin/java
[INFO] [stdout] # VM options: --enable-preview --add-modules=jdk.incubator.vector -Dnitro.clickbench.hits.path=/root/data/clickbench -Xmx12g -XX:+UseTransparentHugePages -Dnitro.clickbench.hits.path=/root/data/clickbench -Dnitro.parquet.scalarDictionaryGatherMaxEntries=0 -Dnitro.parquet.unrollVectorDictionaryGather=true
[INFO] [stdout] # Blackhole mode: compiler (auto-detected, use -Djmh.blackhole.autoDetect=false to disable)
[INFO] [stdout] # Warmup: 10 iterations, 1 s each
[INFO] [stdout] # Measurement: 5 iterations, 1 s each
[INFO] [stdout] # Timeout: 10 min per iteration
[INFO] [stdout] # Threads: 1 thread, will synchronize iterations
[INFO] [stdout] # Benchmark mode: Average time, time/op
[INFO] [stdout] # Benchmark: org.weakref.nitro.clickbench.BenchmarkQueries.query43
[INFO] [stdout] 
[INFO] [stdout] # Run progress: 0.00% complete, ETA 00:00:15
[INFO] [stdout] # Fork: 1 of 1
[INFO] [stdout] # Preparing profilers: LinuxPerfNormProfiler 
[INFO] [stdout] # Profilers consume stderr from target VM, use -v EXTRA to copy to console
[INFO] [stdout] # Warmup Iteration   1: 374.662 ms/op
[INFO] [stdout] # Warmup Iteration   2: 141.303 ms/op
[INFO] [stdout] # Warmup Iteration   3: 135.030 ms/op
[INFO] [stdout] # Warmup Iteration   4: 133.093 ms/op
[INFO] [stdout] # Warmup Iteration   5: 132.960 ms/op
[INFO] [stdout] # Warmup Iteration   6: 132.799 ms/op
[INFO] [stdout] # Warmup Iteration   7: 132.509 ms/op
[INFO] [stdout] # Warmup Iteration   8: 132.212 ms/op
[INFO] [stdout] # Warmup Iteration   9: 131.179 ms/op
[INFO] [stdout] # Warmup Iteration  10: 131.133 ms/op
[INFO] [stdout] Iteration   1: 132.140 ms/op
[INFO] [stdout]                  gc.alloc.rate:      729.972 MB/sec
[INFO] [stdout]                  gc.alloc.rate.norm: 101155591.000 B/op
[INFO] [stdout]                  gc.count:           2.000 counts
[INFO] [stdout]                  gc.time:            10.000 ms
[INFO] [stdout] 
[INFO] [stdout] Iteration   2: 131.425 ms/op
[INFO] [stdout]                  gc.alloc.rate:      733.616 MB/sec
[INFO] [stdout]                  gc.alloc.rate.norm: 101110655.000 B/op
[INFO] [stdout]                  gc.count:           1.000 counts
[INFO] [stdout]                  gc.time:            3.000 ms
[INFO] [stdout] 
[INFO] [stdout] Iteration   3: 131.374 ms/op
[INFO] [stdout]                  gc.alloc.rate:      733.904 MB/sec
[INFO] [stdout]                  gc.alloc.rate.norm: 101110636.000 B/op
[INFO] [stdout]                  gc.count:           1.000 counts
[INFO] [stdout]                  gc.time:            6.000 ms
[INFO] [stdout] 
[INFO] [stdout] Iteration   4: 131.432 ms/op
[INFO] [stdout]                  gc.alloc.rate:      733.593 MB/sec
[INFO] [stdout]                  gc.alloc.rate.norm: 101110661.000 B/op
[INFO] [stdout]                  gc.count:           1.000 counts
[INFO] [stdout]                  gc.time:            6.000 ms
[INFO] [stdout] 
[INFO] [stdout] Iteration   5: 131.518 ms/op
[INFO] [stdout]                  gc.alloc.rate:      733.119 MB/sec
[INFO] [stdout]                  gc.alloc.rate.norm: 101111641.000 B/op
[INFO] [stdout]                  gc.count:           1.000 counts
[INFO] [stdout]                  gc.time:            5.000 ms
[INFO] [stdout] 
[INFO] [stdout] # Processing profiler results: LinuxPerfNormProfiler 
[INFO] [stdout] 
[INFO] [stdout] 
[INFO] [stdout] Result "org.weakref.nitro.clickbench.BenchmarkQueries.query43":
[INFO] [stdout]   131.578 ±(99.9%) 1.226 ms/op [Average]
[INFO] [stdout]   (min, avg, max) = (131.374, 131.578, 132.140), stdev = 0.318
[INFO] [stdout]   CI (99.9%): [130.351, 132.804] (assumes normal distribution)
[INFO] [stdout] 
[INFO] [stdout] Secondary result "org.weakref.nitro.clickbench.BenchmarkQueries.query43:CPI":
[INFO] [stdout]   0.312 clks/insn
[INFO] [stdout] 
[INFO] [stdout] Secondary result "org.weakref.nitro.clickbench.BenchmarkQueries.query43:IPC":
[INFO] [stdout]   3.201 insns/clk
[INFO] [stdout] 
[INFO] [stdout] Secondary result "org.weakref.nitro.clickbench.BenchmarkQueries.query43:L1-dcache-load-misses":
[INFO] [stdout]   61889529.388 #/op
[INFO] [stdout] 
[INFO] [stdout] Secondary result "org.weakref.nitro.clickbench.BenchmarkQueries.query43:L1-dcache-loads":
[INFO] [stdout]   1105095725.154 #/op
[INFO] [stdout] 
[INFO] [stdout] Secondary result "org.weakref.nitro.clickbench.BenchmarkQueries.query43:branch-misses":
[INFO] [stdout]   1500452.383 #/op
[INFO] [stdout] 
[INFO] [stdout] Secondary result "org.weakref.nitro.clickbench.BenchmarkQueries.query43:branches":
[INFO] [stdout]   554781106.909 #/op
[INFO] [stdout] 
[INFO] [stdout] Secondary result "org.weakref.nitro.clickbench.BenchmarkQueries.query43:cycles":
[INFO] [stdout]   745237272.963 #/op
[INFO] [stdout] 
[INFO] [stdout] Secondary result "org.weakref.nitro.clickbench.BenchmarkQueries.query43:dTLB-load-misses":
[INFO] [stdout]   24265.643 #/op
[INFO] [stdout] 
[INFO] [stdout] Secondary result "org.weakref.nitro.clickbench.BenchmarkQueries.query43:dTLB-loads":
[INFO] [stdout]   588137.360 #/op
[INFO] [stdout] 
[INFO] [stdout] Secondary result "org.weakref.nitro.clickbench.BenchmarkQueries.query43:gc.alloc.rate":
[INFO] [stdout]   732.841 ±(99.9%) 6.270 MB/sec [Average]
[INFO] [stdout]   (min, avg, max) = (729.972, 732.841, 733.904), stdev = 1.628
[INFO] [stdout]   CI (99.9%): [726.571, 739.111] (assumes normal distribution)
[INFO] [stdout] 
[INFO] [stdout] Secondary result "org.weakref.nitro.clickbench.BenchmarkQueries.query43:gc.alloc.rate.norm":
[INFO] [stdout]   101119836.800 ±(99.9%) 76981.331 B/op [Average]
[INFO] [stdout]   (min, avg, max) = (101110636.000, 101119836.800, 101155591.000), stdev = 19991.807
[INFO] [stdout]   CI (99.9%): [101042855.469, 101196818.131] (assumes normal distribution)
[INFO] [stdout] 
[INFO] [stdout] Secondary result "org.weakref.nitro.clickbench.BenchmarkQueries.query43:gc.count":
[INFO] [stdout]   6.000 ±(99.9%) 0.001 counts [Sum]
[INFO] [stdout]   (min, avg, max) = (1.000, 1.200, 2.000), stdev = 0.447
[INFO] [stdout]   CI (99.9%): [6.000, 6.000] (assumes normal distribution)
[INFO] [stdout] 
[INFO] [stdout] Secondary result "org.weakref.nitro.clickbench.BenchmarkQueries.query43:gc.time":
[INFO] [stdout]   30.000 ±(99.9%) 0.001 ms [Sum]
[INFO] [stdout]   (min, avg, max) = (3.000, 6.000, 10.000), stdev = 2.550
[INFO] [stdout]   CI (99.9%): [30.000, 30.000] (assumes normal distribution)
[INFO] [stdout] 
[INFO] [stdout] Secondary result "org.weakref.nitro.clickbench.BenchmarkQueries.query43:instructions":
[INFO] [stdout]   2385463759.923 #/op
[INFO] [stdout] 
[INFO] [stdout] 
[INFO] [stdout] # Run complete. Total time: 00:00:16
[INFO] [stdout] 
[INFO] [stdout] REMEMBER: The numbers below are just data. To gain reusable insights, you need to follow up on
[INFO] [stdout] why the numbers are the way they are. Use profilers (see -prof, -lprof), design factorial
[INFO] [stdout] experiments, perform baseline and negative tests that provide experimental control, make sure
[INFO] [stdout] the benchmarking environment is safe on JVM/OS/HW level, ask for reviews from the domain experts.
[INFO] [stdout] Do not assume the numbers tell you what you want them to tell.
[INFO] [stdout] 
[INFO] [stdout] NOTE: Current JVM experimentally supports Compiler Blackholes, and they are in use. Please exercise
[INFO] [stdout] extra caution when trusting the results, look into the generated code to check the benchmark still
[INFO] [stdout] works, and factor in a small probability of new VM bugs. Additionally, while comparisons between
[INFO] [stdout] different JVMs are already problematic, the performance difference caused by different Blackhole
[INFO] [stdout] modes can be very significant. Please make sure you use the consistent Blackhole mode for comparisons.
[INFO] [stdout] 
[INFO] [stdout] Benchmark                                       Mode  Cnt           Score       Error      Units
[INFO] [stdout] BenchmarkQueries.query43                        avgt    5         131.578 ±     1.226      ms/op
[INFO] [stdout] BenchmarkQueries.query43:CPI                    avgt                0.312              clks/insn
[INFO] [stdout] BenchmarkQueries.query43:IPC                    avgt                3.201              insns/clk
[INFO] [stdout] BenchmarkQueries.query43:L1-dcache-load-misses  avgt         61889529.388                   #/op
[INFO] [stdout] BenchmarkQueries.query43:L1-dcache-loads        avgt       1105095725.154                   #/op
[INFO] [stdout] BenchmarkQueries.query43:branch-misses          avgt          1500452.383                   #/op
[INFO] [stdout] BenchmarkQueries.query43:branches               avgt        554781106.909                   #/op
[INFO] [stdout] BenchmarkQueries.query43:cycles                 avgt        745237272.963                   #/op
[INFO] [stdout] BenchmarkQueries.query43:dTLB-load-misses       avgt            24265.643                   #/op
[INFO] [stdout] BenchmarkQueries.query43:dTLB-loads             avgt           588137.360                   #/op
[INFO] [stdout] BenchmarkQueries.query43:gc.alloc.rate          avgt    5         732.841 ±     6.270     MB/sec
[INFO] [stdout] BenchmarkQueries.query43:gc.alloc.rate.norm     avgt    5   101119836.800 ± 76981.331       B/op
[INFO] [stdout] BenchmarkQueries.query43:gc.count               avgt    5           6.000                 counts
[INFO] [stdout] BenchmarkQueries.query43:gc.time                avgt    5          30.000                     ms
[INFO] [stdout] BenchmarkQueries.query43:instructions           avgt       2385463759.923                   #/op
[INFO] [stdout] 
[INFO] [stdout] Benchmark result is saved to benchmarks/sweeps/20260720-targeted/clickbench-q43-followup/vector-unroll2-screen.json
[INFO] ------------------------------------------------------------------------
[INFO] BUILD SUCCESS
[INFO] ------------------------------------------------------------------------
[INFO] Total time:  25.603 s (Wall Clock)
[INFO] Finished at: 2026-07-20T08:24:29Z
[INFO] ------------------------------------------------------------------------
[INFO] Njord session closed
