[INFO] Enabling strict checksum verification on all artifact downloads.
[INFO] Processing build on daemon 3f53fc41
[INFO] Scanning for projects...
[INFO] Njord 0.9.9 session created
[INFO] BuildTimeEventSpy is registered.
[INFO] 
[INFO] Using the SmartBuilder implementation with a thread count of 7
[INFO] 
[INFO] ------------------------< io.trino:trino-tests >------------------------
[INFO] Building trino-tests 484-SNAPSHOT
[INFO]   from pom.xml
[INFO] --------------------------------[ jar ]---------------------------------
[INFO] Loaded 0 groupId for remote repository ossrh
[INFO] Loaded 0 groupId for remote repository maven-central
[INFO] Loaded 0 groupId for remote repository repo.gradle.org
[INFO] Loaded 0 groupId for remote repository central.maven.org
[INFO] 
[INFO] --- git-commit-id:10.0.0:revision (default) @ trino-tests ---
[INFO] 
[INFO] --- build-helper:3.6.1:bsh-property (surefire-enable-preview) @ trino-tests ---
[INFO] 
[INFO] --- resources:3.5.0:resources (default-resources) @ trino-tests ---
[INFO] skip non existing resourceDirectory /root/notes/trino.nitro/testing/trino-tests/src/main/resources
[INFO] 
[INFO] --- compiler:3.15.0:compile (default-compile) @ trino-tests ---
[INFO] Nothing to compile - all classes are up to date.
[INFO] 
[INFO] --- resources:3.5.0:testResources (default-testResources) @ trino-tests ---
[INFO] Copying 266 resources from src/test/resources to target/test-classes
[INFO] 
[INFO] --- compiler:3.15.0:testCompile (default-testCompile) @ trino-tests ---
[INFO] Nothing to compile - all classes are up to date.
[INFO] 
[INFO] --- modernizer:3.4.0:modernizer (modernizer) @ trino-tests ---
[INFO] Skipping modernizer execution!
[INFO] 
[INFO] --- modernizer:3.4.0:modernizer (modernizer-production-code) @ trino-tests ---
[INFO] Skipping modernizer execution!
[INFO] 
[INFO] --- dependency:3.11.0:analyze-only (default) @ trino-tests ---
[INFO] Skipping plugin execution
[INFO] 
[INFO] --- dependency:3.11.0:analyze-duplicate (default) @ trino-tests ---
[INFO] Skipping plugin execution
[INFO] 
[INFO] --- duplicate-finder:2.0.1:check (default) @ trino-tests ---
[INFO] Skipping duplicate-finder execution!
[INFO] 
[INFO] --- surefire:3.5.6:test (default-test) @ trino-tests ---
[INFO] Tests will run in random order. To reproduce ordering use flag -Dsurefire.runOrder.random.seed=4362419598798680
[INFO] Using auto detected provider org.apache.maven.surefire.junitplatform.JUnitPlatformProvider
[INFO] 
[INFO] -------------------------------------------------------
[INFO]  T E S T S
[INFO] -------------------------------------------------------
[WARNING] [stderr] WARNING: Using incubator modules: jdk.incubator.vector
[WARNING] [stderr] 2026-08-06T06:32:19.440-0600	INFO	ForkJoinPool-1-worker-1	io.airlift.log.Logging	Logging to stderr
[INFO] Running io.trino.tests.nitro.TestNitroTpcdsParquetPerformance
[WARNING] [stderr] 2026-08-06T06:32:20.324-0600	INFO	ForkJoinPool-1-worker-1	io.trino.simd.BlockEncodingSimdSupport	Detected SIMD Support for architecture=amd64, vectorBitWidth=512: SimdSupport[capabilities=[COMPRESS_BYTE, EXPAND_BYTE, COMPRESS_SHORT, EXPAND_SHORT, COMPRESS_INT, EXPAND_INT, COMPRESS_LONG, EXPAND_LONG]]
[WARNING] [stderr] WARNING: A restricted method in java.lang.System has been called
[WARNING] [stderr] WARNING: java.lang.System::loadLibrary has been called by com.aayushatharva.brotli4j.Brotli4jLoader in an unnamed module (file:/root/.m2/repository/com/aayushatharva/brotli4j/brotli4j/1.23.0/brotli4j-1.23.0.jar)
[WARNING] [stderr] WARNING: Use --enable-native-access=ALL-UNNAMED to avoid a warning for callers in this module
[WARNING] [stderr] WARNING: Restricted methods will be blocked in a future release unless native access is enabled
[WARNING] [stderr] 
[WARNING] [stderr] 2026-08-06T06:32:21.637-0600	INFO	ForkJoinPool-1-worker-1	io.trino.testing.DistributedQueryRunner	Created DistributedQueryRunner in 1.88s (unclosed instances = 1)
[WARNING] [stderr] 2026-08-06T06:32:22.658-0600	INFO	ForkJoinPool-1-worker-1	io.trino.testing.DistributedQueryRunner	Created DistributedQueryRunner in 551.25ms (unclosed instances = 2)
[WARNING] [stderr] 2026-08-06T06:32:22.845-0600	INFO	ForkJoinPool-1-worker-1	stdout	engine,suite,query,measurements,min_ms,p50_ms,p95_ms,mean_ms,cpu_p50_ms,cpu_mean_ms,native_sources
[WARNING] [stderr] 2026-08-06T06:32:33.426-0600	INFO	Notification Thread	io.airlift.stats.JmxGcMonitor	Major GC: application 0.00s, stopped 127.00ms: 12.19GB -> 2.31GB
[WARNING] [stderr] 2026-08-06T06:32:33.426-0600	INFO	Notification Thread	io.airlift.stats.JmxGcMonitor	Major GC: application 0.00s, stopped 127.00ms: 12.19GB -> 2.31GB
[WARNING] [stderr] 2026-08-06T06:32:33.426-0600	INFO	Notification Thread	io.airlift.stats.JmxGcMonitor	Major GC: application 0.00s, stopped 127.00ms: 12.19GB -> 2.31GB
[WARNING] [stderr] 2026-08-06T06:32:33.426-0600	INFO	Notification Thread	io.airlift.stats.JmxGcMonitor	Major GC: application 0.00s, stopped 127.00ms: 12.19GB -> 2.31GB
[WARNING] [stderr] 2026-08-06T06:32:37.516-0600	INFO	Notification Thread	io.airlift.stats.JmxGcMonitor	Major GC: application 3.90s, stopped 193.00ms: 12.14GB -> 6.93GB
[WARNING] [stderr] 2026-08-06T06:32:37.516-0600	INFO	Notification Thread	io.airlift.stats.JmxGcMonitor	Major GC: application 3.90s, stopped 193.00ms: 12.14GB -> 6.93GB
[WARNING] [stderr] 2026-08-06T06:32:37.516-0600	INFO	Notification Thread	io.airlift.stats.JmxGcMonitor	Major GC: application 3.90s, stopped 193.00ms: 12.14GB -> 6.93GB
[WARNING] [stderr] 2026-08-06T06:32:37.516-0600	INFO	Notification Thread	io.airlift.stats.JmxGcMonitor	Major GC: application 3.90s, stopped 193.00ms: 12.14GB -> 6.93GB
[WARNING] [stderr] 2026-08-06T06:33:01.384-0600	INFO	Notification Thread	io.airlift.stats.JmxGcMonitor	Major GC: application 23.69s, stopped 187.00ms: 12.17GB -> 5.06GB
[WARNING] [stderr] 2026-08-06T06:33:01.384-0600	INFO	Notification Thread	io.airlift.stats.JmxGcMonitor	Major GC: application 23.69s, stopped 187.00ms: 12.17GB -> 5.06GB
[WARNING] [stderr] 2026-08-06T06:33:01.384-0600	INFO	Notification Thread	io.airlift.stats.JmxGcMonitor	Major GC: application 23.69s, stopped 187.00ms: 12.17GB -> 5.06GB
[WARNING] [stderr] 2026-08-06T06:33:01.384-0600	INFO	Notification Thread	io.airlift.stats.JmxGcMonitor	Major GC: application 23.69s, stopped 187.00ms: 12.17GB -> 5.06GB
[WARNING] [stderr] 2026-08-06T06:33:04.674-0600	INFO	Notification Thread	io.airlift.stats.JmxGcMonitor	Major GC: application 3.08s, stopped 208.00ms: 12.16GB -> 6.92GB
[WARNING] [stderr] 2026-08-06T06:33:04.674-0600	INFO	Notification Thread	io.airlift.stats.JmxGcMonitor	Major GC: application 3.08s, stopped 208.00ms: 12.16GB -> 6.92GB
[WARNING] [stderr] 2026-08-06T06:33:04.674-0600	INFO	Notification Thread	io.airlift.stats.JmxGcMonitor	Major GC: application 3.08s, stopped 208.00ms: 12.16GB -> 6.92GB
[WARNING] [stderr] 2026-08-06T06:33:04.674-0600	INFO	Notification Thread	io.airlift.stats.JmxGcMonitor	Major GC: application 3.08s, stopped 208.00ms: 12.16GB -> 6.92GB
[WARNING] [stderr] 2026-08-06T06:33:06.246-0600	INFO	ForkJoinPool-1-worker-1	stdout	trino,tpcds-parquet-sf10,q23a,1,6394.244,6394.244,6394.244,6394.244,28603.000,28603.000,0
[WARNING] [stderr] 2026-08-06T06:33:06.246-0600	INFO	ForkJoinPool-1-worker-1	stdout	peak_memory,trino,tpcds-parquet-sf10,q23a,1,2224.576,2224.576,10735.370,10735.370
[WARNING] [stderr] 2026-08-06T06:33:06.246-0600	INFO	ForkJoinPool-1-worker-1	stdout	nitro,tpcds-parquet-sf10,q23a,1,5982.916,5982.916,5982.916,5982.916,27329.000,27329.000,99
[WARNING] [stderr] 2026-08-06T06:33:06.246-0600	INFO	ForkJoinPool-1-worker-1	stdout	peak_memory,nitro,tpcds-parquet-sf10,q23a,1,2788.198,2788.198,12192.783,12192.783
[WARNING] [stderr] 2026-08-06T06:33:06.246-0600	INFO	ForkJoinPool-1-worker-1	stdout	boundary,nitro,tpcds-parquet-sf10,q23a,1,31203,313583734,10661099062,33109560,903966412,0,39439,315801975,10835080873,66239120,873262015,0,33109560,541155207,0,6865,34044616,1967184363
[WARNING] [stderr] 2026-08-06T06:33:06.247-0600	INFO	ForkJoinPool-1-worker-1	stdout	nitro_over_trino_wall_p50,0.9356720616604262
[WARNING] [stderr] 2026-08-06T06:33:06.247-0600	INFO	ForkJoinPool-1-worker-1	stdout	nitro_over_trino_cpu_p50,0.9554592175645912
[WARNING] [stderr] 2026-08-06T06:33:06.247-0600	INFO	ForkJoinPool-1-worker-1	stdout	nitro_over_trino_cpu_mean,0.9554592175645912
[INFO] Tests run: 1, Failures: 0, Errors: 0, Skipped: 0, Time elapsed: 46.85 s -- in io.trino.tests.nitro.TestNitroTpcdsParquetPerformance
[WARNING] [stderr] 2026-08-06T06:33:06.311-0600	INFO	main	io.trino.testing.containers.junit.ReportLeakedContainers	DockerClientFactory not initialized, so there should be no leaked containers, skipping the check
[INFO] 
[INFO] Results:
[INFO] 
[INFO] Tests run: 1, Failures: 0, Errors: 0, Skipped: 0
[INFO] 
[INFO] ------------------------------------------------------------------------
[INFO] BUILD SUCCESS
[INFO] ------------------------------------------------------------------------
[INFO] Total time:  47.673 s (Wall Clock)
[INFO] Finished at: 2026-08-06T12:33:06Z
[INFO] ------------------------------------------------------------------------
[INFO] Njord session closed
Purged 2 log files (log available in /root/.mvnd/purge-2026-08-06.log)
