[INFO] Enabling strict checksum verification on all artifact downloads.
[INFO] Processing build on daemon 8a49d772
[INFO] Scanning for projects...
[INFO] Njord 0.9.9 session created
[INFO] BuildTimeEventSpy is registered.
[INFO] 
[INFO] Using the SmartBuilder implementation with a thread count of 7
[INFO] 
[INFO] ------------------------< io.trino:trino-tests >------------------------
[INFO] Building trino-tests 484-SNAPSHOT
[INFO]   from pom.xml
[INFO] --------------------------------[ jar ]---------------------------------
[INFO] Loaded 0 groupId for remote repository ossrh
[INFO] Loaded 0 groupId for remote repository maven-central
[INFO] Loaded 0 groupId for remote repository repo.gradle.org
[INFO] Loaded 0 groupId for remote repository central.maven.org
[INFO] 
[INFO] --- enforcer:3.6.3:enforce (default) @ trino-tests ---
[INFO] Rule 0: org.apache.maven.enforcer.rules.dependency.BannedDependencies passed
[INFO] Rule 1: org.apache.maven.plugins.enforcer.RestrictImports passed
[INFO] Rule 2: org.apache.maven.plugins.enforcer.RestrictImports passed
[INFO] Rule 3: org.apache.maven.plugins.enforcer.RestrictImports passed
[INFO] Rule 4: org.apache.maven.plugins.enforcer.RestrictImports passed
[INFO] Rule 5: org.apache.maven.enforcer.rules.RequireProfileIdsExist passed
[INFO] Rule 6: org.codehaus.mojo.extraenforcer.model.RequirePropertyDiverges passed
[INFO] Rule 7: org.apache.maven.enforcer.rules.property.RequireProperty passed
[INFO] Rule 8: org.apache.maven.enforcer.rules.RequireJavaVendor passed
[INFO] Rule 9: org.apache.maven.enforcer.rules.BanDuplicatePomDependencyVersions passed
[INFO] Rule 10: org.apache.maven.enforcer.rules.dependency.RequireUpperBoundDeps passed
[INFO] Rule 11: org.apache.maven.enforcer.rules.version.RequireMavenVersion passed
[INFO] Rule 12: org.apache.maven.enforcer.rules.version.RequireJavaVersion passed
[INFO] Rule 13: org.codehaus.mojo.extraenforcer.dependencies.EnforceBytecodeVersion passed
[INFO] Rule 14: org.apache.maven.enforcer.rules.RequirePluginVersions passed
[INFO] 
[INFO] --- sortpom:4.0.0:verify (default) @ trino-tests ---
[INFO] Verifying file /root/notes/trino.nitro/testing/trino-tests/pom.xml
[INFO] 
[INFO] --- license:5.0.0:check (default) @ trino-tests ---
[INFO] Checking licenses...
[INFO] 
[INFO] --- airstyle:9:check (airstyle) @ trino-tests ---
[INFO] All 144 files are already formatted
[INFO] 
[INFO] --- checkstyle:3.6.0:check (checkstyle) @ trino-tests ---
[INFO] You have 0 Checkstyle violations.
[INFO] 
[INFO] --- git-commit-id:10.0.0:revision (default) @ trino-tests ---
[INFO] 
[INFO] --- build-helper:3.6.1:bsh-property (surefire-enable-preview) @ trino-tests ---
[INFO] 
[INFO] --- jacoco:0.8.15:prepare-agent (default) @ trino-tests ---
[INFO] Skipping JaCoCo execution because property jacoco.skip is set.
[INFO] 
[INFO] --- resources:3.5.0:resources (default-resources) @ trino-tests ---
[INFO] skip non existing resourceDirectory /root/notes/trino.nitro/testing/trino-tests/src/main/resources
[INFO] 
[INFO] --- compiler:3.15.0:compile (default-compile) @ trino-tests ---
[INFO] Nothing to compile - all classes are up to date.
[INFO] 
[INFO] --- resources:3.5.0:testResources (default-testResources) @ trino-tests ---
[INFO] Copying 266 resources from src/test/resources to target/test-classes
[INFO] 
[INFO] --- compiler:3.15.0:testCompile (default-testCompile) @ trino-tests ---
[INFO] Nothing to compile - all classes are up to date.
[INFO] 
[INFO] --- dependency:3.11.0:analyze-only (default) @ trino-tests ---
[INFO] No dependency problems found
[INFO] 
[INFO] --- dependency:3.11.0:analyze-duplicate (default) @ trino-tests ---
[INFO] No duplicate dependencies found in <dependencies/> or in <dependencyManagement/>
[INFO] 
[INFO] --- duplicate-finder:2.0.1:check (default) @ trino-tests ---
[INFO] Checking compile classpath
[INFO] Checking runtime classpath
[INFO] Checking test classpath
[INFO] 
[INFO] --- modernizer:3.4.0:modernizer (modernizer) @ trino-tests ---
[INFO] 
[INFO] --- modernizer:3.4.0:modernizer (modernizer-production-code) @ trino-tests ---
[INFO] 
[INFO] --- surefire:3.5.6:test (default-test) @ trino-tests ---
[INFO] Tests will run in random order. To reproduce ordering use flag -Dsurefire.runOrder.random.seed=4896886689362678
[INFO] Using auto detected provider org.apache.maven.surefire.junitplatform.JUnitPlatformProvider
[INFO] 
[INFO] -------------------------------------------------------
[INFO]  T E S T S
[INFO] -------------------------------------------------------
[WARNING] [stderr] WARNING: Using incubator modules: jdk.incubator.vector
[WARNING] [stderr] 2026-08-12T11:00:06.540-0600	INFO	ForkJoinPool-1-worker-1	io.airlift.log.Logging	Logging to stderr
[INFO] Running io.trino.tests.nitro.TestNitroTpcdsParquetPerformance
[WARNING] [stderr] 2026-08-12T11:00:07.448-0600	INFO	ForkJoinPool-1-worker-1	io.trino.simd.BlockEncodingSimdSupport	Detected SIMD Support for architecture=amd64, vectorBitWidth=512: SimdSupport[capabilities=[COMPRESS_BYTE, EXPAND_BYTE, COMPRESS_SHORT, EXPAND_SHORT, COMPRESS_INT, EXPAND_INT, COMPRESS_LONG, EXPAND_LONG]]
[WARNING] [stderr] WARNING: A restricted method in java.lang.System has been called
[WARNING] [stderr] WARNING: java.lang.System::loadLibrary has been called by com.aayushatharva.brotli4j.Brotli4jLoader in an unnamed module (file:/root/.m2/repository/remote-cache/com/aayushatharva/brotli4j/brotli4j/1.23.0/brotli4j-1.23.0.jar)
[WARNING] [stderr] WARNING: Use --enable-native-access=ALL-UNNAMED to avoid a warning for callers in this module
[WARNING] [stderr] WARNING: Restricted methods will be blocked in a future release unless native access is enabled
[WARNING] [stderr] 
[WARNING] [stderr] 2026-08-12T11:00:08.773-0600	INFO	ForkJoinPool-1-worker-1	io.trino.testing.DistributedQueryRunner	Created DistributedQueryRunner in 1.91s (unclosed instances = 1)
[WARNING] [stderr] 2026-08-12T11:00:20.463-0600	INFO	ForkJoinPool-1-worker-1	io.trino.testing.DistributedQueryRunner	Created DistributedQueryRunner in 417.51ms (unclosed instances = 2)
[WARNING] [stderr] 2026-08-12T11:00:30.719-0600	INFO	ForkJoinPool-1-worker-1	stdout	engine,suite,query,measurements,min_ms,p50_ms,p95_ms,mean_ms,cpu_p50_ms,cpu_mean_ms,native_sources
[WARNING] [stderr] 2026-08-12T11:00:36.217-0600	INFO	ForkJoinPool-1-worker-1	stdout	trino,tpcds-parquet-sf10,q35,1,569.672,569.672,569.672,569.672,1244.000,1244.000,0
[WARNING] [stderr] 2026-08-12T11:00:36.217-0600	INFO	ForkJoinPool-1-worker-1	stdout	peak_memory,trino,tpcds-parquet-sf10,q35,1,11.854,11.854,8917.716,8917.716
[WARNING] [stderr] 2026-08-12T11:00:36.217-0600	INFO	ForkJoinPool-1-worker-1	stdout	nitro,tpcds-parquet-sf10,q35,1,518.075,518.075,518.075,518.075,751.000,751.000,33
[WARNING] [stderr] 2026-08-12T11:00:36.217-0600	INFO	ForkJoinPool-1-worker-1	stdout	peak_memory,nitro,tpcds-parquet-sf10,q35,1,22.266,22.266,6702.587,6702.587
[WARNING] [stderr] 2026-08-12T11:00:36.217-0600	INFO	ForkJoinPool-1-worker-1	stdout	boundary,nitro,tpcds-parquet-sf10,q35,1,40,560835,12031893,0,1427085,0,106,880704,14436037,250000,1301084,212301,250000,2729969,212301,866,7239137,759033463
[WARNING] [stderr] 2026-08-12T11:00:36.218-0600	INFO	ForkJoinPool-1-worker-1	stdout	nitro_over_trino_wall_p50,0.9094278228016573
[WARNING] [stderr] 2026-08-12T11:00:36.218-0600	INFO	ForkJoinPool-1-worker-1	stdout	nitro_over_trino_cpu_p50,0.6036977491961415
[WARNING] [stderr] 2026-08-12T11:00:36.218-0600	INFO	ForkJoinPool-1-worker-1	stdout	nitro_over_trino_cpu_mean,0.6036977491961415
[WARNING] [stderr] 2026-08-12T11:00:45.221-0600	INFO	ForkJoinPool-1-worker-1	stdout	trino,tpcds-parquet-sf10,q36,3,348.968,373.421,389.013,370.467,1483.000,1484.000,0
[WARNING] [stderr] 2026-08-12T11:00:45.221-0600	INFO	ForkJoinPool-1-worker-1	stdout	peak_memory,trino,tpcds-parquet-sf10,q36,3,76.262,107.089,9346.229,9376.808
[WARNING] [stderr] 2026-08-12T11:00:45.221-0600	INFO	ForkJoinPool-1-worker-1	stdout	nitro,tpcds-parquet-sf10,q36,3,816.051,826.496,838.965,827.171,3884.000,3889.000,15
[WARNING] [stderr] 2026-08-12T11:00:45.221-0600	INFO	ForkJoinPool-1-worker-1	stdout	peak_memory,nitro,tpcds-parquet-sf10,q36,3,41.315,64.163,7074.229,9326.528
[WARNING] [stderr] 2026-08-12T11:00:45.221-0600	INFO	ForkJoinPool-1-worker-1	stdout	boundary,nitro,tpcds-parquet-sf10,q36,3,81,7038,440529,0,35490,0,54,308487,12388956,612000,314169,0,612000,342753,0,2058,17004567,3285593353
[WARNING] [stderr] 2026-08-12T11:00:45.221-0600	INFO	ForkJoinPool-1-worker-1	stdout	nitro_over_trino_wall_p50,2.2133053039518713
[WARNING] [stderr] 2026-08-12T11:00:45.221-0600	INFO	ForkJoinPool-1-worker-1	stdout	nitro_over_trino_cpu_p50,2.619015509103169
[WARNING] [stderr] 2026-08-12T11:00:45.221-0600	INFO	ForkJoinPool-1-worker-1	stdout	nitro_over_trino_cpu_mean,2.620619946091644
[INFO] Tests run: 1, Failures: 0, Errors: 0, Skipped: 0, Time elapsed: 38.77 s -- in io.trino.tests.nitro.TestNitroTpcdsParquetPerformance
[WARNING] [stderr] 2026-08-12T11:00:45.329-0600	INFO	main	io.trino.testing.containers.junit.ReportLeakedContainers	DockerClientFactory not initialized, so there should be no leaked containers, skipping the check
[INFO] 
[INFO] Results:
[INFO] 
[INFO] Tests run: 1, Failures: 0, Errors: 0, Skipped: 0
[INFO] 
[INFO] ------------------------------------------------------------------------
[INFO] BUILD SUCCESS
[INFO] ------------------------------------------------------------------------
[INFO] Total time:  40.502 s (Wall Clock)
[INFO] Finished at: 2026-08-12T17:00:45Z
[INFO] ------------------------------------------------------------------------
[INFO] Njord session closed
Purged 1 log files (log available in /root/.mvnd/purge-2026-08-12.log)
