[INFO] Processing build on daemon 2351d280
[INFO] Scanning for projects...
[INFO] Njord 0.9.4 session created
[INFO] BuildTimeEventSpy is registered.
[INFO] 
[INFO] Using the SmartBuilder implementation with a thread count of 7
[INFO] 
[INFO] -------------------------< org.weakref:nitro >--------------------------
[INFO] Building nitro 1-SNAPSHOT
[INFO]   from pom.xml
[INFO] --------------------------------[ jar ]---------------------------------
[WARNING] 2 problems were encountered while building the effective model for org.apache.yetus:audience-annotations:jar:0.5.0 during dependency collection step for project (use -X to see details)
[INFO] 
[INFO] --- exec:3.6.1:exec (benchmark) @ nitro ---
[WARNING] [stderr] WARNING: Using incubator modules: jdk.incubator.vector
[WARNING] [stderr] WARNING: A terminally deprecated method in sun.misc.Unsafe has been called
[WARNING] [stderr] WARNING: sun.misc.Unsafe::objectFieldOffset has been called by org.openjdk.jmh.util.Utils (file:/root/.m2/repository/org/openjdk/jmh/jmh-core/1.37/jmh-core-1.37.jar)
[WARNING] [stderr] WARNING: Please consider reporting this to the maintainers of class org.openjdk.jmh.util.Utils
[WARNING] [stderr] WARNING: sun.misc.Unsafe::objectFieldOffset will be removed in a future release
[INFO] [stdout] # JMH version: 1.37
[INFO] [stdout] # VM version: JDK 26.0.1, OpenJDK 64-Bit Server VM, 26.0.1+8
[INFO] [stdout] # VM invoker: /opt/java/openjdk/bin/java
[INFO] [stdout] # VM options: --enable-preview --add-modules=jdk.incubator.vector -Dnitro.clickbench.hits.path= -Dnitro.tpcds.parquet.path=/root/data/tpcds-parquet-sf10 -Dnitro.tpcds.parquet.schema=sf10 -Xmx12g -XX:+UseTransparentHugePages
[INFO] [stdout] # Blackhole mode: compiler (auto-detected, use -Djmh.blackhole.autoDetect=false to disable)
[INFO] [stdout] # Warmup: 2 iterations, 1 s each
[INFO] [stdout] # Measurement: 3 iterations, 1 s each
[INFO] [stdout] # Timeout: 30 min per iteration
[INFO] [stdout] # Threads: 1 thread, will synchronize iterations
[INFO] [stdout] # Benchmark mode: Average time, time/op
[INFO] [stdout] # Benchmark: org.weakref.nitro.tpcds.BenchmarkQueries.query67
[INFO] [stdout] 
[INFO] [stdout] # Run progress: 0.00% complete, ETA 00:00:15
[INFO] [stdout] # Fork: 1 of 3
[INFO] [stdout] # Preparing profilers: LinuxPerfNormProfiler 
[INFO] [stdout] # Profilers consume stderr from target VM, use -v EXTRA to copy to console
[INFO] [stdout] # Warmup Iteration   1: 7341.905 ms/op
[INFO] [stdout] # Warmup Iteration   2: 6076.436 ms/op
[INFO] [stdout] Iteration   1: 5958.215 ms/op
[INFO] [stdout]                  gc.alloc.rate:      705.050 MB/sec
[INFO] [stdout]                  gc.alloc.rate.norm: 4405012704.000 B/op
[INFO] [stdout]                  gc.count:           8.000 counts
[INFO] [stdout]                  gc.time:            104.000 ms
[INFO] [stdout] 
[INFO] [stdout] Iteration   2: 5867.389 ms/op
[INFO] [stdout]                  gc.alloc.rate:      715.943 MB/sec
[INFO] [stdout]                  gc.alloc.rate.norm: 4404883680.000 B/op
[INFO] [stdout]                  gc.count:           7.000 counts
[INFO] [stdout]                  gc.time:            83.000 ms
[INFO] [stdout] 
[INFO] [stdout] Iteration   3: 6187.280 ms/op
[INFO] [stdout]                  gc.alloc.rate:      678.435 MB/sec
[INFO] [stdout]                  gc.alloc.rate.norm: 4401686536.000 B/op
[INFO] [stdout]                  gc.count:           6.000 counts
[INFO] [stdout]                  gc.time:            307.000 ms
[INFO] [stdout] 
[INFO] [stdout] # Processing profiler results: LinuxPerfNormProfiler 
[INFO] [stdout] 
[INFO] [stdout] # Run progress: 33.33% complete, ETA 00:01:03
[INFO] [stdout] # Fork: 2 of 3
[INFO] [stdout] # Preparing profilers: LinuxPerfNormProfiler 
[INFO] [stdout] # Profilers consume stderr from target VM, use -v EXTRA to copy to console
[INFO] [stdout] # Warmup Iteration   1: 7365.751 ms/op
[INFO] [stdout] # Warmup Iteration   2: 6268.127 ms/op
[INFO] [stdout] Iteration   1: 5985.930 ms/op
[INFO] [stdout]                  gc.alloc.rate:      701.785 MB/sec
[INFO] [stdout]                  gc.alloc.rate.norm: 4405009096.000 B/op
[INFO] [stdout]                  gc.count:           7.000 counts
[INFO] [stdout]                  gc.time:            91.000 ms
[INFO] [stdout] 
[INFO] [stdout] Iteration   2: 6039.178 ms/op
[INFO] [stdout]                  gc.alloc.rate:      695.574 MB/sec
[INFO] [stdout]                  gc.alloc.rate.norm: 4404846424.000 B/op
[INFO] [stdout]                  gc.count:           7.000 counts
[INFO] [stdout]                  gc.time:            105.000 ms
[INFO] [stdout] 
[INFO] [stdout] Iteration   3: 5922.783 ms/op
[INFO] [stdout]                  gc.alloc.rate:      708.733 MB/sec
[INFO] [stdout]                  gc.alloc.rate.norm: 4401686312.000 B/op
[INFO] [stdout]                  gc.count:           7.000 counts
[INFO] [stdout]                  gc.time:            92.000 ms
[INFO] [stdout] 
[INFO] [stdout] # Processing profiler results: LinuxPerfNormProfiler 
[INFO] [stdout] 
[INFO] [stdout] # Run progress: 66.67% complete, ETA 00:00:31
[INFO] [stdout] # Fork: 3 of 3
[INFO] [stdout] # Preparing profilers: LinuxPerfNormProfiler 
[INFO] [stdout] # Profilers consume stderr from target VM, use -v EXTRA to copy to console
[INFO] [stdout] # Warmup Iteration   1: 7398.824 ms/op
[INFO] [stdout] # Warmup Iteration   2: 6289.326 ms/op
[INFO] [stdout] Iteration   1: 6102.605 ms/op
[INFO] [stdout]                  gc.alloc.rate:      688.369 MB/sec
[INFO] [stdout]                  gc.alloc.rate.norm: 4405012792.000 B/op
[INFO] [stdout]                  gc.count:           8.000 counts
[INFO] [stdout]                  gc.time:            111.000 ms
[INFO] [stdout] 
[INFO] [stdout] Iteration   2: 6136.190 ms/op
[INFO] [stdout]                  gc.alloc.rate:      684.110 MB/sec
[INFO] [stdout]                  gc.alloc.rate.norm: 4401852464.000 B/op
[INFO] [stdout]                  gc.count:           7.000 counts
[INFO] [stdout]                  gc.time:            83.000 ms
[INFO] [stdout] 
[INFO] [stdout] Iteration   3: 6295.450 ms/op
[INFO] [stdout]                  gc.alloc.rate:      666.781 MB/sec
[INFO] [stdout]                  gc.alloc.rate.norm: 4401686904.000 B/op
[INFO] [stdout]                  gc.count:           6.000 counts
[INFO] [stdout]                  gc.time:            293.000 ms
[INFO] [stdout] 
[INFO] [stdout] # Processing profiler results: LinuxPerfNormProfiler 
[INFO] [stdout] 
[INFO] [stdout] 
[INFO] [stdout] Result "org.weakref.nitro.tpcds.BenchmarkQueries.query67":
[INFO] [stdout]   6055.002 ±(99.9%) 231.052 ms/op [Average]
[INFO] [stdout]   (min, avg, max) = (5867.389, 6055.002, 6295.450), stdev = 137.495
[INFO] [stdout]   CI (99.9%): [5823.950, 6286.054] (assumes normal distribution)
[INFO] [stdout] 
[INFO] [stdout] Secondary result "org.weakref.nitro.tpcds.BenchmarkQueries.query67:CPI":
[INFO] [stdout]   0.232 ±(99.9%) 0.060 clks/insn [Average]
[INFO] [stdout]   (min, avg, max) = (0.228, 0.232, 0.234), stdev = 0.003
[INFO] [stdout]   CI (99.9%): [0.172, 0.292] (assumes normal distribution)
[INFO] [stdout] 
[INFO] [stdout] Secondary result "org.weakref.nitro.tpcds.BenchmarkQueries.query67:IPC":
[INFO] [stdout]   4.312 ±(99.9%) 1.129 insns/clk [Average]
[INFO] [stdout]   (min, avg, max) = (4.267, 4.312, 4.382), stdev = 0.062
[INFO] [stdout]   CI (99.9%): [3.183, 5.441] (assumes normal distribution)
[INFO] [stdout] 
[INFO] [stdout] Secondary result "org.weakref.nitro.tpcds.BenchmarkQueries.query67:L1-dcache-load-misses":
[INFO] [stdout]   929240494.627 ±(99.9%) 407890380.023 #/op [Average]
[INFO] [stdout]   (min, avg, max) = (903701474.782, 929240494.627, 945279900.630), stdev = 22357848.093
[INFO] [stdout]   CI (99.9%): [521350114.604, 1337130874.650] (assumes normal distribution)
[INFO] [stdout] 
[INFO] [stdout] Secondary result "org.weakref.nitro.tpcds.BenchmarkQueries.query67:L1-dcache-loads":
[INFO] [stdout]   71244807171.782 ±(99.9%) 97159747959.536 #/op [Average]
[INFO] [stdout]   (min, avg, max) = (65686691994.165, 71244807171.782, 76302702931.836), stdev = 5325653636.547
[INFO] [stdout]   CI (99.9%): [≈ 0, 168404555131.318] (assumes normal distribution)
[INFO] [stdout] 
[INFO] [stdout] Secondary result "org.weakref.nitro.tpcds.BenchmarkQueries.query67:L1-icache-load-misses":
[INFO] [stdout]   14969204.062 ±(99.9%) 25677862.098 #/op [Average]
[INFO] [stdout]   (min, avg, max) = (13455282.844, 14969204.062, 16238083.379), stdev = 1407490.268
[INFO] [stdout]   CI (99.9%): [≈ 0, 40647066.159] (assumes normal distribution)
[INFO] [stdout] 
[INFO] [stdout] Secondary result "org.weakref.nitro.tpcds.BenchmarkQueries.query67:L1-icache-loads":
[INFO] [stdout]   184791795.638 ±(99.9%) 393329370.502 #/op [Average]
[INFO] [stdout]   (min, avg, max) = (161451026.976, 184791795.638, 203960678.832), stdev = 21559710.028
[INFO] [stdout]   CI (99.9%): [≈ 0, 578121166.140] (assumes normal distribution)
[INFO] [stdout] 
[INFO] [stdout] Secondary result "org.weakref.nitro.tpcds.BenchmarkQueries.query67:branch-misses":
[INFO] [stdout]   42994482.109 ±(99.9%) 38511460.629 #/op [Average]
[INFO] [stdout]   (min, avg, max) = (41214176.242, 42994482.109, 45326496.364), stdev = 2110943.108
[INFO] [stdout]   CI (99.9%): [4483021.480, 81505942.738] (assumes normal distribution)
[INFO] [stdout] 
[INFO] [stdout] Secondary result "org.weakref.nitro.tpcds.BenchmarkQueries.query67:branches":
[INFO] [stdout]   29543986766.164 ±(99.9%) 1653309749.994 #/op [Average]
[INFO] [stdout]   (min, avg, max) = (29461411105.195, 29543986766.164, 29640939319.949), stdev = 90623486.241
[INFO] [stdout]   CI (99.9%): [27890677016.170, 31197296516.158] (assumes normal distribution)
[INFO] [stdout] 
[INFO] [stdout] Secondary result "org.weakref.nitro.tpcds.BenchmarkQueries.query67:cycles":
[INFO] [stdout]   36063093135.768 ±(99.9%) 16007321706.223 #/op [Average]
[INFO] [stdout]   (min, avg, max) = (35165301259.256, 36063093135.768, 36918603078.171), stdev = 877415317.006
[INFO] [stdout]   CI (99.9%): [20055771429.544, 52070414841.991] (assumes normal distribution)
[INFO] [stdout] 
[INFO] [stdout] Secondary result "org.weakref.nitro.tpcds.BenchmarkQueries.query67:dTLB-load-misses":
[INFO] [stdout]   3419182.952 ±(99.9%) 14858382.397 #/op [Average]
[INFO] [stdout]   (min, avg, max) = (2679931.103, 3419182.952, 4292236.536), stdev = 814438.077
[INFO] [stdout]   CI (99.9%): [≈ 0, 18277565.349] (assumes normal distribution)
[INFO] [stdout] 
[INFO] [stdout] Secondary result "org.weakref.nitro.tpcds.BenchmarkQueries.query67:dTLB-loads":
[INFO] [stdout]   19055467.229 ±(99.9%) 20302403.157 #/op [Average]
[INFO] [stdout]   (min, avg, max) = (17777703.148, 19055467.229, 19812286.785), stdev = 1112843.224
[INFO] [stdout]   CI (99.9%): [≈ 0, 39357870.385] (assumes normal distribution)
[INFO] [stdout] 
[INFO] [stdout] Secondary result "org.weakref.nitro.tpcds.BenchmarkQueries.query67:gc.alloc.rate":
[INFO] [stdout]   693.864 ±(99.9%) 26.545 MB/sec [Average]
[INFO] [stdout]   (min, avg, max) = (666.781, 693.864, 715.943), stdev = 15.797
[INFO] [stdout]   CI (99.9%): [667.319, 720.410] (assumes normal distribution)
[INFO] [stdout] 
[INFO] [stdout] Secondary result "org.weakref.nitro.tpcds.BenchmarkQueries.query67:gc.alloc.rate.norm":
[INFO] [stdout]   4403519656.889 ±(99.9%) 2859082.866 B/op [Average]
[INFO] [stdout]   (min, avg, max) = (4401686312.000, 4403519656.889, 4405012792.000), stdev = 1701394.354
[INFO] [stdout]   CI (99.9%): [4400660574.023, 4406378739.755] (assumes normal distribution)
[INFO] [stdout] 
[INFO] [stdout] Secondary result "org.weakref.nitro.tpcds.BenchmarkQueries.query67:gc.count":
[INFO] [stdout]   63.000 ±(99.9%) 0.001 counts [Sum]
[INFO] [stdout]   (min, avg, max) = (6.000, 7.000, 8.000), stdev = 0.707
[INFO] [stdout]   CI (99.9%): [63.000, 63.000] (assumes normal distribution)
[INFO] [stdout] 
[INFO] [stdout] Secondary result "org.weakref.nitro.tpcds.BenchmarkQueries.query67:gc.time":
[INFO] [stdout]   1269.000 ±(99.9%) 0.001 ms [Sum]
[INFO] [stdout]   (min, avg, max) = (83.000, 141.000, 307.000), stdev = 90.729
[INFO] [stdout]   CI (99.9%): [1269.000, 1269.000] (assumes normal distribution)
[INFO] [stdout] 
[INFO] [stdout] Secondary result "org.weakref.nitro.tpcds.BenchmarkQueries.query67:iTLB-load-misses":
[INFO] [stdout]   87902.835 ±(99.9%) 79390.519 #/op [Average]
[INFO] [stdout]   (min, avg, max) = (83149.197, 87902.835, 91690.029), stdev = 4351.662
[INFO] [stdout]   CI (99.9%): [8512.316, 167293.354] (assumes normal distribution)
[INFO] [stdout] 
[INFO] [stdout] Secondary result "org.weakref.nitro.tpcds.BenchmarkQueries.query67:iTLB-loads":
[INFO] [stdout]   6758444.802 ±(99.9%) 22262483.257 #/op [Average]
[INFO] [stdout]   (min, avg, max) = (5529369.134, 6758444.802, 7969738.443), stdev = 1220281.829
[INFO] [stdout]   CI (99.9%): [≈ 0, 29020928.059] (assumes normal distribution)
[INFO] [stdout] 
[INFO] [stdout] Secondary result "org.weakref.nitro.tpcds.BenchmarkQueries.query67:instructions":
[INFO] [stdout]   155468896470.465 ±(99.9%) 44033401662.704 #/op [Average]
[INFO] [stdout]   (min, avg, max) = (154044361849.462, 155468896470.465, 158255671939.886), stdev = 2413619329.192
[INFO] [stdout]   CI (99.9%): [111435494807.761, 199502298133.169] (assumes normal distribution)
[INFO] [stdout] 
[INFO] [stdout] Secondary result "org.weakref.nitro.tpcds.BenchmarkQueries.query67:stalled-cycles-frontend":
[INFO] [stdout]   1398579009.333 ±(99.9%) 1555852959.895 #/op [Average]
[INFO] [stdout]   (min, avg, max) = (1300907637.209, 1398579009.333, 1458285306.889), stdev = 85281550.723
[INFO] [stdout]   CI (99.9%): [≈ 0, 2954431969.228] (assumes normal distribution)
[INFO] [stdout] 
[INFO] [stdout] 
[INFO] [stdout] # Run complete. Total time: 00:01:36
[INFO] [stdout] 
[INFO] [stdout] REMEMBER: The numbers below are just data. To gain reusable insights, you need to follow up on
[INFO] [stdout] why the numbers are the way they are. Use profilers (see -prof, -lprof), design factorial
[INFO] [stdout] experiments, perform baseline and negative tests that provide experimental control, make sure
[INFO] [stdout] the benchmarking environment is safe on JVM/OS/HW level, ask for reviews from the domain experts.
[INFO] [stdout] Do not assume the numbers tell you what you want them to tell.
[INFO] [stdout] 
[INFO] [stdout] NOTE: Current JVM experimentally supports Compiler Blackholes, and they are in use. Please exercise
[INFO] [stdout] extra caution when trusting the results, look into the generated code to check the benchmark still
[INFO] [stdout] works, and factor in a small probability of new VM bugs. Additionally, while comparisons between
[INFO] [stdout] different JVMs are already problematic, the performance difference caused by different Blackhole
[INFO] [stdout] modes can be very significant. Please make sure you use the consistent Blackhole mode for comparisons.
[INFO] [stdout] 
[INFO] [stdout] Benchmark                                         Mode  Cnt             Score             Error      Units
[INFO] [stdout] BenchmarkQueries.query67                          avgt    9          6055.002 ±         231.052      ms/op
[INFO] [stdout] BenchmarkQueries.query67:CPI                      avgt    3             0.232 ±           0.060  clks/insn
[INFO] [stdout] BenchmarkQueries.query67:IPC                      avgt    3             4.312 ±           1.129  insns/clk
[INFO] [stdout] BenchmarkQueries.query67:L1-dcache-load-misses    avgt    3     929240494.627 ±   407890380.023       #/op
[INFO] [stdout] BenchmarkQueries.query67:L1-dcache-loads          avgt    3   71244807171.782 ± 97159747959.536       #/op
[INFO] [stdout] BenchmarkQueries.query67:L1-icache-load-misses    avgt    3      14969204.062 ±    25677862.098       #/op
[INFO] [stdout] BenchmarkQueries.query67:L1-icache-loads          avgt    3     184791795.638 ±   393329370.502       #/op
[INFO] [stdout] BenchmarkQueries.query67:branch-misses            avgt    3      42994482.109 ±    38511460.629       #/op
[INFO] [stdout] BenchmarkQueries.query67:branches                 avgt    3   29543986766.164 ±  1653309749.994       #/op
[INFO] [stdout] BenchmarkQueries.query67:cycles                   avgt    3   36063093135.768 ± 16007321706.223       #/op
[INFO] [stdout] BenchmarkQueries.query67:dTLB-load-misses         avgt    3       3419182.952 ±    14858382.397       #/op
[INFO] [stdout] BenchmarkQueries.query67:dTLB-loads               avgt    3      19055467.229 ±    20302403.157       #/op
[INFO] [stdout] BenchmarkQueries.query67:gc.alloc.rate            avgt    9           693.864 ±          26.545     MB/sec
[INFO] [stdout] BenchmarkQueries.query67:gc.alloc.rate.norm       avgt    9    4403519656.889 ±     2859082.866       B/op
[INFO] [stdout] BenchmarkQueries.query67:gc.count                 avgt    9            63.000                       counts
[INFO] [stdout] BenchmarkQueries.query67:gc.time                  avgt    9          1269.000                           ms
[INFO] [stdout] BenchmarkQueries.query67:iTLB-load-misses         avgt    3         87902.835 ±       79390.519       #/op
[INFO] [stdout] BenchmarkQueries.query67:iTLB-loads               avgt    3       6758444.802 ±    22262483.257       #/op
[INFO] [stdout] BenchmarkQueries.query67:instructions             avgt    3  155468896470.465 ± 44033401662.704       #/op
[INFO] [stdout] BenchmarkQueries.query67:stalled-cycles-frontend  avgt    3    1398579009.333 ±  1555852959.895       #/op
[INFO] [stdout] 
[INFO] [stdout] Benchmark result is saved to benchmarks/sweeps/20260723-targeted/tpcds-q67-next/composed-once-final-on-3fork.json
[INFO] ------------------------------------------------------------------------
[INFO] BUILD SUCCESS
[INFO] ------------------------------------------------------------------------
[INFO] Total time:  01:37 min (Wall Clock)
[INFO] Finished at: 2026-07-23T12:12:30Z
[INFO] ------------------------------------------------------------------------
[INFO] Njord session closed
