NOTE: Picked up JDK_JAVA_OPTIONS: -Xms12g -Xmx12g -XX:G1HeapRegionSize=32m -XX:+UseG1GC -Dcork.benchmark.task-concurrency=4 -Dcork.benchmark.output-directory=/home/martin/src/nitro.opt/benchmarks/trino-integration/20260816-nitro-c-opportunities/clickbench-q13-adaptive-hash-diagnostic
Aug 16, 2026 9:53:17 AM io.airlift.log.Logger warn
WARNING: No .git ancestor of /home/martin/src/nitro.opt; falling back to user.home (/root) as project root
Aug 16, 2026 9:53:18 AM io.airlift.log.Logger info
INFO: Launching benchmark JVM with -Xms12288m -Xmx12288m
NOTE: Picked up JDK_JAVA_OPTIONS: -Xms12g -Xmx12g -XX:G1HeapRegionSize=32m -XX:+UseG1GC -Dcork.benchmark.task-concurrency=4 -Dcork.benchmark.output-directory=/home/martin/src/nitro.opt/benchmarks/trino-integration/20260816-nitro-c-opportunities/clickbench-q13-adaptive-hash-diagnostic
WARNING: Using incubator modules: jdk.incubator.vector
Aug 16, 2026 9:53:18 AM io.airlift.log.Logger warn
WARNING: No .git ancestor of /home/martin/src/nitro.opt; falling back to user.home (/root) as project root
Aug 16, 2026 9:53:18 AM io.airlift.log.Logger info
INFO: Per-iteration EXPLAIN ANALYZE plans will be written under /home/martin/src/nitro.opt/benchmarks/trino-integration/20260816-nitro-c-opportunities/clickbench-q13-adaptive-hash-diagnostic/clickbench/explain
Aug 16, 2026 9:53:18 AM io.airlift.log.Logger info
INFO: Benchmark task concurrency: 4
2026-08-16T09:53:18.929Z	INFO	main	io.airlift.log.Logging	Logging to stderr
2026-08-16T09:53:19.005Z	INFO	main	stderr	SLF4J(W): Class path contains multiple SLF4J providers.
2026-08-16T09:53:19.005Z	INFO	main	stderr	SLF4J(W): Found provider [org.slf4j.jul.JULServiceProvider@38eb2c50]
2026-08-16T09:53:19.005Z	INFO	main	stderr	SLF4J(W): Found provider [org.slf4j.nop.NOPServiceProvider@8bffb8b]
2026-08-16T09:53:19.006Z	INFO	main	stderr	SLF4J(W): See https://www.slf4j.org/codes.html#multiple_bindings for an explanation.
2026-08-16T09:53:19.006Z	INFO	main	stderr	SLF4J(I): Actual provider is of type [org.slf4j.jul.JULServiceProvider@38eb2c50]
WARNING: A terminally deprecated method in sun.misc.Unsafe has been called
WARNING: sun.misc.Unsafe::staticFieldBase has been called by com.google.inject.internal.aop.HiddenClassDefiner (file:/root/.m2/repository/com/google/inject/guice/7.0.0/guice-7.0.0-classes.jar)
WARNING: Please consider reporting this to the maintainers of class com.google.inject.internal.aop.HiddenClassDefiner
WARNING: sun.misc.Unsafe::staticFieldBase will be removed in a future release
2026-08-16T09:53:19.536Z	INFO	main	io.trino.simd.BlockEncodingSimdSupport	Detected SIMD Support for architecture=amd64, vectorBitWidth=512: SimdSupport[capabilities=[NULL_BIT_PACKING, COMPRESS_BYTE, EXPAND_BYTE, COMPRESS_SHORT, EXPAND_SHORT, COMPRESS_INT, EXPAND_INT, COMPRESS_LONG, EXPAND_LONG]]
WARNING: A restricted method in java.lang.System has been called
WARNING: java.lang.System::loadLibrary has been called by com.aayushatharva.brotli4j.Brotli4jLoader in an unnamed module (file:/root/.m2/repository/com/aayushatharva/brotli4j/brotli4j/1.23.0/brotli4j-1.23.0.jar)
WARNING: Use --enable-native-access=ALL-UNNAMED to avoid a warning for callers in this module
WARNING: Restricted methods will be blocked in a future release unless native access is enabled

2026-08-16T09:53:20.560Z	INFO	main	io.trino.testing.DistributedQueryRunner	Created DistributedQueryRunner in 1.63s (unclosed instances = 1)
2026-08-16T09:53:20.562Z	INFO	main	io.trino.exchange.ExchangeManagerRegistry	-- Loading exchange manager filesystem --
2026-08-16T09:53:20.576Z	INFO	main	io.trino.exchange.ExchangeManagerRegistry	-- Loaded exchange manager filesystem --
2026-08-16T09:53:20.824Z	INFO	main	io.trino.tests.benchmark.BenchmarkHiveClickBench	Creating hive.clickbench.hits_raw at local:///root/data/clickbench
2026-08-16T09:53:20.979Z	INFO	main	io.trino.tests.benchmark.BenchmarkRunner	Running Trino at http://127.0.0.1:41859 (mode=NITRO)
2026-08-16T09:53:20.979Z	INFO	main	io.trino.tests.benchmark.BenchmarkRunner	Running clickbench benchmark: 0 suite warmup, 1 warmup, 1 measured runs, reporting average
2026-08-16T09:53:20.980Z	INFO	main	io.trino.tests.benchmark.BenchmarkRunner	Verifying table statistics for 0 table(s): []
2026-08-16T09:53:21.573Z	INFO	20260816_095320_00003_ecnfv.0.0.0-7-82	stderr	[composite-hash-mix] fields=
2026-08-16T09:53:21.573Z	INFO	20260816_095320_00003_ecnfv.0.0.0-7-82	stderr	2
2026-08-16T09:53:21.573Z	INFO	20260816_095320_00003_ecnfv.0.0.0-7-82	stderr	 rows=
2026-08-16T09:53:21.573Z	INFO	20260816_095320_00003_ecnfv.0.0.0-7-82	stderr	10000
2026-08-16T09:53:21.573Z	INFO	20260816_095320_00003_ecnfv.0.0.0-7-82	stderr	 raw=
2026-08-16T09:53:21.573Z	INFO	20260816_095320_00003_ecnfv.0.0.0-7-82	stderr	1356
2026-08-16T09:53:21.573Z	INFO	20260816_095320_00003_ecnfv.0.0.0-7-82	stderr	 mixed=
2026-08-16T09:53:21.573Z	INFO	20260816_095320_00003_ecnfv.0.0.0-7-82	stderr	1448
2026-08-16T09:53:21.573Z	INFO	20260816_095320_00003_ecnfv.0.0.0-7-82	stderr	 admitted=
2026-08-16T09:53:21.573Z	INFO	20260816_095320_00003_ecnfv.0.0.0-7-82	stderr	false
2026-08-16T09:53:21.602Z	INFO	20260816_095320_00003_ecnfv.0.0.0-6-81	stderr	[composite-hash-mix] fields=
2026-08-16T09:53:21.602Z	INFO	20260816_095320_00003_ecnfv.0.0.0-6-81	stderr	2
2026-08-16T09:53:21.602Z	INFO	20260816_095320_00003_ecnfv.0.0.0-6-81	stderr	 rows=
2026-08-16T09:53:21.602Z	INFO	20260816_095320_00003_ecnfv.0.0.0-6-81	stderr	10000
2026-08-16T09:53:21.602Z	INFO	20260816_095320_00003_ecnfv.0.0.0-6-81	stderr	 raw=
2026-08-16T09:53:21.602Z	INFO	20260816_095320_00003_ecnfv.0.0.0-6-81	stderr	4684
2026-08-16T09:53:21.602Z	INFO	20260816_095320_00003_ecnfv.0.0.0-6-81	stderr	 mixed=
2026-08-16T09:53:21.602Z	INFO	20260816_095320_00003_ecnfv.0.0.0-6-81	stderr	3976
2026-08-16T09:53:21.602Z	INFO	20260816_095320_00003_ecnfv.0.0.0-6-81	stderr	 admitted=
2026-08-16T09:53:21.602Z	INFO	20260816_095320_00003_ecnfv.0.0.0-6-81	stderr	false
2026-08-16T09:53:21.603Z	INFO	20260816_095320_00003_ecnfv.0.0.0-13-76	stderr	[composite-hash-mix] fields=
2026-08-16T09:53:21.603Z	INFO	20260816_095320_00003_ecnfv.0.0.0-13-76	stderr	2
2026-08-16T09:53:21.603Z	INFO	20260816_095320_00003_ecnfv.0.0.0-13-76	stderr	 rows=
2026-08-16T09:53:21.603Z	INFO	20260816_095320_00003_ecnfv.0.0.0-13-76	stderr	10000
2026-08-16T09:53:21.603Z	INFO	20260816_095320_00003_ecnfv.0.0.0-13-76	stderr	 raw=
2026-08-16T09:53:21.603Z	INFO	20260816_095320_00003_ecnfv.0.0.0-13-76	stderr	1066
2026-08-16T09:53:21.603Z	INFO	20260816_095320_00003_ecnfv.0.0.0-13-76	stderr	 mixed=
2026-08-16T09:53:21.603Z	INFO	20260816_095320_00003_ecnfv.0.0.0-13-76	stderr	1012
2026-08-16T09:53:21.603Z	INFO	20260816_095320_00003_ecnfv.0.0.0-13-76	stderr	 admitted=
2026-08-16T09:53:21.603Z	INFO	20260816_095320_00003_ecnfv.0.0.0-13-76	stderr	false
2026-08-16T09:53:21.606Z	INFO	20260816_095320_00003_ecnfv.0.0.0-8-83	stderr	[composite-hash-mix] fields=
2026-08-16T09:53:21.606Z	INFO	20260816_095320_00003_ecnfv.0.0.0-8-83	stderr	2
2026-08-16T09:53:21.606Z	INFO	20260816_095320_00003_ecnfv.0.0.0-8-83	stderr	 rows=
2026-08-16T09:53:21.606Z	INFO	20260816_095320_00003_ecnfv.0.0.0-8-83	stderr	10000
2026-08-16T09:53:21.606Z	INFO	20260816_095320_00003_ecnfv.0.0.0-8-83	stderr	 raw=
2026-08-16T09:53:21.606Z	INFO	20260816_095320_00003_ecnfv.0.0.0-8-83	stderr	9338
2026-08-16T09:53:21.606Z	INFO	20260816_095320_00003_ecnfv.0.0.0-8-83	stderr	 mixed=
2026-08-16T09:53:21.606Z	INFO	20260816_095320_00003_ecnfv.0.0.0-8-83	stderr	9324
2026-08-16T09:53:21.606Z	INFO	20260816_095320_00003_ecnfv.0.0.0-8-83	stderr	 admitted=
2026-08-16T09:53:21.606Z	INFO	20260816_095320_00003_ecnfv.0.0.0-8-83	stderr	false
2026-08-16T09:53:21.611Z	INFO	20260816_095320_00003_ecnfv.0.0.0-10-85	stderr	[composite-hash-mix] fields=
2026-08-16T09:53:21.611Z	INFO	20260816_095320_00003_ecnfv.0.0.0-10-85	stderr	2
2026-08-16T09:53:21.612Z	INFO	20260816_095320_00003_ecnfv.0.0.0-10-85	stderr	 rows=
2026-08-16T09:53:21.612Z	INFO	20260816_095320_00003_ecnfv.0.0.0-10-85	stderr	10000
2026-08-16T09:53:21.612Z	INFO	20260816_095320_00003_ecnfv.0.0.0-10-85	stderr	 raw=
2026-08-16T09:53:21.612Z	INFO	20260816_095320_00003_ecnfv.0.0.0-10-85	stderr	2140
2026-08-16T09:53:21.612Z	INFO	20260816_095320_00003_ecnfv.0.0.0-10-85	stderr	 mixed=
2026-08-16T09:53:21.612Z	INFO	20260816_095320_00003_ecnfv.0.0.0-10-85	stderr	2274
2026-08-16T09:53:21.612Z	INFO	20260816_095320_00003_ecnfv.0.0.0-10-85	stderr	 admitted=
2026-08-16T09:53:21.612Z	INFO	20260816_095320_00003_ecnfv.0.0.0-10-85	stderr	false
2026-08-16T09:53:21.614Z	INFO	20260816_095320_00003_ecnfv.0.0.0-11-86	stderr	[composite-hash-mix] fields=
2026-08-16T09:53:21.614Z	INFO	20260816_095320_00003_ecnfv.0.0.0-11-86	stderr	2
2026-08-16T09:53:21.614Z	INFO	20260816_095320_00003_ecnfv.0.0.0-11-86	stderr	 rows=
2026-08-16T09:53:21.614Z	INFO	20260816_095320_00003_ecnfv.0.0.0-11-86	stderr	10000
2026-08-16T09:53:21.614Z	INFO	20260816_095320_00003_ecnfv.0.0.0-11-86	stderr	 raw=
2026-08-16T09:53:21.614Z	INFO	20260816_095320_00003_ecnfv.0.0.0-11-86	stderr	2206
2026-08-16T09:53:21.614Z	INFO	20260816_095320_00003_ecnfv.0.0.0-11-86	stderr	 mixed=
2026-08-16T09:53:21.614Z	INFO	20260816_095320_00003_ecnfv.0.0.0-11-86	stderr	2300
2026-08-16T09:53:21.614Z	INFO	20260816_095320_00003_ecnfv.0.0.0-11-86	stderr	 admitted=
2026-08-16T09:53:21.614Z	INFO	20260816_095320_00003_ecnfv.0.0.0-11-86	stderr	false
2026-08-16T09:53:21.617Z	INFO	20260816_095320_00003_ecnfv.0.0.0-16-77	stderr	[composite-hash-mix] fields=
2026-08-16T09:53:21.618Z	INFO	20260816_095320_00003_ecnfv.0.0.0-16-77	stderr	2
2026-08-16T09:53:21.618Z	INFO	20260816_095320_00003_ecnfv.0.0.0-16-77	stderr	 rows=
2026-08-16T09:53:21.618Z	INFO	20260816_095320_00003_ecnfv.0.0.0-16-77	stderr	10000
2026-08-16T09:53:21.618Z	INFO	20260816_095320_00003_ecnfv.0.0.0-16-77	stderr	 raw=
2026-08-16T09:53:21.618Z	INFO	20260816_095320_00003_ecnfv.0.0.0-16-77	stderr	1374
2026-08-16T09:53:21.618Z	INFO	20260816_095320_00003_ecnfv.0.0.0-16-77	stderr	 mixed=
2026-08-16T09:53:21.618Z	INFO	20260816_095320_00003_ecnfv.0.0.0-16-77	stderr	1250
2026-08-16T09:53:21.618Z	INFO	20260816_095320_00003_ecnfv.0.0.0-16-77	stderr	 admitted=
2026-08-16T09:53:21.618Z	INFO	20260816_095320_00003_ecnfv.0.0.0-16-77	stderr	false
2026-08-16T09:53:21.634Z	INFO	20260816_095320_00003_ecnfv.0.0.0-9-84	stderr	[composite-hash-mix] fields=
2026-08-16T09:53:21.634Z	INFO	20260816_095320_00003_ecnfv.0.0.0-9-84	stderr	2
2026-08-16T09:53:21.634Z	INFO	20260816_095320_00003_ecnfv.0.0.0-9-84	stderr	 rows=
2026-08-16T09:53:21.634Z	INFO	20260816_095320_00003_ecnfv.0.0.0-9-84	stderr	10000
2026-08-16T09:53:21.634Z	INFO	20260816_095320_00003_ecnfv.0.0.0-9-84	stderr	 raw=
2026-08-16T09:53:21.634Z	INFO	20260816_095320_00003_ecnfv.0.0.0-9-84	stderr	1182
2026-08-16T09:53:21.634Z	INFO	20260816_095320_00003_ecnfv.0.0.0-9-84	stderr	 mixed=
2026-08-16T09:53:21.634Z	INFO	20260816_095320_00003_ecnfv.0.0.0-9-84	stderr	1194
2026-08-16T09:53:21.634Z	INFO	20260816_095320_00003_ecnfv.0.0.0-9-84	stderr	 admitted=
2026-08-16T09:53:21.634Z	INFO	20260816_095320_00003_ecnfv.0.0.0-9-84	stderr	false
2026-08-16T09:53:21.635Z	INFO	20260816_095320_00003_ecnfv.0.0.0-17-78	stderr	[composite-hash-mix] fields=
2026-08-16T09:53:21.635Z	INFO	20260816_095320_00003_ecnfv.0.0.0-17-78	stderr	2
2026-08-16T09:53:21.635Z	INFO	20260816_095320_00003_ecnfv.0.0.0-17-78	stderr	 rows=
2026-08-16T09:53:21.635Z	INFO	20260816_095320_00003_ecnfv.0.0.0-17-78	stderr	10000
2026-08-16T09:53:21.635Z	INFO	20260816_095320_00003_ecnfv.0.0.0-17-78	stderr	 raw=
2026-08-16T09:53:21.635Z	INFO	20260816_095320_00003_ecnfv.0.0.0-17-78	stderr	1030
2026-08-16T09:53:21.635Z	INFO	20260816_095320_00003_ecnfv.0.0.0-17-78	stderr	 mixed=
2026-08-16T09:53:21.635Z	INFO	20260816_095320_00003_ecnfv.0.0.0-17-78	stderr	1062
2026-08-16T09:53:21.635Z	INFO	20260816_095320_00003_ecnfv.0.0.0-17-78	stderr	 admitted=
2026-08-16T09:53:21.635Z	INFO	20260816_095320_00003_ecnfv.0.0.0-17-78	stderr	false
2026-08-16T09:53:21.637Z	INFO	20260816_095320_00003_ecnfv.0.0.0-19-80	stderr	[composite-hash-mix] fields=
2026-08-16T09:53:21.637Z	INFO	20260816_095320_00003_ecnfv.0.0.0-19-80	stderr	2
2026-08-16T09:53:21.637Z	INFO	20260816_095320_00003_ecnfv.0.0.0-19-80	stderr	 rows=
2026-08-16T09:53:21.638Z	INFO	20260816_095320_00003_ecnfv.0.0.0-19-80	stderr	10000
2026-08-16T09:53:21.638Z	INFO	20260816_095320_00003_ecnfv.0.0.0-19-80	stderr	 raw=
2026-08-16T09:53:21.638Z	INFO	20260816_095320_00003_ecnfv.0.0.0-19-80	stderr	1334
2026-08-16T09:53:21.638Z	INFO	20260816_095320_00003_ecnfv.0.0.0-19-80	stderr	 mixed=
2026-08-16T09:53:21.638Z	INFO	20260816_095320_00003_ecnfv.0.0.0-19-80	stderr	1274
2026-08-16T09:53:21.638Z	INFO	20260816_095320_00003_ecnfv.0.0.0-19-80	stderr	 admitted=
2026-08-16T09:53:21.638Z	INFO	20260816_095320_00003_ecnfv.0.0.0-19-80	stderr	false
2026-08-16T09:53:21.649Z	INFO	20260816_095320_00003_ecnfv.0.0.0-5-79	stderr	[composite-hash-mix] fields=
2026-08-16T09:53:21.649Z	INFO	20260816_095320_00003_ecnfv.0.0.0-5-79	stderr	2
2026-08-16T09:53:21.649Z	INFO	20260816_095320_00003_ecnfv.0.0.0-5-79	stderr	 rows=
2026-08-16T09:53:21.649Z	INFO	20260816_095320_00003_ecnfv.0.0.0-5-79	stderr	10000
2026-08-16T09:53:21.649Z	INFO	20260816_095320_00003_ecnfv.0.0.0-5-79	stderr	 raw=
2026-08-16T09:53:21.649Z	INFO	20260816_095320_00003_ecnfv.0.0.0-5-79	stderr	1732
2026-08-16T09:53:21.649Z	INFO	20260816_095320_00003_ecnfv.0.0.0-5-79	stderr	 mixed=
2026-08-16T09:53:21.649Z	INFO	20260816_095320_00003_ecnfv.0.0.0-5-79	stderr	1902
2026-08-16T09:53:21.649Z	INFO	20260816_095320_00003_ecnfv.0.0.0-5-79	stderr	 admitted=
2026-08-16T09:53:21.649Z	INFO	20260816_095320_00003_ecnfv.0.0.0-5-79	stderr	false
2026-08-16T09:53:21.931Z	INFO	20260816_095320_00003_ecnfv.0.0.0-0-79	stderr	[composite-hash-mix] fields=
2026-08-16T09:53:21.933Z	INFO	20260816_095320_00003_ecnfv.0.0.0-0-79	stderr	2
2026-08-16T09:53:21.933Z	INFO	20260816_095320_00003_ecnfv.0.0.0-0-79	stderr	 rows=
2026-08-16T09:53:21.933Z	INFO	20260816_095320_00003_ecnfv.0.0.0-0-79	stderr	16252
2026-08-16T09:53:21.933Z	INFO	20260816_095320_00003_ecnfv.0.0.0-0-79	stderr	 raw=
2026-08-16T09:53:21.933Z	INFO	20260816_095320_00003_ecnfv.0.0.0-0-79	stderr	1024
2026-08-16T09:53:21.933Z	INFO	20260816_095320_00003_ecnfv.0.0.0-0-79	stderr	 mixed=
2026-08-16T09:53:21.933Z	INFO	20260816_095320_00003_ecnfv.0.0.0-0-79	stderr	972
2026-08-16T09:53:21.933Z	INFO	20260816_095320_00003_ecnfv.0.0.0-0-79	stderr	 admitted=
2026-08-16T09:53:21.933Z	INFO	20260816_095320_00003_ecnfv.0.0.0-0-79	stderr	false
2026-08-16T09:53:21.948Z	INFO	20260816_095320_00003_ecnfv.0.0.0-2-85	stderr	[composite-hash-mix] fields=
2026-08-16T09:53:21.951Z	INFO	20260816_095320_00003_ecnfv.0.0.0-2-85	stderr	2
2026-08-16T09:53:21.951Z	INFO	20260816_095320_00003_ecnfv.0.0.0-2-85	stderr	 rows=
2026-08-16T09:53:21.951Z	INFO	20260816_095320_00003_ecnfv.0.0.0-2-85	stderr	16634
2026-08-16T09:53:21.951Z	INFO	20260816_095320_00003_ecnfv.0.0.0-2-85	stderr	 raw=
2026-08-16T09:53:21.951Z	INFO	20260816_095320_00003_ecnfv.0.0.0-2-85	stderr	1042
2026-08-16T09:53:21.951Z	INFO	20260816_095320_00003_ecnfv.0.0.0-2-85	stderr	 mixed=
2026-08-16T09:53:21.951Z	INFO	20260816_095320_00003_ecnfv.0.0.0-2-85	stderr	1062
2026-08-16T09:53:21.951Z	INFO	20260816_095320_00003_ecnfv.0.0.0-2-85	stderr	 admitted=
2026-08-16T09:53:21.951Z	INFO	20260816_095320_00003_ecnfv.0.0.0-2-85	stderr	false
2026-08-16T09:53:21.951Z	INFO	20260816_095320_00003_ecnfv.0.0.0-1-80	stderr	[composite-hash-mix] fields=
2026-08-16T09:53:21.952Z	INFO	20260816_095320_00003_ecnfv.0.0.0-1-80	stderr	2
2026-08-16T09:53:21.952Z	INFO	20260816_095320_00003_ecnfv.0.0.0-1-80	stderr	 rows=
2026-08-16T09:53:21.952Z	INFO	20260816_095320_00003_ecnfv.0.0.0-1-80	stderr	17403
2026-08-16T09:53:21.952Z	INFO	20260816_095320_00003_ecnfv.0.0.0-1-80	stderr	 raw=
2026-08-16T09:53:21.952Z	INFO	20260816_095320_00003_ecnfv.0.0.0-1-80	stderr	986
2026-08-16T09:53:21.952Z	INFO	20260816_095320_00003_ecnfv.0.0.0-1-80	stderr	 mixed=
2026-08-16T09:53:21.952Z	INFO	20260816_095320_00003_ecnfv.0.0.0-1-80	stderr	924
2026-08-16T09:53:21.952Z	INFO	20260816_095320_00003_ecnfv.0.0.0-1-80	stderr	 admitted=
2026-08-16T09:53:21.952Z	INFO	20260816_095320_00003_ecnfv.0.0.0-1-80	stderr	false
2026-08-16T09:53:21.959Z	INFO	20260816_095320_00003_ecnfv.0.0.0-3-84	stderr	[composite-hash-mix] fields=
2026-08-16T09:53:21.959Z	INFO	20260816_095320_00003_ecnfv.0.0.0-3-84	stderr	2
2026-08-16T09:53:21.959Z	INFO	20260816_095320_00003_ecnfv.0.0.0-3-84	stderr	 rows=
2026-08-16T09:53:21.959Z	INFO	20260816_095320_00003_ecnfv.0.0.0-3-84	stderr	17029
2026-08-16T09:53:21.959Z	INFO	20260816_095320_00003_ecnfv.0.0.0-3-84	stderr	 raw=
2026-08-16T09:53:21.959Z	INFO	20260816_095320_00003_ecnfv.0.0.0-3-84	stderr	994
2026-08-16T09:53:21.959Z	INFO	20260816_095320_00003_ecnfv.0.0.0-3-84	stderr	 mixed=
2026-08-16T09:53:21.959Z	INFO	20260816_095320_00003_ecnfv.0.0.0-3-84	stderr	1044
2026-08-16T09:53:21.959Z	INFO	20260816_095320_00003_ecnfv.0.0.0-3-84	stderr	 admitted=
2026-08-16T09:53:21.959Z	INFO	20260816_095320_00003_ecnfv.0.0.0-3-84	stderr	false
2026-08-16T09:53:24.563Z	INFO	20260816_095324_00004_ecnfv.0.0.0-6-83	stderr	[composite-hash-mix] fields=
2026-08-16T09:53:24.564Z	INFO	20260816_095324_00004_ecnfv.0.0.0-6-83	stderr	2
2026-08-16T09:53:24.564Z	INFO	20260816_095324_00004_ecnfv.0.0.0-6-83	stderr	 rows=
2026-08-16T09:53:24.564Z	INFO	20260816_095324_00004_ecnfv.0.0.0-6-83	stderr	10000
2026-08-16T09:53:24.564Z	INFO	20260816_095324_00004_ecnfv.0.0.0-6-83	stderr	 raw=
2026-08-16T09:53:24.564Z	INFO	20260816_095324_00004_ecnfv.0.0.0-6-83	stderr	4684
2026-08-16T09:53:24.564Z	INFO	20260816_095324_00004_ecnfv.0.0.0-6-83	stderr	 mixed=
2026-08-16T09:53:24.564Z	INFO	20260816_095324_00004_ecnfv.0.0.0-6-83	stderr	3976
2026-08-16T09:53:24.564Z	INFO	20260816_095324_00004_ecnfv.0.0.0-6-83	stderr	 admitted=
2026-08-16T09:53:24.564Z	INFO	20260816_095324_00004_ecnfv.0.0.0-6-83	stderr	false
2026-08-16T09:53:24.565Z	INFO	20260816_095324_00004_ecnfv.0.0.0-5-77	stderr	[composite-hash-mix] fields=
2026-08-16T09:53:24.565Z	INFO	20260816_095324_00004_ecnfv.0.0.0-5-77	stderr	2
2026-08-16T09:53:24.565Z	INFO	20260816_095324_00004_ecnfv.0.0.0-5-77	stderr	 rows=
2026-08-16T09:53:24.565Z	INFO	20260816_095324_00004_ecnfv.0.0.0-5-77	stderr	10000
2026-08-16T09:53:24.565Z	INFO	20260816_095324_00004_ecnfv.0.0.0-5-77	stderr	 raw=
2026-08-16T09:53:24.565Z	INFO	20260816_095324_00004_ecnfv.0.0.0-5-77	stderr	1732
2026-08-16T09:53:24.565Z	INFO	20260816_095324_00004_ecnfv.0.0.0-5-77	stderr	 mixed=
2026-08-16T09:53:24.565Z	INFO	20260816_095324_00004_ecnfv.0.0.0-5-77	stderr	1902
2026-08-16T09:53:24.565Z	INFO	20260816_095324_00004_ecnfv.0.0.0-5-77	stderr	 admitted=
2026-08-16T09:53:24.565Z	INFO	20260816_095324_00004_ecnfv.0.0.0-5-77	stderr	false
2026-08-16T09:53:24.565Z	INFO	20260816_095324_00004_ecnfv.0.0.0-8-86	stderr	[composite-hash-mix] fields=
2026-08-16T09:53:24.566Z	INFO	20260816_095324_00004_ecnfv.0.0.0-8-86	stderr	2
2026-08-16T09:53:24.566Z	INFO	20260816_095324_00004_ecnfv.0.0.0-8-86	stderr	 rows=
2026-08-16T09:53:24.566Z	INFO	20260816_095324_00004_ecnfv.0.0.0-8-86	stderr	10000
2026-08-16T09:53:24.566Z	INFO	20260816_095324_00004_ecnfv.0.0.0-8-86	stderr	 raw=
2026-08-16T09:53:24.566Z	INFO	20260816_095324_00004_ecnfv.0.0.0-8-86	stderr	9338
2026-08-16T09:53:24.566Z	INFO	20260816_095324_00004_ecnfv.0.0.0-8-86	stderr	 mixed=
2026-08-16T09:53:24.566Z	INFO	20260816_095324_00004_ecnfv.0.0.0-8-86	stderr	9324
2026-08-16T09:53:24.566Z	INFO	20260816_095324_00004_ecnfv.0.0.0-8-86	stderr	 admitted=
2026-08-16T09:53:24.566Z	INFO	20260816_095324_00004_ecnfv.0.0.0-8-86	stderr	false
2026-08-16T09:53:24.566Z	INFO	20260816_095324_00004_ecnfv.0.0.0-9-85	stderr	[composite-hash-mix] fields=
2026-08-16T09:53:24.566Z	INFO	20260816_095324_00004_ecnfv.0.0.0-9-85	stderr	2
2026-08-16T09:53:24.566Z	INFO	20260816_095324_00004_ecnfv.0.0.0-9-85	stderr	 rows=
2026-08-16T09:53:24.566Z	INFO	20260816_095324_00004_ecnfv.0.0.0-9-85	stderr	10000
2026-08-16T09:53:24.566Z	INFO	20260816_095324_00004_ecnfv.0.0.0-9-85	stderr	 raw=
2026-08-16T09:53:24.566Z	INFO	20260816_095324_00004_ecnfv.0.0.0-9-85	stderr	1182
2026-08-16T09:53:24.566Z	INFO	20260816_095324_00004_ecnfv.0.0.0-9-85	stderr	 mixed=
2026-08-16T09:53:24.566Z	INFO	20260816_095324_00004_ecnfv.0.0.0-9-85	stderr	1194
2026-08-16T09:53:24.566Z	INFO	20260816_095324_00004_ecnfv.0.0.0-9-85	stderr	 admitted=
2026-08-16T09:53:24.566Z	INFO	20260816_095324_00004_ecnfv.0.0.0-9-85	stderr	false
2026-08-16T09:53:24.567Z	INFO	20260816_095324_00004_ecnfv.0.0.0-7-76	stderr	[composite-hash-mix] fields=
2026-08-16T09:53:24.567Z	INFO	20260816_095324_00004_ecnfv.0.0.0-7-76	stderr	2
2026-08-16T09:53:24.567Z	INFO	20260816_095324_00004_ecnfv.0.0.0-7-76	stderr	 rows=
2026-08-16T09:53:24.567Z	INFO	20260816_095324_00004_ecnfv.0.0.0-7-76	stderr	10000
2026-08-16T09:53:24.567Z	INFO	20260816_095324_00004_ecnfv.0.0.0-7-76	stderr	 raw=
2026-08-16T09:53:24.567Z	INFO	20260816_095324_00004_ecnfv.0.0.0-7-76	stderr	1356
2026-08-16T09:53:24.567Z	INFO	20260816_095324_00004_ecnfv.0.0.0-7-76	stderr	 mixed=
2026-08-16T09:53:24.567Z	INFO	20260816_095324_00004_ecnfv.0.0.0-7-76	stderr	1448
2026-08-16T09:53:24.567Z	INFO	20260816_095324_00004_ecnfv.0.0.0-7-76	stderr	 admitted=
2026-08-16T09:53:24.567Z	INFO	20260816_095324_00004_ecnfv.0.0.0-7-76	stderr	false
2026-08-16T09:53:24.567Z	INFO	20260816_095324_00004_ecnfv.0.0.0-10-75	stderr	[composite-hash-mix] fields=
2026-08-16T09:53:24.568Z	INFO	20260816_095324_00004_ecnfv.0.0.0-10-75	stderr	2
2026-08-16T09:53:24.568Z	INFO	20260816_095324_00004_ecnfv.0.0.0-10-75	stderr	 rows=
2026-08-16T09:53:24.568Z	INFO	20260816_095324_00004_ecnfv.0.0.0-10-75	stderr	10000
2026-08-16T09:53:24.568Z	INFO	20260816_095324_00004_ecnfv.0.0.0-10-75	stderr	 raw=
2026-08-16T09:53:24.568Z	INFO	20260816_095324_00004_ecnfv.0.0.0-10-75	stderr	2140
2026-08-16T09:53:24.568Z	INFO	20260816_095324_00004_ecnfv.0.0.0-10-75	stderr	 mixed=
2026-08-16T09:53:24.568Z	INFO	20260816_095324_00004_ecnfv.0.0.0-10-75	stderr	2274
2026-08-16T09:53:24.568Z	INFO	20260816_095324_00004_ecnfv.0.0.0-10-75	stderr	 admitted=
2026-08-16T09:53:24.568Z	INFO	20260816_095324_00004_ecnfv.0.0.0-10-75	stderr	false
2026-08-16T09:53:24.568Z	INFO	20260816_095324_00004_ecnfv.0.0.0-11-82	stderr	[composite-hash-mix] fields=
2026-08-16T09:53:24.568Z	INFO	20260816_095324_00004_ecnfv.0.0.0-11-82	stderr	2
2026-08-16T09:53:24.568Z	INFO	20260816_095324_00004_ecnfv.0.0.0-11-82	stderr	 rows=
2026-08-16T09:53:24.568Z	INFO	20260816_095324_00004_ecnfv.0.0.0-11-82	stderr	10000
2026-08-16T09:53:24.568Z	INFO	20260816_095324_00004_ecnfv.0.0.0-11-82	stderr	 raw=
2026-08-16T09:53:24.568Z	INFO	20260816_095324_00004_ecnfv.0.0.0-11-82	stderr	2206
2026-08-16T09:53:24.568Z	INFO	20260816_095324_00004_ecnfv.0.0.0-11-82	stderr	 mixed=
2026-08-16T09:53:24.568Z	INFO	20260816_095324_00004_ecnfv.0.0.0-11-82	stderr	2300
2026-08-16T09:53:24.568Z	INFO	20260816_095324_00004_ecnfv.0.0.0-11-82	stderr	 admitted=
2026-08-16T09:53:24.568Z	INFO	20260816_095324_00004_ecnfv.0.0.0-11-82	stderr	false
2026-08-16T09:53:24.571Z	INFO	20260816_095324_00004_ecnfv.0.0.0-13-80	stderr	[composite-hash-mix] fields=
2026-08-16T09:53:24.571Z	INFO	20260816_095324_00004_ecnfv.0.0.0-13-80	stderr	2
2026-08-16T09:53:24.571Z	INFO	20260816_095324_00004_ecnfv.0.0.0-13-80	stderr	 rows=
2026-08-16T09:53:24.571Z	INFO	20260816_095324_00004_ecnfv.0.0.0-13-80	stderr	10000
2026-08-16T09:53:24.571Z	INFO	20260816_095324_00004_ecnfv.0.0.0-13-80	stderr	 raw=
2026-08-16T09:53:24.571Z	INFO	20260816_095324_00004_ecnfv.0.0.0-13-80	stderr	1030
2026-08-16T09:53:24.571Z	INFO	20260816_095324_00004_ecnfv.0.0.0-13-80	stderr	 mixed=
2026-08-16T09:53:24.571Z	INFO	20260816_095324_00004_ecnfv.0.0.0-13-80	stderr	1062
2026-08-16T09:53:24.571Z	INFO	20260816_095324_00004_ecnfv.0.0.0-13-80	stderr	 admitted=
2026-08-16T09:53:24.571Z	INFO	20260816_095324_00004_ecnfv.0.0.0-13-80	stderr	false
2026-08-16T09:53:24.575Z	INFO	20260816_095324_00004_ecnfv.0.0.0-14-84	stderr	[composite-hash-mix] fields=
2026-08-16T09:53:24.575Z	INFO	20260816_095324_00004_ecnfv.0.0.0-14-84	stderr	2
2026-08-16T09:53:24.575Z	INFO	20260816_095324_00004_ecnfv.0.0.0-14-84	stderr	 rows=
2026-08-16T09:53:24.575Z	INFO	20260816_095324_00004_ecnfv.0.0.0-14-84	stderr	10000
2026-08-16T09:53:24.575Z	INFO	20260816_095324_00004_ecnfv.0.0.0-14-84	stderr	 raw=
2026-08-16T09:53:24.584Z	INFO	20260816_095324_00004_ecnfv.0.0.0-14-84	stderr	1172
2026-08-16T09:53:24.584Z	INFO	20260816_095324_00004_ecnfv.0.0.0-14-84	stderr	 mixed=
2026-08-16T09:53:24.584Z	INFO	20260816_095324_00004_ecnfv.0.0.0-14-84	stderr	1050
2026-08-16T09:53:24.584Z	INFO	20260816_095324_00004_ecnfv.0.0.0-14-84	stderr	 admitted=
2026-08-16T09:53:24.584Z	INFO	20260816_095324_00004_ecnfv.0.0.0-14-84	stderr	false
2026-08-16T09:53:24.585Z	INFO	20260816_095324_00004_ecnfv.0.0.0-12-79	stderr	[composite-hash-mix] fields=
2026-08-16T09:53:24.585Z	INFO	20260816_095324_00004_ecnfv.0.0.0-12-79	stderr	2
2026-08-16T09:53:24.585Z	INFO	20260816_095324_00004_ecnfv.0.0.0-12-79	stderr	 rows=
2026-08-16T09:53:24.585Z	INFO	20260816_095324_00004_ecnfv.0.0.0-12-79	stderr	10000
2026-08-16T09:53:24.585Z	INFO	20260816_095324_00004_ecnfv.0.0.0-12-79	stderr	 raw=
2026-08-16T09:53:24.585Z	INFO	20260816_095324_00004_ecnfv.0.0.0-12-79	stderr	1066
2026-08-16T09:53:24.585Z	INFO	20260816_095324_00004_ecnfv.0.0.0-12-79	stderr	 mixed=
2026-08-16T09:53:24.585Z	INFO	20260816_095324_00004_ecnfv.0.0.0-12-79	stderr	1012
2026-08-16T09:53:24.585Z	INFO	20260816_095324_00004_ecnfv.0.0.0-12-79	stderr	 admitted=
2026-08-16T09:53:24.585Z	INFO	20260816_095324_00004_ecnfv.0.0.0-12-79	stderr	false
2026-08-16T09:53:24.590Z	INFO	20260816_095324_00004_ecnfv.0.0.0-15-78	stderr	[composite-hash-mix] fields=
2026-08-16T09:53:24.590Z	INFO	20260816_095324_00004_ecnfv.0.0.0-15-78	stderr	2
2026-08-16T09:53:24.590Z	INFO	20260816_095324_00004_ecnfv.0.0.0-15-78	stderr	 rows=
2026-08-16T09:53:24.590Z	INFO	20260816_095324_00004_ecnfv.0.0.0-15-78	stderr	10000
2026-08-16T09:53:24.590Z	INFO	20260816_095324_00004_ecnfv.0.0.0-15-78	stderr	 raw=
2026-08-16T09:53:24.590Z	INFO	20260816_095324_00004_ecnfv.0.0.0-15-78	stderr	1334
2026-08-16T09:53:24.590Z	INFO	20260816_095324_00004_ecnfv.0.0.0-15-78	stderr	 mixed=
2026-08-16T09:53:24.590Z	INFO	20260816_095324_00004_ecnfv.0.0.0-15-78	stderr	1274
2026-08-16T09:53:24.590Z	INFO	20260816_095324_00004_ecnfv.0.0.0-15-78	stderr	 admitted=
2026-08-16T09:53:24.590Z	INFO	20260816_095324_00004_ecnfv.0.0.0-15-78	stderr	false
2026-08-16T09:53:24.596Z	INFO	20260816_095324_00004_ecnfv.0.0.0-16-81	stderr	[composite-hash-mix] fields=
2026-08-16T09:53:24.596Z	INFO	20260816_095324_00004_ecnfv.0.0.0-16-81	stderr	2
2026-08-16T09:53:24.596Z	INFO	20260816_095324_00004_ecnfv.0.0.0-16-81	stderr	 rows=
2026-08-16T09:53:24.596Z	INFO	20260816_095324_00004_ecnfv.0.0.0-16-81	stderr	10000
2026-08-16T09:53:24.596Z	INFO	20260816_095324_00004_ecnfv.0.0.0-16-81	stderr	 raw=
2026-08-16T09:53:24.596Z	INFO	20260816_095324_00004_ecnfv.0.0.0-16-81	stderr	77316
2026-08-16T09:53:24.596Z	INFO	20260816_095324_00004_ecnfv.0.0.0-16-81	stderr	 mixed=
2026-08-16T09:53:24.596Z	INFO	20260816_095324_00004_ecnfv.0.0.0-16-81	stderr	76788
2026-08-16T09:53:24.596Z	INFO	20260816_095324_00004_ecnfv.0.0.0-16-81	stderr	 admitted=
2026-08-16T09:53:24.596Z	INFO	20260816_095324_00004_ecnfv.0.0.0-16-81	stderr	false
2026-08-16T09:53:24.647Z	INFO	20260816_095324_00004_ecnfv.0.0.0-17-75	stderr	[composite-hash-mix] fields=
2026-08-16T09:53:24.647Z	INFO	20260816_095324_00004_ecnfv.0.0.0-17-75	stderr	2
2026-08-16T09:53:24.647Z	INFO	20260816_095324_00004_ecnfv.0.0.0-17-75	stderr	 rows=
2026-08-16T09:53:24.647Z	INFO	20260816_095324_00004_ecnfv.0.0.0-17-75	stderr	10000
2026-08-16T09:53:24.647Z	INFO	20260816_095324_00004_ecnfv.0.0.0-17-75	stderr	 raw=
2026-08-16T09:53:24.647Z	INFO	20260816_095324_00004_ecnfv.0.0.0-17-75	stderr	5130
2026-08-16T09:53:24.647Z	INFO	20260816_095324_00004_ecnfv.0.0.0-17-75	stderr	 mixed=
2026-08-16T09:53:24.647Z	INFO	20260816_095324_00004_ecnfv.0.0.0-17-75	stderr	5454
2026-08-16T09:53:24.647Z	INFO	20260816_095324_00004_ecnfv.0.0.0-17-75	stderr	 admitted=
2026-08-16T09:53:24.647Z	INFO	20260816_095324_00004_ecnfv.0.0.0-17-75	stderr	false
2026-08-16T09:53:24.655Z	INFO	20260816_095324_00004_ecnfv.0.0.0-18-77	stderr	[composite-hash-mix] fields=
2026-08-16T09:53:24.655Z	INFO	20260816_095324_00004_ecnfv.0.0.0-18-77	stderr	2
2026-08-16T09:53:24.655Z	INFO	20260816_095324_00004_ecnfv.0.0.0-18-77	stderr	 rows=
2026-08-16T09:53:24.655Z	INFO	20260816_095324_00004_ecnfv.0.0.0-18-77	stderr	10000
2026-08-16T09:53:24.655Z	INFO	20260816_095324_00004_ecnfv.0.0.0-18-77	stderr	 raw=
2026-08-16T09:53:24.655Z	INFO	20260816_095324_00004_ecnfv.0.0.0-18-77	stderr	1118
2026-08-16T09:53:24.655Z	INFO	20260816_095324_00004_ecnfv.0.0.0-18-77	stderr	 mixed=
2026-08-16T09:53:24.655Z	INFO	20260816_095324_00004_ecnfv.0.0.0-18-77	stderr	1148
2026-08-16T09:53:24.655Z	INFO	20260816_095324_00004_ecnfv.0.0.0-18-77	stderr	 admitted=
2026-08-16T09:53:24.655Z	INFO	20260816_095324_00004_ecnfv.0.0.0-18-77	stderr	false
2026-08-16T09:53:24.668Z	INFO	20260816_095324_00004_ecnfv.0.0.0-19-85	stderr	[composite-hash-mix] fields=
2026-08-16T09:53:24.668Z	INFO	20260816_095324_00004_ecnfv.0.0.0-19-85	stderr	2
2026-08-16T09:53:24.668Z	INFO	20260816_095324_00004_ecnfv.0.0.0-19-85	stderr	 rows=
2026-08-16T09:53:24.668Z	INFO	20260816_095324_00004_ecnfv.0.0.0-19-85	stderr	10000
2026-08-16T09:53:24.668Z	INFO	20260816_095324_00004_ecnfv.0.0.0-19-85	stderr	 raw=
2026-08-16T09:53:24.668Z	INFO	20260816_095324_00004_ecnfv.0.0.0-19-85	stderr	1042
2026-08-16T09:53:24.668Z	INFO	20260816_095324_00004_ecnfv.0.0.0-19-85	stderr	 mixed=
2026-08-16T09:53:24.668Z	INFO	20260816_095324_00004_ecnfv.0.0.0-19-85	stderr	1084
2026-08-16T09:53:24.668Z	INFO	20260816_095324_00004_ecnfv.0.0.0-19-85	stderr	 admitted=
2026-08-16T09:53:24.668Z	INFO	20260816_095324_00004_ecnfv.0.0.0-19-85	stderr	false
2026-08-16T09:53:24.691Z	INFO	20260816_095324_00004_ecnfv.0.0.0-20-80	stderr	[composite-hash-mix] fields=
2026-08-16T09:53:24.691Z	INFO	20260816_095324_00004_ecnfv.0.0.0-20-80	stderr	2
2026-08-16T09:53:24.691Z	INFO	20260816_095324_00004_ecnfv.0.0.0-20-80	stderr	 rows=
2026-08-16T09:53:24.691Z	INFO	20260816_095324_00004_ecnfv.0.0.0-20-80	stderr	10000
2026-08-16T09:53:24.691Z	INFO	20260816_095324_00004_ecnfv.0.0.0-20-80	stderr	 raw=
2026-08-16T09:53:24.691Z	INFO	20260816_095324_00004_ecnfv.0.0.0-20-80	stderr	1000
2026-08-16T09:53:24.691Z	INFO	20260816_095324_00004_ecnfv.0.0.0-20-80	stderr	 mixed=
2026-08-16T09:53:24.691Z	INFO	20260816_095324_00004_ecnfv.0.0.0-20-80	stderr	1104
2026-08-16T09:53:24.691Z	INFO	20260816_095324_00004_ecnfv.0.0.0-20-80	stderr	 admitted=
2026-08-16T09:53:24.691Z	INFO	20260816_095324_00004_ecnfv.0.0.0-20-80	stderr	false
2026-08-16T09:53:24.712Z	INFO	20260816_095324_00004_ecnfv.0.0.0-21-81	stderr	[composite-hash-mix] fields=
2026-08-16T09:53:24.712Z	INFO	20260816_095324_00004_ecnfv.0.0.0-21-81	stderr	2
2026-08-16T09:53:24.712Z	INFO	20260816_095324_00004_ecnfv.0.0.0-21-81	stderr	 rows=
2026-08-16T09:53:24.712Z	INFO	20260816_095324_00004_ecnfv.0.0.0-21-81	stderr	10000
2026-08-16T09:53:24.712Z	INFO	20260816_095324_00004_ecnfv.0.0.0-21-81	stderr	 raw=
2026-08-16T09:53:24.712Z	INFO	20260816_095324_00004_ecnfv.0.0.0-21-81	stderr	1008
2026-08-16T09:53:24.712Z	INFO	20260816_095324_00004_ecnfv.0.0.0-21-81	stderr	 mixed=
2026-08-16T09:53:24.712Z	INFO	20260816_095324_00004_ecnfv.0.0.0-21-81	stderr	1060
2026-08-16T09:53:24.712Z	INFO	20260816_095324_00004_ecnfv.0.0.0-21-81	stderr	 admitted=
2026-08-16T09:53:24.712Z	INFO	20260816_095324_00004_ecnfv.0.0.0-21-81	stderr	false
2026-08-16T09:53:24.748Z	INFO	20260816_095324_00004_ecnfv.0.0.0-22-83	stderr	[composite-hash-mix] fields=
2026-08-16T09:53:24.748Z	INFO	20260816_095324_00004_ecnfv.0.0.0-22-83	stderr	2
2026-08-16T09:53:24.748Z	INFO	20260816_095324_00004_ecnfv.0.0.0-22-83	stderr	 rows=
2026-08-16T09:53:24.748Z	INFO	20260816_095324_00004_ecnfv.0.0.0-22-83	stderr	10000
2026-08-16T09:53:24.748Z	INFO	20260816_095324_00004_ecnfv.0.0.0-22-83	stderr	 raw=
2026-08-16T09:53:24.748Z	INFO	20260816_095324_00004_ecnfv.0.0.0-22-83	stderr	960
2026-08-16T09:53:24.748Z	INFO	20260816_095324_00004_ecnfv.0.0.0-22-83	stderr	 mixed=
2026-08-16T09:53:24.748Z	INFO	20260816_095324_00004_ecnfv.0.0.0-22-83	stderr	1124
2026-08-16T09:53:24.748Z	INFO	20260816_095324_00004_ecnfv.0.0.0-22-83	stderr	 admitted=
2026-08-16T09:53:24.748Z	INFO	20260816_095324_00004_ecnfv.0.0.0-22-83	stderr	false
2026-08-16T09:53:24.812Z	INFO	20260816_095324_00004_ecnfv.0.0.0-0-80	stderr	[composite-hash-mix] fields=
2026-08-16T09:53:24.812Z	INFO	20260816_095324_00004_ecnfv.0.0.0-0-80	stderr	2
2026-08-16T09:53:24.812Z	INFO	20260816_095324_00004_ecnfv.0.0.0-0-80	stderr	 rows=
2026-08-16T09:53:24.812Z	INFO	20260816_095324_00004_ecnfv.0.0.0-0-80	stderr	22973
2026-08-16T09:53:24.812Z	INFO	20260816_095324_00004_ecnfv.0.0.0-0-80	stderr	 raw=
2026-08-16T09:53:24.812Z	INFO	20260816_095324_00004_ecnfv.0.0.0-0-80	stderr	1006
2026-08-16T09:53:24.812Z	INFO	20260816_095324_00004_ecnfv.0.0.0-0-80	stderr	 mixed=
2026-08-16T09:53:24.812Z	INFO	20260816_095324_00004_ecnfv.0.0.0-0-80	stderr	1080
2026-08-16T09:53:24.812Z	INFO	20260816_095324_00004_ecnfv.0.0.0-0-80	stderr	 admitted=
2026-08-16T09:53:24.812Z	INFO	20260816_095324_00004_ecnfv.0.0.0-0-80	stderr	false
2026-08-16T09:53:24.814Z	INFO	20260816_095324_00004_ecnfv.0.0.0-23-77	stderr	[composite-hash-mix] fields=
2026-08-16T09:53:24.814Z	INFO	20260816_095324_00004_ecnfv.0.0.0-23-77	stderr	2
2026-08-16T09:53:24.814Z	INFO	20260816_095324_00004_ecnfv.0.0.0-23-77	stderr	 rows=
2026-08-16T09:53:24.814Z	INFO	20260816_095324_00004_ecnfv.0.0.0-23-77	stderr	10000
2026-08-16T09:53:24.814Z	INFO	20260816_095324_00004_ecnfv.0.0.0-23-77	stderr	 raw=
2026-08-16T09:53:24.814Z	INFO	20260816_095324_00004_ecnfv.0.0.0-23-77	stderr	1022
2026-08-16T09:53:24.814Z	INFO	20260816_095324_00004_ecnfv.0.0.0-23-77	stderr	 mixed=
2026-08-16T09:53:24.814Z	INFO	20260816_095324_00004_ecnfv.0.0.0-23-77	stderr	1100
2026-08-16T09:53:24.814Z	INFO	20260816_095324_00004_ecnfv.0.0.0-23-77	stderr	 admitted=
2026-08-16T09:53:24.814Z	INFO	20260816_095324_00004_ecnfv.0.0.0-23-77	stderr	false
2026-08-16T09:53:24.817Z	INFO	20260816_095324_00004_ecnfv.0.0.0-1-85	stderr	[composite-hash-mix] fields=
2026-08-16T09:53:24.817Z	INFO	20260816_095324_00004_ecnfv.0.0.0-1-85	stderr	2
2026-08-16T09:53:24.817Z	INFO	20260816_095324_00004_ecnfv.0.0.0-1-85	stderr	 rows=
2026-08-16T09:53:24.817Z	INFO	20260816_095324_00004_ecnfv.0.0.0-1-85	stderr	22104
2026-08-16T09:53:24.817Z	INFO	20260816_095324_00004_ecnfv.0.0.0-1-85	stderr	 raw=
2026-08-16T09:53:24.817Z	INFO	20260816_095324_00004_ecnfv.0.0.0-1-85	stderr	1014
2026-08-16T09:53:24.817Z	INFO	20260816_095324_00004_ecnfv.0.0.0-1-85	stderr	 mixed=
2026-08-16T09:53:24.817Z	INFO	20260816_095324_00004_ecnfv.0.0.0-1-85	stderr	1056
2026-08-16T09:53:24.817Z	INFO	20260816_095324_00004_ecnfv.0.0.0-1-85	stderr	 admitted=
2026-08-16T09:53:24.817Z	INFO	20260816_095324_00004_ecnfv.0.0.0-1-85	stderr	false
2026-08-16T09:53:24.818Z	INFO	20260816_095324_00004_ecnfv.0.0.0-25-81	stderr	[composite-hash-mix] fields=
2026-08-16T09:53:24.818Z	INFO	20260816_095324_00004_ecnfv.0.0.0-25-81	stderr	2
2026-08-16T09:53:24.818Z	INFO	20260816_095324_00004_ecnfv.0.0.0-25-81	stderr	 rows=
2026-08-16T09:53:24.818Z	INFO	20260816_095324_00004_ecnfv.0.0.0-25-81	stderr	10000
2026-08-16T09:53:24.818Z	INFO	20260816_095324_00004_ecnfv.0.0.0-25-81	stderr	 raw=
2026-08-16T09:53:24.818Z	INFO	20260816_095324_00004_ecnfv.0.0.0-25-81	stderr	2144
2026-08-16T09:53:24.818Z	INFO	20260816_095324_00004_ecnfv.0.0.0-25-81	stderr	 mixed=
2026-08-16T09:53:24.818Z	INFO	20260816_095324_00004_ecnfv.0.0.0-25-81	stderr	2218
2026-08-16T09:53:24.818Z	INFO	20260816_095324_00004_ecnfv.0.0.0-25-81	stderr	 admitted=
2026-08-16T09:53:24.818Z	INFO	20260816_095324_00004_ecnfv.0.0.0-25-81	stderr	false
2026-08-16T09:53:24.820Z	INFO	20260816_095324_00004_ecnfv.0.0.0-24-83	stderr	[composite-hash-mix] fields=
2026-08-16T09:53:24.820Z	INFO	20260816_095324_00004_ecnfv.0.0.0-24-83	stderr	2
2026-08-16T09:53:24.820Z	INFO	20260816_095324_00004_ecnfv.0.0.0-24-83	stderr	 rows=
2026-08-16T09:53:24.820Z	INFO	20260816_095324_00004_ecnfv.0.0.0-24-83	stderr	10000
2026-08-16T09:53:24.820Z	INFO	20260816_095324_00004_ecnfv.0.0.0-24-83	stderr	 raw=
2026-08-16T09:53:24.820Z	INFO	20260816_095324_00004_ecnfv.0.0.0-24-83	stderr	1248
2026-08-16T09:53:24.820Z	INFO	20260816_095324_00004_ecnfv.0.0.0-24-83	stderr	 mixed=
2026-08-16T09:53:24.820Z	INFO	20260816_095324_00004_ecnfv.0.0.0-24-83	stderr	1240
2026-08-16T09:53:24.820Z	INFO	20260816_095324_00004_ecnfv.0.0.0-24-83	stderr	 admitted=
2026-08-16T09:53:24.820Z	INFO	20260816_095324_00004_ecnfv.0.0.0-24-83	stderr	false
2026-08-16T09:53:24.823Z	INFO	20260816_095324_00004_ecnfv.0.0.0-2-86	stderr	[composite-hash-mix] fields=
2026-08-16T09:53:24.823Z	INFO	20260816_095324_00004_ecnfv.0.0.0-2-86	stderr	2
2026-08-16T09:53:24.823Z	INFO	20260816_095324_00004_ecnfv.0.0.0-2-86	stderr	 rows=
2026-08-16T09:53:24.823Z	INFO	20260816_095324_00004_ecnfv.0.0.0-2-86	stderr	21789
2026-08-16T09:53:24.823Z	INFO	20260816_095324_00004_ecnfv.0.0.0-2-86	stderr	 raw=
2026-08-16T09:53:24.823Z	INFO	20260816_095324_00004_ecnfv.0.0.0-2-86	stderr	1010
2026-08-16T09:53:24.823Z	INFO	20260816_095324_00004_ecnfv.0.0.0-2-86	stderr	 mixed=
2026-08-16T09:53:24.823Z	INFO	20260816_095324_00004_ecnfv.0.0.0-2-86	stderr	958
2026-08-16T09:53:24.823Z	INFO	20260816_095324_00004_ecnfv.0.0.0-2-86	stderr	 admitted=
2026-08-16T09:53:24.823Z	INFO	20260816_095324_00004_ecnfv.0.0.0-2-86	stderr	false
2026-08-16T09:53:24.826Z	INFO	20260816_095324_00004_ecnfv.0.0.0-26-78	stderr	[composite-hash-mix] fields=
2026-08-16T09:53:24.826Z	INFO	20260816_095324_00004_ecnfv.0.0.0-26-78	stderr	2
2026-08-16T09:53:24.826Z	INFO	20260816_095324_00004_ecnfv.0.0.0-26-78	stderr	 rows=
2026-08-16T09:53:24.826Z	INFO	20260816_095324_00004_ecnfv.0.0.0-26-78	stderr	10000
2026-08-16T09:53:24.826Z	INFO	20260816_095324_00004_ecnfv.0.0.0-26-78	stderr	 raw=
2026-08-16T09:53:24.826Z	INFO	20260816_095324_00004_ecnfv.0.0.0-26-78	stderr	2538
2026-08-16T09:53:24.826Z	INFO	20260816_095324_00004_ecnfv.0.0.0-26-78	stderr	 mixed=
2026-08-16T09:53:24.826Z	INFO	20260816_095324_00004_ecnfv.0.0.0-26-78	stderr	2588
2026-08-16T09:53:24.826Z	INFO	20260816_095324_00004_ecnfv.0.0.0-26-78	stderr	 admitted=
2026-08-16T09:53:24.826Z	INFO	20260816_095324_00004_ecnfv.0.0.0-26-78	stderr	false
2026-08-16T09:53:24.827Z	INFO	20260816_095324_00004_ecnfv.0.0.0-3-82	stderr	[composite-hash-mix] fields=
2026-08-16T09:53:24.827Z	INFO	20260816_095324_00004_ecnfv.0.0.0-3-82	stderr	2
2026-08-16T09:53:24.827Z	INFO	20260816_095324_00004_ecnfv.0.0.0-3-82	stderr	 rows=
2026-08-16T09:53:24.827Z	INFO	20260816_095324_00004_ecnfv.0.0.0-3-82	stderr	24529
2026-08-16T09:53:24.827Z	INFO	20260816_095324_00004_ecnfv.0.0.0-3-82	stderr	 raw=
2026-08-16T09:53:24.827Z	INFO	20260816_095324_00004_ecnfv.0.0.0-3-82	stderr	1052
2026-08-16T09:53:24.827Z	INFO	20260816_095324_00004_ecnfv.0.0.0-3-82	stderr	 mixed=
2026-08-16T09:53:24.827Z	INFO	20260816_095324_00004_ecnfv.0.0.0-3-82	stderr	976
2026-08-16T09:53:24.827Z	INFO	20260816_095324_00004_ecnfv.0.0.0-3-82	stderr	 admitted=
2026-08-16T09:53:24.827Z	INFO	20260816_095324_00004_ecnfv.0.0.0-3-82	stderr	false
2026-08-16T09:53:24.840Z	INFO	20260816_095324_00004_ecnfv.0.0.0-29-84	stderr	[composite-hash-mix] fields=
2026-08-16T09:53:24.840Z	INFO	20260816_095324_00004_ecnfv.0.0.0-29-84	stderr	2
2026-08-16T09:53:24.840Z	INFO	20260816_095324_00004_ecnfv.0.0.0-29-84	stderr	 rows=
2026-08-16T09:53:24.840Z	INFO	20260816_095324_00004_ecnfv.0.0.0-29-84	stderr	10000
2026-08-16T09:53:24.840Z	INFO	20260816_095324_00004_ecnfv.0.0.0-29-84	stderr	 raw=
2026-08-16T09:53:24.840Z	INFO	20260816_095324_00004_ecnfv.0.0.0-29-84	stderr	1374
2026-08-16T09:53:24.840Z	INFO	20260816_095324_00004_ecnfv.0.0.0-29-84	stderr	 mixed=
2026-08-16T09:53:24.840Z	INFO	20260816_095324_00004_ecnfv.0.0.0-29-84	stderr	1496
2026-08-16T09:53:24.840Z	INFO	20260816_095324_00004_ecnfv.0.0.0-29-84	stderr	 admitted=
2026-08-16T09:53:24.840Z	INFO	20260816_095324_00004_ecnfv.0.0.0-29-84	stderr	false
2026-08-16T09:53:24.841Z	INFO	20260816_095324_00004_ecnfv.0.0.0-27-79	stderr	[composite-hash-mix] fields=
2026-08-16T09:53:24.841Z	INFO	20260816_095324_00004_ecnfv.0.0.0-27-79	stderr	2
2026-08-16T09:53:24.841Z	INFO	20260816_095324_00004_ecnfv.0.0.0-27-79	stderr	 rows=
2026-08-16T09:53:24.841Z	INFO	20260816_095324_00004_ecnfv.0.0.0-27-79	stderr	10000
2026-08-16T09:53:24.841Z	INFO	20260816_095324_00004_ecnfv.0.0.0-27-79	stderr	 raw=
2026-08-16T09:53:24.841Z	INFO	20260816_095324_00004_ecnfv.0.0.0-27-79	stderr	1246
2026-08-16T09:53:24.841Z	INFO	20260816_095324_00004_ecnfv.0.0.0-27-79	stderr	 mixed=
2026-08-16T09:53:24.841Z	INFO	20260816_095324_00004_ecnfv.0.0.0-27-79	stderr	1278
2026-08-16T09:53:24.841Z	INFO	20260816_095324_00004_ecnfv.0.0.0-27-79	stderr	 admitted=
2026-08-16T09:53:24.841Z	INFO	20260816_095324_00004_ecnfv.0.0.0-27-79	stderr	false
2026-08-16T09:53:24.843Z	INFO	20260816_095324_00004_ecnfv.0.0.0-28-76	stderr	[composite-hash-mix] fields=
2026-08-16T09:53:24.843Z	INFO	20260816_095324_00004_ecnfv.0.0.0-28-76	stderr	2
2026-08-16T09:53:24.843Z	INFO	20260816_095324_00004_ecnfv.0.0.0-28-76	stderr	 rows=
2026-08-16T09:53:24.843Z	INFO	20260816_095324_00004_ecnfv.0.0.0-28-76	stderr	10000
2026-08-16T09:53:24.843Z	INFO	20260816_095324_00004_ecnfv.0.0.0-28-76	stderr	 raw=
2026-08-16T09:53:24.843Z	INFO	20260816_095324_00004_ecnfv.0.0.0-28-76	stderr	1248
2026-08-16T09:53:24.843Z	INFO	20260816_095324_00004_ecnfv.0.0.0-28-76	stderr	 mixed=
2026-08-16T09:53:24.843Z	INFO	20260816_095324_00004_ecnfv.0.0.0-28-76	stderr	1246
2026-08-16T09:53:24.843Z	INFO	20260816_095324_00004_ecnfv.0.0.0-28-76	stderr	 admitted=
2026-08-16T09:53:24.843Z	INFO	20260816_095324_00004_ecnfv.0.0.0-28-76	stderr	false
2026-08-16T09:53:24.850Z	INFO	20260816_095324_00004_ecnfv.0.0.0-30-75	stderr	[composite-hash-mix] fields=
2026-08-16T09:53:24.850Z	INFO	20260816_095324_00004_ecnfv.0.0.0-30-75	stderr	2
2026-08-16T09:53:24.850Z	INFO	20260816_095324_00004_ecnfv.0.0.0-30-75	stderr	 rows=
2026-08-16T09:53:24.850Z	INFO	20260816_095324_00004_ecnfv.0.0.0-30-75	stderr	10000
2026-08-16T09:53:24.850Z	INFO	20260816_095324_00004_ecnfv.0.0.0-30-75	stderr	 raw=
2026-08-16T09:53:24.850Z	INFO	20260816_095324_00004_ecnfv.0.0.0-30-75	stderr	1630
2026-08-16T09:53:24.850Z	INFO	20260816_095324_00004_ecnfv.0.0.0-30-75	stderr	 mixed=
2026-08-16T09:53:24.850Z	INFO	20260816_095324_00004_ecnfv.0.0.0-30-75	stderr	1474
2026-08-16T09:53:24.850Z	INFO	20260816_095324_00004_ecnfv.0.0.0-30-75	stderr	 admitted=
2026-08-16T09:53:24.850Z	INFO	20260816_095324_00004_ecnfv.0.0.0-30-75	stderr	false
2026-08-16T09:53:24.856Z	INFO	20260816_095324_00004_ecnfv.0.0.0-31-81	stderr	[composite-hash-mix] fields=
2026-08-16T09:53:24.857Z	INFO	20260816_095324_00004_ecnfv.0.0.0-31-81	stderr	2
2026-08-16T09:53:24.857Z	INFO	20260816_095324_00004_ecnfv.0.0.0-31-81	stderr	 rows=
2026-08-16T09:53:24.857Z	INFO	20260816_095324_00004_ecnfv.0.0.0-31-81	stderr	10000
2026-08-16T09:53:24.857Z	INFO	20260816_095324_00004_ecnfv.0.0.0-31-81	stderr	 raw=
2026-08-16T09:53:24.857Z	INFO	20260816_095324_00004_ecnfv.0.0.0-31-81	stderr	7628
2026-08-16T09:53:24.857Z	INFO	20260816_095324_00004_ecnfv.0.0.0-31-81	stderr	 mixed=
2026-08-16T09:53:24.857Z	INFO	20260816_095324_00004_ecnfv.0.0.0-31-81	stderr	6800
2026-08-16T09:53:24.857Z	INFO	20260816_095324_00004_ecnfv.0.0.0-31-81	stderr	 admitted=
2026-08-16T09:53:24.857Z	INFO	20260816_095324_00004_ecnfv.0.0.0-31-81	stderr	false
2026-08-16T09:53:24.858Z	INFO	20260816_095324_00004_ecnfv.0.0.0-32-78	stderr	[composite-hash-mix] fields=
2026-08-16T09:53:24.858Z	INFO	20260816_095324_00004_ecnfv.0.0.0-32-78	stderr	2
2026-08-16T09:53:24.858Z	INFO	20260816_095324_00004_ecnfv.0.0.0-32-78	stderr	 rows=
2026-08-16T09:53:24.858Z	INFO	20260816_095324_00004_ecnfv.0.0.0-32-78	stderr	10000
2026-08-16T09:53:24.858Z	INFO	20260816_095324_00004_ecnfv.0.0.0-32-78	stderr	 raw=
2026-08-16T09:53:24.858Z	INFO	20260816_095324_00004_ecnfv.0.0.0-32-78	stderr	7856
2026-08-16T09:53:24.858Z	INFO	20260816_095324_00004_ecnfv.0.0.0-32-78	stderr	 mixed=
2026-08-16T09:53:24.858Z	INFO	20260816_095324_00004_ecnfv.0.0.0-32-78	stderr	7232
2026-08-16T09:53:24.858Z	INFO	20260816_095324_00004_ecnfv.0.0.0-32-78	stderr	 admitted=
2026-08-16T09:53:24.858Z	INFO	20260816_095324_00004_ecnfv.0.0.0-32-78	stderr	false
2026-08-16T09:53:24.946Z	INFO	20260816_095324_00004_ecnfv.0.0.0-33-79	stderr	[composite-hash-mix] fields=
2026-08-16T09:53:24.946Z	INFO	20260816_095324_00004_ecnfv.0.0.0-33-79	stderr	2
2026-08-16T09:53:24.946Z	INFO	20260816_095324_00004_ecnfv.0.0.0-33-79	stderr	 rows=
2026-08-16T09:53:24.946Z	INFO	20260816_095324_00004_ecnfv.0.0.0-33-79	stderr	10000
2026-08-16T09:53:24.946Z	INFO	20260816_095324_00004_ecnfv.0.0.0-33-79	stderr	 raw=
2026-08-16T09:53:24.946Z	INFO	20260816_095324_00004_ecnfv.0.0.0-33-79	stderr	1100
2026-08-16T09:53:24.946Z	INFO	20260816_095324_00004_ecnfv.0.0.0-33-79	stderr	 mixed=
2026-08-16T09:53:24.946Z	INFO	20260816_095324_00004_ecnfv.0.0.0-33-79	stderr	1056
2026-08-16T09:53:24.946Z	INFO	20260816_095324_00004_ecnfv.0.0.0-33-79	stderr	 admitted=
2026-08-16T09:53:24.946Z	INFO	20260816_095324_00004_ecnfv.0.0.0-33-79	stderr	false
2026-08-16T09:53:24.950Z	INFO	20260816_095324_00004_ecnfv.0.0.0-34-78	stderr	[composite-hash-mix] fields=
2026-08-16T09:53:24.951Z	INFO	20260816_095324_00004_ecnfv.0.0.0-34-78	stderr	2
2026-08-16T09:53:24.951Z	INFO	20260816_095324_00004_ecnfv.0.0.0-34-78	stderr	 rows=
2026-08-16T09:53:24.951Z	INFO	20260816_095324_00004_ecnfv.0.0.0-34-78	stderr	10000
2026-08-16T09:53:24.951Z	INFO	20260816_095324_00004_ecnfv.0.0.0-34-78	stderr	 raw=
2026-08-16T09:53:24.951Z	INFO	20260816_095324_00004_ecnfv.0.0.0-34-78	stderr	1050
2026-08-16T09:53:24.951Z	INFO	20260816_095324_00004_ecnfv.0.0.0-34-78	stderr	 mixed=
2026-08-16T09:53:24.951Z	INFO	20260816_095324_00004_ecnfv.0.0.0-34-78	stderr	1072
2026-08-16T09:53:24.951Z	INFO	20260816_095324_00004_ecnfv.0.0.0-34-78	stderr	 admitted=
2026-08-16T09:53:24.953Z	INFO	20260816_095324_00004_ecnfv.0.0.0-34-78	stderr	false
2026-08-16T09:53:24.969Z	INFO	20260816_095324_00004_ecnfv.0.0.0-35-80	stderr	[composite-hash-mix] fields=
2026-08-16T09:53:24.969Z	INFO	20260816_095324_00004_ecnfv.0.0.0-35-80	stderr	2
2026-08-16T09:53:24.969Z	INFO	20260816_095324_00004_ecnfv.0.0.0-35-80	stderr	 rows=
2026-08-16T09:53:24.969Z	INFO	20260816_095324_00004_ecnfv.0.0.0-35-80	stderr	10000
2026-08-16T09:53:24.969Z	INFO	20260816_095324_00004_ecnfv.0.0.0-35-80	stderr	 raw=
2026-08-16T09:53:24.969Z	INFO	20260816_095324_00004_ecnfv.0.0.0-35-80	stderr	1688
2026-08-16T09:53:24.969Z	INFO	20260816_095324_00004_ecnfv.0.0.0-35-80	stderr	 mixed=
2026-08-16T09:53:24.969Z	INFO	20260816_095324_00004_ecnfv.0.0.0-35-80	stderr	1944
2026-08-16T09:53:24.969Z	INFO	20260816_095324_00004_ecnfv.0.0.0-35-80	stderr	 admitted=
2026-08-16T09:53:24.969Z	INFO	20260816_095324_00004_ecnfv.0.0.0-35-80	stderr	false
2026-08-16T09:53:24.972Z	INFO	20260816_095324_00004_ecnfv.0.0.0-36-83	stderr	[composite-hash-mix] fields=
2026-08-16T09:53:24.972Z	INFO	20260816_095324_00004_ecnfv.0.0.0-36-83	stderr	2
2026-08-16T09:53:24.972Z	INFO	20260816_095324_00004_ecnfv.0.0.0-36-83	stderr	 rows=
2026-08-16T09:53:24.972Z	INFO	20260816_095324_00004_ecnfv.0.0.0-36-83	stderr	10000
2026-08-16T09:53:24.972Z	INFO	20260816_095324_00004_ecnfv.0.0.0-36-83	stderr	 raw=
2026-08-16T09:53:24.972Z	INFO	20260816_095324_00004_ecnfv.0.0.0-36-83	stderr	2410
2026-08-16T09:53:24.976Z	INFO	20260816_095324_00004_ecnfv.0.0.0-36-83	stderr	 mixed=
2026-08-16T09:53:24.976Z	INFO	20260816_095324_00004_ecnfv.0.0.0-36-83	stderr	2494
2026-08-16T09:53:24.976Z	INFO	20260816_095324_00004_ecnfv.0.0.0-36-83	stderr	 admitted=
2026-08-16T09:53:24.976Z	INFO	20260816_095324_00004_ecnfv.0.0.0-36-83	stderr	false
2026-08-16T09:53:24.980Z	INFO	20260816_095324_00004_ecnfv.0.0.0-39-84	stderr	[composite-hash-mix] fields=
2026-08-16T09:53:24.980Z	INFO	20260816_095324_00004_ecnfv.0.0.0-39-84	stderr	2
2026-08-16T09:53:24.980Z	INFO	20260816_095324_00004_ecnfv.0.0.0-39-84	stderr	 rows=
2026-08-16T09:53:24.980Z	INFO	20260816_095324_00004_ecnfv.0.0.0-39-84	stderr	10000
2026-08-16T09:53:24.980Z	INFO	20260816_095324_00004_ecnfv.0.0.0-39-84	stderr	 raw=
2026-08-16T09:53:24.980Z	INFO	20260816_095324_00004_ecnfv.0.0.0-39-84	stderr	1066
2026-08-16T09:53:24.980Z	INFO	20260816_095324_00004_ecnfv.0.0.0-39-84	stderr	 mixed=
2026-08-16T09:53:24.980Z	INFO	20260816_095324_00004_ecnfv.0.0.0-39-84	stderr	1018
2026-08-16T09:53:24.980Z	INFO	20260816_095324_00004_ecnfv.0.0.0-39-84	stderr	 admitted=
2026-08-16T09:53:24.980Z	INFO	20260816_095324_00004_ecnfv.0.0.0-39-84	stderr	false
2026-08-16T09:53:24.981Z	INFO	20260816_095324_00004_ecnfv.0.0.0-38-77	stderr	[composite-hash-mix] fields=
2026-08-16T09:53:24.981Z	INFO	20260816_095324_00004_ecnfv.0.0.0-38-77	stderr	2
2026-08-16T09:53:24.981Z	INFO	20260816_095324_00004_ecnfv.0.0.0-38-77	stderr	 rows=
2026-08-16T09:53:24.981Z	INFO	20260816_095324_00004_ecnfv.0.0.0-38-77	stderr	10000
2026-08-16T09:53:24.981Z	INFO	20260816_095324_00004_ecnfv.0.0.0-38-77	stderr	 raw=
2026-08-16T09:53:24.981Z	INFO	20260816_095324_00004_ecnfv.0.0.0-38-77	stderr	1380
2026-08-16T09:53:24.981Z	INFO	20260816_095324_00004_ecnfv.0.0.0-38-77	stderr	 mixed=
2026-08-16T09:53:24.981Z	INFO	20260816_095324_00004_ecnfv.0.0.0-38-77	stderr	1436
2026-08-16T09:53:24.981Z	INFO	20260816_095324_00004_ecnfv.0.0.0-38-77	stderr	 admitted=
2026-08-16T09:53:24.981Z	INFO	20260816_095324_00004_ecnfv.0.0.0-38-77	stderr	false
2026-08-16T09:53:26.403Z	INFO	main	io.trino.tests.benchmark.BenchmarkRunner	Average for q13: 1869 ms (execution 1860 ms, CPU 7140 ms, peak memory 1.46GB)
2026-08-16T09:53:26.403Z	INFO	main	io.trino.tests.benchmark.BenchmarkRunner	Sum of averages for all queries: 1869 ms (execution 1860 ms)
2026-08-16T09:53:26.403Z	INFO	main	io.trino.tests.benchmark.BenchmarkRunner	Wrote per-query timings to /home/martin/src/nitro.opt/benchmarks/trino-integration/20260816-nitro-c-opportunities/clickbench-q13-adaptive-hash-diagnostic/clickbench/timings.csv
