[INFO] Processing build on daemon 9f58da3f
[INFO] Scanning for projects...
[INFO] Njord 0.9.4 session created
[INFO] BuildTimeEventSpy is registered.
[INFO] 
[INFO] Using the SmartBuilder implementation with a thread count of 7
[INFO] 
[INFO] -------------------------< org.weakref:nitro >--------------------------
[INFO] Building nitro 1-SNAPSHOT
[INFO]   from pom.xml
[INFO] --------------------------------[ jar ]---------------------------------
[WARNING] 2 problems were encountered while building the effective model for org.apache.yetus:audience-annotations:jar:0.5.0 during dependency collection step for project (use -X to see details)
[INFO] 
[INFO] --- exec:3.6.1:exec (benchmark) @ nitro ---
[WARNING] [stderr] WARNING: Using incubator modules: jdk.incubator.vector
[WARNING] [stderr] WARNING: A terminally deprecated method in sun.misc.Unsafe has been called
[WARNING] [stderr] WARNING: sun.misc.Unsafe::objectFieldOffset has been called by org.openjdk.jmh.util.Utils (file:/root/.m2/repository/org/openjdk/jmh/jmh-core/1.37/jmh-core-1.37.jar)
[WARNING] [stderr] WARNING: Please consider reporting this to the maintainers of class org.openjdk.jmh.util.Utils
[WARNING] [stderr] WARNING: sun.misc.Unsafe::objectFieldOffset will be removed in a future release
[INFO] [stdout] # JMH version: 1.37
[INFO] [stdout] # VM version: JDK 26.0.1, OpenJDK 64-Bit Server VM, 26.0.1+8
[INFO] [stdout] # VM invoker: /opt/java/openjdk/bin/java
[INFO] [stdout] # VM options: --enable-preview --add-modules=jdk.incubator.vector -Dnitro.clickbench.hits.path= -Xmx12g -XX:+UseTransparentHugePages -Dnitro.tpcds.parquet.path=/root/data/tpcds-parquet-sf10
[INFO] [stdout] # Blackhole mode: compiler (auto-detected, use -Djmh.blackhole.autoDetect=false to disable)
[INFO] [stdout] # Warmup: 3 iterations, 1 s each
[INFO] [stdout] # Measurement: 3 iterations, 1 s each
[INFO] [stdout] # Timeout: 30 min per iteration
[INFO] [stdout] # Threads: 1 thread, will synchronize iterations
[INFO] [stdout] # Benchmark mode: Average time, time/op
[INFO] [stdout] # Benchmark: org.weakref.nitro.tpcds.BenchmarkQueries.query64
[INFO] [stdout] 
[INFO] [stdout] # Run progress: 0.00% complete, ETA 00:00:06
[INFO] [stdout] # Fork: 1 of 1
[INFO] [stdout] # Preparing profilers: LinuxPerfNormProfiler 
[INFO] [stdout] # Profilers consume stderr from target VM, use -v EXTRA to copy to console
[INFO] [stdout] # Warmup Iteration   1: 3520.329 ms/op
[INFO] [stdout] # Warmup Iteration   2: 2092.340 ms/op
[INFO] [stdout] # Warmup Iteration   3: 2004.634 ms/op
[INFO] [stdout] Iteration   1: 2009.791 ms/op
[INFO] [stdout]                  gc.alloc.rate:      183.112 MB/sec
[INFO] [stdout]                  gc.alloc.rate.norm: 385918176.000 B/op
[INFO] [stdout]                  gc.count:           5.000 counts
[INFO] [stdout]                  gc.time:            14.000 ms
[INFO] [stdout] 
[INFO] [stdout] Iteration   2: 2042.635 ms/op
[INFO] [stdout]                  gc.alloc.rate:      181.102 MB/sec
[INFO] [stdout]                  gc.alloc.rate.norm: 387918144.000 B/op
[INFO] [stdout]                  gc.count:           3.000 counts
[INFO] [stdout]                  gc.time:            13.000 ms
[INFO] [stdout] 
[INFO] [stdout] Iteration   3: 2019.359 ms/op
[INFO] [stdout]                  gc.alloc.rate:      182.941 MB/sec
[INFO] [stdout]                  gc.alloc.rate.norm: 387392984.000 B/op
[INFO] [stdout]                  gc.count:           5.000 counts
[INFO] [stdout]                  gc.time:            12.000 ms
[INFO] [stdout] 
[INFO] [stdout] # Processing profiler results: LinuxPerfNormProfiler 
[INFO] [stdout] 
[INFO] [stdout] 
[INFO] [stdout] Result "org.weakref.nitro.tpcds.BenchmarkQueries.query64":
[INFO] [stdout]   2023.928 ±(99.9%) 308.172 ms/op [Average]
[INFO] [stdout]   (min, avg, max) = (2009.791, 2023.928, 2042.635), stdev = 16.892
[INFO] [stdout]   CI (99.9%): [1715.756, 2332.100] (assumes normal distribution)
[INFO] [stdout] 
[INFO] [stdout] Secondary result "org.weakref.nitro.tpcds.BenchmarkQueries.query64:CPI":
[INFO] [stdout]   0.325 clks/insn
[INFO] [stdout] 
[INFO] [stdout] Secondary result "org.weakref.nitro.tpcds.BenchmarkQueries.query64:IPC":
[INFO] [stdout]   3.076 insns/clk
[INFO] [stdout] 
[INFO] [stdout] Secondary result "org.weakref.nitro.tpcds.BenchmarkQueries.query64:L1-dcache-load-misses":
[INFO] [stdout]   457594299.092 #/op
[INFO] [stdout] 
[INFO] [stdout] Secondary result "org.weakref.nitro.tpcds.BenchmarkQueries.query64:L1-dcache-loads":
[INFO] [stdout]   17016028132.613 #/op
[INFO] [stdout] 
[INFO] [stdout] Secondary result "org.weakref.nitro.tpcds.BenchmarkQueries.query64:branch-misses":
[INFO] [stdout]   52398049.780 #/op
[INFO] [stdout] 
[INFO] [stdout] Secondary result "org.weakref.nitro.tpcds.BenchmarkQueries.query64:branches":
[INFO] [stdout]   7046815616.036 #/op
[INFO] [stdout] 
[INFO] [stdout] Secondary result "org.weakref.nitro.tpcds.BenchmarkQueries.query64:cycles":
[INFO] [stdout]   12136701993.632 #/op
[INFO] [stdout] 
[INFO] [stdout] Secondary result "org.weakref.nitro.tpcds.BenchmarkQueries.query64:dTLB-load-misses":
[INFO] [stdout]   615465.230 #/op
[INFO] [stdout] 
[INFO] [stdout] Secondary result "org.weakref.nitro.tpcds.BenchmarkQueries.query64:dTLB-loads":
[INFO] [stdout]   11937361.060 #/op
[INFO] [stdout] 
[INFO] [stdout] Secondary result "org.weakref.nitro.tpcds.BenchmarkQueries.query64:gc.alloc.rate":
[INFO] [stdout]   182.385 ±(99.9%) 20.327 MB/sec [Average]
[INFO] [stdout]   (min, avg, max) = (181.102, 182.385, 183.112), stdev = 1.114
[INFO] [stdout]   CI (99.9%): [162.058, 202.711] (assumes normal distribution)
[INFO] [stdout] 
[INFO] [stdout] Secondary result "org.weakref.nitro.tpcds.BenchmarkQueries.query64:gc.alloc.rate.norm":
[INFO] [stdout]   387076434.667 ±(99.9%) 18916555.347 B/op [Average]
[INFO] [stdout]   (min, avg, max) = (385918176.000, 387076434.667, 387918144.000), stdev = 1036880.230
[INFO] [stdout]   CI (99.9%): [368159879.320, 405992990.014] (assumes normal distribution)
[INFO] [stdout] 
[INFO] [stdout] Secondary result "org.weakref.nitro.tpcds.BenchmarkQueries.query64:gc.count":
[INFO] [stdout]   13.000 ±(99.9%) 0.001 counts [Sum]
[INFO] [stdout]   (min, avg, max) = (3.000, 4.333, 5.000), stdev = 1.155
[INFO] [stdout]   CI (99.9%): [13.000, 13.000] (assumes normal distribution)
[INFO] [stdout] 
[INFO] [stdout] Secondary result "org.weakref.nitro.tpcds.BenchmarkQueries.query64:gc.time":
[INFO] [stdout]   39.000 ±(99.9%) 0.001 ms [Sum]
[INFO] [stdout]   (min, avg, max) = (12.000, 13.000, 14.000), stdev = 1.000
[INFO] [stdout]   CI (99.9%): [39.000, 39.000] (assumes normal distribution)
[INFO] [stdout] 
[INFO] [stdout] Secondary result "org.weakref.nitro.tpcds.BenchmarkQueries.query64:instructions":
[INFO] [stdout]   37335064734.060 #/op
[INFO] [stdout] 
[INFO] [stdout] 
[INFO] [stdout] # Run complete. Total time: 00:00:13
[INFO] [stdout] 
[INFO] [stdout] REMEMBER: The numbers below are just data. To gain reusable insights, you need to follow up on
[INFO] [stdout] why the numbers are the way they are. Use profilers (see -prof, -lprof), design factorial
[INFO] [stdout] experiments, perform baseline and negative tests that provide experimental control, make sure
[INFO] [stdout] the benchmarking environment is safe on JVM/OS/HW level, ask for reviews from the domain experts.
[INFO] [stdout] Do not assume the numbers tell you what you want them to tell.
[INFO] [stdout] 
[INFO] [stdout] NOTE: Current JVM experimentally supports Compiler Blackholes, and they are in use. Please exercise
[INFO] [stdout] extra caution when trusting the results, look into the generated code to check the benchmark still
[INFO] [stdout] works, and factor in a small probability of new VM bugs. Additionally, while comparisons between
[INFO] [stdout] different JVMs are already problematic, the performance difference caused by different Blackhole
[INFO] [stdout] modes can be very significant. Please make sure you use the consistent Blackhole mode for comparisons.
[INFO] [stdout] 
[INFO] [stdout] Benchmark                                       Mode  Cnt            Score          Error      Units
[INFO] [stdout] BenchmarkQueries.query64                        avgt    3         2023.928 ±      308.172      ms/op
[INFO] [stdout] BenchmarkQueries.query64:CPI                    avgt                 0.325                 clks/insn
[INFO] [stdout] BenchmarkQueries.query64:IPC                    avgt                 3.076                 insns/clk
[INFO] [stdout] BenchmarkQueries.query64:L1-dcache-load-misses  avgt         457594299.092                      #/op
[INFO] [stdout] BenchmarkQueries.query64:L1-dcache-loads        avgt       17016028132.613                      #/op
[INFO] [stdout] BenchmarkQueries.query64:branch-misses          avgt          52398049.780                      #/op
[INFO] [stdout] BenchmarkQueries.query64:branches               avgt        7046815616.036                      #/op
[INFO] [stdout] BenchmarkQueries.query64:cycles                 avgt       12136701993.632                      #/op
[INFO] [stdout] BenchmarkQueries.query64:dTLB-load-misses       avgt            615465.230                      #/op
[INFO] [stdout] BenchmarkQueries.query64:dTLB-loads             avgt          11937361.060                      #/op
[INFO] [stdout] BenchmarkQueries.query64:gc.alloc.rate          avgt    3          182.385 ±       20.327     MB/sec
[INFO] [stdout] BenchmarkQueries.query64:gc.alloc.rate.norm     avgt    3    387076434.667 ± 18916555.347       B/op
[INFO] [stdout] BenchmarkQueries.query64:gc.count               avgt    3           13.000                    counts
[INFO] [stdout] BenchmarkQueries.query64:gc.time                avgt    3           39.000                        ms
[INFO] [stdout] BenchmarkQueries.query64:instructions           avgt       37335064734.060                      #/op
[INFO] [stdout] 
[INFO] [stdout] Benchmark result is saved to benchmarks/sweeps/20260722-targeted/tpch-q11-current/q64-default-screen-a.json
[INFO] ------------------------------------------------------------------------
[INFO] BUILD SUCCESS
[INFO] ------------------------------------------------------------------------
[INFO] Total time:  15.336 s (Wall Clock)
[INFO] Finished at: 2026-07-22T19:28:10Z
[INFO] ------------------------------------------------------------------------
[INFO] Njord session closed
