# JMH version: 1.37
# VM version: JDK 26.0.1, OpenJDK 64-Bit Server VM, 26.0.1+8
# VM invoker: /opt/java/openjdk/bin/java
# VM options: --enable-preview --add-modules=jdk.incubator.vector -Xmx12g -XX:+UseTransparentHugePages -Dnitro.tpcds.parquet.path=/root/data/tpcds-parquet-sf10 -Dnitro.tpcds.parquet.schema=sf10
# Blackhole mode: compiler (auto-detected, use -Djmh.blackhole.autoDetect=false to disable)
# Warmup: 2 iterations, 1 s each
# Measurement: 3 iterations, 1 s each
# Timeout: 30 min per iteration
# Threads: 1 thread, will synchronize iterations
# Benchmark mode: Average time, time/op
# Benchmark: org.weakref.nitro.tpcds.BenchmarkQueries.query67

# Run progress: 0.00% complete, ETA 00:00:15
# Fork: 1 of 3
# Preparing profilers: LinuxPerfNormProfiler 
# Profilers consume stderr from target VM, use -v EXTRA to copy to console
# Warmup Iteration   1: 7828.200 ms/op
# Warmup Iteration   2: 6827.983 ms/op
Iteration   1: 6914.568 ms/op
                 gc.alloc.rate:      873.949 MB/sec
                 gc.alloc.rate.norm: 6336663472.000 B/op
                 gc.count:           10.000 counts
                 gc.time:            199.000 ms

Iteration   2: 7229.930 ms/op
                 gc.alloc.rate:      835.438 MB/sec
                 gc.alloc.rate.norm: 6333696360.000 B/op
                 gc.count:           6.000 counts
                 gc.time:            299.000 ms

Iteration   3: 6925.148 ms/op
                 gc.alloc.rate:      872.160 MB/sec
                 gc.alloc.rate.norm: 6333361912.000 B/op
                 gc.count:           9.000 counts
                 gc.time:            293.000 ms

# Processing profiler results: LinuxPerfNormProfiler 

# Run progress: 33.33% complete, ETA 00:01:12
# Fork: 2 of 3
# Preparing profilers: LinuxPerfNormProfiler 
# Profilers consume stderr from target VM, use -v EXTRA to copy to console
# Warmup Iteration   1: 7338.351 ms/op
# Warmup Iteration   2: 6296.897 ms/op
Iteration   1: 6575.619 ms/op
                 gc.alloc.rate:      918.945 MB/sec
                 gc.alloc.rate.norm: 6336307576.000 B/op
                 gc.count:           10.000 counts
                 gc.time:            168.000 ms

Iteration   2: 6486.426 ms/op
                 gc.alloc.rate:      931.559 MB/sec
                 gc.alloc.rate.norm: 6336143424.000 B/op
                 gc.count:           6.000 counts
                 gc.time:            256.000 ms

Iteration   3: 6540.459 ms/op
                 gc.alloc.rate:      923.407 MB/sec
                 gc.alloc.rate.norm: 6333029696.000 B/op
                 gc.count:           9.000 counts
                 gc.time:            244.000 ms

# Processing profiler results: LinuxPerfNormProfiler 

# Run progress: 66.67% complete, ETA 00:00:34
# Fork: 3 of 3
# Preparing profilers: LinuxPerfNormProfiler 
# Profilers consume stderr from target VM, use -v EXTRA to copy to console
# Warmup Iteration   1: 7070.364 ms/op
# Warmup Iteration   2: 6099.550 ms/op
Iteration   1: 6287.612 ms/op
                 gc.alloc.rate:      961.090 MB/sec
                 gc.alloc.rate.norm: 6336641664.000 B/op
                 gc.count:           10.000 counts
                 gc.time:            160.000 ms

Iteration   2: 6369.281 ms/op
                 gc.alloc.rate:      948.303 MB/sec
                 gc.alloc.rate.norm: 6333548056.000 B/op
                 gc.count:           6.000 counts
                 gc.time:            262.000 ms

Iteration   3: 6412.335 ms/op
                 gc.alloc.rate:      941.899 MB/sec
                 gc.alloc.rate.norm: 6333309224.000 B/op
                 gc.count:           9.000 counts
                 gc.time:            282.000 ms

# Processing profiler results: LinuxPerfNormProfiler 


Result "org.weakref.nitro.tpcds.BenchmarkQueries.query67":
  6637.931 ±(99.9%) 528.607 ms/op [Average]
  (min, avg, max) = (6287.612, 6637.931, 7229.930), stdev = 314.566
  CI (99.9%): [6109.324, 7166.538] (assumes normal distribution)

Secondary result "org.weakref.nitro.tpcds.BenchmarkQueries.query67:CPI":
  0.279 ±(99.9%) 0.148 clks/insn [Average]
  (min, avg, max) = (0.269, 0.279, 0.284), stdev = 0.008
  CI (99.9%): [0.131, 0.426] (assumes normal distribution)

Secondary result "org.weakref.nitro.tpcds.BenchmarkQueries.query67:IPC":
  3.592 ±(99.9%) 1.938 insns/clk [Average]
  (min, avg, max) = (3.525, 3.592, 3.714), stdev = 0.106
  CI (99.9%): [1.653, 5.530] (assumes normal distribution)

Secondary result "org.weakref.nitro.tpcds.BenchmarkQueries.query67:L1-dcache-load-misses":
  1661247850.149 ±(99.9%) 335413372.449 #/op [Average]
  (min, avg, max) = (1650211990.614, 1661247850.149, 1682471533.000), stdev = 18385138.746
  CI (99.9%): [1325834477.699, 1996661222.598] (assumes normal distribution)

Secondary result "org.weakref.nitro.tpcds.BenchmarkQueries.query67:L1-dcache-loads":
  66159466781.196 ±(99.9%) 140161447019.562 #/op [Average]
  (min, avg, max) = (61104747637.648, 66159466781.196, 75000428814.020), stdev = 7682721864.762
  CI (99.9%): [≈ 0, 206320913800.758] (assumes normal distribution)

Secondary result "org.weakref.nitro.tpcds.BenchmarkQueries.query67:branch-misses":
  47472591.629 ±(99.9%) 7782493.965 #/op [Average]
  (min, avg, max) = (47110973.501, 47472591.629, 47943053.589), stdev = 426584.755
  CI (99.9%): [39690097.664, 55255085.593] (assumes normal distribution)

Secondary result "org.weakref.nitro.tpcds.BenchmarkQueries.query67:branches":
  26039276385.585 ±(99.9%) 26797294535.837 #/op [Average]
  (min, avg, max) = (24804366733.427, 26039276385.585, 27663592343.109), stdev = 1468850136.930
  CI (99.9%): [≈ 0, 52836570921.423] (assumes normal distribution)

Secondary result "org.weakref.nitro.tpcds.BenchmarkQueries.query67:cycles":
  40390263723.482 ±(99.9%) 31473623543.486 #/op [Average]
  (min, avg, max) = (38927578305.762, 40390263723.482, 42292778522.532), stdev = 1725175509.404
  CI (99.9%): [8916640179.996, 71863887266.968] (assumes normal distribution)

Secondary result "org.weakref.nitro.tpcds.BenchmarkQueries.query67:dTLB-load-misses":
  4007150.471 ±(99.9%) 8044772.844 #/op [Average]
  (min, avg, max) = (3609367.075, 4007150.471, 4481311.145), stdev = 440961.145
  CI (99.9%): [≈ 0, 12051923.315] (assumes normal distribution)

Secondary result "org.weakref.nitro.tpcds.BenchmarkQueries.query67:dTLB-loads":
  350304459.230 ±(99.9%) 274350694.614 #/op [Average]
  (min, avg, max) = (336488249.469, 350304459.230, 366321808.389), stdev = 15038087.327
  CI (99.9%): [75953764.615, 624655153.844] (assumes normal distribution)

Secondary result "org.weakref.nitro.tpcds.BenchmarkQueries.query67:gc.alloc.rate":
  911.861 ±(99.9%) 70.496 MB/sec [Average]
  (min, avg, max) = (835.438, 911.861, 961.090), stdev = 41.951
  CI (99.9%): [841.365, 982.357] (assumes normal distribution)

Secondary result "org.weakref.nitro.tpcds.BenchmarkQueries.query67:gc.alloc.rate.norm":
  6334744598.222 ±(99.9%) 2730647.316 B/op [Average]
  (min, avg, max) = (6333029696.000, 6334744598.222, 6336663472.000), stdev = 1624964.418
  CI (99.9%): [6332013950.906, 6337475245.538] (assumes normal distribution)

Secondary result "org.weakref.nitro.tpcds.BenchmarkQueries.query67:gc.count":
  75.000 ±(99.9%) 0.001 counts [Sum]
  (min, avg, max) = (6.000, 8.333, 10.000), stdev = 1.803
  CI (99.9%): [75.000, 75.000] (assumes normal distribution)

Secondary result "org.weakref.nitro.tpcds.BenchmarkQueries.query67:gc.time":
  2163.000 ±(99.9%) 0.001 ms [Sum]
  (min, avg, max) = (160.000, 240.333, 299.000), stdev = 52.529
  CI (99.9%): [2163.000, 2163.000] (assumes normal distribution)

Secondary result "org.weakref.nitro.tpcds.BenchmarkQueries.query67:instructions":
  145197764218.621 ±(99.9%) 191607310542.468 #/op [Average]
  (min, avg, max) = (137207218224.015, 145197764218.621, 157093600238.482), stdev = 10502643240.744
  CI (99.9%): [≈ 0, 336805074761.089] (assumes normal distribution)


# Run complete. Total time: 00:01:42

REMEMBER: The numbers below are just data. To gain reusable insights, you need to follow up on
why the numbers are the way they are. Use profilers (see -prof, -lprof), design factorial
experiments, perform baseline and negative tests that provide experimental control, make sure
the benchmarking environment is safe on JVM/OS/HW level, ask for reviews from the domain experts.
Do not assume the numbers tell you what you want them to tell.

NOTE: Current JVM experimentally supports Compiler Blackholes, and they are in use. Please exercise
extra caution when trusting the results, look into the generated code to check the benchmark still
works, and factor in a small probability of new VM bugs. Additionally, while comparisons between
different JVMs are already problematic, the performance difference caused by different Blackhole
modes can be very significant. Please make sure you use the consistent Blackhole mode for comparisons.

Benchmark                                       Mode  Cnt             Score              Error      Units
BenchmarkQueries.query67                        avgt    9          6637.931 ±          528.607      ms/op
BenchmarkQueries.query67:CPI                    avgt    3             0.279 ±            0.148  clks/insn
BenchmarkQueries.query67:IPC                    avgt    3             3.592 ±            1.938  insns/clk
BenchmarkQueries.query67:L1-dcache-load-misses  avgt    3    1661247850.149 ±    335413372.449       #/op
BenchmarkQueries.query67:L1-dcache-loads        avgt    3   66159466781.196 ± 140161447019.562       #/op
BenchmarkQueries.query67:branch-misses          avgt    3      47472591.629 ±      7782493.965       #/op
BenchmarkQueries.query67:branches               avgt    3   26039276385.585 ±  26797294535.837       #/op
BenchmarkQueries.query67:cycles                 avgt    3   40390263723.482 ±  31473623543.486       #/op
BenchmarkQueries.query67:dTLB-load-misses       avgt    3       4007150.471 ±      8044772.844       #/op
BenchmarkQueries.query67:dTLB-loads             avgt    3     350304459.230 ±    274350694.614       #/op
BenchmarkQueries.query67:gc.alloc.rate          avgt    9           911.861 ±           70.496     MB/sec
BenchmarkQueries.query67:gc.alloc.rate.norm     avgt    9    6334744598.222 ±      2730647.316       B/op
BenchmarkQueries.query67:gc.count               avgt    9            75.000                        counts
BenchmarkQueries.query67:gc.time                avgt    9          2163.000                            ms
BenchmarkQueries.query67:instructions           avgt    3  145197764218.621 ± 191607310542.468       #/op

Benchmark result is saved to benchmarks/sweeps/20260719-targeted/q67-null-extension/q67-default-publication-3fork.json
