# JMH version: 1.37
# VM version: JDK 26.0.1, OpenJDK 64-Bit Server VM, 26.0.1+8
# VM invoker: /opt/java/openjdk/bin/java
# VM options: --enable-preview --add-modules=jdk.incubator.vector -Xmx12g -XX:+UseTransparentHugePages -Dnitro.tpcds.parquet.path=/root/data/tpcds-parquet-sf10 -Dnitro.tpcds.parquet.schema=sf10 -Dnitro.flatGrouping.allNullBatchMetadata=true
# Blackhole mode: compiler (auto-detected, use -Djmh.blackhole.autoDetect=false to disable)
# Warmup: 3 iterations, 1 s each
# Measurement: 3 iterations, 1 s each
# Timeout: 30 min per iteration
# Threads: 1 thread, will synchronize iterations
# Benchmark mode: Average time, time/op
# Benchmark: org.weakref.nitro.tpcds.BenchmarkQueries.query67

# Run progress: 0.00% complete, ETA 00:00:06
# Fork: 1 of 1
# Preparing profilers: LinuxPerfNormProfiler 
# Profilers consume stderr from target VM, use -v EXTRA to copy to console
# Warmup Iteration   1: 7200.143 ms/op
# Warmup Iteration   2: 6243.761 ms/op
# Warmup Iteration   3: 6324.212 ms/op
Iteration   1: 6520.626 ms/op
Iteration   2: 7811.151 ms/op
Iteration   3: 6740.007 ms/op
# Processing profiler results: LinuxPerfNormProfiler 


Result "org.weakref.nitro.tpcds.BenchmarkQueries.query67":
  7023.928 ±(99.9%) 12597.706 ms/op [Average]
  (min, avg, max) = (6520.626, 7023.928, 7811.151), stdev = 690.523
  CI (99.9%): [≈ 0, 19621.634] (assumes normal distribution)

Secondary result "org.weakref.nitro.tpcds.BenchmarkQueries.query67:branch-misses":
  51034565.641 #/op

Secondary result "org.weakref.nitro.tpcds.BenchmarkQueries.query67:branches":
  25664502603.970 #/op

Secondary result "org.weakref.nitro.tpcds.BenchmarkQueries.query67:dTLB-load-misses":
  16691241.909 #/op

Secondary result "org.weakref.nitro.tpcds.BenchmarkQueries.query67:dTLB-loads":
  391067435.703 #/op


# Run complete. Total time: 00:00:41

REMEMBER: The numbers below are just data. To gain reusable insights, you need to follow up on
why the numbers are the way they are. Use profilers (see -prof, -lprof), design factorial
experiments, perform baseline and negative tests that provide experimental control, make sure
the benchmarking environment is safe on JVM/OS/HW level, ask for reviews from the domain experts.
Do not assume the numbers tell you what you want them to tell.

NOTE: Current JVM experimentally supports Compiler Blackholes, and they are in use. Please exercise
extra caution when trusting the results, look into the generated code to check the benchmark still
works, and factor in a small probability of new VM bugs. Additionally, while comparisons between
different JVMs are already problematic, the performance difference caused by different Blackhole
modes can be very significant. Please make sure you use the consistent Blackhole mode for comparisons.

Benchmark                                  Mode  Cnt            Score       Error  Units
BenchmarkQueries.query67                   avgt    3         7023.928 ± 12597.706  ms/op
BenchmarkQueries.query67:branch-misses     avgt          51034565.641               #/op
BenchmarkQueries.query67:branches          avgt       25664502603.970               #/op
BenchmarkQueries.query67:dTLB-load-misses  avgt          16691241.909               #/op
BenchmarkQueries.query67:dTLB-loads        avgt         391067435.703               #/op

Benchmark result is saved to benchmarks/sweeps/20260719-targeted/q67-null-extension/q67-all-null-metadata-on-memory-branch-counters.json
