# JMH version: 1.37
# VM version: JDK 26.0.1, OpenJDK 64-Bit Server VM, 26.0.1+8
# VM invoker: /opt/java/openjdk/bin/java
# VM options: --enable-preview --add-modules=jdk.incubator.vector -Xmx12g -XX:+UseTransparentHugePages -Dnitro.tpcds.parquet.path=/root/data/tpcds-parquet-sf10 -Dnitro.tpcds.parquet.schema=sf10 -Dnitro.flatGrouping.allNullBatchMetadata=true
# Blackhole mode: compiler (auto-detected, use -Djmh.blackhole.autoDetect=false to disable)
# Warmup: 3 iterations, 1 s each
# Measurement: 3 iterations, 1 s each
# Timeout: 30 min per iteration
# Threads: 1 thread, will synchronize iterations
# Benchmark mode: Average time, time/op
# Benchmark: org.weakref.nitro.tpcds.BenchmarkQueries.query67

# Run progress: 0.00% complete, ETA 00:00:06
# Fork: 1 of 1
# Preparing profilers: LinuxPerfNormProfiler 
# Profilers consume stderr from target VM, use -v EXTRA to copy to console
# Warmup Iteration   1: 7833.969 ms/op
# Warmup Iteration   2: 6846.100 ms/op
# Warmup Iteration   3: 6931.452 ms/op
Iteration   1: 7196.593 ms/op
Iteration   2: 6905.651 ms/op
Iteration   3: 6809.958 ms/op
# Processing profiler results: LinuxPerfNormProfiler 


Result "org.weakref.nitro.tpcds.BenchmarkQueries.query67":
  6970.734 ±(99.9%) 3673.678 ms/op [Average]
  (min, avg, max) = (6809.958, 6970.734, 7196.593), stdev = 201.367
  CI (99.9%): [3297.056, 10644.412] (assumes normal distribution)

Secondary result "org.weakref.nitro.tpcds.BenchmarkQueries.query67:CPI":
  0.268 clks/insn

Secondary result "org.weakref.nitro.tpcds.BenchmarkQueries.query67:IPC":
  3.733 insns/clk

Secondary result "org.weakref.nitro.tpcds.BenchmarkQueries.query67:L1-dcache-load-misses":
  1587955472.657 #/op

Secondary result "org.weakref.nitro.tpcds.BenchmarkQueries.query67:L1-dcache-loads":
  72502503283.715 #/op

Secondary result "org.weakref.nitro.tpcds.BenchmarkQueries.query67:cycles":
  41376107320.087 #/op

Secondary result "org.weakref.nitro.tpcds.BenchmarkQueries.query67:instructions":
  154449715008.209 #/op


# Run complete. Total time: 00:00:42

REMEMBER: The numbers below are just data. To gain reusable insights, you need to follow up on
why the numbers are the way they are. Use profilers (see -prof, -lprof), design factorial
experiments, perform baseline and negative tests that provide experimental control, make sure
the benchmarking environment is safe on JVM/OS/HW level, ask for reviews from the domain experts.
Do not assume the numbers tell you what you want them to tell.

NOTE: Current JVM experimentally supports Compiler Blackholes, and they are in use. Please exercise
extra caution when trusting the results, look into the generated code to check the benchmark still
works, and factor in a small probability of new VM bugs. Additionally, while comparisons between
different JVMs are already problematic, the performance difference caused by different Blackhole
modes can be very significant. Please make sure you use the consistent Blackhole mode for comparisons.

Benchmark                                       Mode  Cnt             Score      Error      Units
BenchmarkQueries.query67                        avgt    3          6970.734 ± 3673.678      ms/op
BenchmarkQueries.query67:CPI                    avgt                  0.268             clks/insn
BenchmarkQueries.query67:IPC                    avgt                  3.733             insns/clk
BenchmarkQueries.query67:L1-dcache-load-misses  avgt         1587955472.657                  #/op
BenchmarkQueries.query67:L1-dcache-loads        avgt        72502503283.715                  #/op
BenchmarkQueries.query67:cycles                 avgt        41376107320.087                  #/op
BenchmarkQueries.query67:instructions           avgt       154449715008.209                  #/op

Benchmark result is saved to benchmarks/sweeps/20260719-targeted/q67-null-extension/q67-all-null-metadata-on-core-counters.json
