[INFO] Enabling strict checksum verification on all artifact downloads.
[INFO] Processing build on daemon 4116539a
[INFO] Scanning for projects...
[INFO] Loaded 0 groupId for remote repository maven-central
[INFO] Loaded 0 groupId for remote repository google-maven-central-copy
[INFO] Njord 0.9.9 session created
[INFO] BuildTimeEventSpy is registered.
[INFO] 
[INFO] Using the SmartBuilder implementation with a thread count of 5
[INFO] 
[INFO] ------------------------< io.trino:trino-tests >------------------------
[INFO] Building trino-tests 484-SNAPSHOT
[INFO]   from pom.xml
[INFO] --------------------------------[ jar ]---------------------------------
[INFO] Loaded 0 groupId for remote repository ossrh
[INFO] Loaded 0 groupId for remote repository repo.gradle.org
[INFO] Loaded 0 groupId for remote repository central.maven.org
[INFO] 
[INFO] --- enforcer:3.6.3:enforce (default) @ trino-tests ---
[INFO] Rule 0: org.apache.maven.enforcer.rules.dependency.BannedDependencies passed
[INFO] Rule 1: org.apache.maven.plugins.enforcer.RestrictImports passed
[INFO] Rule 2: org.apache.maven.plugins.enforcer.RestrictImports passed
[INFO] Rule 3: org.apache.maven.plugins.enforcer.RestrictImports passed
[INFO] Rule 4: org.apache.maven.plugins.enforcer.RestrictImports passed
[INFO] Rule 5: org.apache.maven.enforcer.rules.RequireProfileIdsExist passed
[INFO] Rule 6: org.codehaus.mojo.extraenforcer.model.RequirePropertyDiverges passed
[INFO] Rule 7: org.apache.maven.enforcer.rules.property.RequireProperty passed
[INFO] Rule 8: org.apache.maven.enforcer.rules.RequireJavaVendor passed
[INFO] Rule 9: org.apache.maven.enforcer.rules.BanDuplicatePomDependencyVersions passed
[INFO] Rule 10: org.apache.maven.enforcer.rules.dependency.RequireUpperBoundDeps passed
[INFO] Rule 11: org.apache.maven.enforcer.rules.version.RequireMavenVersion passed
[INFO] Rule 12: org.apache.maven.enforcer.rules.version.RequireJavaVersion passed
[INFO] Rule 13: org.codehaus.mojo.extraenforcer.dependencies.EnforceBytecodeVersion passed
[INFO] Rule 14: org.apache.maven.enforcer.rules.RequirePluginVersions passed
[INFO] 
[INFO] --- sortpom:4.0.0:verify (default) @ trino-tests ---
[INFO] Verifying file /root/notes/trino.nitro/testing/trino-tests/pom.xml
[INFO] 
[INFO] --- license:5.0.0:check (default) @ trino-tests ---
[INFO] Checking licenses...
[INFO] 
[INFO] --- airstyle:9:check (airstyle) @ trino-tests ---
[INFO] All 145 files are already formatted
[INFO] 
[INFO] --- checkstyle:3.6.0:check (checkstyle) @ trino-tests ---
[INFO] You have 0 Checkstyle violations.
[INFO] 
[INFO] --- git-commit-id:10.0.0:revision (default) @ trino-tests ---
[INFO] 
[INFO] --- build-helper:3.6.1:bsh-property (surefire-enable-preview) @ trino-tests ---
[INFO] 
[INFO] --- jacoco:0.8.15:prepare-agent (default) @ trino-tests ---
[INFO] Skipping JaCoCo execution because property jacoco.skip is set.
[INFO] 
[INFO] --- resources:3.5.0:resources (default-resources) @ trino-tests ---
[INFO] skip non existing resourceDirectory /root/notes/trino.nitro/testing/trino-tests/src/main/resources
[INFO] 
[INFO] --- compiler:3.15.0:compile (default-compile) @ trino-tests ---
[INFO] Nothing to compile - all classes are up to date.
[INFO] 
[INFO] --- resources:3.5.0:testResources (default-testResources) @ trino-tests ---
[INFO] Copying 267 resources from src/test/resources to target/test-classes
[INFO] 
[INFO] --- compiler:3.15.0:testCompile (default-testCompile) @ trino-tests ---
[INFO] Recompiling the module because of changed source code.
[INFO] Compiling 144 source files with javac [debug deprecation parameters release 26] to target/test-classes
[WARNING] /root/notes/trino.nitro/testing/trino-tests/src/test/java/io/trino/execution/AbstractTestCoordinatorDynamicFiltering.java:[591,44] createPageSource(io.trino.spi.connector.ConnectorTransactionHandle,io.trino.spi.connector.ConnectorSession,io.trino.spi.connector.ConnectorSplit,io.trino.spi.connector.ConnectorTableHandle,java.util.Optional<io.trino.spi.connector.ConnectorTableCredentials>,java.util.List<io.trino.spi.connector.ColumnHandle>,io.trino.spi.connector.DynamicFilter) in io.trino.spi.connector.ConnectorPageSourceProvider has been deprecated
[WARNING] /root/notes/trino.nitro/testing/trino-tests/src/test/java/io/trino/execution/TestBeginQuery.java:[201,44] createPageSource(io.trino.spi.connector.ConnectorTransactionHandle,io.trino.spi.connector.ConnectorSession,io.trino.spi.connector.ConnectorSplit,io.trino.spi.connector.ConnectorTableHandle,java.util.Optional<io.trino.spi.connector.ConnectorTableCredentials>,java.util.List<io.trino.spi.connector.ColumnHandle>,io.trino.spi.connector.DynamicFilter) in io.trino.spi.connector.ConnectorPageSourceProvider has been deprecated
[WARNING] /root/notes/trino.nitro/testing/trino-tests/src/test/java/io/trino/execution/TestErrorThrowableInQuery.java:[118,17] nonTrinoExceptionFailure() in io.trino.sql.query.QueryAssertions.QueryAssert has been deprecated
[INFO] 
[INFO] --- dependency:3.11.0:analyze-only (default) @ trino-tests ---
[INFO] No dependency problems found
[INFO] 
[INFO] --- dependency:3.11.0:analyze-duplicate (default) @ trino-tests ---
[INFO] No duplicate dependencies found in <dependencies/> or in <dependencyManagement/>
[INFO] 
[INFO] --- duplicate-finder:2.0.1:check (default) @ trino-tests ---
[INFO] Checking compile classpath
[INFO] Checking runtime classpath
[INFO] Checking test classpath
[INFO] 
[INFO] --- modernizer:3.4.0:modernizer (modernizer) @ trino-tests ---
[INFO] 
[INFO] --- modernizer:3.4.0:modernizer (modernizer-production-code) @ trino-tests ---
[INFO] 
[INFO] --- surefire:3.5.6:test (default-test) @ trino-tests ---
[INFO] Tests will run in random order. To reproduce ordering use flag -Dsurefire.runOrder.random.seed=5186796218590583
[INFO] Using auto detected provider org.apache.maven.surefire.junitplatform.JUnitPlatformProvider
[WARNING] The system property trino.test.nitro-benchmark-heap-profile is configured twice! The property appears in <argLine/> and any of <systemPropertyVariables/>, <systemProperties/> or user property.
[WARNING] The system property trino.test.nitro-task-concurrency is configured twice! The property appears in <argLine/> and any of <systemPropertyVariables/>, <systemProperties/> or user property.
[INFO] 
[INFO] -------------------------------------------------------
[INFO]  T E S T S
[INFO] -------------------------------------------------------
[WARNING] [stderr] WARNING: Using incubator modules: jdk.incubator.vector
[WARNING] [stderr] 2026-08-15T19:31:56.111-0600	INFO	ForkJoinPool-1-worker-1	io.airlift.log.Logging	Logging to stderr
[INFO] Running io.trino.tests.nitro.TestNitroTpcdsParquetPerformance
[WARNING] [stderr] 2026-08-15T19:31:56.190-0600	INFO	ForkJoinPool-1-worker-1	stdout	benchmark_environment,max_heap_bytes,12884901888
[WARNING] [stderr] 2026-08-15T19:31:56.191-0600	INFO	ForkJoinPool-1-worker-1	stdout	benchmark_environment,query_max_memory,9GB
[WARNING] [stderr] 2026-08-15T19:31:56.191-0600	INFO	ForkJoinPool-1-worker-1	stdout	benchmark_environment,query_max_memory_per_node,9GB
[WARNING] [stderr] 2026-08-15T19:31:56.191-0600	INFO	ForkJoinPool-1-worker-1	stdout	benchmark_environment,heap_headroom_per_node,20%
[WARNING] [stderr] 2026-08-15T19:31:56.191-0600	INFO	ForkJoinPool-1-worker-1	stdout	benchmark_environment,task_concurrency,4
[WARNING] [stderr] 2026-08-15T19:31:57.007-0600	INFO	ForkJoinPool-1-worker-1	io.trino.simd.BlockEncodingSimdSupport	Detected SIMD Support for architecture=amd64, vectorBitWidth=512: SimdSupport[capabilities=[COMPRESS_BYTE, EXPAND_BYTE, COMPRESS_SHORT, EXPAND_SHORT, COMPRESS_INT, EXPAND_INT, COMPRESS_LONG, EXPAND_LONG]]
[WARNING] [stderr] WARNING: A restricted method in java.lang.System has been called
[WARNING] [stderr] WARNING: java.lang.System::loadLibrary has been called by com.aayushatharva.brotli4j.Brotli4jLoader in an unnamed module (file:/root/.m2/repository/com/aayushatharva/brotli4j/brotli4j/1.23.0/brotli4j-1.23.0.jar)
[WARNING] [stderr] WARNING: Use --enable-native-access=ALL-UNNAMED to avoid a warning for callers in this module
[WARNING] [stderr] WARNING: Restricted methods will be blocked in a future release unless native access is enabled
[WARNING] [stderr] 
[WARNING] [stderr] 2026-08-15T19:31:58.361-0600	INFO	ForkJoinPool-1-worker-1	io.trino.testing.DistributedQueryRunner	Created DistributedQueryRunner in 1.92s (unclosed instances = 1)
[WARNING] [stderr] 2026-08-15T19:31:58.851-0600	INFO	ForkJoinPool-1-worker-1	stdout	engine,suite,query,measurements,min_ms,p50_ms,p95_ms,mean_ms,cpu_p50_ms,cpu_mean_ms,native_sources
[WARNING] [stderr] 2026-08-15T19:32:08.620-0600	INFO	Notification Thread	io.airlift.stats.JmxGcMonitor	Major GC: application 0.00s, stopped 311.00ms: 12.19GB -> 6.54GB
[WARNING] [stderr] 2026-08-15T19:32:08.620-0600	INFO	Notification Thread	io.airlift.stats.JmxGcMonitor	Major GC: application 0.00s, stopped 311.00ms: 12.19GB -> 6.54GB
[WARNING] [stderr] 2026-08-15T19:32:11.219-0600	INFO	Notification Thread	io.airlift.stats.JmxGcMonitor	Major GC: application 2.33s, stopped 311.00ms: 12.12GB -> 7.34GB
[WARNING] [stderr] 2026-08-15T19:32:11.219-0600	INFO	Notification Thread	io.airlift.stats.JmxGcMonitor	Major GC: application 2.33s, stopped 311.00ms: 12.12GB -> 7.34GB
[WARNING] [stderr] 2026-08-15T19:32:13.692-0600	INFO	Notification Thread	io.airlift.stats.JmxGcMonitor	Major GC: application 2.16s, stopped 313.00ms: 12.08GB -> 7.97GB
[WARNING] [stderr] 2026-08-15T19:32:13.692-0600	INFO	Notification Thread	io.airlift.stats.JmxGcMonitor	Major GC: application 2.16s, stopped 313.00ms: 12.08GB -> 7.97GB
[WARNING] [stderr] 2026-08-15T19:32:15.649-0600	INFO	Notification Thread	io.airlift.stats.JmxGcMonitor	Major GC: application 1.67s, stopped 288.00ms: 12.05GB -> 8.74GB
[WARNING] [stderr] 2026-08-15T19:32:15.650-0600	INFO	Notification Thread	io.airlift.stats.JmxGcMonitor	Major GC: application 1.67s, stopped 288.00ms: 12.05GB -> 8.74GB
[WARNING] [stderr] 2026-08-15T19:32:17.520-0600	INFO	Notification Thread	io.airlift.stats.JmxGcMonitor	Major GC: application 1.51s, stopped 360.00ms: 11.99GB -> 9.13GB
[WARNING] [stderr] 2026-08-15T19:32:17.521-0600	INFO	Notification Thread	io.airlift.stats.JmxGcMonitor	Major GC: application 1.51s, stopped 360.00ms: 11.99GB -> 9.13GB
[WARNING] [stderr] 2026-08-15T19:32:19.159-0600	INFO	Notification Thread	io.airlift.stats.JmxGcMonitor	Major GC: application 1.28s, stopped 355.00ms: 11.99GB -> 9.29GB
[WARNING] [stderr] 2026-08-15T19:32:19.159-0600	INFO	Notification Thread	io.airlift.stats.JmxGcMonitor	Major GC: application 1.28s, stopped 355.00ms: 11.99GB -> 9.29GB
[WARNING] [stderr] 2026-08-15T19:32:20.722-0600	INFO	Notification Thread	io.airlift.stats.JmxGcMonitor	Major GC: application 1.26s, stopped 306.00ms: 12.01GB -> 9.53GB
[WARNING] [stderr] 2026-08-15T19:32:20.723-0600	INFO	Notification Thread	io.airlift.stats.JmxGcMonitor	Major GC: application 1.26s, stopped 306.00ms: 12.01GB -> 9.53GB
[WARNING] [stderr] 2026-08-15T19:32:22.075-0600	INFO	Notification Thread	io.airlift.stats.JmxGcMonitor	Major GC: application 1.04s, stopped 310.00ms: 11.99GB -> 9.65GB
[WARNING] [stderr] 2026-08-15T19:32:22.075-0600	INFO	Notification Thread	io.airlift.stats.JmxGcMonitor	Major GC: application 1.04s, stopped 310.00ms: 11.99GB -> 9.65GB
[WARNING] [stderr] 2026-08-15T19:32:23.591-0600	INFO	Notification Thread	io.airlift.stats.JmxGcMonitor	Major GC: application 1.19s, stopped 301.00ms: 12.01GB -> 9.78GB
[WARNING] [stderr] 2026-08-15T19:32:23.591-0600	INFO	Notification Thread	io.airlift.stats.JmxGcMonitor	Major GC: application 1.19s, stopped 301.00ms: 12.01GB -> 9.78GB
[WARNING] [stderr] 2026-08-15T19:32:24.981-0600	INFO	Notification Thread	io.airlift.stats.JmxGcMonitor	Major GC: application 1.08s, stopped 326.00ms: 11.98GB -> 10.07GB
[WARNING] [stderr] 2026-08-15T19:32:24.981-0600	INFO	Notification Thread	io.airlift.stats.JmxGcMonitor	Major GC: application 1.08s, stopped 326.00ms: 11.98GB -> 10.07GB
[WARNING] [stderr] 2026-08-15T19:32:26.152-0600	INFO	Notification Thread	io.airlift.stats.JmxGcMonitor	Major GC: application 873.00ms, stopped 294.00ms: 11.94GB -> 9.97GB
[WARNING] [stderr] 2026-08-15T19:32:26.153-0600	INFO	Notification Thread	io.airlift.stats.JmxGcMonitor	Major GC: application 873.00ms, stopped 294.00ms: 11.94GB -> 9.97GB
[WARNING] [stderr] 2026-08-15T19:32:27.530-0600	INFO	Notification Thread	io.airlift.stats.JmxGcMonitor	Major GC: application 1.04s, stopped 336.00ms: 12.05GB -> 9.97GB
[WARNING] [stderr] 2026-08-15T19:32:27.530-0600	INFO	Notification Thread	io.airlift.stats.JmxGcMonitor	Major GC: application 1.04s, stopped 336.00ms: 12.05GB -> 9.97GB
[WARNING] [stderr] 2026-08-15T19:32:28.632-0600	INFO	Notification Thread	io.airlift.stats.JmxGcMonitor	Major GC: application 785.00ms, stopped 325.00ms: 11.97GB -> 10.17GB
[WARNING] [stderr] 2026-08-15T19:32:28.632-0600	INFO	Notification Thread	io.airlift.stats.JmxGcMonitor	Major GC: application 785.00ms, stopped 325.00ms: 11.97GB -> 10.17GB
[WARNING] [stderr] 2026-08-15T19:32:30.028-0600	INFO	Notification Thread	io.airlift.stats.JmxGcMonitor	Major GC: application 1.04s, stopped 351.00ms: 12.03GB -> 9.93GB
[WARNING] [stderr] 2026-08-15T19:32:30.028-0600	INFO	Notification Thread	io.airlift.stats.JmxGcMonitor	Major GC: application 1.04s, stopped 351.00ms: 12.03GB -> 9.93GB
[WARNING] [stderr] 2026-08-15T19:32:31.202-0600	INFO	Notification Thread	io.airlift.stats.JmxGcMonitor	Major GC: application 839.00ms, stopped 326.00ms: 11.96GB -> 10.42GB
[WARNING] [stderr] 2026-08-15T19:32:31.203-0600	INFO	Notification Thread	io.airlift.stats.JmxGcMonitor	Major GC: application 839.00ms, stopped 326.00ms: 11.96GB -> 10.42GB
[WARNING] [stderr] 2026-08-15T19:32:32.048-0600	INFO	Notification Thread	io.airlift.stats.JmxGcMonitor	Major GC: application 559.00ms, stopped 292.00ms: 11.95GB -> 10.47GB
[WARNING] [stderr] 2026-08-15T19:32:32.048-0600	INFO	Notification Thread	io.airlift.stats.JmxGcMonitor	Major GC: application 559.00ms, stopped 292.00ms: 11.95GB -> 10.47GB
[WARNING] [stderr] 2026-08-15T19:32:32.800-0600	INFO	Notification Thread	io.airlift.stats.JmxGcMonitor	Major GC: application 495.00ms, stopped 262.00ms: 11.91GB -> 10.43GB
[WARNING] [stderr] 2026-08-15T19:32:32.800-0600	INFO	Notification Thread	io.airlift.stats.JmxGcMonitor	Major GC: application 495.00ms, stopped 262.00ms: 11.91GB -> 10.43GB
[WARNING] [stderr] 2026-08-15T19:32:33.571-0600	INFO	Notification Thread	io.airlift.stats.JmxGcMonitor	Major GC: application 452.00ms, stopped 318.00ms: 11.93GB -> 10.44GB
[WARNING] [stderr] 2026-08-15T19:32:33.571-0600	INFO	Notification Thread	io.airlift.stats.JmxGcMonitor	Major GC: application 452.00ms, stopped 318.00ms: 11.93GB -> 10.44GB
[WARNING] [stderr] 2026-08-15T19:32:34.377-0600	INFO	Notification Thread	io.airlift.stats.JmxGcMonitor	Major GC: application 506.00ms, stopped 301.00ms: 11.97GB -> 10.66GB
[WARNING] [stderr] 2026-08-15T19:32:34.377-0600	INFO	Notification Thread	io.airlift.stats.JmxGcMonitor	Major GC: application 506.00ms, stopped 301.00ms: 11.97GB -> 10.66GB
[WARNING] [stderr] 2026-08-15T19:32:34.973-0600	WARN	Notification Thread	io.airlift.stats.JmxGcMonitor	Major GC: application 362.00ms, stopped 234.00ms: 11.95GB -> 10.95GB (only recovered 8.3% of heap memory)
[WARNING] [stderr] 2026-08-15T19:32:34.976-0600	WARN	Notification Thread	io.airlift.stats.JmxGcMonitor	Major GC: application 362.00ms, stopped 234.00ms: 11.95GB -> 10.95GB (only recovered 8.3% of heap memory)
[WARNING] [stderr] 2026-08-15T19:32:35.482-0600	WARN	Notification Thread	io.airlift.stats.JmxGcMonitor	Major GC: application 270.00ms, stopped 240.00ms: 11.99GB -> 11.05GB (only recovered 7.8% of heap memory)
[WARNING] [stderr] 2026-08-15T19:32:35.482-0600	WARN	Notification Thread	io.airlift.stats.JmxGcMonitor	Major GC: application 270.00ms, stopped 240.00ms: 11.99GB -> 11.05GB (only recovered 7.8% of heap memory)
[WARNING] [stderr] 2026-08-15T19:32:35.829-0600	WARN	Notification Thread	io.airlift.stats.JmxGcMonitor	Major GC: application 153.00ms, stopped 193.00ms: 11.96GB -> 11.10GB (only recovered 7.2% of heap memory)
[WARNING] [stderr] 2026-08-15T19:32:35.831-0600	WARN	Notification Thread	io.airlift.stats.JmxGcMonitor	Major GC: application 153.00ms, stopped 193.00ms: 11.96GB -> 11.10GB (only recovered 7.2% of heap memory)
[WARNING] [stderr] 2026-08-15T19:32:36.190-0600	WARN	Notification Thread	io.airlift.stats.JmxGcMonitor	Major GC: application 180.00ms, stopped 181.00ms: 12.00GB -> 11.22GB (only recovered 6.6% of heap memory)
[WARNING] [stderr] 2026-08-15T19:32:36.190-0600	WARN	Notification Thread	io.airlift.stats.JmxGcMonitor	Major GC: application 180.00ms, stopped 181.00ms: 12.00GB -> 11.22GB (only recovered 6.6% of heap memory)
[WARNING] [stderr] 2026-08-15T19:32:36.525-0600	WARN	Notification Thread	io.airlift.stats.JmxGcMonitor	Major GC: application 144.00ms, stopped 192.00ms: 11.98GB -> 11.37GB (only recovered 5.1% of heap memory)
[WARNING] [stderr] 2026-08-15T19:32:36.525-0600	WARN	Notification Thread	io.airlift.stats.JmxGcMonitor	Major GC: application 144.00ms, stopped 192.00ms: 11.98GB -> 11.37GB (only recovered 5.1% of heap memory)
[WARNING] [stderr] 2026-08-15T19:32:36.804-0600	WARN	Notification Thread	io.airlift.stats.JmxGcMonitor	Major GC: application 94.00ms, stopped 183.00ms: 11.95GB -> 11.43GB (only recovered 4.3% of heap memory)
[WARNING] [stderr] 2026-08-15T19:32:36.804-0600	WARN	Notification Thread	io.airlift.stats.JmxGcMonitor	Major GC: application 94.00ms, stopped 183.00ms: 11.95GB -> 11.43GB (only recovered 4.3% of heap memory)
[WARNING] [stderr] 2026-08-15T19:32:37.007-0600	WARN	Notification Thread	io.airlift.stats.JmxGcMonitor	Major GC: application 67.00ms, stopped 135.00ms: 12.00GB -> 11.43GB (only recovered 4.7% of heap memory)
[WARNING] [stderr] 2026-08-15T19:32:37.007-0600	WARN	Notification Thread	io.airlift.stats.JmxGcMonitor	Major GC: application 67.00ms, stopped 135.00ms: 12.00GB -> 11.43GB (only recovered 4.7% of heap memory)
[WARNING] [stderr] 2026-08-15T19:32:37.276-0600	WARN	Notification Thread	io.airlift.stats.JmxGcMonitor	Major GC: application 84.00ms, stopped 187.00ms: 11.96GB -> 11.36GB (only recovered 5.1% of heap memory)
[WARNING] [stderr] 2026-08-15T19:32:37.277-0600	WARN	Notification Thread	io.airlift.stats.JmxGcMonitor	Major GC: application 84.00ms, stopped 187.00ms: 11.96GB -> 11.36GB (only recovered 5.1% of heap memory)
[WARNING] [stderr] 2026-08-15T19:32:37.546-0600	WARN	Notification Thread	io.airlift.stats.JmxGcMonitor	Major GC: application 99.00ms, stopped 172.00ms: 11.99GB -> 11.47GB (only recovered 4.4% of heap memory)
[WARNING] [stderr] 2026-08-15T19:32:37.569-0600	WARN	Notification Thread	io.airlift.stats.JmxGcMonitor	Major GC: application 99.00ms, stopped 172.00ms: 11.99GB -> 11.47GB (only recovered 4.4% of heap memory)
[WARNING] [stderr] 2026-08-15T19:32:37.800-0600	WARN	Notification Thread	io.airlift.stats.JmxGcMonitor	Major GC: application 78.00ms, stopped 167.00ms: 11.97GB -> 11.40GB (only recovered 4.7% of heap memory)
[WARNING] [stderr] 2026-08-15T19:32:37.800-0600	WARN	Notification Thread	io.airlift.stats.JmxGcMonitor	Major GC: application 78.00ms, stopped 167.00ms: 11.97GB -> 11.40GB (only recovered 4.7% of heap memory)
[WARNING] [stderr] 2026-08-15T19:32:38.043-0600	WARN	Notification Thread	io.airlift.stats.JmxGcMonitor	Major GC: application 70.00ms, stopped 182.00ms: 11.97GB -> 11.35GB (only recovered 5.2% of heap memory)
[WARNING] [stderr] 2026-08-15T19:32:38.047-0600	WARN	Notification Thread	io.airlift.stats.JmxGcMonitor	Major GC: application 70.00ms, stopped 182.00ms: 11.97GB -> 11.35GB (only recovered 5.2% of heap memory)
[WARNING] [stderr] 2026-08-15T19:32:38.268-0600	WARN	Notification Thread	io.airlift.stats.JmxGcMonitor	Major GC: application 63.00ms, stopped 148.00ms: 11.97GB -> 11.39GB (only recovered 4.8% of heap memory)
[WARNING] [stderr] 2026-08-15T19:32:38.268-0600	WARN	Notification Thread	io.airlift.stats.JmxGcMonitor	Major GC: application 63.00ms, stopped 148.00ms: 11.97GB -> 11.39GB (only recovered 4.8% of heap memory)
[WARNING] [stderr] 2026-08-15T19:32:38.474-0600	WARN	Notification Thread	io.airlift.stats.JmxGcMonitor	Major GC: application 66.00ms, stopped 151.00ms: 11.95GB -> 11.51GB (only recovered 3.7% of heap memory)
[WARNING] [stderr] 2026-08-15T19:32:38.474-0600	WARN	Notification Thread	io.airlift.stats.JmxGcMonitor	Major GC: application 66.00ms, stopped 151.00ms: 11.95GB -> 11.51GB (only recovered 3.7% of heap memory)
[WARNING] [stderr] 2026-08-15T19:32:38.719-0600	WARN	Notification Thread	io.airlift.stats.JmxGcMonitor	Major GC: application 65.00ms, stopped 175.00ms: 12.01GB -> 11.57GB (only recovered 3.6% of heap memory)
[WARNING] [stderr] 2026-08-15T19:32:38.719-0600	WARN	Notification Thread	io.airlift.stats.JmxGcMonitor	Major GC: application 65.00ms, stopped 175.00ms: 12.01GB -> 11.57GB (only recovered 3.6% of heap memory)
[WARNING] [stderr] 2026-08-15T19:32:38.907-0600	WARN	Notification Thread	io.airlift.stats.JmxGcMonitor	Major GC: application 50.00ms, stopped 144.00ms: 12.01GB -> 11.63GB (only recovered 3.2% of heap memory)
[WARNING] [stderr] 2026-08-15T19:32:38.907-0600	WARN	Notification Thread	io.airlift.stats.JmxGcMonitor	Major GC: application 50.00ms, stopped 144.00ms: 12.01GB -> 11.63GB (only recovered 3.2% of heap memory)
[WARNING] [stderr] 2026-08-15T19:32:39.114-0600	WARN	Notification Thread	io.airlift.stats.JmxGcMonitor	Major GC: application 59.00ms, stopped 145.00ms: 12.01GB -> 11.73GB (only recovered 2.3% of heap memory)
[WARNING] [stderr] 2026-08-15T19:32:39.114-0600	WARN	Notification Thread	io.airlift.stats.JmxGcMonitor	Major GC: application 59.00ms, stopped 145.00ms: 12.01GB -> 11.73GB (only recovered 2.3% of heap memory)
[WARNING] [stderr] 2026-08-15T19:32:39.261-0600	WARN	Notification Thread	io.airlift.stats.JmxGcMonitor	Major GC: application 31.00ms, stopped 119.00ms: 12.02GB -> 11.80GB (only recovered 1.8% of heap memory)
[WARNING] [stderr] 2026-08-15T19:32:39.261-0600	WARN	Notification Thread	io.airlift.stats.JmxGcMonitor	Major GC: application 31.00ms, stopped 119.00ms: 12.02GB -> 11.80GB (only recovered 1.8% of heap memory)
[WARNING] [stderr] 2026-08-15T19:32:39.414-0600	WARN	Notification Thread	io.airlift.stats.JmxGcMonitor	Major GC: application 31.00ms, stopped 120.00ms: 12.01GB -> 11.84GB (only recovered 1.4% of heap memory)
[WARNING] [stderr] 2026-08-15T19:32:39.414-0600	WARN	Notification Thread	io.airlift.stats.JmxGcMonitor	Major GC: application 31.00ms, stopped 120.00ms: 12.01GB -> 11.84GB (only recovered 1.4% of heap memory)
[WARNING] [stderr] 2026-08-15T19:32:39.556-0600	WARN	Notification Thread	io.airlift.stats.JmxGcMonitor	Major GC: application 25.00ms, stopped 121.00ms: 12.00GB -> 11.88GB (only recovered 1.0% of heap memory)
[WARNING] [stderr] 2026-08-15T19:32:39.557-0600	WARN	Notification Thread	io.airlift.stats.JmxGcMonitor	Major GC: application 25.00ms, stopped 121.00ms: 12.00GB -> 11.88GB (only recovered 1.0% of heap memory)
[WARNING] [stderr] 2026-08-15T19:32:39.686-0600	WARN	Notification Thread	io.airlift.stats.JmxGcMonitor	Major GC: application 21.00ms, stopped 107.00ms: 12.04GB -> 11.92GB (only recovered 1.0% of heap memory)
[WARNING] [stderr] 2026-08-15T19:32:39.686-0600	WARN	Notification Thread	io.airlift.stats.JmxGcMonitor	Major GC: application 21.00ms, stopped 107.00ms: 12.04GB -> 11.92GB (only recovered 1.0% of heap memory)
[WARNING] [stderr] 2026-08-15T19:32:39.850-0600	WARN	Notification Thread	io.airlift.stats.JmxGcMonitor	Major GC: application 30.00ms, stopped 134.00ms: 12.05GB -> 11.91GB (only recovered 1.1% of heap memory)
[WARNING] [stderr] 2026-08-15T19:32:39.850-0600	WARN	Notification Thread	io.airlift.stats.JmxGcMonitor	Major GC: application 30.00ms, stopped 134.00ms: 12.05GB -> 11.91GB (only recovered 1.1% of heap memory)
[WARNING] [stderr] 2026-08-15T19:32:39.965-0600	WARN	Notification Thread	io.airlift.stats.JmxGcMonitor	Major GC: application 17.00ms, stopped 100.00ms: 12.01GB -> 11.92GB (only recovered 0.8% of heap memory)
[WARNING] [stderr] 2026-08-15T19:32:39.966-0600	WARN	Notification Thread	io.airlift.stats.JmxGcMonitor	Major GC: application 17.00ms, stopped 100.00ms: 12.01GB -> 11.92GB (only recovered 0.8% of heap memory)
[WARNING] [stderr] 2026-08-15T19:32:40.117-0600	WARN	Notification Thread	io.airlift.stats.JmxGcMonitor	Major GC: application 20.00ms, stopped 130.00ms: 12.01GB -> 11.91GB (only recovered 0.8% of heap memory)
[WARNING] [stderr] 2026-08-15T19:32:40.119-0600	WARN	Notification Thread	io.airlift.stats.JmxGcMonitor	Major GC: application 20.00ms, stopped 130.00ms: 12.01GB -> 11.91GB (only recovered 0.8% of heap memory)
[WARNING] [stderr] 2026-08-15T19:32:40.246-0600	WARN	Notification Thread	io.airlift.stats.JmxGcMonitor	Major GC: application 20.00ms, stopped 109.00ms: 12.00GB -> 11.89GB (only recovered 0.9% of heap memory)
[WARNING] [stderr] 2026-08-15T19:32:40.246-0600	WARN	Notification Thread	io.airlift.stats.JmxGcMonitor	Major GC: application 20.00ms, stopped 109.00ms: 12.00GB -> 11.89GB (only recovered 0.9% of heap memory)
[WARNING] [stderr] 2026-08-15T19:32:40.389-0600	WARN	Notification Thread	io.airlift.stats.JmxGcMonitor	Major GC: application 21.00ms, stopped 120.00ms: 12.02GB -> 11.89GB (only recovered 1.1% of heap memory)
[WARNING] [stderr] 2026-08-15T19:32:40.389-0600	WARN	Notification Thread	io.airlift.stats.JmxGcMonitor	Major GC: application 21.00ms, stopped 120.00ms: 12.02GB -> 11.89GB (only recovered 1.1% of heap memory)
[WARNING] [stderr] 2026-08-15T19:32:40.523-0600	WARN	Notification Thread	io.airlift.stats.JmxGcMonitor	Major GC: application 23.00ms, stopped 109.00ms: 12.01GB -> 11.91GB (only recovered 0.8% of heap memory)
[WARNING] [stderr] 2026-08-15T19:32:40.523-0600	WARN	Notification Thread	io.airlift.stats.JmxGcMonitor	Major GC: application 23.00ms, stopped 109.00ms: 12.01GB -> 11.91GB (only recovered 0.8% of heap memory)
[WARNING] [stderr] 2026-08-15T19:32:40.642-0600	WARN	Notification Thread	io.airlift.stats.JmxGcMonitor	Major GC: application 14.00ms, stopped 109.00ms: 12.01GB -> 11.92GB (only recovered 0.8% of heap memory)
[WARNING] [stderr] 2026-08-15T19:32:40.642-0600	WARN	Notification Thread	io.airlift.stats.JmxGcMonitor	Major GC: application 14.00ms, stopped 109.00ms: 12.01GB -> 11.92GB (only recovered 0.8% of heap memory)
[WARNING] [stderr] 2026-08-15T19:32:40.753-0600	WARN	Notification Thread	io.airlift.stats.JmxGcMonitor	Major GC: application 11.00ms, stopped 98.00ms: 11.98GB -> 11.92GB (only recovered 0.4% of heap memory)
[WARNING] [stderr] 2026-08-15T19:32:40.753-0600	WARN	Notification Thread	io.airlift.stats.JmxGcMonitor	Major GC: application 11.00ms, stopped 98.00ms: 11.98GB -> 11.92GB (only recovered 0.4% of heap memory)
[WARNING] [stderr] 2026-08-15T19:32:40.905-0600	WARN	Notification Thread	io.airlift.stats.JmxGcMonitor	Major GC: application 13.00ms, stopped 137.00ms: 11.99GB -> 11.92GB (only recovered 0.5% of heap memory)
[WARNING] [stderr] 2026-08-15T19:32:40.905-0600	WARN	Notification Thread	io.airlift.stats.JmxGcMonitor	Major GC: application 13.00ms, stopped 137.00ms: 11.99GB -> 11.92GB (only recovered 0.5% of heap memory)
[WARNING] [stderr] 2026-08-15T19:32:41.019-0600	WARN	Notification Thread	io.airlift.stats.JmxGcMonitor	Major GC: application 16.00ms, stopped 102.00ms: 12.02GB -> 11.93GB (only recovered 0.7% of heap memory)
[WARNING] [stderr] 2026-08-15T19:32:41.019-0600	WARN	Notification Thread	io.airlift.stats.JmxGcMonitor	Major GC: application 16.00ms, stopped 102.00ms: 12.02GB -> 11.93GB (only recovered 0.7% of heap memory)
[WARNING] [stderr] 2026-08-15T19:32:41.158-0600	WARN	Notification Thread	io.airlift.stats.JmxGcMonitor	Major GC: application 19.00ms, stopped 122.00ms: 12.03GB -> 11.92GB (only recovered 0.9% of heap memory)
[WARNING] [stderr] 2026-08-15T19:32:41.158-0600	WARN	Notification Thread	io.airlift.stats.JmxGcMonitor	Major GC: application 19.00ms, stopped 122.00ms: 12.03GB -> 11.92GB (only recovered 0.9% of heap memory)
[WARNING] [stderr] 2026-08-15T19:32:41.292-0600	WARN	Notification Thread	io.airlift.stats.JmxGcMonitor	Major GC: application 18.00ms, stopped 116.00ms: 12.02GB -> 11.93GB (only recovered 0.7% of heap memory)
[WARNING] [stderr] 2026-08-15T19:32:41.292-0600	WARN	Notification Thread	io.airlift.stats.JmxGcMonitor	Major GC: application 18.00ms, stopped 116.00ms: 12.02GB -> 11.93GB (only recovered 0.7% of heap memory)
[WARNING] [stderr] 2026-08-15T19:32:41.420-0600	WARN	Notification Thread	io.airlift.stats.JmxGcMonitor	Major GC: application 16.00ms, stopped 110.00ms: 12.03GB -> 11.94GB (only recovered 0.7% of heap memory)
[WARNING] [stderr] 2026-08-15T19:32:41.420-0600	WARN	Notification Thread	io.airlift.stats.JmxGcMonitor	Major GC: application 16.00ms, stopped 110.00ms: 12.03GB -> 11.94GB (only recovered 0.7% of heap memory)
[WARNING] [stderr] 2026-08-15T19:32:41.551-0600	WARN	Notification Thread	io.airlift.stats.JmxGcMonitor	Major GC: application 17.00ms, stopped 115.00ms: 12.03GB -> 11.93GB (only recovered 0.9% of heap memory)
[WARNING] [stderr] 2026-08-15T19:32:41.553-0600	WARN	Notification Thread	io.airlift.stats.JmxGcMonitor	Major GC: application 17.00ms, stopped 115.00ms: 12.03GB -> 11.93GB (only recovered 0.9% of heap memory)
[WARNING] [stderr] 2026-08-15T19:32:41.684-0600	WARN	Notification Thread	io.airlift.stats.JmxGcMonitor	Major GC: application 13.00ms, stopped 120.00ms: 11.99GB -> 11.90GB (only recovered 0.7% of heap memory)
[WARNING] [stderr] 2026-08-15T19:32:41.684-0600	WARN	Notification Thread	io.airlift.stats.JmxGcMonitor	Major GC: application 13.00ms, stopped 120.00ms: 11.99GB -> 11.90GB (only recovered 0.7% of heap memory)
[WARNING] [stderr] 2026-08-15T19:32:41.839-0600	WARN	Notification Thread	io.airlift.stats.JmxGcMonitor	Major GC: application 22.00ms, stopped 127.00ms: 12.06GB -> 11.88GB (only recovered 1.5% of heap memory)
[WARNING] [stderr] 2026-08-15T19:32:41.839-0600	WARN	Notification Thread	io.airlift.stats.JmxGcMonitor	Major GC: application 22.00ms, stopped 127.00ms: 12.06GB -> 11.88GB (only recovered 1.5% of heap memory)
[WARNING] [stderr] 2026-08-15T19:32:42.003-0600	WARN	Notification Thread	io.airlift.stats.JmxGcMonitor	Major GC: application 41.00ms, stopped 128.00ms: 12.00GB -> 11.86GB (only recovered 1.2% of heap memory)
[WARNING] [stderr] 2026-08-15T19:32:42.003-0600	WARN	Notification Thread	io.airlift.stats.JmxGcMonitor	Major GC: application 41.00ms, stopped 128.00ms: 12.00GB -> 11.86GB (only recovered 1.2% of heap memory)
[WARNING] [stderr] 2026-08-15T19:32:42.173-0600	WARN	Notification Thread	io.airlift.stats.JmxGcMonitor	Major GC: application 32.00ms, stopped 135.00ms: 12.05GB -> 11.85GB (only recovered 1.6% of heap memory)
[WARNING] [stderr] 2026-08-15T19:32:42.173-0600	WARN	Notification Thread	io.airlift.stats.JmxGcMonitor	Major GC: application 32.00ms, stopped 135.00ms: 12.05GB -> 11.85GB (only recovered 1.6% of heap memory)
[WARNING] [stderr] 2026-08-15T19:32:42.322-0600	WARN	Notification Thread	io.airlift.stats.JmxGcMonitor	Major GC: application 26.00ms, stopped 127.00ms: 12.01GB -> 11.86GB (only recovered 1.3% of heap memory)
[WARNING] [stderr] 2026-08-15T19:32:42.322-0600	WARN	Notification Thread	io.airlift.stats.JmxGcMonitor	Major GC: application 26.00ms, stopped 127.00ms: 12.01GB -> 11.86GB (only recovered 1.3% of heap memory)
[WARNING] [stderr] 2026-08-15T19:32:42.442-0600	WARN	Notification Thread	io.airlift.stats.JmxGcMonitor	Major GC: application 20.00ms, stopped 100.00ms: 12.04GB -> 11.89GB (only recovered 1.3% of heap memory)
[WARNING] [stderr] 2026-08-15T19:32:42.442-0600	WARN	Notification Thread	io.airlift.stats.JmxGcMonitor	Major GC: application 20.00ms, stopped 100.00ms: 12.04GB -> 11.89GB (only recovered 1.3% of heap memory)
[WARNING] [stderr] 2026-08-15T19:32:42.571-0600	WARN	Notification Thread	io.airlift.stats.JmxGcMonitor	Major GC: application 22.00ms, stopped 107.00ms: 12.05GB -> 11.92GB (only recovered 1.0% of heap memory)
[WARNING] [stderr] 2026-08-15T19:32:42.571-0600	WARN	Notification Thread	io.airlift.stats.JmxGcMonitor	Major GC: application 22.00ms, stopped 107.00ms: 12.05GB -> 11.92GB (only recovered 1.0% of heap memory)
[WARNING] [stderr] 2026-08-15T19:32:42.826-0600	WARN	Notification Thread	io.airlift.stats.JmxGcMonitor	Major GC: application 23.00ms, stopped 106.00ms: 12.05GB -> 11.96GB (only recovered 0.7% of heap memory)
[WARNING] [stderr] 2026-08-15T19:32:42.826-0600	WARN	Notification Thread	io.airlift.stats.JmxGcMonitor	Major GC: application 23.00ms, stopped 106.00ms: 12.05GB -> 11.96GB (only recovered 0.7% of heap memory)
[WARNING] [stderr] 2026-08-15T19:32:42.826-0600	WARN	Notification Thread	io.airlift.stats.JmxGcMonitor	Major GC: application 11.00ms, stopped 111.00ms: 12.02GB -> 11.98GB (only recovered 0.4% of heap memory)
[WARNING] [stderr] 2026-08-15T19:32:42.826-0600	WARN	Notification Thread	io.airlift.stats.JmxGcMonitor	Major GC: application 11.00ms, stopped 111.00ms: 12.02GB -> 11.98GB (only recovered 0.4% of heap memory)
[WARNING] [stderr] 2026-08-15T19:32:42.990-0600	WARN	Notification Thread	io.airlift.stats.JmxGcMonitor	Major GC: application 20.00ms, stopped 148.00ms: 12.11GB -> 12.01GB (only recovered 0.8% of heap memory)
[WARNING] [stderr] 2026-08-15T19:32:42.990-0600	WARN	Notification Thread	io.airlift.stats.JmxGcMonitor	Major GC: application 20.00ms, stopped 148.00ms: 12.11GB -> 12.01GB (only recovered 0.8% of heap memory)
[WARNING] [stderr] 2026-08-15T19:32:43.122-0600	WARN	Notification Thread	io.airlift.stats.JmxGcMonitor	Major GC: application 18.00ms, stopped 115.00ms: 12.10GB -> 11.91GB (only recovered 1.6% of heap memory)
[WARNING] [stderr] 2026-08-15T19:32:43.124-0600	WARN	Notification Thread	io.airlift.stats.JmxGcMonitor	Major GC: application 18.00ms, stopped 115.00ms: 12.10GB -> 11.91GB (only recovered 1.6% of heap memory)
[WARNING] [stderr] 2026-08-15T19:32:43.237-0600	WARN	Notification Thread	io.airlift.stats.JmxGcMonitor	Major GC: application 10.00ms, stopped 102.00ms: 11.97GB -> 11.93GB (only recovered 0.4% of heap memory)
[WARNING] [stderr] 2026-08-15T19:32:43.241-0600	WARN	Notification Thread	io.airlift.stats.JmxGcMonitor	Major GC: application 10.00ms, stopped 102.00ms: 11.97GB -> 11.93GB (only recovered 0.4% of heap memory)
[WARNING] [stderr] 2026-08-15T19:32:43.355-0600	WARN	Notification Thread	io.airlift.stats.JmxGcMonitor	Major GC: application 15.00ms, stopped 106.00ms: 12.02GB -> 11.96GB (only recovered 0.5% of heap memory)
[WARNING] [stderr] 2026-08-15T19:32:43.355-0600	WARN	Notification Thread	io.airlift.stats.JmxGcMonitor	Major GC: application 15.00ms, stopped 106.00ms: 12.02GB -> 11.96GB (only recovered 0.5% of heap memory)
[WARNING] [stderr] 2026-08-15T19:32:43.465-0600	WARN	Notification Thread	io.airlift.stats.JmxGcMonitor	Major GC: application 11.00ms, stopped 97.00ms: 12.02GB -> 11.95GB (only recovered 0.5% of heap memory)
[WARNING] [stderr] 2026-08-15T19:32:43.465-0600	WARN	Notification Thread	io.airlift.stats.JmxGcMonitor	Major GC: application 11.00ms, stopped 97.00ms: 12.02GB -> 11.95GB (only recovered 0.5% of heap memory)
[WARNING] [stderr] 2026-08-15T19:32:43.591-0600	WARN	Notification Thread	io.airlift.stats.JmxGcMonitor	Major GC: application 16.00ms, stopped 111.00ms: 12.02GB -> 11.95GB (only recovered 0.5% of heap memory)
[WARNING] [stderr] 2026-08-15T19:32:43.591-0600	WARN	Notification Thread	io.airlift.stats.JmxGcMonitor	Major GC: application 16.00ms, stopped 111.00ms: 12.02GB -> 11.95GB (only recovered 0.5% of heap memory)
[WARNING] [stderr] 2026-08-15T19:32:43.693-0600	WARN	Notification Thread	io.airlift.stats.JmxGcMonitor	Major GC: application 7.00ms, stopped 95.00ms: 11.98GB -> 11.97GB (only recovered 0.2% of heap memory)
[WARNING] [stderr] 2026-08-15T19:32:43.693-0600	WARN	Notification Thread	io.airlift.stats.JmxGcMonitor	Major GC: application 7.00ms, stopped 95.00ms: 11.98GB -> 11.97GB (only recovered 0.2% of heap memory)
[WARNING] [stderr] 2026-08-15T19:32:43.828-0600	WARN	Notification Thread	io.airlift.stats.JmxGcMonitor	Major GC: application 19.00ms, stopped 117.00ms: 12.09GB -> 11.97GB (only recovered 1.0% of heap memory)
[WARNING] [stderr] 2026-08-15T19:32:43.828-0600	WARN	Notification Thread	io.airlift.stats.JmxGcMonitor	Major GC: application 19.00ms, stopped 117.00ms: 12.09GB -> 11.97GB (only recovered 1.0% of heap memory)
[WARNING] [stderr] 2026-08-15T19:32:43.938-0600	WARN	Notification Thread	io.airlift.stats.JmxGcMonitor	Major GC: application 12.00ms, stopped 97.00ms: 12.04GB -> 11.99GB (only recovered 0.4% of heap memory)
[WARNING] [stderr] 2026-08-15T19:32:43.938-0600	WARN	Notification Thread	io.airlift.stats.JmxGcMonitor	Major GC: application 12.00ms, stopped 97.00ms: 12.04GB -> 11.99GB (only recovered 0.4% of heap memory)
[WARNING] [stderr] 2026-08-15T19:32:44.080-0600	WARN	Notification Thread	io.airlift.stats.JmxGcMonitor	Major GC: application 7.00ms, stopped 136.00ms: 12.02GB -> 11.99GB (only recovered 0.3% of heap memory)
[WARNING] [stderr] 2026-08-15T19:32:44.080-0600	WARN	Notification Thread	io.airlift.stats.JmxGcMonitor	Major GC: application 7.00ms, stopped 136.00ms: 12.02GB -> 11.99GB (only recovered 0.3% of heap memory)
[WARNING] [stderr] 2026-08-15T19:32:44.202-0600	WARN	Notification Thread	io.airlift.stats.JmxGcMonitor	Major GC: application 18.00ms, stopped 101.00ms: 12.11GB -> 12.01GB (only recovered 0.9% of heap memory)
[WARNING] [stderr] 2026-08-15T19:32:44.203-0600	WARN	Notification Thread	io.airlift.stats.JmxGcMonitor	Major GC: application 18.00ms, stopped 101.00ms: 12.11GB -> 12.01GB (only recovered 0.9% of heap memory)
[WARNING] [stderr] 2026-08-15T19:32:44.329-0600	WARN	Notification Thread	io.airlift.stats.JmxGcMonitor	Major GC: application 14.00ms, stopped 111.00ms: 12.10GB -> 11.99GB (only recovered 0.9% of heap memory)
[WARNING] [stderr] 2026-08-15T19:32:44.329-0600	WARN	Notification Thread	io.airlift.stats.JmxGcMonitor	Major GC: application 14.00ms, stopped 111.00ms: 12.10GB -> 11.99GB (only recovered 0.9% of heap memory)
[WARNING] [stderr] 2026-08-15T19:32:44.438-0600	WARN	Notification Thread	io.airlift.stats.JmxGcMonitor	Major GC: application 11.00ms, stopped 103.00ms: 12.02GB -> 11.99GB (only recovered 0.3% of heap memory)
[WARNING] [stderr] 2026-08-15T19:32:44.438-0600	WARN	Notification Thread	io.airlift.stats.JmxGcMonitor	Major GC: application 11.00ms, stopped 103.00ms: 12.02GB -> 11.99GB (only recovered 0.3% of heap memory)
[WARNING] [stderr] 2026-08-15T19:32:44.553-0600	WARN	Notification Thread	io.airlift.stats.JmxGcMonitor	Major GC: application 8.00ms, stopped 103.00ms: 12.02GB -> 11.98GB (only recovered 0.3% of heap memory)
[WARNING] [stderr] 2026-08-15T19:32:44.553-0600	WARN	Notification Thread	io.airlift.stats.JmxGcMonitor	Major GC: application 8.00ms, stopped 103.00ms: 12.02GB -> 11.98GB (only recovered 0.3% of heap memory)
[WARNING] [stderr] 2026-08-15T19:32:44.665-0600	WARN	Notification Thread	io.airlift.stats.JmxGcMonitor	Major GC: application 9.00ms, stopped 106.00ms: 12.01GB -> 11.98GB (only recovered 0.2% of heap memory)
[WARNING] [stderr] 2026-08-15T19:32:44.665-0600	WARN	Notification Thread	io.airlift.stats.JmxGcMonitor	Major GC: application 9.00ms, stopped 106.00ms: 12.01GB -> 11.98GB (only recovered 0.2% of heap memory)
[WARNING] [stderr] 2026-08-15T19:32:44.801-0600	WARN	Notification Thread	io.airlift.stats.JmxGcMonitor	Major GC: application 19.00ms, stopped 117.00ms: 12.11GB -> 11.98GB (only recovered 1.1% of heap memory)
[WARNING] [stderr] 2026-08-15T19:32:44.801-0600	WARN	Notification Thread	io.airlift.stats.JmxGcMonitor	Major GC: application 19.00ms, stopped 117.00ms: 12.11GB -> 11.98GB (only recovered 1.1% of heap memory)
[WARNING] [stderr] 2026-08-15T19:32:45.075-0600	WARN	Notification Thread	io.airlift.stats.JmxGcMonitor	Major GC: application 9.00ms, stopped 109.00ms: 12.01GB -> 11.98GB (only recovered 0.2% of heap memory)
[WARNING] [stderr] 2026-08-15T19:32:45.075-0600	WARN	Notification Thread	io.airlift.stats.JmxGcMonitor	Major GC: application 9.00ms, stopped 109.00ms: 12.01GB -> 11.98GB (only recovered 0.2% of heap memory)
[WARNING] [stderr] 2026-08-15T19:32:45.226-0600	WARN	Notification Thread	io.airlift.stats.JmxGcMonitor	Major GC: application 8.00ms, stopped 144.00ms: 12.01GB -> 11.95GB (only recovered 0.5% of heap memory)
[WARNING] [stderr] 2026-08-15T19:32:45.333-0600	WARN	Notification Thread	io.airlift.stats.JmxGcMonitor	Major GC: application 8.00ms, stopped 144.00ms: 12.01GB -> 11.95GB (only recovered 0.5% of heap memory)
[WARNING] [stderr] 2026-08-15T19:32:45.334-0600	WARN	Notification Thread	io.airlift.stats.JmxGcMonitor	Major GC: application 19.00ms, stopped 132.00ms: 12.02GB -> 11.95GB (only recovered 0.6% of heap memory)
[WARNING] [stderr] 2026-08-15T19:32:45.334-0600	WARN	Notification Thread	io.airlift.stats.JmxGcMonitor	Major GC: application 19.00ms, stopped 132.00ms: 12.02GB -> 11.95GB (only recovered 0.6% of heap memory)
[WARNING] [stderr] 2026-08-15T19:32:45.334-0600	WARN	Notification Thread	io.airlift.stats.JmxGcMonitor	Major GC: application 8.00ms, stopped 101.00ms: 11.98GB -> 11.94GB (only recovered 0.3% of heap memory)
[WARNING] [stderr] 2026-08-15T19:32:45.334-0600	WARN	Notification Thread	io.airlift.stats.JmxGcMonitor	Major GC: application 8.00ms, stopped 101.00ms: 11.98GB -> 11.94GB (only recovered 0.3% of heap memory)
[WARNING] [stderr] 2026-08-15T19:32:45.461-0600	WARN	Notification Thread	io.airlift.stats.JmxGcMonitor	Major GC: application 14.00ms, stopped 113.00ms: 12.04GB -> 11.94GB (only recovered 0.8% of heap memory)
[WARNING] [stderr] 2026-08-15T19:32:45.462-0600	WARN	Notification Thread	io.airlift.stats.JmxGcMonitor	Major GC: application 14.00ms, stopped 113.00ms: 12.04GB -> 11.94GB (only recovered 0.8% of heap memory)
[WARNING] [stderr] 2026-08-15T19:32:45.577-0600	WARN	Notification Thread	io.airlift.stats.JmxGcMonitor	Major GC: application 15.00ms, stopped 105.00ms: 12.01GB -> 11.94GB (only recovered 0.5% of heap memory)
[WARNING] [stderr] 2026-08-15T19:32:45.577-0600	WARN	Notification Thread	io.airlift.stats.JmxGcMonitor	Major GC: application 15.00ms, stopped 105.00ms: 12.01GB -> 11.94GB (only recovered 0.5% of heap memory)
[WARNING] [stderr] 2026-08-15T19:32:45.708-0600	WARN	Notification Thread	io.airlift.stats.JmxGcMonitor	Major GC: application 16.00ms, stopped 112.00ms: 12.01GB -> 11.95GB (only recovered 0.5% of heap memory)
[WARNING] [stderr] 2026-08-15T19:32:45.708-0600	WARN	Notification Thread	io.airlift.stats.JmxGcMonitor	Major GC: application 16.00ms, stopped 112.00ms: 12.01GB -> 11.95GB (only recovered 0.5% of heap memory)
[WARNING] [stderr] 2026-08-15T19:32:45.817-0600	WARN	Notification Thread	io.airlift.stats.JmxGcMonitor	Major GC: application 8.00ms, stopped 103.00ms: 11.98GB -> 11.95GB (only recovered 0.3% of heap memory)
[WARNING] [stderr] 2026-08-15T19:32:45.817-0600	WARN	Notification Thread	io.airlift.stats.JmxGcMonitor	Major GC: application 8.00ms, stopped 103.00ms: 11.98GB -> 11.95GB (only recovered 0.3% of heap memory)
[WARNING] [stderr] 2026-08-15T19:32:45.932-0600	WARN	Notification Thread	io.airlift.stats.JmxGcMonitor	Major GC: application 11.00ms, stopped 104.00ms: 11.98GB -> 11.95GB (only recovered 0.2% of heap memory)
[WARNING] [stderr] 2026-08-15T19:32:45.932-0600	WARN	Notification Thread	io.airlift.stats.JmxGcMonitor	Major GC: application 11.00ms, stopped 104.00ms: 11.98GB -> 11.95GB (only recovered 0.2% of heap memory)
[WARNING] [stderr] 2026-08-15T19:32:46.083-0600	WARN	Notification Thread	io.airlift.stats.JmxGcMonitor	Major GC: application 19.00ms, stopped 130.00ms: 12.05GB -> 11.93GB (only recovered 1.0% of heap memory)
[WARNING] [stderr] 2026-08-15T19:32:46.083-0600	WARN	Notification Thread	io.airlift.stats.JmxGcMonitor	Major GC: application 19.00ms, stopped 130.00ms: 12.05GB -> 11.93GB (only recovered 1.0% of heap memory)
[WARNING] [stderr] 2026-08-15T19:32:46.225-0600	WARN	Notification Thread	io.airlift.stats.JmxGcMonitor	Major GC: application 10.00ms, stopped 134.00ms: 11.96GB -> 11.92GB (only recovered 0.3% of heap memory)
[WARNING] [stderr] 2026-08-15T19:32:46.226-0600	WARN	Notification Thread	io.airlift.stats.JmxGcMonitor	Major GC: application 10.00ms, stopped 134.00ms: 11.96GB -> 11.92GB (only recovered 0.3% of heap memory)
[WARNING] [stderr] 2026-08-15T19:32:46.371-0600	WARN	Notification Thread	io.airlift.stats.JmxGcMonitor	Major GC: application 23.00ms, stopped 120.00ms: 12.02GB -> 11.93GB (only recovered 0.7% of heap memory)
[WARNING] [stderr] 2026-08-15T19:32:46.371-0600	WARN	Notification Thread	io.airlift.stats.JmxGcMonitor	Major GC: application 23.00ms, stopped 120.00ms: 12.02GB -> 11.93GB (only recovered 0.7% of heap memory)
[WARNING] [stderr] 2026-08-15T19:32:46.508-0600	WARN	Notification Thread	io.airlift.stats.JmxGcMonitor	Major GC: application 22.00ms, stopped 118.00ms: 12.03GB -> 11.93GB (only recovered 0.8% of heap memory)
[WARNING] [stderr] 2026-08-15T19:32:46.621-0600	WARN	Notification Thread	io.airlift.stats.JmxGcMonitor	Major GC: application 22.00ms, stopped 118.00ms: 12.03GB -> 11.93GB (only recovered 0.8% of heap memory)
[WARNING] [stderr] 2026-08-15T19:32:46.622-0600	WARN	Notification Thread	io.airlift.stats.JmxGcMonitor	Major GC: application 7.00ms, stopped 104.00ms: 11.97GB -> 11.94GB (only recovered 0.2% of heap memory)
[WARNING] [stderr] 2026-08-15T19:32:46.622-0600	WARN	Notification Thread	io.airlift.stats.JmxGcMonitor	Major GC: application 7.00ms, stopped 104.00ms: 11.97GB -> 11.94GB (only recovered 0.2% of heap memory)
[WARNING] [stderr] 2026-08-15T19:32:46.741-0600	WARN	Notification Thread	io.airlift.stats.JmxGcMonitor	Major GC: application 17.00ms, stopped 106.00ms: 12.00GB -> 11.95GB (only recovered 0.4% of heap memory)
[WARNING] [stderr] 2026-08-15T19:32:46.741-0600	WARN	Notification Thread	io.airlift.stats.JmxGcMonitor	Major GC: application 17.00ms, stopped 106.00ms: 12.00GB -> 11.95GB (only recovered 0.4% of heap memory)
[WARNING] [stderr] 2026-08-15T19:32:46.857-0600	WARN	Notification Thread	io.airlift.stats.JmxGcMonitor	Major GC: application 8.00ms, stopped 108.00ms: 11.98GB -> 11.96GB (only recovered 0.2% of heap memory)
[WARNING] [stderr] 2026-08-15T19:32:46.862-0600	WARN	Notification Thread	io.airlift.stats.JmxGcMonitor	Major GC: application 8.00ms, stopped 108.00ms: 11.98GB -> 11.96GB (only recovered 0.2% of heap memory)
[WARNING] [stderr] 2026-08-15T19:32:46.990-0600	WARN	Notification Thread	io.airlift.stats.JmxGcMonitor	Major GC: application 22.00ms, stopped 109.00ms: 12.09GB -> 12.00GB (only recovered 0.8% of heap memory)
[WARNING] [stderr] 2026-08-15T19:32:46.990-0600	WARN	Notification Thread	io.airlift.stats.JmxGcMonitor	Major GC: application 22.00ms, stopped 109.00ms: 12.09GB -> 12.00GB (only recovered 0.8% of heap memory)
[WARNING] [stderr] 2026-08-15T19:32:47.139-0600	WARN	Notification Thread	io.airlift.stats.JmxGcMonitor	Major GC: application 19.00ms, stopped 131.00ms: 12.09GB -> 11.99GB (only recovered 0.9% of heap memory)
[WARNING] [stderr] 2026-08-15T19:32:47.139-0600	WARN	Notification Thread	io.airlift.stats.JmxGcMonitor	Major GC: application 19.00ms, stopped 131.00ms: 12.09GB -> 11.99GB (only recovered 0.9% of heap memory)
[WARNING] [stderr] 2026-08-15T19:32:47.317-0600	WARN	Notification Thread	io.airlift.stats.JmxGcMonitor	Major GC: application 15.00ms, stopped 161.00ms: 12.08GB -> 11.98GB (only recovered 0.9% of heap memory)
[WARNING] [stderr] 2026-08-15T19:32:47.317-0600	WARN	Notification Thread	io.airlift.stats.JmxGcMonitor	Major GC: application 15.00ms, stopped 161.00ms: 12.08GB -> 11.98GB (only recovered 0.9% of heap memory)
[WARNING] [stderr] 2026-08-15T19:32:47.596-0600	WARN	Notification Thread	io.airlift.stats.JmxGcMonitor	Major GC: application 23.00ms, stopped 141.00ms: 12.10GB -> 11.96GB (only recovered 1.2% of heap memory)
[WARNING] [stderr] 2026-08-15T19:32:47.596-0600	WARN	Notification Thread	io.airlift.stats.JmxGcMonitor	Major GC: application 23.00ms, stopped 141.00ms: 12.10GB -> 11.96GB (only recovered 1.2% of heap memory)
[WARNING] [stderr] 2026-08-15T19:32:47.596-0600	WARN	Notification Thread	io.airlift.stats.JmxGcMonitor	Major GC: application 12.00ms, stopped 105.00ms: 11.99GB -> 11.96GB (only recovered 0.2% of heap memory)
[WARNING] [stderr] 2026-08-15T19:32:47.596-0600	WARN	Notification Thread	io.airlift.stats.JmxGcMonitor	Major GC: application 12.00ms, stopped 105.00ms: 11.99GB -> 11.96GB (only recovered 0.2% of heap memory)
[WARNING] [stderr] 2026-08-15T19:32:47.735-0600	WARN	Notification Thread	io.airlift.stats.JmxGcMonitor	Major GC: application 24.00ms, stopped 116.00ms: 12.02GB -> 11.98GB (only recovered 0.4% of heap memory)
[WARNING] [stderr] 2026-08-15T19:32:47.735-0600	WARN	Notification Thread	io.airlift.stats.JmxGcMonitor	Major GC: application 24.00ms, stopped 116.00ms: 12.02GB -> 11.98GB (only recovered 0.4% of heap memory)
[WARNING] [stderr] 2026-08-15T19:32:47.856-0600	WARN	Notification Thread	io.airlift.stats.JmxGcMonitor	Major GC: application 11.00ms, stopped 109.00ms: 12.01GB -> 11.98GB (only recovered 0.3% of heap memory)
[WARNING] [stderr] 2026-08-15T19:32:47.859-0600	WARN	Notification Thread	io.airlift.stats.JmxGcMonitor	Major GC: application 11.00ms, stopped 109.00ms: 12.01GB -> 11.98GB (only recovered 0.3% of heap memory)
[WARNING] [stderr] 2026-08-15T19:32:47.988-0600	WARN	Notification Thread	io.airlift.stats.JmxGcMonitor	Major GC: application 16.00ms, stopped 113.00ms: 12.01GB -> 11.98GB (only recovered 0.3% of heap memory)
[WARNING] [stderr] 2026-08-15T19:32:47.988-0600	WARN	Notification Thread	io.airlift.stats.JmxGcMonitor	Major GC: application 16.00ms, stopped 113.00ms: 12.01GB -> 11.98GB (only recovered 0.3% of heap memory)
[WARNING] [stderr] 2026-08-15T19:32:48.117-0600	WARN	Notification Thread	io.airlift.stats.JmxGcMonitor	Major GC: application 24.00ms, stopped 108.00ms: 12.10GB -> 12.03GB (only recovered 0.6% of heap memory)
[WARNING] [stderr] 2026-08-15T19:32:48.117-0600	WARN	Notification Thread	io.airlift.stats.JmxGcMonitor	Major GC: application 24.00ms, stopped 108.00ms: 12.10GB -> 12.03GB (only recovered 0.6% of heap memory)
[WARNING] [stderr] 2026-08-15T19:32:48.243-0600	WARN	Notification Thread	io.airlift.stats.JmxGcMonitor	Major GC: application 16.00ms, stopped 109.00ms: 12.09GB -> 12.04GB (only recovered 0.4% of heap memory)
[WARNING] [stderr] 2026-08-15T19:32:48.243-0600	WARN	Notification Thread	io.airlift.stats.JmxGcMonitor	Major GC: application 16.00ms, stopped 109.00ms: 12.09GB -> 12.04GB (only recovered 0.4% of heap memory)
[WARNING] [stderr] 2026-08-15T19:32:48.380-0600	WARN	Notification Thread	io.airlift.stats.JmxGcMonitor	Major GC: application 13.00ms, stopped 125.00ms: 12.10GB -> 12.06GB (only recovered 0.3% of heap memory)
[WARNING] [stderr] 2026-08-15T19:32:48.380-0600	WARN	Notification Thread	io.airlift.stats.JmxGcMonitor	Major GC: application 13.00ms, stopped 125.00ms: 12.10GB -> 12.06GB (only recovered 0.3% of heap memory)
[WARNING] [stderr] 2026-08-15T19:32:48.507-0600	WARN	Notification Thread	io.airlift.stats.JmxGcMonitor	Major GC: application 11.00ms, stopped 115.00ms: 12.09GB -> 12.03GB (only recovered 0.5% of heap memory)
[WARNING] [stderr] 2026-08-15T19:32:48.507-0600	WARN	Notification Thread	io.airlift.stats.JmxGcMonitor	Major GC: application 11.00ms, stopped 115.00ms: 12.09GB -> 12.03GB (only recovered 0.5% of heap memory)
[WARNING] [stderr] 2026-08-15T19:32:48.627-0600	WARN	Notification Thread	io.airlift.stats.JmxGcMonitor	Major GC: application 16.00ms, stopped 106.00ms: 12.09GB -> 12.04GB (only recovered 0.4% of heap memory)
[WARNING] [stderr] 2026-08-15T19:32:48.747-0600	WARN	Notification Thread	io.airlift.stats.JmxGcMonitor	Major GC: application 16.00ms, stopped 106.00ms: 12.09GB -> 12.04GB (only recovered 0.4% of heap memory)
[WARNING] [stderr] 2026-08-15T19:32:48.748-0600	WARN	Notification Thread	io.airlift.stats.JmxGcMonitor	Major GC: application 11.00ms, stopped 109.00ms: 12.11GB -> 12.05GB (only recovered 0.5% of heap memory)
[WARNING] [stderr] 2026-08-15T19:32:48.748-0600	WARN	Notification Thread	io.airlift.stats.JmxGcMonitor	Major GC: application 11.00ms, stopped 109.00ms: 12.11GB -> 12.05GB (only recovered 0.5% of heap memory)
[WARNING] [stderr] 2026-08-15T19:32:48.854-0600	WARN	Notification Thread	io.airlift.stats.JmxGcMonitor	Major GC: application 6.00ms, stopped 99.00ms: 12.08GB -> 12.06GB (only recovered 0.2% of heap memory)
[WARNING] [stderr] 2026-08-15T19:32:48.854-0600	WARN	Notification Thread	io.airlift.stats.JmxGcMonitor	Major GC: application 6.00ms, stopped 99.00ms: 12.08GB -> 12.06GB (only recovered 0.2% of heap memory)
[WARNING] [stderr] 2026-08-15T19:32:48.968-0600	WARN	Notification Thread	io.airlift.stats.JmxGcMonitor	Major GC: application 10.00ms, stopped 104.00ms: 12.09GB -> 12.07GB (only recovered 0.2% of heap memory)
[WARNING] [stderr] 2026-08-15T19:32:48.968-0600	WARN	Notification Thread	io.airlift.stats.JmxGcMonitor	Major GC: application 10.00ms, stopped 104.00ms: 12.09GB -> 12.07GB (only recovered 0.2% of heap memory)
[WARNING] [stderr] 2026-08-15T19:32:49.081-0600	WARN	Notification Thread	io.airlift.stats.JmxGcMonitor	Major GC: application 8.00ms, stopped 106.00ms: 12.10GB -> 12.06GB (only recovered 0.3% of heap memory)
[WARNING] [stderr] 2026-08-15T19:32:49.081-0600	WARN	Notification Thread	io.airlift.stats.JmxGcMonitor	Major GC: application 8.00ms, stopped 106.00ms: 12.10GB -> 12.06GB (only recovered 0.3% of heap memory)
[WARNING] [stderr] 2026-08-15T19:32:49.912-0600	WARN	Notification Thread	io.airlift.stats.JmxGcMonitor	Major GC: application 5.00ms, stopped 97.00ms: 12.08GB -> 12.07GB (only recovered 0.1% of heap memory)
[WARNING] [stderr] 2026-08-15T19:32:49.913-0600	WARN	Notification Thread	io.airlift.stats.JmxGcMonitor	Major GC: application 5.00ms, stopped 97.00ms: 12.08GB -> 12.07GB (only recovered 0.1% of heap memory)
[WARNING] [stderr] 2026-08-15T19:32:49.913-0600	WARN	Notification Thread	io.airlift.stats.JmxGcMonitor	Major GC: application 2.00ms, stopped 90.00ms: 12.10GB -> 12.10GB (only recovered 0.0% of heap memory)
[WARNING] [stderr] 2026-08-15T19:32:49.913-0600	WARN	Notification Thread	io.airlift.stats.JmxGcMonitor	Major GC: application 2.00ms, stopped 90.00ms: 12.10GB -> 12.10GB (only recovered 0.0% of heap memory)
[WARNING] [stderr] 2026-08-15T19:32:49.913-0600	WARN	Notification Thread	io.airlift.stats.JmxGcMonitor	Major GC: application 0.00s, stopped 481.00ms: 12.10GB -> 11.88GB (only recovered 1.8% of heap memory)
[WARNING] [stderr] 2026-08-15T19:32:49.913-0600	WARN	Notification Thread	io.airlift.stats.JmxGcMonitor	Major GC: application 0.00s, stopped 481.00ms: 12.10GB -> 11.88GB (only recovered 1.8% of heap memory)
[WARNING] [stderr] 2026-08-15T19:32:49.913-0600	WARN	Notification Thread	io.airlift.stats.JmxGcMonitor	Major GC: application 19.00ms, stopped 129.00ms: 11.95GB -> 11.90GB (only recovered 0.4% of heap memory)
[WARNING] [stderr] 2026-08-15T19:32:49.913-0600	WARN	Notification Thread	io.airlift.stats.JmxGcMonitor	Major GC: application 19.00ms, stopped 129.00ms: 11.95GB -> 11.90GB (only recovered 0.4% of heap memory)
[WARNING] [stderr] 2026-08-15T19:32:50.020-0600	WARN	Notification Thread	io.airlift.stats.JmxGcMonitor	Major GC: application 15.00ms, stopped 101.00ms: 11.96GB -> 11.93GB (only recovered 0.2% of heap memory)
[WARNING] [stderr] 2026-08-15T19:32:50.020-0600	WARN	Notification Thread	io.airlift.stats.JmxGcMonitor	Major GC: application 15.00ms, stopped 101.00ms: 11.96GB -> 11.93GB (only recovered 0.2% of heap memory)
[WARNING] [stderr] 2026-08-15T19:32:50.134-0600	WARN	Notification Thread	io.airlift.stats.JmxGcMonitor	Major GC: application 14.00ms, stopped 100.00ms: 12.00GB -> 11.97GB (only recovered 0.2% of heap memory)
[WARNING] [stderr] 2026-08-15T19:32:50.134-0600	WARN	Notification Thread	io.airlift.stats.JmxGcMonitor	Major GC: application 14.00ms, stopped 100.00ms: 12.00GB -> 11.97GB (only recovered 0.2% of heap memory)
[WARNING] [stderr] 2026-08-15T19:32:50.237-0600	WARN	Notification Thread	io.airlift.stats.JmxGcMonitor	Major GC: application 10.00ms, stopped 94.00ms: 12.00GB -> 11.98GB (only recovered 0.2% of heap memory)
[WARNING] [stderr] 2026-08-15T19:32:50.237-0600	WARN	Notification Thread	io.airlift.stats.JmxGcMonitor	Major GC: application 10.00ms, stopped 94.00ms: 12.00GB -> 11.98GB (only recovered 0.2% of heap memory)
[WARNING] [stderr] 2026-08-15T19:32:50.358-0600	WARN	Notification Thread	io.airlift.stats.JmxGcMonitor	Major GC: application 17.00ms, stopped 103.00ms: 12.05GB -> 12.00GB (only recovered 0.4% of heap memory)
[WARNING] [stderr] 2026-08-15T19:32:50.358-0600	WARN	Notification Thread	io.airlift.stats.JmxGcMonitor	Major GC: application 17.00ms, stopped 103.00ms: 12.05GB -> 12.00GB (only recovered 0.4% of heap memory)
[WARNING] [stderr] 2026-08-15T19:32:50.474-0600	WARN	Notification Thread	io.airlift.stats.JmxGcMonitor	Major GC: application 15.00ms, stopped 99.00ms: 12.06GB -> 12.02GB (only recovered 0.3% of heap memory)
[WARNING] [stderr] 2026-08-15T19:32:50.474-0600	WARN	Notification Thread	io.airlift.stats.JmxGcMonitor	Major GC: application 15.00ms, stopped 99.00ms: 12.06GB -> 12.02GB (only recovered 0.3% of heap memory)
[WARNING] [stderr] 2026-08-15T19:32:50.613-0600	WARN	Notification Thread	io.airlift.stats.JmxGcMonitor	Major GC: application 31.00ms, stopped 107.00ms: 12.05GB -> 12.02GB (only recovered 0.2% of heap memory)
[WARNING] [stderr] 2026-08-15T19:32:50.614-0600	WARN	Notification Thread	io.airlift.stats.JmxGcMonitor	Major GC: application 31.00ms, stopped 107.00ms: 12.05GB -> 12.02GB (only recovered 0.2% of heap memory)
[WARNING] [stderr] 2026-08-15T19:32:50.713-0600	WARN	Notification Thread	io.airlift.stats.JmxGcMonitor	Major GC: application 10.00ms, stopped 93.00ms: 12.05GB -> 12.03GB (only recovered 0.2% of heap memory)
[WARNING] [stderr] 2026-08-15T19:32:50.713-0600	WARN	Notification Thread	io.airlift.stats.JmxGcMonitor	Major GC: application 10.00ms, stopped 93.00ms: 12.05GB -> 12.03GB (only recovered 0.2% of heap memory)
[WARNING] [stderr] 2026-08-15T19:32:50.820-0600	WARN	Notification Thread	io.airlift.stats.JmxGcMonitor	Major GC: application 9.00ms, stopped 96.00ms: 12.06GB -> 12.05GB (only recovered 0.1% of heap memory)
[WARNING] [stderr] 2026-08-15T19:32:50.820-0600	WARN	Notification Thread	io.airlift.stats.JmxGcMonitor	Major GC: application 9.00ms, stopped 96.00ms: 12.06GB -> 12.05GB (only recovered 0.1% of heap memory)
[WARNING] [stderr] 2026-08-15T19:32:51.264-0600	WARN	Notification Thread	io.airlift.stats.JmxGcMonitor	Major GC: application 8.00ms, stopped 96.00ms: 12.08GB -> 12.06GB (only recovered 0.2% of heap memory)
[WARNING] [stderr] 2026-08-15T19:32:51.264-0600	WARN	Notification Thread	io.airlift.stats.JmxGcMonitor	Major GC: application 8.00ms, stopped 96.00ms: 12.08GB -> 12.06GB (only recovered 0.2% of heap memory)
[WARNING] [stderr] 2026-08-15T19:32:51.264-0600	WARN	Notification Thread	io.airlift.stats.JmxGcMonitor	Major GC: application 0.00s, stopped 341.00ms: 12.06GB -> 12.01GB (only recovered 0.5% of heap memory)
[WARNING] [stderr] 2026-08-15T19:32:51.264-0600	WARN	Notification Thread	io.airlift.stats.JmxGcMonitor	Major GC: application 0.00s, stopped 341.00ms: 12.06GB -> 12.01GB (only recovered 0.5% of heap memory)
[WARNING] [stderr] 2026-08-15T19:32:51.406-0600	WARN	Notification Thread	io.airlift.stats.JmxGcMonitor	Major GC: application 10.00ms, stopped 122.00ms: 12.04GB -> 12.01GB (only recovered 0.3% of heap memory)
[WARNING] [stderr] 2026-08-15T19:32:51.406-0600	WARN	Notification Thread	io.airlift.stats.JmxGcMonitor	Major GC: application 10.00ms, stopped 122.00ms: 12.04GB -> 12.01GB (only recovered 0.3% of heap memory)
[WARNING] [stderr] 2026-08-15T19:32:51.537-0600	WARN	Notification Thread	io.airlift.stats.JmxGcMonitor	Major GC: application 22.00ms, stopped 110.00ms: 12.07GB -> 12.00GB (only recovered 0.6% of heap memory)
[WARNING] [stderr] 2026-08-15T19:32:51.537-0600	WARN	Notification Thread	io.airlift.stats.JmxGcMonitor	Major GC: application 22.00ms, stopped 110.00ms: 12.07GB -> 12.00GB (only recovered 0.6% of heap memory)
[WARNING] [stderr] 2026-08-15T19:32:51.677-0600	WARN	Notification Thread	io.airlift.stats.JmxGcMonitor	Major GC: application 24.00ms, stopped 124.00ms: 12.03GB -> 12.00GB (only recovered 0.3% of heap memory)
[WARNING] [stderr] 2026-08-15T19:32:51.677-0600	WARN	Notification Thread	io.airlift.stats.JmxGcMonitor	Major GC: application 24.00ms, stopped 124.00ms: 12.03GB -> 12.00GB (only recovered 0.3% of heap memory)
[WARNING] [stderr] 2026-08-15T19:32:51.787-0600	WARN	Notification Thread	io.airlift.stats.JmxGcMonitor	Major GC: application 10.00ms, stopped 102.00ms: 12.03GB -> 12.00GB (only recovered 0.2% of heap memory)
[WARNING] [stderr] 2026-08-15T19:32:51.787-0600	WARN	Notification Thread	io.airlift.stats.JmxGcMonitor	Major GC: application 10.00ms, stopped 102.00ms: 12.03GB -> 12.00GB (only recovered 0.2% of heap memory)
[WARNING] [stderr] 2026-08-15T19:32:51.909-0600	WARN	Notification Thread	io.airlift.stats.JmxGcMonitor	Major GC: application 14.00ms, stopped 107.00ms: 12.07GB -> 12.02GB (only recovered 0.4% of heap memory)
[WARNING] [stderr] 2026-08-15T19:32:51.909-0600	WARN	Notification Thread	io.airlift.stats.JmxGcMonitor	Major GC: application 14.00ms, stopped 107.00ms: 12.07GB -> 12.02GB (only recovered 0.4% of heap memory)
[WARNING] [stderr] 2026-08-15T19:32:52.015-0600	WARN	Notification Thread	io.airlift.stats.JmxGcMonitor	Major GC: application 12.00ms, stopped 94.00ms: 12.08GB -> 12.03GB (only recovered 0.4% of heap memory)
[WARNING] [stderr] 2026-08-15T19:32:52.015-0600	WARN	Notification Thread	io.airlift.stats.JmxGcMonitor	Major GC: application 12.00ms, stopped 94.00ms: 12.08GB -> 12.03GB (only recovered 0.4% of heap memory)
[WARNING] [stderr] 2026-08-15T19:32:52.124-0600	WARN	Notification Thread	io.airlift.stats.JmxGcMonitor	Major GC: application 8.00ms, stopped 100.00ms: 12.06GB -> 12.04GB (only recovered 0.2% of heap memory)
[WARNING] [stderr] 2026-08-15T19:32:52.124-0600	WARN	Notification Thread	io.airlift.stats.JmxGcMonitor	Major GC: application 8.00ms, stopped 100.00ms: 12.06GB -> 12.04GB (only recovered 0.2% of heap memory)
[WARNING] [stderr] 2026-08-15T19:32:52.228-0600	WARN	Notification Thread	io.airlift.stats.JmxGcMonitor	Major GC: application 7.00ms, stopped 100.00ms: 12.07GB -> 12.04GB (only recovered 0.3% of heap memory)
[WARNING] [stderr] 2026-08-15T19:32:52.232-0600	WARN	Notification Thread	io.airlift.stats.JmxGcMonitor	Major GC: application 7.00ms, stopped 100.00ms: 12.07GB -> 12.04GB (only recovered 0.3% of heap memory)
[WARNING] [stderr] 2026-08-15T19:32:52.334-0600	WARN	Notification Thread	io.airlift.stats.JmxGcMonitor	Major GC: application 8.00ms, stopped 94.00ms: 12.07GB -> 12.05GB (only recovered 0.2% of heap memory)
[WARNING] [stderr] 2026-08-15T19:32:52.334-0600	WARN	Notification Thread	io.airlift.stats.JmxGcMonitor	Major GC: application 8.00ms, stopped 94.00ms: 12.07GB -> 12.05GB (only recovered 0.2% of heap memory)
[WARNING] [stderr] 2026-08-15T19:32:52.440-0600	WARN	Notification Thread	io.airlift.stats.JmxGcMonitor	Major GC: application 8.00ms, stopped 102.00ms: 12.08GB -> 12.05GB (only recovered 0.2% of heap memory)
[WARNING] [stderr] 2026-08-15T19:32:52.441-0600	WARN	Notification Thread	io.airlift.stats.JmxGcMonitor	Major GC: application 8.00ms, stopped 102.00ms: 12.08GB -> 12.05GB (only recovered 0.2% of heap memory)
[WARNING] [stderr] 2026-08-15T19:32:52.547-0600	WARN	Notification Thread	io.airlift.stats.JmxGcMonitor	Major GC: application 10.00ms, stopped 95.00ms: 12.08GB -> 12.06GB (only recovered 0.2% of heap memory)
[WARNING] [stderr] 2026-08-15T19:32:52.547-0600	WARN	Notification Thread	io.airlift.stats.JmxGcMonitor	Major GC: application 10.00ms, stopped 95.00ms: 12.08GB -> 12.06GB (only recovered 0.2% of heap memory)
[WARNING] [stderr] 2026-08-15T19:32:53.040-0600	WARN	Notification Thread	io.airlift.stats.JmxGcMonitor	Major GC: application 7.00ms, stopped 125.00ms: 12.09GB -> 12.07GB (only recovered 0.1% of heap memory)
[WARNING] [stderr] 2026-08-15T19:32:53.040-0600	WARN	Notification Thread	io.airlift.stats.JmxGcMonitor	Major GC: application 7.00ms, stopped 125.00ms: 12.09GB -> 12.07GB (only recovered 0.1% of heap memory)
[WARNING] [stderr] 2026-08-15T19:32:53.040-0600	WARN	Notification Thread	io.airlift.stats.JmxGcMonitor	Major GC: application 0.00s, stopped 359.00ms: 12.07GB -> 11.99GB (only recovered 0.6% of heap memory)
[WARNING] [stderr] 2026-08-15T19:32:53.040-0600	WARN	Notification Thread	io.airlift.stats.JmxGcMonitor	Major GC: application 0.00s, stopped 359.00ms: 12.07GB -> 11.99GB (only recovered 0.6% of heap memory)
[WARNING] [stderr] 2026-08-15T19:32:53.159-0600	WARN	Notification Thread	io.airlift.stats.JmxGcMonitor	Major GC: application 11.00ms, stopped 112.00ms: 12.02GB -> 11.99GB (only recovered 0.2% of heap memory)
[WARNING] [stderr] 2026-08-15T19:32:53.159-0600	WARN	Notification Thread	io.airlift.stats.JmxGcMonitor	Major GC: application 11.00ms, stopped 112.00ms: 12.02GB -> 11.99GB (only recovered 0.2% of heap memory)
[WARNING] [stderr] 2026-08-15T19:32:53.280-0600	WARN	Notification Thread	io.airlift.stats.JmxGcMonitor	Major GC: application 19.00ms, stopped 100.00ms: 12.06GB -> 12.01GB (only recovered 0.4% of heap memory)
[WARNING] [stderr] 2026-08-15T19:32:53.280-0600	WARN	Notification Thread	io.airlift.stats.JmxGcMonitor	Major GC: application 19.00ms, stopped 100.00ms: 12.06GB -> 12.01GB (only recovered 0.4% of heap memory)
[WARNING] [stderr] 2026-08-15T19:32:53.504-0600	WARN	Notification Thread	io.airlift.stats.JmxGcMonitor	Major GC: application 11.00ms, stopped 100.00ms: 12.04GB -> 12.01GB (only recovered 0.2% of heap memory)
[WARNING] [stderr] 2026-08-15T19:32:53.504-0600	WARN	Notification Thread	io.airlift.stats.JmxGcMonitor	Major GC: application 11.00ms, stopped 100.00ms: 12.04GB -> 12.01GB (only recovered 0.2% of heap memory)
[WARNING] [stderr] 2026-08-15T19:32:53.504-0600	WARN	Notification Thread	io.airlift.stats.JmxGcMonitor	Major GC: application 10.00ms, stopped 104.00ms: 12.05GB -> 12.02GB (only recovered 0.2% of heap memory)
[WARNING] [stderr] 2026-08-15T19:32:53.504-0600	WARN	Notification Thread	io.airlift.stats.JmxGcMonitor	Major GC: application 10.00ms, stopped 104.00ms: 12.05GB -> 12.02GB (only recovered 0.2% of heap memory)
[WARNING] [stderr] 2026-08-15T19:32:53.626-0600	WARN	Notification Thread	io.airlift.stats.JmxGcMonitor	Major GC: application 11.00ms, stopped 112.00ms: 12.06GB -> 12.01GB (only recovered 0.3% of heap memory)
[WARNING] [stderr] 2026-08-15T19:32:53.627-0600	WARN	Notification Thread	io.airlift.stats.JmxGcMonitor	Major GC: application 11.00ms, stopped 112.00ms: 12.06GB -> 12.01GB (only recovered 0.3% of heap memory)
[WARNING] [stderr] 2026-08-15T19:32:53.768-0600	WARN	Notification Thread	io.airlift.stats.JmxGcMonitor	Major GC: application 14.00ms, stopped 128.00ms: 12.04GB -> 12.02GB (only recovered 0.2% of heap memory)
[WARNING] [stderr] 2026-08-15T19:32:53.768-0600	WARN	Notification Thread	io.airlift.stats.JmxGcMonitor	Major GC: application 14.00ms, stopped 128.00ms: 12.04GB -> 12.02GB (only recovered 0.2% of heap memory)
[WARNING] [stderr] 2026-08-15T19:32:53.881-0600	WARN	Notification Thread	io.airlift.stats.JmxGcMonitor	Major GC: application 11.00ms, stopped 101.00ms: 12.05GB -> 12.03GB (only recovered 0.2% of heap memory)
[WARNING] [stderr] 2026-08-15T19:32:53.881-0600	WARN	Notification Thread	io.airlift.stats.JmxGcMonitor	Major GC: application 11.00ms, stopped 101.00ms: 12.05GB -> 12.03GB (only recovered 0.2% of heap memory)
[WARNING] [stderr] 2026-08-15T19:32:54.005-0600	WARN	Notification Thread	io.airlift.stats.JmxGcMonitor	Major GC: application 10.00ms, stopped 113.00ms: 12.06GB -> 12.02GB (only recovered 0.3% of heap memory)
[WARNING] [stderr] 2026-08-15T19:32:54.005-0600	WARN	Notification Thread	io.airlift.stats.JmxGcMonitor	Major GC: application 10.00ms, stopped 113.00ms: 12.06GB -> 12.02GB (only recovered 0.3% of heap memory)
[WARNING] [stderr] 2026-08-15T19:32:54.121-0600	WARN	Notification Thread	io.airlift.stats.JmxGcMonitor	Major GC: application 9.00ms, stopped 109.00ms: 12.05GB -> 12.03GB (only recovered 0.2% of heap memory)
[WARNING] [stderr] 2026-08-15T19:32:54.121-0600	WARN	Notification Thread	io.airlift.stats.JmxGcMonitor	Major GC: application 9.00ms, stopped 109.00ms: 12.05GB -> 12.03GB (only recovered 0.2% of heap memory)
[WARNING] [stderr] 2026-08-15T19:32:54.242-0600	WARN	Notification Thread	io.airlift.stats.JmxGcMonitor	Major GC: application 9.00ms, stopped 108.00ms: 12.06GB -> 12.02GB (only recovered 0.3% of heap memory)
[WARNING] [stderr] 2026-08-15T19:32:54.242-0600	WARN	Notification Thread	io.airlift.stats.JmxGcMonitor	Major GC: application 9.00ms, stopped 108.00ms: 12.06GB -> 12.02GB (only recovered 0.3% of heap memory)
[WARNING] [stderr] 2026-08-15T19:32:54.356-0600	WARN	Notification Thread	io.airlift.stats.JmxGcMonitor	Major GC: application 7.00ms, stopped 106.00ms: 12.05GB -> 12.02GB (only recovered 0.3% of heap memory)
[WARNING] [stderr] 2026-08-15T19:32:54.356-0600	WARN	Notification Thread	io.airlift.stats.JmxGcMonitor	Major GC: application 7.00ms, stopped 106.00ms: 12.05GB -> 12.02GB (only recovered 0.3% of heap memory)
