[INFO] Enabling strict checksum verification on all artifact downloads.
[INFO] Processing build on daemon 296e769c
[INFO] Scanning for projects...
[INFO] Loaded 0 groupId for remote repository maven-central
[INFO] Loaded 0 groupId for remote repository google-maven-central-copy
[INFO] Njord 0.9.9 session created
[INFO] BuildTimeEventSpy is registered.
[INFO] 
[INFO] Using the SmartBuilder implementation with a thread count of 5
[INFO] 
[INFO] ------------------------< io.trino:trino-tests >------------------------
[INFO] Building trino-tests 484-SNAPSHOT
[INFO]   from pom.xml
[INFO] --------------------------------[ jar ]---------------------------------
[INFO] Loaded 0 groupId for remote repository ossrh
[INFO] Loaded 0 groupId for remote repository repo.gradle.org
[INFO] Loaded 0 groupId for remote repository central.maven.org
[INFO] 
[INFO] --- enforcer:3.6.3:enforce (default) @ trino-tests ---
[INFO] Rule 0: org.apache.maven.enforcer.rules.dependency.BannedDependencies passed
[INFO] Rule 1: org.apache.maven.plugins.enforcer.RestrictImports passed
[INFO] Rule 2: org.apache.maven.plugins.enforcer.RestrictImports passed
[INFO] Rule 3: org.apache.maven.plugins.enforcer.RestrictImports passed
[INFO] Rule 4: org.apache.maven.plugins.enforcer.RestrictImports passed
[INFO] Rule 5: org.apache.maven.enforcer.rules.RequireProfileIdsExist passed
[INFO] Rule 6: org.codehaus.mojo.extraenforcer.model.RequirePropertyDiverges passed
[INFO] Rule 7: org.apache.maven.enforcer.rules.property.RequireProperty passed
[INFO] Rule 8: org.apache.maven.enforcer.rules.RequireJavaVendor passed
[INFO] Rule 9: org.apache.maven.enforcer.rules.BanDuplicatePomDependencyVersions passed
[INFO] Rule 10: org.apache.maven.enforcer.rules.dependency.RequireUpperBoundDeps passed
[INFO] Rule 11: org.apache.maven.enforcer.rules.version.RequireMavenVersion passed
[INFO] Rule 12: org.apache.maven.enforcer.rules.version.RequireJavaVersion passed
[INFO] Rule 13: org.codehaus.mojo.extraenforcer.dependencies.EnforceBytecodeVersion passed
[INFO] Rule 14: org.apache.maven.enforcer.rules.RequirePluginVersions passed
[INFO] 
[INFO] --- sortpom:4.0.0:verify (default) @ trino-tests ---
[INFO] Verifying file /root/notes/trino.nitro/testing/trino-tests/pom.xml
[INFO] 
[INFO] --- license:5.0.0:check (default) @ trino-tests ---
[INFO] Checking licenses...
[INFO] 
[INFO] --- airstyle:9:check (airstyle) @ trino-tests ---
[INFO] All 145 files are already formatted
[INFO] 
[INFO] --- checkstyle:3.6.0:check (checkstyle) @ trino-tests ---
[INFO] You have 0 Checkstyle violations.
[INFO] 
[INFO] --- git-commit-id:10.0.0:revision (default) @ trino-tests ---
[INFO] 
[INFO] --- build-helper:3.6.1:bsh-property (surefire-enable-preview) @ trino-tests ---
[INFO] 
[INFO] --- jacoco:0.8.15:prepare-agent (default) @ trino-tests ---
[INFO] Skipping JaCoCo execution because property jacoco.skip is set.
[INFO] 
[INFO] --- resources:3.5.0:resources (default-resources) @ trino-tests ---
[INFO] skip non existing resourceDirectory /root/notes/trino.nitro/testing/trino-tests/src/main/resources
[INFO] 
[INFO] --- compiler:3.15.0:compile (default-compile) @ trino-tests ---
[INFO] Nothing to compile - all classes are up to date.
[INFO] 
[INFO] --- resources:3.5.0:testResources (default-testResources) @ trino-tests ---
[INFO] Copying 267 resources from src/test/resources to target/test-classes
[INFO] 
[INFO] --- compiler:3.15.0:testCompile (default-testCompile) @ trino-tests ---
[INFO] Nothing to compile - all classes are up to date.
[INFO] 
[INFO] --- dependency:3.11.0:analyze-only (default) @ trino-tests ---
[INFO] No dependency problems found
[INFO] 
[INFO] --- dependency:3.11.0:analyze-duplicate (default) @ trino-tests ---
[INFO] No duplicate dependencies found in <dependencies/> or in <dependencyManagement/>
[INFO] 
[INFO] --- duplicate-finder:2.0.1:check (default) @ trino-tests ---
[INFO] Checking compile classpath
[INFO] Checking runtime classpath
[INFO] Checking test classpath
[INFO] 
[INFO] --- modernizer:3.4.0:modernizer (modernizer) @ trino-tests ---
[INFO] 
[INFO] --- modernizer:3.4.0:modernizer (modernizer-production-code) @ trino-tests ---
[INFO] 
[INFO] --- surefire:3.5.6:test (default-test) @ trino-tests ---
[INFO] Tests will run in random order. To reproduce ordering use flag -Dsurefire.runOrder.random.seed=5181061700621310
[INFO] Using auto detected provider org.apache.maven.surefire.junitplatform.JUnitPlatformProvider
[INFO] 
[INFO] -------------------------------------------------------
[INFO]  T E S T S
[INFO] -------------------------------------------------------
[WARNING] [stderr] WARNING: Using incubator modules: jdk.incubator.vector
[WARNING] [stderr] 2026-08-15T17:56:21.593-0600	INFO	ForkJoinPool-1-worker-1	io.airlift.log.Logging	Logging to stderr
[INFO] Running io.trino.tests.nitro.TestNitroTpcdsParquetPerformance
[WARNING] [stderr] 2026-08-15T17:56:21.672-0600	INFO	ForkJoinPool-1-worker-1	stdout	benchmark_environment,max_heap_bytes,12884901888
[WARNING] [stderr] 2026-08-15T17:56:21.672-0600	INFO	ForkJoinPool-1-worker-1	stdout	benchmark_environment,query_max_memory,9GB
[WARNING] [stderr] 2026-08-15T17:56:21.672-0600	INFO	ForkJoinPool-1-worker-1	stdout	benchmark_environment,query_max_memory_per_node,9GB
[WARNING] [stderr] 2026-08-15T17:56:21.672-0600	INFO	ForkJoinPool-1-worker-1	stdout	benchmark_environment,heap_headroom_per_node,20%
[WARNING] [stderr] 2026-08-15T17:56:21.673-0600	INFO	ForkJoinPool-1-worker-1	stdout	benchmark_environment,task_concurrency,4
[WARNING] [stderr] 2026-08-15T17:56:22.501-0600	INFO	ForkJoinPool-1-worker-1	io.trino.simd.BlockEncodingSimdSupport	Detected SIMD Support for architecture=amd64, vectorBitWidth=512: SimdSupport[capabilities=[COMPRESS_BYTE, EXPAND_BYTE, COMPRESS_SHORT, EXPAND_SHORT, COMPRESS_INT, EXPAND_INT, COMPRESS_LONG, EXPAND_LONG]]
[WARNING] [stderr] WARNING: A restricted method in java.lang.System has been called
[WARNING] [stderr] WARNING: java.lang.System::loadLibrary has been called by com.aayushatharva.brotli4j.Brotli4jLoader in an unnamed module (file:/root/.m2/repository/com/aayushatharva/brotli4j/brotli4j/1.23.0/brotli4j-1.23.0.jar)
[WARNING] [stderr] WARNING: Use --enable-native-access=ALL-UNNAMED to avoid a warning for callers in this module
[WARNING] [stderr] WARNING: Restricted methods will be blocked in a future release unless native access is enabled
[WARNING] [stderr] 
[WARNING] [stderr] 2026-08-15T17:56:23.833-0600	INFO	ForkJoinPool-1-worker-1	io.trino.testing.DistributedQueryRunner	Created DistributedQueryRunner in 1.93s (unclosed instances = 1)
[WARNING] [stderr] 2026-08-15T17:56:24.336-0600	INFO	ForkJoinPool-1-worker-1	stdout	engine,suite,query,measurements,min_ms,p50_ms,p95_ms,mean_ms,cpu_p50_ms,cpu_mean_ms,native_sources
[WARNING] [stderr] 2026-08-15T17:56:34.964-0600	INFO	SplitRunner-20260815_235624_00026_wib2n.2.0.0-16-590	stderr	[million-group-state] groups=
[WARNING] [stderr] 2026-08-15T17:56:34.964-0600	INFO	SplitRunner-20260815_235624_00026_wib2n.2.0.0-16-590	stderr	1000592
[WARNING] [stderr] 2026-08-15T17:56:34.964-0600	INFO	SplitRunner-20260815_235624_00026_wib2n.2.0.0-16-590	stderr	 capacity=
[WARNING] [stderr] 2026-08-15T17:56:34.964-0600	INFO	SplitRunner-20260815_235624_00026_wib2n.2.0.0-16-590	stderr	1000592
[WARNING] [stderr] 2026-08-15T17:56:34.964-0600	INFO	SplitRunner-20260815_235624_00026_wib2n.2.0.0-16-590	stderr	 grouping=
[WARNING] [stderr] 2026-08-15T17:56:34.964-0600	INFO	SplitRunner-20260815_235624_00026_wib2n.2.0.0-16-590	stderr	27992169
[WARNING] [stderr] 2026-08-15T17:56:34.964-0600	INFO	SplitRunner-20260815_235624_00026_wib2n.2.0.0-16-590	stderr	 total=
[WARNING] [stderr] 2026-08-15T17:56:34.964-0600	INFO	SplitRunner-20260815_235624_00026_wib2n.2.0.0-16-590	stderr	29006649
[WARNING] [stderr] 2026-08-15T17:56:34.964-0600	INFO	SplitRunner-20260815_235624_00026_wib2n.2.0.0-16-590	stderr	 aggregations=
[WARNING] [stderr] 2026-08-15T17:56:34.964-0600	INFO	SplitRunner-20260815_235624_00026_wib2n.2.0.0-16-590	stderr	[GeneratedRegisteredAggregationUnit]
[WARNING] [stderr] 2026-08-15T17:56:35.465-0600	INFO	SplitRunner-20260815_235624_00026_wib2n.2.0.0-14-588	stderr	[million-group-state] groups=
[WARNING] [stderr] 2026-08-15T17:56:35.465-0600	INFO	SplitRunner-20260815_235624_00026_wib2n.2.0.0-14-588	stderr	1000532
[WARNING] [stderr] 2026-08-15T17:56:35.466-0600	INFO	SplitRunner-20260815_235624_00026_wib2n.2.0.0-14-588	stderr	 capacity=
[WARNING] [stderr] 2026-08-15T17:56:35.466-0600	INFO	SplitRunner-20260815_235624_00026_wib2n.2.0.0-14-588	stderr	1000532
[WARNING] [stderr] 2026-08-15T17:56:35.466-0600	INFO	SplitRunner-20260815_235624_00026_wib2n.2.0.0-14-588	stderr	 grouping=
[WARNING] [stderr] 2026-08-15T17:56:35.466-0600	INFO	SplitRunner-20260815_235624_00026_wib2n.2.0.0-14-588	stderr	27992153
[WARNING] [stderr] 2026-08-15T17:56:35.466-0600	INFO	SplitRunner-20260815_235624_00026_wib2n.2.0.0-14-588	stderr	 total=
[WARNING] [stderr] 2026-08-15T17:56:35.466-0600	INFO	SplitRunner-20260815_235624_00026_wib2n.2.0.0-14-588	stderr	29006601
[WARNING] [stderr] 2026-08-15T17:56:35.466-0600	INFO	SplitRunner-20260815_235624_00026_wib2n.2.0.0-14-588	stderr	 aggregations=
[WARNING] [stderr] 2026-08-15T17:56:35.466-0600	INFO	SplitRunner-20260815_235624_00026_wib2n.2.0.0-14-588	stderr	[GeneratedRegisteredAggregationUnit]
[WARNING] [stderr] 2026-08-15T17:56:35.599-0600	INFO	SplitRunner-20260815_235624_00026_wib2n.2.1.0-13-621	stderr	[million-group-state] groups=
[WARNING] [stderr] 2026-08-15T17:56:35.599-0600	INFO	SplitRunner-20260815_235624_00026_wib2n.2.1.0-13-621	stderr	1000632
[WARNING] [stderr] 2026-08-15T17:56:35.599-0600	INFO	SplitRunner-20260815_235624_00026_wib2n.2.1.0-13-621	stderr	 capacity=
[WARNING] [stderr] 2026-08-15T17:56:35.599-0600	INFO	SplitRunner-20260815_235624_00026_wib2n.2.1.0-13-621	stderr	1000632
[WARNING] [stderr] 2026-08-15T17:56:35.599-0600	INFO	SplitRunner-20260815_235624_00026_wib2n.2.1.0-13-621	stderr	 grouping=
[WARNING] [stderr] 2026-08-15T17:56:35.599-0600	INFO	SplitRunner-20260815_235624_00026_wib2n.2.1.0-13-621	stderr	27992177
[WARNING] [stderr] 2026-08-15T17:56:35.599-0600	INFO	SplitRunner-20260815_235624_00026_wib2n.2.1.0-13-621	stderr	 total=
[WARNING] [stderr] 2026-08-15T17:56:35.599-0600	INFO	SplitRunner-20260815_235624_00026_wib2n.2.1.0-13-621	stderr	29006673
[WARNING] [stderr] 2026-08-15T17:56:35.599-0600	INFO	SplitRunner-20260815_235624_00026_wib2n.2.1.0-13-621	stderr	 aggregations=
[WARNING] [stderr] 2026-08-15T17:56:35.599-0600	INFO	SplitRunner-20260815_235624_00026_wib2n.2.1.0-13-621	stderr	[GeneratedRegisteredAggregationUnit]
[WARNING] [stderr] 2026-08-15T17:56:35.636-0600	INFO	SplitRunner-20260815_235624_00026_wib2n.2.0.0-13-587	stderr	[million-group-state] groups=
[WARNING] [stderr] 2026-08-15T17:56:35.636-0600	INFO	SplitRunner-20260815_235624_00026_wib2n.2.0.0-13-587	stderr	1000448
[WARNING] [stderr] 2026-08-15T17:56:35.636-0600	INFO	SplitRunner-20260815_235624_00026_wib2n.2.0.0-13-587	stderr	 capacity=
[WARNING] [stderr] 2026-08-15T17:56:35.636-0600	INFO	SplitRunner-20260815_235624_00026_wib2n.2.0.0-13-587	stderr	1000448
[WARNING] [stderr] 2026-08-15T17:56:35.636-0600	INFO	SplitRunner-20260815_235624_00026_wib2n.2.0.0-13-587	stderr	 grouping=
[WARNING] [stderr] 2026-08-15T17:56:35.636-0600	INFO	SplitRunner-20260815_235624_00026_wib2n.2.0.0-13-587	stderr	27992061
[WARNING] [stderr] 2026-08-15T17:56:35.636-0600	INFO	SplitRunner-20260815_235624_00026_wib2n.2.0.0-13-587	stderr	 total=
[WARNING] [stderr] 2026-08-15T17:56:35.636-0600	INFO	SplitRunner-20260815_235624_00026_wib2n.2.0.0-13-587	stderr	29006325
[WARNING] [stderr] 2026-08-15T17:56:35.636-0600	INFO	SplitRunner-20260815_235624_00026_wib2n.2.0.0-13-587	stderr	 aggregations=
[WARNING] [stderr] 2026-08-15T17:56:35.636-0600	INFO	SplitRunner-20260815_235624_00026_wib2n.2.0.0-13-587	stderr	[GeneratedRegisteredAggregationUnit]
[WARNING] [stderr] 2026-08-15T17:56:35.643-0600	INFO	SplitRunner-20260815_235624_00026_wib2n.2.0.0-15-589	stderr	[million-group-state] groups=
[WARNING] [stderr] 2026-08-15T17:56:35.643-0600	INFO	SplitRunner-20260815_235624_00026_wib2n.2.0.0-15-589	stderr	1000342
[WARNING] [stderr] 2026-08-15T17:56:35.643-0600	INFO	SplitRunner-20260815_235624_00026_wib2n.2.0.0-15-589	stderr	 capacity=
[WARNING] [stderr] 2026-08-15T17:56:35.643-0600	INFO	SplitRunner-20260815_235624_00026_wib2n.2.0.0-15-589	stderr	1000342
[WARNING] [stderr] 2026-08-15T17:56:35.643-0600	INFO	SplitRunner-20260815_235624_00026_wib2n.2.0.0-15-589	stderr	 grouping=
[WARNING] [stderr] 2026-08-15T17:56:35.643-0600	INFO	SplitRunner-20260815_235624_00026_wib2n.2.0.0-15-589	stderr	27992149
[WARNING] [stderr] 2026-08-15T17:56:35.643-0600	INFO	SplitRunner-20260815_235624_00026_wib2n.2.0.0-15-589	stderr	 total=
[WARNING] [stderr] 2026-08-15T17:56:35.643-0600	INFO	SplitRunner-20260815_235624_00026_wib2n.2.0.0-15-589	stderr	29006589
[WARNING] [stderr] 2026-08-15T17:56:35.643-0600	INFO	SplitRunner-20260815_235624_00026_wib2n.2.0.0-15-589	stderr	 aggregations=
[WARNING] [stderr] 2026-08-15T17:56:35.643-0600	INFO	SplitRunner-20260815_235624_00026_wib2n.2.0.0-15-589	stderr	[GeneratedRegisteredAggregationUnit]
[WARNING] [stderr] 2026-08-15T17:56:35.728-0600	INFO	SplitRunner-20260815_235624_00026_wib2n.2.1.0-16-624	stderr	[million-group-state] groups=
[WARNING] [stderr] 2026-08-15T17:56:35.728-0600	INFO	SplitRunner-20260815_235624_00026_wib2n.2.1.0-16-624	stderr	1000789
[WARNING] [stderr] 2026-08-15T17:56:35.728-0600	INFO	SplitRunner-20260815_235624_00026_wib2n.2.1.0-16-624	stderr	 capacity=
[WARNING] [stderr] 2026-08-15T17:56:35.728-0600	INFO	SplitRunner-20260815_235624_00026_wib2n.2.1.0-16-624	stderr	1000789
[WARNING] [stderr] 2026-08-15T17:56:35.728-0600	INFO	SplitRunner-20260815_235624_00026_wib2n.2.1.0-16-624	stderr	 grouping=
[WARNING] [stderr] 2026-08-15T17:56:35.728-0600	INFO	SplitRunner-20260815_235624_00026_wib2n.2.1.0-16-624	stderr	27992165
[WARNING] [stderr] 2026-08-15T17:56:35.728-0600	INFO	SplitRunner-20260815_235624_00026_wib2n.2.1.0-16-624	stderr	 total=
[WARNING] [stderr] 2026-08-15T17:56:35.728-0600	INFO	SplitRunner-20260815_235624_00026_wib2n.2.1.0-16-624	stderr	29006637
[WARNING] [stderr] 2026-08-15T17:56:35.728-0600	INFO	SplitRunner-20260815_235624_00026_wib2n.2.1.0-16-624	stderr	 aggregations=
[WARNING] [stderr] 2026-08-15T17:56:35.728-0600	INFO	SplitRunner-20260815_235624_00026_wib2n.2.1.0-16-624	stderr	[GeneratedRegisteredAggregationUnit]
[WARNING] [stderr] 2026-08-15T17:56:35.889-0600	INFO	SplitRunner-20260815_235624_00026_wib2n.20.0.0-13-640	stderr	[million-group-state] groups=
[WARNING] [stderr] 2026-08-15T17:56:35.889-0600	INFO	SplitRunner-20260815_235624_00026_wib2n.20.0.0-13-640	stderr	1000104
[WARNING] [stderr] 2026-08-15T17:56:35.891-0600	INFO	SplitRunner-20260815_235624_00026_wib2n.20.0.0-13-640	stderr	 capacity=
[WARNING] [stderr] 2026-08-15T17:56:35.891-0600	INFO	SplitRunner-20260815_235624_00026_wib2n.20.0.0-13-640	stderr	1000104
[WARNING] [stderr] 2026-08-15T17:56:35.891-0600	INFO	SplitRunner-20260815_235624_00026_wib2n.20.0.0-13-640	stderr	 grouping=
[WARNING] [stderr] 2026-08-15T17:56:35.891-0600	INFO	SplitRunner-20260815_235624_00026_wib2n.20.0.0-13-640	stderr	27992125
[WARNING] [stderr] 2026-08-15T17:56:35.891-0600	INFO	SplitRunner-20260815_235624_00026_wib2n.20.0.0-13-640	stderr	 total=
[WARNING] [stderr] 2026-08-15T17:56:35.891-0600	INFO	SplitRunner-20260815_235624_00026_wib2n.20.0.0-13-640	stderr	29006517
[WARNING] [stderr] 2026-08-15T17:56:35.891-0600	INFO	SplitRunner-20260815_235624_00026_wib2n.20.0.0-13-640	stderr	 aggregations=
[WARNING] [stderr] 2026-08-15T17:56:35.891-0600	INFO	SplitRunner-20260815_235624_00026_wib2n.20.0.0-13-640	stderr	[GeneratedRegisteredAggregationUnit]
[WARNING] [stderr] 2026-08-15T17:56:35.910-0600	INFO	SplitRunner-20260815_235624_00026_wib2n.2.1.0-14-622	stderr	[million-group-state] groups=
[WARNING] [stderr] 2026-08-15T17:56:35.911-0600	INFO	SplitRunner-20260815_235624_00026_wib2n.2.1.0-14-622	stderr	1000040
[WARNING] [stderr] 2026-08-15T17:56:35.911-0600	INFO	SplitRunner-20260815_235624_00026_wib2n.2.1.0-14-622	stderr	 capacity=
[WARNING] [stderr] 2026-08-15T17:56:35.911-0600	INFO	SplitRunner-20260815_235624_00026_wib2n.2.1.0-14-622	stderr	1000040
[WARNING] [stderr] 2026-08-15T17:56:35.911-0600	INFO	SplitRunner-20260815_235624_00026_wib2n.2.1.0-14-622	stderr	 grouping=
[WARNING] [stderr] 2026-08-15T17:56:35.911-0600	INFO	SplitRunner-20260815_235624_00026_wib2n.2.1.0-14-622	stderr	27992069
[WARNING] [stderr] 2026-08-15T17:56:35.911-0600	INFO	SplitRunner-20260815_235624_00026_wib2n.2.1.0-14-622	stderr	 total=
[WARNING] [stderr] 2026-08-15T17:56:35.911-0600	INFO	SplitRunner-20260815_235624_00026_wib2n.2.1.0-14-622	stderr	29006349
[WARNING] [stderr] 2026-08-15T17:56:35.911-0600	INFO	SplitRunner-20260815_235624_00026_wib2n.2.1.0-14-622	stderr	 aggregations=
[WARNING] [stderr] 2026-08-15T17:56:35.911-0600	INFO	SplitRunner-20260815_235624_00026_wib2n.2.1.0-14-622	stderr	[GeneratedRegisteredAggregationUnit]
[WARNING] [stderr] 2026-08-15T17:56:35.912-0600	INFO	SplitRunner-20260815_235624_00026_wib2n.20.0.0-16-647	stderr	[million-group-state] groups=
[WARNING] [stderr] 2026-08-15T17:56:35.912-0600	INFO	SplitRunner-20260815_235624_00026_wib2n.20.0.0-16-647	stderr	1000211
[WARNING] [stderr] 2026-08-15T17:56:35.912-0600	INFO	SplitRunner-20260815_235624_00026_wib2n.20.0.0-16-647	stderr	 capacity=
[WARNING] [stderr] 2026-08-15T17:56:35.912-0600	INFO	SplitRunner-20260815_235624_00026_wib2n.20.0.0-16-647	stderr	1000211
[WARNING] [stderr] 2026-08-15T17:56:35.912-0600	INFO	SplitRunner-20260815_235624_00026_wib2n.20.0.0-16-647	stderr	 grouping=
[WARNING] [stderr] 2026-08-15T17:56:35.912-0600	INFO	SplitRunner-20260815_235624_00026_wib2n.20.0.0-16-647	stderr	27992033
[WARNING] [stderr] 2026-08-15T17:56:35.912-0600	INFO	SplitRunner-20260815_235624_00026_wib2n.20.0.0-16-647	stderr	 total=
[WARNING] [stderr] 2026-08-15T17:56:35.912-0600	INFO	SplitRunner-20260815_235624_00026_wib2n.20.0.0-16-647	stderr	29006241
[WARNING] [stderr] 2026-08-15T17:56:35.912-0600	INFO	SplitRunner-20260815_235624_00026_wib2n.20.0.0-16-647	stderr	 aggregations=
[WARNING] [stderr] 2026-08-15T17:56:35.912-0600	INFO	SplitRunner-20260815_235624_00026_wib2n.20.0.0-16-647	stderr	[GeneratedRegisteredAggregationUnit]
[WARNING] [stderr] 2026-08-15T17:56:36.040-0600	INFO	SplitRunner-20260815_235624_00026_wib2n.2.1.0-15-623	stderr	[million-group-state] groups=
[WARNING] [stderr] 2026-08-15T17:56:36.040-0600	INFO	SplitRunner-20260815_235624_00026_wib2n.2.1.0-15-623	stderr	1000114
[WARNING] [stderr] 2026-08-15T17:56:36.040-0600	INFO	SplitRunner-20260815_235624_00026_wib2n.2.1.0-15-623	stderr	 capacity=
[WARNING] [stderr] 2026-08-15T17:56:36.040-0600	INFO	SplitRunner-20260815_235624_00026_wib2n.2.1.0-15-623	stderr	1000114
[WARNING] [stderr] 2026-08-15T17:56:36.040-0600	INFO	SplitRunner-20260815_235624_00026_wib2n.2.1.0-15-623	stderr	 grouping=
[WARNING] [stderr] 2026-08-15T17:56:36.041-0600	INFO	SplitRunner-20260815_235624_00026_wib2n.2.1.0-15-623	stderr	27992129
[WARNING] [stderr] 2026-08-15T17:56:36.041-0600	INFO	SplitRunner-20260815_235624_00026_wib2n.2.1.0-15-623	stderr	 total=
[WARNING] [stderr] 2026-08-15T17:56:36.041-0600	INFO	SplitRunner-20260815_235624_00026_wib2n.2.1.0-15-623	stderr	29006529
[WARNING] [stderr] 2026-08-15T17:56:36.041-0600	INFO	SplitRunner-20260815_235624_00026_wib2n.2.1.0-15-623	stderr	 aggregations=
[WARNING] [stderr] 2026-08-15T17:56:36.041-0600	INFO	SplitRunner-20260815_235624_00026_wib2n.2.1.0-15-623	stderr	[GeneratedRegisteredAggregationUnit]
[WARNING] [stderr] 2026-08-15T17:56:36.352-0600	INFO	SplitRunner-20260815_235624_00026_wib2n.20.0.0-14-641	stderr	[million-group-state] groups=
[WARNING] [stderr] 2026-08-15T17:56:36.352-0600	INFO	SplitRunner-20260815_235624_00026_wib2n.20.0.0-14-641	stderr	1000501
[WARNING] [stderr] 2026-08-15T17:56:36.352-0600	INFO	SplitRunner-20260815_235624_00026_wib2n.20.0.0-14-641	stderr	 capacity=
[WARNING] [stderr] 2026-08-15T17:56:36.352-0600	INFO	SplitRunner-20260815_235624_00026_wib2n.20.0.0-14-641	stderr	1000501
[WARNING] [stderr] 2026-08-15T17:56:36.352-0600	INFO	SplitRunner-20260815_235624_00026_wib2n.20.0.0-14-641	stderr	 grouping=
[WARNING] [stderr] 2026-08-15T17:56:36.355-0600	INFO	SplitRunner-20260815_235624_00026_wib2n.20.0.0-14-641	stderr	27992153
[WARNING] [stderr] 2026-08-15T17:56:36.355-0600	INFO	SplitRunner-20260815_235624_00026_wib2n.20.0.0-14-641	stderr	 total=
[WARNING] [stderr] 2026-08-15T17:56:36.355-0600	INFO	SplitRunner-20260815_235624_00026_wib2n.20.0.0-14-641	stderr	29006601
[WARNING] [stderr] 2026-08-15T17:56:36.355-0600	INFO	SplitRunner-20260815_235624_00026_wib2n.20.0.0-14-641	stderr	 aggregations=
[WARNING] [stderr] 2026-08-15T17:56:36.355-0600	INFO	SplitRunner-20260815_235624_00026_wib2n.20.0.0-14-641	stderr	[GeneratedRegisteredAggregationUnit]
[WARNING] [stderr] 2026-08-15T17:56:36.798-0600	INFO	SplitRunner-20260815_235624_00026_wib2n.20.0.0-15-642	stderr	[million-group-state] groups=
[WARNING] [stderr] 2026-08-15T17:56:36.798-0600	INFO	SplitRunner-20260815_235624_00026_wib2n.20.0.0-15-642	stderr	1000384
[WARNING] [stderr] 2026-08-15T17:56:36.801-0600	INFO	SplitRunner-20260815_235624_00026_wib2n.20.0.0-15-642	stderr	 capacity=
[WARNING] [stderr] 2026-08-15T17:56:36.801-0600	INFO	SplitRunner-20260815_235624_00026_wib2n.20.0.0-15-642	stderr	1000384
[WARNING] [stderr] 2026-08-15T17:56:36.801-0600	INFO	SplitRunner-20260815_235624_00026_wib2n.20.0.0-15-642	stderr	 grouping=
[WARNING] [stderr] 2026-08-15T17:56:36.801-0600	INFO	SplitRunner-20260815_235624_00026_wib2n.20.0.0-15-642	stderr	27992149
[WARNING] [stderr] 2026-08-15T17:56:36.801-0600	INFO	SplitRunner-20260815_235624_00026_wib2n.20.0.0-15-642	stderr	 total=
[WARNING] [stderr] 2026-08-15T17:56:36.801-0600	INFO	SplitRunner-20260815_235624_00026_wib2n.20.0.0-15-642	stderr	29006589
[WARNING] [stderr] 2026-08-15T17:56:36.801-0600	INFO	SplitRunner-20260815_235624_00026_wib2n.20.0.0-15-642	stderr	 aggregations=
[WARNING] [stderr] 2026-08-15T17:56:36.801-0600	INFO	SplitRunner-20260815_235624_00026_wib2n.20.0.0-15-642	stderr	[GeneratedRegisteredAggregationUnit]
[WARNING] [stderr] 2026-08-15T17:56:36.925-0600	INFO	SplitRunner-20260815_235624_00026_wib2n.20.1.0-15-808	stderr	[million-group-state] groups=
[WARNING] [stderr] 2026-08-15T17:56:36.926-0600	INFO	SplitRunner-20260815_235624_00026_wib2n.20.1.0-15-808	stderr	1000530
[WARNING] [stderr] 2026-08-15T17:56:36.926-0600	INFO	SplitRunner-20260815_235624_00026_wib2n.20.1.0-15-808	stderr	 capacity=
[WARNING] [stderr] 2026-08-15T17:56:36.926-0600	INFO	SplitRunner-20260815_235624_00026_wib2n.20.1.0-15-808	stderr	1000530
[WARNING] [stderr] 2026-08-15T17:56:36.926-0600	INFO	SplitRunner-20260815_235624_00026_wib2n.20.1.0-15-808	stderr	 grouping=
[WARNING] [stderr] 2026-08-15T17:56:36.926-0600	INFO	SplitRunner-20260815_235624_00026_wib2n.20.1.0-15-808	stderr	27992117
[WARNING] [stderr] 2026-08-15T17:56:36.926-0600	INFO	SplitRunner-20260815_235624_00026_wib2n.20.1.0-15-808	stderr	 total=
[WARNING] [stderr] 2026-08-15T17:56:36.926-0600	INFO	SplitRunner-20260815_235624_00026_wib2n.20.1.0-15-808	stderr	29006493
[WARNING] [stderr] 2026-08-15T17:56:36.926-0600	INFO	SplitRunner-20260815_235624_00026_wib2n.20.1.0-15-808	stderr	 aggregations=
[WARNING] [stderr] 2026-08-15T17:56:36.926-0600	INFO	SplitRunner-20260815_235624_00026_wib2n.20.1.0-15-808	stderr	[GeneratedRegisteredAggregationUnit]
[WARNING] [stderr] 2026-08-15T17:56:37.408-0600	INFO	SplitRunner-20260815_235624_00026_wib2n.20.1.0-13-805	stderr	[million-group-state] groups=
[WARNING] [stderr] 2026-08-15T17:56:37.408-0600	INFO	SplitRunner-20260815_235624_00026_wib2n.20.1.0-13-805	stderr	1000178
[WARNING] [stderr] 2026-08-15T17:56:37.408-0600	INFO	SplitRunner-20260815_235624_00026_wib2n.20.1.0-13-805	stderr	 capacity=
[WARNING] [stderr] 2026-08-15T17:56:37.408-0600	INFO	SplitRunner-20260815_235624_00026_wib2n.20.1.0-13-805	stderr	1000178
[WARNING] [stderr] 2026-08-15T17:56:37.408-0600	INFO	SplitRunner-20260815_235624_00026_wib2n.20.1.0-13-805	stderr	 grouping=
[WARNING] [stderr] 2026-08-15T17:56:37.408-0600	INFO	SplitRunner-20260815_235624_00026_wib2n.20.1.0-13-805	stderr	27992177
[WARNING] [stderr] 2026-08-15T17:56:37.408-0600	INFO	SplitRunner-20260815_235624_00026_wib2n.20.1.0-13-805	stderr	 total=
[WARNING] [stderr] 2026-08-15T17:56:37.408-0600	INFO	SplitRunner-20260815_235624_00026_wib2n.20.1.0-13-805	stderr	29006673
[WARNING] [stderr] 2026-08-15T17:56:37.408-0600	INFO	SplitRunner-20260815_235624_00026_wib2n.20.1.0-13-805	stderr	 aggregations=
[WARNING] [stderr] 2026-08-15T17:56:37.408-0600	INFO	SplitRunner-20260815_235624_00026_wib2n.20.1.0-13-805	stderr	[GeneratedRegisteredAggregationUnit]
[WARNING] [stderr] 2026-08-15T17:56:37.474-0600	INFO	SplitRunner-20260815_235624_00026_wib2n.20.1.0-14-807	stderr	[million-group-state] groups=
[WARNING] [stderr] 2026-08-15T17:56:37.474-0600	INFO	SplitRunner-20260815_235624_00026_wib2n.20.1.0-14-807	stderr	1000658
[WARNING] [stderr] 2026-08-15T17:56:37.474-0600	INFO	SplitRunner-20260815_235624_00026_wib2n.20.1.0-14-807	stderr	 capacity=
[WARNING] [stderr] 2026-08-15T17:56:37.474-0600	INFO	SplitRunner-20260815_235624_00026_wib2n.20.1.0-14-807	stderr	1000658
[WARNING] [stderr] 2026-08-15T17:56:37.474-0600	INFO	SplitRunner-20260815_235624_00026_wib2n.20.1.0-14-807	stderr	 grouping=
[WARNING] [stderr] 2026-08-15T17:56:37.474-0600	INFO	SplitRunner-20260815_235624_00026_wib2n.20.1.0-14-807	stderr	27992065
[WARNING] [stderr] 2026-08-15T17:56:37.474-0600	INFO	SplitRunner-20260815_235624_00026_wib2n.20.1.0-14-807	stderr	 total=
[WARNING] [stderr] 2026-08-15T17:56:37.474-0600	INFO	SplitRunner-20260815_235624_00026_wib2n.20.1.0-14-807	stderr	29006337
[WARNING] [stderr] 2026-08-15T17:56:37.474-0600	INFO	SplitRunner-20260815_235624_00026_wib2n.20.1.0-14-807	stderr	 aggregations=
[WARNING] [stderr] 2026-08-15T17:56:37.474-0600	INFO	SplitRunner-20260815_235624_00026_wib2n.20.1.0-14-807	stderr	[GeneratedRegisteredAggregationUnit]
[WARNING] [stderr] 2026-08-15T17:56:37.547-0600	INFO	SplitRunner-20260815_235624_00026_wib2n.20.1.0-16-809	stderr	[million-group-state] groups=
[WARNING] [stderr] 2026-08-15T17:56:37.547-0600	INFO	SplitRunner-20260815_235624_00026_wib2n.20.1.0-16-809	stderr	1000237
[WARNING] [stderr] 2026-08-15T17:56:37.547-0600	INFO	SplitRunner-20260815_235624_00026_wib2n.20.1.0-16-809	stderr	 capacity=
[WARNING] [stderr] 2026-08-15T17:56:37.547-0600	INFO	SplitRunner-20260815_235624_00026_wib2n.20.1.0-16-809	stderr	1000237
[WARNING] [stderr] 2026-08-15T17:56:37.547-0600	INFO	SplitRunner-20260815_235624_00026_wib2n.20.1.0-16-809	stderr	 grouping=
[WARNING] [stderr] 2026-08-15T17:56:37.547-0600	INFO	SplitRunner-20260815_235624_00026_wib2n.20.1.0-16-809	stderr	27992049
[WARNING] [stderr] 2026-08-15T17:56:37.547-0600	INFO	SplitRunner-20260815_235624_00026_wib2n.20.1.0-16-809	stderr	 total=
[WARNING] [stderr] 2026-08-15T17:56:37.547-0600	INFO	SplitRunner-20260815_235624_00026_wib2n.20.1.0-16-809	stderr	29006289
[WARNING] [stderr] 2026-08-15T17:56:37.547-0600	INFO	SplitRunner-20260815_235624_00026_wib2n.20.1.0-16-809	stderr	 aggregations=
[WARNING] [stderr] 2026-08-15T17:56:37.547-0600	INFO	SplitRunner-20260815_235624_00026_wib2n.20.1.0-16-809	stderr	[GeneratedRegisteredAggregationUnit]
[WARNING] [stderr] 2026-08-15T17:56:39.632-0600	INFO	ForkJoinPool-1-worker-1	stdout	input,nitro,tpcds-parquet-sf10,q23a,0,995552959,184382306
[WARNING] [stderr] 2026-08-15T17:56:39.637-0600	INFO	ForkJoinPool-1-worker-1	stdout	nitro,tpcds-parquet-sf10,q23a,1,15294.746,15294.746,15294.746,15294.746,46492.000,46492.000,99
[WARNING] [stderr] 2026-08-15T17:56:39.637-0600	INFO	ForkJoinPool-1-worker-1	stdout	peak_memory,nitro,tpcds-parquet-sf10,q23a,1,2378.533,2378.533,10880.000,10880.000
[WARNING] [stderr] 2026-08-15T17:56:39.638-0600	INFO	ForkJoinPool-1-worker-1	stdout	boundary,nitro,tpcds-parquet-sf10,q23a,1,12468,191802881,4672437407,33101814,539972065,0,3816,32330150,1034572674,97,129320301,0,33101717,542388694,0,43757,320794117,16558376053
[INFO] Tests run: 1, Failures: 0, Errors: 0, Skipped: 0, Time elapsed: 18.07 s -- in io.trino.tests.nitro.TestNitroTpcdsParquetPerformance
[WARNING] [stderr] 2026-08-15T17:56:39.682-0600	INFO	main	io.trino.testing.containers.junit.ReportLeakedContainers	DockerClientFactory not initialized, so there should be no leaked containers, skipping the check
[INFO] 
[INFO] Results:
[INFO] 
[INFO] Tests run: 1, Failures: 0, Errors: 0, Skipped: 0
[INFO] 
[INFO] ------------------------------------------------------------------------
[INFO] BUILD SUCCESS
[INFO] ------------------------------------------------------------------------
[INFO] Total time:  26.753 s (Wall Clock)
[INFO] Finished at: 2026-08-15T23:56:39Z
[INFO] ------------------------------------------------------------------------
[INFO] Njord session closed
