[INFO] Enabling strict checksum verification on all artifact downloads.
[INFO] Processing build on daemon 0735f181
[INFO] Scanning for projects...
[INFO] Loaded 0 groupId for remote repository maven-central
[INFO] Loaded 0 groupId for remote repository google-maven-central-copy
[INFO] Njord 0.9.9 session created
[INFO] BuildTimeEventSpy is registered.
[INFO] 
[INFO] Using the SmartBuilder implementation with a thread count of 5
[INFO] 
[INFO] ------------------------< io.trino:trino-tests >------------------------
[INFO] Building trino-tests 484-SNAPSHOT
[INFO]   from pom.xml
[INFO] --------------------------------[ jar ]---------------------------------
[INFO] Loaded 0 groupId for remote repository ossrh
[INFO] Loaded 0 groupId for remote repository repo.gradle.org
[INFO] Loaded 0 groupId for remote repository central.maven.org
[INFO] 
[INFO] --- enforcer:3.6.3:enforce (default) @ trino-tests ---
[INFO] Rule 0: org.apache.maven.enforcer.rules.dependency.BannedDependencies passed
[INFO] Rule 1: org.apache.maven.plugins.enforcer.RestrictImports passed
[INFO] Rule 2: org.apache.maven.plugins.enforcer.RestrictImports passed
[INFO] Rule 3: org.apache.maven.plugins.enforcer.RestrictImports passed
[INFO] Rule 4: org.apache.maven.plugins.enforcer.RestrictImports passed
[INFO] Rule 5: org.apache.maven.enforcer.rules.RequireProfileIdsExist passed
[INFO] Rule 6: org.codehaus.mojo.extraenforcer.model.RequirePropertyDiverges passed
[INFO] Rule 7: org.apache.maven.enforcer.rules.property.RequireProperty passed
[INFO] Rule 8: org.apache.maven.enforcer.rules.RequireJavaVendor passed
[INFO] Rule 9: org.apache.maven.enforcer.rules.BanDuplicatePomDependencyVersions passed
[INFO] Rule 10: org.apache.maven.enforcer.rules.dependency.RequireUpperBoundDeps passed
[INFO] Rule 11: org.apache.maven.enforcer.rules.version.RequireMavenVersion passed
[INFO] Rule 12: org.apache.maven.enforcer.rules.version.RequireJavaVersion passed
[INFO] Rule 13: org.codehaus.mojo.extraenforcer.dependencies.EnforceBytecodeVersion passed
[INFO] Rule 14: org.apache.maven.enforcer.rules.RequirePluginVersions passed
[INFO] 
[INFO] --- sortpom:4.0.0:verify (default) @ trino-tests ---
[INFO] Verifying file /root/notes/trino.nitro/testing/trino-tests/pom.xml
[INFO] 
[INFO] --- license:5.0.0:check (default) @ trino-tests ---
[INFO] Checking licenses...
[INFO] 
[INFO] --- airstyle:9:check (airstyle) @ trino-tests ---
[INFO] All 145 files are already formatted
[INFO] 
[INFO] --- checkstyle:3.6.0:check (checkstyle) @ trino-tests ---
[INFO] You have 0 Checkstyle violations.
[INFO] 
[INFO] --- git-commit-id:10.0.0:revision (default) @ trino-tests ---
[INFO] 
[INFO] --- build-helper:3.6.1:bsh-property (surefire-enable-preview) @ trino-tests ---
[INFO] 
[INFO] --- jacoco:0.8.15:prepare-agent (default) @ trino-tests ---
[INFO] Skipping JaCoCo execution because property jacoco.skip is set.
[INFO] 
[INFO] --- resources:3.5.0:resources (default-resources) @ trino-tests ---
[INFO] skip non existing resourceDirectory /root/notes/trino.nitro/testing/trino-tests/src/main/resources
[INFO] 
[INFO] --- compiler:3.15.0:compile (default-compile) @ trino-tests ---
[INFO] Nothing to compile - all classes are up to date.
[INFO] 
[INFO] --- resources:3.5.0:testResources (default-testResources) @ trino-tests ---
[INFO] Copying 267 resources from src/test/resources to target/test-classes
[INFO] 
[INFO] --- compiler:3.15.0:testCompile (default-testCompile) @ trino-tests ---
[INFO] Nothing to compile - all classes are up to date.
[INFO] 
[INFO] --- dependency:3.11.0:analyze-only (default) @ trino-tests ---
[INFO] No dependency problems found
[INFO] 
[INFO] --- dependency:3.11.0:analyze-duplicate (default) @ trino-tests ---
[INFO] No duplicate dependencies found in <dependencies/> or in <dependencyManagement/>
[INFO] 
[INFO] --- duplicate-finder:2.0.1:check (default) @ trino-tests ---
[INFO] Checking compile classpath
[INFO] Checking runtime classpath
[INFO] Checking test classpath
[INFO] 
[INFO] --- modernizer:3.4.0:modernizer (modernizer) @ trino-tests ---
[INFO] 
[INFO] --- modernizer:3.4.0:modernizer (modernizer-production-code) @ trino-tests ---
[INFO] 
[INFO] --- surefire:3.5.6:test (default-test) @ trino-tests ---
[INFO] Tests will run in random order. To reproduce ordering use flag -Dsurefire.runOrder.random.seed=5185477278955841
[INFO] Using auto detected provider org.apache.maven.surefire.junitplatform.JUnitPlatformProvider
[WARNING] The system property trino.test.nitro-task-concurrency is configured twice! The property appears in <argLine/> and any of <systemPropertyVariables/>, <systemProperties/> or user property.
[INFO] 
[INFO] -------------------------------------------------------
[INFO]  T E S T S
[INFO] -------------------------------------------------------
[WARNING] [stderr] WARNING: Using incubator modules: jdk.incubator.vector
[WARNING] [stderr] 2026-08-15T19:09:57.164-0600	INFO	ForkJoinPool-1-worker-1	io.airlift.log.Logging	Logging to stderr
[INFO] Running io.trino.tests.nitro.TestNitroTpcdsParquetPerformance
[WARNING] [stderr] 2026-08-15T19:09:57.262-0600	INFO	ForkJoinPool-1-worker-1	stdout	benchmark_environment,max_heap_bytes,12884901888
[WARNING] [stderr] 2026-08-15T19:09:57.262-0600	INFO	ForkJoinPool-1-worker-1	stdout	benchmark_environment,query_max_memory,9GB
[WARNING] [stderr] 2026-08-15T19:09:57.262-0600	INFO	ForkJoinPool-1-worker-1	stdout	benchmark_environment,query_max_memory_per_node,9GB
[WARNING] [stderr] 2026-08-15T19:09:57.262-0600	INFO	ForkJoinPool-1-worker-1	stdout	benchmark_environment,heap_headroom_per_node,20%
[WARNING] [stderr] 2026-08-15T19:09:57.262-0600	INFO	ForkJoinPool-1-worker-1	stdout	benchmark_environment,task_concurrency,4
[WARNING] [stderr] 2026-08-15T19:09:58.073-0600	INFO	ForkJoinPool-1-worker-1	io.trino.simd.BlockEncodingSimdSupport	Detected SIMD Support for architecture=amd64, vectorBitWidth=512: SimdSupport[capabilities=[COMPRESS_BYTE, EXPAND_BYTE, COMPRESS_SHORT, EXPAND_SHORT, COMPRESS_INT, EXPAND_INT, COMPRESS_LONG, EXPAND_LONG]]
[WARNING] [stderr] WARNING: A restricted method in java.lang.System has been called
[WARNING] [stderr] WARNING: java.lang.System::loadLibrary has been called by com.aayushatharva.brotli4j.Brotli4jLoader in an unnamed module (file:/root/.m2/repository/com/aayushatharva/brotli4j/brotli4j/1.23.0/brotli4j-1.23.0.jar)
[WARNING] [stderr] WARNING: Use --enable-native-access=ALL-UNNAMED to avoid a warning for callers in this module
[WARNING] [stderr] WARNING: Restricted methods will be blocked in a future release unless native access is enabled
[WARNING] [stderr] 
[WARNING] [stderr] 2026-08-15T19:09:59.436-0600	INFO	ForkJoinPool-1-worker-1	io.trino.testing.DistributedQueryRunner	Created DistributedQueryRunner in 1.94s (unclosed instances = 1)
[WARNING] [stderr] 2026-08-15T19:09:59.903-0600	INFO	ForkJoinPool-1-worker-1	stdout	engine,suite,query,measurements,min_ms,p50_ms,p95_ms,mean_ms,cpu_p50_ms,cpu_mean_ms,native_sources
[WARNING] [stderr] 2026-08-15T19:10:11.774-0600	INFO	Notification Thread	io.airlift.stats.JmxGcMonitor	Major GC: application 0.00s, stopped 300.00ms: 12.19GB -> 6.34GB
[WARNING] [stderr] 2026-08-15T19:10:11.775-0600	INFO	Notification Thread	io.airlift.stats.JmxGcMonitor	Major GC: application 0.00s, stopped 300.00ms: 12.19GB -> 6.34GB
[WARNING] [stderr] 2026-08-15T19:10:13.963-0600	INFO	Notification Thread	io.airlift.stats.JmxGcMonitor	Major GC: application 1.90s, stopped 291.00ms: 12.02GB -> 7.18GB
[WARNING] [stderr] 2026-08-15T19:10:13.963-0600	INFO	Notification Thread	io.airlift.stats.JmxGcMonitor	Major GC: application 1.90s, stopped 291.00ms: 12.02GB -> 7.18GB
[WARNING] [stderr] 2026-08-15T19:10:16.099-0600	INFO	Notification Thread	io.airlift.stats.JmxGcMonitor	Major GC: application 1.79s, stopped 338.00ms: 12.06GB -> 8.55GB
[WARNING] [stderr] 2026-08-15T19:10:16.099-0600	INFO	Notification Thread	io.airlift.stats.JmxGcMonitor	Major GC: application 1.79s, stopped 338.00ms: 12.06GB -> 8.55GB
[WARNING] [stderr] 2026-08-15T19:10:17.854-0600	INFO	Notification Thread	io.airlift.stats.JmxGcMonitor	Major GC: application 1.38s, stopped 379.00ms: 12.03GB -> 9.63GB
[WARNING] [stderr] 2026-08-15T19:10:17.854-0600	INFO	Notification Thread	io.airlift.stats.JmxGcMonitor	Major GC: application 1.38s, stopped 379.00ms: 12.03GB -> 9.63GB
[WARNING] [stderr] 2026-08-15T19:10:19.270-0600	INFO	Notification Thread	io.airlift.stats.JmxGcMonitor	Major GC: application 1.08s, stopped 334.00ms: 12.02GB -> 9.71GB
[WARNING] [stderr] 2026-08-15T19:10:19.270-0600	INFO	Notification Thread	io.airlift.stats.JmxGcMonitor	Major GC: application 1.08s, stopped 334.00ms: 12.02GB -> 9.71GB
[WARNING] [stderr] 2026-08-15T19:10:20.336-0600	INFO	Notification Thread	io.airlift.stats.JmxGcMonitor	Major GC: application 708.00ms, stopped 327.00ms: 12.02GB -> 10.21GB
[WARNING] [stderr] 2026-08-15T19:10:20.339-0600	INFO	Notification Thread	io.airlift.stats.JmxGcMonitor	Major GC: application 708.00ms, stopped 327.00ms: 12.02GB -> 10.21GB
[WARNING] [stderr] 2026-08-15T19:10:21.117-0600	INFO	Notification Thread	io.airlift.stats.JmxGcMonitor	Major GC: application 550.00ms, stopped 259.00ms: 11.99GB -> 10.71GB
[WARNING] [stderr] 2026-08-15T19:10:21.117-0600	INFO	Notification Thread	io.airlift.stats.JmxGcMonitor	Major GC: application 550.00ms, stopped 259.00ms: 11.99GB -> 10.71GB
[WARNING] [stderr] 2026-08-15T19:10:21.712-0600	WARN	Notification Thread	io.airlift.stats.JmxGcMonitor	Major GC: application 405.00ms, stopped 192.00ms: 11.99GB -> 11.03GB (only recovered 8.0% of heap memory)
[WARNING] [stderr] 2026-08-15T19:10:21.712-0600	WARN	Notification Thread	io.airlift.stats.JmxGcMonitor	Major GC: application 405.00ms, stopped 192.00ms: 11.99GB -> 11.03GB (only recovered 8.0% of heap memory)
[WARNING] [stderr] 2026-08-15T19:10:22.198-0600	WARN	Notification Thread	io.airlift.stats.JmxGcMonitor	Major GC: application 279.00ms, stopped 207.00ms: 11.96GB -> 10.98GB (only recovered 8.2% of heap memory)
[WARNING] [stderr] 2026-08-15T19:10:22.198-0600	WARN	Notification Thread	io.airlift.stats.JmxGcMonitor	Major GC: application 279.00ms, stopped 207.00ms: 11.96GB -> 10.98GB (only recovered 8.2% of heap memory)
[WARNING] [stderr] 2026-08-15T19:10:22.631-0600	WARN	Notification Thread	io.airlift.stats.JmxGcMonitor	Major GC: application 225.00ms, stopped 192.00ms: 12.02GB -> 11.06GB (only recovered 7.9% of heap memory)
[WARNING] [stderr] 2026-08-15T19:10:22.631-0600	WARN	Notification Thread	io.airlift.stats.JmxGcMonitor	Major GC: application 225.00ms, stopped 192.00ms: 12.02GB -> 11.06GB (only recovered 7.9% of heap memory)
[WARNING] [stderr] 2026-08-15T19:10:23.009-0600	WARN	Notification Thread	io.airlift.stats.JmxGcMonitor	Major GC: application 203.00ms, stopped 187.00ms: 12.00GB -> 11.19GB (only recovered 6.8% of heap memory)
[WARNING] [stderr] 2026-08-15T19:10:23.009-0600	WARN	Notification Thread	io.airlift.stats.JmxGcMonitor	Major GC: application 203.00ms, stopped 187.00ms: 12.00GB -> 11.19GB (only recovered 6.8% of heap memory)
[WARNING] [stderr] 2026-08-15T19:10:23.273-0600	WARN	Notification Thread	io.airlift.stats.JmxGcMonitor	Major GC: application 112.00ms, stopped 157.00ms: 11.99GB -> 11.31GB (only recovered 5.6% of heap memory)
[WARNING] [stderr] 2026-08-15T19:10:23.274-0600	WARN	Notification Thread	io.airlift.stats.JmxGcMonitor	Major GC: application 112.00ms, stopped 157.00ms: 11.99GB -> 11.31GB (only recovered 5.6% of heap memory)
[WARNING] [stderr] 2026-08-15T19:10:23.550-0600	WARN	Notification Thread	io.airlift.stats.JmxGcMonitor	Major GC: application 66.00ms, stopped 200.00ms: 12.00GB -> 11.13GB (only recovered 7.3% of heap memory)
[WARNING] [stderr] 2026-08-15T19:10:23.550-0600	WARN	Notification Thread	io.airlift.stats.JmxGcMonitor	Major GC: application 66.00ms, stopped 200.00ms: 12.00GB -> 11.13GB (only recovered 7.3% of heap memory)
[WARNING] [stderr] 2026-08-15T19:10:23.890-0600	WARN	Notification Thread	io.airlift.stats.JmxGcMonitor	Major GC: application 181.00ms, stopped 169.00ms: 12.03GB -> 11.20GB (only recovered 6.9% of heap memory)
[WARNING] [stderr] 2026-08-15T19:10:23.890-0600	WARN	Notification Thread	io.airlift.stats.JmxGcMonitor	Major GC: application 181.00ms, stopped 169.00ms: 12.03GB -> 11.20GB (only recovered 6.9% of heap memory)
[WARNING] [stderr] 2026-08-15T19:10:24.239-0600	WARN	Notification Thread	io.airlift.stats.JmxGcMonitor	Major GC: application 148.00ms, stopped 193.00ms: 12.01GB -> 11.29GB (only recovered 6.0% of heap memory)
[WARNING] [stderr] 2026-08-15T19:10:24.239-0600	WARN	Notification Thread	io.airlift.stats.JmxGcMonitor	Major GC: application 148.00ms, stopped 193.00ms: 12.01GB -> 11.29GB (only recovered 6.0% of heap memory)
[WARNING] [stderr] 2026-08-15T19:10:24.442-0600	WARN	Notification Thread	io.airlift.stats.JmxGcMonitor	Major GC: application 74.00ms, stopped 135.00ms: 11.95GB -> 11.42GB (only recovered 4.4% of heap memory)
[WARNING] [stderr] 2026-08-15T19:10:24.442-0600	WARN	Notification Thread	io.airlift.stats.JmxGcMonitor	Major GC: application 74.00ms, stopped 135.00ms: 11.95GB -> 11.42GB (only recovered 4.4% of heap memory)
[WARNING] [stderr] 2026-08-15T19:10:24.670-0600	WARN	Notification Thread	io.airlift.stats.JmxGcMonitor	Major GC: application 66.00ms, stopped 165.00ms: 11.99GB -> 11.41GB (only recovered 4.8% of heap memory)
[WARNING] [stderr] 2026-08-15T19:10:24.672-0600	WARN	Notification Thread	io.airlift.stats.JmxGcMonitor	Major GC: application 66.00ms, stopped 165.00ms: 11.99GB -> 11.41GB (only recovered 4.8% of heap memory)
[WARNING] [stderr] 2026-08-15T19:10:24.857-0600	WARN	Notification Thread	io.airlift.stats.JmxGcMonitor	Major GC: application 59.00ms, stopped 121.00ms: 12.01GB -> 11.59GB (only recovered 3.4% of heap memory)
[WARNING] [stderr] 2026-08-15T19:10:24.857-0600	WARN	Notification Thread	io.airlift.stats.JmxGcMonitor	Major GC: application 59.00ms, stopped 121.00ms: 12.01GB -> 11.59GB (only recovered 3.4% of heap memory)
[WARNING] [stderr] 2026-08-15T19:10:25.052-0600	WARN	Notification Thread	io.airlift.stats.JmxGcMonitor	Major GC: application 73.00ms, stopped 126.00ms: 11.96GB -> 11.72GB (only recovered 2.0% of heap memory)
[WARNING] [stderr] 2026-08-15T19:10:25.052-0600	WARN	Notification Thread	io.airlift.stats.JmxGcMonitor	Major GC: application 73.00ms, stopped 126.00ms: 11.96GB -> 11.72GB (only recovered 2.0% of heap memory)
[WARNING] [stderr] 2026-08-15T19:10:25.222-0600	WARN	Notification Thread	io.airlift.stats.JmxGcMonitor	Major GC: application 41.00ms, stopped 126.00ms: 12.03GB -> 11.74GB (only recovered 2.5% of heap memory)
[WARNING] [stderr] 2026-08-15T19:10:25.222-0600	WARN	Notification Thread	io.airlift.stats.JmxGcMonitor	Major GC: application 41.00ms, stopped 126.00ms: 12.03GB -> 11.74GB (only recovered 2.5% of heap memory)
[WARNING] [stderr] 2026-08-15T19:10:25.394-0600	WARN	Notification Thread	io.airlift.stats.JmxGcMonitor	Major GC: application 36.00ms, stopped 133.00ms: 12.02GB -> 11.74GB (only recovered 2.3% of heap memory)
[WARNING] [stderr] 2026-08-15T19:10:25.394-0600	WARN	Notification Thread	io.airlift.stats.JmxGcMonitor	Major GC: application 36.00ms, stopped 133.00ms: 12.02GB -> 11.74GB (only recovered 2.3% of heap memory)
[WARNING] [stderr] 2026-08-15T19:10:25.537-0600	WARN	Notification Thread	io.airlift.stats.JmxGcMonitor	Major GC: application 27.00ms, stopped 110.00ms: 11.99GB -> 11.75GB (only recovered 2.0% of heap memory)
[WARNING] [stderr] 2026-08-15T19:10:25.540-0600	WARN	Notification Thread	io.airlift.stats.JmxGcMonitor	Major GC: application 27.00ms, stopped 110.00ms: 11.99GB -> 11.75GB (only recovered 2.0% of heap memory)
[WARNING] [stderr] 2026-08-15T19:10:25.674-0600	WARN	Notification Thread	io.airlift.stats.JmxGcMonitor	Major GC: application 25.00ms, stopped 126.00ms: 11.97GB -> 11.78GB (only recovered 1.6% of heap memory)
[WARNING] [stderr] 2026-08-15T19:10:25.674-0600	WARN	Notification Thread	io.airlift.stats.JmxGcMonitor	Major GC: application 25.00ms, stopped 126.00ms: 11.97GB -> 11.78GB (only recovered 1.6% of heap memory)
[WARNING] [stderr] 2026-08-15T19:10:25.817-0600	WARN	Notification Thread	io.airlift.stats.JmxGcMonitor	Major GC: application 31.00ms, stopped 108.00ms: 11.97GB -> 11.77GB (only recovered 1.7% of heap memory)
[WARNING] [stderr] 2026-08-15T19:10:25.817-0600	WARN	Notification Thread	io.airlift.stats.JmxGcMonitor	Major GC: application 31.00ms, stopped 108.00ms: 11.97GB -> 11.77GB (only recovered 1.7% of heap memory)
[WARNING] [stderr] 2026-08-15T19:10:25.976-0600	WARN	Notification Thread	io.airlift.stats.JmxGcMonitor	Major GC: application 46.00ms, stopped 117.00ms: 12.05GB -> 11.76GB (only recovered 2.4% of heap memory)
[WARNING] [stderr] 2026-08-15T19:10:25.977-0600	WARN	Notification Thread	io.airlift.stats.JmxGcMonitor	Major GC: application 46.00ms, stopped 117.00ms: 12.05GB -> 11.76GB (only recovered 2.4% of heap memory)
[WARNING] [stderr] 2026-08-15T19:10:26.119-0600	WARN	Notification Thread	io.airlift.stats.JmxGcMonitor	Major GC: application 30.00ms, stopped 113.00ms: 11.98GB -> 11.74GB (only recovered 2.0% of heap memory)
[WARNING] [stderr] 2026-08-15T19:10:26.119-0600	WARN	Notification Thread	io.airlift.stats.JmxGcMonitor	Major GC: application 30.00ms, stopped 113.00ms: 11.98GB -> 11.74GB (only recovered 2.0% of heap memory)
[WARNING] [stderr] 2026-08-15T19:10:26.309-0600	WARN	Notification Thread	io.airlift.stats.JmxGcMonitor	Major GC: application 39.00ms, stopped 132.00ms: 12.02GB -> 11.75GB (only recovered 2.2% of heap memory)
[WARNING] [stderr] 2026-08-15T19:10:26.309-0600	WARN	Notification Thread	io.airlift.stats.JmxGcMonitor	Major GC: application 39.00ms, stopped 132.00ms: 12.02GB -> 11.75GB (only recovered 2.2% of heap memory)
[WARNING] [stderr] 2026-08-15T19:10:26.433-0600	WARN	Notification Thread	io.airlift.stats.JmxGcMonitor	Major GC: application 24.00ms, stopped 110.00ms: 11.97GB -> 11.75GB (only recovered 1.9% of heap memory)
[WARNING] [stderr] 2026-08-15T19:10:26.433-0600	WARN	Notification Thread	io.airlift.stats.JmxGcMonitor	Major GC: application 24.00ms, stopped 110.00ms: 11.97GB -> 11.75GB (only recovered 1.9% of heap memory)
[WARNING] [stderr] 2026-08-15T19:10:26.552-0600	WARN	Notification Thread	io.airlift.stats.JmxGcMonitor	Major GC: application 21.00ms, stopped 108.00ms: 11.93GB -> 11.78GB (only recovered 1.3% of heap memory)
[WARNING] [stderr] 2026-08-15T19:10:26.557-0600	WARN	Notification Thread	io.airlift.stats.JmxGcMonitor	Major GC: application 21.00ms, stopped 108.00ms: 11.93GB -> 11.78GB (only recovered 1.3% of heap memory)
[WARNING] [stderr] 2026-08-15T19:10:26.700-0600	WARN	Notification Thread	io.airlift.stats.JmxGcMonitor	Major GC: application 24.00ms, stopped 123.00ms: 12.00GB -> 11.78GB (only recovered 1.8% of heap memory)
[WARNING] [stderr] 2026-08-15T19:10:26.700-0600	WARN	Notification Thread	io.airlift.stats.JmxGcMonitor	Major GC: application 24.00ms, stopped 123.00ms: 12.00GB -> 11.78GB (only recovered 1.8% of heap memory)
[WARNING] [stderr] 2026-08-15T19:10:26.863-0600	WARN	Notification Thread	io.airlift.stats.JmxGcMonitor	Major GC: application 51.00ms, stopped 109.00ms: 12.02GB -> 11.79GB (only recovered 1.9% of heap memory)
[WARNING] [stderr] 2026-08-15T19:10:26.863-0600	WARN	Notification Thread	io.airlift.stats.JmxGcMonitor	Major GC: application 51.00ms, stopped 109.00ms: 12.02GB -> 11.79GB (only recovered 1.9% of heap memory)
[WARNING] [stderr] 2026-08-15T19:10:26.982-0600	WARN	Notification Thread	io.airlift.stats.JmxGcMonitor	Major GC: application 21.00ms, stopped 101.00ms: 11.98GB -> 11.85GB (only recovered 1.1% of heap memory)
[WARNING] [stderr] 2026-08-15T19:10:26.982-0600	WARN	Notification Thread	io.airlift.stats.JmxGcMonitor	Major GC: application 21.00ms, stopped 101.00ms: 11.98GB -> 11.85GB (only recovered 1.1% of heap memory)
[WARNING] [stderr] 2026-08-15T19:10:27.110-0600	WARN	Notification Thread	io.airlift.stats.JmxGcMonitor	Major GC: application 20.00ms, stopped 107.00ms: 12.04GB -> 11.88GB (only recovered 1.3% of heap memory)
[WARNING] [stderr] 2026-08-15T19:10:27.110-0600	WARN	Notification Thread	io.airlift.stats.JmxGcMonitor	Major GC: application 20.00ms, stopped 107.00ms: 12.04GB -> 11.88GB (only recovered 1.3% of heap memory)
[WARNING] [stderr] 2026-08-15T19:10:27.685-0600	WARN	Notification Thread	io.airlift.stats.JmxGcMonitor	Major GC: application 9.00ms, stopped 96.00ms: 11.98GB -> 11.95GB (only recovered 0.3% of heap memory)
[WARNING] [stderr] 2026-08-15T19:10:27.685-0600	WARN	Notification Thread	io.airlift.stats.JmxGcMonitor	Major GC: application 9.00ms, stopped 96.00ms: 11.98GB -> 11.95GB (only recovered 0.3% of heap memory)
[WARNING] [stderr] 2026-08-15T19:10:27.685-0600	WARN	Notification Thread	io.airlift.stats.JmxGcMonitor	Major GC: application 10.00ms, stopped 106.00ms: 11.98GB -> 11.94GB (only recovered 0.3% of heap memory)
[WARNING] [stderr] 2026-08-15T19:10:27.685-0600	WARN	Notification Thread	io.airlift.stats.JmxGcMonitor	Major GC: application 10.00ms, stopped 106.00ms: 11.98GB -> 11.94GB (only recovered 0.3% of heap memory)
[WARNING] [stderr] 2026-08-15T19:10:27.685-0600	WARN	Notification Thread	io.airlift.stats.JmxGcMonitor	Major GC: application 9.00ms, stopped 99.00ms: 11.97GB -> 11.94GB (only recovered 0.2% of heap memory)
[WARNING] [stderr] 2026-08-15T19:10:27.685-0600	WARN	Notification Thread	io.airlift.stats.JmxGcMonitor	Major GC: application 9.00ms, stopped 99.00ms: 11.97GB -> 11.94GB (only recovered 0.2% of heap memory)
[WARNING] [stderr] 2026-08-15T19:10:27.685-0600	WARN	Notification Thread	io.airlift.stats.JmxGcMonitor	Major GC: application 9.00ms, stopped 110.00ms: 11.98GB -> 11.95GB (only recovered 0.2% of heap memory)
[WARNING] [stderr] 2026-08-15T19:10:27.685-0600	WARN	Notification Thread	io.airlift.stats.JmxGcMonitor	Major GC: application 9.00ms, stopped 110.00ms: 11.98GB -> 11.95GB (only recovered 0.2% of heap memory)
[WARNING] [stderr] 2026-08-15T19:10:27.685-0600	WARN	Notification Thread	io.airlift.stats.JmxGcMonitor	Major GC: application 12.00ms, stopped 115.00ms: 12.01GB -> 11.99GB (only recovered 0.2% of heap memory)
[WARNING] [stderr] 2026-08-15T19:10:27.685-0600	WARN	Notification Thread	io.airlift.stats.JmxGcMonitor	Major GC: application 12.00ms, stopped 115.00ms: 12.01GB -> 11.99GB (only recovered 0.2% of heap memory)
[WARNING] [stderr] 2026-08-15T19:10:28.405-0600	WARN	Notification Thread	io.airlift.stats.JmxGcMonitor	Major GC: application 13.00ms, stopped 137.00ms: 12.05GB -> 12.00GB (only recovered 0.4% of heap memory)
[WARNING] [stderr] 2026-08-15T19:10:28.405-0600	WARN	Notification Thread	io.airlift.stats.JmxGcMonitor	Major GC: application 13.00ms, stopped 137.00ms: 12.05GB -> 12.00GB (only recovered 0.4% of heap memory)
[WARNING] [stderr] 2026-08-15T19:10:28.405-0600	WARN	Notification Thread	io.airlift.stats.JmxGcMonitor	Major GC: application 8.00ms, stopped 104.00ms: 12.03GB -> 12.01GB (only recovered 0.2% of heap memory)
[WARNING] [stderr] 2026-08-15T19:10:28.405-0600	WARN	Notification Thread	io.airlift.stats.JmxGcMonitor	Major GC: application 8.00ms, stopped 104.00ms: 12.03GB -> 12.01GB (only recovered 0.2% of heap memory)
[WARNING] [stderr] 2026-08-15T19:10:28.405-0600	WARN	Notification Thread	io.airlift.stats.JmxGcMonitor	Major GC: application 15.00ms, stopped 114.00ms: 12.07GB -> 12.02GB (only recovered 0.5% of heap memory)
[WARNING] [stderr] 2026-08-15T19:10:28.405-0600	WARN	Notification Thread	io.airlift.stats.JmxGcMonitor	Major GC: application 15.00ms, stopped 114.00ms: 12.07GB -> 12.02GB (only recovered 0.5% of heap memory)
[WARNING] [stderr] 2026-08-15T19:10:28.406-0600	WARN	Notification Thread	io.airlift.stats.JmxGcMonitor	Major GC: application 9.00ms, stopped 100.00ms: 12.05GB -> 12.02GB (only recovered 0.2% of heap memory)
[WARNING] [stderr] 2026-08-15T19:10:28.406-0600	WARN	Notification Thread	io.airlift.stats.JmxGcMonitor	Major GC: application 9.00ms, stopped 100.00ms: 12.05GB -> 12.02GB (only recovered 0.2% of heap memory)
[WARNING] [stderr] 2026-08-15T19:10:28.406-0600	WARN	Notification Thread	io.airlift.stats.JmxGcMonitor	Major GC: application 7.00ms, stopped 104.00ms: 12.05GB -> 12.03GB (only recovered 0.2% of heap memory)
[WARNING] [stderr] 2026-08-15T19:10:28.406-0600	WARN	Notification Thread	io.airlift.stats.JmxGcMonitor	Major GC: application 7.00ms, stopped 104.00ms: 12.05GB -> 12.03GB (only recovered 0.2% of heap memory)
[WARNING] [stderr] 2026-08-15T19:10:28.406-0600	WARN	Notification Thread	io.airlift.stats.JmxGcMonitor	Major GC: application 8.00ms, stopped 99.00ms: 12.06GB -> 12.03GB (only recovered 0.2% of heap memory)
[WARNING] [stderr] 2026-08-15T19:10:28.406-0600	WARN	Notification Thread	io.airlift.stats.JmxGcMonitor	Major GC: application 8.00ms, stopped 99.00ms: 12.06GB -> 12.03GB (only recovered 0.2% of heap memory)
[WARNING] [stderr] 2026-08-15T19:10:28.630-0600	WARN	Notification Thread	io.airlift.stats.JmxGcMonitor	Major GC: application 9.00ms, stopped 110.00ms: 12.06GB -> 12.03GB (only recovered 0.3% of heap memory)
[WARNING] [stderr] 2026-08-15T19:10:28.908-0600	WARN	Notification Thread	io.airlift.stats.JmxGcMonitor	Major GC: application 9.00ms, stopped 110.00ms: 12.06GB -> 12.03GB (only recovered 0.3% of heap memory)
[WARNING] [stderr] 2026-08-15T19:10:28.908-0600	WARN	Notification Thread	io.airlift.stats.JmxGcMonitor	Major GC: application 7.00ms, stopped 103.00ms: 12.06GB -> 12.03GB (only recovered 0.2% of heap memory)
[WARNING] [stderr] 2026-08-15T19:10:28.908-0600	WARN	Notification Thread	io.airlift.stats.JmxGcMonitor	Major GC: application 7.00ms, stopped 103.00ms: 12.06GB -> 12.03GB (only recovered 0.2% of heap memory)
[WARNING] [stderr] 2026-08-15T19:10:28.908-0600	WARN	Notification Thread	io.airlift.stats.JmxGcMonitor	Major GC: application 6.00ms, stopped 94.00ms: 12.06GB -> 12.04GB (only recovered 0.2% of heap memory)
[WARNING] [stderr] 2026-08-15T19:10:28.908-0600	WARN	Notification Thread	io.airlift.stats.JmxGcMonitor	Major GC: application 6.00ms, stopped 94.00ms: 12.06GB -> 12.04GB (only recovered 0.2% of heap memory)
[WARNING] [stderr] 2026-08-15T19:10:28.909-0600	WARN	Notification Thread	io.airlift.stats.JmxGcMonitor	Major GC: application 10.00ms, stopped 160.00ms: 12.07GB -> 12.04GB (only recovered 0.2% of heap memory)
[WARNING] [stderr] 2026-08-15T19:10:28.909-0600	WARN	Notification Thread	io.airlift.stats.JmxGcMonitor	Major GC: application 10.00ms, stopped 160.00ms: 12.07GB -> 12.04GB (only recovered 0.2% of heap memory)
[WARNING] [stderr] 2026-08-15T19:10:29.023-0600	WARN	Notification Thread	io.airlift.stats.JmxGcMonitor	Major GC: application 16.00ms, stopped 104.00ms: 12.07GB -> 12.03GB (only recovered 0.3% of heap memory)
[WARNING] [stderr] 2026-08-15T19:10:29.023-0600	WARN	Notification Thread	io.airlift.stats.JmxGcMonitor	Major GC: application 16.00ms, stopped 104.00ms: 12.07GB -> 12.03GB (only recovered 0.3% of heap memory)
[WARNING] [stderr] 2026-08-15T19:10:29.142-0600	WARN	Notification Thread	io.airlift.stats.JmxGcMonitor	Major GC: application 11.00ms, stopped 108.00ms: 12.06GB -> 12.03GB (only recovered 0.3% of heap memory)
[WARNING] [stderr] 2026-08-15T19:10:29.142-0600	WARN	Notification Thread	io.airlift.stats.JmxGcMonitor	Major GC: application 11.00ms, stopped 108.00ms: 12.06GB -> 12.03GB (only recovered 0.3% of heap memory)
[WARNING] [stderr] 2026-08-15T19:10:29.249-0600	WARN	Notification Thread	io.airlift.stats.JmxGcMonitor	Major GC: application 11.00ms, stopped 96.00ms: 12.06GB -> 12.03GB (only recovered 0.2% of heap memory)
[WARNING] [stderr] 2026-08-15T19:10:29.249-0600	WARN	Notification Thread	io.airlift.stats.JmxGcMonitor	Major GC: application 11.00ms, stopped 96.00ms: 12.06GB -> 12.03GB (only recovered 0.2% of heap memory)
[WARNING] [stderr] 2026-08-15T19:10:29.372-0600	WARN	Notification Thread	io.airlift.stats.JmxGcMonitor	Major GC: application 17.00ms, stopped 109.00ms: 12.09GB -> 12.03GB (only recovered 0.5% of heap memory)
[WARNING] [stderr] 2026-08-15T19:10:29.373-0600	WARN	Notification Thread	io.airlift.stats.JmxGcMonitor	Major GC: application 17.00ms, stopped 109.00ms: 12.09GB -> 12.03GB (only recovered 0.5% of heap memory)
[WARNING] [stderr] 2026-08-15T19:10:29.484-0600	WARN	Notification Thread	io.airlift.stats.JmxGcMonitor	Major GC: application 10.00ms, stopped 101.00ms: 12.09GB -> 12.05GB (only recovered 0.4% of heap memory)
[WARNING] [stderr] 2026-08-15T19:10:29.484-0600	WARN	Notification Thread	io.airlift.stats.JmxGcMonitor	Major GC: application 10.00ms, stopped 101.00ms: 12.09GB -> 12.05GB (only recovered 0.4% of heap memory)
[WARNING] [stderr] 2026-08-15T19:10:29.719-0600	WARN	Notification Thread	io.airlift.stats.JmxGcMonitor	Major GC: application 10.00ms, stopped 116.00ms: 12.08GB -> 12.05GB (only recovered 0.2% of heap memory)
[WARNING] [stderr] 2026-08-15T19:10:29.719-0600	WARN	Notification Thread	io.airlift.stats.JmxGcMonitor	Major GC: application 10.00ms, stopped 116.00ms: 12.08GB -> 12.05GB (only recovered 0.2% of heap memory)
[WARNING] [stderr] 2026-08-15T19:10:29.719-0600	WARN	Notification Thread	io.airlift.stats.JmxGcMonitor	Major GC: application 7.00ms, stopped 99.00ms: 12.08GB -> 12.06GB (only recovered 0.1% of heap memory)
[WARNING] [stderr] 2026-08-15T19:10:29.719-0600	WARN	Notification Thread	io.airlift.stats.JmxGcMonitor	Major GC: application 7.00ms, stopped 99.00ms: 12.08GB -> 12.06GB (only recovered 0.1% of heap memory)
[WARNING] [stderr] 2026-08-15T19:10:30.340-0600	WARN	Notification Thread	io.airlift.stats.JmxGcMonitor	Major GC: application 9.00ms, stopped 104.00ms: 12.10GB -> 12.08GB (only recovered 0.2% of heap memory)
[WARNING] [stderr] 2026-08-15T19:10:30.340-0600	WARN	Notification Thread	io.airlift.stats.JmxGcMonitor	Major GC: application 9.00ms, stopped 104.00ms: 12.10GB -> 12.08GB (only recovered 0.2% of heap memory)
[WARNING] [stderr] 2026-08-15T19:10:30.341-0600	WARN	Notification Thread	io.airlift.stats.JmxGcMonitor	Major GC: application 0.00s, stopped 510.00ms: 12.08GB -> 11.91GB (only recovered 1.4% of heap memory)
[WARNING] [stderr] 2026-08-15T19:10:30.341-0600	WARN	Notification Thread	io.airlift.stats.JmxGcMonitor	Major GC: application 0.00s, stopped 510.00ms: 12.08GB -> 11.91GB (only recovered 1.4% of heap memory)
[WARNING] [stderr] 2026-08-15T19:10:30.485-0600	WARN	Notification Thread	io.airlift.stats.JmxGcMonitor	Major GC: application 14.00ms, stopped 129.00ms: 11.97GB -> 11.94GB (only recovered 0.3% of heap memory)
[WARNING] [stderr] 2026-08-15T19:10:30.485-0600	WARN	Notification Thread	io.airlift.stats.JmxGcMonitor	Major GC: application 14.00ms, stopped 129.00ms: 11.97GB -> 11.94GB (only recovered 0.3% of heap memory)
[WARNING] [stderr] 2026-08-15T19:10:30.617-0600	WARN	Notification Thread	io.airlift.stats.JmxGcMonitor	Major GC: application 26.00ms, stopped 108.00ms: 12.06GB -> 11.96GB (only recovered 0.9% of heap memory)
[WARNING] [stderr] 2026-08-15T19:10:30.617-0600	WARN	Notification Thread	io.airlift.stats.JmxGcMonitor	Major GC: application 26.00ms, stopped 108.00ms: 12.06GB -> 11.96GB (only recovered 0.9% of heap memory)
[WARNING] [stderr] 2026-08-15T19:10:30.841-0600	WARN	Notification Thread	io.airlift.stats.JmxGcMonitor	Major GC: application 9.00ms, stopped 102.00ms: 11.99GB -> 11.96GB (only recovered 0.3% of heap memory)
[WARNING] [stderr] 2026-08-15T19:10:30.843-0600	WARN	Notification Thread	io.airlift.stats.JmxGcMonitor	Major GC: application 9.00ms, stopped 102.00ms: 11.99GB -> 11.96GB (only recovered 0.3% of heap memory)
[WARNING] [stderr] 2026-08-15T19:10:30.843-0600	WARN	Notification Thread	io.airlift.stats.JmxGcMonitor	Major GC: application 11.00ms, stopped 103.00ms: 11.99GB -> 11.97GB (only recovered 0.2% of heap memory)
[WARNING] [stderr] 2026-08-15T19:10:30.843-0600	WARN	Notification Thread	io.airlift.stats.JmxGcMonitor	Major GC: application 11.00ms, stopped 103.00ms: 11.99GB -> 11.97GB (only recovered 0.2% of heap memory)
[WARNING] [stderr] 2026-08-15T19:10:30.960-0600	WARN	Notification Thread	io.airlift.stats.JmxGcMonitor	Major GC: application 8.00ms, stopped 112.00ms: 12.00GB -> 11.97GB (only recovered 0.2% of heap memory)
[WARNING] [stderr] 2026-08-15T19:10:30.960-0600	WARN	Notification Thread	io.airlift.stats.JmxGcMonitor	Major GC: application 8.00ms, stopped 112.00ms: 12.00GB -> 11.97GB (only recovered 0.2% of heap memory)
[WARNING] [stderr] 2026-08-15T19:10:31.087-0600	WARN	Notification Thread	io.airlift.stats.JmxGcMonitor	Major GC: application 8.00ms, stopped 113.00ms: 12.00GB -> 11.96GB (only recovered 0.3% of heap memory)
[WARNING] [stderr] 2026-08-15T19:10:31.087-0600	WARN	Notification Thread	io.airlift.stats.JmxGcMonitor	Major GC: application 8.00ms, stopped 113.00ms: 12.00GB -> 11.96GB (only recovered 0.3% of heap memory)
[WARNING] [stderr] 2026-08-15T19:10:31.447-0600	WARN	Notification Thread	io.airlift.stats.JmxGcMonitor	Major GC: application 21.00ms, stopped 110.00ms: 12.03GB -> 11.98GB (only recovered 0.4% of heap memory)
[WARNING] [stderr] 2026-08-15T19:10:31.447-0600	WARN	Notification Thread	io.airlift.stats.JmxGcMonitor	Major GC: application 21.00ms, stopped 110.00ms: 12.03GB -> 11.98GB (only recovered 0.4% of heap memory)
[WARNING] [stderr] 2026-08-15T19:10:31.448-0600	WARN	Notification Thread	io.airlift.stats.JmxGcMonitor	Major GC: application 13.00ms, stopped 105.00ms: 12.04GB -> 12.02GB (only recovered 0.2% of heap memory)
[WARNING] [stderr] 2026-08-15T19:10:31.448-0600	WARN	Notification Thread	io.airlift.stats.JmxGcMonitor	Major GC: application 13.00ms, stopped 105.00ms: 12.04GB -> 12.02GB (only recovered 0.2% of heap memory)
[WARNING] [stderr] 2026-08-15T19:10:31.448-0600	WARN	Notification Thread	io.airlift.stats.JmxGcMonitor	Major GC: application 8.00ms, stopped 103.00ms: 12.05GB -> 12.00GB (only recovered 0.4% of heap memory)
[WARNING] [stderr] 2026-08-15T19:10:31.448-0600	WARN	Notification Thread	io.airlift.stats.JmxGcMonitor	Major GC: application 8.00ms, stopped 103.00ms: 12.05GB -> 12.00GB (only recovered 0.4% of heap memory)
[WARNING] [stderr] 2026-08-15T19:10:31.558-0600	WARN	Notification Thread	io.airlift.stats.JmxGcMonitor	Major GC: application 11.00ms, stopped 106.00ms: 12.06GB -> 12.02GB (only recovered 0.3% of heap memory)
[WARNING] [stderr] 2026-08-15T19:10:31.558-0600	WARN	Notification Thread	io.airlift.stats.JmxGcMonitor	Major GC: application 11.00ms, stopped 106.00ms: 12.06GB -> 12.02GB (only recovered 0.3% of heap memory)
[WARNING] [stderr] 2026-08-15T19:10:31.667-0600	WARN	Notification Thread	io.airlift.stats.JmxGcMonitor	Major GC: application 13.00ms, stopped 95.00ms: 12.08GB -> 12.04GB (only recovered 0.3% of heap memory)
[WARNING] [stderr] 2026-08-15T19:10:31.667-0600	WARN	Notification Thread	io.airlift.stats.JmxGcMonitor	Major GC: application 13.00ms, stopped 95.00ms: 12.08GB -> 12.04GB (only recovered 0.3% of heap memory)
[WARNING] [stderr] 2026-08-15T19:10:31.791-0600	WARN	Notification Thread	io.airlift.stats.JmxGcMonitor	Major GC: application 14.00ms, stopped 111.00ms: 12.07GB -> 12.03GB (only recovered 0.3% of heap memory)
[WARNING] [stderr] 2026-08-15T19:10:31.791-0600	WARN	Notification Thread	io.airlift.stats.JmxGcMonitor	Major GC: application 14.00ms, stopped 111.00ms: 12.07GB -> 12.03GB (only recovered 0.3% of heap memory)
[ERROR] Terminating due to java.lang.OutOfMemoryError: Java heap space
[INFO] 
[INFO] Results:
[INFO] 
[INFO] Tests run: 0, Failures: 0, Errors: 0, Skipped: 0
[INFO] 
[WARNING] Corrupted channel by directly writing to native stream in forked JVM 1. See FAQ web page and the dump file /root/notes/trino.nitro/testing/trino-tests/target/surefire-reports/2026-08-16T01-09-56_785-jvmRun1.dumpstream
[INFO] ------------------------------------------------------------------------
[INFO] BUILD FAILURE
[INFO] ------------------------------------------------------------------------
[INFO] Total time:  44.023 s (Wall Clock)
[INFO] Finished at: 2026-08-16T01:10:32Z
[INFO] ------------------------------------------------------------------------
[INFO] Njord session closed
[ERROR] Failed to execute goal org.apache.maven.plugins:maven-surefire-plugin:3.5.6:test (default-test) on project trino-tests: 
[ERROR] 
[ERROR] See /root/notes/trino.nitro/testing/trino-tests/target/surefire-reports for the individual test results.
[ERROR] See dump files (if any exist) [date].dump, [date]-jvmRun[N].dump and [date].dumpstream.
[ERROR] The forked VM terminated without properly saying goodbye. VM crash or System.exit called?
[ERROR] Command was /bin/sh -c cd '/root/notes/trino.nitro/testing/trino-tests' && '/opt/java/openjdk/bin/java' '-Duser.language=en' '-Duser.region=US' '-Dfile.encoding=UTF-8' '-Xmx12g' '-Xms12g' '-XX:+ExitOnOutOfMemoryError' '-XX:+HeapDumpOnOutOfMemoryError' '-XX:-OmitStackTraceInFastThrow' '-XX:G1HeapRegionSize=32M' '-XX:+UnlockDiagnosticVMOptions' '--add-modules=jdk.incubator.vector' '--sun-misc-unsafe-memory-access=allow' '-Dairlift.quiet=true' '-XX:-HeapDumpOnOutOfMemoryError' '-Dtrino.test.nitro-benchmark-heap-profile=true' '-Dtrino.test.nitro-memory-heap-headroom-per-node=20%' '-Dtrino.test.nitro-query-max-memory=9GB' '-Dtrino.test.nitro-query-max-memory-per-node=9GB' '-Dtrino.test.nitro-task-concurrency=4' '-jar' '/root/notes/trino.nitro/testing/trino-tests/target/surefire/surefirebooter-20260816010956809_3.jar' '/root/notes/trino.nitro/testing/trino-tests/target/surefire' '2026-08-16T01-09-56_785-jvmRun1' 'surefire-20260816010956809_1tmp' 'surefire_0-20260816010956809_2tmp'
[ERROR] Error occurred in starting fork, check output in log
[ERROR] Process Exit Code: 3
[ERROR] Crashed tests:
[ERROR] io.trino.tests.nitro.TestNitroTpcdsParquetPerformance
[ERROR] org.apache.maven.surefire.booter.SurefireBooterForkException: The forked VM terminated without properly saying goodbye. VM crash or System.exit called?
[ERROR] Command was /bin/sh -c cd '/root/notes/trino.nitro/testing/trino-tests' && '/opt/java/openjdk/bin/java' '-Duser.language=en' '-Duser.region=US' '-Dfile.encoding=UTF-8' '-Xmx12g' '-Xms12g' '-XX:+ExitOnOutOfMemoryError' '-XX:+HeapDumpOnOutOfMemoryError' '-XX:-OmitStackTraceInFastThrow' '-XX:G1HeapRegionSize=32M' '-XX:+UnlockDiagnosticVMOptions' '--add-modules=jdk.incubator.vector' '--sun-misc-unsafe-memory-access=allow' '-Dairlift.quiet=true' '-XX:-HeapDumpOnOutOfMemoryError' '-Dtrino.test.nitro-benchmark-heap-profile=true' '-Dtrino.test.nitro-memory-heap-headroom-per-node=20%' '-Dtrino.test.nitro-query-max-memory=9GB' '-Dtrino.test.nitro-query-max-memory-per-node=9GB' '-Dtrino.test.nitro-task-concurrency=4' '-jar' '/root/notes/trino.nitro/testing/trino-tests/target/surefire/surefirebooter-20260816010956809_3.jar' '/root/notes/trino.nitro/testing/trino-tests/target/surefire' '2026-08-16T01-09-56_785-jvmRun1' 'surefire-20260816010956809_1tmp' 'surefire_0-20260816010956809_2tmp'
[ERROR] Error occurred in starting fork, check output in log
[ERROR] Process Exit Code: 3
[ERROR] Crashed tests:
[ERROR] io.trino.tests.nitro.TestNitroTpcdsParquetPerformance
[ERROR] 	at org.apache.maven.plugin.surefire.booterclient.ForkStarter.fork(ForkStarter.java:643)
[ERROR] 	at org.apache.maven.plugin.surefire.booterclient.ForkStarter.run(ForkStarter.java:285)
[ERROR] 	at org.apache.maven.plugin.surefire.booterclient.ForkStarter.run(ForkStarter.java:250)
[ERROR] 	at org.apache.maven.plugin.surefire.AbstractSurefireMojo.executeProvider(AbstractSurefireMojo.java:1356)
[ERROR] 	at org.apache.maven.plugin.surefire.AbstractSurefireMojo.executeAfterPreconditionsChecked(AbstractSurefireMojo.java:1154)
[ERROR] 	at org.apache.maven.plugin.surefire.AbstractSurefireMojo.execute(AbstractSurefireMojo.java:988)
[ERROR] 	at org.apache.maven.plugin.DefaultBuildPluginManager.executeMojo(DefaultBuildPluginManager.java:126)
[ERROR] 	at org.apache.maven.lifecycle.internal.MojoExecutor.doExecute2(MojoExecutor.java:328)
[ERROR] 	at org.apache.maven.lifecycle.internal.MojoExecutor.doExecute(MojoExecutor.java:316)
[ERROR] 	at org.apache.maven.lifecycle.internal.MojoExecutor.execute(MojoExecutor.java:212)
[ERROR] 	at org.apache.maven.lifecycle.internal.MojoExecutor.execute(MojoExecutor.java:174)
[ERROR] 	at org.apache.maven.lifecycle.internal.MojoExecutor.access$000(MojoExecutor.java:75)
[ERROR] 	at org.apache.maven.lifecycle.internal.MojoExecutor$1.run(MojoExecutor.java:162)
[ERROR] 	at org.apache.maven.plugin.DefaultMojosExecutionStrategy.execute(DefaultMojosExecutionStrategy.java:39)
[ERROR] 	at org.apache.maven.lifecycle.internal.MojoExecutor.execute(MojoExecutor.java:159)
[ERROR] 	at org.apache.maven.lifecycle.internal.LifecycleModuleBuilder.buildProject(LifecycleModuleBuilder.java:105)
[ERROR] 	at io.takari.maven.builder.smart.SmartBuilderImpl.buildProject(SmartBuilderImpl.java:206)
[ERROR] 	at io.takari.maven.builder.smart.SmartBuilderImpl$ProjectBuildTask.run(SmartBuilderImpl.java:71)
[ERROR] 	at java.base/java.util.concurrent.Executors$RunnableAdapter.call(Executors.java:545)
[ERROR] 	at java.base/java.util.concurrent.FutureTask.run(FutureTask.java:330)
[ERROR] 	at java.base/java.util.concurrent.ThreadPoolExecutor.runWorker(ThreadPoolExecutor.java:1090)
[ERROR] 	at java.base/java.util.concurrent.ThreadPoolExecutor$Worker.run(ThreadPoolExecutor.java:614)
[ERROR] 	at java.base/java.lang.Thread.run(Thread.java:1516)
[ERROR] -> [Help 1]
[ERROR] 
[ERROR] To see the full stack trace of the errors, re-run Maven with the -e switch.
[ERROR] Re-run Maven using the -X switch to enable full debug logging.
[ERROR] 
[ERROR] For more information about the errors and possible solutions, please read the following articles:
[ERROR] [Help 1] http://cwiki.apache.org/confluence/display/MAVEN/MojoExecutionException
Purged 2 log files (log available in /root/.mvnd/purge-2026-08-16.log)
