[INFO] Processing build on daemon 51d98626
[INFO] Scanning for projects...
[INFO] Njord 0.9.4 session created
[INFO] BuildTimeEventSpy is registered.
[INFO] 
[INFO] Using the SmartBuilder implementation with a thread count of 7
[INFO] 
[INFO] -------------------------< org.weakref:nitro >--------------------------
[INFO] Building nitro 1-SNAPSHOT
[INFO]   from pom.xml
[INFO] --------------------------------[ jar ]---------------------------------
[WARNING] 2 problems were encountered while building the effective model for org.apache.yetus:audience-annotations:jar:0.5.0 during dependency collection step for project (use -X to see details)
[INFO] 
[INFO] --- exec:3.6.1:exec (benchmark) @ nitro ---
[WARNING] [stderr] WARNING: Using incubator modules: jdk.incubator.vector
[WARNING] [stderr] WARNING: A terminally deprecated method in sun.misc.Unsafe has been called
[WARNING] [stderr] WARNING: sun.misc.Unsafe::objectFieldOffset has been called by org.openjdk.jmh.util.Utils (file:/root/.m2/repository/org/openjdk/jmh/jmh-core/1.37/jmh-core-1.37.jar)
[WARNING] [stderr] WARNING: Please consider reporting this to the maintainers of class org.openjdk.jmh.util.Utils
[WARNING] [stderr] WARNING: sun.misc.Unsafe::objectFieldOffset will be removed in a future release
[INFO] [stdout] # JMH version: 1.37
[INFO] [stdout] # VM version: JDK 26.0.1, OpenJDK 64-Bit Server VM, 26.0.1+8
[INFO] [stdout] # VM invoker: /opt/java/openjdk/bin/java
[INFO] [stdout] # VM options: --enable-preview --add-modules=jdk.incubator.vector -Dnitro.clickbench.hits.path= -Xmx12g -XX:+UseTransparentHugePages -Dnitro.tpcds.parquet.path=/root/data/tpcds-parquet-sf10 -Dnitro.group.generatedDictionaryHashProbeBatch=false
[INFO] [stdout] # Blackhole mode: compiler (auto-detected, use -Djmh.blackhole.autoDetect=false to disable)
[INFO] [stdout] # Warmup: 10 iterations, 1 s each
[INFO] [stdout] # Measurement: 5 iterations, 1 s each
[INFO] [stdout] # Timeout: 30 min per iteration
[INFO] [stdout] # Threads: 1 thread, will synchronize iterations
[INFO] [stdout] # Benchmark mode: Average time, time/op
[INFO] [stdout] # Benchmark: org.weakref.nitro.tpcds.BenchmarkQueries.query57
[INFO] [stdout] 
[INFO] [stdout] # Run progress: 0.00% complete, ETA 00:00:45
[INFO] [stdout] # Fork: 1 of 3
[INFO] [stdout] # Preparing profilers: LinuxPerfNormProfiler 
[INFO] [stdout] # Profilers consume stderr from target VM, use -v EXTRA to copy to console
[INFO] [stdout] # Warmup Iteration   1: 2303.573 ms/op
[INFO] [stdout] # Warmup Iteration   2: 1287.505 ms/op
[INFO] [stdout] # Warmup Iteration   3: 1206.004 ms/op
[INFO] [stdout] # Warmup Iteration   4: 1188.219 ms/op
[INFO] [stdout] # Warmup Iteration   5: 1186.354 ms/op
[INFO] [stdout] # Warmup Iteration   6: 1192.663 ms/op
[INFO] [stdout] # Warmup Iteration   7: 1184.504 ms/op
[INFO] [stdout] # Warmup Iteration   8: 1217.047 ms/op
[INFO] [stdout] # Warmup Iteration   9: 1182.081 ms/op
[INFO] [stdout] # Warmup Iteration  10: 1170.865 ms/op
[INFO] [stdout] Iteration   1: 1181.461 ms/op
[INFO] [stdout]                  gc.alloc.rate:      295.144 MB/sec
[INFO] [stdout]                  gc.alloc.rate.norm: 365684880.000 B/op
[INFO] [stdout]                  gc.count:           ≈ 0 counts
[INFO] [stdout] 
[INFO] [stdout] Iteration   2: 1192.266 ms/op
[INFO] [stdout]                  gc.alloc.rate:      292.474 MB/sec
[INFO] [stdout]                  gc.alloc.rate.norm: 365686224.000 B/op
[INFO] [stdout]                  gc.count:           4.000 counts
[INFO] [stdout]                  gc.time:            23.000 ms
[INFO] [stdout] 
[INFO] [stdout] Iteration   3: 1158.451 ms/op
[INFO] [stdout]                  gc.alloc.rate:      301.014 MB/sec
[INFO] [stdout]                  gc.alloc.rate.norm: 365691128.000 B/op
[INFO] [stdout]                  gc.count:           ≈ 0 counts
[INFO] [stdout] 
[INFO] [stdout] Iteration   4: 1159.789 ms/op
[INFO] [stdout]                  gc.alloc.rate:      300.668 MB/sec
[INFO] [stdout]                  gc.alloc.rate.norm: 365685208.000 B/op
[INFO] [stdout]                  gc.count:           ≈ 0 counts
[INFO] [stdout] 
[INFO] [stdout] Iteration   5: 1173.157 ms/op
[INFO] [stdout]                  gc.alloc.rate:      297.237 MB/sec
[INFO] [stdout]                  gc.alloc.rate.norm: 365685240.000 B/op
[INFO] [stdout]                  gc.count:           ≈ 0 counts
[INFO] [stdout] 
[INFO] [stdout] # Processing profiler results: LinuxPerfNormProfiler 
[INFO] [stdout] 
[INFO] [stdout] # Run progress: 33.33% complete, ETA 00:00:38
[INFO] [stdout] # Fork: 2 of 3
[INFO] [stdout] # Preparing profilers: LinuxPerfNormProfiler 
[INFO] [stdout] # Profilers consume stderr from target VM, use -v EXTRA to copy to console
[INFO] [stdout] # Warmup Iteration   1: 2220.226 ms/op
[INFO] [stdout] # Warmup Iteration   2: 1211.759 ms/op
[INFO] [stdout] # Warmup Iteration   3: 1211.596 ms/op
[INFO] [stdout] # Warmup Iteration   4: 1187.351 ms/op
[INFO] [stdout] # Warmup Iteration   5: 1193.234 ms/op
[INFO] [stdout] # Warmup Iteration   6: 1173.339 ms/op
[INFO] [stdout] # Warmup Iteration   7: 1171.855 ms/op
[INFO] [stdout] # Warmup Iteration   8: 1190.509 ms/op
[INFO] [stdout] # Warmup Iteration   9: 1187.233 ms/op
[INFO] [stdout] # Warmup Iteration  10: 1190.079 ms/op
[INFO] [stdout] Iteration   1: 1189.825 ms/op
[INFO] [stdout]                  gc.alloc.rate:      293.025 MB/sec
[INFO] [stdout]                  gc.alloc.rate.norm: 365622784.000 B/op
[INFO] [stdout]                  gc.count:           2.000 counts
[INFO] [stdout]                  gc.time:            15.000 ms
[INFO] [stdout] 
[INFO] [stdout] Iteration   2: 1177.710 ms/op
[INFO] [stdout]                  gc.alloc.rate:      296.036 MB/sec
[INFO] [stdout]                  gc.alloc.rate.norm: 365621432.000 B/op
[INFO] [stdout]                  gc.count:           4.000 counts
[INFO] [stdout]                  gc.time:            13.000 ms
[INFO] [stdout] 
[INFO] [stdout] Iteration   3: 1164.851 ms/op
[INFO] [stdout]                  gc.alloc.rate:      299.301 MB/sec
[INFO] [stdout]                  gc.alloc.rate.norm: 365622016.000 B/op
[INFO] [stdout]                  gc.count:           1.000 counts
[INFO] [stdout]                  gc.time:            5.000 ms
[INFO] [stdout] 
[INFO] [stdout] Iteration   4: 1191.521 ms/op
[INFO] [stdout]                  gc.alloc.rate:      292.609 MB/sec
[INFO] [stdout]                  gc.alloc.rate.norm: 365621928.000 B/op
[INFO] [stdout]                  gc.count:           2.000 counts
[INFO] [stdout]                  gc.time:            19.000 ms
[INFO] [stdout] 
[INFO] [stdout] Iteration   5: 1181.526 ms/op
[INFO] [stdout]                  gc.alloc.rate:      295.083 MB/sec
[INFO] [stdout]                  gc.alloc.rate.norm: 365621896.000 B/op
[INFO] [stdout]                  gc.count:           4.000 counts
[INFO] [stdout]                  gc.time:            10.000 ms
[INFO] [stdout] 
[INFO] [stdout] # Processing profiler results: LinuxPerfNormProfiler 
[INFO] [stdout] 
[INFO] [stdout] # Run progress: 66.67% complete, ETA 00:00:19
[INFO] [stdout] # Fork: 3 of 3
[INFO] [stdout] # Preparing profilers: LinuxPerfNormProfiler 
[INFO] [stdout] # Profilers consume stderr from target VM, use -v EXTRA to copy to console
[INFO] [stdout] # Warmup Iteration   1: 2399.660 ms/op
[INFO] [stdout] # Warmup Iteration   2: 1286.895 ms/op
[INFO] [stdout] # Warmup Iteration   3: 1233.224 ms/op
[INFO] [stdout] # Warmup Iteration   4: 1199.691 ms/op
[INFO] [stdout] # Warmup Iteration   5: 1188.032 ms/op
[INFO] [stdout] # Warmup Iteration   6: 1183.336 ms/op
[INFO] [stdout] # Warmup Iteration   7: 1191.732 ms/op
[INFO] [stdout] # Warmup Iteration   8: 1187.354 ms/op
[INFO] [stdout] # Warmup Iteration   9: 1173.348 ms/op
[INFO] [stdout] # Warmup Iteration  10: 1186.408 ms/op
[INFO] [stdout] Iteration   1: 1189.759 ms/op
[INFO] [stdout]                  gc.alloc.rate:      292.959 MB/sec
[INFO] [stdout]                  gc.alloc.rate.norm: 365519240.000 B/op
[INFO] [stdout]                  gc.count:           1.000 counts
[INFO] [stdout]                  gc.time:            11.000 ms
[INFO] [stdout] 
[INFO] [stdout] Iteration   2: 1185.860 ms/op
[INFO] [stdout]                  gc.alloc.rate:      293.922 MB/sec
[INFO] [stdout]                  gc.alloc.rate.norm: 365519168.000 B/op
[INFO] [stdout]                  gc.count:           1.000 counts
[INFO] [stdout]                  gc.time:            11.000 ms
[INFO] [stdout] 
[INFO] [stdout] Iteration   3: 1199.956 ms/op
[INFO] [stdout]                  gc.alloc.rate:      290.471 MB/sec
[INFO] [stdout]                  gc.alloc.rate.norm: 365519832.000 B/op
[INFO] [stdout]                  gc.count:           5.000 counts
[INFO] [stdout]                  gc.time:            18.000 ms
[INFO] [stdout] 
[INFO] [stdout] Iteration   4: 1185.366 ms/op
[INFO] [stdout]                  gc.alloc.rate:      294.040 MB/sec
[INFO] [stdout]                  gc.alloc.rate.norm: 365519664.000 B/op
[INFO] [stdout]                  gc.count:           1.000 counts
[INFO] [stdout]                  gc.time:            10.000 ms
[INFO] [stdout] 
[INFO] [stdout] Iteration   5: 1192.693 ms/op
[INFO] [stdout]                  gc.alloc.rate:      292.238 MB/sec
[INFO] [stdout]                  gc.alloc.rate.norm: 365519632.000 B/op
[INFO] [stdout]                  gc.count:           4.000 counts
[INFO] [stdout]                  gc.time:            15.000 ms
[INFO] [stdout] 
[INFO] [stdout] # Processing profiler results: LinuxPerfNormProfiler 
[INFO] [stdout] 
[INFO] [stdout] 
[INFO] [stdout] Result "org.weakref.nitro.tpcds.BenchmarkQueries.query57":
[INFO] [stdout]   1181.613 ±(99.9%) 13.454 ms/op [Average]
[INFO] [stdout]   (min, avg, max) = (1158.451, 1181.613, 1199.956), stdev = 12.585
[INFO] [stdout]   CI (99.9%): [1168.159, 1195.067] (assumes normal distribution)
[INFO] [stdout] 
[INFO] [stdout] Secondary result "org.weakref.nitro.tpcds.BenchmarkQueries.query57:CPI":
[INFO] [stdout]   0.257 ±(99.9%) 0.093 clks/insn [Average]
[INFO] [stdout]   (min, avg, max) = (0.252, 0.257, 0.262), stdev = 0.005
[INFO] [stdout]   CI (99.9%): [0.164, 0.349] (assumes normal distribution)
[INFO] [stdout] 
[INFO] [stdout] Secondary result "org.weakref.nitro.tpcds.BenchmarkQueries.query57:IPC":
[INFO] [stdout]   3.895 ±(99.9%) 1.406 insns/clk [Average]
[INFO] [stdout]   (min, avg, max) = (3.821, 3.895, 3.975), stdev = 0.077
[INFO] [stdout]   CI (99.9%): [2.489, 5.302] (assumes normal distribution)
[INFO] [stdout] 
[INFO] [stdout] Secondary result "org.weakref.nitro.tpcds.BenchmarkQueries.query57:L1-dcache-load-misses":
[INFO] [stdout]   332648861.100 ±(99.9%) 1977570.435 #/op [Average]
[INFO] [stdout]   (min, avg, max) = (332536156.664, 332648861.100, 332752364.766), stdev = 108397.309
[INFO] [stdout]   CI (99.9%): [330671290.665, 334626431.535] (assumes normal distribution)
[INFO] [stdout] 
[INFO] [stdout] Secondary result "org.weakref.nitro.tpcds.BenchmarkQueries.query57:L1-dcache-loads":
[INFO] [stdout]   10938131990.344 ±(99.9%) 2824739678.995 #/op [Average]
[INFO] [stdout]   (min, avg, max) = (10763223039.819, 10938131990.344, 11057657654.561), stdev = 154833513.463
[INFO] [stdout]   CI (99.9%): [8113392311.349, 13762871669.339] (assumes normal distribution)
[INFO] [stdout] 
[INFO] [stdout] Secondary result "org.weakref.nitro.tpcds.BenchmarkQueries.query57:branch-misses":
[INFO] [stdout]   21115467.691 ±(99.9%) 2859176.849 #/op [Average]
[INFO] [stdout]   (min, avg, max) = (20934506.183, 21115467.691, 21207049.550), stdev = 156721.131
[INFO] [stdout]   CI (99.9%): [18256290.842, 23974644.540] (assumes normal distribution)
[INFO] [stdout] 
[INFO] [stdout] Secondary result "org.weakref.nitro.tpcds.BenchmarkQueries.query57:branches":
[INFO] [stdout]   4919390809.496 ±(99.9%) 423118089.665 #/op [Average]
[INFO] [stdout]   (min, avg, max) = (4892634823.463, 4919390809.496, 4933759442.499), stdev = 23192530.243
[INFO] [stdout]   CI (99.9%): [4496272719.831, 5342508899.161] (assumes normal distribution)
[INFO] [stdout] 
[INFO] [stdout] Secondary result "org.weakref.nitro.tpcds.BenchmarkQueries.query57:cycles":
[INFO] [stdout]   6560373492.771 ±(99.9%) 3155769916.958 #/op [Average]
[INFO] [stdout]   (min, avg, max) = (6365244188.799, 6560373492.771, 6694883268.385), stdev = 172978397.817
[INFO] [stdout]   CI (99.9%): [3404603575.813, 9716143409.729] (assumes normal distribution)
[INFO] [stdout] 
[INFO] [stdout] Secondary result "org.weakref.nitro.tpcds.BenchmarkQueries.query57:dTLB-load-misses":
[INFO] [stdout]   147619.512 ±(99.9%) 127166.199 #/op [Average]
[INFO] [stdout]   (min, avg, max) = (140757.025, 147619.512, 154693.049), stdev = 6970.408
[INFO] [stdout]   CI (99.9%): [20453.313, 274785.710] (assumes normal distribution)
[INFO] [stdout] 
[INFO] [stdout] Secondary result "org.weakref.nitro.tpcds.BenchmarkQueries.query57:dTLB-loads":
[INFO] [stdout]   1258327.030 ±(99.9%) 724229.548 #/op [Average]
[INFO] [stdout]   (min, avg, max) = (1213044.837, 1258327.030, 1287135.055), stdev = 39697.465
[INFO] [stdout]   CI (99.9%): [534097.481, 1982556.578] (assumes normal distribution)
[INFO] [stdout] 
[INFO] [stdout] Secondary result "org.weakref.nitro.tpcds.BenchmarkQueries.query57:gc.alloc.rate":
[INFO] [stdout]   295.081 ±(99.9%) 3.419 MB/sec [Average]
[INFO] [stdout]   (min, avg, max) = (290.471, 295.081, 301.014), stdev = 3.198
[INFO] [stdout]   CI (99.9%): [291.662, 298.500] (assumes normal distribution)
[INFO] [stdout] 
[INFO] [stdout] Secondary result "org.weakref.nitro.tpcds.BenchmarkQueries.query57:gc.alloc.rate.norm":
[INFO] [stdout]   365609351.467 ±(99.9%) 76119.832 B/op [Average]
[INFO] [stdout]   (min, avg, max) = (365519168.000, 365609351.467, 365691128.000), stdev = 71202.538
[INFO] [stdout]   CI (99.9%): [365533231.634, 365685471.299] (assumes normal distribution)
[INFO] [stdout] 
[INFO] [stdout] Secondary result "org.weakref.nitro.tpcds.BenchmarkQueries.query57:gc.count":
[INFO] [stdout]   29.000 ±(99.9%) 0.001 counts [Sum]
[INFO] [stdout]   (min, avg, max) = (≈ 0, 1.933, 5.000), stdev = 1.792
[INFO] [stdout]   CI (99.9%): [29.000, 29.000] (assumes normal distribution)
[INFO] [stdout] 
[INFO] [stdout] Secondary result "org.weakref.nitro.tpcds.BenchmarkQueries.query57:gc.time":
[INFO] [stdout]   150.000 ±(99.9%) 0.001 ms [Sum]
[INFO] [stdout]   (min, avg, max) = (≈ 0, 10.000, 23.000), stdev = 7.559
[INFO] [stdout]   CI (99.9%): [150.000, 150.000] (assumes normal distribution)
[INFO] [stdout] 
[INFO] [stdout] Secondary result "org.weakref.nitro.tpcds.BenchmarkQueries.query57:instructions":
[INFO] [stdout]   25545244103.750 ±(99.9%) 4206674516.431 #/op [Average]
[INFO] [stdout]   (min, avg, max) = (25299590143.494, 25545244103.750, 25757001782.325), stdev = 230582025.033
[INFO] [stdout]   CI (99.9%): [21338569587.319, 29751918620.180] (assumes normal distribution)
[INFO] [stdout] 
[INFO] [stdout] 
[INFO] [stdout] # Run complete. Total time: 00:00:57
[INFO] [stdout] 
[INFO] [stdout] REMEMBER: The numbers below are just data. To gain reusable insights, you need to follow up on
[INFO] [stdout] why the numbers are the way they are. Use profilers (see -prof, -lprof), design factorial
[INFO] [stdout] experiments, perform baseline and negative tests that provide experimental control, make sure
[INFO] [stdout] the benchmarking environment is safe on JVM/OS/HW level, ask for reviews from the domain experts.
[INFO] [stdout] Do not assume the numbers tell you what you want them to tell.
[INFO] [stdout] 
[INFO] [stdout] NOTE: Current JVM experimentally supports Compiler Blackholes, and they are in use. Please exercise
[INFO] [stdout] extra caution when trusting the results, look into the generated code to check the benchmark still
[INFO] [stdout] works, and factor in a small probability of new VM bugs. Additionally, while comparisons between
[INFO] [stdout] different JVMs are already problematic, the performance difference caused by different Blackhole
[INFO] [stdout] modes can be very significant. Please make sure you use the consistent Blackhole mode for comparisons.
[INFO] [stdout] 
[INFO] [stdout] Benchmark                                       Mode  Cnt            Score            Error      Units
[INFO] [stdout] BenchmarkQueries.query57                        avgt   15         1181.613 ±         13.454      ms/op
[INFO] [stdout] BenchmarkQueries.query57:CPI                    avgt    3            0.257 ±          0.093  clks/insn
[INFO] [stdout] BenchmarkQueries.query57:IPC                    avgt    3            3.895 ±          1.406  insns/clk
[INFO] [stdout] BenchmarkQueries.query57:L1-dcache-load-misses  avgt    3    332648861.100 ±    1977570.435       #/op
[INFO] [stdout] BenchmarkQueries.query57:L1-dcache-loads        avgt    3  10938131990.344 ± 2824739678.995       #/op
[INFO] [stdout] BenchmarkQueries.query57:branch-misses          avgt    3     21115467.691 ±    2859176.849       #/op
[INFO] [stdout] BenchmarkQueries.query57:branches               avgt    3   4919390809.496 ±  423118089.665       #/op
[INFO] [stdout] BenchmarkQueries.query57:cycles                 avgt    3   6560373492.771 ± 3155769916.958       #/op
[INFO] [stdout] BenchmarkQueries.query57:dTLB-load-misses       avgt    3       147619.512 ±     127166.199       #/op
[INFO] [stdout] BenchmarkQueries.query57:dTLB-loads             avgt    3      1258327.030 ±     724229.548       #/op
[INFO] [stdout] BenchmarkQueries.query57:gc.alloc.rate          avgt   15          295.081 ±          3.419     MB/sec
[INFO] [stdout] BenchmarkQueries.query57:gc.alloc.rate.norm     avgt   15    365609351.467 ±      76119.832       B/op
[INFO] [stdout] BenchmarkQueries.query57:gc.count               avgt   15           29.000                      counts
[INFO] [stdout] BenchmarkQueries.query57:gc.time                avgt   15          150.000                          ms
[INFO] [stdout] BenchmarkQueries.query57:instructions           avgt    3  25545244103.750 ± 4206674516.431       #/op
[INFO] [stdout] 
[INFO] [stdout] Benchmark result is saved to benchmarks/sweeps/20260722-targeted/tpcds-q57-generated-equality/tiled72-control-reverse-3fork.json
[INFO] ------------------------------------------------------------------------
[INFO] BUILD SUCCESS
[INFO] ------------------------------------------------------------------------
[INFO] Total time:  58.439 s (Wall Clock)
[INFO] Finished at: 2026-07-22T05:01:54Z
[INFO] ------------------------------------------------------------------------
[INFO] Njord session closed
