[INFO] Processing build on daemon 2aa9ad58
[INFO] Scanning for projects...
[INFO] Njord 0.9.4 session created
[INFO] BuildTimeEventSpy is registered.
[INFO] 
[INFO] Using the SmartBuilder implementation with a thread count of 7
[INFO] 
[INFO] -------------------------< org.weakref:nitro >--------------------------
[INFO] Building nitro 1-SNAPSHOT
[INFO]   from pom.xml
[INFO] --------------------------------[ jar ]---------------------------------
[WARNING] 2 problems were encountered while building the effective model for org.apache.yetus:audience-annotations:jar:0.5.0 during dependency collection step for project (use -X to see details)
[INFO] 
[INFO] --- exec:3.6.1:exec (benchmark) @ nitro ---
[WARNING] [stderr] WARNING: Using incubator modules: jdk.incubator.vector
[WARNING] [stderr] WARNING: A terminally deprecated method in sun.misc.Unsafe has been called
[WARNING] [stderr] WARNING: sun.misc.Unsafe::objectFieldOffset has been called by org.openjdk.jmh.util.Utils (file:/root/.m2/repository/org/openjdk/jmh/jmh-core/1.37/jmh-core-1.37.jar)
[WARNING] [stderr] WARNING: Please consider reporting this to the maintainers of class org.openjdk.jmh.util.Utils
[WARNING] [stderr] WARNING: sun.misc.Unsafe::objectFieldOffset will be removed in a future release
[INFO] [stdout] # JMH version: 1.37
[INFO] [stdout] # VM version: JDK 26.0.1, OpenJDK 64-Bit Server VM, 26.0.1+8
[INFO] [stdout] # VM invoker: /opt/java/openjdk/bin/java
[INFO] [stdout] # VM options: --enable-preview --add-modules=jdk.incubator.vector -Dnitro.clickbench.hits.path= -Xms12g -Xmx12g -XX:+AlwaysPreTouch -XX:+UseTransparentHugePages -Dnitro.tpch.parquet.path=/root/data/tpch-parquet-sf10 -Dnitro.aggregate.fusedMinMaxSharedNullState=false
[INFO] [stdout] # Blackhole mode: compiler (auto-detected, use -Djmh.blackhole.autoDetect=false to disable)
[INFO] [stdout] # Warmup: 5 iterations, 1 s each
[INFO] [stdout] # Measurement: 3 iterations, 1 s each
[INFO] [stdout] # Timeout: 30 min per iteration
[INFO] [stdout] # Threads: 1 thread, will synchronize iterations
[INFO] [stdout] # Benchmark mode: Average time, time/op
[INFO] [stdout] # Benchmark: org.weakref.nitro.tpch.BenchmarkQueries.query21
[INFO] [stdout] 
[INFO] [stdout] # Run progress: 0.00% complete, ETA 00:00:08
[INFO] [stdout] # Fork: 1 of 1
[INFO] [stdout] # Preparing profilers: LinuxPerfNormProfiler 
[INFO] [stdout] # Profilers consume stderr from target VM, use -v EXTRA to copy to console
[INFO] [stdout] # Warmup Iteration   1: 4187.600 ms/op
[INFO] [stdout] # Warmup Iteration   2: 3899.010 ms/op
[INFO] [stdout] # Warmup Iteration   3: 3877.396 ms/op
[INFO] [stdout] # Warmup Iteration   4: 3877.023 ms/op
[INFO] [stdout] # Warmup Iteration   5: 3877.808 ms/op
[INFO] [stdout] Iteration   1: 3859.493 ms/op
[INFO] [stdout]                  gc.alloc.rate:      792.778 MB/sec
[INFO] [stdout]                  gc.alloc.rate.norm: 3208480176.000 B/op
[INFO] [stdout]                  gc.count:           1.000 counts
[INFO] [stdout]                  gc.time:            4.000 ms
[INFO] [stdout] 
[INFO] [stdout] Iteration   2: 3882.139 ms/op
[INFO] [stdout]                  gc.alloc.rate:      788.145 MB/sec
[INFO] [stdout]                  gc.alloc.rate.norm: 3208427504.000 B/op
[INFO] [stdout]                  gc.count:           1.000 counts
[INFO] [stdout]                  gc.time:            5.000 ms
[INFO] [stdout] 
[INFO] [stdout] Iteration   3: 3842.120 ms/op
[INFO] [stdout]                  gc.alloc.rate:      809.644 MB/sec
[INFO] [stdout]                  gc.alloc.rate.norm: 3261964896.000 B/op
[INFO] [stdout]                  gc.count:           1.000 counts
[INFO] [stdout]                  gc.time:            4.000 ms
[INFO] [stdout] 
[INFO] [stdout] # Processing profiler results: LinuxPerfNormProfiler 
[INFO] [stdout] 
[INFO] [stdout] 
[INFO] [stdout] Result "org.weakref.nitro.tpch.BenchmarkQueries.query21":
[INFO] [stdout]   3861.251 ±(99.9%) 366.107 ms/op [Average]
[INFO] [stdout]   (min, avg, max) = (3842.120, 3861.251, 3882.139), stdev = 20.068
[INFO] [stdout]   CI (99.9%): [3495.144, 4227.358] (assumes normal distribution)
[INFO] [stdout] 
[INFO] [stdout] Secondary result "org.weakref.nitro.tpch.BenchmarkQueries.query21:CPI":
[INFO] [stdout]   0.346 clks/insn
[INFO] [stdout] 
[INFO] [stdout] Secondary result "org.weakref.nitro.tpch.BenchmarkQueries.query21:IPC":
[INFO] [stdout]   2.893 insns/clk
[INFO] [stdout] 
[INFO] [stdout] Secondary result "org.weakref.nitro.tpch.BenchmarkQueries.query21:L1-dcache-load-misses":
[INFO] [stdout]   762496758.724 #/op
[INFO] [stdout] 
[INFO] [stdout] Secondary result "org.weakref.nitro.tpch.BenchmarkQueries.query21:L1-dcache-loads":
[INFO] [stdout]   34932217826.770 #/op
[INFO] [stdout] 
[INFO] [stdout] Secondary result "org.weakref.nitro.tpch.BenchmarkQueries.query21:branch-misses":
[INFO] [stdout]   144409726.545 #/op
[INFO] [stdout] 
[INFO] [stdout] Secondary result "org.weakref.nitro.tpch.BenchmarkQueries.query21:branches":
[INFO] [stdout]   11387226739.387 #/op
[INFO] [stdout] 
[INFO] [stdout] Secondary result "org.weakref.nitro.tpch.BenchmarkQueries.query21:cycles":
[INFO] [stdout]   20740750903.944 #/op
[INFO] [stdout] 
[INFO] [stdout] Secondary result "org.weakref.nitro.tpch.BenchmarkQueries.query21:dTLB-load-misses":
[INFO] [stdout]   35021321.047 #/op
[INFO] [stdout] 
[INFO] [stdout] Secondary result "org.weakref.nitro.tpch.BenchmarkQueries.query21:dTLB-loads":
[INFO] [stdout]   114084869.483 #/op
[INFO] [stdout] 
[INFO] [stdout] Secondary result "org.weakref.nitro.tpch.BenchmarkQueries.query21:gc.alloc.rate":
[INFO] [stdout]   796.856 ±(99.9%) 206.421 MB/sec [Average]
[INFO] [stdout]   (min, avg, max) = (788.145, 796.856, 809.644), stdev = 11.315
[INFO] [stdout]   CI (99.9%): [590.435, 1003.276] (assumes normal distribution)
[INFO] [stdout] 
[INFO] [stdout] Secondary result "org.weakref.nitro.tpch.BenchmarkQueries.query21:gc.alloc.rate.norm":
[INFO] [stdout]   3226290858.667 ±(99.9%) 563633131.115 B/op [Average]
[INFO] [stdout]   (min, avg, max) = (3208427504.000, 3226290858.667, 3261964896.000), stdev = 30894633.811
[INFO] [stdout]   CI (99.9%): [2662657727.552, 3789923989.782] (assumes normal distribution)
[INFO] [stdout] 
[INFO] [stdout] Secondary result "org.weakref.nitro.tpch.BenchmarkQueries.query21:gc.count":
[INFO] [stdout]   3.000 ±(99.9%) 0.001 counts [Sum]
[INFO] [stdout]   (min, avg, max) = (1.000, 1.000, 1.000), stdev = 0.001
[INFO] [stdout]   CI (99.9%): [3.000, 3.000] (assumes normal distribution)
[INFO] [stdout] 
[INFO] [stdout] Secondary result "org.weakref.nitro.tpch.BenchmarkQueries.query21:gc.time":
[INFO] [stdout]   13.000 ±(99.9%) 0.001 ms [Sum]
[INFO] [stdout]   (min, avg, max) = (4.000, 4.333, 5.000), stdev = 0.577
[INFO] [stdout]   CI (99.9%): [13.000, 13.000] (assumes normal distribution)
[INFO] [stdout] 
[INFO] [stdout] Secondary result "org.weakref.nitro.tpch.BenchmarkQueries.query21:instructions":
[INFO] [stdout]   59996949254.534 #/op
[INFO] [stdout] 
[INFO] [stdout] 
[INFO] [stdout] # Run complete. Total time: 00:00:34
[INFO] [stdout] 
[INFO] [stdout] REMEMBER: The numbers below are just data. To gain reusable insights, you need to follow up on
[INFO] [stdout] why the numbers are the way they are. Use profilers (see -prof, -lprof), design factorial
[INFO] [stdout] experiments, perform baseline and negative tests that provide experimental control, make sure
[INFO] [stdout] the benchmarking environment is safe on JVM/OS/HW level, ask for reviews from the domain experts.
[INFO] [stdout] Do not assume the numbers tell you what you want them to tell.
[INFO] [stdout] 
[INFO] [stdout] NOTE: Current JVM experimentally supports Compiler Blackholes, and they are in use. Please exercise
[INFO] [stdout] extra caution when trusting the results, look into the generated code to check the benchmark still
[INFO] [stdout] works, and factor in a small probability of new VM bugs. Additionally, while comparisons between
[INFO] [stdout] different JVMs are already problematic, the performance difference caused by different Blackhole
[INFO] [stdout] modes can be very significant. Please make sure you use the consistent Blackhole mode for comparisons.
[INFO] [stdout] 
[INFO] [stdout] Benchmark                                       Mode  Cnt            Score           Error      Units
[INFO] [stdout] BenchmarkQueries.query21                        avgt    3         3861.251 ±       366.107      ms/op
[INFO] [stdout] BenchmarkQueries.query21:CPI                    avgt                 0.346                  clks/insn
[INFO] [stdout] BenchmarkQueries.query21:IPC                    avgt                 2.893                  insns/clk
[INFO] [stdout] BenchmarkQueries.query21:L1-dcache-load-misses  avgt         762496758.724                       #/op
[INFO] [stdout] BenchmarkQueries.query21:L1-dcache-loads        avgt       34932217826.770                       #/op
[INFO] [stdout] BenchmarkQueries.query21:branch-misses          avgt         144409726.545                       #/op
[INFO] [stdout] BenchmarkQueries.query21:branches               avgt       11387226739.387                       #/op
[INFO] [stdout] BenchmarkQueries.query21:cycles                 avgt       20740750903.944                       #/op
[INFO] [stdout] BenchmarkQueries.query21:dTLB-load-misses       avgt          35021321.047                       #/op
[INFO] [stdout] BenchmarkQueries.query21:dTLB-loads             avgt         114084869.483                       #/op
[INFO] [stdout] BenchmarkQueries.query21:gc.alloc.rate          avgt    3          796.856 ±       206.421     MB/sec
[INFO] [stdout] BenchmarkQueries.query21:gc.alloc.rate.norm     avgt    3   3226290858.667 ± 563633131.115       B/op
[INFO] [stdout] BenchmarkQueries.query21:gc.count               avgt    3            3.000                     counts
[INFO] [stdout] BenchmarkQueries.query21:gc.time                avgt    3           13.000                         ms
[INFO] [stdout] BenchmarkQueries.query21:instructions           avgt       59996949254.534                       #/op
[INFO] [stdout] 
[INFO] [stdout] Benchmark result is saved to benchmarks/sweeps/20260721-targeted/tpch-q21-dtlb/shared-null-off-reverse.json
[INFO] ------------------------------------------------------------------------
[INFO] BUILD SUCCESS
[INFO] ------------------------------------------------------------------------
[INFO] Total time:  35.638 s (Wall Clock)
[INFO] Finished at: 2026-07-21T05:16:14Z
[INFO] ------------------------------------------------------------------------
[INFO] Njord session closed
