[INFO] Processing build on daemon 83ffbdca
[INFO] Scanning for projects...
[INFO] Njord 0.9.4 session created
[INFO] BuildTimeEventSpy is registered.
[INFO] 
[INFO] Using the SmartBuilder implementation with a thread count of 7
[INFO] 
[INFO] -------------------------< org.weakref:nitro >--------------------------
[INFO] Building nitro 1-SNAPSHOT
[INFO]   from pom.xml
[INFO] --------------------------------[ jar ]---------------------------------
[WARNING] 2 problems were encountered while building the effective model for org.apache.yetus:audience-annotations:jar:0.5.0 during dependency collection step for project (use -X to see details)
[INFO] 
[INFO] --- exec:3.6.1:exec (benchmark) @ nitro ---
[WARNING] [stderr] WARNING: Using incubator modules: jdk.incubator.vector
[WARNING] [stderr] WARNING: A terminally deprecated method in sun.misc.Unsafe has been called
[WARNING] [stderr] WARNING: sun.misc.Unsafe::objectFieldOffset has been called by org.openjdk.jmh.util.Utils (file:/root/.m2/repository/org/openjdk/jmh/jmh-core/1.37/jmh-core-1.37.jar)
[WARNING] [stderr] WARNING: Please consider reporting this to the maintainers of class org.openjdk.jmh.util.Utils
[WARNING] [stderr] WARNING: sun.misc.Unsafe::objectFieldOffset will be removed in a future release
[INFO] [stdout] # JMH version: 1.37
[INFO] [stdout] # VM version: JDK 26.0.1, OpenJDK 64-Bit Server VM, 26.0.1+8
[INFO] [stdout] # VM invoker: /opt/java/openjdk/bin/java
[INFO] [stdout] # VM options: --enable-preview --add-modules=jdk.incubator.vector -Dnitro.clickbench.hits.path= -Xms12g -Xmx12g -XX:+AlwaysPreTouch -XX:+UseTransparentHugePages -Dnitro.tpch.parquet.path=/root/data/tpch-parquet-sf10
[INFO] [stdout] # Blackhole mode: compiler (auto-detected, use -Djmh.blackhole.autoDetect=false to disable)
[INFO] [stdout] # Warmup: 5 iterations, 1 s each
[INFO] [stdout] # Measurement: 3 iterations, 1 s each
[INFO] [stdout] # Timeout: 30 min per iteration
[INFO] [stdout] # Threads: 1 thread, will synchronize iterations
[INFO] [stdout] # Benchmark mode: Average time, time/op
[INFO] [stdout] # Benchmark: org.weakref.nitro.tpch.BenchmarkQueries.query21
[INFO] [stdout] 
[INFO] [stdout] # Run progress: 0.00% complete, ETA 00:00:08
[INFO] [stdout] # Fork: 1 of 1
[INFO] [stdout] # Preparing profilers: LinuxPerfNormProfiler 
[INFO] [stdout] # Profilers consume stderr from target VM, use -v EXTRA to copy to console
[INFO] [stdout] # Warmup Iteration   1: 4252.027 ms/op
[INFO] [stdout] # Warmup Iteration   2: 3881.068 ms/op
[INFO] [stdout] # Warmup Iteration   3: 3827.681 ms/op
[INFO] [stdout] # Warmup Iteration   4: 3840.434 ms/op
[INFO] [stdout] # Warmup Iteration   5: 3856.553 ms/op
[INFO] [stdout] Iteration   1: 3815.533 ms/op
[INFO] [stdout]                  gc.alloc.rate:      779.789 MB/sec
[INFO] [stdout]                  gc.alloc.rate.norm: 3119945080.000 B/op
[INFO] [stdout]                  gc.count:           1.000 counts
[INFO] [stdout]                  gc.time:            4.000 ms
[INFO] [stdout] 
[INFO] [stdout] Iteration   2: 3828.470 ms/op
[INFO] [stdout]                  gc.alloc.rate:      778.676 MB/sec
[INFO] [stdout]                  gc.alloc.rate.norm: 3126073328.000 B/op
[INFO] [stdout]                  gc.count:           1.000 counts
[INFO] [stdout]                  gc.time:            4.000 ms
[INFO] [stdout] 
[INFO] [stdout] Iteration   3: 3830.114 ms/op
[INFO] [stdout]                  gc.alloc.rate:      790.575 MB/sec
[INFO] [stdout]                  gc.alloc.rate.norm: 3175202160.000 B/op
[INFO] [stdout]                  gc.count:           1.000 counts
[INFO] [stdout]                  gc.time:            5.000 ms
[INFO] [stdout] 
[INFO] [stdout] # Processing profiler results: LinuxPerfNormProfiler 
[INFO] [stdout] 
[INFO] [stdout] 
[INFO] [stdout] Result "org.weakref.nitro.tpch.BenchmarkQueries.query21":
[INFO] [stdout]   3824.706 ±(99.9%) 145.696 ms/op [Average]
[INFO] [stdout]   (min, avg, max) = (3815.533, 3824.706, 3830.114), stdev = 7.986
[INFO] [stdout]   CI (99.9%): [3679.010, 3970.402] (assumes normal distribution)
[INFO] [stdout] 
[INFO] [stdout] Secondary result "org.weakref.nitro.tpch.BenchmarkQueries.query21:CPI":
[INFO] [stdout]   0.346 clks/insn
[INFO] [stdout] 
[INFO] [stdout] Secondary result "org.weakref.nitro.tpch.BenchmarkQueries.query21:IPC":
[INFO] [stdout]   2.888 insns/clk
[INFO] [stdout] 
[INFO] [stdout] Secondary result "org.weakref.nitro.tpch.BenchmarkQueries.query21:L1-dcache-load-misses":
[INFO] [stdout]   757652909.411 #/op
[INFO] [stdout] 
[INFO] [stdout] Secondary result "org.weakref.nitro.tpch.BenchmarkQueries.query21:L1-dcache-loads":
[INFO] [stdout]   35374765491.483 #/op
[INFO] [stdout] 
[INFO] [stdout] Secondary result "org.weakref.nitro.tpch.BenchmarkQueries.query21:branch-misses":
[INFO] [stdout]   145158703.004 #/op
[INFO] [stdout] 
[INFO] [stdout] Secondary result "org.weakref.nitro.tpch.BenchmarkQueries.query21:branches":
[INFO] [stdout]   11335137567.742 #/op
[INFO] [stdout] 
[INFO] [stdout] Secondary result "org.weakref.nitro.tpch.BenchmarkQueries.query21:cycles":
[INFO] [stdout]   20552031418.894 #/op
[INFO] [stdout] 
[INFO] [stdout] Secondary result "org.weakref.nitro.tpch.BenchmarkQueries.query21:dTLB-load-misses":
[INFO] [stdout]   34479453.964 #/op
[INFO] [stdout] 
[INFO] [stdout] Secondary result "org.weakref.nitro.tpch.BenchmarkQueries.query21:dTLB-loads":
[INFO] [stdout]   114555200.937 #/op
[INFO] [stdout] 
[INFO] [stdout] Secondary result "org.weakref.nitro.tpch.BenchmarkQueries.query21:gc.alloc.rate":
[INFO] [stdout]   783.013 ±(99.9%) 119.902 MB/sec [Average]
[INFO] [stdout]   (min, avg, max) = (778.676, 783.013, 790.575), stdev = 6.572
[INFO] [stdout]   CI (99.9%): [663.111, 902.915] (assumes normal distribution)
[INFO] [stdout] 
[INFO] [stdout] Secondary result "org.weakref.nitro.tpch.BenchmarkQueries.query21:gc.alloc.rate.norm":
[INFO] [stdout]   3140406856.000 ±(99.9%) 552584182.150 B/op [Average]
[INFO] [stdout]   (min, avg, max) = (3119945080.000, 3140406856.000, 3175202160.000), stdev = 30289003.635
[INFO] [stdout]   CI (99.9%): [2587822673.850, 3692991038.150] (assumes normal distribution)
[INFO] [stdout] 
[INFO] [stdout] Secondary result "org.weakref.nitro.tpch.BenchmarkQueries.query21:gc.count":
[INFO] [stdout]   3.000 ±(99.9%) 0.001 counts [Sum]
[INFO] [stdout]   (min, avg, max) = (1.000, 1.000, 1.000), stdev = 0.001
[INFO] [stdout]   CI (99.9%): [3.000, 3.000] (assumes normal distribution)
[INFO] [stdout] 
[INFO] [stdout] Secondary result "org.weakref.nitro.tpch.BenchmarkQueries.query21:gc.time":
[INFO] [stdout]   13.000 ±(99.9%) 0.001 ms [Sum]
[INFO] [stdout]   (min, avg, max) = (4.000, 4.333, 5.000), stdev = 0.577
[INFO] [stdout]   CI (99.9%): [13.000, 13.000] (assumes normal distribution)
[INFO] [stdout] 
[INFO] [stdout] Secondary result "org.weakref.nitro.tpch.BenchmarkQueries.query21:instructions":
[INFO] [stdout]   59360971923.418 #/op
[INFO] [stdout] 
[INFO] [stdout] 
[INFO] [stdout] # Run complete. Total time: 00:00:34
[INFO] [stdout] 
[INFO] [stdout] REMEMBER: The numbers below are just data. To gain reusable insights, you need to follow up on
[INFO] [stdout] why the numbers are the way they are. Use profilers (see -prof, -lprof), design factorial
[INFO] [stdout] experiments, perform baseline and negative tests that provide experimental control, make sure
[INFO] [stdout] the benchmarking environment is safe on JVM/OS/HW level, ask for reviews from the domain experts.
[INFO] [stdout] Do not assume the numbers tell you what you want them to tell.
[INFO] [stdout] 
[INFO] [stdout] NOTE: Current JVM experimentally supports Compiler Blackholes, and they are in use. Please exercise
[INFO] [stdout] extra caution when trusting the results, look into the generated code to check the benchmark still
[INFO] [stdout] works, and factor in a small probability of new VM bugs. Additionally, while comparisons between
[INFO] [stdout] different JVMs are already problematic, the performance difference caused by different Blackhole
[INFO] [stdout] modes can be very significant. Please make sure you use the consistent Blackhole mode for comparisons.
[INFO] [stdout] 
[INFO] [stdout] Benchmark                                       Mode  Cnt            Score           Error      Units
[INFO] [stdout] BenchmarkQueries.query21                        avgt    3         3824.706 ±       145.696      ms/op
[INFO] [stdout] BenchmarkQueries.query21:CPI                    avgt                 0.346                  clks/insn
[INFO] [stdout] BenchmarkQueries.query21:IPC                    avgt                 2.888                  insns/clk
[INFO] [stdout] BenchmarkQueries.query21:L1-dcache-load-misses  avgt         757652909.411                       #/op
[INFO] [stdout] BenchmarkQueries.query21:L1-dcache-loads        avgt       35374765491.483                       #/op
[INFO] [stdout] BenchmarkQueries.query21:branch-misses          avgt         145158703.004                       #/op
[INFO] [stdout] BenchmarkQueries.query21:branches               avgt       11335137567.742                       #/op
[INFO] [stdout] BenchmarkQueries.query21:cycles                 avgt       20552031418.894                       #/op
[INFO] [stdout] BenchmarkQueries.query21:dTLB-load-misses       avgt          34479453.964                       #/op
[INFO] [stdout] BenchmarkQueries.query21:dTLB-loads             avgt         114555200.937                       #/op
[INFO] [stdout] BenchmarkQueries.query21:gc.alloc.rate          avgt    3          783.013 ±       119.902     MB/sec
[INFO] [stdout] BenchmarkQueries.query21:gc.alloc.rate.norm     avgt    3   3140406856.000 ± 552584182.150       B/op
[INFO] [stdout] BenchmarkQueries.query21:gc.count               avgt    3            3.000                     counts
[INFO] [stdout] BenchmarkQueries.query21:gc.time                avgt    3           13.000                         ms
[INFO] [stdout] BenchmarkQueries.query21:instructions           avgt       59360971923.418                       #/op
[INFO] [stdout] 
[INFO] [stdout] Benchmark result is saved to benchmarks/sweeps/20260721-targeted/tpch-q21-dtlb/shared-null-on-screen.json
[INFO] ------------------------------------------------------------------------
[INFO] BUILD SUCCESS
[INFO] ------------------------------------------------------------------------
[INFO] Total time:  35.535 s (Wall Clock)
[INFO] Finished at: 2026-07-21T05:15:32Z
[INFO] ------------------------------------------------------------------------
[INFO] Njord session closed
