WARNING: Using incubator modules: jdk.incubator.vector
WARNING: A terminally deprecated method in sun.misc.Unsafe has been called
WARNING: sun.misc.Unsafe::objectFieldOffset has been called by org.openjdk.jmh.util.Utils (file:/root/.m2/repository/org/openjdk/jmh/jmh-core/1.37/jmh-core-1.37.jar)
WARNING: Please consider reporting this to the maintainers of class org.openjdk.jmh.util.Utils
WARNING: sun.misc.Unsafe::objectFieldOffset will be removed in a future release
# JMH version: 1.37
# VM version: JDK 26.0.1, OpenJDK 64-Bit Server VM, 26.0.1+8
# VM invoker: /opt/java/openjdk/bin/java
# VM options: --enable-preview --add-modules=jdk.incubator.vector -Dnitro.clickbench.hits.path= --enable-native-access=ALL-UNNAMED -Xmx12g -XX:+UseTransparentHugePages -Dnitro.tpcds.parquet.path=/root/data/tpcds-parquet-sf10 -Dnitro.tpcds.parquet.schema=sf10 -Dnitro.group.fastConstantNullMixedComposite3=false
# Blackhole mode: compiler (auto-detected, use -Djmh.blackhole.autoDetect=false to disable)
# Warmup: 10 iterations, 1 s each
# Measurement: 5 iterations, 1 s each
# Timeout: 30 min per iteration
# Threads: 1 thread, will synchronize iterations
# Benchmark mode: Average time, time/op
# Benchmark: org.weakref.nitro.tpcds.BenchmarkQueries.query70

# Run progress: 0.00% complete, ETA 00:00:15
# Fork: 1 of 1
# Preparing profilers: LinuxPerfNormProfiler 
# Profilers consume stderr from target VM, use -v EXTRA to copy to console
# Warmup Iteration   1: 1498.651 ms/op
# Warmup Iteration   2: 894.508 ms/op
# Warmup Iteration   3: 870.965 ms/op
# Warmup Iteration   4: 869.032 ms/op
# Warmup Iteration   5: 1038.460 ms/op
# Warmup Iteration   6: 864.049 ms/op
# Warmup Iteration   7: 882.730 ms/op
# Warmup Iteration   8: 862.355 ms/op
# Warmup Iteration   9: 859.623 ms/op
# Warmup Iteration  10: 884.024 ms/op
Iteration   1: 858.184 ms/op
                 gc.alloc.rate:      1114.504 MB/sec
                 gc.alloc.rate.norm: 1002991300.000 B/op
                 gc.count:           1.000 counts
                 gc.time:            6.000 ms

Iteration   2: 864.325 ms/op
                 gc.alloc.rate:      1106.581 MB/sec
                 gc.alloc.rate.norm: 1002991100.000 B/op
                 gc.count:           ≈ 0 counts

Iteration   3: 862.901 ms/op
                 gc.alloc.rate:      1108.395 MB/sec
                 gc.alloc.rate.norm: 1002991176.000 B/op
                 gc.count:           4.000 counts
                 gc.time:            3.000 ms

Iteration   4: 866.309 ms/op
                 gc.alloc.rate:      1104.066 MB/sec
                 gc.alloc.rate.norm: 1002991776.000 B/op
                 gc.count:           1.000 counts
                 gc.time:            7.000 ms

Iteration   5: 859.253 ms/op
                 gc.alloc.rate:      1113.118 MB/sec
                 gc.alloc.rate.norm: 1002982456.000 B/op
                 gc.count:           ≈ 0 counts

# Processing profiler results: LinuxPerfNormProfiler 


Result "org.weakref.nitro.tpcds.BenchmarkQueries.query70":
  862.194 ±(99.9%) 13.157 ms/op [Average]
  (min, avg, max) = (858.184, 862.194, 866.309), stdev = 3.417
  CI (99.9%): [849.037, 875.352] (assumes normal distribution)

Secondary result "org.weakref.nitro.tpcds.BenchmarkQueries.query70:CPI":
  0.204 clks/insn

Secondary result "org.weakref.nitro.tpcds.BenchmarkQueries.query70:IPC":
  4.897 insns/clk

Secondary result "org.weakref.nitro.tpcds.BenchmarkQueries.query70:L1-dcache-load-misses":
  115531370.670 #/op

Secondary result "org.weakref.nitro.tpcds.BenchmarkQueries.query70:L1-dcache-loads":
  9358317268.617 #/op

Secondary result "org.weakref.nitro.tpcds.BenchmarkQueries.query70:branch-misses":
  19286697.492 #/op

Secondary result "org.weakref.nitro.tpcds.BenchmarkQueries.query70:branches":
  4645591571.304 #/op

Secondary result "org.weakref.nitro.tpcds.BenchmarkQueries.query70:cycles":
  4568317523.953 #/op

Secondary result "org.weakref.nitro.tpcds.BenchmarkQueries.query70:dTLB-load-misses":
  104551.868 #/op

Secondary result "org.weakref.nitro.tpcds.BenchmarkQueries.query70:dTLB-loads":
  747507.915 #/op

Secondary result "org.weakref.nitro.tpcds.BenchmarkQueries.query70:gc.alloc.rate":
  1109.333 ±(99.9%) 16.923 MB/sec [Average]
  (min, avg, max) = (1104.066, 1109.333, 1114.504), stdev = 4.395
  CI (99.9%): [1092.410, 1126.256] (assumes normal distribution)

Secondary result "org.weakref.nitro.tpcds.BenchmarkQueries.query70:gc.alloc.rate.norm":
  1002989561.600 ±(99.9%) 15328.769 B/op [Average]
  (min, avg, max) = (1002982456.000, 1002989561.600, 1002991776.000), stdev = 3980.833
  CI (99.9%): [1002974232.831, 1003004890.369] (assumes normal distribution)

Secondary result "org.weakref.nitro.tpcds.BenchmarkQueries.query70:gc.count":
  6.000 ±(99.9%) 0.001 counts [Sum]
  (min, avg, max) = (≈ 0, 1.200, 4.000), stdev = 1.643
  CI (99.9%): [6.000, 6.000] (assumes normal distribution)

Secondary result "org.weakref.nitro.tpcds.BenchmarkQueries.query70:gc.time":
  16.000 ±(99.9%) 0.001 ms [Sum]
  (min, avg, max) = (≈ 0, 3.200, 7.000), stdev = 3.271
  CI (99.9%): [16.000, 16.000] (assumes normal distribution)

Secondary result "org.weakref.nitro.tpcds.BenchmarkQueries.query70:instructions":
  22370356981.374 #/op


# Run complete. Total time: 00:00:26

REMEMBER: The numbers below are just data. To gain reusable insights, you need to follow up on
why the numbers are the way they are. Use profilers (see -prof, -lprof), design factorial
experiments, perform baseline and negative tests that provide experimental control, make sure
the benchmarking environment is safe on JVM/OS/HW level, ask for reviews from the domain experts.
Do not assume the numbers tell you what you want them to tell.

NOTE: Current JVM experimentally supports Compiler Blackholes, and they are in use. Please exercise
extra caution when trusting the results, look into the generated code to check the benchmark still
works, and factor in a small probability of new VM bugs. Additionally, while comparisons between
different JVMs are already problematic, the performance difference caused by different Blackhole
modes can be very significant. Please make sure you use the consistent Blackhole mode for comparisons.

Benchmark                                       Mode  Cnt            Score       Error      Units
BenchmarkQueries.query70                        avgt    5          862.194 ±    13.157      ms/op
BenchmarkQueries.query70:CPI                    avgt                 0.204              clks/insn
BenchmarkQueries.query70:IPC                    avgt                 4.897              insns/clk
BenchmarkQueries.query70:L1-dcache-load-misses  avgt         115531370.670                   #/op
BenchmarkQueries.query70:L1-dcache-loads        avgt        9358317268.617                   #/op
BenchmarkQueries.query70:branch-misses          avgt          19286697.492                   #/op
BenchmarkQueries.query70:branches               avgt        4645591571.304                   #/op
BenchmarkQueries.query70:cycles                 avgt        4568317523.953                   #/op
BenchmarkQueries.query70:dTLB-load-misses       avgt            104551.868                   #/op
BenchmarkQueries.query70:dTLB-loads             avgt            747507.915                   #/op
BenchmarkQueries.query70:gc.alloc.rate          avgt    5         1109.333 ±    16.923     MB/sec
BenchmarkQueries.query70:gc.alloc.rate.norm     avgt    5   1002989561.600 ± 15328.769       B/op
BenchmarkQueries.query70:gc.count               avgt    5            6.000                 counts
BenchmarkQueries.query70:gc.time                avgt    5           16.000                     ms
BenchmarkQueries.query70:instructions           avgt       22370356981.374                   #/op

Benchmark result is saved to /root/nitro.opt/benchmarks/sweeps/20260720-targeted/tpcds-q70-followup/constant-null-off-reverse-screen.json
