NOTE: Picked up JDK_JAVA_OPTIONS: -Xms2g -Xmx12g -XX:+UseG1GC -XX:G1HeapRegionSize=32m -XX:-HeapDumpOnOutOfMemoryError -XX:ActiveProcessorCount=6 -Dcork.benchmark.task-concurrency=4 -Dcork.benchmark.expected-mode=CPU -Dcork.benchmark.output-directory=/home/martin/src/nitro.opt/benchmarks/trino-integration/20260819-post-island-four-suite-w15m7-board/raw/cork/tpch/q18
Aug 19, 2026 5:06:06 AM io.airlift.log.Logger warn
WARNING: No .git ancestor of /home/martin/src/nitro.opt; falling back to user.home (/root) as project root
Aug 19, 2026 5:06:06 AM io.airlift.log.Logger info
INFO: Launching benchmark JVM with -Xms12288m -Xmx12288m
NOTE: Picked up JDK_JAVA_OPTIONS: -Xms2g -Xmx12g -XX:+UseG1GC -XX:G1HeapRegionSize=32m -XX:-HeapDumpOnOutOfMemoryError -XX:ActiveProcessorCount=6 -Dcork.benchmark.task-concurrency=4 -Dcork.benchmark.expected-mode=CPU -Dcork.benchmark.output-directory=/home/martin/src/nitro.opt/benchmarks/trino-integration/20260819-post-island-four-suite-w15m7-board/raw/cork/tpch/q18
WARNING: Using incubator modules: jdk.incubator.vector
Aug 19, 2026 5:06:07 AM io.airlift.log.Logger warn
WARNING: No .git ancestor of /home/martin/src/nitro.opt; falling back to user.home (/root) as project root
Aug 19, 2026 5:06:07 AM io.airlift.log.Logger info
INFO: Per-iteration EXPLAIN ANALYZE plans will be written under /home/martin/src/nitro.opt/benchmarks/trino-integration/20260819-post-island-four-suite-w15m7-board/raw/cork/tpch/q18/tpch-sf10/explain
Aug 19, 2026 5:06:07 AM io.airlift.log.Logger info
INFO: Benchmark task concurrency: 4
2026-08-19T05:06:07.623Z	INFO	main	io.airlift.log.Logging	Logging to stderr
2026-08-19T05:06:07.700Z	INFO	main	stderr	SLF4J(W): Class path contains multiple SLF4J providers.
2026-08-19T05:06:07.701Z	INFO	main	stderr	SLF4J(W): Found provider [org.slf4j.jul.JULServiceProvider@6c8a68c1]
2026-08-19T05:06:07.701Z	INFO	main	stderr	SLF4J(W): Found provider [org.slf4j.nop.NOPServiceProvider@56193c7d]
2026-08-19T05:06:07.701Z	INFO	main	stderr	SLF4J(W): See https://www.slf4j.org/codes.html#multiple_bindings for an explanation.
2026-08-19T05:06:07.701Z	INFO	main	stderr	SLF4J(I): Actual provider is of type [org.slf4j.jul.JULServiceProvider@6c8a68c1]
WARNING: A terminally deprecated method in sun.misc.Unsafe has been called
WARNING: sun.misc.Unsafe::staticFieldBase has been called by com.google.inject.internal.aop.HiddenClassDefiner (file:/root/.m2/repository/remote-cache/com/google/inject/guice/7.0.0/guice-7.0.0-classes.jar)
WARNING: Please consider reporting this to the maintainers of class com.google.inject.internal.aop.HiddenClassDefiner
WARNING: sun.misc.Unsafe::staticFieldBase will be removed in a future release
2026-08-19T05:06:08.511Z	INFO	main	io.trino.simd.BlockEncodingSimdSupport	Detected SIMD Support for architecture=amd64, vectorBitWidth=512: SimdSupport[capabilities=[NULL_BIT_PACKING, COMPRESS_BYTE, EXPAND_BYTE, COMPRESS_SHORT, EXPAND_SHORT, COMPRESS_INT, EXPAND_INT, COMPRESS_LONG, EXPAND_LONG]]
WARNING: A restricted method in java.lang.System has been called
WARNING: java.lang.System::loadLibrary has been called by com.aayushatharva.brotli4j.Brotli4jLoader in an unnamed module (file:/root/.m2/repository/remote-cache/com/aayushatharva/brotli4j/brotli4j/1.23.0/brotli4j-1.23.0.jar)
WARNING: Use --enable-native-access=ALL-UNNAMED to avoid a warning for callers in this module
WARNING: Restricted methods will be blocked in a future release unless native access is enabled

2026-08-19T05:06:10.022Z	INFO	main	io.trino.testing.DistributedQueryRunner	Created DistributedQueryRunner in 2.40s (unclosed instances = 1)
2026-08-19T05:06:10.024Z	INFO	main	io.trino.exchange.ExchangeManagerRegistry	-- Loading exchange manager filesystem --
2026-08-19T05:06:10.043Z	INFO	main	io.trino.exchange.ExchangeManagerRegistry	-- Loaded exchange manager filesystem --
2026-08-19T05:06:11.280Z	INFO	main	io.trino.tests.benchmark.BaseHiveTpchWorkload	Reusing existing hive.tpch.customer at local:///root/data/tpch-parquet-sf10/sf10/customer
2026-08-19T05:06:11.363Z	INFO	main	io.trino.tests.benchmark.BaseHiveTpchWorkload	Reusing existing hive.tpch.orders at local:///root/data/tpch-parquet-sf10/sf10/orders
2026-08-19T05:06:11.441Z	INFO	main	io.trino.tests.benchmark.BaseHiveTpchWorkload	Reusing existing hive.tpch.lineitem at local:///root/data/tpch-parquet-sf10/sf10/lineitem
2026-08-19T05:06:11.527Z	INFO	main	io.trino.tests.benchmark.BaseHiveTpchWorkload	Reusing existing hive.tpch.part at local:///root/data/tpch-parquet-sf10/sf10/part
2026-08-19T05:06:11.610Z	INFO	main	io.trino.tests.benchmark.BaseHiveTpchWorkload	Reusing existing hive.tpch.partsupp at local:///root/data/tpch-parquet-sf10/sf10/partsupp
2026-08-19T05:06:11.702Z	INFO	main	io.trino.tests.benchmark.BaseHiveTpchWorkload	Reusing existing hive.tpch.supplier at local:///root/data/tpch-parquet-sf10/sf10/supplier
2026-08-19T05:06:11.782Z	INFO	main	io.trino.tests.benchmark.BaseHiveTpchWorkload	Reusing existing hive.tpch.nation at local:///root/data/tpch-parquet-sf10/sf10/nation
2026-08-19T05:06:11.868Z	INFO	main	io.trino.tests.benchmark.BaseHiveTpchWorkload	Reusing existing hive.tpch.region at local:///root/data/tpch-parquet-sf10/sf10/region
2026-08-19T05:06:11.869Z	INFO	main	io.trino.tests.benchmark.BenchmarkRunner	Running Trino at http://127.0.0.1:46845 (mode=CPU)
2026-08-19T05:06:11.869Z	INFO	main	io.trino.tests.benchmark.BenchmarkRunner	Running tpch-sf10 benchmark: 0 suite warmup, 15 warmup, 7 measured runs, reporting average
2026-08-19T05:06:11.869Z	INFO	main	io.trino.tests.benchmark.BenchmarkRunner	Verifying table statistics for 8 table(s): [hive.tpch.customer, hive.tpch.orders, hive.tpch.lineitem, hive.tpch.part, hive.tpch.partsupp, hive.tpch.supplier, hive.tpch.nation, hive.tpch.region]
2026-08-19T05:06:11.979Z	INFO	main	io.trino.tests.benchmark.BenchmarkRunner	  hive.tpch.customer: statistics present
2026-08-19T05:06:12.038Z	INFO	main	io.trino.tests.benchmark.BenchmarkRunner	  hive.tpch.orders: statistics present
2026-08-19T05:06:12.116Z	INFO	main	io.trino.tests.benchmark.BenchmarkRunner	  hive.tpch.lineitem: statistics present
2026-08-19T05:06:12.165Z	INFO	main	io.trino.tests.benchmark.BenchmarkRunner	  hive.tpch.part: statistics present
2026-08-19T05:06:12.216Z	INFO	main	io.trino.tests.benchmark.BenchmarkRunner	  hive.tpch.partsupp: statistics present
2026-08-19T05:06:12.250Z	INFO	main	io.trino.tests.benchmark.BenchmarkRunner	  hive.tpch.supplier: statistics present
2026-08-19T05:06:12.285Z	INFO	main	io.trino.tests.benchmark.BenchmarkRunner	  hive.tpch.nation: statistics present
2026-08-19T05:06:12.319Z	INFO	main	io.trino.tests.benchmark.BenchmarkRunner	  hive.tpch.region: statistics present
2026-08-19T05:06:43.137Z	INFO	main	io.trino.tests.benchmark.BenchmarkRunner	Average for q18: 1398 ms (execution 1393 ms, CPU 4534 ms, peak memory 321.94MB)
2026-08-19T05:06:43.137Z	INFO	main	io.trino.tests.benchmark.BenchmarkRunner	Sum of averages for all queries: 1398 ms (execution 1393 ms)
2026-08-19T05:06:43.137Z	INFO	main	io.trino.tests.benchmark.BenchmarkRunner	Wrote per-query timings to /home/martin/src/nitro.opt/benchmarks/trino-integration/20260819-post-island-four-suite-w15m7-board/raw/cork/tpch/q18/tpch-sf10/timings.csv
