[INFO] Processing build on daemon ba8fca31
[INFO] Scanning for projects...
[INFO] Njord 0.9.4 session created
[INFO] BuildTimeEventSpy is registered.
[INFO] 
[INFO] Using the SmartBuilder implementation with a thread count of 7
[INFO] 
[INFO] -------------------------< org.weakref:nitro >--------------------------
[INFO] Building nitro 1-SNAPSHOT
[INFO]   from pom.xml
[INFO] --------------------------------[ jar ]---------------------------------
[WARNING] 2 problems were encountered while building the effective model for org.apache.yetus:audience-annotations:jar:0.5.0 during dependency collection step for project (use -X to see details)
[INFO] 
[INFO] --- exec:3.6.1:exec (benchmark) @ nitro ---
[WARNING] [stderr] WARNING: Using incubator modules: jdk.incubator.vector
[WARNING] [stderr] WARNING: A terminally deprecated method in sun.misc.Unsafe has been called
[WARNING] [stderr] WARNING: sun.misc.Unsafe::objectFieldOffset has been called by org.openjdk.jmh.util.Utils (file:/root/.m2/repository/org/openjdk/jmh/jmh-core/1.37/jmh-core-1.37.jar)
[WARNING] [stderr] WARNING: Please consider reporting this to the maintainers of class org.openjdk.jmh.util.Utils
[WARNING] [stderr] WARNING: sun.misc.Unsafe::objectFieldOffset will be removed in a future release
[INFO] [stdout] # JMH version: 1.37
[INFO] [stdout] # VM version: JDK 26.0.1, OpenJDK 64-Bit Server VM, 26.0.1+8
[INFO] [stdout] # VM invoker: /opt/java/openjdk/bin/java
[INFO] [stdout] # VM options: --enable-preview --add-modules=jdk.incubator.vector -Dnitro.clickbench.hits.path= -Dnitro.group.packedIntTripleHashRotation=0 -Dnitro.tpcds.parquet.path=/root/data/tpcds-parquet-sf10 -Dnitro.tpcds.parquet.schema=sf10 -Xms8g -Xmx12g -XX:+AlwaysPreTouch -XX:+UseTransparentHugePages
[INFO] [stdout] # Blackhole mode: compiler (auto-detected, use -Djmh.blackhole.autoDetect=false to disable)
[INFO] [stdout] # Warmup: 3 iterations, 1000 ms each
[INFO] [stdout] # Measurement: 3 iterations, 1000 ms each
[INFO] [stdout] # Timeout: 30 min per iteration
[INFO] [stdout] # Threads: 1 thread, will synchronize iterations
[INFO] [stdout] # Benchmark mode: Average time, time/op
[INFO] [stdout] # Benchmark: org.weakref.nitro.tpcds.BenchmarkQueries.query97
[INFO] [stdout] 
[INFO] [stdout] # Run progress: 0.00% complete, ETA 00:00:06
[INFO] [stdout] # Fork: 1 of 1
[INFO] [stdout] # Preparing profilers: LinuxPerfNormProfiler 
[INFO] [stdout] # Profilers consume stderr from target VM, use -v EXTRA to copy to console
[INFO] [stdout] # Warmup Iteration   1: 2299.220 ms/op
[INFO] [stdout] # Warmup Iteration   2: 1242.286 ms/op
[INFO] [stdout] # Warmup Iteration   3: 1185.500 ms/op
[INFO] [stdout] Iteration   1: 1195.156 ms/op
[INFO] [stdout]                  gc.alloc.rate:      893.204 MB/sec
[INFO] [stdout]                  gc.alloc.rate.norm: 1119501448.000 B/op
[INFO] [stdout]                  gc.count:           ≈ 0 counts
[INFO] [stdout] 
[INFO] [stdout] Iteration   2: 1212.524 ms/op
[INFO] [stdout]                  gc.alloc.rate:      880.383 MB/sec
[INFO] [stdout]                  gc.alloc.rate.norm: 1119474352.000 B/op
[INFO] [stdout]                  gc.count:           1.000 counts
[INFO] [stdout]                  gc.time:            9.000 ms
[INFO] [stdout] 
[INFO] [stdout] Iteration   3: 1172.499 ms/op
[INFO] [stdout]                  gc.alloc.rate:      910.381 MB/sec
[INFO] [stdout]                  gc.alloc.rate.norm: 1119401816.000 B/op
[INFO] [stdout]                  gc.count:           ≈ 0 counts
[INFO] [stdout] 
[INFO] [stdout] # Processing profiler results: LinuxPerfNormProfiler 
[INFO] [stdout] 
[INFO] [stdout] 
[INFO] [stdout] Result "org.weakref.nitro.tpcds.BenchmarkQueries.query97":
[INFO] [stdout]   1193.393 ±(99.9%) 366.168 ms/op [Average]
[INFO] [stdout]   (min, avg, max) = (1172.499, 1193.393, 1212.524), stdev = 20.071
[INFO] [stdout]   CI (99.9%): [827.225, 1559.561] (assumes normal distribution)
[INFO] [stdout] 
[INFO] [stdout] Secondary result "org.weakref.nitro.tpcds.BenchmarkQueries.query97:CPI":
[INFO] [stdout]   0.365 clks/insn
[INFO] [stdout] 
[INFO] [stdout] Secondary result "org.weakref.nitro.tpcds.BenchmarkQueries.query97:IPC":
[INFO] [stdout]   2.738 insns/clk
[INFO] [stdout] 
[INFO] [stdout] Secondary result "org.weakref.nitro.tpcds.BenchmarkQueries.query97:L1-dcache-load-misses":
[INFO] [stdout]   202134304.499 #/op
[INFO] [stdout] 
[INFO] [stdout] Secondary result "org.weakref.nitro.tpcds.BenchmarkQueries.query97:L1-dcache-loads":
[INFO] [stdout]   9781233943.467 #/op
[INFO] [stdout] 
[INFO] [stdout] Secondary result "org.weakref.nitro.tpcds.BenchmarkQueries.query97:branch-misses":
[INFO] [stdout]   37994085.599 #/op
[INFO] [stdout] 
[INFO] [stdout] Secondary result "org.weakref.nitro.tpcds.BenchmarkQueries.query97:branches":
[INFO] [stdout]   3421878976.093 #/op
[INFO] [stdout] 
[INFO] [stdout] Secondary result "org.weakref.nitro.tpcds.BenchmarkQueries.query97:cycles":
[INFO] [stdout]   6922066122.355 #/op
[INFO] [stdout] 
[INFO] [stdout] Secondary result "org.weakref.nitro.tpcds.BenchmarkQueries.query97:dTLB-load-misses":
[INFO] [stdout]   4783309.277 #/op
[INFO] [stdout] 
[INFO] [stdout] Secondary result "org.weakref.nitro.tpcds.BenchmarkQueries.query97:dTLB-loads":
[INFO] [stdout]   27122602.561 #/op
[INFO] [stdout] 
[INFO] [stdout] Secondary result "org.weakref.nitro.tpcds.BenchmarkQueries.query97:gc.alloc.rate":
[INFO] [stdout]   894.656 ±(99.9%) 274.594 MB/sec [Average]
[INFO] [stdout]   (min, avg, max) = (880.383, 894.656, 910.381), stdev = 15.051
[INFO] [stdout]   CI (99.9%): [620.062, 1169.250] (assumes normal distribution)
[INFO] [stdout] 
[INFO] [stdout] Secondary result "org.weakref.nitro.tpcds.BenchmarkQueries.query97:gc.alloc.rate.norm":
[INFO] [stdout]   1119459205.333 ±(99.9%) 939808.509 B/op [Average]
[INFO] [stdout]   (min, avg, max) = (1119401816.000, 1119459205.333, 1119501448.000), stdev = 51514.076
[INFO] [stdout]   CI (99.9%): [1118519396.824, 1120399013.843] (assumes normal distribution)
[INFO] [stdout] 
[INFO] [stdout] Secondary result "org.weakref.nitro.tpcds.BenchmarkQueries.query97:gc.count":
[INFO] [stdout]   1.000 ±(99.9%) 0.001 counts [Sum]
[INFO] [stdout]   (min, avg, max) = (≈ 0, 0.333, 1.000), stdev = 0.577
[INFO] [stdout]   CI (99.9%): [1.000, 1.000] (assumes normal distribution)
[INFO] [stdout] 
[INFO] [stdout] Secondary result "org.weakref.nitro.tpcds.BenchmarkQueries.query97:gc.time":
[INFO] [stdout]   9.000 ±(99.9%) 0.001 ms [Sum]
[INFO] [stdout]   (min, avg, max) = (≈ 0, 3.000, 9.000), stdev = 5.196
[INFO] [stdout]   CI (99.9%): [9.000, 9.000] (assumes normal distribution)
[INFO] [stdout] 
[INFO] [stdout] Secondary result "org.weakref.nitro.tpcds.BenchmarkQueries.query97:instructions":
[INFO] [stdout]   18953819767.619 #/op
[INFO] [stdout] 
[INFO] [stdout] 
[INFO] [stdout] # Run complete. Total time: 00:00:10
[INFO] [stdout] 
[INFO] [stdout] REMEMBER: The numbers below are just data. To gain reusable insights, you need to follow up on
[INFO] [stdout] why the numbers are the way they are. Use profilers (see -prof, -lprof), design factorial
[INFO] [stdout] experiments, perform baseline and negative tests that provide experimental control, make sure
[INFO] [stdout] the benchmarking environment is safe on JVM/OS/HW level, ask for reviews from the domain experts.
[INFO] [stdout] Do not assume the numbers tell you what you want them to tell.
[INFO] [stdout] 
[INFO] [stdout] NOTE: Current JVM experimentally supports Compiler Blackholes, and they are in use. Please exercise
[INFO] [stdout] extra caution when trusting the results, look into the generated code to check the benchmark still
[INFO] [stdout] works, and factor in a small probability of new VM bugs. Additionally, while comparisons between
[INFO] [stdout] different JVMs are already problematic, the performance difference caused by different Blackhole
[INFO] [stdout] modes can be very significant. Please make sure you use the consistent Blackhole mode for comparisons.
[INFO] [stdout] 
[INFO] [stdout] Benchmark                                       Mode  Cnt            Score        Error      Units
[INFO] [stdout] BenchmarkQueries.query97                        avgt    3         1193.393 ±    366.168      ms/op
[INFO] [stdout] BenchmarkQueries.query97:CPI                    avgt                 0.365               clks/insn
[INFO] [stdout] BenchmarkQueries.query97:IPC                    avgt                 2.738               insns/clk
[INFO] [stdout] BenchmarkQueries.query97:L1-dcache-load-misses  avgt         202134304.499                    #/op
[INFO] [stdout] BenchmarkQueries.query97:L1-dcache-loads        avgt        9781233943.467                    #/op
[INFO] [stdout] BenchmarkQueries.query97:branch-misses          avgt          37994085.599                    #/op
[INFO] [stdout] BenchmarkQueries.query97:branches               avgt        3421878976.093                    #/op
[INFO] [stdout] BenchmarkQueries.query97:cycles                 avgt        6922066122.355                    #/op
[INFO] [stdout] BenchmarkQueries.query97:dTLB-load-misses       avgt           4783309.277                    #/op
[INFO] [stdout] BenchmarkQueries.query97:dTLB-loads             avgt          27122602.561                    #/op
[INFO] [stdout] BenchmarkQueries.query97:gc.alloc.rate          avgt    3          894.656 ±    274.594     MB/sec
[INFO] [stdout] BenchmarkQueries.query97:gc.alloc.rate.norm     avgt    3   1119459205.333 ± 939808.509       B/op
[INFO] [stdout] BenchmarkQueries.query97:gc.count               avgt    3            1.000                  counts
[INFO] [stdout] BenchmarkQueries.query97:gc.time                avgt    3            9.000                      ms
[INFO] [stdout] BenchmarkQueries.query97:instructions           avgt       18953819767.619                    #/op
[INFO] [stdout] 
[INFO] [stdout] Benchmark result is saved to benchmarks/sweeps/20260723-targeted/tpcds-q97-next/hash-rotate0-off-reverse-screen.json
[INFO] ------------------------------------------------------------------------
[INFO] BUILD SUCCESS
[INFO] ------------------------------------------------------------------------
[INFO] Total time:  11.435 s (Wall Clock)
[INFO] Finished at: 2026-07-23T13:00:13Z
[INFO] ------------------------------------------------------------------------
[INFO] Njord session closed
Purged 1 log files (log available in /root/.mvnd/purge-2026-07-23.log)
