[INFO] Processing build on daemon 808f8988
[INFO] Scanning for projects...
[INFO] Njord 0.9.4 session created
[INFO] BuildTimeEventSpy is registered.
[INFO] 
[INFO] Using the SmartBuilder implementation with a thread count of 7
[INFO] 
[INFO] -------------------------< org.weakref:nitro >--------------------------
[INFO] Building nitro 1-SNAPSHOT
[INFO]   from pom.xml
[INFO] --------------------------------[ jar ]---------------------------------
[WARNING] 2 problems were encountered while building the effective model for org.apache.yetus:audience-annotations:jar:0.5.0 during dependency collection step for project (use -X to see details)
[INFO] 
[INFO] --- enforcer:3.6.2:enforce (default) @ nitro ---
[INFO] Rule 0: org.apache.maven.enforcer.rules.dependency.BannedDependencies passed
[INFO] Rule 1: org.apache.maven.enforcer.rules.BanDuplicatePomDependencyVersions passed
[INFO] Rule 2: org.apache.maven.enforcer.rules.dependency.RequireUpperBoundDeps passed
[INFO] Rule 3: org.apache.maven.enforcer.rules.version.RequireMavenVersion passed
[INFO] Rule 4: org.apache.maven.enforcer.rules.version.RequireJavaVersion passed
[INFO] Rule 5: org.codehaus.mojo.extraenforcer.dependencies.EnforceBytecodeVersion passed
[INFO] Rule 6: org.apache.maven.enforcer.rules.RequirePluginVersions passed
[INFO] Rule 7: org.apache.maven.plugins.enforcer.RestrictImports passed
[INFO] Rule 8: org.apache.maven.plugins.enforcer.RestrictImports passed
[INFO] Rule 9: org.apache.maven.plugins.enforcer.RestrictImports passed
[INFO] Rule 10: org.apache.maven.plugins.enforcer.RestrictImports passed
[INFO] Rule 11: org.apache.maven.plugins.enforcer.RestrictImports passed
[INFO] Rule 12: org.apache.maven.plugins.enforcer.RestrictImports passed
[INFO] Rule 13: org.apache.maven.plugins.enforcer.RestrictImports passed
[INFO] Rule 14: org.apache.maven.enforcer.rules.RequireProfileIdsExist passed
[INFO] Rule 15: org.codehaus.mojo.extraenforcer.model.RequirePropertyDiverges passed
[INFO] 
[INFO] --- sortpom:4.0.0:verify (default) @ nitro ---
[INFO] Verifying file /home/martin/src/nitro.opt/pom.xml
[INFO] 
[INFO] --- dependency-scope:1.0.3:check (default) @ nitro ---
[INFO] No test dependency scope issues found
[INFO] 
[INFO] --- license:5.0.0:check (default) @ nitro ---
[INFO] Checking licenses...
[INFO] 
[INFO] --- checkstyle:3.6.0:check (checkstyle) @ nitro ---
[INFO] You have 0 Checkstyle violations.
[INFO] 
[INFO] --- git-commit-id:9.0.2:revision (default) @ nitro ---
[INFO] 
[INFO] --- build-helper:3.6.1:bsh-property (surefire-enable-preview) @ nitro ---
[INFO] 
[INFO] --- jacoco:0.8.14:prepare-agent (default) @ nitro ---
[INFO] argLine set to -javaagent:/root/.m2/repository/org/jacoco/org.jacoco.agent/0.8.14/org.jacoco.agent-0.8.14-runtime.jar=destfile=/home/martin/src/nitro.opt/target/jacoco.exec
[INFO] 
[INFO] --- resources:3.5.0:resources (default-resources) @ nitro ---
[INFO] skip non existing resourceDirectory /home/martin/src/nitro.opt/src/main/resources
[INFO] 
[INFO] --- compiler:3.15.0:compile (default-compile) @ nitro ---
[INFO] Nothing to compile - all classes are up to date.
[INFO] 
[INFO] --- resources:3.5.0:testResources (default-testResources) @ nitro ---
[INFO] Copying 22 resources from src/test/resources to target/test-classes
[INFO] 
[INFO] --- compiler:3.15.0:testCompile (default-testCompile) @ nitro ---
[INFO] Nothing to compile - all classes are up to date.
[INFO] 
[INFO] --- exec:3.6.1:exec (benchmark) @ nitro ---
[WARNING] [stderr] WARNING: Using incubator modules: jdk.incubator.vector
[WARNING] [stderr] WARNING: A terminally deprecated method in sun.misc.Unsafe has been called
[WARNING] [stderr] WARNING: sun.misc.Unsafe::objectFieldOffset has been called by org.openjdk.jmh.util.Utils (file:/root/.m2/repository/org/openjdk/jmh/jmh-core/1.37/jmh-core-1.37.jar)
[WARNING] [stderr] WARNING: Please consider reporting this to the maintainers of class org.openjdk.jmh.util.Utils
[WARNING] [stderr] WARNING: sun.misc.Unsafe::objectFieldOffset will be removed in a future release
[INFO] [stdout] # JMH version: 1.37
[INFO] [stdout] # VM version: JDK 26.0.1, OpenJDK 64-Bit Server VM, 26.0.1+8
[INFO] [stdout] # VM invoker: /opt/java/openjdk/bin/java
[INFO] [stdout] # VM options: --enable-preview --add-modules=jdk.incubator.vector -Dnitro.clickbench.hits.path= -Dnitro.tpcds.parquet.path=/root/data/tpcds-parquet-sf10 -Dnitro.tpcds.parquet.schema=sf10 -Xms8g -Xmx12g -XX:+AlwaysPreTouch -XX:+UseTransparentHugePages
[INFO] [stdout] # Blackhole mode: compiler (auto-detected, use -Djmh.blackhole.autoDetect=false to disable)
[INFO] [stdout] # Warmup: 10 iterations, 1 s each
[INFO] [stdout] # Measurement: 5 iterations, 1 s each
[INFO] [stdout] # Timeout: 30 min per iteration
[INFO] [stdout] # Threads: 1 thread, will synchronize iterations
[INFO] [stdout] # Benchmark mode: Average time, time/op
[INFO] [stdout] # Benchmark: org.weakref.nitro.tpcds.BenchmarkQueries.query97
[INFO] [stdout] 
[INFO] [stdout] # Run progress: 0.00% complete, ETA 00:00:45
[INFO] [stdout] # Fork: 1 of 3
[INFO] [stdout] # Preparing profilers: LinuxPerfNormProfiler 
[INFO] [stdout] # Profilers consume stderr from target VM, use -v EXTRA to copy to console
[INFO] [stdout] # Warmup Iteration   1: 2386.512 ms/op
[INFO] [stdout] # Warmup Iteration   2: 1229.340 ms/op
[INFO] [stdout] # Warmup Iteration   3: 1209.079 ms/op
[INFO] [stdout] # Warmup Iteration   4: 1188.101 ms/op
[INFO] [stdout] # Warmup Iteration   5: 1172.587 ms/op
[INFO] [stdout] # Warmup Iteration   6: 1202.454 ms/op
[INFO] [stdout] # Warmup Iteration   7: 1165.863 ms/op
[INFO] [stdout] # Warmup Iteration   8: 1165.767 ms/op
[INFO] [stdout] # Warmup Iteration   9: 1171.007 ms/op
[INFO] [stdout] # Warmup Iteration  10: 1176.245 ms/op
[INFO] [stdout] Iteration   1: 1413.831 ms/op
[INFO] [stdout]                  gc.alloc.rate:      684.477 MB/sec
[INFO] [stdout]                  gc.alloc.rate.norm: 1014843904.000 B/op
[INFO] [stdout]                  gc.count:           1.000 counts
[INFO] [stdout]                  gc.time:            193.000 ms
[INFO] [stdout] 
[INFO] [stdout] Iteration   2: 1160.492 ms/op
[INFO] [stdout]                  gc.alloc.rate:      833.884 MB/sec
[INFO] [stdout]                  gc.alloc.rate.norm: 1014844200.000 B/op
[INFO] [stdout]                  gc.count:           ≈ 0 counts
[INFO] [stdout] 
[INFO] [stdout] Iteration   3: 1230.870 ms/op
[INFO] [stdout]                  gc.alloc.rate:      781.813 MB/sec
[INFO] [stdout]                  gc.alloc.rate.norm: 1009171784.000 B/op
[INFO] [stdout]                  gc.count:           1.000 counts
[INFO] [stdout]                  gc.time:            12.000 ms
[INFO] [stdout] 
[INFO] [stdout] Iteration   4: 1143.144 ms/op
[INFO] [stdout]                  gc.alloc.rate:      836.789 MB/sec
[INFO] [stdout]                  gc.alloc.rate.norm: 1003157016.000 B/op
[INFO] [stdout]                  gc.count:           ≈ 0 counts
[INFO] [stdout] 
[INFO] [stdout] Iteration   5: 1162.987 ms/op
[INFO] [stdout]                  gc.alloc.rate:      822.523 MB/sec
[INFO] [stdout]                  gc.alloc.rate.norm: 1003164536.000 B/op
[INFO] [stdout]                  gc.count:           1.000 counts
[INFO] [stdout]                  gc.time:            8.000 ms
[INFO] [stdout] 
[INFO] [stdout] # Processing profiler results: LinuxPerfNormProfiler 
[INFO] [stdout] 
[INFO] [stdout] # Run progress: 33.33% complete, ETA 00:00:41
[INFO] [stdout] # Fork: 2 of 3
[INFO] [stdout] # Preparing profilers: LinuxPerfNormProfiler 
[INFO] [stdout] # Profilers consume stderr from target VM, use -v EXTRA to copy to console
[INFO] [stdout] # Warmup Iteration   1: 2215.111 ms/op
[INFO] [stdout] # Warmup Iteration   2: 1207.319 ms/op
[INFO] [stdout] # Warmup Iteration   3: 1196.944 ms/op
[INFO] [stdout] # Warmup Iteration   4: 1185.776 ms/op
[INFO] [stdout] # Warmup Iteration   5: 1191.350 ms/op
[INFO] [stdout] # Warmup Iteration   6: 1211.457 ms/op
[INFO] [stdout] # Warmup Iteration   7: 1176.606 ms/op
[INFO] [stdout] # Warmup Iteration   8: 1233.334 ms/op
[INFO] [stdout] # Warmup Iteration   9: 1202.279 ms/op
[INFO] [stdout] # Warmup Iteration  10: 1228.803 ms/op
[INFO] [stdout] Iteration   1: 1329.738 ms/op
[INFO] [stdout]                  gc.alloc.rate:      805.860 MB/sec
[INFO] [stdout]                  gc.alloc.rate.norm: 1123737792.000 B/op
[INFO] [stdout]                  gc.count:           1.000 counts
[INFO] [stdout]                  gc.time:            143.000 ms
[INFO] [stdout] 
[INFO] [stdout] Iteration   2: 1150.340 ms/op
[INFO] [stdout]                  gc.alloc.rate:      931.471 MB/sec
[INFO] [stdout]                  gc.alloc.rate.norm: 1123738752.000 B/op
[INFO] [stdout]                  gc.count:           ≈ 0 counts
[INFO] [stdout] 
[INFO] [stdout] Iteration   3: 1171.525 ms/op
[INFO] [stdout]                  gc.alloc.rate:      1014.937 MB/sec
[INFO] [stdout]                  gc.alloc.rate.norm: 1246936184.000 B/op
[INFO] [stdout]                  gc.count:           1.000 counts
[INFO] [stdout]                  gc.time:            6.000 ms
[INFO] [stdout] 
[INFO] [stdout] Iteration   4: 1161.117 ms/op
[INFO] [stdout]                  gc.alloc.rate:      1019.333 MB/sec
[INFO] [stdout]                  gc.alloc.rate.norm: 1241235752.000 B/op
[INFO] [stdout]                  gc.count:           1.000 counts
[INFO] [stdout]                  gc.time:            9.000 ms
[INFO] [stdout] 
[INFO] [stdout] Iteration   5: 1159.899 ms/op
[INFO] [stdout]                  gc.alloc.rate:      1020.442 MB/sec
[INFO] [stdout]                  gc.alloc.rate.norm: 1241250240.000 B/op
[INFO] [stdout]                  gc.count:           ≈ 0 counts
[INFO] [stdout] 
[INFO] [stdout] # Processing profiler results: LinuxPerfNormProfiler 
[INFO] [stdout] 
[INFO] [stdout] # Run progress: 66.67% complete, ETA 00:00:20
[INFO] [stdout] # Fork: 3 of 3
[INFO] [stdout] # Preparing profilers: LinuxPerfNormProfiler 
[INFO] [stdout] # Profilers consume stderr from target VM, use -v EXTRA to copy to console
[INFO] [stdout] # Warmup Iteration   1: 2412.307 ms/op
[INFO] [stdout] # Warmup Iteration   2: 1266.774 ms/op
[INFO] [stdout] # Warmup Iteration   3: 1207.353 ms/op
[INFO] [stdout] # Warmup Iteration   4: 1200.904 ms/op
[INFO] [stdout] # Warmup Iteration   5: 1211.844 ms/op
[INFO] [stdout] # Warmup Iteration   6: 1170.003 ms/op
[INFO] [stdout] # Warmup Iteration   7: 1177.327 ms/op
[INFO] [stdout] # Warmup Iteration   8: 1179.734 ms/op
[INFO] [stdout] # Warmup Iteration   9: 1184.934 ms/op
[INFO] [stdout] # Warmup Iteration  10: 1467.577 ms/op
[INFO] [stdout] Iteration   1: 1158.608 ms/op
[INFO] [stdout]                  gc.alloc.rate:      835.240 MB/sec
[INFO] [stdout]                  gc.alloc.rate.norm: 1014830184.000 B/op
[INFO] [stdout]                  gc.count:           ≈ 0 counts
[INFO] [stdout] 
[INFO] [stdout] Iteration   2: 1164.672 ms/op
[INFO] [stdout]                  gc.alloc.rate:      829.026 MB/sec
[INFO] [stdout]                  gc.alloc.rate.norm: 1012565480.000 B/op
[INFO] [stdout]                  gc.count:           1.000 counts
[INFO] [stdout]                  gc.time:            8.000 ms
[INFO] [stdout] 
[INFO] [stdout] Iteration   3: 1153.429 ms/op
[INFO] [stdout]                  gc.alloc.rate:      830.083 MB/sec
[INFO] [stdout]                  gc.alloc.rate.norm: 1004070448.000 B/op
[INFO] [stdout]                  gc.count:           ≈ 0 counts
[INFO] [stdout] 
[INFO] [stdout] Iteration   4: 1187.540 ms/op
[INFO] [stdout]                  gc.alloc.rate:      805.499 MB/sec
[INFO] [stdout]                  gc.alloc.rate.norm: 1003143192.000 B/op
[INFO] [stdout]                  gc.count:           1.000 counts
[INFO] [stdout]                  gc.time:            8.000 ms
[INFO] [stdout] 
[INFO] [stdout] Iteration   5: 1155.744 ms/op
[INFO] [stdout]                  gc.alloc.rate:      827.662 MB/sec
[INFO] [stdout]                  gc.alloc.rate.norm: 1003159840.000 B/op
[INFO] [stdout]                  gc.count:           ≈ 0 counts
[INFO] [stdout] 
[INFO] [stdout] # Processing profiler results: LinuxPerfNormProfiler 
[INFO] [stdout] 
[INFO] [stdout] 
[INFO] [stdout] Result "org.weakref.nitro.tpcds.BenchmarkQueries.query97":
[INFO] [stdout]   1193.596 ±(99.9%) 82.165 ms/op [Average]
[INFO] [stdout]   (min, avg, max) = (1143.144, 1193.596, 1413.831), stdev = 76.857
[INFO] [stdout]   CI (99.9%): [1111.431, 1275.761] (assumes normal distribution)
[INFO] [stdout] 
[INFO] [stdout] Secondary result "org.weakref.nitro.tpcds.BenchmarkQueries.query97:CPI":
[INFO] [stdout]   0.360 ±(99.9%) 0.050 clks/insn [Average]
[INFO] [stdout]   (min, avg, max) = (0.357, 0.360, 0.362), stdev = 0.003
[INFO] [stdout]   CI (99.9%): [0.310, 0.409] (assumes normal distribution)
[INFO] [stdout] 
[INFO] [stdout] Secondary result "org.weakref.nitro.tpcds.BenchmarkQueries.query97:IPC":
[INFO] [stdout]   2.782 ±(99.9%) 0.385 insns/clk [Average]
[INFO] [stdout]   (min, avg, max) = (2.760, 2.782, 2.802), stdev = 0.021
[INFO] [stdout]   CI (99.9%): [2.397, 3.166] (assumes normal distribution)
[INFO] [stdout] 
[INFO] [stdout] Secondary result "org.weakref.nitro.tpcds.BenchmarkQueries.query97:L1-dcache-load-misses":
[INFO] [stdout]   192426284.419 ±(99.9%) 119411357.974 #/op [Average]
[INFO] [stdout]   (min, avg, max) = (184879251.185, 192426284.419, 196550779.315), stdev = 6545339.466
[INFO] [stdout]   CI (99.9%): [73014926.445, 311837642.393] (assumes normal distribution)
[INFO] [stdout] 
[INFO] [stdout] Secondary result "org.weakref.nitro.tpcds.BenchmarkQueries.query97:L1-dcache-loads":
[INFO] [stdout]   9200549172.660 ±(99.9%) 3170475732.081 #/op [Average]
[INFO] [stdout]   (min, avg, max) = (9005165351.956, 9200549172.660, 9337863236.780), stdev = 173784473.167
[INFO] [stdout]   CI (99.9%): [6030073440.579, 12371024904.740] (assumes normal distribution)
[INFO] [stdout] 
[INFO] [stdout] Secondary result "org.weakref.nitro.tpcds.BenchmarkQueries.query97:branch-misses":
[INFO] [stdout]   32207108.238 ±(99.9%) 7583884.359 #/op [Average]
[INFO] [stdout]   (min, avg, max) = (31880748.970, 32207108.238, 32675119.451), stdev = 415698.292
[INFO] [stdout]   CI (99.9%): [24623223.879, 39790992.597] (assumes normal distribution)
[INFO] [stdout] 
[INFO] [stdout] Secondary result "org.weakref.nitro.tpcds.BenchmarkQueries.query97:branches":
[INFO] [stdout]   3227534725.695 ±(99.9%) 925886577.167 #/op [Average]
[INFO] [stdout]   (min, avg, max) = (3169029777.155, 3227534725.695, 3259709349.079), stdev = 50750967.559
[INFO] [stdout]   CI (99.9%): [2301648148.528, 4153421302.862] (assumes normal distribution)
[INFO] [stdout] 
[INFO] [stdout] Secondary result "org.weakref.nitro.tpcds.BenchmarkQueries.query97:cycles":
[INFO] [stdout]   6415288387.367 ±(99.9%) 3131515332.664 #/op [Average]
[INFO] [stdout]   (min, avg, max) = (6226564435.402, 6415288387.367, 6562098480.201), stdev = 171648922.209
[INFO] [stdout]   CI (99.9%): [3283773054.704, 9546803720.031] (assumes normal distribution)
[INFO] [stdout] 
[INFO] [stdout] Secondary result "org.weakref.nitro.tpcds.BenchmarkQueries.query97:dTLB-load-misses":
[INFO] [stdout]   1059007.500 ±(99.9%) 14341110.126 #/op [Average]
[INFO] [stdout]   (min, avg, max) = (555092.509, 1059007.500, 1964785.551), stdev = 786084.638
[INFO] [stdout]   CI (99.9%): [≈ 0, 15400117.626] (assumes normal distribution)
[INFO] [stdout] 
[INFO] [stdout] Secondary result "org.weakref.nitro.tpcds.BenchmarkQueries.query97:dTLB-loads":
[INFO] [stdout]   11514138.915 ±(99.9%) 56551794.577 #/op [Average]
[INFO] [stdout]   (min, avg, max) = (9153930.936, 11514138.915, 15024648.624), stdev = 3099794.686
[INFO] [stdout]   CI (99.9%): [≈ 0, 68065933.492] (assumes normal distribution)
[INFO] [stdout] 
[INFO] [stdout] Secondary result "org.weakref.nitro.tpcds.BenchmarkQueries.query97:gc.alloc.rate":
[INFO] [stdout]   858.603 ±(99.9%) 102.690 MB/sec [Average]
[INFO] [stdout]   (min, avg, max) = (684.477, 858.603, 1020.442), stdev = 96.056
[INFO] [stdout]   CI (99.9%): [755.913, 961.292] (assumes normal distribution)
[INFO] [stdout] 
[INFO] [stdout] Secondary result "org.weakref.nitro.tpcds.BenchmarkQueries.query97:gc.alloc.rate.norm":
[INFO] [stdout]   1070656620.267 ±(99.9%) 104617391.542 B/op [Average]
[INFO] [stdout]   (min, avg, max) = (1003143192.000, 1070656620.267, 1246936184.000), stdev = 97859172.966
[INFO] [stdout]   CI (99.9%): [966039228.724, 1175274011.809] (assumes normal distribution)
[INFO] [stdout] 
[INFO] [stdout] Secondary result "org.weakref.nitro.tpcds.BenchmarkQueries.query97:gc.count":
[INFO] [stdout]   8.000 ±(99.9%) 0.001 counts [Sum]
[INFO] [stdout]   (min, avg, max) = (≈ 0, 0.533, 1.000), stdev = 0.516
[INFO] [stdout]   CI (99.9%): [8.000, 8.000] (assumes normal distribution)
[INFO] [stdout] 
[INFO] [stdout] Secondary result "org.weakref.nitro.tpcds.BenchmarkQueries.query97:gc.time":
[INFO] [stdout]   387.000 ±(99.9%) 0.001 ms [Sum]
[INFO] [stdout]   (min, avg, max) = (≈ 0, 25.800, 193.000), stdev = 58.655
[INFO] [stdout]   CI (99.9%): [387.000, 387.000] (assumes normal distribution)
[INFO] [stdout] 
[INFO] [stdout] Secondary result "org.weakref.nitro.tpcds.BenchmarkQueries.query97:instructions":
[INFO] [stdout]   17843054699.545 ±(99.9%) 6400815576.164 #/op [Average]
[INFO] [stdout]   (min, avg, max) = (17445588907.998, 17843054699.545, 18109696664.250), stdev = 350850300.314
[INFO] [stdout]   CI (99.9%): [11442239123.380, 24243870275.709] (assumes normal distribution)
[INFO] [stdout] 
[INFO] [stdout] 
[INFO] [stdout] # Run complete. Total time: 00:01:02
[INFO] [stdout] 
[INFO] [stdout] REMEMBER: The numbers below are just data. To gain reusable insights, you need to follow up on
[INFO] [stdout] why the numbers are the way they are. Use profilers (see -prof, -lprof), design factorial
[INFO] [stdout] experiments, perform baseline and negative tests that provide experimental control, make sure
[INFO] [stdout] the benchmarking environment is safe on JVM/OS/HW level, ask for reviews from the domain experts.
[INFO] [stdout] Do not assume the numbers tell you what you want them to tell.
[INFO] [stdout] 
[INFO] [stdout] NOTE: Current JVM experimentally supports Compiler Blackholes, and they are in use. Please exercise
[INFO] [stdout] extra caution when trusting the results, look into the generated code to check the benchmark still
[INFO] [stdout] works, and factor in a small probability of new VM bugs. Additionally, while comparisons between
[INFO] [stdout] different JVMs are already problematic, the performance difference caused by different Blackhole
[INFO] [stdout] modes can be very significant. Please make sure you use the consistent Blackhole mode for comparisons.
[INFO] [stdout] 
[INFO] [stdout] Benchmark                                       Mode  Cnt            Score            Error      Units
[INFO] [stdout] BenchmarkQueries.query97                        avgt   15         1193.596 ±         82.165      ms/op
[INFO] [stdout] BenchmarkQueries.query97:CPI                    avgt    3            0.360 ±          0.050  clks/insn
[INFO] [stdout] BenchmarkQueries.query97:IPC                    avgt    3            2.782 ±          0.385  insns/clk
[INFO] [stdout] BenchmarkQueries.query97:L1-dcache-load-misses  avgt    3    192426284.419 ±  119411357.974       #/op
[INFO] [stdout] BenchmarkQueries.query97:L1-dcache-loads        avgt    3   9200549172.660 ± 3170475732.081       #/op
[INFO] [stdout] BenchmarkQueries.query97:branch-misses          avgt    3     32207108.238 ±    7583884.359       #/op
[INFO] [stdout] BenchmarkQueries.query97:branches               avgt    3   3227534725.695 ±  925886577.167       #/op
[INFO] [stdout] BenchmarkQueries.query97:cycles                 avgt    3   6415288387.367 ± 3131515332.664       #/op
[INFO] [stdout] BenchmarkQueries.query97:dTLB-load-misses       avgt    3      1059007.500 ±   14341110.126       #/op
[INFO] [stdout] BenchmarkQueries.query97:dTLB-loads             avgt    3     11514138.915 ±   56551794.577       #/op
[INFO] [stdout] BenchmarkQueries.query97:gc.alloc.rate          avgt   15          858.603 ±        102.690     MB/sec
[INFO] [stdout] BenchmarkQueries.query97:gc.alloc.rate.norm     avgt   15   1070656620.267 ±  104617391.542       B/op
[INFO] [stdout] BenchmarkQueries.query97:gc.count               avgt   15            8.000                      counts
[INFO] [stdout] BenchmarkQueries.query97:gc.time                avgt   15          387.000                          ms
[INFO] [stdout] BenchmarkQueries.query97:instructions           avgt    3  17843054699.545 ± 6400815576.164       #/op
[INFO] [stdout] 
[INFO] [stdout] Benchmark result is saved to benchmarks/sweeps/20260723-targeted/tpcds-q97-next/null-free-on-final-3fork.json
[INFO] ------------------------------------------------------------------------
[INFO] BUILD SUCCESS
[INFO] ------------------------------------------------------------------------
[INFO] Total time:  01:04 min (Wall Clock)
[INFO] Finished at: 2026-07-23T07:07:36Z
[INFO] ------------------------------------------------------------------------
[INFO] Njord session closed
