[INFO] Processing build on daemon 389c6c11
[INFO] Scanning for projects...
[INFO] Njord 0.9.4 session created
[INFO] BuildTimeEventSpy is registered.
[INFO] 
[INFO] Using the SmartBuilder implementation with a thread count of 7
[INFO] 
[INFO] -------------------------< org.weakref:nitro >--------------------------
[INFO] Building nitro 1-SNAPSHOT
[INFO]   from pom.xml
[INFO] --------------------------------[ jar ]---------------------------------
[WARNING] 2 problems were encountered while building the effective model for org.apache.yetus:audience-annotations:jar:0.5.0 during dependency collection step for project (use -X to see details)
[INFO] 
[INFO] --- exec:3.6.1:exec (benchmark) @ nitro ---
[WARNING] [stderr] WARNING: Using incubator modules: jdk.incubator.vector
[WARNING] [stderr] WARNING: A terminally deprecated method in sun.misc.Unsafe has been called
[WARNING] [stderr] WARNING: sun.misc.Unsafe::objectFieldOffset has been called by org.openjdk.jmh.util.Utils (file:/root/.m2/repository/org/openjdk/jmh/jmh-core/1.37/jmh-core-1.37.jar)
[WARNING] [stderr] WARNING: Please consider reporting this to the maintainers of class org.openjdk.jmh.util.Utils
[WARNING] [stderr] WARNING: sun.misc.Unsafe::objectFieldOffset will be removed in a future release
[INFO] [stdout] # JMH version: 1.37
[INFO] [stdout] # VM version: JDK 26.0.1, OpenJDK 64-Bit Server VM, 26.0.1+8
[INFO] [stdout] # VM invoker: /opt/java/openjdk/bin/java
[INFO] [stdout] # VM options: --enable-preview --add-modules=jdk.incubator.vector -Dnitro.clickbench.hits.path= -Dnitro.tpcds.parquet.path=/root/data/tpcds-parquet-sf10 -Dnitro.tpcds.parquet.schema=sf10 -Dnitro.group.packedIntTripleLoadFactor=0.5 -Xms8g -Xmx12g -XX:+AlwaysPreTouch -XX:+UseTransparentHugePages
[INFO] [stdout] # Blackhole mode: compiler (auto-detected, use -Djmh.blackhole.autoDetect=false to disable)
[INFO] [stdout] # Warmup: 10 iterations, 1 s each
[INFO] [stdout] # Measurement: 5 iterations, 1 s each
[INFO] [stdout] # Timeout: 30 min per iteration
[INFO] [stdout] # Threads: 1 thread, will synchronize iterations
[INFO] [stdout] # Benchmark mode: Average time, time/op
[INFO] [stdout] # Benchmark: org.weakref.nitro.tpcds.BenchmarkQueries.query97
[INFO] [stdout] 
[INFO] [stdout] # Run progress: 0.00% complete, ETA 00:00:45
[INFO] [stdout] # Fork: 1 of 3
[INFO] [stdout] # Preparing profilers: LinuxPerfNormProfiler 
[INFO] [stdout] # Profilers consume stderr from target VM, use -v EXTRA to copy to console
[INFO] [stdout] # Warmup Iteration   1: 2263.229 ms/op
[INFO] [stdout] # Warmup Iteration   2: 1180.911 ms/op
[INFO] [stdout] # Warmup Iteration   3: 1135.697 ms/op
[INFO] [stdout] # Warmup Iteration   4: 1141.714 ms/op
[INFO] [stdout] # Warmup Iteration   5: 1136.953 ms/op
[INFO] [stdout] # Warmup Iteration   6: 1144.631 ms/op
[INFO] [stdout] # Warmup Iteration   7: 1628.314 ms/op
[INFO] [stdout] # Warmup Iteration   8: 1111.773 ms/op
[INFO] [stdout] # Warmup Iteration   9: 1160.167 ms/op
[INFO] [stdout] # Warmup Iteration  10: 1092.351 ms/op
[INFO] [stdout] Iteration   1: 1094.073 ms/op
[INFO] [stdout]                  gc.alloc.rate:      979.306 MB/sec
[INFO] [stdout]                  gc.alloc.rate.norm: 1123664800.000 B/op
[INFO] [stdout]                  gc.count:           ≈ 0 counts
[INFO] [stdout] 
[INFO] [stdout] Iteration   2: 1120.767 ms/op
[INFO] [stdout]                  gc.alloc.rate:      954.107 MB/sec
[INFO] [stdout]                  gc.alloc.rate.norm: 1121400256.000 B/op
[INFO] [stdout]                  gc.count:           ≈ 0 counts
[INFO] [stdout] 
[INFO] [stdout] Iteration   3: 1127.497 ms/op
[INFO] [stdout]                  gc.alloc.rate:      941.794 MB/sec
[INFO] [stdout]                  gc.alloc.rate.norm: 1113718248.000 B/op
[INFO] [stdout]                  gc.count:           1.000 counts
[INFO] [stdout]                  gc.time:            3.000 ms
[INFO] [stdout] 
[INFO] [stdout] Iteration   4: 1083.771 ms/op
[INFO] [stdout]                  gc.alloc.rate:      978.380 MB/sec
[INFO] [stdout]                  gc.alloc.rate.norm: 1111977936.000 B/op
[INFO] [stdout]                  gc.count:           ≈ 0 counts
[INFO] [stdout] 
[INFO] [stdout] Iteration   5: 1079.370 ms/op
[INFO] [stdout]                  gc.alloc.rate:      982.369 MB/sec
[INFO] [stdout]                  gc.alloc.rate.norm: 1111984944.000 B/op
[INFO] [stdout]                  gc.count:           ≈ 0 counts
[INFO] [stdout] 
[INFO] [stdout] # Processing profiler results: LinuxPerfNormProfiler 
[INFO] [stdout] 
[INFO] [stdout] # Run progress: 33.33% complete, ETA 00:00:40
[INFO] [stdout] # Fork: 2 of 3
[INFO] [stdout] # Preparing profilers: LinuxPerfNormProfiler 
[INFO] [stdout] # Profilers consume stderr from target VM, use -v EXTRA to copy to console
[INFO] [stdout] # Warmup Iteration   1: 2223.957 ms/op
[INFO] [stdout] # Warmup Iteration   2: 1172.247 ms/op
[INFO] [stdout] # Warmup Iteration   3: 1150.791 ms/op
[INFO] [stdout] # Warmup Iteration   4: 1153.181 ms/op
[INFO] [stdout] # Warmup Iteration   5: 1216.425 ms/op
[INFO] [stdout] # Warmup Iteration   6: 1147.767 ms/op
[INFO] [stdout] # Warmup Iteration   7: 1305.964 ms/op
[INFO] [stdout] # Warmup Iteration   8: 1112.453 ms/op
[INFO] [stdout] # Warmup Iteration   9: 1145.370 ms/op
[INFO] [stdout] # Warmup Iteration  10: 1129.488 ms/op
[INFO] [stdout] Iteration   1: 1147.433 ms/op
[INFO] [stdout]                  gc.alloc.rate:      848.994 MB/sec
[INFO] [stdout]                  gc.alloc.rate.norm: 1021592208.000 B/op
[INFO] [stdout]                  gc.count:           ≈ 0 counts
[INFO] [stdout] 
[INFO] [stdout] Iteration   2: 1137.415 ms/op
[INFO] [stdout]                  gc.alloc.rate:      940.143 MB/sec
[INFO] [stdout]                  gc.alloc.rate.norm: 1121399896.000 B/op
[INFO] [stdout]                  gc.count:           ≈ 0 counts
[INFO] [stdout] 
[INFO] [stdout] Iteration   3: 1268.541 ms/op
[INFO] [stdout]                  gc.alloc.rate:      836.867 MB/sec
[INFO] [stdout]                  gc.alloc.rate.norm: 1113263824.000 B/op
[INFO] [stdout]                  gc.count:           1.000 counts
[INFO] [stdout]                  gc.time:            85.000 ms
[INFO] [stdout] 
[INFO] [stdout] Iteration   4: 1102.226 ms/op
[INFO] [stdout]                  gc.alloc.rate:      962.001 MB/sec
[INFO] [stdout]                  gc.alloc.rate.norm: 1111977544.000 B/op
[INFO] [stdout]                  gc.count:           ≈ 0 counts
[INFO] [stdout] 
[INFO] [stdout] Iteration   5: 1105.342 ms/op
[INFO] [stdout]                  gc.alloc.rate:      959.288 MB/sec
[INFO] [stdout]                  gc.alloc.rate.norm: 1111992112.000 B/op
[INFO] [stdout]                  gc.count:           1.000 counts
[INFO] [stdout]                  gc.time:            5.000 ms
[INFO] [stdout] 
[INFO] [stdout] # Processing profiler results: LinuxPerfNormProfiler 
[INFO] [stdout] 
[INFO] [stdout] # Run progress: 66.67% complete, ETA 00:00:20
[INFO] [stdout] # Fork: 3 of 3
[INFO] [stdout] # Preparing profilers: LinuxPerfNormProfiler 
[INFO] [stdout] # Profilers consume stderr from target VM, use -v EXTRA to copy to console
[INFO] [stdout] # Warmup Iteration   1: 2261.662 ms/op
[INFO] [stdout] # Warmup Iteration   2: 1200.189 ms/op
[INFO] [stdout] # Warmup Iteration   3: 1159.862 ms/op
[INFO] [stdout] # Warmup Iteration   4: 1164.081 ms/op
[INFO] [stdout] # Warmup Iteration   5: 1143.831 ms/op
[INFO] [stdout] # Warmup Iteration   6: 1139.799 ms/op
[INFO] [stdout] # Warmup Iteration   7: 1762.283 ms/op
[INFO] [stdout] # Warmup Iteration   8: 1109.898 ms/op
[INFO] [stdout] # Warmup Iteration   9: 1099.541 ms/op
[INFO] [stdout] # Warmup Iteration  10: 1100.440 ms/op
[INFO] [stdout] Iteration   1: 1110.765 ms/op
[INFO] [stdout]                  gc.alloc.rate:      876.884 MB/sec
[INFO] [stdout]                  gc.alloc.rate.norm: 1021428648.000 B/op
[INFO] [stdout]                  gc.count:           ≈ 0 counts
[INFO] [stdout] 
[INFO] [stdout] Iteration   2: 1104.989 ms/op
[INFO] [stdout]                  gc.alloc.rate:      879.494 MB/sec
[INFO] [stdout]                  gc.alloc.rate.norm: 1019164520.000 B/op
[INFO] [stdout]                  gc.count:           ≈ 0 counts
[INFO] [stdout] 
[INFO] [stdout] Iteration   3: 1191.872 ms/op
[INFO] [stdout]                  gc.alloc.rate:      808.966 MB/sec
[INFO] [stdout]                  gc.alloc.rate.norm: 1011161424.000 B/op
[INFO] [stdout]                  gc.count:           ≈ 0 counts
[INFO] [stdout] 
[INFO] [stdout] Iteration   4: 1099.845 ms/op
[INFO] [stdout]                  gc.alloc.rate:      875.452 MB/sec
[INFO] [stdout]                  gc.alloc.rate.norm: 1009742032.000 B/op
[INFO] [stdout]                  gc.count:           1.000 counts
[INFO] [stdout]                  gc.time:            2.000 ms
[INFO] [stdout] 
[INFO] [stdout] Iteration   5: 1100.181 ms/op
[INFO] [stdout]                  gc.alloc.rate:      875.177 MB/sec
[INFO] [stdout]                  gc.alloc.rate.norm: 1009757664.000 B/op
[INFO] [stdout]                  gc.count:           ≈ 0 counts
[INFO] [stdout] 
[INFO] [stdout] # Processing profiler results: LinuxPerfNormProfiler 
[INFO] [stdout] 
[INFO] [stdout] 
[INFO] [stdout] Result "org.weakref.nitro.tpcds.BenchmarkQueries.query97":
[INFO] [stdout]   1124.939 ±(99.9%) 52.102 ms/op [Average]
[INFO] [stdout]   (min, avg, max) = (1079.370, 1124.939, 1268.541), stdev = 48.736
[INFO] [stdout]   CI (99.9%): [1072.838, 1177.041] (assumes normal distribution)
[INFO] [stdout] 
[INFO] [stdout] Secondary result "org.weakref.nitro.tpcds.BenchmarkQueries.query97:CPI":
[INFO] [stdout]   0.347 ±(99.9%) 0.131 clks/insn [Average]
[INFO] [stdout]   (min, avg, max) = (0.341, 0.347, 0.355), stdev = 0.007
[INFO] [stdout]   CI (99.9%): [0.216, 0.478] (assumes normal distribution)
[INFO] [stdout] 
[INFO] [stdout] Secondary result "org.weakref.nitro.tpcds.BenchmarkQueries.query97:IPC":
[INFO] [stdout]   2.884 ±(99.9%) 1.079 insns/clk [Average]
[INFO] [stdout]   (min, avg, max) = (2.817, 2.884, 2.930), stdev = 0.059
[INFO] [stdout]   CI (99.9%): [1.805, 3.963] (assumes normal distribution)
[INFO] [stdout] 
[INFO] [stdout] Secondary result "org.weakref.nitro.tpcds.BenchmarkQueries.query97:L1-dcache-load-misses":
[INFO] [stdout]   164303867.195 ±(99.9%) 37449024.047 #/op [Average]
[INFO] [stdout]   (min, avg, max) = (163080110.086, 164303867.195, 166673705.211), stdev = 2052707.374
[INFO] [stdout]   CI (99.9%): [126854843.148, 201752891.242] (assumes normal distribution)
[INFO] [stdout] 
[INFO] [stdout] Secondary result "org.weakref.nitro.tpcds.BenchmarkQueries.query97:L1-dcache-loads":
[INFO] [stdout]   8822787666.101 ±(99.9%) 606227559.030 #/op [Average]
[INFO] [stdout]   (min, avg, max) = (8802200698.281, 8822787666.101, 8861122621.765), stdev = 33229378.134
[INFO] [stdout]   CI (99.9%): [8216560107.071, 9429015225.131] (assumes normal distribution)
[INFO] [stdout] 
[INFO] [stdout] Secondary result "org.weakref.nitro.tpcds.BenchmarkQueries.query97:L1-icache-load-misses":
[INFO] [stdout]   2718853.034 ±(99.9%) 5047694.021 #/op [Average]
[INFO] [stdout]   (min, avg, max) = (2521183.613, 2718853.034, 3035052.770), stdev = 276681.142
[INFO] [stdout]   CI (99.9%): [≈ 0, 7766547.055] (assumes normal distribution)
[INFO] [stdout] 
[INFO] [stdout] Secondary result "org.weakref.nitro.tpcds.BenchmarkQueries.query97:L1-icache-loads":
[INFO] [stdout]   31648272.305 ±(99.9%) 38039024.551 #/op [Average]
[INFO] [stdout]   (min, avg, max) = (29450096.897, 31648272.305, 33597913.281), stdev = 2085047.293
[INFO] [stdout]   CI (99.9%): [≈ 0, 69687296.856] (assumes normal distribution)
[INFO] [stdout] 
[INFO] [stdout] Secondary result "org.weakref.nitro.tpcds.BenchmarkQueries.query97:branch-misses":
[INFO] [stdout]   29874600.677 ±(99.9%) 9877710.193 #/op [Average]
[INFO] [stdout]   (min, avg, max) = (29464558.873, 29874600.677, 30488334.697), stdev = 541430.627
[INFO] [stdout]   CI (99.9%): [19996890.484, 39752310.870] (assumes normal distribution)
[INFO] [stdout] 
[INFO] [stdout] Secondary result "org.weakref.nitro.tpcds.BenchmarkQueries.query97:branches":
[INFO] [stdout]   3108055901.165 ±(99.9%) 293361504.026 #/op [Average]
[INFO] [stdout]   (min, avg, max) = (3089931847.685, 3108055901.165, 3120612169.114), stdev = 16080133.940
[INFO] [stdout]   CI (99.9%): [2814694397.138, 3401417405.191] (assumes normal distribution)
[INFO] [stdout] 
[INFO] [stdout] Secondary result "org.weakref.nitro.tpcds.BenchmarkQueries.query97:cycles":
[INFO] [stdout]   5950201641.916 ±(99.9%) 2618402644.696 #/op [Average]
[INFO] [stdout]   (min, avg, max) = (5825580973.505, 5950201641.916, 6107123060.654), stdev = 143523484.360
[INFO] [stdout]   CI (99.9%): [3331798997.220, 8568604286.613] (assumes normal distribution)
[INFO] [stdout] 
[INFO] [stdout] Secondary result "org.weakref.nitro.tpcds.BenchmarkQueries.query97:dTLB-load-misses":
[INFO] [stdout]   2384916.027 ±(99.9%) 23279240.875 #/op [Average]
[INFO] [stdout]   (min, avg, max) = (1610107.131, 2384916.027, 3857661.185), stdev = 1276013.745
[INFO] [stdout]   CI (99.9%): [≈ 0, 25664156.902] (assumes normal distribution)
[INFO] [stdout] 
[INFO] [stdout] Secondary result "org.weakref.nitro.tpcds.BenchmarkQueries.query97:dTLB-loads":
[INFO] [stdout]   10385851.414 ±(99.9%) 111823494.826 #/op [Average]
[INFO] [stdout]   (min, avg, max) = (6689737.480, 10385851.414, 17461133.617), stdev = 6129423.083
[INFO] [stdout]   CI (99.9%): [≈ 0, 122209346.240] (assumes normal distribution)
[INFO] [stdout] 
[INFO] [stdout] Secondary result "org.weakref.nitro.tpcds.BenchmarkQueries.query97:gc.alloc.rate":
[INFO] [stdout]   913.282 ±(99.9%) 62.117 MB/sec [Average]
[INFO] [stdout]   (min, avg, max) = (808.966, 913.282, 982.369), stdev = 58.104
[INFO] [stdout]   CI (99.9%): [851.165, 975.398] (assumes normal distribution)
[INFO] [stdout] 
[INFO] [stdout] Secondary result "org.weakref.nitro.tpcds.BenchmarkQueries.query97:gc.alloc.rate.norm":
[INFO] [stdout]   1075615070.400 ±(99.9%) 54611232.820 B/op [Average]
[INFO] [stdout]   (min, avg, max) = (1009742032.000, 1075615070.400, 1123664800.000), stdev = 51083381.068
[INFO] [stdout]   CI (99.9%): [1021003837.580, 1130226303.220] (assumes normal distribution)
[INFO] [stdout] 
[INFO] [stdout] Secondary result "org.weakref.nitro.tpcds.BenchmarkQueries.query97:gc.count":
[INFO] [stdout]   4.000 ±(99.9%) 0.001 counts [Sum]
[INFO] [stdout]   (min, avg, max) = (≈ 0, 0.267, 1.000), stdev = 0.458
[INFO] [stdout]   CI (99.9%): [4.000, 4.000] (assumes normal distribution)
[INFO] [stdout] 
[INFO] [stdout] Secondary result "org.weakref.nitro.tpcds.BenchmarkQueries.query97:gc.time":
[INFO] [stdout]   95.000 ±(99.9%) 0.001 ms [Sum]
[INFO] [stdout]   (min, avg, max) = (≈ 0, 6.333, 85.000), stdev = 21.813
[INFO] [stdout]   CI (99.9%): [95.000, 95.000] (assumes normal distribution)
[INFO] [stdout] 
[INFO] [stdout] Secondary result "org.weakref.nitro.tpcds.BenchmarkQueries.query97:iTLB-load-misses":
[INFO] [stdout]   16534.644 ±(99.9%) 43873.999 #/op [Average]
[INFO] [stdout]   (min, avg, max) = (14911.887, 16534.644, 19297.548), stdev = 2404.882
[INFO] [stdout]   CI (99.9%): [≈ 0, 60408.643] (assumes normal distribution)
[INFO] [stdout] 
[INFO] [stdout] Secondary result "org.weakref.nitro.tpcds.BenchmarkQueries.query97:iTLB-loads":
[INFO] [stdout]   764529.884 ±(99.9%) 351505.498 #/op [Average]
[INFO] [stdout]   (min, avg, max) = (751530.035, 764529.884, 786665.602), stdev = 19267.202
[INFO] [stdout]   CI (99.9%): [413024.386, 1116035.382] (assumes normal distribution)
[INFO] [stdout] 
[INFO] [stdout] Secondary result "org.weakref.nitro.tpcds.BenchmarkQueries.query97:instructions":
[INFO] [stdout]   17156054095.076 ±(99.9%) 1402922026.794 #/op [Average]
[INFO] [stdout]   (min, avg, max) = (17067500484.495, 17156054095.076, 17205999485.686), stdev = 76898890.237
[INFO] [stdout]   CI (99.9%): [15753132068.282, 18558976121.870] (assumes normal distribution)
[INFO] [stdout] 
[INFO] [stdout] Secondary result "org.weakref.nitro.tpcds.BenchmarkQueries.query97:stalled-cycles-frontend":
[INFO] [stdout]   582059403.287 ±(99.9%) 207488660.471 #/op [Average]
[INFO] [stdout]   (min, avg, max) = (569379604.021, 582059403.287, 591359985.476), stdev = 11373153.620
[INFO] [stdout]   CI (99.9%): [374570742.816, 789548063.757] (assumes normal distribution)
[INFO] [stdout] 
[INFO] [stdout] 
[INFO] [stdout] # Run complete. Total time: 00:01:01
[INFO] [stdout] 
[INFO] [stdout] REMEMBER: The numbers below are just data. To gain reusable insights, you need to follow up on
[INFO] [stdout] why the numbers are the way they are. Use profilers (see -prof, -lprof), design factorial
[INFO] [stdout] experiments, perform baseline and negative tests that provide experimental control, make sure
[INFO] [stdout] the benchmarking environment is safe on JVM/OS/HW level, ask for reviews from the domain experts.
[INFO] [stdout] Do not assume the numbers tell you what you want them to tell.
[INFO] [stdout] 
[INFO] [stdout] NOTE: Current JVM experimentally supports Compiler Blackholes, and they are in use. Please exercise
[INFO] [stdout] extra caution when trusting the results, look into the generated code to check the benchmark still
[INFO] [stdout] works, and factor in a small probability of new VM bugs. Additionally, while comparisons between
[INFO] [stdout] different JVMs are already problematic, the performance difference caused by different Blackhole
[INFO] [stdout] modes can be very significant. Please make sure you use the consistent Blackhole mode for comparisons.
[INFO] [stdout] 
[INFO] [stdout] Benchmark                                         Mode  Cnt            Score            Error      Units
[INFO] [stdout] BenchmarkQueries.query97                          avgt   15         1124.939 ±         52.102      ms/op
[INFO] [stdout] BenchmarkQueries.query97:CPI                      avgt    3            0.347 ±          0.131  clks/insn
[INFO] [stdout] BenchmarkQueries.query97:IPC                      avgt    3            2.884 ±          1.079  insns/clk
[INFO] [stdout] BenchmarkQueries.query97:L1-dcache-load-misses    avgt    3    164303867.195 ±   37449024.047       #/op
[INFO] [stdout] BenchmarkQueries.query97:L1-dcache-loads          avgt    3   8822787666.101 ±  606227559.030       #/op
[INFO] [stdout] BenchmarkQueries.query97:L1-icache-load-misses    avgt    3      2718853.034 ±    5047694.021       #/op
[INFO] [stdout] BenchmarkQueries.query97:L1-icache-loads          avgt    3     31648272.305 ±   38039024.551       #/op
[INFO] [stdout] BenchmarkQueries.query97:branch-misses            avgt    3     29874600.677 ±    9877710.193       #/op
[INFO] [stdout] BenchmarkQueries.query97:branches                 avgt    3   3108055901.165 ±  293361504.026       #/op
[INFO] [stdout] BenchmarkQueries.query97:cycles                   avgt    3   5950201641.916 ± 2618402644.696       #/op
[INFO] [stdout] BenchmarkQueries.query97:dTLB-load-misses         avgt    3      2384916.027 ±   23279240.875       #/op
[INFO] [stdout] BenchmarkQueries.query97:dTLB-loads               avgt    3     10385851.414 ±  111823494.826       #/op
[INFO] [stdout] BenchmarkQueries.query97:gc.alloc.rate            avgt   15          913.282 ±         62.117     MB/sec
[INFO] [stdout] BenchmarkQueries.query97:gc.alloc.rate.norm       avgt   15   1075615070.400 ±   54611232.820       B/op
[INFO] [stdout] BenchmarkQueries.query97:gc.count                 avgt   15            4.000                      counts
[INFO] [stdout] BenchmarkQueries.query97:gc.time                  avgt   15           95.000                          ms
[INFO] [stdout] BenchmarkQueries.query97:iTLB-load-misses         avgt    3        16534.644 ±      43873.999       #/op
[INFO] [stdout] BenchmarkQueries.query97:iTLB-loads               avgt    3       764529.884 ±     351505.498       #/op
[INFO] [stdout] BenchmarkQueries.query97:instructions             avgt    3  17156054095.076 ± 1402922026.794       #/op
[INFO] [stdout] BenchmarkQueries.query97:stalled-cycles-frontend  avgt    3    582059403.287 ±  207488660.471       #/op
[INFO] [stdout] 
[INFO] [stdout] Benchmark result is saved to benchmarks/sweeps/20260723-targeted/tpcds-q97-next/triple-load50-on-final-3fork.json
[INFO] ------------------------------------------------------------------------
[INFO] BUILD SUCCESS
[INFO] ------------------------------------------------------------------------
[INFO] Total time:  01:02 min (Wall Clock)
[INFO] Finished at: 2026-07-23T12:35:39Z
[INFO] ------------------------------------------------------------------------
[INFO] Njord session closed
Purged 1 log files (log available in /root/.mvnd/purge-2026-07-23.log)
