Script started on 2026-08-07 20:25:09+00:00 [COMMAND="/opt/mvnd/bin/mvnd -Dmaven.gitcommitid.skip=true -Djacoco.skip=true -pl testing/trino-tests -Dair.check.skip-all -DskipTests=false -Dtest=TestNitroTpcdsParquetPerformance#testQueryPerformance -Dair.test.jvmsize=12g -Dtrino.test.nitro-query-max-memory=8GB -Dtrino.test.nitro-tpcds-parquet-data=/root/data/tpcds-parquet-sf10/sf10 -Dtrino.test.nitro-tpcds-engine=nitro -Dtrino.test.nitro-tpcds-query=q23a -Dtrino.test.nitro-tpcds-warmups=1 -Dtrino.test.nitro-tpcds-measurements=1 -Dtrino.test.nitro-measure-thread-allocation=true -Dtrino.test.nitro-print-operator-cpu=true test" <not executed on terminal>]
[INFO] Enabling strict checksum verification on all artifact downloads.
[INFO] Processing build on daemon cd47c266
[INFO] Scanning for projects...
[INFO] Loaded 0 groupId for remote repository maven-central
[INFO] Loaded 0 groupId for remote repository google-maven-central-copy
[INFO] Njord 0.9.9 session created
[INFO] BuildTimeEventSpy is registered.
[INFO] 
[INFO] Using the SmartBuilder implementation with a thread count of 7
[INFO] 
[INFO] ------------------------< io.trino:trino-tests >------------------------
[INFO] Building trino-tests 484-SNAPSHOT
[INFO]   from pom.xml
[INFO] --------------------------------[ jar ]---------------------------------
[INFO] Loaded 0 groupId for remote repository ossrh
[INFO] Loaded 0 groupId for remote repository repo.gradle.org
[INFO] Loaded 0 groupId for remote repository central.maven.org
[INFO] 
[INFO] --- git-commit-id:10.0.0:revision (default) @ trino-tests ---
[INFO] 
[INFO] --- build-helper:3.6.1:bsh-property (surefire-enable-preview) @ trino-tests ---
[INFO] 
[INFO] --- resources:3.5.0:resources (default-resources) @ trino-tests ---
[INFO] skip non existing resourceDirectory /root/notes/trino.nitro/testing/trino-tests/src/main/resources
[INFO] 
[INFO] --- compiler:3.15.0:compile (default-compile) @ trino-tests ---
[INFO] Nothing to compile - all classes are up to date.
[INFO] 
[INFO] --- resources:3.5.0:testResources (default-testResources) @ trino-tests ---
[INFO] Copying 266 resources from src/test/resources to target/test-classes
[INFO] 
[INFO] --- compiler:3.15.0:testCompile (default-testCompile) @ trino-tests ---
[INFO] Nothing to compile - all classes are up to date.
[INFO] 
[INFO] --- modernizer:3.4.0:modernizer (modernizer) @ trino-tests ---
[INFO] Skipping modernizer execution!
[INFO] 
[INFO] --- modernizer:3.4.0:modernizer (modernizer-production-code) @ trino-tests ---
[INFO] Skipping modernizer execution!
[INFO] 
[INFO] --- dependency:3.11.0:analyze-only (default) @ trino-tests ---
[INFO] Skipping plugin execution
[INFO] 
[INFO] --- dependency:3.11.0:analyze-duplicate (default) @ trino-tests ---
[INFO] Skipping plugin execution
[INFO] 
[INFO] --- duplicate-finder:2.0.1:check (default) @ trino-tests ---
[INFO] Skipping duplicate-finder execution!
[INFO] 
[INFO] --- surefire:3.5.6:test (default-test) @ trino-tests ---
[INFO] Tests will run in random order. To reproduce ordering use flag -Dsurefire.runOrder.random.seed=4477192408542079
[INFO] Using auto detected provider org.apache.maven.surefire.junitplatform.JUnitPlatformProvider
[INFO] 
[INFO] -------------------------------------------------------
[INFO]  T E S T S
[INFO] -------------------------------------------------------
[WARNING] [stderr] WARNING: Using incubator modules: jdk.incubator.vector
[WARNING] [stderr] 2026-08-07T14:25:12.301-0600	INFO	ForkJoinPool-1-worker-1	io.airlift.log.Logging	Logging to stderr
[INFO] Running io.trino.tests.nitro.TestNitroTpcdsParquetPerformance
[WARNING] [stderr] 2026-08-07T14:25:13.183-0600	INFO	ForkJoinPool-1-worker-1	io.trino.simd.BlockEncodingSimdSupport	Detected SIMD Support for architecture=amd64, vectorBitWidth=512: SimdSupport[capabilities=[COMPRESS_BYTE, EXPAND_BYTE, COMPRESS_SHORT, EXPAND_SHORT, COMPRESS_INT, EXPAND_INT, COMPRESS_LONG, EXPAND_LONG]]
[WARNING] [stderr] WARNING: A restricted method in java.lang.System has been called
[WARNING] [stderr] WARNING: java.lang.System::loadLibrary has been called by com.aayushatharva.brotli4j.Brotli4jLoader in an unnamed module (file:/root/.m2/repository/com/aayushatharva/brotli4j/brotli4j/1.23.0/brotli4j-1.23.0.jar)
[WARNING] [stderr] WARNING: Use --enable-native-access=ALL-UNNAMED to avoid a warning for callers in this module
[WARNING] [stderr] WARNING: Restricted methods will be blocked in a future release unless native access is enabled
[WARNING] [stderr] 
[WARNING] [stderr] 2026-08-07T14:25:14.500-0600	INFO	ForkJoinPool-1-worker-1	io.trino.testing.DistributedQueryRunner	Created DistributedQueryRunner in 1.89s (unclosed instances = 1)
[WARNING] [stderr] 2026-08-07T14:25:14.981-0600	INFO	ForkJoinPool-1-worker-1	stdout	engine,suite,query,measurements,min_ms,p50_ms,p95_ms,mean_ms,cpu_p50_ms,cpu_mean_ms,native_sources
[WARNING] [stderr] 2026-08-07T14:25:20.500-0600	INFO	Notification Thread	io.airlift.stats.JmxGcMonitor	Major GC: application 0.00s, stopped 173.00ms: 12.19GB -> 5.90GB
[WARNING] [stderr] 2026-08-07T14:25:20.500-0600	INFO	Notification Thread	io.airlift.stats.JmxGcMonitor	Major GC: application 0.00s, stopped 173.00ms: 12.19GB -> 5.90GB
[WARNING] [stderr] 2026-08-07T14:25:23.192-0600	INFO	Notification Thread	io.airlift.stats.JmxGcMonitor	Major GC: application 2.51s, stopped 187.00ms: 12.05GB -> 7.28GB
[WARNING] [stderr] 2026-08-07T14:25:23.192-0600	INFO	Notification Thread	io.airlift.stats.JmxGcMonitor	Major GC: application 2.51s, stopped 187.00ms: 12.05GB -> 7.28GB
[WARNING] [stderr] 2026-08-07T14:25:29.444-0600	INFO	Notification Thread	io.airlift.stats.JmxGcMonitor	Major GC: application 6.07s, stopped 184.00ms: 12.16GB -> 6.70GB
[WARNING] [stderr] 2026-08-07T14:25:29.444-0600	INFO	Notification Thread	io.airlift.stats.JmxGcMonitor	Major GC: application 6.07s, stopped 184.00ms: 12.16GB -> 6.70GB
[WARNING] [stderr] 2026-08-07T14:25:32.128-0600	INFO	Notification Thread	io.airlift.stats.JmxGcMonitor	Major GC: application 2.49s, stopped 192.00ms: 12.10GB -> 6.87GB
[WARNING] [stderr] 2026-08-07T14:25:32.128-0600	INFO	Notification Thread	io.airlift.stats.JmxGcMonitor	Major GC: application 2.49s, stopped 192.00ms: 12.10GB -> 6.87GB
[WARNING] [stderr] 2026-08-07T14:25:33.540-0600	INFO	ForkJoinPool-1-worker-1	stdout	operator_cpu,nitro,ExchangeOperator,67,0.000,361.340,0.000,0,193399852,193399852,136791.980,20.391,0.000
[WARNING] [stderr] 2026-08-07T14:25:33.540-0600	INFO	ForkJoinPool-1-worker-1	stdout	operator_cpu,nitro,LocalExchangeSourceOperator,43,0.000,2.020,0.000,0,37347693,37347693,114406.450,0.000,0.000
[WARNING] [stderr] 2026-08-07T14:25:33.540-0600	INFO	ForkJoinPool-1-worker-1	stdout	operator_cpu,nitro,TaskOutputOperator,11,0.836,0.000,0.018,0,11,11,0.000,0.000,0.000
[WARNING] [stderr] 2026-08-07T14:25:33.540-0600	INFO	ForkJoinPool-1-worker-1	stdout	operator_cpu,nitro,LocalExchangeSinkOperator,43,2.833,0.000,0.467,0,37347693,37347693,0.000,0.000,0.000
[WARNING] [stderr] 2026-08-07T14:25:33.540-0600	INFO	ForkJoinPool-1-worker-1	stdout	operator_cpu,nitro,TrinoNitroAggregationOperator,43,5598.909,12137.644,2.964,0,156539875,37090768,0.000,681.223,0.000
[WARNING] [stderr] 2026-08-07T14:25:33.540-0600	INFO	ForkJoinPool-1-worker-1	stdout	operator_cpu,nitro,TrinoNitroHashBuildOperator,36,3.052,0.000,61.464,0,2218246,0,135474.482,18.134,0.000
[WARNING] [stderr] 2026-08-07T14:25:33.540-0600	INFO	ForkJoinPool-1-worker-1	stdout	operator_cpu,nitro,TrinoNitroPageProcessor,8,3.760,33.969,0.294,0,991700,126,0.000,1.266,0.000
[WARNING] [stderr] 2026-08-07T14:25:33.540-0600	INFO	ForkJoinPool-1-worker-1	stdout	operator_cpu,nitro,TrinoNitroHashJoinOperator,36,27.507,8346.723,1.446,0,190653292,187085870,86152.490,22.295,0.000
[WARNING] [stderr] 2026-08-07T14:25:33.540-0600	INFO	ForkJoinPool-1-worker-1	stdout	operator_cpu,nitro,DynamicFilterSourceOperator,32,10.749,1.130,8.938,0,2218242,2218242,0.000,0.141,0.000
[WARNING] [stderr] 2026-08-07T14:25:33.540-0600	INFO	ForkJoinPool-1-worker-1	stdout	operator_cpu,nitro,PartitionedOutputOperator,119,2997.592,0.000,10.724,0,193399840,193399840,18040.070,0.000,0.000
[WARNING] [stderr] 2026-08-07T14:25:33.540-0600	INFO	ForkJoinPool-1-worker-1	stdout	operator_cpu,nitro,TrinoNitroPipelineSourceOperator,99,0.000,2465.400,0.000,197047067,126226348,126226348,9811.310,3.074,0.000
[WARNING] [stderr] 2026-08-07T14:25:33.541-0600	INFO	ForkJoinPool-1-worker-1	stdout	operator_metric,nitro,TrinoNitroAggregationOperator,nitroAggregationFusedNanos,0
[WARNING] [stderr] 2026-08-07T14:25:33.541-0600	INFO	ForkJoinPool-1-worker-1	stdout	operator_metric,nitro,TrinoNitroAggregationOperator,nitroBoundaryNativeEgressDictionaryChannelPositions,0
[WARNING] [stderr] 2026-08-07T14:25:33.541-0600	INFO	ForkJoinPool-1-worker-1	stdout	operator_metric,nitro,TrinoNitroAggregationOperator,nitroAggregationFlushNanos,2780602
[WARNING] [stderr] 2026-08-07T14:25:33.541-0600	INFO	ForkJoinPool-1-worker-1	stdout	operator_metric,nitro,TrinoNitroAggregationOperator,nitroAggregationAccumulationNanos,5576986341
[WARNING] [stderr] 2026-08-07T14:25:33.541-0600	INFO	ForkJoinPool-1-worker-1	stdout	operator_metric,nitro,TrinoNitroAggregationOperator,nitroAggregationGroupingNanos,20418861496
[WARNING] [stderr] 2026-08-07T14:25:33.541-0600	INFO	ForkJoinPool-1-worker-1	stdout	operator_metric,nitro,TrinoNitroAggregationOperator,nitroAggregationPipelineNanos,19503103
[WARNING] [stderr] 2026-08-07T14:25:33.541-0600	INFO	ForkJoinPool-1-worker-1	stdout	operator_metric,nitro,TrinoNitroAggregationOperator,nitroAggregationOutputNanos,3697380
[WARNING] [stderr] 2026-08-07T14:25:33.541-0600	INFO	ForkJoinPool-1-worker-1	stdout	operator_metric,nitro,TrinoNitroAggregationOperator,nitroAggregationInitialEncodedKeyNanos,0
[WARNING] [stderr] 2026-08-07T14:25:33.541-0600	INFO	ForkJoinPool-1-worker-1	stdout	operator_metric,nitro,TrinoNitroAggregationOperator,nitroAggregationInitialKeyNanos,0
[WARNING] [stderr] 2026-08-07T14:25:33.541-0600	INFO	ForkJoinPool-1-worker-1	stdout	operator_metric,nitro,TrinoNitroAggregationOperator,nitroBoundaryPageIngressPages,15151
[WARNING] [stderr] 2026-08-07T14:25:33.541-0600	INFO	ForkJoinPool-1-worker-1	stdout	operator_metric,nitro,TrinoNitroAggregationOperator,nitroBoundaryPageEgressPages,2074
[WARNING] [stderr] 2026-08-07T14:25:33.541-0600	INFO	ForkJoinPool-1-worker-1	stdout	operator_metric,nitro,TrinoNitroAggregationOperator,nitroBoundaryPageEgressFlatChannelPositions,6945869
[WARNING] [stderr] 2026-08-07T14:25:33.541-0600	INFO	ForkJoinPool-1-worker-1	stdout	operator_metric,nitro,TrinoNitroAggregationOperator,nitroBoundaryPageIngressFlatChannelPositions,333191646
[WARNING] [stderr] 2026-08-07T14:25:33.541-0600	INFO	ForkJoinPool-1-worker-1	stdout	operator_metric,nitro,TrinoNitroAggregationOperator,nitroBoundaryNativeEgressRunLengthChannelPositions,0
[WARNING] [stderr] 2026-08-07T14:25:33.541-0600	INFO	ForkJoinPool-1-worker-1	stdout	operator_metric,nitro,TrinoNitroAggregationOperator,nitroAggregationStatePreparationNanos,65387669
[WARNING] [stderr] 2026-08-07T14:25:33.541-0600	INFO	ForkJoinPool-1-worker-1	stdout	operator_metric,nitro,TrinoNitroAggregationOperator,nitroBoundaryNativeEgressFlatChannelPositions,6945869
[WARNING] [stderr] 2026-08-07T14:25:33.541-0600	INFO	ForkJoinPool-1-worker-1	stdout	operator_metric,nitro,TrinoNitroAggregationOperator,nitroAggregationInitialFlatKeyNanos,0
[WARNING] [stderr] 2026-08-07T14:25:33.541-0600	INFO	ForkJoinPool-1-worker-1	stdout	operator_metric,nitro,TrinoNitroAggregationOperator,nitroBoundaryPageIngressRunLengthChannelPositions,0
[WARNING] [stderr] 2026-08-07T14:25:33.541-0600	INFO	ForkJoinPool-1-worker-1	stdout	operator_metric,nitro,TrinoNitroAggregationOperator,nitroBoundaryPageEgressRunLengthChannelPositions,0
[WARNING] [stderr] 2026-08-07T14:25:33.541-0600	INFO	ForkJoinPool-1-worker-1	stdout	operator_metric,nitro,TrinoNitroAggregationOperator,nitroAggregationInitialAggregationNanos,0
[WARNING] [stderr] 2026-08-07T14:25:33.541-0600	INFO	ForkJoinPool-1-worker-1	stdout	operator_metric,nitro,TrinoNitroAggregationOperator,nitroBoundaryPageEgressDictionaryChannelPositions,0
[WARNING] [stderr] 2026-08-07T14:25:33.541-0600	INFO	ForkJoinPool-1-worker-1	stdout	operator_metric,nitro,TrinoNitroAggregationOperator,nitroAggregationInputNanos,26175009979
[WARNING] [stderr] 2026-08-07T14:25:33.541-0600	INFO	ForkJoinPool-1-worker-1	stdout	operator_metric,nitro,TrinoNitroAggregationOperator,nitroBoundaryPageIngressDictionaryChannelPositions,33109560
[WARNING] [stderr] 2026-08-07T14:25:33.541-0600	INFO	ForkJoinPool-1-worker-1	stdout	operator_metric,nitro,TrinoNitroAggregationOperator,nitroBoundaryPageIngressPositions,122930316
[WARNING] [stderr] 2026-08-07T14:25:33.541-0600	INFO	ForkJoinPool-1-worker-1	stdout	operator_metric,nitro,TrinoNitroAggregationOperator,nitroBoundaryPageIngressBytes,6142598598
[WARNING] [stderr] 2026-08-07T14:25:33.541-0600	INFO	ForkJoinPool-1-worker-1	stdout	operator_metric,nitro,TrinoNitroAggregationOperator,nitroBoundaryPageEgressPositions,3481331
[WARNING] [stderr] 2026-08-07T14:25:33.541-0600	INFO	ForkJoinPool-1-worker-1	stdout	operator_metric,nitro,TrinoNitroAggregationOperator,nitroBoundaryPageEgressBytes,84115797
[WARNING] [stderr] 2026-08-07T14:25:33.541-0600	INFO	ForkJoinPool-1-worker-1	stdout	operator_metric,nitro,TrinoNitroAggregationOperator,nitroBoundaryNativeExchangeBytes,1185911933
[WARNING] [stderr] 2026-08-07T14:25:33.541-0600	INFO	ForkJoinPool-1-worker-1	stdout	operator_metric,nitro,TrinoNitroAggregationOperator,nitroBoundaryNativeExchangeBatches,88
[WARNING] [stderr] 2026-08-07T14:25:33.541-0600	INFO	ForkJoinPool-1-worker-1	stdout	operator_metric,nitro,TrinoNitroAggregationOperator,nitroBoundaryNativeExchangePositions,33609437
[WARNING] [stderr] 2026-08-07T14:25:33.541-0600	INFO	ForkJoinPool-1-worker-1	stdout	operator_metric,nitro,TrinoNitroHashJoinOperator,nitroBoundaryPageEgressRunLengthChannelPositions,0
[WARNING] [stderr] 2026-08-07T14:25:33.541-0600	INFO	ForkJoinPool-1-worker-1	stdout	operator_metric,nitro,TrinoNitroHashJoinOperator,nitroBoundaryPageIngressFlatChannelPositions,570774640
[WARNING] [stderr] 2026-08-07T14:25:33.541-0600	INFO	ForkJoinPool-1-worker-1	stdout	operator_metric,nitro,TrinoNitroHashJoinOperator,nitroBoundaryPageEgressPages,17941
[WARNING] [stderr] 2026-08-07T14:25:33.541-0600	INFO	ForkJoinPool-1-worker-1	stdout	operator_metric,nitro,TrinoNitroHashJoinOperator,nitroBoundaryPageIngressDictionaryChannelPositions,0
[WARNING] [stderr] 2026-08-07T14:25:33.541-0600	INFO	ForkJoinPool-1-worker-1	stdout	operator_metric,nitro,TrinoNitroHashJoinOperator,nitroBoundaryPageIngressBytes,4518697184
[WARNING] [stderr] 2026-08-07T14:25:33.541-0600	INFO	ForkJoinPool-1-worker-1	stdout	operator_metric,nitro,TrinoNitroHashJoinOperator,nitroBoundaryPageEgressPositions,153770708
[WARNING] [stderr] 2026-08-07T14:25:33.541-0600	INFO	ForkJoinPool-1-worker-1	stdout	operator_metric,nitro,TrinoNitroHashJoinOperator,nitroBoundaryPageEgressFlatChannelPositions,460532552
[WARNING] [stderr] 2026-08-07T14:25:33.541-0600	INFO	ForkJoinPool-1-worker-1	stdout	operator_metric,nitro,TrinoNitroHashJoinOperator,nitroBoundaryNativeEgressDictionaryChannelPositions,33109560
[WARNING] [stderr] 2026-08-07T14:25:33.541-0600	INFO	ForkJoinPool-1-worker-1	stdout	operator_metric,nitro,TrinoNitroHashJoinOperator,nitroBoundaryPageIngressRunLengthChannelPositions,0
[WARNING] [stderr] 2026-08-07T14:25:33.541-0600	INFO	ForkJoinPool-1-worker-1	stdout	operator_metric,nitro,TrinoNitroHashJoinOperator,nitroBoundaryPageIngressPositions,190653292
[WARNING] [stderr] 2026-08-07T14:25:33.541-0600	INFO	ForkJoinPool-1-worker-1	stdout	operator_metric,nitro,TrinoNitroHashJoinOperator,nitroBoundaryPageIngressPages,5554
[WARNING] [stderr] 2026-08-07T14:25:33.541-0600	INFO	ForkJoinPool-1-worker-1	stdout	operator_metric,nitro,TrinoNitroHashJoinOperator,nitroBoundaryPageEgressBytes,7161544552
[WARNING] [stderr] 2026-08-07T14:25:33.541-0600	INFO	ForkJoinPool-1-worker-1	stdout	operator_metric,nitro,TrinoNitroHashJoinOperator,nitroBoundaryPageEgressDictionaryChannelPositions,33109560
[WARNING] [stderr] 2026-08-07T14:25:33.541-0600	INFO	ForkJoinPool-1-worker-1	stdout	operator_metric,nitro,TrinoNitroHashJoinOperator,nitroBoundaryNativeEgressRunLengthChannelPositions,0
[WARNING] [stderr] 2026-08-07T14:25:33.541-0600	INFO	ForkJoinPool-1-worker-1	stdout	operator_metric,nitro,TrinoNitroHashJoinOperator,nitroBoundaryNativeEgressFlatChannelPositions,460532552
[WARNING] [stderr] 2026-08-07T14:25:33.541-0600	INFO	ForkJoinPool-1-worker-1	stdout	operator_metric,nitro,TrinoNitroHashJoinOperator,nitroBoundaryNativeExchangePositions,33315162
[WARNING] [stderr] 2026-08-07T14:25:33.542-0600	INFO	ForkJoinPool-1-worker-1	stdout	operator_metric,nitro,TrinoNitroHashJoinOperator,nitroBoundaryNativeExchangeBytes,547062761
[WARNING] [stderr] 2026-08-07T14:25:33.542-0600	INFO	ForkJoinPool-1-worker-1	stdout	operator_metric,nitro,TrinoNitroHashJoinOperator,nitroBoundaryNativeExchangeBatches,3821
[WARNING] [stderr] 2026-08-07T14:25:33.542-0600	INFO	ForkJoinPool-1-worker-1	stdout	operator_metric,nitro,TrinoNitroPipelineSourceOperator,nitroBoundaryNativeExchangeBatches,12760
[WARNING] [stderr] 2026-08-07T14:25:33.542-0600	INFO	ForkJoinPool-1-worker-1	stdout	operator_metric,nitro,TrinoNitroPipelineSourceOperator,nitroBoundaryNativeExchangePositions,126226318
[WARNING] [stderr] 2026-08-07T14:25:33.542-0600	INFO	ForkJoinPool-1-worker-1	stdout	operator_metric,nitro,TrinoNitroPipelineSourceOperator,nitroBoundaryNativeExchangeBytes,8180895544
[WARNING] [stderr] 2026-08-07T14:25:33.542-0600	INFO	ForkJoinPool-1-worker-1	stdout	operator_metric,nitro,TrinoNitroPipelineSourceOperator,nitroBoundaryPageEgressRunLengthChannelPositions,0
[WARNING] [stderr] 2026-08-07T14:25:33.542-0600	INFO	ForkJoinPool-1-worker-1	stdout	operator_metric,nitro,TrinoNitroPipelineSourceOperator,nitroBoundaryPageEgressPages,2
[WARNING] [stderr] 2026-08-07T14:25:33.542-0600	INFO	ForkJoinPool-1-worker-1	stdout	operator_metric,nitro,TrinoNitroPipelineSourceOperator,nitroBoundaryPageEgressFlatChannelPositions,120
[WARNING] [stderr] 2026-08-07T14:25:33.542-0600	INFO	ForkJoinPool-1-worker-1	stdout	operator_metric,nitro,TrinoNitroPipelineSourceOperator,nitroBoundaryNativeExchangeCaptureFallbackPositions,30
[WARNING] [stderr] 2026-08-07T14:25:33.542-0600	INFO	ForkJoinPool-1-worker-1	stdout	operator_metric,nitro,TrinoNitroPipelineSourceOperator,nitroBoundaryNativeExchangeCaptureFallbackBatches,2
[WARNING] [stderr] 2026-08-07T14:25:33.542-0600	INFO	ForkJoinPool-1-worker-1	stdout	operator_metric,nitro,TrinoNitroPipelineSourceOperator,nitroBoundaryPageEgressPositions,30
[WARNING] [stderr] 2026-08-07T14:25:33.542-0600	INFO	ForkJoinPool-1-worker-1	stdout	operator_metric,nitro,TrinoNitroPipelineSourceOperator,nitroBoundaryNativeEgressFlatChannelPositions,120
[WARNING] [stderr] 2026-08-07T14:25:33.542-0600	INFO	ForkJoinPool-1-worker-1	stdout	operator_metric,nitro,TrinoNitroPipelineSourceOperator,nitroBoundaryPageEgressDictionaryChannelPositions,0
[WARNING] [stderr] 2026-08-07T14:25:33.542-0600	INFO	ForkJoinPool-1-worker-1	stdout	operator_metric,nitro,TrinoNitroPipelineSourceOperator,nitroBoundaryNativeEgressRunLengthChannelPositions,0
[WARNING] [stderr] 2026-08-07T14:25:33.542-0600	INFO	ForkJoinPool-1-worker-1	stdout	operator_metric,nitro,TrinoNitroPipelineSourceOperator,nitroBoundaryPageEgressBytes,960
[WARNING] [stderr] 2026-08-07T14:25:33.542-0600	INFO	ForkJoinPool-1-worker-1	stdout	operator_metric,nitro,TrinoNitroPipelineSourceOperator,nitroBoundaryNativeEgressDictionaryChannelPositions,0
[WARNING] [stderr] 2026-08-07T14:25:33.542-0600	INFO	ForkJoinPool-1-worker-1	stdout	operator_metric,nitro,PartitionedOutputOperator,nitroExchangeInputPositions,33858360
[WARNING] [stderr] 2026-08-07T14:25:33.542-0600	INFO	ForkJoinPool-1-worker-1	stdout	operator_metric,nitro,PartitionedOutputOperator,nitroExchangeInputRunLengthChannelPositions,0
[WARNING] [stderr] 2026-08-07T14:25:33.542-0600	INFO	ForkJoinPool-1-worker-1	stdout	operator_metric,nitro,PartitionedOutputOperator,nitroExchangeInputPages,3779
[WARNING] [stderr] 2026-08-07T14:25:33.542-0600	INFO	ForkJoinPool-1-worker-1	stdout	operator_metric,nitro,PartitionedOutputOperator,nitroExchangeInputDictionaryChannelPositions,0
[WARNING] [stderr] 2026-08-07T14:25:33.542-0600	INFO	ForkJoinPool-1-worker-1	stdout	operator_metric,nitro,PartitionedOutputOperator,nitroExchangeInputFlatChannelPositions,132376756
[WARNING] [stderr] 2026-08-07T14:25:33.542-0600	INFO	ForkJoinPool-1-worker-1	stdout	operator_metric,nitro,PartitionedOutputOperator,nitroExchangeRunLengthUnsupportedPositions,0
[WARNING] [stderr] 2026-08-07T14:25:33.542-0600	INFO	ForkJoinPool-1-worker-1	stdout	operator_metric,nitro,PartitionedOutputOperator,nitroExchangePreservedPositions,0
[WARNING] [stderr] 2026-08-07T14:25:33.542-0600	INFO	ForkJoinPool-1-worker-1	stdout	operator_metric,nitro,PartitionedOutputOperator,nitroExchangeNoDictionaryPositions,29734138
[WARNING] [stderr] 2026-08-07T14:25:33.542-0600	INFO	ForkJoinPool-1-worker-1	stdout	operator_metric,nitro,PartitionedOutputOperator,nitroExchangeSmallPagePositions,4124222
[WARNING] [stderr] 2026-08-07T14:25:33.542-0600	INFO	ForkJoinPool-1-worker-1	stdout	operator_metric,nitro,PartitionedOutputOperator,nitroExchangeLowDictionaryReusePositions,0
[WARNING] [stderr] 2026-08-07T14:25:33.542-0600	INFO	ForkJoinPool-1-worker-1	stdout	operator_metric,nitro,PartitionedOutputOperator,nitroExchangeDictionaryUnsupportedPositions,0
[WARNING] [stderr] 2026-08-07T14:25:33.542-0600	INFO	ForkJoinPool-1-worker-1	stdout	nitro,tpcds-parquet-sf10,q23a,1,7443.184,7443.184,7443.184,7443.184,32109.000,32109.000,99
[WARNING] [stderr] 2026-08-07T14:25:33.542-0600	INFO	ForkJoinPool-1-worker-1	stdout	allocation,nitro,tpcds-parquet-sf10,q23a,1,51085.337,51085.337
[WARNING] [stderr] 2026-08-07T14:25:33.543-0600	INFO	ForkJoinPool-1-worker-1	stdout	peak_memory,nitro,tpcds-parquet-sf10,q23a,1,3552.738,3552.738,12184.937,12184.937
[WARNING] [stderr] 2026-08-07T14:25:33.543-0600	INFO	ForkJoinPool-1-worker-1	stdout	boundary,nitro,tpcds-parquet-sf10,q23a,1,20773,314575308,10703938778,33109560,906941378,0,20017,157252069,7245661309,33109560,467478541,0,0,574264767,0,16708,193151043,9918458037
[INFO] Tests run: 1, Failures: 0, Errors: 0, Skipped: 0, Time elapsed: 21.26 s -- in io.trino.tests.nitro.TestNitroTpcdsParquetPerformance
[WARNING] [stderr] 2026-08-07T14:25:33.579-0600	INFO	main	io.trino.testing.containers.junit.ReportLeakedContainers	DockerClientFactory not initialized, so there should be no leaked containers, skipping the check
[INFO] 
[INFO] Results:
[INFO] 
[INFO] Tests run: 1, Failures: 0, Errors: 0, Skipped: 0
[INFO] 
[INFO] ------------------------------------------------------------------------
[INFO] BUILD SUCCESS
[INFO] ------------------------------------------------------------------------
[INFO] Total time:  23.343 s (Wall Clock)
[INFO] Finished at: 2026-08-07T20:25:33Z
[INFO] ------------------------------------------------------------------------
[INFO] Njord session closed

Script done on 2026-08-07 20:25:33+00:00 [COMMAND_EXIT_CODE="0"]
