NOTE: Picked up JDK_JAVA_OPTIONS: -XX:+UseG1GC -XX:-HeapDumpOnOutOfMemoryError -XX:ActiveProcessorCount=6 -Dcork.benchmark.task-concurrency=4 -Dcork.benchmark.expected-mode=CPU -Dcork.benchmark.output-directory=/home/martin/src/nitro.opt/benchmarks/trino-integration/20260817-auto-g1-w15m7-board/raw/cork/clickbench/q01
Aug 17, 2026 5:07:17 PM io.airlift.log.Logger warn
WARNING: No .git ancestor of /home/martin/src/nitro.opt/benchmarks/trino-integration/20260817-auto-g1-w15m7-board; falling back to user.home (/root) as project root
Aug 17, 2026 5:07:17 PM io.airlift.log.Logger info
INFO: Launching benchmark JVM with -Xms12288m -Xmx12288m
NOTE: Picked up JDK_JAVA_OPTIONS: -XX:+UseG1GC -XX:-HeapDumpOnOutOfMemoryError -XX:ActiveProcessorCount=6 -Dcork.benchmark.task-concurrency=4 -Dcork.benchmark.expected-mode=CPU -Dcork.benchmark.output-directory=/home/martin/src/nitro.opt/benchmarks/trino-integration/20260817-auto-g1-w15m7-board/raw/cork/clickbench/q01
WARNING: Using incubator modules: jdk.incubator.vector
Aug 17, 2026 5:07:18 PM io.airlift.log.Logger warn
WARNING: No .git ancestor of /home/martin/src/nitro.opt/benchmarks/trino-integration/20260817-auto-g1-w15m7-board; falling back to user.home (/root) as project root
Aug 17, 2026 5:07:18 PM io.airlift.log.Logger info
INFO: Per-iteration EXPLAIN ANALYZE plans will be written under /home/martin/src/nitro.opt/benchmarks/trino-integration/20260817-auto-g1-w15m7-board/raw/cork/clickbench/q01/clickbench/explain
Aug 17, 2026 5:07:18 PM io.airlift.log.Logger info
INFO: Benchmark task concurrency: 4
2026-08-17T17:07:18.465Z	INFO	main	io.airlift.log.Logging	Logging to stderr
2026-08-17T17:07:18.516Z	INFO	main	stderr	SLF4J(W): Class path contains multiple SLF4J providers.
2026-08-17T17:07:18.516Z	INFO	main	stderr	SLF4J(W): Found provider [org.slf4j.jul.JULServiceProvider@5c9ac4cc]
2026-08-17T17:07:18.516Z	INFO	main	stderr	SLF4J(W): Found provider [org.slf4j.nop.NOPServiceProvider@4df39a88]
2026-08-17T17:07:18.516Z	INFO	main	stderr	SLF4J(W): See https://www.slf4j.org/codes.html#multiple_bindings for an explanation.
2026-08-17T17:07:18.516Z	INFO	main	stderr	SLF4J(I): Actual provider is of type [org.slf4j.jul.JULServiceProvider@5c9ac4cc]
WARNING: A terminally deprecated method in sun.misc.Unsafe has been called
WARNING: sun.misc.Unsafe::staticFieldBase has been called by com.google.inject.internal.aop.HiddenClassDefiner (file:/root/.m2/repository/remote-cache/com/google/inject/guice/7.0.0/guice-7.0.0-classes.jar)
WARNING: Please consider reporting this to the maintainers of class com.google.inject.internal.aop.HiddenClassDefiner
WARNING: sun.misc.Unsafe::staticFieldBase will be removed in a future release
2026-08-17T17:07:19.111Z	INFO	main	io.trino.simd.BlockEncodingSimdSupport	Detected SIMD Support for architecture=amd64, vectorBitWidth=512: SimdSupport[capabilities=[NULL_BIT_PACKING, COMPRESS_BYTE, EXPAND_BYTE, COMPRESS_SHORT, EXPAND_SHORT, COMPRESS_INT, EXPAND_INT, COMPRESS_LONG, EXPAND_LONG]]
WARNING: A restricted method in java.lang.System has been called
WARNING: java.lang.System::loadLibrary has been called by com.aayushatharva.brotli4j.Brotli4jLoader in an unnamed module (file:/root/.m2/repository/remote-cache/com/aayushatharva/brotli4j/brotli4j/1.23.0/brotli4j-1.23.0.jar)
WARNING: Use --enable-native-access=ALL-UNNAMED to avoid a warning for callers in this module
WARNING: Restricted methods will be blocked in a future release unless native access is enabled

2026-08-17T17:07:20.149Z	INFO	main	io.trino.testing.DistributedQueryRunner	Created DistributedQueryRunner in 1.69s (unclosed instances = 1)
2026-08-17T17:07:20.150Z	INFO	main	io.trino.exchange.ExchangeManagerRegistry	-- Loading exchange manager filesystem --
2026-08-17T17:07:20.165Z	INFO	main	io.trino.exchange.ExchangeManagerRegistry	-- Loaded exchange manager filesystem --
2026-08-17T17:07:20.421Z	INFO	main	io.trino.tests.benchmark.BenchmarkHiveClickBench	Creating hive.clickbench.hits_raw at local:///root/data/clickbench
2026-08-17T17:07:20.598Z	INFO	main	io.trino.tests.benchmark.BenchmarkRunner	Running Trino at http://127.0.0.1:44077 (mode=CPU)
2026-08-17T17:07:20.598Z	INFO	main	io.trino.tests.benchmark.BenchmarkRunner	Running clickbench benchmark: 0 suite warmup, 15 warmup, 7 measured runs, reporting average
2026-08-17T17:07:20.598Z	INFO	main	io.trino.tests.benchmark.BenchmarkRunner	Verifying table statistics for 0 table(s): []
2026-08-17T17:07:23.489Z	INFO	main	io.trino.tests.benchmark.BenchmarkRunner	Average for q01: 75 ms (execution 71 ms, CPU 193 ms, peak memory 31.91kB)
2026-08-17T17:07:23.489Z	INFO	main	io.trino.tests.benchmark.BenchmarkRunner	Sum of averages for all queries: 75 ms (execution 71 ms)
2026-08-17T17:07:23.490Z	INFO	main	io.trino.tests.benchmark.BenchmarkRunner	Wrote per-query timings to /home/martin/src/nitro.opt/benchmarks/trino-integration/20260817-auto-g1-w15m7-board/raw/cork/clickbench/q01/clickbench/timings.csv
