[INFO] Processing build on daemon 0ff9408b
[INFO] Scanning for projects...
[INFO] Njord 0.9.4 session created
[INFO] BuildTimeEventSpy is registered.
[INFO] 
[INFO] Using the SmartBuilder implementation with a thread count of 7
[INFO] 
[INFO] -------------------------< org.weakref:nitro >--------------------------
[INFO] Building nitro 1-SNAPSHOT
[INFO]   from pom.xml
[INFO] --------------------------------[ jar ]---------------------------------
[WARNING] 2 problems were encountered while building the effective model for org.apache.yetus:audience-annotations:jar:0.5.0 during dependency collection step for project (use -X to see details)
[INFO] 
[INFO] --- exec:3.6.1:exec (benchmark) @ nitro ---
[WARNING] [stderr] WARNING: Using incubator modules: jdk.incubator.vector
[WARNING] [stderr] WARNING: A terminally deprecated method in sun.misc.Unsafe has been called
[WARNING] [stderr] WARNING: sun.misc.Unsafe::objectFieldOffset has been called by org.openjdk.jmh.util.Utils (file:/root/.m2/repository/org/openjdk/jmh/jmh-core/1.37/jmh-core-1.37.jar)
[WARNING] [stderr] WARNING: Please consider reporting this to the maintainers of class org.openjdk.jmh.util.Utils
[WARNING] [stderr] WARNING: sun.misc.Unsafe::objectFieldOffset will be removed in a future release
[INFO] [stdout] # JMH version: 1.37
[INFO] [stdout] # VM version: JDK 26.0.1, OpenJDK 64-Bit Server VM, 26.0.1+8
[INFO] [stdout] # VM invoker: /opt/java/openjdk/bin/java
[INFO] [stdout] # VM options: --enable-preview --add-modules=jdk.incubator.vector -Dnitro.clickbench.hits.path= -Xmx12g -XX:+UseTransparentHugePages -Dnitro.tpch.parquet.path=/root/data/tpch-parquet-sf10 -Dnitro.tpch.parquet.schema=sf10 -Dnitro.clickbench.hits.path=/root/data/clickbench
[INFO] [stdout] # Blackhole mode: compiler (auto-detected, use -Djmh.blackhole.autoDetect=false to disable)
[INFO] [stdout] # Warmup: 10 iterations, 1 s each
[INFO] [stdout] # Measurement: 5 iterations, 1 s each
[INFO] [stdout] # Timeout: 10 min per iteration
[INFO] [stdout] # Threads: 1 thread, will synchronize iterations
[INFO] [stdout] # Benchmark mode: Average time, time/op
[INFO] [stdout] # Benchmark: org.weakref.nitro.clickbench.BenchmarkQueries.query43
[INFO] [stdout] 
[INFO] [stdout] # Run progress: 0.00% complete, ETA 00:01:30
[INFO] [stdout] # Fork: 1 of 3
[INFO] [stdout] # Preparing profilers: LinuxPerfNormProfiler 
[INFO] [stdout] # Profilers consume stderr from target VM, use -v EXTRA to copy to console
[INFO] [stdout] # Warmup Iteration   1: 355.303 ms/op
[INFO] [stdout] # Warmup Iteration   2: 127.446 ms/op
[INFO] [stdout] # Warmup Iteration   3: 122.938 ms/op
[INFO] [stdout] # Warmup Iteration   4: 120.679 ms/op
[INFO] [stdout] # Warmup Iteration   5: 120.688 ms/op
[INFO] [stdout] # Warmup Iteration   6: 119.779 ms/op
[INFO] [stdout] # Warmup Iteration   7: 120.425 ms/op
[INFO] [stdout] # Warmup Iteration   8: 120.560 ms/op
[INFO] [stdout] # Warmup Iteration   9: 120.233 ms/op
[INFO] [stdout] # Warmup Iteration  10: 120.836 ms/op
[INFO] [stdout] Iteration   1: 120.477 ms/op
[INFO] [stdout]                  gc.alloc.rate:      803.240 MB/sec
[INFO] [stdout]                  gc.alloc.rate.norm: 101483005.333 B/op
[INFO] [stdout]                  gc.count:           1.000 counts
[INFO] [stdout]                  gc.time:            6.000 ms
[INFO] [stdout] 
[INFO] [stdout] Iteration   2: 120.115 ms/op
[INFO] [stdout]                  gc.alloc.rate:      805.658 MB/sec
[INFO] [stdout]                  gc.alloc.rate.norm: 101482948.444 B/op
[INFO] [stdout]                  gc.count:           1.000 counts
[INFO] [stdout]                  gc.time:            4.000 ms
[INFO] [stdout] 
[INFO] [stdout] Iteration   3: 119.844 ms/op
[INFO] [stdout]                  gc.alloc.rate:      807.495 MB/sec
[INFO] [stdout]                  gc.alloc.rate.norm: 101483853.333 B/op
[INFO] [stdout]                  gc.count:           1.000 counts
[INFO] [stdout]                  gc.time:            5.000 ms
[INFO] [stdout] 
[INFO] [stdout] Iteration   4: 119.785 ms/op
[INFO] [stdout]                  gc.alloc.rate:      807.872 MB/sec
[INFO] [stdout]                  gc.alloc.rate.norm: 101482941.333 B/op
[INFO] [stdout]                  gc.count:           1.000 counts
[INFO] [stdout]                  gc.time:            3.000 ms
[INFO] [stdout] 
[INFO] [stdout] Iteration   5: 120.486 ms/op
[INFO] [stdout]                  gc.alloc.rate:      803.181 MB/sec
[INFO] [stdout]                  gc.alloc.rate.norm: 101482984.000 B/op
[INFO] [stdout]                  gc.count:           2.000 counts
[INFO] [stdout]                  gc.time:            11.000 ms
[INFO] [stdout] 
[INFO] [stdout] # Processing profiler results: LinuxPerfNormProfiler 
[INFO] [stdout] 
[INFO] [stdout] # Run progress: 16.67% complete, ETA 00:01:22
[INFO] [stdout] # Fork: 2 of 3
[INFO] [stdout] # Preparing profilers: LinuxPerfNormProfiler 
[INFO] [stdout] # Profilers consume stderr from target VM, use -v EXTRA to copy to console
[INFO] [stdout] # Warmup Iteration   1: 348.135 ms/op
[INFO] [stdout] # Warmup Iteration   2: 125.772 ms/op
[INFO] [stdout] # Warmup Iteration   3: 121.144 ms/op
[INFO] [stdout] # Warmup Iteration   4: 120.270 ms/op
[INFO] [stdout] # Warmup Iteration   5: 119.727 ms/op
[INFO] [stdout] # Warmup Iteration   6: 119.251 ms/op
[INFO] [stdout] # Warmup Iteration   7: 118.508 ms/op
[INFO] [stdout] # Warmup Iteration   8: 118.754 ms/op
[INFO] [stdout] # Warmup Iteration   9: 117.971 ms/op
[INFO] [stdout] # Warmup Iteration  10: 119.209 ms/op
[INFO] [stdout] Iteration   1: 119.043 ms/op
[INFO] [stdout]                  gc.alloc.rate:      807.769 MB/sec
[INFO] [stdout]                  gc.alloc.rate.norm: 100838519.111 B/op
[INFO] [stdout]                  gc.count:           1.000 counts
[INFO] [stdout]                  gc.time:            3.000 ms
[INFO] [stdout] 
[INFO] [stdout] Iteration   2: 118.715 ms/op
[INFO] [stdout]                  gc.alloc.rate:      809.969 MB/sec
[INFO] [stdout]                  gc.alloc.rate.norm: 100836228.444 B/op
[INFO] [stdout]                  gc.count:           1.000 counts
[INFO] [stdout]                  gc.time:            5.000 ms
[INFO] [stdout] 
[INFO] [stdout] Iteration   3: 118.776 ms/op
[INFO] [stdout]                  gc.alloc.rate:      809.562 MB/sec
[INFO] [stdout]                  gc.alloc.rate.norm: 100836978.667 B/op
[INFO] [stdout]                  gc.count:           1.000 counts
[INFO] [stdout]                  gc.time:            6.000 ms
[INFO] [stdout] 
[INFO] [stdout] Iteration   4: 118.901 ms/op
[INFO] [stdout]                  gc.alloc.rate:      808.678 MB/sec
[INFO] [stdout]                  gc.alloc.rate.norm: 100836032.889 B/op
[INFO] [stdout]                  gc.count:           2.000 counts
[INFO] [stdout]                  gc.time:            7.000 ms
[INFO] [stdout] 
[INFO] [stdout] Iteration   5: 118.489 ms/op
[INFO] [stdout]                  gc.alloc.rate:      811.494 MB/sec
[INFO] [stdout]                  gc.alloc.rate.norm: 100836064.000 B/op
[INFO] [stdout]                  gc.count:           1.000 counts
[INFO] [stdout]                  gc.time:            5.000 ms
[INFO] [stdout] 
[INFO] [stdout] # Processing profiler results: LinuxPerfNormProfiler 
[INFO] [stdout] 
[INFO] [stdout] # Run progress: 33.33% complete, ETA 00:01:05
[INFO] [stdout] # Fork: 3 of 3
[INFO] [stdout] # Preparing profilers: LinuxPerfNormProfiler 
[INFO] [stdout] # Profilers consume stderr from target VM, use -v EXTRA to copy to console
[INFO] [stdout] # Warmup Iteration   1: 357.791 ms/op
[INFO] [stdout] # Warmup Iteration   2: 130.104 ms/op
[INFO] [stdout] # Warmup Iteration   3: 123.182 ms/op
[INFO] [stdout] # Warmup Iteration   4: 122.853 ms/op
[INFO] [stdout] # Warmup Iteration   5: 121.417 ms/op
[INFO] [stdout] # Warmup Iteration   6: 121.248 ms/op
[INFO] [stdout] # Warmup Iteration   7: 121.491 ms/op
[INFO] [stdout] # Warmup Iteration   8: 120.837 ms/op
[INFO] [stdout] # Warmup Iteration   9: 120.247 ms/op
[INFO] [stdout] # Warmup Iteration  10: 120.408 ms/op
[INFO] [stdout] Iteration   1: 120.083 ms/op
[INFO] [stdout]                  gc.alloc.rate:      711.966 MB/sec
[INFO] [stdout]                  gc.alloc.rate.norm: 89658752.889 B/op
[INFO] [stdout]                  gc.count:           1.000 counts
[INFO] [stdout]                  gc.time:            5.000 ms
[INFO] [stdout] 
[INFO] [stdout] Iteration   2: 120.210 ms/op
[INFO] [stdout]                  gc.alloc.rate:      711.201 MB/sec
[INFO] [stdout]                  gc.alloc.rate.norm: 89656560.000 B/op
[INFO] [stdout]                  gc.count:           1.000 counts
[INFO] [stdout]                  gc.time:            7.000 ms
[INFO] [stdout] 
[INFO] [stdout] Iteration   3: 120.361 ms/op
[INFO] [stdout]                  gc.alloc.rate:      710.312 MB/sec
[INFO] [stdout]                  gc.alloc.rate.norm: 89657246.222 B/op
[INFO] [stdout]                  gc.count:           1.000 counts
[INFO] [stdout]                  gc.time:            5.000 ms
[INFO] [stdout] 
[INFO] [stdout] Iteration   4: 119.508 ms/op
[INFO] [stdout]                  gc.alloc.rate:      715.370 MB/sec
[INFO] [stdout]                  gc.alloc.rate.norm: 89656289.778 B/op
[INFO] [stdout]                  gc.count:           1.000 counts
[INFO] [stdout]                  gc.time:            3.000 ms
[INFO] [stdout] 
[INFO] [stdout] Iteration   5: 119.998 ms/op
[INFO] [stdout]                  gc.alloc.rate:      712.462 MB/sec
[INFO] [stdout]                  gc.alloc.rate.norm: 89656339.556 B/op
[INFO] [stdout]                  gc.count:           1.000 counts
[INFO] [stdout]                  gc.time:            5.000 ms
[INFO] [stdout] 
[INFO] [stdout] # Processing profiler results: LinuxPerfNormProfiler 
[INFO] [stdout] 
[INFO] [stdout] 
[INFO] [stdout] Result "org.weakref.nitro.clickbench.BenchmarkQueries.query43":
[INFO] [stdout]   119.653 ±(99.9%) 0.741 ms/op [Average]
[INFO] [stdout]   (min, avg, max) = (118.489, 119.653, 120.486), stdev = 0.693
[INFO] [stdout]   CI (99.9%): [118.912, 120.393] (assumes normal distribution)
[INFO] [stdout] 
[INFO] [stdout] Secondary result "org.weakref.nitro.clickbench.BenchmarkQueries.query43:CPI":
[INFO] [stdout]   0.290 ±(99.9%) 0.195 clks/insn [Average]
[INFO] [stdout]   (min, avg, max) = (0.284, 0.290, 0.302), stdev = 0.011
[INFO] [stdout]   CI (99.9%): [0.095, 0.485] (assumes normal distribution)
[INFO] [stdout] 
[INFO] [stdout] Secondary result "org.weakref.nitro.clickbench.BenchmarkQueries.query43:IPC":
[INFO] [stdout]   3.452 ±(99.9%) 2.278 insns/clk [Average]
[INFO] [stdout]   (min, avg, max) = (3.308, 3.452, 3.525), stdev = 0.125
[INFO] [stdout]   CI (99.9%): [1.174, 5.730] (assumes normal distribution)
[INFO] [stdout] 
[INFO] [stdout] Secondary result "org.weakref.nitro.clickbench.BenchmarkQueries.query43:L1-dcache-load-misses":
[INFO] [stdout]   44683709.966 ±(99.9%) 2052543.059 #/op [Average]
[INFO] [stdout]   (min, avg, max) = (44556184.908, 44683709.966, 44768938.796), stdev = 112506.811
[INFO] [stdout]   CI (99.9%): [42631166.908, 46736253.025] (assumes normal distribution)
[INFO] [stdout] 
[INFO] [stdout] Secondary result "org.weakref.nitro.clickbench.BenchmarkQueries.query43:L1-dcache-loads":
[INFO] [stdout]   1040719185.219 ±(99.9%) 675832006.039 #/op [Average]
[INFO] [stdout]   (min, avg, max) = (998111197.888, 1040719185.219, 1065297988.322), stdev = 37044632.744
[INFO] [stdout]   CI (99.9%): [364887179.179, 1716551191.258] (assumes normal distribution)
[INFO] [stdout] 
[INFO] [stdout] Secondary result "org.weakref.nitro.clickbench.BenchmarkQueries.query43:branch-misses":
[INFO] [stdout]   1235775.619 ±(99.9%) 623252.294 #/op [Average]
[INFO] [stdout]   (min, avg, max) = (1196664.833, 1235775.619, 1259785.267), stdev = 34162.561
[INFO] [stdout]   CI (99.9%): [612523.325, 1859027.913] (assumes normal distribution)
[INFO] [stdout] 
[INFO] [stdout] Secondary result "org.weakref.nitro.clickbench.BenchmarkQueries.query43:branches":
[INFO] [stdout]   539951164.499 ±(99.9%) 310553632.738 #/op [Average]
[INFO] [stdout]   (min, avg, max) = (520318266.777, 539951164.499, 550590563.598), stdev = 17022492.527
[INFO] [stdout]   CI (99.9%): [229397531.762, 850504797.237] (assumes normal distribution)
[INFO] [stdout] 
[INFO] [stdout] Secondary result "org.weakref.nitro.clickbench.BenchmarkQueries.query43:cycles":
[INFO] [stdout]   663115315.311 ±(99.9%) 81137513.302 #/op [Average]
[INFO] [stdout]   (min, avg, max) = (659063112.709, 663115315.311, 667873502.469), stdev = 4447420.890
[INFO] [stdout]   CI (99.9%): [581977802.009, 744252828.613] (assumes normal distribution)
[INFO] [stdout] 
[INFO] [stdout] Secondary result "org.weakref.nitro.clickbench.BenchmarkQueries.query43:dTLB-load-misses":
[INFO] [stdout]   20619.353 ±(99.9%) 13809.071 #/op [Average]
[INFO] [stdout]   (min, avg, max) = (19754.743, 20619.353, 21162.418), stdev = 756.922
[INFO] [stdout]   CI (99.9%): [6810.282, 34428.424] (assumes normal distribution)
[INFO] [stdout] 
[INFO] [stdout] Secondary result "org.weakref.nitro.clickbench.BenchmarkQueries.query43:dTLB-loads":
[INFO] [stdout]   468107.197 ±(99.9%) 1076780.174 #/op [Average]
[INFO] [stdout]   (min, avg, max) = (407419.582, 468107.197, 525308.986), stdev = 59021.955
[INFO] [stdout]   CI (99.9%): [≈ 0, 1544887.370] (assumes normal distribution)
[INFO] [stdout] 
[INFO] [stdout] Secondary result "org.weakref.nitro.clickbench.BenchmarkQueries.query43:gc.alloc.rate":
[INFO] [stdout]   775.749 ±(99.9%) 49.744 MB/sec [Average]
[INFO] [stdout]   (min, avg, max) = (710.312, 775.749, 811.494), stdev = 46.531
[INFO] [stdout]   CI (99.9%): [726.004, 825.493] (assumes normal distribution)
[INFO] [stdout] 
[INFO] [stdout] Secondary result "org.weakref.nitro.clickbench.BenchmarkQueries.query43:gc.alloc.rate.norm":
[INFO] [stdout]   97325649.600 ±(99.9%) 6007577.344 B/op [Average]
[INFO] [stdout]   (min, avg, max) = (89656289.778, 97325649.600, 101483853.333), stdev = 5619491.576
[INFO] [stdout]   CI (99.9%): [91318072.256, 103333226.944] (assumes normal distribution)
[INFO] [stdout] 
[INFO] [stdout] Secondary result "org.weakref.nitro.clickbench.BenchmarkQueries.query43:gc.count":
[INFO] [stdout]   17.000 ±(99.9%) 0.001 counts [Sum]
[INFO] [stdout]   (min, avg, max) = (1.000, 1.133, 2.000), stdev = 0.352
[INFO] [stdout]   CI (99.9%): [17.000, 17.000] (assumes normal distribution)
[INFO] [stdout] 
[INFO] [stdout] Secondary result "org.weakref.nitro.clickbench.BenchmarkQueries.query43:gc.time":
[INFO] [stdout]   80.000 ±(99.9%) 0.001 ms [Sum]
[INFO] [stdout]   (min, avg, max) = (3.000, 5.333, 11.000), stdev = 2.024
[INFO] [stdout]   CI (99.9%): [80.000, 80.000] (assumes normal distribution)
[INFO] [stdout] 
[INFO] [stdout] Secondary result "org.weakref.nitro.clickbench.BenchmarkQueries.query43:instructions":
[INFO] [stdout]   2288931885.787 ±(99.9%) 1262110975.366 #/op [Average]
[INFO] [stdout]   (min, avg, max) = (2209411025.581, 2288931885.787, 2335270664.049), stdev = 69180561.363
[INFO] [stdout]   CI (99.9%): [1026820910.422, 3551042861.153] (assumes normal distribution)
[INFO] [stdout] 
[INFO] [stdout] 
[INFO] [stdout] # JMH version: 1.37
[INFO] [stdout] # VM version: JDK 26.0.1, OpenJDK 64-Bit Server VM, 26.0.1+8
[INFO] [stdout] # VM invoker: /opt/java/openjdk/bin/java
[INFO] [stdout] # VM options: --enable-preview --add-modules=jdk.incubator.vector -Dnitro.clickbench.hits.path= -Xmx12g -XX:+UseTransparentHugePages -Dnitro.tpch.parquet.path=/root/data/tpch-parquet-sf10 -Dnitro.tpch.parquet.schema=sf10 -Dnitro.clickbench.hits.path=/root/data/clickbench
[INFO] [stdout] # Blackhole mode: compiler (auto-detected, use -Djmh.blackhole.autoDetect=false to disable)
[INFO] [stdout] # Warmup: 10 iterations, 1 s each
[INFO] [stdout] # Measurement: 5 iterations, 1 s each
[INFO] [stdout] # Timeout: 30 min per iteration
[INFO] [stdout] # Threads: 1 thread, will synchronize iterations
[INFO] [stdout] # Benchmark mode: Average time, time/op
[INFO] [stdout] # Benchmark: org.weakref.nitro.tpch.BenchmarkQueries.query01
[INFO] [stdout] 
[INFO] [stdout] # Run progress: 50.00% complete, ETA 00:00:49
[INFO] [stdout] # Fork: 1 of 3
[INFO] [stdout] # Preparing profilers: LinuxPerfNormProfiler 
[INFO] [stdout] # Profilers consume stderr from target VM, use -v EXTRA to copy to console
[INFO] [stdout] # Warmup Iteration   1: 2663.833 ms/op
[INFO] [stdout] # Warmup Iteration   2: 1807.495 ms/op
[INFO] [stdout] # Warmup Iteration   3: 1782.853 ms/op
[INFO] [stdout] # Warmup Iteration   4: 1786.004 ms/op
[INFO] [stdout] # Warmup Iteration   5: 1776.935 ms/op
[INFO] [stdout] # Warmup Iteration   6: 1778.865 ms/op
[INFO] [stdout] # Warmup Iteration   7: 1782.414 ms/op
[INFO] [stdout] # Warmup Iteration   8: 1776.723 ms/op
[INFO] [stdout] # Warmup Iteration   9: 1775.963 ms/op
[INFO] [stdout] # Warmup Iteration  10: 1819.575 ms/op
[INFO] [stdout] Iteration   1: 1773.572 ms/op
[INFO] [stdout]                  gc.alloc.rate:      34.346 MB/sec
[INFO] [stdout]                  gc.alloc.rate.norm: 63878064.000 B/op
[INFO] [stdout]                  gc.count:           1.000 counts
[INFO] [stdout]                  gc.time:            1.000 ms
[INFO] [stdout] 
[INFO] [stdout] Iteration   2: 1767.195 ms/op
[INFO] [stdout]                  gc.alloc.rate:      34.469 MB/sec
[INFO] [stdout]                  gc.alloc.rate.norm: 63877640.000 B/op
[INFO] [stdout]                  gc.count:           ≈ 0 counts
[INFO] [stdout] 
[INFO] [stdout] Iteration   3: 1775.269 ms/op
[INFO] [stdout]                  gc.alloc.rate:      34.316 MB/sec
[INFO] [stdout]                  gc.alloc.rate.norm: 63884136.000 B/op
[INFO] [stdout]                  gc.count:           ≈ 0 counts
[INFO] [stdout] 
[INFO] [stdout] Iteration   4: 1776.947 ms/op
[INFO] [stdout]                  gc.alloc.rate:      34.281 MB/sec
[INFO] [stdout]                  gc.alloc.rate.norm: 63877864.000 B/op
[INFO] [stdout]                  gc.count:           ≈ 0 counts
[INFO] [stdout] 
[INFO] [stdout] Iteration   5: 1776.278 ms/op
[INFO] [stdout]                  gc.alloc.rate:      34.293 MB/sec
[INFO] [stdout]                  gc.alloc.rate.norm: 63877664.000 B/op
[INFO] [stdout]                  gc.count:           1.000 counts
[INFO] [stdout]                  gc.time:            ≈ 0 ms
[INFO] [stdout] 
[INFO] [stdout] # Processing profiler results: LinuxPerfNormProfiler 
[INFO] [stdout] 
[INFO] [stdout] # Run progress: 66.67% complete, ETA 00:00:38
[INFO] [stdout] # Fork: 2 of 3
[INFO] [stdout] # Preparing profilers: LinuxPerfNormProfiler 
[INFO] [stdout] # Profilers consume stderr from target VM, use -v EXTRA to copy to console
[INFO] [stdout] # Warmup Iteration   1: 2669.394 ms/op
[INFO] [stdout] # Warmup Iteration   2: 1876.064 ms/op
[INFO] [stdout] # Warmup Iteration   3: 1810.589 ms/op
[INFO] [stdout] # Warmup Iteration   4: 1782.639 ms/op
[INFO] [stdout] # Warmup Iteration   5: 1790.202 ms/op
[INFO] [stdout] # Warmup Iteration   6: 1791.772 ms/op
[INFO] [stdout] # Warmup Iteration   7: 1787.377 ms/op
[INFO] [stdout] # Warmup Iteration   8: 1790.010 ms/op
[INFO] [stdout] # Warmup Iteration   9: 1789.264 ms/op
[INFO] [stdout] # Warmup Iteration  10: 1799.072 ms/op
[INFO] [stdout] Iteration   1: 1785.927 ms/op
[INFO] [stdout]                  gc.alloc.rate:      34.362 MB/sec
[INFO] [stdout]                  gc.alloc.rate.norm: 64358032.000 B/op
[INFO] [stdout]                  gc.count:           ≈ 0 counts
[INFO] [stdout] 
[INFO] [stdout] Iteration   2: 1778.262 ms/op
[INFO] [stdout]                  gc.alloc.rate:      34.512 MB/sec
[INFO] [stdout]                  gc.alloc.rate.norm: 64358624.000 B/op
[INFO] [stdout]                  gc.count:           ≈ 0 counts
[INFO] [stdout] 
[INFO] [stdout] Iteration   3: 1780.651 ms/op
[INFO] [stdout]                  gc.alloc.rate:      34.469 MB/sec
[INFO] [stdout]                  gc.alloc.rate.norm: 64364024.000 B/op
[INFO] [stdout]                  gc.count:           ≈ 0 counts
[INFO] [stdout] 
[INFO] [stdout] Iteration   4: 1780.013 ms/op
[INFO] [stdout]                  gc.alloc.rate:      34.478 MB/sec
[INFO] [stdout]                  gc.alloc.rate.norm: 64357816.000 B/op
[INFO] [stdout]                  gc.count:           ≈ 0 counts
[INFO] [stdout] 
[INFO] [stdout] Iteration   5: 1782.437 ms/op
[INFO] [stdout]                  gc.alloc.rate:      34.431 MB/sec
[INFO] [stdout]                  gc.alloc.rate.norm: 64357552.000 B/op
[INFO] [stdout]                  gc.count:           1.000 counts
[INFO] [stdout]                  gc.time:            2.000 ms
[INFO] [stdout] 
[INFO] [stdout] # Processing profiler results: LinuxPerfNormProfiler 
[INFO] [stdout] 
[INFO] [stdout] # Run progress: 83.33% complete, ETA 00:00:21
[INFO] [stdout] # Fork: 3 of 3
[INFO] [stdout] # Preparing profilers: LinuxPerfNormProfiler 
[INFO] [stdout] # Profilers consume stderr from target VM, use -v EXTRA to copy to console
[INFO] [stdout] # Warmup Iteration   1: 2651.603 ms/op
[INFO] [stdout] # Warmup Iteration   2: 1810.750 ms/op
[INFO] [stdout] # Warmup Iteration   3: 1787.716 ms/op
[INFO] [stdout] # Warmup Iteration   4: 1768.500 ms/op
[INFO] [stdout] # Warmup Iteration   5: 1771.115 ms/op
[INFO] [stdout] # Warmup Iteration   6: 1766.434 ms/op
[INFO] [stdout] # Warmup Iteration   7: 1768.263 ms/op
[INFO] [stdout] # Warmup Iteration   8: 1788.437 ms/op
[INFO] [stdout] # Warmup Iteration   9: 1768.888 ms/op
[INFO] [stdout] # Warmup Iteration  10: 1775.079 ms/op
[INFO] [stdout] Iteration   1: 1773.325 ms/op
[INFO] [stdout]                  gc.alloc.rate:      34.354 MB/sec
[INFO] [stdout]                  gc.alloc.rate.norm: 63884360.000 B/op
[INFO] [stdout]                  gc.count:           ≈ 0 counts
[INFO] [stdout] 
[INFO] [stdout] Iteration   2: 1778.613 ms/op
[INFO] [stdout]                  gc.alloc.rate:      34.247 MB/sec
[INFO] [stdout]                  gc.alloc.rate.norm: 63877576.000 B/op
[INFO] [stdout]                  gc.count:           ≈ 0 counts
[INFO] [stdout] 
[INFO] [stdout] Iteration   3: 1774.236 ms/op
[INFO] [stdout]                  gc.alloc.rate:      34.333 MB/sec
[INFO] [stdout]                  gc.alloc.rate.norm: 63877776.000 B/op
[INFO] [stdout]                  gc.count:           1.000 counts
[INFO] [stdout]                  gc.time:            1.000 ms
[INFO] [stdout] 
[INFO] [stdout] Iteration   4: 1777.301 ms/op
[INFO] [stdout]                  gc.alloc.rate:      34.273 MB/sec
[INFO] [stdout]                  gc.alloc.rate.norm: 63877896.000 B/op
[INFO] [stdout]                  gc.count:           ≈ 0 counts
[INFO] [stdout] 
[INFO] [stdout] Iteration   5: 1776.893 ms/op
[INFO] [stdout]                  gc.alloc.rate:      34.281 MB/sec
[INFO] [stdout]                  gc.alloc.rate.norm: 63877608.000 B/op
[INFO] [stdout]                  gc.count:           ≈ 0 counts
[INFO] [stdout] 
[INFO] [stdout] # Processing profiler results: LinuxPerfNormProfiler 
[INFO] [stdout] 
[INFO] [stdout] 
[INFO] [stdout] Result "org.weakref.nitro.tpch.BenchmarkQueries.query01":
[INFO] [stdout]   1777.128 ±(99.9%) 4.680 ms/op [Average]
[INFO] [stdout]   (min, avg, max) = (1767.195, 1777.128, 1785.927), stdev = 4.377
[INFO] [stdout]   CI (99.9%): [1772.448, 1781.808] (assumes normal distribution)
[INFO] [stdout] 
[INFO] [stdout] Secondary result "org.weakref.nitro.tpch.BenchmarkQueries.query01:CPI":
[INFO] [stdout]   0.211 ±(99.9%) 0.024 clks/insn [Average]
[INFO] [stdout]   (min, avg, max) = (0.210, 0.211, 0.212), stdev = 0.001
[INFO] [stdout]   CI (99.9%): [0.188, 0.235] (assumes normal distribution)
[INFO] [stdout] 
[INFO] [stdout] Secondary result "org.weakref.nitro.tpch.BenchmarkQueries.query01:IPC":
[INFO] [stdout]   4.737 ±(99.9%) 0.529 insns/clk [Average]
[INFO] [stdout]   (min, avg, max) = (4.709, 4.737, 4.767), stdev = 0.029
[INFO] [stdout]   CI (99.9%): [4.209, 5.266] (assumes normal distribution)
[INFO] [stdout] 
[INFO] [stdout] Secondary result "org.weakref.nitro.tpch.BenchmarkQueries.query01:L1-dcache-load-misses":
[INFO] [stdout]   501197990.933 ±(99.9%) 48707681.660 #/op [Average]
[INFO] [stdout]   (min, avg, max) = (498234381.891, 501197990.933, 503415166.834), stdev = 2669832.388
[INFO] [stdout]   CI (99.9%): [452490309.273, 549905672.592] (assumes normal distribution)
[INFO] [stdout] 
[INFO] [stdout] Secondary result "org.weakref.nitro.tpch.BenchmarkQueries.query01:L1-dcache-loads":
[INFO] [stdout]   18521136965.709 ±(99.9%) 1317464616.631 #/op [Average]
[INFO] [stdout]   (min, avg, max) = (18450932143.728, 18521136965.709, 18595206316.688), stdev = 72214681.223
[INFO] [stdout]   CI (99.9%): [17203672349.078, 19838601582.339] (assumes normal distribution)
[INFO] [stdout] 
[INFO] [stdout] Secondary result "org.weakref.nitro.tpch.BenchmarkQueries.query01:branch-misses":
[INFO] [stdout]   9360059.620 ±(99.9%) 2064688.125 #/op [Average]
[INFO] [stdout]   (min, avg, max) = (9281001.626, 9360059.620, 9489701.852), stdev = 113172.523
[INFO] [stdout]   CI (99.9%): [7295371.495, 11424747.745] (assumes normal distribution)
[INFO] [stdout] 
[INFO] [stdout] Secondary result "org.weakref.nitro.tpch.BenchmarkQueries.query01:branches":
[INFO] [stdout]   9528748722.252 ±(99.9%) 12448289.762 #/op [Average]
[INFO] [stdout]   (min, avg, max) = (9528197336.507, 9528748722.252, 9529511814.678), stdev = 682332.767
[INFO] [stdout]   CI (99.9%): [9516300432.490, 9541197012.014] (assumes normal distribution)
[INFO] [stdout] 
[INFO] [stdout] Secondary result "org.weakref.nitro.tpch.BenchmarkQueries.query01:cycles":
[INFO] [stdout]   9302701137.370 ±(99.9%) 568680670.476 #/op [Average]
[INFO] [stdout]   (min, avg, max) = (9281419518.732, 9302701137.370, 9338480957.778), stdev = 31171306.476
[INFO] [stdout]   CI (99.9%): [8734020466.894, 9871381807.846] (assumes normal distribution)
[INFO] [stdout] 
[INFO] [stdout] Secondary result "org.weakref.nitro.tpch.BenchmarkQueries.query01:dTLB-load-misses":
[INFO] [stdout]   207548.457 ±(99.9%) 107639.444 #/op [Average]
[INFO] [stdout]   (min, avg, max) = (202009.680, 207548.457, 213753.310), stdev = 5900.081
[INFO] [stdout]   CI (99.9%): [99909.013, 315187.900] (assumes normal distribution)
[INFO] [stdout] 
[INFO] [stdout] Secondary result "org.weakref.nitro.tpch.BenchmarkQueries.query01:dTLB-loads":
[INFO] [stdout]   2117930.549 ±(99.9%) 1274310.843 #/op [Average]
[INFO] [stdout]   (min, avg, max) = (2048447.138, 2117930.549, 2188140.032), stdev = 69849.277
[INFO] [stdout]   CI (99.9%): [843619.706, 3392241.392] (assumes normal distribution)
[INFO] [stdout] 
[INFO] [stdout] Secondary result "org.weakref.nitro.tpch.BenchmarkQueries.query01:gc.alloc.rate":
[INFO] [stdout]   34.363 ±(99.9%) 0.093 MB/sec [Average]
[INFO] [stdout]   (min, avg, max) = (34.247, 34.363, 34.512), stdev = 0.087
[INFO] [stdout]   CI (99.9%): [34.270, 34.456] (assumes normal distribution)
[INFO] [stdout] 
[INFO] [stdout] Secondary result "org.weakref.nitro.tpch.BenchmarkQueries.query01:gc.alloc.rate.norm":
[INFO] [stdout]   64039108.800 ±(99.9%) 250485.835 B/op [Average]
[INFO] [stdout]   (min, avg, max) = (63877576.000, 64039108.800, 64364024.000), stdev = 234304.605
[INFO] [stdout]   CI (99.9%): [63788622.965, 64289594.635] (assumes normal distribution)
[INFO] [stdout] 
[INFO] [stdout] Secondary result "org.weakref.nitro.tpch.BenchmarkQueries.query01:gc.count":
[INFO] [stdout]   4.000 ±(99.9%) 0.001 counts [Sum]
[INFO] [stdout]   (min, avg, max) = (≈ 0, 0.267, 1.000), stdev = 0.458
[INFO] [stdout]   CI (99.9%): [4.000, 4.000] (assumes normal distribution)
[INFO] [stdout] 
[INFO] [stdout] Secondary result "org.weakref.nitro.tpch.BenchmarkQueries.query01:gc.time":
[INFO] [stdout]   4.000 ±(99.9%) 0.001 ms [Sum]
[INFO] [stdout]   (min, avg, max) = (≈ 0, 0.267, 2.000), stdev = 0.594
[INFO] [stdout]   CI (99.9%): [4.000, 4.000] (assumes normal distribution)
[INFO] [stdout] 
[INFO] [stdout] Secondary result "org.weakref.nitro.tpch.BenchmarkQueries.query01:instructions":
[INFO] [stdout]   44070545691.046 ±(99.9%) 3237730441.332 #/op [Average]
[INFO] [stdout]   (min, avg, max) = (43962348392.753, 44070545691.046, 44275362420.504), stdev = 177470930.721
[INFO] [stdout]   CI (99.9%): [40832815249.714, 47308276132.378] (assumes normal distribution)
[INFO] [stdout] 
[INFO] [stdout] 
[INFO] [stdout] # Run complete. Total time: 00:02:13
[INFO] [stdout] 
[INFO] [stdout] REMEMBER: The numbers below are just data. To gain reusable insights, you need to follow up on
[INFO] [stdout] why the numbers are the way they are. Use profilers (see -prof, -lprof), design factorial
[INFO] [stdout] experiments, perform baseline and negative tests that provide experimental control, make sure
[INFO] [stdout] the benchmarking environment is safe on JVM/OS/HW level, ask for reviews from the domain experts.
[INFO] [stdout] Do not assume the numbers tell you what you want them to tell.
[INFO] [stdout] 
[INFO] [stdout] NOTE: Current JVM experimentally supports Compiler Blackholes, and they are in use. Please exercise
[INFO] [stdout] extra caution when trusting the results, look into the generated code to check the benchmark still
[INFO] [stdout] works, and factor in a small probability of new VM bugs. Additionally, while comparisons between
[INFO] [stdout] different JVMs are already problematic, the performance difference caused by different Blackhole
[INFO] [stdout] modes can be very significant. Please make sure you use the consistent Blackhole mode for comparisons.
[INFO] [stdout] 
[INFO] [stdout] Benchmark                                                        Mode  Cnt            Score            Error      Units
[INFO] [stdout] o.w.n.clickbench.BenchmarkQueries.query43                        avgt   15          119.653 ±          0.741      ms/op
[INFO] [stdout] o.w.n.clickbench.BenchmarkQueries.query43:CPI                    avgt    3            0.290 ±          0.195  clks/insn
[INFO] [stdout] o.w.n.clickbench.BenchmarkQueries.query43:IPC                    avgt    3            3.452 ±          2.278  insns/clk
[INFO] [stdout] o.w.n.clickbench.BenchmarkQueries.query43:L1-dcache-load-misses  avgt    3     44683709.966 ±    2052543.059       #/op
[INFO] [stdout] o.w.n.clickbench.BenchmarkQueries.query43:L1-dcache-loads        avgt    3   1040719185.219 ±  675832006.039       #/op
[INFO] [stdout] o.w.n.clickbench.BenchmarkQueries.query43:branch-misses          avgt    3      1235775.619 ±     623252.294       #/op
[INFO] [stdout] o.w.n.clickbench.BenchmarkQueries.query43:branches               avgt    3    539951164.499 ±  310553632.738       #/op
[INFO] [stdout] o.w.n.clickbench.BenchmarkQueries.query43:cycles                 avgt    3    663115315.311 ±   81137513.302       #/op
[INFO] [stdout] o.w.n.clickbench.BenchmarkQueries.query43:dTLB-load-misses       avgt    3        20619.353 ±      13809.071       #/op
[INFO] [stdout] o.w.n.clickbench.BenchmarkQueries.query43:dTLB-loads             avgt    3       468107.197 ±    1076780.174       #/op
[INFO] [stdout] o.w.n.clickbench.BenchmarkQueries.query43:gc.alloc.rate          avgt   15          775.749 ±         49.744     MB/sec
[INFO] [stdout] o.w.n.clickbench.BenchmarkQueries.query43:gc.alloc.rate.norm     avgt   15     97325649.600 ±    6007577.344       B/op
[INFO] [stdout] o.w.n.clickbench.BenchmarkQueries.query43:gc.count               avgt   15           17.000                      counts
[INFO] [stdout] o.w.n.clickbench.BenchmarkQueries.query43:gc.time                avgt   15           80.000                          ms
[INFO] [stdout] o.w.n.clickbench.BenchmarkQueries.query43:instructions           avgt    3   2288931885.787 ± 1262110975.366       #/op
[INFO] [stdout] o.w.n.tpch.BenchmarkQueries.query01                              avgt   15         1777.128 ±          4.680      ms/op
[INFO] [stdout] o.w.n.tpch.BenchmarkQueries.query01:CPI                          avgt    3            0.211 ±          0.024  clks/insn
[INFO] [stdout] o.w.n.tpch.BenchmarkQueries.query01:IPC                          avgt    3            4.737 ±          0.529  insns/clk
[INFO] [stdout] o.w.n.tpch.BenchmarkQueries.query01:L1-dcache-load-misses        avgt    3    501197990.933 ±   48707681.660       #/op
[INFO] [stdout] o.w.n.tpch.BenchmarkQueries.query01:L1-dcache-loads              avgt    3  18521136965.709 ± 1317464616.631       #/op
[INFO] [stdout] o.w.n.tpch.BenchmarkQueries.query01:branch-misses                avgt    3      9360059.620 ±    2064688.125       #/op
[INFO] [stdout] o.w.n.tpch.BenchmarkQueries.query01:branches                     avgt    3   9528748722.252 ±   12448289.762       #/op
[INFO] [stdout] o.w.n.tpch.BenchmarkQueries.query01:cycles                       avgt    3   9302701137.370 ±  568680670.476       #/op
[INFO] [stdout] o.w.n.tpch.BenchmarkQueries.query01:dTLB-load-misses             avgt    3       207548.457 ±     107639.444       #/op
[INFO] [stdout] o.w.n.tpch.BenchmarkQueries.query01:dTLB-loads                   avgt    3      2117930.549 ±    1274310.843       #/op
[INFO] [stdout] o.w.n.tpch.BenchmarkQueries.query01:gc.alloc.rate                avgt   15           34.363 ±          0.093     MB/sec
[INFO] [stdout] o.w.n.tpch.BenchmarkQueries.query01:gc.alloc.rate.norm           avgt   15     64039108.800 ±     250485.835       B/op
[INFO] [stdout] o.w.n.tpch.BenchmarkQueries.query01:gc.count                     avgt   15            4.000                      counts
[INFO] [stdout] o.w.n.tpch.BenchmarkQueries.query01:gc.time                      avgt   15            4.000                          ms
[INFO] [stdout] o.w.n.tpch.BenchmarkQueries.query01:instructions                 avgt    3  44070545691.046 ± 3237730441.332       #/op
[INFO] [stdout] 
[INFO] [stdout] Benchmark result is saved to benchmarks/sweeps/20260724-structural-expression-ir/candidate-q01-q43-3fork.json
[INFO] ------------------------------------------------------------------------
[INFO] BUILD SUCCESS
[INFO] ------------------------------------------------------------------------
[INFO] Total time:  02:14 min (Wall Clock)
[INFO] Finished at: 2026-07-24T07:48:12Z
[INFO] ------------------------------------------------------------------------
[INFO] Njord session closed
