WARNING: Using incubator modules: jdk.incubator.vector
WARNING: A restricted method in java.lang.foreign.SymbolLookup has been called
WARNING: java.lang.foreign.SymbolLookup::libraryLookup has been called by io.airlift.compress.v3.internal.NativeLoader in an unnamed module (file:/root/.m2/repository/io/airlift/aircompressor-v3/3.4/aircompressor-v3-3.4.jar)
WARNING: Use --enable-native-access=ALL-UNNAMED to avoid a warning for callers in this module
WARNING: Restricted methods will be blocked in a future release unless native access is enabled

[grouping-shape] DictionaryVector(10000->BinaryVector(51000))
[flat-single-identity] selected=10 sampled=0 distinct=0 admitted=false
[grouping-shape] DictionaryVector(9999->DictionaryVector(9999)) DictionaryVector(9999->DictionaryVector(9999))
[grouping-shared-dictionary] sampled=128 distinct-hashes=10
[grouping-shared-dictionary-runs] sampled=1 adjacent-repeats=0
[grouping-shared-dictionary-runs] sampled=1 adjacent-repeats=0
[grouping-shared-dictionary-runs] sampled=1 adjacent-repeats=0
[grouping-shared-dictionary-runs] sampled=2 adjacent-repeats=0
[grouping-shared-dictionary-runs] sampled=1 adjacent-repeats=0
[grouping-shared-dictionary-runs] sampled=2 adjacent-repeats=0
[grouping-shared-dictionary-runs] sampled=4 adjacent-repeats=0
[grouping-shared-dictionary-runs] sampled=2 adjacent-repeats=0
[grouping-final] groups=9 single-long=false direct=false
[grouping-final] groups=49 single-long=false direct=false
query45: 1 iters, 502.0 ms/iter, rows-sink=196
