[INFO] Processing build on daemon a5ee6c44
[INFO] Scanning for projects...
[INFO] Njord 0.9.4 session created
[INFO] BuildTimeEventSpy is registered.
[INFO] 
[INFO] Using the SmartBuilder implementation with a thread count of 7
[INFO] 
[INFO] -------------------------< org.weakref:nitro >--------------------------
[INFO] Building nitro 1-SNAPSHOT
[INFO]   from pom.xml
[INFO] --------------------------------[ jar ]---------------------------------
[WARNING] 2 problems were encountered while building the effective model for org.apache.yetus:audience-annotations:jar:0.5.0 during dependency collection step for project (use -X to see details)
[INFO] 
[INFO] --- exec:3.6.1:exec (benchmark) @ nitro ---
[WARNING] [stderr] WARNING: Using incubator modules: jdk.incubator.vector
[WARNING] [stderr] WARNING: A terminally deprecated method in sun.misc.Unsafe has been called
[WARNING] [stderr] WARNING: sun.misc.Unsafe::objectFieldOffset has been called by org.openjdk.jmh.util.Utils (file:/root/.m2/repository/org/openjdk/jmh/jmh-core/1.37/jmh-core-1.37.jar)
[WARNING] [stderr] WARNING: Please consider reporting this to the maintainers of class org.openjdk.jmh.util.Utils
[WARNING] [stderr] WARNING: sun.misc.Unsafe::objectFieldOffset will be removed in a future release
[INFO] [stdout] # JMH version: 1.37
[INFO] [stdout] # VM version: JDK 26.0.1, OpenJDK 64-Bit Server VM, 26.0.1+8
[INFO] [stdout] # VM invoker: /opt/java/openjdk/bin/java
[INFO] [stdout] # VM options: --enable-preview --add-modules=jdk.incubator.vector -Dnitro.clickbench.hits.path= -Xmx12g -XX:+UseTransparentHugePages -Dnitro.tpcds.parquet.path=/root/data/tpcds-parquet-sf10 -Dnitro.aggregate.sumGroupedRuns=true
[INFO] [stdout] # Blackhole mode: compiler (auto-detected, use -Djmh.blackhole.autoDetect=false to disable)
[INFO] [stdout] # Warmup: 5 iterations, 1 s each
[INFO] [stdout] # Measurement: 5 iterations, 1 s each
[INFO] [stdout] # Timeout: 30 min per iteration
[INFO] [stdout] # Threads: 1 thread, will synchronize iterations
[INFO] [stdout] # Benchmark mode: Average time, time/op
[INFO] [stdout] # Benchmark: org.weakref.nitro.tpcds.BenchmarkQueries.query74
[INFO] [stdout] 
[INFO] [stdout] # Run progress: 0.00% complete, ETA 00:00:10
[INFO] [stdout] # Fork: 1 of 1
[INFO] [stdout] # Preparing profilers: LinuxPerfNormProfiler 
[INFO] [stdout] # Profilers consume stderr from target VM, use -v EXTRA to copy to console
[INFO] [stdout] # Warmup Iteration   1: 2018.147 ms/op
[INFO] [stdout] # Warmup Iteration   2: 1165.481 ms/op
[INFO] [stdout] # Warmup Iteration   3: 1476.814 ms/op
[INFO] [stdout] # Warmup Iteration   4: 1367.163 ms/op
[INFO] [stdout] # Warmup Iteration   5: 1233.392 ms/op
[INFO] [stdout] Iteration   1: 1103.886 ms/op
[INFO] [stdout]                  gc.alloc.rate:      928.925 MB/sec
[INFO] [stdout]                  gc.alloc.rate.norm: 1075358816.000 B/op
[INFO] [stdout]                  gc.count:           ≈ 0 counts
[INFO] [stdout] 
[INFO] [stdout] Iteration   2: 1137.634 ms/op
[INFO] [stdout]                  gc.alloc.rate:      901.364 MB/sec
[INFO] [stdout]                  gc.alloc.rate.norm: 1075358464.000 B/op
[INFO] [stdout]                  gc.count:           1.000 counts
[INFO] [stdout]                  gc.time:            46.000 ms
[INFO] [stdout] 
[INFO] [stdout] Iteration   3: 1137.022 ms/op
[INFO] [stdout]                  gc.alloc.rate:      901.861 MB/sec
[INFO] [stdout]                  gc.alloc.rate.norm: 1075356472.000 B/op
[INFO] [stdout]                  gc.count:           4.000 counts
[INFO] [stdout]                  gc.time:            38.000 ms
[INFO] [stdout] 
[INFO] [stdout] Iteration   4: 1169.410 ms/op
[INFO] [stdout]                  gc.alloc.rate:      876.875 MB/sec
[INFO] [stdout]                  gc.alloc.rate.norm: 1075356840.000 B/op
[INFO] [stdout]                  gc.count:           ≈ 0 counts
[INFO] [stdout] 
[INFO] [stdout] Iteration   5: 1162.948 ms/op
[INFO] [stdout]                  gc.alloc.rate:      881.724 MB/sec
[INFO] [stdout]                  gc.alloc.rate.norm: 1075351664.000 B/op
[INFO] [stdout]                  gc.count:           1.000 counts
[INFO] [stdout]                  gc.time:            12.000 ms
[INFO] [stdout] 
[INFO] [stdout] # Processing profiler results: LinuxPerfNormProfiler 
[INFO] [stdout] 
[INFO] [stdout] 
[INFO] [stdout] Result "org.weakref.nitro.tpcds.BenchmarkQueries.query74":
[INFO] [stdout]   1142.180 ±(99.9%) 99.792 ms/op [Average]
[INFO] [stdout]   (min, avg, max) = (1103.886, 1142.180, 1169.410), stdev = 25.916
[INFO] [stdout]   CI (99.9%): [1042.388, 1241.972] (assumes normal distribution)
[INFO] [stdout] 
[INFO] [stdout] Secondary result "org.weakref.nitro.tpcds.BenchmarkQueries.query74:CPI":
[INFO] [stdout]   0.331 clks/insn
[INFO] [stdout] 
[INFO] [stdout] Secondary result "org.weakref.nitro.tpcds.BenchmarkQueries.query74:IPC":
[INFO] [stdout]   3.022 insns/clk
[INFO] [stdout] 
[INFO] [stdout] Secondary result "org.weakref.nitro.tpcds.BenchmarkQueries.query74:L1-dcache-load-misses":
[INFO] [stdout]   157672162.394 #/op
[INFO] [stdout] 
[INFO] [stdout] Secondary result "org.weakref.nitro.tpcds.BenchmarkQueries.query74:L1-dcache-loads":
[INFO] [stdout]   9747413641.219 #/op
[INFO] [stdout] 
[INFO] [stdout] Secondary result "org.weakref.nitro.tpcds.BenchmarkQueries.query74:L1-icache-load-misses":
[INFO] [stdout]   4379675.449 #/op
[INFO] [stdout] 
[INFO] [stdout] Secondary result "org.weakref.nitro.tpcds.BenchmarkQueries.query74:L1-icache-loads":
[INFO] [stdout]   58102782.210 #/op
[INFO] [stdout] 
[INFO] [stdout] Secondary result "org.weakref.nitro.tpcds.BenchmarkQueries.query74:branch-misses":
[INFO] [stdout]   32482163.373 #/op
[INFO] [stdout] 
[INFO] [stdout] Secondary result "org.weakref.nitro.tpcds.BenchmarkQueries.query74:branches":
[INFO] [stdout]   3938873552.141 #/op
[INFO] [stdout] 
[INFO] [stdout] Secondary result "org.weakref.nitro.tpcds.BenchmarkQueries.query74:cycles":
[INFO] [stdout]   6876938901.512 #/op
[INFO] [stdout] 
[INFO] [stdout] Secondary result "org.weakref.nitro.tpcds.BenchmarkQueries.query74:dTLB-load-misses":
[INFO] [stdout]   418605.851 #/op
[INFO] [stdout] 
[INFO] [stdout] Secondary result "org.weakref.nitro.tpcds.BenchmarkQueries.query74:dTLB-loads":
[INFO] [stdout]   3232024.883 #/op
[INFO] [stdout] 
[INFO] [stdout] Secondary result "org.weakref.nitro.tpcds.BenchmarkQueries.query74:gc.alloc.rate":
[INFO] [stdout]   898.150 ±(99.9%) 79.234 MB/sec [Average]
[INFO] [stdout]   (min, avg, max) = (876.875, 898.150, 928.925), stdev = 20.577
[INFO] [stdout]   CI (99.9%): [818.915, 977.384] (assumes normal distribution)
[INFO] [stdout] 
[INFO] [stdout] Secondary result "org.weakref.nitro.tpcds.BenchmarkQueries.query74:gc.alloc.rate.norm":
[INFO] [stdout]   1075356451.200 ±(99.9%) 11011.853 B/op [Average]
[INFO] [stdout]   (min, avg, max) = (1075351664.000, 1075356451.200, 1075358816.000), stdev = 2859.743
[INFO] [stdout]   CI (99.9%): [1075345439.347, 1075367463.053] (assumes normal distribution)
[INFO] [stdout] 
[INFO] [stdout] Secondary result "org.weakref.nitro.tpcds.BenchmarkQueries.query74:gc.count":
[INFO] [stdout]   6.000 ±(99.9%) 0.001 counts [Sum]
[INFO] [stdout]   (min, avg, max) = (≈ 0, 1.200, 4.000), stdev = 1.643
[INFO] [stdout]   CI (99.9%): [6.000, 6.000] (assumes normal distribution)
[INFO] [stdout] 
[INFO] [stdout] Secondary result "org.weakref.nitro.tpcds.BenchmarkQueries.query74:gc.time":
[INFO] [stdout]   96.000 ±(99.9%) 0.001 ms [Sum]
[INFO] [stdout]   (min, avg, max) = (≈ 0, 19.200, 46.000), stdev = 21.568
[INFO] [stdout]   CI (99.9%): [96.000, 96.000] (assumes normal distribution)
[INFO] [stdout] 
[INFO] [stdout] Secondary result "org.weakref.nitro.tpcds.BenchmarkQueries.query74:iTLB-load-misses":
[INFO] [stdout]   47202.006 #/op
[INFO] [stdout] 
[INFO] [stdout] Secondary result "org.weakref.nitro.tpcds.BenchmarkQueries.query74:iTLB-loads":
[INFO] [stdout]   1636026.720 #/op
[INFO] [stdout] 
[INFO] [stdout] Secondary result "org.weakref.nitro.tpcds.BenchmarkQueries.query74:instructions":
[INFO] [stdout]   20779942333.599 #/op
[INFO] [stdout] 
[INFO] [stdout] Secondary result "org.weakref.nitro.tpcds.BenchmarkQueries.query74:stalled-cycles-frontend":
[INFO] [stdout]   791376401.863 #/op
[INFO] [stdout] 
[INFO] [stdout] 
[INFO] [stdout] # Run complete. Total time: 00:00:13
[INFO] [stdout] 
[INFO] [stdout] REMEMBER: The numbers below are just data. To gain reusable insights, you need to follow up on
[INFO] [stdout] why the numbers are the way they are. Use profilers (see -prof, -lprof), design factorial
[INFO] [stdout] experiments, perform baseline and negative tests that provide experimental control, make sure
[INFO] [stdout] the benchmarking environment is safe on JVM/OS/HW level, ask for reviews from the domain experts.
[INFO] [stdout] Do not assume the numbers tell you what you want them to tell.
[INFO] [stdout] 
[INFO] [stdout] NOTE: Current JVM experimentally supports Compiler Blackholes, and they are in use. Please exercise
[INFO] [stdout] extra caution when trusting the results, look into the generated code to check the benchmark still
[INFO] [stdout] works, and factor in a small probability of new VM bugs. Additionally, while comparisons between
[INFO] [stdout] different JVMs are already problematic, the performance difference caused by different Blackhole
[INFO] [stdout] modes can be very significant. Please make sure you use the consistent Blackhole mode for comparisons.
[INFO] [stdout] 
[INFO] [stdout] Benchmark                                         Mode  Cnt            Score       Error      Units
[INFO] [stdout] BenchmarkQueries.query74                          avgt    5         1142.180 ±    99.792      ms/op
[INFO] [stdout] BenchmarkQueries.query74:CPI                      avgt                 0.331              clks/insn
[INFO] [stdout] BenchmarkQueries.query74:IPC                      avgt                 3.022              insns/clk
[INFO] [stdout] BenchmarkQueries.query74:L1-dcache-load-misses    avgt         157672162.394                   #/op
[INFO] [stdout] BenchmarkQueries.query74:L1-dcache-loads          avgt        9747413641.219                   #/op
[INFO] [stdout] BenchmarkQueries.query74:L1-icache-load-misses    avgt           4379675.449                   #/op
[INFO] [stdout] BenchmarkQueries.query74:L1-icache-loads          avgt          58102782.210                   #/op
[INFO] [stdout] BenchmarkQueries.query74:branch-misses            avgt          32482163.373                   #/op
[INFO] [stdout] BenchmarkQueries.query74:branches                 avgt        3938873552.141                   #/op
[INFO] [stdout] BenchmarkQueries.query74:cycles                   avgt        6876938901.512                   #/op
[INFO] [stdout] BenchmarkQueries.query74:dTLB-load-misses         avgt            418605.851                   #/op
[INFO] [stdout] BenchmarkQueries.query74:dTLB-loads               avgt           3232024.883                   #/op
[INFO] [stdout] BenchmarkQueries.query74:gc.alloc.rate            avgt    5          898.150 ±    79.234     MB/sec
[INFO] [stdout] BenchmarkQueries.query74:gc.alloc.rate.norm       avgt    5   1075356451.200 ± 11011.853       B/op
[INFO] [stdout] BenchmarkQueries.query74:gc.count                 avgt    5            6.000                 counts
[INFO] [stdout] BenchmarkQueries.query74:gc.time                  avgt    5           96.000                     ms
[INFO] [stdout] BenchmarkQueries.query74:iTLB-load-misses         avgt             47202.006                   #/op
[INFO] [stdout] BenchmarkQueries.query74:iTLB-loads               avgt           1636026.720                   #/op
[INFO] [stdout] BenchmarkQueries.query74:instructions             avgt       20779942333.599                   #/op
[INFO] [stdout] BenchmarkQueries.query74:stalled-cycles-frontend  avgt         791376401.863                   #/op
[INFO] [stdout] 
[INFO] [stdout] Benchmark result is saved to benchmarks/sweeps/20260720-targeted/tpcds-q74-followup/sum-runs-on-screen.json
[INFO] ------------------------------------------------------------------------
[INFO] BUILD SUCCESS
[INFO] ------------------------------------------------------------------------
[INFO] Total time:  14.848 s (Wall Clock)
[INFO] Finished at: 2026-07-20T02:33:37Z
[INFO] ------------------------------------------------------------------------
[INFO] Njord session closed
