NOTE: Picked up JDK_JAVA_OPTIONS: -Xms12g -Xmx12g -XX:G1HeapRegionSize=32m -XX:+UseG1GC -Dcork.benchmark.task-concurrency=4 -Dcork.benchmark.output-directory=/home/martin/src/nitro.opt/benchmarks/trino-integration/20260816-nitro-c-opportunities/clickbench-q14-nitro-c-fresh-w5m10
Aug 16, 2026 2:00:44 PM io.airlift.log.Logger info
INFO: Launching benchmark JVM with -Xms12288m -Xmx12288m
NOTE: Picked up JDK_JAVA_OPTIONS: -Xms12g -Xmx12g -XX:G1HeapRegionSize=32m -XX:+UseG1GC -Dcork.benchmark.task-concurrency=4 -Dcork.benchmark.output-directory=/home/martin/src/nitro.opt/benchmarks/trino-integration/20260816-nitro-c-opportunities/clickbench-q14-nitro-c-fresh-w5m10
WARNING: Using incubator modules: jdk.incubator.vector
Aug 16, 2026 2:00:45 PM io.airlift.log.Logger info
INFO: Per-iteration EXPLAIN ANALYZE plans will be written under /home/martin/src/nitro.opt/benchmarks/trino-integration/20260816-nitro-c-opportunities/clickbench-q14-nitro-c-fresh-w5m10/clickbench/explain
Aug 16, 2026 2:00:45 PM io.airlift.log.Logger info
INFO: Benchmark task concurrency: 4
2026-08-16T14:00:45.452Z	INFO	main	io.airlift.log.Logging	Logging to stderr
2026-08-16T14:00:45.498Z	INFO	main	stderr	SLF4J(W): Class path contains multiple SLF4J providers.
2026-08-16T14:00:45.498Z	INFO	main	stderr	SLF4J(W): Found provider [org.slf4j.jul.JULServiceProvider@38eb2c50]
2026-08-16T14:00:45.498Z	INFO	main	stderr	SLF4J(W): Found provider [org.slf4j.nop.NOPServiceProvider@8bffb8b]
2026-08-16T14:00:45.498Z	INFO	main	stderr	SLF4J(W): See https://www.slf4j.org/codes.html#multiple_bindings for an explanation.
2026-08-16T14:00:45.498Z	INFO	main	stderr	SLF4J(I): Actual provider is of type [org.slf4j.jul.JULServiceProvider@38eb2c50]
WARNING: A terminally deprecated method in sun.misc.Unsafe has been called
WARNING: sun.misc.Unsafe::staticFieldBase has been called by com.google.inject.internal.aop.HiddenClassDefiner (file:/root/.m2/repository/com/google/inject/guice/7.0.0/guice-7.0.0-classes.jar)
WARNING: Please consider reporting this to the maintainers of class com.google.inject.internal.aop.HiddenClassDefiner
WARNING: sun.misc.Unsafe::staticFieldBase will be removed in a future release
2026-08-16T14:00:46.044Z	INFO	main	io.trino.simd.BlockEncodingSimdSupport	Detected SIMD Support for architecture=amd64, vectorBitWidth=512: SimdSupport[capabilities=[NULL_BIT_PACKING, COMPRESS_BYTE, EXPAND_BYTE, COMPRESS_SHORT, EXPAND_SHORT, COMPRESS_INT, EXPAND_INT, COMPRESS_LONG, EXPAND_LONG]]
WARNING: A restricted method in java.lang.System has been called
WARNING: java.lang.System::loadLibrary has been called by com.aayushatharva.brotli4j.Brotli4jLoader in an unnamed module (file:/root/.m2/repository/com/aayushatharva/brotli4j/brotli4j/1.23.0/brotli4j-1.23.0.jar)
WARNING: Use --enable-native-access=ALL-UNNAMED to avoid a warning for callers in this module
WARNING: Restricted methods will be blocked in a future release unless native access is enabled

2026-08-16T14:00:47.093Z	INFO	main	io.trino.testing.DistributedQueryRunner	Created DistributedQueryRunner in 1.64s (unclosed instances = 1)
2026-08-16T14:00:47.094Z	INFO	main	io.trino.exchange.ExchangeManagerRegistry	-- Loading exchange manager filesystem --
2026-08-16T14:00:47.108Z	INFO	main	io.trino.exchange.ExchangeManagerRegistry	-- Loaded exchange manager filesystem --
2026-08-16T14:00:47.353Z	INFO	main	io.trino.tests.benchmark.BenchmarkHiveClickBench	Creating hive.clickbench.hits_raw at local:///root/data/clickbench
2026-08-16T14:00:47.504Z	INFO	main	io.trino.tests.benchmark.BenchmarkRunner	Running Trino at http://127.0.0.1:38405 (mode=NITRO)
2026-08-16T14:00:47.504Z	INFO	main	io.trino.tests.benchmark.BenchmarkRunner	Running clickbench benchmark: 0 suite warmup, 5 warmup, 10 measured runs, reporting average
2026-08-16T14:00:47.504Z	INFO	main	io.trino.tests.benchmark.BenchmarkRunner	Verifying table statistics for 0 table(s): []
2026-08-16T14:01:04.914Z	INFO	main	io.trino.tests.benchmark.BenchmarkRunner	Average for q14: 1001 ms (execution 996 ms, CPU 4943 ms, peak memory 475.67MB)
2026-08-16T14:01:04.914Z	INFO	main	io.trino.tests.benchmark.BenchmarkRunner	Sum of averages for all queries: 1001 ms (execution 996 ms)
2026-08-16T14:01:04.915Z	INFO	main	io.trino.tests.benchmark.BenchmarkRunner	Wrote per-query timings to /home/martin/src/nitro.opt/benchmarks/trino-integration/20260816-nitro-c-opportunities/clickbench-q14-nitro-c-fresh-w5m10/clickbench/timings.csv
