[INFO] Enabling strict checksum verification on all artifact downloads.
[INFO] Processing build on daemon dfe5cbc1
[INFO] Scanning for projects...
[INFO] Loaded 0 groupId for remote repository maven-central
[INFO] Loaded 0 groupId for remote repository google-maven-central-copy
[INFO] Njord 0.9.9 session created
[INFO] BuildTimeEventSpy is registered.
[INFO] 
[INFO] Using the SmartBuilder implementation with a thread count of 7
[INFO] 
[INFO] ------------------------< io.trino:trino-tests >------------------------
[INFO] Building trino-tests 484-SNAPSHOT
[INFO]   from pom.xml
[INFO] --------------------------------[ jar ]---------------------------------
[INFO] Loaded 0 groupId for remote repository ossrh
[INFO] Loaded 0 groupId for remote repository repo.gradle.org
[INFO] Loaded 0 groupId for remote repository central.maven.org
[INFO] 
[INFO] --- enforcer:3.6.3:enforce (default) @ trino-tests ---
[INFO] Rule 0: org.apache.maven.enforcer.rules.dependency.BannedDependencies passed
[INFO] Rule 1: org.apache.maven.plugins.enforcer.RestrictImports passed
[INFO] Rule 2: org.apache.maven.plugins.enforcer.RestrictImports passed
[INFO] Rule 3: org.apache.maven.plugins.enforcer.RestrictImports passed
[INFO] Rule 4: org.apache.maven.plugins.enforcer.RestrictImports passed
[INFO] Rule 5: org.apache.maven.enforcer.rules.RequireProfileIdsExist passed
[INFO] Rule 6: org.codehaus.mojo.extraenforcer.model.RequirePropertyDiverges passed
[INFO] Rule 7: org.apache.maven.enforcer.rules.property.RequireProperty passed
[INFO] Rule 8: org.apache.maven.enforcer.rules.RequireJavaVendor passed
[INFO] Rule 9: org.apache.maven.enforcer.rules.BanDuplicatePomDependencyVersions passed
[INFO] Rule 10: org.apache.maven.enforcer.rules.dependency.RequireUpperBoundDeps passed
[INFO] Rule 11: org.apache.maven.enforcer.rules.version.RequireMavenVersion passed
[INFO] Rule 12: org.apache.maven.enforcer.rules.version.RequireJavaVersion passed
[INFO] Rule 13: org.codehaus.mojo.extraenforcer.dependencies.EnforceBytecodeVersion passed
[INFO] Rule 14: org.apache.maven.enforcer.rules.RequirePluginVersions passed
[INFO] 
[INFO] --- sortpom:4.0.0:verify (default) @ trino-tests ---
[INFO] Verifying file /root/notes/trino.nitro/testing/trino-tests/pom.xml
[INFO] 
[INFO] --- license:5.0.0:check (default) @ trino-tests ---
[INFO] Checking licenses...
[INFO] 
[INFO] --- airstyle:9:check (airstyle) @ trino-tests ---
[INFO] All 143 files are already formatted
[INFO] 
[INFO] --- checkstyle:3.6.0:check (checkstyle) @ trino-tests ---
[INFO] You have 0 Checkstyle violations.
[INFO] 
[INFO] --- git-commit-id:10.0.0:revision (default) @ trino-tests ---
[INFO] 
[INFO] --- build-helper:3.6.1:bsh-property (surefire-enable-preview) @ trino-tests ---
[INFO] 
[INFO] --- jacoco:0.8.15:prepare-agent (default) @ trino-tests ---
[INFO] Skipping JaCoCo execution because property jacoco.skip is set.
[INFO] 
[INFO] --- resources:3.5.0:resources (default-resources) @ trino-tests ---
[INFO] skip non existing resourceDirectory /root/notes/trino.nitro/testing/trino-tests/src/main/resources
[INFO] 
[INFO] --- compiler:3.15.0:compile (default-compile) @ trino-tests ---
[INFO] Nothing to compile - all classes are up to date.
[INFO] 
[INFO] --- resources:3.5.0:testResources (default-testResources) @ trino-tests ---
[INFO] Copying 266 resources from src/test/resources to target/test-classes
[INFO] 
[INFO] --- compiler:3.15.0:testCompile (default-testCompile) @ trino-tests ---
[INFO] Nothing to compile - all classes are up to date.
[INFO] 
[INFO] --- dependency:3.11.0:analyze-only (default) @ trino-tests ---
[INFO] No dependency problems found
[INFO] 
[INFO] --- dependency:3.11.0:analyze-duplicate (default) @ trino-tests ---
[INFO] No duplicate dependencies found in <dependencies/> or in <dependencyManagement/>
[INFO] 
[INFO] --- duplicate-finder:2.0.1:check (default) @ trino-tests ---
[INFO] Checking compile classpath
[INFO] Checking runtime classpath
[INFO] Checking test classpath
[INFO] 
[INFO] --- modernizer:3.4.0:modernizer (modernizer) @ trino-tests ---
[INFO] 
[INFO] --- modernizer:3.4.0:modernizer (modernizer-production-code) @ trino-tests ---
[INFO] 
[INFO] --- surefire:3.5.6:test (default-test) @ trino-tests ---
[INFO] Tests will run in random order. To reproduce ordering use flag -Dsurefire.runOrder.random.seed=4054795223439453
[INFO] Using auto detected provider org.apache.maven.surefire.junitplatform.JUnitPlatformProvider
[INFO] 
[INFO] -------------------------------------------------------
[INFO]  T E S T S
[INFO] -------------------------------------------------------
[WARNING] [stderr] Picked up JAVA_TOOL_OPTIONS: -Xmx16g -XX:-ExitOnOutOfMemoryError -XX:-HeapDumpOnOutOfMemoryError
[WARNING] [stderr] WARNING: Using incubator modules: jdk.incubator.vector
[WARNING] [stderr] 2026-08-02T17:05:15.143-0600	INFO	ForkJoinPool-1-worker-1	io.airlift.log.Logging	Logging to stderr
[INFO] Running io.trino.tests.nitro.TestNitroParquetCountPerformance
[WARNING] [stderr] 2026-08-02T17:05:16.026-0600	INFO	ForkJoinPool-1-worker-1	io.trino.simd.BlockEncodingSimdSupport	Detected SIMD Support for architecture=amd64, vectorBitWidth=512: SimdSupport[capabilities=[COMPRESS_BYTE, EXPAND_BYTE, COMPRESS_SHORT, EXPAND_SHORT, COMPRESS_INT, EXPAND_INT, COMPRESS_LONG, EXPAND_LONG]]
[WARNING] [stderr] WARNING: A restricted method in java.lang.System has been called
[WARNING] [stderr] WARNING: java.lang.System::loadLibrary has been called by com.aayushatharva.brotli4j.Brotli4jLoader in an unnamed module (file:/root/.m2/repository/remote-cache/com/aayushatharva/brotli4j/brotli4j/1.23.0/brotli4j-1.23.0.jar)
[WARNING] [stderr] WARNING: Use --enable-native-access=ALL-UNNAMED to avoid a warning for callers in this module
[WARNING] [stderr] WARNING: Restricted methods will be blocked in a future release unless native access is enabled
[WARNING] [stderr] 
[WARNING] [stderr] 2026-08-02T17:05:17.339-0600	INFO	ForkJoinPool-1-worker-1	io.trino.testing.DistributedQueryRunner	Created DistributedQueryRunner in 1.89s (unclosed instances = 1)
[WARNING] [stderr] 2026-08-02T17:05:24.728-0600	INFO	ForkJoinPool-1-worker-1	stdout	engine,suite,query,measurements,min_ms,p50_ms,p95_ms,mean_ms,cpu_p50_ms,cpu_mean_ms,cpu_over_wall,input_mib,input_positions,nitro_source_drivers,native_sources
[WARNING] [stderr] 2026-08-02T17:05:28.285-0600	INFO	ForkJoinPool-1-worker-1	stdout	operator_cpu,trino,0/MergeOperator@1119,1,0.000,0.075,0.000,0,5,5,613.270
[WARNING] [stderr] 2026-08-02T17:05:28.285-0600	INFO	ForkJoinPool-1-worker-1	stdout	operator_cpu,trino,0/TaskOutputOperator@53,1,0.038,0.000,0.001,0,5,5,0.000
[WARNING] [stderr] 2026-08-02T17:05:28.285-0600	INFO	ForkJoinPool-1-worker-1	stdout	operator_cpu,trino,1/ExchangeOperator@1118,2,0.000,0.031,0.000,0,5,5,1228.790
[WARNING] [stderr] 2026-08-02T17:05:28.285-0600	INFO	ForkJoinPool-1-worker-1	stdout	operator_cpu,trino,1/LocalMergeSourceOperator@1395,2,0.000,0.063,0.000,0,5,5,613.010
[WARNING] [stderr] 2026-08-02T17:05:28.285-0600	INFO	ForkJoinPool-1-worker-1	stdout	operator_cpu,trino,1/LocalExchangeSinkOperator@1395,2,0.006,0.000,0.016,0,5,5,0.000
[WARNING] [stderr] 2026-08-02T17:05:28.285-0600	INFO	ForkJoinPool-1-worker-1	stdout	operator_cpu,trino,1/OrderByOperator@1120,2,0.030,0.034,0.068,0,5,5,0.000
[WARNING] [stderr] 2026-08-02T17:05:28.285-0600	INFO	ForkJoinPool-1-worker-1	stdout	operator_cpu,trino,1/TaskOutputOperator@1395,2,0.035,0.000,0.002,0,5,5,0.000
[WARNING] [stderr] 2026-08-02T17:05:28.285-0600	INFO	ForkJoinPool-1-worker-1	stdout	operator_cpu,trino,2/ExchangeOperator@1479,2,0.000,0.408,0.000,0,90,90,961.880
[WARNING] [stderr] 2026-08-02T17:05:28.285-0600	INFO	ForkJoinPool-1-worker-1	stdout	operator_cpu,trino,2/LocalExchangeSourceOperator@1473,2,0.000,0.054,0.000,0,90,90,1139.680
[WARNING] [stderr] 2026-08-02T17:05:28.285-0600	INFO	ForkJoinPool-1-worker-1	stdout	operator_cpu,trino,2/TaskOutputOperator@45,2,0.111,0.000,0.002,0,5,5,0.000
[WARNING] [stderr] 2026-08-02T17:05:28.285-0600	INFO	ForkJoinPool-1-worker-1	stdout	operator_cpu,trino,2/LocalExchangeSinkOperator@1473,2,0.178,0.000,0.031,0,90,90,0.000
[WARNING] [stderr] 2026-08-02T17:05:28.285-0600	INFO	ForkJoinPool-1-worker-1	stdout	operator_cpu,trino,2/HashAggregationOperator@45,2,0.530,0.117,0.028,0,90,5,0.000
[WARNING] [stderr] 2026-08-02T17:05:28.285-0600	INFO	ForkJoinPool-1-worker-1	stdout	operator_cpu,trino,3/ExchangeOperator@1115,2,0.000,11.750,0.000,0,913542,913542,395.170
[WARNING] [stderr] 2026-08-02T17:05:28.285-0600	INFO	ForkJoinPool-1-worker-1	stdout	operator_cpu,trino,3/LocalExchangeSourceOperator@1392,2,0.000,3.200,0.000,0,913542,913542,442.900
[WARNING] [stderr] 2026-08-02T17:05:28.285-0600	INFO	ForkJoinPool-1-worker-1	stdout	operator_cpu,trino,3/ExchangeOperator@1116,2,0.000,0.277,0.000,0,200000,200000,21.310
[WARNING] [stderr] 2026-08-02T17:05:28.285-0600	INFO	ForkJoinPool-1-worker-1	stdout	operator_cpu,trino,3/ScanFilterAndProjectOperator@1230,19,0.000,1320.140,0.000,59986052,59986052,59986052,0.000
[WARNING] [stderr] 2026-08-02T17:05:28.285-0600	INFO	ForkJoinPool-1-worker-1	stdout	operator_cpu,trino,3/PartitionedOutputOperator@1477,19,0.833,0.000,0.967,0,90,90,0.000
[WARNING] [stderr] 2026-08-02T17:05:28.286-0600	INFO	ForkJoinPool-1-worker-1	stdout	operator_cpu,trino,3/FilterAndProjectOperator@162,19,3.070,14.800,0.809,0,72985,72985,0.000
[WARNING] [stderr] 2026-08-02T17:05:28.286-0600	INFO	ForkJoinPool-1-worker-1	stdout	operator_cpu,trino,3/LookupJoinOperator@964,19,3.860,852.970,0.016,0,59986052,1825856,2420.000
[WARNING] [stderr] 2026-08-02T17:05:28.286-0600	INFO	ForkJoinPool-1-worker-1	stdout	operator_cpu,trino,3/DynamicFilterSourceOperator@965,2,3.630,0.034,0.207,0,200000,200000,0.000
[WARNING] [stderr] 2026-08-02T17:05:28.286-0600	INFO	ForkJoinPool-1-worker-1	stdout	operator_cpu,trino,3/LocalExchangeSinkOperator@1393,2,0.056,0.000,0.028,0,200000,200000,0.000
[WARNING] [stderr] 2026-08-02T17:05:28.286-0600	INFO	ForkJoinPool-1-worker-1	stdout	operator_cpu,trino,3/LocalExchangeSinkOperator@1392,2,4.470,0.000,0.116,0,913542,913542,0.000
[WARNING] [stderr] 2026-08-02T17:05:28.286-0600	INFO	ForkJoinPool-1-worker-1	stdout	operator_cpu,trino,3/DynamicFilterSourceOperator@964,2,5.420,1.985,0.004,0,913542,913542,0.000
[WARNING] [stderr] 2026-08-02T17:05:28.286-0600	INFO	ForkJoinPool-1-worker-1	stdout	operator_cpu,trino,3/HashAggregationOperator@1477,19,5.050,3.090,0.130,0,72985,90,0.000
[WARNING] [stderr] 2026-08-02T17:05:28.286-0600	INFO	ForkJoinPool-1-worker-1	stdout	operator_cpu,trino,3/LookupJoinOperator@965,19,4.300,78.300,0.005,0,1825856,72985,144.620
[WARNING] [stderr] 2026-08-02T17:05:28.286-0600	INFO	ForkJoinPool-1-worker-1	stdout	operator_cpu,trino,3/HashBuilderOperator@965,2,0.436,0.000,8.440,0,200000,200000,1140.680
[WARNING] [stderr] 2026-08-02T17:05:28.286-0600	INFO	ForkJoinPool-1-worker-1	stdout	operator_cpu,trino,3/LocalExchangeSourceOperator@1393,2,0.000,0.053,0.000,0,200000,200000,28.980
[WARNING] [stderr] 2026-08-02T17:05:28.286-0600	INFO	ForkJoinPool-1-worker-1	stdout	operator_cpu,trino,3/HashBuilderOperator@964,2,5.640,0.000,14.060,0,913542,913542,346.570
[WARNING] [stderr] 2026-08-02T17:05:28.286-0600	INFO	ForkJoinPool-1-worker-1	stdout	operator_cpu,trino,4/ExchangeOperator@1114,2,0.000,2.330,0.000,0,600540,600540,93.810
[WARNING] [stderr] 2026-08-02T17:05:28.286-0600	INFO	ForkJoinPool-1-worker-1	stdout	operator_cpu,trino,4/LocalExchangeSourceOperator@1391,2,0.000,0.479,0.000,0,600540,600540,88.090
[WARNING] [stderr] 2026-08-02T17:05:28.286-0600	INFO	ForkJoinPool-1-worker-1	stdout	operator_cpu,trino,4/ScanFilterAndProjectOperator@1244,6,0.000,307.890,0.000,15000000,15000000,2275919,0.000
[WARNING] [stderr] 2026-08-02T17:05:28.286-0600	INFO	ForkJoinPool-1-worker-1	stdout	operator_cpu,trino,4/TaskOutputOperator@959,6,13.340,0.000,0.010,0,456771,456771,0.000
[WARNING] [stderr] 2026-08-02T17:05:28.286-0600	INFO	ForkJoinPool-1-worker-1	stdout	operator_cpu,trino,4/LookupJoinOperator@959,6,0.861,144.570,0.004,0,2275919,456771,328.300
[WARNING] [stderr] 2026-08-02T17:05:28.286-0600	INFO	ForkJoinPool-1-worker-1	stdout	operator_cpu,trino,4/HashBuilderOperator@959,2,1.971,0.000,7.820,0,600540,600540,346.980
[WARNING] [stderr] 2026-08-02T17:05:28.286-0600	INFO	ForkJoinPool-1-worker-1	stdout	operator_cpu,trino,4/LocalExchangeSinkOperator@1391,2,0.616,0.000,0.046,0,600540,600540,0.000
[WARNING] [stderr] 2026-08-02T17:05:28.286-0600	INFO	ForkJoinPool-1-worker-1	stdout	operator_cpu,trino,4/DynamicFilterSourceOperator@959,2,5.830,0.270,0.006,0,600540,600540,0.000
[WARNING] [stderr] 2026-08-02T17:05:28.286-0600	INFO	ForkJoinPool-1-worker-1	stdout	operator_cpu,trino,8/TableScanOperator@20,1,0.000,1.350,0.000,100000,100000,100000,0.000
[WARNING] [stderr] 2026-08-02T17:05:28.286-0600	INFO	ForkJoinPool-1-worker-1	stdout	operator_cpu,trino,8/TaskOutputOperator@20,1,0.179,0.000,0.001,0,100000,100000,0.000
[WARNING] [stderr] 2026-08-02T17:05:28.286-0600	INFO	ForkJoinPool-1-worker-1	stdout	operator_cpu,trino,5/ExchangeOperator@1113,2,0.000,0.036,0.000,0,10,10,14.810
[WARNING] [stderr] 2026-08-02T17:05:28.286-0600	INFO	ForkJoinPool-1-worker-1	stdout	operator_cpu,trino,5/LocalExchangeSourceOperator@1390,2,0.000,0.004,0.000,0,10,10,22.880
[WARNING] [stderr] 2026-08-02T17:05:28.286-0600	INFO	ForkJoinPool-1-worker-1	stdout	operator_cpu,trino,5/ScanFilterAndProjectOperator@1234,3,0.000,16.060,0.000,1500000,1500000,1500000,0.000
[WARNING] [stderr] 2026-08-02T17:05:28.287-0600	INFO	ForkJoinPool-1-worker-1	stdout	operator_cpu,trino,5/TaskOutputOperator@954,3,3.260,0.000,0.004,0,300270,300270,0.000
[WARNING] [stderr] 2026-08-02T17:05:28.287-0600	INFO	ForkJoinPool-1-worker-1	stdout	operator_cpu,trino,5/LookupJoinOperator@954,3,0.089,25.930,0.002,0,1500000,300270,17.630
[WARNING] [stderr] 2026-08-02T17:05:28.287-0600	INFO	ForkJoinPool-1-worker-1	stdout	operator_cpu,trino,5/HashBuilderOperator@954,2,0.010,0.000,0.111,0,10,10,56.670
[WARNING] [stderr] 2026-08-02T17:05:28.287-0600	INFO	ForkJoinPool-1-worker-1	stdout	operator_cpu,trino,5/LocalExchangeSinkOperator@1390,2,0.010,0.000,0.028,0,10,10,0.000
[WARNING] [stderr] 2026-08-02T17:05:28.287-0600	INFO	ForkJoinPool-1-worker-1	stdout	operator_cpu,trino,5/DynamicFilterSourceOperator@954,2,0.004,0.011,0.157,0,10,10,0.000
[WARNING] [stderr] 2026-08-02T17:05:28.287-0600	INFO	ForkJoinPool-1-worker-1	stdout	operator_cpu,trino,6/ExchangeOperator@1112,2,0.000,0.052,0.000,0,2,2,7.400
[WARNING] [stderr] 2026-08-02T17:05:28.287-0600	INFO	ForkJoinPool-1-worker-1	stdout	operator_cpu,trino,6/LocalExchangeSourceOperator@1389,2,0.000,0.005,0.000,0,2,2,10.170
[WARNING] [stderr] 2026-08-02T17:05:28.287-0600	INFO	ForkJoinPool-1-worker-1	stdout	operator_cpu,trino,6/ScanFilterAndProjectOperator@1236,1,0.000,0.442,0.000,25,25,25,0.000
[WARNING] [stderr] 2026-08-02T17:05:28.287-0600	INFO	ForkJoinPool-1-worker-1	stdout	operator_cpu,trino,6/TaskOutputOperator@888,1,0.078,0.000,0.001,0,5,5,0.000
[WARNING] [stderr] 2026-08-02T17:05:28.287-0600	INFO	ForkJoinPool-1-worker-1	stdout	operator_cpu,trino,6/LookupJoinOperator@888,1,0.002,0.021,0.001,0,25,5,3.670
[WARNING] [stderr] 2026-08-02T17:05:28.287-0600	INFO	ForkJoinPool-1-worker-1	stdout	operator_cpu,trino,6/HashBuilderOperator@888,2,0.012,0.000,0.106,0,2,2,0.000
[WARNING] [stderr] 2026-08-02T17:05:28.287-0600	INFO	ForkJoinPool-1-worker-1	stdout	operator_cpu,trino,6/LocalExchangeSinkOperator@1389,2,0.015,0.000,0.027,0,2,2,0.000
[WARNING] [stderr] 2026-08-02T17:05:28.287-0600	INFO	ForkJoinPool-1-worker-1	stdout	operator_cpu,trino,6/DynamicFilterSourceOperator@888,2,0.005,0.013,0.173,0,2,2,0.000
[WARNING] [stderr] 2026-08-02T17:05:28.287-0600	INFO	ForkJoinPool-1-worker-1	stdout	operator_cpu,trino,7/ScanFilterAndProjectOperator@539,1,0.000,0.677,0.000,5,5,1,0.000
[WARNING] [stderr] 2026-08-02T17:05:28.287-0600	INFO	ForkJoinPool-1-worker-1	stdout	operator_cpu,trino,7/TaskOutputOperator@539,1,0.033,0.000,0.001,0,1,1,0.000
[WARNING] [stderr] 2026-08-02T17:05:28.962-0600	INFO	ForkJoinPool-1-worker-1	stdout	operator_cpu,trino,0/MergeOperator@1119,1,0.000,0.072,0.000,0,5,5,599.220
[WARNING] [stderr] 2026-08-02T17:05:28.963-0600	INFO	ForkJoinPool-1-worker-1	stdout	operator_cpu,trino,0/TaskOutputOperator@53,1,0.038,0.000,0.001,0,5,5,0.000
[WARNING] [stderr] 2026-08-02T17:05:28.963-0600	INFO	ForkJoinPool-1-worker-1	stdout	operator_cpu,trino,1/ExchangeOperator@1118,2,0.000,0.041,0.000,0,5,5,1209.910
[WARNING] [stderr] 2026-08-02T17:05:28.963-0600	INFO	ForkJoinPool-1-worker-1	stdout	operator_cpu,trino,1/LocalMergeSourceOperator@1395,2,0.000,0.072,0.000,0,5,5,1210.410
[WARNING] [stderr] 2026-08-02T17:05:28.963-0600	INFO	ForkJoinPool-1-worker-1	stdout	operator_cpu,trino,1/LocalExchangeSinkOperator@1395,2,0.012,0.000,0.019,0,5,5,0.000
[WARNING] [stderr] 2026-08-02T17:05:28.963-0600	INFO	ForkJoinPool-1-worker-1	stdout	operator_cpu,trino,1/OrderByOperator@1120,2,0.034,0.043,0.066,0,5,5,0.000
[WARNING] [stderr] 2026-08-02T17:05:28.963-0600	INFO	ForkJoinPool-1-worker-1	stdout	operator_cpu,trino,1/TaskOutputOperator@1395,2,0.036,0.000,0.002,0,5,5,0.000
[WARNING] [stderr] 2026-08-02T17:05:28.963-0600	INFO	ForkJoinPool-1-worker-1	stdout	operator_cpu,trino,2/ExchangeOperator@1479,2,0.000,0.257,0.000,0,90,90,1198.310
[WARNING] [stderr] 2026-08-02T17:05:28.963-0600	INFO	ForkJoinPool-1-worker-1	stdout	operator_cpu,trino,2/LocalExchangeSourceOperator@1473,2,0.000,0.039,0.000,0,90,90,1207.160
[WARNING] [stderr] 2026-08-02T17:05:28.963-0600	INFO	ForkJoinPool-1-worker-1	stdout	operator_cpu,trino,2/TaskOutputOperator@45,2,0.122,0.000,0.002,0,5,5,0.000
[WARNING] [stderr] 2026-08-02T17:05:28.963-0600	INFO	ForkJoinPool-1-worker-1	stdout	operator_cpu,trino,2/LocalExchangeSinkOperator@1473,2,0.096,0.000,0.030,0,90,90,0.000
[WARNING] [stderr] 2026-08-02T17:05:28.963-0600	INFO	ForkJoinPool-1-worker-1	stdout	operator_cpu,trino,2/HashAggregationOperator@45,2,0.483,0.125,0.031,0,90,5,0.000
[WARNING] [stderr] 2026-08-02T17:05:28.963-0600	INFO	ForkJoinPool-1-worker-1	stdout	operator_cpu,trino,3/ExchangeOperator@1115,2,0.000,10.090,0.000,0,913542,913542,403.800
[WARNING] [stderr] 2026-08-02T17:05:28.963-0600	INFO	ForkJoinPool-1-worker-1	stdout	operator_cpu,trino,3/LocalExchangeSourceOperator@1392,2,0.000,3.180,0.000,0,913542,913542,434.570
[WARNING] [stderr] 2026-08-02T17:05:28.963-0600	INFO	ForkJoinPool-1-worker-1	stdout	operator_cpu,trino,3/ExchangeOperator@1116,2,0.000,0.249,0.000,0,200000,200000,16.720
[WARNING] [stderr] 2026-08-02T17:05:28.963-0600	INFO	ForkJoinPool-1-worker-1	stdout	operator_cpu,trino,3/ScanFilterAndProjectOperator@1230,19,0.000,1348.400,0.000,59986052,59986052,59986052,0.000
[WARNING] [stderr] 2026-08-02T17:05:28.963-0600	INFO	ForkJoinPool-1-worker-1	stdout	operator_cpu,trino,3/PartitionedOutputOperator@1477,19,0.617,0.000,0.532,0,90,90,0.000
[WARNING] [stderr] 2026-08-02T17:05:28.963-0600	INFO	ForkJoinPool-1-worker-1	stdout	operator_cpu,trino,3/FilterAndProjectOperator@162,19,3.070,16.310,0.716,0,72985,72985,0.000
[WARNING] [stderr] 2026-08-02T17:05:28.963-0600	INFO	ForkJoinPool-1-worker-1	stdout	operator_cpu,trino,3/LookupJoinOperator@964,19,3.820,866.460,0.013,0,59986052,1825856,1570.760
[WARNING] [stderr] 2026-08-02T17:05:28.963-0600	INFO	ForkJoinPool-1-worker-1	stdout	operator_cpu,trino,3/DynamicFilterSourceOperator@965,2,3.640,0.033,0.207,0,200000,200000,0.000
[WARNING] [stderr] 2026-08-02T17:05:28.963-0600	INFO	ForkJoinPool-1-worker-1	stdout	operator_cpu,trino,3/LocalExchangeSinkOperator@1393,2,0.043,0.000,0.022,0,200000,200000,0.000
[WARNING] [stderr] 2026-08-02T17:05:28.963-0600	INFO	ForkJoinPool-1-worker-1	stdout	operator_cpu,trino,3/LocalExchangeSinkOperator@1392,2,4.310,0.000,0.110,0,913542,913542,0.000
[WARNING] [stderr] 2026-08-02T17:05:28.963-0600	INFO	ForkJoinPool-1-worker-1	stdout	operator_cpu,trino,3/DynamicFilterSourceOperator@964,2,5.140,1.868,0.003,0,913542,913542,0.000
[WARNING] [stderr] 2026-08-02T17:05:28.963-0600	INFO	ForkJoinPool-1-worker-1	stdout	operator_cpu,trino,3/HashAggregationOperator@1477,19,4.050,3.090,0.089,0,72985,90,0.000
[WARNING] [stderr] 2026-08-02T17:05:28.963-0600	INFO	ForkJoinPool-1-worker-1	stdout	operator_cpu,trino,3/LookupJoinOperator@965,19,4.220,78.290,0.005,0,1825856,72985,87.850
[WARNING] [stderr] 2026-08-02T17:05:28.963-0600	INFO	ForkJoinPool-1-worker-1	stdout	operator_cpu,trino,3/HashBuilderOperator@965,2,0.424,0.000,8.640,0,200000,200000,1127.440
[WARNING] [stderr] 2026-08-02T17:05:28.963-0600	INFO	ForkJoinPool-1-worker-1	stdout	operator_cpu,trino,3/LocalExchangeSourceOperator@1393,2,0.000,0.047,0.000,0,200000,200000,15.160
[WARNING] [stderr] 2026-08-02T17:05:28.963-0600	INFO	ForkJoinPool-1-worker-1	stdout	operator_cpu,trino,3/HashBuilderOperator@964,2,5.570,0.000,13.870,0,913542,913542,331.010
[WARNING] [stderr] 2026-08-02T17:05:28.963-0600	INFO	ForkJoinPool-1-worker-1	stdout	operator_cpu,trino,4/ExchangeOperator@1114,2,0.000,2.230,0.000,0,600540,600540,87.640
[WARNING] [stderr] 2026-08-02T17:05:28.964-0600	INFO	ForkJoinPool-1-worker-1	stdout	operator_cpu,trino,4/LocalExchangeSourceOperator@1391,2,0.000,0.420,0.000,0,600540,600540,96.150
[WARNING] [stderr] 2026-08-02T17:05:28.964-0600	INFO	ForkJoinPool-1-worker-1	stdout	operator_cpu,trino,4/ScanFilterAndProjectOperator@1244,6,0.000,305.850,0.000,15000000,15000000,2275919,0.000
[WARNING] [stderr] 2026-08-02T17:05:28.964-0600	INFO	ForkJoinPool-1-worker-1	stdout	operator_cpu,trino,4/TaskOutputOperator@959,6,13.130,0.000,0.011,0,456771,456771,0.000
[WARNING] [stderr] 2026-08-02T17:05:28.964-0600	INFO	ForkJoinPool-1-worker-1	stdout	operator_cpu,trino,4/LookupJoinOperator@959,6,0.876,141.220,0.004,0,2275919,456771,310.700
[WARNING] [stderr] 2026-08-02T17:05:28.964-0600	INFO	ForkJoinPool-1-worker-1	stdout	operator_cpu,trino,4/HashBuilderOperator@959,2,1.948,0.000,6.640,0,600540,600540,325.420
[WARNING] [stderr] 2026-08-02T17:05:28.964-0600	INFO	ForkJoinPool-1-worker-1	stdout	operator_cpu,trino,4/LocalExchangeSinkOperator@1391,2,0.788,0.000,0.047,0,600540,600540,0.000
[WARNING] [stderr] 2026-08-02T17:05:28.964-0600	INFO	ForkJoinPool-1-worker-1	stdout	operator_cpu,trino,4/DynamicFilterSourceOperator@959,2,3.640,0.297,0.003,0,600540,600540,0.000
[WARNING] [stderr] 2026-08-02T17:05:28.964-0600	INFO	ForkJoinPool-1-worker-1	stdout	operator_cpu,trino,8/TableScanOperator@20,1,0.000,1.310,0.000,100000,100000,100000,0.000
[WARNING] [stderr] 2026-08-02T17:05:28.964-0600	INFO	ForkJoinPool-1-worker-1	stdout	operator_cpu,trino,8/TaskOutputOperator@20,1,0.146,0.000,0.001,0,100000,100000,0.000
[WARNING] [stderr] 2026-08-02T17:05:28.964-0600	INFO	ForkJoinPool-1-worker-1	stdout	operator_cpu,trino,5/ExchangeOperator@1113,2,0.000,0.037,0.000,0,10,10,22.470
[WARNING] [stderr] 2026-08-02T17:05:28.964-0600	INFO	ForkJoinPool-1-worker-1	stdout	operator_cpu,trino,5/LocalExchangeSourceOperator@1390,2,0.000,0.007,0.000,0,10,10,24.110
[WARNING] [stderr] 2026-08-02T17:05:28.964-0600	INFO	ForkJoinPool-1-worker-1	stdout	operator_cpu,trino,5/ScanFilterAndProjectOperator@1234,3,0.000,16.220,0.000,1500000,1500000,1500000,0.000
[WARNING] [stderr] 2026-08-02T17:05:28.964-0600	INFO	ForkJoinPool-1-worker-1	stdout	operator_cpu,trino,5/TaskOutputOperator@954,3,9.080,0.000,0.005,0,300270,300270,0.000
[WARNING] [stderr] 2026-08-02T17:05:28.964-0600	INFO	ForkJoinPool-1-worker-1	stdout	operator_cpu,trino,5/LookupJoinOperator@954,3,0.096,26.060,0.002,0,1500000,300270,26.090
[WARNING] [stderr] 2026-08-02T17:05:28.964-0600	INFO	ForkJoinPool-1-worker-1	stdout	operator_cpu,trino,5/HashBuilderOperator@954,2,0.007,0.000,0.120,0,10,10,60.240
[WARNING] [stderr] 2026-08-02T17:05:28.964-0600	INFO	ForkJoinPool-1-worker-1	stdout	operator_cpu,trino,5/LocalExchangeSinkOperator@1390,2,0.014,0.000,0.017,0,10,10,0.000
[WARNING] [stderr] 2026-08-02T17:05:28.964-0600	INFO	ForkJoinPool-1-worker-1	stdout	operator_cpu,trino,5/DynamicFilterSourceOperator@954,2,0.003,0.011,0.218,0,10,10,0.000
[WARNING] [stderr] 2026-08-02T17:05:28.964-0600	INFO	ForkJoinPool-1-worker-1	stdout	operator_cpu,trino,6/ExchangeOperator@1112,1,0.000,0.016,0.000,0,1,1,2.730
[WARNING] [stderr] 2026-08-02T17:05:28.964-0600	INFO	ForkJoinPool-1-worker-1	stdout	operator_cpu,trino,6/LocalExchangeSourceOperator@1389,1,0.000,0.002,0.000,0,1,1,5.850
[WARNING] [stderr] 2026-08-02T17:05:28.964-0600	INFO	ForkJoinPool-1-worker-1	stdout	operator_cpu,trino,6/ScanFilterAndProjectOperator@1236,1,0.000,0.464,0.000,25,25,25,0.000
[WARNING] [stderr] 2026-08-02T17:05:28.964-0600	INFO	ForkJoinPool-1-worker-1	stdout	operator_cpu,trino,6/TaskOutputOperator@888,1,0.067,0.000,0.001,0,5,5,0.000
[WARNING] [stderr] 2026-08-02T17:05:28.964-0600	INFO	ForkJoinPool-1-worker-1	stdout	operator_cpu,trino,6/LookupJoinOperator@888,1,0.001,0.024,0.001,0,25,5,0.000
[WARNING] [stderr] 2026-08-02T17:05:28.964-0600	INFO	ForkJoinPool-1-worker-1	stdout	operator_cpu,trino,6/HashBuilderOperator@888,1,0.008,0.000,0.064,0,1,1,0.739
[WARNING] [stderr] 2026-08-02T17:05:28.964-0600	INFO	ForkJoinPool-1-worker-1	stdout	operator_cpu,trino,6/LocalExchangeSinkOperator@1389,1,0.005,0.000,0.011,0,1,1,0.000
[WARNING] [stderr] 2026-08-02T17:05:28.964-0600	INFO	ForkJoinPool-1-worker-1	stdout	operator_cpu,trino,6/DynamicFilterSourceOperator@888,1,0.003,0.006,0.096,0,1,1,0.000
[WARNING] [stderr] 2026-08-02T17:05:28.964-0600	INFO	ForkJoinPool-1-worker-1	stdout	operator_cpu,trino,7/ScanFilterAndProjectOperator@539,1,0.000,0.604,0.000,5,5,1,0.000
[WARNING] [stderr] 2026-08-02T17:05:28.964-0600	INFO	ForkJoinPool-1-worker-1	stdout	operator_cpu,trino,7/TaskOutputOperator@539,1,0.040,0.000,0.001,0,1,1,0.000
[WARNING] [stderr] 2026-08-02T17:05:29.679-0600	INFO	ForkJoinPool-1-worker-1	stdout	operator_cpu,trino,0/MergeOperator@1119,1,0.000,0.072,0.000,0,5,5,648.460
[WARNING] [stderr] 2026-08-02T17:05:29.679-0600	INFO	ForkJoinPool-1-worker-1	stdout	operator_cpu,trino,0/TaskOutputOperator@53,1,0.035,0.000,0.001,0,5,5,0.000
[WARNING] [stderr] 2026-08-02T17:05:29.679-0600	INFO	ForkJoinPool-1-worker-1	stdout	operator_cpu,trino,1/ExchangeOperator@1118,2,0.000,0.027,0.000,0,5,5,1294.040
[WARNING] [stderr] 2026-08-02T17:05:29.679-0600	INFO	ForkJoinPool-1-worker-1	stdout	operator_cpu,trino,1/LocalMergeSourceOperator@1395,2,0.000,0.066,0.000,0,5,5,1294.680
[WARNING] [stderr] 2026-08-02T17:05:29.679-0600	INFO	ForkJoinPool-1-worker-1	stdout	operator_cpu,trino,1/LocalExchangeSinkOperator@1395,2,0.006,0.000,0.015,0,5,5,0.000
[WARNING] [stderr] 2026-08-02T17:05:29.679-0600	INFO	ForkJoinPool-1-worker-1	stdout	operator_cpu,trino,1/OrderByOperator@1120,2,0.023,0.028,0.071,0,5,5,0.000
[WARNING] [stderr] 2026-08-02T17:05:29.679-0600	INFO	ForkJoinPool-1-worker-1	stdout	operator_cpu,trino,1/TaskOutputOperator@1395,2,0.033,0.000,0.002,0,5,5,0.000
[WARNING] [stderr] 2026-08-02T17:05:29.679-0600	INFO	ForkJoinPool-1-worker-1	stdout	operator_cpu,trino,2/ExchangeOperator@1479,2,0.000,0.254,0.000,0,90,90,1201.450
[WARNING] [stderr] 2026-08-02T17:05:29.679-0600	INFO	ForkJoinPool-1-worker-1	stdout	operator_cpu,trino,2/LocalExchangeSourceOperator@1473,2,0.000,0.043,0.000,0,90,90,1290.520
[WARNING] [stderr] 2026-08-02T17:05:29.679-0600	INFO	ForkJoinPool-1-worker-1	stdout	operator_cpu,trino,2/TaskOutputOperator@45,2,0.107,0.000,0.003,0,5,5,0.000
[WARNING] [stderr] 2026-08-02T17:05:29.680-0600	INFO	ForkJoinPool-1-worker-1	stdout	operator_cpu,trino,2/LocalExchangeSinkOperator@1473,2,0.087,0.000,0.038,0,90,90,0.000
[WARNING] [stderr] 2026-08-02T17:05:29.680-0600	INFO	ForkJoinPool-1-worker-1	stdout	operator_cpu,trino,2/HashAggregationOperator@45,2,0.521,0.112,0.034,0,90,5,0.000
[WARNING] [stderr] 2026-08-02T17:05:29.680-0600	INFO	ForkJoinPool-1-worker-1	stdout	operator_cpu,trino,3/ExchangeOperator@1115,2,0.000,8.950,0.000,0,913542,913542,450.440
[WARNING] [stderr] 2026-08-02T17:05:29.680-0600	INFO	ForkJoinPool-1-worker-1	stdout	operator_cpu,trino,3/LocalExchangeSourceOperator@1392,2,0.000,2.910,0.000,0,913542,913542,487.560
[WARNING] [stderr] 2026-08-02T17:05:29.680-0600	INFO	ForkJoinPool-1-worker-1	stdout	operator_cpu,trino,3/ExchangeOperator@1116,2,0.000,0.223,0.000,0,200000,200000,21.330
[WARNING] [stderr] 2026-08-02T17:05:29.680-0600	INFO	ForkJoinPool-1-worker-1	stdout	operator_cpu,trino,3/ScanFilterAndProjectOperator@1230,19,0.000,1234.160,0.000,59986052,59986052,59986052,0.000
[WARNING] [stderr] 2026-08-02T17:05:29.680-0600	INFO	ForkJoinPool-1-worker-1	stdout	operator_cpu,trino,3/PartitionedOutputOperator@1477,19,0.760,0.000,0.856,0,90,90,0.000
[WARNING] [stderr] 2026-08-02T17:05:29.680-0600	INFO	ForkJoinPool-1-worker-1	stdout	operator_cpu,trino,3/FilterAndProjectOperator@162,19,3.050,14.750,0.862,0,72985,72985,0.000
[WARNING] [stderr] 2026-08-02T17:05:29.680-0600	INFO	ForkJoinPool-1-worker-1	stdout	operator_cpu,trino,3/LookupJoinOperator@964,19,3.690,781.720,0.017,0,59986052,1825856,2329.960
[WARNING] [stderr] 2026-08-02T17:05:29.680-0600	INFO	ForkJoinPool-1-worker-1	stdout	operator_cpu,trino,3/DynamicFilterSourceOperator@965,2,3.670,0.037,0.191,0,200000,200000,0.000
[WARNING] [stderr] 2026-08-02T17:05:29.680-0600	INFO	ForkJoinPool-1-worker-1	stdout	operator_cpu,trino,3/LocalExchangeSinkOperator@1393,2,0.041,0.000,0.026,0,200000,200000,0.000
[WARNING] [stderr] 2026-08-02T17:05:29.680-0600	INFO	ForkJoinPool-1-worker-1	stdout	operator_cpu,trino,3/LocalExchangeSinkOperator@1392,2,3.470,0.000,0.094,0,913542,913542,0.000
[WARNING] [stderr] 2026-08-02T17:05:29.680-0600	INFO	ForkJoinPool-1-worker-1	stdout	operator_cpu,trino,3/DynamicFilterSourceOperator@964,2,5.240,1.782,0.002,0,913542,913542,0.000
[WARNING] [stderr] 2026-08-02T17:05:29.680-0600	INFO	ForkJoinPool-1-worker-1	stdout	operator_cpu,trino,3/HashAggregationOperator@1477,19,4.370,3.180,0.151,0,72985,90,0.000
[WARNING] [stderr] 2026-08-02T17:05:29.680-0600	INFO	ForkJoinPool-1-worker-1	stdout	operator_cpu,trino,3/LookupJoinOperator@965,19,4.140,71.790,0.005,0,1825856,72985,66.870
[WARNING] [stderr] 2026-08-02T17:05:29.680-0600	INFO	ForkJoinPool-1-worker-1	stdout	operator_cpu,trino,3/HashBuilderOperator@965,2,0.361,0.000,7.240,0,200000,200000,1130.690
[WARNING] [stderr] 2026-08-02T17:05:29.680-0600	INFO	ForkJoinPool-1-worker-1	stdout	operator_cpu,trino,3/LocalExchangeSourceOperator@1393,2,0.000,0.047,0.000,0,200000,200000,27.460
[WARNING] [stderr] 2026-08-02T17:05:29.680-0600	INFO	ForkJoinPool-1-worker-1	stdout	operator_cpu,trino,3/HashBuilderOperator@964,2,5.290,0.000,12.800,0,913542,913542,624.820
[WARNING] [stderr] 2026-08-02T17:05:29.680-0600	INFO	ForkJoinPool-1-worker-1	stdout	operator_cpu,trino,4/ExchangeOperator@1114,2,0.000,1.917,0.000,0,600540,600540,96.980
[WARNING] [stderr] 2026-08-02T17:05:29.680-0600	INFO	ForkJoinPool-1-worker-1	stdout	operator_cpu,trino,4/LocalExchangeSourceOperator@1391,2,0.000,0.396,0.000,0,600540,600540,95.720
[WARNING] [stderr] 2026-08-02T17:05:29.680-0600	INFO	ForkJoinPool-1-worker-1	stdout	operator_cpu,trino,4/ScanFilterAndProjectOperator@1244,6,0.000,318.150,0.000,15000000,15000000,2275919,0.000
[WARNING] [stderr] 2026-08-02T17:05:29.680-0600	INFO	ForkJoinPool-1-worker-1	stdout	operator_cpu,trino,4/TaskOutputOperator@959,6,10.970,0.000,0.011,0,456771,456771,0.000
[WARNING] [stderr] 2026-08-02T17:05:29.680-0600	INFO	ForkJoinPool-1-worker-1	stdout	operator_cpu,trino,4/LookupJoinOperator@959,6,0.827,143.650,0.004,0,2275919,456771,324.830
[WARNING] [stderr] 2026-08-02T17:05:29.680-0600	INFO	ForkJoinPool-1-worker-1	stdout	operator_cpu,trino,4/HashBuilderOperator@959,2,1.878,0.000,6.970,0,600540,600540,302.570
[WARNING] [stderr] 2026-08-02T17:05:29.680-0600	INFO	ForkJoinPool-1-worker-1	stdout	operator_cpu,trino,4/LocalExchangeSinkOperator@1391,2,0.661,0.000,0.064,0,600540,600540,0.000
[WARNING] [stderr] 2026-08-02T17:05:29.680-0600	INFO	ForkJoinPool-1-worker-1	stdout	operator_cpu,trino,4/DynamicFilterSourceOperator@959,2,3.810,0.301,0.004,0,600540,600540,0.000
[WARNING] [stderr] 2026-08-02T17:05:29.680-0600	INFO	ForkJoinPool-1-worker-1	stdout	operator_cpu,trino,8/TableScanOperator@20,1,0.000,1.400,0.000,100000,100000,100000,0.000
[WARNING] [stderr] 2026-08-02T17:05:29.680-0600	INFO	ForkJoinPool-1-worker-1	stdout	operator_cpu,trino,8/TaskOutputOperator@20,1,0.160,0.000,0.001,0,100000,100000,0.000
[WARNING] [stderr] 2026-08-02T17:05:29.680-0600	INFO	ForkJoinPool-1-worker-1	stdout	operator_cpu,trino,5/ExchangeOperator@1113,2,0.000,0.029,0.000,0,10,10,15.630
[WARNING] [stderr] 2026-08-02T17:05:29.680-0600	INFO	ForkJoinPool-1-worker-1	stdout	operator_cpu,trino,5/LocalExchangeSourceOperator@1390,2,0.000,0.020,0.000,0,10,10,21.120
[WARNING] [stderr] 2026-08-02T17:05:29.680-0600	INFO	ForkJoinPool-1-worker-1	stdout	operator_cpu,trino,5/ScanFilterAndProjectOperator@1234,3,0.000,32.230,0.000,1500000,1500000,665913,0.000
[WARNING] [stderr] 2026-08-02T17:05:29.680-0600	INFO	ForkJoinPool-1-worker-1	stdout	operator_cpu,trino,5/TaskOutputOperator@954,3,1.695,0.000,0.004,0,300270,300270,0.000
[WARNING] [stderr] 2026-08-02T17:05:29.680-0600	INFO	ForkJoinPool-1-worker-1	stdout	operator_cpu,trino,5/LookupJoinOperator@954,3,0.087,13.260,0.002,0,665913,300270,15.960
[WARNING] [stderr] 2026-08-02T17:05:29.680-0600	INFO	ForkJoinPool-1-worker-1	stdout	operator_cpu,trino,5/HashBuilderOperator@954,2,0.009,0.000,0.131,0,10,10,61.380
[WARNING] [stderr] 2026-08-02T17:05:29.680-0600	INFO	ForkJoinPool-1-worker-1	stdout	operator_cpu,trino,5/LocalExchangeSinkOperator@1390,2,0.011,0.000,0.009,0,10,10,0.000
[WARNING] [stderr] 2026-08-02T17:05:29.681-0600	INFO	ForkJoinPool-1-worker-1	stdout	operator_cpu,trino,5/DynamicFilterSourceOperator@954,2,0.003,0.009,0.155,0,10,10,0.000
[WARNING] [stderr] 2026-08-02T17:05:29.681-0600	INFO	ForkJoinPool-1-worker-1	stdout	operator_cpu,trino,6/ExchangeOperator@1112,1,0.000,0.015,0.000,0,1,1,6.220
[WARNING] [stderr] 2026-08-02T17:05:29.683-0600	INFO	ForkJoinPool-1-worker-1	stdout	operator_cpu,trino,6/LocalExchangeSourceOperator@1389,1,0.000,0.003,0.000,0,1,1,6.290
[WARNING] [stderr] 2026-08-02T17:05:29.683-0600	INFO	ForkJoinPool-1-worker-1	stdout	operator_cpu,trino,6/ScanFilterAndProjectOperator@1236,1,0.000,0.449,0.000,25,25,25,0.000
[WARNING] [stderr] 2026-08-02T17:05:29.683-0600	INFO	ForkJoinPool-1-worker-1	stdout	operator_cpu,trino,6/TaskOutputOperator@888,1,0.056,0.000,0.001,0,5,5,0.000
[WARNING] [stderr] 2026-08-02T17:05:29.683-0600	INFO	ForkJoinPool-1-worker-1	stdout	operator_cpu,trino,6/LookupJoinOperator@888,1,0.001,0.024,0.001,0,25,5,1.690
[WARNING] [stderr] 2026-08-02T17:05:29.683-0600	INFO	ForkJoinPool-1-worker-1	stdout	operator_cpu,trino,6/HashBuilderOperator@888,1,0.027,0.000,0.106,0,1,1,0.590
[WARNING] [stderr] 2026-08-02T17:05:29.683-0600	INFO	ForkJoinPool-1-worker-1	stdout	operator_cpu,trino,6/LocalExchangeSinkOperator@1389,1,0.004,0.000,0.013,0,1,1,0.000
[WARNING] [stderr] 2026-08-02T17:05:29.683-0600	INFO	ForkJoinPool-1-worker-1	stdout	operator_cpu,trino,6/DynamicFilterSourceOperator@888,1,0.011,0.006,0.104,0,1,1,0.000
[WARNING] [stderr] 2026-08-02T17:05:29.683-0600	INFO	ForkJoinPool-1-worker-1	stdout	operator_cpu,trino,7/ScanFilterAndProjectOperator@539,1,0.000,0.488,0.000,5,5,1,0.000
[WARNING] [stderr] 2026-08-02T17:05:29.684-0600	INFO	ForkJoinPool-1-worker-1	stdout	operator_cpu,trino,7/TaskOutputOperator@539,1,0.021,0.000,0.002,0,1,1,0.000
[WARNING] [stderr] 2026-08-02T17:05:30.374-0600	INFO	ForkJoinPool-1-worker-1	stdout	operator_cpu,trino,0/MergeOperator@1119,1,0.000,0.078,0.000,0,5,5,625.710
[WARNING] [stderr] 2026-08-02T17:05:30.374-0600	INFO	ForkJoinPool-1-worker-1	stdout	operator_cpu,trino,0/TaskOutputOperator@53,1,0.034,0.000,0.002,0,5,5,0.000
[WARNING] [stderr] 2026-08-02T17:05:30.375-0600	INFO	ForkJoinPool-1-worker-1	stdout	operator_cpu,trino,1/ExchangeOperator@1118,2,0.000,0.028,0.000,0,5,5,1248.300
[WARNING] [stderr] 2026-08-02T17:05:30.375-0600	INFO	ForkJoinPool-1-worker-1	stdout	operator_cpu,trino,1/LocalMergeSourceOperator@1395,2,0.000,0.065,0.000,0,5,5,1247.110
[WARNING] [stderr] 2026-08-02T17:05:30.375-0600	INFO	ForkJoinPool-1-worker-1	stdout	operator_cpu,trino,1/LocalExchangeSinkOperator@1395,2,0.006,0.000,0.015,0,5,5,0.000
[WARNING] [stderr] 2026-08-02T17:05:30.375-0600	INFO	ForkJoinPool-1-worker-1	stdout	operator_cpu,trino,1/OrderByOperator@1120,2,0.051,0.033,0.244,0,5,5,0.000
[WARNING] [stderr] 2026-08-02T17:05:30.375-0600	INFO	ForkJoinPool-1-worker-1	stdout	operator_cpu,trino,1/TaskOutputOperator@1395,2,0.038,0.000,0.002,0,5,5,0.000
[WARNING] [stderr] 2026-08-02T17:05:30.375-0600	INFO	ForkJoinPool-1-worker-1	stdout	operator_cpu,trino,2/ExchangeOperator@1479,2,0.000,0.277,0.000,0,90,90,1067.670
[WARNING] [stderr] 2026-08-02T17:05:30.375-0600	INFO	ForkJoinPool-1-worker-1	stdout	operator_cpu,trino,2/LocalExchangeSourceOperator@1473,2,0.000,0.050,0.000,0,90,90,1243.760
[WARNING] [stderr] 2026-08-02T17:05:30.375-0600	INFO	ForkJoinPool-1-worker-1	stdout	operator_cpu,trino,2/TaskOutputOperator@45,2,0.112,0.000,0.003,0,5,5,0.000
[WARNING] [stderr] 2026-08-02T17:05:30.375-0600	INFO	ForkJoinPool-1-worker-1	stdout	operator_cpu,trino,2/LocalExchangeSinkOperator@1473,2,0.086,0.000,0.028,0,90,90,0.000
[WARNING] [stderr] 2026-08-02T17:05:30.375-0600	INFO	ForkJoinPool-1-worker-1	stdout	operator_cpu,trino,2/HashAggregationOperator@45,2,0.411,0.103,0.033,0,90,5,0.000
[WARNING] [stderr] 2026-08-02T17:05:30.375-0600	INFO	ForkJoinPool-1-worker-1	stdout	operator_cpu,trino,3/ExchangeOperator@1115,2,0.000,10.170,0.000,0,913542,913542,410.440
[WARNING] [stderr] 2026-08-02T17:05:30.375-0600	INFO	ForkJoinPool-1-worker-1	stdout	operator_cpu,trino,3/LocalExchangeSourceOperator@1392,2,0.000,3.010,0.000,0,913542,913542,457.620
[WARNING] [stderr] 2026-08-02T17:05:30.375-0600	INFO	ForkJoinPool-1-worker-1	stdout	operator_cpu,trino,3/ExchangeOperator@1116,2,0.000,0.246,0.000,0,200000,200000,20.060
[WARNING] [stderr] 2026-08-02T17:05:30.375-0600	INFO	ForkJoinPool-1-worker-1	stdout	operator_cpu,trino,3/ScanFilterAndProjectOperator@1230,19,0.000,1308.990,0.000,59986052,59986052,59986052,0.000
[WARNING] [stderr] 2026-08-02T17:05:30.375-0600	INFO	ForkJoinPool-1-worker-1	stdout	operator_cpu,trino,3/PartitionedOutputOperator@1477,19,0.551,0.000,0.777,0,90,90,0.000
[WARNING] [stderr] 2026-08-02T17:05:30.375-0600	INFO	ForkJoinPool-1-worker-1	stdout	operator_cpu,trino,3/FilterAndProjectOperator@162,19,3.080,14.350,0.645,0,72985,72985,0.000
[WARNING] [stderr] 2026-08-02T17:05:30.375-0600	INFO	ForkJoinPool-1-worker-1	stdout	operator_cpu,trino,3/LookupJoinOperator@964,19,3.790,837.970,0.014,0,59986052,1825856,2650.000
[WARNING] [stderr] 2026-08-02T17:05:30.375-0600	INFO	ForkJoinPool-1-worker-1	stdout	operator_cpu,trino,3/DynamicFilterSourceOperator@965,2,3.700,0.038,0.210,0,200000,200000,0.000
[WARNING] [stderr] 2026-08-02T17:05:30.375-0600	INFO	ForkJoinPool-1-worker-1	stdout	operator_cpu,trino,3/LocalExchangeSinkOperator@1393,2,0.043,0.000,0.014,0,200000,200000,0.000
[WARNING] [stderr] 2026-08-02T17:05:30.375-0600	INFO	ForkJoinPool-1-worker-1	stdout	operator_cpu,trino,3/LocalExchangeSinkOperator@1392,2,4.110,0.000,0.129,0,913542,913542,0.000
[WARNING] [stderr] 2026-08-02T17:05:30.375-0600	INFO	ForkJoinPool-1-worker-1	stdout	operator_cpu,trino,3/DynamicFilterSourceOperator@964,2,5.140,1.975,0.003,0,913542,913542,0.000
[WARNING] [stderr] 2026-08-02T17:05:30.375-0600	INFO	ForkJoinPool-1-worker-1	stdout	operator_cpu,trino,3/HashAggregationOperator@1477,19,4.160,3.030,0.089,0,72985,90,0.000
[WARNING] [stderr] 2026-08-02T17:05:30.375-0600	INFO	ForkJoinPool-1-worker-1	stdout	operator_cpu,trino,3/LookupJoinOperator@965,19,4.200,75.770,0.005,0,1825856,72985,84.070
[WARNING] [stderr] 2026-08-02T17:05:30.375-0600	INFO	ForkJoinPool-1-worker-1	stdout	operator_cpu,trino,3/HashBuilderOperator@965,2,0.395,0.000,3.790,0,200000,200000,1190.100
[WARNING] [stderr] 2026-08-02T17:05:30.375-0600	INFO	ForkJoinPool-1-worker-1	stdout	operator_cpu,trino,3/LocalExchangeSourceOperator@1393,2,0.000,0.057,0.000,0,200000,200000,19.170
[WARNING] [stderr] 2026-08-02T17:05:30.375-0600	INFO	ForkJoinPool-1-worker-1	stdout	operator_cpu,trino,3/HashBuilderOperator@964,2,5.240,0.000,12.440,0,913542,913542,714.580
[WARNING] [stderr] 2026-08-02T17:05:30.375-0600	INFO	ForkJoinPool-1-worker-1	stdout	operator_cpu,trino,4/ExchangeOperator@1114,2,0.000,1.885,0.000,0,600540,600540,86.040
[WARNING] [stderr] 2026-08-02T17:05:30.375-0600	INFO	ForkJoinPool-1-worker-1	stdout	operator_cpu,trino,4/LocalExchangeSourceOperator@1391,2,0.000,0.391,0.000,0,600540,600540,81.420
[WARNING] [stderr] 2026-08-02T17:05:30.375-0600	INFO	ForkJoinPool-1-worker-1	stdout	operator_cpu,trino,4/ScanFilterAndProjectOperator@1244,6,0.000,308.700,0.000,15000000,15000000,2275919,0.000
[WARNING] [stderr] 2026-08-02T17:05:30.375-0600	INFO	ForkJoinPool-1-worker-1	stdout	operator_cpu,trino,4/TaskOutputOperator@959,6,10.510,0.000,0.010,0,456771,456771,0.000
[WARNING] [stderr] 2026-08-02T17:05:30.375-0600	INFO	ForkJoinPool-1-worker-1	stdout	operator_cpu,trino,4/LookupJoinOperator@959,6,0.861,139.280,0.004,0,2275919,456771,289.290
[WARNING] [stderr] 2026-08-02T17:05:30.375-0600	INFO	ForkJoinPool-1-worker-1	stdout	operator_cpu,trino,4/HashBuilderOperator@959,2,1.721,0.000,6.740,0,600540,600540,350.450
[WARNING] [stderr] 2026-08-02T17:05:30.375-0600	INFO	ForkJoinPool-1-worker-1	stdout	operator_cpu,trino,4/LocalExchangeSinkOperator@1391,2,0.565,0.000,0.053,0,600540,600540,0.000
[WARNING] [stderr] 2026-08-02T17:05:30.375-0600	INFO	ForkJoinPool-1-worker-1	stdout	operator_cpu,trino,4/DynamicFilterSourceOperator@959,2,3.680,0.266,0.005,0,600540,600540,0.000
[WARNING] [stderr] 2026-08-02T17:05:30.375-0600	INFO	ForkJoinPool-1-worker-1	stdout	operator_cpu,trino,8/TableScanOperator@20,1,0.000,1.310,0.000,100000,100000,100000,0.000
[WARNING] [stderr] 2026-08-02T17:05:30.375-0600	INFO	ForkJoinPool-1-worker-1	stdout	operator_cpu,trino,8/TaskOutputOperator@20,1,0.144,0.000,0.001,0,100000,100000,0.000
[WARNING] [stderr] 2026-08-02T17:05:30.375-0600	INFO	ForkJoinPool-1-worker-1	stdout	operator_cpu,trino,5/ExchangeOperator@1113,2,0.000,0.043,0.000,0,10,10,12.120
[WARNING] [stderr] 2026-08-02T17:05:30.375-0600	INFO	ForkJoinPool-1-worker-1	stdout	operator_cpu,trino,5/LocalExchangeSourceOperator@1390,2,0.000,0.005,0.000,0,10,10,17.920
[WARNING] [stderr] 2026-08-02T17:05:30.375-0600	INFO	ForkJoinPool-1-worker-1	stdout	operator_cpu,trino,5/ScanFilterAndProjectOperator@1234,3,0.000,15.830,0.000,1500000,1500000,1500000,0.000
[WARNING] [stderr] 2026-08-02T17:05:30.375-0600	INFO	ForkJoinPool-1-worker-1	stdout	operator_cpu,trino,5/TaskOutputOperator@954,3,3.050,0.000,0.005,0,300270,300270,0.000
[WARNING] [stderr] 2026-08-02T17:05:30.375-0600	INFO	ForkJoinPool-1-worker-1	stdout	operator_cpu,trino,5/LookupJoinOperator@954,3,0.091,26.260,0.002,0,1500000,300270,17.900
[WARNING] [stderr] 2026-08-02T17:05:30.375-0600	INFO	ForkJoinPool-1-worker-1	stdout	operator_cpu,trino,5/HashBuilderOperator@954,2,0.011,0.000,0.111,0,10,10,52.960
[WARNING] [stderr] 2026-08-02T17:05:30.375-0600	INFO	ForkJoinPool-1-worker-1	stdout	operator_cpu,trino,5/LocalExchangeSinkOperator@1390,2,0.010,0.000,0.022,0,10,10,0.000
[WARNING] [stderr] 2026-08-02T17:05:30.376-0600	INFO	ForkJoinPool-1-worker-1	stdout	operator_cpu,trino,5/DynamicFilterSourceOperator@954,2,0.003,0.011,0.211,0,10,10,0.000
[WARNING] [stderr] 2026-08-02T17:05:30.376-0600	INFO	ForkJoinPool-1-worker-1	stdout	operator_cpu,trino,6/ExchangeOperator@1112,1,0.000,0.017,0.000,0,1,1,6.510
[WARNING] [stderr] 2026-08-02T17:05:30.376-0600	INFO	ForkJoinPool-1-worker-1	stdout	operator_cpu,trino,6/LocalExchangeSourceOperator@1389,1,0.000,0.002,0.000,0,1,1,9.230
[WARNING] [stderr] 2026-08-02T17:05:30.376-0600	INFO	ForkJoinPool-1-worker-1	stdout	operator_cpu,trino,6/ScanFilterAndProjectOperator@1236,1,0.000,0.454,0.000,25,25,25,0.000
[WARNING] [stderr] 2026-08-02T17:05:30.376-0600	INFO	ForkJoinPool-1-worker-1	stdout	operator_cpu,trino,6/TaskOutputOperator@888,1,0.055,0.000,0.001,0,5,5,0.000
[WARNING] [stderr] 2026-08-02T17:05:30.376-0600	INFO	ForkJoinPool-1-worker-1	stdout	operator_cpu,trino,6/LookupJoinOperator@888,1,0.001,0.028,0.001,0,25,5,5.230
[WARNING] [stderr] 2026-08-02T17:05:30.376-0600	INFO	ForkJoinPool-1-worker-1	stdout	operator_cpu,trino,6/HashBuilderOperator@888,1,0.008,0.000,0.070,0,1,1,0.000
[WARNING] [stderr] 2026-08-02T17:05:30.376-0600	INFO	ForkJoinPool-1-worker-1	stdout	operator_cpu,trino,6/LocalExchangeSinkOperator@1389,1,0.004,0.000,0.010,0,1,1,0.000
[WARNING] [stderr] 2026-08-02T17:05:30.376-0600	INFO	ForkJoinPool-1-worker-1	stdout	operator_cpu,trino,6/DynamicFilterSourceOperator@888,1,0.002,0.005,0.154,0,1,1,0.000
[WARNING] [stderr] 2026-08-02T17:05:30.376-0600	INFO	ForkJoinPool-1-worker-1	stdout	operator_cpu,trino,7/ScanFilterAndProjectOperator@539,1,0.000,0.497,0.000,5,5,1,0.000
[WARNING] [stderr] 2026-08-02T17:05:30.376-0600	INFO	ForkJoinPool-1-worker-1	stdout	operator_cpu,trino,7/TaskOutputOperator@539,1,0.047,0.000,0.002,0,1,1,0.000
[WARNING] [stderr] 2026-08-02T17:05:31.032-0600	INFO	ForkJoinPool-1-worker-1	stdout	operator_cpu,trino,0/MergeOperator@1119,1,0.000,0.080,0.000,0,5,5,596.330
[WARNING] [stderr] 2026-08-02T17:05:31.032-0600	INFO	ForkJoinPool-1-worker-1	stdout	operator_cpu,trino,0/TaskOutputOperator@53,1,0.033,0.000,0.002,0,5,5,0.000
[WARNING] [stderr] 2026-08-02T17:05:31.032-0600	INFO	ForkJoinPool-1-worker-1	stdout	operator_cpu,trino,1/ExchangeOperator@1118,2,0.000,0.028,0.000,0,5,5,1185.890
[WARNING] [stderr] 2026-08-02T17:05:31.032-0600	INFO	ForkJoinPool-1-worker-1	stdout	operator_cpu,trino,1/LocalMergeSourceOperator@1395,2,0.000,0.066,0.000,0,5,5,1185.130
[WARNING] [stderr] 2026-08-02T17:05:31.032-0600	INFO	ForkJoinPool-1-worker-1	stdout	operator_cpu,trino,1/LocalExchangeSinkOperator@1395,2,0.005,0.000,0.016,0,5,5,0.000
[WARNING] [stderr] 2026-08-02T17:05:31.032-0600	INFO	ForkJoinPool-1-worker-1	stdout	operator_cpu,trino,1/OrderByOperator@1120,2,0.036,0.034,0.059,0,5,5,0.000
[WARNING] [stderr] 2026-08-02T17:05:31.032-0600	INFO	ForkJoinPool-1-worker-1	stdout	operator_cpu,trino,1/TaskOutputOperator@1395,2,0.033,0.000,0.002,0,5,5,0.000
[WARNING] [stderr] 2026-08-02T17:05:31.032-0600	INFO	ForkJoinPool-1-worker-1	stdout	operator_cpu,trino,2/ExchangeOperator@1479,2,0.000,0.303,0.000,0,90,90,989.970
[WARNING] [stderr] 2026-08-02T17:05:31.032-0600	INFO	ForkJoinPool-1-worker-1	stdout	operator_cpu,trino,2/LocalExchangeSourceOperator@1473,2,0.000,0.048,0.000,0,90,90,1180.290
[WARNING] [stderr] 2026-08-02T17:05:31.032-0600	INFO	ForkJoinPool-1-worker-1	stdout	operator_cpu,trino,2/TaskOutputOperator@45,2,0.091,0.000,0.004,0,5,5,0.000
[WARNING] [stderr] 2026-08-02T17:05:31.032-0600	INFO	ForkJoinPool-1-worker-1	stdout	operator_cpu,trino,2/LocalExchangeSinkOperator@1473,2,0.125,0.000,0.028,0,90,90,0.000
[WARNING] [stderr] 2026-08-02T17:05:31.032-0600	INFO	ForkJoinPool-1-worker-1	stdout	operator_cpu,trino,2/HashAggregationOperator@45,2,0.623,0.109,0.029,0,90,5,0.000
[WARNING] [stderr] 2026-08-02T17:05:31.032-0600	INFO	ForkJoinPool-1-worker-1	stdout	operator_cpu,trino,3/ExchangeOperator@1115,2,0.000,9.750,0.000,0,913542,913542,324.820
[WARNING] [stderr] 2026-08-02T17:05:31.032-0600	INFO	ForkJoinPool-1-worker-1	stdout	operator_cpu,trino,3/LocalExchangeSourceOperator@1392,2,0.000,2.950,0.000,0,913542,913542,356.610
[WARNING] [stderr] 2026-08-02T17:05:31.032-0600	INFO	ForkJoinPool-1-worker-1	stdout	operator_cpu,trino,3/ExchangeOperator@1116,2,0.000,0.229,0.000,0,200000,200000,13.790
[WARNING] [stderr] 2026-08-02T17:05:31.032-0600	INFO	ForkJoinPool-1-worker-1	stdout	operator_cpu,trino,3/ScanFilterAndProjectOperator@1230,19,0.000,1323.740,0.000,59986052,59986052,59986052,0.000
[WARNING] [stderr] 2026-08-02T17:05:31.033-0600	INFO	ForkJoinPool-1-worker-1	stdout	operator_cpu,trino,3/PartitionedOutputOperator@1477,19,0.579,0.000,0.948,0,90,90,0.000
[WARNING] [stderr] 2026-08-02T17:05:31.033-0600	INFO	ForkJoinPool-1-worker-1	stdout	operator_cpu,trino,3/FilterAndProjectOperator@162,19,3.060,14.590,0.626,0,72985,72985,0.000
[WARNING] [stderr] 2026-08-02T17:05:31.033-0600	INFO	ForkJoinPool-1-worker-1	stdout	operator_cpu,trino,3/LookupJoinOperator@964,19,3.850,864.280,0.014,0,59986052,1825856,1504.420
[WARNING] [stderr] 2026-08-02T17:05:31.033-0600	INFO	ForkJoinPool-1-worker-1	stdout	operator_cpu,trino,3/DynamicFilterSourceOperator@965,2,3.590,0.032,0.155,0,200000,200000,0.000
[WARNING] [stderr] 2026-08-02T17:05:31.033-0600	INFO	ForkJoinPool-1-worker-1	stdout	operator_cpu,trino,3/LocalExchangeSinkOperator@1393,2,0.037,0.000,0.012,0,200000,200000,0.000
[WARNING] [stderr] 2026-08-02T17:05:31.033-0600	INFO	ForkJoinPool-1-worker-1	stdout	operator_cpu,trino,3/LocalExchangeSinkOperator@1392,2,3.790,0.000,0.108,0,913542,913542,0.000
[WARNING] [stderr] 2026-08-02T17:05:31.033-0600	INFO	ForkJoinPool-1-worker-1	stdout	operator_cpu,trino,3/DynamicFilterSourceOperator@964,2,5.090,1.855,0.004,0,913542,913542,0.000
[WARNING] [stderr] 2026-08-02T17:05:31.033-0600	INFO	ForkJoinPool-1-worker-1	stdout	operator_cpu,trino,3/HashAggregationOperator@1477,19,4.150,2.900,0.093,0,72985,90,0.000
[WARNING] [stderr] 2026-08-02T17:05:31.033-0600	INFO	ForkJoinPool-1-worker-1	stdout	operator_cpu,trino,3/LookupJoinOperator@965,19,4.200,75.690,0.007,0,1825856,72985,46.840
[WARNING] [stderr] 2026-08-02T17:05:31.033-0600	INFO	ForkJoinPool-1-worker-1	stdout	operator_cpu,trino,3/HashBuilderOperator@965,2,0.335,0.000,2.470,0,200000,200000,1113.100
[WARNING] [stderr] 2026-08-02T17:05:31.033-0600	INFO	ForkJoinPool-1-worker-1	stdout	operator_cpu,trino,3/LocalExchangeSourceOperator@1393,2,0.000,0.049,0.000,0,200000,200000,16.400
[WARNING] [stderr] 2026-08-02T17:05:31.033-0600	INFO	ForkJoinPool-1-worker-1	stdout	operator_cpu,trino,3/HashBuilderOperator@964,2,5.310,0.000,12.710,0,913542,913542,727.270
[WARNING] [stderr] 2026-08-02T17:05:31.033-0600	INFO	ForkJoinPool-1-worker-1	stdout	operator_cpu,trino,4/ExchangeOperator@1114,2,0.000,2.110,0.000,0,600540,600540,87.150
[WARNING] [stderr] 2026-08-02T17:05:31.033-0600	INFO	ForkJoinPool-1-worker-1	stdout	operator_cpu,trino,4/LocalExchangeSourceOperator@1391,2,0.000,0.416,0.000,0,600540,600540,83.860
[WARNING] [stderr] 2026-08-02T17:05:31.033-0600	INFO	ForkJoinPool-1-worker-1	stdout	operator_cpu,trino,4/ScanFilterAndProjectOperator@1244,6,0.000,311.320,0.000,15000000,15000000,2275919,0.000
[WARNING] [stderr] 2026-08-02T17:05:31.033-0600	INFO	ForkJoinPool-1-worker-1	stdout	operator_cpu,trino,4/TaskOutputOperator@959,6,8.180,0.000,0.020,0,456771,456771,0.000
[WARNING] [stderr] 2026-08-02T17:05:31.033-0600	INFO	ForkJoinPool-1-worker-1	stdout	operator_cpu,trino,4/LookupJoinOperator@959,6,0.836,144.630,0.004,0,2275919,456771,288.650
[WARNING] [stderr] 2026-08-02T17:05:31.033-0600	INFO	ForkJoinPool-1-worker-1	stdout	operator_cpu,trino,4/HashBuilderOperator@959,2,1.786,0.000,7.380,0,600540,600540,277.100
[WARNING] [stderr] 2026-08-02T17:05:31.033-0600	INFO	ForkJoinPool-1-worker-1	stdout	operator_cpu,trino,4/LocalExchangeSinkOperator@1391,2,0.692,0.000,0.051,0,600540,600540,0.000
[WARNING] [stderr] 2026-08-02T17:05:31.033-0600	INFO	ForkJoinPool-1-worker-1	stdout	operator_cpu,trino,4/DynamicFilterSourceOperator@959,2,3.600,0.300,0.002,0,600540,600540,0.000
[WARNING] [stderr] 2026-08-02T17:05:31.033-0600	INFO	ForkJoinPool-1-worker-1	stdout	operator_cpu,trino,8/TableScanOperator@20,1,0.000,1.390,0.000,100000,100000,100000,0.000
[WARNING] [stderr] 2026-08-02T17:05:31.033-0600	INFO	ForkJoinPool-1-worker-1	stdout	operator_cpu,trino,8/TaskOutputOperator@20,1,0.122,0.000,0.002,0,100000,100000,0.000
[WARNING] [stderr] 2026-08-02T17:05:31.033-0600	INFO	ForkJoinPool-1-worker-1	stdout	operator_cpu,trino,5/ExchangeOperator@1113,2,0.000,0.041,0.000,0,10,10,23.710
[WARNING] [stderr] 2026-08-02T17:05:31.033-0600	INFO	ForkJoinPool-1-worker-1	stdout	operator_cpu,trino,5/LocalExchangeSourceOperator@1390,2,0.000,0.007,0.000,0,10,10,29.290
[WARNING] [stderr] 2026-08-02T17:05:31.033-0600	INFO	ForkJoinPool-1-worker-1	stdout	operator_cpu,trino,5/ScanFilterAndProjectOperator@1234,3,0.000,16.160,0.000,1500000,1500000,1500000,0.000
[WARNING] [stderr] 2026-08-02T17:05:31.033-0600	INFO	ForkJoinPool-1-worker-1	stdout	operator_cpu,trino,5/TaskOutputOperator@954,3,2.832,0.000,0.008,0,300270,300270,0.000
[WARNING] [stderr] 2026-08-02T17:05:31.033-0600	INFO	ForkJoinPool-1-worker-1	stdout	operator_cpu,trino,5/LookupJoinOperator@954,3,0.087,26.040,0.002,0,1500000,300270,33.250
[WARNING] [stderr] 2026-08-02T17:05:31.033-0600	INFO	ForkJoinPool-1-worker-1	stdout	operator_cpu,trino,5/HashBuilderOperator@954,2,0.009,0.000,0.100,0,10,10,56.510
[WARNING] [stderr] 2026-08-02T17:05:31.033-0600	INFO	ForkJoinPool-1-worker-1	stdout	operator_cpu,trino,5/LocalExchangeSinkOperator@1390,2,0.009,0.000,0.018,0,10,10,0.000
[WARNING] [stderr] 2026-08-02T17:05:31.033-0600	INFO	ForkJoinPool-1-worker-1	stdout	operator_cpu,trino,5/DynamicFilterSourceOperator@954,2,0.003,0.015,0.144,0,10,10,0.000
[WARNING] [stderr] 2026-08-02T17:05:31.033-0600	INFO	ForkJoinPool-1-worker-1	stdout	operator_cpu,trino,6/ExchangeOperator@1112,2,0.000,0.031,0.000,0,2,2,8.550
[WARNING] [stderr] 2026-08-02T17:05:31.033-0600	INFO	ForkJoinPool-1-worker-1	stdout	operator_cpu,trino,6/LocalExchangeSourceOperator@1389,2,0.000,0.005,0.000,0,2,2,14.050
[WARNING] [stderr] 2026-08-02T17:05:31.033-0600	INFO	ForkJoinPool-1-worker-1	stdout	operator_cpu,trino,6/ScanFilterAndProjectOperator@1236,1,0.000,0.476,0.000,25,25,25,0.000
[WARNING] [stderr] 2026-08-02T17:05:31.033-0600	INFO	ForkJoinPool-1-worker-1	stdout	operator_cpu,trino,6/TaskOutputOperator@888,1,0.048,0.000,0.002,0,5,5,0.000
[WARNING] [stderr] 2026-08-02T17:05:31.033-0600	INFO	ForkJoinPool-1-worker-1	stdout	operator_cpu,trino,6/LookupJoinOperator@888,1,0.001,0.022,0.001,0,25,5,2.740
[WARNING] [stderr] 2026-08-02T17:05:31.033-0600	INFO	ForkJoinPool-1-worker-1	stdout	operator_cpu,trino,6/HashBuilderOperator@888,2,0.012,0.000,0.114,0,2,2,1.820
[WARNING] [stderr] 2026-08-02T17:05:31.033-0600	INFO	ForkJoinPool-1-worker-1	stdout	operator_cpu,trino,6/LocalExchangeSinkOperator@1389,2,0.008,0.000,0.022,0,2,2,0.000
[WARNING] [stderr] 2026-08-02T17:05:31.033-0600	INFO	ForkJoinPool-1-worker-1	stdout	operator_cpu,trino,6/DynamicFilterSourceOperator@888,2,0.004,0.011,0.162,0,2,2,0.000
[WARNING] [stderr] 2026-08-02T17:05:31.033-0600	INFO	ForkJoinPool-1-worker-1	stdout	operator_cpu,trino,7/ScanFilterAndProjectOperator@539,1,0.000,0.473,0.000,5,5,1,0.000
[WARNING] [stderr] 2026-08-02T17:05:31.033-0600	INFO	ForkJoinPool-1-worker-1	stdout	operator_cpu,trino,7/TaskOutputOperator@539,1,0.033,0.000,0.002,0,1,1,0.000
[WARNING] [stderr] 2026-08-02T17:05:31.034-0600	INFO	ForkJoinPool-1-worker-1	stdout	trino,tpch-parquet-sf10,q05,5,656.236,689.643,714.626,685.261,2884.000,2851.600,4.1613,744.809,76586082,0,0
[INFO] Tests run: 1, Failures: 0, Errors: 0, Skipped: 0, Time elapsed: 15.90 s -- in io.trino.tests.nitro.TestNitroParquetCountPerformance
[WARNING] [stderr] 2026-08-02T17:05:31.065-0600	INFO	main	io.trino.testing.containers.junit.ReportLeakedContainers	DockerClientFactory not initialized, so there should be no leaked containers, skipping the check
[INFO] 
[INFO] Results:
[INFO] 
[INFO] Tests run: 1, Failures: 0, Errors: 0, Skipped: 0
[INFO] 
[INFO] ------------------------------------------------------------------------
[INFO] BUILD SUCCESS
[INFO] ------------------------------------------------------------------------
[INFO] Total time:  24.523 s (Wall Clock)
[INFO] Finished at: 2026-08-02T23:05:31Z
[INFO] ------------------------------------------------------------------------
[INFO] Njord session closed
