NOTE: Picked up JDK_JAVA_OPTIONS: -XX:+UseG1GC -XX:-HeapDumpOnOutOfMemoryError -XX:ActiveProcessorCount=6 -Dcork.benchmark.task-concurrency=4 -Dcork.benchmark.expected-mode=CPU -Dcork.benchmark.output-directory=/home/martin/src/nitro.opt/benchmarks/trino-integration/20260818-post-encoded-consumers-w15m7-board/raw/cork/tpcds/q30
Aug 18, 2026 8:43:48 PM io.airlift.log.Logger warn
WARNING: No .git ancestor of /home/martin/src/nitro.opt; falling back to user.home (/root) as project root
Aug 18, 2026 8:43:48 PM io.airlift.log.Logger info
INFO: Launching benchmark JVM with -Xms12288m -Xmx12288m
NOTE: Picked up JDK_JAVA_OPTIONS: -XX:+UseG1GC -XX:-HeapDumpOnOutOfMemoryError -XX:ActiveProcessorCount=6 -Dcork.benchmark.task-concurrency=4 -Dcork.benchmark.expected-mode=CPU -Dcork.benchmark.output-directory=/home/martin/src/nitro.opt/benchmarks/trino-integration/20260818-post-encoded-consumers-w15m7-board/raw/cork/tpcds/q30
WARNING: Using incubator modules: jdk.incubator.vector
Aug 18, 2026 8:43:48 PM io.airlift.log.Logger warn
WARNING: No .git ancestor of /home/martin/src/nitro.opt; falling back to user.home (/root) as project root
Aug 18, 2026 8:43:49 PM io.airlift.log.Logger info
INFO: Per-iteration EXPLAIN ANALYZE plans will be written under /home/martin/src/nitro.opt/benchmarks/trino-integration/20260818-post-encoded-consumers-w15m7-board/raw/cork/tpcds/q30/tpcds-sf10/explain
Aug 18, 2026 8:43:49 PM io.airlift.log.Logger info
INFO: Benchmark task concurrency: 4
2026-08-18T20:43:49.330Z	INFO	main	io.airlift.log.Logging	Logging to stderr
2026-08-18T20:43:49.395Z	INFO	main	stderr	SLF4J(W): Class path contains multiple SLF4J providers.
2026-08-18T20:43:49.395Z	INFO	main	stderr	SLF4J(W): Found provider [org.slf4j.jul.JULServiceProvider@58f07f02]
2026-08-18T20:43:49.395Z	INFO	main	stderr	SLF4J(W): Found provider [org.slf4j.nop.NOPServiceProvider@75798d03]
2026-08-18T20:43:49.395Z	INFO	main	stderr	SLF4J(W): See https://www.slf4j.org/codes.html#multiple_bindings for an explanation.
2026-08-18T20:43:49.395Z	INFO	main	stderr	SLF4J(I): Actual provider is of type [org.slf4j.jul.JULServiceProvider@58f07f02]
WARNING: A terminally deprecated method in sun.misc.Unsafe has been called
WARNING: sun.misc.Unsafe::staticFieldBase has been called by com.google.inject.internal.aop.HiddenClassDefiner (file:/root/.m2/repository/remote-cache/com/google/inject/guice/7.0.0/guice-7.0.0-classes.jar)
WARNING: Please consider reporting this to the maintainers of class com.google.inject.internal.aop.HiddenClassDefiner
WARNING: sun.misc.Unsafe::staticFieldBase will be removed in a future release
2026-08-18T20:43:50.273Z	INFO	main	io.trino.simd.BlockEncodingSimdSupport	Detected SIMD Support for architecture=amd64, vectorBitWidth=512: SimdSupport[capabilities=[NULL_BIT_PACKING, COMPRESS_BYTE, EXPAND_BYTE, COMPRESS_SHORT, EXPAND_SHORT, COMPRESS_INT, EXPAND_INT, COMPRESS_LONG, EXPAND_LONG]]
WARNING: A restricted method in java.lang.System has been called
WARNING: java.lang.System::loadLibrary has been called by com.aayushatharva.brotli4j.Brotli4jLoader in an unnamed module (file:/root/.m2/repository/remote-cache/com/aayushatharva/brotli4j/brotli4j/1.23.0/brotli4j-1.23.0.jar)
WARNING: Use --enable-native-access=ALL-UNNAMED to avoid a warning for callers in this module
WARNING: Restricted methods will be blocked in a future release unless native access is enabled

2026-08-18T20:43:51.929Z	INFO	main	io.trino.testing.DistributedQueryRunner	Created DistributedQueryRunner in 2.60s (unclosed instances = 1)
2026-08-18T20:43:51.930Z	INFO	main	io.trino.exchange.ExchangeManagerRegistry	-- Loading exchange manager filesystem --
2026-08-18T20:43:51.975Z	INFO	main	io.trino.exchange.ExchangeManagerRegistry	-- Loaded exchange manager filesystem --
2026-08-18T20:43:52.932Z	INFO	main	io.trino.tests.benchmark.BaseHiveTpcdsWorkload	Reusing existing hive.tpcds.call_center at local:///root/data/tpcds-parquet-sf10/sf10/call_center
2026-08-18T20:43:53.113Z	INFO	main	io.trino.tests.benchmark.BaseHiveTpcdsWorkload	Reusing existing hive.tpcds.catalog_page at local:///root/data/tpcds-parquet-sf10/sf10/catalog_page
2026-08-18T20:43:53.236Z	INFO	main	io.trino.tests.benchmark.BaseHiveTpcdsWorkload	Reusing existing hive.tpcds.catalog_returns at local:///root/data/tpcds-parquet-sf10/sf10/catalog_returns
2026-08-18T20:43:53.344Z	INFO	main	io.trino.tests.benchmark.BaseHiveTpcdsWorkload	Reusing existing hive.tpcds.catalog_sales at local:///root/data/tpcds-parquet-sf10/sf10/catalog_sales
2026-08-18T20:43:53.431Z	INFO	main	io.trino.tests.benchmark.BaseHiveTpcdsWorkload	Reusing existing hive.tpcds.customer at local:///root/data/tpcds-parquet-sf10/sf10/customer
2026-08-18T20:43:53.521Z	INFO	main	io.trino.tests.benchmark.BaseHiveTpcdsWorkload	Reusing existing hive.tpcds.customer_address at local:///root/data/tpcds-parquet-sf10/sf10/customer_address
2026-08-18T20:43:53.604Z	INFO	main	io.trino.tests.benchmark.BaseHiveTpcdsWorkload	Reusing existing hive.tpcds.customer_demographics at local:///root/data/tpcds-parquet-sf10/sf10/customer_demographics
2026-08-18T20:43:53.688Z	INFO	main	io.trino.tests.benchmark.BaseHiveTpcdsWorkload	Reusing existing hive.tpcds.date_dim at local:///root/data/tpcds-parquet-sf10/sf10/date_dim
2026-08-18T20:43:53.758Z	INFO	main	io.trino.tests.benchmark.BaseHiveTpcdsWorkload	Reusing existing hive.tpcds.household_demographics at local:///root/data/tpcds-parquet-sf10/sf10/household_demographics
2026-08-18T20:43:53.829Z	INFO	main	io.trino.tests.benchmark.BaseHiveTpcdsWorkload	Reusing existing hive.tpcds.income_band at local:///root/data/tpcds-parquet-sf10/sf10/income_band
2026-08-18T20:43:53.905Z	INFO	main	io.trino.tests.benchmark.BaseHiveTpcdsWorkload	Reusing existing hive.tpcds.inventory at local:///root/data/tpcds-parquet-sf10/sf10/inventory
2026-08-18T20:43:53.972Z	INFO	main	io.trino.tests.benchmark.BaseHiveTpcdsWorkload	Reusing existing hive.tpcds.item at local:///root/data/tpcds-parquet-sf10/sf10/item
2026-08-18T20:43:54.046Z	INFO	main	io.trino.tests.benchmark.BaseHiveTpcdsWorkload	Reusing existing hive.tpcds.promotion at local:///root/data/tpcds-parquet-sf10/sf10/promotion
2026-08-18T20:43:54.137Z	INFO	main	io.trino.tests.benchmark.BaseHiveTpcdsWorkload	Reusing existing hive.tpcds.reason at local:///root/data/tpcds-parquet-sf10/sf10/reason
2026-08-18T20:43:54.182Z	INFO	main	io.trino.tests.benchmark.BaseHiveTpcdsWorkload	Reusing existing hive.tpcds.ship_mode at local:///root/data/tpcds-parquet-sf10/sf10/ship_mode
2026-08-18T20:43:54.219Z	INFO	main	io.trino.tests.benchmark.BaseHiveTpcdsWorkload	Reusing existing hive.tpcds.store at local:///root/data/tpcds-parquet-sf10/sf10/store
2026-08-18T20:43:54.254Z	INFO	main	io.trino.tests.benchmark.BaseHiveTpcdsWorkload	Reusing existing hive.tpcds.store_returns at local:///root/data/tpcds-parquet-sf10/sf10/store_returns
2026-08-18T20:43:54.288Z	INFO	main	io.trino.tests.benchmark.BaseHiveTpcdsWorkload	Reusing existing hive.tpcds.store_sales at local:///root/data/tpcds-parquet-sf10/sf10/store_sales
2026-08-18T20:43:54.323Z	INFO	main	io.trino.tests.benchmark.BaseHiveTpcdsWorkload	Reusing existing hive.tpcds.time_dim at local:///root/data/tpcds-parquet-sf10/sf10/time_dim
2026-08-18T20:43:54.357Z	INFO	main	io.trino.tests.benchmark.BaseHiveTpcdsWorkload	Reusing existing hive.tpcds.warehouse at local:///root/data/tpcds-parquet-sf10/sf10/warehouse
2026-08-18T20:43:54.388Z	INFO	main	io.trino.tests.benchmark.BaseHiveTpcdsWorkload	Reusing existing hive.tpcds.web_page at local:///root/data/tpcds-parquet-sf10/sf10/web_page
2026-08-18T20:43:54.418Z	INFO	main	io.trino.tests.benchmark.BaseHiveTpcdsWorkload	Reusing existing hive.tpcds.web_returns at local:///root/data/tpcds-parquet-sf10/sf10/web_returns
2026-08-18T20:43:54.449Z	INFO	main	io.trino.tests.benchmark.BaseHiveTpcdsWorkload	Reusing existing hive.tpcds.web_sales at local:///root/data/tpcds-parquet-sf10/sf10/web_sales
2026-08-18T20:43:54.480Z	INFO	main	io.trino.tests.benchmark.BaseHiveTpcdsWorkload	Reusing existing hive.tpcds.web_site at local:///root/data/tpcds-parquet-sf10/sf10/web_site
2026-08-18T20:43:54.480Z	INFO	main	io.trino.tests.benchmark.BenchmarkRunner	Running Trino at http://127.0.0.1:35657 (mode=CPU)
2026-08-18T20:43:54.480Z	INFO	main	io.trino.tests.benchmark.BenchmarkRunner	Running tpcds-sf10 benchmark: 0 suite warmup, 15 warmup, 7 measured runs, reporting average
2026-08-18T20:43:54.480Z	INFO	main	io.trino.tests.benchmark.BenchmarkRunner	Verifying table statistics for 24 table(s): [hive.tpcds.call_center, hive.tpcds.catalog_page, hive.tpcds.catalog_returns, hive.tpcds.catalog_sales, hive.tpcds.customer, hive.tpcds.customer_address, hive.tpcds.customer_demographics, hive.tpcds.date_dim, hive.tpcds.household_demographics, hive.tpcds.income_band, hive.tpcds.inventory, hive.tpcds.item, hive.tpcds.promotion, hive.tpcds.reason, hive.tpcds.ship_mode, hive.tpcds.store, hive.tpcds.store_returns, hive.tpcds.store_sales, hive.tpcds.time_dim, hive.tpcds.warehouse, hive.tpcds.web_page, hive.tpcds.web_returns, hive.tpcds.web_sales, hive.tpcds.web_site]
2026-08-18T20:43:54.549Z	INFO	main	io.trino.tests.benchmark.BenchmarkRunner	  hive.tpcds.call_center: statistics present
2026-08-18T20:43:54.570Z	INFO	main	io.trino.tests.benchmark.BenchmarkRunner	  hive.tpcds.catalog_page: statistics present
2026-08-18T20:43:54.610Z	INFO	main	io.trino.tests.benchmark.BenchmarkRunner	  hive.tpcds.catalog_returns: statistics present
2026-08-18T20:43:54.645Z	INFO	main	io.trino.tests.benchmark.BenchmarkRunner	  hive.tpcds.catalog_sales: statistics present
2026-08-18T20:43:54.668Z	INFO	main	io.trino.tests.benchmark.BenchmarkRunner	  hive.tpcds.customer: statistics present
2026-08-18T20:43:54.683Z	INFO	main	io.trino.tests.benchmark.BenchmarkRunner	  hive.tpcds.customer_address: statistics present
2026-08-18T20:43:54.701Z	INFO	main	io.trino.tests.benchmark.BenchmarkRunner	  hive.tpcds.customer_demographics: statistics present
2026-08-18T20:43:54.728Z	INFO	main	io.trino.tests.benchmark.BenchmarkRunner	  hive.tpcds.date_dim: statistics present
2026-08-18T20:43:54.743Z	INFO	main	io.trino.tests.benchmark.BenchmarkRunner	  hive.tpcds.household_demographics: statistics present
2026-08-18T20:43:54.756Z	INFO	main	io.trino.tests.benchmark.BenchmarkRunner	  hive.tpcds.income_band: statistics present
2026-08-18T20:43:54.768Z	INFO	main	io.trino.tests.benchmark.BenchmarkRunner	  hive.tpcds.inventory: statistics present
2026-08-18T20:43:54.787Z	INFO	main	io.trino.tests.benchmark.BenchmarkRunner	  hive.tpcds.item: statistics present
2026-08-18T20:43:54.803Z	INFO	main	io.trino.tests.benchmark.BenchmarkRunner	  hive.tpcds.promotion: statistics present
2026-08-18T20:43:54.813Z	INFO	main	io.trino.tests.benchmark.BenchmarkRunner	  hive.tpcds.reason: statistics present
2026-08-18T20:43:54.825Z	INFO	main	io.trino.tests.benchmark.BenchmarkRunner	  hive.tpcds.ship_mode: statistics present
2026-08-18T20:43:54.843Z	INFO	main	io.trino.tests.benchmark.BenchmarkRunner	  hive.tpcds.store: statistics present
2026-08-18T20:43:54.859Z	INFO	main	io.trino.tests.benchmark.BenchmarkRunner	  hive.tpcds.store_returns: statistics present
2026-08-18T20:43:54.875Z	INFO	main	io.trino.tests.benchmark.BenchmarkRunner	  hive.tpcds.store_sales: statistics present
2026-08-18T20:43:54.889Z	INFO	main	io.trino.tests.benchmark.BenchmarkRunner	  hive.tpcds.time_dim: statistics present
2026-08-18T20:43:54.902Z	INFO	main	io.trino.tests.benchmark.BenchmarkRunner	  hive.tpcds.warehouse: statistics present
2026-08-18T20:43:54.917Z	INFO	main	io.trino.tests.benchmark.BenchmarkRunner	  hive.tpcds.web_page: statistics present
2026-08-18T20:43:54.931Z	INFO	main	io.trino.tests.benchmark.BenchmarkRunner	  hive.tpcds.web_returns: statistics present
2026-08-18T20:43:54.946Z	INFO	main	io.trino.tests.benchmark.BenchmarkRunner	  hive.tpcds.web_sales: statistics present
2026-08-18T20:43:54.961Z	INFO	main	io.trino.tests.benchmark.BenchmarkRunner	  hive.tpcds.web_site: statistics present
2026-08-18T20:44:00.172Z	INFO	main	io.trino.tests.benchmark.BenchmarkRunner	Average for q30: 154 ms (execution 150 ms, CPU 206 ms, peak memory 45.31MB)
2026-08-18T20:44:00.172Z	INFO	main	io.trino.tests.benchmark.BenchmarkRunner	Sum of averages for all queries: 154 ms (execution 150 ms)
2026-08-18T20:44:00.173Z	INFO	main	io.trino.tests.benchmark.BenchmarkRunner	Wrote per-query timings to /home/martin/src/nitro.opt/benchmarks/trino-integration/20260818-post-encoded-consumers-w15m7-board/raw/cork/tpcds/q30/tpcds-sf10/timings.csv
