[INFO] Processing build on daemon 0240a858
[INFO] Scanning for projects...
[INFO] Njord 0.9.4 session created
[INFO] BuildTimeEventSpy is registered.
[INFO] 
[INFO] Using the SmartBuilder implementation with a thread count of 7
[INFO] 
[INFO] -------------------------< org.weakref:nitro >--------------------------
[INFO] Building nitro 1-SNAPSHOT
[INFO]   from pom.xml
[INFO] --------------------------------[ jar ]---------------------------------
[WARNING] 2 problems were encountered while building the effective model for org.apache.yetus:audience-annotations:jar:0.5.0 during dependency collection step for project (use -X to see details)
[INFO] 
[INFO] --- enforcer:3.6.2:enforce (default) @ nitro ---
[INFO] Rule 0: org.apache.maven.enforcer.rules.dependency.BannedDependencies passed
[INFO] Rule 1: org.apache.maven.enforcer.rules.BanDuplicatePomDependencyVersions passed
[INFO] Rule 2: org.apache.maven.enforcer.rules.dependency.RequireUpperBoundDeps passed
[INFO] Rule 3: org.apache.maven.enforcer.rules.version.RequireMavenVersion passed
[INFO] Rule 4: org.apache.maven.enforcer.rules.version.RequireJavaVersion passed
[INFO] Rule 5: org.codehaus.mojo.extraenforcer.dependencies.EnforceBytecodeVersion passed
[INFO] Rule 6: org.apache.maven.enforcer.rules.RequirePluginVersions passed
[INFO] Rule 7: org.apache.maven.plugins.enforcer.RestrictImports passed
[INFO] Rule 8: org.apache.maven.plugins.enforcer.RestrictImports passed
[INFO] Rule 9: org.apache.maven.plugins.enforcer.RestrictImports passed
[INFO] Rule 10: org.apache.maven.plugins.enforcer.RestrictImports passed
[INFO] Rule 11: org.apache.maven.plugins.enforcer.RestrictImports passed
[INFO] Rule 12: org.apache.maven.plugins.enforcer.RestrictImports passed
[INFO] Rule 13: org.apache.maven.plugins.enforcer.RestrictImports passed
[INFO] Rule 14: org.apache.maven.enforcer.rules.RequireProfileIdsExist passed
[INFO] Rule 15: org.codehaus.mojo.extraenforcer.model.RequirePropertyDiverges passed
[INFO] 
[INFO] --- sortpom:4.0.0:verify (default) @ nitro ---
[INFO] Verifying file /home/martin/src/nitro.opt/pom.xml
[INFO] 
[INFO] --- dependency-scope:1.0.3:check (default) @ nitro ---
[INFO] No test dependency scope issues found
[INFO] 
[INFO] --- license:5.0.0:check (default) @ nitro ---
[INFO] Checking licenses...
[INFO] 
[INFO] --- checkstyle:3.6.0:check (checkstyle) @ nitro ---
[INFO] You have 0 Checkstyle violations.
[INFO] 
[INFO] --- git-commit-id:9.0.2:revision (default) @ nitro ---
[INFO] 
[INFO] --- build-helper:3.6.1:bsh-property (surefire-enable-preview) @ nitro ---
[INFO] 
[INFO] --- jacoco:0.8.14:prepare-agent (default) @ nitro ---
[INFO] argLine set to -javaagent:/root/.m2/repository/org/jacoco/org.jacoco.agent/0.8.14/org.jacoco.agent-0.8.14-runtime.jar=destfile=/home/martin/src/nitro.opt/target/jacoco.exec
[INFO] 
[INFO] --- resources:3.5.0:resources (default-resources) @ nitro ---
[INFO] skip non existing resourceDirectory /home/martin/src/nitro.opt/src/main/resources
[INFO] 
[INFO] --- compiler:3.15.0:compile (default-compile) @ nitro ---
[INFO] Nothing to compile - all classes are up to date.
[INFO] 
[INFO] --- resources:3.5.0:testResources (default-testResources) @ nitro ---
[INFO] Copying 22 resources from src/test/resources to target/test-classes
[INFO] 
[INFO] --- compiler:3.15.0:testCompile (default-testCompile) @ nitro ---
[INFO] Nothing to compile - all classes are up to date.
[INFO] 
[INFO] --- exec:3.6.1:exec (benchmark) @ nitro ---
[WARNING] [stderr] WARNING: Using incubator modules: jdk.incubator.vector
[WARNING] [stderr] WARNING: A terminally deprecated method in sun.misc.Unsafe has been called
[WARNING] [stderr] WARNING: sun.misc.Unsafe::objectFieldOffset has been called by org.openjdk.jmh.util.Utils (file:/root/.m2/repository/org/openjdk/jmh/jmh-core/1.37/jmh-core-1.37.jar)
[WARNING] [stderr] WARNING: Please consider reporting this to the maintainers of class org.openjdk.jmh.util.Utils
[WARNING] [stderr] WARNING: sun.misc.Unsafe::objectFieldOffset will be removed in a future release
[INFO] [stdout] # JMH version: 1.37
[INFO] [stdout] # VM version: JDK 26.0.1, OpenJDK 64-Bit Server VM, 26.0.1+8
[INFO] [stdout] # VM invoker: /opt/java/openjdk/bin/java
[INFO] [stdout] # VM options: --enable-preview --add-modules=jdk.incubator.vector -Dnitro.clickbench.hits.path= -Xmx12g -XX:+UseTransparentHugePages -Dnitro.tpcds.parquet.path=/root/data/tpcds-parquet-sf10
[INFO] [stdout] # Blackhole mode: compiler (auto-detected, use -Djmh.blackhole.autoDetect=false to disable)
[INFO] [stdout] # Warmup: 5 iterations, 1 s each
[INFO] [stdout] # Measurement: 3 iterations, 1 s each
[INFO] [stdout] # Timeout: 30 min per iteration
[INFO] [stdout] # Threads: 1 thread, will synchronize iterations
[INFO] [stdout] # Benchmark mode: Average time, time/op
[INFO] [stdout] # Benchmark: org.weakref.nitro.tpcds.BenchmarkQueries.query51
[INFO] [stdout] 
[INFO] [stdout] # Run progress: 0.00% complete, ETA 00:00:08
[INFO] [stdout] # Fork: 1 of 1
[INFO] [stdout] # Preparing profilers: LinuxPerfAsmProfiler 
[INFO] [stdout] # Profilers consume stdout and stderr from target VM, use -v EXTRA to copy to console
[INFO] [stdout] # Warmup Iteration   1: 5544.444 ms/op
[INFO] [stdout] # Warmup Iteration   2: 3165.909 ms/op
[INFO] [stdout] # Warmup Iteration   3: 2843.643 ms/op
[INFO] [stdout] # Warmup Iteration   4: 1526.940 ms/op
[INFO] [stdout] # Warmup Iteration   5: 1552.413 ms/op
[INFO] [stdout] Iteration   1: 1477.943 ms/op
[INFO] [stdout] Iteration   2: 1539.157 ms/op
[INFO] [stdout] Iteration   3: 1446.959 ms/op
[INFO] [stdout] # Processing profiler results: LinuxPerfAsmProfiler 
[INFO] [stdout] 
[INFO] [stdout] 
[INFO] [stdout] Result "org.weakref.nitro.tpcds.BenchmarkQueries.query51":
[INFO] [stdout]   1488.020 ±(99.9%) 855.953 ms/op [Average]
[INFO] [stdout]   (min, avg, max) = (1446.959, 1488.020, 1539.157), stdev = 46.918
[INFO] [stdout]   CI (99.9%): [632.067, 2343.973] (assumes normal distribution)
[INFO] [stdout] 
[INFO] [stdout] Secondary result "org.weakref.nitro.tpcds.BenchmarkQueries.query51:asm":
[INFO] [stdout] PrintAssembly processed: 443298 total address lines.
[INFO] [stdout] Perf output processed (skipped 16.068 seconds):
[INFO] [stdout]  Column 1: dTLB-load-misses (3331 events)
[INFO] [stdout] 
[INFO] [stdout] WARNING: No hottest code region above the threshold (10.00%) for disassembly.
[INFO] [stdout] Use "hotThreshold" profiler option to lower the filter threshold.
[INFO] [stdout] 
[INFO] [stdout] ....[Hottest Regions]...............................................................................
[INFO] [stdout]    4.92%                    c2, level 4  org.weakref.nitro.operator.FullJoinOperator::materializeOutputColumn, version 11, compile id 3588 
[INFO] [stdout]    4.89%                                 <unknown> 
[INFO] [stdout]    3.45%                    c2, level 4  org.weakref.nitro.operator.WindowOperator::materializeSinglePageWindow, version 6, compile id 2966 
[INFO] [stdout]    3.45%                    c2, level 4  org.weakref.nitro.operator.WindowOperator::materializeSinglePageSourceColumnBatch, version 2, compile id 3252 
[INFO] [stdout]    3.33%                                 <unknown> 
[INFO] [stdout]    3.03%                    c2, level 4  org.weakref.nitro.operator.FullJoinOperator::materializeOutputColumn, version 11, compile id 3588 
[INFO] [stdout]    2.88%                    c2, level 4  org.weakref.nitro.operator.WindowOperator::stableRadixSortColumn, version 8, compile id 2963 
[INFO] [stdout]    2.67%                    c2, level 4  org.weakref.nitro.function.scalar.builtin.CoalesceI64::apply, version 7, compile id 3886 
[INFO] [stdout]    2.64%                    c2, level 4  org.weakref.nitro.operator.WindowOperator::stableRadixSortColumn, version 8, compile id 2963 
[INFO] [stdout]    2.28%                    c2, level 4  org.weakref.nitro.operator.aggregation.Sum::accumulate, version 10, compile id 2188 
[INFO] [stdout]    1.98%                    c2, level 4  org.weakref.nitro.operator.WindowOperator::materializeSinglePageWindow, version 6, compile id 2966 
[INFO] [stdout]    1.92%  snappy9122248789480798979.tmp  [unknown] 
[INFO] [stdout]    1.83%                    c2, level 4  org.weakref.nitro.operator.GroupingState::assignMultiLongGroups, version 2, compile id 3935 
[INFO] [stdout]    1.71%                    c2, level 4  org.weakref.nitro.operator.FullJoinOperator::materializeOutputColumn, version 11, compile id 3588 
[INFO] [stdout]    1.50%                    c2, level 4  org.weakref.nitro.operator.WindowOperator::materializeSinglePageWindow, version 6, compile id 2966 
[INFO] [stdout]    1.44%                    c2, level 4  org.weakref.nitro.parquet.ColumnReader::readSelectedLongs, version 12, compile id 3481 
[INFO] [stdout]    1.41%  snappy9122248789480798979.tmp  [unknown] 
[INFO] [stdout]    1.35%                    c2, level 4  org.weakref.nitro.data.I64Vector$$Lambda.0x000000003e186940::apply, version 2, compile id 3262 
[INFO] [stdout]    1.29%                    c2, level 4  org.weakref.nitro.operator.WindowOperator::materializeSinglePageWindows, version 7, compile id 3726 
[INFO] [stdout]    1.26%                    c2, level 4  org.weakref.nitro.operator.WindowOperator::materializeSinglePageSourceColumnBatch, version 2, compile id 3252 
[INFO] [stdout]    1.20%                    c2, level 4  org.weakref.nitro.parquet.ColumnReader::filterDictLongs, version 4, compile id 3704 
[INFO] [stdout]    1.02%                    c2, level 4  org.weakref.nitro.operator.WindowOperator::stableRadixSortColumn, version 8, compile id 2963 
[INFO] [stdout]    1.02%                    c2, level 4  org.weakref.nitro.operator.WindowOperator::materializeSinglePageWindows, version 7, compile id 3726 
[INFO] [stdout]    0.99%                    c2, level 4  org.weakref.nitro.operator.WindowOperator::materializeSinglePageWindows, version 7, compile id 3726 
[INFO] [stdout]    0.96%                    c2, level 4  org.weakref.nitro.operator.WindowOperator::materializeSinglePageWindow, version 6, compile id 2966 
[INFO] [stdout]    0.90%                      libjvm.so  ElfSymbolTable::lookup(unsigned char*, int*, int*, int*, ElfFuncDescTable*) 
[INFO] [stdout]    0.87%                    c2, level 4  org.weakref.nitro.operator.FullJoinOperator::materializeOutputColumn, version 11, compile id 3588 
[INFO] [stdout]    0.81%                   runtime stub  StubRoutines::Stub Generator jlong_disjoint_arraycopy_stub 
[INFO] [stdout]    0.72%                    c2, level 4  org.weakref.nitro.operator.WindowOperator::materializeSinglePageWindows, version 7, compile id 3726 
[INFO] [stdout]    0.69%              [kernel.kallsyms]  clear_page_erms 
[INFO] [stdout]    0.69%                                 <unknown> 
[INFO] [stdout]    0.66%                    c2, level 4  org.weakref.nitro.operator.AdaptiveLongGroupingTable::rehash, version 4, compile id 2742 
[INFO] [stdout]    0.66%                    c2, level 4  org.weakref.nitro.operator.FullJoinOperator::compareKeys, version 2, compile id 3064 
[INFO] [stdout]    0.66%                    c2, level 4  org.weakref.nitro.operator.FullJoinOperator::compareKeys, version 2, compile id 3064 
[INFO] [stdout]    0.63%                   runtime stub  StubRoutines::Stub Generator arrayof_jbyte_fill_stub 
[INFO] [stdout]    0.51%                    c2, level 4  org.weakref.nitro.operator.FullJoinOperator::compareKeys, version 2, compile id 3064 
[INFO] [stdout]    0.48%              [kernel.kallsyms]  mas_walk 
[INFO] [stdout]    0.45%                    c2, level 4  org.weakref.nitro.operator.GroupingState::assignMultiLongGroups, version 2, compile id 3935 
[INFO] [stdout]    0.45%                    c2, level 4  org.weakref.nitro.operator.FullJoinOperator::compareKeys, version 2, compile id 3064 
[INFO] [stdout]    0.45%                      libjvm.so  acl_CopyRight 
[INFO] [stdout]    0.42%                                 <unknown> 
[INFO] [stdout]    0.39%                   runtime stub  StubRoutines::Stub Generator jlong_disjoint_arraycopy_stub 
[INFO] [stdout]    0.39%                    c2, level 4  org.weakref.nitro.operator.GroupingState::assignMultiLongGroups, version 2, compile id 3935 
[INFO] [stdout]    0.39%                    c2, level 4  org.weakref.nitro.operator.FullJoinOperator::loadSorted, version 6, compile id 3585 
[INFO] [stdout]    0.36%                    c2, level 4  org.weakref.nitro.operator.WindowOperator::materializeSinglePageWindow, version 6, compile id 2966 
[INFO] [stdout]    0.36%                    c2, level 4  org.weakref.nitro.operator.FullJoinOperator::loadSorted, version 6, compile id 3585 
[INFO] [stdout]    0.36%                                 <unknown> 
[INFO] [stdout]    0.33%              [kernel.kallsyms]  entry_SYSCALL_64 
[INFO] [stdout]    0.33%                    c2, level 4  org.weakref.nitro.operator.FullJoinOperator::compareKeys, version 2, compile id 3064 
[INFO] [stdout]    0.33%                    c2, level 4  org.weakref.nitro.operator.FullJoinOperator::compareKeys, version 2, compile id 3064 
[INFO] [stdout]   32.24%  <...other 628 warm regions...>
[INFO] [stdout] ....................................................................................................
[INFO] [stdout]  100.00%  <totals>
[INFO] [stdout] 
[INFO] [stdout] ....[Hottest Methods (after inlining)]..............................................................
[INFO] [stdout]   13.18%                                 <unknown> 
[INFO] [stdout]   11.38%                    c2, level 4  org.weakref.nitro.operator.FullJoinOperator::materializeOutputColumn, version 11, compile id 3588 
[INFO] [stdout]   10.09%                    c2, level 4  org.weakref.nitro.operator.WindowOperator::materializeSinglePageWindow, version 6, compile id 2966 
[INFO] [stdout]    6.54%                    c2, level 4  org.weakref.nitro.operator.WindowOperator::stableRadixSortColumn, version 8, compile id 2963 
[INFO] [stdout]    5.40%                    c2, level 4  org.weakref.nitro.operator.WindowOperator::materializeSinglePageWindows, version 7, compile id 3726 
[INFO] [stdout]    4.71%                    c2, level 4  org.weakref.nitro.operator.WindowOperator::materializeSinglePageSourceColumnBatch, version 2, compile id 3252 
[INFO] [stdout]    4.44%  snappy9122248789480798979.tmp  [unknown] 
[INFO] [stdout]    3.66%                    c2, level 4  org.weakref.nitro.operator.FullJoinOperator::compareKeys, version 2, compile id 3064 
[INFO] [stdout]    2.97%                    c2, level 4  org.weakref.nitro.function.scalar.builtin.CoalesceI64::apply, version 7, compile id 3886 
[INFO] [stdout]    2.88%                    c2, level 4  org.weakref.nitro.operator.GroupingState::assignMultiLongGroups, version 2, compile id 3935 
[INFO] [stdout]    2.28%                    c2, level 4  org.weakref.nitro.operator.aggregation.Sum::accumulate, version 10, compile id 2188 
[INFO] [stdout]    1.80%                    c2, level 4  org.weakref.nitro.parquet.ColumnReader::readSelectedLongs, version 12, compile id 3481 
[INFO] [stdout]    1.59%                    c2, level 4  org.weakref.nitro.operator.FullJoinOperator::loadSorted, version 6, compile id 3585 
[INFO] [stdout]    1.35%                    c2, level 4  org.weakref.nitro.data.I64Vector$$Lambda.0x000000003e186940::apply, version 2, compile id 3262 
[INFO] [stdout]    1.29%                    c2, level 4  org.weakref.nitro.parquet.ColumnReader::filterDictLongs, version 4, compile id 3704 
[INFO] [stdout]    1.20%                   runtime stub  StubRoutines::Stub Generator jlong_disjoint_arraycopy_stub 
[INFO] [stdout]    1.14%              [kernel.kallsyms]  mas_walk 
[INFO] [stdout]    0.90%                      libjvm.so  ElfSymbolTable::lookup(unsigned char*, int*, int*, int*, ElfFuncDescTable*) 
[INFO] [stdout]    0.75%                    c2, level 4  org.weakref.nitro.operator.AdaptiveLongGroupingTable::rehash, version 4, compile id 2742 
[INFO] [stdout]    0.69%              [kernel.kallsyms]  clear_page_erms 
[INFO] [stdout]    0.66%                   runtime stub  StubRoutines::Stub Generator arrayof_jbyte_fill_stub 
[INFO] [stdout]    0.60%               perf-3848793.map  [unknown] 
[INFO] [stdout]    0.51%              [kernel.kallsyms]  handle_mm_fault 
[INFO] [stdout]    0.45%                      libjvm.so  acl_CopyRight 
[INFO] [stdout]    0.42%                      libjvm.so  G1ParScanThreadState::trim_queue_to_threshold(unsigned int) 
[INFO] [stdout]    0.39%                    c2, level 4  org.weakref.nitro.data.Allocator$ContextState::addVectorToPool, version 2, compile id 3322 
[INFO] [stdout]    0.36%                    interpreter  method entry point (kind = zerolocals)  
[INFO] [stdout]    0.36%                    c2, level 4  java.util.IdentityHashMap::resize, version 2, compile id 3297 
[INFO] [stdout]    0.33%              [kernel.kallsyms]  entry_SYSCALL_64 
[INFO] [stdout]    0.33%                    c2, level 4  org.weakref.nitro.operator.WindowOperator::materializeWindowBatch, version 4, compile id 2449 
[INFO] [stdout]    0.30%                      libc.so.6  pthread_mutex_lock 
[INFO] [stdout]    0.27%                      libjvm.so  Symbol::as_klass_external_name() const 
[INFO] [stdout]    0.27%              [kernel.kallsyms]  copy_mc_enhanced_fast_string 
[INFO] [stdout]    0.27%                    c2, level 4  org.weakref.nitro.operator.FullJoinOperator::equalKeys, version 2, compile id 3066 
[INFO] [stdout]    0.24%                   runtime stub  StubRoutines::Stub Generator jbyte_disjoint_arraycopy_stub 
[INFO] [stdout]    0.24%                    c2, level 4  org.weakref.nitro.data.Allocator::allocate, version 2, compile id 2813 
[INFO] [stdout]    0.21%                    c2, level 4  java.util.HashMap::computeIfAbsent, version 5, compile id 3110 
[INFO] [stdout]    0.21%              [kernel.kallsyms]  default_send_IPI_mask_sequence_phys 
[INFO] [stdout]    0.18%                      libjvm.so  PhaseChaitin::Split(unsigned int, ResourceArea*) 
[INFO] [stdout]    0.18%                      libjvm.so  ciObjectFactory::get_metadata(Metadata*) 
[INFO] [stdout]    0.18%                      libjvm.so  Dictionary::find_class(Thread*, Symbol*) 
[INFO] [stdout]    0.18%                      libjvm.so  InstanceKlass::find_method_index(Array<Method*> const*, Symbol const*, Symbol const*, Klass::OverpassLookupMode, Klass::StaticLookupMode, Klass::PrivateLookupMode) [clone .constprop.0] 
[INFO] [stdout]    0.18%                      libc.so.6  [unknown] 
[INFO] [stdout]    0.15%                      libjvm.so  Symbol::decrement_refcount() 
[INFO] [stdout]    0.15%                      libjvm.so  PhaseChaitin::post_allocate_copy_removal() 
[INFO] [stdout]    0.15%                      libjvm.so  PhaseConservativeCoalesce::update_ifg(unsigned int, unsigned int, IndexSet*, IndexSet*) 
[INFO] [stdout]    0.15%                      libc.so.6  __ctype_init 
[INFO] [stdout]    0.12%              [kernel.kallsyms]  get_partial_node.part.0 
[INFO] [stdout]    0.12%              [kernel.kallsyms]  default_send_IPI_allbutself 
[INFO] [stdout]    0.12%                    c2, level 4  org.weakref.nitro.data.SumStateVector::initialize, version 2, compile id 2082 
[INFO] [stdout]   13.45%  <...other 337 warm methods...>
[INFO] [stdout] ....................................................................................................
[INFO] [stdout]  100.00%  <totals>
[INFO] [stdout] 
[INFO] [stdout] ....[Distribution by Source]........................................................................
[INFO] [stdout]   59.77%                    c2, level 4
[INFO] [stdout]   13.18%                               
[INFO] [stdout]    9.10%                      libjvm.so
[INFO] [stdout]    7.27%              [kernel.kallsyms]
[INFO] [stdout]    4.44%  snappy9122248789480798979.tmp
[INFO] [stdout]    2.25%                   runtime stub
[INFO] [stdout]    1.23%                      libc.so.6
[INFO] [stdout]    1.11%                    interpreter
[INFO] [stdout]    0.60%                    c1, level 3
[INFO] [stdout]    0.60%               perf-3848793.map
[INFO] [stdout]    0.15%           ld-linux-x86-64.so.2
[INFO] [stdout]    0.12%                         [vdso]
[INFO] [stdout]    0.06%                    c1, level 1
[INFO] [stdout]    0.06%                       [rfcomm]
[INFO] [stdout]    0.06%               Unknown, level 0
[INFO] [stdout] ....................................................................................................
[INFO] [stdout]  100.00%  <totals>
[INFO] [stdout] 
[INFO] [stdout] 
[INFO] [stdout] 
[INFO] [stdout] # Run complete. Total time: 00:00:22
[INFO] [stdout] 
[INFO] [stdout] REMEMBER: The numbers below are just data. To gain reusable insights, you need to follow up on
[INFO] [stdout] why the numbers are the way they are. Use profilers (see -prof, -lprof), design factorial
[INFO] [stdout] experiments, perform baseline and negative tests that provide experimental control, make sure
[INFO] [stdout] the benchmarking environment is safe on JVM/OS/HW level, ask for reviews from the domain experts.
[INFO] [stdout] Do not assume the numbers tell you what you want them to tell.
[INFO] [stdout] 
[INFO] [stdout] NOTE: Current JVM experimentally supports Compiler Blackholes, and they are in use. Please exercise
[INFO] [stdout] extra caution when trusting the results, look into the generated code to check the benchmark still
[INFO] [stdout] works, and factor in a small probability of new VM bugs. Additionally, while comparisons between
[INFO] [stdout] different JVMs are already problematic, the performance difference caused by different Blackhole
[INFO] [stdout] modes can be very significant. Please make sure you use the consistent Blackhole mode for comparisons.
[INFO] [stdout] 
[INFO] [stdout] Benchmark                     Mode  Cnt     Score     Error  Units
[INFO] [stdout] BenchmarkQueries.query51      avgt    3  1488.020 ± 855.953  ms/op
[INFO] [stdout] BenchmarkQueries.query51:asm  avgt            NaN              ---
[INFO] ------------------------------------------------------------------------
[INFO] BUILD SUCCESS
[INFO] ------------------------------------------------------------------------
[INFO] Total time:  24.991 s (Wall Clock)
[INFO] Finished at: 2026-07-21T06:10:41Z
[INFO] ------------------------------------------------------------------------
[INFO] Njord session closed
