[INFO] Processing build on daemon b503ee79
[INFO] Scanning for projects...
[INFO] Njord 0.9.4 session created
[INFO] BuildTimeEventSpy is registered.
[INFO] 
[INFO] Using the SmartBuilder implementation with a thread count of 7
[INFO] 
[INFO] -------------------------< org.weakref:nitro >--------------------------
[INFO] Building nitro 1-SNAPSHOT
[INFO]   from pom.xml
[INFO] --------------------------------[ jar ]---------------------------------
[WARNING] 2 problems were encountered while building the effective model for org.apache.yetus:audience-annotations:jar:0.5.0 during dependency collection step for project (use -X to see details)
[INFO] 
[INFO] --- exec:3.6.1:exec (benchmark) @ nitro ---
[WARNING] [stderr] WARNING: Using incubator modules: jdk.incubator.vector
[WARNING] [stderr] WARNING: A terminally deprecated method in sun.misc.Unsafe has been called
[WARNING] [stderr] WARNING: sun.misc.Unsafe::objectFieldOffset has been called by org.openjdk.jmh.util.Utils (file:/root/.m2/repository/org/openjdk/jmh/jmh-core/1.37/jmh-core-1.37.jar)
[WARNING] [stderr] WARNING: Please consider reporting this to the maintainers of class org.openjdk.jmh.util.Utils
[WARNING] [stderr] WARNING: sun.misc.Unsafe::objectFieldOffset will be removed in a future release
[INFO] [stdout] # JMH version: 1.37
[INFO] [stdout] # VM version: JDK 26.0.1, OpenJDK 64-Bit Server VM, 26.0.1+8
[INFO] [stdout] # VM invoker: /opt/java/openjdk/bin/java
[INFO] [stdout] # VM options: --enable-preview --add-modules=jdk.incubator.vector -Dnitro.clickbench.hits.path= -Dnitro.clickbench.hits.path=/root/data/clickbench -Dnitro.count.compactState=false -Xmx12g -XX:+UseTransparentHugePages
[INFO] [stdout] # Blackhole mode: compiler (auto-detected, use -Djmh.blackhole.autoDetect=false to disable)
[INFO] [stdout] # Warmup: 5 iterations, 1 s each
[INFO] [stdout] # Measurement: 3 iterations, 1 s each
[INFO] [stdout] # Timeout: 10 min per iteration
[INFO] [stdout] # Threads: 1 thread, will synchronize iterations
[INFO] [stdout] # Benchmark mode: Average time, time/op
[INFO] [stdout] # Benchmark: org.weakref.nitro.clickbench.BenchmarkQueries.query18
[INFO] [stdout] 
[INFO] [stdout] # Run progress: 0.00% complete, ETA 00:00:24
[INFO] [stdout] # Fork: 1 of 3
[INFO] [stdout] # Preparing profilers: LinuxPerfNormProfiler 
[INFO] [stdout] # Profilers consume stderr from target VM, use -v EXTRA to copy to console
[INFO] [stdout] # Warmup Iteration   1: 5674.035 ms/op
[INFO] [stdout] # Warmup Iteration   2: 5168.847 ms/op
[INFO] [stdout] # Warmup Iteration   3: 5145.820 ms/op
[INFO] [stdout] # Warmup Iteration   4: 5065.975 ms/op
[INFO] [stdout] # Warmup Iteration   5: 5001.737 ms/op
[INFO] [stdout] Iteration   1: 5039.813 ms/op
[INFO] [stdout]                  gc.alloc.rate:      234.531 MB/sec
[INFO] [stdout]                  gc.alloc.rate.norm: 1239445608.000 B/op
[INFO] [stdout]                  gc.count:           4.000 counts
[INFO] [stdout]                  gc.time:            25.000 ms
[INFO] [stdout] 
[INFO] [stdout] Iteration   2: 5046.796 ms/op
[INFO] [stdout]                  gc.alloc.rate:      234.208 MB/sec
[INFO] [stdout]                  gc.alloc.rate.norm: 1239453216.000 B/op
[INFO] [stdout]                  gc.count:           1.000 counts
[INFO] [stdout]                  gc.time:            20.000 ms
[INFO] [stdout] 
[INFO] [stdout] Iteration   3: 5067.785 ms/op
[INFO] [stdout]                  gc.alloc.rate:      233.236 MB/sec
[INFO] [stdout]                  gc.alloc.rate.norm: 1239445464.000 B/op
[INFO] [stdout]                  gc.count:           4.000 counts
[INFO] [stdout]                  gc.time:            18.000 ms
[INFO] [stdout] 
[INFO] [stdout] # Processing profiler results: LinuxPerfNormProfiler 
[INFO] [stdout] 
[INFO] [stdout] # Run progress: 33.33% complete, ETA 00:01:23
[INFO] [stdout] # Fork: 2 of 3
[INFO] [stdout] # Preparing profilers: LinuxPerfNormProfiler 
[INFO] [stdout] # Profilers consume stderr from target VM, use -v EXTRA to copy to console
[INFO] [stdout] # Warmup Iteration   1: 5668.052 ms/op
[INFO] [stdout] # Warmup Iteration   2: 5322.187 ms/op
[INFO] [stdout] # Warmup Iteration   3: 5273.134 ms/op
[INFO] [stdout] # Warmup Iteration   4: 5163.618 ms/op
[INFO] [stdout] # Warmup Iteration   5: 5071.230 ms/op
[INFO] [stdout] Iteration   1: 5117.979 ms/op
[INFO] [stdout]                  gc.alloc.rate:      230.948 MB/sec
[INFO] [stdout]                  gc.alloc.rate.norm: 1239445496.000 B/op
[INFO] [stdout]                  gc.count:           4.000 counts
[INFO] [stdout]                  gc.time:            23.000 ms
[INFO] [stdout] 
[INFO] [stdout] Iteration   2: 5075.679 ms/op
[INFO] [stdout]                  gc.alloc.rate:      232.876 MB/sec
[INFO] [stdout]                  gc.alloc.rate.norm: 1239453144.000 B/op
[INFO] [stdout]                  gc.count:           1.000 counts
[INFO] [stdout]                  gc.time:            22.000 ms
[INFO] [stdout] 
[INFO] [stdout] Iteration   3: 5094.147 ms/op
[INFO] [stdout]                  gc.alloc.rate:      232.030 MB/sec
[INFO] [stdout]                  gc.alloc.rate.norm: 1239445464.000 B/op
[INFO] [stdout]                  gc.count:           4.000 counts
[INFO] [stdout]                  gc.time:            22.000 ms
[INFO] [stdout] 
[INFO] [stdout] # Processing profiler results: LinuxPerfNormProfiler 
[INFO] [stdout] 
[INFO] [stdout] # Run progress: 66.67% complete, ETA 00:00:41
[INFO] [stdout] # Fork: 3 of 3
[INFO] [stdout] # Preparing profilers: LinuxPerfNormProfiler 
[INFO] [stdout] # Profilers consume stderr from target VM, use -v EXTRA to copy to console
[INFO] [stdout] # Warmup Iteration   1: 5794.323 ms/op
[INFO] [stdout] # Warmup Iteration   2: 5174.504 ms/op
[INFO] [stdout] # Warmup Iteration   3: 5368.920 ms/op
[INFO] [stdout] # Warmup Iteration   4: 5353.490 ms/op
[INFO] [stdout] # Warmup Iteration   5: 5088.932 ms/op
[INFO] [stdout] Iteration   1: 5052.604 ms/op
[INFO] [stdout]                  gc.alloc.rate:      233.939 MB/sec
[INFO] [stdout]                  gc.alloc.rate.norm: 1239445464.000 B/op
[INFO] [stdout]                  gc.count:           1.000 counts
[INFO] [stdout]                  gc.time:            13.000 ms
[INFO] [stdout] 
[INFO] [stdout] Iteration   2: 5104.086 ms/op
[INFO] [stdout]                  gc.alloc.rate:      231.579 MB/sec
[INFO] [stdout]                  gc.alloc.rate.norm: 1239453056.000 B/op
[INFO] [stdout]                  gc.count:           4.000 counts
[INFO] [stdout]                  gc.time:            26.000 ms
[INFO] [stdout] 
[INFO] [stdout] Iteration   3: 5210.756 ms/op
[INFO] [stdout]                  gc.alloc.rate:      226.838 MB/sec
[INFO] [stdout]                  gc.alloc.rate.norm: 1239445496.000 B/op
[INFO] [stdout]                  gc.count:           1.000 counts
[INFO] [stdout]                  gc.time:            22.000 ms
[INFO] [stdout] 
[INFO] [stdout] # Processing profiler results: LinuxPerfNormProfiler 
[INFO] [stdout] 
[INFO] [stdout] 
[INFO] [stdout] Result "org.weakref.nitro.clickbench.BenchmarkQueries.query18":
[INFO] [stdout]   5089.960 ±(99.9%) 88.248 ms/op [Average]
[INFO] [stdout]   (min, avg, max) = (5039.813, 5089.960, 5210.756), stdev = 52.515
[INFO] [stdout]   CI (99.9%): [5001.712, 5178.209] (assumes normal distribution)
[INFO] [stdout] 
[INFO] [stdout] Secondary result "org.weakref.nitro.clickbench.BenchmarkQueries.query18:CPI":
[INFO] [stdout]   0.317 ±(99.9%) 0.039 clks/insn [Average]
[INFO] [stdout]   (min, avg, max) = (0.315, 0.317, 0.320), stdev = 0.002
[INFO] [stdout]   CI (99.9%): [0.278, 0.356] (assumes normal distribution)
[INFO] [stdout] 
[INFO] [stdout] Secondary result "org.weakref.nitro.clickbench.BenchmarkQueries.query18:IPC":
[INFO] [stdout]   3.154 ±(99.9%) 0.391 insns/clk [Average]
[INFO] [stdout]   (min, avg, max) = (3.130, 3.154, 3.170), stdev = 0.021
[INFO] [stdout]   CI (99.9%): [2.763, 3.544] (assumes normal distribution)
[INFO] [stdout] 
[INFO] [stdout] Secondary result "org.weakref.nitro.clickbench.BenchmarkQueries.query18:L1-dcache-load-misses":
[INFO] [stdout]   480587967.010 ±(99.9%) 31815303.775 #/op [Average]
[INFO] [stdout]   (min, avg, max) = (479160675.532, 480587967.010, 482531787.932), stdev = 1743904.156
[INFO] [stdout]   CI (99.9%): [448772663.235, 512403270.785] (assumes normal distribution)
[INFO] [stdout] 
[INFO] [stdout] Secondary result "org.weakref.nitro.clickbench.BenchmarkQueries.query18:L1-dcache-loads":
[INFO] [stdout]   40155436464.829 ±(99.9%) 441528663.200 #/op [Average]
[INFO] [stdout]   (min, avg, max) = (40131813844.764, 40155436464.829, 40180178358.081), stdev = 24201675.902
[INFO] [stdout]   CI (99.9%): [39713907801.629, 40596965128.029] (assumes normal distribution)
[INFO] [stdout] 
[INFO] [stdout] Secondary result "org.weakref.nitro.clickbench.BenchmarkQueries.query18:branch-misses":
[INFO] [stdout]   143925483.737 ±(99.9%) 24663578.554 #/op [Average]
[INFO] [stdout]   (min, avg, max) = (142686253.236, 143925483.737, 145367198.808), stdev = 1351893.964
[INFO] [stdout]   CI (99.9%): [119261905.183, 168589062.291] (assumes normal distribution)
[INFO] [stdout] 
[INFO] [stdout] Secondary result "org.weakref.nitro.clickbench.BenchmarkQueries.query18:branches":
[INFO] [stdout]   16072345167.402 ±(99.9%) 2774226272.898 #/op [Average]
[INFO] [stdout]   (min, avg, max) = (15970536423.748, 16072345167.402, 16247144287.921), stdev = 152064703.225
[INFO] [stdout]   CI (99.9%): [13298118894.503, 18846571440.300] (assumes normal distribution)
[INFO] [stdout] 
[INFO] [stdout] Secondary result "org.weakref.nitro.clickbench.BenchmarkQueries.query18:cycles":
[INFO] [stdout]   27346803354.059 ±(99.9%) 3151712397.061 #/op [Average]
[INFO] [stdout]   (min, avg, max) = (27147573118.955, 27346803354.059, 27455085515.553), stdev = 172755991.460
[INFO] [stdout]   CI (99.9%): [24195090956.998, 30498515751.120] (assumes normal distribution)
[INFO] [stdout] 
[INFO] [stdout] Secondary result "org.weakref.nitro.clickbench.BenchmarkQueries.query18:dTLB-load-misses":
[INFO] [stdout]   2959339.277 ±(99.9%) 3519495.010 #/op [Average]
[INFO] [stdout]   (min, avg, max) = (2784365.787, 2959339.277, 3166218.479), stdev = 192915.397
[INFO] [stdout]   CI (99.9%): [≈ 0, 6478834.287] (assumes normal distribution)
[INFO] [stdout] 
[INFO] [stdout] Secondary result "org.weakref.nitro.clickbench.BenchmarkQueries.query18:dTLB-loads":
[INFO] [stdout]   25647826.405 ±(99.9%) 35923638.032 #/op [Average]
[INFO] [stdout]   (min, avg, max) = (23582226.212, 25647826.405, 27503615.097), stdev = 1969095.819
[INFO] [stdout]   CI (99.9%): [≈ 0, 61571464.437] (assumes normal distribution)
[INFO] [stdout] 
[INFO] [stdout] Secondary result "org.weakref.nitro.clickbench.BenchmarkQueries.query18:gc.alloc.rate":
[INFO] [stdout]   232.243 ±(99.9%) 3.974 MB/sec [Average]
[INFO] [stdout]   (min, avg, max) = (226.838, 232.243, 234.531), stdev = 2.365
[INFO] [stdout]   CI (99.9%): [228.269, 236.216] (assumes normal distribution)
[INFO] [stdout] 
[INFO] [stdout] Secondary result "org.weakref.nitro.clickbench.BenchmarkQueries.query18:gc.alloc.rate.norm":
[INFO] [stdout]   1239448045.333 ±(99.9%) 6420.043 B/op [Average]
[INFO] [stdout]   (min, avg, max) = (1239445464.000, 1239448045.333, 1239453216.000), stdev = 3820.465
[INFO] [stdout]   CI (99.9%): [1239441625.290, 1239454465.377] (assumes normal distribution)
[INFO] [stdout] 
[INFO] [stdout] Secondary result "org.weakref.nitro.clickbench.BenchmarkQueries.query18:gc.count":
[INFO] [stdout]   24.000 ±(99.9%) 0.001 counts [Sum]
[INFO] [stdout]   (min, avg, max) = (1.000, 2.667, 4.000), stdev = 1.581
[INFO] [stdout]   CI (99.9%): [24.000, 24.000] (assumes normal distribution)
[INFO] [stdout] 
[INFO] [stdout] Secondary result "org.weakref.nitro.clickbench.BenchmarkQueries.query18:gc.time":
[INFO] [stdout]   191.000 ±(99.9%) 0.001 ms [Sum]
[INFO] [stdout]   (min, avg, max) = (13.000, 21.222, 26.000), stdev = 3.898
[INFO] [stdout]   CI (99.9%): [191.000, 191.000] (assumes normal distribution)
[INFO] [stdout] 
[INFO] [stdout] Secondary result "org.weakref.nitro.clickbench.BenchmarkQueries.query18:instructions":
[INFO] [stdout]   86246069221.136 ±(99.9%) 11538775014.903 #/op [Average]
[INFO] [stdout]   (min, avg, max) = (85841888153.888, 86246069221.136, 86974950206.488), stdev = 632479194.419
[INFO] [stdout]   CI (99.9%): [74707294206.233, 97784844236.039] (assumes normal distribution)
[INFO] [stdout] 
[INFO] [stdout] 
[INFO] [stdout] # Run complete. Total time: 00:02:06
[INFO] [stdout] 
[INFO] [stdout] REMEMBER: The numbers below are just data. To gain reusable insights, you need to follow up on
[INFO] [stdout] why the numbers are the way they are. Use profilers (see -prof, -lprof), design factorial
[INFO] [stdout] experiments, perform baseline and negative tests that provide experimental control, make sure
[INFO] [stdout] the benchmarking environment is safe on JVM/OS/HW level, ask for reviews from the domain experts.
[INFO] [stdout] Do not assume the numbers tell you what you want them to tell.
[INFO] [stdout] 
[INFO] [stdout] NOTE: Current JVM experimentally supports Compiler Blackholes, and they are in use. Please exercise
[INFO] [stdout] extra caution when trusting the results, look into the generated code to check the benchmark still
[INFO] [stdout] works, and factor in a small probability of new VM bugs. Additionally, while comparisons between
[INFO] [stdout] different JVMs are already problematic, the performance difference caused by different Blackhole
[INFO] [stdout] modes can be very significant. Please make sure you use the consistent Blackhole mode for comparisons.
[INFO] [stdout] 
[INFO] [stdout] Benchmark                                       Mode  Cnt            Score             Error      Units
[INFO] [stdout] BenchmarkQueries.query18                        avgt    9         5089.960 ±          88.248      ms/op
[INFO] [stdout] BenchmarkQueries.query18:CPI                    avgt    3            0.317 ±           0.039  clks/insn
[INFO] [stdout] BenchmarkQueries.query18:IPC                    avgt    3            3.154 ±           0.391  insns/clk
[INFO] [stdout] BenchmarkQueries.query18:L1-dcache-load-misses  avgt    3    480587967.010 ±    31815303.775       #/op
[INFO] [stdout] BenchmarkQueries.query18:L1-dcache-loads        avgt    3  40155436464.829 ±   441528663.200       #/op
[INFO] [stdout] BenchmarkQueries.query18:branch-misses          avgt    3    143925483.737 ±    24663578.554       #/op
[INFO] [stdout] BenchmarkQueries.query18:branches               avgt    3  16072345167.402 ±  2774226272.898       #/op
[INFO] [stdout] BenchmarkQueries.query18:cycles                 avgt    3  27346803354.059 ±  3151712397.061       #/op
[INFO] [stdout] BenchmarkQueries.query18:dTLB-load-misses       avgt    3      2959339.277 ±     3519495.010       #/op
[INFO] [stdout] BenchmarkQueries.query18:dTLB-loads             avgt    3     25647826.405 ±    35923638.032       #/op
[INFO] [stdout] BenchmarkQueries.query18:gc.alloc.rate          avgt    9          232.243 ±           3.974     MB/sec
[INFO] [stdout] BenchmarkQueries.query18:gc.alloc.rate.norm     avgt    9   1239448045.333 ±        6420.043       B/op
[INFO] [stdout] BenchmarkQueries.query18:gc.count               avgt    9           24.000                       counts
[INFO] [stdout] BenchmarkQueries.query18:gc.time                avgt    9          191.000                           ms
[INFO] [stdout] BenchmarkQueries.query18:instructions           avgt    3  86246069221.136 ± 11538775014.903       #/op
[INFO] [stdout] 
[INFO] [stdout] Benchmark result is saved to benchmarks/sweeps/20260723-targeted/clickbench-q18-next/compact-count-off-reverse-final-3fork.json
[INFO] ------------------------------------------------------------------------
[INFO] BUILD SUCCESS
[INFO] ------------------------------------------------------------------------
[INFO] Total time:  02:07 min (Wall Clock)
[INFO] Finished at: 2026-07-23T13:54:31Z
[INFO] ------------------------------------------------------------------------
[INFO] Njord session closed
Purged 5 log files (log available in /root/.mvnd/purge-2026-07-23.log)
