[INFO] Processing build on daemon 48da55cd
[INFO] Scanning for projects...
[INFO] Njord 0.9.4 session created
[INFO] BuildTimeEventSpy is registered.
[INFO] 
[INFO] Using the SmartBuilder implementation with a thread count of 7
[INFO] 
[INFO] -------------------------< org.weakref:nitro >--------------------------
[INFO] Building nitro 1-SNAPSHOT
[INFO]   from pom.xml
[INFO] --------------------------------[ jar ]---------------------------------
[WARNING] 2 problems were encountered while building the effective model for org.apache.yetus:audience-annotations:jar:0.5.0 during dependency collection step for project (use -X to see details)
[INFO] 
[INFO] --- exec:3.6.1:exec (benchmark) @ nitro ---
[WARNING] [stderr] WARNING: Using incubator modules: jdk.incubator.vector
[WARNING] [stderr] WARNING: A terminally deprecated method in sun.misc.Unsafe has been called
[WARNING] [stderr] WARNING: sun.misc.Unsafe::objectFieldOffset has been called by org.openjdk.jmh.util.Utils (file:/root/.m2/repository/org/openjdk/jmh/jmh-core/1.37/jmh-core-1.37.jar)
[WARNING] [stderr] WARNING: Please consider reporting this to the maintainers of class org.openjdk.jmh.util.Utils
[WARNING] [stderr] WARNING: sun.misc.Unsafe::objectFieldOffset will be removed in a future release
[INFO] [stdout] # JMH version: 1.37
[INFO] [stdout] # VM version: JDK 26.0.1, OpenJDK 64-Bit Server VM, 26.0.1+8
[INFO] [stdout] # VM invoker: /opt/java/openjdk/bin/java
[INFO] [stdout] # VM options: --enable-preview --add-modules=jdk.incubator.vector -Dnitro.clickbench.hits.path= -Xms8g -Xmx12g -XX:+AlwaysPreTouch -XX:+UseTransparentHugePages -Dnitro.tpcds.parquet.path=/root/data/tpcds-parquet-sf10 -Dnitro.group.adaptiveLongLoadFactor=0.5
[INFO] [stdout] # Blackhole mode: compiler (auto-detected, use -Djmh.blackhole.autoDetect=false to disable)
[INFO] [stdout] # Warmup: 5 iterations, 1 s each
[INFO] [stdout] # Measurement: 5 iterations, 1 s each
[INFO] [stdout] # Timeout: 30 min per iteration
[INFO] [stdout] # Threads: 1 thread, will synchronize iterations
[INFO] [stdout] # Benchmark mode: Average time, time/op
[INFO] [stdout] # Benchmark: org.weakref.nitro.tpcds.BenchmarkQueries.query97
[INFO] [stdout] 
[INFO] [stdout] # Run progress: 0.00% complete, ETA 00:00:10
[INFO] [stdout] # Fork: 1 of 1
[INFO] [stdout] # Preparing profilers: LinuxPerfNormProfiler 
[INFO] [stdout] # Profilers consume stderr from target VM, use -v EXTRA to copy to console
[INFO] [stdout] # Warmup Iteration   1: 2346.865 ms/op
[INFO] [stdout] # Warmup Iteration   2: 1363.722 ms/op
[INFO] [stdout] # Warmup Iteration   3: 1289.940 ms/op
[INFO] [stdout] # Warmup Iteration   4: 1298.940 ms/op
[INFO] [stdout] # Warmup Iteration   5: 1284.717 ms/op
[INFO] [stdout] Iteration   1: 1304.006 ms/op
[INFO] [stdout]                  gc.alloc.rate:      745.774 MB/sec
[INFO] [stdout]                  gc.alloc.rate.norm: 1019832456.000 B/op
[INFO] [stdout]                  gc.count:           ≈ 0 counts
[INFO] [stdout] 
[INFO] [stdout] Iteration   2: 1294.399 ms/op
[INFO] [stdout]                  gc.alloc.rate:      751.462 MB/sec
[INFO] [stdout]                  gc.alloc.rate.norm: 1020044712.000 B/op
[INFO] [stdout]                  gc.count:           1.000 counts
[INFO] [stdout]                  gc.time:            8.000 ms
[INFO] [stdout] 
[INFO] [stdout] Iteration   3: 1281.031 ms/op
[INFO] [stdout]                  gc.alloc.rate:      762.072 MB/sec
[INFO] [stdout]                  gc.alloc.rate.norm: 1023783800.000 B/op
[INFO] [stdout]                  gc.count:           ≈ 0 counts
[INFO] [stdout] 
[INFO] [stdout] Iteration   4: 1312.751 ms/op
[INFO] [stdout]                  gc.alloc.rate:      744.033 MB/sec
[INFO] [stdout]                  gc.alloc.rate.norm: 1024282504.000 B/op
[INFO] [stdout]                  gc.count:           ≈ 0 counts
[INFO] [stdout] 
[INFO] [stdout] Iteration   5: 1283.925 ms/op
[INFO] [stdout]                  gc.alloc.rate:      760.758 MB/sec
[INFO] [stdout]                  gc.alloc.rate.norm: 1024313960.000 B/op
[INFO] [stdout]                  gc.count:           ≈ 0 counts
[INFO] [stdout] 
[INFO] [stdout] # Processing profiler results: LinuxPerfNormProfiler 
[INFO] [stdout] 
[INFO] [stdout] 
[INFO] [stdout] Result "org.weakref.nitro.tpcds.BenchmarkQueries.query97":
[INFO] [stdout]   1295.223 ±(99.9%) 51.449 ms/op [Average]
[INFO] [stdout]   (min, avg, max) = (1281.031, 1295.223, 1312.751), stdev = 13.361
[INFO] [stdout]   CI (99.9%): [1243.774, 1346.672] (assumes normal distribution)
[INFO] [stdout] 
[INFO] [stdout] Secondary result "org.weakref.nitro.tpcds.BenchmarkQueries.query97:CPI":
[INFO] [stdout]   0.351 clks/insn
[INFO] [stdout] 
[INFO] [stdout] Secondary result "org.weakref.nitro.tpcds.BenchmarkQueries.query97:IPC":
[INFO] [stdout]   2.847 insns/clk
[INFO] [stdout] 
[INFO] [stdout] Secondary result "org.weakref.nitro.tpcds.BenchmarkQueries.query97:L1-dcache-load-misses":
[INFO] [stdout]   193424079.679 #/op
[INFO] [stdout] 
[INFO] [stdout] Secondary result "org.weakref.nitro.tpcds.BenchmarkQueries.query97:L1-dcache-loads":
[INFO] [stdout]   10320102970.792 #/op
[INFO] [stdout] 
[INFO] [stdout] Secondary result "org.weakref.nitro.tpcds.BenchmarkQueries.query97:branch-misses":
[INFO] [stdout]   37891097.825 #/op
[INFO] [stdout] 
[INFO] [stdout] Secondary result "org.weakref.nitro.tpcds.BenchmarkQueries.query97:branches":
[INFO] [stdout]   3647603909.946 #/op
[INFO] [stdout] 
[INFO] [stdout] Secondary result "org.weakref.nitro.tpcds.BenchmarkQueries.query97:cycles":
[INFO] [stdout]   7120578543.353 #/op
[INFO] [stdout] 
[INFO] [stdout] Secondary result "org.weakref.nitro.tpcds.BenchmarkQueries.query97:dTLB-load-misses":
[INFO] [stdout]   6792253.986 #/op
[INFO] [stdout] 
[INFO] [stdout] Secondary result "org.weakref.nitro.tpcds.BenchmarkQueries.query97:dTLB-loads":
[INFO] [stdout]   21105294.511 #/op
[INFO] [stdout] 
[INFO] [stdout] Secondary result "org.weakref.nitro.tpcds.BenchmarkQueries.query97:gc.alloc.rate":
[INFO] [stdout]   752.820 ±(99.9%) 32.063 MB/sec [Average]
[INFO] [stdout]   (min, avg, max) = (744.033, 752.820, 762.072), stdev = 8.327
[INFO] [stdout]   CI (99.9%): [720.757, 784.883] (assumes normal distribution)
[INFO] [stdout] 
[INFO] [stdout] Secondary result "org.weakref.nitro.tpcds.BenchmarkQueries.query97:gc.alloc.rate.norm":
[INFO] [stdout]   1022451486.400 ±(99.9%) 8874956.604 B/op [Average]
[INFO] [stdout]   (min, avg, max) = (1019832456.000, 1022451486.400, 1024313960.000), stdev = 2304798.046
[INFO] [stdout]   CI (99.9%): [1013576529.796, 1031326443.004] (assumes normal distribution)
[INFO] [stdout] 
[INFO] [stdout] Secondary result "org.weakref.nitro.tpcds.BenchmarkQueries.query97:gc.count":
[INFO] [stdout]   1.000 ±(99.9%) 0.001 counts [Sum]
[INFO] [stdout]   (min, avg, max) = (≈ 0, 0.200, 1.000), stdev = 0.447
[INFO] [stdout]   CI (99.9%): [1.000, 1.000] (assumes normal distribution)
[INFO] [stdout] 
[INFO] [stdout] Secondary result "org.weakref.nitro.tpcds.BenchmarkQueries.query97:gc.time":
[INFO] [stdout]   8.000 ±(99.9%) 0.001 ms [Sum]
[INFO] [stdout]   (min, avg, max) = (≈ 0, 1.600, 8.000), stdev = 3.578
[INFO] [stdout]   CI (99.9%): [8.000, 8.000] (assumes normal distribution)
[INFO] [stdout] 
[INFO] [stdout] Secondary result "org.weakref.nitro.tpcds.BenchmarkQueries.query97:instructions":
[INFO] [stdout]   20275689746.603 #/op
[INFO] [stdout] 
[INFO] [stdout] 
[INFO] [stdout] # Run complete. Total time: 00:00:15
[INFO] [stdout] 
[INFO] [stdout] REMEMBER: The numbers below are just data. To gain reusable insights, you need to follow up on
[INFO] [stdout] why the numbers are the way they are. Use profilers (see -prof, -lprof), design factorial
[INFO] [stdout] experiments, perform baseline and negative tests that provide experimental control, make sure
[INFO] [stdout] the benchmarking environment is safe on JVM/OS/HW level, ask for reviews from the domain experts.
[INFO] [stdout] Do not assume the numbers tell you what you want them to tell.
[INFO] [stdout] 
[INFO] [stdout] NOTE: Current JVM experimentally supports Compiler Blackholes, and they are in use. Please exercise
[INFO] [stdout] extra caution when trusting the results, look into the generated code to check the benchmark still
[INFO] [stdout] works, and factor in a small probability of new VM bugs. Additionally, while comparisons between
[INFO] [stdout] different JVMs are already problematic, the performance difference caused by different Blackhole
[INFO] [stdout] modes can be very significant. Please make sure you use the consistent Blackhole mode for comparisons.
[INFO] [stdout] 
[INFO] [stdout] Benchmark                                       Mode  Cnt            Score         Error      Units
[INFO] [stdout] BenchmarkQueries.query97                        avgt    5         1295.223 ±      51.449      ms/op
[INFO] [stdout] BenchmarkQueries.query97:CPI                    avgt                 0.351                clks/insn
[INFO] [stdout] BenchmarkQueries.query97:IPC                    avgt                 2.847                insns/clk
[INFO] [stdout] BenchmarkQueries.query97:L1-dcache-load-misses  avgt         193424079.679                     #/op
[INFO] [stdout] BenchmarkQueries.query97:L1-dcache-loads        avgt       10320102970.792                     #/op
[INFO] [stdout] BenchmarkQueries.query97:branch-misses          avgt          37891097.825                     #/op
[INFO] [stdout] BenchmarkQueries.query97:branches               avgt        3647603909.946                     #/op
[INFO] [stdout] BenchmarkQueries.query97:cycles                 avgt        7120578543.353                     #/op
[INFO] [stdout] BenchmarkQueries.query97:dTLB-load-misses       avgt           6792253.986                     #/op
[INFO] [stdout] BenchmarkQueries.query97:dTLB-loads             avgt          21105294.511                     #/op
[INFO] [stdout] BenchmarkQueries.query97:gc.alloc.rate          avgt    5          752.820 ±      32.063     MB/sec
[INFO] [stdout] BenchmarkQueries.query97:gc.alloc.rate.norm     avgt    5   1022451486.400 ± 8874956.604       B/op
[INFO] [stdout] BenchmarkQueries.query97:gc.count               avgt    5            1.000                   counts
[INFO] [stdout] BenchmarkQueries.query97:gc.time                avgt    5            8.000                       ms
[INFO] [stdout] BenchmarkQueries.query97:instructions           avgt       20275689746.603                     #/op
[INFO] [stdout] 
[INFO] [stdout] Benchmark result is saved to benchmarks/sweeps/20260721-targeted/tpcds-q97-load-factor/load50-reverse-b.json
[INFO] ------------------------------------------------------------------------
[INFO] BUILD SUCCESS
[INFO] ------------------------------------------------------------------------
[INFO] Total time:  16.631 s (Wall Clock)
[INFO] Finished at: 2026-07-21T10:34:11Z
[INFO] ------------------------------------------------------------------------
[INFO] Njord session closed
