WARNING: Using incubator modules: jdk.incubator.vector
WARNING: A terminally deprecated method in sun.misc.Unsafe has been called
WARNING: sun.misc.Unsafe::objectFieldOffset has been called by org.openjdk.jmh.util.Utils (file:/Users/martin/.m2/repository/org/openjdk/jmh/jmh-core/1.37/jmh-core-1.37.jar)
WARNING: Please consider reporting this to the maintainers of class org.openjdk.jmh.util.Utils
WARNING: sun.misc.Unsafe::objectFieldOffset will be removed in a future release
# JMH version: 1.37
# VM version: JDK 25.0.1, OpenJDK 64-Bit Server VM, 25.0.1+8-LTS
# VM invoker: /Library/Java/JavaVirtualMachines/temurin-25.jdk/Contents/Home/bin/java
# VM options: --enable-preview --add-modules=jdk.incubator.vector -Dnitro.tpcds.parquet.path=/Users/martin/tmp/tpcds-parquet-sf10-lz4-build
# Blackhole mode: compiler (auto-detected, use -Djmh.blackhole.autoDetect=false to disable)
# Warmup: 5 iterations, 1000 ms each
# Measurement: 10 iterations, 1000 ms each
# Timeout: 30 min per iteration
# Threads: 1 thread, will synchronize iterations
# Benchmark mode: Average time, time/op
# Benchmark: org.weakref.nitro.tpcds.BenchmarkQueries.query64

# Run progress: 0.00% complete, ETA 00:02:00
# Fork: 1 of 1
WARNING: Using incubator modules: jdk.incubator.vector
WARNING: A terminally deprecated method in sun.misc.Unsafe has been called
WARNING: sun.misc.Unsafe::objectFieldOffset has been called by org.openjdk.jmh.util.Utils (file:/Users/martin/.m2/repository/org/openjdk/jmh/jmh-core/1.37/jmh-core-1.37.jar)
WARNING: Please consider reporting this to the maintainers of class org.openjdk.jmh.util.Utils
WARNING: sun.misc.Unsafe::objectFieldOffset will be removed in a future release
# Warmup Iteration   1: 25699.330 ms/op
# Warmup Iteration   2: 24329.512 ms/op
# Warmup Iteration   3: 24471.607 ms/op
# Warmup Iteration   4: 25342.134 ms/op
# Warmup Iteration   5: 24187.778 ms/op
Iteration   1: 24199.283 ms/op
Iteration   2: 24636.531 ms/op
Iteration   3: 23725.993 ms/op
Iteration   4: 29775.295 ms/op
Iteration   5: 28081.555 ms/op
Iteration   6: 24213.968 ms/op
Iteration   7: 24627.659 ms/op
Iteration   8: 24818.327 ms/op
Iteration   9: 23998.490 ms/op
Iteration  10: 24223.306 ms/op


Result "org.weakref.nitro.tpcds.BenchmarkQueries.query64":
  25230.041 ±(99.9%) 3047.240 ms/op [Average]
  (min, avg, max) = (23725.993, 25230.041, 29775.295), stdev = 2015.560
  CI (99.9%): [22182.801, 28277.280] (assumes normal distribution)


# JMH version: 1.37
# VM version: JDK 25.0.1, OpenJDK 64-Bit Server VM, 25.0.1+8-LTS
# VM invoker: /Library/Java/JavaVirtualMachines/temurin-25.jdk/Contents/Home/bin/java
# VM options: --enable-preview --add-modules=jdk.incubator.vector -Dnitro.tpcds.parquet.path=/Users/martin/tmp/tpcds-parquet-sf10-lz4-build
# Blackhole mode: compiler (auto-detected, use -Djmh.blackhole.autoDetect=false to disable)
# Warmup: 5 iterations, 1000 ms each
# Measurement: 10 iterations, 1000 ms each
# Timeout: 30 min per iteration
# Threads: 1 thread, will synchronize iterations
# Benchmark mode: Average time, time/op
# Benchmark: org.weakref.nitro.tpcds.BenchmarkQueries.query65

# Run progress: 12.50% complete, ETA 00:43:56
# Fork: 1 of 1
WARNING: Using incubator modules: jdk.incubator.vector
WARNING: A terminally deprecated method in sun.misc.Unsafe has been called
WARNING: sun.misc.Unsafe::objectFieldOffset has been called by org.openjdk.jmh.util.Utils (file:/Users/martin/.m2/repository/org/openjdk/jmh/jmh-core/1.37/jmh-core-1.37.jar)
WARNING: Please consider reporting this to the maintainers of class org.openjdk.jmh.util.Utils
WARNING: sun.misc.Unsafe::objectFieldOffset will be removed in a future release
# Warmup Iteration   1: 7417.143 ms/op
# Warmup Iteration   2: 6669.921 ms/op
# Warmup Iteration   3: 6520.845 ms/op
# Warmup Iteration   4: 6508.353 ms/op
# Warmup Iteration   5: 6907.619 ms/op
Iteration   1: 6608.844 ms/op
Iteration   2: 6974.312 ms/op
Iteration   3: 6706.248 ms/op
Iteration   4: 7062.673 ms/op
Iteration   5: 6439.552 ms/op
Iteration   6: 6355.676 ms/op
Iteration   7: 6279.552 ms/op
Iteration   8: 6277.368 ms/op
Iteration   9: 6386.460 ms/op
Iteration  10: 6358.343 ms/op


Result "org.weakref.nitro.tpcds.BenchmarkQueries.query65":
  6544.903 ±(99.9%) 430.990 ms/op [Average]
  (min, avg, max) = (6277.368, 6544.903, 7062.673), stdev = 285.073
  CI (99.9%): [6113.913, 6975.892] (assumes normal distribution)


# JMH version: 1.37
# VM version: JDK 25.0.1, OpenJDK 64-Bit Server VM, 25.0.1+8-LTS
# VM invoker: /Library/Java/JavaVirtualMachines/temurin-25.jdk/Contents/Home/bin/java
# VM options: --enable-preview --add-modules=jdk.incubator.vector -Dnitro.tpcds.parquet.path=/Users/martin/tmp/tpcds-parquet-sf10-lz4-build
# Blackhole mode: compiler (auto-detected, use -Djmh.blackhole.autoDetect=false to disable)
# Warmup: 5 iterations, 1000 ms each
# Measurement: 10 iterations, 1000 ms each
# Timeout: 30 min per iteration
# Threads: 1 thread, will synchronize iterations
# Benchmark mode: Average time, time/op
# Benchmark: org.weakref.nitro.tpcds.BenchmarkQueries.query80

# Run progress: 25.00% complete, ETA 00:23:49
# Fork: 1 of 1
WARNING: Using incubator modules: jdk.incubator.vector
WARNING: A terminally deprecated method in sun.misc.Unsafe has been called
WARNING: sun.misc.Unsafe::objectFieldOffset has been called by org.openjdk.jmh.util.Utils (file:/Users/martin/.m2/repository/org/openjdk/jmh/jmh-core/1.37/jmh-core-1.37.jar)
WARNING: Please consider reporting this to the maintainers of class org.openjdk.jmh.util.Utils
WARNING: sun.misc.Unsafe::objectFieldOffset will be removed in a future release
# Warmup Iteration   1: 12352.905 ms/op
# Warmup Iteration   2: 12156.925 ms/op
# Warmup Iteration   3: 11541.860 ms/op
# Warmup Iteration   4: 11865.719 ms/op
# Warmup Iteration   5: 11682.023 ms/op
Iteration   1: 12150.059 ms/op
Iteration   2: 12078.065 ms/op
Iteration   3: 12135.080 ms/op
Iteration   4: 12746.206 ms/op
Iteration   5: 12293.265 ms/op
Iteration   6: 11392.377 ms/op
Iteration   7: 11289.221 ms/op
Iteration   8: 11165.061 ms/op
Iteration   9: 11387.941 ms/op
Iteration  10: 13093.219 ms/op


Result "org.weakref.nitro.tpcds.BenchmarkQueries.query80":
  11973.049 ±(99.9%) 985.443 ms/op [Average]
  (min, avg, max) = (11165.061, 11973.049, 13093.219), stdev = 651.810
  CI (99.9%): [10987.606, 12958.493] (assumes normal distribution)


# JMH version: 1.37
# VM version: JDK 25.0.1, OpenJDK 64-Bit Server VM, 25.0.1+8-LTS
# VM invoker: /Library/Java/JavaVirtualMachines/temurin-25.jdk/Contents/Home/bin/java
# VM options: --enable-preview --add-modules=jdk.incubator.vector -Dnitro.tpcds.parquet.path=/Users/martin/tmp/tpcds-parquet-sf10-lz4-build
# Blackhole mode: compiler (auto-detected, use -Djmh.blackhole.autoDetect=false to disable)
# Warmup: 5 iterations, 1000 ms each
# Measurement: 10 iterations, 1000 ms each
# Timeout: 30 min per iteration
# Threads: 1 thread, will synchronize iterations
# Benchmark mode: Average time, time/op
# Benchmark: org.weakref.nitro.tpcds.BenchmarkQueries.query97

# Run progress: 37.50% complete, ETA 00:18:13
# Fork: 1 of 1
WARNING: Using incubator modules: jdk.incubator.vector
WARNING: A terminally deprecated method in sun.misc.Unsafe has been called
WARNING: sun.misc.Unsafe::objectFieldOffset has been called by org.openjdk.jmh.util.Utils (file:/Users/martin/.m2/repository/org/openjdk/jmh/jmh-core/1.37/jmh-core-1.37.jar)
WARNING: Please consider reporting this to the maintainers of class org.openjdk.jmh.util.Utils
WARNING: sun.misc.Unsafe::objectFieldOffset will be removed in a future release
# Warmup Iteration   1: 6759.253 ms/op
# Warmup Iteration   2: 3781.122 ms/op
# Warmup Iteration   3: 3744.191 ms/op
# Warmup Iteration   4: 5928.593 ms/op
# Warmup Iteration   5: 3757.777 ms/op
Iteration   1: 5231.520 ms/op
Iteration   2: 4551.904 ms/op
Iteration   3: 3440.671 ms/op
Iteration   4: 3387.814 ms/op
Iteration   5: 3443.138 ms/op
Iteration   6: 3392.071 ms/op
Iteration   7: 3387.418 ms/op
Iteration   8: 3390.240 ms/op
Iteration   9: 3371.997 ms/op
Iteration  10: 3374.837 ms/op


Result "org.weakref.nitro.tpcds.BenchmarkQueries.query97":
  3697.161 ±(99.9%) 982.862 ms/op [Average]
  (min, avg, max) = (3371.997, 3697.161, 5231.520), stdev = 650.102
  CI (99.9%): [2714.299, 4680.023] (assumes normal distribution)


# JMH version: 1.37
# VM version: JDK 25.0.1, OpenJDK 64-Bit Server VM, 25.0.1+8-LTS
# VM invoker: /Library/Java/JavaVirtualMachines/temurin-25.jdk/Contents/Home/bin/java
# VM options: --enable-preview --add-modules=jdk.incubator.vector -Dnitro.tpcds.parquet.path=/Users/martin/tmp/tpcds-parquet-sf10-lz4-build
# Blackhole mode: compiler (auto-detected, use -Djmh.blackhole.autoDetect=false to disable)
# Warmup: 5 iterations, 1000 ms each
# Measurement: 10 iterations, 1000 ms each
# Timeout: 30 min per iteration
# Threads: 1 thread, will synchronize iterations
# Benchmark mode: Average time, time/op
# Benchmark: org.weakref.trino.tpcds.BenchmarkQueries.query64

# Run progress: 50.00% complete, ETA 00:11:57
# Fork: 1 of 1
WARNING: Using incubator modules: jdk.incubator.vector
WARNING: A terminally deprecated method in sun.misc.Unsafe has been called
WARNING: sun.misc.Unsafe::objectFieldOffset has been called by org.openjdk.jmh.util.Utils (file:/Users/martin/.m2/repository/org/openjdk/jmh/jmh-core/1.37/jmh-core-1.37.jar)
WARNING: Please consider reporting this to the maintainers of class org.openjdk.jmh.util.Utils
WARNING: sun.misc.Unsafe::objectFieldOffset will be removed in a future release
# Warmup Iteration   1: WARNING: A restricted method in java.lang.System has been called
WARNING: java.lang.System::load has been called by com.sun.jna.Native in an unnamed module (file:/Users/martin/.m2/repository/net/java/dev/jna/jna/5.18.1/jna-5.18.1.jar)
WARNING: Use --enable-native-access=ALL-UNNAMED to avoid a warning for callers in this module
WARNING: Restricted methods will be blocked in a future release unless native access is enabled

22364.860 ms/op
# Warmup Iteration   2: 21002.003 ms/op
# Warmup Iteration   3: 21250.021 ms/op
# Warmup Iteration   4: 21632.030 ms/op
# Warmup Iteration   5: 22219.942 ms/op
Iteration   1: 20949.372 ms/op
Iteration   2: 20786.925 ms/op
Iteration   3: 20711.789 ms/op
Iteration   4: 20914.502 ms/op
Iteration   5: 20727.596 ms/op
Iteration   6: 20848.016 ms/op
Iteration   7: 20986.423 ms/op
Iteration   8: 21198.435 ms/op
Iteration   9: 21449.288 ms/op
Iteration  10: 22953.215 ms/op


Result "org.weakref.trino.tpcds.BenchmarkQueries.query64":
  21152.556 ±(99.9%) 1015.359 ms/op [Average]
  (min, avg, max) = (20711.789, 21152.556, 22953.215), stdev = 671.597
  CI (99.9%): [20137.198, 22167.915] (assumes normal distribution)


# JMH version: 1.37
# VM version: JDK 25.0.1, OpenJDK 64-Bit Server VM, 25.0.1+8-LTS
# VM invoker: /Library/Java/JavaVirtualMachines/temurin-25.jdk/Contents/Home/bin/java
# VM options: --enable-preview --add-modules=jdk.incubator.vector -Dnitro.tpcds.parquet.path=/Users/martin/tmp/tpcds-parquet-sf10-lz4-build
# Blackhole mode: compiler (auto-detected, use -Djmh.blackhole.autoDetect=false to disable)
# Warmup: 5 iterations, 1000 ms each
# Measurement: 10 iterations, 1000 ms each
# Timeout: 30 min per iteration
# Threads: 1 thread, will synchronize iterations
# Benchmark mode: Average time, time/op
# Benchmark: org.weakref.trino.tpcds.BenchmarkQueries.query65

# Run progress: 62.50% complete, ETA 00:10:23
# Fork: 1 of 1
WARNING: Using incubator modules: jdk.incubator.vector
WARNING: A terminally deprecated method in sun.misc.Unsafe has been called
WARNING: sun.misc.Unsafe::objectFieldOffset has been called by org.openjdk.jmh.util.Utils (file:/Users/martin/.m2/repository/org/openjdk/jmh/jmh-core/1.37/jmh-core-1.37.jar)
WARNING: Please consider reporting this to the maintainers of class org.openjdk.jmh.util.Utils
WARNING: sun.misc.Unsafe::objectFieldOffset will be removed in a future release
# Warmup Iteration   1: WARNING: A restricted method in java.lang.System has been called
WARNING: java.lang.System::load has been called by com.sun.jna.Native in an unnamed module (file:/Users/martin/.m2/repository/net/java/dev/jna/jna/5.18.1/jna-5.18.1.jar)
WARNING: Use --enable-native-access=ALL-UNNAMED to avoid a warning for callers in this module
WARNING: Restricted methods will be blocked in a future release unless native access is enabled

5261.982 ms/op
# Warmup Iteration   2: 4564.155 ms/op
# Warmup Iteration   3: 4522.441 ms/op
# Warmup Iteration   4: 4437.984 ms/op
# Warmup Iteration   5: 4506.366 ms/op
Iteration   1: 4512.655 ms/op
Iteration   2: 4490.118 ms/op
Iteration   3: 4513.668 ms/op
Iteration   4: 4713.594 ms/op
Iteration   5: 4556.500 ms/op
Iteration   6: 4617.598 ms/op
Iteration   7: 4626.377 ms/op
Iteration   8: 4836.041 ms/op
Iteration   9: 4706.759 ms/op
Iteration  10: 4574.128 ms/op


Result "org.weakref.trino.tpcds.BenchmarkQueries.query65":
  4614.744 ±(99.9%) 166.049 ms/op [Average]
  (min, avg, max) = (4490.118, 4614.744, 4836.041), stdev = 109.831
  CI (99.9%): [4448.694, 4780.793] (assumes normal distribution)


# JMH version: 1.37
# VM version: JDK 25.0.1, OpenJDK 64-Bit Server VM, 25.0.1+8-LTS
# VM invoker: /Library/Java/JavaVirtualMachines/temurin-25.jdk/Contents/Home/bin/java
# VM options: --enable-preview --add-modules=jdk.incubator.vector -Dnitro.tpcds.parquet.path=/Users/martin/tmp/tpcds-parquet-sf10-lz4-build
# Blackhole mode: compiler (auto-detected, use -Djmh.blackhole.autoDetect=false to disable)
# Warmup: 5 iterations, 1000 ms each
# Measurement: 10 iterations, 1000 ms each
# Timeout: 30 min per iteration
# Threads: 1 thread, will synchronize iterations
# Benchmark mode: Average time, time/op
# Benchmark: org.weakref.trino.tpcds.BenchmarkQueries.query80

# Run progress: 75.00% complete, ETA 00:06:09
# Fork: 1 of 1
WARNING: Using incubator modules: jdk.incubator.vector
WARNING: A terminally deprecated method in sun.misc.Unsafe has been called
WARNING: sun.misc.Unsafe::objectFieldOffset has been called by org.openjdk.jmh.util.Utils (file:/Users/martin/.m2/repository/org/openjdk/jmh/jmh-core/1.37/jmh-core-1.37.jar)
WARNING: Please consider reporting this to the maintainers of class org.openjdk.jmh.util.Utils
WARNING: sun.misc.Unsafe::objectFieldOffset will be removed in a future release
# Warmup Iteration   1: WARNING: A restricted method in java.lang.System has been called
WARNING: java.lang.System::load has been called by com.sun.jna.Native in an unnamed module (file:/Users/martin/.m2/repository/net/java/dev/jna/jna/5.18.1/jna-5.18.1.jar)
WARNING: Use --enable-native-access=ALL-UNNAMED to avoid a warning for callers in this module
WARNING: Restricted methods will be blocked in a future release unless native access is enabled

9412.648 ms/op
# Warmup Iteration   2: 8948.482 ms/op
# Warmup Iteration   3: 9099.656 ms/op
# Warmup Iteration   4: 8702.004 ms/op
# Warmup Iteration   5: 8251.827 ms/op
Iteration   1: 8645.622 ms/op
Iteration   2: 8805.832 ms/op
Iteration   3: 9080.122 ms/op
Iteration   4: 8562.759 ms/op
Iteration   5: 8262.991 ms/op
Iteration   6: 8253.097 ms/op
Iteration   7: 8266.425 ms/op
Iteration   8: 8943.765 ms/op
Iteration   9: 8925.694 ms/op
Iteration  10: 8430.484 ms/op


Result "org.weakref.trino.tpcds.BenchmarkQueries.query80":
  8617.679 ±(99.9%) 470.434 ms/op [Average]
  (min, avg, max) = (8253.097, 8617.679, 9080.122), stdev = 311.163
  CI (99.9%): [8147.245, 9088.113] (assumes normal distribution)


# JMH version: 1.37
# VM version: JDK 25.0.1, OpenJDK 64-Bit Server VM, 25.0.1+8-LTS
# VM invoker: /Library/Java/JavaVirtualMachines/temurin-25.jdk/Contents/Home/bin/java
# VM options: --enable-preview --add-modules=jdk.incubator.vector -Dnitro.tpcds.parquet.path=/Users/martin/tmp/tpcds-parquet-sf10-lz4-build
# Blackhole mode: compiler (auto-detected, use -Djmh.blackhole.autoDetect=false to disable)
# Warmup: 5 iterations, 1000 ms each
# Measurement: 10 iterations, 1000 ms each
# Timeout: 30 min per iteration
# Threads: 1 thread, will synchronize iterations
# Benchmark mode: Average time, time/op
# Benchmark: org.weakref.trino.tpcds.BenchmarkQueries.query97

# Run progress: 87.50% complete, ETA 00:02:57
# Fork: 1 of 1
WARNING: Using incubator modules: jdk.incubator.vector
WARNING: A terminally deprecated method in sun.misc.Unsafe has been called
WARNING: sun.misc.Unsafe::objectFieldOffset has been called by org.openjdk.jmh.util.Utils (file:/Users/martin/.m2/repository/org/openjdk/jmh/jmh-core/1.37/jmh-core-1.37.jar)
WARNING: Please consider reporting this to the maintainers of class org.openjdk.jmh.util.Utils
WARNING: sun.misc.Unsafe::objectFieldOffset will be removed in a future release
# Warmup Iteration   1: WARNING: A restricted method in java.lang.System has been called
WARNING: java.lang.System::load has been called by com.sun.jna.Native in an unnamed module (file:/Users/martin/.m2/repository/net/java/dev/jna/jna/5.18.1/jna-5.18.1.jar)
WARNING: Use --enable-native-access=ALL-UNNAMED to avoid a warning for callers in this module
WARNING: Restricted methods will be blocked in a future release unless native access is enabled

4630.226 ms/op
# Warmup Iteration   2: 3984.667 ms/op
# Warmup Iteration   3: 4157.562 ms/op
# Warmup Iteration   4: 4110.295 ms/op
# Warmup Iteration   5: 3993.927 ms/op
Iteration   1: 3949.078 ms/op
Iteration   2: 4011.400 ms/op
Iteration   3: 3917.904 ms/op
Iteration   4: 3941.334 ms/op
Iteration   5: 3992.454 ms/op
Iteration   6: 3998.900 ms/op
Iteration   7: 3841.090 ms/op
Iteration   8: 4056.444 ms/op
Iteration   9: 3987.268 ms/op
Iteration  10: 3909.628 ms/op


Result "org.weakref.trino.tpcds.BenchmarkQueries.query97":
  3960.550 ±(99.9%) 93.152 ms/op [Average]
  (min, avg, max) = (3841.090, 3960.550, 4056.444), stdev = 61.614
  CI (99.9%): [3867.398, 4053.702] (assumes normal distribution)


# Run complete. Total time: 00:21:44

REMEMBER: The numbers below are just data. To gain reusable insights, you need to follow up on
why the numbers are the way they are. Use profilers (see -prof, -lprof), design factorial
experiments, perform baseline and negative tests that provide experimental control, make sure
the benchmarking environment is safe on JVM/OS/HW level, ask for reviews from the domain experts.
Do not assume the numbers tell you what you want them to tell.

NOTE: Current JVM experimentally supports Compiler Blackholes, and they are in use. Please exercise
extra caution when trusting the results, look into the generated code to check the benchmark still
works, and factor in a small probability of new VM bugs. Additionally, while comparisons between
different JVMs are already problematic, the performance difference caused by different Blackhole
modes can be very significant. Please make sure you use the consistent Blackhole mode for comparisons.

Benchmark                                 Mode  Cnt      Score      Error  Units
o.w.nitro.tpcds.BenchmarkQueries.query64  avgt   10  25230.041 ± 3047.240  ms/op
o.w.nitro.tpcds.BenchmarkQueries.query65  avgt   10   6544.903 ±  430.990  ms/op
o.w.nitro.tpcds.BenchmarkQueries.query80  avgt   10  11973.049 ±  985.443  ms/op
o.w.nitro.tpcds.BenchmarkQueries.query97  avgt   10   3697.161 ±  982.862  ms/op
o.w.trino.tpcds.BenchmarkQueries.query64  avgt   10  21152.556 ± 1015.359  ms/op
o.w.trino.tpcds.BenchmarkQueries.query65  avgt   10   4614.744 ±  166.049  ms/op
o.w.trino.tpcds.BenchmarkQueries.query80  avgt   10   8617.679 ±  470.434  ms/op
o.w.trino.tpcds.BenchmarkQueries.query97  avgt   10   3960.550 ±   93.152  ms/op

Benchmark result is saved to /tmp/bench-final.csv
