[INFO] Processing build on daemon a1da183c
[INFO] Scanning for projects...
[INFO] Njord 0.9.4 session created
[INFO] BuildTimeEventSpy is registered.
[INFO] 
[INFO] Using the SmartBuilder implementation with a thread count of 7
[INFO] 
[INFO] -------------------------< org.weakref:nitro >--------------------------
[INFO] Building nitro 1-SNAPSHOT
[INFO]   from pom.xml
[INFO] --------------------------------[ jar ]---------------------------------
[WARNING] 2 problems were encountered while building the effective model for org.apache.yetus:audience-annotations:jar:0.5.0 during dependency collection step for project (use -X to see details)
[INFO] 
[INFO] --- exec:3.6.1:exec (benchmark) @ nitro ---
[WARNING] [stderr] WARNING: Using incubator modules: jdk.incubator.vector
[WARNING] [stderr] WARNING: A terminally deprecated method in sun.misc.Unsafe has been called
[WARNING] [stderr] WARNING: sun.misc.Unsafe::objectFieldOffset has been called by org.openjdk.jmh.util.Utils (file:/root/.m2/repository/org/openjdk/jmh/jmh-core/1.37/jmh-core-1.37.jar)
[WARNING] [stderr] WARNING: Please consider reporting this to the maintainers of class org.openjdk.jmh.util.Utils
[WARNING] [stderr] WARNING: sun.misc.Unsafe::objectFieldOffset will be removed in a future release
[INFO] [stdout] # JMH version: 1.37
[INFO] [stdout] # VM version: JDK 26.0.1, OpenJDK 64-Bit Server VM, 26.0.1+8
[INFO] [stdout] # VM invoker: /opt/java/openjdk/bin/java
[INFO] [stdout] # VM options: --enable-preview --add-modules=jdk.incubator.vector -Dnitro.clickbench.hits.path= -Dnitro.tpcds.parquet.path=/root/data/tpcds-parquet-sf10 -Dnitro.tpcds.parquet.schema=sf10 -Dnitro.group.packedIntTripleCompactKey=false -Xms8g -Xmx12g -XX:+AlwaysPreTouch -XX:+UseTransparentHugePages
[INFO] [stdout] # Blackhole mode: compiler (auto-detected, use -Djmh.blackhole.autoDetect=false to disable)
[INFO] [stdout] # Warmup: 10 iterations, 1 s each
[INFO] [stdout] # Measurement: 5 iterations, 1 s each
[INFO] [stdout] # Timeout: 30 min per iteration
[INFO] [stdout] # Threads: 1 thread, will synchronize iterations
[INFO] [stdout] # Benchmark mode: Average time, time/op
[INFO] [stdout] # Benchmark: org.weakref.nitro.tpcds.BenchmarkQueries.query97
[INFO] [stdout] 
[INFO] [stdout] # Run progress: 0.00% complete, ETA 00:00:45
[INFO] [stdout] # Fork: 1 of 3
[INFO] [stdout] # Preparing profilers: LinuxPerfNormProfiler 
[INFO] [stdout] # Profilers consume stderr from target VM, use -v EXTRA to copy to console
[INFO] [stdout] # Warmup Iteration   1: 2467.038 ms/op
[INFO] [stdout] # Warmup Iteration   2: 1265.854 ms/op
[INFO] [stdout] # Warmup Iteration   3: 1251.672 ms/op
[INFO] [stdout] # Warmup Iteration   4: 1217.264 ms/op
[INFO] [stdout] # Warmup Iteration   5: 1190.393 ms/op
[INFO] [stdout] # Warmup Iteration   6: 1242.288 ms/op
[INFO] [stdout] # Warmup Iteration   7: 1157.399 ms/op
[INFO] [stdout] # Warmup Iteration   8: 1184.405 ms/op
[INFO] [stdout] # Warmup Iteration   9: 1183.028 ms/op
[INFO] [stdout] # Warmup Iteration  10: 1196.800 ms/op
[INFO] [stdout] Iteration   1: 1350.567 ms/op
[INFO] [stdout]                  gc.alloc.rate:      884.891 MB/sec
[INFO] [stdout]                  gc.alloc.rate.norm: 1253299024.000 B/op
[INFO] [stdout]                  gc.count:           1.000 counts
[INFO] [stdout]                  gc.time:            125.000 ms
[INFO] [stdout] 
[INFO] [stdout] Iteration   2: 1182.088 ms/op
[INFO] [stdout]                  gc.alloc.rate:      818.933 MB/sec
[INFO] [stdout]                  gc.alloc.rate.norm: 1015207144.000 B/op
[INFO] [stdout]                  gc.count:           ≈ 0 counts
[INFO] [stdout] 
[INFO] [stdout] Iteration   3: 1187.911 ms/op
[INFO] [stdout]                  gc.alloc.rate:      1000.972 MB/sec
[INFO] [stdout]                  gc.alloc.rate.norm: 1246989064.000 B/op
[INFO] [stdout]                  gc.count:           1.000 counts
[INFO] [stdout]                  gc.time:            7.000 ms
[INFO] [stdout] 
[INFO] [stdout] Iteration   4: 1191.984 ms/op
[INFO] [stdout]                  gc.alloc.rate:      993.268 MB/sec
[INFO] [stdout]                  gc.alloc.rate.norm: 1241619472.000 B/op
[INFO] [stdout]                  gc.count:           1.000 counts
[INFO] [stdout]                  gc.time:            9.000 ms
[INFO] [stdout] 
[INFO] [stdout] Iteration   5: 1133.851 ms/op
[INFO] [stdout]                  gc.alloc.rate:      843.971 MB/sec
[INFO] [stdout]                  gc.alloc.rate.norm: 1003527072.000 B/op
[INFO] [stdout]                  gc.count:           ≈ 0 counts
[INFO] [stdout] 
[INFO] [stdout] # Processing profiler results: LinuxPerfNormProfiler 
[INFO] [stdout] 
[INFO] [stdout] # Run progress: 33.33% complete, ETA 00:00:42
[INFO] [stdout] # Fork: 2 of 3
[INFO] [stdout] # Preparing profilers: LinuxPerfNormProfiler 
[INFO] [stdout] # Profilers consume stderr from target VM, use -v EXTRA to copy to console
[INFO] [stdout] # Warmup Iteration   1: 2202.621 ms/op
[INFO] [stdout] # Warmup Iteration   2: 1233.569 ms/op
[INFO] [stdout] # Warmup Iteration   3: 1187.379 ms/op
[INFO] [stdout] # Warmup Iteration   4: 1200.000 ms/op
[INFO] [stdout] # Warmup Iteration   5: 1243.859 ms/op
[INFO] [stdout] # Warmup Iteration   6: 1231.210 ms/op
[INFO] [stdout] # Warmup Iteration   7: 1199.954 ms/op
[INFO] [stdout] # Warmup Iteration   8: 1190.197 ms/op
[INFO] [stdout] # Warmup Iteration   9: 1178.181 ms/op
[INFO] [stdout] # Warmup Iteration  10: 1182.299 ms/op
[INFO] [stdout] Iteration   1: 1404.560 ms/op
[INFO] [stdout]                  gc.alloc.rate:      762.973 MB/sec
[INFO] [stdout]                  gc.alloc.rate.norm: 1123819440.000 B/op
[INFO] [stdout]                  gc.count:           1.000 counts
[INFO] [stdout]                  gc.time:            157.000 ms
[INFO] [stdout] 
[INFO] [stdout] Iteration   2: 1166.076 ms/op
[INFO] [stdout]                  gc.alloc.rate:      917.160 MB/sec
[INFO] [stdout]                  gc.alloc.rate.norm: 1121555568.000 B/op
[INFO] [stdout]                  gc.count:           ≈ 0 counts
[INFO] [stdout] 
[INFO] [stdout] Iteration   3: 1180.652 ms/op
[INFO] [stdout]                  gc.alloc.rate:      1003.352 MB/sec
[INFO] [stdout]                  gc.alloc.rate.norm: 1242300312.000 B/op
[INFO] [stdout]                  gc.count:           1.000 counts
[INFO] [stdout]                  gc.time:            8.000 ms
[INFO] [stdout] 
[INFO] [stdout] Iteration   4: 1170.819 ms/op
[INFO] [stdout]                  gc.alloc.rate:      1010.947 MB/sec
[INFO] [stdout]                  gc.alloc.rate.norm: 1241317376.000 B/op
[INFO] [stdout]                  gc.count:           ≈ 0 counts
[INFO] [stdout] 
[INFO] [stdout] Iteration   5: 1190.653 ms/op
[INFO] [stdout]                  gc.alloc.rate:      994.144 MB/sec
[INFO] [stdout]                  gc.alloc.rate.norm: 1241323888.000 B/op
[INFO] [stdout]                  gc.count:           1.000 counts
[INFO] [stdout]                  gc.time:            6.000 ms
[INFO] [stdout] 
[INFO] [stdout] # Processing profiler results: LinuxPerfNormProfiler 
[INFO] [stdout] 
[INFO] [stdout] # Run progress: 66.67% complete, ETA 00:00:20
[INFO] [stdout] # Fork: 3 of 3
[INFO] [stdout] # Preparing profilers: LinuxPerfNormProfiler 
[INFO] [stdout] # Profilers consume stderr from target VM, use -v EXTRA to copy to console
[INFO] [stdout] # Warmup Iteration   1: 2277.163 ms/op
[INFO] [stdout] # Warmup Iteration   2: 1264.487 ms/op
[INFO] [stdout] # Warmup Iteration   3: 1189.070 ms/op
[INFO] [stdout] # Warmup Iteration   4: 1210.913 ms/op
[INFO] [stdout] # Warmup Iteration   5: 1189.248 ms/op
[INFO] [stdout] # Warmup Iteration   6: 1274.365 ms/op
[INFO] [stdout] # Warmup Iteration   7: 1176.882 ms/op
[INFO] [stdout] # Warmup Iteration   8: 1174.993 ms/op
[INFO] [stdout] # Warmup Iteration   9: 1174.968 ms/op
[INFO] [stdout] # Warmup Iteration  10: 1178.226 ms/op
[INFO] [stdout] Iteration   1: 1334.958 ms/op
[INFO] [stdout]                  gc.alloc.rate:      895.006 MB/sec
[INFO] [stdout]                  gc.alloc.rate.norm: 1252950096.000 B/op
[INFO] [stdout]                  gc.count:           1.000 counts
[INFO] [stdout]                  gc.time:            132.000 ms
[INFO] [stdout] 
[INFO] [stdout] Iteration   2: 1151.101 ms/op
[INFO] [stdout]                  gc.alloc.rate:      840.699 MB/sec
[INFO] [stdout]                  gc.alloc.rate.norm: 1014858104.000 B/op
[INFO] [stdout]                  gc.count:           ≈ 0 counts
[INFO] [stdout] 
[INFO] [stdout] Iteration   3: 1165.604 ms/op
[INFO] [stdout]                  gc.alloc.rate:      1020.000 MB/sec
[INFO] [stdout]                  gc.alloc.rate.norm: 1246808008.000 B/op
[INFO] [stdout]                  gc.count:           1.000 counts
[INFO] [stdout]                  gc.time:            7.000 ms
[INFO] [stdout] 
[INFO] [stdout] Iteration   4: 1175.806 ms/op
[INFO] [stdout]                  gc.alloc.rate:      1006.652 MB/sec
[INFO] [stdout]                  gc.alloc.rate.norm: 1241270624.000 B/op
[INFO] [stdout]                  gc.count:           1.000 counts
[INFO] [stdout]                  gc.time:            9.000 ms
[INFO] [stdout] 
[INFO] [stdout] Iteration   5: 1155.518 ms/op
[INFO] [stdout]                  gc.alloc.rate:      1024.320 MB/sec
[INFO] [stdout]                  gc.alloc.rate.norm: 1241263072.000 B/op
[INFO] [stdout]                  gc.count:           ≈ 0 counts
[INFO] [stdout] 
[INFO] [stdout] # Processing profiler results: LinuxPerfNormProfiler 
[INFO] [stdout] 
[INFO] [stdout] 
[INFO] [stdout] Result "org.weakref.nitro.tpcds.BenchmarkQueries.query97":
[INFO] [stdout]   1209.476 ±(99.9%) 88.014 ms/op [Average]
[INFO] [stdout]   (min, avg, max) = (1133.851, 1209.476, 1404.560), stdev = 82.328
[INFO] [stdout]   CI (99.9%): [1121.463, 1297.490] (assumes normal distribution)
[INFO] [stdout] 
[INFO] [stdout] Secondary result "org.weakref.nitro.tpcds.BenchmarkQueries.query97:CPI":
[INFO] [stdout]   0.364 ±(99.9%) 0.062 clks/insn [Average]
[INFO] [stdout]   (min, avg, max) = (0.361, 0.364, 0.368), stdev = 0.003
[INFO] [stdout]   CI (99.9%): [0.302, 0.427] (assumes normal distribution)
[INFO] [stdout] 
[INFO] [stdout] Secondary result "org.weakref.nitro.tpcds.BenchmarkQueries.query97:IPC":
[INFO] [stdout]   2.747 ±(99.9%) 0.470 insns/clk [Average]
[INFO] [stdout]   (min, avg, max) = (2.718, 2.747, 2.768), stdev = 0.026
[INFO] [stdout]   CI (99.9%): [2.277, 3.216] (assumes normal distribution)
[INFO] [stdout] 
[INFO] [stdout] Secondary result "org.weakref.nitro.tpcds.BenchmarkQueries.query97:L1-dcache-load-misses":
[INFO] [stdout]   195203380.490 ±(99.9%) 42926013.087 #/op [Average]
[INFO] [stdout]   (min, avg, max) = (192569966.017, 195203380.490, 197098946.015), stdev = 2352919.625
[INFO] [stdout]   CI (99.9%): [152277367.404, 238129393.577] (assumes normal distribution)
[INFO] [stdout] 
[INFO] [stdout] Secondary result "org.weakref.nitro.tpcds.BenchmarkQueries.query97:L1-dcache-loads":
[INFO] [stdout]   9410518376.511 ±(99.9%) 1081021713.062 #/op [Average]
[INFO] [stdout]   (min, avg, max) = (9342309761.905, 9410518376.511, 9449289401.996), stdev = 59254447.837
[INFO] [stdout]   CI (99.9%): [8329496663.449, 10491540089.573] (assumes normal distribution)
[INFO] [stdout] 
[INFO] [stdout] Secondary result "org.weakref.nitro.tpcds.BenchmarkQueries.query97:branch-misses":
[INFO] [stdout]   32254310.288 ±(99.9%) 7951425.455 #/op [Average]
[INFO] [stdout]   (min, avg, max) = (31753036.929, 32254310.288, 32543730.440), stdev = 435844.460
[INFO] [stdout]   CI (99.9%): [24302884.834, 40205735.743] (assumes normal distribution)
[INFO] [stdout] 
[INFO] [stdout] Secondary result "org.weakref.nitro.tpcds.BenchmarkQueries.query97:branches":
[INFO] [stdout]   3235560468.445 ±(99.9%) 133766346.880 #/op [Average]
[INFO] [stdout]   (min, avg, max) = (3229247195.256, 3235560468.445, 3243602580.539), stdev = 7332184.847
[INFO] [stdout]   CI (99.9%): [3101794121.565, 3369326815.325] (assumes normal distribution)
[INFO] [stdout] 
[INFO] [stdout] Secondary result "org.weakref.nitro.tpcds.BenchmarkQueries.query97:cycles":
[INFO] [stdout]   6529886585.886 ±(99.9%) 1357911949.536 #/op [Average]
[INFO] [stdout]   (min, avg, max) = (6452669059.925, 6529886585.886, 6601178273.929), stdev = 74431736.023
[INFO] [stdout]   CI (99.9%): [5171974636.350, 7887798535.422] (assumes normal distribution)
[INFO] [stdout] 
[INFO] [stdout] Secondary result "org.weakref.nitro.tpcds.BenchmarkQueries.query97:dTLB-load-misses":
[INFO] [stdout]   1274490.274 ±(99.9%) 22522441.400 #/op [Average]
[INFO] [stdout]   (min, avg, max) = (550770.892, 1274490.274, 2699947.404), stdev = 1234531.012
[INFO] [stdout]   CI (99.9%): [≈ 0, 23796931.675] (assumes normal distribution)
[INFO] [stdout] 
[INFO] [stdout] Secondary result "org.weakref.nitro.tpcds.BenchmarkQueries.query97:dTLB-loads":
[INFO] [stdout]   11463110.182 ±(99.9%) 81369129.850 #/op [Average]
[INFO] [stdout]   (min, avg, max) = (8817105.493, 11463110.182, 16612551.374), stdev = 4460116.575
[INFO] [stdout]   CI (99.9%): [≈ 0, 92832240.032] (assumes normal distribution)
[INFO] [stdout] 
[INFO] [stdout] Secondary result "org.weakref.nitro.tpcds.BenchmarkQueries.query97:gc.alloc.rate":
[INFO] [stdout]   934.486 ±(99.9%) 93.326 MB/sec [Average]
[INFO] [stdout]   (min, avg, max) = (762.973, 934.486, 1024.320), stdev = 87.297
[INFO] [stdout]   CI (99.9%): [841.160, 1027.812] (assumes normal distribution)
[INFO] [stdout] 
[INFO] [stdout] Secondary result "org.weakref.nitro.tpcds.BenchmarkQueries.query97:gc.alloc.rate.norm":
[INFO] [stdout]   1181873884.267 ±(99.9%) 104762431.322 B/op [Average]
[INFO] [stdout]   (min, avg, max) = (1003527072.000, 1181873884.267, 1253299024.000), stdev = 97994843.266
[INFO] [stdout]   CI (99.9%): [1077111452.945, 1286636315.589] (assumes normal distribution)
[INFO] [stdout] 
[INFO] [stdout] Secondary result "org.weakref.nitro.tpcds.BenchmarkQueries.query97:gc.count":
[INFO] [stdout]   9.000 ±(99.9%) 0.001 counts [Sum]
[INFO] [stdout]   (min, avg, max) = (≈ 0, 0.600, 1.000), stdev = 0.507
[INFO] [stdout]   CI (99.9%): [9.000, 9.000] (assumes normal distribution)
[INFO] [stdout] 
[INFO] [stdout] Secondary result "org.weakref.nitro.tpcds.BenchmarkQueries.query97:gc.time":
[INFO] [stdout]   460.000 ±(99.9%) 0.001 ms [Sum]
[INFO] [stdout]   (min, avg, max) = (≈ 0, 30.667, 157.000), stdev = 56.030
[INFO] [stdout]   CI (99.9%): [460.000, 460.000] (assumes normal distribution)
[INFO] [stdout] 
[INFO] [stdout] Secondary result "org.weakref.nitro.tpcds.BenchmarkQueries.query97:instructions":
[INFO] [stdout]   17934960155.880 ±(99.9%) 1314452317.727 #/op [Average]
[INFO] [stdout]   (min, avg, max) = (17859473633.230, 17934960155.880, 18002993329.257), stdev = 72049566.955
[INFO] [stdout]   CI (99.9%): [16620507838.153, 19249412473.607] (assumes normal distribution)
[INFO] [stdout] 
[INFO] [stdout] 
[INFO] [stdout] # Run complete. Total time: 00:01:02
[INFO] [stdout] 
[INFO] [stdout] REMEMBER: The numbers below are just data. To gain reusable insights, you need to follow up on
[INFO] [stdout] why the numbers are the way they are. Use profilers (see -prof, -lprof), design factorial
[INFO] [stdout] experiments, perform baseline and negative tests that provide experimental control, make sure
[INFO] [stdout] the benchmarking environment is safe on JVM/OS/HW level, ask for reviews from the domain experts.
[INFO] [stdout] Do not assume the numbers tell you what you want them to tell.
[INFO] [stdout] 
[INFO] [stdout] NOTE: Current JVM experimentally supports Compiler Blackholes, and they are in use. Please exercise
[INFO] [stdout] extra caution when trusting the results, look into the generated code to check the benchmark still
[INFO] [stdout] works, and factor in a small probability of new VM bugs. Additionally, while comparisons between
[INFO] [stdout] different JVMs are already problematic, the performance difference caused by different Blackhole
[INFO] [stdout] modes can be very significant. Please make sure you use the consistent Blackhole mode for comparisons.
[INFO] [stdout] 
[INFO] [stdout] Benchmark                                       Mode  Cnt            Score            Error      Units
[INFO] [stdout] BenchmarkQueries.query97                        avgt   15         1209.476 ±         88.014      ms/op
[INFO] [stdout] BenchmarkQueries.query97:CPI                    avgt    3            0.364 ±          0.062  clks/insn
[INFO] [stdout] BenchmarkQueries.query97:IPC                    avgt    3            2.747 ±          0.470  insns/clk
[INFO] [stdout] BenchmarkQueries.query97:L1-dcache-load-misses  avgt    3    195203380.490 ±   42926013.087       #/op
[INFO] [stdout] BenchmarkQueries.query97:L1-dcache-loads        avgt    3   9410518376.511 ± 1081021713.062       #/op
[INFO] [stdout] BenchmarkQueries.query97:branch-misses          avgt    3     32254310.288 ±    7951425.455       #/op
[INFO] [stdout] BenchmarkQueries.query97:branches               avgt    3   3235560468.445 ±  133766346.880       #/op
[INFO] [stdout] BenchmarkQueries.query97:cycles                 avgt    3   6529886585.886 ± 1357911949.536       #/op
[INFO] [stdout] BenchmarkQueries.query97:dTLB-load-misses       avgt    3      1274490.274 ±   22522441.400       #/op
[INFO] [stdout] BenchmarkQueries.query97:dTLB-loads             avgt    3     11463110.182 ±   81369129.850       #/op
[INFO] [stdout] BenchmarkQueries.query97:gc.alloc.rate          avgt   15          934.486 ±         93.326     MB/sec
[INFO] [stdout] BenchmarkQueries.query97:gc.alloc.rate.norm     avgt   15   1181873884.267 ±  104762431.322       B/op
[INFO] [stdout] BenchmarkQueries.query97:gc.count               avgt   15            9.000                      counts
[INFO] [stdout] BenchmarkQueries.query97:gc.time                avgt   15          460.000                          ms
[INFO] [stdout] BenchmarkQueries.query97:instructions           avgt    3  17934960155.880 ± 1314452317.727       #/op
[INFO] [stdout] 
[INFO] [stdout] Benchmark result is saved to benchmarks/sweeps/20260723-targeted/tpcds-q97-composite/preserved-hash-off-reverse-final-3fork.json
[INFO] ------------------------------------------------------------------------
[INFO] BUILD SUCCESS
[INFO] ------------------------------------------------------------------------
[INFO] Total time:  01:03 min (Wall Clock)
[INFO] Finished at: 2026-07-23T08:46:32Z
[INFO] ------------------------------------------------------------------------
[INFO] Njord session closed
Purged 11 log files (log available in /root/.mvnd/purge-2026-07-23.log)
