Execution time: 238ms
Managed allocation bytes: 534773760
Managed allocation count: 0
Managed peak bytes: 180355072
Result rows: 100
OperatorWall: Aggregation=46.0 CallbackSink=0.1 FilterProject=5.3 HashBuild=54.7 HashProbe=44.0 LocalExchange=0.0 LocalPartition=0.1 TableScan=80.6 TopN=0.6
OperatorRows(in/out): Aggregation=837628/551092 CallbackSink=100/0 FilterProject=684747/290304 HashBuild=1012871/0 HashProbe=1959833/1685924 LocalExchange=551040/551040 LocalPartition=551040/551040 TableScan=1971128/1971128 TopN=3369/100
ScanWall: 80.6ms  ComputeWall: 150.8ms  (sum 231.5ms)
PerNode:
  node=22 HashProbe raw=0 in=275520 out=267152
  node=23 HashProbe raw=0 in=267152 out=267101
  node=24 HashProbe raw=0 in=267101 out=13077
  node=26 FilterProject raw=0 in=13077 out=3369
  node=3 TableScan raw=1439749 in=287515 out=287515
  node=4 HashProbe raw=0 in=287515 out=287515
  node=5 HashProbe raw=0 in=287515 out=281782
  node=6 Aggregation raw=0 in=281782 out=275520
    hashtable.numRehashes=11 count=1 min=11 max=11
    hashtable.hashMode=2 count=1 min=2 max=2
    hashtable.numDistinct=275520 count=1 min=275520 max=275520
    hashtable.capacity=524288 count=1 min=524288 max=524288
  node=0 TableScan raw=73049 in=73049 out=73049
  node=1 FilterProject raw=0 in=73049 out=366
  node=2 TableScan raw=250000 in=250000 out=250000
  node=15 FilterProject raw=0 in=275520 out=274064
  node=16 Aggregation raw=0 in=274064 out=52
    hashtable.capacity=12802 count=1 min=12802 max=12802
    hashtable.hashMode=1 count=1 min=1 max=1
    hashtable.numDistinct=52 count=1 min=52 max=52
    hashtable.numRehashes=1 count=1 min=1 max=1
  node=17 FilterProject raw=0 in=52 out=52
  node=10 TableScan raw=1439749 in=287515 out=287515
  node=11 HashProbe raw=0 in=287515 out=287515
  node=12 HashProbe raw=0 in=287515 out=281782
  node=13 Aggregation raw=0 in=281782 out=275520
    hashtable.numRehashes=11 count=1 min=11 max=11
    hashtable.hashMode=2 count=1 min=2 max=2
    hashtable.numDistinct=275520 count=1 min=275520 max=275520
    hashtable.capacity=524288 count=1 min=524288 max=524288
  node=7 TableScan raw=73049 in=73049 out=73049
  node=8 FilterProject raw=0 in=73049 out=366
  node=9 TableScan raw=250000 in=250000 out=250000
  node=18 TableScan raw=500000 in=500000 out=500000
  node=19 TableScan raw=250000 in=250000 out=250000
  node=20 FilterProject raw=0 in=250000 out=12087
