[INFO] Processing build on daemon 3215483c
[INFO] Scanning for projects...
[INFO] Njord 0.9.4 session created
[INFO] BuildTimeEventSpy is registered.
[INFO] 
[INFO] Using the SmartBuilder implementation with a thread count of 7
[INFO] 
[INFO] -------------------------< org.weakref:nitro >--------------------------
[INFO] Building nitro 1-SNAPSHOT
[INFO]   from pom.xml
[INFO] --------------------------------[ jar ]---------------------------------
[WARNING] 2 problems were encountered while building the effective model for org.apache.yetus:audience-annotations:jar:0.5.0 during dependency collection step for project (use -X to see details)
[INFO] 
[INFO] --- exec:3.6.1:exec (benchmark) @ nitro ---
[WARNING] [stderr] WARNING: Using incubator modules: jdk.incubator.vector
[WARNING] [stderr] WARNING: A terminally deprecated method in sun.misc.Unsafe has been called
[WARNING] [stderr] WARNING: sun.misc.Unsafe::objectFieldOffset has been called by org.openjdk.jmh.util.Utils (file:/root/.m2/repository/org/openjdk/jmh/jmh-core/1.37/jmh-core-1.37.jar)
[WARNING] [stderr] WARNING: Please consider reporting this to the maintainers of class org.openjdk.jmh.util.Utils
[WARNING] [stderr] WARNING: sun.misc.Unsafe::objectFieldOffset will be removed in a future release
[INFO] [stdout] # JMH version: 1.37
[INFO] [stdout] # VM version: JDK 26.0.1, OpenJDK 64-Bit Server VM, 26.0.1+8
[INFO] [stdout] # VM invoker: /opt/java/openjdk/bin/java
[INFO] [stdout] # VM options: --enable-preview --add-modules=jdk.incubator.vector -Dnitro.clickbench.hits.path= -Xmx12g -XX:+UseTransparentHugePages -Dnitro.clickbench.hits.path=/root/data/clickbench
[INFO] [stdout] # Blackhole mode: compiler (auto-detected, use -Djmh.blackhole.autoDetect=false to disable)
[INFO] [stdout] # Warmup: 10 iterations, 1 s each
[INFO] [stdout] # Measurement: 10 iterations, 1 s each
[INFO] [stdout] # Timeout: 10 min per iteration
[INFO] [stdout] # Threads: 1 thread, will synchronize iterations
[INFO] [stdout] # Benchmark mode: Average time, time/op
[INFO] [stdout] # Benchmark: org.weakref.nitro.clickbench.BenchmarkQueries.query40
[INFO] [stdout] 
[INFO] [stdout] # Run progress: 0.00% complete, ETA 00:00:20
[INFO] [stdout] # Fork: 1 of 1
[INFO] [stdout] # Preparing profilers: LinuxPerfNormProfiler 
[INFO] [stdout] # Profilers consume stderr from target VM, use -v EXTRA to copy to console
[INFO] [stdout] # Warmup Iteration   1: 1382.544 ms/op
[INFO] [stdout] # Warmup Iteration   2: 678.600 ms/op
[INFO] [stdout] # Warmup Iteration   3: 633.321 ms/op
[INFO] [stdout] # Warmup Iteration   4: 630.375 ms/op
[INFO] [stdout] # Warmup Iteration   5: 625.132 ms/op
[INFO] [stdout] # Warmup Iteration   6: 624.368 ms/op
[INFO] [stdout] # Warmup Iteration   7: 626.218 ms/op
[INFO] [stdout] # Warmup Iteration   8: 621.167 ms/op
[INFO] [stdout] # Warmup Iteration   9: 626.860 ms/op
[INFO] [stdout] # Warmup Iteration  10: 618.403 ms/op
[INFO] [stdout] Iteration   1: 624.016 ms/op
[INFO] [stdout]                  gc.alloc.rate:      278.135 MB/sec
[INFO] [stdout]                  gc.alloc.rate.norm: 182007108.000 B/op
[INFO] [stdout]                  gc.count:           2.000 counts
[INFO] [stdout]                  gc.time:            12.000 ms
[INFO] [stdout] 
[INFO] [stdout] Iteration   2: 621.424 ms/op
[INFO] [stdout]                  gc.alloc.rate:      279.270 MB/sec
[INFO] [stdout]                  gc.alloc.rate.norm: 181998640.000 B/op
[INFO] [stdout]                  gc.count:           4.000 counts
[INFO] [stdout]                  gc.time:            11.000 ms
[INFO] [stdout] 
[INFO] [stdout] Iteration   3: 629.335 ms/op
[INFO] [stdout]                  gc.alloc.rate:      275.657 MB/sec
[INFO] [stdout]                  gc.alloc.rate.norm: 181927520.000 B/op
[INFO] [stdout]                  gc.count:           5.000 counts
[INFO] [stdout]                  gc.time:            15.000 ms
[INFO] [stdout] 
[INFO] [stdout] Iteration   4: 624.785 ms/op
[INFO] [stdout]                  gc.alloc.rate:      277.580 MB/sec
[INFO] [stdout]                  gc.alloc.rate.norm: 181869124.000 B/op
[INFO] [stdout]                  gc.count:           5.000 counts
[INFO] [stdout]                  gc.time:            15.000 ms
[INFO] [stdout] 
[INFO] [stdout] Iteration   5: 627.083 ms/op
[INFO] [stdout]                  gc.alloc.rate:      276.536 MB/sec
[INFO] [stdout]                  gc.alloc.rate.norm: 181867044.000 B/op
[INFO] [stdout]                  gc.count:           5.000 counts
[INFO] [stdout]                  gc.time:            16.000 ms
[INFO] [stdout] 
[INFO] [stdout] Iteration   6: 621.331 ms/op
[INFO] [stdout]                  gc.alloc.rate:      279.116 MB/sec
[INFO] [stdout]                  gc.alloc.rate.norm: 181864944.000 B/op
[INFO] [stdout]                  gc.count:           ≈ 0 counts
[INFO] [stdout] 
[INFO] [stdout] Iteration   7: 622.974 ms/op
[INFO] [stdout]                  gc.alloc.rate:      278.376 MB/sec
[INFO] [stdout]                  gc.alloc.rate.norm: 181863492.000 B/op
[INFO] [stdout]                  gc.count:           ≈ 0 counts
[INFO] [stdout] 
[INFO] [stdout] Iteration   8: 625.551 ms/op
[INFO] [stdout]                  gc.alloc.rate:      277.208 MB/sec
[INFO] [stdout]                  gc.alloc.rate.norm: 181849304.000 B/op
[INFO] [stdout]                  gc.count:           ≈ 0 counts
[INFO] [stdout] 
[INFO] [stdout] Iteration   9: 621.710 ms/op
[INFO] [stdout]                  gc.alloc.rate:      278.892 MB/sec
[INFO] [stdout]                  gc.alloc.rate.norm: 181829284.000 B/op
[INFO] [stdout]                  gc.count:           ≈ 0 counts
[INFO] [stdout] 
[INFO] [stdout] Iteration  10: 812.676 ms/op
[INFO] [stdout]                  gc.alloc.rate:      213.296 MB/sec
[INFO] [stdout]                  gc.alloc.rate.norm: 181774888.000 B/op
[INFO] [stdout]                  gc.count:           ≈ 0 counts
[INFO] [stdout] 
[INFO] [stdout] # Processing profiler results: LinuxPerfNormProfiler 
[INFO] [stdout] 
[INFO] [stdout] 
[INFO] [stdout] Result "org.weakref.nitro.clickbench.BenchmarkQueries.query40":
[INFO] [stdout]   643.088 ±(99.9%) 90.173 ms/op [Average]
[INFO] [stdout]   (min, avg, max) = (621.331, 643.088, 812.676), stdev = 59.644
[INFO] [stdout]   CI (99.9%): [552.916, 733.261] (assumes normal distribution)
[INFO] [stdout] 
[INFO] [stdout] Secondary result "org.weakref.nitro.clickbench.BenchmarkQueries.query40:CPI":
[INFO] [stdout]   0.341 clks/insn
[INFO] [stdout] 
[INFO] [stdout] Secondary result "org.weakref.nitro.clickbench.BenchmarkQueries.query40:IPC":
[INFO] [stdout]   2.932 insns/clk
[INFO] [stdout] 
[INFO] [stdout] Secondary result "org.weakref.nitro.clickbench.BenchmarkQueries.query40:L1-dcache-load-misses":
[INFO] [stdout]   103944790.644 #/op
[INFO] [stdout] 
[INFO] [stdout] Secondary result "org.weakref.nitro.clickbench.BenchmarkQueries.query40:L1-dcache-loads":
[INFO] [stdout]   4643021683.311 #/op
[INFO] [stdout] 
[INFO] [stdout] Secondary result "org.weakref.nitro.clickbench.BenchmarkQueries.query40:L1-icache-load-misses":
[INFO] [stdout]   6075499.590 #/op
[INFO] [stdout] 
[INFO] [stdout] Secondary result "org.weakref.nitro.clickbench.BenchmarkQueries.query40:L1-icache-loads":
[INFO] [stdout]   92142469.026 #/op
[INFO] [stdout] 
[INFO] [stdout] Secondary result "org.weakref.nitro.clickbench.BenchmarkQueries.query40:branch-misses":
[INFO] [stdout]   29746479.855 #/op
[INFO] [stdout] 
[INFO] [stdout] Secondary result "org.weakref.nitro.clickbench.BenchmarkQueries.query40:branches":
[INFO] [stdout]   2190834976.690 #/op
[INFO] [stdout] 
[INFO] [stdout] Secondary result "org.weakref.nitro.clickbench.BenchmarkQueries.query40:cycles":
[INFO] [stdout]   3590924914.351 #/op
[INFO] [stdout] 
[INFO] [stdout] Secondary result "org.weakref.nitro.clickbench.BenchmarkQueries.query40:dTLB-load-misses":
[INFO] [stdout]   189969.070 #/op
[INFO] [stdout] 
[INFO] [stdout] Secondary result "org.weakref.nitro.clickbench.BenchmarkQueries.query40:dTLB-loads":
[INFO] [stdout]   2455303.609 #/op
[INFO] [stdout] 
[INFO] [stdout] Secondary result "org.weakref.nitro.clickbench.BenchmarkQueries.query40:gc.alloc.rate":
[INFO] [stdout]   271.407 ±(99.9%) 30.919 MB/sec [Average]
[INFO] [stdout]   (min, avg, max) = (213.296, 271.407, 279.270), stdev = 20.451
[INFO] [stdout]   CI (99.9%): [240.488, 302.325] (assumes normal distribution)
[INFO] [stdout] 
[INFO] [stdout] Secondary result "org.weakref.nitro.clickbench.BenchmarkQueries.query40:gc.alloc.rate.norm":
[INFO] [stdout]   181885134.800 ±(99.9%) 109920.118 B/op [Average]
[INFO] [stdout]   (min, avg, max) = (181774888.000, 181885134.800, 182007108.000), stdev = 72705.352
[INFO] [stdout]   CI (99.9%): [181775214.682, 181995054.918] (assumes normal distribution)
[INFO] [stdout] 
[INFO] [stdout] Secondary result "org.weakref.nitro.clickbench.BenchmarkQueries.query40:gc.count":
[INFO] [stdout]   21.000 ±(99.9%) 0.001 counts [Sum]
[INFO] [stdout]   (min, avg, max) = (≈ 0, 2.100, 5.000), stdev = 2.378
[INFO] [stdout]   CI (99.9%): [21.000, 21.000] (assumes normal distribution)
[INFO] [stdout] 
[INFO] [stdout] Secondary result "org.weakref.nitro.clickbench.BenchmarkQueries.query40:gc.time":
[INFO] [stdout]   69.000 ±(99.9%) 0.001 ms [Sum]
[INFO] [stdout]   (min, avg, max) = (≈ 0, 6.900, 16.000), stdev = 7.415
[INFO] [stdout]   CI (99.9%): [69.000, 69.000] (assumes normal distribution)
[INFO] [stdout] 
[INFO] [stdout] Secondary result "org.weakref.nitro.clickbench.BenchmarkQueries.query40:iTLB-load-misses":
[INFO] [stdout]   14033.200 #/op
[INFO] [stdout] 
[INFO] [stdout] Secondary result "org.weakref.nitro.clickbench.BenchmarkQueries.query40:iTLB-loads":
[INFO] [stdout]   819483.484 #/op
[INFO] [stdout] 
[INFO] [stdout] Secondary result "org.weakref.nitro.clickbench.BenchmarkQueries.query40:instructions":
[INFO] [stdout]   10529129438.383 #/op
[INFO] [stdout] 
[INFO] [stdout] Secondary result "org.weakref.nitro.clickbench.BenchmarkQueries.query40:stalled-cycles-frontend":
[INFO] [stdout]   870896692.272 #/op
[INFO] [stdout] 
[INFO] [stdout] 
[INFO] [stdout] # Run complete. Total time: 00:00:25
[INFO] [stdout] 
[INFO] [stdout] REMEMBER: The numbers below are just data. To gain reusable insights, you need to follow up on
[INFO] [stdout] why the numbers are the way they are. Use profilers (see -prof, -lprof), design factorial
[INFO] [stdout] experiments, perform baseline and negative tests that provide experimental control, make sure
[INFO] [stdout] the benchmarking environment is safe on JVM/OS/HW level, ask for reviews from the domain experts.
[INFO] [stdout] Do not assume the numbers tell you what you want them to tell.
[INFO] [stdout] 
[INFO] [stdout] NOTE: Current JVM experimentally supports Compiler Blackholes, and they are in use. Please exercise
[INFO] [stdout] extra caution when trusting the results, look into the generated code to check the benchmark still
[INFO] [stdout] works, and factor in a small probability of new VM bugs. Additionally, while comparisons between
[INFO] [stdout] different JVMs are already problematic, the performance difference caused by different Blackhole
[INFO] [stdout] modes can be very significant. Please make sure you use the consistent Blackhole mode for comparisons.
[INFO] [stdout] 
[INFO] [stdout] Benchmark                                         Mode  Cnt            Score        Error      Units
[INFO] [stdout] BenchmarkQueries.query40                          avgt   10          643.088 ±     90.173      ms/op
[INFO] [stdout] BenchmarkQueries.query40:CPI                      avgt                 0.341               clks/insn
[INFO] [stdout] BenchmarkQueries.query40:IPC                      avgt                 2.932               insns/clk
[INFO] [stdout] BenchmarkQueries.query40:L1-dcache-load-misses    avgt         103944790.644                    #/op
[INFO] [stdout] BenchmarkQueries.query40:L1-dcache-loads          avgt        4643021683.311                    #/op
[INFO] [stdout] BenchmarkQueries.query40:L1-icache-load-misses    avgt           6075499.590                    #/op
[INFO] [stdout] BenchmarkQueries.query40:L1-icache-loads          avgt          92142469.026                    #/op
[INFO] [stdout] BenchmarkQueries.query40:branch-misses            avgt          29746479.855                    #/op
[INFO] [stdout] BenchmarkQueries.query40:branches                 avgt        2190834976.690                    #/op
[INFO] [stdout] BenchmarkQueries.query40:cycles                   avgt        3590924914.351                    #/op
[INFO] [stdout] BenchmarkQueries.query40:dTLB-load-misses         avgt            189969.070                    #/op
[INFO] [stdout] BenchmarkQueries.query40:dTLB-loads               avgt           2455303.609                    #/op
[INFO] [stdout] BenchmarkQueries.query40:gc.alloc.rate            avgt   10          271.407 ±     30.919     MB/sec
[INFO] [stdout] BenchmarkQueries.query40:gc.alloc.rate.norm       avgt   10    181885134.800 ± 109920.118       B/op
[INFO] [stdout] BenchmarkQueries.query40:gc.count                 avgt   10           21.000                  counts
[INFO] [stdout] BenchmarkQueries.query40:gc.time                  avgt   10           69.000                      ms
[INFO] [stdout] BenchmarkQueries.query40:iTLB-load-misses         avgt             14033.200                    #/op
[INFO] [stdout] BenchmarkQueries.query40:iTLB-loads               avgt            819483.484                    #/op
[INFO] [stdout] BenchmarkQueries.query40:instructions             avgt       10529129438.383                    #/op
[INFO] [stdout] BenchmarkQueries.query40:stalled-cycles-frontend  avgt         870896692.272                    #/op
[INFO] [stdout] 
[INFO] [stdout] Benchmark result is saved to benchmarks/sweeps/20260722-targeted/clickbench-q40-current/long-warmup-screen.json
[INFO] ------------------------------------------------------------------------
[INFO] BUILD SUCCESS
[INFO] ------------------------------------------------------------------------
[INFO] Total time:  27.540 s (Wall Clock)
[INFO] Finished at: 2026-07-22T16:42:46Z
[INFO] ------------------------------------------------------------------------
[INFO] Njord session closed
