[INFO] Processing build on daemon 5ec6a16c
[INFO] Scanning for projects...
[INFO] Njord 0.9.4 session created
[INFO] BuildTimeEventSpy is registered.
[INFO] 
[INFO] Using the SmartBuilder implementation with a thread count of 7
[INFO] 
[INFO] -------------------------< org.weakref:nitro >--------------------------
[INFO] Building nitro 1-SNAPSHOT
[INFO]   from pom.xml
[INFO] --------------------------------[ jar ]---------------------------------
[WARNING] 2 problems were encountered while building the effective model for org.apache.yetus:audience-annotations:jar:0.5.0 during dependency collection step for project (use -X to see details)
[INFO] 
[INFO] --- exec:3.6.1:exec (benchmark) @ nitro ---
[WARNING] [stderr] WARNING: Using incubator modules: jdk.incubator.vector
[WARNING] [stderr] WARNING: A terminally deprecated method in sun.misc.Unsafe has been called
[WARNING] [stderr] WARNING: sun.misc.Unsafe::objectFieldOffset has been called by org.openjdk.jmh.util.Utils (file:/root/.m2/repository/org/openjdk/jmh/jmh-core/1.37/jmh-core-1.37.jar)
[WARNING] [stderr] WARNING: Please consider reporting this to the maintainers of class org.openjdk.jmh.util.Utils
[WARNING] [stderr] WARNING: sun.misc.Unsafe::objectFieldOffset will be removed in a future release
[INFO] [stdout] # JMH version: 1.37
[INFO] [stdout] # VM version: JDK 26.0.1, OpenJDK 64-Bit Server VM, 26.0.1+8
[INFO] [stdout] # VM invoker: /opt/java/openjdk/bin/java
[INFO] [stdout] # VM options: --enable-preview --add-modules=jdk.incubator.vector -Dnitro.clickbench.hits.path= -Xmx12g -XX:+UseTransparentHugePages -Dnitro.tpcds.parquet.path=/root/data/tpcds-parquet-sf10
[INFO] [stdout] # Blackhole mode: compiler (auto-detected, use -Djmh.blackhole.autoDetect=false to disable)
[INFO] [stdout] # Warmup: 5 iterations, 1 s each
[INFO] [stdout] # Measurement: 3 iterations, 1 s each
[INFO] [stdout] # Timeout: 30 min per iteration
[INFO] [stdout] # Threads: 1 thread, will synchronize iterations
[INFO] [stdout] # Benchmark mode: Average time, time/op
[INFO] [stdout] # Benchmark: org.weakref.nitro.tpcds.BenchmarkQueries.query35
[INFO] [stdout] 
[INFO] [stdout] # Run progress: 0.00% complete, ETA 00:00:24
[INFO] [stdout] # Fork: 1 of 3
[INFO] [stdout] # Preparing profilers: LinuxPerfNormProfiler 
[INFO] [stdout] # Profilers consume stderr from target VM, use -v EXTRA to copy to console
[INFO] [stdout] # Warmup Iteration   1: 1222.781 ms/op
[INFO] [stdout] # Warmup Iteration   2: 459.757 ms/op
[INFO] [stdout] # Warmup Iteration   3: 422.192 ms/op
[INFO] [stdout] # Warmup Iteration   4: 413.634 ms/op
[INFO] [stdout] # Warmup Iteration   5: 435.067 ms/op
[INFO] [stdout] Iteration   1: 414.811 ms/op
[INFO] [stdout]                  gc.alloc.rate:      245.552 MB/sec
[INFO] [stdout]                  gc.alloc.rate.norm: 106816240.000 B/op
[INFO] [stdout]                  gc.count:           ≈ 0 counts
[INFO] [stdout] 
[INFO] [stdout] Iteration   2: 409.484 ms/op
[INFO] [stdout]                  gc.alloc.rate:      253.923 MB/sec
[INFO] [stdout]                  gc.alloc.rate.norm: 109039224.000 B/op
[INFO] [stdout]                  gc.count:           ≈ 0 counts
[INFO] [stdout] 
[INFO] [stdout] Iteration   3: 422.006 ms/op
[INFO] [stdout]                  gc.alloc.rate:      247.332 MB/sec
[INFO] [stdout]                  gc.alloc.rate.norm: 109457570.667 B/op
[INFO] [stdout]                  gc.count:           1.000 counts
[INFO] [stdout]                  gc.time:            36.000 ms
[INFO] [stdout] 
[INFO] [stdout] # Processing profiler results: LinuxPerfNormProfiler 
[INFO] [stdout] 
[INFO] [stdout] # Run progress: 33.33% complete, ETA 00:00:20
[INFO] [stdout] # Fork: 2 of 3
[INFO] [stdout] # Preparing profilers: LinuxPerfNormProfiler 
[INFO] [stdout] # Profilers consume stderr from target VM, use -v EXTRA to copy to console
[INFO] [stdout] # Warmup Iteration   1: 1234.181 ms/op
[INFO] [stdout] # Warmup Iteration   2: 455.621 ms/op
[INFO] [stdout] # Warmup Iteration   3: 419.876 ms/op
[INFO] [stdout] # Warmup Iteration   4: 412.768 ms/op
[INFO] [stdout] # Warmup Iteration   5: 407.760 ms/op
[INFO] [stdout] Iteration   1: 404.218 ms/op
[INFO] [stdout]                  gc.alloc.rate:      258.897 MB/sec
[INFO] [stdout]                  gc.alloc.rate.norm: 109747570.667 B/op
[INFO] [stdout]                  gc.count:           ≈ 0 counts
[INFO] [stdout] 
[INFO] [stdout] Iteration   2: 407.597 ms/op
[INFO] [stdout]                  gc.alloc.rate:      259.015 MB/sec
[INFO] [stdout]                  gc.alloc.rate.norm: 110715384.000 B/op
[INFO] [stdout]                  gc.count:           1.000 counts
[INFO] [stdout]                  gc.time:            7.000 ms
[INFO] [stdout] 
[INFO] [stdout] Iteration   3: 403.426 ms/op
[INFO] [stdout]                  gc.alloc.rate:      260.697 MB/sec
[INFO] [stdout]                  gc.alloc.rate.norm: 110293845.333 B/op
[INFO] [stdout]                  gc.count:           ≈ 0 counts
[INFO] [stdout] 
[INFO] [stdout] # Processing profiler results: LinuxPerfNormProfiler 
[INFO] [stdout] 
[INFO] [stdout] # Run progress: 66.67% complete, ETA 00:00:10
[INFO] [stdout] # Fork: 3 of 3
[INFO] [stdout] # Preparing profilers: LinuxPerfNormProfiler 
[INFO] [stdout] # Profilers consume stderr from target VM, use -v EXTRA to copy to console
[INFO] [stdout] # Warmup Iteration   1: 1236.735 ms/op
[INFO] [stdout] # Warmup Iteration   2: 455.671 ms/op
[INFO] [stdout] # Warmup Iteration   3: 423.612 ms/op
[INFO] [stdout] # Warmup Iteration   4: 417.975 ms/op
[INFO] [stdout] # Warmup Iteration   5: 409.214 ms/op
[INFO] [stdout] Iteration   1: 406.403 ms/op
[INFO] [stdout]                  gc.alloc.rate:      252.601 MB/sec
[INFO] [stdout]                  gc.alloc.rate.norm: 107656861.333 B/op
[INFO] [stdout]                  gc.count:           ≈ 0 counts
[INFO] [stdout] 
[INFO] [stdout] Iteration   2: 408.932 ms/op
[INFO] [stdout]                  gc.alloc.rate:      255.243 MB/sec
[INFO] [stdout]                  gc.alloc.rate.norm: 109459805.333 B/op
[INFO] [stdout]                  gc.count:           1.000 counts
[INFO] [stdout]                  gc.time:            7.000 ms
[INFO] [stdout] 
[INFO] [stdout] Iteration   3: 405.241 ms/op
[INFO] [stdout]                  gc.alloc.rate:      258.227 MB/sec
[INFO] [stdout]                  gc.alloc.rate.norm: 109739752.000 B/op
[INFO] [stdout]                  gc.count:           ≈ 0 counts
[INFO] [stdout] 
[INFO] [stdout] # Processing profiler results: LinuxPerfNormProfiler 
[INFO] [stdout] 
[INFO] [stdout] 
[INFO] [stdout] Result "org.weakref.nitro.tpcds.BenchmarkQueries.query35":
[INFO] [stdout]   409.124 ±(99.9%) 9.938 ms/op [Average]
[INFO] [stdout]   (min, avg, max) = (403.426, 409.124, 422.006), stdev = 5.914
[INFO] [stdout]   CI (99.9%): [399.186, 419.062] (assumes normal distribution)
[INFO] [stdout] 
[INFO] [stdout] Secondary result "org.weakref.nitro.tpcds.BenchmarkQueries.query35:CPI":
[INFO] [stdout]   0.267 ±(99.9%) 0.048 clks/insn [Average]
[INFO] [stdout]   (min, avg, max) = (0.265, 0.267, 0.270), stdev = 0.003
[INFO] [stdout]   CI (99.9%): [0.219, 0.316] (assumes normal distribution)
[INFO] [stdout] 
[INFO] [stdout] Secondary result "org.weakref.nitro.tpcds.BenchmarkQueries.query35:IPC":
[INFO] [stdout]   3.742 ±(99.9%) 0.675 insns/clk [Average]
[INFO] [stdout]   (min, avg, max) = (3.700, 3.742, 3.770), stdev = 0.037
[INFO] [stdout]   CI (99.9%): [3.067, 4.417] (assumes normal distribution)
[INFO] [stdout] 
[INFO] [stdout] Secondary result "org.weakref.nitro.tpcds.BenchmarkQueries.query35:L1-dcache-load-misses":
[INFO] [stdout]   62014108.408 ±(99.9%) 49057440.854 #/op [Average]
[INFO] [stdout]   (min, avg, max) = (60368270.402, 62014108.408, 65117192.922), stdev = 2689003.870
[INFO] [stdout]   CI (99.9%): [12956667.554, 111071549.261] (assumes normal distribution)
[INFO] [stdout] 
[INFO] [stdout] Secondary result "org.weakref.nitro.tpcds.BenchmarkQueries.query35:L1-dcache-loads":
[INFO] [stdout]   3684700854.906 ±(99.9%) 1110003699.266 #/op [Average]
[INFO] [stdout]   (min, avg, max) = (3631106597.628, 3684700854.906, 3750837762.600), stdev = 60843048.296
[INFO] [stdout]   CI (99.9%): [2574697155.640, 4794704554.171] (assumes normal distribution)
[INFO] [stdout] 
[INFO] [stdout] Secondary result "org.weakref.nitro.tpcds.BenchmarkQueries.query35:branch-misses":
[INFO] [stdout]   12166026.016 ±(99.9%) 7031029.700 #/op [Average]
[INFO] [stdout]   (min, avg, max) = (11775907.075, 12166026.016, 12546515.530), stdev = 385394.463
[INFO] [stdout]   CI (99.9%): [5134996.316, 19197055.716] (assumes normal distribution)
[INFO] [stdout] 
[INFO] [stdout] Secondary result "org.weakref.nitro.tpcds.BenchmarkQueries.query35:branches":
[INFO] [stdout]   1698391609.631 ±(99.9%) 469299948.475 #/op [Average]
[INFO] [stdout]   (min, avg, max) = (1672687370.883, 1698391609.631, 1724135153.357), stdev = 25723913.758
[INFO] [stdout]   CI (99.9%): [1229091661.155, 2167691558.106] (assumes normal distribution)
[INFO] [stdout] 
[INFO] [stdout] Secondary result "org.weakref.nitro.tpcds.BenchmarkQueries.query35:cycles":
[INFO] [stdout]   2254898648.318 ±(99.9%) 972456144.995 #/op [Average]
[INFO] [stdout]   (min, avg, max) = (2207206270.823, 2254898648.318, 2312439820.503), stdev = 53303602.713
[INFO] [stdout]   CI (99.9%): [1282442503.323, 3227354793.313] (assumes normal distribution)
[INFO] [stdout] 
[INFO] [stdout] Secondary result "org.weakref.nitro.tpcds.BenchmarkQueries.query35:dTLB-load-misses":
[INFO] [stdout]   74042.599 ±(99.9%) 403951.707 #/op [Average]
[INFO] [stdout]   (min, avg, max) = (54615.059, 74042.599, 98150.612), stdev = 22141.956
[INFO] [stdout]   CI (99.9%): [≈ 0, 477994.307] (assumes normal distribution)
[INFO] [stdout] 
[INFO] [stdout] Secondary result "org.weakref.nitro.tpcds.BenchmarkQueries.query35:dTLB-loads":
[INFO] [stdout]   997808.282 ±(99.9%) 7248170.411 #/op [Average]
[INFO] [stdout]   (min, avg, max) = (618207.941, 997808.282, 1410705.598), stdev = 397296.678
[INFO] [stdout]   CI (99.9%): [≈ 0, 8245978.693] (assumes normal distribution)
[INFO] [stdout] 
[INFO] [stdout] Secondary result "org.weakref.nitro.tpcds.BenchmarkQueries.query35:gc.alloc.rate":
[INFO] [stdout]   254.610 ±(99.9%) 8.968 MB/sec [Average]
[INFO] [stdout]   (min, avg, max) = (245.552, 254.610, 260.697), stdev = 5.337
[INFO] [stdout]   CI (99.9%): [245.641, 263.578] (assumes normal distribution)
[INFO] [stdout] 
[INFO] [stdout] Secondary result "org.weakref.nitro.tpcds.BenchmarkQueries.query35:gc.alloc.rate.norm":
[INFO] [stdout]   109214028.148 ±(99.9%) 2084142.718 B/op [Average]
[INFO] [stdout]   (min, avg, max) = (106816240.000, 109214028.148, 110715384.000), stdev = 1240239.901
[INFO] [stdout]   CI (99.9%): [107129885.431, 111298170.866] (assumes normal distribution)
[INFO] [stdout] 
[INFO] [stdout] Secondary result "org.weakref.nitro.tpcds.BenchmarkQueries.query35:gc.count":
[INFO] [stdout]   3.000 ±(99.9%) 0.001 counts [Sum]
[INFO] [stdout]   (min, avg, max) = (≈ 0, 0.333, 1.000), stdev = 0.500
[INFO] [stdout]   CI (99.9%): [3.000, 3.000] (assumes normal distribution)
[INFO] [stdout] 
[INFO] [stdout] Secondary result "org.weakref.nitro.tpcds.BenchmarkQueries.query35:gc.time":
[INFO] [stdout]   50.000 ±(99.9%) 0.001 ms [Sum]
[INFO] [stdout]   (min, avg, max) = (≈ 0, 5.556, 36.000), stdev = 11.812
[INFO] [stdout]   CI (99.9%): [50.000, 50.000] (assumes normal distribution)
[INFO] [stdout] 
[INFO] [stdout] Secondary result "org.weakref.nitro.tpcds.BenchmarkQueries.query35:instructions":
[INFO] [stdout]   8436889365.770 ±(99.9%) 2456028589.630 #/op [Average]
[INFO] [stdout]   (min, avg, max) = (8290928508.647, 8436889365.770, 8556183734.155), stdev = 134623214.495
[INFO] [stdout]   CI (99.9%): [5980860776.140, 10892917955.400] (assumes normal distribution)
[INFO] [stdout] 
[INFO] [stdout] 
[INFO] [stdout] # Run complete. Total time: 00:00:30
[INFO] [stdout] 
[INFO] [stdout] REMEMBER: The numbers below are just data. To gain reusable insights, you need to follow up on
[INFO] [stdout] why the numbers are the way they are. Use profilers (see -prof, -lprof), design factorial
[INFO] [stdout] experiments, perform baseline and negative tests that provide experimental control, make sure
[INFO] [stdout] the benchmarking environment is safe on JVM/OS/HW level, ask for reviews from the domain experts.
[INFO] [stdout] Do not assume the numbers tell you what you want them to tell.
[INFO] [stdout] 
[INFO] [stdout] NOTE: Current JVM experimentally supports Compiler Blackholes, and they are in use. Please exercise
[INFO] [stdout] extra caution when trusting the results, look into the generated code to check the benchmark still
[INFO] [stdout] works, and factor in a small probability of new VM bugs. Additionally, while comparisons between
[INFO] [stdout] different JVMs are already problematic, the performance difference caused by different Blackhole
[INFO] [stdout] modes can be very significant. Please make sure you use the consistent Blackhole mode for comparisons.
[INFO] [stdout] 
[INFO] [stdout] Benchmark                                       Mode  Cnt           Score            Error      Units
[INFO] [stdout] BenchmarkQueries.query35                        avgt    9         409.124 ±          9.938      ms/op
[INFO] [stdout] BenchmarkQueries.query35:CPI                    avgt    3           0.267 ±          0.048  clks/insn
[INFO] [stdout] BenchmarkQueries.query35:IPC                    avgt    3           3.742 ±          0.675  insns/clk
[INFO] [stdout] BenchmarkQueries.query35:L1-dcache-load-misses  avgt    3    62014108.408 ±   49057440.854       #/op
[INFO] [stdout] BenchmarkQueries.query35:L1-dcache-loads        avgt    3  3684700854.906 ± 1110003699.266       #/op
[INFO] [stdout] BenchmarkQueries.query35:branch-misses          avgt    3    12166026.016 ±    7031029.700       #/op
[INFO] [stdout] BenchmarkQueries.query35:branches               avgt    3  1698391609.631 ±  469299948.475       #/op
[INFO] [stdout] BenchmarkQueries.query35:cycles                 avgt    3  2254898648.318 ±  972456144.995       #/op
[INFO] [stdout] BenchmarkQueries.query35:dTLB-load-misses       avgt    3       74042.599 ±     403951.707       #/op
[INFO] [stdout] BenchmarkQueries.query35:dTLB-loads             avgt    3      997808.282 ±    7248170.411       #/op
[INFO] [stdout] BenchmarkQueries.query35:gc.alloc.rate          avgt    9         254.610 ±          8.968     MB/sec
[INFO] [stdout] BenchmarkQueries.query35:gc.alloc.rate.norm     avgt    9   109214028.148 ±    2084142.718       B/op
[INFO] [stdout] BenchmarkQueries.query35:gc.count               avgt    9           3.000                      counts
[INFO] [stdout] BenchmarkQueries.query35:gc.time                avgt    9          50.000                          ms
[INFO] [stdout] BenchmarkQueries.query35:instructions           avgt    3  8436889365.770 ± 2456028589.630       #/op
[INFO] [stdout] 
[INFO] [stdout] Benchmark result is saved to benchmarks/sweeps/20260721-targeted/fused-minmax-shared-null/tpcds-q35-publication-3fork.json
[INFO] ------------------------------------------------------------------------
[INFO] BUILD SUCCESS
[INFO] ------------------------------------------------------------------------
[INFO] Total time:  32.223 s (Wall Clock)
[INFO] Finished at: 2026-07-21T05:24:14Z
[INFO] ------------------------------------------------------------------------
[INFO] Njord session closed
