[INFO] Enabling strict checksum verification on all artifact downloads.
[INFO] Processing build on daemon bda8d148
[INFO] Scanning for projects...
[INFO] Loaded 0 groupId for remote repository maven-central
[INFO] Loaded 0 groupId for remote repository google-maven-central-copy
[INFO] Njord 0.9.9 session created
[INFO] BuildTimeEventSpy is registered.
[INFO] 
[INFO] Using the SmartBuilder implementation with a thread count of 7
[INFO] 
[INFO] ------------------------< io.trino:trino-tests >------------------------
[INFO] Building trino-tests 484-SNAPSHOT
[INFO]   from pom.xml
[INFO] --------------------------------[ jar ]---------------------------------
[INFO] Loaded 0 groupId for remote repository ossrh
[INFO] Loaded 0 groupId for remote repository repo.gradle.org
[INFO] Loaded 0 groupId for remote repository central.maven.org
[INFO] 
[INFO] --- enforcer:3.6.3:enforce (default) @ trino-tests ---
[INFO] Rule 0: org.apache.maven.enforcer.rules.dependency.BannedDependencies passed
[INFO] Rule 1: org.apache.maven.plugins.enforcer.RestrictImports passed
[INFO] Rule 2: org.apache.maven.plugins.enforcer.RestrictImports passed
[INFO] Rule 3: org.apache.maven.plugins.enforcer.RestrictImports passed
[INFO] Rule 4: org.apache.maven.plugins.enforcer.RestrictImports passed
[INFO] Rule 5: org.apache.maven.enforcer.rules.RequireProfileIdsExist passed
[INFO] Rule 6: org.codehaus.mojo.extraenforcer.model.RequirePropertyDiverges passed
[INFO] Rule 7: org.apache.maven.enforcer.rules.property.RequireProperty passed
[INFO] Rule 8: org.apache.maven.enforcer.rules.RequireJavaVendor passed
[INFO] Rule 9: org.apache.maven.enforcer.rules.BanDuplicatePomDependencyVersions passed
[INFO] Rule 10: org.apache.maven.enforcer.rules.dependency.RequireUpperBoundDeps passed
[INFO] Rule 11: org.apache.maven.enforcer.rules.version.RequireMavenVersion passed
[INFO] Rule 12: org.apache.maven.enforcer.rules.version.RequireJavaVersion passed
[INFO] Rule 13: org.codehaus.mojo.extraenforcer.dependencies.EnforceBytecodeVersion passed
[INFO] Rule 14: org.apache.maven.enforcer.rules.RequirePluginVersions passed
[INFO] 
[INFO] --- sortpom:4.0.0:verify (default) @ trino-tests ---
[INFO] Verifying file /root/notes/trino.nitro/testing/trino-tests/pom.xml
[INFO] 
[INFO] --- license:5.0.0:check (default) @ trino-tests ---
[INFO] Checking licenses...
[INFO] 
[INFO] --- airstyle:9:check (airstyle) @ trino-tests ---
[INFO] All 143 files are already formatted
[INFO] 
[INFO] --- checkstyle:3.6.0:check (checkstyle) @ trino-tests ---
[INFO] You have 0 Checkstyle violations.
[INFO] 
[INFO] --- git-commit-id:10.0.0:revision (default) @ trino-tests ---
[INFO] 
[INFO] --- build-helper:3.6.1:bsh-property (surefire-enable-preview) @ trino-tests ---
[INFO] 
[INFO] --- jacoco:0.8.15:prepare-agent (default) @ trino-tests ---
[INFO] Skipping JaCoCo execution because property jacoco.skip is set.
[INFO] 
[INFO] --- resources:3.5.0:resources (default-resources) @ trino-tests ---
[INFO] skip non existing resourceDirectory /root/notes/trino.nitro/testing/trino-tests/src/main/resources
[INFO] 
[INFO] --- compiler:3.15.0:compile (default-compile) @ trino-tests ---
[INFO] Nothing to compile - all classes are up to date.
[INFO] 
[INFO] --- resources:3.5.0:testResources (default-testResources) @ trino-tests ---
[INFO] Copying 266 resources from src/test/resources to target/test-classes
[INFO] 
[INFO] --- compiler:3.15.0:testCompile (default-testCompile) @ trino-tests ---
[INFO] Nothing to compile - all classes are up to date.
[INFO] 
[INFO] --- dependency:3.11.0:analyze-only (default) @ trino-tests ---
[INFO] No dependency problems found
[INFO] 
[INFO] --- dependency:3.11.0:analyze-duplicate (default) @ trino-tests ---
[INFO] No duplicate dependencies found in <dependencies/> or in <dependencyManagement/>
[INFO] 
[INFO] --- duplicate-finder:2.0.1:check (default) @ trino-tests ---
[INFO] Checking compile classpath
[INFO] Checking runtime classpath
[INFO] Checking test classpath
[INFO] 
[INFO] --- modernizer:3.4.0:modernizer (modernizer) @ trino-tests ---
[INFO] 
[INFO] --- modernizer:3.4.0:modernizer (modernizer-production-code) @ trino-tests ---
[INFO] 
[INFO] --- surefire:3.5.6:test (default-test) @ trino-tests ---
[INFO] Tests will run in random order. To reproduce ordering use flag -Dsurefire.runOrder.random.seed=4092940061789879
[INFO] Using auto detected provider org.apache.maven.surefire.junitplatform.JUnitPlatformProvider
[INFO] 
[INFO] -------------------------------------------------------
[INFO]  T E S T S
[INFO] -------------------------------------------------------
[WARNING] [stderr] WARNING: Using incubator modules: jdk.incubator.vector
[WARNING] [stderr] 2026-08-03T03:40:59.951-0600	INFO	ForkJoinPool-1-worker-1	io.airlift.log.Logging	Logging to stderr
[INFO] Running io.trino.tests.nitro.TestNitroClickBenchQueries
[WARNING] [stderr] 2026-08-03T03:41:00.840-0600	INFO	ForkJoinPool-1-worker-1	io.trino.simd.BlockEncodingSimdSupport	Detected SIMD Support for architecture=amd64, vectorBitWidth=512: SimdSupport[capabilities=[COMPRESS_BYTE, EXPAND_BYTE, COMPRESS_SHORT, EXPAND_SHORT, COMPRESS_INT, EXPAND_INT, COMPRESS_LONG, EXPAND_LONG]]
[WARNING] [stderr] WARNING: A restricted method in java.lang.System has been called
[WARNING] [stderr] WARNING: java.lang.System::loadLibrary has been called by com.aayushatharva.brotli4j.Brotli4jLoader in an unnamed module (file:/root/.m2/repository/remote-cache/com/aayushatharva/brotli4j/brotli4j/1.23.0/brotli4j-1.23.0.jar)
[WARNING] [stderr] WARNING: Use --enable-native-access=ALL-UNNAMED to avoid a warning for callers in this module
[WARNING] [stderr] WARNING: Restricted methods will be blocked in a future release unless native access is enabled
[WARNING] [stderr] 
[WARNING] [stderr] 2026-08-03T03:41:02.175-0600	INFO	ForkJoinPool-1-worker-1	io.trino.testing.DistributedQueryRunner	Created DistributedQueryRunner in 1.91s (unclosed instances = 1)
[WARNING] [stderr] 2026-08-03T03:41:03.238-0600	INFO	ForkJoinPool-1-worker-1	io.trino.testing.DistributedQueryRunner	Created DistributedQueryRunner in 503.52ms (unclosed instances = 2)
[WARNING] [stderr] 2026-08-03T03:41:32.688-0600	INFO	Notification Thread	io.airlift.stats.JmxGcMonitor	Major GC: application 0.00s, stopped 202.00ms: 12.18GB -> 5.60GB
[WARNING] [stderr] 2026-08-03T03:41:32.688-0600	INFO	Notification Thread	io.airlift.stats.JmxGcMonitor	Major GC: application 0.00s, stopped 202.00ms: 12.18GB -> 5.60GB
[WARNING] [stderr] 2026-08-03T03:41:32.688-0600	INFO	Notification Thread	io.airlift.stats.JmxGcMonitor	Major GC: application 0.00s, stopped 202.00ms: 12.18GB -> 5.60GB
[WARNING] [stderr] 2026-08-03T03:41:32.689-0600	INFO	Notification Thread	io.airlift.stats.JmxGcMonitor	Major GC: application 0.00s, stopped 202.00ms: 12.18GB -> 5.60GB
[WARNING] [stderr] 2026-08-03T03:41:39.445-0600	INFO	Notification Thread	io.airlift.stats.JmxGcMonitor	Major GC: application 6.45s, stopped 321.00ms: 12.16GB -> 7.34GB
[WARNING] [stderr] 2026-08-03T03:41:39.445-0600	INFO	Notification Thread	io.airlift.stats.JmxGcMonitor	Major GC: application 6.45s, stopped 321.00ms: 12.16GB -> 7.34GB
[WARNING] [stderr] 2026-08-03T03:41:39.445-0600	INFO	Notification Thread	io.airlift.stats.JmxGcMonitor	Major GC: application 6.45s, stopped 321.00ms: 12.16GB -> 7.34GB
[WARNING] [stderr] 2026-08-03T03:41:39.445-0600	INFO	Notification Thread	io.airlift.stats.JmxGcMonitor	Major GC: application 6.45s, stopped 321.00ms: 12.16GB -> 7.34GB
[WARNING] [stderr] 2026-08-03T03:41:45.135-0600	INFO	Notification Thread	io.airlift.stats.JmxGcMonitor	Major GC: application 5.39s, stopped 306.00ms: 12.15GB -> 7.74GB
[WARNING] [stderr] 2026-08-03T03:41:45.136-0600	INFO	Notification Thread	io.airlift.stats.JmxGcMonitor	Major GC: application 5.39s, stopped 306.00ms: 12.15GB -> 7.74GB
[WARNING] [stderr] 2026-08-03T03:41:45.136-0600	INFO	Notification Thread	io.airlift.stats.JmxGcMonitor	Major GC: application 5.39s, stopped 306.00ms: 12.15GB -> 7.74GB
[WARNING] [stderr] 2026-08-03T03:41:45.136-0600	INFO	Notification Thread	io.airlift.stats.JmxGcMonitor	Major GC: application 5.39s, stopped 306.00ms: 12.15GB -> 7.74GB
[WARNING] [stderr] 2026-08-03T03:41:48.502-0600	INFO	Notification Thread	io.airlift.stats.JmxGcMonitor	Major GC: application 3.06s, stopped 310.00ms: 12.10GB -> 6.88GB
[WARNING] [stderr] 2026-08-03T03:41:48.502-0600	INFO	Notification Thread	io.airlift.stats.JmxGcMonitor	Major GC: application 3.06s, stopped 310.00ms: 12.10GB -> 6.88GB
[WARNING] [stderr] 2026-08-03T03:41:48.502-0600	INFO	Notification Thread	io.airlift.stats.JmxGcMonitor	Major GC: application 3.06s, stopped 310.00ms: 12.10GB -> 6.88GB
[WARNING] [stderr] 2026-08-03T03:41:48.502-0600	INFO	Notification Thread	io.airlift.stats.JmxGcMonitor	Major GC: application 3.06s, stopped 310.00ms: 12.10GB -> 6.88GB
[WARNING] [stderr] 2026-08-03T03:41:52.550-0600	INFO	Notification Thread	io.airlift.stats.JmxGcMonitor	Major GC: application 3.76s, stopped 284.00ms: 12.09GB -> 6.48GB
[WARNING] [stderr] 2026-08-03T03:41:52.550-0600	INFO	Notification Thread	io.airlift.stats.JmxGcMonitor	Major GC: application 3.76s, stopped 284.00ms: 12.09GB -> 6.48GB
[WARNING] [stderr] 2026-08-03T03:41:52.550-0600	INFO	Notification Thread	io.airlift.stats.JmxGcMonitor	Major GC: application 3.76s, stopped 284.00ms: 12.09GB -> 6.48GB
[WARNING] [stderr] 2026-08-03T03:41:52.551-0600	INFO	Notification Thread	io.airlift.stats.JmxGcMonitor	Major GC: application 3.76s, stopped 284.00ms: 12.09GB -> 6.48GB
[WARNING] [stderr] 2026-08-03T03:42:01.539-0600	INFO	Notification Thread	io.airlift.stats.JmxGcMonitor	Major GC: application 8.67s, stopped 314.00ms: 12.16GB -> 7.17GB
[WARNING] [stderr] 2026-08-03T03:42:01.539-0600	INFO	Notification Thread	io.airlift.stats.JmxGcMonitor	Major GC: application 8.67s, stopped 314.00ms: 12.16GB -> 7.17GB
[WARNING] [stderr] 2026-08-03T03:42:01.539-0600	INFO	Notification Thread	io.airlift.stats.JmxGcMonitor	Major GC: application 8.67s, stopped 314.00ms: 12.16GB -> 7.17GB
[WARNING] [stderr] 2026-08-03T03:42:01.539-0600	INFO	Notification Thread	io.airlift.stats.JmxGcMonitor	Major GC: application 8.67s, stopped 314.00ms: 12.16GB -> 7.17GB
[WARNING] [stderr] 2026-08-03T03:42:05.867-0600	INFO	ForkJoinPool-1-worker-1	stdout	engine,suite,query,measurements,min_ms,p50_ms,p95_ms,mean_ms,cpu_p50_ms,cpu_mean_ms,cpu_over_wall,input_positions,nitro_source_drivers,native_sources
[WARNING] [stderr] 2026-08-03T03:42:22.819-0600	INFO	ForkJoinPool-1-worker-1	stdout	operator_cpu,trino,0/ExchangeOperator@215,1,0.000,0.044,0.000,0,20,20,3570.000
[WARNING] [stderr] 2026-08-03T03:42:22.820-0600	INFO	ForkJoinPool-1-worker-1	stdout	operator_cpu,trino,0/LocalExchangeSourceOperator@266,1,0.000,0.005,0.000,0,20,20,3570.000
[WARNING] [stderr] 2026-08-03T03:42:22.820-0600	INFO	ForkJoinPool-1-worker-1	stdout	operator_cpu,trino,0/TaskOutputOperator@18,1,0.030,0.000,0.001,0,10,10,0.000
[WARNING] [stderr] 2026-08-03T03:42:22.820-0600	INFO	ForkJoinPool-1-worker-1	stdout	operator_cpu,trino,0/LocalExchangeSinkOperator@266,1,0.012,0.000,0.012,0,20,20,0.000
[WARNING] [stderr] 2026-08-03T03:42:22.820-0600	INFO	ForkJoinPool-1-worker-1	stdout	operator_cpu,trino,0/TopNOperator@186,1,0.004,0.129,0.010,0,20,10,0.000
[WARNING] [stderr] 2026-08-03T03:42:22.820-0600	INFO	ForkJoinPool-1-worker-1	stdout	operator_cpu,trino,1/ExchangeOperator@214,2,0.000,173.700,0.000,0,99997497,99997497,3316.340
[WARNING] [stderr] 2026-08-03T03:42:22.820-0600	INFO	ForkJoinPool-1-worker-1	stdout	operator_cpu,trino,1/LocalExchangeSourceOperator@265,2,0.000,6.690,0.000,0,99997497,99997497,670.510
[WARNING] [stderr] 2026-08-03T03:42:22.820-0600	INFO	ForkJoinPool-1-worker-1	stdout	operator_cpu,trino,1/LocalExchangeSourceOperator@277,2,0.000,0.014,0.000,0,20,20,6870.000
[WARNING] [stderr] 2026-08-03T03:42:22.820-0600	INFO	ForkJoinPool-1-worker-1	stdout	operator_cpu,trino,1/TaskOutputOperator@278,2,0.097,0.000,0.003,0,20,20,0.000
[WARNING] [stderr] 2026-08-03T03:42:22.820-0600	INFO	ForkJoinPool-1-worker-1	stdout	operator_cpu,trino,1/TopNOperator@278,2,0.004,0.147,0.026,0,20,20,0.000
[WARNING] [stderr] 2026-08-03T03:42:22.820-0600	INFO	ForkJoinPool-1-worker-1	stdout	operator_cpu,trino,1/LocalExchangeSourceOperator@279,2,0.000,0.016,0.000,0,20,20,6870.000
[WARNING] [stderr] 2026-08-03T03:42:22.820-0600	INFO	ForkJoinPool-1-worker-1	stdout	operator_cpu,trino,1/LocalExchangeSinkOperator@279,2,0.010,0.000,0.004,0,20,20,0.000
[WARNING] [stderr] 2026-08-03T03:42:22.820-0600	INFO	ForkJoinPool-1-worker-1	stdout	operator_cpu,trino,1/TopNOperator@276,2,0.004,0.168,0.025,0,20,20,0.000
[WARNING] [stderr] 2026-08-03T03:42:22.820-0600	INFO	ForkJoinPool-1-worker-1	stdout	operator_cpu,trino,1/LocalExchangeSinkOperator@277,2,0.014,0.000,0.010,0,20,20,0.000
[WARNING] [stderr] 2026-08-03T03:42:22.820-0600	INFO	ForkJoinPool-1-worker-1	stdout	operator_cpu,trino,1/TopNOperator@185,2,0.008,1.835,0.009,0,9040,20,0.000
[WARNING] [stderr] 2026-08-03T03:42:22.820-0600	INFO	ForkJoinPool-1-worker-1	stdout	operator_cpu,trino,1/LocalExchangeSinkOperator@265,2,3.180,0.000,0.106,0,99997497,99997497,2720.000
[WARNING] [stderr] 2026-08-03T03:42:22.820-0600	INFO	ForkJoinPool-1-worker-1	stdout	operator_cpu,trino,1/HashAggregationOperator@9,2,5800.000,3.100,0.042,0,99997497,9040,0.000
[WARNING] [stderr] 2026-08-03T03:42:22.820-0600	INFO	ForkJoinPool-1-worker-1	stdout	operator_cpu,trino,2/ScanFilterAndProjectOperator@58,165,0.000,1276.110,0.000,99997497,99997497,99997497,0.000
[WARNING] [stderr] 2026-08-03T03:42:22.821-0600	INFO	ForkJoinPool-1-worker-1	stdout	operator_cpu,trino,2/PartitionedOutputOperator@58,165,880.230,0.000,1.707,0,99997497,99997497,14840.000
[WARNING] [stderr] 2026-08-03T03:42:25.434-0600	INFO	ForkJoinPool-1-worker-1	stdout	operator_cpu,nitro,0/ExchangeOperator@215,1,0.000,0.051,0.000,0,20,20,2580.000
[WARNING] [stderr] 2026-08-03T03:42:25.435-0600	INFO	ForkJoinPool-1-worker-1	stdout	operator_cpu,nitro,0/LocalExchangeSourceOperator@266,1,0.000,0.008,0.000,0,20,20,2580.000
[WARNING] [stderr] 2026-08-03T03:42:25.435-0600	INFO	ForkJoinPool-1-worker-1	stdout	operator_cpu,nitro,0/TaskOutputOperator@18,1,0.028,0.000,0.001,0,10,10,0.000
[WARNING] [stderr] 2026-08-03T03:42:25.435-0600	INFO	ForkJoinPool-1-worker-1	stdout	operator_cpu,nitro,0/LocalExchangeSinkOperator@266,1,0.011,0.000,0.014,0,20,20,0.000
[WARNING] [stderr] 2026-08-03T03:42:25.435-0600	INFO	ForkJoinPool-1-worker-1	stdout	operator_cpu,nitro,0/TrinoNitroTopNOperator@186,1,0.205,0.109,0.002,0,20,10,0.000
[WARNING] [stderr] 2026-08-03T03:42:25.435-0600	INFO	ForkJoinPool-1-worker-1	stdout	operator_cpu,nitro,1/ExchangeOperator@214,2,0.000,191.480,0.000,0,99997497,99997497,3410.000
[WARNING] [stderr] 2026-08-03T03:42:25.435-0600	INFO	ForkJoinPool-1-worker-1	stdout	operator_cpu,nitro,1/LocalExchangeSourceOperator@265,2,0.000,4.730,0.000,0,99997497,99997497,1072.860
[WARNING] [stderr] 2026-08-03T03:42:25.435-0600	INFO	ForkJoinPool-1-worker-1	stdout	operator_cpu,nitro,1/LocalExchangeSourceOperator@277,2,0.000,0.029,0.000,0,20,20,4980.000
[WARNING] [stderr] 2026-08-03T03:42:25.435-0600	INFO	ForkJoinPool-1-worker-1	stdout	operator_cpu,nitro,1/TaskOutputOperator@278,2,0.160,0.000,0.005,0,20,20,0.000
[WARNING] [stderr] 2026-08-03T03:42:25.435-0600	INFO	ForkJoinPool-1-worker-1	stdout	operator_cpu,nitro,1/TrinoNitroTopNOperator@278,2,0.226,0.172,0.002,0,20,20,0.000
[WARNING] [stderr] 2026-08-03T03:42:25.435-0600	INFO	ForkJoinPool-1-worker-1	stdout	operator_cpu,nitro,1/LocalExchangeSourceOperator@279,2,0.000,0.018,0.000,0,20,20,4980.000
[WARNING] [stderr] 2026-08-03T03:42:25.435-0600	INFO	ForkJoinPool-1-worker-1	stdout	operator_cpu,nitro,1/LocalExchangeSinkOperator@279,2,0.012,0.000,0.007,0,20,20,0.000
[WARNING] [stderr] 2026-08-03T03:42:25.435-0600	INFO	ForkJoinPool-1-worker-1	stdout	operator_cpu,nitro,1/TrinoNitroTopNOperator@276,2,0.299,0.200,0.003,0,20,20,0.000
[WARNING] [stderr] 2026-08-03T03:42:25.435-0600	INFO	ForkJoinPool-1-worker-1	stdout	operator_cpu,nitro,1/LocalExchangeSinkOperator@277,2,0.026,0.000,0.014,0,20,20,0.000
[WARNING] [stderr] 2026-08-03T03:42:25.435-0600	INFO	ForkJoinPool-1-worker-1	stdout	operator_cpu,nitro,1/LocalExchangeSinkOperator@265,2,2.900,0.000,0.103,0,99997497,99997497,694.040
[WARNING] [stderr] 2026-08-03T03:42:25.435-0600	INFO	ForkJoinPool-1-worker-1	stdout	operator_cpu,nitro,1/TrinoNitroAggregationOperator@9,2,3440.000,5.030,0.003,0,99997497,20,0.000
[WARNING] [stderr] 2026-08-03T03:42:25.435-0600	INFO	ForkJoinPool-1-worker-1	stdout	operator_cpu,nitro,2/TrinoNitroPipelineSourceOperator@58,165,0.000,1126.700,0.000,99997497,99997497,99997497,0.000
[WARNING] [stderr] 2026-08-03T03:42:25.435-0600	INFO	ForkJoinPool-1-worker-1	stdout	operator_cpu,nitro,2/PartitionedOutputOperator@58,165,929.350,0.000,2.970,0,99997497,99997497,7140.000
[WARNING] [stderr] 2026-08-03T03:42:25.436-0600	INFO	ForkJoinPool-1-worker-1	stdout	nitro,clickbench,q10,1,2613.398,2613.398,2613.398,2613.398,5716.000,5716.000,2.1872,99997497,0,165
[WARNING] [stderr] 2026-08-03T03:42:25.436-0600	INFO	ForkJoinPool-1-worker-1	stdout	trino,clickbench,q10,1,3596.211,3596.211,3596.211,3596.211,8170.000,8170.000,2.2718,99997497,0,0
[WARNING] [stderr] 2026-08-03T03:42:25.436-0600	INFO	ForkJoinPool-1-worker-1	stdout	nitro_over_trino_p50,0.7267087126436812
[WARNING] [stderr] 2026-08-03T03:42:25.436-0600	INFO	ForkJoinPool-1-worker-1	stdout	nitro_over_trino_cpu_p50,0.6996328029375765
[WARNING] [stderr] 2026-08-03T03:42:25.436-0600	INFO	ForkJoinPool-1-worker-1	stdout	nitro_over_trino_cpu_mean,0.6996328029375765
[INFO] Tests run: 1, Failures: 0, Errors: 0, Skipped: 0, Time elapsed: 85.51 s -- in io.trino.tests.nitro.TestNitroClickBenchQueries
[WARNING] [stderr] 2026-08-03T03:42:25.478-0600	INFO	main	io.trino.testing.containers.junit.ReportLeakedContainers	DockerClientFactory not initialized, so there should be no leaked containers, skipping the check
[INFO] 
[INFO] Results:
[INFO] 
[INFO] Tests run: 1, Failures: 0, Errors: 0, Skipped: 0
[INFO] 
[INFO] ------------------------------------------------------------------------
[INFO] BUILD SUCCESS
[INFO] ------------------------------------------------------------------------
[INFO] Total time:  01:34 min (Wall Clock)
[INFO] Finished at: 2026-08-03T09:42:25Z
[INFO] ------------------------------------------------------------------------
[INFO] Njord session closed
