[INFO] Processing build on daemon d2025fbf
[INFO] Scanning for projects...
[INFO] Njord 0.9.4 session created
[INFO] BuildTimeEventSpy is registered.
[INFO] 
[INFO] Using the SmartBuilder implementation with a thread count of 7
[INFO] 
[INFO] -------------------------< org.weakref:nitro >--------------------------
[INFO] Building nitro 1-SNAPSHOT
[INFO]   from pom.xml
[INFO] --------------------------------[ jar ]---------------------------------
[WARNING] 2 problems were encountered while building the effective model for org.apache.yetus:audience-annotations:jar:0.5.0 during dependency collection step for project (use -X to see details)
[INFO] 
[INFO] --- enforcer:3.6.2:enforce (default) @ nitro ---
[INFO] Rule 0: org.apache.maven.enforcer.rules.dependency.BannedDependencies passed
[INFO] Rule 1: org.apache.maven.enforcer.rules.BanDuplicatePomDependencyVersions passed
[INFO] Rule 2: org.apache.maven.enforcer.rules.dependency.RequireUpperBoundDeps passed
[INFO] Rule 3: org.apache.maven.enforcer.rules.version.RequireMavenVersion passed
[INFO] Rule 4: org.apache.maven.enforcer.rules.version.RequireJavaVersion passed
[INFO] Rule 5: org.codehaus.mojo.extraenforcer.dependencies.EnforceBytecodeVersion passed
[INFO] Rule 6: org.apache.maven.enforcer.rules.RequirePluginVersions passed
[INFO] Rule 7: org.apache.maven.plugins.enforcer.RestrictImports passed
[INFO] Rule 8: org.apache.maven.plugins.enforcer.RestrictImports passed
[INFO] Rule 9: org.apache.maven.plugins.enforcer.RestrictImports passed
[INFO] Rule 10: org.apache.maven.plugins.enforcer.RestrictImports passed
[INFO] Rule 11: org.apache.maven.plugins.enforcer.RestrictImports passed
[INFO] Rule 12: org.apache.maven.plugins.enforcer.RestrictImports passed
[INFO] Rule 13: org.apache.maven.plugins.enforcer.RestrictImports passed
[INFO] Rule 14: org.apache.maven.enforcer.rules.RequireProfileIdsExist passed
[INFO] Rule 15: org.codehaus.mojo.extraenforcer.model.RequirePropertyDiverges passed
[INFO] 
[INFO] --- sortpom:4.0.0:verify (default) @ nitro ---
[INFO] Verifying file /home/martin/src/nitro.opt/pom.xml
[INFO] 
[INFO] --- dependency-scope:1.0.3:check (default) @ nitro ---
[INFO] No test dependency scope issues found
[INFO] 
[INFO] --- license:5.0.0:check (default) @ nitro ---
[INFO] Checking licenses...
[INFO] 
[INFO] --- checkstyle:3.6.0:check (checkstyle) @ nitro ---
[INFO] You have 0 Checkstyle violations.
[INFO] 
[INFO] --- git-commit-id:9.0.2:revision (default) @ nitro ---
[INFO] 
[INFO] --- build-helper:3.6.1:bsh-property (surefire-enable-preview) @ nitro ---
[INFO] 
[INFO] --- jacoco:0.8.14:prepare-agent (default) @ nitro ---
[INFO] argLine set to -javaagent:/root/.m2/repository/org/jacoco/org.jacoco.agent/0.8.14/org.jacoco.agent-0.8.14-runtime.jar=destfile=/home/martin/src/nitro.opt/target/jacoco.exec
[INFO] 
[INFO] --- resources:3.5.0:resources (default-resources) @ nitro ---
[INFO] skip non existing resourceDirectory /home/martin/src/nitro.opt/src/main/resources
[INFO] 
[INFO] --- compiler:3.15.0:compile (default-compile) @ nitro ---
[INFO] Nothing to compile - all classes are up to date.
[INFO] 
[INFO] --- resources:3.5.0:testResources (default-testResources) @ nitro ---
[INFO] Copying 22 resources from src/test/resources to target/test-classes
[INFO] 
[INFO] --- compiler:3.15.0:testCompile (default-testCompile) @ nitro ---
[INFO] Nothing to compile - all classes are up to date.
[INFO] 
[INFO] --- exec:3.6.1:exec (benchmark) @ nitro ---
[WARNING] [stderr] WARNING: Using incubator modules: jdk.incubator.vector
[WARNING] [stderr] WARNING: A terminally deprecated method in sun.misc.Unsafe has been called
[WARNING] [stderr] WARNING: sun.misc.Unsafe::objectFieldOffset has been called by org.openjdk.jmh.util.Utils (file:/root/.m2/repository/org/openjdk/jmh/jmh-core/1.37/jmh-core-1.37.jar)
[WARNING] [stderr] WARNING: Please consider reporting this to the maintainers of class org.openjdk.jmh.util.Utils
[WARNING] [stderr] WARNING: sun.misc.Unsafe::objectFieldOffset will be removed in a future release
[INFO] [stdout] # JMH version: 1.37
[INFO] [stdout] # VM version: JDK 26.0.1, OpenJDK 64-Bit Server VM, 26.0.1+8
[INFO] [stdout] # VM invoker: /opt/java/openjdk/bin/java
[INFO] [stdout] # VM options: --enable-preview --add-modules=jdk.incubator.vector -Dnitro.clickbench.hits.path= -Xmx12g -XX:+UseTransparentHugePages -Dnitro.tpcds.parquet.path=/root/data/tpcds-parquet-sf10 -Dnitro.tpcds.parquet.schema=sf10 -Dnitro.join.guardTripleTagMaskConversion=true
[INFO] [stdout] # Blackhole mode: compiler (auto-detected, use -Djmh.blackhole.autoDetect=false to disable)
[INFO] [stdout] # Warmup: 3 iterations, 1 s each
[INFO] [stdout] # Measurement: 5 iterations, 1 s each
[INFO] [stdout] # Timeout: 30 min per iteration
[INFO] [stdout] # Threads: 1 thread, will synchronize iterations
[INFO] [stdout] # Benchmark mode: Average time, time/op
[INFO] [stdout] # Benchmark: org.weakref.nitro.tpcds.BenchmarkQueries.query50
[INFO] [stdout] 
[INFO] [stdout] # Run progress: 0.00% complete, ETA 00:00:08
[INFO] [stdout] # Fork: 1 of 1
[INFO] [stdout] # Preparing profilers: LinuxPerfNormProfiler 
[INFO] [stdout] # Profilers consume stderr from target VM, use -v EXTRA to copy to console
[INFO] [stdout] # Warmup Iteration   1: 2282.477 ms/op
[INFO] [stdout] # Warmup Iteration   2: 1285.891 ms/op
[INFO] [stdout] # Warmup Iteration   3: 1219.605 ms/op
[INFO] [stdout] Iteration   1: 1213.256 ms/op
[INFO] [stdout]                  gc.alloc.rate:      151.814 MB/sec
[INFO] [stdout]                  gc.alloc.rate.norm: 193157392.000 B/op
[INFO] [stdout]                  gc.count:           ≈ 0 counts
[INFO] [stdout] 
[INFO] [stdout] Iteration   2: 1229.475 ms/op
[INFO] [stdout]                  gc.alloc.rate:      149.802 MB/sec
[INFO] [stdout]                  gc.alloc.rate.norm: 193147592.000 B/op
[INFO] [stdout]                  gc.count:           ≈ 0 counts
[INFO] [stdout] 
[INFO] [stdout] Iteration   3: 1221.526 ms/op
[INFO] [stdout]                  gc.alloc.rate:      150.363 MB/sec
[INFO] [stdout]                  gc.alloc.rate.norm: 192611648.000 B/op
[INFO] [stdout]                  gc.count:           ≈ 0 counts
[INFO] [stdout] 
[INFO] [stdout] Iteration   4: 1237.497 ms/op
[INFO] [stdout]                  gc.alloc.rate:      147.098 MB/sec
[INFO] [stdout]                  gc.alloc.rate.norm: 190894200.000 B/op
[INFO] [stdout]                  gc.count:           ≈ 0 counts
[INFO] [stdout] 
[INFO] [stdout] Iteration   5: 1208.396 ms/op
[INFO] [stdout]                  gc.alloc.rate:      150.544 MB/sec
[INFO] [stdout]                  gc.alloc.rate.norm: 190772120.000 B/op
[INFO] [stdout]                  gc.count:           1.000 counts
[INFO] [stdout]                  gc.time:            2.000 ms
[INFO] [stdout] 
[INFO] [stdout] # Processing profiler results: LinuxPerfNormProfiler 
[INFO] [stdout] 
[INFO] [stdout] 
[INFO] [stdout] Result "org.weakref.nitro.tpcds.BenchmarkQueries.query50":
[INFO] [stdout]   1222.030 ±(99.9%) 45.471 ms/op [Average]
[INFO] [stdout]   (min, avg, max) = (1208.396, 1222.030, 1237.497), stdev = 11.809
[INFO] [stdout]   CI (99.9%): [1176.559, 1267.501] (assumes normal distribution)
[INFO] [stdout] 
[INFO] [stdout] Secondary result "org.weakref.nitro.tpcds.BenchmarkQueries.query50:CPI":
[INFO] [stdout]   0.321 clks/insn
[INFO] [stdout] 
[INFO] [stdout] Secondary result "org.weakref.nitro.tpcds.BenchmarkQueries.query50:IPC":
[INFO] [stdout]   3.112 insns/clk
[INFO] [stdout] 
[INFO] [stdout] Secondary result "org.weakref.nitro.tpcds.BenchmarkQueries.query50:L1-dcache-load-misses":
[INFO] [stdout]   256366237.002 #/op
[INFO] [stdout] 
[INFO] [stdout] Secondary result "org.weakref.nitro.tpcds.BenchmarkQueries.query50:L1-dcache-loads":
[INFO] [stdout]   9201874137.340 #/op
[INFO] [stdout] 
[INFO] [stdout] Secondary result "org.weakref.nitro.tpcds.BenchmarkQueries.query50:L1-icache-load-misses":
[INFO] [stdout]   6484689.931 #/op
[INFO] [stdout] 
[INFO] [stdout] Secondary result "org.weakref.nitro.tpcds.BenchmarkQueries.query50:L1-icache-loads":
[INFO] [stdout]   78381865.293 #/op
[INFO] [stdout] 
[INFO] [stdout] Secondary result "org.weakref.nitro.tpcds.BenchmarkQueries.query50:branch-misses":
[INFO] [stdout]   31274701.205 #/op
[INFO] [stdout] 
[INFO] [stdout] Secondary result "org.weakref.nitro.tpcds.BenchmarkQueries.query50:branches":
[INFO] [stdout]   3793099363.650 #/op
[INFO] [stdout] 
[INFO] [stdout] Secondary result "org.weakref.nitro.tpcds.BenchmarkQueries.query50:cycles":
[INFO] [stdout]   6681554816.965 #/op
[INFO] [stdout] 
[INFO] [stdout] Secondary result "org.weakref.nitro.tpcds.BenchmarkQueries.query50:dTLB-load-misses":
[INFO] [stdout]   131087.128 #/op
[INFO] [stdout] 
[INFO] [stdout] Secondary result "org.weakref.nitro.tpcds.BenchmarkQueries.query50:dTLB-loads":
[INFO] [stdout]   4916873.018 #/op
[INFO] [stdout] 
[INFO] [stdout] Secondary result "org.weakref.nitro.tpcds.BenchmarkQueries.query50:gc.alloc.rate":
[INFO] [stdout]   149.924 ±(99.9%) 6.712 MB/sec [Average]
[INFO] [stdout]   (min, avg, max) = (147.098, 149.924, 151.814), stdev = 1.743
[INFO] [stdout]   CI (99.9%): [143.212, 156.637] (assumes normal distribution)
[INFO] [stdout] 
[INFO] [stdout] Secondary result "org.weakref.nitro.tpcds.BenchmarkQueries.query50:gc.alloc.rate.norm":
[INFO] [stdout]   192116590.400 ±(99.9%) 4593881.648 B/op [Average]
[INFO] [stdout]   (min, avg, max) = (190772120.000, 192116590.400, 193157392.000), stdev = 1193016.476
[INFO] [stdout]   CI (99.9%): [187522708.752, 196710472.048] (assumes normal distribution)
[INFO] [stdout] 
[INFO] [stdout] Secondary result "org.weakref.nitro.tpcds.BenchmarkQueries.query50:gc.count":
[INFO] [stdout]   1.000 ±(99.9%) 0.001 counts [Sum]
[INFO] [stdout]   (min, avg, max) = (≈ 0, 0.200, 1.000), stdev = 0.447
[INFO] [stdout]   CI (99.9%): [1.000, 1.000] (assumes normal distribution)
[INFO] [stdout] 
[INFO] [stdout] Secondary result "org.weakref.nitro.tpcds.BenchmarkQueries.query50:gc.time":
[INFO] [stdout]   2.000 ±(99.9%) 0.001 ms [Sum]
[INFO] [stdout]   (min, avg, max) = (≈ 0, 0.400, 2.000), stdev = 0.894
[INFO] [stdout]   CI (99.9%): [2.000, 2.000] (assumes normal distribution)
[INFO] [stdout] 
[INFO] [stdout] Secondary result "org.weakref.nitro.tpcds.BenchmarkQueries.query50:iTLB-load-misses":
[INFO] [stdout]   25752.457 #/op
[INFO] [stdout] 
[INFO] [stdout] Secondary result "org.weakref.nitro.tpcds.BenchmarkQueries.query50:iTLB-loads":
[INFO] [stdout]   5340925.536 #/op
[INFO] [stdout] 
[INFO] [stdout] Secondary result "org.weakref.nitro.tpcds.BenchmarkQueries.query50:instructions":
[INFO] [stdout]   20789684227.313 #/op
[INFO] [stdout] 
[INFO] [stdout] Secondary result "org.weakref.nitro.tpcds.BenchmarkQueries.query50:stalled-cycles-frontend":
[INFO] [stdout]   863252710.791 #/op
[INFO] [stdout] 
[INFO] [stdout] 
[INFO] [stdout] # Run complete. Total time: 00:00:11
[INFO] [stdout] 
[INFO] [stdout] REMEMBER: The numbers below are just data. To gain reusable insights, you need to follow up on
[INFO] [stdout] why the numbers are the way they are. Use profilers (see -prof, -lprof), design factorial
[INFO] [stdout] experiments, perform baseline and negative tests that provide experimental control, make sure
[INFO] [stdout] the benchmarking environment is safe on JVM/OS/HW level, ask for reviews from the domain experts.
[INFO] [stdout] Do not assume the numbers tell you what you want them to tell.
[INFO] [stdout] 
[INFO] [stdout] NOTE: Current JVM experimentally supports Compiler Blackholes, and they are in use. Please exercise
[INFO] [stdout] extra caution when trusting the results, look into the generated code to check the benchmark still
[INFO] [stdout] works, and factor in a small probability of new VM bugs. Additionally, while comparisons between
[INFO] [stdout] different JVMs are already problematic, the performance difference caused by different Blackhole
[INFO] [stdout] modes can be very significant. Please make sure you use the consistent Blackhole mode for comparisons.
[INFO] [stdout] 
[INFO] [stdout] Benchmark                                         Mode  Cnt            Score         Error      Units
[INFO] [stdout] BenchmarkQueries.query50                          avgt    5         1222.030 ±      45.471      ms/op
[INFO] [stdout] BenchmarkQueries.query50:CPI                      avgt                 0.321                clks/insn
[INFO] [stdout] BenchmarkQueries.query50:IPC                      avgt                 3.112                insns/clk
[INFO] [stdout] BenchmarkQueries.query50:L1-dcache-load-misses    avgt         256366237.002                     #/op
[INFO] [stdout] BenchmarkQueries.query50:L1-dcache-loads          avgt        9201874137.340                     #/op
[INFO] [stdout] BenchmarkQueries.query50:L1-icache-load-misses    avgt           6484689.931                     #/op
[INFO] [stdout] BenchmarkQueries.query50:L1-icache-loads          avgt          78381865.293                     #/op
[INFO] [stdout] BenchmarkQueries.query50:branch-misses            avgt          31274701.205                     #/op
[INFO] [stdout] BenchmarkQueries.query50:branches                 avgt        3793099363.650                     #/op
[INFO] [stdout] BenchmarkQueries.query50:cycles                   avgt        6681554816.965                     #/op
[INFO] [stdout] BenchmarkQueries.query50:dTLB-load-misses         avgt            131087.128                     #/op
[INFO] [stdout] BenchmarkQueries.query50:dTLB-loads               avgt           4916873.018                     #/op
[INFO] [stdout] BenchmarkQueries.query50:gc.alloc.rate            avgt    5          149.924 ±       6.712     MB/sec
[INFO] [stdout] BenchmarkQueries.query50:gc.alloc.rate.norm       avgt    5    192116590.400 ± 4593881.648       B/op
[INFO] [stdout] BenchmarkQueries.query50:gc.count                 avgt    5            1.000                   counts
[INFO] [stdout] BenchmarkQueries.query50:gc.time                  avgt    5            2.000                       ms
[INFO] [stdout] BenchmarkQueries.query50:iTLB-load-misses         avgt             25752.457                     #/op
[INFO] [stdout] BenchmarkQueries.query50:iTLB-loads               avgt           5340925.536                     #/op
[INFO] [stdout] BenchmarkQueries.query50:instructions             avgt       20789684227.313                     #/op
[INFO] [stdout] BenchmarkQueries.query50:stalled-cycles-frontend  avgt         863252710.791                     #/op
[INFO] [stdout] 
[INFO] [stdout] Benchmark result is saved to benchmarks/sweeps/20260719-targeted/q50-followup/guard-on-screen.json
[INFO] ------------------------------------------------------------------------
[INFO] BUILD SUCCESS
[INFO] ------------------------------------------------------------------------
[INFO] Total time:  13.942 s (Wall Clock)
[INFO] Finished at: 2026-07-19T21:07:53Z
[INFO] ------------------------------------------------------------------------
[INFO] Njord session closed
