Script started on 2026-08-13 19:23:59+00:00 [COMMAND="JAVA_HOME=/opt/java/openjdk /opt/mvnd/bin/mvnd -Dmaven.gitcommitid.skip=true -Djacoco.skip=true -pl testing/trino-tests -Dair.check.skip-all -DskipTests=false -Dtest=TestNitroClickBenchQueries#testClickBenchPerformance -Dair.test.jvmsize=12g '-Dair.test.jvm.additional-arguments=--add-modules=jdk.incubator.vector -XX:-HeapDumpOnOutOfMemoryError' -Dtrino.test.nitro-clickbench-data=/root/data/clickbench -Dtrino.test.nitro-clickbench-queries=/tmp/clickbench-queries-candidate.sql -Dtrino.test.nitro-clickbench-performance=true -Dtrino.test.nitro-clickbench-engine=nitro -Dtrino.test.nitro-benchmark-query=q33 -Dtrino.test.nitro-clickbench-warmups=5 -Dtrino.test.nitro-clickbench-measurements=3 -Dtrino.test.nitro-query-max-memory-per-node=8GB -Dtrino.test.nitro-measure-thread-allocation=true -Dtrino.test.nitro-print-operator-cpu=true test" <not executed on terminal>]
[INFO] Enabling strict checksum verification on all artifact downloads.
[INFO] Processing build on daemon ae037f6e
[INFO] Scanning for projects...
[INFO] Njord 0.9.9 session created
[INFO] BuildTimeEventSpy is registered.
[INFO] 
[INFO] Using the SmartBuilder implementation with a thread count of 7
[INFO] 
[INFO] ------------------------< io.trino:trino-tests >------------------------
[INFO] Building trino-tests 484-SNAPSHOT
[INFO]   from pom.xml
[INFO] --------------------------------[ jar ]---------------------------------
[INFO] Loaded 0 groupId for remote repository ossrh
[INFO] Loaded 0 groupId for remote repository maven-central
[INFO] Loaded 0 groupId for remote repository repo.gradle.org
[INFO] Loaded 0 groupId for remote repository central.maven.org
[INFO] 
[INFO] --- git-commit-id:10.0.0:revision (default) @ trino-tests ---
[INFO] 
[INFO] --- build-helper:3.6.1:bsh-property (surefire-enable-preview) @ trino-tests ---
[INFO] 
[INFO] --- resources:3.5.0:resources (default-resources) @ trino-tests ---
[INFO] skip non existing resourceDirectory /root/notes/trino.nitro/testing/trino-tests/src/main/resources
[INFO] 
[INFO] --- compiler:3.15.0:compile (default-compile) @ trino-tests ---
[INFO] Nothing to compile - all classes are up to date.
[INFO] 
[INFO] --- resources:3.5.0:testResources (default-testResources) @ trino-tests ---
[INFO] Copying 266 resources from src/test/resources to target/test-classes
[INFO] 
[INFO] --- compiler:3.15.0:testCompile (default-testCompile) @ trino-tests ---
[INFO] Nothing to compile - all classes are up to date.
[INFO] 
[INFO] --- modernizer:3.4.0:modernizer (modernizer) @ trino-tests ---
[INFO] Skipping modernizer execution!
[INFO] 
[INFO] --- modernizer:3.4.0:modernizer (modernizer-production-code) @ trino-tests ---
[INFO] Skipping modernizer execution!
[INFO] 
[INFO] --- dependency:3.11.0:analyze-only (default) @ trino-tests ---
[INFO] Skipping plugin execution
[INFO] 
[INFO] --- dependency:3.11.0:analyze-duplicate (default) @ trino-tests ---
[INFO] Skipping plugin execution
[INFO] 
[INFO] --- duplicate-finder:2.0.1:check (default) @ trino-tests ---
[INFO] Skipping duplicate-finder execution!
[INFO] 
[INFO] --- surefire:3.5.6:test (default-test) @ trino-tests ---
[INFO] Tests will run in random order. To reproduce ordering use flag -Dsurefire.runOrder.random.seed=4991920482097471
[INFO] Using auto detected provider org.apache.maven.surefire.junitplatform.JUnitPlatformProvider
[INFO] 
[INFO] -------------------------------------------------------
[INFO]  T E S T S
[INFO] -------------------------------------------------------
[WARNING] [stderr] WARNING: Using incubator modules: jdk.incubator.vector
[WARNING] [stderr] 2026-08-13T13:24:00.346-0600	INFO	ForkJoinPool-1-worker-1	io.airlift.log.Logging	Logging to stderr
[INFO] Running io.trino.tests.nitro.TestNitroClickBenchQueries
[WARNING] [stderr] WARNING: A terminally deprecated method in sun.misc.Unsafe has been called
[WARNING] [stderr] WARNING: sun.misc.Unsafe::staticFieldBase has been called by com.google.inject.internal.aop.HiddenClassDefiner (file:/root/.m2/repository/com/google/inject/guice/7.0.0/guice-7.0.0-classes.jar)
[WARNING] [stderr] WARNING: Please consider reporting this to the maintainers of class com.google.inject.internal.aop.HiddenClassDefiner
[WARNING] [stderr] WARNING: sun.misc.Unsafe::staticFieldBase will be removed in a future release
[WARNING] [stderr] 2026-08-13T13:24:01.263-0600	INFO	ForkJoinPool-1-worker-1	io.trino.simd.BlockEncodingSimdSupport	Detected SIMD Support for architecture=amd64, vectorBitWidth=512: SimdSupport[capabilities=[COMPRESS_BYTE, EXPAND_BYTE, COMPRESS_SHORT, EXPAND_SHORT, COMPRESS_INT, EXPAND_INT, COMPRESS_LONG, EXPAND_LONG]]
[WARNING] [stderr] WARNING: A restricted method in java.lang.System has been called
[WARNING] [stderr] WARNING: java.lang.System::loadLibrary has been called by com.aayushatharva.brotli4j.Brotli4jLoader in an unnamed module (file:/root/.m2/repository/com/aayushatharva/brotli4j/brotli4j/1.23.0/brotli4j-1.23.0.jar)
[WARNING] [stderr] WARNING: Use --enable-native-access=ALL-UNNAMED to avoid a warning for callers in this module
[WARNING] [stderr] WARNING: Restricted methods will be blocked in a future release unless native access is enabled
[WARNING] [stderr] 
[WARNING] [stderr] 2026-08-13T13:24:02.626-0600	INFO	ForkJoinPool-1-worker-1	io.trino.testing.DistributedQueryRunner	Created DistributedQueryRunner in 1.96s (unclosed instances = 1)
[WARNING] [stderr] 2026-08-13T13:24:09.237-0600	INFO	Notification Thread	io.airlift.stats.JmxGcMonitor	Major GC: application 0.00s, stopped 318.00ms: 12.16GB -> 7.09GB
[WARNING] [stderr] 2026-08-13T13:24:09.239-0600	INFO	Notification Thread	io.airlift.stats.JmxGcMonitor	Major GC: application 0.00s, stopped 318.00ms: 12.16GB -> 7.09GB
[WARNING] [stderr] 2026-08-13T13:24:17.253-0600	INFO	Notification Thread	io.airlift.stats.JmxGcMonitor	Major GC: application 7.72s, stopped 319.00ms: 12.15GB -> 7.34GB
[WARNING] [stderr] 2026-08-13T13:24:17.253-0600	INFO	Notification Thread	io.airlift.stats.JmxGcMonitor	Major GC: application 7.72s, stopped 319.00ms: 12.15GB -> 7.34GB
[WARNING] [stderr] 2026-08-13T13:24:36.394-0600	INFO	Notification Thread	io.airlift.stats.JmxGcMonitor	Major GC: application 18.84s, stopped 298.00ms: 12.15GB -> 5.72GB
[WARNING] [stderr] 2026-08-13T13:24:36.394-0600	INFO	Notification Thread	io.airlift.stats.JmxGcMonitor	Major GC: application 18.84s, stopped 298.00ms: 12.15GB -> 5.72GB
[WARNING] [stderr] 2026-08-13T13:24:41.637-0600	INFO	ForkJoinPool-1-worker-1	stdout	engine,suite,query,measurements,min_ms,p50_ms,p95_ms,mean_ms,cpu_p50_ms,cpu_mean_ms,cpu_over_wall,input_positions,nitro_source_drivers,native_sources
[WARNING] [stderr] 2026-08-13T13:25:22.787-0600	INFO	ForkJoinPool-1-worker-1	stdout	operator_cpu,nitro,clickbench,q33,0,ExchangeOperator,3,0.000,176.155,0.000,0,99997517,99997517,10997.530,17.740,0.000
[WARNING] [stderr] 2026-08-13T13:25:22.787-0600	INFO	ForkJoinPool-1-worker-1	stdout	operator_cpu,nitro,clickbench,q33,0,LocalExchangeSourceOperator,7,0.000,8.781,0.000,0,99997557,99997557,33186.820,0.000,0.000
[WARNING] [stderr] 2026-08-13T13:25:22.787-0600	INFO	ForkJoinPool-1-worker-1	stdout	operator_cpu,nitro,clickbench,q33,0,TaskOutputOperator,3,0.238,0.000,0.002,0,30,30,0.000,0.000,0.000
[WARNING] [stderr] 2026-08-13T13:25:22.787-0600	INFO	ForkJoinPool-1-worker-1	stdout	operator_cpu,nitro,clickbench,q33,0,LocalExchangeSinkOperator,7,3.013,0.000,0.130,0,99997557,99997557,3800.530,0.000,0.000
[WARNING] [stderr] 2026-08-13T13:25:22.787-0600	INFO	ForkJoinPool-1-worker-1	stdout	operator_cpu,nitro,clickbench,q33,0,TopNOperator,5,0.011,0.793,0.069,0,60,50,0.000,0.084,0.000
[WARNING] [stderr] 2026-08-13T13:25:22.787-0600	INFO	ForkJoinPool-1-worker-1	stdout	operator_cpu,nitro,clickbench,q33,0,TrinoNitroAggregationOperator,2,7060.000,3320.000,0.004,0,99997497,20,0.000,2103.072,0.000
[WARNING] [stderr] 2026-08-13T13:25:22.787-0600	INFO	ForkJoinPool-1-worker-1	stdout	operator_cpu,nitro,clickbench,q33,0,TrinoNitroPipelineSourceOperator,165,0.000,924.740,0.000,99997497,99997497,99997497,0.000,0.229,0.000
[WARNING] [stderr] 2026-08-13T13:25:22.787-0600	INFO	ForkJoinPool-1-worker-1	stdout	operator_cpu,nitro,clickbench,q33,0,PartitionedOutputOperator,165,891.630,0.000,6.520,0,99997497,99997497,21740.000,0.000,0.000
[WARNING] [stderr] 2026-08-13T13:25:22.788-0600	INFO	ForkJoinPool-1-worker-1	stdout	operator_metric,nitro,clickbench,q33,0,TrinoNitroAggregationOperator,nitroAggregationInitialKeyNanos,0
[WARNING] [stderr] 2026-08-13T13:25:22.788-0600	INFO	ForkJoinPool-1-worker-1	stdout	operator_metric,nitro,clickbench,q33,0,TrinoNitroAggregationOperator,nitroAggregationInitialEncodedKeyNanos,0
[WARNING] [stderr] 2026-08-13T13:25:22.788-0600	INFO	ForkJoinPool-1-worker-1	stdout	operator_metric,nitro,clickbench,q33,0,TrinoNitroAggregationOperator,nitroAggregationOutputNanos,76455
[WARNING] [stderr] 2026-08-13T13:25:22.788-0600	INFO	ForkJoinPool-1-worker-1	stdout	operator_metric,nitro,clickbench,q33,0,TrinoNitroAggregationOperator,nitroAggregationPipelineNanos,0
[WARNING] [stderr] 2026-08-13T13:25:22.788-0600	INFO	ForkJoinPool-1-worker-1	stdout	operator_metric,nitro,clickbench,q33,0,TrinoNitroAggregationOperator,nitroAggregationGroupingNanos,7954774106
[WARNING] [stderr] 2026-08-13T13:25:22.788-0600	INFO	ForkJoinPool-1-worker-1	stdout	operator_metric,nitro,clickbench,q33,0,TrinoNitroAggregationOperator,nitroAggregationAccumulationNanos,1262140711
[WARNING] [stderr] 2026-08-13T13:25:22.789-0600	INFO	ForkJoinPool-1-worker-1	stdout	operator_metric,nitro,clickbench,q33,0,TrinoNitroAggregationOperator,nitroBoundaryNativeEgressDictionaryChannelPositions,0
[WARNING] [stderr] 2026-08-13T13:25:22.789-0600	INFO	ForkJoinPool-1-worker-1	stdout	operator_metric,nitro,clickbench,q33,0,TrinoNitroAggregationOperator,nitroAggregationFusedNanos,0
[WARNING] [stderr] 2026-08-13T13:25:22.789-0600	INFO	ForkJoinPool-1-worker-1	stdout	operator_metric,nitro,clickbench,q33,0,TrinoNitroAggregationOperator,nitroBoundaryPageEgressBytes,820
[WARNING] [stderr] 2026-08-13T13:25:22.789-0600	INFO	ForkJoinPool-1-worker-1	stdout	operator_metric,nitro,clickbench,q33,0,TrinoNitroAggregationOperator,nitroAggregationFlushNanos,0
[WARNING] [stderr] 2026-08-13T13:25:22.789-0600	INFO	ForkJoinPool-1-worker-1	stdout	operator_metric,nitro,clickbench,q33,0,TrinoNitroAggregationOperator,nitroBoundaryPageEgressPositions,20
[WARNING] [stderr] 2026-08-13T13:25:22.789-0600	INFO	ForkJoinPool-1-worker-1	stdout	operator_metric,nitro,clickbench,q33,0,TrinoNitroAggregationOperator,nitroBoundaryPageIngressBytes,3199919904
[WARNING] [stderr] 2026-08-13T13:25:22.789-0600	INFO	ForkJoinPool-1-worker-1	stdout	operator_metric,nitro,clickbench,q33,0,TrinoNitroAggregationOperator,nitroBoundaryPageIngressPositions,99997497
[WARNING] [stderr] 2026-08-13T13:25:22.789-0600	INFO	ForkJoinPool-1-worker-1	stdout	operator_metric,nitro,clickbench,q33,0,TrinoNitroAggregationOperator,nitroBoundaryPageIngressDictionaryChannelPositions,0
[WARNING] [stderr] 2026-08-13T13:25:22.789-0600	INFO	ForkJoinPool-1-worker-1	stdout	operator_metric,nitro,clickbench,q33,0,TrinoNitroAggregationOperator,nitroAggregationInputNanos,9546784514
[WARNING] [stderr] 2026-08-13T13:25:22.789-0600	INFO	ForkJoinPool-1-worker-1	stdout	operator_metric,nitro,clickbench,q33,0,TrinoNitroAggregationOperator,nitroBoundaryPageEgressDictionaryChannelPositions,0
[WARNING] [stderr] 2026-08-13T13:25:22.789-0600	INFO	ForkJoinPool-1-worker-1	stdout	operator_metric,nitro,clickbench,q33,0,TrinoNitroAggregationOperator,nitroAggregationInitialAggregationNanos,0
[WARNING] [stderr] 2026-08-13T13:25:22.789-0600	INFO	ForkJoinPool-1-worker-1	stdout	operator_metric,nitro,clickbench,q33,0,TrinoNitroAggregationOperator,nitroBoundaryPageEgressRunLengthChannelPositions,0
[WARNING] [stderr] 2026-08-13T13:25:22.790-0600	INFO	ForkJoinPool-1-worker-1	stdout	operator_metric,nitro,clickbench,q33,0,TrinoNitroAggregationOperator,nitroBoundaryPageIngressRunLengthChannelPositions,0
[WARNING] [stderr] 2026-08-13T13:25:22.790-0600	INFO	ForkJoinPool-1-worker-1	stdout	operator_metric,nitro,clickbench,q33,0,TrinoNitroAggregationOperator,nitroAggregationInitialFlatKeyNanos,0
[WARNING] [stderr] 2026-08-13T13:25:22.790-0600	INFO	ForkJoinPool-1-worker-1	stdout	operator_metric,nitro,clickbench,q33,0,TrinoNitroAggregationOperator,nitroBoundaryNativeEgressFlatChannelPositions,100
[WARNING] [stderr] 2026-08-13T13:25:22.790-0600	INFO	ForkJoinPool-1-worker-1	stdout	operator_metric,nitro,clickbench,q33,0,TrinoNitroAggregationOperator,nitroAggregationStatePreparationNanos,327980837
[WARNING] [stderr] 2026-08-13T13:25:22.790-0600	INFO	ForkJoinPool-1-worker-1	stdout	operator_metric,nitro,clickbench,q33,0,TrinoNitroAggregationOperator,nitroBoundaryNativeEgressRunLengthChannelPositions,0
[WARNING] [stderr] 2026-08-13T13:25:22.790-0600	INFO	ForkJoinPool-1-worker-1	stdout	operator_metric,nitro,clickbench,q33,0,TrinoNitroAggregationOperator,nitroBoundaryPageIngressFlatChannelPositions,399989988
[WARNING] [stderr] 2026-08-13T13:25:22.790-0600	INFO	ForkJoinPool-1-worker-1	stdout	operator_metric,nitro,clickbench,q33,0,TrinoNitroAggregationOperator,nitroBoundaryPageEgressFlatChannelPositions,100
[WARNING] [stderr] 2026-08-13T13:25:22.790-0600	INFO	ForkJoinPool-1-worker-1	stdout	operator_metric,nitro,clickbench,q33,0,TrinoNitroAggregationOperator,nitroBoundaryPageEgressPages,2
[WARNING] [stderr] 2026-08-13T13:25:22.790-0600	INFO	ForkJoinPool-1-worker-1	stdout	operator_metric,nitro,clickbench,q33,0,TrinoNitroAggregationOperator,nitroBoundaryPageIngressPages,2875
[WARNING] [stderr] 2026-08-13T13:25:22.790-0600	INFO	ForkJoinPool-1-worker-1	stdout	operator_metric,nitro,clickbench,q33,0,TrinoNitroPipelineSourceOperator,nitroProjectionPlannedAssignments,0
[WARNING] [stderr] 2026-08-13T13:25:22.790-0600	INFO	ForkJoinPool-1-worker-1	stdout	operator_metric,nitro,clickbench,q33,0,TrinoNitroPipelineSourceOperator,nitroAllocatorAllocatedVectorBytes,2399939928
[WARNING] [stderr] 2026-08-13T13:25:22.790-0600	INFO	ForkJoinPool-1-worker-1	stdout	operator_metric,nitro,clickbench,q33,0,TrinoNitroPipelineSourceOperator,nitroProjectionRunLengthInputPositions,0
[WARNING] [stderr] 2026-08-13T13:25:22.790-0600	INFO	ForkJoinPool-1-worker-1	stdout	operator_metric,nitro,clickbench,q33,0,TrinoNitroPipelineSourceOperator,nitroAllocatorAllocatedVectorBytes.I32Vector,1199969964
[WARNING] [stderr] 2026-08-13T13:25:22.790-0600	INFO	ForkJoinPool-1-worker-1	stdout	operator_metric,nitro,clickbench,q33,0,TrinoNitroPipelineSourceOperator,nitroAllocatorAllocatedBytes.NitroParquetBatchSource,2399939928
[WARNING] [stderr] 2026-08-13T13:25:22.790-0600	INFO	ForkJoinPool-1-worker-1	stdout	operator_metric,nitro,clickbench,q33,0,TrinoNitroPipelineSourceOperator,nitroBoundaryNativeExchangePositions,99997497
[WARNING] [stderr] 2026-08-13T13:25:22.790-0600	INFO	ForkJoinPool-1-worker-1	stdout	operator_metric,nitro,clickbench,q33,0,TrinoNitroPipelineSourceOperator,nitroOperatorConstructionNanos,8937264
[WARNING] [stderr] 2026-08-13T13:25:22.790-0600	INFO	ForkJoinPool-1-worker-1	stdout	operator_metric,nitro,clickbench,q33,0,TrinoNitroPipelineSourceOperator,nitroProjectionDictionaryInputPositions,0
[WARNING] [stderr] 2026-08-13T13:25:22.790-0600	INFO	ForkJoinPool-1-worker-1	stdout	operator_metric,nitro,clickbench,q33,0,TrinoNitroPipelineSourceOperator,nitroAllocatorAllocatedBytes,2399939928
[WARNING] [stderr] 2026-08-13T13:25:22.790-0600	INFO	ForkJoinPool-1-worker-1	stdout	operator_metric,nitro,clickbench,q33,0,TrinoNitroPipelineSourceOperator,nitroProjectionGeneratedAttempts,0
[WARNING] [stderr] 2026-08-13T13:25:22.790-0600	INFO	ForkJoinPool-1-worker-1	stdout	operator_metric,nitro,clickbench,q33,0,TrinoNitroPipelineSourceOperator,nitroProjectionGeneratedSelectedPositions,0
[WARNING] [stderr] 2026-08-13T13:25:22.790-0600	INFO	ForkJoinPool-1-worker-1	stdout	operator_metric,nitro,clickbench,q33,0,TrinoNitroPipelineSourceOperator,nitroAllocatorAllocatedVectorBytes.I64Vector,799979976
[WARNING] [stderr] 2026-08-13T13:25:22.790-0600	INFO	ForkJoinPool-1-worker-1	stdout	operator_metric,nitro,clickbench,q33,0,TrinoNitroPipelineSourceOperator,nitroNativeSourceCreationNanos,29354310
[WARNING] [stderr] 2026-08-13T13:25:22.790-0600	INFO	ForkJoinPool-1-worker-1	stdout	operator_metric,nitro,clickbench,q33,0,TrinoNitroPipelineSourceOperator,nitroProjectionFlatInputPositions,0
[WARNING] [stderr] 2026-08-13T13:25:22.790-0600	INFO	ForkJoinPool-1-worker-1	stdout	operator_metric,nitro,clickbench,q33,0,TrinoNitroPipelineSourceOperator,nitroProjectionOtherInputPositions,0
[WARNING] [stderr] 2026-08-13T13:25:22.790-0600	INFO	ForkJoinPool-1-worker-1	stdout	operator_metric,nitro,clickbench,q33,0,TrinoNitroPipelineSourceOperator,nitroAllocatorAllocatedBytes.trino-native-source-ingress,0
[WARNING] [stderr] 2026-08-13T13:25:22.790-0600	INFO	ForkJoinPool-1-worker-1	stdout	operator_metric,nitro,clickbench,q33,0,TrinoNitroPipelineSourceOperator,nitroProjectionGeneratedErrorFallbacks,0
[WARNING] [stderr] 2026-08-13T13:25:22.790-0600	INFO	ForkJoinPool-1-worker-1	stdout	operator_metric,nitro,clickbench,q33,0,TrinoNitroPipelineSourceOperator,nitroAllocatorAllocatedBytes.ProjectOperator,0
[WARNING] [stderr] 2026-08-13T13:25:22.790-0600	INFO	ForkJoinPool-1-worker-1	stdout	operator_metric,nitro,clickbench,q33,0,TrinoNitroPipelineSourceOperator,nitroProjectionGeneratedKernels,0
[WARNING] [stderr] 2026-08-13T13:25:22.790-0600	INFO	ForkJoinPool-1-worker-1	stdout	operator_metric,nitro,clickbench,q33,0,TrinoNitroPipelineSourceOperator,nitroBoundaryNativeExchangeBytes,2399939928
[WARNING] [stderr] 2026-08-13T13:25:22.790-0600	INFO	ForkJoinPool-1-worker-1	stdout	operator_metric,nitro,clickbench,q33,0,TrinoNitroPipelineSourceOperator,nitroProjectionGeneratedOutputs,0
[WARNING] [stderr] 2026-08-13T13:25:22.790-0600	INFO	ForkJoinPool-1-worker-1	stdout	operator_metric,nitro,clickbench,q33,0,TrinoNitroPipelineSourceOperator,nitroBoundaryNativeExchangeMaximumBatchBytes,37680000
[WARNING] [stderr] 2026-08-13T13:25:22.790-0600	INFO	ForkJoinPool-1-worker-1	stdout	operator_metric,nitro,clickbench,q33,0,TrinoNitroPipelineSourceOperator,nitroProjectionPlannedComputedOutputs,0
[WARNING] [stderr] 2026-08-13T13:25:22.790-0600	INFO	ForkJoinPool-1-worker-1	stdout	operator_metric,nitro,clickbench,q33,0,TrinoNitroPipelineSourceOperator,nitroProjectionOtherNullExpansionPositions,0
[WARNING] [stderr] 2026-08-13T13:25:22.790-0600	INFO	ForkJoinPool-1-worker-1	stdout	operator_metric,nitro,clickbench,q33,0,TrinoNitroPipelineSourceOperator,nitroProjectionIntegerWideningPositions,0
[WARNING] [stderr] 2026-08-13T13:25:22.790-0600	INFO	ForkJoinPool-1-worker-1	stdout	operator_metric,nitro,clickbench,q33,0,TrinoNitroPipelineSourceOperator,nitroProjectionGeneratedSuccesses,0
[WARNING] [stderr] 2026-08-13T13:25:22.790-0600	INFO	ForkJoinPool-1-worker-1	stdout	operator_metric,nitro,clickbench,q33,0,TrinoNitroPipelineSourceOperator,nitroProjectionGeneratedLayoutFallbacks,0
[WARNING] [stderr] 2026-08-13T13:25:22.790-0600	INFO	ForkJoinPool-1-worker-1	stdout	operator_metric,nitro,clickbench,q33,0,TrinoNitroPipelineSourceOperator,nitroProjectionDictionaryNullExpansionPositions,0
[WARNING] [stderr] 2026-08-13T13:25:22.790-0600	INFO	ForkJoinPool-1-worker-1	stdout	operator_metric,nitro,clickbench,q33,0,TrinoNitroPipelineSourceOperator,nitroAllocatorAllocatedVectorBytes.BooleanVector,399989988
[WARNING] [stderr] 2026-08-13T13:25:22.790-0600	INFO	ForkJoinPool-1-worker-1	stdout	operator_metric,nitro,clickbench,q33,0,TrinoNitroPipelineSourceOperator,nitroProjectionDictionaryFlatteningPositions,0
[WARNING] [stderr] 2026-08-13T13:25:22.790-0600	INFO	ForkJoinPool-1-worker-1	stdout	operator_metric,nitro,clickbench,q33,0,TrinoNitroPipelineSourceOperator,nitroBoundaryNativeExchangeBatches,10055
[WARNING] [stderr] 2026-08-13T13:25:22.790-0600	INFO	ForkJoinPool-1-worker-1	stdout	operator_metric,nitro,clickbench,q33,0,PartitionedOutputOperator,nitroRemoteOutputNativePartitionConversionNanos,0
[WARNING] [stderr] 2026-08-13T13:25:22.790-0600	INFO	ForkJoinPool-1-worker-1	stdout	operator_metric,nitro,clickbench,q33,0,PartitionedOutputOperator,nitroExchangeInputPages,10055
[WARNING] [stderr] 2026-08-13T13:25:22.790-0600	INFO	ForkJoinPool-1-worker-1	stdout	operator_metric,nitro,clickbench,q33,0,PartitionedOutputOperator,nitroExchangeSmallPagePositions,0
[WARNING] [stderr] 2026-08-13T13:25:22.792-0600	INFO	ForkJoinPool-1-worker-1	stdout	operator_metric,nitro,clickbench,q33,0,PartitionedOutputOperator,nitroExchangeInputFlatChannelPositions,399989988
[WARNING] [stderr] 2026-08-13T13:25:22.792-0600	INFO	ForkJoinPool-1-worker-1	stdout	operator_metric,nitro,clickbench,q33,0,PartitionedOutputOperator,nitroExchangeDictionaryUnsupportedPositions,0
[WARNING] [stderr] 2026-08-13T13:25:22.792-0600	INFO	ForkJoinPool-1-worker-1	stdout	operator_metric,nitro,clickbench,q33,0,PartitionedOutputOperator,nitroRemoteOutputNativeBatches,0
[WARNING] [stderr] 2026-08-13T13:25:22.792-0600	INFO	ForkJoinPool-1-worker-1	stdout	operator_metric,nitro,clickbench,q33,0,PartitionedOutputOperator,nitroRemoteOutputNativePartitionCopyNanos,0
[WARNING] [stderr] 2026-08-13T13:25:22.792-0600	INFO	ForkJoinPool-1-worker-1	stdout	operator_metric,nitro,clickbench,q33,0,PartitionedOutputOperator,nitroExchangeInputDictionaryChannelPositions,0
[WARNING] [stderr] 2026-08-13T13:25:22.793-0600	INFO	ForkJoinPool-1-worker-1	stdout	operator_metric,nitro,clickbench,q33,0,PartitionedOutputOperator,nitroRemoteOutputNativePartitions,0
[WARNING] [stderr] 2026-08-13T13:25:22.793-0600	INFO	ForkJoinPool-1-worker-1	stdout	operator_metric,nitro,clickbench,q33,0,PartitionedOutputOperator,nitroRemoteOutputBufferedBatches,10055
[WARNING] [stderr] 2026-08-13T13:25:22.793-0600	INFO	ForkJoinPool-1-worker-1	stdout	operator_metric,nitro,clickbench,q33,0,PartitionedOutputOperator,nitroRemoteOutputPartitionKeyConversionNanos,0
[WARNING] [stderr] 2026-08-13T13:25:22.793-0600	INFO	ForkJoinPool-1-worker-1	stdout	operator_metric,nitro,clickbench,q33,0,PartitionedOutputOperator,nitroExchangeRunLengthUnsupportedPositions,0
[WARNING] [stderr] 2026-08-13T13:25:22.793-0600	INFO	ForkJoinPool-1-worker-1	stdout	operator_metric,nitro,clickbench,q33,0,PartitionedOutputOperator,nitroRemoteOutputBufferedAppendNanos,2544749220
[WARNING] [stderr] 2026-08-13T13:25:22.793-0600	INFO	ForkJoinPool-1-worker-1	stdout	operator_metric,nitro,clickbench,q33,0,PartitionedOutputOperator,nitroRemoteOutputTotalNanos,2795226108
[WARNING] [stderr] 2026-08-13T13:25:22.793-0600	INFO	ForkJoinPool-1-worker-1	stdout	operator_metric,nitro,clickbench,q33,0,PartitionedOutputOperator,nitroRemoteOutputInputPositions,99997497
[WARNING] [stderr] 2026-08-13T13:25:22.793-0600	INFO	ForkJoinPool-1-worker-1	stdout	operator_metric,nitro,clickbench,q33,0,PartitionedOutputOperator,nitroExchangeInputRunLengthChannelPositions,0
[WARNING] [stderr] 2026-08-13T13:25:22.793-0600	INFO	ForkJoinPool-1-worker-1	stdout	operator_metric,nitro,clickbench,q33,0,PartitionedOutputOperator,nitroExchangeNoDictionaryPositions,99997497
[WARNING] [stderr] 2026-08-13T13:25:22.793-0600	INFO	ForkJoinPool-1-worker-1	stdout	operator_metric,nitro,clickbench,q33,0,PartitionedOutputOperator,nitroExchangeInputPositions,99997497
[WARNING] [stderr] 2026-08-13T13:25:22.793-0600	INFO	ForkJoinPool-1-worker-1	stdout	operator_metric,nitro,clickbench,q33,0,PartitionedOutputOperator,nitroExchangeLowDictionaryReusePositions,0
[WARNING] [stderr] 2026-08-13T13:25:22.793-0600	INFO	ForkJoinPool-1-worker-1	stdout	operator_metric,nitro,clickbench,q33,0,PartitionedOutputOperator,nitroExchangePreservedPositions,0
[WARNING] [stderr] 2026-08-13T13:25:22.793-0600	INFO	ForkJoinPool-1-worker-1	stdout	operator_metric,nitro,clickbench,q33,0,PartitionedOutputOperator,nitroRemoteOutputPartitionAssignmentNanos,0
[WARNING] [stderr] 2026-08-13T13:25:22.794-0600	INFO	ForkJoinPool-1-worker-1	stdout	operator_metric,nitro,clickbench,q33,0,PartitionedOutputOperator,nitroRemoteOutputBufferedConversionNanos,219529935
[WARNING] [stderr] 2026-08-13T13:25:22.794-0600	INFO	ForkJoinPool-1-worker-1	stdout	operator_metric,nitro,clickbench,q33,0,PartitionedOutputOperator,nitroRemoteOutputNativePartitionAppendNanos,0
[WARNING] [stderr] 2026-08-13T13:25:29.540-0600	INFO	ForkJoinPool-1-worker-1	stdout	operator_cpu,nitro,clickbench,q33,1,ExchangeOperator,3,0.000,205.628,0.000,0,99997517,99997517,7476.250,18.758,0.000
[WARNING] [stderr] 2026-08-13T13:25:29.540-0600	INFO	ForkJoinPool-1-worker-1	stdout	operator_cpu,nitro,clickbench,q33,1,LocalExchangeSourceOperator,7,0.000,14.081,0.000,0,99997557,99997557,33321.350,0.000,0.000
[WARNING] [stderr] 2026-08-13T13:25:29.540-0600	INFO	ForkJoinPool-1-worker-1	stdout	operator_cpu,nitro,clickbench,q33,1,TaskOutputOperator,3,0.201,0.000,0.002,0,30,30,0.000,0.000,0.000
[WARNING] [stderr] 2026-08-13T13:25:29.540-0600	INFO	ForkJoinPool-1-worker-1	stdout	operator_cpu,nitro,clickbench,q33,1,LocalExchangeSinkOperator,7,2.906,0.000,0.134,0,99997557,99997557,6920.000,0.000,0.000
[WARNING] [stderr] 2026-08-13T13:25:29.540-0600	INFO	ForkJoinPool-1-worker-1	stdout	operator_cpu,nitro,clickbench,q33,1,TopNOperator,5,0.010,0.694,0.072,0,60,50,0.000,0.084,0.000
[WARNING] [stderr] 2026-08-13T13:25:29.540-0600	INFO	ForkJoinPool-1-worker-1	stdout	operator_cpu,nitro,clickbench,q33,1,TrinoNitroAggregationOperator,2,7120.000,3300.000,0.004,0,99997497,20,0.000,2103.071,0.000
[WARNING] [stderr] 2026-08-13T13:25:29.540-0600	INFO	ForkJoinPool-1-worker-1	stdout	operator_cpu,nitro,clickbench,q33,1,TrinoNitroPipelineSourceOperator,165,0.000,944.050,0.000,99997497,99997497,99997497,0.000,0.229,0.000
[WARNING] [stderr] 2026-08-13T13:25:29.540-0600	INFO	ForkJoinPool-1-worker-1	stdout	operator_cpu,nitro,clickbench,q33,1,PartitionedOutputOperator,165,917.960,0.000,6.080,0,99997497,99997497,21650.000,0.000,0.000
[WARNING] [stderr] 2026-08-13T13:25:29.542-0600	INFO	ForkJoinPool-1-worker-1	stdout	operator_metric,nitro,clickbench,q33,1,TrinoNitroAggregationOperator,nitroAggregationInitialKeyNanos,0
[WARNING] [stderr] 2026-08-13T13:25:29.542-0600	INFO	ForkJoinPool-1-worker-1	stdout	operator_metric,nitro,clickbench,q33,1,TrinoNitroAggregationOperator,nitroAggregationInitialEncodedKeyNanos,0
[WARNING] [stderr] 2026-08-13T13:25:29.542-0600	INFO	ForkJoinPool-1-worker-1	stdout	operator_metric,nitro,clickbench,q33,1,TrinoNitroAggregationOperator,nitroAggregationOutputNanos,84390
[WARNING] [stderr] 2026-08-13T13:25:29.542-0600	INFO	ForkJoinPool-1-worker-1	stdout	operator_metric,nitro,clickbench,q33,1,TrinoNitroAggregationOperator,nitroAggregationPipelineNanos,0
[WARNING] [stderr] 2026-08-13T13:25:29.542-0600	INFO	ForkJoinPool-1-worker-1	stdout	operator_metric,nitro,clickbench,q33,1,TrinoNitroAggregationOperator,nitroAggregationGroupingNanos,7846382173
[WARNING] [stderr] 2026-08-13T13:25:29.542-0600	INFO	ForkJoinPool-1-worker-1	stdout	operator_metric,nitro,clickbench,q33,1,TrinoNitroAggregationOperator,nitroAggregationAccumulationNanos,1172834100
[WARNING] [stderr] 2026-08-13T13:25:29.542-0600	INFO	ForkJoinPool-1-worker-1	stdout	operator_metric,nitro,clickbench,q33,1,TrinoNitroAggregationOperator,nitroBoundaryNativeEgressDictionaryChannelPositions,0
[WARNING] [stderr] 2026-08-13T13:25:29.542-0600	INFO	ForkJoinPool-1-worker-1	stdout	operator_metric,nitro,clickbench,q33,1,TrinoNitroAggregationOperator,nitroAggregationFusedNanos,0
[WARNING] [stderr] 2026-08-13T13:25:29.542-0600	INFO	ForkJoinPool-1-worker-1	stdout	operator_metric,nitro,clickbench,q33,1,TrinoNitroAggregationOperator,nitroBoundaryPageEgressBytes,820
[WARNING] [stderr] 2026-08-13T13:25:29.542-0600	INFO	ForkJoinPool-1-worker-1	stdout	operator_metric,nitro,clickbench,q33,1,TrinoNitroAggregationOperator,nitroAggregationFlushNanos,0
[WARNING] [stderr] 2026-08-13T13:25:29.542-0600	INFO	ForkJoinPool-1-worker-1	stdout	operator_metric,nitro,clickbench,q33,1,TrinoNitroAggregationOperator,nitroBoundaryPageEgressPositions,20
[WARNING] [stderr] 2026-08-13T13:25:29.542-0600	INFO	ForkJoinPool-1-worker-1	stdout	operator_metric,nitro,clickbench,q33,1,TrinoNitroAggregationOperator,nitroBoundaryPageIngressBytes,3199919904
[WARNING] [stderr] 2026-08-13T13:25:29.542-0600	INFO	ForkJoinPool-1-worker-1	stdout	operator_metric,nitro,clickbench,q33,1,TrinoNitroAggregationOperator,nitroBoundaryPageIngressPositions,99997497
[WARNING] [stderr] 2026-08-13T13:25:29.542-0600	INFO	ForkJoinPool-1-worker-1	stdout	operator_metric,nitro,clickbench,q33,1,TrinoNitroAggregationOperator,nitroBoundaryPageIngressDictionaryChannelPositions,0
[WARNING] [stderr] 2026-08-13T13:25:29.542-0600	INFO	ForkJoinPool-1-worker-1	stdout	operator_metric,nitro,clickbench,q33,1,TrinoNitroAggregationOperator,nitroAggregationInputNanos,9480951396
[WARNING] [stderr] 2026-08-13T13:25:29.542-0600	INFO	ForkJoinPool-1-worker-1	stdout	operator_metric,nitro,clickbench,q33,1,TrinoNitroAggregationOperator,nitroBoundaryPageEgressDictionaryChannelPositions,0
[WARNING] [stderr] 2026-08-13T13:25:29.542-0600	INFO	ForkJoinPool-1-worker-1	stdout	operator_metric,nitro,clickbench,q33,1,TrinoNitroAggregationOperator,nitroAggregationInitialAggregationNanos,0
[WARNING] [stderr] 2026-08-13T13:25:29.542-0600	INFO	ForkJoinPool-1-worker-1	stdout	operator_metric,nitro,clickbench,q33,1,TrinoNitroAggregationOperator,nitroBoundaryPageEgressRunLengthChannelPositions,0
[WARNING] [stderr] 2026-08-13T13:25:29.542-0600	INFO	ForkJoinPool-1-worker-1	stdout	operator_metric,nitro,clickbench,q33,1,TrinoNitroAggregationOperator,nitroBoundaryPageIngressRunLengthChannelPositions,0
[WARNING] [stderr] 2026-08-13T13:25:29.542-0600	INFO	ForkJoinPool-1-worker-1	stdout	operator_metric,nitro,clickbench,q33,1,TrinoNitroAggregationOperator,nitroAggregationInitialFlatKeyNanos,0
[WARNING] [stderr] 2026-08-13T13:25:29.542-0600	INFO	ForkJoinPool-1-worker-1	stdout	operator_metric,nitro,clickbench,q33,1,TrinoNitroAggregationOperator,nitroBoundaryNativeEgressFlatChannelPositions,100
[WARNING] [stderr] 2026-08-13T13:25:29.542-0600	INFO	ForkJoinPool-1-worker-1	stdout	operator_metric,nitro,clickbench,q33,1,TrinoNitroAggregationOperator,nitroAggregationStatePreparationNanos,459846386
[WARNING] [stderr] 2026-08-13T13:25:29.542-0600	INFO	ForkJoinPool-1-worker-1	stdout	operator_metric,nitro,clickbench,q33,1,TrinoNitroAggregationOperator,nitroBoundaryNativeEgressRunLengthChannelPositions,0
[WARNING] [stderr] 2026-08-13T13:25:29.542-0600	INFO	ForkJoinPool-1-worker-1	stdout	operator_metric,nitro,clickbench,q33,1,TrinoNitroAggregationOperator,nitroBoundaryPageIngressFlatChannelPositions,399989988
[WARNING] [stderr] 2026-08-13T13:25:29.542-0600	INFO	ForkJoinPool-1-worker-1	stdout	operator_metric,nitro,clickbench,q33,1,TrinoNitroAggregationOperator,nitroBoundaryPageEgressFlatChannelPositions,100
[WARNING] [stderr] 2026-08-13T13:25:29.542-0600	INFO	ForkJoinPool-1-worker-1	stdout	operator_metric,nitro,clickbench,q33,1,TrinoNitroAggregationOperator,nitroBoundaryPageEgressPages,2
[WARNING] [stderr] 2026-08-13T13:25:29.542-0600	INFO	ForkJoinPool-1-worker-1	stdout	operator_metric,nitro,clickbench,q33,1,TrinoNitroAggregationOperator,nitroBoundaryPageIngressPages,2870
[WARNING] [stderr] 2026-08-13T13:25:29.542-0600	INFO	ForkJoinPool-1-worker-1	stdout	operator_metric,nitro,clickbench,q33,1,TrinoNitroPipelineSourceOperator,nitroProjectionPlannedAssignments,0
[WARNING] [stderr] 2026-08-13T13:25:29.542-0600	INFO	ForkJoinPool-1-worker-1	stdout	operator_metric,nitro,clickbench,q33,1,TrinoNitroPipelineSourceOperator,nitroAllocatorAllocatedVectorBytes,2399939928
[WARNING] [stderr] 2026-08-13T13:25:29.542-0600	INFO	ForkJoinPool-1-worker-1	stdout	operator_metric,nitro,clickbench,q33,1,TrinoNitroPipelineSourceOperator,nitroProjectionRunLengthInputPositions,0
[WARNING] [stderr] 2026-08-13T13:25:29.542-0600	INFO	ForkJoinPool-1-worker-1	stdout	operator_metric,nitro,clickbench,q33,1,TrinoNitroPipelineSourceOperator,nitroAllocatorAllocatedVectorBytes.I32Vector,1199969964
[WARNING] [stderr] 2026-08-13T13:25:29.542-0600	INFO	ForkJoinPool-1-worker-1	stdout	operator_metric,nitro,clickbench,q33,1,TrinoNitroPipelineSourceOperator,nitroAllocatorAllocatedBytes.NitroParquetBatchSource,2399939928
[WARNING] [stderr] 2026-08-13T13:25:29.542-0600	INFO	ForkJoinPool-1-worker-1	stdout	operator_metric,nitro,clickbench,q33,1,TrinoNitroPipelineSourceOperator,nitroBoundaryNativeExchangePositions,99997497
[WARNING] [stderr] 2026-08-13T13:25:29.542-0600	INFO	ForkJoinPool-1-worker-1	stdout	operator_metric,nitro,clickbench,q33,1,TrinoNitroPipelineSourceOperator,nitroOperatorConstructionNanos,9014082
[WARNING] [stderr] 2026-08-13T13:25:29.542-0600	INFO	ForkJoinPool-1-worker-1	stdout	operator_metric,nitro,clickbench,q33,1,TrinoNitroPipelineSourceOperator,nitroProjectionDictionaryInputPositions,0
[WARNING] [stderr] 2026-08-13T13:25:29.542-0600	INFO	ForkJoinPool-1-worker-1	stdout	operator_metric,nitro,clickbench,q33,1,TrinoNitroPipelineSourceOperator,nitroAllocatorAllocatedBytes,2399939928
[WARNING] [stderr] 2026-08-13T13:25:29.542-0600	INFO	ForkJoinPool-1-worker-1	stdout	operator_metric,nitro,clickbench,q33,1,TrinoNitroPipelineSourceOperator,nitroProjectionGeneratedAttempts,0
[WARNING] [stderr] 2026-08-13T13:25:29.542-0600	INFO	ForkJoinPool-1-worker-1	stdout	operator_metric,nitro,clickbench,q33,1,TrinoNitroPipelineSourceOperator,nitroProjectionGeneratedSelectedPositions,0
[WARNING] [stderr] 2026-08-13T13:25:29.543-0600	INFO	ForkJoinPool-1-worker-1	stdout	operator_metric,nitro,clickbench,q33,1,TrinoNitroPipelineSourceOperator,nitroAllocatorAllocatedVectorBytes.I64Vector,799979976
[WARNING] [stderr] 2026-08-13T13:25:29.543-0600	INFO	ForkJoinPool-1-worker-1	stdout	operator_metric,nitro,clickbench,q33,1,TrinoNitroPipelineSourceOperator,nitroNativeSourceCreationNanos,29758994
[WARNING] [stderr] 2026-08-13T13:25:29.543-0600	INFO	ForkJoinPool-1-worker-1	stdout	operator_metric,nitro,clickbench,q33,1,TrinoNitroPipelineSourceOperator,nitroProjectionFlatInputPositions,0
[WARNING] [stderr] 2026-08-13T13:25:29.543-0600	INFO	ForkJoinPool-1-worker-1	stdout	operator_metric,nitro,clickbench,q33,1,TrinoNitroPipelineSourceOperator,nitroProjectionOtherInputPositions,0
[WARNING] [stderr] 2026-08-13T13:25:29.543-0600	INFO	ForkJoinPool-1-worker-1	stdout	operator_metric,nitro,clickbench,q33,1,TrinoNitroPipelineSourceOperator,nitroAllocatorAllocatedBytes.trino-native-source-ingress,0
[WARNING] [stderr] 2026-08-13T13:25:29.543-0600	INFO	ForkJoinPool-1-worker-1	stdout	operator_metric,nitro,clickbench,q33,1,TrinoNitroPipelineSourceOperator,nitroProjectionGeneratedErrorFallbacks,0
[WARNING] [stderr] 2026-08-13T13:25:29.543-0600	INFO	ForkJoinPool-1-worker-1	stdout	operator_metric,nitro,clickbench,q33,1,TrinoNitroPipelineSourceOperator,nitroAllocatorAllocatedBytes.ProjectOperator,0
[WARNING] [stderr] 2026-08-13T13:25:29.543-0600	INFO	ForkJoinPool-1-worker-1	stdout	operator_metric,nitro,clickbench,q33,1,TrinoNitroPipelineSourceOperator,nitroProjectionGeneratedKernels,0
[WARNING] [stderr] 2026-08-13T13:25:29.543-0600	INFO	ForkJoinPool-1-worker-1	stdout	operator_metric,nitro,clickbench,q33,1,TrinoNitroPipelineSourceOperator,nitroBoundaryNativeExchangeBytes,2399939928
[WARNING] [stderr] 2026-08-13T13:25:29.543-0600	INFO	ForkJoinPool-1-worker-1	stdout	operator_metric,nitro,clickbench,q33,1,TrinoNitroPipelineSourceOperator,nitroProjectionGeneratedOutputs,0
[WARNING] [stderr] 2026-08-13T13:25:29.543-0600	INFO	ForkJoinPool-1-worker-1	stdout	operator_metric,nitro,clickbench,q33,1,TrinoNitroPipelineSourceOperator,nitroBoundaryNativeExchangeMaximumBatchBytes,37680000
[WARNING] [stderr] 2026-08-13T13:25:29.543-0600	INFO	ForkJoinPool-1-worker-1	stdout	operator_metric,nitro,clickbench,q33,1,TrinoNitroPipelineSourceOperator,nitroProjectionPlannedComputedOutputs,0
[WARNING] [stderr] 2026-08-13T13:25:29.543-0600	INFO	ForkJoinPool-1-worker-1	stdout	operator_metric,nitro,clickbench,q33,1,TrinoNitroPipelineSourceOperator,nitroProjectionOtherNullExpansionPositions,0
[WARNING] [stderr] 2026-08-13T13:25:29.543-0600	INFO	ForkJoinPool-1-worker-1	stdout	operator_metric,nitro,clickbench,q33,1,TrinoNitroPipelineSourceOperator,nitroProjectionIntegerWideningPositions,0
[WARNING] [stderr] 2026-08-13T13:25:29.544-0600	INFO	ForkJoinPool-1-worker-1	stdout	operator_metric,nitro,clickbench,q33,1,TrinoNitroPipelineSourceOperator,nitroProjectionGeneratedSuccesses,0
[WARNING] [stderr] 2026-08-13T13:25:29.544-0600	INFO	ForkJoinPool-1-worker-1	stdout	operator_metric,nitro,clickbench,q33,1,TrinoNitroPipelineSourceOperator,nitroProjectionGeneratedLayoutFallbacks,0
[WARNING] [stderr] 2026-08-13T13:25:29.544-0600	INFO	ForkJoinPool-1-worker-1	stdout	operator_metric,nitro,clickbench,q33,1,TrinoNitroPipelineSourceOperator,nitroProjectionDictionaryNullExpansionPositions,0
[WARNING] [stderr] 2026-08-13T13:25:29.544-0600	INFO	ForkJoinPool-1-worker-1	stdout	operator_metric,nitro,clickbench,q33,1,TrinoNitroPipelineSourceOperator,nitroAllocatorAllocatedVectorBytes.BooleanVector,399989988
[WARNING] [stderr] 2026-08-13T13:25:29.544-0600	INFO	ForkJoinPool-1-worker-1	stdout	operator_metric,nitro,clickbench,q33,1,TrinoNitroPipelineSourceOperator,nitroProjectionDictionaryFlatteningPositions,0
[WARNING] [stderr] 2026-08-13T13:25:29.544-0600	INFO	ForkJoinPool-1-worker-1	stdout	operator_metric,nitro,clickbench,q33,1,TrinoNitroPipelineSourceOperator,nitroBoundaryNativeExchangeBatches,10055
[WARNING] [stderr] 2026-08-13T13:25:29.544-0600	INFO	ForkJoinPool-1-worker-1	stdout	operator_metric,nitro,clickbench,q33,1,PartitionedOutputOperator,nitroRemoteOutputNativePartitionConversionNanos,0
[WARNING] [stderr] 2026-08-13T13:25:29.544-0600	INFO	ForkJoinPool-1-worker-1	stdout	operator_metric,nitro,clickbench,q33,1,PartitionedOutputOperator,nitroExchangeInputPages,10055
[WARNING] [stderr] 2026-08-13T13:25:29.544-0600	INFO	ForkJoinPool-1-worker-1	stdout	operator_metric,nitro,clickbench,q33,1,PartitionedOutputOperator,nitroExchangeSmallPagePositions,0
[WARNING] [stderr] 2026-08-13T13:25:29.544-0600	INFO	ForkJoinPool-1-worker-1	stdout	operator_metric,nitro,clickbench,q33,1,PartitionedOutputOperator,nitroExchangeInputFlatChannelPositions,399989988
[WARNING] [stderr] 2026-08-13T13:25:29.544-0600	INFO	ForkJoinPool-1-worker-1	stdout	operator_metric,nitro,clickbench,q33,1,PartitionedOutputOperator,nitroExchangeDictionaryUnsupportedPositions,0
[WARNING] [stderr] 2026-08-13T13:25:29.544-0600	INFO	ForkJoinPool-1-worker-1	stdout	operator_metric,nitro,clickbench,q33,1,PartitionedOutputOperator,nitroRemoteOutputNativeBatches,0
[WARNING] [stderr] 2026-08-13T13:25:29.544-0600	INFO	ForkJoinPool-1-worker-1	stdout	operator_metric,nitro,clickbench,q33,1,PartitionedOutputOperator,nitroRemoteOutputNativePartitionCopyNanos,0
[WARNING] [stderr] 2026-08-13T13:25:29.544-0600	INFO	ForkJoinPool-1-worker-1	stdout	operator_metric,nitro,clickbench,q33,1,PartitionedOutputOperator,nitroExchangeInputDictionaryChannelPositions,0
[WARNING] [stderr] 2026-08-13T13:25:29.544-0600	INFO	ForkJoinPool-1-worker-1	stdout	operator_metric,nitro,clickbench,q33,1,PartitionedOutputOperator,nitroRemoteOutputNativePartitions,0
[WARNING] [stderr] 2026-08-13T13:25:29.544-0600	INFO	ForkJoinPool-1-worker-1	stdout	operator_metric,nitro,clickbench,q33,1,PartitionedOutputOperator,nitroRemoteOutputBufferedBatches,10055
[WARNING] [stderr] 2026-08-13T13:25:29.544-0600	INFO	ForkJoinPool-1-worker-1	stdout	operator_metric,nitro,clickbench,q33,1,PartitionedOutputOperator,nitroRemoteOutputPartitionKeyConversionNanos,0
[WARNING] [stderr] 2026-08-13T13:25:29.544-0600	INFO	ForkJoinPool-1-worker-1	stdout	operator_metric,nitro,clickbench,q33,1,PartitionedOutputOperator,nitroExchangeRunLengthUnsupportedPositions,0
[WARNING] [stderr] 2026-08-13T13:25:29.544-0600	INFO	ForkJoinPool-1-worker-1	stdout	operator_metric,nitro,clickbench,q33,1,PartitionedOutputOperator,nitroRemoteOutputBufferedAppendNanos,1796269165
[WARNING] [stderr] 2026-08-13T13:25:29.544-0600	INFO	ForkJoinPool-1-worker-1	stdout	operator_metric,nitro,clickbench,q33,1,PartitionedOutputOperator,nitroRemoteOutputTotalNanos,2050690062
[WARNING] [stderr] 2026-08-13T13:25:29.544-0600	INFO	ForkJoinPool-1-worker-1	stdout	operator_metric,nitro,clickbench,q33,1,PartitionedOutputOperator,nitroRemoteOutputInputPositions,99997497
[WARNING] [stderr] 2026-08-13T13:25:29.544-0600	INFO	ForkJoinPool-1-worker-1	stdout	operator_metric,nitro,clickbench,q33,1,PartitionedOutputOperator,nitroExchangeInputRunLengthChannelPositions,0
[WARNING] [stderr] 2026-08-13T13:25:29.544-0600	INFO	ForkJoinPool-1-worker-1	stdout	operator_metric,nitro,clickbench,q33,1,PartitionedOutputOperator,nitroExchangeNoDictionaryPositions,99997497
[WARNING] [stderr] 2026-08-13T13:25:29.544-0600	INFO	ForkJoinPool-1-worker-1	stdout	operator_metric,nitro,clickbench,q33,1,PartitionedOutputOperator,nitroExchangeInputPositions,99997497
[WARNING] [stderr] 2026-08-13T13:25:29.544-0600	INFO	ForkJoinPool-1-worker-1	stdout	operator_metric,nitro,clickbench,q33,1,PartitionedOutputOperator,nitroExchangeLowDictionaryReusePositions,0
[WARNING] [stderr] 2026-08-13T13:25:29.544-0600	INFO	ForkJoinPool-1-worker-1	stdout	operator_metric,nitro,clickbench,q33,1,PartitionedOutputOperator,nitroExchangePreservedPositions,0
[WARNING] [stderr] 2026-08-13T13:25:29.544-0600	INFO	ForkJoinPool-1-worker-1	stdout	operator_metric,nitro,clickbench,q33,1,PartitionedOutputOperator,nitroRemoteOutputPartitionAssignmentNanos,0
[WARNING] [stderr] 2026-08-13T13:25:29.544-0600	INFO	ForkJoinPool-1-worker-1	stdout	operator_metric,nitro,clickbench,q33,1,PartitionedOutputOperator,nitroRemoteOutputBufferedConversionNanos,246961213
[WARNING] [stderr] 2026-08-13T13:25:29.544-0600	INFO	ForkJoinPool-1-worker-1	stdout	operator_metric,nitro,clickbench,q33,1,PartitionedOutputOperator,nitroRemoteOutputNativePartitionAppendNanos,0
[WARNING] [stderr] 2026-08-13T13:25:36.538-0600	INFO	ForkJoinPool-1-worker-1	stdout	operator_cpu,nitro,clickbench,q33,2,ExchangeOperator,3,0.000,201.469,0.000,0,99997517,99997517,7618.090,17.809,0.000
[WARNING] [stderr] 2026-08-13T13:25:36.538-0600	INFO	ForkJoinPool-1-worker-1	stdout	operator_cpu,nitro,clickbench,q33,2,LocalExchangeSourceOperator,7,0.000,14.195,0.000,0,99997557,99997557,27596.720,0.000,0.000
[WARNING] [stderr] 2026-08-13T13:25:36.538-0600	INFO	ForkJoinPool-1-worker-1	stdout	operator_cpu,nitro,clickbench,q33,2,TaskOutputOperator,3,0.194,0.000,0.002,0,30,30,0.000,0.000,0.000
[WARNING] [stderr] 2026-08-13T13:25:36.538-0600	INFO	ForkJoinPool-1-worker-1	stdout	operator_cpu,nitro,clickbench,q33,2,LocalExchangeSinkOperator,7,2.876,0.000,0.123,0,99997557,99997557,7470.000,0.000,0.000
[WARNING] [stderr] 2026-08-13T13:25:36.538-0600	INFO	ForkJoinPool-1-worker-1	stdout	operator_cpu,nitro,clickbench,q33,2,TopNOperator,5,0.011,0.737,0.073,0,60,50,0.000,0.084,0.000
[WARNING] [stderr] 2026-08-13T13:25:36.538-0600	INFO	ForkJoinPool-1-worker-1	stdout	operator_cpu,nitro,clickbench,q33,2,TrinoNitroAggregationOperator,2,7040.000,3730.000,0.007,0,99997497,20,0.000,2103.073,0.000
[WARNING] [stderr] 2026-08-13T13:25:36.538-0600	INFO	ForkJoinPool-1-worker-1	stdout	operator_cpu,nitro,clickbench,q33,2,TrinoNitroPipelineSourceOperator,165,0.000,956.940,0.000,99997497,99997497,99997497,0.000,0.229,0.000
[WARNING] [stderr] 2026-08-13T13:25:36.538-0600	INFO	ForkJoinPool-1-worker-1	stdout	operator_cpu,nitro,clickbench,q33,2,PartitionedOutputOperator,165,926.970,0.000,6.550,0,99997497,99997497,21530.000,0.000,0.000
[WARNING] [stderr] 2026-08-13T13:25:36.538-0600	INFO	ForkJoinPool-1-worker-1	stdout	operator_metric,nitro,clickbench,q33,2,TrinoNitroAggregationOperator,nitroAggregationInitialKeyNanos,0
[WARNING] [stderr] 2026-08-13T13:25:36.538-0600	INFO	ForkJoinPool-1-worker-1	stdout	operator_metric,nitro,clickbench,q33,2,TrinoNitroAggregationOperator,nitroAggregationInitialEncodedKeyNanos,0
[WARNING] [stderr] 2026-08-13T13:25:36.538-0600	INFO	ForkJoinPool-1-worker-1	stdout	operator_metric,nitro,clickbench,q33,2,TrinoNitroAggregationOperator,nitroAggregationOutputNanos,80402
[WARNING] [stderr] 2026-08-13T13:25:36.538-0600	INFO	ForkJoinPool-1-worker-1	stdout	operator_metric,nitro,clickbench,q33,2,TrinoNitroAggregationOperator,nitroAggregationPipelineNanos,0
[WARNING] [stderr] 2026-08-13T13:25:36.538-0600	INFO	ForkJoinPool-1-worker-1	stdout	operator_metric,nitro,clickbench,q33,2,TrinoNitroAggregationOperator,nitroAggregationGroupingNanos,7800389836
[WARNING] [stderr] 2026-08-13T13:25:36.538-0600	INFO	ForkJoinPool-1-worker-1	stdout	operator_metric,nitro,clickbench,q33,2,TrinoNitroAggregationOperator,nitroAggregationAccumulationNanos,1243820808
[WARNING] [stderr] 2026-08-13T13:25:36.538-0600	INFO	ForkJoinPool-1-worker-1	stdout	operator_metric,nitro,clickbench,q33,2,TrinoNitroAggregationOperator,nitroBoundaryNativeEgressDictionaryChannelPositions,0
[WARNING] [stderr] 2026-08-13T13:25:36.538-0600	INFO	ForkJoinPool-1-worker-1	stdout	operator_metric,nitro,clickbench,q33,2,TrinoNitroAggregationOperator,nitroAggregationFusedNanos,0
[WARNING] [stderr] 2026-08-13T13:25:36.538-0600	INFO	ForkJoinPool-1-worker-1	stdout	operator_metric,nitro,clickbench,q33,2,TrinoNitroAggregationOperator,nitroBoundaryPageEgressBytes,820
[WARNING] [stderr] 2026-08-13T13:25:36.538-0600	INFO	ForkJoinPool-1-worker-1	stdout	operator_metric,nitro,clickbench,q33,2,TrinoNitroAggregationOperator,nitroAggregationFlushNanos,0
[WARNING] [stderr] 2026-08-13T13:25:36.538-0600	INFO	ForkJoinPool-1-worker-1	stdout	operator_metric,nitro,clickbench,q33,2,TrinoNitroAggregationOperator,nitroBoundaryPageEgressPositions,20
[WARNING] [stderr] 2026-08-13T13:25:36.539-0600	INFO	ForkJoinPool-1-worker-1	stdout	operator_metric,nitro,clickbench,q33,2,TrinoNitroAggregationOperator,nitroBoundaryPageIngressBytes,3199919904
[WARNING] [stderr] 2026-08-13T13:25:36.539-0600	INFO	ForkJoinPool-1-worker-1	stdout	operator_metric,nitro,clickbench,q33,2,TrinoNitroAggregationOperator,nitroBoundaryPageIngressPositions,99997497
[WARNING] [stderr] 2026-08-13T13:25:36.539-0600	INFO	ForkJoinPool-1-worker-1	stdout	operator_metric,nitro,clickbench,q33,2,TrinoNitroAggregationOperator,nitroBoundaryPageIngressDictionaryChannelPositions,0
[WARNING] [stderr] 2026-08-13T13:25:36.541-0600	INFO	ForkJoinPool-1-worker-1	stdout	operator_metric,nitro,clickbench,q33,2,TrinoNitroAggregationOperator,nitroAggregationInputNanos,9373947207
[WARNING] [stderr] 2026-08-13T13:25:36.541-0600	INFO	ForkJoinPool-1-worker-1	stdout	operator_metric,nitro,clickbench,q33,2,TrinoNitroAggregationOperator,nitroBoundaryPageEgressDictionaryChannelPositions,0
[WARNING] [stderr] 2026-08-13T13:25:36.541-0600	INFO	ForkJoinPool-1-worker-1	stdout	operator_metric,nitro,clickbench,q33,2,TrinoNitroAggregationOperator,nitroAggregationInitialAggregationNanos,0
[WARNING] [stderr] 2026-08-13T13:25:36.541-0600	INFO	ForkJoinPool-1-worker-1	stdout	operator_metric,nitro,clickbench,q33,2,TrinoNitroAggregationOperator,nitroBoundaryPageEgressRunLengthChannelPositions,0
[WARNING] [stderr] 2026-08-13T13:25:36.541-0600	INFO	ForkJoinPool-1-worker-1	stdout	operator_metric,nitro,clickbench,q33,2,TrinoNitroAggregationOperator,nitroBoundaryPageIngressRunLengthChannelPositions,0
[WARNING] [stderr] 2026-08-13T13:25:36.541-0600	INFO	ForkJoinPool-1-worker-1	stdout	operator_metric,nitro,clickbench,q33,2,TrinoNitroAggregationOperator,nitroAggregationInitialFlatKeyNanos,0
[WARNING] [stderr] 2026-08-13T13:25:36.541-0600	INFO	ForkJoinPool-1-worker-1	stdout	operator_metric,nitro,clickbench,q33,2,TrinoNitroAggregationOperator,nitroBoundaryNativeEgressFlatChannelPositions,100
[WARNING] [stderr] 2026-08-13T13:25:36.541-0600	INFO	ForkJoinPool-1-worker-1	stdout	operator_metric,nitro,clickbench,q33,2,TrinoNitroAggregationOperator,nitroAggregationStatePreparationNanos,327787140
[WARNING] [stderr] 2026-08-13T13:25:36.541-0600	INFO	ForkJoinPool-1-worker-1	stdout	operator_metric,nitro,clickbench,q33,2,TrinoNitroAggregationOperator,nitroBoundaryNativeEgressRunLengthChannelPositions,0
[WARNING] [stderr] 2026-08-13T13:25:36.541-0600	INFO	ForkJoinPool-1-worker-1	stdout	operator_metric,nitro,clickbench,q33,2,TrinoNitroAggregationOperator,nitroBoundaryPageIngressFlatChannelPositions,399989988
[WARNING] [stderr] 2026-08-13T13:25:36.541-0600	INFO	ForkJoinPool-1-worker-1	stdout	operator_metric,nitro,clickbench,q33,2,TrinoNitroAggregationOperator,nitroBoundaryPageEgressFlatChannelPositions,100
[WARNING] [stderr] 2026-08-13T13:25:36.541-0600	INFO	ForkJoinPool-1-worker-1	stdout	operator_metric,nitro,clickbench,q33,2,TrinoNitroAggregationOperator,nitroBoundaryPageEgressPages,2
[WARNING] [stderr] 2026-08-13T13:25:36.541-0600	INFO	ForkJoinPool-1-worker-1	stdout	operator_metric,nitro,clickbench,q33,2,TrinoNitroAggregationOperator,nitroBoundaryPageIngressPages,2868
[WARNING] [stderr] 2026-08-13T13:25:36.541-0600	INFO	ForkJoinPool-1-worker-1	stdout	operator_metric,nitro,clickbench,q33,2,TrinoNitroPipelineSourceOperator,nitroProjectionPlannedAssignments,0
[WARNING] [stderr] 2026-08-13T13:25:36.541-0600	INFO	ForkJoinPool-1-worker-1	stdout	operator_metric,nitro,clickbench,q33,2,TrinoNitroPipelineSourceOperator,nitroAllocatorAllocatedVectorBytes,2399939928
[WARNING] [stderr] 2026-08-13T13:25:36.541-0600	INFO	ForkJoinPool-1-worker-1	stdout	operator_metric,nitro,clickbench,q33,2,TrinoNitroPipelineSourceOperator,nitroProjectionRunLengthInputPositions,0
[WARNING] [stderr] 2026-08-13T13:25:36.541-0600	INFO	ForkJoinPool-1-worker-1	stdout	operator_metric,nitro,clickbench,q33,2,TrinoNitroPipelineSourceOperator,nitroAllocatorAllocatedVectorBytes.I32Vector,1199969964
[WARNING] [stderr] 2026-08-13T13:25:36.541-0600	INFO	ForkJoinPool-1-worker-1	stdout	operator_metric,nitro,clickbench,q33,2,TrinoNitroPipelineSourceOperator,nitroAllocatorAllocatedBytes.NitroParquetBatchSource,2399939928
[WARNING] [stderr] 2026-08-13T13:25:36.541-0600	INFO	ForkJoinPool-1-worker-1	stdout	operator_metric,nitro,clickbench,q33,2,TrinoNitroPipelineSourceOperator,nitroBoundaryNativeExchangePositions,99997497
[WARNING] [stderr] 2026-08-13T13:25:36.541-0600	INFO	ForkJoinPool-1-worker-1	stdout	operator_metric,nitro,clickbench,q33,2,TrinoNitroPipelineSourceOperator,nitroOperatorConstructionNanos,9732115
[WARNING] [stderr] 2026-08-13T13:25:36.541-0600	INFO	ForkJoinPool-1-worker-1	stdout	operator_metric,nitro,clickbench,q33,2,TrinoNitroPipelineSourceOperator,nitroProjectionDictionaryInputPositions,0
[WARNING] [stderr] 2026-08-13T13:25:36.541-0600	INFO	ForkJoinPool-1-worker-1	stdout	operator_metric,nitro,clickbench,q33,2,TrinoNitroPipelineSourceOperator,nitroAllocatorAllocatedBytes,2399939928
[WARNING] [stderr] 2026-08-13T13:25:36.541-0600	INFO	ForkJoinPool-1-worker-1	stdout	operator_metric,nitro,clickbench,q33,2,TrinoNitroPipelineSourceOperator,nitroProjectionGeneratedAttempts,0
[WARNING] [stderr] 2026-08-13T13:25:36.541-0600	INFO	ForkJoinPool-1-worker-1	stdout	operator_metric,nitro,clickbench,q33,2,TrinoNitroPipelineSourceOperator,nitroProjectionGeneratedSelectedPositions,0
[WARNING] [stderr] 2026-08-13T13:25:36.541-0600	INFO	ForkJoinPool-1-worker-1	stdout	operator_metric,nitro,clickbench,q33,2,TrinoNitroPipelineSourceOperator,nitroAllocatorAllocatedVectorBytes.I64Vector,799979976
[WARNING] [stderr] 2026-08-13T13:25:36.541-0600	INFO	ForkJoinPool-1-worker-1	stdout	operator_metric,nitro,clickbench,q33,2,TrinoNitroPipelineSourceOperator,nitroNativeSourceCreationNanos,30854592
[WARNING] [stderr] 2026-08-13T13:25:36.541-0600	INFO	ForkJoinPool-1-worker-1	stdout	operator_metric,nitro,clickbench,q33,2,TrinoNitroPipelineSourceOperator,nitroProjectionFlatInputPositions,0
[WARNING] [stderr] 2026-08-13T13:25:36.541-0600	INFO	ForkJoinPool-1-worker-1	stdout	operator_metric,nitro,clickbench,q33,2,TrinoNitroPipelineSourceOperator,nitroProjectionOtherInputPositions,0
[WARNING] [stderr] 2026-08-13T13:25:36.541-0600	INFO	ForkJoinPool-1-worker-1	stdout	operator_metric,nitro,clickbench,q33,2,TrinoNitroPipelineSourceOperator,nitroAllocatorAllocatedBytes.trino-native-source-ingress,0
[WARNING] [stderr] 2026-08-13T13:25:36.541-0600	INFO	ForkJoinPool-1-worker-1	stdout	operator_metric,nitro,clickbench,q33,2,TrinoNitroPipelineSourceOperator,nitroProjectionGeneratedErrorFallbacks,0
[WARNING] [stderr] 2026-08-13T13:25:36.541-0600	INFO	ForkJoinPool-1-worker-1	stdout	operator_metric,nitro,clickbench,q33,2,TrinoNitroPipelineSourceOperator,nitroAllocatorAllocatedBytes.ProjectOperator,0
[WARNING] [stderr] 2026-08-13T13:25:36.541-0600	INFO	ForkJoinPool-1-worker-1	stdout	operator_metric,nitro,clickbench,q33,2,TrinoNitroPipelineSourceOperator,nitroProjectionGeneratedKernels,0
[WARNING] [stderr] 2026-08-13T13:25:36.541-0600	INFO	ForkJoinPool-1-worker-1	stdout	operator_metric,nitro,clickbench,q33,2,TrinoNitroPipelineSourceOperator,nitroBoundaryNativeExchangeBytes,2399939928
[WARNING] [stderr] 2026-08-13T13:25:36.541-0600	INFO	ForkJoinPool-1-worker-1	stdout	operator_metric,nitro,clickbench,q33,2,TrinoNitroPipelineSourceOperator,nitroProjectionGeneratedOutputs,0
[WARNING] [stderr] 2026-08-13T13:25:36.541-0600	INFO	ForkJoinPool-1-worker-1	stdout	operator_metric,nitro,clickbench,q33,2,TrinoNitroPipelineSourceOperator,nitroBoundaryNativeExchangeMaximumBatchBytes,37680000
[WARNING] [stderr] 2026-08-13T13:25:36.541-0600	INFO	ForkJoinPool-1-worker-1	stdout	operator_metric,nitro,clickbench,q33,2,TrinoNitroPipelineSourceOperator,nitroProjectionPlannedComputedOutputs,0
[WARNING] [stderr] 2026-08-13T13:25:36.541-0600	INFO	ForkJoinPool-1-worker-1	stdout	operator_metric,nitro,clickbench,q33,2,TrinoNitroPipelineSourceOperator,nitroProjectionOtherNullExpansionPositions,0
[WARNING] [stderr] 2026-08-13T13:25:36.541-0600	INFO	ForkJoinPool-1-worker-1	stdout	operator_metric,nitro,clickbench,q33,2,TrinoNitroPipelineSourceOperator,nitroProjectionIntegerWideningPositions,0
[WARNING] [stderr] 2026-08-13T13:25:36.541-0600	INFO	ForkJoinPool-1-worker-1	stdout	operator_metric,nitro,clickbench,q33,2,TrinoNitroPipelineSourceOperator,nitroProjectionGeneratedSuccesses,0
[WARNING] [stderr] 2026-08-13T13:25:36.541-0600	INFO	ForkJoinPool-1-worker-1	stdout	operator_metric,nitro,clickbench,q33,2,TrinoNitroPipelineSourceOperator,nitroProjectionGeneratedLayoutFallbacks,0
[WARNING] [stderr] 2026-08-13T13:25:36.541-0600	INFO	ForkJoinPool-1-worker-1	stdout	operator_metric,nitro,clickbench,q33,2,TrinoNitroPipelineSourceOperator,nitroProjectionDictionaryNullExpansionPositions,0
[WARNING] [stderr] 2026-08-13T13:25:36.541-0600	INFO	ForkJoinPool-1-worker-1	stdout	operator_metric,nitro,clickbench,q33,2,TrinoNitroPipelineSourceOperator,nitroAllocatorAllocatedVectorBytes.BooleanVector,399989988
[WARNING] [stderr] 2026-08-13T13:25:36.541-0600	INFO	ForkJoinPool-1-worker-1	stdout	operator_metric,nitro,clickbench,q33,2,TrinoNitroPipelineSourceOperator,nitroProjectionDictionaryFlatteningPositions,0
[WARNING] [stderr] 2026-08-13T13:25:36.541-0600	INFO	ForkJoinPool-1-worker-1	stdout	operator_metric,nitro,clickbench,q33,2,TrinoNitroPipelineSourceOperator,nitroBoundaryNativeExchangeBatches,10055
[WARNING] [stderr] 2026-08-13T13:25:36.541-0600	INFO	ForkJoinPool-1-worker-1	stdout	operator_metric,nitro,clickbench,q33,2,PartitionedOutputOperator,nitroRemoteOutputNativePartitionConversionNanos,0
[WARNING] [stderr] 2026-08-13T13:25:36.542-0600	INFO	ForkJoinPool-1-worker-1	stdout	operator_metric,nitro,clickbench,q33,2,PartitionedOutputOperator,nitroExchangeInputPages,10055
[WARNING] [stderr] 2026-08-13T13:25:36.542-0600	INFO	ForkJoinPool-1-worker-1	stdout	operator_metric,nitro,clickbench,q33,2,PartitionedOutputOperator,nitroExchangeSmallPagePositions,0
[WARNING] [stderr] 2026-08-13T13:25:36.542-0600	INFO	ForkJoinPool-1-worker-1	stdout	operator_metric,nitro,clickbench,q33,2,PartitionedOutputOperator,nitroExchangeInputFlatChannelPositions,399989988
[WARNING] [stderr] 2026-08-13T13:25:36.542-0600	INFO	ForkJoinPool-1-worker-1	stdout	operator_metric,nitro,clickbench,q33,2,PartitionedOutputOperator,nitroExchangeDictionaryUnsupportedPositions,0
[WARNING] [stderr] 2026-08-13T13:25:36.542-0600	INFO	ForkJoinPool-1-worker-1	stdout	operator_metric,nitro,clickbench,q33,2,PartitionedOutputOperator,nitroRemoteOutputNativeBatches,0
[WARNING] [stderr] 2026-08-13T13:25:36.542-0600	INFO	ForkJoinPool-1-worker-1	stdout	operator_metric,nitro,clickbench,q33,2,PartitionedOutputOperator,nitroRemoteOutputNativePartitionCopyNanos,0
[WARNING] [stderr] 2026-08-13T13:25:36.542-0600	INFO	ForkJoinPool-1-worker-1	stdout	operator_metric,nitro,clickbench,q33,2,PartitionedOutputOperator,nitroExchangeInputDictionaryChannelPositions,0
[WARNING] [stderr] 2026-08-13T13:25:36.542-0600	INFO	ForkJoinPool-1-worker-1	stdout	operator_metric,nitro,clickbench,q33,2,PartitionedOutputOperator,nitroRemoteOutputNativePartitions,0
[WARNING] [stderr] 2026-08-13T13:25:36.542-0600	INFO	ForkJoinPool-1-worker-1	stdout	operator_metric,nitro,clickbench,q33,2,PartitionedOutputOperator,nitroRemoteOutputBufferedBatches,10055
[WARNING] [stderr] 2026-08-13T13:25:36.542-0600	INFO	ForkJoinPool-1-worker-1	stdout	operator_metric,nitro,clickbench,q33,2,PartitionedOutputOperator,nitroRemoteOutputPartitionKeyConversionNanos,0
[WARNING] [stderr] 2026-08-13T13:25:36.542-0600	INFO	ForkJoinPool-1-worker-1	stdout	operator_metric,nitro,clickbench,q33,2,PartitionedOutputOperator,nitroExchangeRunLengthUnsupportedPositions,0
[WARNING] [stderr] 2026-08-13T13:25:36.542-0600	INFO	ForkJoinPool-1-worker-1	stdout	operator_metric,nitro,clickbench,q33,2,PartitionedOutputOperator,nitroRemoteOutputBufferedAppendNanos,1518813200
[WARNING] [stderr] 2026-08-13T13:25:36.542-0600	INFO	ForkJoinPool-1-worker-1	stdout	operator_metric,nitro,clickbench,q33,2,PartitionedOutputOperator,nitroRemoteOutputTotalNanos,1831993646
[WARNING] [stderr] 2026-08-13T13:25:36.542-0600	INFO	ForkJoinPool-1-worker-1	stdout	operator_metric,nitro,clickbench,q33,2,PartitionedOutputOperator,nitroRemoteOutputInputPositions,99997497
[WARNING] [stderr] 2026-08-13T13:25:36.542-0600	INFO	ForkJoinPool-1-worker-1	stdout	operator_metric,nitro,clickbench,q33,2,PartitionedOutputOperator,nitroExchangeInputRunLengthChannelPositions,0
[WARNING] [stderr] 2026-08-13T13:25:36.542-0600	INFO	ForkJoinPool-1-worker-1	stdout	operator_metric,nitro,clickbench,q33,2,PartitionedOutputOperator,nitroExchangeNoDictionaryPositions,99997497
[WARNING] [stderr] 2026-08-13T13:25:36.542-0600	INFO	ForkJoinPool-1-worker-1	stdout	operator_metric,nitro,clickbench,q33,2,PartitionedOutputOperator,nitroExchangeInputPositions,99997497
[WARNING] [stderr] 2026-08-13T13:25:36.542-0600	INFO	ForkJoinPool-1-worker-1	stdout	operator_metric,nitro,clickbench,q33,2,PartitionedOutputOperator,nitroExchangeLowDictionaryReusePositions,0
[WARNING] [stderr] 2026-08-13T13:25:36.542-0600	INFO	ForkJoinPool-1-worker-1	stdout	operator_metric,nitro,clickbench,q33,2,PartitionedOutputOperator,nitroExchangePreservedPositions,0
[WARNING] [stderr] 2026-08-13T13:25:36.542-0600	INFO	ForkJoinPool-1-worker-1	stdout	operator_metric,nitro,clickbench,q33,2,PartitionedOutputOperator,nitroRemoteOutputPartitionAssignmentNanos,0
[WARNING] [stderr] 2026-08-13T13:25:36.542-0600	INFO	ForkJoinPool-1-worker-1	stdout	operator_metric,nitro,clickbench,q33,2,PartitionedOutputOperator,nitroRemoteOutputBufferedConversionNanos,301670644
[WARNING] [stderr] 2026-08-13T13:25:36.542-0600	INFO	ForkJoinPool-1-worker-1	stdout	operator_metric,nitro,clickbench,q33,2,PartitionedOutputOperator,nitroRemoteOutputNativePartitionAppendNanos,0
[WARNING] [stderr] 2026-08-13T13:25:36.545-0600	INFO	ForkJoinPool-1-worker-1	stdout	nitro,clickbench,q33,3,6744.178,6928.723,6991.783,6888.228,12529.000,12614.333,1.8313,99997497,0,165
[WARNING] [stderr] 2026-08-13T13:25:36.545-0600	INFO	ForkJoinPool-1-worker-1	stdout	allocation,nitro,clickbench,q33,3,29370.229,29408.997
[WARNING] [stderr] 2026-08-13T13:25:36.546-0600	INFO	ForkJoinPool-1-worker-1	stdout	peak_memory,nitro,clickbench,q33,3,4205.408,4205.408,10673.319,10757.319
[INFO] Tests run: 1, Failures: 0, Errors: 0, Skipped: 0, Time elapsed: 96.47 s -- in io.trino.tests.nitro.TestNitroClickBenchQueries
[WARNING] [stderr] 2026-08-13T13:25:36.835-0600	INFO	main	io.trino.testing.containers.junit.ReportLeakedContainers	DockerClientFactory not initialized, so there should be no leaked containers, skipping the check
[INFO] 
[INFO] Results:
[INFO] 
[INFO] Tests run: 1, Failures: 0, Errors: 0, Skipped: 0
[INFO] 
[INFO] ------------------------------------------------------------------------
[INFO] BUILD SUCCESS
[INFO] ------------------------------------------------------------------------
[INFO] Total time:  01:37 min (Wall Clock)
[INFO] Finished at: 2026-08-13T19:25:37Z
[INFO] ------------------------------------------------------------------------
[INFO] Njord session closed

Script done on 2026-08-13 19:25:37+00:00 [COMMAND_EXIT_CODE="0"]
