Script started on 2026-08-13 19:28:16+00:00 [COMMAND="JAVA_HOME=/opt/java/openjdk /opt/mvnd/bin/mvnd -Dmaven.gitcommitid.skip=true -Djacoco.skip=true -pl testing/trino-tests -Dair.check.skip-all -DskipTests=false -Dtest=TestNitroClickBenchQueries#testClickBenchPerformance -Dair.test.jvmsize=12g '-Dair.test.jvm.additional-arguments=--add-modules=jdk.incubator.vector -XX:-HeapDumpOnOutOfMemoryError' -Dtrino.test.nitro-clickbench-data=/root/data/clickbench -Dtrino.test.nitro-clickbench-queries=/tmp/clickbench-queries-candidate.sql -Dtrino.test.nitro-clickbench-performance=true -Dtrino.test.nitro-clickbench-engine=nitro -Dtrino.test.nitro-benchmark-query=q33 -Dtrino.test.nitro-clickbench-warmups=5 -Dtrino.test.nitro-clickbench-measurements=3 -Dtrino.test.nitro-query-max-memory-per-node=8GB -Dtrino.test.nitro-measure-thread-allocation=true -Dtrino.test.nitro-print-operator-cpu=true test" <not executed on terminal>]
[INFO] Enabling strict checksum verification on all artifact downloads.
[INFO] Processing build on daemon ae037f6e
[INFO] Scanning for projects...
[INFO] Njord 0.9.9 session created
[INFO] BuildTimeEventSpy is registered.
[INFO] 
[INFO] Using the SmartBuilder implementation with a thread count of 7
[INFO] 
[INFO] ------------------------< io.trino:trino-tests >------------------------
[INFO] Building trino-tests 484-SNAPSHOT
[INFO]   from pom.xml
[INFO] --------------------------------[ jar ]---------------------------------
[INFO] Loaded 0 groupId for remote repository ossrh
[INFO] Loaded 0 groupId for remote repository maven-central
[INFO] Loaded 0 groupId for remote repository repo.gradle.org
[INFO] Loaded 0 groupId for remote repository central.maven.org
[INFO] 
[INFO] --- git-commit-id:10.0.0:revision (default) @ trino-tests ---
[INFO] 
[INFO] --- build-helper:3.6.1:bsh-property (surefire-enable-preview) @ trino-tests ---
[INFO] 
[INFO] --- resources:3.5.0:resources (default-resources) @ trino-tests ---
[INFO] skip non existing resourceDirectory /root/notes/trino.nitro/testing/trino-tests/src/main/resources
[INFO] 
[INFO] --- compiler:3.15.0:compile (default-compile) @ trino-tests ---
[INFO] Nothing to compile - all classes are up to date.
[INFO] 
[INFO] --- resources:3.5.0:testResources (default-testResources) @ trino-tests ---
[INFO] Copying 266 resources from src/test/resources to target/test-classes
[INFO] 
[INFO] --- compiler:3.15.0:testCompile (default-testCompile) @ trino-tests ---
[INFO] Nothing to compile - all classes are up to date.
[INFO] 
[INFO] --- modernizer:3.4.0:modernizer (modernizer) @ trino-tests ---
[INFO] Skipping modernizer execution!
[INFO] 
[INFO] --- modernizer:3.4.0:modernizer (modernizer-production-code) @ trino-tests ---
[INFO] Skipping modernizer execution!
[INFO] 
[INFO] --- dependency:3.11.0:analyze-only (default) @ trino-tests ---
[INFO] Skipping plugin execution
[INFO] 
[INFO] --- dependency:3.11.0:analyze-duplicate (default) @ trino-tests ---
[INFO] Skipping plugin execution
[INFO] 
[INFO] --- duplicate-finder:2.0.1:check (default) @ trino-tests ---
[INFO] Skipping duplicate-finder execution!
[INFO] 
[INFO] --- surefire:3.5.6:test (default-test) @ trino-tests ---
[INFO] Tests will run in random order. To reproduce ordering use flag -Dsurefire.runOrder.random.seed=4992177085937329
[INFO] Using auto detected provider org.apache.maven.surefire.junitplatform.JUnitPlatformProvider
[INFO] 
[INFO] -------------------------------------------------------
[INFO]  T E S T S
[INFO] -------------------------------------------------------
[WARNING] [stderr] WARNING: Using incubator modules: jdk.incubator.vector
[WARNING] [stderr] 2026-08-13T13:28:17.175-0600	INFO	ForkJoinPool-1-worker-1	io.airlift.log.Logging	Logging to stderr
[INFO] Running io.trino.tests.nitro.TestNitroClickBenchQueries
[WARNING] [stderr] WARNING: A terminally deprecated method in sun.misc.Unsafe has been called
[WARNING] [stderr] WARNING: sun.misc.Unsafe::staticFieldBase has been called by com.google.inject.internal.aop.HiddenClassDefiner (file:/root/.m2/repository/com/google/inject/guice/7.0.0/guice-7.0.0-classes.jar)
[WARNING] [stderr] WARNING: Please consider reporting this to the maintainers of class com.google.inject.internal.aop.HiddenClassDefiner
[WARNING] [stderr] WARNING: sun.misc.Unsafe::staticFieldBase will be removed in a future release
[WARNING] [stderr] 2026-08-13T13:28:18.641-0600	INFO	ForkJoinPool-1-worker-1	io.trino.simd.BlockEncodingSimdSupport	Detected SIMD Support for architecture=amd64, vectorBitWidth=512: SimdSupport[capabilities=[COMPRESS_BYTE, EXPAND_BYTE, COMPRESS_SHORT, EXPAND_SHORT, COMPRESS_INT, EXPAND_INT, COMPRESS_LONG, EXPAND_LONG]]
[WARNING] [stderr] WARNING: A restricted method in java.lang.System has been called
[WARNING] [stderr] WARNING: java.lang.System::loadLibrary has been called by com.aayushatharva.brotli4j.Brotli4jLoader in an unnamed module (file:/root/.m2/repository/com/aayushatharva/brotli4j/brotli4j/1.23.0/brotli4j-1.23.0.jar)
[WARNING] [stderr] WARNING: Use --enable-native-access=ALL-UNNAMED to avoid a warning for callers in this module
[WARNING] [stderr] WARNING: Restricted methods will be blocked in a future release unless native access is enabled
[WARNING] [stderr] 
[WARNING] [stderr] 2026-08-13T13:28:20.218-0600	INFO	ForkJoinPool-1-worker-1	io.trino.testing.DistributedQueryRunner	Created DistributedQueryRunner in 2.55s (unclosed instances = 1)
[WARNING] [stderr] 2026-08-13T13:28:37.104-0600	INFO	Notification Thread	io.airlift.stats.JmxGcMonitor	Major GC: application 0.00s, stopped 302.00ms: 12.17GB -> 6.24GB
[WARNING] [stderr] 2026-08-13T13:28:37.105-0600	INFO	Notification Thread	io.airlift.stats.JmxGcMonitor	Major GC: application 0.00s, stopped 302.00ms: 12.17GB -> 6.24GB
[WARNING] [stderr] 2026-08-13T13:28:40.245-0600	INFO	Notification Thread	io.airlift.stats.JmxGcMonitor	Major GC: application 2.82s, stopped 328.00ms: 11.87GB -> 7.74GB
[WARNING] [stderr] 2026-08-13T13:28:40.246-0600	INFO	Notification Thread	io.airlift.stats.JmxGcMonitor	Major GC: application 2.82s, stopped 328.00ms: 11.87GB -> 7.74GB
[WARNING] [stderr] 2026-08-13T13:28:57.511-0600	INFO	ForkJoinPool-1-worker-1	stdout	engine,suite,query,measurements,min_ms,p50_ms,p95_ms,mean_ms,cpu_p50_ms,cpu_mean_ms,cpu_over_wall,input_positions,nitro_source_drivers,native_sources
[WARNING] [stderr] 2026-08-13T13:29:47.791-0600	INFO	ForkJoinPool-1-worker-1	stdout	operator_cpu,nitro,clickbench,q33,0,ExchangeOperator,3,0.000,183.595,0.000,0,99997517,99997517,9771.390,17.766,0.000
[WARNING] [stderr] 2026-08-13T13:29:47.791-0600	INFO	ForkJoinPool-1-worker-1	stdout	operator_cpu,nitro,clickbench,q33,0,LocalExchangeSourceOperator,7,0.000,10.013,0.000,0,99997557,99997557,40929.390,0.000,0.000
[WARNING] [stderr] 2026-08-13T13:29:47.791-0600	INFO	ForkJoinPool-1-worker-1	stdout	operator_cpu,nitro,clickbench,q33,0,TaskOutputOperator,3,0.164,0.000,0.002,0,30,30,0.000,0.000,0.000
[WARNING] [stderr] 2026-08-13T13:29:47.791-0600	INFO	ForkJoinPool-1-worker-1	stdout	operator_cpu,nitro,clickbench,q33,0,LocalExchangeSinkOperator,7,2.912,0.000,0.104,0,99997557,99997557,9710.000,0.000,0.000
[WARNING] [stderr] 2026-08-13T13:29:47.791-0600	INFO	ForkJoinPool-1-worker-1	stdout	operator_cpu,nitro,clickbench,q33,0,TopNOperator,5,0.018,0.726,0.078,0,60,50,0.000,0.084,0.000
[WARNING] [stderr] 2026-08-13T13:29:47.791-0600	INFO	ForkJoinPool-1-worker-1	stdout	operator_cpu,nitro,clickbench,q33,0,TrinoNitroAggregationOperator,2,11720.000,3200.000,0.004,0,99997497,20,0.000,2103.070,0.000
[WARNING] [stderr] 2026-08-13T13:29:47.791-0600	INFO	ForkJoinPool-1-worker-1	stdout	operator_cpu,nitro,clickbench,q33,0,TrinoNitroPipelineSourceOperator,165,0.000,1032.050,0.000,99997497,99997497,99997497,0.000,0.229,0.000
[WARNING] [stderr] 2026-08-13T13:29:47.791-0600	INFO	ForkJoinPool-1-worker-1	stdout	operator_cpu,nitro,clickbench,q33,0,PartitionedOutputOperator,165,1013.690,0.000,5.410,0,99997497,99997497,31810.000,0.000,0.000
[WARNING] [stderr] 2026-08-13T13:29:47.791-0600	INFO	ForkJoinPool-1-worker-1	stdout	operator_metric,nitro,clickbench,q33,0,TrinoNitroAggregationOperator,nitroAggregationInitialAggregationNanos,0
[WARNING] [stderr] 2026-08-13T13:29:47.792-0600	INFO	ForkJoinPool-1-worker-1	stdout	operator_metric,nitro,clickbench,q33,0,TrinoNitroAggregationOperator,nitroBoundaryPageEgressRunLengthChannelPositions,0
[WARNING] [stderr] 2026-08-13T13:29:47.792-0600	INFO	ForkJoinPool-1-worker-1	stdout	operator_metric,nitro,clickbench,q33,0,TrinoNitroAggregationOperator,nitroBoundaryPageIngressRunLengthChannelPositions,0
[WARNING] [stderr] 2026-08-13T13:29:47.792-0600	INFO	ForkJoinPool-1-worker-1	stdout	operator_metric,nitro,clickbench,q33,0,TrinoNitroAggregationOperator,nitroAggregationInitialFlatKeyNanos,0
[WARNING] [stderr] 2026-08-13T13:29:47.792-0600	INFO	ForkJoinPool-1-worker-1	stdout	operator_metric,nitro,clickbench,q33,0,TrinoNitroAggregationOperator,nitroBoundaryNativeEgressFlatChannelPositions,100
[WARNING] [stderr] 2026-08-13T13:29:47.792-0600	INFO	ForkJoinPool-1-worker-1	stdout	operator_metric,nitro,clickbench,q33,0,TrinoNitroAggregationOperator,nitroAggregationStatePreparationNanos,257577530
[WARNING] [stderr] 2026-08-13T13:29:47.792-0600	INFO	ForkJoinPool-1-worker-1	stdout	operator_metric,nitro,clickbench,q33,0,TrinoNitroAggregationOperator,nitroBoundaryNativeEgressRunLengthChannelPositions,0
[WARNING] [stderr] 2026-08-13T13:29:47.792-0600	INFO	ForkJoinPool-1-worker-1	stdout	operator_metric,nitro,clickbench,q33,0,TrinoNitroAggregationOperator,nitroBoundaryPageIngressFlatChannelPositions,399989988
[WARNING] [stderr] 2026-08-13T13:29:47.792-0600	INFO	ForkJoinPool-1-worker-1	stdout	operator_metric,nitro,clickbench,q33,0,TrinoNitroAggregationOperator,nitroBoundaryPageEgressFlatChannelPositions,100
[WARNING] [stderr] 2026-08-13T13:29:47.792-0600	INFO	ForkJoinPool-1-worker-1	stdout	operator_metric,nitro,clickbench,q33,0,TrinoNitroAggregationOperator,nitroBoundaryPageEgressPages,2
[WARNING] [stderr] 2026-08-13T13:29:47.792-0600	INFO	ForkJoinPool-1-worker-1	stdout	operator_metric,nitro,clickbench,q33,0,TrinoNitroAggregationOperator,nitroBoundaryPageIngressPages,2870
[WARNING] [stderr] 2026-08-13T13:29:47.792-0600	INFO	ForkJoinPool-1-worker-1	stdout	operator_metric,nitro,clickbench,q33,0,TrinoNitroAggregationOperator,nitroAggregationInitialKeyNanos,0
[WARNING] [stderr] 2026-08-13T13:29:47.792-0600	INFO	ForkJoinPool-1-worker-1	stdout	operator_metric,nitro,clickbench,q33,0,TrinoNitroAggregationOperator,nitroAggregationInitialEncodedKeyNanos,0
[WARNING] [stderr] 2026-08-13T13:29:47.792-0600	INFO	ForkJoinPool-1-worker-1	stdout	operator_metric,nitro,clickbench,q33,0,TrinoNitroAggregationOperator,nitroAggregationOutputNanos,73179
[WARNING] [stderr] 2026-08-13T13:29:47.792-0600	INFO	ForkJoinPool-1-worker-1	stdout	operator_metric,nitro,clickbench,q33,0,TrinoNitroAggregationOperator,nitroAggregationPipelineNanos,0
[WARNING] [stderr] 2026-08-13T13:29:47.792-0600	INFO	ForkJoinPool-1-worker-1	stdout	operator_metric,nitro,clickbench,q33,0,TrinoNitroAggregationOperator,nitroAggregationGroupingNanos,11725381005
[WARNING] [stderr] 2026-08-13T13:29:47.792-0600	INFO	ForkJoinPool-1-worker-1	stdout	operator_metric,nitro,clickbench,q33,0,TrinoNitroAggregationOperator,nitroAggregationAccumulationNanos,884683170
[WARNING] [stderr] 2026-08-13T13:29:47.792-0600	INFO	ForkJoinPool-1-worker-1	stdout	operator_metric,nitro,clickbench,q33,0,TrinoNitroAggregationOperator,nitroBoundaryNativeEgressDictionaryChannelPositions,0
[WARNING] [stderr] 2026-08-13T13:29:47.792-0600	INFO	ForkJoinPool-1-worker-1	stdout	operator_metric,nitro,clickbench,q33,0,TrinoNitroAggregationOperator,nitroAggregationFusedNanos,0
[WARNING] [stderr] 2026-08-13T13:29:47.792-0600	INFO	ForkJoinPool-1-worker-1	stdout	operator_metric,nitro,clickbench,q33,0,TrinoNitroAggregationOperator,nitroBoundaryPageEgressBytes,820
[WARNING] [stderr] 2026-08-13T13:29:47.792-0600	INFO	ForkJoinPool-1-worker-1	stdout	operator_metric,nitro,clickbench,q33,0,TrinoNitroAggregationOperator,nitroAggregationFlushNanos,0
[WARNING] [stderr] 2026-08-13T13:29:47.792-0600	INFO	ForkJoinPool-1-worker-1	stdout	operator_metric,nitro,clickbench,q33,0,TrinoNitroAggregationOperator,nitroBoundaryPageEgressPositions,20
[WARNING] [stderr] 2026-08-13T13:29:47.792-0600	INFO	ForkJoinPool-1-worker-1	stdout	operator_metric,nitro,clickbench,q33,0,TrinoNitroAggregationOperator,nitroBoundaryPageIngressBytes,3199919904
[WARNING] [stderr] 2026-08-13T13:29:47.792-0600	INFO	ForkJoinPool-1-worker-1	stdout	operator_metric,nitro,clickbench,q33,0,TrinoNitroAggregationOperator,nitroBoundaryPageIngressPositions,99997497
[WARNING] [stderr] 2026-08-13T13:29:47.792-0600	INFO	ForkJoinPool-1-worker-1	stdout	operator_metric,nitro,clickbench,q33,0,TrinoNitroAggregationOperator,nitroBoundaryPageIngressDictionaryChannelPositions,0
[WARNING] [stderr] 2026-08-13T13:29:47.792-0600	INFO	ForkJoinPool-1-worker-1	stdout	operator_metric,nitro,clickbench,q33,0,TrinoNitroAggregationOperator,nitroAggregationInputNanos,12869553150
[WARNING] [stderr] 2026-08-13T13:29:47.792-0600	INFO	ForkJoinPool-1-worker-1	stdout	operator_metric,nitro,clickbench,q33,0,TrinoNitroAggregationOperator,nitroBoundaryPageEgressDictionaryChannelPositions,0
[WARNING] [stderr] 2026-08-13T13:29:47.792-0600	INFO	ForkJoinPool-1-worker-1	stdout	operator_metric,nitro,clickbench,q33,0,TrinoNitroPipelineSourceOperator,nitroAllocatorAllocatedBytes.ProjectOperator,0
[WARNING] [stderr] 2026-08-13T13:29:47.792-0600	INFO	ForkJoinPool-1-worker-1	stdout	operator_metric,nitro,clickbench,q33,0,TrinoNitroPipelineSourceOperator,nitroProjectionGeneratedKernels,0
[WARNING] [stderr] 2026-08-13T13:29:47.792-0600	INFO	ForkJoinPool-1-worker-1	stdout	operator_metric,nitro,clickbench,q33,0,TrinoNitroPipelineSourceOperator,nitroBoundaryNativeExchangeBytes,2399939928
[WARNING] [stderr] 2026-08-13T13:29:47.792-0600	INFO	ForkJoinPool-1-worker-1	stdout	operator_metric,nitro,clickbench,q33,0,TrinoNitroPipelineSourceOperator,nitroProjectionGeneratedOutputs,0
[WARNING] [stderr] 2026-08-13T13:29:47.792-0600	INFO	ForkJoinPool-1-worker-1	stdout	operator_metric,nitro,clickbench,q33,0,TrinoNitroPipelineSourceOperator,nitroBoundaryNativeExchangeMaximumBatchBytes,37680000
[WARNING] [stderr] 2026-08-13T13:29:47.792-0600	INFO	ForkJoinPool-1-worker-1	stdout	operator_metric,nitro,clickbench,q33,0,TrinoNitroPipelineSourceOperator,nitroProjectionPlannedComputedOutputs,0
[WARNING] [stderr] 2026-08-13T13:29:47.792-0600	INFO	ForkJoinPool-1-worker-1	stdout	operator_metric,nitro,clickbench,q33,0,TrinoNitroPipelineSourceOperator,nitroProjectionOtherNullExpansionPositions,0
[WARNING] [stderr] 2026-08-13T13:29:47.792-0600	INFO	ForkJoinPool-1-worker-1	stdout	operator_metric,nitro,clickbench,q33,0,TrinoNitroPipelineSourceOperator,nitroProjectionIntegerWideningPositions,0
[WARNING] [stderr] 2026-08-13T13:29:47.792-0600	INFO	ForkJoinPool-1-worker-1	stdout	operator_metric,nitro,clickbench,q33,0,TrinoNitroPipelineSourceOperator,nitroProjectionGeneratedSuccesses,0
[WARNING] [stderr] 2026-08-13T13:29:47.792-0600	INFO	ForkJoinPool-1-worker-1	stdout	operator_metric,nitro,clickbench,q33,0,TrinoNitroPipelineSourceOperator,nitroProjectionGeneratedLayoutFallbacks,0
[WARNING] [stderr] 2026-08-13T13:29:47.792-0600	INFO	ForkJoinPool-1-worker-1	stdout	operator_metric,nitro,clickbench,q33,0,TrinoNitroPipelineSourceOperator,nitroProjectionDictionaryNullExpansionPositions,0
[WARNING] [stderr] 2026-08-13T13:29:47.792-0600	INFO	ForkJoinPool-1-worker-1	stdout	operator_metric,nitro,clickbench,q33,0,TrinoNitroPipelineSourceOperator,nitroAllocatorAllocatedVectorBytes.BooleanVector,399989988
[WARNING] [stderr] 2026-08-13T13:29:47.792-0600	INFO	ForkJoinPool-1-worker-1	stdout	operator_metric,nitro,clickbench,q33,0,TrinoNitroPipelineSourceOperator,nitroProjectionDictionaryFlatteningPositions,0
[WARNING] [stderr] 2026-08-13T13:29:47.792-0600	INFO	ForkJoinPool-1-worker-1	stdout	operator_metric,nitro,clickbench,q33,0,TrinoNitroPipelineSourceOperator,nitroBoundaryNativeExchangeBatches,10055
[WARNING] [stderr] 2026-08-13T13:29:47.792-0600	INFO	ForkJoinPool-1-worker-1	stdout	operator_metric,nitro,clickbench,q33,0,TrinoNitroPipelineSourceOperator,nitroProjectionPlannedAssignments,0
[WARNING] [stderr] 2026-08-13T13:29:47.792-0600	INFO	ForkJoinPool-1-worker-1	stdout	operator_metric,nitro,clickbench,q33,0,TrinoNitroPipelineSourceOperator,nitroAllocatorAllocatedVectorBytes,2399939928
[WARNING] [stderr] 2026-08-13T13:29:47.792-0600	INFO	ForkJoinPool-1-worker-1	stdout	operator_metric,nitro,clickbench,q33,0,TrinoNitroPipelineSourceOperator,nitroProjectionRunLengthInputPositions,0
[WARNING] [stderr] 2026-08-13T13:29:47.792-0600	INFO	ForkJoinPool-1-worker-1	stdout	operator_metric,nitro,clickbench,q33,0,TrinoNitroPipelineSourceOperator,nitroAllocatorAllocatedVectorBytes.I32Vector,1199969964
[WARNING] [stderr] 2026-08-13T13:29:47.792-0600	INFO	ForkJoinPool-1-worker-1	stdout	operator_metric,nitro,clickbench,q33,0,TrinoNitroPipelineSourceOperator,nitroAllocatorAllocatedBytes.NitroParquetBatchSource,2399939928
[WARNING] [stderr] 2026-08-13T13:29:47.792-0600	INFO	ForkJoinPool-1-worker-1	stdout	operator_metric,nitro,clickbench,q33,0,TrinoNitroPipelineSourceOperator,nitroBoundaryNativeExchangePositions,99997497
[WARNING] [stderr] 2026-08-13T13:29:47.792-0600	INFO	ForkJoinPool-1-worker-1	stdout	operator_metric,nitro,clickbench,q33,0,TrinoNitroPipelineSourceOperator,nitroOperatorConstructionNanos,8897972
[WARNING] [stderr] 2026-08-13T13:29:47.792-0600	INFO	ForkJoinPool-1-worker-1	stdout	operator_metric,nitro,clickbench,q33,0,TrinoNitroPipelineSourceOperator,nitroProjectionDictionaryInputPositions,0
[WARNING] [stderr] 2026-08-13T13:29:47.792-0600	INFO	ForkJoinPool-1-worker-1	stdout	operator_metric,nitro,clickbench,q33,0,TrinoNitroPipelineSourceOperator,nitroAllocatorAllocatedBytes,2399939928
[WARNING] [stderr] 2026-08-13T13:29:47.792-0600	INFO	ForkJoinPool-1-worker-1	stdout	operator_metric,nitro,clickbench,q33,0,TrinoNitroPipelineSourceOperator,nitroProjectionGeneratedAttempts,0
[WARNING] [stderr] 2026-08-13T13:29:47.792-0600	INFO	ForkJoinPool-1-worker-1	stdout	operator_metric,nitro,clickbench,q33,0,TrinoNitroPipelineSourceOperator,nitroProjectionGeneratedSelectedPositions,0
[WARNING] [stderr] 2026-08-13T13:29:47.792-0600	INFO	ForkJoinPool-1-worker-1	stdout	operator_metric,nitro,clickbench,q33,0,TrinoNitroPipelineSourceOperator,nitroAllocatorAllocatedVectorBytes.I64Vector,799979976
[WARNING] [stderr] 2026-08-13T13:29:47.792-0600	INFO	ForkJoinPool-1-worker-1	stdout	operator_metric,nitro,clickbench,q33,0,TrinoNitroPipelineSourceOperator,nitroNativeSourceCreationNanos,30864417
[WARNING] [stderr] 2026-08-13T13:29:47.792-0600	INFO	ForkJoinPool-1-worker-1	stdout	operator_metric,nitro,clickbench,q33,0,TrinoNitroPipelineSourceOperator,nitroProjectionFlatInputPositions,0
[WARNING] [stderr] 2026-08-13T13:29:47.792-0600	INFO	ForkJoinPool-1-worker-1	stdout	operator_metric,nitro,clickbench,q33,0,TrinoNitroPipelineSourceOperator,nitroProjectionOtherInputPositions,0
[WARNING] [stderr] 2026-08-13T13:29:47.792-0600	INFO	ForkJoinPool-1-worker-1	stdout	operator_metric,nitro,clickbench,q33,0,TrinoNitroPipelineSourceOperator,nitroAllocatorAllocatedBytes.trino-native-source-ingress,0
[WARNING] [stderr] 2026-08-13T13:29:47.793-0600	INFO	ForkJoinPool-1-worker-1	stdout	operator_metric,nitro,clickbench,q33,0,TrinoNitroPipelineSourceOperator,nitroProjectionGeneratedErrorFallbacks,0
[WARNING] [stderr] 2026-08-13T13:29:47.793-0600	INFO	ForkJoinPool-1-worker-1	stdout	operator_metric,nitro,clickbench,q33,0,PartitionedOutputOperator,nitroRemoteOutputTotalNanos,1405840774
[WARNING] [stderr] 2026-08-13T13:29:47.793-0600	INFO	ForkJoinPool-1-worker-1	stdout	operator_metric,nitro,clickbench,q33,0,PartitionedOutputOperator,nitroRemoteOutputInputPositions,99997497
[WARNING] [stderr] 2026-08-13T13:29:47.793-0600	INFO	ForkJoinPool-1-worker-1	stdout	operator_metric,nitro,clickbench,q33,0,PartitionedOutputOperator,nitroExchangeInputRunLengthChannelPositions,0
[WARNING] [stderr] 2026-08-13T13:29:47.793-0600	INFO	ForkJoinPool-1-worker-1	stdout	operator_metric,nitro,clickbench,q33,0,PartitionedOutputOperator,nitroExchangeNoDictionaryPositions,99997497
[WARNING] [stderr] 2026-08-13T13:29:47.793-0600	INFO	ForkJoinPool-1-worker-1	stdout	operator_metric,nitro,clickbench,q33,0,PartitionedOutputOperator,nitroExchangeInputPositions,99997497
[WARNING] [stderr] 2026-08-13T13:29:47.793-0600	INFO	ForkJoinPool-1-worker-1	stdout	operator_metric,nitro,clickbench,q33,0,PartitionedOutputOperator,nitroExchangeLowDictionaryReusePositions,0
[WARNING] [stderr] 2026-08-13T13:29:47.793-0600	INFO	ForkJoinPool-1-worker-1	stdout	operator_metric,nitro,clickbench,q33,0,PartitionedOutputOperator,nitroExchangePreservedPositions,0
[WARNING] [stderr] 2026-08-13T13:29:47.793-0600	INFO	ForkJoinPool-1-worker-1	stdout	operator_metric,nitro,clickbench,q33,0,PartitionedOutputOperator,nitroRemoteOutputPartitionAssignmentNanos,0
[WARNING] [stderr] 2026-08-13T13:29:47.793-0600	INFO	ForkJoinPool-1-worker-1	stdout	operator_metric,nitro,clickbench,q33,0,PartitionedOutputOperator,nitroRemoteOutputBufferedConversionNanos,286522487
[WARNING] [stderr] 2026-08-13T13:29:47.793-0600	INFO	ForkJoinPool-1-worker-1	stdout	operator_metric,nitro,clickbench,q33,0,PartitionedOutputOperator,nitroRemoteOutputNativePartitionAppendNanos,0
[WARNING] [stderr] 2026-08-13T13:29:47.793-0600	INFO	ForkJoinPool-1-worker-1	stdout	operator_metric,nitro,clickbench,q33,0,PartitionedOutputOperator,nitroRemoteOutputNativePartitionConversionNanos,0
[WARNING] [stderr] 2026-08-13T13:29:47.793-0600	INFO	ForkJoinPool-1-worker-1	stdout	operator_metric,nitro,clickbench,q33,0,PartitionedOutputOperator,nitroExchangeInputPages,10055
[WARNING] [stderr] 2026-08-13T13:29:47.793-0600	INFO	ForkJoinPool-1-worker-1	stdout	operator_metric,nitro,clickbench,q33,0,PartitionedOutputOperator,nitroExchangeSmallPagePositions,0
[WARNING] [stderr] 2026-08-13T13:29:47.793-0600	INFO	ForkJoinPool-1-worker-1	stdout	operator_metric,nitro,clickbench,q33,0,PartitionedOutputOperator,nitroExchangeInputFlatChannelPositions,399989988
[WARNING] [stderr] 2026-08-13T13:29:47.793-0600	INFO	ForkJoinPool-1-worker-1	stdout	operator_metric,nitro,clickbench,q33,0,PartitionedOutputOperator,nitroExchangeDictionaryUnsupportedPositions,0
[WARNING] [stderr] 2026-08-13T13:29:47.793-0600	INFO	ForkJoinPool-1-worker-1	stdout	operator_metric,nitro,clickbench,q33,0,PartitionedOutputOperator,nitroRemoteOutputNativeBatches,0
[WARNING] [stderr] 2026-08-13T13:29:47.793-0600	INFO	ForkJoinPool-1-worker-1	stdout	operator_metric,nitro,clickbench,q33,0,PartitionedOutputOperator,nitroRemoteOutputNativePartitionCopyNanos,0
[WARNING] [stderr] 2026-08-13T13:29:47.793-0600	INFO	ForkJoinPool-1-worker-1	stdout	operator_metric,nitro,clickbench,q33,0,PartitionedOutputOperator,nitroExchangeInputDictionaryChannelPositions,0
[WARNING] [stderr] 2026-08-13T13:29:47.793-0600	INFO	ForkJoinPool-1-worker-1	stdout	operator_metric,nitro,clickbench,q33,0,PartitionedOutputOperator,nitroRemoteOutputNativePartitions,0
[WARNING] [stderr] 2026-08-13T13:29:47.793-0600	INFO	ForkJoinPool-1-worker-1	stdout	operator_metric,nitro,clickbench,q33,0,PartitionedOutputOperator,nitroRemoteOutputBufferedBatches,10055
[WARNING] [stderr] 2026-08-13T13:29:47.793-0600	INFO	ForkJoinPool-1-worker-1	stdout	operator_metric,nitro,clickbench,q33,0,PartitionedOutputOperator,nitroRemoteOutputPartitionKeyConversionNanos,0
[WARNING] [stderr] 2026-08-13T13:29:47.793-0600	INFO	ForkJoinPool-1-worker-1	stdout	operator_metric,nitro,clickbench,q33,0,PartitionedOutputOperator,nitroExchangeRunLengthUnsupportedPositions,0
[WARNING] [stderr] 2026-08-13T13:29:47.793-0600	INFO	ForkJoinPool-1-worker-1	stdout	operator_metric,nitro,clickbench,q33,0,PartitionedOutputOperator,nitroRemoteOutputBufferedAppendNanos,1111717819
[WARNING] [stderr] 2026-08-13T13:29:55.897-0600	INFO	ForkJoinPool-1-worker-1	stdout	operator_cpu,nitro,clickbench,q33,1,ExchangeOperator,3,0.000,194.276,0.000,0,99997517,99997517,8676.050,17.770,0.000
[WARNING] [stderr] 2026-08-13T13:29:55.897-0600	INFO	ForkJoinPool-1-worker-1	stdout	operator_cpu,nitro,clickbench,q33,1,LocalExchangeSourceOperator,7,0.000,10.506,0.000,0,99997557,99997557,40028.020,0.000,0.000
[WARNING] [stderr] 2026-08-13T13:29:55.898-0600	INFO	ForkJoinPool-1-worker-1	stdout	operator_cpu,nitro,clickbench,q33,1,TaskOutputOperator,3,0.193,0.000,0.003,0,30,30,0.000,0.000,0.000
[WARNING] [stderr] 2026-08-13T13:29:55.898-0600	INFO	ForkJoinPool-1-worker-1	stdout	operator_cpu,nitro,clickbench,q33,1,LocalExchangeSinkOperator,7,2.956,0.000,0.129,0,99997557,99997557,10490.000,0.000,0.000
[WARNING] [stderr] 2026-08-13T13:29:55.898-0600	INFO	ForkJoinPool-1-worker-1	stdout	operator_cpu,nitro,clickbench,q33,1,TopNOperator,5,0.011,0.714,0.079,0,60,50,0.000,0.084,0.000
[WARNING] [stderr] 2026-08-13T13:29:55.898-0600	INFO	ForkJoinPool-1-worker-1	stdout	operator_cpu,nitro,clickbench,q33,1,TrinoNitroAggregationOperator,2,11580.000,3170.000,0.005,0,99997497,20,0.000,2103.073,0.000
[WARNING] [stderr] 2026-08-13T13:29:55.898-0600	INFO	ForkJoinPool-1-worker-1	stdout	operator_cpu,nitro,clickbench,q33,1,TrinoNitroPipelineSourceOperator,165,0.000,1064.030,0.000,99997497,99997497,99997497,0.000,0.229,0.000
[WARNING] [stderr] 2026-08-13T13:29:55.898-0600	INFO	ForkJoinPool-1-worker-1	stdout	operator_cpu,nitro,clickbench,q33,1,PartitionedOutputOperator,165,1064.750,0.000,5.230,0,99997497,99997497,30110.000,0.000,0.000
[WARNING] [stderr] 2026-08-13T13:29:55.898-0600	INFO	ForkJoinPool-1-worker-1	stdout	operator_metric,nitro,clickbench,q33,1,TrinoNitroAggregationOperator,nitroAggregationInitialAggregationNanos,0
[WARNING] [stderr] 2026-08-13T13:29:55.898-0600	INFO	ForkJoinPool-1-worker-1	stdout	operator_metric,nitro,clickbench,q33,1,TrinoNitroAggregationOperator,nitroBoundaryPageEgressRunLengthChannelPositions,0
[WARNING] [stderr] 2026-08-13T13:29:55.898-0600	INFO	ForkJoinPool-1-worker-1	stdout	operator_metric,nitro,clickbench,q33,1,TrinoNitroAggregationOperator,nitroBoundaryPageIngressRunLengthChannelPositions,0
[WARNING] [stderr] 2026-08-13T13:29:55.898-0600	INFO	ForkJoinPool-1-worker-1	stdout	operator_metric,nitro,clickbench,q33,1,TrinoNitroAggregationOperator,nitroAggregationInitialFlatKeyNanos,0
[WARNING] [stderr] 2026-08-13T13:29:55.898-0600	INFO	ForkJoinPool-1-worker-1	stdout	operator_metric,nitro,clickbench,q33,1,TrinoNitroAggregationOperator,nitroBoundaryNativeEgressFlatChannelPositions,100
[WARNING] [stderr] 2026-08-13T13:29:55.898-0600	INFO	ForkJoinPool-1-worker-1	stdout	operator_metric,nitro,clickbench,q33,1,TrinoNitroAggregationOperator,nitroAggregationStatePreparationNanos,259070692
[WARNING] [stderr] 2026-08-13T13:29:55.898-0600	INFO	ForkJoinPool-1-worker-1	stdout	operator_metric,nitro,clickbench,q33,1,TrinoNitroAggregationOperator,nitroBoundaryNativeEgressRunLengthChannelPositions,0
[WARNING] [stderr] 2026-08-13T13:29:55.898-0600	INFO	ForkJoinPool-1-worker-1	stdout	operator_metric,nitro,clickbench,q33,1,TrinoNitroAggregationOperator,nitroBoundaryPageIngressFlatChannelPositions,399989988
[WARNING] [stderr] 2026-08-13T13:29:55.898-0600	INFO	ForkJoinPool-1-worker-1	stdout	operator_metric,nitro,clickbench,q33,1,TrinoNitroAggregationOperator,nitroBoundaryPageEgressFlatChannelPositions,100
[WARNING] [stderr] 2026-08-13T13:29:55.898-0600	INFO	ForkJoinPool-1-worker-1	stdout	operator_metric,nitro,clickbench,q33,1,TrinoNitroAggregationOperator,nitroBoundaryPageEgressPages,2
[WARNING] [stderr] 2026-08-13T13:29:55.898-0600	INFO	ForkJoinPool-1-worker-1	stdout	operator_metric,nitro,clickbench,q33,1,TrinoNitroAggregationOperator,nitroBoundaryPageIngressPages,2871
[WARNING] [stderr] 2026-08-13T13:29:55.898-0600	INFO	ForkJoinPool-1-worker-1	stdout	operator_metric,nitro,clickbench,q33,1,TrinoNitroAggregationOperator,nitroAggregationInitialKeyNanos,0
[WARNING] [stderr] 2026-08-13T13:29:55.898-0600	INFO	ForkJoinPool-1-worker-1	stdout	operator_metric,nitro,clickbench,q33,1,TrinoNitroAggregationOperator,nitroAggregationInitialEncodedKeyNanos,0
[WARNING] [stderr] 2026-08-13T13:29:55.898-0600	INFO	ForkJoinPool-1-worker-1	stdout	operator_metric,nitro,clickbench,q33,1,TrinoNitroAggregationOperator,nitroAggregationOutputNanos,72758
[WARNING] [stderr] 2026-08-13T13:29:55.898-0600	INFO	ForkJoinPool-1-worker-1	stdout	operator_metric,nitro,clickbench,q33,1,TrinoNitroAggregationOperator,nitroAggregationPipelineNanos,0
[WARNING] [stderr] 2026-08-13T13:29:55.898-0600	INFO	ForkJoinPool-1-worker-1	stdout	operator_metric,nitro,clickbench,q33,1,TrinoNitroAggregationOperator,nitroAggregationGroupingNanos,11436716918
[WARNING] [stderr] 2026-08-13T13:29:55.898-0600	INFO	ForkJoinPool-1-worker-1	stdout	operator_metric,nitro,clickbench,q33,1,TrinoNitroAggregationOperator,nitroAggregationAccumulationNanos,943654423
[WARNING] [stderr] 2026-08-13T13:29:55.898-0600	INFO	ForkJoinPool-1-worker-1	stdout	operator_metric,nitro,clickbench,q33,1,TrinoNitroAggregationOperator,nitroBoundaryNativeEgressDictionaryChannelPositions,0
[WARNING] [stderr] 2026-08-13T13:29:55.898-0600	INFO	ForkJoinPool-1-worker-1	stdout	operator_metric,nitro,clickbench,q33,1,TrinoNitroAggregationOperator,nitroAggregationFusedNanos,0
[WARNING] [stderr] 2026-08-13T13:29:55.898-0600	INFO	ForkJoinPool-1-worker-1	stdout	operator_metric,nitro,clickbench,q33,1,TrinoNitroAggregationOperator,nitroBoundaryPageEgressBytes,820
[WARNING] [stderr] 2026-08-13T13:29:55.898-0600	INFO	ForkJoinPool-1-worker-1	stdout	operator_metric,nitro,clickbench,q33,1,TrinoNitroAggregationOperator,nitroAggregationFlushNanos,0
[WARNING] [stderr] 2026-08-13T13:29:55.898-0600	INFO	ForkJoinPool-1-worker-1	stdout	operator_metric,nitro,clickbench,q33,1,TrinoNitroAggregationOperator,nitroBoundaryPageEgressPositions,20
[WARNING] [stderr] 2026-08-13T13:29:55.898-0600	INFO	ForkJoinPool-1-worker-1	stdout	operator_metric,nitro,clickbench,q33,1,TrinoNitroAggregationOperator,nitroBoundaryPageIngressBytes,3199919904
[WARNING] [stderr] 2026-08-13T13:29:55.898-0600	INFO	ForkJoinPool-1-worker-1	stdout	operator_metric,nitro,clickbench,q33,1,TrinoNitroAggregationOperator,nitroBoundaryPageIngressPositions,99997497
[WARNING] [stderr] 2026-08-13T13:29:55.898-0600	INFO	ForkJoinPool-1-worker-1	stdout	operator_metric,nitro,clickbench,q33,1,TrinoNitroAggregationOperator,nitroBoundaryPageIngressDictionaryChannelPositions,0
[WARNING] [stderr] 2026-08-13T13:29:55.898-0600	INFO	ForkJoinPool-1-worker-1	stdout	operator_metric,nitro,clickbench,q33,1,TrinoNitroAggregationOperator,nitroAggregationInputNanos,12641270333
[WARNING] [stderr] 2026-08-13T13:29:55.898-0600	INFO	ForkJoinPool-1-worker-1	stdout	operator_metric,nitro,clickbench,q33,1,TrinoNitroAggregationOperator,nitroBoundaryPageEgressDictionaryChannelPositions,0
[WARNING] [stderr] 2026-08-13T13:29:55.898-0600	INFO	ForkJoinPool-1-worker-1	stdout	operator_metric,nitro,clickbench,q33,1,TrinoNitroPipelineSourceOperator,nitroAllocatorAllocatedBytes.ProjectOperator,0
[WARNING] [stderr] 2026-08-13T13:29:55.898-0600	INFO	ForkJoinPool-1-worker-1	stdout	operator_metric,nitro,clickbench,q33,1,TrinoNitroPipelineSourceOperator,nitroProjectionGeneratedKernels,0
[WARNING] [stderr] 2026-08-13T13:29:55.898-0600	INFO	ForkJoinPool-1-worker-1	stdout	operator_metric,nitro,clickbench,q33,1,TrinoNitroPipelineSourceOperator,nitroBoundaryNativeExchangeBytes,2399939928
[WARNING] [stderr] 2026-08-13T13:29:55.898-0600	INFO	ForkJoinPool-1-worker-1	stdout	operator_metric,nitro,clickbench,q33,1,TrinoNitroPipelineSourceOperator,nitroProjectionGeneratedOutputs,0
[WARNING] [stderr] 2026-08-13T13:29:55.898-0600	INFO	ForkJoinPool-1-worker-1	stdout	operator_metric,nitro,clickbench,q33,1,TrinoNitroPipelineSourceOperator,nitroBoundaryNativeExchangeMaximumBatchBytes,37680000
[WARNING] [stderr] 2026-08-13T13:29:55.898-0600	INFO	ForkJoinPool-1-worker-1	stdout	operator_metric,nitro,clickbench,q33,1,TrinoNitroPipelineSourceOperator,nitroProjectionPlannedComputedOutputs,0
[WARNING] [stderr] 2026-08-13T13:29:55.898-0600	INFO	ForkJoinPool-1-worker-1	stdout	operator_metric,nitro,clickbench,q33,1,TrinoNitroPipelineSourceOperator,nitroProjectionOtherNullExpansionPositions,0
[WARNING] [stderr] 2026-08-13T13:29:55.898-0600	INFO	ForkJoinPool-1-worker-1	stdout	operator_metric,nitro,clickbench,q33,1,TrinoNitroPipelineSourceOperator,nitroProjectionIntegerWideningPositions,0
[WARNING] [stderr] 2026-08-13T13:29:55.898-0600	INFO	ForkJoinPool-1-worker-1	stdout	operator_metric,nitro,clickbench,q33,1,TrinoNitroPipelineSourceOperator,nitroProjectionGeneratedSuccesses,0
[WARNING] [stderr] 2026-08-13T13:29:55.898-0600	INFO	ForkJoinPool-1-worker-1	stdout	operator_metric,nitro,clickbench,q33,1,TrinoNitroPipelineSourceOperator,nitroProjectionGeneratedLayoutFallbacks,0
[WARNING] [stderr] 2026-08-13T13:29:55.898-0600	INFO	ForkJoinPool-1-worker-1	stdout	operator_metric,nitro,clickbench,q33,1,TrinoNitroPipelineSourceOperator,nitroProjectionDictionaryNullExpansionPositions,0
[WARNING] [stderr] 2026-08-13T13:29:55.898-0600	INFO	ForkJoinPool-1-worker-1	stdout	operator_metric,nitro,clickbench,q33,1,TrinoNitroPipelineSourceOperator,nitroAllocatorAllocatedVectorBytes.BooleanVector,399989988
[WARNING] [stderr] 2026-08-13T13:29:55.898-0600	INFO	ForkJoinPool-1-worker-1	stdout	operator_metric,nitro,clickbench,q33,1,TrinoNitroPipelineSourceOperator,nitroProjectionDictionaryFlatteningPositions,0
[WARNING] [stderr] 2026-08-13T13:29:55.898-0600	INFO	ForkJoinPool-1-worker-1	stdout	operator_metric,nitro,clickbench,q33,1,TrinoNitroPipelineSourceOperator,nitroBoundaryNativeExchangeBatches,10055
[WARNING] [stderr] 2026-08-13T13:29:55.898-0600	INFO	ForkJoinPool-1-worker-1	stdout	operator_metric,nitro,clickbench,q33,1,TrinoNitroPipelineSourceOperator,nitroProjectionPlannedAssignments,0
[WARNING] [stderr] 2026-08-13T13:29:55.898-0600	INFO	ForkJoinPool-1-worker-1	stdout	operator_metric,nitro,clickbench,q33,1,TrinoNitroPipelineSourceOperator,nitroAllocatorAllocatedVectorBytes,2399939928
[WARNING] [stderr] 2026-08-13T13:29:55.898-0600	INFO	ForkJoinPool-1-worker-1	stdout	operator_metric,nitro,clickbench,q33,1,TrinoNitroPipelineSourceOperator,nitroProjectionRunLengthInputPositions,0
[WARNING] [stderr] 2026-08-13T13:29:55.898-0600	INFO	ForkJoinPool-1-worker-1	stdout	operator_metric,nitro,clickbench,q33,1,TrinoNitroPipelineSourceOperator,nitroAllocatorAllocatedVectorBytes.I32Vector,1199969964
[WARNING] [stderr] 2026-08-13T13:29:55.899-0600	INFO	ForkJoinPool-1-worker-1	stdout	operator_metric,nitro,clickbench,q33,1,TrinoNitroPipelineSourceOperator,nitroAllocatorAllocatedBytes.NitroParquetBatchSource,2399939928
[WARNING] [stderr] 2026-08-13T13:29:55.899-0600	INFO	ForkJoinPool-1-worker-1	stdout	operator_metric,nitro,clickbench,q33,1,TrinoNitroPipelineSourceOperator,nitroBoundaryNativeExchangePositions,99997497
[WARNING] [stderr] 2026-08-13T13:29:55.899-0600	INFO	ForkJoinPool-1-worker-1	stdout	operator_metric,nitro,clickbench,q33,1,TrinoNitroPipelineSourceOperator,nitroOperatorConstructionNanos,10145761
[WARNING] [stderr] 2026-08-13T13:29:55.899-0600	INFO	ForkJoinPool-1-worker-1	stdout	operator_metric,nitro,clickbench,q33,1,TrinoNitroPipelineSourceOperator,nitroProjectionDictionaryInputPositions,0
[WARNING] [stderr] 2026-08-13T13:29:55.899-0600	INFO	ForkJoinPool-1-worker-1	stdout	operator_metric,nitro,clickbench,q33,1,TrinoNitroPipelineSourceOperator,nitroAllocatorAllocatedBytes,2399939928
[WARNING] [stderr] 2026-08-13T13:29:55.899-0600	INFO	ForkJoinPool-1-worker-1	stdout	operator_metric,nitro,clickbench,q33,1,TrinoNitroPipelineSourceOperator,nitroProjectionGeneratedAttempts,0
[WARNING] [stderr] 2026-08-13T13:29:55.899-0600	INFO	ForkJoinPool-1-worker-1	stdout	operator_metric,nitro,clickbench,q33,1,TrinoNitroPipelineSourceOperator,nitroProjectionGeneratedSelectedPositions,0
[WARNING] [stderr] 2026-08-13T13:29:55.899-0600	INFO	ForkJoinPool-1-worker-1	stdout	operator_metric,nitro,clickbench,q33,1,TrinoNitroPipelineSourceOperator,nitroAllocatorAllocatedVectorBytes.I64Vector,799979976
[WARNING] [stderr] 2026-08-13T13:29:55.899-0600	INFO	ForkJoinPool-1-worker-1	stdout	operator_metric,nitro,clickbench,q33,1,TrinoNitroPipelineSourceOperator,nitroNativeSourceCreationNanos,25835938
[WARNING] [stderr] 2026-08-13T13:29:55.899-0600	INFO	ForkJoinPool-1-worker-1	stdout	operator_metric,nitro,clickbench,q33,1,TrinoNitroPipelineSourceOperator,nitroProjectionFlatInputPositions,0
[WARNING] [stderr] 2026-08-13T13:29:55.899-0600	INFO	ForkJoinPool-1-worker-1	stdout	operator_metric,nitro,clickbench,q33,1,TrinoNitroPipelineSourceOperator,nitroProjectionOtherInputPositions,0
[WARNING] [stderr] 2026-08-13T13:29:55.899-0600	INFO	ForkJoinPool-1-worker-1	stdout	operator_metric,nitro,clickbench,q33,1,TrinoNitroPipelineSourceOperator,nitroAllocatorAllocatedBytes.trino-native-source-ingress,0
[WARNING] [stderr] 2026-08-13T13:29:55.899-0600	INFO	ForkJoinPool-1-worker-1	stdout	operator_metric,nitro,clickbench,q33,1,TrinoNitroPipelineSourceOperator,nitroProjectionGeneratedErrorFallbacks,0
[WARNING] [stderr] 2026-08-13T13:29:55.899-0600	INFO	ForkJoinPool-1-worker-1	stdout	operator_metric,nitro,clickbench,q33,1,PartitionedOutputOperator,nitroRemoteOutputTotalNanos,1635787529
[WARNING] [stderr] 2026-08-13T13:29:55.899-0600	INFO	ForkJoinPool-1-worker-1	stdout	operator_metric,nitro,clickbench,q33,1,PartitionedOutputOperator,nitroRemoteOutputInputPositions,99997497
[WARNING] [stderr] 2026-08-13T13:29:55.899-0600	INFO	ForkJoinPool-1-worker-1	stdout	operator_metric,nitro,clickbench,q33,1,PartitionedOutputOperator,nitroExchangeInputRunLengthChannelPositions,0
[WARNING] [stderr] 2026-08-13T13:29:55.899-0600	INFO	ForkJoinPool-1-worker-1	stdout	operator_metric,nitro,clickbench,q33,1,PartitionedOutputOperator,nitroExchangeNoDictionaryPositions,99997497
[WARNING] [stderr] 2026-08-13T13:29:55.899-0600	INFO	ForkJoinPool-1-worker-1	stdout	operator_metric,nitro,clickbench,q33,1,PartitionedOutputOperator,nitroExchangeInputPositions,99997497
[WARNING] [stderr] 2026-08-13T13:29:55.899-0600	INFO	ForkJoinPool-1-worker-1	stdout	operator_metric,nitro,clickbench,q33,1,PartitionedOutputOperator,nitroExchangeLowDictionaryReusePositions,0
[WARNING] [stderr] 2026-08-13T13:29:55.899-0600	INFO	ForkJoinPool-1-worker-1	stdout	operator_metric,nitro,clickbench,q33,1,PartitionedOutputOperator,nitroExchangePreservedPositions,0
[WARNING] [stderr] 2026-08-13T13:29:55.899-0600	INFO	ForkJoinPool-1-worker-1	stdout	operator_metric,nitro,clickbench,q33,1,PartitionedOutputOperator,nitroRemoteOutputPartitionAssignmentNanos,0
[WARNING] [stderr] 2026-08-13T13:29:55.899-0600	INFO	ForkJoinPool-1-worker-1	stdout	operator_metric,nitro,clickbench,q33,1,PartitionedOutputOperator,nitroRemoteOutputBufferedConversionNanos,150719478
[WARNING] [stderr] 2026-08-13T13:29:55.899-0600	INFO	ForkJoinPool-1-worker-1	stdout	operator_metric,nitro,clickbench,q33,1,PartitionedOutputOperator,nitroRemoteOutputNativePartitionAppendNanos,0
[WARNING] [stderr] 2026-08-13T13:29:55.899-0600	INFO	ForkJoinPool-1-worker-1	stdout	operator_metric,nitro,clickbench,q33,1,PartitionedOutputOperator,nitroRemoteOutputNativePartitionConversionNanos,0
[WARNING] [stderr] 2026-08-13T13:29:55.899-0600	INFO	ForkJoinPool-1-worker-1	stdout	operator_metric,nitro,clickbench,q33,1,PartitionedOutputOperator,nitroExchangeInputPages,10055
[WARNING] [stderr] 2026-08-13T13:29:55.899-0600	INFO	ForkJoinPool-1-worker-1	stdout	operator_metric,nitro,clickbench,q33,1,PartitionedOutputOperator,nitroExchangeSmallPagePositions,0
[WARNING] [stderr] 2026-08-13T13:29:55.899-0600	INFO	ForkJoinPool-1-worker-1	stdout	operator_metric,nitro,clickbench,q33,1,PartitionedOutputOperator,nitroExchangeInputFlatChannelPositions,399989988
[WARNING] [stderr] 2026-08-13T13:29:55.899-0600	INFO	ForkJoinPool-1-worker-1	stdout	operator_metric,nitro,clickbench,q33,1,PartitionedOutputOperator,nitroExchangeDictionaryUnsupportedPositions,0
[WARNING] [stderr] 2026-08-13T13:29:55.899-0600	INFO	ForkJoinPool-1-worker-1	stdout	operator_metric,nitro,clickbench,q33,1,PartitionedOutputOperator,nitroRemoteOutputNativeBatches,0
[WARNING] [stderr] 2026-08-13T13:29:55.899-0600	INFO	ForkJoinPool-1-worker-1	stdout	operator_metric,nitro,clickbench,q33,1,PartitionedOutputOperator,nitroRemoteOutputNativePartitionCopyNanos,0
[WARNING] [stderr] 2026-08-13T13:29:55.899-0600	INFO	ForkJoinPool-1-worker-1	stdout	operator_metric,nitro,clickbench,q33,1,PartitionedOutputOperator,nitroExchangeInputDictionaryChannelPositions,0
[WARNING] [stderr] 2026-08-13T13:29:55.899-0600	INFO	ForkJoinPool-1-worker-1	stdout	operator_metric,nitro,clickbench,q33,1,PartitionedOutputOperator,nitroRemoteOutputNativePartitions,0
[WARNING] [stderr] 2026-08-13T13:29:55.899-0600	INFO	ForkJoinPool-1-worker-1	stdout	operator_metric,nitro,clickbench,q33,1,PartitionedOutputOperator,nitroRemoteOutputBufferedBatches,10055
[WARNING] [stderr] 2026-08-13T13:29:55.899-0600	INFO	ForkJoinPool-1-worker-1	stdout	operator_metric,nitro,clickbench,q33,1,PartitionedOutputOperator,nitroRemoteOutputPartitionKeyConversionNanos,0
[WARNING] [stderr] 2026-08-13T13:29:55.899-0600	INFO	ForkJoinPool-1-worker-1	stdout	operator_metric,nitro,clickbench,q33,1,PartitionedOutputOperator,nitroExchangeRunLengthUnsupportedPositions,0
[WARNING] [stderr] 2026-08-13T13:29:55.899-0600	INFO	ForkJoinPool-1-worker-1	stdout	operator_metric,nitro,clickbench,q33,1,PartitionedOutputOperator,nitroRemoteOutputBufferedAppendNanos,1473073333
[WARNING] [stderr] 2026-08-13T13:30:03.915-0600	INFO	ForkJoinPool-1-worker-1	stdout	operator_cpu,nitro,clickbench,q33,2,ExchangeOperator,3,0.000,193.499,0.000,0,99997517,99997517,8171.690,18.705,0.000
[WARNING] [stderr] 2026-08-13T13:30:03.915-0600	INFO	ForkJoinPool-1-worker-1	stdout	operator_cpu,nitro,clickbench,q33,2,LocalExchangeSourceOperator,7,0.000,10.442,0.000,0,99997557,99997557,39892.470,0.000,0.000
[WARNING] [stderr] 2026-08-13T13:30:03.915-0600	INFO	ForkJoinPool-1-worker-1	stdout	operator_cpu,nitro,clickbench,q33,2,TaskOutputOperator,3,0.209,0.000,0.002,0,30,30,0.000,0.000,0.000
[WARNING] [stderr] 2026-08-13T13:30:03.915-0600	INFO	ForkJoinPool-1-worker-1	stdout	operator_cpu,nitro,clickbench,q33,2,LocalExchangeSinkOperator,7,2.829,0.000,0.125,0,99997557,99997557,10650.000,0.000,0.000
[WARNING] [stderr] 2026-08-13T13:30:03.915-0600	INFO	ForkJoinPool-1-worker-1	stdout	operator_cpu,nitro,clickbench,q33,2,TopNOperator,5,0.011,0.729,0.079,0,60,50,0.000,0.084,0.000
[WARNING] [stderr] 2026-08-13T13:30:03.915-0600	INFO	ForkJoinPool-1-worker-1	stdout	operator_cpu,nitro,clickbench,q33,2,TrinoNitroAggregationOperator,2,11600.000,3160.000,0.004,0,99997497,20,0.000,2103.073,0.000
[WARNING] [stderr] 2026-08-13T13:30:03.915-0600	INFO	ForkJoinPool-1-worker-1	stdout	operator_cpu,nitro,clickbench,q33,2,TrinoNitroPipelineSourceOperator,165,0.000,1037.650,0.000,99997497,99997497,99997497,0.000,0.229,0.000
[WARNING] [stderr] 2026-08-13T13:30:03.915-0600	INFO	ForkJoinPool-1-worker-1	stdout	operator_cpu,nitro,clickbench,q33,2,PartitionedOutputOperator,165,1035.290,0.000,4.820,0,99997497,99997497,29930.000,0.000,0.000
[WARNING] [stderr] 2026-08-13T13:30:03.915-0600	INFO	ForkJoinPool-1-worker-1	stdout	operator_metric,nitro,clickbench,q33,2,TrinoNitroAggregationOperator,nitroAggregationInitialAggregationNanos,0
[WARNING] [stderr] 2026-08-13T13:30:03.915-0600	INFO	ForkJoinPool-1-worker-1	stdout	operator_metric,nitro,clickbench,q33,2,TrinoNitroAggregationOperator,nitroBoundaryPageEgressRunLengthChannelPositions,0
[WARNING] [stderr] 2026-08-13T13:30:03.915-0600	INFO	ForkJoinPool-1-worker-1	stdout	operator_metric,nitro,clickbench,q33,2,TrinoNitroAggregationOperator,nitroBoundaryPageIngressRunLengthChannelPositions,0
[WARNING] [stderr] 2026-08-13T13:30:03.915-0600	INFO	ForkJoinPool-1-worker-1	stdout	operator_metric,nitro,clickbench,q33,2,TrinoNitroAggregationOperator,nitroAggregationInitialFlatKeyNanos,0
[WARNING] [stderr] 2026-08-13T13:30:03.915-0600	INFO	ForkJoinPool-1-worker-1	stdout	operator_metric,nitro,clickbench,q33,2,TrinoNitroAggregationOperator,nitroBoundaryNativeEgressFlatChannelPositions,100
[WARNING] [stderr] 2026-08-13T13:30:03.915-0600	INFO	ForkJoinPool-1-worker-1	stdout	operator_metric,nitro,clickbench,q33,2,TrinoNitroAggregationOperator,nitroAggregationStatePreparationNanos,376888490
[WARNING] [stderr] 2026-08-13T13:30:03.915-0600	INFO	ForkJoinPool-1-worker-1	stdout	operator_metric,nitro,clickbench,q33,2,TrinoNitroAggregationOperator,nitroBoundaryNativeEgressRunLengthChannelPositions,0
[WARNING] [stderr] 2026-08-13T13:30:03.915-0600	INFO	ForkJoinPool-1-worker-1	stdout	operator_metric,nitro,clickbench,q33,2,TrinoNitroAggregationOperator,nitroBoundaryPageIngressFlatChannelPositions,399989988
[WARNING] [stderr] 2026-08-13T13:30:03.915-0600	INFO	ForkJoinPool-1-worker-1	stdout	operator_metric,nitro,clickbench,q33,2,TrinoNitroAggregationOperator,nitroBoundaryPageEgressFlatChannelPositions,100
[WARNING] [stderr] 2026-08-13T13:30:03.915-0600	INFO	ForkJoinPool-1-worker-1	stdout	operator_metric,nitro,clickbench,q33,2,TrinoNitroAggregationOperator,nitroBoundaryPageEgressPages,2
[WARNING] [stderr] 2026-08-13T13:30:03.915-0600	INFO	ForkJoinPool-1-worker-1	stdout	operator_metric,nitro,clickbench,q33,2,TrinoNitroAggregationOperator,nitroBoundaryPageIngressPages,2870
[WARNING] [stderr] 2026-08-13T13:30:03.915-0600	INFO	ForkJoinPool-1-worker-1	stdout	operator_metric,nitro,clickbench,q33,2,TrinoNitroAggregationOperator,nitroAggregationInitialKeyNanos,0
[WARNING] [stderr] 2026-08-13T13:30:03.915-0600	INFO	ForkJoinPool-1-worker-1	stdout	operator_metric,nitro,clickbench,q33,2,TrinoNitroAggregationOperator,nitroAggregationInitialEncodedKeyNanos,0
[WARNING] [stderr] 2026-08-13T13:30:03.915-0600	INFO	ForkJoinPool-1-worker-1	stdout	operator_metric,nitro,clickbench,q33,2,TrinoNitroAggregationOperator,nitroAggregationOutputNanos,81945
[WARNING] [stderr] 2026-08-13T13:30:03.915-0600	INFO	ForkJoinPool-1-worker-1	stdout	operator_metric,nitro,clickbench,q33,2,TrinoNitroAggregationOperator,nitroAggregationPipelineNanos,0
[WARNING] [stderr] 2026-08-13T13:30:03.915-0600	INFO	ForkJoinPool-1-worker-1	stdout	operator_metric,nitro,clickbench,q33,2,TrinoNitroAggregationOperator,nitroAggregationGroupingNanos,11330167177
[WARNING] [stderr] 2026-08-13T13:30:03.915-0600	INFO	ForkJoinPool-1-worker-1	stdout	operator_metric,nitro,clickbench,q33,2,TrinoNitroAggregationOperator,nitroAggregationAccumulationNanos,939917308
[WARNING] [stderr] 2026-08-13T13:30:03.915-0600	INFO	ForkJoinPool-1-worker-1	stdout	operator_metric,nitro,clickbench,q33,2,TrinoNitroAggregationOperator,nitroBoundaryNativeEgressDictionaryChannelPositions,0
[WARNING] [stderr] 2026-08-13T13:30:03.916-0600	INFO	ForkJoinPool-1-worker-1	stdout	operator_metric,nitro,clickbench,q33,2,TrinoNitroAggregationOperator,nitroAggregationFusedNanos,0
[WARNING] [stderr] 2026-08-13T13:30:03.916-0600	INFO	ForkJoinPool-1-worker-1	stdout	operator_metric,nitro,clickbench,q33,2,TrinoNitroAggregationOperator,nitroBoundaryPageEgressBytes,820
[WARNING] [stderr] 2026-08-13T13:30:03.916-0600	INFO	ForkJoinPool-1-worker-1	stdout	operator_metric,nitro,clickbench,q33,2,TrinoNitroAggregationOperator,nitroAggregationFlushNanos,0
[WARNING] [stderr] 2026-08-13T13:30:03.916-0600	INFO	ForkJoinPool-1-worker-1	stdout	operator_metric,nitro,clickbench,q33,2,TrinoNitroAggregationOperator,nitroBoundaryPageEgressPositions,20
[WARNING] [stderr] 2026-08-13T13:30:03.916-0600	INFO	ForkJoinPool-1-worker-1	stdout	operator_metric,nitro,clickbench,q33,2,TrinoNitroAggregationOperator,nitroBoundaryPageIngressBytes,3199919904
[WARNING] [stderr] 2026-08-13T13:30:03.916-0600	INFO	ForkJoinPool-1-worker-1	stdout	operator_metric,nitro,clickbench,q33,2,TrinoNitroAggregationOperator,nitroBoundaryPageIngressPositions,99997497
[WARNING] [stderr] 2026-08-13T13:30:03.916-0600	INFO	ForkJoinPool-1-worker-1	stdout	operator_metric,nitro,clickbench,q33,2,TrinoNitroAggregationOperator,nitroBoundaryPageIngressDictionaryChannelPositions,0
[WARNING] [stderr] 2026-08-13T13:30:03.916-0600	INFO	ForkJoinPool-1-worker-1	stdout	operator_metric,nitro,clickbench,q33,2,TrinoNitroAggregationOperator,nitroAggregationInputNanos,12648826251
[WARNING] [stderr] 2026-08-13T13:30:03.916-0600	INFO	ForkJoinPool-1-worker-1	stdout	operator_metric,nitro,clickbench,q33,2,TrinoNitroAggregationOperator,nitroBoundaryPageEgressDictionaryChannelPositions,0
[WARNING] [stderr] 2026-08-13T13:30:03.916-0600	INFO	ForkJoinPool-1-worker-1	stdout	operator_metric,nitro,clickbench,q33,2,TrinoNitroPipelineSourceOperator,nitroAllocatorAllocatedBytes.ProjectOperator,0
[WARNING] [stderr] 2026-08-13T13:30:03.916-0600	INFO	ForkJoinPool-1-worker-1	stdout	operator_metric,nitro,clickbench,q33,2,TrinoNitroPipelineSourceOperator,nitroProjectionGeneratedKernels,0
[WARNING] [stderr] 2026-08-13T13:30:03.916-0600	INFO	ForkJoinPool-1-worker-1	stdout	operator_metric,nitro,clickbench,q33,2,TrinoNitroPipelineSourceOperator,nitroBoundaryNativeExchangeBytes,2399939928
[WARNING] [stderr] 2026-08-13T13:30:03.916-0600	INFO	ForkJoinPool-1-worker-1	stdout	operator_metric,nitro,clickbench,q33,2,TrinoNitroPipelineSourceOperator,nitroProjectionGeneratedOutputs,0
[WARNING] [stderr] 2026-08-13T13:30:03.916-0600	INFO	ForkJoinPool-1-worker-1	stdout	operator_metric,nitro,clickbench,q33,2,TrinoNitroPipelineSourceOperator,nitroBoundaryNativeExchangeMaximumBatchBytes,37680000
[WARNING] [stderr] 2026-08-13T13:30:03.916-0600	INFO	ForkJoinPool-1-worker-1	stdout	operator_metric,nitro,clickbench,q33,2,TrinoNitroPipelineSourceOperator,nitroProjectionPlannedComputedOutputs,0
[WARNING] [stderr] 2026-08-13T13:30:03.916-0600	INFO	ForkJoinPool-1-worker-1	stdout	operator_metric,nitro,clickbench,q33,2,TrinoNitroPipelineSourceOperator,nitroProjectionOtherNullExpansionPositions,0
[WARNING] [stderr] 2026-08-13T13:30:03.916-0600	INFO	ForkJoinPool-1-worker-1	stdout	operator_metric,nitro,clickbench,q33,2,TrinoNitroPipelineSourceOperator,nitroProjectionIntegerWideningPositions,0
[WARNING] [stderr] 2026-08-13T13:30:03.916-0600	INFO	ForkJoinPool-1-worker-1	stdout	operator_metric,nitro,clickbench,q33,2,TrinoNitroPipelineSourceOperator,nitroProjectionGeneratedSuccesses,0
[WARNING] [stderr] 2026-08-13T13:30:03.916-0600	INFO	ForkJoinPool-1-worker-1	stdout	operator_metric,nitro,clickbench,q33,2,TrinoNitroPipelineSourceOperator,nitroProjectionGeneratedLayoutFallbacks,0
[WARNING] [stderr] 2026-08-13T13:30:03.916-0600	INFO	ForkJoinPool-1-worker-1	stdout	operator_metric,nitro,clickbench,q33,2,TrinoNitroPipelineSourceOperator,nitroProjectionDictionaryNullExpansionPositions,0
[WARNING] [stderr] 2026-08-13T13:30:03.916-0600	INFO	ForkJoinPool-1-worker-1	stdout	operator_metric,nitro,clickbench,q33,2,TrinoNitroPipelineSourceOperator,nitroAllocatorAllocatedVectorBytes.BooleanVector,399989988
[WARNING] [stderr] 2026-08-13T13:30:03.916-0600	INFO	ForkJoinPool-1-worker-1	stdout	operator_metric,nitro,clickbench,q33,2,TrinoNitroPipelineSourceOperator,nitroProjectionDictionaryFlatteningPositions,0
[WARNING] [stderr] 2026-08-13T13:30:03.916-0600	INFO	ForkJoinPool-1-worker-1	stdout	operator_metric,nitro,clickbench,q33,2,TrinoNitroPipelineSourceOperator,nitroBoundaryNativeExchangeBatches,10055
[WARNING] [stderr] 2026-08-13T13:30:03.916-0600	INFO	ForkJoinPool-1-worker-1	stdout	operator_metric,nitro,clickbench,q33,2,TrinoNitroPipelineSourceOperator,nitroProjectionPlannedAssignments,0
[WARNING] [stderr] 2026-08-13T13:30:03.916-0600	INFO	ForkJoinPool-1-worker-1	stdout	operator_metric,nitro,clickbench,q33,2,TrinoNitroPipelineSourceOperator,nitroAllocatorAllocatedVectorBytes,2399939928
[WARNING] [stderr] 2026-08-13T13:30:03.916-0600	INFO	ForkJoinPool-1-worker-1	stdout	operator_metric,nitro,clickbench,q33,2,TrinoNitroPipelineSourceOperator,nitroProjectionRunLengthInputPositions,0
[WARNING] [stderr] 2026-08-13T13:30:03.916-0600	INFO	ForkJoinPool-1-worker-1	stdout	operator_metric,nitro,clickbench,q33,2,TrinoNitroPipelineSourceOperator,nitroAllocatorAllocatedVectorBytes.I32Vector,1199969964
[WARNING] [stderr] 2026-08-13T13:30:03.916-0600	INFO	ForkJoinPool-1-worker-1	stdout	operator_metric,nitro,clickbench,q33,2,TrinoNitroPipelineSourceOperator,nitroAllocatorAllocatedBytes.NitroParquetBatchSource,2399939928
[WARNING] [stderr] 2026-08-13T13:30:03.916-0600	INFO	ForkJoinPool-1-worker-1	stdout	operator_metric,nitro,clickbench,q33,2,TrinoNitroPipelineSourceOperator,nitroBoundaryNativeExchangePositions,99997497
[WARNING] [stderr] 2026-08-13T13:30:03.916-0600	INFO	ForkJoinPool-1-worker-1	stdout	operator_metric,nitro,clickbench,q33,2,TrinoNitroPipelineSourceOperator,nitroOperatorConstructionNanos,9347369
[WARNING] [stderr] 2026-08-13T13:30:03.916-0600	INFO	ForkJoinPool-1-worker-1	stdout	operator_metric,nitro,clickbench,q33,2,TrinoNitroPipelineSourceOperator,nitroProjectionDictionaryInputPositions,0
[WARNING] [stderr] 2026-08-13T13:30:03.916-0600	INFO	ForkJoinPool-1-worker-1	stdout	operator_metric,nitro,clickbench,q33,2,TrinoNitroPipelineSourceOperator,nitroAllocatorAllocatedBytes,2399939928
[WARNING] [stderr] 2026-08-13T13:30:03.916-0600	INFO	ForkJoinPool-1-worker-1	stdout	operator_metric,nitro,clickbench,q33,2,TrinoNitroPipelineSourceOperator,nitroProjectionGeneratedAttempts,0
[WARNING] [stderr] 2026-08-13T13:30:03.916-0600	INFO	ForkJoinPool-1-worker-1	stdout	operator_metric,nitro,clickbench,q33,2,TrinoNitroPipelineSourceOperator,nitroProjectionGeneratedSelectedPositions,0
[WARNING] [stderr] 2026-08-13T13:30:03.916-0600	INFO	ForkJoinPool-1-worker-1	stdout	operator_metric,nitro,clickbench,q33,2,TrinoNitroPipelineSourceOperator,nitroAllocatorAllocatedVectorBytes.I64Vector,799979976
[WARNING] [stderr] 2026-08-13T13:30:03.916-0600	INFO	ForkJoinPool-1-worker-1	stdout	operator_metric,nitro,clickbench,q33,2,TrinoNitroPipelineSourceOperator,nitroNativeSourceCreationNanos,33006140
[WARNING] [stderr] 2026-08-13T13:30:03.916-0600	INFO	ForkJoinPool-1-worker-1	stdout	operator_metric,nitro,clickbench,q33,2,TrinoNitroPipelineSourceOperator,nitroProjectionFlatInputPositions,0
[WARNING] [stderr] 2026-08-13T13:30:03.916-0600	INFO	ForkJoinPool-1-worker-1	stdout	operator_metric,nitro,clickbench,q33,2,TrinoNitroPipelineSourceOperator,nitroProjectionOtherInputPositions,0
[WARNING] [stderr] 2026-08-13T13:30:03.916-0600	INFO	ForkJoinPool-1-worker-1	stdout	operator_metric,nitro,clickbench,q33,2,TrinoNitroPipelineSourceOperator,nitroAllocatorAllocatedBytes.trino-native-source-ingress,0
[WARNING] [stderr] 2026-08-13T13:30:03.916-0600	INFO	ForkJoinPool-1-worker-1	stdout	operator_metric,nitro,clickbench,q33,2,TrinoNitroPipelineSourceOperator,nitroProjectionGeneratedErrorFallbacks,0
[WARNING] [stderr] 2026-08-13T13:30:03.916-0600	INFO	ForkJoinPool-1-worker-1	stdout	operator_metric,nitro,clickbench,q33,2,PartitionedOutputOperator,nitroRemoteOutputTotalNanos,1680683187
[WARNING] [stderr] 2026-08-13T13:30:03.916-0600	INFO	ForkJoinPool-1-worker-1	stdout	operator_metric,nitro,clickbench,q33,2,PartitionedOutputOperator,nitroRemoteOutputInputPositions,99997497
[WARNING] [stderr] 2026-08-13T13:30:03.916-0600	INFO	ForkJoinPool-1-worker-1	stdout	operator_metric,nitro,clickbench,q33,2,PartitionedOutputOperator,nitroExchangeInputRunLengthChannelPositions,0
[WARNING] [stderr] 2026-08-13T13:30:03.916-0600	INFO	ForkJoinPool-1-worker-1	stdout	operator_metric,nitro,clickbench,q33,2,PartitionedOutputOperator,nitroExchangeNoDictionaryPositions,99997497
[WARNING] [stderr] 2026-08-13T13:30:03.916-0600	INFO	ForkJoinPool-1-worker-1	stdout	operator_metric,nitro,clickbench,q33,2,PartitionedOutputOperator,nitroExchangeInputPositions,99997497
[WARNING] [stderr] 2026-08-13T13:30:03.916-0600	INFO	ForkJoinPool-1-worker-1	stdout	operator_metric,nitro,clickbench,q33,2,PartitionedOutputOperator,nitroExchangeLowDictionaryReusePositions,0
[WARNING] [stderr] 2026-08-13T13:30:03.916-0600	INFO	ForkJoinPool-1-worker-1	stdout	operator_metric,nitro,clickbench,q33,2,PartitionedOutputOperator,nitroExchangePreservedPositions,0
[WARNING] [stderr] 2026-08-13T13:30:03.916-0600	INFO	ForkJoinPool-1-worker-1	stdout	operator_metric,nitro,clickbench,q33,2,PartitionedOutputOperator,nitroRemoteOutputPartitionAssignmentNanos,0
[WARNING] [stderr] 2026-08-13T13:30:03.916-0600	INFO	ForkJoinPool-1-worker-1	stdout	operator_metric,nitro,clickbench,q33,2,PartitionedOutputOperator,nitroRemoteOutputBufferedConversionNanos,201679090
[WARNING] [stderr] 2026-08-13T13:30:03.916-0600	INFO	ForkJoinPool-1-worker-1	stdout	operator_metric,nitro,clickbench,q33,2,PartitionedOutputOperator,nitroRemoteOutputNativePartitionAppendNanos,0
[WARNING] [stderr] 2026-08-13T13:30:03.916-0600	INFO	ForkJoinPool-1-worker-1	stdout	operator_metric,nitro,clickbench,q33,2,PartitionedOutputOperator,nitroRemoteOutputNativePartitionConversionNanos,0
[WARNING] [stderr] 2026-08-13T13:30:03.917-0600	INFO	ForkJoinPool-1-worker-1	stdout	operator_metric,nitro,clickbench,q33,2,PartitionedOutputOperator,nitroExchangeInputPages,10055
[WARNING] [stderr] 2026-08-13T13:30:03.917-0600	INFO	ForkJoinPool-1-worker-1	stdout	operator_metric,nitro,clickbench,q33,2,PartitionedOutputOperator,nitroExchangeSmallPagePositions,0
[WARNING] [stderr] 2026-08-13T13:30:03.917-0600	INFO	ForkJoinPool-1-worker-1	stdout	operator_metric,nitro,clickbench,q33,2,PartitionedOutputOperator,nitroExchangeInputFlatChannelPositions,399989988
[WARNING] [stderr] 2026-08-13T13:30:03.917-0600	INFO	ForkJoinPool-1-worker-1	stdout	operator_metric,nitro,clickbench,q33,2,PartitionedOutputOperator,nitroExchangeDictionaryUnsupportedPositions,0
[WARNING] [stderr] 2026-08-13T13:30:03.917-0600	INFO	ForkJoinPool-1-worker-1	stdout	operator_metric,nitro,clickbench,q33,2,PartitionedOutputOperator,nitroRemoteOutputNativeBatches,0
[WARNING] [stderr] 2026-08-13T13:30:03.917-0600	INFO	ForkJoinPool-1-worker-1	stdout	operator_metric,nitro,clickbench,q33,2,PartitionedOutputOperator,nitroRemoteOutputNativePartitionCopyNanos,0
[WARNING] [stderr] 2026-08-13T13:30:03.917-0600	INFO	ForkJoinPool-1-worker-1	stdout	operator_metric,nitro,clickbench,q33,2,PartitionedOutputOperator,nitroExchangeInputDictionaryChannelPositions,0
[WARNING] [stderr] 2026-08-13T13:30:03.917-0600	INFO	ForkJoinPool-1-worker-1	stdout	operator_metric,nitro,clickbench,q33,2,PartitionedOutputOperator,nitroRemoteOutputNativePartitions,0
[WARNING] [stderr] 2026-08-13T13:30:03.917-0600	INFO	ForkJoinPool-1-worker-1	stdout	operator_metric,nitro,clickbench,q33,2,PartitionedOutputOperator,nitroRemoteOutputBufferedBatches,10055
[WARNING] [stderr] 2026-08-13T13:30:03.917-0600	INFO	ForkJoinPool-1-worker-1	stdout	operator_metric,nitro,clickbench,q33,2,PartitionedOutputOperator,nitroRemoteOutputPartitionKeyConversionNanos,0
[WARNING] [stderr] 2026-08-13T13:30:03.917-0600	INFO	ForkJoinPool-1-worker-1	stdout	operator_metric,nitro,clickbench,q33,2,PartitionedOutputOperator,nitroExchangeRunLengthUnsupportedPositions,0
[WARNING] [stderr] 2026-08-13T13:30:03.917-0600	INFO	ForkJoinPool-1-worker-1	stdout	operator_metric,nitro,clickbench,q33,2,PartitionedOutputOperator,nitroRemoteOutputBufferedAppendNanos,1472249462
[WARNING] [stderr] 2026-08-13T13:30:03.918-0600	INFO	ForkJoinPool-1-worker-1	stdout	nitro,clickbench,q33,3,8015.318,8103.611,8282.175,8133.702,17120.000,17123.333,2.1052,99997497,0,165
[WARNING] [stderr] 2026-08-13T13:30:03.918-0600	INFO	ForkJoinPool-1-worker-1	stdout	allocation,nitro,clickbench,q33,3,29387.575,29414.137
[WARNING] [stderr] 2026-08-13T13:30:03.919-0600	INFO	ForkJoinPool-1-worker-1	stdout	peak_memory,nitro,clickbench,q33,3,4205.405,4205.406,10639.023,10679.023
[WARNING] [stderr] 2026-08-13T13:30:03.945-0600	WARN	http-client-node-manager-40	io.trino.node.RemoteNodeState	Error fetching node state from http://127.0.0.1:40627/v1/info: Server refused connection: http://127.0.0.1:40627/v1/info
[INFO] Tests run: 1, Failures: 0, Errors: 0, Skipped: 0, Time elapsed: 107.0 s -- in io.trino.tests.nitro.TestNitroClickBenchQueries
[WARNING] [stderr] 2026-08-13T13:30:04.177-0600	INFO	main	io.trino.testing.containers.junit.ReportLeakedContainers	DockerClientFactory not initialized, so there should be no leaked containers, skipping the check
[INFO] 
[INFO] Results:
[INFO] 
[INFO] Tests run: 1, Failures: 0, Errors: 0, Skipped: 0
[INFO] 
[INFO] ------------------------------------------------------------------------
[INFO] BUILD SUCCESS
[INFO] ------------------------------------------------------------------------
[INFO] Total time:  01:48 min (Wall Clock)
[INFO] Finished at: 2026-08-13T19:30:04Z
[INFO] ------------------------------------------------------------------------
[INFO] Njord session closed

Script done on 2026-08-13 19:30:04+00:00 [COMMAND_EXIT_CODE="0"]
