[INFO] Processing build on daemon a79806b3
[INFO] Scanning for projects...
[INFO] Njord 0.9.4 session created
[INFO] BuildTimeEventSpy is registered.
[INFO] 
[INFO] Using the SmartBuilder implementation with a thread count of 7
[INFO] 
[INFO] -------------------------< org.weakref:nitro >--------------------------
[INFO] Building nitro 1-SNAPSHOT
[INFO]   from pom.xml
[INFO] --------------------------------[ jar ]---------------------------------
[WARNING] 2 problems were encountered while building the effective model for org.apache.yetus:audience-annotations:jar:0.5.0 during dependency collection step for project (use -X to see details)
[INFO] 
[INFO] --- exec:3.6.1:exec (benchmark) @ nitro ---
[WARNING] [stderr] WARNING: Using incubator modules: jdk.incubator.vector
[WARNING] [stderr] WARNING: A terminally deprecated method in sun.misc.Unsafe has been called
[WARNING] [stderr] WARNING: sun.misc.Unsafe::objectFieldOffset has been called by org.openjdk.jmh.util.Utils (file:/root/.m2/repository/org/openjdk/jmh/jmh-core/1.37/jmh-core-1.37.jar)
[WARNING] [stderr] WARNING: Please consider reporting this to the maintainers of class org.openjdk.jmh.util.Utils
[WARNING] [stderr] WARNING: sun.misc.Unsafe::objectFieldOffset will be removed in a future release
[INFO] [stdout] # JMH version: 1.37
[INFO] [stdout] # VM version: JDK 26.0.1, OpenJDK 64-Bit Server VM, 26.0.1+8
[INFO] [stdout] # VM invoker: /opt/java/openjdk/bin/java
[INFO] [stdout] # VM options: --enable-preview --add-modules=jdk.incubator.vector -Dnitro.clickbench.hits.path= -Xmx12g -XX:+UseTransparentHugePages -Dnitro.clickbench.hits.path=/root/data/clickbench
[INFO] [stdout] # Blackhole mode: compiler (auto-detected, use -Djmh.blackhole.autoDetect=false to disable)
[INFO] [stdout] # Warmup: 10 iterations, 1 s each
[INFO] [stdout] # Measurement: 5 iterations, 1 s each
[INFO] [stdout] # Timeout: 10 min per iteration
[INFO] [stdout] # Threads: 1 thread, will synchronize iterations
[INFO] [stdout] # Benchmark mode: Average time, time/op
[INFO] [stdout] # Benchmark: org.weakref.nitro.clickbench.BenchmarkQueries.query04
[INFO] [stdout] 
[INFO] [stdout] # Run progress: 0.00% complete, ETA 00:00:15
[INFO] [stdout] # Fork: 1 of 1
[INFO] [stdout] # Preparing profilers: LinuxPerfAsmProfiler 
[INFO] [stdout] # Profilers consume stdout and stderr from target VM, use -v EXTRA to copy to console
[INFO] [stdout] # Warmup Iteration   1: 2390.297 ms/op
[INFO] [stdout] # Warmup Iteration   2: 1115.199 ms/op
[INFO] [stdout] # Warmup Iteration   3: 318.608 ms/op
[INFO] [stdout] # Warmup Iteration   4: 266.315 ms/op
[INFO] [stdout] # Warmup Iteration   5: 229.016 ms/op
[INFO] [stdout] # Warmup Iteration   6: 217.663 ms/op
[INFO] [stdout] # Warmup Iteration   7: 217.703 ms/op
[INFO] [stdout] # Warmup Iteration   8: 214.394 ms/op
[INFO] [stdout] # Warmup Iteration   9: 214.028 ms/op
[INFO] [stdout] # Warmup Iteration  10: 214.768 ms/op
[INFO] [stdout] Iteration   1: 213.091 ms/op
[INFO] [stdout] Iteration   2: 213.254 ms/op
[INFO] [stdout] Iteration   3: 212.724 ms/op
[INFO] [stdout] Iteration   4: 212.850 ms/op
[INFO] [stdout] Iteration   5: 213.882 ms/op
[INFO] [stdout] # Processing profiler results: LinuxPerfAsmProfiler 
[INFO] [stdout] 
[INFO] [stdout] 
[INFO] [stdout] Result "org.weakref.nitro.clickbench.BenchmarkQueries.query04":
[INFO] [stdout]   213.160 ±(99.9%) 1.745 ms/op [Average]
[INFO] [stdout]   (min, avg, max) = (212.724, 213.160, 213.882), stdev = 0.453
[INFO] [stdout]   CI (99.9%): [211.415, 214.905] (assumes normal distribution)
[INFO] [stdout] 
[INFO] [stdout] Secondary result "org.weakref.nitro.clickbench.BenchmarkQueries.query04:asm":
[INFO] [stdout] PrintAssembly processed: 340585 total address lines.
[INFO] [stdout] Perf output processed (skipped 13.752 seconds):
[INFO] [stdout]  Column 1: L1-dcache-load-misses (4981 events)
[INFO] [stdout] 
[INFO] [stdout] Hottest code regions (>10.00% "L1-dcache-load-misses" events):
[INFO] [stdout]  Event counts are percents of total event count.
[INFO] [stdout] 
[INFO] [stdout] ....[Hottest Region 1]..............................................................................
[INFO] [stdout] runtime stub, StubRoutines::Stub Generator jlong_disjoint_arraycopy_stub 
[INFO] [stdout] 
[INFO] [stdout]             0x00007c74434344e0: 2bc3 4983 | f818 0f8c | a5fd ffff | 4983 e818 | 0f1f 8400 | 0000 0000 | 0f1f 8400 | 0000 0000 
[INFO] [stdout]             0x00007c7443434500: c5fe 6f0c | cfc5 fe7f | 0cce c5fe | 6f4c cf20 | c5fe 7f4c | ce20 c5fe | 6f4c cf40 | c5fe 7f4c 
[INFO] [stdout]             0x00007c7443434520: ce40 c5fe | 6f4c cf60 | c5fe 7f4c | ce60 c5fe | 6f8c cf80 | 0000 00c5 | fe7f 8cce | 8000 0000 
[INFO] [stdout]             0x00007c7443434540: c5fe 6f8c | cfa0 0000 | 00c5 fe7f | 8cce a000 | 0000 4883 | c118 4983 | e818 7fa4 | 4983 c018 
[INFO] [stdout]             0x00007c7443434560: e92c fdff | ff4d 8bd8 | 488b c648 | 8bf7 488b | f84c 8bc6 | 488b c749 | 8bcb f348 | a549 c1e3 
[INFO] [stdout]             0x00007c7443434580: 0349 c1eb | 0348 8bf0 | 498b f849 | 8bcb 4c8b | c24d 2bc3 | e9f8 fcff | ff4c 8bde | 4983 e33f 
[INFO] [stdout]             0x00007c74434345a0: 0f84 4300 | 0000 49f7 | db49 83c3 | 4049 c1eb | 0349 8bc3 | 49b8 ffff | ffff ffff | ffff c442 
[INFO] [stdout]             0x00007c74434345c0: f8f5 c0c4 | c1fb 92d0 | 62f1 feca | 6f0c cf62 | f1fe 4a7f | 0cce 498b | cb4c 8bc2 | 4d2b c349 
[INFO] [stdout]             0x00007c74434345e0: 83f8 180f | 8c59 0000 | 0049 83e8 | 1866 660f | 1f84 0000 | 0000 0066 | 0f1f 8400 | 0000 0000 
[INFO] [stdout]             0x00007c7443434600: 62f1 fe48 | 6f0c cf62 | f1fe 487f | 0cce 62f1 | fe48 6f4c | cf01 62f1 | fe48 7f4c | ce01 62f1 
[INFO] [stdout]             0x00007c7443434620: fe48 6f4c | cf02 62f1 | fe48 7f4c | ce02 4883 | c118 4983 | e818 7fc8 | 4983 c018 | 0f8e a001 
[INFO] [stdout]             0x00007c7443434640: 0000 4983 | f804 7f27 | 48b8 ffff | ffff ffff | ffff c4e2 | b8f5 c0c4 | e1fb 92d0 | 62f1 feaa 
[INFO] [stdout]             0x00007c7443434660: 6f0c cf62 | f1fe 2a7f | 0cce e973 | 0100 0049 | 83f8 087f | 2748 b8ff | ffff ffff | ffff ffc4 
[INFO] [stdout]             0x00007c7443434680: e2b8 f5c0 | c4e1 fb92 | d062 f1fe | ca6f 0ccf | 62f1 fe4a | 7f0c cee9 | 4601 0000 | 4983 f80c 
[INFO] [stdout]             0x00007c74434346a0: 7f3b 62f1 | fe48 6f0c | cf62 f1fe | 487f 0cce | 4983 e808 | 48b8 ffff | ffff ffff | ffff c4e2 
[INFO] [stdout]             0x00007c74434346c0: b8f5 c0c4 | e1fb 92d0 | 62f1 feaa | 6f4c cf02 | 62f1 fe2a | 7f4c ce02 | e905 0100 | 0049 83f8 
[INFO] [stdout]             0x00007c74434346e0: 107f 4762 | f1fe 486f | 0ccf 62f1 | fe48 7f0c | cec5 fe6f | 4ccf 40c5 | fe7f 4cce | 4049 83e8 
[INFO] [stdout]             0x00007c7443434700: 0c48 b8ff | ffff ffff | ffff ffc4 | e2b8 f5c0 | c4e1 fb92 | d062 f1fe | aa6f 4ccf | 0362 f1fe 
[INFO] [stdout]             0x00007c7443434720: 2a7f 4cce | 03e9 b800 | 0000 4983 | f814 7f4b | 62f1 fe48 | 6f0c cf62 | f1fe 487f | 0cce 62f1 
[INFO] [stdout]             0x00007c7443434740: fe48 6f4c | cf01 62f1 | fe48 7f4c | ce01 4983 | e810 48b8 | ffff ffff | ffff ffff | c4e2 b8f5 
[INFO] [stdout]             0x00007c7443434760: c0c4 e1fb | 92d0 62f1 | feaa 6f4c | cf04 62f1 | fe2a 7f4c | ce04 e967 | 0000 0049 | 83f8 180f 
[INFO] [stdout]             0x00007c7443434780: 8ff6 fcff | ff62 f1fe | 486f 0ccf | 62f1 fe48 | 7f0c ce62 | f1fe 486f | 4ccf 0162 | f1fe 487f 
[INFO] [stdout] ....................................................................................................
[INFO] [stdout]   28.91%  <total for region 1>
[INFO] [stdout] 
[INFO] [stdout] ....[Hottest Region 2]..............................................................................
[INFO] [stdout] c2, level 4, org.weakref.nitro.operator.aggregation.Avg::accumulate, version 4, compile id 2190 
[INFO] [stdout] 
[INFO] [stdout]  <region is too big to display, has 271932 lines, but threshold is 1000>
[INFO] [stdout] ....................................................................................................
[INFO] [stdout]   12.73%  <total for region 2>
[INFO] [stdout] 
[INFO] [stdout] ....[Hottest Region 3]..............................................................................
[INFO] [stdout] c2, level 4, org.weakref.nitro.parquet.ColumnReader::decodeDataPageV1, version 2, compile id 3244 
[INFO] [stdout] 
[INFO] [stdout]                                 ; - jdk.incubator.vector.IntVector::lanewiseTemplate@154 (line 798)
[INFO] [stdout]                                 ; - jdk.incubator.vector.Int256Vector::lanewise@3 (line 278)
[INFO] [stdout]                                 ; - jdk.incubator.vector.Int256Vector::lanewise@3 (line 43)
[INFO] [stdout]                                 ; - jdk.incubator.vector.IntVector::lanewise@43 (line 944)
[INFO] [stdout]                                 ; - jdk.incubator.vector.IntVector::add@5 (line 1406)
[INFO] [stdout]                                 ; - jdk.incubator.vector.LongVector::fromArray@97 (line 2974)
[INFO] [stdout]                                 ; - org.weakref.nitro.parquet.ColumnReader::gatherLongs@32 (line 2958)
[INFO] [stdout]                                 ; - org.weakref.nitro.parquet.ColumnReader::gatherDictionary@179 (line 3136)
[INFO] [stdout]                                 ; - org.weakref.nitro.parquet.ColumnReader::decodeDataPageV1@611 (line 3088)
[INFO] [stdout]             0x00007c7443be01c4: 7062 f355 | 281f fc01 | 62f3 5528 | 1ff1 05c5 | d446 ed49 | 8d7c dc10 | 62f2 fd4d | 903c f762 
[INFO] [stdout]             0x00007c7443be01e4: d17e 487f | bcd5 9000 
[INFO] [stdout]             0x00007c7443be01ec: ;*invokestatic store {reexecute=0 rethrow=0 return_oop=0}
[INFO] [stdout]                                 ; - jdk.incubator.vector.LongVector::intoArray@44 (line 3162)
[INFO] [stdout]                                 ; - org.weakref.nitro.parquet.ColumnReader::gatherLongs@41 (line 2958)
[INFO] [stdout]                                 ; - org.weakref.nitro.parquet.ColumnReader::gatherDictionary@179 (line 3136)
[INFO] [stdout]                                 ; - org.weakref.nitro.parquet.ColumnReader::decodeDataPageV1@611 (line 3088)
[INFO] [stdout]             0x00007c7443be01ec: 0000 c5c5 
[INFO] [stdout]             0x00007c7443be01f0: ;*invokestatic binaryOp {reexecute=0 rethrow=0 return_oop=0}
[INFO] [stdout]                                 ; - jdk.incubator.vector.Int256Vector$Int256Mask::or@29 (line 716)
[INFO] [stdout]                                 ; - jdk.incubator.vector.Int256Vector$Int256Mask::or@2 (line 574)
[INFO] [stdout]                                 ; - jdk.incubator.vector.VectorIntrinsics::checkIndex@46 (line 80)
[INFO] [stdout]                                 ; - jdk.incubator.vector.LongVector::fromArray@106 (line 2977)
[INFO] [stdout]                                 ; - org.weakref.nitro.parquet.ColumnReader::gatherLongs@32 (line 2958)
[INFO] [stdout]                                 ; - org.weakref.nitro.parquet.ColumnReader::gatherDictionary@179 (line 3136)
[INFO] [stdout]                                 ; - org.weakref.nitro.parquet.ColumnReader::decodeDataPageV1@611 (line 3088)
[INFO] [stdout]             0x00007c7443be01f0: 45fe c5f9 | 98ff 0f85 | b202 0000 | c5c4 46ff | 498d 7cdc | 1062 f2fd | 4f90 34ef | 62d1 7e48 
[INFO] [stdout]             0x00007c7443be0210: 7fb4 d5d0 | 0000 0041 | 83c3 2045 | 3bd8 0f8c 
[INFO] [stdout]             0x00007c7443be0220: ;*invokestatic store {reexecute=0 rethrow=0 return_oop=0}
[INFO] [stdout]                                 ; - jdk.incubator.vector.LongVector::intoArray@44 (line 3162)
[INFO] [stdout]                                 ; - org.weakref.nitro.parquet.ColumnReader::gatherLongs@41 (line 2958)
[INFO] [stdout]                                 ; - org.weakref.nitro.parquet.ColumnReader::gatherDictionary@179 (line 3136)
[INFO] [stdout]                                 ; - org.weakref.nitro.parquet.ColumnReader::decodeDataPageV1@611 (line 3088)
[INFO] [stdout]             0x00007c7443be0220: fcfe ffff 
[INFO] [stdout]             0x00007c7443be0224: ;*invokestatic currentThread {reexecute=0 rethrow=0 return_oop=0}
[INFO] [stdout]                                 ; - jdk.internal.foreign.MemorySessionImpl::checkValidStateRaw@11 (line 200)
[INFO] [stdout]                                 ; - jdk.internal.misc.ScopedMemoryAccess::getIntUnalignedInternal@5 (line 3169)
[INFO] [stdout]                                 ; - jdk.internal.misc.ScopedMemoryAccess::getIntUnaligned@6 (line 3159)
[INFO] [stdout]                                 ; - java.lang.invoke.VarHandleSegmentAsInts::get@42 (line 60)
[INFO] [stdout] ....................................................................................................
[INFO] [stdout]   10.84%  <total for region 3>
[INFO] [stdout] 
[INFO] [stdout] ....[Hottest Regions]...............................................................................
[INFO] [stdout]   28.91%                    runtime stub  StubRoutines::Stub Generator jlong_disjoint_arraycopy_stub 
[INFO] [stdout]   12.73%                     c2, level 4  org.weakref.nitro.operator.aggregation.Avg::accumulate, version 4, compile id 2190 
[INFO] [stdout]   10.84%                     c2, level 4  org.weakref.nitro.parquet.ColumnReader::decodeDataPageV1, version 2, compile id 3244 
[INFO] [stdout]    9.96%                     c2, level 4  org.weakref.nitro.parquet.ColumnReader::decodeDataPageV1, version 2, compile id 3244 
[INFO] [stdout]    4.06%                                  <unknown> 
[INFO] [stdout]    2.99%                    runtime stub  StubRoutines::Stub Generator jbyte_disjoint_arraycopy_stub 
[INFO] [stdout]    1.95%                    runtime stub  StubRoutines::Stub Generator arrayof_jbyte_fill_stub 
[INFO] [stdout]    1.51%                       libjvm.so  ElfSymbolTable::lookup(unsigned char*, int*, int*, int*, ElfFuncDescTable*) 
[INFO] [stdout]    1.18%                     c2, level 4  org.weakref.nitro.parquet.RleReader::readUleb128, version 4, compile id 2181 
[INFO] [stdout]    1.06%                     c2, level 4  org.apache.parquet.format.InterningProtocol::readI32, version 3, compile id 2158 
[INFO] [stdout]    1.02%  snappy12269116986922026358.tmp  [unknown] 
[INFO] [stdout]    0.66%                     c2, level 4  org.apache.parquet.format.Statistics$StatisticsStandardScheme::read, version 3, compile id 2392 
[INFO] [stdout]    0.62%                    runtime stub  StubRoutines::Stub Generator jint_fill_stub 
[INFO] [stdout]    0.62%                     c2, level 4  org.apache.parquet.format.PageEncodingStats$PageEncodingStatsStandardScheme::read, version 3, compile id 2608 
[INFO] [stdout]    0.60%                     c2, level 4  org.weakref.nitro.parquet.RleReader::readBitPacked, version 4, compile id 2183 
[INFO] [stdout]    0.48%                                  <unknown> 
[INFO] [stdout]    0.38%                    runtime stub  StubRoutines::Stub Generator jint_fill_stub 
[INFO] [stdout]    0.38%                     c2, level 4  org.weakref.nitro.parquet.RleReader::readBitPacked, version 4, compile id 2183 
[INFO] [stdout]    0.38%                     c2, level 4  org.weakref.nitro.parquet.RleReader::readUleb128, version 4, compile id 2181 
[INFO] [stdout]    0.38%                     c2, level 4  org.weakref.nitro.parquet.ColumnReader::decodeDataPageV1, version 2, compile id 3244 
[INFO] [stdout]   19.27%  <...other 523 warm regions...>
[INFO] [stdout] ....................................................................................................
[INFO] [stdout]  100.00%  <totals>
[INFO] [stdout] 
[INFO] [stdout] ....[Hottest Methods (after inlining)]..............................................................
[INFO] [stdout]   29.19%                    runtime stub  StubRoutines::Stub Generator jlong_disjoint_arraycopy_stub 
[INFO] [stdout]   22.24%                     c2, level 4  org.weakref.nitro.parquet.ColumnReader::decodeDataPageV1, version 2, compile id 3244 
[INFO] [stdout]   12.83%                     c2, level 4  org.weakref.nitro.operator.aggregation.Avg::accumulate, version 4, compile id 2190 
[INFO] [stdout]    5.74%                                  <unknown> 
[INFO] [stdout]    3.39%                    runtime stub  StubRoutines::Stub Generator jbyte_disjoint_arraycopy_stub 
[INFO] [stdout]    2.03%                    runtime stub  StubRoutines::Stub Generator arrayof_jbyte_fill_stub 
[INFO] [stdout]    1.97%                     c2, level 4  org.weakref.nitro.parquet.RleReader::readBitPacked, version 4, compile id 2183 
[INFO] [stdout]    1.57%                     c2, level 4  org.weakref.nitro.parquet.RleReader::readUleb128, version 4, compile id 2181 
[INFO] [stdout]    1.51%                       libjvm.so  ElfSymbolTable::lookup(unsigned char*, int*, int*, int*, ElfFuncDescTable*) 
[INFO] [stdout]    1.41%                     c2, level 4  org.apache.parquet.format.Statistics$StatisticsStandardScheme::read, version 3, compile id 2392 
[INFO] [stdout]    1.33%  snappy12269116986922026358.tmp  [unknown] 
[INFO] [stdout]    1.28%                    runtime stub  StubRoutines::Stub Generator jint_fill_stub 
[INFO] [stdout]    1.14%                     c2, level 4  org.apache.parquet.format.InterningProtocol::readI32, version 3, compile id 2158 
[INFO] [stdout]    0.88%                perf-4140438.map  [unknown] 
[INFO] [stdout]    0.70%                     c2, level 4  org.apache.parquet.format.PageEncodingStats$PageEncodingStatsStandardScheme::read, version 3, compile id 2608 
[INFO] [stdout]    0.68%                     c2, level 4  org.weakref.nitro.operator.NitroParquetScanOperator::resolveLazyColumn, version 6, compile id 2790 
[INFO] [stdout]    0.40%                     c2, level 4  java.lang.String::utf8, version 2, compile id 1181 
[INFO] [stdout]    0.38%                       libjvm.so  StringTable::do_lookup(StringWrapperInternal const&, unsigned long) 
[INFO] [stdout]    0.34%                     c2, level 4  org.weakref.nitro.operator.aggregation.StreamAccessors::lambda$forBatch$0, version 2, compile id 2450 
[INFO] [stdout]    0.32%                     c2, level 4  org.weakref.nitro.operator.BatchBufferOwner::accept, version 2, compile id 2789 
[INFO] [stdout]   10.66%  <...other 267 warm methods...>
[INFO] [stdout] ....................................................................................................
[INFO] [stdout]  100.00%  <totals>
[INFO] [stdout] 
[INFO] [stdout] ....[Distribution by Source]........................................................................
[INFO] [stdout]   47.44%                     c2, level 4
[INFO] [stdout]   36.16%                    runtime stub
[INFO] [stdout]    5.74%                                
[INFO] [stdout]    4.62%                       libjvm.so
[INFO] [stdout]    3.05%               [kernel.kallsyms]
[INFO] [stdout]    1.33%  snappy12269116986922026358.tmp
[INFO] [stdout]    0.88%                perf-4140438.map
[INFO] [stdout]    0.26%                Unknown, level 0
[INFO] [stdout]    0.14%                     interpreter
[INFO] [stdout]    0.12%                     c1, level 3
[INFO] [stdout]    0.12%                       libc.so.6
[INFO] [stdout]    0.08%                     c1, level 1
[INFO] [stdout]    0.06%            ld-linux-x86-64.so.2
[INFO] [stdout] ....................................................................................................
[INFO] [stdout]  100.00%  <totals>
[INFO] [stdout] 
[INFO] [stdout] Perf output saved to ./org.weakref.nitro.clickbench.BenchmarkQueries.query04-AverageTime.perf
[INFO] [stdout] Perf binary output saved to ./org.weakref.nitro.clickbench.BenchmarkQueries.query04-AverageTime.perfbin
[INFO] [stdout] 
[INFO] [stdout] 
[INFO] [stdout] # Run complete. Total time: 00:00:20
[INFO] [stdout] 
[INFO] [stdout] REMEMBER: The numbers below are just data. To gain reusable insights, you need to follow up on
[INFO] [stdout] why the numbers are the way they are. Use profilers (see -prof, -lprof), design factorial
[INFO] [stdout] experiments, perform baseline and negative tests that provide experimental control, make sure
[INFO] [stdout] the benchmarking environment is safe on JVM/OS/HW level, ask for reviews from the domain experts.
[INFO] [stdout] Do not assume the numbers tell you what you want them to tell.
[INFO] [stdout] 
[INFO] [stdout] NOTE: Current JVM experimentally supports Compiler Blackholes, and they are in use. Please exercise
[INFO] [stdout] extra caution when trusting the results, look into the generated code to check the benchmark still
[INFO] [stdout] works, and factor in a small probability of new VM bugs. Additionally, while comparisons between
[INFO] [stdout] different JVMs are already problematic, the performance difference caused by different Blackhole
[INFO] [stdout] modes can be very significant. Please make sure you use the consistent Blackhole mode for comparisons.
[INFO] [stdout] 
[INFO] [stdout] Benchmark                     Mode  Cnt    Score   Error  Units
[INFO] [stdout] BenchmarkQueries.query04      avgt    5  213.160 ± 1.745  ms/op
[INFO] [stdout] BenchmarkQueries.query04:asm  avgt           NaN            ---
[INFO] ------------------------------------------------------------------------
[INFO] BUILD SUCCESS
[INFO] ------------------------------------------------------------------------
[INFO] Total time:  22.020 s (Wall Clock)
[INFO] Finished at: 2026-07-21T13:38:06Z
[INFO] ------------------------------------------------------------------------
[INFO] Njord session closed
