[INFO] Processing build on daemon 80e7a6fc
[INFO] Scanning for projects...
[INFO] Njord 0.9.4 session created
[INFO] BuildTimeEventSpy is registered.
[INFO] 
[INFO] Using the SmartBuilder implementation with a thread count of 7
[INFO] 
[INFO] -------------------------< org.weakref:nitro >--------------------------
[INFO] Building nitro 1-SNAPSHOT
[INFO]   from pom.xml
[INFO] --------------------------------[ jar ]---------------------------------
[WARNING] 2 problems were encountered while building the effective model for org.apache.yetus:audience-annotations:jar:0.5.0 during dependency collection step for project (use -X to see details)
[INFO] 
[INFO] --- exec:3.6.1:exec (benchmark) @ nitro ---
[WARNING] [stderr] WARNING: Using incubator modules: jdk.incubator.vector
[WARNING] [stderr] WARNING: A terminally deprecated method in sun.misc.Unsafe has been called
[WARNING] [stderr] WARNING: sun.misc.Unsafe::objectFieldOffset has been called by org.openjdk.jmh.util.Utils (file:/root/.m2/repository/org/openjdk/jmh/jmh-core/1.37/jmh-core-1.37.jar)
[WARNING] [stderr] WARNING: Please consider reporting this to the maintainers of class org.openjdk.jmh.util.Utils
[WARNING] [stderr] WARNING: sun.misc.Unsafe::objectFieldOffset will be removed in a future release
[INFO] [stdout] # JMH version: 1.37
[INFO] [stdout] # VM version: JDK 26.0.1, OpenJDK 64-Bit Server VM, 26.0.1+8
[INFO] [stdout] # VM invoker: /opt/java/openjdk/bin/java
[INFO] [stdout] # VM options: --enable-preview --add-modules=jdk.incubator.vector -Dnitro.clickbench.hits.path= -Xmx12g -XX:+UseTransparentHugePages -Dnitro.tpcds.parquet.path=/root/data/tpcds-parquet-sf10 -Dnitro.tpcds.parquet.schema=sf10
[INFO] [stdout] # Blackhole mode: compiler (auto-detected, use -Djmh.blackhole.autoDetect=false to disable)
[INFO] [stdout] # Warmup: 3 iterations, 1 s each
[INFO] [stdout] # Measurement: 5 iterations, 1 s each
[INFO] [stdout] # Timeout: 30 min per iteration
[INFO] [stdout] # Threads: 1 thread, will synchronize iterations
[INFO] [stdout] # Benchmark mode: Average time, time/op
[INFO] [stdout] # Benchmark: org.weakref.nitro.tpcds.BenchmarkQueries.query09
[INFO] [stdout] 
[INFO] [stdout] # Run progress: 0.00% complete, ETA 00:00:48
[INFO] [stdout] # Fork: 1 of 1
[INFO] [stdout] # Preparing profilers: LinuxPerfNormProfiler 
[INFO] [stdout] # Profilers consume stderr from target VM, use -v EXTRA to copy to console
[INFO] [stdout] # Warmup Iteration   1: 4329.139 ms/op
[INFO] [stdout] # Warmup Iteration   2: 2850.422 ms/op
[INFO] [stdout] # Warmup Iteration   3: 2854.672 ms/op
[INFO] [stdout] Iteration   1: 2829.373 ms/op
[INFO] [stdout]                  gc.alloc.rate:      65.903 MB/sec
[INFO] [stdout]                  gc.alloc.rate.norm: 195530864.000 B/op
[INFO] [stdout]                  gc.count:           ≈ 0 counts
[INFO] [stdout] 
[INFO] [stdout] Iteration   2: 2837.809 ms/op
[INFO] [stdout]                  gc.alloc.rate:      65.439 MB/sec
[INFO] [stdout]                  gc.alloc.rate.norm: 194734840.000 B/op
[INFO] [stdout]                  gc.count:           1.000 counts
[INFO] [stdout]                  gc.time:            4.000 ms
[INFO] [stdout] 
[INFO] [stdout] Iteration   3: 2833.623 ms/op
[INFO] [stdout]                  gc.alloc.rate:      65.336 MB/sec
[INFO] [stdout]                  gc.alloc.rate.norm: 194139368.000 B/op
[INFO] [stdout]                  gc.count:           ≈ 0 counts
[INFO] [stdout] 
[INFO] [stdout] Iteration   4: 2832.125 ms/op
[INFO] [stdout]                  gc.alloc.rate:      65.359 MB/sec
[INFO] [stdout]                  gc.alloc.rate.norm: 194142512.000 B/op
[INFO] [stdout]                  gc.count:           ≈ 0 counts
[INFO] [stdout] 
[INFO] [stdout] Iteration   5: 2841.627 ms/op
[INFO] [stdout]                  gc.alloc.rate:      65.139 MB/sec
[INFO] [stdout]                  gc.alloc.rate.norm: 194135664.000 B/op
[INFO] [stdout]                  gc.count:           1.000 counts
[INFO] [stdout]                  gc.time:            5.000 ms
[INFO] [stdout] 
[INFO] [stdout] # Processing profiler results: LinuxPerfNormProfiler 
[INFO] [stdout] 
[INFO] [stdout] 
[INFO] [stdout] Result "org.weakref.nitro.tpcds.BenchmarkQueries.query09":
[INFO] [stdout]   2834.911 ±(99.9%) 18.626 ms/op [Average]
[INFO] [stdout]   (min, avg, max) = (2829.373, 2834.911, 2841.627), stdev = 4.837
[INFO] [stdout]   CI (99.9%): [2816.286, 2853.537] (assumes normal distribution)
[INFO] [stdout] 
[INFO] [stdout] Secondary result "org.weakref.nitro.tpcds.BenchmarkQueries.query09:CPI":
[INFO] [stdout]   0.369 clks/insn
[INFO] [stdout] 
[INFO] [stdout] Secondary result "org.weakref.nitro.tpcds.BenchmarkQueries.query09:IPC":
[INFO] [stdout]   2.708 insns/clk
[INFO] [stdout] 
[INFO] [stdout] Secondary result "org.weakref.nitro.tpcds.BenchmarkQueries.query09:L1-dcache-load-misses":
[INFO] [stdout]   598600903.022 #/op
[INFO] [stdout] 
[INFO] [stdout] Secondary result "org.weakref.nitro.tpcds.BenchmarkQueries.query09:L1-dcache-loads":
[INFO] [stdout]   18171005991.737 #/op
[INFO] [stdout] 
[INFO] [stdout] Secondary result "org.weakref.nitro.tpcds.BenchmarkQueries.query09:L1-icache-load-misses":
[INFO] [stdout]   13612511.727 #/op
[INFO] [stdout] 
[INFO] [stdout] Secondary result "org.weakref.nitro.tpcds.BenchmarkQueries.query09:L1-icache-loads":
[INFO] [stdout]   225688252.179 #/op
[INFO] [stdout] 
[INFO] [stdout] Secondary result "org.weakref.nitro.tpcds.BenchmarkQueries.query09:branch-misses":
[INFO] [stdout]   272120708.698 #/op
[INFO] [stdout] 
[INFO] [stdout] Secondary result "org.weakref.nitro.tpcds.BenchmarkQueries.query09:branches":
[INFO] [stdout]   8568024483.595 #/op
[INFO] [stdout] 
[INFO] [stdout] Secondary result "org.weakref.nitro.tpcds.BenchmarkQueries.query09:cycles":
[INFO] [stdout]   15169045832.137 #/op
[INFO] [stdout] 
[INFO] [stdout] Secondary result "org.weakref.nitro.tpcds.BenchmarkQueries.query09:dTLB-load-misses":
[INFO] [stdout]   188269.009 #/op
[INFO] [stdout] 
[INFO] [stdout] Secondary result "org.weakref.nitro.tpcds.BenchmarkQueries.query09:dTLB-loads":
[INFO] [stdout]   6062575.293 #/op
[INFO] [stdout] 
[INFO] [stdout] Secondary result "org.weakref.nitro.tpcds.BenchmarkQueries.query09:gc.alloc.rate":
[INFO] [stdout]   65.435 ±(99.9%) 1.093 MB/sec [Average]
[INFO] [stdout]   (min, avg, max) = (65.139, 65.435, 65.903), stdev = 0.284
[INFO] [stdout]   CI (99.9%): [64.342, 66.528] (assumes normal distribution)
[INFO] [stdout] 
[INFO] [stdout] Secondary result "org.weakref.nitro.tpcds.BenchmarkQueries.query09:gc.alloc.rate.norm":
[INFO] [stdout]   194536649.600 ±(99.9%) 2359370.541 B/op [Average]
[INFO] [stdout]   (min, avg, max) = (194135664.000, 194536649.600, 195530864.000), stdev = 612721.037
[INFO] [stdout]   CI (99.9%): [192177279.059, 196896020.141] (assumes normal distribution)
[INFO] [stdout] 
[INFO] [stdout] Secondary result "org.weakref.nitro.tpcds.BenchmarkQueries.query09:gc.count":
[INFO] [stdout]   2.000 ±(99.9%) 0.001 counts [Sum]
[INFO] [stdout]   (min, avg, max) = (≈ 0, 0.400, 1.000), stdev = 0.548
[INFO] [stdout]   CI (99.9%): [2.000, 2.000] (assumes normal distribution)
[INFO] [stdout] 
[INFO] [stdout] Secondary result "org.weakref.nitro.tpcds.BenchmarkQueries.query09:gc.time":
[INFO] [stdout]   9.000 ±(99.9%) 0.001 ms [Sum]
[INFO] [stdout]   (min, avg, max) = (≈ 0, 1.800, 5.000), stdev = 2.490
[INFO] [stdout]   CI (99.9%): [9.000, 9.000] (assumes normal distribution)
[INFO] [stdout] 
[INFO] [stdout] Secondary result "org.weakref.nitro.tpcds.BenchmarkQueries.query09:iTLB-load-misses":
[INFO] [stdout]   33440.860 #/op
[INFO] [stdout] 
[INFO] [stdout] Secondary result "org.weakref.nitro.tpcds.BenchmarkQueries.query09:iTLB-loads":
[INFO] [stdout]   1849973.415 #/op
[INFO] [stdout] 
[INFO] [stdout] Secondary result "org.weakref.nitro.tpcds.BenchmarkQueries.query09:instructions":
[INFO] [stdout]   41076191712.625 #/op
[INFO] [stdout] 
[INFO] [stdout] Secondary result "org.weakref.nitro.tpcds.BenchmarkQueries.query09:stalled-cycles-frontend":
[INFO] [stdout]   3928825659.805 #/op
[INFO] [stdout] 
[INFO] [stdout] 
[INFO] [stdout] # JMH version: 1.37
[INFO] [stdout] # VM version: JDK 26.0.1, OpenJDK 64-Bit Server VM, 26.0.1+8
[INFO] [stdout] # VM invoker: /opt/java/openjdk/bin/java
[INFO] [stdout] # VM options: --enable-preview --add-modules=jdk.incubator.vector -Dnitro.clickbench.hits.path= -Xmx12g -XX:+UseTransparentHugePages -Dnitro.tpcds.parquet.path=/root/data/tpcds-parquet-sf10 -Dnitro.tpcds.parquet.schema=sf10
[INFO] [stdout] # Blackhole mode: compiler (auto-detected, use -Djmh.blackhole.autoDetect=false to disable)
[INFO] [stdout] # Warmup: 3 iterations, 1 s each
[INFO] [stdout] # Measurement: 5 iterations, 1 s each
[INFO] [stdout] # Timeout: 30 min per iteration
[INFO] [stdout] # Threads: 1 thread, will synchronize iterations
[INFO] [stdout] # Benchmark mode: Average time, time/op
[INFO] [stdout] # Benchmark: org.weakref.nitro.tpcds.BenchmarkQueries.query28
[INFO] [stdout] 
[INFO] [stdout] # Run progress: 16.67% complete, ETA 00:02:03
[INFO] [stdout] # Fork: 1 of 1
[INFO] [stdout] # Preparing profilers: LinuxPerfNormProfiler 
[INFO] [stdout] # Profilers consume stderr from target VM, use -v EXTRA to copy to console
[INFO] [stdout] # Warmup Iteration   1: 3048.324 ms/op
[INFO] [stdout] # Warmup Iteration   2: 2571.049 ms/op
[INFO] [stdout] # Warmup Iteration   3: 4015.884 ms/op
[INFO] [stdout] Iteration   1: 2535.204 ms/op
[INFO] [stdout]                  gc.alloc.rate:      403.505 MB/sec
[INFO] [stdout]                  gc.alloc.rate.norm: 1072716896.000 B/op
[INFO] [stdout]                  gc.count:           1.000 counts
[INFO] [stdout]                  gc.time:            24.000 ms
[INFO] [stdout] 
[INFO] [stdout] Iteration   2: 2566.474 ms/op
[INFO] [stdout]                  gc.alloc.rate:      398.594 MB/sec
[INFO] [stdout]                  gc.alloc.rate.norm: 1072724376.000 B/op
[INFO] [stdout]                  gc.count:           1.000 counts
[INFO] [stdout]                  gc.time:            52.000 ms
[INFO] [stdout] 
[INFO] [stdout] Iteration   3: 2623.732 ms/op
[INFO] [stdout]                  gc.alloc.rate:      389.893 MB/sec
[INFO] [stdout]                  gc.alloc.rate.norm: 1072725080.000 B/op
[INFO] [stdout]                  gc.count:           1.000 counts
[INFO] [stdout]                  gc.time:            105.000 ms
[INFO] [stdout] 
[INFO] [stdout] Iteration   4: 2582.227 ms/op
[INFO] [stdout]                  gc.alloc.rate:      396.157 MB/sec
[INFO] [stdout]                  gc.alloc.rate.norm: 1072721752.000 B/op
[INFO] [stdout]                  gc.count:           1.000 counts
[INFO] [stdout]                  gc.time:            71.000 ms
[INFO] [stdout] 
[INFO] [stdout] Iteration   5: 2621.872 ms/op
[INFO] [stdout]                  gc.alloc.rate:      390.164 MB/sec
[INFO] [stdout]                  gc.alloc.rate.norm: 1072715024.000 B/op
[INFO] [stdout]                  gc.count:           2.000 counts
[INFO] [stdout]                  gc.time:            111.000 ms
[INFO] [stdout] 
[INFO] [stdout] # Processing profiler results: LinuxPerfNormProfiler 
[INFO] [stdout] 
[INFO] [stdout] 
[INFO] [stdout] Result "org.weakref.nitro.tpcds.BenchmarkQueries.query28":
[INFO] [stdout]   2585.902 ±(99.9%) 145.182 ms/op [Average]
[INFO] [stdout]   (min, avg, max) = (2535.204, 2585.902, 2623.732), stdev = 37.703
[INFO] [stdout]   CI (99.9%): [2440.720, 2731.084] (assumes normal distribution)
[INFO] [stdout] 
[INFO] [stdout] Secondary result "org.weakref.nitro.tpcds.BenchmarkQueries.query28:CPI":
[INFO] [stdout]   0.288 clks/insn
[INFO] [stdout] 
[INFO] [stdout] Secondary result "org.weakref.nitro.tpcds.BenchmarkQueries.query28:IPC":
[INFO] [stdout]   3.469 insns/clk
[INFO] [stdout] 
[INFO] [stdout] Secondary result "org.weakref.nitro.tpcds.BenchmarkQueries.query28:L1-dcache-load-misses":
[INFO] [stdout]   710958500.926 #/op
[INFO] [stdout] 
[INFO] [stdout] Secondary result "org.weakref.nitro.tpcds.BenchmarkQueries.query28:L1-dcache-loads":
[INFO] [stdout]   21398755677.159 #/op
[INFO] [stdout] 
[INFO] [stdout] Secondary result "org.weakref.nitro.tpcds.BenchmarkQueries.query28:L1-icache-load-misses":
[INFO] [stdout]   24888644.702 #/op
[INFO] [stdout] 
[INFO] [stdout] Secondary result "org.weakref.nitro.tpcds.BenchmarkQueries.query28:L1-icache-loads":
[INFO] [stdout]   375163794.796 #/op
[INFO] [stdout] 
[INFO] [stdout] Secondary result "org.weakref.nitro.tpcds.BenchmarkQueries.query28:branch-misses":
[INFO] [stdout]   136808876.467 #/op
[INFO] [stdout] 
[INFO] [stdout] Secondary result "org.weakref.nitro.tpcds.BenchmarkQueries.query28:branches":
[INFO] [stdout]   10333089864.161 #/op
[INFO] [stdout] 
[INFO] [stdout] Secondary result "org.weakref.nitro.tpcds.BenchmarkQueries.query28:cycles":
[INFO] [stdout]   15382693067.507 #/op
[INFO] [stdout] 
[INFO] [stdout] Secondary result "org.weakref.nitro.tpcds.BenchmarkQueries.query28:dTLB-load-misses":
[INFO] [stdout]   919172.970 #/op
[INFO] [stdout] 
[INFO] [stdout] Secondary result "org.weakref.nitro.tpcds.BenchmarkQueries.query28:dTLB-loads":
[INFO] [stdout]   8854692.828 #/op
[INFO] [stdout] 
[INFO] [stdout] Secondary result "org.weakref.nitro.tpcds.BenchmarkQueries.query28:gc.alloc.rate":
[INFO] [stdout]   395.662 ±(99.9%) 22.277 MB/sec [Average]
[INFO] [stdout]   (min, avg, max) = (389.893, 395.662, 403.505), stdev = 5.785
[INFO] [stdout]   CI (99.9%): [373.386, 417.939] (assumes normal distribution)
[INFO] [stdout] 
[INFO] [stdout] Secondary result "org.weakref.nitro.tpcds.BenchmarkQueries.query28:gc.alloc.rate.norm":
[INFO] [stdout]   1072720625.600 ±(99.9%) 17270.449 B/op [Average]
[INFO] [stdout]   (min, avg, max) = (1072715024.000, 1072720625.600, 1072725080.000), stdev = 4485.081
[INFO] [stdout]   CI (99.9%): [1072703355.151, 1072737896.049] (assumes normal distribution)
[INFO] [stdout] 
[INFO] [stdout] Secondary result "org.weakref.nitro.tpcds.BenchmarkQueries.query28:gc.count":
[INFO] [stdout]   6.000 ±(99.9%) 0.001 counts [Sum]
[INFO] [stdout]   (min, avg, max) = (1.000, 1.200, 2.000), stdev = 0.447
[INFO] [stdout]   CI (99.9%): [6.000, 6.000] (assumes normal distribution)
[INFO] [stdout] 
[INFO] [stdout] Secondary result "org.weakref.nitro.tpcds.BenchmarkQueries.query28:gc.time":
[INFO] [stdout]   363.000 ±(99.9%) 0.001 ms [Sum]
[INFO] [stdout]   (min, avg, max) = (24.000, 72.600, 111.000), stdev = 36.446
[INFO] [stdout]   CI (99.9%): [363.000, 363.000] (assumes normal distribution)
[INFO] [stdout] 
[INFO] [stdout] Secondary result "org.weakref.nitro.tpcds.BenchmarkQueries.query28:iTLB-load-misses":
[INFO] [stdout]   50687.470 #/op
[INFO] [stdout] 
[INFO] [stdout] Secondary result "org.weakref.nitro.tpcds.BenchmarkQueries.query28:iTLB-loads":
[INFO] [stdout]   5140653.528 #/op
[INFO] [stdout] 
[INFO] [stdout] Secondary result "org.weakref.nitro.tpcds.BenchmarkQueries.query28:instructions":
[INFO] [stdout]   53356096607.111 #/op
[INFO] [stdout] 
[INFO] [stdout] Secondary result "org.weakref.nitro.tpcds.BenchmarkQueries.query28:stalled-cycles-frontend":
[INFO] [stdout]   2808110225.738 #/op
[INFO] [stdout] 
[INFO] [stdout] 
[INFO] [stdout] # JMH version: 1.37
[INFO] [stdout] # VM version: JDK 26.0.1, OpenJDK 64-Bit Server VM, 26.0.1+8
[INFO] [stdout] # VM invoker: /opt/java/openjdk/bin/java
[INFO] [stdout] # VM options: --enable-preview --add-modules=jdk.incubator.vector -Dnitro.clickbench.hits.path= -Xmx12g -XX:+UseTransparentHugePages -Dnitro.tpcds.parquet.path=/root/data/tpcds-parquet-sf10 -Dnitro.tpcds.parquet.schema=sf10
[INFO] [stdout] # Blackhole mode: compiler (auto-detected, use -Djmh.blackhole.autoDetect=false to disable)
[INFO] [stdout] # Warmup: 3 iterations, 1 s each
[INFO] [stdout] # Measurement: 5 iterations, 1 s each
[INFO] [stdout] # Timeout: 30 min per iteration
[INFO] [stdout] # Threads: 1 thread, will synchronize iterations
[INFO] [stdout] # Benchmark mode: Average time, time/op
[INFO] [stdout] # Benchmark: org.weakref.nitro.tpcds.BenchmarkQueries.query51
[INFO] [stdout] 
[INFO] [stdout] # Run progress: 33.33% complete, ETA 00:01:35
[INFO] [stdout] # Fork: 1 of 1
[INFO] [stdout] # Preparing profilers: LinuxPerfNormProfiler 
[INFO] [stdout] # Profilers consume stderr from target VM, use -v EXTRA to copy to console
[INFO] [stdout] # Warmup Iteration   1: 2400.213 ms/op
[INFO] [stdout] # Warmup Iteration   2: 3079.260 ms/op
[INFO] [stdout] # Warmup Iteration   3: 3172.700 ms/op
[INFO] [stdout] Iteration   1: 2378.510 ms/op
[INFO] [stdout]                  gc.alloc.rate:      555.138 MB/sec
[INFO] [stdout]                  gc.alloc.rate.norm: 1384948264.000 B/op
[INFO] [stdout]                  gc.count:           1.000 counts
[INFO] [stdout]                  gc.time:            62.000 ms
[INFO] [stdout] 
[INFO] [stdout] Iteration   2: 1603.715 ms/op
[INFO] [stdout]                  gc.alloc.rate:      817.232 MB/sec
[INFO] [stdout]                  gc.alloc.rate.norm: 1374397472.000 B/op
[INFO] [stdout]                  gc.count:           1.000 counts
[INFO] [stdout]                  gc.time:            36.000 ms
[INFO] [stdout] 
[INFO] [stdout] Iteration   3: 1578.155 ms/op
[INFO] [stdout]                  gc.alloc.rate:      846.696 MB/sec
[INFO] [stdout]                  gc.alloc.rate.norm: 1401229752.000 B/op
[INFO] [stdout]                  gc.count:           1.000 counts
[INFO] [stdout]                  gc.time:            7.000 ms
[INFO] [stdout] 
[INFO] [stdout] Iteration   4: 1449.693 ms/op
[INFO] [stdout]                  gc.alloc.rate:      938.559 MB/sec
[INFO] [stdout]                  gc.alloc.rate.norm: 1426865088.000 B/op
[INFO] [stdout]                  gc.count:           1.000 counts
[INFO] [stdout]                  gc.time:            4.000 ms
[INFO] [stdout] 
[INFO] [stdout] Iteration   5: 1511.695 ms/op
[INFO] [stdout]                  gc.alloc.rate:      886.600 MB/sec
[INFO] [stdout]                  gc.alloc.rate.norm: 1405522544.000 B/op
[INFO] [stdout]                  gc.count:           2.000 counts
[INFO] [stdout]                  gc.time:            11.000 ms
[INFO] [stdout] 
[INFO] [stdout] # Processing profiler results: LinuxPerfNormProfiler 
[INFO] [stdout] 
[INFO] [stdout] 
[INFO] [stdout] Result "org.weakref.nitro.tpcds.BenchmarkQueries.query51":
[INFO] [stdout]   1704.353 ±(99.9%) 1469.451 ms/op [Average]
[INFO] [stdout]   (min, avg, max) = (1449.693, 1704.353, 2378.510), stdev = 381.612
[INFO] [stdout]   CI (99.9%): [234.902, 3173.805] (assumes normal distribution)
[INFO] [stdout] 
[INFO] [stdout] Secondary result "org.weakref.nitro.tpcds.BenchmarkQueries.query51:CPI":
[INFO] [stdout]   0.395 clks/insn
[INFO] [stdout] 
[INFO] [stdout] Secondary result "org.weakref.nitro.tpcds.BenchmarkQueries.query51:IPC":
[INFO] [stdout]   2.534 insns/clk
[INFO] [stdout] 
[INFO] [stdout] Secondary result "org.weakref.nitro.tpcds.BenchmarkQueries.query51:L1-dcache-load-misses":
[INFO] [stdout]   381826522.421 #/op
[INFO] [stdout] 
[INFO] [stdout] Secondary result "org.weakref.nitro.tpcds.BenchmarkQueries.query51:L1-dcache-loads":
[INFO] [stdout]   12502269399.604 #/op
[INFO] [stdout] 
[INFO] [stdout] Secondary result "org.weakref.nitro.tpcds.BenchmarkQueries.query51:L1-icache-load-misses":
[INFO] [stdout]   8062401.751 #/op
[INFO] [stdout] 
[INFO] [stdout] Secondary result "org.weakref.nitro.tpcds.BenchmarkQueries.query51:L1-icache-loads":
[INFO] [stdout]   107965231.649 #/op
[INFO] [stdout] 
[INFO] [stdout] Secondary result "org.weakref.nitro.tpcds.BenchmarkQueries.query51:branch-misses":
[INFO] [stdout]   46972282.799 #/op
[INFO] [stdout] 
[INFO] [stdout] Secondary result "org.weakref.nitro.tpcds.BenchmarkQueries.query51:branches":
[INFO] [stdout]   4811650375.582 #/op
[INFO] [stdout] 
[INFO] [stdout] Secondary result "org.weakref.nitro.tpcds.BenchmarkQueries.query51:cycles":
[INFO] [stdout]   10045531628.540 #/op
[INFO] [stdout] 
[INFO] [stdout] Secondary result "org.weakref.nitro.tpcds.BenchmarkQueries.query51:dTLB-load-misses":
[INFO] [stdout]   49347134.949 #/op
[INFO] [stdout] 
[INFO] [stdout] Secondary result "org.weakref.nitro.tpcds.BenchmarkQueries.query51:dTLB-loads":
[INFO] [stdout]   120517208.009 #/op
[INFO] [stdout] 
[INFO] [stdout] Secondary result "org.weakref.nitro.tpcds.BenchmarkQueries.query51:gc.alloc.rate":
[INFO] [stdout]   808.845 ±(99.9%) 573.547 MB/sec [Average]
[INFO] [stdout]   (min, avg, max) = (555.138, 808.845, 938.559), stdev = 148.948
[INFO] [stdout]   CI (99.9%): [235.299, 1382.392] (assumes normal distribution)
[INFO] [stdout] 
[INFO] [stdout] Secondary result "org.weakref.nitro.tpcds.BenchmarkQueries.query51:gc.alloc.rate.norm":
[INFO] [stdout]   1398592624.000 ±(99.9%) 77633326.728 B/op [Average]
[INFO] [stdout]   (min, avg, max) = (1374397472.000, 1398592624.000, 1426865088.000), stdev = 20161128.416
[INFO] [stdout]   CI (99.9%): [1320959297.272, 1476225950.728] (assumes normal distribution)
[INFO] [stdout] 
[INFO] [stdout] Secondary result "org.weakref.nitro.tpcds.BenchmarkQueries.query51:gc.count":
[INFO] [stdout]   6.000 ±(99.9%) 0.001 counts [Sum]
[INFO] [stdout]   (min, avg, max) = (1.000, 1.200, 2.000), stdev = 0.447
[INFO] [stdout]   CI (99.9%): [6.000, 6.000] (assumes normal distribution)
[INFO] [stdout] 
[INFO] [stdout] Secondary result "org.weakref.nitro.tpcds.BenchmarkQueries.query51:gc.time":
[INFO] [stdout]   120.000 ±(99.9%) 0.001 ms [Sum]
[INFO] [stdout]   (min, avg, max) = (4.000, 24.000, 62.000), stdev = 24.729
[INFO] [stdout]   CI (99.9%): [120.000, 120.000] (assumes normal distribution)
[INFO] [stdout] 
[INFO] [stdout] Secondary result "org.weakref.nitro.tpcds.BenchmarkQueries.query51:iTLB-load-misses":
[INFO] [stdout]   49236.009 #/op
[INFO] [stdout] 
[INFO] [stdout] Secondary result "org.weakref.nitro.tpcds.BenchmarkQueries.query51:iTLB-loads":
[INFO] [stdout]   3290219.640 #/op
[INFO] [stdout] 
[INFO] [stdout] Secondary result "org.weakref.nitro.tpcds.BenchmarkQueries.query51:instructions":
[INFO] [stdout]   25459981961.480 #/op
[INFO] [stdout] 
[INFO] [stdout] Secondary result "org.weakref.nitro.tpcds.BenchmarkQueries.query51:stalled-cycles-frontend":
[INFO] [stdout]   1175348511.050 #/op
[INFO] [stdout] 
[INFO] [stdout] 
[INFO] [stdout] # JMH version: 1.37
[INFO] [stdout] # VM version: JDK 26.0.1, OpenJDK 64-Bit Server VM, 26.0.1+8
[INFO] [stdout] # VM invoker: /opt/java/openjdk/bin/java
[INFO] [stdout] # VM options: --enable-preview --add-modules=jdk.incubator.vector -Dnitro.clickbench.hits.path= -Xmx12g -XX:+UseTransparentHugePages -Dnitro.tpcds.parquet.path=/root/data/tpcds-parquet-sf10 -Dnitro.tpcds.parquet.schema=sf10
[INFO] [stdout] # Blackhole mode: compiler (auto-detected, use -Djmh.blackhole.autoDetect=false to disable)
[INFO] [stdout] # Warmup: 3 iterations, 1 s each
[INFO] [stdout] # Measurement: 5 iterations, 1 s each
[INFO] [stdout] # Timeout: 30 min per iteration
[INFO] [stdout] # Threads: 1 thread, will synchronize iterations
[INFO] [stdout] # Benchmark mode: Average time, time/op
[INFO] [stdout] # Benchmark: org.weakref.nitro.tpcds.BenchmarkQueries.query58
[INFO] [stdout] 
[INFO] [stdout] # Run progress: 50.00% complete, ETA 00:01:05
[INFO] [stdout] # Fork: 1 of 1
[INFO] [stdout] # Preparing profilers: LinuxPerfNormProfiler 
[INFO] [stdout] # Profilers consume stderr from target VM, use -v EXTRA to copy to console
[INFO] [stdout] # Warmup Iteration   1: 1073.653 ms/op
[INFO] [stdout] # Warmup Iteration   2: 503.709 ms/op
[INFO] [stdout] # Warmup Iteration   3: 468.735 ms/op
[INFO] [stdout] Iteration   1: 469.439 ms/op
[INFO] [stdout]                  gc.alloc.rate:      237.872 MB/sec
[INFO] [stdout]                  gc.alloc.rate.norm: 117102957.333 B/op
[INFO] [stdout]                  gc.count:           11.000 counts
[INFO] [stdout]                  gc.time:            16.000 ms
[INFO] [stdout] 
[INFO] [stdout] Iteration   2: 464.191 ms/op
[INFO] [stdout]                  gc.alloc.rate:      240.409 MB/sec
[INFO] [stdout]                  gc.alloc.rate.norm: 117028042.667 B/op
[INFO] [stdout]                  gc.count:           7.000 counts
[INFO] [stdout]                  gc.time:            12.000 ms
[INFO] [stdout] 
[INFO] [stdout] Iteration   3: 459.678 ms/op
[INFO] [stdout]                  gc.alloc.rate:      242.743 MB/sec
[INFO] [stdout]                  gc.alloc.rate.norm: 117015560.000 B/op
[INFO] [stdout]                  gc.count:           ≈ 0 counts
[INFO] [stdout] 
[INFO] [stdout] Iteration   4: 455.731 ms/op
[INFO] [stdout]                  gc.alloc.rate:      244.831 MB/sec
[INFO] [stdout]                  gc.alloc.rate.norm: 117007013.333 B/op
[INFO] [stdout]                  gc.count:           1.000 counts
[INFO] [stdout]                  gc.time:            3.000 ms
[INFO] [stdout] 
[INFO] [stdout] Iteration   5: 456.302 ms/op
[INFO] [stdout]                  gc.alloc.rate:      244.522 MB/sec
[INFO] [stdout]                  gc.alloc.rate.norm: 117007000.000 B/op
[INFO] [stdout]                  gc.count:           1.000 counts
[INFO] [stdout]                  gc.time:            7.000 ms
[INFO] [stdout] 
[INFO] [stdout] # Processing profiler results: LinuxPerfNormProfiler 
[INFO] [stdout] 
[INFO] [stdout] 
[INFO] [stdout] Result "org.weakref.nitro.tpcds.BenchmarkQueries.query58":
[INFO] [stdout]   461.068 ±(99.9%) 22.200 ms/op [Average]
[INFO] [stdout]   (min, avg, max) = (455.731, 461.068, 469.439), stdev = 5.765
[INFO] [stdout]   CI (99.9%): [438.868, 483.268] (assumes normal distribution)
[INFO] [stdout] 
[INFO] [stdout] Secondary result "org.weakref.nitro.tpcds.BenchmarkQueries.query58:CPI":
[INFO] [stdout]   0.242 clks/insn
[INFO] [stdout] 
[INFO] [stdout] Secondary result "org.weakref.nitro.tpcds.BenchmarkQueries.query58:IPC":
[INFO] [stdout]   4.140 insns/clk
[INFO] [stdout] 
[INFO] [stdout] Secondary result "org.weakref.nitro.tpcds.BenchmarkQueries.query58:L1-dcache-load-misses":
[INFO] [stdout]   179624727.059 #/op
[INFO] [stdout] 
[INFO] [stdout] Secondary result "org.weakref.nitro.tpcds.BenchmarkQueries.query58:L1-dcache-loads":
[INFO] [stdout]   4605543103.322 #/op
[INFO] [stdout] 
[INFO] [stdout] Secondary result "org.weakref.nitro.tpcds.BenchmarkQueries.query58:L1-icache-load-misses":
[INFO] [stdout]   4700028.628 #/op
[INFO] [stdout] 
[INFO] [stdout] Secondary result "org.weakref.nitro.tpcds.BenchmarkQueries.query58:L1-icache-loads":
[INFO] [stdout]   60521140.300 #/op
[INFO] [stdout] 
[INFO] [stdout] Secondary result "org.weakref.nitro.tpcds.BenchmarkQueries.query58:branch-misses":
[INFO] [stdout]   14155817.485 #/op
[INFO] [stdout] 
[INFO] [stdout] Secondary result "org.weakref.nitro.tpcds.BenchmarkQueries.query58:branches":
[INFO] [stdout]   2101427525.601 #/op
[INFO] [stdout] 
[INFO] [stdout] Secondary result "org.weakref.nitro.tpcds.BenchmarkQueries.query58:cycles":
[INFO] [stdout]   2631085980.575 #/op
[INFO] [stdout] 
[INFO] [stdout] Secondary result "org.weakref.nitro.tpcds.BenchmarkQueries.query58:dTLB-load-misses":
[INFO] [stdout]   164631.915 #/op
[INFO] [stdout] 
[INFO] [stdout] Secondary result "org.weakref.nitro.tpcds.BenchmarkQueries.query58:dTLB-loads":
[INFO] [stdout]   2497436.360 #/op
[INFO] [stdout] 
[INFO] [stdout] Secondary result "org.weakref.nitro.tpcds.BenchmarkQueries.query58:gc.alloc.rate":
[INFO] [stdout]   242.075 ±(99.9%) 11.303 MB/sec [Average]
[INFO] [stdout]   (min, avg, max) = (237.872, 242.075, 244.831), stdev = 2.935
[INFO] [stdout]   CI (99.9%): [230.772, 253.378] (assumes normal distribution)
[INFO] [stdout] 
[INFO] [stdout] Secondary result "org.weakref.nitro.tpcds.BenchmarkQueries.query58:gc.alloc.rate.norm":
[INFO] [stdout]   117032114.667 ±(99.9%) 156059.727 B/op [Average]
[INFO] [stdout]   (min, avg, max) = (117007000.000, 117032114.667, 117102957.333), stdev = 40528.216
[INFO] [stdout]   CI (99.9%): [116876054.940, 117188174.394] (assumes normal distribution)
[INFO] [stdout] 
[INFO] [stdout] Secondary result "org.weakref.nitro.tpcds.BenchmarkQueries.query58:gc.count":
[INFO] [stdout]   20.000 ±(99.9%) 0.001 counts [Sum]
[INFO] [stdout]   (min, avg, max) = (≈ 0, 4.000, 11.000), stdev = 4.796
[INFO] [stdout]   CI (99.9%): [20.000, 20.000] (assumes normal distribution)
[INFO] [stdout] 
[INFO] [stdout] Secondary result "org.weakref.nitro.tpcds.BenchmarkQueries.query58:gc.time":
[INFO] [stdout]   38.000 ±(99.9%) 0.001 ms [Sum]
[INFO] [stdout]   (min, avg, max) = (≈ 0, 7.600, 16.000), stdev = 6.504
[INFO] [stdout]   CI (99.9%): [38.000, 38.000] (assumes normal distribution)
[INFO] [stdout] 
[INFO] [stdout] Secondary result "org.weakref.nitro.tpcds.BenchmarkQueries.query58:iTLB-load-misses":
[INFO] [stdout]   22499.720 #/op
[INFO] [stdout] 
[INFO] [stdout] Secondary result "org.weakref.nitro.tpcds.BenchmarkQueries.query58:iTLB-loads":
[INFO] [stdout]   1583109.640 #/op
[INFO] [stdout] 
[INFO] [stdout] Secondary result "org.weakref.nitro.tpcds.BenchmarkQueries.query58:instructions":
[INFO] [stdout]   10891785837.230 #/op
[INFO] [stdout] 
[INFO] [stdout] Secondary result "org.weakref.nitro.tpcds.BenchmarkQueries.query58:stalled-cycles-frontend":
[INFO] [stdout]   338374894.908 #/op
[INFO] [stdout] 
[INFO] [stdout] 
[INFO] [stdout] # JMH version: 1.37
[INFO] [stdout] # VM version: JDK 26.0.1, OpenJDK 64-Bit Server VM, 26.0.1+8
[INFO] [stdout] # VM invoker: /opt/java/openjdk/bin/java
[INFO] [stdout] # VM options: --enable-preview --add-modules=jdk.incubator.vector -Dnitro.clickbench.hits.path= -Xmx12g -XX:+UseTransparentHugePages -Dnitro.tpcds.parquet.path=/root/data/tpcds-parquet-sf10 -Dnitro.tpcds.parquet.schema=sf10
[INFO] [stdout] # Blackhole mode: compiler (auto-detected, use -Djmh.blackhole.autoDetect=false to disable)
[INFO] [stdout] # Warmup: 3 iterations, 1 s each
[INFO] [stdout] # Measurement: 5 iterations, 1 s each
[INFO] [stdout] # Timeout: 30 min per iteration
[INFO] [stdout] # Threads: 1 thread, will synchronize iterations
[INFO] [stdout] # Benchmark mode: Average time, time/op
[INFO] [stdout] # Benchmark: org.weakref.nitro.tpcds.BenchmarkQueries.query82
[INFO] [stdout] 
[INFO] [stdout] # Run progress: 66.67% complete, ETA 00:00:38
[INFO] [stdout] # Fork: 1 of 1
[INFO] [stdout] # Preparing profilers: LinuxPerfNormProfiler 
[INFO] [stdout] # Profilers consume stderr from target VM, use -v EXTRA to copy to console
[INFO] [stdout] # Warmup Iteration   1: 2775.192 ms/op
[INFO] [stdout] # Warmup Iteration   2: 2337.103 ms/op
[INFO] [stdout] # Warmup Iteration   3: 2318.674 ms/op
[INFO] [stdout] Iteration   1: 2329.743 ms/op
[INFO] [stdout]                  gc.alloc.rate:      118.064 MB/sec
[INFO] [stdout]                  gc.alloc.rate.norm: 288435192.000 B/op
[INFO] [stdout]                  gc.count:           4.000 counts
[INFO] [stdout]                  gc.time:            2.000 ms
[INFO] [stdout] 
[INFO] [stdout] Iteration   2: 2315.404 ms/op
[INFO] [stdout]                  gc.alloc.rate:      118.795 MB/sec
[INFO] [stdout]                  gc.alloc.rate.norm: 288434840.000 B/op
[INFO] [stdout]                  gc.count:           ≈ 0 counts
[INFO] [stdout] 
[INFO] [stdout] Iteration   3: 2309.343 ms/op
[INFO] [stdout]                  gc.alloc.rate:      119.107 MB/sec
[INFO] [stdout]                  gc.alloc.rate.norm: 288435392.000 B/op
[INFO] [stdout]                  gc.count:           1.000 counts
[INFO] [stdout]                  gc.time:            2.000 ms
[INFO] [stdout] 
[INFO] [stdout] Iteration   4: 2314.454 ms/op
[INFO] [stdout]                  gc.alloc.rate:      118.838 MB/sec
[INFO] [stdout]                  gc.alloc.rate.norm: 288419600.000 B/op
[INFO] [stdout]                  gc.count:           1.000 counts
[INFO] [stdout]                  gc.time:            1.000 ms
[INFO] [stdout] 
[INFO] [stdout] Iteration   5: 2308.473 ms/op
[INFO] [stdout]                  gc.alloc.rate:      119.144 MB/sec
[INFO] [stdout]                  gc.alloc.rate.norm: 288418096.000 B/op
[INFO] [stdout]                  gc.count:           3.000 counts
[INFO] [stdout]                  gc.time:            2.000 ms
[INFO] [stdout] 
[INFO] [stdout] # Processing profiler results: LinuxPerfNormProfiler 
[INFO] [stdout] 
[INFO] [stdout] 
[INFO] [stdout] Result "org.weakref.nitro.tpcds.BenchmarkQueries.query82":
[INFO] [stdout]   2315.484 ±(99.9%) 32.857 ms/op [Average]
[INFO] [stdout]   (min, avg, max) = (2308.473, 2315.484, 2329.743), stdev = 8.533
[INFO] [stdout]   CI (99.9%): [2282.626, 2348.341] (assumes normal distribution)
[INFO] [stdout] 
[INFO] [stdout] Secondary result "org.weakref.nitro.tpcds.BenchmarkQueries.query82:CPI":
[INFO] [stdout]   0.295 clks/insn
[INFO] [stdout] 
[INFO] [stdout] Secondary result "org.weakref.nitro.tpcds.BenchmarkQueries.query82:IPC":
[INFO] [stdout]   3.387 insns/clk
[INFO] [stdout] 
[INFO] [stdout] Secondary result "org.weakref.nitro.tpcds.BenchmarkQueries.query82:L1-dcache-load-misses":
[INFO] [stdout]   443740212.297 #/op
[INFO] [stdout] 
[INFO] [stdout] Secondary result "org.weakref.nitro.tpcds.BenchmarkQueries.query82:L1-dcache-loads":
[INFO] [stdout]   18445984933.838 #/op
[INFO] [stdout] 
[INFO] [stdout] Secondary result "org.weakref.nitro.tpcds.BenchmarkQueries.query82:L1-icache-load-misses":
[INFO] [stdout]   7037781.294 #/op
[INFO] [stdout] 
[INFO] [stdout] Secondary result "org.weakref.nitro.tpcds.BenchmarkQueries.query82:L1-icache-loads":
[INFO] [stdout]   109128352.301 #/op
[INFO] [stdout] 
[INFO] [stdout] Secondary result "org.weakref.nitro.tpcds.BenchmarkQueries.query82:branch-misses":
[INFO] [stdout]   108296595.226 #/op
[INFO] [stdout] 
[INFO] [stdout] Secondary result "org.weakref.nitro.tpcds.BenchmarkQueries.query82:branches":
[INFO] [stdout]   9052743487.902 #/op
[INFO] [stdout] 
[INFO] [stdout] Secondary result "org.weakref.nitro.tpcds.BenchmarkQueries.query82:cycles":
[INFO] [stdout]   12457835259.189 #/op
[INFO] [stdout] 
[INFO] [stdout] Secondary result "org.weakref.nitro.tpcds.BenchmarkQueries.query82:dTLB-load-misses":
[INFO] [stdout]   358249.208 #/op
[INFO] [stdout] 
[INFO] [stdout] Secondary result "org.weakref.nitro.tpcds.BenchmarkQueries.query82:dTLB-loads":
[INFO] [stdout]   4465783.181 #/op
[INFO] [stdout] 
[INFO] [stdout] Secondary result "org.weakref.nitro.tpcds.BenchmarkQueries.query82:gc.alloc.rate":
[INFO] [stdout]   118.790 ±(99.9%) 1.673 MB/sec [Average]
[INFO] [stdout]   (min, avg, max) = (118.064, 118.790, 119.144), stdev = 0.435
[INFO] [stdout]   CI (99.9%): [117.117, 120.463] (assumes normal distribution)
[INFO] [stdout] 
[INFO] [stdout] Secondary result "org.weakref.nitro.tpcds.BenchmarkQueries.query82:gc.alloc.rate.norm":
[INFO] [stdout]   288428624.000 ±(99.9%) 34433.374 B/op [Average]
[INFO] [stdout]   (min, avg, max) = (288418096.000, 288428624.000, 288435392.000), stdev = 8942.238
[INFO] [stdout]   CI (99.9%): [288394190.626, 288463057.374] (assumes normal distribution)
[INFO] [stdout] 
[INFO] [stdout] Secondary result "org.weakref.nitro.tpcds.BenchmarkQueries.query82:gc.count":
[INFO] [stdout]   9.000 ±(99.9%) 0.001 counts [Sum]
[INFO] [stdout]   (min, avg, max) = (≈ 0, 1.800, 4.000), stdev = 1.643
[INFO] [stdout]   CI (99.9%): [9.000, 9.000] (assumes normal distribution)
[INFO] [stdout] 
[INFO] [stdout] Secondary result "org.weakref.nitro.tpcds.BenchmarkQueries.query82:gc.time":
[INFO] [stdout]   7.000 ±(99.9%) 0.001 ms [Sum]
[INFO] [stdout]   (min, avg, max) = (≈ 0, 1.400, 2.000), stdev = 0.894
[INFO] [stdout]   CI (99.9%): [7.000, 7.000] (assumes normal distribution)
[INFO] [stdout] 
[INFO] [stdout] Secondary result "org.weakref.nitro.tpcds.BenchmarkQueries.query82:iTLB-load-misses":
[INFO] [stdout]   31819.238 #/op
[INFO] [stdout] 
[INFO] [stdout] Secondary result "org.weakref.nitro.tpcds.BenchmarkQueries.query82:iTLB-loads":
[INFO] [stdout]   1568625.771 #/op
[INFO] [stdout] 
[INFO] [stdout] Secondary result "org.weakref.nitro.tpcds.BenchmarkQueries.query82:instructions":
[INFO] [stdout]   42193098899.721 #/op
[INFO] [stdout] 
[INFO] [stdout] Secondary result "org.weakref.nitro.tpcds.BenchmarkQueries.query82:stalled-cycles-frontend":
[INFO] [stdout]   3282340361.411 #/op
[INFO] [stdout] 
[INFO] [stdout] 
[INFO] [stdout] # JMH version: 1.37
[INFO] [stdout] # VM version: JDK 26.0.1, OpenJDK 64-Bit Server VM, 26.0.1+8
[INFO] [stdout] # VM invoker: /opt/java/openjdk/bin/java
[INFO] [stdout] # VM options: --enable-preview --add-modules=jdk.incubator.vector -Dnitro.clickbench.hits.path= -Xmx12g -XX:+UseTransparentHugePages -Dnitro.tpcds.parquet.path=/root/data/tpcds-parquet-sf10 -Dnitro.tpcds.parquet.schema=sf10
[INFO] [stdout] # Blackhole mode: compiler (auto-detected, use -Djmh.blackhole.autoDetect=false to disable)
[INFO] [stdout] # Warmup: 3 iterations, 1 s each
[INFO] [stdout] # Measurement: 5 iterations, 1 s each
[INFO] [stdout] # Timeout: 30 min per iteration
[INFO] [stdout] # Threads: 1 thread, will synchronize iterations
[INFO] [stdout] # Benchmark mode: Average time, time/op
[INFO] [stdout] # Benchmark: org.weakref.nitro.tpcds.BenchmarkQueries.query88
[INFO] [stdout] 
[INFO] [stdout] # Run progress: 83.33% complete, ETA 00:00:19
[INFO] [stdout] # Fork: 1 of 1
[INFO] [stdout] # Preparing profilers: LinuxPerfNormProfiler 
[INFO] [stdout] # Profilers consume stderr from target VM, use -v EXTRA to copy to console
[INFO] [stdout] # Warmup Iteration   1: 1478.919 ms/op
[INFO] [stdout] # Warmup Iteration   2: 1343.307 ms/op
[INFO] [stdout] # Warmup Iteration   3: 1907.225 ms/op
[INFO] [stdout] Iteration   1: 1732.756 ms/op
[INFO] [stdout]                  gc.alloc.rate:      504.104 MB/sec
[INFO] [stdout]                  gc.alloc.rate.norm: 915984536.000 B/op
[INFO] [stdout]                  gc.count:           4.000 counts
[INFO] [stdout]                  gc.time:            55.000 ms
[INFO] [stdout] 
[INFO] [stdout] Iteration   2: 1053.504 ms/op
[INFO] [stdout]                  gc.alloc.rate:      828.660 MB/sec
[INFO] [stdout]                  gc.alloc.rate.norm: 915461616.000 B/op
[INFO] [stdout]                  gc.count:           ≈ 0 counts
[INFO] [stdout] 
[INFO] [stdout] Iteration   3: 968.813 ms/op
[INFO] [stdout]                  gc.alloc.rate:      900.875 MB/sec
[INFO] [stdout]                  gc.alloc.rate.norm: 915229268.000 B/op
[INFO] [stdout]                  gc.count:           1.000 counts
[INFO] [stdout]                  gc.time:            13.000 ms
[INFO] [stdout] 
[INFO] [stdout] Iteration   4: 1188.362 ms/op
[INFO] [stdout]                  gc.alloc.rate:      734.402 MB/sec
[INFO] [stdout]                  gc.alloc.rate.norm: 915177620.000 B/op
[INFO] [stdout]                  gc.count:           4.000 counts
[INFO] [stdout]                  gc.time:            42.000 ms
[INFO] [stdout] 
[INFO] [stdout] Iteration   5: 991.395 ms/op
[INFO] [stdout]                  gc.alloc.rate:      880.290 MB/sec
[INFO] [stdout]                  gc.alloc.rate.norm: 915162824.000 B/op
[INFO] [stdout]                  gc.count:           ≈ 0 counts
[INFO] [stdout] 
[INFO] [stdout] # Processing profiler results: LinuxPerfNormProfiler 
[INFO] [stdout] 
[INFO] [stdout] 
[INFO] [stdout] Result "org.weakref.nitro.tpcds.BenchmarkQueries.query88":
[INFO] [stdout]   1186.966 ±(99.9%) 1220.022 ms/op [Average]
[INFO] [stdout]   (min, avg, max) = (968.813, 1186.966, 1732.756), stdev = 316.836
[INFO] [stdout]   CI (99.9%): [≈ 0, 2406.988] (assumes normal distribution)
[INFO] [stdout] 
[INFO] [stdout] Secondary result "org.weakref.nitro.tpcds.BenchmarkQueries.query88:CPI":
[INFO] [stdout]   0.292 clks/insn
[INFO] [stdout] 
[INFO] [stdout] Secondary result "org.weakref.nitro.tpcds.BenchmarkQueries.query88:IPC":
[INFO] [stdout]   3.427 insns/clk
[INFO] [stdout] 
[INFO] [stdout] Secondary result "org.weakref.nitro.tpcds.BenchmarkQueries.query88:L1-dcache-load-misses":
[INFO] [stdout]   86856088.250 #/op
[INFO] [stdout] 
[INFO] [stdout] Secondary result "org.weakref.nitro.tpcds.BenchmarkQueries.query88:L1-dcache-loads":
[INFO] [stdout]   9132759663.124 #/op
[INFO] [stdout] 
[INFO] [stdout] Secondary result "org.weakref.nitro.tpcds.BenchmarkQueries.query88:L1-icache-load-misses":
[INFO] [stdout]   5114002.324 #/op
[INFO] [stdout] 
[INFO] [stdout] Secondary result "org.weakref.nitro.tpcds.BenchmarkQueries.query88:L1-icache-loads":
[INFO] [stdout]   67118687.824 #/op
[INFO] [stdout] 
[INFO] [stdout] Secondary result "org.weakref.nitro.tpcds.BenchmarkQueries.query88:branch-misses":
[INFO] [stdout]   48114999.842 #/op
[INFO] [stdout] 
[INFO] [stdout] Secondary result "org.weakref.nitro.tpcds.BenchmarkQueries.query88:branches":
[INFO] [stdout]   4449894793.748 #/op
[INFO] [stdout] 
[INFO] [stdout] Secondary result "org.weakref.nitro.tpcds.BenchmarkQueries.query88:cycles":
[INFO] [stdout]   6541829789.633 #/op
[INFO] [stdout] 
[INFO] [stdout] Secondary result "org.weakref.nitro.tpcds.BenchmarkQueries.query88:dTLB-load-misses":
[INFO] [stdout]   672763.192 #/op
[INFO] [stdout] 
[INFO] [stdout] Secondary result "org.weakref.nitro.tpcds.BenchmarkQueries.query88:dTLB-loads":
[INFO] [stdout]   3552800.888 #/op
[INFO] [stdout] 
[INFO] [stdout] Secondary result "org.weakref.nitro.tpcds.BenchmarkQueries.query88:gc.alloc.rate":
[INFO] [stdout]   769.666 ±(99.9%) 622.986 MB/sec [Average]
[INFO] [stdout]   (min, avg, max) = (504.104, 769.666, 900.875), stdev = 161.787
[INFO] [stdout]   CI (99.9%): [146.680, 1392.652] (assumes normal distribution)
[INFO] [stdout] 
[INFO] [stdout] Secondary result "org.weakref.nitro.tpcds.BenchmarkQueries.query88:gc.alloc.rate.norm":
[INFO] [stdout]   915403172.800 ±(99.9%) 1334295.724 B/op [Average]
[INFO] [stdout]   (min, avg, max) = (915162824.000, 915403172.800, 915984536.000), stdev = 346512.362
[INFO] [stdout]   CI (99.9%): [914068877.076, 916737468.524] (assumes normal distribution)
[INFO] [stdout] 
[INFO] [stdout] Secondary result "org.weakref.nitro.tpcds.BenchmarkQueries.query88:gc.count":
[INFO] [stdout]   9.000 ±(99.9%) 0.001 counts [Sum]
[INFO] [stdout]   (min, avg, max) = (≈ 0, 1.800, 4.000), stdev = 2.049
[INFO] [stdout]   CI (99.9%): [9.000, 9.000] (assumes normal distribution)
[INFO] [stdout] 
[INFO] [stdout] Secondary result "org.weakref.nitro.tpcds.BenchmarkQueries.query88:gc.time":
[INFO] [stdout]   110.000 ±(99.9%) 0.001 ms [Sum]
[INFO] [stdout]   (min, avg, max) = (≈ 0, 22.000, 55.000), stdev = 25.189
[INFO] [stdout]   CI (99.9%): [110.000, 110.000] (assumes normal distribution)
[INFO] [stdout] 
[INFO] [stdout] Secondary result "org.weakref.nitro.tpcds.BenchmarkQueries.query88:iTLB-load-misses":
[INFO] [stdout]   35320.300 #/op
[INFO] [stdout] 
[INFO] [stdout] Secondary result "org.weakref.nitro.tpcds.BenchmarkQueries.query88:iTLB-loads":
[INFO] [stdout]   1985212.070 #/op
[INFO] [stdout] 
[INFO] [stdout] Secondary result "org.weakref.nitro.tpcds.BenchmarkQueries.query88:instructions":
[INFO] [stdout]   22421813366.272 #/op
[INFO] [stdout] 
[INFO] [stdout] Secondary result "org.weakref.nitro.tpcds.BenchmarkQueries.query88:stalled-cycles-frontend":
[INFO] [stdout]   1119289231.961 #/op
[INFO] [stdout] 
[INFO] [stdout] 
[INFO] [stdout] # Run complete. Total time: 00:01:51
[INFO] [stdout] 
[INFO] [stdout] REMEMBER: The numbers below are just data. To gain reusable insights, you need to follow up on
[INFO] [stdout] why the numbers are the way they are. Use profilers (see -prof, -lprof), design factorial
[INFO] [stdout] experiments, perform baseline and negative tests that provide experimental control, make sure
[INFO] [stdout] the benchmarking environment is safe on JVM/OS/HW level, ask for reviews from the domain experts.
[INFO] [stdout] Do not assume the numbers tell you what you want them to tell.
[INFO] [stdout] 
[INFO] [stdout] NOTE: Current JVM experimentally supports Compiler Blackholes, and they are in use. Please exercise
[INFO] [stdout] extra caution when trusting the results, look into the generated code to check the benchmark still
[INFO] [stdout] works, and factor in a small probability of new VM bugs. Additionally, while comparisons between
[INFO] [stdout] different JVMs are already problematic, the performance difference caused by different Blackhole
[INFO] [stdout] modes can be very significant. Please make sure you use the consistent Blackhole mode for comparisons.
[INFO] [stdout] 
[INFO] [stdout] Benchmark                                         Mode  Cnt            Score          Error      Units
[INFO] [stdout] BenchmarkQueries.query09                          avgt    5         2834.911 ±       18.626      ms/op
[INFO] [stdout] BenchmarkQueries.query09:CPI                      avgt                 0.369                 clks/insn
[INFO] [stdout] BenchmarkQueries.query09:IPC                      avgt                 2.708                 insns/clk
[INFO] [stdout] BenchmarkQueries.query09:L1-dcache-load-misses    avgt         598600903.022                      #/op
[INFO] [stdout] BenchmarkQueries.query09:L1-dcache-loads          avgt       18171005991.737                      #/op
[INFO] [stdout] BenchmarkQueries.query09:L1-icache-load-misses    avgt          13612511.727                      #/op
[INFO] [stdout] BenchmarkQueries.query09:L1-icache-loads          avgt         225688252.179                      #/op
[INFO] [stdout] BenchmarkQueries.query09:branch-misses            avgt         272120708.698                      #/op
[INFO] [stdout] BenchmarkQueries.query09:branches                 avgt        8568024483.595                      #/op
[INFO] [stdout] BenchmarkQueries.query09:cycles                   avgt       15169045832.137                      #/op
[INFO] [stdout] BenchmarkQueries.query09:dTLB-load-misses         avgt            188269.009                      #/op
[INFO] [stdout] BenchmarkQueries.query09:dTLB-loads               avgt           6062575.293                      #/op
[INFO] [stdout] BenchmarkQueries.query09:gc.alloc.rate            avgt    5           65.435 ±        1.093     MB/sec
[INFO] [stdout] BenchmarkQueries.query09:gc.alloc.rate.norm       avgt    5    194536649.600 ±  2359370.541       B/op
[INFO] [stdout] BenchmarkQueries.query09:gc.count                 avgt    5            2.000                    counts
[INFO] [stdout] BenchmarkQueries.query09:gc.time                  avgt    5            9.000                        ms
[INFO] [stdout] BenchmarkQueries.query09:iTLB-load-misses         avgt             33440.860                      #/op
[INFO] [stdout] BenchmarkQueries.query09:iTLB-loads               avgt           1849973.415                      #/op
[INFO] [stdout] BenchmarkQueries.query09:instructions             avgt       41076191712.625                      #/op
[INFO] [stdout] BenchmarkQueries.query09:stalled-cycles-frontend  avgt        3928825659.805                      #/op
[INFO] [stdout] BenchmarkQueries.query28                          avgt    5         2585.902 ±      145.182      ms/op
[INFO] [stdout] BenchmarkQueries.query28:CPI                      avgt                 0.288                 clks/insn
[INFO] [stdout] BenchmarkQueries.query28:IPC                      avgt                 3.469                 insns/clk
[INFO] [stdout] BenchmarkQueries.query28:L1-dcache-load-misses    avgt         710958500.926                      #/op
[INFO] [stdout] BenchmarkQueries.query28:L1-dcache-loads          avgt       21398755677.159                      #/op
[INFO] [stdout] BenchmarkQueries.query28:L1-icache-load-misses    avgt          24888644.702                      #/op
[INFO] [stdout] BenchmarkQueries.query28:L1-icache-loads          avgt         375163794.796                      #/op
[INFO] [stdout] BenchmarkQueries.query28:branch-misses            avgt         136808876.467                      #/op
[INFO] [stdout] BenchmarkQueries.query28:branches                 avgt       10333089864.161                      #/op
[INFO] [stdout] BenchmarkQueries.query28:cycles                   avgt       15382693067.507                      #/op
[INFO] [stdout] BenchmarkQueries.query28:dTLB-load-misses         avgt            919172.970                      #/op
[INFO] [stdout] BenchmarkQueries.query28:dTLB-loads               avgt           8854692.828                      #/op
[INFO] [stdout] BenchmarkQueries.query28:gc.alloc.rate            avgt    5          395.662 ±       22.277     MB/sec
[INFO] [stdout] BenchmarkQueries.query28:gc.alloc.rate.norm       avgt    5   1072720625.600 ±    17270.449       B/op
[INFO] [stdout] BenchmarkQueries.query28:gc.count                 avgt    5            6.000                    counts
[INFO] [stdout] BenchmarkQueries.query28:gc.time                  avgt    5          363.000                        ms
[INFO] [stdout] BenchmarkQueries.query28:iTLB-load-misses         avgt             50687.470                      #/op
[INFO] [stdout] BenchmarkQueries.query28:iTLB-loads               avgt           5140653.528                      #/op
[INFO] [stdout] BenchmarkQueries.query28:instructions             avgt       53356096607.111                      #/op
[INFO] [stdout] BenchmarkQueries.query28:stalled-cycles-frontend  avgt        2808110225.738                      #/op
[INFO] [stdout] BenchmarkQueries.query51                          avgt    5         1704.353 ±     1469.451      ms/op
[INFO] [stdout] BenchmarkQueries.query51:CPI                      avgt                 0.395                 clks/insn
[INFO] [stdout] BenchmarkQueries.query51:IPC                      avgt                 2.534                 insns/clk
[INFO] [stdout] BenchmarkQueries.query51:L1-dcache-load-misses    avgt         381826522.421                      #/op
[INFO] [stdout] BenchmarkQueries.query51:L1-dcache-loads          avgt       12502269399.604                      #/op
[INFO] [stdout] BenchmarkQueries.query51:L1-icache-load-misses    avgt           8062401.751                      #/op
[INFO] [stdout] BenchmarkQueries.query51:L1-icache-loads          avgt         107965231.649                      #/op
[INFO] [stdout] BenchmarkQueries.query51:branch-misses            avgt          46972282.799                      #/op
[INFO] [stdout] BenchmarkQueries.query51:branches                 avgt        4811650375.582                      #/op
[INFO] [stdout] BenchmarkQueries.query51:cycles                   avgt       10045531628.540                      #/op
[INFO] [stdout] BenchmarkQueries.query51:dTLB-load-misses         avgt          49347134.949                      #/op
[INFO] [stdout] BenchmarkQueries.query51:dTLB-loads               avgt         120517208.009                      #/op
[INFO] [stdout] BenchmarkQueries.query51:gc.alloc.rate            avgt    5          808.845 ±      573.547     MB/sec
[INFO] [stdout] BenchmarkQueries.query51:gc.alloc.rate.norm       avgt    5   1398592624.000 ± 77633326.728       B/op
[INFO] [stdout] BenchmarkQueries.query51:gc.count                 avgt    5            6.000                    counts
[INFO] [stdout] BenchmarkQueries.query51:gc.time                  avgt    5          120.000                        ms
[INFO] [stdout] BenchmarkQueries.query51:iTLB-load-misses         avgt             49236.009                      #/op
[INFO] [stdout] BenchmarkQueries.query51:iTLB-loads               avgt           3290219.640                      #/op
[INFO] [stdout] BenchmarkQueries.query51:instructions             avgt       25459981961.480                      #/op
[INFO] [stdout] BenchmarkQueries.query51:stalled-cycles-frontend  avgt        1175348511.050                      #/op
[INFO] [stdout] BenchmarkQueries.query58                          avgt    5          461.068 ±       22.200      ms/op
[INFO] [stdout] BenchmarkQueries.query58:CPI                      avgt                 0.242                 clks/insn
[INFO] [stdout] BenchmarkQueries.query58:IPC                      avgt                 4.140                 insns/clk
[INFO] [stdout] BenchmarkQueries.query58:L1-dcache-load-misses    avgt         179624727.059                      #/op
[INFO] [stdout] BenchmarkQueries.query58:L1-dcache-loads          avgt        4605543103.322                      #/op
[INFO] [stdout] BenchmarkQueries.query58:L1-icache-load-misses    avgt           4700028.628                      #/op
[INFO] [stdout] BenchmarkQueries.query58:L1-icache-loads          avgt          60521140.300                      #/op
[INFO] [stdout] BenchmarkQueries.query58:branch-misses            avgt          14155817.485                      #/op
[INFO] [stdout] BenchmarkQueries.query58:branches                 avgt        2101427525.601                      #/op
[INFO] [stdout] BenchmarkQueries.query58:cycles                   avgt        2631085980.575                      #/op
[INFO] [stdout] BenchmarkQueries.query58:dTLB-load-misses         avgt            164631.915                      #/op
[INFO] [stdout] BenchmarkQueries.query58:dTLB-loads               avgt           2497436.360                      #/op
[INFO] [stdout] BenchmarkQueries.query58:gc.alloc.rate            avgt    5          242.075 ±       11.303     MB/sec
[INFO] [stdout] BenchmarkQueries.query58:gc.alloc.rate.norm       avgt    5    117032114.667 ±   156059.727       B/op
[INFO] [stdout] BenchmarkQueries.query58:gc.count                 avgt    5           20.000                    counts
[INFO] [stdout] BenchmarkQueries.query58:gc.time                  avgt    5           38.000                        ms
[INFO] [stdout] BenchmarkQueries.query58:iTLB-load-misses         avgt             22499.720                      #/op
[INFO] [stdout] BenchmarkQueries.query58:iTLB-loads               avgt           1583109.640                      #/op
[INFO] [stdout] BenchmarkQueries.query58:instructions             avgt       10891785837.230                      #/op
[INFO] [stdout] BenchmarkQueries.query58:stalled-cycles-frontend  avgt         338374894.908                      #/op
[INFO] [stdout] BenchmarkQueries.query82                          avgt    5         2315.484 ±       32.857      ms/op
[INFO] [stdout] BenchmarkQueries.query82:CPI                      avgt                 0.295                 clks/insn
[INFO] [stdout] BenchmarkQueries.query82:IPC                      avgt                 3.387                 insns/clk
[INFO] [stdout] BenchmarkQueries.query82:L1-dcache-load-misses    avgt         443740212.297                      #/op
[INFO] [stdout] BenchmarkQueries.query82:L1-dcache-loads          avgt       18445984933.838                      #/op
[INFO] [stdout] BenchmarkQueries.query82:L1-icache-load-misses    avgt           7037781.294                      #/op
[INFO] [stdout] BenchmarkQueries.query82:L1-icache-loads          avgt         109128352.301                      #/op
[INFO] [stdout] BenchmarkQueries.query82:branch-misses            avgt         108296595.226                      #/op
[INFO] [stdout] BenchmarkQueries.query82:branches                 avgt        9052743487.902                      #/op
[INFO] [stdout] BenchmarkQueries.query82:cycles                   avgt       12457835259.189                      #/op
[INFO] [stdout] BenchmarkQueries.query82:dTLB-load-misses         avgt            358249.208                      #/op
[INFO] [stdout] BenchmarkQueries.query82:dTLB-loads               avgt           4465783.181                      #/op
[INFO] [stdout] BenchmarkQueries.query82:gc.alloc.rate            avgt    5          118.790 ±        1.673     MB/sec
[INFO] [stdout] BenchmarkQueries.query82:gc.alloc.rate.norm       avgt    5    288428624.000 ±    34433.374       B/op
[INFO] [stdout] BenchmarkQueries.query82:gc.count                 avgt    5            9.000                    counts
[INFO] [stdout] BenchmarkQueries.query82:gc.time                  avgt    5            7.000                        ms
[INFO] [stdout] BenchmarkQueries.query82:iTLB-load-misses         avgt             31819.238                      #/op
[INFO] [stdout] BenchmarkQueries.query82:iTLB-loads               avgt           1568625.771                      #/op
[INFO] [stdout] BenchmarkQueries.query82:instructions             avgt       42193098899.721                      #/op
[INFO] [stdout] BenchmarkQueries.query82:stalled-cycles-frontend  avgt        3282340361.411                      #/op
[INFO] [stdout] BenchmarkQueries.query88                          avgt    5         1186.966 ±     1220.022      ms/op
[INFO] [stdout] BenchmarkQueries.query88:CPI                      avgt                 0.292                 clks/insn
[INFO] [stdout] BenchmarkQueries.query88:IPC                      avgt                 3.427                 insns/clk
[INFO] [stdout] BenchmarkQueries.query88:L1-dcache-load-misses    avgt          86856088.250                      #/op
[INFO] [stdout] BenchmarkQueries.query88:L1-dcache-loads          avgt        9132759663.124                      #/op
[INFO] [stdout] BenchmarkQueries.query88:L1-icache-load-misses    avgt           5114002.324                      #/op
[INFO] [stdout] BenchmarkQueries.query88:L1-icache-loads          avgt          67118687.824                      #/op
[INFO] [stdout] BenchmarkQueries.query88:branch-misses            avgt          48114999.842                      #/op
[INFO] [stdout] BenchmarkQueries.query88:branches                 avgt        4449894793.748                      #/op
[INFO] [stdout] BenchmarkQueries.query88:cycles                   avgt        6541829789.633                      #/op
[INFO] [stdout] BenchmarkQueries.query88:dTLB-load-misses         avgt            672763.192                      #/op
[INFO] [stdout] BenchmarkQueries.query88:dTLB-loads               avgt           3552800.888                      #/op
[INFO] [stdout] BenchmarkQueries.query88:gc.alloc.rate            avgt    5          769.666 ±      622.986     MB/sec
[INFO] [stdout] BenchmarkQueries.query88:gc.alloc.rate.norm       avgt    5    915403172.800 ±  1334295.724       B/op
[INFO] [stdout] BenchmarkQueries.query88:gc.count                 avgt    5            9.000                    counts
[INFO] [stdout] BenchmarkQueries.query88:gc.time                  avgt    5          110.000                        ms
[INFO] [stdout] BenchmarkQueries.query88:iTLB-load-misses         avgt             35320.300                      #/op
[INFO] [stdout] BenchmarkQueries.query88:iTLB-loads               avgt           1985212.070                      #/op
[INFO] [stdout] BenchmarkQueries.query88:instructions             avgt       22421813366.272                      #/op
[INFO] [stdout] BenchmarkQueries.query88:stalled-cycles-frontend  avgt        1119289231.961                      #/op
[INFO] [stdout] 
[INFO] [stdout] Benchmark result is saved to benchmarks/sweeps/20260721-targeted/direct-numeric-null-free-tpcds-focused-on.json
[INFO] ------------------------------------------------------------------------
[INFO] BUILD SUCCESS
[INFO] ------------------------------------------------------------------------
[INFO] Total time:  01:52 min (Wall Clock)
[INFO] Finished at: 2026-07-21T15:16:22Z
[INFO] ------------------------------------------------------------------------
[INFO] Njord session closed
Purged 1 log files (log available in /root/.mvnd/purge-2026-07-21.log)
