[INFO] Enabling strict checksum verification on all artifact downloads.
[INFO] Processing build on daemon bda87469
[INFO] Scanning for projects...
[INFO] Loaded 0 groupId for remote repository maven-central
[INFO] Loaded 0 groupId for remote repository google-maven-central-copy
[INFO] Njord 0.9.9 session created
[INFO] BuildTimeEventSpy is registered.
[INFO] 
[INFO] Using the SmartBuilder implementation with a thread count of 7
[INFO] 
[INFO] ------------------------< io.trino:trino-tests >------------------------
[INFO] Building trino-tests 484-SNAPSHOT
[INFO]   from pom.xml
[INFO] --------------------------------[ jar ]---------------------------------
[INFO] Loaded 0 groupId for remote repository ossrh
[INFO] Loaded 0 groupId for remote repository repo.gradle.org
[INFO] Loaded 0 groupId for remote repository central.maven.org
[INFO] 
[INFO] --- enforcer:3.6.3:enforce (default) @ trino-tests ---
[INFO] Rule 0: org.apache.maven.enforcer.rules.dependency.BannedDependencies passed
[INFO] Rule 1: org.apache.maven.plugins.enforcer.RestrictImports passed
[INFO] Rule 2: org.apache.maven.plugins.enforcer.RestrictImports passed
[INFO] Rule 3: org.apache.maven.plugins.enforcer.RestrictImports passed
[INFO] Rule 4: org.apache.maven.plugins.enforcer.RestrictImports passed
[INFO] Rule 5: org.apache.maven.enforcer.rules.RequireProfileIdsExist passed
[INFO] Rule 6: org.codehaus.mojo.extraenforcer.model.RequirePropertyDiverges passed
[INFO] Rule 7: org.apache.maven.enforcer.rules.property.RequireProperty passed
[INFO] Rule 8: org.apache.maven.enforcer.rules.RequireJavaVendor passed
[INFO] Rule 9: org.apache.maven.enforcer.rules.BanDuplicatePomDependencyVersions passed
[INFO] Rule 10: org.apache.maven.enforcer.rules.dependency.RequireUpperBoundDeps passed
[INFO] Rule 11: org.apache.maven.enforcer.rules.version.RequireMavenVersion passed
[INFO] Rule 12: org.apache.maven.enforcer.rules.version.RequireJavaVersion passed
[INFO] Rule 13: org.codehaus.mojo.extraenforcer.dependencies.EnforceBytecodeVersion passed
[INFO] Rule 14: org.apache.maven.enforcer.rules.RequirePluginVersions passed
[INFO] 
[INFO] --- sortpom:4.0.0:verify (default) @ trino-tests ---
[INFO] Verifying file /root/notes/trino.nitro/testing/trino-tests/pom.xml
[INFO] 
[INFO] --- license:5.0.0:check (default) @ trino-tests ---
[INFO] Checking licenses...
[INFO] 
[INFO] --- airstyle:9:check (airstyle) @ trino-tests ---
[INFO] All 144 files are already formatted
[INFO] 
[INFO] --- checkstyle:3.6.0:check (checkstyle) @ trino-tests ---
[INFO] You have 0 Checkstyle violations.
[INFO] 
[INFO] --- git-commit-id:10.0.0:revision (default) @ trino-tests ---
[INFO] 
[INFO] --- build-helper:3.6.1:bsh-property (surefire-enable-preview) @ trino-tests ---
[INFO] 
[INFO] --- jacoco:0.8.15:prepare-agent (default) @ trino-tests ---
[INFO] Skipping JaCoCo execution because property jacoco.skip is set.
[INFO] 
[INFO] --- resources:3.5.0:resources (default-resources) @ trino-tests ---
[INFO] skip non existing resourceDirectory /root/notes/trino.nitro/testing/trino-tests/src/main/resources
[INFO] 
[INFO] --- compiler:3.15.0:compile (default-compile) @ trino-tests ---
[INFO] Nothing to compile - all classes are up to date.
[INFO] 
[INFO] --- resources:3.5.0:testResources (default-testResources) @ trino-tests ---
[INFO] Copying 266 resources from src/test/resources to target/test-classes
[INFO] 
[INFO] --- compiler:3.15.0:testCompile (default-testCompile) @ trino-tests ---
[INFO] Nothing to compile - all classes are up to date.
[INFO] 
[INFO] --- dependency:3.11.0:analyze-only (default) @ trino-tests ---
[INFO] No dependency problems found
[INFO] 
[INFO] --- dependency:3.11.0:analyze-duplicate (default) @ trino-tests ---
[INFO] No duplicate dependencies found in <dependencies/> or in <dependencyManagement/>
[INFO] 
[INFO] --- duplicate-finder:2.0.1:check (default) @ trino-tests ---
[INFO] Checking compile classpath
[INFO] Checking runtime classpath
[INFO] Checking test classpath
[INFO] 
[INFO] --- modernizer:3.4.0:modernizer (modernizer) @ trino-tests ---
[INFO] 
[INFO] --- modernizer:3.4.0:modernizer (modernizer-production-code) @ trino-tests ---
[INFO] 
[INFO] --- surefire:3.5.6:test (default-test) @ trino-tests ---
[INFO] Tests will run in random order. To reproduce ordering use flag -Dsurefire.runOrder.random.seed=4354863449542516
[INFO] Using auto detected provider org.apache.maven.surefire.junitplatform.JUnitPlatformProvider
[INFO] 
[INFO] -------------------------------------------------------
[INFO]  T E S T S
[INFO] -------------------------------------------------------
[WARNING] [stderr] WARNING: Using incubator modules: jdk.incubator.vector
[WARNING] [stderr] 2026-08-06T04:26:23.352-0600	INFO	ForkJoinPool-1-worker-1	io.airlift.log.Logging	Logging to stderr
[INFO] Running io.trino.tests.nitro.TestNitroClickBenchQueries
[WARNING] [stderr] 2026-08-06T04:26:24.238-0600	INFO	ForkJoinPool-1-worker-1	io.trino.simd.BlockEncodingSimdSupport	Detected SIMD Support for architecture=amd64, vectorBitWidth=512: SimdSupport[capabilities=[COMPRESS_BYTE, EXPAND_BYTE, COMPRESS_SHORT, EXPAND_SHORT, COMPRESS_INT, EXPAND_INT, COMPRESS_LONG, EXPAND_LONG]]
[WARNING] [stderr] WARNING: A restricted method in java.lang.System has been called
[WARNING] [stderr] WARNING: java.lang.System::loadLibrary has been called by com.aayushatharva.brotli4j.Brotli4jLoader in an unnamed module (file:/root/.m2/repository/com/aayushatharva/brotli4j/brotli4j/1.23.0/brotli4j-1.23.0.jar)
[WARNING] [stderr] WARNING: Use --enable-native-access=ALL-UNNAMED to avoid a warning for callers in this module
[WARNING] [stderr] WARNING: Restricted methods will be blocked in a future release unless native access is enabled
[WARNING] [stderr] 
[WARNING] [stderr] 2026-08-06T04:26:25.551-0600	INFO	ForkJoinPool-1-worker-1	io.trino.testing.DistributedQueryRunner	Created DistributedQueryRunner in 1.89s (unclosed instances = 1)
[WARNING] [stderr] 2026-08-06T04:26:26.596-0600	INFO	ForkJoinPool-1-worker-1	io.trino.testing.DistributedQueryRunner	Created DistributedQueryRunner in 500.27ms (unclosed instances = 2)
[WARNING] [stderr] 2026-08-06T04:26:51.809-0600	INFO	Notification Thread	io.airlift.stats.JmxGcMonitor	Major GC: application 0.00s, stopped 216.00ms: 12.19GB -> 5.79GB
[WARNING] [stderr] 2026-08-06T04:26:51.809-0600	INFO	Notification Thread	io.airlift.stats.JmxGcMonitor	Major GC: application 0.00s, stopped 216.00ms: 12.19GB -> 5.79GB
[WARNING] [stderr] 2026-08-06T04:26:51.809-0600	INFO	Notification Thread	io.airlift.stats.JmxGcMonitor	Major GC: application 0.00s, stopped 216.00ms: 12.19GB -> 5.79GB
[WARNING] [stderr] 2026-08-06T04:26:51.809-0600	INFO	Notification Thread	io.airlift.stats.JmxGcMonitor	Major GC: application 0.00s, stopped 216.00ms: 12.19GB -> 5.79GB
[WARNING] [stderr] 2026-08-06T04:26:55.162-0600	INFO	Notification Thread	io.airlift.stats.JmxGcMonitor	Major GC: application 3.05s, stopped 304.00ms: 12.12GB -> 7.22GB
[WARNING] [stderr] 2026-08-06T04:26:55.162-0600	INFO	Notification Thread	io.airlift.stats.JmxGcMonitor	Major GC: application 3.05s, stopped 304.00ms: 12.12GB -> 7.22GB
[WARNING] [stderr] 2026-08-06T04:26:55.162-0600	INFO	Notification Thread	io.airlift.stats.JmxGcMonitor	Major GC: application 3.05s, stopped 304.00ms: 12.12GB -> 7.22GB
[WARNING] [stderr] 2026-08-06T04:26:55.162-0600	INFO	Notification Thread	io.airlift.stats.JmxGcMonitor	Major GC: application 3.05s, stopped 304.00ms: 12.12GB -> 7.22GB
[WARNING] [stderr] 2026-08-06T04:26:57.566-0600	INFO	Notification Thread	io.airlift.stats.JmxGcMonitor	Major GC: application 2.09s, stopped 315.00ms: 12.08GB -> 7.13GB
[WARNING] [stderr] 2026-08-06T04:26:57.566-0600	INFO	Notification Thread	io.airlift.stats.JmxGcMonitor	Major GC: application 2.09s, stopped 315.00ms: 12.08GB -> 7.13GB
[WARNING] [stderr] 2026-08-06T04:26:57.566-0600	INFO	Notification Thread	io.airlift.stats.JmxGcMonitor	Major GC: application 2.09s, stopped 315.00ms: 12.08GB -> 7.13GB
[WARNING] [stderr] 2026-08-06T04:26:57.566-0600	INFO	Notification Thread	io.airlift.stats.JmxGcMonitor	Major GC: application 2.09s, stopped 315.00ms: 12.08GB -> 7.13GB
[WARNING] [stderr] 2026-08-06T04:27:01.365-0600	INFO	Notification Thread	io.airlift.stats.JmxGcMonitor	Major GC: application 3.53s, stopped 265.00ms: 12.14GB -> 6.76GB
[WARNING] [stderr] 2026-08-06T04:27:01.365-0600	INFO	Notification Thread	io.airlift.stats.JmxGcMonitor	Major GC: application 3.53s, stopped 265.00ms: 12.14GB -> 6.76GB
[WARNING] [stderr] 2026-08-06T04:27:01.365-0600	INFO	Notification Thread	io.airlift.stats.JmxGcMonitor	Major GC: application 3.53s, stopped 265.00ms: 12.14GB -> 6.76GB
[WARNING] [stderr] 2026-08-06T04:27:01.365-0600	INFO	Notification Thread	io.airlift.stats.JmxGcMonitor	Major GC: application 3.53s, stopped 265.00ms: 12.14GB -> 6.76GB
[WARNING] [stderr] 2026-08-06T04:27:04.140-0600	INFO	Notification Thread	io.airlift.stats.JmxGcMonitor	Major GC: application 2.47s, stopped 305.00ms: 12.13GB -> 6.84GB
[WARNING] [stderr] 2026-08-06T04:27:04.140-0600	INFO	Notification Thread	io.airlift.stats.JmxGcMonitor	Major GC: application 2.47s, stopped 305.00ms: 12.13GB -> 6.84GB
[WARNING] [stderr] 2026-08-06T04:27:04.140-0600	INFO	Notification Thread	io.airlift.stats.JmxGcMonitor	Major GC: application 2.47s, stopped 305.00ms: 12.13GB -> 6.84GB
[WARNING] [stderr] 2026-08-06T04:27:04.140-0600	INFO	Notification Thread	io.airlift.stats.JmxGcMonitor	Major GC: application 2.47s, stopped 305.00ms: 12.13GB -> 6.84GB
[WARNING] [stderr] 2026-08-06T04:27:07.325-0600	INFO	Notification Thread	io.airlift.stats.JmxGcMonitor	Major GC: application 2.89s, stopped 297.00ms: 12.12GB -> 6.92GB
[WARNING] [stderr] 2026-08-06T04:27:07.325-0600	INFO	Notification Thread	io.airlift.stats.JmxGcMonitor	Major GC: application 2.89s, stopped 297.00ms: 12.12GB -> 6.92GB
[WARNING] [stderr] 2026-08-06T04:27:07.325-0600	INFO	Notification Thread	io.airlift.stats.JmxGcMonitor	Major GC: application 2.89s, stopped 297.00ms: 12.12GB -> 6.92GB
[WARNING] [stderr] 2026-08-06T04:27:07.326-0600	INFO	Notification Thread	io.airlift.stats.JmxGcMonitor	Major GC: application 2.89s, stopped 297.00ms: 12.12GB -> 6.92GB
[WARNING] [stderr] 2026-08-06T04:27:12.173-0600	INFO	Notification Thread	io.airlift.stats.JmxGcMonitor	Major GC: application 4.53s, stopped 319.00ms: 12.16GB -> 7.05GB
[WARNING] [stderr] 2026-08-06T04:27:12.173-0600	INFO	Notification Thread	io.airlift.stats.JmxGcMonitor	Major GC: application 4.53s, stopped 319.00ms: 12.16GB -> 7.05GB
[WARNING] [stderr] 2026-08-06T04:27:12.174-0600	INFO	Notification Thread	io.airlift.stats.JmxGcMonitor	Major GC: application 4.53s, stopped 319.00ms: 12.16GB -> 7.05GB
[WARNING] [stderr] 2026-08-06T04:27:12.174-0600	INFO	Notification Thread	io.airlift.stats.JmxGcMonitor	Major GC: application 4.53s, stopped 319.00ms: 12.16GB -> 7.05GB
[WARNING] [stderr] 2026-08-06T04:27:15.440-0600	INFO	Notification Thread	io.airlift.stats.JmxGcMonitor	Major GC: application 2.95s, stopped 312.00ms: 12.11GB -> 6.59GB
[WARNING] [stderr] 2026-08-06T04:27:15.440-0600	INFO	Notification Thread	io.airlift.stats.JmxGcMonitor	Major GC: application 2.95s, stopped 312.00ms: 12.11GB -> 6.59GB
[WARNING] [stderr] 2026-08-06T04:27:15.440-0600	INFO	Notification Thread	io.airlift.stats.JmxGcMonitor	Major GC: application 2.95s, stopped 312.00ms: 12.11GB -> 6.59GB
[WARNING] [stderr] 2026-08-06T04:27:15.440-0600	INFO	Notification Thread	io.airlift.stats.JmxGcMonitor	Major GC: application 2.95s, stopped 312.00ms: 12.11GB -> 6.59GB
[WARNING] [stderr] 2026-08-06T04:27:20.916-0600	INFO	ForkJoinPool-1-worker-1	stdout	engine,suite,query,measurements,min_ms,p50_ms,p95_ms,mean_ms,cpu_p50_ms,cpu_mean_ms,cpu_over_wall,input_positions,nitro_source_drivers,native_sources
[WARNING] [stderr] 2026-08-06T04:27:23.372-0600	INFO	Notification Thread	io.airlift.stats.JmxGcMonitor	Major GC: application 7.72s, stopped 210.00ms: 12.17GB -> 4.47GB
[WARNING] [stderr] 2026-08-06T04:27:23.373-0600	INFO	Notification Thread	io.airlift.stats.JmxGcMonitor	Major GC: application 7.72s, stopped 210.00ms: 12.17GB -> 4.47GB
[WARNING] [stderr] 2026-08-06T04:27:23.373-0600	INFO	Notification Thread	io.airlift.stats.JmxGcMonitor	Major GC: application 7.72s, stopped 210.00ms: 12.17GB -> 4.47GB
[WARNING] [stderr] 2026-08-06T04:27:23.373-0600	INFO	Notification Thread	io.airlift.stats.JmxGcMonitor	Major GC: application 7.72s, stopped 210.00ms: 12.17GB -> 4.47GB
[WARNING] [stderr] 2026-08-06T04:27:27.502-0600	INFO	Notification Thread	io.airlift.stats.JmxGcMonitor	Major GC: application 3.95s, stopped 182.00ms: 12.17GB -> 3.30GB
[WARNING] [stderr] 2026-08-06T04:27:27.503-0600	INFO	Notification Thread	io.airlift.stats.JmxGcMonitor	Major GC: application 3.95s, stopped 182.00ms: 12.17GB -> 3.30GB
[WARNING] [stderr] 2026-08-06T04:27:27.503-0600	INFO	Notification Thread	io.airlift.stats.JmxGcMonitor	Major GC: application 3.95s, stopped 182.00ms: 12.17GB -> 3.30GB
[WARNING] [stderr] 2026-08-06T04:27:27.503-0600	INFO	Notification Thread	io.airlift.stats.JmxGcMonitor	Major GC: application 3.95s, stopped 182.00ms: 12.17GB -> 3.30GB
[WARNING] [stderr] 2026-08-06T04:27:47.856-0600	INFO	Notification Thread	io.airlift.stats.JmxGcMonitor	Major GC: application 20.15s, stopped 200.00ms: 12.18GB -> 4.22GB
[WARNING] [stderr] 2026-08-06T04:27:47.856-0600	INFO	Notification Thread	io.airlift.stats.JmxGcMonitor	Major GC: application 20.15s, stopped 200.00ms: 12.18GB -> 4.22GB
[WARNING] [stderr] 2026-08-06T04:27:47.856-0600	INFO	Notification Thread	io.airlift.stats.JmxGcMonitor	Major GC: application 20.15s, stopped 200.00ms: 12.18GB -> 4.22GB
[WARNING] [stderr] 2026-08-06T04:27:47.856-0600	INFO	Notification Thread	io.airlift.stats.JmxGcMonitor	Major GC: application 20.15s, stopped 200.00ms: 12.18GB -> 4.22GB
[WARNING] [stderr] 2026-08-06T04:27:55.570-0600	INFO	Notification Thread	io.airlift.stats.JmxGcMonitor	Major GC: application 7.51s, stopped 204.00ms: 12.18GB -> 4.08GB
[WARNING] [stderr] 2026-08-06T04:27:55.570-0600	INFO	Notification Thread	io.airlift.stats.JmxGcMonitor	Major GC: application 7.51s, stopped 204.00ms: 12.18GB -> 4.08GB
[WARNING] [stderr] 2026-08-06T04:27:55.570-0600	INFO	Notification Thread	io.airlift.stats.JmxGcMonitor	Major GC: application 7.51s, stopped 204.00ms: 12.18GB -> 4.08GB
[WARNING] [stderr] 2026-08-06T04:27:55.570-0600	INFO	Notification Thread	io.airlift.stats.JmxGcMonitor	Major GC: application 7.51s, stopped 204.00ms: 12.18GB -> 4.08GB
[WARNING] [stderr] 2026-08-06T04:27:58.174-0600	INFO	Notification Thread	io.airlift.stats.JmxGcMonitor	Major GC: application 2.41s, stopped 196.00ms: 12.18GB -> 3.73GB
[WARNING] [stderr] 2026-08-06T04:27:58.174-0600	INFO	Notification Thread	io.airlift.stats.JmxGcMonitor	Major GC: application 2.41s, stopped 196.00ms: 12.18GB -> 3.73GB
[WARNING] [stderr] 2026-08-06T04:27:58.174-0600	INFO	Notification Thread	io.airlift.stats.JmxGcMonitor	Major GC: application 2.41s, stopped 196.00ms: 12.18GB -> 3.73GB
[WARNING] [stderr] 2026-08-06T04:27:58.174-0600	INFO	Notification Thread	io.airlift.stats.JmxGcMonitor	Major GC: application 2.41s, stopped 196.00ms: 12.18GB -> 3.73GB
[WARNING] [stderr] 2026-08-06T04:28:01.196-0600	INFO	Notification Thread	io.airlift.stats.JmxGcMonitor	Major GC: application 2.82s, stopped 194.00ms: 12.18GB -> 3.88GB
[WARNING] [stderr] 2026-08-06T04:28:01.196-0600	INFO	Notification Thread	io.airlift.stats.JmxGcMonitor	Major GC: application 2.82s, stopped 194.00ms: 12.18GB -> 3.88GB
[WARNING] [stderr] 2026-08-06T04:28:01.196-0600	INFO	Notification Thread	io.airlift.stats.JmxGcMonitor	Major GC: application 2.82s, stopped 194.00ms: 12.18GB -> 3.88GB
[WARNING] [stderr] 2026-08-06T04:28:01.196-0600	INFO	Notification Thread	io.airlift.stats.JmxGcMonitor	Major GC: application 2.82s, stopped 194.00ms: 12.18GB -> 3.88GB
[WARNING] [stderr] 2026-08-06T04:28:09.120-0600	INFO	Notification Thread	io.airlift.stats.JmxGcMonitor	Major GC: application 7.73s, stopped 197.00ms: 12.18GB -> 3.57GB
[WARNING] [stderr] 2026-08-06T04:28:09.120-0600	INFO	Notification Thread	io.airlift.stats.JmxGcMonitor	Major GC: application 7.73s, stopped 197.00ms: 12.18GB -> 3.57GB
[WARNING] [stderr] 2026-08-06T04:28:09.120-0600	INFO	Notification Thread	io.airlift.stats.JmxGcMonitor	Major GC: application 7.73s, stopped 197.00ms: 12.18GB -> 3.57GB
[WARNING] [stderr] 2026-08-06T04:28:09.121-0600	INFO	Notification Thread	io.airlift.stats.JmxGcMonitor	Major GC: application 7.73s, stopped 197.00ms: 12.18GB -> 3.57GB
[WARNING] [stderr] 2026-08-06T04:28:11.649-0600	INFO	Notification Thread	io.airlift.stats.JmxGcMonitor	Major GC: application 2.34s, stopped 191.00ms: 12.18GB -> 4.14GB
[WARNING] [stderr] 2026-08-06T04:28:11.649-0600	INFO	Notification Thread	io.airlift.stats.JmxGcMonitor	Major GC: application 2.34s, stopped 191.00ms: 12.18GB -> 4.14GB
[WARNING] [stderr] 2026-08-06T04:28:11.649-0600	INFO	Notification Thread	io.airlift.stats.JmxGcMonitor	Major GC: application 2.34s, stopped 191.00ms: 12.18GB -> 4.14GB
[WARNING] [stderr] 2026-08-06T04:28:11.649-0600	INFO	Notification Thread	io.airlift.stats.JmxGcMonitor	Major GC: application 2.34s, stopped 191.00ms: 12.18GB -> 4.14GB
[WARNING] [stderr] 2026-08-06T04:28:15.295-0600	INFO	Notification Thread	io.airlift.stats.JmxGcMonitor	Major GC: application 3.47s, stopped 171.00ms: 12.15GB -> 3.61GB
[WARNING] [stderr] 2026-08-06T04:28:15.295-0600	INFO	Notification Thread	io.airlift.stats.JmxGcMonitor	Major GC: application 3.47s, stopped 171.00ms: 12.15GB -> 3.61GB
[WARNING] [stderr] 2026-08-06T04:28:15.295-0600	INFO	Notification Thread	io.airlift.stats.JmxGcMonitor	Major GC: application 3.47s, stopped 171.00ms: 12.15GB -> 3.61GB
[WARNING] [stderr] 2026-08-06T04:28:15.295-0600	INFO	Notification Thread	io.airlift.stats.JmxGcMonitor	Major GC: application 3.47s, stopped 171.00ms: 12.15GB -> 3.61GB
[WARNING] [stderr] 2026-08-06T04:28:22.703-0600	INFO	Notification Thread	io.airlift.stats.JmxGcMonitor	Major GC: application 7.21s, stopped 196.00ms: 12.18GB -> 3.77GB
[WARNING] [stderr] 2026-08-06T04:28:22.703-0600	INFO	Notification Thread	io.airlift.stats.JmxGcMonitor	Major GC: application 7.21s, stopped 196.00ms: 12.18GB -> 3.77GB
[WARNING] [stderr] 2026-08-06T04:28:22.703-0600	INFO	Notification Thread	io.airlift.stats.JmxGcMonitor	Major GC: application 7.21s, stopped 196.00ms: 12.18GB -> 3.77GB
[WARNING] [stderr] 2026-08-06T04:28:22.703-0600	INFO	Notification Thread	io.airlift.stats.JmxGcMonitor	Major GC: application 7.21s, stopped 196.00ms: 12.18GB -> 3.77GB
[WARNING] [stderr] 2026-08-06T04:28:26.053-0600	INFO	Notification Thread	io.airlift.stats.JmxGcMonitor	Major GC: application 3.17s, stopped 185.00ms: 12.19GB -> 3.35GB
[WARNING] [stderr] 2026-08-06T04:28:26.053-0600	INFO	Notification Thread	io.airlift.stats.JmxGcMonitor	Major GC: application 3.17s, stopped 185.00ms: 12.19GB -> 3.35GB
[WARNING] [stderr] 2026-08-06T04:28:26.053-0600	INFO	Notification Thread	io.airlift.stats.JmxGcMonitor	Major GC: application 3.17s, stopped 185.00ms: 12.19GB -> 3.35GB
[WARNING] [stderr] 2026-08-06T04:28:26.053-0600	INFO	Notification Thread	io.airlift.stats.JmxGcMonitor	Major GC: application 3.17s, stopped 185.00ms: 12.19GB -> 3.35GB
[WARNING] [stderr] 2026-08-06T04:28:35.853-0600	INFO	Notification Thread	io.airlift.stats.JmxGcMonitor	Major GC: application 9.61s, stopped 188.00ms: 12.18GB -> 3.94GB
[WARNING] [stderr] 2026-08-06T04:28:35.853-0600	INFO	Notification Thread	io.airlift.stats.JmxGcMonitor	Major GC: application 9.61s, stopped 188.00ms: 12.18GB -> 3.94GB
[WARNING] [stderr] 2026-08-06T04:28:35.853-0600	INFO	Notification Thread	io.airlift.stats.JmxGcMonitor	Major GC: application 9.61s, stopped 188.00ms: 12.18GB -> 3.94GB
[WARNING] [stderr] 2026-08-06T04:28:35.853-0600	INFO	Notification Thread	io.airlift.stats.JmxGcMonitor	Major GC: application 9.61s, stopped 188.00ms: 12.18GB -> 3.94GB
[WARNING] [stderr] 2026-08-06T04:28:38.151-0600	INFO	Notification Thread	io.airlift.stats.JmxGcMonitor	Major GC: application 2.11s, stopped 189.00ms: 12.19GB -> 3.93GB
[WARNING] [stderr] 2026-08-06T04:28:38.151-0600	INFO	Notification Thread	io.airlift.stats.JmxGcMonitor	Major GC: application 2.11s, stopped 189.00ms: 12.19GB -> 3.93GB
[WARNING] [stderr] 2026-08-06T04:28:38.151-0600	INFO	Notification Thread	io.airlift.stats.JmxGcMonitor	Major GC: application 2.11s, stopped 189.00ms: 12.19GB -> 3.93GB
[WARNING] [stderr] 2026-08-06T04:28:38.151-0600	INFO	Notification Thread	io.airlift.stats.JmxGcMonitor	Major GC: application 2.11s, stopped 189.00ms: 12.19GB -> 3.93GB
[WARNING] [stderr] 2026-08-06T04:28:40.659-0600	INFO	Notification Thread	io.airlift.stats.JmxGcMonitor	Major GC: application 2.32s, stopped 193.00ms: 12.19GB -> 3.43GB
[WARNING] [stderr] 2026-08-06T04:28:40.661-0600	INFO	Notification Thread	io.airlift.stats.JmxGcMonitor	Major GC: application 2.32s, stopped 193.00ms: 12.19GB -> 3.43GB
[WARNING] [stderr] 2026-08-06T04:28:40.661-0600	INFO	Notification Thread	io.airlift.stats.JmxGcMonitor	Major GC: application 2.32s, stopped 193.00ms: 12.19GB -> 3.43GB
[WARNING] [stderr] 2026-08-06T04:28:40.661-0600	INFO	Notification Thread	io.airlift.stats.JmxGcMonitor	Major GC: application 2.32s, stopped 193.00ms: 12.19GB -> 3.43GB
[WARNING] [stderr] 2026-08-06T04:28:49.255-0600	INFO	Notification Thread	io.airlift.stats.JmxGcMonitor	Major GC: application 8.41s, stopped 181.00ms: 12.19GB -> 4.27GB
[WARNING] [stderr] 2026-08-06T04:28:49.256-0600	INFO	Notification Thread	io.airlift.stats.JmxGcMonitor	Major GC: application 8.41s, stopped 181.00ms: 12.19GB -> 4.27GB
[WARNING] [stderr] 2026-08-06T04:28:49.256-0600	INFO	Notification Thread	io.airlift.stats.JmxGcMonitor	Major GC: application 8.41s, stopped 181.00ms: 12.19GB -> 4.27GB
[WARNING] [stderr] 2026-08-06T04:28:49.256-0600	INFO	Notification Thread	io.airlift.stats.JmxGcMonitor	Major GC: application 8.41s, stopped 181.00ms: 12.19GB -> 4.27GB
[WARNING] [stderr] 2026-08-06T04:28:51.580-0600	INFO	Notification Thread	io.airlift.stats.JmxGcMonitor	Major GC: application 2.13s, stopped 197.00ms: 12.19GB -> 4.27GB
[WARNING] [stderr] 2026-08-06T04:28:51.582-0600	INFO	Notification Thread	io.airlift.stats.JmxGcMonitor	Major GC: application 2.13s, stopped 197.00ms: 12.19GB -> 4.27GB
[WARNING] [stderr] 2026-08-06T04:28:51.582-0600	INFO	Notification Thread	io.airlift.stats.JmxGcMonitor	Major GC: application 2.13s, stopped 197.00ms: 12.19GB -> 4.27GB
[WARNING] [stderr] 2026-08-06T04:28:51.582-0600	INFO	Notification Thread	io.airlift.stats.JmxGcMonitor	Major GC: application 2.13s, stopped 197.00ms: 12.19GB -> 4.27GB
[WARNING] [stderr] 2026-08-06T04:28:53.432-0600	INFO	Notification Thread	io.airlift.stats.JmxGcMonitor	Major GC: application 1.64s, stopped 213.00ms: 12.18GB -> 4.66GB
[WARNING] [stderr] 2026-08-06T04:28:53.432-0600	INFO	Notification Thread	io.airlift.stats.JmxGcMonitor	Major GC: application 1.64s, stopped 213.00ms: 12.18GB -> 4.66GB
[WARNING] [stderr] 2026-08-06T04:28:53.432-0600	INFO	Notification Thread	io.airlift.stats.JmxGcMonitor	Major GC: application 1.64s, stopped 213.00ms: 12.18GB -> 4.66GB
[WARNING] [stderr] 2026-08-06T04:28:53.432-0600	INFO	Notification Thread	io.airlift.stats.JmxGcMonitor	Major GC: application 1.64s, stopped 213.00ms: 12.18GB -> 4.66GB
[WARNING] [stderr] 2026-08-06T04:28:59.415-0600	INFO	Notification Thread	io.airlift.stats.JmxGcMonitor	Major GC: application 5.76s, stopped 218.00ms: 12.19GB -> 4.12GB
[WARNING] [stderr] 2026-08-06T04:28:59.415-0600	INFO	Notification Thread	io.airlift.stats.JmxGcMonitor	Major GC: application 5.76s, stopped 218.00ms: 12.19GB -> 4.12GB
[WARNING] [stderr] 2026-08-06T04:28:59.415-0600	INFO	Notification Thread	io.airlift.stats.JmxGcMonitor	Major GC: application 5.76s, stopped 218.00ms: 12.19GB -> 4.12GB
[WARNING] [stderr] 2026-08-06T04:28:59.415-0600	INFO	Notification Thread	io.airlift.stats.JmxGcMonitor	Major GC: application 5.76s, stopped 218.00ms: 12.19GB -> 4.12GB
[WARNING] [stderr] 2026-08-06T04:29:02.823-0600	INFO	Notification Thread	io.airlift.stats.JmxGcMonitor	Major GC: application 3.22s, stopped 190.00ms: 12.19GB -> 4.05GB
[WARNING] [stderr] 2026-08-06T04:29:02.824-0600	INFO	Notification Thread	io.airlift.stats.JmxGcMonitor	Major GC: application 3.22s, stopped 190.00ms: 12.19GB -> 4.05GB
[WARNING] [stderr] 2026-08-06T04:29:02.824-0600	INFO	Notification Thread	io.airlift.stats.JmxGcMonitor	Major GC: application 3.22s, stopped 190.00ms: 12.19GB -> 4.05GB
[WARNING] [stderr] 2026-08-06T04:29:02.824-0600	INFO	Notification Thread	io.airlift.stats.JmxGcMonitor	Major GC: application 3.22s, stopped 190.00ms: 12.19GB -> 4.05GB
[WARNING] [stderr] 2026-08-06T04:29:15.884-0600	INFO	Notification Thread	io.airlift.stats.JmxGcMonitor	Major GC: application 12.86s, stopped 203.00ms: 12.19GB -> 3.55GB
[WARNING] [stderr] 2026-08-06T04:29:15.884-0600	INFO	Notification Thread	io.airlift.stats.JmxGcMonitor	Major GC: application 12.86s, stopped 203.00ms: 12.19GB -> 3.55GB
[WARNING] [stderr] 2026-08-06T04:29:15.884-0600	INFO	Notification Thread	io.airlift.stats.JmxGcMonitor	Major GC: application 12.86s, stopped 203.00ms: 12.19GB -> 3.55GB
[WARNING] [stderr] 2026-08-06T04:29:15.884-0600	INFO	Notification Thread	io.airlift.stats.JmxGcMonitor	Major GC: application 12.86s, stopped 203.00ms: 12.19GB -> 3.55GB
[WARNING] [stderr] 2026-08-06T04:29:16.702-0600	INFO	Notification Thread	io.airlift.stats.JmxGcMonitor	Major GC: application 622.00ms, stopped 196.00ms: 12.02GB -> 4.48GB
[WARNING] [stderr] 2026-08-06T04:29:16.703-0600	INFO	Notification Thread	io.airlift.stats.JmxGcMonitor	Major GC: application 622.00ms, stopped 196.00ms: 12.02GB -> 4.48GB
[WARNING] [stderr] 2026-08-06T04:29:16.703-0600	INFO	Notification Thread	io.airlift.stats.JmxGcMonitor	Major GC: application 622.00ms, stopped 196.00ms: 12.02GB -> 4.48GB
[WARNING] [stderr] 2026-08-06T04:29:16.703-0600	INFO	Notification Thread	io.airlift.stats.JmxGcMonitor	Major GC: application 622.00ms, stopped 196.00ms: 12.02GB -> 4.48GB
[WARNING] [stderr] 2026-08-06T04:29:18.672-0600	INFO	Notification Thread	io.airlift.stats.JmxGcMonitor	Major GC: application 1.79s, stopped 177.00ms: 12.16GB -> 4.22GB
[WARNING] [stderr] 2026-08-06T04:29:18.672-0600	INFO	Notification Thread	io.airlift.stats.JmxGcMonitor	Major GC: application 1.79s, stopped 177.00ms: 12.16GB -> 4.22GB
[WARNING] [stderr] 2026-08-06T04:29:18.672-0600	INFO	Notification Thread	io.airlift.stats.JmxGcMonitor	Major GC: application 1.79s, stopped 177.00ms: 12.16GB -> 4.22GB
[WARNING] [stderr] 2026-08-06T04:29:18.672-0600	INFO	Notification Thread	io.airlift.stats.JmxGcMonitor	Major GC: application 1.79s, stopped 177.00ms: 12.16GB -> 4.22GB
[WARNING] [stderr] 2026-08-06T04:29:21.881-0600	INFO	Notification Thread	io.airlift.stats.JmxGcMonitor	Major GC: application 3.03s, stopped 178.00ms: 12.19GB -> 3.39GB
[WARNING] [stderr] 2026-08-06T04:29:21.881-0600	INFO	Notification Thread	io.airlift.stats.JmxGcMonitor	Major GC: application 3.03s, stopped 178.00ms: 12.19GB -> 3.39GB
[WARNING] [stderr] 2026-08-06T04:29:21.881-0600	INFO	Notification Thread	io.airlift.stats.JmxGcMonitor	Major GC: application 3.03s, stopped 178.00ms: 12.19GB -> 3.39GB
[WARNING] [stderr] 2026-08-06T04:29:21.881-0600	INFO	Notification Thread	io.airlift.stats.JmxGcMonitor	Major GC: application 3.03s, stopped 178.00ms: 12.19GB -> 3.39GB
[WARNING] [stderr] 2026-08-06T04:29:22.418-0600	INFO	ForkJoinPool-1-worker-1	stdout	nitro,clickbench,q24,3,7533.640,7590.047,7674.639,7599.442,29822.000,29822.000,3.9242,99997497,0,165
[WARNING] [stderr] 2026-08-06T04:29:22.418-0600	INFO	ForkJoinPool-1-worker-1	stdout	peak_memory,nitro,clickbench,q24,3,571.370,629.575,12249.832,12252.593
[WARNING] [stderr] 2026-08-06T04:29:22.418-0600	INFO	ForkJoinPool-1-worker-1	stdout	trino,clickbench,q24,3,5367.278,5706.650,5789.729,5621.219,33740.000,33890.000,6.0289,99997497,0,0
[WARNING] [stderr] 2026-08-06T04:29:22.418-0600	INFO	ForkJoinPool-1-worker-1	stdout	peak_memory,trino,clickbench,q24,3,634.179,679.184,10284.826,10564.637
[WARNING] [stderr] 2026-08-06T04:29:22.418-0600	INFO	ForkJoinPool-1-worker-1	stdout	nitro_over_trino_p50,1.3300354079141197
[WARNING] [stderr] 2026-08-06T04:29:22.418-0600	INFO	ForkJoinPool-1-worker-1	stdout	nitro_over_trino_cpu_p50,0.8838767042086544
[WARNING] [stderr] 2026-08-06T04:29:22.418-0600	INFO	ForkJoinPool-1-worker-1	stdout	nitro_over_trino_cpu_mean,0.8799645913248746
[INFO] Tests run: 1, Failures: 0, Errors: 0, Skipped: 0, Time elapsed: 179.1 s -- in io.trino.tests.nitro.TestNitroClickBenchQueries
[WARNING] [stderr] 2026-08-06T04:29:22.460-0600	INFO	main	io.trino.testing.containers.junit.ReportLeakedContainers	DockerClientFactory not initialized, so there should be no leaked containers, skipping the check
[INFO] 
[INFO] Results:
[INFO] 
[INFO] Tests run: 1, Failures: 0, Errors: 0, Skipped: 0
[INFO] 
[INFO] ------------------------------------------------------------------------
[INFO] BUILD SUCCESS
[INFO] ------------------------------------------------------------------------
[INFO] Total time:  03:08 min (Wall Clock)
[INFO] Finished at: 2026-08-06T10:29:23Z
[INFO] ------------------------------------------------------------------------
[INFO] Njord session closed
