[INFO] Processing build on daemon 69576bd6
[INFO] Scanning for projects...
[INFO] Njord 0.9.4 session created
[INFO] BuildTimeEventSpy is registered.
[INFO] 
[INFO] Using the SmartBuilder implementation with a thread count of 7
[INFO] 
[INFO] -------------------------< org.weakref:nitro >--------------------------
[INFO] Building nitro 1-SNAPSHOT
[INFO]   from pom.xml
[INFO] --------------------------------[ jar ]---------------------------------
[WARNING] 2 problems were encountered while building the effective model for org.apache.yetus:audience-annotations:jar:0.5.0 during dependency collection step for project (use -X to see details)
[INFO] 
[INFO] --- exec:3.6.1:exec (benchmark) @ nitro ---
[WARNING] [stderr] WARNING: Using incubator modules: jdk.incubator.vector
[WARNING] [stderr] WARNING: A terminally deprecated method in sun.misc.Unsafe has been called
[WARNING] [stderr] WARNING: sun.misc.Unsafe::objectFieldOffset has been called by org.openjdk.jmh.util.Utils (file:/root/.m2/repository/org/openjdk/jmh/jmh-core/1.37/jmh-core-1.37.jar)
[WARNING] [stderr] WARNING: Please consider reporting this to the maintainers of class org.openjdk.jmh.util.Utils
[WARNING] [stderr] WARNING: sun.misc.Unsafe::objectFieldOffset will be removed in a future release
[INFO] [stdout] # JMH version: 1.37
[INFO] [stdout] # VM version: JDK 26.0.1, OpenJDK 64-Bit Server VM, 26.0.1+8
[INFO] [stdout] # VM invoker: /opt/java/openjdk/bin/java
[INFO] [stdout] # VM options: --enable-preview --add-modules=jdk.incubator.vector -Xms8g -Xmx12g -XX:+AlwaysPreTouch -XX:+UseTransparentHugePages -Dnitro.tpcds.parquet.path=/root/data/tpcds-parquet-sf10 -Dnitro.scalar.directDenseIsNullBooleanCopy=false
[INFO] [stdout] # Blackhole mode: compiler (auto-detected, use -Djmh.blackhole.autoDetect=false to disable)
[INFO] [stdout] # Warmup: 10 iterations, 1 s each
[INFO] [stdout] # Measurement: 5 iterations, 1 s each
[INFO] [stdout] # Timeout: 30 min per iteration
[INFO] [stdout] # Threads: 1 thread, will synchronize iterations
[INFO] [stdout] # Benchmark mode: Average time, time/op
[INFO] [stdout] # Benchmark: org.weakref.nitro.tpcds.BenchmarkQueries.query01
[INFO] [stdout] 
[INFO] [stdout] # Run progress: 0.00% complete, ETA 00:01:30
[INFO] [stdout] # Fork: 1 of 3
[INFO] [stdout] # Preparing profilers: LinuxPerfNormProfiler 
[INFO] [stdout] # Profilers consume stderr from target VM, use -v EXTRA to copy to console
[INFO] [stdout] # Warmup Iteration   1: 1150.475 ms/op
[INFO] [stdout] # Warmup Iteration   2: 163.103 ms/op
[INFO] [stdout] # Warmup Iteration   3: 150.288 ms/op
[INFO] [stdout] # Warmup Iteration   4: 149.302 ms/op
[INFO] [stdout] # Warmup Iteration   5: 159.656 ms/op
[INFO] [stdout] # Warmup Iteration   6: 146.899 ms/op
[INFO] [stdout] # Warmup Iteration   7: 146.981 ms/op
[INFO] [stdout] # Warmup Iteration   8: 146.890 ms/op
[INFO] [stdout] # Warmup Iteration   9: 146.824 ms/op
[INFO] [stdout] # Warmup Iteration  10: 146.782 ms/op
[INFO] [stdout] Iteration   1: 148.067 ms/op
[INFO] [stdout]                  gc.alloc.rate:      789.571 MB/sec
[INFO] [stdout]                  gc.alloc.rate.norm: 122604794.286 B/op
[INFO] [stdout]                  gc.count:           1.000 counts
[INFO] [stdout]                  gc.time:            7.000 ms
[INFO] [stdout] 
[INFO] [stdout] Iteration   2: 146.635 ms/op
[INFO] [stdout]                  gc.alloc.rate:      797.268 MB/sec
[INFO] [stdout]                  gc.alloc.rate.norm: 122603761.143 B/op
[INFO] [stdout]                  gc.count:           ≈ 0 counts
[INFO] [stdout] 
[INFO] [stdout] Iteration   3: 146.070 ms/op
[INFO] [stdout]                  gc.alloc.rate:      800.344 MB/sec
[INFO] [stdout]                  gc.alloc.rate.norm: 122602940.571 B/op
[INFO] [stdout]                  gc.count:           ≈ 0 counts
[INFO] [stdout] 
[INFO] [stdout] Iteration   4: 147.189 ms/op
[INFO] [stdout]                  gc.alloc.rate:      794.143 MB/sec
[INFO] [stdout]                  gc.alloc.rate.norm: 122586890.286 B/op
[INFO] [stdout]                  gc.count:           ≈ 0 counts
[INFO] [stdout] 
[INFO] [stdout] Iteration   5: 146.149 ms/op
[INFO] [stdout]                  gc.alloc.rate:      799.794 MB/sec
[INFO] [stdout]                  gc.alloc.rate.norm: 122583956.571 B/op
[INFO] [stdout]                  gc.count:           ≈ 0 counts
[INFO] [stdout] 
[INFO] [stdout] # Processing profiler results: LinuxPerfNormProfiler 
[INFO] [stdout] 
[INFO] [stdout] # Run progress: 16.67% complete, ETA 00:01:27
[INFO] [stdout] # Fork: 2 of 3
[INFO] [stdout] # Preparing profilers: LinuxPerfNormProfiler 
[INFO] [stdout] # Profilers consume stderr from target VM, use -v EXTRA to copy to console
[INFO] [stdout] # Warmup Iteration   1: 1115.328 ms/op
[INFO] [stdout] # Warmup Iteration   2: 167.049 ms/op
[INFO] [stdout] # Warmup Iteration   3: 153.770 ms/op
[INFO] [stdout] # Warmup Iteration   4: 151.092 ms/op
[INFO] [stdout] # Warmup Iteration   5: 149.018 ms/op
[INFO] [stdout] # Warmup Iteration   6: 148.653 ms/op
[INFO] [stdout] # Warmup Iteration   7: 149.099 ms/op
[INFO] [stdout] # Warmup Iteration   8: 148.650 ms/op
[INFO] [stdout] # Warmup Iteration   9: 149.497 ms/op
[INFO] [stdout] # Warmup Iteration  10: 150.149 ms/op
[INFO] [stdout] Iteration   1: 148.728 ms/op
[INFO] [stdout]                  gc.alloc.rate:      786.172 MB/sec
[INFO] [stdout]                  gc.alloc.rate.norm: 122623492.571 B/op
[INFO] [stdout]                  gc.count:           ≈ 0 counts
[INFO] [stdout] 
[INFO] [stdout] Iteration   2: 148.377 ms/op
[INFO] [stdout]                  gc.alloc.rate:      787.997 MB/sec
[INFO] [stdout]                  gc.alloc.rate.norm: 122617348.571 B/op
[INFO] [stdout]                  gc.count:           ≈ 0 counts
[INFO] [stdout] 
[INFO] [stdout] Iteration   3: 148.280 ms/op
[INFO] [stdout]                  gc.alloc.rate:      788.536 MB/sec
[INFO] [stdout]                  gc.alloc.rate.norm: 122618164.571 B/op
[INFO] [stdout]                  gc.count:           ≈ 0 counts
[INFO] [stdout] 
[INFO] [stdout] Iteration   4: 148.584 ms/op
[INFO] [stdout]                  gc.alloc.rate:      786.814 MB/sec
[INFO] [stdout]                  gc.alloc.rate.norm: 122603997.714 B/op
[INFO] [stdout]                  gc.count:           ≈ 0 counts
[INFO] [stdout] 
[INFO] [stdout] Iteration   5: 148.502 ms/op
[INFO] [stdout]                  gc.alloc.rate:      787.194 MB/sec
[INFO] [stdout]                  gc.alloc.rate.norm: 122598364.571 B/op
[INFO] [stdout]                  gc.count:           ≈ 0 counts
[INFO] [stdout] 
[INFO] [stdout] # Processing profiler results: LinuxPerfNormProfiler 
[INFO] [stdout] 
[INFO] [stdout] # Run progress: 33.33% complete, ETA 00:01:09
[INFO] [stdout] # Fork: 3 of 3
[INFO] [stdout] # Preparing profilers: LinuxPerfNormProfiler 
[INFO] [stdout] # Profilers consume stderr from target VM, use -v EXTRA to copy to console
[INFO] [stdout] # Warmup Iteration   1: 1113.528 ms/op
[INFO] [stdout] # Warmup Iteration   2: 164.857 ms/op
[INFO] [stdout] # Warmup Iteration   3: 152.138 ms/op
[INFO] [stdout] # Warmup Iteration   4: 150.871 ms/op
[INFO] [stdout] # Warmup Iteration   5: 149.048 ms/op
[INFO] [stdout] # Warmup Iteration   6: 148.696 ms/op
[INFO] [stdout] # Warmup Iteration   7: 149.779 ms/op
[INFO] [stdout] # Warmup Iteration   8: 148.159 ms/op
[INFO] [stdout] # Warmup Iteration   9: 148.408 ms/op
[INFO] [stdout] # Warmup Iteration  10: 148.376 ms/op
[INFO] [stdout] Iteration   1: 149.961 ms/op
[INFO] [stdout]                  gc.alloc.rate:      779.895 MB/sec
[INFO] [stdout]                  gc.alloc.rate.norm: 122654722.286 B/op
[INFO] [stdout]                  gc.count:           1.000 counts
[INFO] [stdout]                  gc.time:            8.000 ms
[INFO] [stdout] 
[INFO] [stdout] Iteration   2: 147.071 ms/op
[INFO] [stdout]                  gc.alloc.rate:      795.079 MB/sec
[INFO] [stdout]                  gc.alloc.rate.norm: 122629325.714 B/op
[INFO] [stdout]                  gc.count:           ≈ 0 counts
[INFO] [stdout] 
[INFO] [stdout] Iteration   3: 146.837 ms/op
[INFO] [stdout]                  gc.alloc.rate:      796.344 MB/sec
[INFO] [stdout]                  gc.alloc.rate.norm: 122628500.571 B/op
[INFO] [stdout]                  gc.count:           ≈ 0 counts
[INFO] [stdout] 
[INFO] [stdout] Iteration   4: 146.915 ms/op
[INFO] [stdout]                  gc.alloc.rate:      795.803 MB/sec
[INFO] [stdout]                  gc.alloc.rate.norm: 122612450.286 B/op
[INFO] [stdout]                  gc.count:           ≈ 0 counts
[INFO] [stdout] 
[INFO] [stdout] Iteration   5: 146.739 ms/op
[INFO] [stdout]                  gc.alloc.rate:      796.761 MB/sec
[INFO] [stdout]                  gc.alloc.rate.norm: 122609512.000 B/op
[INFO] [stdout]                  gc.count:           ≈ 0 counts
[INFO] [stdout] 
[INFO] [stdout] # Processing profiler results: LinuxPerfNormProfiler 
[INFO] [stdout] 
[INFO] [stdout] 
[INFO] [stdout] Result "org.weakref.nitro.tpcds.BenchmarkQueries.query01":
[INFO] [stdout]   147.607 ±(99.9%) 1.196 ms/op [Average]
[INFO] [stdout]   (min, avg, max) = (146.070, 147.607, 149.961), stdev = 1.119
[INFO] [stdout]   CI (99.9%): [146.410, 148.803] (assumes normal distribution)
[INFO] [stdout] 
[INFO] [stdout] Secondary result "org.weakref.nitro.tpcds.BenchmarkQueries.query01:CPI":
[INFO] [stdout]   0.285 ±(99.9%) 0.031 clks/insn [Average]
[INFO] [stdout]   (min, avg, max) = (0.284, 0.285, 0.287), stdev = 0.002
[INFO] [stdout]   CI (99.9%): [0.253, 0.316] (assumes normal distribution)
[INFO] [stdout] 
[INFO] [stdout] Secondary result "org.weakref.nitro.tpcds.BenchmarkQueries.query01:IPC":
[INFO] [stdout]   3.514 ±(99.9%) 0.387 insns/clk [Average]
[INFO] [stdout]   (min, avg, max) = (3.490, 3.514, 3.527), stdev = 0.021
[INFO] [stdout]   CI (99.9%): [3.127, 3.902] (assumes normal distribution)
[INFO] [stdout] 
[INFO] [stdout] Secondary result "org.weakref.nitro.tpcds.BenchmarkQueries.query01:L1-dcache-load-misses":
[INFO] [stdout]   19463199.198 ±(99.9%) 3203565.598 #/op [Average]
[INFO] [stdout]   (min, avg, max) = (19360222.372, 19463199.198, 19665954.170), stdev = 175598.240
[INFO] [stdout]   CI (99.9%): [16259633.600, 22666764.796] (assumes normal distribution)
[INFO] [stdout] 
[INFO] [stdout] Secondary result "org.weakref.nitro.tpcds.BenchmarkQueries.query01:L1-dcache-loads":
[INFO] [stdout]   1387091617.443 ±(99.9%) 52115497.010 #/op [Average]
[INFO] [stdout]   (min, avg, max) = (1385131183.743, 1387091617.443, 1390369188.923), stdev = 2856626.247
[INFO] [stdout]   CI (99.9%): [1334976120.433, 1439207114.453] (assumes normal distribution)
[INFO] [stdout] 
[INFO] [stdout] Secondary result "org.weakref.nitro.tpcds.BenchmarkQueries.query01:branch-misses":
[INFO] [stdout]   6081177.639 ±(99.9%) 549168.190 #/op [Average]
[INFO] [stdout]   (min, avg, max) = (6059964.525, 6081177.639, 6115629.927), stdev = 30101.762
[INFO] [stdout]   CI (99.9%): [5532009.449, 6630345.829] (assumes normal distribution)
[INFO] [stdout] 
[INFO] [stdout] Secondary result "org.weakref.nitro.tpcds.BenchmarkQueries.query01:branches":
[INFO] [stdout]   548711424.992 ±(99.9%) 19797670.083 #/op [Average]
[INFO] [stdout]   (min, avg, max) = (547782253.951, 548711424.992, 549904083.465), stdev = 1085177.101
[INFO] [stdout]   CI (99.9%): [528913754.910, 568509095.075] (assumes normal distribution)
[INFO] [stdout] 
[INFO] [stdout] Secondary result "org.weakref.nitro.tpcds.BenchmarkQueries.query01:cycles":
[INFO] [stdout]   816268517.393 ±(99.9%) 95833079.050 #/op [Average]
[INFO] [stdout]   (min, avg, max) = (811283521.420, 816268517.393, 821753619.857), stdev = 5252934.437
[INFO] [stdout]   CI (99.9%): [720435438.344, 912101596.443] (assumes normal distribution)
[INFO] [stdout] 
[INFO] [stdout] Secondary result "org.weakref.nitro.tpcds.BenchmarkQueries.query01:dTLB-load-misses":
[INFO] [stdout]   129359.478 ±(99.9%) 136678.859 #/op [Average]
[INFO] [stdout]   (min, avg, max) = (121381.473, 129359.478, 136245.217), stdev = 7491.829
[INFO] [stdout]   CI (99.9%): [≈ 0, 266038.337] (assumes normal distribution)
[INFO] [stdout] 
[INFO] [stdout] Secondary result "org.weakref.nitro.tpcds.BenchmarkQueries.query01:dTLB-loads":
[INFO] [stdout]   1418103.293 ±(99.9%) 181036.204 #/op [Average]
[INFO] [stdout]   (min, avg, max) = (1408052.588, 1418103.293, 1427893.884), stdev = 9923.205
[INFO] [stdout]   CI (99.9%): [1237067.090, 1599139.497] (assumes normal distribution)
[INFO] [stdout] 
[INFO] [stdout] Secondary result "org.weakref.nitro.tpcds.BenchmarkQueries.query01:gc.alloc.rate":
[INFO] [stdout]   792.114 ±(99.9%) 6.340 MB/sec [Average]
[INFO] [stdout]   (min, avg, max) = (779.895, 792.114, 800.344), stdev = 5.931
[INFO] [stdout]   CI (99.9%): [785.774, 798.455] (assumes normal distribution)
[INFO] [stdout] 
[INFO] [stdout] Secondary result "org.weakref.nitro.tpcds.BenchmarkQueries.query01:gc.alloc.rate.norm":
[INFO] [stdout]   122611881.448 ±(99.9%) 19105.319 B/op [Average]
[INFO] [stdout]   (min, avg, max) = (122583956.571, 122611881.448, 122654722.286), stdev = 17871.128
[INFO] [stdout]   CI (99.9%): [122592776.128, 122630986.767] (assumes normal distribution)
[INFO] [stdout] 
[INFO] [stdout] Secondary result "org.weakref.nitro.tpcds.BenchmarkQueries.query01:gc.count":
[INFO] [stdout]   2.000 ±(99.9%) 0.001 counts [Sum]
[INFO] [stdout]   (min, avg, max) = (≈ 0, 0.133, 1.000), stdev = 0.352
[INFO] [stdout]   CI (99.9%): [2.000, 2.000] (assumes normal distribution)
[INFO] [stdout] 
[INFO] [stdout] Secondary result "org.weakref.nitro.tpcds.BenchmarkQueries.query01:gc.time":
[INFO] [stdout]   15.000 ±(99.9%) 0.001 ms [Sum]
[INFO] [stdout]   (min, avg, max) = (≈ 0, 1.000, 8.000), stdev = 2.646
[INFO] [stdout]   CI (99.9%): [15.000, 15.000] (assumes normal distribution)
[INFO] [stdout] 
[INFO] [stdout] Secondary result "org.weakref.nitro.tpcds.BenchmarkQueries.query01:instructions":
[INFO] [stdout]   2868418833.004 ±(99.9%) 137881017.163 #/op [Average]
[INFO] [stdout]   (min, avg, max) = (2861292198.784, 2868418833.004, 2876344202.692), stdev = 7557723.809
[INFO] [stdout]   CI (99.9%): [2730537815.841, 3006299850.167] (assumes normal distribution)
[INFO] [stdout] 
[INFO] [stdout] 
[INFO] [stdout] # JMH version: 1.37
[INFO] [stdout] # VM version: JDK 26.0.1, OpenJDK 64-Bit Server VM, 26.0.1+8
[INFO] [stdout] # VM invoker: /opt/java/openjdk/bin/java
[INFO] [stdout] # VM options: --enable-preview --add-modules=jdk.incubator.vector -Xms8g -Xmx12g -XX:+AlwaysPreTouch -XX:+UseTransparentHugePages -Dnitro.tpcds.parquet.path=/root/data/tpcds-parquet-sf10 -Dnitro.scalar.directDenseIsNullBooleanCopy=false
[INFO] [stdout] # Blackhole mode: compiler (auto-detected, use -Djmh.blackhole.autoDetect=false to disable)
[INFO] [stdout] # Warmup: 10 iterations, 1 s each
[INFO] [stdout] # Measurement: 5 iterations, 1 s each
[INFO] [stdout] # Timeout: 30 min per iteration
[INFO] [stdout] # Threads: 1 thread, will synchronize iterations
[INFO] [stdout] # Benchmark mode: Average time, time/op
[INFO] [stdout] # Benchmark: org.weakref.nitro.tpcds.BenchmarkQueries.query97
[INFO] [stdout] 
[INFO] [stdout] # Run progress: 50.00% complete, ETA 00:00:52
[INFO] [stdout] # Fork: 1 of 3
[INFO] [stdout] # Preparing profilers: LinuxPerfNormProfiler 
[INFO] [stdout] # Profilers consume stderr from target VM, use -v EXTRA to copy to console
[INFO] [stdout] # Warmup Iteration   1: 2291.639 ms/op
[INFO] [stdout] # Warmup Iteration   2: 1291.890 ms/op
[INFO] [stdout] # Warmup Iteration   3: 1306.884 ms/op
[INFO] [stdout] # Warmup Iteration   4: 1245.112 ms/op
[INFO] [stdout] # Warmup Iteration   5: 1263.000 ms/op
[INFO] [stdout] # Warmup Iteration   6: 1247.637 ms/op
[INFO] [stdout] # Warmup Iteration   7: 1232.009 ms/op
[INFO] [stdout] # Warmup Iteration   8: 1190.560 ms/op
[INFO] [stdout] # Warmup Iteration   9: 1244.602 ms/op
[INFO] [stdout] # Warmup Iteration  10: 1242.103 ms/op
[INFO] [stdout] Iteration   1: 1551.194 ms/op
[INFO] [stdout]                  gc.alloc.rate:      770.401 MB/sec
[INFO] [stdout]                  gc.alloc.rate.norm: 1253191168.000 B/op
[INFO] [stdout]                  gc.count:           1.000 counts
[INFO] [stdout]                  gc.time:            188.000 ms
[INFO] [stdout] 
[INFO] [stdout] Iteration   2: 1201.501 ms/op
[INFO] [stdout]                  gc.alloc.rate:      994.577 MB/sec
[INFO] [stdout]                  gc.alloc.rate.norm: 1253190472.000 B/op
[INFO] [stdout]                  gc.count:           ≈ 0 counts
[INFO] [stdout] 
[INFO] [stdout] Iteration   3: 1217.612 ms/op
[INFO] [stdout]                  gc.alloc.rate:      976.538 MB/sec
[INFO] [stdout]                  gc.alloc.rate.norm: 1246950688.000 B/op
[INFO] [stdout]                  gc.count:           1.000 counts
[INFO] [stdout]                  gc.time:            6.000 ms
[INFO] [stdout] 
[INFO] [stdout] Iteration   4: 1209.185 ms/op
[INFO] [stdout]                  gc.alloc.rate:      979.039 MB/sec
[INFO] [stdout]                  gc.alloc.rate.norm: 1241504104.000 B/op
[INFO] [stdout]                  gc.count:           1.000 counts
[INFO] [stdout]                  gc.time:            9.000 ms
[INFO] [stdout] 
[INFO] [stdout] Iteration   5: 1277.713 ms/op
[INFO] [stdout]                  gc.alloc.rate:      926.542 MB/sec
[INFO] [stdout]                  gc.alloc.rate.norm: 1241511288.000 B/op
[INFO] [stdout]                  gc.count:           ≈ 0 counts
[INFO] [stdout] 
[INFO] [stdout] # Processing profiler results: LinuxPerfNormProfiler 
[INFO] [stdout] 
[INFO] [stdout] # Run progress: 66.67% complete, ETA 00:00:37
[INFO] [stdout] # Fork: 2 of 3
[INFO] [stdout] # Preparing profilers: LinuxPerfNormProfiler 
[INFO] [stdout] # Profilers consume stderr from target VM, use -v EXTRA to copy to console
[INFO] [stdout] # Warmup Iteration   1: 2313.907 ms/op
[INFO] [stdout] # Warmup Iteration   2: 1283.559 ms/op
[INFO] [stdout] # Warmup Iteration   3: 1260.835 ms/op
[INFO] [stdout] # Warmup Iteration   4: 1270.966 ms/op
[INFO] [stdout] # Warmup Iteration   5: 1256.391 ms/op
[INFO] [stdout] # Warmup Iteration   6: 1453.463 ms/op
[INFO] [stdout] # Warmup Iteration   7: 1223.599 ms/op
[INFO] [stdout] # Warmup Iteration   8: 1238.045 ms/op
[INFO] [stdout] # Warmup Iteration   9: 1243.069 ms/op
[INFO] [stdout] # Warmup Iteration  10: 1220.292 ms/op
[INFO] [stdout] Iteration   1: 1206.762 ms/op
[INFO] [stdout]                  gc.alloc.rate:      990.105 MB/sec
[INFO] [stdout]                  gc.alloc.rate.norm: 1253002400.000 B/op
[INFO] [stdout]                  gc.count:           1.000 counts
[INFO] [stdout]                  gc.time:            2.000 ms
[INFO] [stdout] 
[INFO] [stdout] Iteration   2: 1229.760 ms/op
[INFO] [stdout]                  gc.alloc.rate:      971.569 MB/sec
[INFO] [stdout]                  gc.alloc.rate.norm: 1253001704.000 B/op
[INFO] [stdout]                  gc.count:           1.000 counts
[INFO] [stdout]                  gc.time:            4.000 ms
[INFO] [stdout] 
[INFO] [stdout] Iteration   3: 1210.008 ms/op
[INFO] [stdout]                  gc.alloc.rate:      982.565 MB/sec
[INFO] [stdout]                  gc.alloc.rate.norm: 1246826208.000 B/op
[INFO] [stdout]                  gc.count:           1.000 counts
[INFO] [stdout]                  gc.time:            3.000 ms
[INFO] [stdout] 
[INFO] [stdout] Iteration   4: 1199.460 ms/op
[INFO] [stdout]                  gc.alloc.rate:      986.846 MB/sec
[INFO] [stdout]                  gc.alloc.rate.norm: 1241315440.000 B/op
[INFO] [stdout]                  gc.count:           ≈ 0 counts
[INFO] [stdout] 
[INFO] [stdout] Iteration   5: 1198.898 ms/op
[INFO] [stdout]                  gc.alloc.rate:      987.282 MB/sec
[INFO] [stdout]                  gc.alloc.rate.norm: 1241330208.000 B/op
[INFO] [stdout]                  gc.count:           1.000 counts
[INFO] [stdout]                  gc.time:            2.000 ms
[INFO] [stdout] 
[INFO] [stdout] # Processing profiler results: LinuxPerfNormProfiler 
[INFO] [stdout] 
[INFO] [stdout] # Run progress: 83.33% complete, ETA 00:00:19
[INFO] [stdout] # Fork: 3 of 3
[INFO] [stdout] # Preparing profilers: LinuxPerfNormProfiler 
[INFO] [stdout] # Profilers consume stderr from target VM, use -v EXTRA to copy to console
[INFO] [stdout] # Warmup Iteration   1: 2322.399 ms/op
[INFO] [stdout] # Warmup Iteration   2: 1290.837 ms/op
[INFO] [stdout] # Warmup Iteration   3: 1265.622 ms/op
[INFO] [stdout] # Warmup Iteration   4: 1284.391 ms/op
[INFO] [stdout] # Warmup Iteration   5: 1291.573 ms/op
[INFO] [stdout] # Warmup Iteration   6: 1228.755 ms/op
[INFO] [stdout] # Warmup Iteration   7: 1289.968 ms/op
[INFO] [stdout] # Warmup Iteration   8: 1231.011 ms/op
[INFO] [stdout] # Warmup Iteration   9: 1254.889 ms/op
[INFO] [stdout] # Warmup Iteration  10: 1460.864 ms/op
[INFO] [stdout] Iteration   1: 1223.486 ms/op
[INFO] [stdout]                  gc.alloc.rate:      790.970 MB/sec
[INFO] [stdout]                  gc.alloc.rate.norm: 1014881216.000 B/op
[INFO] [stdout]                  gc.count:           ≈ 0 counts
[INFO] [stdout] 
[INFO] [stdout] Iteration   2: 1228.433 ms/op
[INFO] [stdout]                  gc.alloc.rate:      786.026 MB/sec
[INFO] [stdout]                  gc.alloc.rate.norm: 1012617200.000 B/op
[INFO] [stdout]                  gc.count:           1.000 counts
[INFO] [stdout]                  gc.time:            9.000 ms
[INFO] [stdout] 
[INFO] [stdout] Iteration   3: 1230.900 ms/op
[INFO] [stdout]                  gc.alloc.rate:      777.917 MB/sec
[INFO] [stdout]                  gc.alloc.rate.norm: 1004167080.000 B/op
[INFO] [stdout]                  gc.count:           ≈ 0 counts
[INFO] [stdout] 
[INFO] [stdout] Iteration   4: 1231.852 ms/op
[INFO] [stdout]                  gc.alloc.rate:      776.555 MB/sec
[INFO] [stdout]                  gc.alloc.rate.norm: 1003195512.000 B/op
[INFO] [stdout]                  gc.count:           1.000 counts
[INFO] [stdout]                  gc.time:            8.000 ms
[INFO] [stdout] 
[INFO] [stdout] Iteration   5: 1275.651 ms/op
[INFO] [stdout]                  gc.alloc.rate:      749.904 MB/sec
[INFO] [stdout]                  gc.alloc.rate.norm: 1003211504.000 B/op
[INFO] [stdout]                  gc.count:           ≈ 0 counts
[INFO] [stdout] 
[INFO] [stdout] # Processing profiler results: LinuxPerfNormProfiler 
[INFO] [stdout] 
[INFO] [stdout] 
[INFO] [stdout] Result "org.weakref.nitro.tpcds.BenchmarkQueries.query97":
[INFO] [stdout]   1246.161 ±(99.9%) 93.852 ms/op [Average]
[INFO] [stdout]   (min, avg, max) = (1198.898, 1246.161, 1551.194), stdev = 87.789
[INFO] [stdout]   CI (99.9%): [1152.309, 1340.013] (assumes normal distribution)
[INFO] [stdout] 
[INFO] [stdout] Secondary result "org.weakref.nitro.tpcds.BenchmarkQueries.query97:CPI":
[INFO] [stdout]   0.333 ±(99.9%) 0.169 clks/insn [Average]
[INFO] [stdout]   (min, avg, max) = (0.323, 0.333, 0.341), stdev = 0.009
[INFO] [stdout]   CI (99.9%): [0.164, 0.501] (assumes normal distribution)
[INFO] [stdout] 
[INFO] [stdout] Secondary result "org.weakref.nitro.tpcds.BenchmarkQueries.query97:IPC":
[INFO] [stdout]   3.006 ±(99.9%) 1.531 insns/clk [Average]
[INFO] [stdout]   (min, avg, max) = (2.928, 3.006, 3.095), stdev = 0.084
[INFO] [stdout]   CI (99.9%): [1.475, 4.537] (assumes normal distribution)
[INFO] [stdout] 
[INFO] [stdout] Secondary result "org.weakref.nitro.tpcds.BenchmarkQueries.query97:L1-dcache-load-misses":
[INFO] [stdout]   189919657.717 ±(99.9%) 151816343.611 #/op [Average]
[INFO] [stdout]   (min, avg, max) = (184800545.867, 189919657.717, 199521548.648), stdev = 8321566.075
[INFO] [stdout]   CI (99.9%): [38103314.106, 341736001.328] (assumes normal distribution)
[INFO] [stdout] 
[INFO] [stdout] Secondary result "org.weakref.nitro.tpcds.BenchmarkQueries.query97:L1-dcache-loads":
[INFO] [stdout]   9750336276.183 ±(99.9%) 3060816026.069 #/op [Average]
[INFO] [stdout]   (min, avg, max) = (9564282729.065, 9750336276.183, 9890118342.471), stdev = 167773654.650
[INFO] [stdout]   CI (99.9%): [6689520250.114, 12811152302.253] (assumes normal distribution)
[INFO] [stdout] 
[INFO] [stdout] Secondary result "org.weakref.nitro.tpcds.BenchmarkQueries.query97:branch-misses":
[INFO] [stdout]   32041757.570 ±(99.9%) 9855162.387 #/op [Average]
[INFO] [stdout]   (min, avg, max) = (31676162.193, 32041757.570, 32662237.031), stdev = 540194.705
[INFO] [stdout]   CI (99.9%): [22186595.182, 41896919.957] (assumes normal distribution)
[INFO] [stdout] 
[INFO] [stdout] Secondary result "org.weakref.nitro.tpcds.BenchmarkQueries.query97:branches":
[INFO] [stdout]   3614328968.781 ±(99.9%) 1071719011.397 #/op [Average]
[INFO] [stdout]   (min, avg, max) = (3578651021.773, 3614328968.781, 3682130263.174), stdev = 58744535.368
[INFO] [stdout]   CI (99.9%): [2542609957.384, 4686047980.178] (assumes normal distribution)
[INFO] [stdout] 
[INFO] [stdout] Secondary result "org.weakref.nitro.tpcds.BenchmarkQueries.query97:cycles":
[INFO] [stdout]   6691305807.833 ±(99.9%) 5255203608.477 #/op [Average]
[INFO] [stdout]   (min, avg, max) = (6444481493.423, 6691305807.833, 7007809281.296), stdev = 288055442.671
[INFO] [stdout]   CI (99.9%): [1436102199.356, 11946509416.310] (assumes normal distribution)
[INFO] [stdout] 
[INFO] [stdout] Secondary result "org.weakref.nitro.tpcds.BenchmarkQueries.query97:dTLB-load-misses":
[INFO] [stdout]   2062580.351 ±(99.9%) 13995658.493 #/op [Average]
[INFO] [stdout]   (min, avg, max) = (1393530.007, 2062580.351, 2899894.473), stdev = 767149.268
[INFO] [stdout]   CI (99.9%): [≈ 0, 16058238.845] (assumes normal distribution)
[INFO] [stdout] 
[INFO] [stdout] Secondary result "org.weakref.nitro.tpcds.BenchmarkQueries.query97:dTLB-loads":
[INFO] [stdout]   13941165.050 ±(99.9%) 72050835.820 #/op [Average]
[INFO] [stdout]   (min, avg, max) = (9604603.326, 13941165.050, 17331344.138), stdev = 3949349.436
[INFO] [stdout]   CI (99.9%): [≈ 0, 85992000.870] (assumes normal distribution)
[INFO] [stdout] 
[INFO] [stdout] Secondary result "org.weakref.nitro.tpcds.BenchmarkQueries.query97:gc.alloc.rate":
[INFO] [stdout]   896.456 ±(99.9%) 111.074 MB/sec [Average]
[INFO] [stdout]   (min, avg, max) = (749.904, 896.456, 994.577), stdev = 103.899
[INFO] [stdout]   CI (99.9%): [785.382, 1007.530] (assumes normal distribution)
[INFO] [stdout] 
[INFO] [stdout] Secondary result "org.weakref.nitro.tpcds.BenchmarkQueries.query97:gc.alloc.rate.norm":
[INFO] [stdout]   1167326412.800 ±(99.9%) 125101316.641 B/op [Average]
[INFO] [stdout]   (min, avg, max) = (1003195512.000, 1167326412.800, 1253191168.000), stdev = 117019849.214
[INFO] [stdout]   CI (99.9%): [1042225096.159, 1292427729.441] (assumes normal distribution)
[INFO] [stdout] 
[INFO] [stdout] Secondary result "org.weakref.nitro.tpcds.BenchmarkQueries.query97:gc.count":
[INFO] [stdout]   9.000 ±(99.9%) 0.001 counts [Sum]
[INFO] [stdout]   (min, avg, max) = (≈ 0, 0.600, 1.000), stdev = 0.507
[INFO] [stdout]   CI (99.9%): [9.000, 9.000] (assumes normal distribution)
[INFO] [stdout] 
[INFO] [stdout] Secondary result "org.weakref.nitro.tpcds.BenchmarkQueries.query97:gc.time":
[INFO] [stdout]   231.000 ±(99.9%) 0.001 ms [Sum]
[INFO] [stdout]   (min, avg, max) = (≈ 0, 15.400, 188.000), stdev = 47.870
[INFO] [stdout]   CI (99.9%): [231.000, 231.000] (assumes normal distribution)
[INFO] [stdout] 
[INFO] [stdout] Secondary result "org.weakref.nitro.tpcds.BenchmarkQueries.query97:instructions":
[INFO] [stdout]   20098714816.770 ±(99.9%) 6770797374.322 #/op [Average]
[INFO] [stdout]   (min, avg, max) = (19828261302.245, 20098714816.770, 20521828419.262), stdev = 371130251.119
[INFO] [stdout]   CI (99.9%): [13327917442.447, 26869512191.092] (assumes normal distribution)
[INFO] [stdout] 
[INFO] [stdout] 
[INFO] [stdout] # Run complete. Total time: 00:01:57
[INFO] [stdout] 
[INFO] [stdout] REMEMBER: The numbers below are just data. To gain reusable insights, you need to follow up on
[INFO] [stdout] why the numbers are the way they are. Use profilers (see -prof, -lprof), design factorial
[INFO] [stdout] experiments, perform baseline and negative tests that provide experimental control, make sure
[INFO] [stdout] the benchmarking environment is safe on JVM/OS/HW level, ask for reviews from the domain experts.
[INFO] [stdout] Do not assume the numbers tell you what you want them to tell.
[INFO] [stdout] 
[INFO] [stdout] NOTE: Current JVM experimentally supports Compiler Blackholes, and they are in use. Please exercise
[INFO] [stdout] extra caution when trusting the results, look into the generated code to check the benchmark still
[INFO] [stdout] works, and factor in a small probability of new VM bugs. Additionally, while comparisons between
[INFO] [stdout] different JVMs are already problematic, the performance difference caused by different Blackhole
[INFO] [stdout] modes can be very significant. Please make sure you use the consistent Blackhole mode for comparisons.
[INFO] [stdout] 
[INFO] [stdout] Benchmark                                       Mode  Cnt            Score            Error      Units
[INFO] [stdout] BenchmarkQueries.query01                        avgt   15          147.607 ±          1.196      ms/op
[INFO] [stdout] BenchmarkQueries.query01:CPI                    avgt    3            0.285 ±          0.031  clks/insn
[INFO] [stdout] BenchmarkQueries.query01:IPC                    avgt    3            3.514 ±          0.387  insns/clk
[INFO] [stdout] BenchmarkQueries.query01:L1-dcache-load-misses  avgt    3     19463199.198 ±    3203565.598       #/op
[INFO] [stdout] BenchmarkQueries.query01:L1-dcache-loads        avgt    3   1387091617.443 ±   52115497.010       #/op
[INFO] [stdout] BenchmarkQueries.query01:branch-misses          avgt    3      6081177.639 ±     549168.190       #/op
[INFO] [stdout] BenchmarkQueries.query01:branches               avgt    3    548711424.992 ±   19797670.083       #/op
[INFO] [stdout] BenchmarkQueries.query01:cycles                 avgt    3    816268517.393 ±   95833079.050       #/op
[INFO] [stdout] BenchmarkQueries.query01:dTLB-load-misses       avgt    3       129359.478 ±     136678.859       #/op
[INFO] [stdout] BenchmarkQueries.query01:dTLB-loads             avgt    3      1418103.293 ±     181036.204       #/op
[INFO] [stdout] BenchmarkQueries.query01:gc.alloc.rate          avgt   15          792.114 ±          6.340     MB/sec
[INFO] [stdout] BenchmarkQueries.query01:gc.alloc.rate.norm     avgt   15    122611881.448 ±      19105.319       B/op
[INFO] [stdout] BenchmarkQueries.query01:gc.count               avgt   15            2.000                      counts
[INFO] [stdout] BenchmarkQueries.query01:gc.time                avgt   15           15.000                          ms
[INFO] [stdout] BenchmarkQueries.query01:instructions           avgt    3   2868418833.004 ±  137881017.163       #/op
[INFO] [stdout] BenchmarkQueries.query97                        avgt   15         1246.161 ±         93.852      ms/op
[INFO] [stdout] BenchmarkQueries.query97:CPI                    avgt    3            0.333 ±          0.169  clks/insn
[INFO] [stdout] BenchmarkQueries.query97:IPC                    avgt    3            3.006 ±          1.531  insns/clk
[INFO] [stdout] BenchmarkQueries.query97:L1-dcache-load-misses  avgt    3    189919657.717 ±  151816343.611       #/op
[INFO] [stdout] BenchmarkQueries.query97:L1-dcache-loads        avgt    3   9750336276.183 ± 3060816026.069       #/op
[INFO] [stdout] BenchmarkQueries.query97:branch-misses          avgt    3     32041757.570 ±    9855162.387       #/op
[INFO] [stdout] BenchmarkQueries.query97:branches               avgt    3   3614328968.781 ± 1071719011.397       #/op
[INFO] [stdout] BenchmarkQueries.query97:cycles                 avgt    3   6691305807.833 ± 5255203608.477       #/op
[INFO] [stdout] BenchmarkQueries.query97:dTLB-load-misses       avgt    3      2062580.351 ±   13995658.493       #/op
[INFO] [stdout] BenchmarkQueries.query97:dTLB-loads             avgt    3     13941165.050 ±   72050835.820       #/op
[INFO] [stdout] BenchmarkQueries.query97:gc.alloc.rate          avgt   15          896.456 ±        111.074     MB/sec
[INFO] [stdout] BenchmarkQueries.query97:gc.alloc.rate.norm     avgt   15   1167326412.800 ±  125101316.641       B/op
[INFO] [stdout] BenchmarkQueries.query97:gc.count               avgt   15            9.000                      counts
[INFO] [stdout] BenchmarkQueries.query97:gc.time                avgt   15          231.000                          ms
[INFO] [stdout] BenchmarkQueries.query97:instructions           avgt    3  20098714816.770 ± 6770797374.322       #/op
[INFO] [stdout] 
[INFO] [stdout] Benchmark result is saved to benchmarks/sweeps/20260722-targeted/tpcds-q97-triple-grouped-probe/direct-is-null-final/control-q01-q97-reverse-3fork.json
[INFO] ------------------------------------------------------------------------
[INFO] BUILD SUCCESS
[INFO] ------------------------------------------------------------------------
[INFO] Total time:  01:58 min (Wall Clock)
[INFO] Finished at: 2026-07-22T11:41:50Z
[INFO] ------------------------------------------------------------------------
[INFO] Njord session closed
