# q05
WARNING: Using incubator modules: jdk.incubator.vector
WARNING: A restricted method in java.lang.foreign.SymbolLookup has been called
WARNING: java.lang.foreign.SymbolLookup::libraryLookup has been called by io.airlift.compress.v3.internal.NativeLoader in an unnamed module (file:/root/.m2/repository/io/airlift/aircompressor-v3/3.4/aircompressor-v3-3.4.jar)
WARNING: Use --enable-native-access=ALL-UNNAMED to avoid a warning for callers in this module
WARNING: Restricted methods will be blocked in a future release unless native access is enabled

[dictionary-filter] kind=LONG optional=true rows=28800991 acceptedRows=298467 directRows=0 lastDictionary=578 lastAccepted=5 branchless=false
[dictionary-filter] kind=LONG optional=true rows=2875432 acceptedRows=15733 directRows=0 lastDictionary=2003 lastAccepted=15 branchless=false
[dictionary-filter] kind=LONG optional=true rows=14401261 acceptedRows=154647 directRows=0 lastDictionary=8 lastAccepted=0 branchless=false
[dictionary-filter] kind=LONG optional=true rows=1439749 acceptedRows=7329 directRows=0 lastDictionary=2092 lastAccepted=15 branchless=false
[dictionary-filter] kind=LONG optional=true rows=7197566 acceptedRows=78855 directRows=0 lastDictionary=1823 lastAccepted=15 branchless=false
[dictionary-filter] kind=LONG optional=true rows=6251400 acceptedRows=53748 directRows=0 lastDictionary=130229 lastAccepted=1117 branchless=false
[dictionary-filter] kind=LONG optional=true rows=719217 acceptedRows=5108 directRows=0 lastDictionary=2165 lastAccepted=15 branchless=false
query05: 1 iters, 778.2 ms/iter, rows-sink=600
# q12
WARNING: Using incubator modules: jdk.incubator.vector
WARNING: A restricted method in java.lang.foreign.SymbolLookup has been called
WARNING: java.lang.foreign.SymbolLookup::libraryLookup has been called by io.airlift.compress.v3.internal.NativeLoader in an unnamed module (file:/root/.m2/repository/io/airlift/aircompressor-v3/3.4/aircompressor-v3-3.4.jar)
WARNING: Use --enable-native-access=ALL-UNNAMED to avoid a warning for callers in this module
WARNING: Restricted methods will be blocked in a future release unless native access is enabled

[dictionary-filter] kind=LONG optional=true rows=7197566 acceptedRows=68840 directRows=0 lastDictionary=1823 lastAccepted=30 branchless=false
query12: 1 iters, 498.9 ms/iter, rows-sink=800
# q14
WARNING: Using incubator modules: jdk.incubator.vector
WARNING: A restricted method in java.lang.foreign.SymbolLookup has been called
WARNING: java.lang.foreign.SymbolLookup::libraryLookup has been called by io.airlift.compress.v3.internal.NativeLoader in an unnamed module (file:/root/.m2/repository/io/airlift/aircompressor-v3/3.4/aircompressor-v3-3.4.jar)
WARNING: Use --enable-native-access=ALL-UNNAMED to avoid a warning for callers in this module
WARNING: Restricted methods will be blocked in a future release unless native access is enabled

[dictionary-filter] kind=LONG optional=true rows=28800991 acceptedRows=16496728 directRows=0 lastDictionary=578 lastAccepted=349 branchless=true
[dictionary-filter] kind=LONG optional=true rows=14401261 acceptedRows=8571026 directRows=0 lastDictionary=8 lastAccepted=3 branchless=true
[dictionary-filter] kind=LONG optional=true rows=7197566 acceptedRows=4319228 directRows=0 lastDictionary=1823 lastAccepted=1094 branchless=true
[dictionary-filter] kind=INT optional=true rows=102000 acceptedRows=100931 directRows=0 lastDictionary=952 lastAccepted=920 branchless=true
[dictionary-filter] kind=LONG optional=true rows=28800991 acceptedRows=16496728 directRows=0 lastDictionary=578 lastAccepted=349 branchless=true
[dictionary-filter] kind=LONG optional=true rows=14401261 acceptedRows=8571026 directRows=0 lastDictionary=8 lastAccepted=3 branchless=true
[dictionary-filter] kind=LONG optional=true rows=7197566 acceptedRows=4319228 directRows=0 lastDictionary=1823 lastAccepted=1094 branchless=true
[dictionary-filter] kind=LONG optional=true rows=28800991 acceptedRows=878106 directRows=0 lastDictionary=578 lastAccepted=13 branchless=false
[dictionary-filter] kind=LONG optional=true rows=28800991 acceptedRows=16496728 directRows=0 lastDictionary=578 lastAccepted=349 branchless=true
[dictionary-filter] kind=LONG optional=true rows=14401261 acceptedRows=8571026 directRows=0 lastDictionary=8 lastAccepted=3 branchless=true
[dictionary-filter] kind=LONG optional=true rows=7197566 acceptedRows=4319228 directRows=0 lastDictionary=1823 lastAccepted=1094 branchless=true
[dictionary-filter] kind=INT optional=true rows=102000 acceptedRows=100931 directRows=0 lastDictionary=952 lastAccepted=920 branchless=true
[dictionary-filter] kind=LONG optional=true rows=28800991 acceptedRows=16496728 directRows=0 lastDictionary=578 lastAccepted=349 branchless=true
[dictionary-filter] kind=LONG optional=true rows=14401261 acceptedRows=8571026 directRows=0 lastDictionary=8 lastAccepted=3 branchless=true
[dictionary-filter] kind=LONG optional=true rows=7197566 acceptedRows=4319228 directRows=0 lastDictionary=1823 lastAccepted=1094 branchless=true
[dictionary-filter] kind=LONG optional=true rows=14401261 acceptedRows=464249 directRows=0 lastDictionary=8 lastAccepted=0 branchless=false
[dictionary-filter] kind=LONG optional=true rows=28800991 acceptedRows=16496728 directRows=0 lastDictionary=578 lastAccepted=349 branchless=true
[dictionary-filter] kind=LONG optional=true rows=14401261 acceptedRows=8571026 directRows=0 lastDictionary=8 lastAccepted=3 branchless=true
[dictionary-filter] kind=LONG optional=true rows=7197566 acceptedRows=4319228 directRows=0 lastDictionary=1823 lastAccepted=1094 branchless=true
[dictionary-filter] kind=INT optional=true rows=102000 acceptedRows=100931 directRows=0 lastDictionary=952 lastAccepted=920 branchless=true
[dictionary-filter] kind=LONG optional=true rows=28800991 acceptedRows=16496728 directRows=0 lastDictionary=578 lastAccepted=349 branchless=true
[dictionary-filter] kind=LONG optional=true rows=14401261 acceptedRows=8571026 directRows=0 lastDictionary=8 lastAccepted=3 branchless=true
[dictionary-filter] kind=LONG optional=true rows=7197566 acceptedRows=4319228 directRows=0 lastDictionary=1823 lastAccepted=1094 branchless=true
[dictionary-filter] kind=LONG optional=true rows=7197566 acceptedRows=230717 directRows=0 lastDictionary=1823 lastAccepted=30 branchless=false
query14: 1 iters, 9295.6 ms/iter, rows-sink=700
# q26
WARNING: Using incubator modules: jdk.incubator.vector
WARNING: A restricted method in java.lang.foreign.SymbolLookup has been called
WARNING: java.lang.foreign.SymbolLookup::libraryLookup has been called by io.airlift.compress.v3.internal.NativeLoader in an unnamed module (file:/root/.m2/repository/io/airlift/aircompressor-v3/3.4/aircompressor-v3-3.4.jar)
WARNING: Use --enable-native-access=ALL-UNNAMED to avoid a warning for callers in this module
WARNING: Restricted methods will be blocked in a future release unless native access is enabled

[dictionary-filter] kind=LONG optional=true rows=10012770 acceptedRows=141239 directRows=8964194 lastDictionary=3881 lastAccepted=52 branchless=false
[dictionary-filter] kind=INT optional=true rows=73049 acceptedRows=366 directRows=0 lastDictionary=201 lastAccepted=1 branchless=false
query26: 1 iters, 767.6 ms/iter, rows-sink=600
# q33
WARNING: Using incubator modules: jdk.incubator.vector
WARNING: A restricted method in java.lang.foreign.SymbolLookup has been called
WARNING: java.lang.foreign.SymbolLookup::libraryLookup has been called by io.airlift.compress.v3.internal.NativeLoader in an unnamed module (file:/root/.m2/repository/io/airlift/aircompressor-v3/3.4/aircompressor-v3-3.4.jar)
WARNING: Use --enable-native-access=ALL-UNNAMED to avoid a warning for callers in this module
WARNING: Restricted methods will be blocked in a future release unless native access is enabled

[dictionary-filter] kind=LONG optional=true rows=28800991 acceptedRows=270987 directRows=0 lastDictionary=578 lastAccepted=12 branchless=false
[dictionary-filter] kind=LONG optional=true rows=14401261 acceptedRows=141470 directRows=0 lastDictionary=8 lastAccepted=0 branchless=false
[dictionary-filter] kind=LONG optional=true rows=7197566 acceptedRows=71104 directRows=0 lastDictionary=1823 lastAccepted=31 branchless=false
query33: 1 iters, 758.6 ms/iter, rows-sink=300
# q54
WARNING: Using incubator modules: jdk.incubator.vector
WARNING: A restricted method in java.lang.foreign.SymbolLookup has been called
WARNING: java.lang.foreign.SymbolLookup::libraryLookup has been called by io.airlift.compress.v3.internal.NativeLoader in an unnamed module (file:/root/.m2/repository/io/airlift/aircompressor-v3/3.4/aircompressor-v3-3.4.jar)
WARNING: Use --enable-native-access=ALL-UNNAMED to avoid a warning for callers in this module
WARNING: Restricted methods will be blocked in a future release unless native access is enabled

[dictionary-filter] kind=LONG optional=true rows=14366531 acceptedRows=358051 directRows=0 lastDictionary=0 lastAccepted=2566 branchless=false
[dictionary-filter] kind=LONG optional=true rows=7197566 acceptedRows=244481 directRows=0 lastDictionary=1823 lastAccepted=31 branchless=false
[dictionary-filter] kind=LONG optional=true rows=19662713 acceptedRows=588637 directRows=0 lastDictionary=773 lastAccepted=26 branchless=false
query54: 1 iters, 964.8 ms/iter, rows-sink=4
# q56
WARNING: Using incubator modules: jdk.incubator.vector
WARNING: A restricted method in java.lang.foreign.SymbolLookup has been called
WARNING: java.lang.foreign.SymbolLookup::libraryLookup has been called by io.airlift.compress.v3.internal.NativeLoader in an unnamed module (file:/root/.m2/repository/io/airlift/aircompressor-v3/3.4/aircompressor-v3-3.4.jar)
WARNING: Use --enable-native-access=ALL-UNNAMED to avoid a warning for callers in this module
WARNING: Restricted methods will be blocked in a future release unless native access is enabled

[dictionary-filter] kind=LONG optional=true rows=28800991 acceptedRows=246151 directRows=0 lastDictionary=578 lastAccepted=6 branchless=false
[dictionary-filter] kind=LONG optional=true rows=14401261 acceptedRows=127397 directRows=0 lastDictionary=8 lastAccepted=2 branchless=false
[dictionary-filter] kind=LONG optional=true rows=7197566 acceptedRows=63404 directRows=0 lastDictionary=1823 lastAccepted=28 branchless=false
query56: 1 iters, 777.7 ms/iter, rows-sink=300
# q60
WARNING: Using incubator modules: jdk.incubator.vector
WARNING: A restricted method in java.lang.foreign.SymbolLookup has been called
WARNING: java.lang.foreign.SymbolLookup::libraryLookup has been called by io.airlift.compress.v3.internal.NativeLoader in an unnamed module (file:/root/.m2/repository/io/airlift/aircompressor-v3/3.4/aircompressor-v3-3.4.jar)
WARNING: Use --enable-native-access=ALL-UNNAMED to avoid a warning for callers in this module
WARNING: Restricted methods will be blocked in a future release unless native access is enabled

[dictionary-filter] kind=LONG optional=true rows=28800991 acceptedRows=594339 directRows=0 lastDictionary=578 lastAccepted=8 branchless=false
[dictionary-filter] kind=LONG optional=true rows=14401261 acceptedRows=308814 directRows=0 lastDictionary=8 lastAccepted=0 branchless=false
[dictionary-filter] kind=LONG optional=true rows=7197566 acceptedRows=152957 directRows=0 lastDictionary=1823 lastAccepted=30 branchless=false
query60: 1 iters, 842.7 ms/iter, rows-sink=300
# q71
WARNING: Using incubator modules: jdk.incubator.vector
WARNING: A restricted method in java.lang.foreign.SymbolLookup has been called
WARNING: java.lang.foreign.SymbolLookup::libraryLookup has been called by io.airlift.compress.v3.internal.NativeLoader in an unnamed module (file:/root/.m2/repository/io/airlift/aircompressor-v3/3.4/aircompressor-v3-3.4.jar)
WARNING: Use --enable-native-access=ALL-UNNAMED to avoid a warning for callers in this module
WARNING: Restricted methods will be blocked in a future release unless native access is enabled

[dictionary-filter] kind=LONG optional=true rows=7197566 acceptedRows=231915 directRows=0 lastDictionary=1823 lastAccepted=30 branchless=false
[dictionary-filter] kind=LONG optional=true rows=14366531 acceptedRows=263347 directRows=0 lastDictionary=0 lastAccepted=1847 branchless=false
[dictionary-filter] kind=LONG optional=true rows=28800991 acceptedRows=879791 directRows=0 lastDictionary=578 lastAccepted=16 branchless=false
query71: 1 iters, 770.4 ms/iter, rows-sink=60702
# q77
WARNING: Using incubator modules: jdk.incubator.vector
WARNING: A restricted method in java.lang.foreign.SymbolLookup has been called
WARNING: java.lang.foreign.SymbolLookup::libraryLookup has been called by io.airlift.compress.v3.internal.NativeLoader in an unnamed module (file:/root/.m2/repository/io/airlift/aircompressor-v3/3.4/aircompressor-v3-3.4.jar)
WARNING: Use --enable-native-access=ALL-UNNAMED to avoid a warning for callers in this module
WARNING: Restricted methods will be blocked in a future release unless native access is enabled

[dictionary-filter] kind=LONG optional=true rows=28800991 acceptedRows=613421 directRows=0 lastDictionary=578 lastAccepted=13 branchless=false
[dictionary-filter] kind=LONG optional=true rows=2875432 acceptedRows=33972 directRows=0 lastDictionary=2003 lastAccepted=31 branchless=false
[dictionary-filter] kind=LONG optional=true rows=14401261 acceptedRows=319484 directRows=0 lastDictionary=8 lastAccepted=0 branchless=false
[dictionary-filter] kind=LONG optional=true rows=1439749 acceptedRows=15145 directRows=0 lastDictionary=2092 lastAccepted=31 branchless=false
[dictionary-filter] kind=LONG optional=true rows=7197566 acceptedRows=162073 directRows=0 lastDictionary=1823 lastAccepted=31 branchless=false
[dictionary-filter] kind=LONG optional=true rows=719217 acceptedRows=10242 directRows=0 lastDictionary=2165 lastAccepted=31 branchless=false
query77: 1 iters, 762.1 ms/iter, rows-sink=600
# q80
WARNING: Using incubator modules: jdk.incubator.vector
WARNING: A restricted method in java.lang.foreign.SymbolLookup has been called
WARNING: java.lang.foreign.SymbolLookup::libraryLookup has been called by io.airlift.compress.v3.internal.NativeLoader in an unnamed module (file:/root/.m2/repository/io/airlift/aircompressor-v3/3.4/aircompressor-v3-3.4.jar)
WARNING: Use --enable-native-access=ALL-UNNAMED to avoid a warning for callers in this module
WARNING: Restricted methods will be blocked in a future release unless native access is enabled

[dictionary-filter] kind=LONG optional=true rows=28800991 acceptedRows=613421 directRows=0 lastDictionary=578 lastAccepted=13 branchless=false
[dictionary-filter] kind=LONG optional=true rows=14366531 acceptedRows=792337 directRows=0 lastDictionary=0 lastAccepted=5691 branchless=false
[dictionary-filter] kind=LONG optional=true rows=7197566 acceptedRows=162073 directRows=0 lastDictionary=1823 lastAccepted=31 branchless=false
query80: 1 iters, 1153.9 ms/iter, rows-sink=600
