NOTE: Picked up JDK_JAVA_OPTIONS: -XX:+UseG1GC -XX:G1HeapRegionSize=32m -XX:-HeapDumpOnOutOfMemoryError -XX:ActiveProcessorCount=6 -Dcork.benchmark.task-concurrency=4 -Dcork.benchmark.expected-mode=CPU -Dcork.benchmark.output-directory=/home/martin/src/nitro.opt/benchmarks/trino-integration/20260817-post-q39-w5m5-board/cork
Aug 17, 2026 11:33:08 AM io.airlift.log.Logger warn
WARNING: No .git ancestor of /home/martin/src/nitro.opt; falling back to user.home (/root) as project root
Aug 17, 2026 11:33:08 AM io.airlift.log.Logger info
INFO: Launching benchmark JVM with -Xms12288m -Xmx12288m
NOTE: Picked up JDK_JAVA_OPTIONS: -XX:+UseG1GC -XX:G1HeapRegionSize=32m -XX:-HeapDumpOnOutOfMemoryError -XX:ActiveProcessorCount=6 -Dcork.benchmark.task-concurrency=4 -Dcork.benchmark.expected-mode=CPU -Dcork.benchmark.output-directory=/home/martin/src/nitro.opt/benchmarks/trino-integration/20260817-post-q39-w5m5-board/cork
WARNING: Using incubator modules: jdk.incubator.vector
Aug 17, 2026 11:33:09 AM io.airlift.log.Logger warn
WARNING: No .git ancestor of /home/martin/src/nitro.opt; falling back to user.home (/root) as project root
Aug 17, 2026 11:33:09 AM io.airlift.log.Logger info
INFO: Per-iteration EXPLAIN ANALYZE plans will be written under /home/martin/src/nitro.opt/benchmarks/trino-integration/20260817-post-q39-w5m5-board/cork/tpcds-sf10/explain
Aug 17, 2026 11:33:09 AM io.airlift.log.Logger info
INFO: Benchmark task concurrency: 4
2026-08-17T11:33:09.699Z	INFO	main	io.airlift.log.Logging	Logging to stderr
2026-08-17T11:33:09.745Z	INFO	main	stderr	SLF4J(W): Class path contains multiple SLF4J providers.
2026-08-17T11:33:09.745Z	INFO	main	stderr	SLF4J(W): Found provider [org.slf4j.jul.JULServiceProvider@5d7835a8]
2026-08-17T11:33:09.745Z	INFO	main	stderr	SLF4J(W): Found provider [org.slf4j.nop.NOPServiceProvider@736048ed]
2026-08-17T11:33:09.745Z	INFO	main	stderr	SLF4J(W): See https://www.slf4j.org/codes.html#multiple_bindings for an explanation.
2026-08-17T11:33:09.745Z	INFO	main	stderr	SLF4J(I): Actual provider is of type [org.slf4j.jul.JULServiceProvider@5d7835a8]
WARNING: A terminally deprecated method in sun.misc.Unsafe has been called
WARNING: sun.misc.Unsafe::staticFieldBase has been called by com.google.inject.internal.aop.HiddenClassDefiner (file:/root/.m2/repository/remote-cache/com/google/inject/guice/7.0.0/guice-7.0.0-classes.jar)
WARNING: Please consider reporting this to the maintainers of class com.google.inject.internal.aop.HiddenClassDefiner
WARNING: sun.misc.Unsafe::staticFieldBase will be removed in a future release
2026-08-17T11:33:10.331Z	INFO	main	io.trino.simd.BlockEncodingSimdSupport	Detected SIMD Support for architecture=amd64, vectorBitWidth=512: SimdSupport[capabilities=[NULL_BIT_PACKING, COMPRESS_BYTE, EXPAND_BYTE, COMPRESS_SHORT, EXPAND_SHORT, COMPRESS_INT, EXPAND_INT, COMPRESS_LONG, EXPAND_LONG]]
WARNING: A restricted method in java.lang.System has been called
WARNING: java.lang.System::loadLibrary has been called by com.aayushatharva.brotli4j.Brotli4jLoader in an unnamed module (file:/root/.m2/repository/remote-cache/com/aayushatharva/brotli4j/brotli4j/1.23.0/brotli4j-1.23.0.jar)
WARNING: Use --enable-native-access=ALL-UNNAMED to avoid a warning for callers in this module
WARNING: Restricted methods will be blocked in a future release unless native access is enabled

2026-08-17T11:33:11.327Z	INFO	main	io.trino.testing.DistributedQueryRunner	Created DistributedQueryRunner in 1.63s (unclosed instances = 1)
2026-08-17T11:33:11.328Z	INFO	main	io.trino.exchange.ExchangeManagerRegistry	-- Loading exchange manager filesystem --
2026-08-17T11:33:11.343Z	INFO	main	io.trino.exchange.ExchangeManagerRegistry	-- Loaded exchange manager filesystem --
2026-08-17T11:33:12.112Z	INFO	main	io.trino.tests.benchmark.BaseHiveTpcdsWorkload	Reusing existing hive.tpcds.call_center at local:///root/data/tpcds-parquet-sf10/sf10/call_center
2026-08-17T11:33:12.181Z	INFO	main	io.trino.tests.benchmark.BaseHiveTpcdsWorkload	Reusing existing hive.tpcds.catalog_page at local:///root/data/tpcds-parquet-sf10/sf10/catalog_page
2026-08-17T11:33:12.238Z	INFO	main	io.trino.tests.benchmark.BaseHiveTpcdsWorkload	Reusing existing hive.tpcds.catalog_returns at local:///root/data/tpcds-parquet-sf10/sf10/catalog_returns
2026-08-17T11:33:12.306Z	INFO	main	io.trino.tests.benchmark.BaseHiveTpcdsWorkload	Reusing existing hive.tpcds.catalog_sales at local:///root/data/tpcds-parquet-sf10/sf10/catalog_sales
2026-08-17T11:33:12.381Z	INFO	main	io.trino.tests.benchmark.BaseHiveTpcdsWorkload	Reusing existing hive.tpcds.customer at local:///root/data/tpcds-parquet-sf10/sf10/customer
2026-08-17T11:33:12.432Z	INFO	main	io.trino.tests.benchmark.BaseHiveTpcdsWorkload	Reusing existing hive.tpcds.customer_address at local:///root/data/tpcds-parquet-sf10/sf10/customer_address
2026-08-17T11:33:12.479Z	INFO	main	io.trino.tests.benchmark.BaseHiveTpcdsWorkload	Reusing existing hive.tpcds.customer_demographics at local:///root/data/tpcds-parquet-sf10/sf10/customer_demographics
2026-08-17T11:33:12.523Z	INFO	main	io.trino.tests.benchmark.BaseHiveTpcdsWorkload	Reusing existing hive.tpcds.date_dim at local:///root/data/tpcds-parquet-sf10/sf10/date_dim
2026-08-17T11:33:12.565Z	INFO	main	io.trino.tests.benchmark.BaseHiveTpcdsWorkload	Reusing existing hive.tpcds.household_demographics at local:///root/data/tpcds-parquet-sf10/sf10/household_demographics
2026-08-17T11:33:12.603Z	INFO	main	io.trino.tests.benchmark.BaseHiveTpcdsWorkload	Reusing existing hive.tpcds.income_band at local:///root/data/tpcds-parquet-sf10/sf10/income_band
2026-08-17T11:33:12.644Z	INFO	main	io.trino.tests.benchmark.BaseHiveTpcdsWorkload	Reusing existing hive.tpcds.inventory at local:///root/data/tpcds-parquet-sf10/sf10/inventory
2026-08-17T11:33:12.682Z	INFO	main	io.trino.tests.benchmark.BaseHiveTpcdsWorkload	Reusing existing hive.tpcds.item at local:///root/data/tpcds-parquet-sf10/sf10/item
2026-08-17T11:33:12.720Z	INFO	main	io.trino.tests.benchmark.BaseHiveTpcdsWorkload	Reusing existing hive.tpcds.promotion at local:///root/data/tpcds-parquet-sf10/sf10/promotion
2026-08-17T11:33:12.757Z	INFO	main	io.trino.tests.benchmark.BaseHiveTpcdsWorkload	Reusing existing hive.tpcds.reason at local:///root/data/tpcds-parquet-sf10/sf10/reason
2026-08-17T11:33:12.792Z	INFO	main	io.trino.tests.benchmark.BaseHiveTpcdsWorkload	Reusing existing hive.tpcds.ship_mode at local:///root/data/tpcds-parquet-sf10/sf10/ship_mode
2026-08-17T11:33:12.829Z	INFO	main	io.trino.tests.benchmark.BaseHiveTpcdsWorkload	Reusing existing hive.tpcds.store at local:///root/data/tpcds-parquet-sf10/sf10/store
2026-08-17T11:33:12.863Z	INFO	main	io.trino.tests.benchmark.BaseHiveTpcdsWorkload	Reusing existing hive.tpcds.store_returns at local:///root/data/tpcds-parquet-sf10/sf10/store_returns
2026-08-17T11:33:12.905Z	INFO	main	io.trino.tests.benchmark.BaseHiveTpcdsWorkload	Reusing existing hive.tpcds.store_sales at local:///root/data/tpcds-parquet-sf10/sf10/store_sales
2026-08-17T11:33:12.942Z	INFO	main	io.trino.tests.benchmark.BaseHiveTpcdsWorkload	Reusing existing hive.tpcds.time_dim at local:///root/data/tpcds-parquet-sf10/sf10/time_dim
2026-08-17T11:33:12.975Z	INFO	main	io.trino.tests.benchmark.BaseHiveTpcdsWorkload	Reusing existing hive.tpcds.warehouse at local:///root/data/tpcds-parquet-sf10/sf10/warehouse
2026-08-17T11:33:13.007Z	INFO	main	io.trino.tests.benchmark.BaseHiveTpcdsWorkload	Reusing existing hive.tpcds.web_page at local:///root/data/tpcds-parquet-sf10/sf10/web_page
2026-08-17T11:33:13.038Z	INFO	main	io.trino.tests.benchmark.BaseHiveTpcdsWorkload	Reusing existing hive.tpcds.web_returns at local:///root/data/tpcds-parquet-sf10/sf10/web_returns
2026-08-17T11:33:13.069Z	INFO	main	io.trino.tests.benchmark.BaseHiveTpcdsWorkload	Reusing existing hive.tpcds.web_sales at local:///root/data/tpcds-parquet-sf10/sf10/web_sales
2026-08-17T11:33:13.099Z	INFO	main	io.trino.tests.benchmark.BaseHiveTpcdsWorkload	Reusing existing hive.tpcds.web_site at local:///root/data/tpcds-parquet-sf10/sf10/web_site
2026-08-17T11:33:13.099Z	INFO	main	io.trino.tests.benchmark.BenchmarkRunner	Running Trino at http://127.0.0.1:45523 (mode=CPU)
2026-08-17T11:33:13.099Z	INFO	main	io.trino.tests.benchmark.BenchmarkRunner	Running tpcds-sf10 benchmark: 0 suite warmup, 5 warmup, 5 measured runs, reporting average
2026-08-17T11:33:13.099Z	INFO	main	io.trino.tests.benchmark.BenchmarkRunner	Verifying table statistics for 24 table(s): [hive.tpcds.call_center, hive.tpcds.catalog_page, hive.tpcds.catalog_returns, hive.tpcds.catalog_sales, hive.tpcds.customer, hive.tpcds.customer_address, hive.tpcds.customer_demographics, hive.tpcds.date_dim, hive.tpcds.household_demographics, hive.tpcds.income_band, hive.tpcds.inventory, hive.tpcds.item, hive.tpcds.promotion, hive.tpcds.reason, hive.tpcds.ship_mode, hive.tpcds.store, hive.tpcds.store_returns, hive.tpcds.store_sales, hive.tpcds.time_dim, hive.tpcds.warehouse, hive.tpcds.web_page, hive.tpcds.web_returns, hive.tpcds.web_sales, hive.tpcds.web_site]
2026-08-17T11:33:13.168Z	INFO	main	io.trino.tests.benchmark.BenchmarkRunner	  hive.tpcds.call_center: statistics present
2026-08-17T11:33:13.190Z	INFO	main	io.trino.tests.benchmark.BenchmarkRunner	  hive.tpcds.catalog_page: statistics present
2026-08-17T11:33:13.229Z	INFO	main	io.trino.tests.benchmark.BenchmarkRunner	  hive.tpcds.catalog_returns: statistics present
2026-08-17T11:33:13.263Z	INFO	main	io.trino.tests.benchmark.BenchmarkRunner	  hive.tpcds.catalog_sales: statistics present
2026-08-17T11:33:13.286Z	INFO	main	io.trino.tests.benchmark.BenchmarkRunner	  hive.tpcds.customer: statistics present
2026-08-17T11:33:13.301Z	INFO	main	io.trino.tests.benchmark.BenchmarkRunner	  hive.tpcds.customer_address: statistics present
2026-08-17T11:33:13.318Z	INFO	main	io.trino.tests.benchmark.BenchmarkRunner	  hive.tpcds.customer_demographics: statistics present
2026-08-17T11:33:13.349Z	INFO	main	io.trino.tests.benchmark.BenchmarkRunner	  hive.tpcds.date_dim: statistics present
2026-08-17T11:33:13.393Z	INFO	main	io.trino.tests.benchmark.BenchmarkRunner	  hive.tpcds.household_demographics: statistics present
2026-08-17T11:33:13.413Z	INFO	main	io.trino.tests.benchmark.BenchmarkRunner	  hive.tpcds.income_band: statistics present
2026-08-17T11:33:13.442Z	INFO	main	io.trino.tests.benchmark.BenchmarkRunner	  hive.tpcds.inventory: statistics present
2026-08-17T11:33:13.471Z	INFO	main	io.trino.tests.benchmark.BenchmarkRunner	  hive.tpcds.item: statistics present
2026-08-17T11:33:13.489Z	INFO	main	io.trino.tests.benchmark.BenchmarkRunner	  hive.tpcds.promotion: statistics present
2026-08-17T11:33:13.501Z	INFO	main	io.trino.tests.benchmark.BenchmarkRunner	  hive.tpcds.reason: statistics present
2026-08-17T11:33:13.513Z	INFO	main	io.trino.tests.benchmark.BenchmarkRunner	  hive.tpcds.ship_mode: statistics present
2026-08-17T11:33:13.530Z	INFO	main	io.trino.tests.benchmark.BenchmarkRunner	  hive.tpcds.store: statistics present
2026-08-17T11:33:13.546Z	INFO	main	io.trino.tests.benchmark.BenchmarkRunner	  hive.tpcds.store_returns: statistics present
2026-08-17T11:33:13.562Z	INFO	main	io.trino.tests.benchmark.BenchmarkRunner	  hive.tpcds.store_sales: statistics present
2026-08-17T11:33:13.575Z	INFO	main	io.trino.tests.benchmark.BenchmarkRunner	  hive.tpcds.time_dim: statistics present
2026-08-17T11:33:13.589Z	INFO	main	io.trino.tests.benchmark.BenchmarkRunner	  hive.tpcds.warehouse: statistics present
2026-08-17T11:33:13.604Z	INFO	main	io.trino.tests.benchmark.BenchmarkRunner	  hive.tpcds.web_page: statistics present
2026-08-17T11:33:13.618Z	INFO	main	io.trino.tests.benchmark.BenchmarkRunner	  hive.tpcds.web_returns: statistics present
2026-08-17T11:33:13.632Z	INFO	main	io.trino.tests.benchmark.BenchmarkRunner	  hive.tpcds.web_sales: statistics present
2026-08-17T11:33:13.647Z	INFO	main	io.trino.tests.benchmark.BenchmarkRunner	  hive.tpcds.web_site: statistics present
2026-08-17T11:33:16.675Z	INFO	main	io.trino.tests.benchmark.BenchmarkRunner	Average for q01: 177 ms (execution 174 ms, CPU 256 ms, peak memory 23.35MB)
2026-08-17T11:33:19.136Z	INFO	main	io.trino.tests.benchmark.BenchmarkRunner	Average for q02: 187 ms (execution 179 ms, CPU 521 ms, peak memory 67.71MB)
2026-08-17T11:33:22.388Z	INFO	main	io.trino.tests.benchmark.BenchmarkRunner	Average for q03: 293 ms (execution 291 ms, CPU 1135 ms, peak memory 144.48MB)
2026-08-17T11:33:44.486Z	INFO	main	io.trino.tests.benchmark.BenchmarkRunner	Average for q04: 2120 ms (execution 2116 ms, CPU 9494 ms, peak memory 787.02MB)
2026-08-17T11:33:48.950Z	INFO	main	io.trino.tests.benchmark.BenchmarkRunner	Average for q05: 405 ms (execution 399 ms, CPU 1542 ms, peak memory 280.48MB)
2026-08-17T11:33:50.690Z	INFO	main	io.trino.tests.benchmark.BenchmarkRunner	Average for q06: 157 ms (execution 153 ms, CPU 400 ms, peak memory 111.55MB)
2026-08-17T11:33:53.543Z	INFO	main	io.trino.tests.benchmark.BenchmarkRunner	Average for q07: 271 ms (execution 269 ms, CPU 996 ms, peak memory 37.18MB)
2026-08-17T11:33:55.828Z	INFO	main	io.trino.tests.benchmark.BenchmarkRunner	Average for q08: 162 ms (execution 159 ms, CPU 440 ms, peak memory 112.46MB)
2026-08-17T11:34:02.434Z	INFO	main	io.trino.tests.benchmark.BenchmarkRunner	Average for q09: 644 ms (execution 640 ms, CPU 3160 ms, peak memory 62.49MB)
2026-08-17T11:34:04.228Z	INFO	main	io.trino.tests.benchmark.BenchmarkRunner	Average for q10: 159 ms (execution 154 ms, CPU 444 ms, peak memory 47.36MB)
2026-08-17T11:34:13.856Z	INFO	main	io.trino.tests.benchmark.BenchmarkRunner	Average for q11: 914 ms (execution 911 ms, CPU 4480 ms, peak memory 456.41MB)
2026-08-17T11:34:14.818Z	INFO	main	io.trino.tests.benchmark.BenchmarkRunner	Average for q12: 88 ms (execution 86 ms, CPU 109 ms, peak memory 6.21MB)
2026-08-17T11:34:18.424Z	INFO	main	io.trino.tests.benchmark.BenchmarkRunner	Average for q13: 344 ms (execution 342 ms, CPU 1332 ms, peak memory 59.60MB)
2026-08-17T11:34:40.537Z	INFO	main	io.trino.tests.benchmark.BenchmarkRunner	Average for q14a: 2125 ms (execution 2121 ms, CPU 10150 ms, peak memory 327.71MB)
2026-08-17T11:34:54.955Z	INFO	main	io.trino.tests.benchmark.BenchmarkRunner	Average for q14b: 1401 ms (execution 1398 ms, CPU 7064 ms, peak memory 156.58MB)
2026-08-17T11:34:56.180Z	INFO	main	io.trino.tests.benchmark.BenchmarkRunner	Average for q15: 109 ms (execution 108 ms, CPU 149 ms, peak memory 48.34MB)
2026-08-17T11:34:59.050Z	INFO	main	io.trino.tests.benchmark.BenchmarkRunner	Average for q16: 255 ms (execution 252 ms, CPU 1130 ms, peak memory 178.05MB)
2026-08-17T11:35:03.162Z	INFO	main	io.trino.tests.benchmark.BenchmarkRunner	Average for q17: 397 ms (execution 394 ms, CPU 868 ms, peak memory 25.55MB)
2026-08-17T11:35:06.386Z	INFO	main	io.trino.tests.benchmark.BenchmarkRunner	Average for q18: 301 ms (execution 299 ms, CPU 771 ms, peak memory 42.56MB)
2026-08-17T11:35:08.197Z	INFO	main	io.trino.tests.benchmark.BenchmarkRunner	Average for q19: 173 ms (execution 172 ms, CPU 576 ms, peak memory 2.62MB)
2026-08-17T11:35:09.141Z	INFO	main	io.trino.tests.benchmark.BenchmarkRunner	Average for q20: 87 ms (execution 86 ms, CPU 92 ms, peak memory 7.32MB)
2026-08-17T11:35:11.063Z	INFO	main	io.trino.tests.benchmark.BenchmarkRunner	Average for q21: 174 ms (execution 172 ms, CPU 299 ms, peak memory 11.08MB)
2026-08-17T11:36:22.056Z	INFO	main	io.trino.tests.benchmark.BenchmarkRunner	Average for q22: 7061 ms (execution 7059 ms, CPU 35594 ms, peak memory 205.87MB)
2026-08-17T11:36:54.946Z	INFO	main	io.trino.tests.benchmark.BenchmarkRunner	Average for q23a: 3287 ms (execution 3282 ms, CPU 15712 ms, peak memory 1.49GB)
2026-08-17T11:37:28.626Z	INFO	main	io.trino.tests.benchmark.BenchmarkRunner	Average for q23b: 3304 ms (execution 3300 ms, CPU 16222 ms, peak memory 1.43GB)
2026-08-17T11:37:31.660Z	INFO	main	io.trino.tests.benchmark.BenchmarkRunner	Average for q24a: 283 ms (execution 281 ms, CPU 941 ms, peak memory 219.44MB)
2026-08-17T11:37:34.611Z	INFO	main	io.trino.tests.benchmark.BenchmarkRunner	Average for q24b: 285 ms (execution 283 ms, CPU 929 ms, peak memory 218.05MB)
2026-08-17T11:37:38.687Z	INFO	main	io.trino.tests.benchmark.BenchmarkRunner	Average for q25: 397 ms (execution 395 ms, CPU 907 ms, peak memory 20.08MB)
2026-08-17T11:37:40.207Z	INFO	main	io.trino.tests.benchmark.BenchmarkRunner	Average for q26: 135 ms (execution 134 ms, CPU 403 ms, peak memory 37.18MB)
2026-08-17T11:37:42.642Z	INFO	main	io.trino.tests.benchmark.BenchmarkRunner	Average for q27: 239 ms (execution 237 ms, CPU 895 ms, peak memory 36.25MB)
2026-08-17T11:37:50.585Z	INFO	main	io.trino.tests.benchmark.BenchmarkRunner	Average for q28: 701 ms (execution 698 ms, CPU 3514 ms, peak memory 102.82MB)
2026-08-17T11:37:54.638Z	INFO	main	io.trino.tests.benchmark.BenchmarkRunner	Average for q29: 398 ms (execution 396 ms, CPU 898 ms, peak memory 15.31MB)
2026-08-17T11:37:55.850Z	INFO	main	io.trino.tests.benchmark.BenchmarkRunner	Average for q30: 105 ms (execution 104 ms, CPU 206 ms, peak memory 47.24MB)
2026-08-17T11:38:03.125Z	INFO	main	io.trino.tests.benchmark.BenchmarkRunner	Average for q31: 679 ms (execution 677 ms, CPU 3058 ms, peak memory 292.04MB)
2026-08-17T11:38:03.635Z	INFO	main	io.trino.tests.benchmark.BenchmarkRunner	Average for q32: 53 ms (execution 50 ms, CPU 60 ms, peak memory 4.23MB)
2026-08-17T11:38:05.910Z	INFO	main	io.trino.tests.benchmark.BenchmarkRunner	Average for q33: 208 ms (execution 205 ms, CPU 716 ms, peak memory 197.92MB)
2026-08-17T11:38:07.396Z	INFO	main	io.trino.tests.benchmark.BenchmarkRunner	Average for q34: 140 ms (execution 137 ms, CPU 543 ms, peak memory 1.65MB)
2026-08-17T11:38:10.842Z	INFO	main	io.trino.tests.benchmark.BenchmarkRunner	Average for q35: 329 ms (execution 324 ms, CPU 750 ms, peak memory 60.90MB)
2026-08-17T11:38:13.105Z	INFO	main	io.trino.tests.benchmark.BenchmarkRunner	Average for q36: 203 ms (execution 201 ms, CPU 908 ms, peak memory 195.35MB)
2026-08-17T11:38:14.931Z	INFO	main	io.trino.tests.benchmark.BenchmarkRunner	Average for q37: 179 ms (execution 178 ms, CPU 391 ms, peak memory 48.11MB)
2026-08-17T11:38:18.809Z	INFO	main	io.trino.tests.benchmark.BenchmarkRunner	Average for q38: 379 ms (execution 377 ms, CPU 1848 ms, peak memory 170.90MB)
2026-08-17T11:38:49.846Z	INFO	main	io.trino.tests.benchmark.BenchmarkRunner	Average for q39a: 3102 ms (execution 3100 ms, CPU 15096 ms, peak memory 261.59MB)
2026-08-17T11:39:24.688Z	INFO	main	io.trino.tests.benchmark.BenchmarkRunner	Average for q39b: 3507 ms (execution 3506 ms, CPU 18224 ms, peak memory 302.32MB)
2026-08-17T11:39:27.114Z	INFO	main	io.trino.tests.benchmark.BenchmarkRunner	Average for q40: 211 ms (execution 208 ms, CPU 807 ms, peak memory 123.84MB)
2026-08-17T11:39:27.384Z	INFO	main	io.trino.tests.benchmark.BenchmarkRunner	Average for q41: 20 ms (execution 20 ms, CPU 5 ms, peak memory 1.77MB)
2026-08-17T11:39:30.158Z	INFO	main	io.trino.tests.benchmark.BenchmarkRunner	Average for q42: 291 ms (execution 290 ms, CPU 1319 ms, peak memory 136.82MB)
2026-08-17T11:39:32.673Z	INFO	main	io.trino.tests.benchmark.BenchmarkRunner	Average for q43: 233 ms (execution 232 ms, CPU 1149 ms, peak memory 93.90MB)
2026-08-17T11:39:35.940Z	INFO	main	io.trino.tests.benchmark.BenchmarkRunner	Average for q44: 311 ms (execution 309 ms, CPU 1554 ms, peak memory 33.10MB)
2026-08-17T11:39:36.765Z	INFO	main	io.trino.tests.benchmark.BenchmarkRunner	Average for q45: 72 ms (execution 70 ms, CPU 178 ms, peak memory 121.00MB)
2026-08-17T11:39:39.422Z	INFO	main	io.trino.tests.benchmark.BenchmarkRunner	Average for q46: 253 ms (execution 251 ms, CPU 1184 ms, peak memory 217.79MB)
2026-08-17T11:40:01.538Z	INFO	main	io.trino.tests.benchmark.BenchmarkRunner	Average for q47: 2152 ms (execution 2150 ms, CPU 11412 ms, peak memory 428.88MB)
2026-08-17T11:40:04.067Z	INFO	main	io.trino.tests.benchmark.BenchmarkRunner	Average for q48: 241 ms (execution 239 ms, CPU 1078 ms, peak memory 324.95MB)
2026-08-17T11:40:07.037Z	INFO	main	io.trino.tests.benchmark.BenchmarkRunner	Average for q49: 285 ms (execution 281 ms, CPU 1072 ms, peak memory 246.21MB)
2026-08-17T11:40:09.349Z	INFO	main	io.trino.tests.benchmark.BenchmarkRunner	Average for q50: 225 ms (execution 223 ms, CPU 633 ms, peak memory 2.14MB)
2026-08-17T11:40:26.241Z	INFO	main	io.trino.tests.benchmark.BenchmarkRunner	Average for q51: 1649 ms (execution 1647 ms, CPU 7354 ms, peak memory 283.28MB)
2026-08-17T11:40:28.878Z	INFO	main	io.trino.tests.benchmark.BenchmarkRunner	Average for q52: 204 ms (execution 203 ms, CPU 853 ms, peak memory 111.15MB)
2026-08-17T11:40:30.143Z	INFO	main	io.trino.tests.benchmark.BenchmarkRunner	Average for q53: 124 ms (execution 123 ms, CPU 459 ms, peak memory 2.41MB)
2026-08-17T11:40:33.635Z	INFO	main	io.trino.tests.benchmark.BenchmarkRunner	Average for q54: 339 ms (execution 336 ms, CPU 1290 ms, peak memory 288.73MB)
2026-08-17T11:40:34.460Z	INFO	main	io.trino.tests.benchmark.BenchmarkRunner	Average for q55: 81 ms (execution 80 ms, CPU 320 ms, peak memory 1.47MB)
2026-08-17T11:40:36.374Z	INFO	main	io.trino.tests.benchmark.BenchmarkRunner	Average for q56: 184 ms (execution 181 ms, CPU 657 ms, peak memory 193.24MB)
2026-08-17T11:40:47.090Z	INFO	main	io.trino.tests.benchmark.BenchmarkRunner	Average for q57: 1002 ms (execution 1001 ms, CPU 5040 ms, peak memory 295.80MB)
2026-08-17T11:40:49.284Z	INFO	main	io.trino.tests.benchmark.BenchmarkRunner	Average for q58: 203 ms (execution 201 ms, CPU 527 ms, peak memory 126.30MB)
2026-08-17T11:40:55.807Z	INFO	main	io.trino.tests.benchmark.BenchmarkRunner	Average for q59: 604 ms (execution 602 ms, CPU 3006 ms, peak memory 177.78MB)
2026-08-17T11:40:58.013Z	INFO	main	io.trino.tests.benchmark.BenchmarkRunner	Average for q60: 211 ms (execution 209 ms, CPU 741 ms, peak memory 258.53MB)
2026-08-17T11:41:01.269Z	INFO	main	io.trino.tests.benchmark.BenchmarkRunner	Average for q61: 318 ms (execution 316 ms, CPU 1226 ms, peak memory 212.88MB)
2026-08-17T11:41:02.786Z	INFO	main	io.trino.tests.benchmark.BenchmarkRunner	Average for q62: 135 ms (execution 133 ms, CPU 409 ms, peak memory 1.63MB)
2026-08-17T11:41:03.998Z	INFO	main	io.trino.tests.benchmark.BenchmarkRunner	Average for q63: 121 ms (execution 119 ms, CPU 465 ms, peak memory 2.26MB)
2026-08-17T11:41:24.749Z	INFO	main	io.trino.tests.benchmark.BenchmarkRunner	Average for q64: 2053 ms (execution 2050 ms, CPU 3312 ms, peak memory 698.69MB)
2026-08-17T11:41:31.070Z	INFO	main	io.trino.tests.benchmark.BenchmarkRunner	Average for q65: 621 ms (execution 619 ms, CPU 2990 ms, peak memory 199.50MB)
2026-08-17T11:41:33.415Z	INFO	main	io.trino.tests.benchmark.BenchmarkRunner	Average for q66: 168 ms (execution 163 ms, CPU 586 ms, peak memory 208.93MB)
2026-08-17T11:42:14.948Z	INFO	main	io.trino.tests.benchmark.BenchmarkRunner	Average for q67: 4064 ms (execution 4061 ms, CPU 20720 ms, peak memory 961.46MB)
2026-08-17T11:42:17.716Z	INFO	main	io.trino.tests.benchmark.BenchmarkRunner	Average for q68: 267 ms (execution 265 ms, CPU 1146 ms, peak memory 195.57MB)
2026-08-17T11:42:19.304Z	INFO	main	io.trino.tests.benchmark.BenchmarkRunner	Average for q69: 156 ms (execution 153 ms, CPU 448 ms, peak memory 46.96MB)
2026-08-17T11:42:23.022Z	INFO	main	io.trino.tests.benchmark.BenchmarkRunner	Average for q70: 356 ms (execution 354 ms, CPU 1746 ms, peak memory 114.14MB)
2026-08-17T11:42:24.744Z	INFO	main	io.trino.tests.benchmark.BenchmarkRunner	Average for q71: 157 ms (execution 155 ms, CPU 599 ms, peak memory 93.91MB)
2026-08-17T11:43:08.447Z	INFO	main	io.trino.tests.benchmark.BenchmarkRunner	Average for q72: 4246 ms (execution 4244 ms, CPU 15666 ms, peak memory 314.38MB)
2026-08-17T11:43:09.696Z	INFO	main	io.trino.tests.benchmark.BenchmarkRunner	Average for q73: 123 ms (execution 122 ms, CPU 483 ms, peak memory 1.63MB)
2026-08-17T11:43:16.861Z	INFO	main	io.trino.tests.benchmark.BenchmarkRunner	Average for q74: 709 ms (execution 708 ms, CPU 3514 ms, peak memory 422.18MB)
2026-08-17T11:43:23.229Z	INFO	main	io.trino.tests.benchmark.BenchmarkRunner	Average for q75: 606 ms (execution 604 ms, CPU 2780 ms, peak memory 524.55MB)
2026-08-17T11:43:25.520Z	INFO	main	io.trino.tests.benchmark.BenchmarkRunner	Average for q76: 221 ms (execution 219 ms, CPU 897 ms, peak memory 225.29MB)
2026-08-17T11:43:27.529Z	INFO	main	io.trino.tests.benchmark.BenchmarkRunner	Average for q77: 189 ms (execution 186 ms, CPU 744 ms, peak memory 188.49MB)
2026-08-17T11:43:43.958Z	INFO	main	io.trino.tests.benchmark.BenchmarkRunner	Average for q78: 1602 ms (execution 1599 ms, CPU 6974 ms, peak memory 899.77MB)
2026-08-17T11:43:46.660Z	INFO	main	io.trino.tests.benchmark.BenchmarkRunner	Average for q79: 261 ms (execution 259 ms, CPU 1184 ms, peak memory 213.29MB)
2026-08-17T11:43:53.955Z	INFO	main	io.trino.tests.benchmark.BenchmarkRunner	Average for q80: 742 ms (execution 738 ms, CPU 3098 ms, peak memory 759.49MB)
2026-08-17T11:43:55.201Z	INFO	main	io.trino.tests.benchmark.BenchmarkRunner	Average for q81: 116 ms (execution 114 ms, CPU 276 ms, peak memory 88.13MB)
2026-08-17T11:43:57.073Z	INFO	main	io.trino.tests.benchmark.BenchmarkRunner	Average for q82: 182 ms (execution 181 ms, CPU 479 ms, peak memory 82.00MB)
2026-08-17T11:43:57.987Z	INFO	main	io.trino.tests.benchmark.BenchmarkRunner	Average for q83: 79 ms (execution 77 ms, CPU 92 ms, peak memory 18.57MB)
2026-08-17T11:43:59.126Z	INFO	main	io.trino.tests.benchmark.BenchmarkRunner	Average for q84: 108 ms (execution 106 ms, CPU 96 ms, peak memory 825.42kB)
2026-08-17T11:44:02.554Z	INFO	main	io.trino.tests.benchmark.BenchmarkRunner	Average for q85: 335 ms (execution 333 ms, CPU 267 ms, peak memory 5.07MB)
2026-08-17T11:44:03.648Z	INFO	main	io.trino.tests.benchmark.BenchmarkRunner	Average for q86: 108 ms (execution 107 ms, CPU 325 ms, peak memory 54.90MB)
2026-08-17T11:44:07.252Z	INFO	main	io.trino.tests.benchmark.BenchmarkRunner	Average for q87: 337 ms (execution 336 ms, CPU 1712 ms, peak memory 163.01MB)
2026-08-17T11:44:11.836Z	INFO	main	io.trino.tests.benchmark.BenchmarkRunner	Average for q88: 436 ms (execution 433 ms, CPU 1922 ms, peak memory 37.63MB)
2026-08-17T11:44:15.707Z	INFO	main	io.trino.tests.benchmark.BenchmarkRunner	Average for q89: 356 ms (execution 355 ms, CPU 1704 ms, peak memory 161.62MB)
2026-08-17T11:44:16.199Z	INFO	main	io.trino.tests.benchmark.BenchmarkRunner	Average for q90: 43 ms (execution 42 ms, CPU 105 ms, peak memory 19.09MB)
2026-08-17T11:44:17.327Z	INFO	main	io.trino.tests.benchmark.BenchmarkRunner	Average for q91: 107 ms (execution 106 ms, CPU 92 ms, peak memory 17.15MB)
2026-08-17T11:44:17.901Z	INFO	main	io.trino.tests.benchmark.BenchmarkRunner	Average for q92: 57 ms (execution 56 ms, CPU 106 ms, peak memory 1.51MB)
2026-08-17T11:44:21.914Z	INFO	main	io.trino.tests.benchmark.BenchmarkRunner	Average for q93: 393 ms (execution 392 ms, CPU 1632 ms, peak memory 151.62MB)
2026-08-17T11:44:23.693Z	INFO	main	io.trino.tests.benchmark.BenchmarkRunner	Average for q94: 167 ms (execution 165 ms, CPU 546 ms, peak memory 18.75MB)
2026-08-17T11:44:26.807Z	INFO	main	io.trino.tests.benchmark.BenchmarkRunner	Average for q95: 302 ms (execution 300 ms, CPU 1228 ms, peak memory 627.15MB)
2026-08-17T11:44:27.540Z	INFO	main	io.trino.tests.benchmark.BenchmarkRunner	Average for q96: 68 ms (execution 67 ms, CPU 240 ms, peak memory 1018.25kB)
2026-08-17T11:44:31.159Z	INFO	main	io.trino.tests.benchmark.BenchmarkRunner	Average for q97: 354 ms (execution 353 ms, CPU 1624 ms, peak memory 1.83MB)
2026-08-17T11:44:32.559Z	INFO	main	io.trino.tests.benchmark.BenchmarkRunner	Average for q98: 105 ms (execution 103 ms, CPU 419 ms, peak memory 179.56MB)
2026-08-17T11:44:34.405Z	INFO	main	io.trino.tests.benchmark.BenchmarkRunner	Average for q99: 172 ms (execution 170 ms, CPU 723 ms, peak memory 1.97MB)
2026-08-17T11:44:34.405Z	INFO	main	io.trino.tests.benchmark.BenchmarkRunner	Sum of averages for all queries: 65752 ms (execution 65518 ms)
2026-08-17T11:44:34.408Z	INFO	main	io.trino.tests.benchmark.BenchmarkRunner	Wrote per-query timings to /home/martin/src/nitro.opt/benchmarks/trino-integration/20260817-post-q39-w5m5-board/cork/tpcds-sf10/timings.csv
