[INFO] Processing build on daemon f291dcf0
[INFO] Scanning for projects...
[INFO] Njord 0.9.4 session created
[INFO] BuildTimeEventSpy is registered.
[INFO] 
[INFO] Using the SmartBuilder implementation with a thread count of 7
[INFO] 
[INFO] -------------------------< org.weakref:nitro >--------------------------
[INFO] Building nitro 1-SNAPSHOT
[INFO]   from pom.xml
[INFO] --------------------------------[ jar ]---------------------------------
[WARNING] 2 problems were encountered while building the effective model for org.apache.yetus:audience-annotations:jar:0.5.0 during dependency collection step for project (use -X to see details)
[INFO] 
[INFO] --- enforcer:3.6.2:enforce (default) @ nitro ---
[INFO] Rule 0: org.apache.maven.enforcer.rules.dependency.BannedDependencies passed
[INFO] Rule 1: org.apache.maven.enforcer.rules.BanDuplicatePomDependencyVersions passed
[INFO] Rule 2: org.apache.maven.enforcer.rules.dependency.RequireUpperBoundDeps passed
[INFO] Rule 3: org.apache.maven.enforcer.rules.version.RequireMavenVersion passed
[INFO] Rule 4: org.apache.maven.enforcer.rules.version.RequireJavaVersion passed
[INFO] Rule 5: org.codehaus.mojo.extraenforcer.dependencies.EnforceBytecodeVersion passed
[INFO] Rule 6: org.apache.maven.enforcer.rules.RequirePluginVersions passed
[INFO] Rule 7: org.apache.maven.plugins.enforcer.RestrictImports passed
[INFO] Rule 8: org.apache.maven.plugins.enforcer.RestrictImports passed
[INFO] Rule 9: org.apache.maven.plugins.enforcer.RestrictImports passed
[INFO] Rule 10: org.apache.maven.plugins.enforcer.RestrictImports passed
[INFO] Rule 11: org.apache.maven.plugins.enforcer.RestrictImports passed
[INFO] Rule 12: org.apache.maven.plugins.enforcer.RestrictImports passed
[INFO] Rule 13: org.apache.maven.plugins.enforcer.RestrictImports passed
[INFO] Rule 14: org.apache.maven.enforcer.rules.RequireProfileIdsExist passed
[INFO] Rule 15: org.codehaus.mojo.extraenforcer.model.RequirePropertyDiverges passed
[INFO] 
[INFO] --- sortpom:4.0.0:verify (default) @ nitro ---
[INFO] Verifying file /home/martin/src/nitro.opt/pom.xml
[INFO] 
[INFO] --- dependency-scope:1.0.3:check (default) @ nitro ---
[INFO] No test dependency scope issues found
[INFO] 
[INFO] --- license:5.0.0:check (default) @ nitro ---
[INFO] Checking licenses...
[INFO] 
[INFO] --- checkstyle:3.6.0:check (checkstyle) @ nitro ---
[INFO] You have 0 Checkstyle violations.
[INFO] 
[INFO] --- git-commit-id:9.0.2:revision (default) @ nitro ---
[INFO] 
[INFO] --- build-helper:3.6.1:bsh-property (surefire-enable-preview) @ nitro ---
[INFO] 
[INFO] --- jacoco:0.8.14:prepare-agent (default) @ nitro ---
[INFO] argLine set to -javaagent:/root/.m2/repository/org/jacoco/org.jacoco.agent/0.8.14/org.jacoco.agent-0.8.14-runtime.jar=destfile=/home/martin/src/nitro.opt/target/jacoco.exec
[INFO] 
[INFO] --- resources:3.5.0:resources (default-resources) @ nitro ---
[INFO] skip non existing resourceDirectory /home/martin/src/nitro.opt/src/main/resources
[INFO] 
[INFO] --- compiler:3.15.0:compile (default-compile) @ nitro ---
[INFO] Recompiling the module because of changed source code.
[INFO] Compiling 284 source files with javac [debug deprecation parameters preview release 26] to target/classes
[WARNING] /home/martin/src/nitro.opt/src/main/java/org/weakref/nitro/operator/ParquetScanOperator.java:[1480,50] copy(org.apache.parquet.bytes.BytesInput) in org.apache.parquet.bytes.BytesInput has been deprecated
[WARNING] /home/martin/src/nitro.opt/src/main/java/org/weakref/nitro/operator/ParquetScanOperator.java:[1511,61] copy(org.apache.parquet.bytes.BytesInput) in org.apache.parquet.bytes.BytesInput has been deprecated
[WARNING] /home/martin/src/nitro.opt/src/main/java/org/weakref/nitro/operator/ParquetScanOperator.java:[1512,61] copy(org.apache.parquet.bytes.BytesInput) in org.apache.parquet.bytes.BytesInput has been deprecated
[WARNING] /home/martin/src/nitro.opt/src/main/java/org/weakref/nitro/operator/ParquetScanOperator.java:[1513,49] copy(org.apache.parquet.bytes.BytesInput) in org.apache.parquet.bytes.BytesInput has been deprecated
[INFO] /home/martin/src/nitro.opt/src/main/java/org/weakref/nitro/operator/GroupingState.java: /home/martin/src/nitro.opt/src/main/java/org/weakref/nitro/operator/GroupingState.java uses unchecked or unsafe operations.
[INFO] /home/martin/src/nitro.opt/src/main/java/org/weakref/nitro/operator/GroupingState.java: Recompile with -Xlint:unchecked for details.
[INFO] 
[INFO] --- resources:3.5.0:testResources (default-testResources) @ nitro ---
[INFO] Copying 22 resources from src/test/resources to target/test-classes
[INFO] 
[INFO] --- compiler:3.15.0:testCompile (default-testCompile) @ nitro ---
[INFO] Recompiling the module because of changed dependency.
[INFO] Compiling 156 source files with javac [debug deprecation parameters preview release 26] to target/test-classes
[WARNING] /home/martin/src/nitro.opt/src/test/java/org/weakref/nitro/trino/tpcds/LocalTpcdsMetadata.java:[121,55] listTableColumns(io.trino.spi.connector.ConnectorSession,io.trino.spi.connector.SchemaTablePrefix) in io.trino.spi.connector.ConnectorMetadata has been deprecated
[INFO] /home/martin/src/nitro.opt/src/test/java/org/weakref/nitro/tpcds/CompiledQuerySupport.java: /home/martin/src/nitro.opt/src/test/java/org/weakref/nitro/tpcds/CompiledQuerySupport.java uses unchecked or unsafe operations.
[INFO] /home/martin/src/nitro.opt/src/test/java/org/weakref/nitro/tpcds/CompiledQuerySupport.java: Recompile with -Xlint:unchecked for details.
[INFO] 
[INFO] --- dependency:3.10.0:analyze-only (default) @ nitro ---
[INFO] No dependency problems found
[INFO] 
[INFO] --- dependency:3.10.0:analyze-duplicate (default) @ nitro ---
[INFO] No duplicate dependencies found in <dependencies/> or in <dependencyManagement/>
[INFO] 
[INFO] --- duplicate-finder:2.0.1:check (default) @ nitro ---
[INFO] Checking compile classpath
[INFO] Checking runtime classpath
[INFO] Checking test classpath
[INFO] 
[INFO] --- modernizer:3.2.0:modernizer (modernizer) @ nitro ---
[INFO] 
[INFO] --- surefire:3.5.5:test (default-test) @ nitro ---
[INFO] Tests will run in random order. To reproduce ordering use flag -Dsurefire.runOrder.random.seed=3017381331542549
[INFO] Using auto detected provider org.apache.maven.surefire.junitplatform.JUnitPlatformProvider
[INFO] 
[INFO] -------------------------------------------------------
[INFO]  T E S T S
[INFO] -------------------------------------------------------
[WARNING] [stderr] WARNING: Using incubator modules: jdk.incubator.vector
[INFO] Running org.weakref.nitro.tpcds.TestCompiledTpcdsQueries
[INFO] [stdout] COMPILED_TEST query57
[WARNING] [stderr] WARNING: A restricted method in java.lang.foreign.SymbolLookup has been called
[WARNING] [stderr] WARNING: java.lang.foreign.SymbolLookup::libraryLookup has been called by io.airlift.compress.v3.internal.NativeLoader in an unnamed module (file:/root/.m2/repository/io/airlift/aircompressor-v3/3.4/aircompressor-v3-3.4.jar)
[WARNING] [stderr] WARNING: Use --enable-native-access=ALL-UNNAMED to avoid a warning for callers in this module
[WARNING] [stderr] WARNING: Restricted methods will be blocked in a future release unless native access is enabled
[WARNING] [stderr] 
[WARNING] [stderr] POOL retain family=class org.weakref.nitro.data.I64Vector capacity=65536 type=I64Vector bytes=524288
[INFO] [stdout] COMPILED_TEST query60
[WARNING] [stderr] POOL borrow family=class org.weakref.nitro.data.I64Vector capacity=65536 type=I64Vector bytes=524288
[WARNING] [stderr] POOL frame org.weakref.nitro.data.PrimitiveArrayPool.borrow(PrimitiveArrayPool.java:165)
[WARNING] [stderr] POOL frame org.weakref.nitro.data.Allocator$ContextState.borrowVector(Allocator.java:1244)
[WARNING] [stderr] POOL frame org.weakref.nitro.data.Allocator.allocate(Allocator.java:96)
[WARNING] [stderr] POOL frame org.weakref.nitro.operator.JoinBufferSupport.ensureLongCapacity(JoinBufferSupport.java:1830)
[WARNING] [stderr] POOL frame org.weakref.nitro.operator.JoinBufferSupport.copyLongPositions(JoinBufferSupport.java:1097)
[WARNING] [stderr] POOL frame org.weakref.nitro.operator.JoinBufferSupport.copyVectorPositions(JoinBufferSupport.java:755)
[WARNING] [stderr] POOL frame org.weakref.nitro.operator.JoinBufferSupport.copyAndCompact(JoinBufferSupport.java:171)
[WARNING] [stderr] POOL frame org.weakref.nitro.operator.BufferedJoinInput.loadAll(BufferedJoinInput.java:235)
[WARNING] [stderr] POOL frame org.weakref.nitro.operator.HashJoinOperator.loadInnerIfNecessary(HashJoinOperator.java:1139)
[WARNING] [stderr] POOL frame org.weakref.nitro.operator.HashJoinOperator.produceBatch(HashJoinOperator.java:609)
[WARNING] [stderr] POOL frame org.weakref.nitro.operator.HashJoinOperator.next(HashJoinOperator.java:576)
[WARNING] [stderr] POOL frame org.weakref.nitro.operator.SemiJoinOperator.next(SemiJoinOperator.java:102)
[WARNING] [stderr] POOL frame org.weakref.nitro.operator.HashJoinOperator.loadNextOuterBatch(HashJoinOperator.java:935)
[WARNING] [stderr] POOL frame org.weakref.nitro.operator.HashJoinOperator.produceOrdinaryBatch(HashJoinOperator.java:646)
[WARNING] [stderr] POOL frame org.weakref.nitro.operator.HashJoinOperator.produceBatch(HashJoinOperator.java:625)
[WARNING] [stderr] POOL frame org.weakref.nitro.operator.HashJoinOperator.next(HashJoinOperator.java:576)
[WARNING] [stderr] POOL frame org.weakref.nitro.operator.HashJoinOperator.loadNextOuterBatch(HashJoinOperator.java:935)
[WARNING] [stderr] POOL frame org.weakref.nitro.operator.HashJoinOperator.produceOrdinaryBatch(HashJoinOperator.java:646)
[WARNING] [stderr] POOL frame org.weakref.nitro.operator.HashJoinOperator.produceBatch(HashJoinOperator.java:625)
[WARNING] [stderr] POOL frame org.weakref.nitro.operator.HashJoinOperator.next(HashJoinOperator.java:576)
[WARNING] [stderr] POOL frame org.weakref.nitro.operator.GroupedAggregationOperator.computeInlineGroupedResults(GroupedAggregationOperator.java:285)
[WARNING] [stderr] POOL frame org.weakref.nitro.operator.GroupedAggregationOperator.computeResults(GroupedAggregationOperator.java:227)
[WARNING] [stderr] POOL frame org.weakref.nitro.operator.GroupedAggregationOperator.next(GroupedAggregationOperator.java:865)
[WARNING] [stderr] POOL frame org.weakref.nitro.operator.UnionAllOperator.next(UnionAllOperator.java:58)
[WARNING] [stderr] POOL frame org.weakref.nitro.operator.GroupedAggregationOperator.computeInlineGroupedResults(GroupedAggregationOperator.java:285)
[WARNING] [stderr] POOL frame org.weakref.nitro.operator.GroupedAggregationOperator.computeResults(GroupedAggregationOperator.java:227)
[WARNING] [stderr] POOL frame org.weakref.nitro.operator.GroupedAggregationOperator.next(GroupedAggregationOperator.java:865)
[WARNING] [stderr] POOL frame org.weakref.nitro.operator.TopNOperator.computeTopN(TopNOperator.java:78)
[WARNING] [stderr] POOL frame org.weakref.nitro.operator.TopNOperator.next(TopNOperator.java:134)
[WARNING] [stderr] POOL frame org.weakref.nitro.OperatorAssertions$OperatorAssert.toRows(OperatorAssertions.java:91)
[WARNING] [stderr] POOL frame org.weakref.nitro.tpcds.TestCompiledTpcdsQueries.assertBridgedRowsMatch(TestCompiledTpcdsQueries.java:1200)
[WARNING] [stderr] POOL frame org.weakref.nitro.tpcds.TestCompiledTpcdsQueries.assertBridgedRowsMatch(TestCompiledTpcdsQueries.java:1179)
[WARNING] [stderr] POOL frame org.weakref.nitro.tpcds.TestCompiledTpcdsQueries.assertUnionMatchesHarness(TestCompiledTpcdsQueries.java:617)
[WARNING] [stderr] POOL frame org.weakref.nitro.tpcds.TestCompiledTpcdsQueries.query60(TestCompiledTpcdsQueries.java:174)
[WARNING] [stderr] POOL frame org.junit.platform.commons.util.ReflectionUtils.invokeMethod(ReflectionUtils.java:701)
[WARNING] [stderr] POOL frame org.junit.platform.commons.support.ReflectionSupport.invokeMethod(ReflectionSupport.java:502)
[WARNING] [stderr] POOL frame org.junit.jupiter.engine.support.MethodReflectionUtils.invoke(MethodReflectionUtils.java:45)
[WARNING] [stderr] POOL frame org.junit.jupiter.engine.execution.MethodInvocation.proceed(MethodInvocation.java:61)
[WARNING] [stderr] POOL frame org.junit.jupiter.engine.execution.InvocationInterceptorChain$ValidatingInvocation.proceed(InvocationInterceptorChain.java:124)
[WARNING] [stderr] POOL frame org.junit.jupiter.engine.extension.TimeoutExtension.intercept(TimeoutExtension.java:163)
[WARNING] [stderr] POOL frame org.junit.jupiter.engine.extension.TimeoutExtension.interceptTestableMethod(TimeoutExtension.java:148)
[WARNING] [stderr] POOL frame org.junit.jupiter.engine.extension.TimeoutExtension.interceptTestMethod(TimeoutExtension.java:86)
[WARNING] [stderr] POOL frame org.junit.jupiter.engine.execution.InterceptingExecutableInvoker$ReflectiveInterceptorCall.lambda$ofVoidMethod$0(InterceptingExecutableInvoker.java:123)
[WARNING] [stderr] POOL frame org.junit.jupiter.engine.execution.InterceptingExecutableInvoker.lambda$invoke$0(InterceptingExecutableInvoker.java:105)
[WARNING] [stderr] POOL frame org.junit.jupiter.engine.execution.InvocationInterceptorChain$InterceptedInvocation.proceed(InvocationInterceptorChain.java:99)
[WARNING] [stderr] POOL frame org.junit.jupiter.engine.execution.InvocationInterceptorChain.proceed(InvocationInterceptorChain.java:66)
[WARNING] [stderr] POOL frame org.junit.jupiter.engine.execution.InvocationInterceptorChain.chainAndInvoke(InvocationInterceptorChain.java:47)
[WARNING] [stderr] POOL frame org.junit.jupiter.engine.execution.InvocationInterceptorChain.invoke(InvocationInterceptorChain.java:39)
[WARNING] [stderr] POOL frame org.junit.jupiter.engine.execution.InterceptingExecutableInvoker.invoke(InterceptingExecutableInvoker.java:104)
[WARNING] [stderr] POOL frame org.junit.jupiter.engine.execution.InterceptingExecutableInvoker.invoke(InterceptingExecutableInvoker.java:98)
[WARNING] [stderr] POOL frame org.junit.jupiter.engine.execution.InterceptingExecutableInvoker.invokeVoid(InterceptingExecutableInvoker.java:71)
[WARNING] [stderr] POOL frame org.junit.jupiter.engine.descriptor.TestMethodTestDescriptor.lambda$invokeTestMethod$0(TestMethodTestDescriptor.java:219)
[WARNING] [stderr] POOL frame org.junit.platform.engine.support.hierarchical.ThrowableCollector.execute(ThrowableCollector.java:74)
[WARNING] [stderr] POOL frame org.junit.jupiter.engine.descriptor.TestMethodTestDescriptor.invokeTestMethod(TestMethodTestDescriptor.java:215)
[WARNING] [stderr] POOL frame org.junit.jupiter.engine.descriptor.TestMethodTestDescriptor.execute(TestMethodTestDescriptor.java:157)
[WARNING] [stderr] POOL frame org.junit.jupiter.engine.descriptor.TestMethodTestDescriptor.execute(TestMethodTestDescriptor.java:70)
[WARNING] [stderr] POOL frame org.junit.platform.engine.support.hierarchical.NodeTestTask.lambda$executeRecursively$2(NodeTestTask.java:176)
[WARNING] [stderr] POOL frame org.junit.platform.engine.support.hierarchical.ThrowableCollector.execute(ThrowableCollector.java:74)
[WARNING] [stderr] POOL frame org.junit.platform.engine.support.hierarchical.NodeTestTask.lambda$executeRecursively$1(NodeTestTask.java:166)
[WARNING] [stderr] POOL frame org.junit.platform.engine.support.hierarchical.Node.around(Node.java:138)
[WARNING] [stderr] POOL frame org.junit.platform.engine.support.hierarchical.NodeTestTask.lambda$executeRecursively$0(NodeTestTask.java:164)
[WARNING] [stderr] POOL frame org.junit.platform.engine.support.hierarchical.ThrowableCollector.execute(ThrowableCollector.java:74)
[WARNING] [stderr] POOL frame org.junit.platform.engine.support.hierarchical.NodeTestTask.executeRecursively(NodeTestTask.java:163)
[WARNING] [stderr] POOL frame org.junit.platform.engine.support.hierarchical.NodeTestTask.execute(NodeTestTask.java:116)
[WARNING] [stderr] POOL frame java.base/java.util.ArrayList.forEach(ArrayList.java:1612)
[WARNING] [stderr] POOL frame org.junit.platform.engine.support.hierarchical.SameThreadHierarchicalTestExecutorService.invokeAll(SameThreadHierarchicalTestExecutorService.java:42)
[WARNING] [stderr] POOL frame org.junit.platform.engine.support.hierarchical.NodeTestTask.lambda$executeRecursively$2(NodeTestTask.java:180)
[WARNING] [stderr] POOL frame org.junit.platform.engine.support.hierarchical.ThrowableCollector.execute(ThrowableCollector.java:74)
[WARNING] [stderr] POOL frame org.junit.platform.engine.support.hierarchical.NodeTestTask.lambda$executeRecursively$1(NodeTestTask.java:166)
[WARNING] [stderr] POOL frame org.junit.platform.engine.support.hierarchical.Node.around(Node.java:138)
[WARNING] [stderr] POOL frame org.junit.platform.engine.support.hierarchical.NodeTestTask.lambda$executeRecursively$0(NodeTestTask.java:164)
[WARNING] [stderr] POOL frame org.junit.platform.engine.support.hierarchical.ThrowableCollector.execute(ThrowableCollector.java:74)
[WARNING] [stderr] POOL frame org.junit.platform.engine.support.hierarchical.NodeTestTask.executeRecursively(NodeTestTask.java:163)
[WARNING] [stderr] POOL frame org.junit.platform.engine.support.hierarchical.NodeTestTask.execute(NodeTestTask.java:116)
[WARNING] [stderr] POOL frame java.base/java.util.ArrayList.forEach(ArrayList.java:1612)
[WARNING] [stderr] POOL frame org.junit.platform.engine.support.hierarchical.SameThreadHierarchicalTestExecutorService.invokeAll(SameThreadHierarchicalTestExecutorService.java:42)
[WARNING] [stderr] POOL frame org.junit.platform.engine.support.hierarchical.NodeTestTask.lambda$executeRecursively$2(NodeTestTask.java:180)
[WARNING] [stderr] POOL frame org.junit.platform.engine.support.hierarchical.ThrowableCollector.execute(ThrowableCollector.java:74)
[WARNING] [stderr] POOL frame org.junit.platform.engine.support.hierarchical.NodeTestTask.lambda$executeRecursively$1(NodeTestTask.java:166)
[WARNING] [stderr] POOL frame org.junit.platform.engine.support.hierarchical.Node.around(Node.java:138)
[WARNING] [stderr] POOL frame org.junit.platform.engine.support.hierarchical.NodeTestTask.lambda$executeRecursively$0(NodeTestTask.java:164)
[WARNING] [stderr] POOL frame org.junit.platform.engine.support.hierarchical.ThrowableCollector.execute(ThrowableCollector.java:74)
[WARNING] [stderr] POOL frame org.junit.platform.engine.support.hierarchical.NodeTestTask.executeRecursively(NodeTestTask.java:163)
[WARNING] [stderr] POOL frame org.junit.platform.engine.support.hierarchical.NodeTestTask.execute(NodeTestTask.java:116)
[WARNING] [stderr] POOL frame org.junit.platform.engine.support.hierarchical.SameThreadHierarchicalTestExecutorService.submit(SameThreadHierarchicalTestExecutorService.java:36)
[WARNING] [stderr] POOL frame org.junit.platform.engine.support.hierarchical.HierarchicalTestExecutor.execute(HierarchicalTestExecutor.java:52)
[WARNING] [stderr] POOL frame org.junit.platform.engine.support.hierarchical.HierarchicalTestEngine.execute(HierarchicalTestEngine.java:58)
[WARNING] [stderr] POOL frame org.junit.platform.launcher.core.EngineExecutionOrchestrator.executeEngine(EngineExecutionOrchestrator.java:246)
[WARNING] [stderr] POOL frame org.junit.platform.launcher.core.EngineExecutionOrchestrator.failOrExecuteEngine(EngineExecutionOrchestrator.java:218)
[WARNING] [stderr] POOL frame org.junit.platform.launcher.core.EngineExecutionOrchestrator.execute(EngineExecutionOrchestrator.java:179)
[WARNING] [stderr] POOL frame org.junit.platform.launcher.core.EngineExecutionOrchestrator.execute(EngineExecutionOrchestrator.java:108)
[WARNING] [stderr] POOL frame org.junit.platform.launcher.core.EngineExecutionOrchestrator.lambda$execute$0(EngineExecutionOrchestrator.java:66)
[WARNING] [stderr] POOL frame org.junit.platform.launcher.core.EngineExecutionOrchestrator.withInterceptedStreams(EngineExecutionOrchestrator.java:157)
[WARNING] [stderr] POOL frame org.junit.platform.launcher.core.EngineExecutionOrchestrator.execute(EngineExecutionOrchestrator.java:65)
[WARNING] [stderr] POOL frame org.junit.platform.launcher.core.DefaultLauncher.execute(DefaultLauncher.java:125)
[WARNING] [stderr] POOL frame org.junit.platform.launcher.core.DefaultLauncher.execute(DefaultLauncher.java:114)
[WARNING] [stderr] POOL frame org.junit.platform.launcher.core.DelegatingLauncher.execute(DelegatingLauncher.java:58)
[WARNING] [stderr] POOL frame org.junit.platform.launcher.core.InterceptingLauncher.lambda$execute$2(InterceptingLauncher.java:57)
[WARNING] [stderr] POOL frame org.junit.platform.launcher.core.ClasspathAlignmentCheckingLauncherInterceptor.intercept(ClasspathAlignmentCheckingLauncherInterceptor.java:25)
[WARNING] [stderr] POOL frame org.junit.platform.launcher.core.InterceptingLauncher.execute(InterceptingLauncher.java:56)
[WARNING] [stderr] POOL frame org.junit.platform.launcher.core.DelegatingLauncher.execute(DelegatingLauncher.java:58)
[WARNING] [stderr] POOL frame org.apache.maven.surefire.api.util.ReflectionUtils.invokeMethodWithArray(ReflectionUtils.java:125)
[WARNING] [stderr] POOL frame org.apache.maven.surefire.junitplatform.LauncherAdapter.executeWithCancellationToken(LauncherAdapter.java:68)
[WARNING] [stderr] POOL frame org.apache.maven.surefire.junitplatform.LauncherAdapter.execute(LauncherAdapter.java:54)
[WARNING] [stderr] POOL frame org.apache.maven.surefire.junitplatform.JUnitPlatformProvider.execute(JUnitPlatformProvider.java:203)
[WARNING] [stderr] POOL frame org.apache.maven.surefire.junitplatform.JUnitPlatformProvider.invokeAllTests(JUnitPlatformProvider.java:168)
[WARNING] [stderr] POOL frame org.apache.maven.surefire.junitplatform.JUnitPlatformProvider.invoke(JUnitPlatformProvider.java:136)
[WARNING] [stderr] POOL frame org.apache.maven.surefire.booter.ForkedBooter.runSuitesInProcess(ForkedBooter.java:385)
[WARNING] [stderr] POOL frame org.apache.maven.surefire.booter.ForkedBooter.execute(ForkedBooter.java:162)
[WARNING] [stderr] POOL frame org.apache.maven.surefire.booter.ForkedBooter.run(ForkedBooter.java:507)
[WARNING] [stderr] POOL frame org.apache.maven.surefire.booter.ForkedBooter.main(ForkedBooter.java:495)
[ERROR] Tests run: 2, Failures: 1, Errors: 0, Skipped: 0, Time elapsed: 8.148 s <<< FAILURE! -- in org.weakref.nitro.tpcds.TestCompiledTpcdsQueries
[ERROR] org.weakref.nitro.tpcds.TestCompiledTpcdsQueries.query60 -- Time elapsed: 2.155 s <<< FAILURE!
org.opentest4j.AssertionFailedError: 

Expecting actual:
  [(AAAAAAAAAAAHBAAA,1605001),
    (AAAAAAAAAABBAAAA,940251),
    (AAAAAAAAAABEAAAA,1624820),
    (AAAAAAAAAABJAAAA,758843),
    (AAAAAAAAAABPAAAA,1248372),
    (AAAAAAAAAACHBAAA,1153326),
    (AAAAAAAAAACIAAAA,792463),
    (AAAAAAAAAACOAAAA,1773290),
    (AAAAAAAAAADCAAAA,1132104),
    (AAAAAAAAAADEAAAA,2710900),
    (AAAAAAAAAAEDBAAA,2527577),
    (AAAAAAAAAAEFBAAA,1681714),
    (AAAAAAAAAAFFAAAA,699733),
    (AAAAAAAAAAGABAAA,1456037),
    (AAAAAAAAAAHAAAAA,1602793),
    (AAAAAAAAAAHGAAAA,1060985),
    (AAAAAAAAAAHJAAAA,2797076),
    (AAAAAAAAAAHKAAAA,3625062),
    (AAAAAAAAAAHMAAAA,2784893),
    (AAAAAAAAAAIBBAAA,3132170),
    (AAAAAAAAAAIJAAAA,613525),
    (AAAAAAAAAAIOAAAA,593630),
    (AAAAAAAAAAJEAAAA,916882),
    (AAAAAAAAAAJHAAAA,1441213),
    (AAAAAAAAAAJNAAAA,2250217),
    (AAAAAAAAAAKABAAA,1981676),
    (AAAAAAAAAAKGAAAA,1045169),
    (AAAAAAAAAALBBAAA,1045463),
    (AAAAAAAAAALEBAAA,712695),
    (AAAAAAAAAALJAAAA,1926048),
    (AAAAAAAAAALMAAAA,553034),
    (AAAAAAAAAAMDBAAA,535835),
    (AAAAAAAAAANDAAAA,3370224),
    (AAAAAAAAAANFBAAA,1052067),
    (AAAAAAAAAANGBAAA,509174),
    (AAAAAAAAAANNAAAA,1815027),
    (AAAAAAAAAAOCAAAA,1638675),
    (AAAAAAAAAAOCBAAA,3220980),
    (AAAAAAAAAAOFAAAA,541943),
    (AAAAAAAAAAPABAAA,2367535),
    (AAAAAAAAAAPGBAAA,2021193),
    (AAAAAAAAABAABAAA,1371423),
    (AAAAAAAAABADAAAA,1512617),
    (AAAAAAAAABAFBAAA,1116905),
    (AAAAAAAAABAGAAAA,3737259),
    (AAAAAAAAABAPAAAA,2957029),
    (AAAAAAAAABBCAAAA,1484651),
    (AAAAAAAAABBCBAAA,1900623),
    (AAAAAAAAABBEBAAA,1875924),
    (AAAAAAAAABBFAAAA,1499858),
    (AAAAAAAAABBIAAAA,708404),
    (AAAAAAAAABBLAAAA,864537),
    (AAAAAAAAABCEAAAA,1112112),
    (AAAAAAAAABCGBAAA,1315438),
    (AAAAAAAAABCHBAAA,2155629),
    (AAAAAAAAABCIAAAA,1719339),
    (AAAAAAAAABDABAAA,282251),
    (AAAAAAAAABDCBAAA,2249549),
    (AAAAAAAAABDEAAAA,2455958),
    (AAAAAAAAABDKAAAA,1371019),
    (AAAAAAAAABDMAAAA,935869),
    (AAAAAAAAABDPAAAA,489290),
    (AAAAAAAAABEBBAAA,1632730),
    (AAAAAAAAABEFBAAA,954009),
    (AAAAAAAAABEOAAAA,3888966),
    (AAAAAAAAABFABAAA,2320409),
    (AAAAAAAAABFBAAAA,2864928),
    (AAAAAAAAABFDBAAA,3114146),
    (AAAAAAAAABFEAAAA,1836762),
    (AAAAAAAAABFKAAAA,1471034),
    (AAAAAAAAABFNAAAA,1559853),
    (AAAAAAAAABGHAAAA,378100),
    (AAAAAAAAABHCAAAA,1248564),
    (AAAAAAAAABHEBAAA,877959),
    (AAAAAAAAABHMAAAA,2511459),
    (AAAAAAAAABIBAAAA,1628806),
    (AAAAAAAAABICAAAA,1410028),
    (AAAAAAAAABIEAAAA,3988746),
    (AAAAAAAAABINAAAA,6078850),
    (AAAAAAAAABJABAAA,2195915),
    (AAAAAAAAABJHAAAA,233470),
    (AAAAAAAAABJMAAAA,2749730),
    (AAAAAAAAABKCAAAA,734370),
    (AAAAAAAAABKOAAAA,1191550),
    (AAAAAAAAABLABAAA,861248),
    (AAAAAAAAABLBAAAA,793568),
    (AAAAAAAAABLIAAAA,1915099),
    (AAAAAAAAABLKAAAA,2789655),
    (AAAAAAAAABMFBAAA,1507770),
    (AAAAAAAAABMJAAAA,1884830),
    (AAAAAAAAABNAAAAA,816230),
    (AAAAAAAAABNEBAAA,3073772),
    (AAAAAAAAABNOAAAA,690939),
    (AAAAAAAAABODBAAA,1818071),
    (AAAAAAAAABOEAAAA,397628),
    (AAAAAAAAABOFAAAA,3082016),
    (AAAAAAAAABOGBAAA,1407599),
    (AAAAAAAAABOKAAAA,1473430),
    (AAAAAAAAABOLAAAA,1446902),
    (AAAAAAAAABPCBAAA,1599925)]
to contain exactly (and in same order):
  [(AAAAAAAAAAAHBAAA,1605001),
    (AAAAAAAAAABPAAAA,1248372),
    (AAAAAAAAAACHBAAA,1153326),
    (AAAAAAAAAACIAAAA,792463),
    (AAAAAAAAAACOAAAA,1773290),
    (AAAAAAAAAADCAAAA,1132104),
    (AAAAAAAAAAEDBAAA,2527577),
    (AAAAAAAAAAFFAAAA,699733),
    (AAAAAAAAAAHJAAAA,2797076),
    (AAAAAAAAAAHMAAAA,2784893),
    (AAAAAAAAAAIJAAAA,613525),
    (AAAAAAAAAAJEAAAA,916882),
    (AAAAAAAAAAJHAAAA,1441213),
    (AAAAAAAAAAJNAAAA,2250217),
    (AAAAAAAAAAKGAAAA,1045169),
    (AAAAAAAAAALBBAAA,1045463),
    (AAAAAAAAAALJAAAA,1926048),
    (AAAAAAAAAALMAAAA,553034),
    (AAAAAAAAAAMDBAAA,535835),
    (AAAAAAAAAANDAAAA,3370224),
    (AAAAAAAAAANFBAAA,1052067),
    (AAAAAAAAAANNAAAA,1815027),
    (AAAAAAAAAAOCAAAA,1638675),
    (AAAAAAAAAAOCBAAA,3220980),
    (AAAAAAAAAAOFAAAA,541943),
    (AAAAAAAAAAPABAAA,2367535),
    (AAAAAAAAAAPGBAAA,2021193),
    (AAAAAAAAABAABAAA,1371423),
    (AAAAAAAAABAGAAAA,3737259),
    (AAAAAAAAABAPAAAA,2957029),
    (AAAAAAAAABBFAAAA,1499858),
    (AAAAAAAAABBIAAAA,708404),
    (AAAAAAAAABCEAAAA,1112112),
    (AAAAAAAAABCIAAAA,1719339),
    (AAAAAAAAABDABAAA,282251),
    (AAAAAAAAABDEAAAA,2455958),
    (AAAAAAAAABDKAAAA,1371019),
    (AAAAAAAAABDMAAAA,935869),
    (AAAAAAAAABDPAAAA,489290),
    (AAAAAAAAABEBBAAA,1632730),
    (AAAAAAAAABEOAAAA,3888966),
    (AAAAAAAAABFABAAA,2320409),
    (AAAAAAAAABFBAAAA,2864928),
    (AAAAAAAAABFEAAAA,1836762),
    (AAAAAAAAABFNAAAA,1559853),
    (AAAAAAAAABHCAAAA,1248564),
    (AAAAAAAAABHMAAAA,2511459),
    (AAAAAAAAABIBAAAA,1628806),
    (AAAAAAAAABICAAAA,1410028),
    (AAAAAAAAABIEAAAA,3988746),
    (AAAAAAAAABINAAAA,6078850),
    (AAAAAAAAABJABAAA,2195915),
    (AAAAAAAAABKCAAAA,734370),
    (AAAAAAAAABLIAAAA,1915099),
    (AAAAAAAAABLKAAAA,2789655),
    (AAAAAAAAABMFBAAA,1507770),
    (AAAAAAAAABMJAAAA,1884830),
    (AAAAAAAAABNEBAAA,3073772),
    (AAAAAAAAABOFAAAA,3082016),
    (AAAAAAAAABOGBAAA,1407599),
    (AAAAAAAAABOLAAAA,1446902),
    (AAAAAAAAACACAAAA,1315754),
    (AAAAAAAAACAFAAAA,966241),
    (AAAAAAAAACBBBAAA,2164382),
    (AAAAAAAAACBEAAAA,679962),
    (AAAAAAAAACBFAAAA,778239),
    (AAAAAAAAACBNAAAA,2955634),
    (AAAAAAAAACCDAAAA,1515442),
    (AAAAAAAAACCIBAAA,2725228),
    (AAAAAAAAACCKAAAA,1076218),
    (AAAAAAAAACDCAAAA,1310200),
    (AAAAAAAAACDFAAAA,2259605),
    (AAAAAAAAACDGAAAA,836670),
    (AAAAAAAAACENAAAA,1063542),
    (AAAAAAAAACGHBAAA,1901507),
    (AAAAAAAAACHOAAAA,1802930),
    (AAAAAAAAACIGAAAA,1544550),
    (AAAAAAAAACIGBAAA,1581071),
    (AAAAAAAAACJFAAAA,611653),
    (AAAAAAAAACJJAAAA,1085454),
    (AAAAAAAAACKBBAAA,2145354),
    (AAAAAAAAACKDBAAA,1139781),
    (AAAAAAAAACKEBAAA,1313855),
    (AAAAAAAAACLBAAAA,2350237),
    (AAAAAAAAACMIAAAA,873976),
    (AAAAAAAAACNCAAAA,1927961),
    (AAAAAAAAACNHAAAA,1631985),
    (AAAAAAAAACNNAAAA,1281906),
    (AAAAAAAAACODAAAA,192997),
    (AAAAAAAAACODBAAA,3403737),
    (AAAAAAAAADAABAAA,1126882),
    (AAAAAAAAADAFAAAA,1551677),
    (AAAAAAAAADANAAAA,906822),
    (AAAAAAAAADBAAAAA,874322),
    (AAAAAAAAADBFBAAA,456582),
    (AAAAAAAAADBGBAAA,1328762),
    (AAAAAAAAADBIBAAA,645803),
    (AAAAAAAAADBPAAAA,171796),
    (AAAAAAAAADCCBAAA,1128919),
    (AAAAAAAAADDCAAAA,141731)]
but some elements were not found:
  [(AAAAAAAAACACAAAA,1315754),
    (AAAAAAAAACAFAAAA,966241),
    (AAAAAAAAACBBBAAA,2164382),
    (AAAAAAAAACBEAAAA,679962),
    (AAAAAAAAACBFAAAA,778239),
    (AAAAAAAAACBNAAAA,2955634),
    (AAAAAAAAACCDAAAA,1515442),
    (AAAAAAAAACCIBAAA,2725228),
    (AAAAAAAAACCKAAAA,1076218),
    (AAAAAAAAACDCAAAA,1310200),
    (AAAAAAAAACDFAAAA,2259605),
    (AAAAAAAAACDGAAAA,836670),
    (AAAAAAAAACENAAAA,1063542),
    (AAAAAAAAACGHBAAA,1901507),
    (AAAAAAAAACHOAAAA,1802930),
    (AAAAAAAAACIGAAAA,1544550),
    (AAAAAAAAACIGBAAA,1581071),
    (AAAAAAAAACJFAAAA,611653),
    (AAAAAAAAACJJAAAA,1085454),
    (AAAAAAAAACKBBAAA,2145354),
    (AAAAAAAAACKDBAAA,1139781),
    (AAAAAAAAACKEBAAA,1313855),
    (AAAAAAAAACLBAAAA,2350237),
    (AAAAAAAAACMIAAAA,873976),
    (AAAAAAAAACNCAAAA,1927961),
    (AAAAAAAAACNHAAAA,1631985),
    (AAAAAAAAACNNAAAA,1281906),
    (AAAAAAAAACODAAAA,192997),
    (AAAAAAAAACODBAAA,3403737),
    (AAAAAAAAADAABAAA,1126882),
    (AAAAAAAAADAFAAAA,1551677),
    (AAAAAAAAADANAAAA,906822),
    (AAAAAAAAADBAAAAA,874322),
    (AAAAAAAAADBFBAAA,456582),
    (AAAAAAAAADBGBAAA,1328762),
    (AAAAAAAAADBIBAAA,645803),
    (AAAAAAAAADBPAAAA,171796),
    (AAAAAAAAADCCBAAA,1128919),
    (AAAAAAAAADDCAAAA,141731)]
and others were not expected:
  [(AAAAAAAAAABBAAAA,940251),
    (AAAAAAAAAABEAAAA,1624820),
    (AAAAAAAAAABJAAAA,758843),
    (AAAAAAAAAADEAAAA,2710900),
    (AAAAAAAAAAEFBAAA,1681714),
    (AAAAAAAAAAGABAAA,1456037),
    (AAAAAAAAAAHAAAAA,1602793),
    (AAAAAAAAAAHGAAAA,1060985),
    (AAAAAAAAAAHKAAAA,3625062),
    (AAAAAAAAAAIBBAAA,3132170),
    (AAAAAAAAAAIOAAAA,593630),
    (AAAAAAAAAAKABAAA,1981676),
    (AAAAAAAAAALEBAAA,712695),
    (AAAAAAAAAANGBAAA,509174),
    (AAAAAAAAABADAAAA,1512617),
    (AAAAAAAAABAFBAAA,1116905),
    (AAAAAAAAABBCAAAA,1484651),
    (AAAAAAAAABBCBAAA,1900623),
    (AAAAAAAAABBEBAAA,1875924),
    (AAAAAAAAABBLAAAA,864537),
    (AAAAAAAAABCGBAAA,1315438),
    (AAAAAAAAABCHBAAA,2155629),
    (AAAAAAAAABDCBAAA,2249549),
    (AAAAAAAAABEFBAAA,954009),
    (AAAAAAAAABFDBAAA,3114146),
    (AAAAAAAAABFKAAAA,1471034),
    (AAAAAAAAABGHAAAA,378100),
    (AAAAAAAAABHEBAAA,877959),
    (AAAAAAAAABJHAAAA,233470),
    (AAAAAAAAABJMAAAA,2749730),
    (AAAAAAAAABKOAAAA,1191550),
    (AAAAAAAAABLABAAA,861248),
    (AAAAAAAAABLBAAAA,793568),
    (AAAAAAAAABNAAAAA,816230),
    (AAAAAAAAABNOAAAA,690939),
    (AAAAAAAAABODBAAA,1818071),
    (AAAAAAAAABOEAAAA,397628),
    (AAAAAAAAABOKAAAA,1473430),
    (AAAAAAAAABPCBAAA,1599925)]

	at org.weakref.nitro.tpcds.TestCompiledTpcdsQueries.assertBridgedRowsMatch(TestCompiledTpcdsQueries.java:1204)
	at org.weakref.nitro.tpcds.TestCompiledTpcdsQueries.assertBridgedRowsMatch(TestCompiledTpcdsQueries.java:1179)
	at org.weakref.nitro.tpcds.TestCompiledTpcdsQueries.assertUnionMatchesHarness(TestCompiledTpcdsQueries.java:617)
	at org.weakref.nitro.tpcds.TestCompiledTpcdsQueries.query60(TestCompiledTpcdsQueries.java:174)
[INFO] 
[INFO] Results:
[INFO] 
[ERROR] Failures: 
[ERROR]   TestCompiledTpcdsQueries.query60:174->assertUnionMatchesHarness:617->assertBridgedRowsMatch:1179->assertBridgedRowsMatch:1204 
Expecting actual:
  [(AAAAAAAAAAAHBAAA,1605001),
    (AAAAAAAAAABBAAAA,940251),
    (AAAAAAAAAABEAAAA,1624820),
    (AAAAAAAAAABJAAAA,758843),
    (AAAAAAAAAABPAAAA,1248372),
    (AAAAAAAAAACHBAAA,1153326),
    (AAAAAAAAAACIAAAA,792463),
    (AAAAAAAAAACOAAAA,1773290),
    (AAAAAAAAAADCAAAA,1132104),
    (AAAAAAAAAADEAAAA,2710900),
    (AAAAAAAAAAEDBAAA,2527577),
    (AAAAAAAAAAEFBAAA,1681714),
    (AAAAAAAAAAFFAAAA,699733),
    (AAAAAAAAAAGABAAA,1456037),
    (AAAAAAAAAAHAAAAA,1602793),
    (AAAAAAAAAAHGAAAA,1060985),
    (AAAAAAAAAAHJAAAA,2797076),
    (AAAAAAAAAAHKAAAA,3625062),
    (AAAAAAAAAAHMAAAA,2784893),
    (AAAAAAAAAAIBBAAA,3132170),
    (AAAAAAAAAAIJAAAA,613525),
    (AAAAAAAAAAIOAAAA,593630),
    (AAAAAAAAAAJEAAAA,916882),
    (AAAAAAAAAAJHAAAA,1441213),
    (AAAAAAAAAAJNAAAA,2250217),
    (AAAAAAAAAAKABAAA,1981676),
    (AAAAAAAAAAKGAAAA,1045169),
    (AAAAAAAAAALBBAAA,1045463),
    (AAAAAAAAAALEBAAA,712695),
    (AAAAAAAAAALJAAAA,1926048),
    (AAAAAAAAAALMAAAA,553034),
    (AAAAAAAAAAMDBAAA,535835),
    (AAAAAAAAAANDAAAA,3370224),
    (AAAAAAAAAANFBAAA,1052067),
    (AAAAAAAAAANGBAAA,509174),
    (AAAAAAAAAANNAAAA,1815027),
    (AAAAAAAAAAOCAAAA,1638675),
    (AAAAAAAAAAOCBAAA,3220980),
    (AAAAAAAAAAOFAAAA,541943),
    (AAAAAAAAAAPABAAA,2367535),
    (AAAAAAAAAAPGBAAA,2021193),
    (AAAAAAAAABAABAAA,1371423),
    (AAAAAAAAABADAAAA,1512617),
    (AAAAAAAAABAFBAAA,1116905),
    (AAAAAAAAABAGAAAA,3737259),
    (AAAAAAAAABAPAAAA,2957029),
    (AAAAAAAAABBCAAAA,1484651),
    (AAAAAAAAABBCBAAA,1900623),
    (AAAAAAAAABBEBAAA,1875924),
    (AAAAAAAAABBFAAAA,1499858),
    (AAAAAAAAABBIAAAA,708404),
    (AAAAAAAAABBLAAAA,864537),
    (AAAAAAAAABCEAAAA,1112112),
    (AAAAAAAAABCGBAAA,1315438),
    (AAAAAAAAABCHBAAA,2155629),
    (AAAAAAAAABCIAAAA,1719339),
    (AAAAAAAAABDABAAA,282251),
    (AAAAAAAAABDCBAAA,2249549),
    (AAAAAAAAABDEAAAA,2455958),
    (AAAAAAAAABDKAAAA,1371019),
    (AAAAAAAAABDMAAAA,935869),
    (AAAAAAAAABDPAAAA,489290),
    (AAAAAAAAABEBBAAA,1632730),
    (AAAAAAAAABEFBAAA,954009),
    (AAAAAAAAABEOAAAA,3888966),
    (AAAAAAAAABFABAAA,2320409),
    (AAAAAAAAABFBAAAA,2864928),
    (AAAAAAAAABFDBAAA,3114146),
    (AAAAAAAAABFEAAAA,1836762),
    (AAAAAAAAABFKAAAA,1471034),
    (AAAAAAAAABFNAAAA,1559853),
    (AAAAAAAAABGHAAAA,378100),
    (AAAAAAAAABHCAAAA,1248564),
    (AAAAAAAAABHEBAAA,877959),
    (AAAAAAAAABHMAAAA,2511459),
    (AAAAAAAAABIBAAAA,1628806),
    (AAAAAAAAABICAAAA,1410028),
    (AAAAAAAAABIEAAAA,3988746),
    (AAAAAAAAABINAAAA,6078850),
    (AAAAAAAAABJABAAA,2195915),
    (AAAAAAAAABJHAAAA,233470),
    (AAAAAAAAABJMAAAA,2749730),
    (AAAAAAAAABKCAAAA,734370),
    (AAAAAAAAABKOAAAA,1191550),
    (AAAAAAAAABLABAAA,861248),
    (AAAAAAAAABLBAAAA,793568),
    (AAAAAAAAABLIAAAA,1915099),
    (AAAAAAAAABLKAAAA,2789655),
    (AAAAAAAAABMFBAAA,1507770),
    (AAAAAAAAABMJAAAA,1884830),
    (AAAAAAAAABNAAAAA,816230),
    (AAAAAAAAABNEBAAA,3073772),
    (AAAAAAAAABNOAAAA,690939),
    (AAAAAAAAABODBAAA,1818071),
    (AAAAAAAAABOEAAAA,397628),
    (AAAAAAAAABOFAAAA,3082016),
    (AAAAAAAAABOGBAAA,1407599),
    (AAAAAAAAABOKAAAA,1473430),
    (AAAAAAAAABOLAAAA,1446902),
    (AAAAAAAAABPCBAAA,1599925)]
to contain exactly (and in same order):
  [(AAAAAAAAAAAHBAAA,1605001),
    (AAAAAAAAAABPAAAA,1248372),
    (AAAAAAAAAACHBAAA,1153326),
    (AAAAAAAAAACIAAAA,792463),
    (AAAAAAAAAACOAAAA,1773290),
    (AAAAAAAAAADCAAAA,1132104),
    (AAAAAAAAAAEDBAAA,2527577),
    (AAAAAAAAAAFFAAAA,699733),
    (AAAAAAAAAAHJAAAA,2797076),
    (AAAAAAAAAAHMAAAA,2784893),
    (AAAAAAAAAAIJAAAA,613525),
    (AAAAAAAAAAJEAAAA,916882),
    (AAAAAAAAAAJHAAAA,1441213),
    (AAAAAAAAAAJNAAAA,2250217),
    (AAAAAAAAAAKGAAAA,1045169),
    (AAAAAAAAAALBBAAA,1045463),
    (AAAAAAAAAALJAAAA,1926048),
    (AAAAAAAAAALMAAAA,553034),
    (AAAAAAAAAAMDBAAA,535835),
    (AAAAAAAAAANDAAAA,3370224),
    (AAAAAAAAAANFBAAA,1052067),
    (AAAAAAAAAANNAAAA,1815027),
    (AAAAAAAAAAOCAAAA,1638675),
    (AAAAAAAAAAOCBAAA,3220980),
    (AAAAAAAAAAOFAAAA,541943),
    (AAAAAAAAAAPABAAA,2367535),
    (AAAAAAAAAAPGBAAA,2021193),
    (AAAAAAAAABAABAAA,1371423),
    (AAAAAAAAABAGAAAA,3737259),
    (AAAAAAAAABAPAAAA,2957029),
    (AAAAAAAAABBFAAAA,1499858),
    (AAAAAAAAABBIAAAA,708404),
    (AAAAAAAAABCEAAAA,1112112),
    (AAAAAAAAABCIAAAA,1719339),
    (AAAAAAAAABDABAAA,282251),
    (AAAAAAAAABDEAAAA,2455958),
    (AAAAAAAAABDKAAAA,1371019),
    (AAAAAAAAABDMAAAA,935869),
    (AAAAAAAAABDPAAAA,489290),
    (AAAAAAAAABEBBAAA,1632730),
    (AAAAAAAAABEOAAAA,3888966),
    (AAAAAAAAABFABAAA,2320409),
    (AAAAAAAAABFBAAAA,2864928),
    (AAAAAAAAABFEAAAA,1836762),
    (AAAAAAAAABFNAAAA,1559853),
    (AAAAAAAAABHCAAAA,1248564),
    (AAAAAAAAABHMAAAA,2511459),
    (AAAAAAAAABIBAAAA,1628806),
    (AAAAAAAAABICAAAA,1410028),
    (AAAAAAAAABIEAAAA,3988746),
    (AAAAAAAAABINAAAA,6078850),
    (AAAAAAAAABJABAAA,2195915),
    (AAAAAAAAABKCAAAA,734370),
    (AAAAAAAAABLIAAAA,1915099),
    (AAAAAAAAABLKAAAA,2789655),
    (AAAAAAAAABMFBAAA,1507770),
    (AAAAAAAAABMJAAAA,1884830),
    (AAAAAAAAABNEBAAA,3073772),
    (AAAAAAAAABOFAAAA,3082016),
    (AAAAAAAAABOGBAAA,1407599),
    (AAAAAAAAABOLAAAA,1446902),
    (AAAAAAAAACACAAAA,1315754),
    (AAAAAAAAACAFAAAA,966241),
    (AAAAAAAAACBBBAAA,2164382),
    (AAAAAAAAACBEAAAA,679962),
    (AAAAAAAAACBFAAAA,778239),
    (AAAAAAAAACBNAAAA,2955634),
    (AAAAAAAAACCDAAAA,1515442),
    (AAAAAAAAACCIBAAA,2725228),
    (AAAAAAAAACCKAAAA,1076218),
    (AAAAAAAAACDCAAAA,1310200),
    (AAAAAAAAACDFAAAA,2259605),
    (AAAAAAAAACDGAAAA,836670),
    (AAAAAAAAACENAAAA,1063542),
    (AAAAAAAAACGHBAAA,1901507),
    (AAAAAAAAACHOAAAA,1802930),
    (AAAAAAAAACIGAAAA,1544550),
    (AAAAAAAAACIGBAAA,1581071),
    (AAAAAAAAACJFAAAA,611653),
    (AAAAAAAAACJJAAAA,1085454),
    (AAAAAAAAACKBBAAA,2145354),
    (AAAAAAAAACKDBAAA,1139781),
    (AAAAAAAAACKEBAAA,1313855),
    (AAAAAAAAACLBAAAA,2350237),
    (AAAAAAAAACMIAAAA,873976),
    (AAAAAAAAACNCAAAA,1927961),
    (AAAAAAAAACNHAAAA,1631985),
    (AAAAAAAAACNNAAAA,1281906),
    (AAAAAAAAACODAAAA,192997),
    (AAAAAAAAACODBAAA,3403737),
    (AAAAAAAAADAABAAA,1126882),
    (AAAAAAAAADAFAAAA,1551677),
    (AAAAAAAAADANAAAA,906822),
    (AAAAAAAAADBAAAAA,874322),
    (AAAAAAAAADBFBAAA,456582),
    (AAAAAAAAADBGBAAA,1328762),
    (AAAAAAAAADBIBAAA,645803),
    (AAAAAAAAADBPAAAA,171796),
    (AAAAAAAAADCCBAAA,1128919),
    (AAAAAAAAADDCAAAA,141731)]
but some elements were not found:
  [(AAAAAAAAACACAAAA,1315754),
    (AAAAAAAAACAFAAAA,966241),
    (AAAAAAAAACBBBAAA,2164382),
    (AAAAAAAAACBEAAAA,679962),
    (AAAAAAAAACBFAAAA,778239),
    (AAAAAAAAACBNAAAA,2955634),
    (AAAAAAAAACCDAAAA,1515442),
    (AAAAAAAAACCIBAAA,2725228),
    (AAAAAAAAACCKAAAA,1076218),
    (AAAAAAAAACDCAAAA,1310200),
    (AAAAAAAAACDFAAAA,2259605),
    (AAAAAAAAACDGAAAA,836670),
    (AAAAAAAAACENAAAA,1063542),
    (AAAAAAAAACGHBAAA,1901507),
    (AAAAAAAAACHOAAAA,1802930),
    (AAAAAAAAACIGAAAA,1544550),
    (AAAAAAAAACIGBAAA,1581071),
    (AAAAAAAAACJFAAAA,611653),
    (AAAAAAAAACJJAAAA,1085454),
    (AAAAAAAAACKBBAAA,2145354),
    (AAAAAAAAACKDBAAA,1139781),
    (AAAAAAAAACKEBAAA,1313855),
    (AAAAAAAAACLBAAAA,2350237),
    (AAAAAAAAACMIAAAA,873976),
    (AAAAAAAAACNCAAAA,1927961),
    (AAAAAAAAACNHAAAA,1631985),
    (AAAAAAAAACNNAAAA,1281906),
    (AAAAAAAAACODAAAA,192997),
    (AAAAAAAAACODBAAA,3403737),
    (AAAAAAAAADAABAAA,1126882),
    (AAAAAAAAADAFAAAA,1551677),
    (AAAAAAAAADANAAAA,906822),
    (AAAAAAAAADBAAAAA,874322),
    (AAAAAAAAADBFBAAA,456582),
    (AAAAAAAAADBGBAAA,1328762),
    (AAAAAAAAADBIBAAA,645803),
    (AAAAAAAAADBPAAAA,171796),
    (AAAAAAAAADCCBAAA,1128919),
    (AAAAAAAAADDCAAAA,141731)]
and others were not expected:
  [(AAAAAAAAAABBAAAA,940251),
    (AAAAAAAAAABEAAAA,1624820),
    (AAAAAAAAAABJAAAA,758843),
    (AAAAAAAAAADEAAAA,2710900),
    (AAAAAAAAAAEFBAAA,1681714),
    (AAAAAAAAAAGABAAA,1456037),
    (AAAAAAAAAAHAAAAA,1602793),
    (AAAAAAAAAAHGAAAA,1060985),
    (AAAAAAAAAAHKAAAA,3625062),
    (AAAAAAAAAAIBBAAA,3132170),
    (AAAAAAAAAAIOAAAA,593630),
    (AAAAAAAAAAKABAAA,1981676),
    (AAAAAAAAAALEBAAA,712695),
    (AAAAAAAAAANGBAAA,509174),
    (AAAAAAAAABADAAAA,1512617),
    (AAAAAAAAABAFBAAA,1116905),
    (AAAAAAAAABBCAAAA,1484651),
    (AAAAAAAAABBCBAAA,1900623),
    (AAAAAAAAABBEBAAA,1875924),
    (AAAAAAAAABBLAAAA,864537),
    (AAAAAAAAABCGBAAA,1315438),
    (AAAAAAAAABCHBAAA,2155629),
    (AAAAAAAAABDCBAAA,2249549),
    (AAAAAAAAABEFBAAA,954009),
    (AAAAAAAAABFDBAAA,3114146),
    (AAAAAAAAABFKAAAA,1471034),
    (AAAAAAAAABGHAAAA,378100),
    (AAAAAAAAABHEBAAA,877959),
    (AAAAAAAAABJHAAAA,233470),
    (AAAAAAAAABJMAAAA,2749730),
    (AAAAAAAAABKOAAAA,1191550),
    (AAAAAAAAABLABAAA,861248),
    (AAAAAAAAABLBAAAA,793568),
    (AAAAAAAAABNAAAAA,816230),
    (AAAAAAAAABNOAAAA,690939),
    (AAAAAAAAABODBAAA,1818071),
    (AAAAAAAAABOEAAAA,397628),
    (AAAAAAAAABOKAAAA,1473430),
    (AAAAAAAAABPCBAAA,1599925)]
[INFO] 
[ERROR] Tests run: 2, Failures: 1, Errors: 0, Skipped: 0
[INFO] 
[INFO] ------------------------------------------------------------------------
[INFO] BUILD FAILURE
[INFO] ------------------------------------------------------------------------
[INFO] Total time:  21.733 s (Wall Clock)
[INFO] Finished at: 2026-07-21T22:55:09Z
[INFO] ------------------------------------------------------------------------
[INFO] Njord session closed
[ERROR] Failed to execute goal org.apache.maven.plugins:maven-surefire-plugin:3.5.5:test (default-test) on project nitro: There are test failures.
[ERROR] 
[ERROR] See /home/martin/src/nitro.opt/target/surefire-reports for the individual test results.
[ERROR] See dump files (if any exist) [date].dump, [date]-jvmRun[N].dump and [date].dumpstream.
[ERROR] -> [Help 1]
[ERROR] 
[ERROR] To see the full stack trace of the errors, re-run Maven with the -e switch.
[ERROR] Re-run Maven using the -X switch to enable full debug logging.
[ERROR] 
[ERROR] For more information about the errors and possible solutions, please read the following articles:
[ERROR] [Help 1] http://cwiki.apache.org/confluence/display/MAVEN/MojoFailureException
Purged 1 log files (log available in /root/.mvnd/purge-2026-07-21.log)
