[INFO] Processing build on daemon 676e6f04
[INFO] Scanning for projects...
[INFO] Njord 0.9.4 session created
[INFO] BuildTimeEventSpy is registered.
[INFO] 
[INFO] Using the SmartBuilder implementation with a thread count of 7
[INFO] 
[INFO] -------------------------< org.weakref:nitro >--------------------------
[INFO] Building nitro 1-SNAPSHOT
[INFO]   from pom.xml
[INFO] --------------------------------[ jar ]---------------------------------
[WARNING] 2 problems were encountered while building the effective model for org.apache.yetus:audience-annotations:jar:0.5.0 during dependency collection step for project (use -X to see details)
[INFO] 
[INFO] --- exec:3.6.1:exec (benchmark) @ nitro ---
[WARNING] [stderr] WARNING: Using incubator modules: jdk.incubator.vector
[WARNING] [stderr] WARNING: A terminally deprecated method in sun.misc.Unsafe has been called
[WARNING] [stderr] WARNING: sun.misc.Unsafe::objectFieldOffset has been called by org.openjdk.jmh.util.Utils (file:/root/.m2/repository/org/openjdk/jmh/jmh-core/1.37/jmh-core-1.37.jar)
[WARNING] [stderr] WARNING: Please consider reporting this to the maintainers of class org.openjdk.jmh.util.Utils
[WARNING] [stderr] WARNING: sun.misc.Unsafe::objectFieldOffset will be removed in a future release
[INFO] [stdout] # JMH version: 1.37
[INFO] [stdout] # VM version: JDK 26.0.1, OpenJDK 64-Bit Server VM, 26.0.1+8
[INFO] [stdout] # VM invoker: /opt/java/openjdk/bin/java
[INFO] [stdout] # VM options: --enable-preview --add-modules=jdk.incubator.vector -Dnitro.clickbench.hits.path= -Xmx12g -XX:+UseTransparentHugePages -Dnitro.tpch.parquet.path=/root/data/tpch-parquet-sf10 -Dnitro.tpch.parquet.schema=sf10
[INFO] [stdout] # Blackhole mode: compiler (auto-detected, use -Djmh.blackhole.autoDetect=false to disable)
[INFO] [stdout] # Warmup: 5 iterations, 1 s each
[INFO] [stdout] # Measurement: 5 iterations, 1 s each
[INFO] [stdout] # Timeout: 30 min per iteration
[INFO] [stdout] # Threads: 1 thread, will synchronize iterations
[INFO] [stdout] # Benchmark mode: Average time, time/op
[INFO] [stdout] # Benchmark: org.weakref.nitro.tpch.BenchmarkQueries.query18
[INFO] [stdout] 
[INFO] [stdout] # Run progress: 0.00% complete, ETA 00:00:10
[INFO] [stdout] # Fork: 1 of 1
[INFO] [stdout] # Preparing profilers: LinuxPerfNormProfiler 
[INFO] [stdout] # Profilers consume stderr from target VM, use -v EXTRA to copy to console
[INFO] [stdout] # Warmup Iteration   1: 1677.541 ms/op
[INFO] [stdout] # Warmup Iteration   2: 1590.402 ms/op
[INFO] [stdout] # Warmup Iteration   3: 2043.290 ms/op
[INFO] [stdout] # Warmup Iteration   4: 1739.615 ms/op
[INFO] [stdout] # Warmup Iteration   5: 1911.801 ms/op
[INFO] [stdout] Iteration   1: 1889.409 ms/op
[INFO] [stdout]                  gc.alloc.rate:      296.171 MB/sec
[INFO] [stdout]                  gc.alloc.rate.norm: 586830464.000 B/op
[INFO] [stdout]                  gc.count:           5.000 counts
[INFO] [stdout]                  gc.time:            35.000 ms
[INFO] [stdout] 
[INFO] [stdout] Iteration   2: 2011.030 ms/op
[INFO] [stdout]                  gc.alloc.rate:      291.946 MB/sec
[INFO] [stdout]                  gc.alloc.rate.norm: 615677872.000 B/op
[INFO] [stdout]                  gc.count:           1.000 counts
[INFO] [stdout]                  gc.time:            66.000 ms
[INFO] [stdout] 
[INFO] [stdout] Iteration   3: 2151.600 ms/op
[INFO] [stdout]                  gc.alloc.rate:      281.879 MB/sec
[INFO] [stdout]                  gc.alloc.rate.norm: 635992504.000 B/op
[INFO] [stdout]                  gc.count:           1.000 counts
[INFO] [stdout]                  gc.time:            78.000 ms
[INFO] [stdout] 
[INFO] [stdout] Iteration   4: 2652.381 ms/op
[INFO] [stdout]                  gc.alloc.rate:      232.107 MB/sec
[INFO] [stdout]                  gc.alloc.rate.norm: 645576168.000 B/op
[INFO] [stdout]                  gc.count:           1.000 counts
[INFO] [stdout]                  gc.time:            66.000 ms
[INFO] [stdout] 
[INFO] [stdout] Iteration   5: 1856.126 ms/op
[INFO] [stdout]                  gc.alloc.rate:      340.496 MB/sec
[INFO] [stdout]                  gc.alloc.rate.norm: 662765312.000 B/op
[INFO] [stdout]                  gc.count:           1.000 counts
[INFO] [stdout]                  gc.time:            21.000 ms
[INFO] [stdout] 
[INFO] [stdout] # Processing profiler results: LinuxPerfNormProfiler 
[INFO] [stdout] 
[INFO] [stdout] 
[INFO] [stdout] Result "org.weakref.nitro.tpch.BenchmarkQueries.query18":
[INFO] [stdout]   2112.109 ±(99.9%) 1245.958 ms/op [Average]
[INFO] [stdout]   (min, avg, max) = (1856.126, 2112.109, 2652.381), stdev = 323.571
[INFO] [stdout]   CI (99.9%): [866.152, 3358.067] (assumes normal distribution)
[INFO] [stdout] 
[INFO] [stdout] Secondary result "org.weakref.nitro.tpch.BenchmarkQueries.query18:CPI":
[INFO] [stdout]   0.346 clks/insn
[INFO] [stdout] 
[INFO] [stdout] Secondary result "org.weakref.nitro.tpch.BenchmarkQueries.query18:IPC":
[INFO] [stdout]   2.890 insns/clk
[INFO] [stdout] 
[INFO] [stdout] Secondary result "org.weakref.nitro.tpch.BenchmarkQueries.query18:L1-dcache-load-misses":
[INFO] [stdout]   372474983.570 #/op
[INFO] [stdout] 
[INFO] [stdout] Secondary result "org.weakref.nitro.tpch.BenchmarkQueries.query18:L1-dcache-loads":
[INFO] [stdout]   17201147205.250 #/op
[INFO] [stdout] 
[INFO] [stdout] Secondary result "org.weakref.nitro.tpch.BenchmarkQueries.query18:branch-misses":
[INFO] [stdout]   40339941.463 #/op
[INFO] [stdout] 
[INFO] [stdout] Secondary result "org.weakref.nitro.tpch.BenchmarkQueries.query18:branches":
[INFO] [stdout]   7090107465.687 #/op
[INFO] [stdout] 
[INFO] [stdout] Secondary result "org.weakref.nitro.tpch.BenchmarkQueries.query18:cycles":
[INFO] [stdout]   12038135825.998 #/op
[INFO] [stdout] 
[INFO] [stdout] Secondary result "org.weakref.nitro.tpch.BenchmarkQueries.query18:dTLB-load-misses":
[INFO] [stdout]   14945784.563 #/op
[INFO] [stdout] 
[INFO] [stdout] Secondary result "org.weakref.nitro.tpch.BenchmarkQueries.query18:dTLB-loads":
[INFO] [stdout]   30602567.312 #/op
[INFO] [stdout] 
[INFO] [stdout] Secondary result "org.weakref.nitro.tpch.BenchmarkQueries.query18:gc.alloc.rate":
[INFO] [stdout]   288.520 ±(99.9%) 149.115 MB/sec [Average]
[INFO] [stdout]   (min, avg, max) = (232.107, 288.520, 340.496), stdev = 38.725
[INFO] [stdout]   CI (99.9%): [139.405, 437.635] (assumes normal distribution)
[INFO] [stdout] 
[INFO] [stdout] Secondary result "org.weakref.nitro.tpch.BenchmarkQueries.query18:gc.alloc.rate.norm":
[INFO] [stdout]   629368464.000 ±(99.9%) 112575055.117 B/op [Average]
[INFO] [stdout]   (min, avg, max) = (586830464.000, 629368464.000, 662765312.000), stdev = 29235384.316
[INFO] [stdout]   CI (99.9%): [516793408.883, 741943519.117] (assumes normal distribution)
[INFO] [stdout] 
[INFO] [stdout] Secondary result "org.weakref.nitro.tpch.BenchmarkQueries.query18:gc.count":
[INFO] [stdout]   9.000 ±(99.9%) 0.001 counts [Sum]
[INFO] [stdout]   (min, avg, max) = (1.000, 1.800, 5.000), stdev = 1.789
[INFO] [stdout]   CI (99.9%): [9.000, 9.000] (assumes normal distribution)
[INFO] [stdout] 
[INFO] [stdout] Secondary result "org.weakref.nitro.tpch.BenchmarkQueries.query18:gc.time":
[INFO] [stdout]   266.000 ±(99.9%) 0.001 ms [Sum]
[INFO] [stdout]   (min, avg, max) = (21.000, 53.200, 78.000), stdev = 24.035
[INFO] [stdout]   CI (99.9%): [266.000, 266.000] (assumes normal distribution)
[INFO] [stdout] 
[INFO] [stdout] Secondary result "org.weakref.nitro.tpch.BenchmarkQueries.query18:instructions":
[INFO] [stdout]   34788060859.703 #/op
[INFO] [stdout] 
[INFO] [stdout] 
[INFO] [stdout] # Run complete. Total time: 00:00:19
[INFO] [stdout] 
[INFO] [stdout] REMEMBER: The numbers below are just data. To gain reusable insights, you need to follow up on
[INFO] [stdout] why the numbers are the way they are. Use profilers (see -prof, -lprof), design factorial
[INFO] [stdout] experiments, perform baseline and negative tests that provide experimental control, make sure
[INFO] [stdout] the benchmarking environment is safe on JVM/OS/HW level, ask for reviews from the domain experts.
[INFO] [stdout] Do not assume the numbers tell you what you want them to tell.
[INFO] [stdout] 
[INFO] [stdout] NOTE: Current JVM experimentally supports Compiler Blackholes, and they are in use. Please exercise
[INFO] [stdout] extra caution when trusting the results, look into the generated code to check the benchmark still
[INFO] [stdout] works, and factor in a small probability of new VM bugs. Additionally, while comparisons between
[INFO] [stdout] different JVMs are already problematic, the performance difference caused by different Blackhole
[INFO] [stdout] modes can be very significant. Please make sure you use the consistent Blackhole mode for comparisons.
[INFO] [stdout] 
[INFO] [stdout] Benchmark                                       Mode  Cnt            Score           Error      Units
[INFO] [stdout] BenchmarkQueries.query18                        avgt    5         2112.109 ±      1245.958      ms/op
[INFO] [stdout] BenchmarkQueries.query18:CPI                    avgt                 0.346                  clks/insn
[INFO] [stdout] BenchmarkQueries.query18:IPC                    avgt                 2.890                  insns/clk
[INFO] [stdout] BenchmarkQueries.query18:L1-dcache-load-misses  avgt         372474983.570                       #/op
[INFO] [stdout] BenchmarkQueries.query18:L1-dcache-loads        avgt       17201147205.250                       #/op
[INFO] [stdout] BenchmarkQueries.query18:branch-misses          avgt          40339941.463                       #/op
[INFO] [stdout] BenchmarkQueries.query18:branches               avgt        7090107465.687                       #/op
[INFO] [stdout] BenchmarkQueries.query18:cycles                 avgt       12038135825.998                       #/op
[INFO] [stdout] BenchmarkQueries.query18:dTLB-load-misses       avgt          14945784.563                       #/op
[INFO] [stdout] BenchmarkQueries.query18:dTLB-loads             avgt          30602567.312                       #/op
[INFO] [stdout] BenchmarkQueries.query18:gc.alloc.rate          avgt    5          288.520 ±       149.115     MB/sec
[INFO] [stdout] BenchmarkQueries.query18:gc.alloc.rate.norm     avgt    5    629368464.000 ± 112575055.117       B/op
[INFO] [stdout] BenchmarkQueries.query18:gc.count               avgt    5            9.000                     counts
[INFO] [stdout] BenchmarkQueries.query18:gc.time                avgt    5          266.000                         ms
[INFO] [stdout] BenchmarkQueries.query18:instructions           avgt       34788060859.703                       #/op
[INFO] [stdout] 
[INFO] [stdout] Benchmark result is saved to benchmarks/sweeps/20260724-no-global-join-profile/explicit-instance-tpch-q18.json
[INFO] ------------------------------------------------------------------------
[INFO] BUILD SUCCESS
[INFO] ------------------------------------------------------------------------
[INFO] Total time:  21.256 s (Wall Clock)
[INFO] Finished at: 2026-07-24T04:09:03Z
[INFO] ------------------------------------------------------------------------
[INFO] Njord session closed
Purged 1 log files (log available in /root/.mvnd/purge-2026-07-24.log)
