Picked up JAVA_TOOL_OPTIONS: -Dnitro.tpcds.parquet.path=/Users/martin/tmp/tpcds-parquet-sf10-lz4-build
[INFO] Scanning for projects...
[INFO] Njord 0.9.4 session created
[INFO] 
[INFO] -------------------------< org.weakref:nitro >--------------------------
[INFO] Building nitro 1-SNAPSHOT
[INFO]   from pom.xml
[INFO] --------------------------------[ jar ]---------------------------------
[WARNING] 2 problems were encountered while building the effective model for org.apache.yetus:audience-annotations:jar:0.5.0 during dependency collection step for project (use -X to see details)
[INFO] 
[INFO] --- exec:3.6.1:exec (benchmark) @ nitro ---
Picked up JAVA_TOOL_OPTIONS: -Dnitro.tpcds.parquet.path=/Users/martin/tmp/tpcds-parquet-sf10-lz4-build
WARNING: Using incubator modules: jdk.incubator.vector
WARNING: A terminally deprecated method in sun.misc.Unsafe has been called
WARNING: sun.misc.Unsafe::objectFieldOffset has been called by org.openjdk.jmh.util.Utils (file:/Users/martin/.m2/repository/org/openjdk/jmh/jmh-core/1.37/jmh-core-1.37.jar)
WARNING: Please consider reporting this to the maintainers of class org.openjdk.jmh.util.Utils
WARNING: sun.misc.Unsafe::objectFieldOffset will be removed in a future release
# JMH version: 1.37
# VM version: JDK 25.0.2, OpenJDK 64-Bit Server VM, 25.0.2
# VM invoker: /opt/homebrew/Cellar/openjdk/25.0.2/libexec/openjdk.jdk/Contents/Home/bin/java
# VM options: -Dnitro.tpcds.parquet.path=/Users/martin/tmp/tpcds-parquet-sf10-lz4-build --enable-preview --add-modules=jdk.incubator.vector -Dnitro.clickbench.hits.path=
# Blackhole mode: compiler (auto-detected, use -Djmh.blackhole.autoDetect=false to disable)
# Warmup: 2 iterations, 2 s each
# Measurement: 2 iterations, 2 s each
# Timeout: 30 min per iteration
# Threads: 1 thread, will synchronize iterations
# Benchmark mode: Average time, time/op
# Benchmark: org.weakref.nitro.tpcds.BenchmarkQueries.query64

# Run progress: 0.00% complete, ETA 00:00:32
# Fork: N/A, test runs in the host VM
# *** WARNING: Non-forked runs may silently omit JVM options, mess up profilers, disable compiler hints, etc. ***
# *** WARNING: Use non-forked runs only for debugging purposes, not for actual performance runs. ***
# Warmup Iteration   1: 29760.959 ms/op
# Warmup Iteration   2: 30037.793 ms/op
Iteration   1: 33529.660 ms/op
Iteration   2: 28485.647 ms/op

Result "org.weakref.nitro.tpcds.BenchmarkQueries.query64":
  31007.653 ms/op


# JMH version: 1.37
# VM version: JDK 25.0.2, OpenJDK 64-Bit Server VM, 25.0.2
# VM invoker: /opt/homebrew/Cellar/openjdk/25.0.2/libexec/openjdk.jdk/Contents/Home/bin/java
# VM options: -Dnitro.tpcds.parquet.path=/Users/martin/tmp/tpcds-parquet-sf10-lz4-build --enable-preview --add-modules=jdk.incubator.vector -Dnitro.clickbench.hits.path=
# Blackhole mode: compiler (auto-detected, use -Djmh.blackhole.autoDetect=false to disable)
# Warmup: 2 iterations, 2 s each
# Measurement: 2 iterations, 2 s each
# Timeout: 30 min per iteration
# Threads: 1 thread, will synchronize iterations
# Benchmark mode: Average time, time/op
# Benchmark: org.weakref.nitro.tpcds.BenchmarkQueries.query65

# Run progress: 25.00% complete, ETA 00:06:05
# Fork: N/A, test runs in the host VM
# *** WARNING: Non-forked runs may silently omit JVM options, mess up profilers, disable compiler hints, etc. ***
# *** WARNING: Use non-forked runs only for debugging purposes, not for actual performance runs. ***
# Warmup Iteration   1: 7196.326 ms/op
# Warmup Iteration   2: 7348.111 ms/op
Iteration   1: 7049.927 ms/op
Iteration   2: 6855.271 ms/op

Result "org.weakref.nitro.tpcds.BenchmarkQueries.query65":
  6952.599 ms/op


# JMH version: 1.37
# VM version: JDK 25.0.2, OpenJDK 64-Bit Server VM, 25.0.2
# VM invoker: /opt/homebrew/Cellar/openjdk/25.0.2/libexec/openjdk.jdk/Contents/Home/bin/java
# VM options: -Dnitro.tpcds.parquet.path=/Users/martin/tmp/tpcds-parquet-sf10-lz4-build --enable-preview --add-modules=jdk.incubator.vector -Dnitro.clickbench.hits.path=
# Blackhole mode: compiler (auto-detected, use -Djmh.blackhole.autoDetect=false to disable)
# Warmup: 2 iterations, 2 s each
# Measurement: 2 iterations, 2 s each
# Timeout: 30 min per iteration
# Threads: 1 thread, will synchronize iterations
# Benchmark mode: Average time, time/op
# Benchmark: org.weakref.nitro.tpcds.BenchmarkQueries.query80

# Run progress: 50.00% complete, ETA 00:02:30
# Fork: N/A, test runs in the host VM
# *** WARNING: Non-forked runs may silently omit JVM options, mess up profilers, disable compiler hints, etc. ***
# *** WARNING: Use non-forked runs only for debugging purposes, not for actual performance runs. ***
# Warmup Iteration   1: 12743.771 ms/op
# Warmup Iteration   2: 12194.918 ms/op
Iteration   1: 12036.018 ms/op
Iteration   2: 12507.282 ms/op

Result "org.weakref.nitro.tpcds.BenchmarkQueries.query80":
  12271.650 ms/op


# JMH version: 1.37
# VM version: JDK 25.0.2, OpenJDK 64-Bit Server VM, 25.0.2
# VM invoker: /opt/homebrew/Cellar/openjdk/25.0.2/libexec/openjdk.jdk/Contents/Home/bin/java
# VM options: -Dnitro.tpcds.parquet.path=/Users/martin/tmp/tpcds-parquet-sf10-lz4-build --enable-preview --add-modules=jdk.incubator.vector -Dnitro.clickbench.hits.path=
# Blackhole mode: compiler (auto-detected, use -Djmh.blackhole.autoDetect=false to disable)
# Warmup: 2 iterations, 2 s each
# Measurement: 2 iterations, 2 s each
# Timeout: 30 min per iteration
# Threads: 1 thread, will synchronize iterations
# Benchmark mode: Average time, time/op
# Benchmark: org.weakref.nitro.tpcds.BenchmarkQueries.query97

# Run progress: 75.00% complete, ETA 00:01:06
# Fork: N/A, test runs in the host VM
# *** WARNING: Non-forked runs may silently omit JVM options, mess up profilers, disable compiler hints, etc. ***
# *** WARNING: Use non-forked runs only for debugging purposes, not for actual performance runs. ***
# Warmup Iteration   1: 4849.081 ms/op
# Warmup Iteration   2: 4737.103 ms/op
Iteration   1: 4369.306 ms/op
Iteration   2: 4328.916 ms/op

Result "org.weakref.nitro.tpcds.BenchmarkQueries.query97":
  4349.111 ms/op


# Run complete. Total time: 00:03:38

REMEMBER: The numbers below are just data. To gain reusable insights, you need to follow up on
why the numbers are the way they are. Use profilers (see -prof, -lprof), design factorial
experiments, perform baseline and negative tests that provide experimental control, make sure
the benchmarking environment is safe on JVM/OS/HW level, ask for reviews from the domain experts.
Do not assume the numbers tell you what you want them to tell.

NOTE: Current JVM experimentally supports Compiler Blackholes, and they are in use. Please exercise
extra caution when trusting the results, look into the generated code to check the benchmark still
works, and factor in a small probability of new VM bugs. Additionally, while comparisons between
different JVMs are already problematic, the performance difference caused by different Blackhole
modes can be very significant. Please make sure you use the consistent Blackhole mode for comparisons.

Benchmark                 Mode  Cnt      Score   Error  Units
BenchmarkQueries.query64  avgt    2  31007.653          ms/op
BenchmarkQueries.query65  avgt    2   6952.599          ms/op
BenchmarkQueries.query80  avgt    2  12271.650          ms/op
BenchmarkQueries.query97  avgt    2   4349.111          ms/op

Benchmark result is saved to /tmp/nitro-tier2-20260416-195000/tier2-targets.csv
[INFO] ------------------------------------------------------------------------
[INFO] BUILD SUCCESS
[INFO] ------------------------------------------------------------------------
[INFO] Total time:  03:40 min
[INFO] Finished at: 2026-04-16T19:30:14-07:00
[INFO] ------------------------------------------------------------------------
[INFO] Njord session closed
