Jul 28, 2026 3:44:38 PM org.jline.utils.Log logr
WARNING: Unable to create a system terminal, creating a dumb terminal (enable debug logging for more information)
[main] WARNING org.jline - Unable to create a system terminal, creating a dumb terminal (enable debug logging for more information)
[INFO] Processing build on daemon 13e68554
[INFO] Scanning for projects...
[INFO] Njord 0.9.4 session created
[INFO] BuildTimeEventSpy is registered.
[INFO] 
[INFO] Using the SmartBuilder implementation with a thread count of 7
[INFO] 
[INFO] ----------------------< org.weakref:nitro-tests >-----------------------
[INFO] Building nitro-tests 1-SNAPSHOT
[INFO]   from pom.xml
[INFO] --------------------------------[ jar ]---------------------------------
[WARNING] 2 problems were encountered while building the effective model for org.apache.yetus:audience-annotations:jar:0.5.0 during dependency collection step for project (use -X to see details)
[INFO] 
[INFO] --- exec:3.6.1:exec (benchmark) @ nitro-tests ---
[WARNING] [stderr] WARNING: Using incubator modules: jdk.incubator.vector
[WARNING] [stderr] WARNING: A terminally deprecated method in sun.misc.Unsafe has been called
[WARNING] [stderr] WARNING: sun.misc.Unsafe::objectFieldOffset has been called by org.openjdk.jmh.util.Utils (file:/root/.m2/repository/remote-cache/org/openjdk/jmh/jmh-core/1.37/jmh-core-1.37.jar)
[WARNING] [stderr] WARNING: Please consider reporting this to the maintainers of class org.openjdk.jmh.util.Utils
[WARNING] [stderr] WARNING: sun.misc.Unsafe::objectFieldOffset will be removed in a future release
[INFO] [stdout] # JMH version: 1.37
[INFO] [stdout] # VM version: JDK 26.0.1, OpenJDK 64-Bit Server VM, 26.0.1+8
[INFO] [stdout] # VM invoker: /opt/java/openjdk/bin/java
[INFO] [stdout] # VM options: --enable-preview --add-modules=jdk.incubator.vector -Dnitro.clickbench.hits.path= -Xmx12g -XX:+UseTransparentHugePages -Dnitro.tpcds.parquet.path=/root/data/tpcds-parquet-sf10 -Dnitro.tpcds.parquet.schema=sf10
[INFO] [stdout] # Blackhole mode: compiler (auto-detected, use -Djmh.blackhole.autoDetect=false to disable)
[INFO] [stdout] # Warmup: 5 iterations, 1 s each
[INFO] [stdout] # Measurement: 3 iterations, 1 s each
[INFO] [stdout] # Timeout: 30 min per iteration
[INFO] [stdout] # Threads: 1 thread, will synchronize iterations
[INFO] [stdout] # Benchmark mode: Average time, time/op
[INFO] [stdout] # Benchmark: org.weakref.nitro.tpcds.BenchmarkQueries.query81
[INFO] [stdout] 
[INFO] [stdout] # Run progress: 0.00% complete, ETA 00:00:24
[INFO] [stdout] # Fork: 1 of 3
[INFO] [stdout] # Preparing profilers: LinuxPerfNormProfiler 
[INFO] [stdout] # Profilers consume stderr from target VM, use -v EXTRA to copy to console
[INFO] [stdout] # Warmup Iteration   1: 559.452 ms/op
[INFO] [stdout] # Warmup Iteration   2: 195.103 ms/op
[INFO] [stdout] # Warmup Iteration   3: 184.060 ms/op
[INFO] [stdout] # Warmup Iteration   4: 180.837 ms/op
[INFO] [stdout] # Warmup Iteration   5: 177.822 ms/op
[INFO] [stdout] Iteration   1: 179.327 ms/op
[INFO] [stdout]                  gc.alloc.rate:      743.063 MB/sec
[INFO] [stdout]                  gc.alloc.rate.norm: 139748542.667 B/op
[INFO] [stdout]                  gc.count:           4.000 counts
[INFO] [stdout]                  gc.time:            6.000 ms
[INFO] [stdout] 
[INFO] [stdout] Iteration   2: 177.968 ms/op
[INFO] [stdout]                  gc.alloc.rate:      748.434 MB/sec
[INFO] [stdout]                  gc.alloc.rate.norm: 139690737.333 B/op
[INFO] [stdout]                  gc.count:           ≈ 0 counts
[INFO] [stdout] 
[INFO] [stdout] Iteration   3: 177.429 ms/op
[INFO] [stdout]                  gc.alloc.rate:      750.602 MB/sec
[INFO] [stdout]                  gc.alloc.rate.norm: 139671997.333 B/op
[INFO] [stdout]                  gc.count:           1.000 counts
[INFO] [stdout]                  gc.time:            1.000 ms
[INFO] [stdout] 
[INFO] [stdout] # Processing profiler results: LinuxPerfNormProfiler 
[INFO] [stdout] 
[INFO] [stdout] # Run progress: 33.33% complete, ETA 00:00:18
[INFO] [stdout] # Fork: 2 of 3
[INFO] [stdout] # Preparing profilers: LinuxPerfNormProfiler 
[INFO] [stdout] # Profilers consume stderr from target VM, use -v EXTRA to copy to console
[INFO] [stdout] # Warmup Iteration   1: 567.888 ms/op
[INFO] [stdout] # Warmup Iteration   2: 193.715 ms/op
[INFO] [stdout] # Warmup Iteration   3: 185.387 ms/op
[INFO] [stdout] # Warmup Iteration   4: 180.913 ms/op
[INFO] [stdout] # Warmup Iteration   5: 178.592 ms/op
[INFO] [stdout] Iteration   1: 245.793 ms/op
[INFO] [stdout]                  gc.alloc.rate:      542.003 MB/sec
[INFO] [stdout]                  gc.alloc.rate.norm: 139710260.800 B/op
[INFO] [stdout]                  gc.count:           ≈ 0 counts
[INFO] [stdout] 
[INFO] [stdout] Iteration   2: 270.998 ms/op
[INFO] [stdout]                  gc.alloc.rate:      491.408 MB/sec
[INFO] [stdout]                  gc.alloc.rate.norm: 139658952.000 B/op
[INFO] [stdout]                  gc.count:           ≈ 0 counts
[INFO] [stdout] 
[INFO] [stdout] Iteration   3: 206.788 ms/op
[INFO] [stdout]                  gc.alloc.rate:      643.880 MB/sec
[INFO] [stdout]                  gc.alloc.rate.norm: 139637030.400 B/op
[INFO] [stdout]                  gc.count:           4.000 counts
[INFO] [stdout]                  gc.time:            59.000 ms
[INFO] [stdout] 
[INFO] [stdout] # Processing profiler results: LinuxPerfNormProfiler 
[INFO] [stdout] 
[INFO] [stdout] # Run progress: 66.67% complete, ETA 00:00:09
[INFO] [stdout] # Fork: 3 of 3
[INFO] [stdout] # Preparing profilers: LinuxPerfNormProfiler 
[INFO] [stdout] # Profilers consume stderr from target VM, use -v EXTRA to copy to console
[INFO] [stdout] # Warmup Iteration   1: 570.524 ms/op
[INFO] [stdout] # Warmup Iteration   2: 194.260 ms/op
[INFO] [stdout] # Warmup Iteration   3: 182.827 ms/op
[INFO] [stdout] # Warmup Iteration   4: 179.750 ms/op
[INFO] [stdout] # Warmup Iteration   5: 180.010 ms/op
[INFO] [stdout] Iteration   1: 180.136 ms/op
[INFO] [stdout]                  gc.alloc.rate:      762.737 MB/sec
[INFO] [stdout]                  gc.alloc.rate.norm: 144093158.667 B/op
[INFO] [stdout]                  gc.count:           1.000 counts
[INFO] [stdout]                  gc.time:            2.000 ms
[INFO] [stdout] 
[INFO] [stdout] Iteration   2: 179.803 ms/op
[INFO] [stdout]                  gc.alloc.rate:      763.828 MB/sec
[INFO] [stdout]                  gc.alloc.rate.norm: 144035356.000 B/op
[INFO] [stdout]                  gc.count:           2.000 counts
[INFO] [stdout]                  gc.time:            4.000 ms
[INFO] [stdout] 
[INFO] [stdout] Iteration   3: 180.287 ms/op
[INFO] [stdout]                  gc.alloc.rate:      761.655 MB/sec
[INFO] [stdout]                  gc.alloc.rate.norm: 144015322.667 B/op
[INFO] [stdout]                  gc.count:           1.000 counts
[INFO] [stdout]                  gc.time:            2.000 ms
[INFO] [stdout] 
[INFO] [stdout] # Processing profiler results: LinuxPerfNormProfiler 
[INFO] [stdout] 
[INFO] [stdout] 
[INFO] [stdout] Result "org.weakref.nitro.tpcds.BenchmarkQueries.query81":
[INFO] [stdout]   199.837 ±(99.9%) 58.806 ms/op [Average]
[INFO] [stdout]   (min, avg, max) = (177.429, 199.837, 270.998), stdev = 34.994
[INFO] [stdout]   CI (99.9%): [141.031, 258.642] (assumes normal distribution)
[INFO] [stdout] 
[INFO] [stdout] Secondary result "org.weakref.nitro.tpcds.BenchmarkQueries.query81:CPI":
[INFO] [stdout]   0.277 ±(99.9%) 0.741 clks/insn [Average]
[INFO] [stdout]   (min, avg, max) = (0.252, 0.277, 0.324), stdev = 0.041
[INFO] [stdout]   CI (99.9%): [≈ 0, 1.019] (assumes normal distribution)
[INFO] [stdout] 
[INFO] [stdout] Secondary result "org.weakref.nitro.tpcds.BenchmarkQueries.query81:IPC":
[INFO] [stdout]   3.657 ±(99.9%) 9.024 insns/clk [Average]
[INFO] [stdout]   (min, avg, max) = (3.086, 3.657, 3.962), stdev = 0.495
[INFO] [stdout]   CI (99.9%): [≈ 0, 12.681] (assumes normal distribution)
[INFO] [stdout] 
[INFO] [stdout] Secondary result "org.weakref.nitro.tpcds.BenchmarkQueries.query81:cycles":
[INFO] [stdout]   1279610994.998 ±(99.9%) 4629724166.158 #/op [Average]
[INFO] [stdout]   (min, avg, max) = (1122892192.282, 1279610994.998, 1572397618.378), stdev = 253770803.852
[INFO] [stdout]   CI (99.9%): [≈ 0, 5909335161.156] (assumes normal distribution)
[INFO] [stdout] 
[INFO] [stdout] Secondary result "org.weakref.nitro.tpcds.BenchmarkQueries.query81:gc.alloc.rate":
[INFO] [stdout]   689.734 ±(99.9%) 177.490 MB/sec [Average]
[INFO] [stdout]   (min, avg, max) = (491.408, 689.734, 763.828), stdev = 105.621
[INFO] [stdout]   CI (99.9%): [512.245, 867.224] (assumes normal distribution)
[INFO] [stdout] 
[INFO] [stdout] Secondary result "org.weakref.nitro.tpcds.BenchmarkQueries.query81:gc.alloc.rate.norm":
[INFO] [stdout]   141140150.874 ±(99.9%) 3665305.804 B/op [Average]
[INFO] [stdout]   (min, avg, max) = (139637030.400, 141140150.874, 144093158.667), stdev = 2181164.692
[INFO] [stdout]   CI (99.9%): [137474845.070, 144805456.678] (assumes normal distribution)
[INFO] [stdout] 
[INFO] [stdout] Secondary result "org.weakref.nitro.tpcds.BenchmarkQueries.query81:gc.count":
[INFO] [stdout]   13.000 ±(99.9%) 0.001 counts [Sum]
[INFO] [stdout]   (min, avg, max) = (≈ 0, 1.444, 4.000), stdev = 1.590
[INFO] [stdout]   CI (99.9%): [13.000, 13.000] (assumes normal distribution)
[INFO] [stdout] 
[INFO] [stdout] Secondary result "org.weakref.nitro.tpcds.BenchmarkQueries.query81:gc.time":
[INFO] [stdout]   74.000 ±(99.9%) 0.001 ms [Sum]
[INFO] [stdout]   (min, avg, max) = (≈ 0, 8.222, 59.000), stdev = 19.149
[INFO] [stdout]   CI (99.9%): [74.000, 74.000] (assumes normal distribution)
[INFO] [stdout] 
[INFO] [stdout] Secondary result "org.weakref.nitro.tpcds.BenchmarkQueries.query81:instructions":
[INFO] [stdout]   4595546521.659 ±(99.9%) 4072860437.745 #/op [Average]
[INFO] [stdout]   (min, avg, max) = (4449444949.902, 4595546521.659, 4852526834.808), stdev = 223247223.845
[INFO] [stdout]   CI (99.9%): [522686083.914, 8668406959.404] (assumes normal distribution)
[INFO] [stdout] 
[INFO] [stdout] 
[INFO] [stdout] # Run complete. Total time: 00:00:27
[INFO] [stdout] 
[INFO] [stdout] REMEMBER: The numbers below are just data. To gain reusable insights, you need to follow up on
[INFO] [stdout] why the numbers are the way they are. Use profilers (see -prof, -lprof), design factorial
[INFO] [stdout] experiments, perform baseline and negative tests that provide experimental control, make sure
[INFO] [stdout] the benchmarking environment is safe on JVM/OS/HW level, ask for reviews from the domain experts.
[INFO] [stdout] Do not assume the numbers tell you what you want them to tell.
[INFO] [stdout] 
[INFO] [stdout] NOTE: Current JVM experimentally supports Compiler Blackholes, and they are in use. Please exercise
[INFO] [stdout] extra caution when trusting the results, look into the generated code to check the benchmark still
[INFO] [stdout] works, and factor in a small probability of new VM bugs. Additionally, while comparisons between
[INFO] [stdout] different JVMs are already problematic, the performance difference caused by different Blackhole
[INFO] [stdout] modes can be very significant. Please make sure you use the consistent Blackhole mode for comparisons.
[INFO] [stdout] 
[INFO] [stdout] Benchmark                                    Mode  Cnt           Score            Error      Units
[INFO] [stdout] BenchmarkQueries.query81                     avgt    9         199.837 ±         58.806      ms/op
[INFO] [stdout] BenchmarkQueries.query81:CPI                 avgt    3           0.277 ±          0.741  clks/insn
[INFO] [stdout] BenchmarkQueries.query81:IPC                 avgt    3           3.657 ±          9.024  insns/clk
[INFO] [stdout] BenchmarkQueries.query81:cycles              avgt    3  1279610994.998 ± 4629724166.158       #/op
[INFO] [stdout] BenchmarkQueries.query81:gc.alloc.rate       avgt    9         689.734 ±        177.490     MB/sec
[INFO] [stdout] BenchmarkQueries.query81:gc.alloc.rate.norm  avgt    9   141140150.874 ±    3665305.804       B/op
[INFO] [stdout] BenchmarkQueries.query81:gc.count            avgt    9          13.000                      counts
[INFO] [stdout] BenchmarkQueries.query81:gc.time             avgt    9          74.000                          ms
[INFO] [stdout] BenchmarkQueries.query81:instructions        avgt    3  4595546521.659 ± 4072860437.745       #/op
[INFO] [stdout] 
[INFO] [stdout] Benchmark result is saved to /home/martin/src/nitro.opt/benchmarks/sweeps/20260728-post-q39-certification/current-q81-reverse.json
[INFO] ------------------------------------------------------------------------
[INFO] BUILD SUCCESS
[INFO] ------------------------------------------------------------------------
[INFO] Total time:  28.667 s (Wall Clock)
[INFO] Finished at: 2026-07-28T15:45:07Z
[INFO] ------------------------------------------------------------------------
[INFO] Njord session closed
