[INFO] Processing build on daemon 3c877d14
[INFO] Scanning for projects...
[INFO] Njord 0.9.4 session created
[INFO] BuildTimeEventSpy is registered.
[INFO] 
[INFO] Using the SmartBuilder implementation with a thread count of 7
[INFO] 
[INFO] ----------------------< org.weakref:nitro-tests >-----------------------
[INFO] Building nitro-tests 1-SNAPSHOT
[INFO]   from pom.xml
[INFO] --------------------------------[ jar ]---------------------------------
[WARNING] 2 problems were encountered while building the effective model for org.apache.yetus:audience-annotations:jar:0.5.0 during dependency collection step for project (use -X to see details)
[INFO] 
[INFO] --- exec:3.6.1:exec (benchmark) @ nitro-tests ---
[WARNING] [stderr] WARNING: Using incubator modules: jdk.incubator.vector
[WARNING] [stderr] WARNING: A terminally deprecated method in sun.misc.Unsafe has been called
[WARNING] [stderr] WARNING: sun.misc.Unsafe::objectFieldOffset has been called by org.openjdk.jmh.util.Utils (file:/root/.m2/repository/remote-cache/org/openjdk/jmh/jmh-core/1.37/jmh-core-1.37.jar)
[WARNING] [stderr] WARNING: Please consider reporting this to the maintainers of class org.openjdk.jmh.util.Utils
[WARNING] [stderr] WARNING: sun.misc.Unsafe::objectFieldOffset will be removed in a future release
[INFO] [stdout] # JMH version: 1.37
[INFO] [stdout] # VM version: JDK 26.0.1, OpenJDK 64-Bit Server VM, 26.0.1+8
[INFO] [stdout] # VM invoker: /opt/java/openjdk/bin/java
[INFO] [stdout] # VM options: --enable-preview --add-modules=jdk.incubator.vector -Dnitro.clickbench.hits.path= -Xmx12g -XX:+UseTransparentHugePages -Dnitro.tpch.parquet.path=/root/data/tpch-parquet-sf10 -Dnitro.tpch.parquet.schema=sf10
[INFO] [stdout] # Blackhole mode: compiler (auto-detected, use -Djmh.blackhole.autoDetect=false to disable)
[INFO] [stdout] # Warmup: 2 iterations, 1 s each
[INFO] [stdout] # Measurement: 2 iterations, 1 s each
[INFO] [stdout] # Timeout: 30 min per iteration
[INFO] [stdout] # Threads: 1 thread, will synchronize iterations
[INFO] [stdout] # Benchmark mode: Average time, time/op
[INFO] [stdout] # Benchmark: org.weakref.nitro.tpch.BenchmarkQueries.query21
[INFO] [stdout] 
[INFO] [stdout] # Run progress: 0.00% complete, ETA 00:00:08
[INFO] [stdout] # Fork: 1 of 2
[INFO] [stdout] # Preparing profilers: LinuxPerfNormProfiler 
[INFO] [stdout] # Profilers consume stderr from target VM, use -v EXTRA to copy to console
[INFO] [stdout] # Warmup Iteration   1: 7343.142 ms/op
[INFO] [stdout] # Warmup Iteration   2: 5161.851 ms/op
[INFO] [stdout] Iteration   1: 4605.311 ms/op
[INFO] [stdout]                  gc.alloc.rate:      656.502 MB/sec
[INFO] [stdout]                  gc.alloc.rate.norm: 3170466408.000 B/op
[INFO] [stdout]                  gc.count:           4.000 counts
[INFO] [stdout]                  gc.time:            48.000 ms
[INFO] [stdout] 
[INFO] [stdout] Iteration   2: 5537.216 ms/op
[INFO] [stdout]                  gc.alloc.rate:      543.627 MB/sec
[INFO] [stdout]                  gc.alloc.rate.norm: 3156485264.000 B/op
[INFO] [stdout]                  gc.count:           1.000 counts
[INFO] [stdout]                  gc.time:            78.000 ms
[INFO] [stdout] 
[INFO] [stdout] # Processing profiler results: LinuxPerfNormProfiler 
[INFO] [stdout] 
[INFO] [stdout] # Run progress: 50.00% complete, ETA 00:00:23
[INFO] [stdout] # Fork: 2 of 2
[INFO] [stdout] # Preparing profilers: LinuxPerfNormProfiler 
[INFO] [stdout] # Profilers consume stderr from target VM, use -v EXTRA to copy to console
[INFO] [stdout] # Warmup Iteration   1: 6475.636 ms/op
[INFO] [stdout] # Warmup Iteration   2: 4623.588 ms/op
[INFO] [stdout] Iteration   1: 7184.347 ms/op
[INFO] [stdout]                  gc.alloc.rate:      420.919 MB/sec
[INFO] [stdout]                  gc.alloc.rate.norm: 3170992432.000 B/op
[INFO] [stdout]                  gc.count:           ≈ 0 counts
[INFO] [stdout] 
[INFO] [stdout] Iteration   2: 4168.132 ms/op
[INFO] [stdout]                  gc.alloc.rate:      722.290 MB/sec
[INFO] [stdout]                  gc.alloc.rate.norm: 3156981880.000 B/op
[INFO] [stdout]                  gc.count:           1.000 counts
[INFO] [stdout]                  gc.time:            37.000 ms
[INFO] [stdout] 
[INFO] [stdout] # Processing profiler results: LinuxPerfNormProfiler 
[INFO] [stdout] 
[INFO] [stdout] 
[INFO] [stdout] Result "org.weakref.nitro.tpch.BenchmarkQueries.query21":
[INFO] [stdout]   5373.752 ±(99.9%) 8628.627 ms/op [Average]
[INFO] [stdout]   (min, avg, max) = (4168.132, 5373.752, 7184.347), stdev = 1335.290
[INFO] [stdout]   CI (99.9%): [≈ 0, 14002.378] (assumes normal distribution)
[INFO] [stdout] 
[INFO] [stdout] Secondary result "org.weakref.nitro.tpch.BenchmarkQueries.query21:CPI":
[INFO] [stdout]   0.412 clks/insn
[INFO] [stdout] 
[INFO] [stdout] Secondary result "org.weakref.nitro.tpch.BenchmarkQueries.query21:IPC":
[INFO] [stdout]   2.427 insns/clk
[INFO] [stdout] 
[INFO] [stdout] Secondary result "org.weakref.nitro.tpch.BenchmarkQueries.query21:cycles":
[INFO] [stdout]   30407102645.498 #/op
[INFO] [stdout] 
[INFO] [stdout] Secondary result "org.weakref.nitro.tpch.BenchmarkQueries.query21:gc.alloc.rate":
[INFO] [stdout]   585.835 ±(99.9%) 855.594 MB/sec [Average]
[INFO] [stdout]   (min, avg, max) = (420.919, 585.835, 722.290), stdev = 132.404
[INFO] [stdout]   CI (99.9%): [≈ 0, 1441.429] (assumes normal distribution)
[INFO] [stdout] 
[INFO] [stdout] Secondary result "org.weakref.nitro.tpch.BenchmarkQueries.query21:gc.alloc.rate.norm":
[INFO] [stdout]   3163731496.000 ±(99.9%) 52251011.305 B/op [Average]
[INFO] [stdout]   (min, avg, max) = (3156485264.000, 3163731496.000, 3170992432.000), stdev = 8085901.838
[INFO] [stdout]   CI (99.9%): [3111480484.695, 3215982507.305] (assumes normal distribution)
[INFO] [stdout] 
[INFO] [stdout] Secondary result "org.weakref.nitro.tpch.BenchmarkQueries.query21:gc.count":
[INFO] [stdout]   6.000 ±(99.9%) 0.001 counts [Sum]
[INFO] [stdout]   (min, avg, max) = (≈ 0, 1.500, 4.000), stdev = 1.732
[INFO] [stdout]   CI (99.9%): [6.000, 6.000] (assumes normal distribution)
[INFO] [stdout] 
[INFO] [stdout] Secondary result "org.weakref.nitro.tpch.BenchmarkQueries.query21:gc.time":
[INFO] [stdout]   163.000 ±(99.9%) 0.001 ms [Sum]
[INFO] [stdout]   (min, avg, max) = (≈ 0, 40.750, 78.000), stdev = 32.222
[INFO] [stdout]   CI (99.9%): [163.000, 163.000] (assumes normal distribution)
[INFO] [stdout] 
[INFO] [stdout] Secondary result "org.weakref.nitro.tpch.BenchmarkQueries.query21:instructions":
[INFO] [stdout]   73788546889.371 #/op
[INFO] [stdout] 
[INFO] [stdout] 
[INFO] [stdout] # Run complete. Total time: 00:00:45
[INFO] [stdout] 
[INFO] [stdout] REMEMBER: The numbers below are just data. To gain reusable insights, you need to follow up on
[INFO] [stdout] why the numbers are the way they are. Use profilers (see -prof, -lprof), design factorial
[INFO] [stdout] experiments, perform baseline and negative tests that provide experimental control, make sure
[INFO] [stdout] the benchmarking environment is safe on JVM/OS/HW level, ask for reviews from the domain experts.
[INFO] [stdout] Do not assume the numbers tell you what you want them to tell.
[INFO] [stdout] 
[INFO] [stdout] NOTE: Current JVM experimentally supports Compiler Blackholes, and they are in use. Please exercise
[INFO] [stdout] extra caution when trusting the results, look into the generated code to check the benchmark still
[INFO] [stdout] works, and factor in a small probability of new VM bugs. Additionally, while comparisons between
[INFO] [stdout] different JVMs are already problematic, the performance difference caused by different Blackhole
[INFO] [stdout] modes can be very significant. Please make sure you use the consistent Blackhole mode for comparisons.
[INFO] [stdout] 
[INFO] [stdout] Benchmark                                    Mode  Cnt            Score          Error      Units
[INFO] [stdout] BenchmarkQueries.query21                     avgt    4         5373.752 ±     8628.627      ms/op
[INFO] [stdout] BenchmarkQueries.query21:CPI                 avgt    2            0.412                 clks/insn
[INFO] [stdout] BenchmarkQueries.query21:IPC                 avgt    2            2.427                 insns/clk
[INFO] [stdout] BenchmarkQueries.query21:cycles              avgt    2  30407102645.498                      #/op
[INFO] [stdout] BenchmarkQueries.query21:gc.alloc.rate       avgt    4          585.835 ±      855.594     MB/sec
[INFO] [stdout] BenchmarkQueries.query21:gc.alloc.rate.norm  avgt    4   3163731496.000 ± 52251011.305       B/op
[INFO] [stdout] BenchmarkQueries.query21:gc.count            avgt    4            6.000                    counts
[INFO] [stdout] BenchmarkQueries.query21:gc.time             avgt    4          163.000                        ms
[INFO] [stdout] BenchmarkQueries.query21:instructions        avgt    2  73788546889.371                      #/op
[INFO] [stdout] 
[INFO] [stdout] Benchmark result is saved to /home/martin/src/nitro.opt/benchmarks/sweeps/20260728-physical-aggregation-fix/tpch-q21.json
[INFO] ------------------------------------------------------------------------
[INFO] BUILD SUCCESS
[INFO] ------------------------------------------------------------------------
[INFO] Total time:  47.244 s (Wall Clock)
[INFO] Finished at: 2026-07-28T02:43:53Z
[INFO] ------------------------------------------------------------------------
[INFO] Njord session closed
