[INFO] Processing build on daemon f1151e54
[INFO] Scanning for projects...
[INFO] Njord 0.9.4 session created
[INFO] BuildTimeEventSpy is registered.
[INFO] 
[INFO] Using the SmartBuilder implementation with a thread count of 7
[INFO] 
[INFO] -------------------------< org.weakref:nitro >--------------------------
[INFO] Building nitro 1-SNAPSHOT
[INFO]   from pom.xml
[INFO] --------------------------------[ jar ]---------------------------------
[WARNING] 2 problems were encountered while building the effective model for org.apache.yetus:audience-annotations:jar:0.5.0 during dependency collection step for project (use -X to see details)
[INFO] 
[INFO] --- exec:3.6.1:exec (benchmark) @ nitro ---
[WARNING] [stderr] WARNING: Using incubator modules: jdk.incubator.vector
[WARNING] [stderr] WARNING: A terminally deprecated method in sun.misc.Unsafe has been called
[WARNING] [stderr] WARNING: sun.misc.Unsafe::objectFieldOffset has been called by org.openjdk.jmh.util.Utils (file:/root/.m2/repository/remote-cache/org/openjdk/jmh/jmh-core/1.37/jmh-core-1.37.jar)
[WARNING] [stderr] WARNING: Please consider reporting this to the maintainers of class org.openjdk.jmh.util.Utils
[WARNING] [stderr] WARNING: sun.misc.Unsafe::objectFieldOffset will be removed in a future release
[INFO] [stdout] # JMH version: 1.37
[INFO] [stdout] # VM version: JDK 26.0.1, OpenJDK 64-Bit Server VM, 26.0.1+8
[INFO] [stdout] # VM invoker: /opt/java/openjdk/bin/java
[INFO] [stdout] # VM options: --enable-preview --add-modules=jdk.incubator.vector -Dnitro.clickbench.hits.path= -Xmx12g -XX:+UseTransparentHugePages -Dnitro.tpcds.parquet.path=/root/data/tpcds-parquet-sf10 -Dnitro.tpcds.parquet.schema=sf10
[INFO] [stdout] # Blackhole mode: compiler (auto-detected, use -Djmh.blackhole.autoDetect=false to disable)
[INFO] [stdout] # Warmup: 10 iterations, 1 s each
[INFO] [stdout] # Measurement: 5 iterations, 1 s each
[INFO] [stdout] # Timeout: 30 min per iteration
[INFO] [stdout] # Threads: 1 thread, will synchronize iterations
[INFO] [stdout] # Benchmark mode: Average time, time/op
[INFO] [stdout] # Benchmark: org.weakref.nitro.tpcds.BenchmarkQueries.query97
[INFO] [stdout] 
[INFO] [stdout] # Run progress: 0.00% complete, ETA 00:00:45
[INFO] [stdout] # Fork: 1 of 3
[INFO] [stdout] WARNING: Using incubator modules: jdk.incubator.vector
[INFO] [stdout] WARNING: A terminally deprecated method in sun.misc.Unsafe has been called
[INFO] [stdout] WARNING: sun.misc.Unsafe::objectFieldOffset has been called by org.openjdk.jmh.util.Utils (file:/root/.m2/repository/remote-cache/org/openjdk/jmh/jmh-core/1.37/jmh-core-1.37.jar)
[INFO] [stdout] WARNING: Please consider reporting this to the maintainers of class org.openjdk.jmh.util.Utils
[INFO] [stdout] WARNING: sun.misc.Unsafe::objectFieldOffset will be removed in a future release
[INFO] [stdout] # Warmup Iteration   1: WARNING: A restricted method in java.lang.foreign.SymbolLookup has been called
[INFO] [stdout] WARNING: java.lang.foreign.SymbolLookup::libraryLookup has been called by io.airlift.compress.v3.internal.NativeLoader in an unnamed module (file:/root/.m2/repository/remote-cache/io/airlift/aircompressor-v3/3.4/aircompressor-v3-3.4.jar)
[INFO] [stdout] WARNING: Use --enable-native-access=ALL-UNNAMED to avoid a warning for callers in this module
[INFO] [stdout] WARNING: Restricted methods will be blocked in a future release unless native access is enabled
[INFO] [stdout] 
[INFO] [stdout] 2513.186 ms/op
[INFO] [stdout] # Warmup Iteration   2: 1241.133 ms/op
[INFO] [stdout] # Warmup Iteration   3: 1122.965 ms/op
[INFO] [stdout] # Warmup Iteration   4: 1285.302 ms/op
[INFO] [stdout] # Warmup Iteration   5: 1637.230 ms/op
[INFO] [stdout] # Warmup Iteration   6: 1217.239 ms/op
[INFO] [stdout] # Warmup Iteration   7: 1114.234 ms/op
[INFO] [stdout] # Warmup Iteration   8: 1223.883 ms/op
[INFO] [stdout] # Warmup Iteration   9: 1100.645 ms/op
[INFO] [stdout] # Warmup Iteration  10: 1241.316 ms/op
[INFO] [stdout] Iteration   1: 1075.477 ms/op
[INFO] [stdout]                  gc.alloc.rate:      871.336 MB/sec
[INFO] [stdout]                  gc.alloc.rate.norm: 982729864.000 B/op
[INFO] [stdout]                  gc.count:           ≈ 0 counts
[INFO] [stdout] 
[INFO] [stdout] Iteration   2: 1782.625 ms/op
[INFO] [stdout]                  gc.alloc.rate:      525.694 MB/sec
[INFO] [stdout]                  gc.alloc.rate.norm: 982729776.000 B/op
[INFO] [stdout]                  gc.count:           4.000 counts
[INFO] [stdout]                  gc.time:            103.000 ms
[INFO] [stdout] 
[INFO] [stdout] Iteration   3: 1070.489 ms/op
[INFO] [stdout]                  gc.alloc.rate:      869.780 MB/sec
[INFO] [stdout]                  gc.alloc.rate.norm: 976461960.000 B/op
[INFO] [stdout]                  gc.count:           ≈ 0 counts
[INFO] [stdout] 
[INFO] [stdout] Iteration   4: 1279.767 ms/op
[INFO] [stdout]                  gc.alloc.rate:      819.785 MB/sec
[INFO] [stdout]                  gc.alloc.rate.norm: 1100228456.000 B/op
[INFO] [stdout]                  gc.count:           ≈ 0 counts
[INFO] [stdout] 
[INFO] [stdout] Iteration   5: 1349.220 ms/op
[INFO] [stdout]                  gc.alloc.rate:      777.615 MB/sec
[INFO] [stdout]                  gc.alloc.rate.norm: 1100244376.000 B/op
[INFO] [stdout]                  gc.count:           1.000 counts
[INFO] [stdout]                  gc.time:            33.000 ms
[INFO] [stdout] 
[INFO] [stdout] 
[INFO] [stdout] # Run progress: 33.33% complete, ETA 00:00:40
[INFO] [stdout] # Fork: 2 of 3
[INFO] [stdout] WARNING: Using incubator modules: jdk.incubator.vector
[INFO] [stdout] WARNING: A terminally deprecated method in sun.misc.Unsafe has been called
[INFO] [stdout] WARNING: sun.misc.Unsafe::objectFieldOffset has been called by org.openjdk.jmh.util.Utils (file:/root/.m2/repository/remote-cache/org/openjdk/jmh/jmh-core/1.37/jmh-core-1.37.jar)
[INFO] [stdout] WARNING: Please consider reporting this to the maintainers of class org.openjdk.jmh.util.Utils
[INFO] [stdout] WARNING: sun.misc.Unsafe::objectFieldOffset will be removed in a future release
[INFO] [stdout] # Warmup Iteration   1: WARNING: A restricted method in java.lang.foreign.SymbolLookup has been called
[INFO] [stdout] WARNING: java.lang.foreign.SymbolLookup::libraryLookup has been called by io.airlift.compress.v3.internal.NativeLoader in an unnamed module (file:/root/.m2/repository/remote-cache/io/airlift/aircompressor-v3/3.4/aircompressor-v3-3.4.jar)
[INFO] [stdout] WARNING: Use --enable-native-access=ALL-UNNAMED to avoid a warning for callers in this module
[INFO] [stdout] WARNING: Restricted methods will be blocked in a future release unless native access is enabled
[INFO] [stdout] 
[INFO] [stdout] 2505.217 ms/op
[INFO] [stdout] # Warmup Iteration   2: 1195.580 ms/op
[INFO] [stdout] # Warmup Iteration   3: 1125.895 ms/op
[INFO] [stdout] # Warmup Iteration   4: 1557.640 ms/op
[INFO] [stdout] # Warmup Iteration   5: 1108.415 ms/op
[INFO] [stdout] # Warmup Iteration   6: 1417.331 ms/op
[INFO] [stdout] # Warmup Iteration   7: 1122.635 ms/op
[INFO] [stdout] # Warmup Iteration   8: 1309.600 ms/op
[INFO] [stdout] # Warmup Iteration   9: 1110.036 ms/op
[INFO] [stdout] # Warmup Iteration  10: 1722.766 ms/op
[INFO] [stdout] Iteration   1: 1128.869 ms/op
[INFO] [stdout]                  gc.alloc.rate:      939.221 MB/sec
[INFO] [stdout]                  gc.alloc.rate.norm: 1111881736.000 B/op
[INFO] [stdout]                  gc.count:           1.000 counts
[INFO] [stdout]                  gc.time:            20.000 ms
[INFO] [stdout] 
[INFO] [stdout] Iteration   2: 1137.548 ms/op
[INFO] [stdout]                  gc.alloc.rate:      930.149 MB/sec
[INFO] [stdout]                  gc.alloc.rate.norm: 1109615688.000 B/op
[INFO] [stdout]                  gc.count:           ≈ 0 counts
[INFO] [stdout] 
[INFO] [stdout] Iteration   3: 1518.897 ms/op
[INFO] [stdout]                  gc.alloc.rate:      690.721 MB/sec
[INFO] [stdout]                  gc.alloc.rate.norm: 1100195576.000 B/op
[INFO] [stdout]                  gc.count:           2.000 counts
[INFO] [stdout]                  gc.time:            67.000 ms
[INFO] [stdout] 
[INFO] [stdout] Iteration   4: 1100.764 ms/op
[INFO] [stdout]                  gc.alloc.rate:      953.046 MB/sec
[INFO] [stdout]                  gc.alloc.rate.norm: 1100195040.000 B/op
[INFO] [stdout]                  gc.count:           2.000 counts
[INFO] [stdout]                  gc.time:            4.000 ms
[INFO] [stdout] 
[INFO] [stdout] Iteration   5: 1105.703 ms/op
[INFO] [stdout]                  gc.alloc.rate:      948.787 MB/sec
[INFO] [stdout]                  gc.alloc.rate.norm: 1100195416.000 B/op
[INFO] [stdout]                  gc.count:           4.000 counts
[INFO] [stdout]                  gc.time:            4.000 ms
[INFO] [stdout] 
[INFO] [stdout] 
[INFO] [stdout] # Run progress: 66.67% complete, ETA 00:00:20
[INFO] [stdout] # Fork: 3 of 3
[INFO] [stdout] WARNING: Using incubator modules: jdk.incubator.vector
[INFO] [stdout] WARNING: A terminally deprecated method in sun.misc.Unsafe has been called
[INFO] [stdout] WARNING: sun.misc.Unsafe::objectFieldOffset has been called by org.openjdk.jmh.util.Utils (file:/root/.m2/repository/remote-cache/org/openjdk/jmh/jmh-core/1.37/jmh-core-1.37.jar)
[INFO] [stdout] WARNING: Please consider reporting this to the maintainers of class org.openjdk.jmh.util.Utils
[INFO] [stdout] WARNING: sun.misc.Unsafe::objectFieldOffset will be removed in a future release
[INFO] [stdout] # Warmup Iteration   1: WARNING: A restricted method in java.lang.foreign.SymbolLookup has been called
[INFO] [stdout] WARNING: java.lang.foreign.SymbolLookup::libraryLookup has been called by io.airlift.compress.v3.internal.NativeLoader in an unnamed module (file:/root/.m2/repository/remote-cache/io/airlift/aircompressor-v3/3.4/aircompressor-v3-3.4.jar)
[INFO] [stdout] WARNING: Use --enable-native-access=ALL-UNNAMED to avoid a warning for callers in this module
[INFO] [stdout] WARNING: Restricted methods will be blocked in a future release unless native access is enabled
[INFO] [stdout] 
[INFO] [stdout] 2640.178 ms/op
[INFO] [stdout] # Warmup Iteration   2: 1191.128 ms/op
[INFO] [stdout] # Warmup Iteration   3: 1315.233 ms/op
[INFO] [stdout] # Warmup Iteration   4: 1730.508 ms/op
[INFO] [stdout] # Warmup Iteration   5: 1802.849 ms/op
[INFO] [stdout] # Warmup Iteration   6: 1299.484 ms/op
[INFO] [stdout] # Warmup Iteration   7: 2193.666 ms/op
[INFO] [stdout] # Warmup Iteration   8: 2301.832 ms/op
[INFO] [stdout] # Warmup Iteration   9: 2317.197 ms/op
[INFO] [stdout] # Warmup Iteration  10: 1766.761 ms/op
[INFO] [stdout] Iteration   1: 1200.283 ms/op
[INFO] [stdout]                  gc.alloc.rate:      883.315 MB/sec
[INFO] [stdout]                  gc.alloc.rate.norm: 1111852488.000 B/op
[INFO] [stdout]                  gc.count:           ≈ 0 counts
[INFO] [stdout] 
[INFO] [stdout] Iteration   2: 1280.657 ms/op
[INFO] [stdout]                  gc.alloc.rate:      826.188 MB/sec
[INFO] [stdout]                  gc.alloc.rate.norm: 1109566312.000 B/op
[INFO] [stdout]                  gc.count:           ≈ 0 counts
[INFO] [stdout] 
[INFO] [stdout] Iteration   3: 1124.053 ms/op
[INFO] [stdout]                  gc.alloc.rate:      933.307 MB/sec
[INFO] [stdout]                  gc.alloc.rate.norm: 1100166312.000 B/op
[INFO] [stdout]                  gc.count:           1.000 counts
[INFO] [stdout]                  gc.time:            3.000 ms
[INFO] [stdout] 
[INFO] [stdout] Iteration   4: 1160.988 ms/op
[INFO] [stdout]                  gc.alloc.rate:      903.604 MB/sec
[INFO] [stdout]                  gc.alloc.rate.norm: 1100166032.000 B/op
[INFO] [stdout]                  gc.count:           ≈ 0 counts
[INFO] [stdout] 
[INFO] [stdout] Iteration   5: 1096.924 ms/op
[INFO] [stdout]                  gc.alloc.rate:      956.384 MB/sec
[INFO] [stdout]                  gc.alloc.rate.norm: 1100182568.000 B/op
[INFO] [stdout]                  gc.count:           1.000 counts
[INFO] [stdout]                  gc.time:            3.000 ms
[INFO] [stdout] 
[INFO] [stdout] 
[INFO] [stdout] 
[INFO] [stdout] Result "org.weakref.nitro.tpcds.BenchmarkQueries.query97":
[INFO] [stdout]   1227.484 ±(99.9%) 210.512 ms/op [Average]
[INFO] [stdout]   (min, avg, max) = (1070.489, 1227.484, 1782.625), stdev = 196.913
[INFO] [stdout]   CI (99.9%): [1016.972, 1437.996] (assumes normal distribution)
[INFO] [stdout] 
[INFO] [stdout] Secondary result "org.weakref.nitro.tpcds.BenchmarkQueries.query97:gc.alloc.rate":
[INFO] [stdout]   855.262 ±(99.9%) 126.072 MB/sec [Average]
[INFO] [stdout]   (min, avg, max) = (525.694, 855.262, 956.384), stdev = 117.928
[INFO] [stdout]   CI (99.9%): [729.190, 981.334] (assumes normal distribution)
[INFO] [stdout] 
[INFO] [stdout] Secondary result "org.weakref.nitro.tpcds.BenchmarkQueries.query97:gc.alloc.rate.norm":
[INFO] [stdout]   1079094106.667 ±(99.9%) 54718139.487 B/op [Average]
[INFO] [stdout]   (min, avg, max) = (976461960.000, 1079094106.667, 1111881736.000), stdev = 51183381.630
[INFO] [stdout]   CI (99.9%): [1024375967.180, 1133812246.154] (assumes normal distribution)
[INFO] [stdout] 
[INFO] [stdout] Secondary result "org.weakref.nitro.tpcds.BenchmarkQueries.query97:gc.count":
[INFO] [stdout]   16.000 ±(99.9%) 0.001 counts [Sum]
[INFO] [stdout]   (min, avg, max) = (≈ 0, 1.067, 4.000), stdev = 1.387
[INFO] [stdout]   CI (99.9%): [16.000, 16.000] (assumes normal distribution)
[INFO] [stdout] 
[INFO] [stdout] Secondary result "org.weakref.nitro.tpcds.BenchmarkQueries.query97:gc.time":
[INFO] [stdout]   237.000 ±(99.9%) 0.001 ms [Sum]
[INFO] [stdout]   (min, avg, max) = (≈ 0, 15.800, 103.000), stdev = 30.346
[INFO] [stdout]   CI (99.9%): [237.000, 237.000] (assumes normal distribution)
[INFO] [stdout] 
[INFO] [stdout] 
[INFO] [stdout] # Run complete. Total time: 00:01:05
[INFO] [stdout] 
[INFO] [stdout] REMEMBER: The numbers below are just data. To gain reusable insights, you need to follow up on
[INFO] [stdout] why the numbers are the way they are. Use profilers (see -prof, -lprof), design factorial
[INFO] [stdout] experiments, perform baseline and negative tests that provide experimental control, make sure
[INFO] [stdout] the benchmarking environment is safe on JVM/OS/HW level, ask for reviews from the domain experts.
[INFO] [stdout] Do not assume the numbers tell you what you want them to tell.
[INFO] [stdout] 
[INFO] [stdout] NOTE: Current JVM experimentally supports Compiler Blackholes, and they are in use. Please exercise
[INFO] [stdout] extra caution when trusting the results, look into the generated code to check the benchmark still
[INFO] [stdout] works, and factor in a small probability of new VM bugs. Additionally, while comparisons between
[INFO] [stdout] different JVMs are already problematic, the performance difference caused by different Blackhole
[INFO] [stdout] modes can be very significant. Please make sure you use the consistent Blackhole mode for comparisons.
[INFO] [stdout] 
[INFO] [stdout] Benchmark                                    Mode  Cnt           Score          Error   Units
[INFO] [stdout] BenchmarkQueries.query97                     avgt   15        1227.484 ±      210.512   ms/op
[INFO] [stdout] BenchmarkQueries.query97:gc.alloc.rate       avgt   15         855.262 ±      126.072  MB/sec
[INFO] [stdout] BenchmarkQueries.query97:gc.alloc.rate.norm  avgt   15  1079094106.667 ± 54718139.487    B/op
[INFO] [stdout] BenchmarkQueries.query97:gc.count            avgt   15          16.000                 counts
[INFO] [stdout] BenchmarkQueries.query97:gc.time             avgt   15         237.000                     ms
[INFO] [stdout] 
[INFO] [stdout] Benchmark result is saved to /home/martin/src/nitro.opt/benchmarks/sweeps/20260726-grouping-policy-cleanup-ab/control-q97-long-warmup.json
[INFO] ------------------------------------------------------------------------
[INFO] BUILD SUCCESS
[INFO] ------------------------------------------------------------------------
[INFO] Total time:  01:06 min (Wall Clock)
[INFO] Finished at: 2026-07-26T21:09:53Z
[INFO] ------------------------------------------------------------------------
[INFO] Njord session closed
