[INFO] Enabling strict checksum verification on all artifact downloads.
[INFO] Processing build on daemon 1c6d5c38
[INFO] Scanning for projects...
[INFO] Loaded 0 groupId for remote repository maven-central
[INFO] Loaded 0 groupId for remote repository google-maven-central-copy
[INFO] Njord 0.9.9 session created
[INFO] BuildTimeEventSpy is registered.
[INFO] 
[INFO] Using the SmartBuilder implementation with a thread count of 7
[INFO] 
[INFO] ------------------------< io.trino:trino-tests >------------------------
[INFO] Building trino-tests 484-SNAPSHOT
[INFO]   from pom.xml
[INFO] --------------------------------[ jar ]---------------------------------
[INFO] Loaded 0 groupId for remote repository ossrh
[INFO] Loaded 0 groupId for remote repository repo.gradle.org
[INFO] Loaded 0 groupId for remote repository central.maven.org
[INFO] 
[INFO] --- git-commit-id:10.0.0:revision (default) @ trino-tests ---
[INFO] 
[INFO] --- build-helper:3.6.1:bsh-property (surefire-enable-preview) @ trino-tests ---
[INFO] 
[INFO] --- resources:3.5.0:resources (default-resources) @ trino-tests ---
[INFO] skip non existing resourceDirectory /root/notes/trino.nitro/testing/trino-tests/src/main/resources
[INFO] 
[INFO] --- compiler:3.15.0:compile (default-compile) @ trino-tests ---
[INFO] Nothing to compile - all classes are up to date.
[INFO] 
[INFO] --- resources:3.5.0:testResources (default-testResources) @ trino-tests ---
[INFO] Copying 266 resources from src/test/resources to target/test-classes
[INFO] 
[INFO] --- compiler:3.15.0:testCompile (default-testCompile) @ trino-tests ---
[INFO] Nothing to compile - all classes are up to date.
[INFO] 
[INFO] --- modernizer:3.4.0:modernizer (modernizer) @ trino-tests ---
[INFO] Skipping modernizer execution!
[INFO] 
[INFO] --- modernizer:3.4.0:modernizer (modernizer-production-code) @ trino-tests ---
[INFO] Skipping modernizer execution!
[INFO] 
[INFO] --- dependency:3.11.0:analyze-only (default) @ trino-tests ---
[INFO] Skipping plugin execution
[INFO] 
[INFO] --- dependency:3.11.0:analyze-duplicate (default) @ trino-tests ---
[INFO] Skipping plugin execution
[INFO] 
[INFO] --- duplicate-finder:2.0.1:check (default) @ trino-tests ---
[INFO] Skipping duplicate-finder execution!
[INFO] 
[INFO] --- surefire:3.5.6:test (default-test) @ trino-tests ---
[INFO] Tests will run in random order. To reproduce ordering use flag -Dsurefire.runOrder.random.seed=4406260051464550
[INFO] Using auto detected provider org.apache.maven.surefire.junitplatform.JUnitPlatformProvider
[INFO] 
[INFO] -------------------------------------------------------
[INFO]  T E S T S
[INFO] -------------------------------------------------------
[WARNING] [stderr] Picked up JAVA_TOOL_OPTIONS: -XX:-HeapDumpOnOutOfMemoryError
[WARNING] [stderr] WARNING: Using incubator modules: jdk.incubator.vector
[WARNING] [stderr] 2026-08-06T18:42:59.958-0600	INFO	ForkJoinPool-1-worker-1	io.airlift.log.Logging	Logging to stderr
[INFO] Running io.trino.tests.nitro.TestNitroTpcdsParquetPerformance
[WARNING] [stderr] 2026-08-06T18:43:00.862-0600	INFO	ForkJoinPool-1-worker-1	io.trino.simd.BlockEncodingSimdSupport	Detected SIMD Support for architecture=amd64, vectorBitWidth=512: SimdSupport[capabilities=[COMPRESS_BYTE, EXPAND_BYTE, COMPRESS_SHORT, EXPAND_SHORT, COMPRESS_INT, EXPAND_INT, COMPRESS_LONG, EXPAND_LONG]]
[WARNING] [stderr] WARNING: A restricted method in java.lang.System has been called
[WARNING] [stderr] WARNING: java.lang.System::loadLibrary has been called by com.aayushatharva.brotli4j.Brotli4jLoader in an unnamed module (file:/root/.m2/repository/remote-cache/com/aayushatharva/brotli4j/brotli4j/1.23.0/brotli4j-1.23.0.jar)
[WARNING] [stderr] WARNING: Use --enable-native-access=ALL-UNNAMED to avoid a warning for callers in this module
[WARNING] [stderr] WARNING: Restricted methods will be blocked in a future release unless native access is enabled
[WARNING] [stderr] 
[WARNING] [stderr] 2026-08-06T18:43:02.175-0600	INFO	ForkJoinPool-1-worker-1	io.trino.testing.DistributedQueryRunner	Created DistributedQueryRunner in 1.89s (unclosed instances = 1)
[WARNING] [stderr] 2026-08-06T18:43:03.208-0600	INFO	ForkJoinPool-1-worker-1	io.trino.testing.DistributedQueryRunner	Created DistributedQueryRunner in 555.02ms (unclosed instances = 2)
[WARNING] [stderr] 2026-08-06T18:43:03.393-0600	INFO	ForkJoinPool-1-worker-1	stdout	engine,suite,query,measurements,min_ms,p50_ms,p95_ms,mean_ms,cpu_p50_ms,cpu_mean_ms,native_sources
[WARNING] [stderr] 2026-08-06T18:44:34.593-0600	INFO	ForkJoinPool-1-worker-1	stdout	operator_cpu,trino,ExchangeOperator,11,0.000,302.679,0.000,0,159936336,159936336,21796.850,20.567,0.000
[WARNING] [stderr] 2026-08-06T18:44:34.594-0600	INFO	ForkJoinPool-1-worker-1	stdout	operator_cpu,trino,LocalExchangeSourceOperator,11,0.000,0.130,0.000,0,306736,306736,41927.340,0.000,0.000
[WARNING] [stderr] 2026-08-06T18:44:34.594-0600	INFO	ForkJoinPool-1-worker-1	stdout	operator_cpu,trino,TaskOutputOperator,3,0.089,0.000,0.002,0,300,300,0.000,0.000,0.000
[WARNING] [stderr] 2026-08-06T18:44:34.594-0600	INFO	ForkJoinPool-1-worker-1	stdout	operator_cpu,trino,LocalExchangeSinkOperator,11,7.173,0.000,0.093,0,306736,306736,0.000,0.000,0.000
[WARNING] [stderr] 2026-08-06T18:44:34.594-0600	INFO	ForkJoinPool-1-worker-1	stdout	operator_cpu,trino,TopNOperator,7,0.016,7.433,0.071,0,204351,700,0.000,0.094,0.000
[WARNING] [stderr] 2026-08-06T18:44:34.594-0600	INFO	ForkJoinPool-1-worker-1	stdout	operator_cpu,trino,HashAggregationOperator,4,9757.370,28.270,0.063,0,132803770,407521,0.000,12.100,0.000
[WARNING] [stderr] 2026-08-06T18:44:34.594-0600	INFO	ForkJoinPool-1-worker-1	stdout	operator_cpu,trino,FilterAndProjectOperator,4,2.369,159.068,0.094,0,26723751,26723751,0.000,1.357,0.000
[WARNING] [stderr] 2026-08-06T18:44:34.594-0600	INFO	ForkJoinPool-1-worker-1	stdout	operator_cpu,trino,GroupIdOperator,2,1.682,12.400,0.001,0,26520000,132600000,0.000,0.000,0.000
[WARNING] [stderr] 2026-08-06T18:44:34.594-0600	INFO	ForkJoinPool-1-worker-1	stdout	operator_cpu,trino,PartitionedOutputOperator,12,1489.829,0.000,1.506,0,159936136,159936136,23850.000,0.000,0.000
[WARNING] [stderr] 2026-08-06T18:44:34.594-0600	INFO	ForkJoinPool-1-worker-1	stdout	operator_cpu,trino,LookupJoinOperator,4,2.747,2725.970,0.095,0,159630000,53040000,18.460,0.000,0.000
[WARNING] [stderr] 2026-08-06T18:44:34.594-0600	INFO	ForkJoinPool-1-worker-1	stdout	operator_cpu,trino,HashBuilderOperator,4,0.463,0.000,1.231,0,102366,102366,21860.000,5.813,0.000
[WARNING] [stderr] 2026-08-06T18:44:34.594-0600	INFO	ForkJoinPool-1-worker-1	stdout	operator_cpu,trino,DynamicFilterSourceOperator,4,1.606,0.049,0.348,0,102366,102366,0.000,0.002,0.000
[WARNING] [stderr] 2026-08-06T18:44:34.594-0600	INFO	ForkJoinPool-1-worker-1	stdout	operator_cpu,trino,TableScanOperator,1,0.000,5.150,0.000,102000,102000,102000,0.000,4.000,0.000
[WARNING] [stderr] 2026-08-06T18:44:34.594-0600	INFO	ForkJoinPool-1-worker-1	stdout	operator_cpu,trino,ScanFilterAndProjectOperator,7,0.000,1888.350,0.000,133183049,133183049,133110366,0.000,17.005,0.000
[WARNING] [stderr] 2026-08-06T18:44:42.150-0600	INFO	ForkJoinPool-1-worker-1	stdout	operator_cpu,nitro,ExchangeOperator,11,0.000,68.545,0.000,0,53346336,53346336,23990.780,20.929,0.000
[WARNING] [stderr] 2026-08-06T18:44:42.150-0600	INFO	ForkJoinPool-1-worker-1	stdout	operator_cpu,nitro,LocalExchangeSourceOperator,11,0.000,0.162,0.000,0,306736,306736,52625.790,0.000,0.000
[WARNING] [stderr] 2026-08-06T18:44:42.150-0600	INFO	ForkJoinPool-1-worker-1	stdout	operator_cpu,nitro,TaskOutputOperator,3,0.113,0.000,0.004,0,300,300,0.000,0.000,0.000
[WARNING] [stderr] 2026-08-06T18:44:42.150-0600	INFO	ForkJoinPool-1-worker-1	stdout	operator_cpu,nitro,LocalExchangeSinkOperator,11,3.336,0.000,0.106,0,306736,306736,0.000,0.000,0.000
[WARNING] [stderr] 2026-08-06T18:44:42.150-0600	INFO	ForkJoinPool-1-worker-1	stdout	operator_cpu,nitro,TrinoNitroTopNOperator,7,21.872,1.388,0.010,0,204351,700,0.000,0.303,0.000
[WARNING] [stderr] 2026-08-06T18:44:42.150-0600	INFO	ForkJoinPool-1-worker-1	stdout	operator_cpu,nitro,TrinoNitroAggregationOperator,4,34.760,8088.850,3.240,0,26723770,407521,0.000,18.865,0.000
[WARNING] [stderr] 2026-08-06T18:44:42.150-0600	INFO	ForkJoinPool-1-worker-1	stdout	operator_cpu,nitro,PartitionedOutputOperator,12,781.040,0.000,0.356,0,53346136,53346136,28780.000,0.000,0.000
[WARNING] [stderr] 2026-08-06T18:44:42.150-0600	INFO	ForkJoinPool-1-worker-1	stdout	operator_cpu,nitro,TrinoNitroHashJoinOperator,4,20.630,7096.490,0.180,0,53040000,53040000,74.650,16.745,0.000
[WARNING] [stderr] 2026-08-06T18:44:42.150-0600	INFO	ForkJoinPool-1-worker-1	stdout	operator_cpu,nitro,TrinoNitroHashBuildOperator,4,1.149,0.000,7.258,0,102366,0,27350.000,16.613,0.000
[WARNING] [stderr] 2026-08-06T18:44:42.150-0600	INFO	ForkJoinPool-1-worker-1	stdout	operator_cpu,nitro,DynamicFilterSourceOperator,4,1.531,0.066,0.267,0,102366,102366,0.000,0.141,0.000
[WARNING] [stderr] 2026-08-06T18:44:42.150-0600	INFO	ForkJoinPool-1-worker-1	stdout	operator_cpu,nitro,TrinoNitroPipelineSourceOperator,8,0.000,768.160,0.000,133285049,26622366,26622366,41.980,0.899,0.000
[WARNING] [stderr] 2026-08-06T18:44:42.150-0600	INFO	ForkJoinPool-1-worker-1	stdout	operator_metric,nitro,TrinoNitroAggregationOperator,nitroBoundaryNativeEgressFlatChannelPositions,611291
[WARNING] [stderr] 2026-08-06T18:44:42.150-0600	INFO	ForkJoinPool-1-worker-1	stdout	operator_metric,nitro,TrinoNitroAggregationOperator,nitroBoundaryNativeEgressRunLengthChannelPositions,0
[WARNING] [stderr] 2026-08-06T18:44:42.150-0600	INFO	ForkJoinPool-1-worker-1	stdout	operator_metric,nitro,TrinoNitroAggregationOperator,nitroBoundaryPageEgressDictionaryChannelPositions,1630084
[WARNING] [stderr] 2026-08-06T18:44:42.150-0600	INFO	ForkJoinPool-1-worker-1	stdout	operator_metric,nitro,TrinoNitroAggregationOperator,nitroBoundaryPageEgressBytes,42244730
[WARNING] [stderr] 2026-08-06T18:44:42.150-0600	INFO	ForkJoinPool-1-worker-1	stdout	operator_metric,nitro,TrinoNitroAggregationOperator,nitroBoundaryPageIngressPages,5456
[WARNING] [stderr] 2026-08-06T18:44:42.150-0600	INFO	ForkJoinPool-1-worker-1	stdout	operator_metric,nitro,TrinoNitroAggregationOperator,nitroBoundaryPageIngressPositions,26723770
[WARNING] [stderr] 2026-08-06T18:44:42.150-0600	INFO	ForkJoinPool-1-worker-1	stdout	operator_metric,nitro,TrinoNitroAggregationOperator,nitroBoundaryPageIngressRunLengthChannelPositions,0
[WARNING] [stderr] 2026-08-06T18:44:42.150-0600	INFO	ForkJoinPool-1-worker-1	stdout	operator_metric,nitro,TrinoNitroAggregationOperator,nitroBoundaryNativeEgressDictionaryChannelPositions,1630084
[WARNING] [stderr] 2026-08-06T18:44:42.150-0600	INFO	ForkJoinPool-1-worker-1	stdout	operator_metric,nitro,TrinoNitroAggregationOperator,nitroBoundaryPageEgressFlatChannelPositions,611291
[WARNING] [stderr] 2026-08-06T18:44:42.150-0600	INFO	ForkJoinPool-1-worker-1	stdout	operator_metric,nitro,TrinoNitroAggregationOperator,nitroBoundaryPageEgressPositions,407521
[WARNING] [stderr] 2026-08-06T18:44:42.150-0600	INFO	ForkJoinPool-1-worker-1	stdout	operator_metric,nitro,TrinoNitroAggregationOperator,nitroBoundaryPageIngressBytes,2424717160
[WARNING] [stderr] 2026-08-06T18:44:42.150-0600	INFO	ForkJoinPool-1-worker-1	stdout	operator_metric,nitro,TrinoNitroAggregationOperator,nitroBoundaryPageIngressDictionaryChannelPositions,106895080
[WARNING] [stderr] 2026-08-06T18:44:42.150-0600	INFO	ForkJoinPool-1-worker-1	stdout	operator_metric,nitro,TrinoNitroAggregationOperator,nitroBoundaryPageEgressPages,16
[WARNING] [stderr] 2026-08-06T18:44:42.150-0600	INFO	ForkJoinPool-1-worker-1	stdout	operator_metric,nitro,TrinoNitroAggregationOperator,nitroBoundaryPageIngressFlatChannelPositions,26927540
[WARNING] [stderr] 2026-08-06T18:44:42.150-0600	INFO	ForkJoinPool-1-worker-1	stdout	operator_metric,nitro,TrinoNitroAggregationOperator,nitroBoundaryPageEgressRunLengthChannelPositions,0
[WARNING] [stderr] 2026-08-06T18:44:42.150-0600	INFO	ForkJoinPool-1-worker-1	stdout	operator_metric,nitro,PartitionedOutputOperator,nitroExchangeLowDictionaryReusePositions,0
[WARNING] [stderr] 2026-08-06T18:44:42.150-0600	INFO	ForkJoinPool-1-worker-1	stdout	operator_metric,nitro,PartitionedOutputOperator,nitroExchangeSmallPagePositions,0
[WARNING] [stderr] 2026-08-06T18:44:42.150-0600	INFO	ForkJoinPool-1-worker-1	stdout	operator_metric,nitro,PartitionedOutputOperator,nitroExchangeNoDictionaryPositions,0
[WARNING] [stderr] 2026-08-06T18:44:42.150-0600	INFO	ForkJoinPool-1-worker-1	stdout	operator_metric,nitro,PartitionedOutputOperator,nitroExchangePreservedPositions,203770
[WARNING] [stderr] 2026-08-06T18:44:42.150-0600	INFO	ForkJoinPool-1-worker-1	stdout	operator_metric,nitro,PartitionedOutputOperator,nitroExchangeRunLengthUnsupportedPositions,0
[WARNING] [stderr] 2026-08-06T18:44:42.150-0600	INFO	ForkJoinPool-1-worker-1	stdout	operator_metric,nitro,PartitionedOutputOperator,nitroExchangeInputFlatChannelPositions,407540
[WARNING] [stderr] 2026-08-06T18:44:42.150-0600	INFO	ForkJoinPool-1-worker-1	stdout	operator_metric,nitro,PartitionedOutputOperator,nitroExchangeInputDictionaryChannelPositions,815080
[WARNING] [stderr] 2026-08-06T18:44:42.150-0600	INFO	ForkJoinPool-1-worker-1	stdout	operator_metric,nitro,PartitionedOutputOperator,nitroExchangeInputPages,2
[WARNING] [stderr] 2026-08-06T18:44:42.150-0600	INFO	ForkJoinPool-1-worker-1	stdout	operator_metric,nitro,PartitionedOutputOperator,nitroExchangeInputRunLengthChannelPositions,0
[WARNING] [stderr] 2026-08-06T18:44:42.151-0600	INFO	ForkJoinPool-1-worker-1	stdout	operator_metric,nitro,PartitionedOutputOperator,nitroExchangeInputPositions,203770
[WARNING] [stderr] 2026-08-06T18:44:42.151-0600	INFO	ForkJoinPool-1-worker-1	stdout	operator_metric,nitro,PartitionedOutputOperator,nitroExchangeDictionaryUnsupportedPositions,0
[WARNING] [stderr] 2026-08-06T18:44:42.151-0600	INFO	ForkJoinPool-1-worker-1	stdout	operator_metric,nitro,TrinoNitroHashJoinOperator,nitroBoundaryNativeEgressFlatChannelPositions,26520000
[WARNING] [stderr] 2026-08-06T18:44:42.151-0600	INFO	ForkJoinPool-1-worker-1	stdout	operator_metric,nitro,TrinoNitroHashJoinOperator,nitroBoundaryNativeEgressRunLengthChannelPositions,0
[WARNING] [stderr] 2026-08-06T18:44:42.151-0600	INFO	ForkJoinPool-1-worker-1	stdout	operator_metric,nitro,TrinoNitroHashJoinOperator,nitroBoundaryPageEgressDictionaryChannelPositions,106080000
[WARNING] [stderr] 2026-08-06T18:44:42.151-0600	INFO	ForkJoinPool-1-worker-1	stdout	operator_metric,nitro,TrinoNitroHashJoinOperator,nitroBoundaryPageEgressBytes,2401622244
[WARNING] [stderr] 2026-08-06T18:44:42.151-0600	INFO	ForkJoinPool-1-worker-1	stdout	operator_metric,nitro,TrinoNitroHashJoinOperator,nitroBoundaryPageIngressPages,8160
[WARNING] [stderr] 2026-08-06T18:44:42.151-0600	INFO	ForkJoinPool-1-worker-1	stdout	operator_metric,nitro,TrinoNitroHashJoinOperator,nitroBoundaryPageIngressPositions,53040000
[WARNING] [stderr] 2026-08-06T18:44:42.151-0600	INFO	ForkJoinPool-1-worker-1	stdout	operator_metric,nitro,TrinoNitroHashJoinOperator,nitroBoundaryPageIngressRunLengthChannelPositions,0
[WARNING] [stderr] 2026-08-06T18:44:42.151-0600	INFO	ForkJoinPool-1-worker-1	stdout	operator_metric,nitro,TrinoNitroHashJoinOperator,nitroBoundaryNativeEgressDictionaryChannelPositions,106080000
[WARNING] [stderr] 2026-08-06T18:44:42.151-0600	INFO	ForkJoinPool-1-worker-1	stdout	operator_metric,nitro,TrinoNitroHashJoinOperator,nitroBoundaryPageEgressFlatChannelPositions,26520000
[WARNING] [stderr] 2026-08-06T18:44:42.151-0600	INFO	ForkJoinPool-1-worker-1	stdout	operator_metric,nitro,TrinoNitroHashJoinOperator,nitroBoundaryPageEgressPositions,26520000
[WARNING] [stderr] 2026-08-06T18:44:42.151-0600	INFO	ForkJoinPool-1-worker-1	stdout	operator_metric,nitro,TrinoNitroHashJoinOperator,nitroBoundaryPageIngressBytes,981240000
[WARNING] [stderr] 2026-08-06T18:44:42.151-0600	INFO	ForkJoinPool-1-worker-1	stdout	operator_metric,nitro,TrinoNitroHashJoinOperator,nitroBoundaryPageIngressDictionaryChannelPositions,0
[WARNING] [stderr] 2026-08-06T18:44:42.151-0600	INFO	ForkJoinPool-1-worker-1	stdout	operator_metric,nitro,TrinoNitroHashJoinOperator,nitroBoundaryPageEgressPages,5440
[WARNING] [stderr] 2026-08-06T18:44:42.151-0600	INFO	ForkJoinPool-1-worker-1	stdout	operator_metric,nitro,TrinoNitroHashJoinOperator,nitroBoundaryPageIngressFlatChannelPositions,132600000
[WARNING] [stderr] 2026-08-06T18:44:42.151-0600	INFO	ForkJoinPool-1-worker-1	stdout	operator_metric,nitro,TrinoNitroHashJoinOperator,nitroBoundaryPageEgressRunLengthChannelPositions,0
[WARNING] [stderr] 2026-08-06T18:44:42.151-0600	INFO	ForkJoinPool-1-worker-1	stdout	operator_metric,nitro,TrinoNitroHashJoinOperator,nitroBoundaryNativeExchangeBatches,2720
[WARNING] [stderr] 2026-08-06T18:44:42.151-0600	INFO	ForkJoinPool-1-worker-1	stdout	operator_metric,nitro,TrinoNitroHashJoinOperator,nitroBoundaryNativeExchangeBytes,344773600
[WARNING] [stderr] 2026-08-06T18:44:42.151-0600	INFO	ForkJoinPool-1-worker-1	stdout	operator_metric,nitro,TrinoNitroHashJoinOperator,nitroBoundaryNativeExchangePositions,26520000
[WARNING] [stderr] 2026-08-06T18:44:42.151-0600	INFO	ForkJoinPool-1-worker-1	stdout	operator_metric,nitro,TrinoNitroPipelineSourceOperator,nitroBoundaryNativeExchangeBytes,2452999446
[WARNING] [stderr] 2026-08-06T18:44:42.151-0600	INFO	ForkJoinPool-1-worker-1	stdout	operator_metric,nitro,TrinoNitroPipelineSourceOperator,nitroBoundaryNativeExchangePositions,26622366
[WARNING] [stderr] 2026-08-06T18:44:42.151-0600	INFO	ForkJoinPool-1-worker-1	stdout	operator_metric,nitro,TrinoNitroPipelineSourceOperator,nitroBoundaryNativeExchangeBatches,2670
[WARNING] [stderr] 2026-08-06T18:44:49.717-0600	INFO	ForkJoinPool-1-worker-1	stdout	operator_cpu,nitro,ExchangeOperator,11,0.000,66.792,0.000,0,53346336,53346336,25127.930,20.951,0.000
[WARNING] [stderr] 2026-08-06T18:44:49.717-0600	INFO	ForkJoinPool-1-worker-1	stdout	operator_cpu,nitro,LocalExchangeSourceOperator,11,0.000,0.139,0.000,0,306736,306736,52701.480,0.000,0.000
[WARNING] [stderr] 2026-08-06T18:44:49.717-0600	INFO	ForkJoinPool-1-worker-1	stdout	operator_cpu,nitro,TaskOutputOperator,3,0.124,0.000,0.003,0,300,300,0.000,0.000,0.000
[WARNING] [stderr] 2026-08-06T18:44:49.717-0600	INFO	ForkJoinPool-1-worker-1	stdout	operator_cpu,nitro,LocalExchangeSinkOperator,11,3.387,0.000,0.111,0,306736,306736,0.000,0.000,0.000
[WARNING] [stderr] 2026-08-06T18:44:49.717-0600	INFO	ForkJoinPool-1-worker-1	stdout	operator_cpu,nitro,TrinoNitroTopNOperator,7,21.912,1.282,0.007,0,204351,700,0.000,0.303,0.000
[WARNING] [stderr] 2026-08-06T18:44:49.717-0600	INFO	ForkJoinPool-1-worker-1	stdout	operator_cpu,nitro,TrinoNitroAggregationOperator,4,33.810,8138.760,3.064,0,26723770,407521,0.000,18.866,0.000
[WARNING] [stderr] 2026-08-06T18:44:49.717-0600	INFO	ForkJoinPool-1-worker-1	stdout	operator_cpu,nitro,PartitionedOutputOperator,12,784.972,0.000,0.341,0,53346136,53346136,27720.000,0.000,0.000
[WARNING] [stderr] 2026-08-06T18:44:49.718-0600	INFO	ForkJoinPool-1-worker-1	stdout	operator_cpu,nitro,TrinoNitroHashJoinOperator,4,20.550,7119.950,0.136,0,53040000,53040000,60.290,16.745,0.000
[WARNING] [stderr] 2026-08-06T18:44:49.718-0600	INFO	ForkJoinPool-1-worker-1	stdout	operator_cpu,nitro,TrinoNitroHashBuildOperator,4,0.996,0.000,6.614,0,102366,0,27630.000,16.613,0.000
[WARNING] [stderr] 2026-08-06T18:44:49.718-0600	INFO	ForkJoinPool-1-worker-1	stdout	operator_cpu,nitro,DynamicFilterSourceOperator,4,1.495,0.056,0.287,0,102366,102366,0.000,0.141,0.000
[WARNING] [stderr] 2026-08-06T18:44:49.718-0600	INFO	ForkJoinPool-1-worker-1	stdout	operator_cpu,nitro,TrinoNitroPipelineSourceOperator,8,0.000,769.280,0.000,133285049,26622366,26622366,48.370,0.899,0.000
[WARNING] [stderr] 2026-08-06T18:44:49.718-0600	INFO	ForkJoinPool-1-worker-1	stdout	operator_metric,nitro,TrinoNitroAggregationOperator,nitroBoundaryNativeEgressFlatChannelPositions,611291
[WARNING] [stderr] 2026-08-06T18:44:49.718-0600	INFO	ForkJoinPool-1-worker-1	stdout	operator_metric,nitro,TrinoNitroAggregationOperator,nitroBoundaryNativeEgressRunLengthChannelPositions,0
[WARNING] [stderr] 2026-08-06T18:44:49.718-0600	INFO	ForkJoinPool-1-worker-1	stdout	operator_metric,nitro,TrinoNitroAggregationOperator,nitroBoundaryPageEgressDictionaryChannelPositions,1630084
[WARNING] [stderr] 2026-08-06T18:44:49.718-0600	INFO	ForkJoinPool-1-worker-1	stdout	operator_metric,nitro,TrinoNitroAggregationOperator,nitroBoundaryPageEgressBytes,42244917
[WARNING] [stderr] 2026-08-06T18:44:49.718-0600	INFO	ForkJoinPool-1-worker-1	stdout	operator_metric,nitro,TrinoNitroAggregationOperator,nitroBoundaryPageIngressPages,5456
[WARNING] [stderr] 2026-08-06T18:44:49.718-0600	INFO	ForkJoinPool-1-worker-1	stdout	operator_metric,nitro,TrinoNitroAggregationOperator,nitroBoundaryPageIngressPositions,26723770
[WARNING] [stderr] 2026-08-06T18:44:49.718-0600	INFO	ForkJoinPool-1-worker-1	stdout	operator_metric,nitro,TrinoNitroAggregationOperator,nitroBoundaryPageIngressRunLengthChannelPositions,0
[WARNING] [stderr] 2026-08-06T18:44:49.718-0600	INFO	ForkJoinPool-1-worker-1	stdout	operator_metric,nitro,TrinoNitroAggregationOperator,nitroBoundaryNativeEgressDictionaryChannelPositions,1630084
[WARNING] [stderr] 2026-08-06T18:44:49.718-0600	INFO	ForkJoinPool-1-worker-1	stdout	operator_metric,nitro,TrinoNitroAggregationOperator,nitroBoundaryPageEgressFlatChannelPositions,611291
[WARNING] [stderr] 2026-08-06T18:44:49.718-0600	INFO	ForkJoinPool-1-worker-1	stdout	operator_metric,nitro,TrinoNitroAggregationOperator,nitroBoundaryPageEgressPositions,407521
[WARNING] [stderr] 2026-08-06T18:44:49.718-0600	INFO	ForkJoinPool-1-worker-1	stdout	operator_metric,nitro,TrinoNitroAggregationOperator,nitroBoundaryPageIngressBytes,2424717160
[WARNING] [stderr] 2026-08-06T18:44:49.718-0600	INFO	ForkJoinPool-1-worker-1	stdout	operator_metric,nitro,TrinoNitroAggregationOperator,nitroBoundaryPageIngressDictionaryChannelPositions,106895080
[WARNING] [stderr] 2026-08-06T18:44:49.718-0600	INFO	ForkJoinPool-1-worker-1	stdout	operator_metric,nitro,TrinoNitroAggregationOperator,nitroBoundaryPageEgressPages,16
[WARNING] [stderr] 2026-08-06T18:44:49.718-0600	INFO	ForkJoinPool-1-worker-1	stdout	operator_metric,nitro,TrinoNitroAggregationOperator,nitroBoundaryPageIngressFlatChannelPositions,26927540
[WARNING] [stderr] 2026-08-06T18:44:49.718-0600	INFO	ForkJoinPool-1-worker-1	stdout	operator_metric,nitro,TrinoNitroAggregationOperator,nitroBoundaryPageEgressRunLengthChannelPositions,0
[WARNING] [stderr] 2026-08-06T18:44:49.718-0600	INFO	ForkJoinPool-1-worker-1	stdout	operator_metric,nitro,PartitionedOutputOperator,nitroExchangeLowDictionaryReusePositions,0
[WARNING] [stderr] 2026-08-06T18:44:49.718-0600	INFO	ForkJoinPool-1-worker-1	stdout	operator_metric,nitro,PartitionedOutputOperator,nitroExchangeSmallPagePositions,0
[WARNING] [stderr] 2026-08-06T18:44:49.718-0600	INFO	ForkJoinPool-1-worker-1	stdout	operator_metric,nitro,PartitionedOutputOperator,nitroExchangeNoDictionaryPositions,0
[WARNING] [stderr] 2026-08-06T18:44:49.718-0600	INFO	ForkJoinPool-1-worker-1	stdout	operator_metric,nitro,PartitionedOutputOperator,nitroExchangePreservedPositions,203770
[WARNING] [stderr] 2026-08-06T18:44:49.718-0600	INFO	ForkJoinPool-1-worker-1	stdout	operator_metric,nitro,PartitionedOutputOperator,nitroExchangeRunLengthUnsupportedPositions,0
[WARNING] [stderr] 2026-08-06T18:44:49.718-0600	INFO	ForkJoinPool-1-worker-1	stdout	operator_metric,nitro,PartitionedOutputOperator,nitroExchangeInputFlatChannelPositions,407540
[WARNING] [stderr] 2026-08-06T18:44:49.718-0600	INFO	ForkJoinPool-1-worker-1	stdout	operator_metric,nitro,PartitionedOutputOperator,nitroExchangeInputDictionaryChannelPositions,815080
[WARNING] [stderr] 2026-08-06T18:44:49.718-0600	INFO	ForkJoinPool-1-worker-1	stdout	operator_metric,nitro,PartitionedOutputOperator,nitroExchangeInputPages,2
[WARNING] [stderr] 2026-08-06T18:44:49.718-0600	INFO	ForkJoinPool-1-worker-1	stdout	operator_metric,nitro,PartitionedOutputOperator,nitroExchangeInputRunLengthChannelPositions,0
[WARNING] [stderr] 2026-08-06T18:44:49.718-0600	INFO	ForkJoinPool-1-worker-1	stdout	operator_metric,nitro,PartitionedOutputOperator,nitroExchangeInputPositions,203770
[WARNING] [stderr] 2026-08-06T18:44:49.718-0600	INFO	ForkJoinPool-1-worker-1	stdout	operator_metric,nitro,PartitionedOutputOperator,nitroExchangeDictionaryUnsupportedPositions,0
[WARNING] [stderr] 2026-08-06T18:44:49.718-0600	INFO	ForkJoinPool-1-worker-1	stdout	operator_metric,nitro,TrinoNitroHashJoinOperator,nitroBoundaryNativeEgressFlatChannelPositions,26520000
[WARNING] [stderr] 2026-08-06T18:44:49.718-0600	INFO	ForkJoinPool-1-worker-1	stdout	operator_metric,nitro,TrinoNitroHashJoinOperator,nitroBoundaryNativeEgressRunLengthChannelPositions,0
[WARNING] [stderr] 2026-08-06T18:44:49.718-0600	INFO	ForkJoinPool-1-worker-1	stdout	operator_metric,nitro,TrinoNitroHashJoinOperator,nitroBoundaryPageEgressDictionaryChannelPositions,106080000
[WARNING] [stderr] 2026-08-06T18:44:49.718-0600	INFO	ForkJoinPool-1-worker-1	stdout	operator_metric,nitro,TrinoNitroHashJoinOperator,nitroBoundaryPageEgressBytes,2401622244
[WARNING] [stderr] 2026-08-06T18:44:49.718-0600	INFO	ForkJoinPool-1-worker-1	stdout	operator_metric,nitro,TrinoNitroHashJoinOperator,nitroBoundaryPageIngressPages,8160
[WARNING] [stderr] 2026-08-06T18:44:49.718-0600	INFO	ForkJoinPool-1-worker-1	stdout	operator_metric,nitro,TrinoNitroHashJoinOperator,nitroBoundaryPageIngressPositions,53040000
[WARNING] [stderr] 2026-08-06T18:44:49.718-0600	INFO	ForkJoinPool-1-worker-1	stdout	operator_metric,nitro,TrinoNitroHashJoinOperator,nitroBoundaryPageIngressRunLengthChannelPositions,0
[WARNING] [stderr] 2026-08-06T18:44:49.718-0600	INFO	ForkJoinPool-1-worker-1	stdout	operator_metric,nitro,TrinoNitroHashJoinOperator,nitroBoundaryNativeEgressDictionaryChannelPositions,106080000
[WARNING] [stderr] 2026-08-06T18:44:49.718-0600	INFO	ForkJoinPool-1-worker-1	stdout	operator_metric,nitro,TrinoNitroHashJoinOperator,nitroBoundaryPageEgressFlatChannelPositions,26520000
[WARNING] [stderr] 2026-08-06T18:44:49.718-0600	INFO	ForkJoinPool-1-worker-1	stdout	operator_metric,nitro,TrinoNitroHashJoinOperator,nitroBoundaryPageEgressPositions,26520000
[WARNING] [stderr] 2026-08-06T18:44:49.718-0600	INFO	ForkJoinPool-1-worker-1	stdout	operator_metric,nitro,TrinoNitroHashJoinOperator,nitroBoundaryPageIngressBytes,981240000
[WARNING] [stderr] 2026-08-06T18:44:49.718-0600	INFO	ForkJoinPool-1-worker-1	stdout	operator_metric,nitro,TrinoNitroHashJoinOperator,nitroBoundaryPageIngressDictionaryChannelPositions,0
[WARNING] [stderr] 2026-08-06T18:44:49.718-0600	INFO	ForkJoinPool-1-worker-1	stdout	operator_metric,nitro,TrinoNitroHashJoinOperator,nitroBoundaryPageEgressPages,5440
[WARNING] [stderr] 2026-08-06T18:44:49.718-0600	INFO	ForkJoinPool-1-worker-1	stdout	operator_metric,nitro,TrinoNitroHashJoinOperator,nitroBoundaryPageIngressFlatChannelPositions,132600000
[WARNING] [stderr] 2026-08-06T18:44:49.718-0600	INFO	ForkJoinPool-1-worker-1	stdout	operator_metric,nitro,TrinoNitroHashJoinOperator,nitroBoundaryPageEgressRunLengthChannelPositions,0
[WARNING] [stderr] 2026-08-06T18:44:49.718-0600	INFO	ForkJoinPool-1-worker-1	stdout	operator_metric,nitro,TrinoNitroHashJoinOperator,nitroBoundaryNativeExchangeBatches,2720
[WARNING] [stderr] 2026-08-06T18:44:49.718-0600	INFO	ForkJoinPool-1-worker-1	stdout	operator_metric,nitro,TrinoNitroHashJoinOperator,nitroBoundaryNativeExchangeBytes,344773600
[WARNING] [stderr] 2026-08-06T18:44:49.718-0600	INFO	ForkJoinPool-1-worker-1	stdout	operator_metric,nitro,TrinoNitroHashJoinOperator,nitroBoundaryNativeExchangePositions,26520000
[WARNING] [stderr] 2026-08-06T18:44:49.718-0600	INFO	ForkJoinPool-1-worker-1	stdout	operator_metric,nitro,TrinoNitroPipelineSourceOperator,nitroBoundaryNativeExchangeBytes,2452999446
[WARNING] [stderr] 2026-08-06T18:44:49.718-0600	INFO	ForkJoinPool-1-worker-1	stdout	operator_metric,nitro,TrinoNitroPipelineSourceOperator,nitroBoundaryNativeExchangePositions,26622366
[WARNING] [stderr] 2026-08-06T18:44:49.718-0600	INFO	ForkJoinPool-1-worker-1	stdout	operator_metric,nitro,TrinoNitroPipelineSourceOperator,nitroBoundaryNativeExchangeBatches,2670
[WARNING] [stderr] 2026-08-06T18:44:55.780-0600	INFO	ForkJoinPool-1-worker-1	stdout	operator_cpu,trino,ExchangeOperator,11,0.000,280.792,0.000,0,159936336,159936336,21835.910,19.589,0.000
[WARNING] [stderr] 2026-08-06T18:44:55.780-0600	INFO	ForkJoinPool-1-worker-1	stdout	operator_cpu,trino,LocalExchangeSourceOperator,11,0.000,0.128,0.000,0,306736,306736,42341.500,0.000,0.000
[WARNING] [stderr] 2026-08-06T18:44:55.780-0600	INFO	ForkJoinPool-1-worker-1	stdout	operator_cpu,trino,TaskOutputOperator,3,0.092,0.000,0.002,0,300,300,0.000,0.000,0.000
[WARNING] [stderr] 2026-08-06T18:44:55.780-0600	INFO	ForkJoinPool-1-worker-1	stdout	operator_cpu,trino,LocalExchangeSinkOperator,11,7.167,0.000,0.068,0,306736,306736,0.000,0.000,0.000
[WARNING] [stderr] 2026-08-06T18:44:55.780-0600	INFO	ForkJoinPool-1-worker-1	stdout	operator_cpu,trino,TopNOperator,7,0.016,4.030,0.064,0,204351,700,0.000,0.094,0.000
[WARNING] [stderr] 2026-08-06T18:44:55.780-0600	INFO	ForkJoinPool-1-worker-1	stdout	operator_cpu,trino,HashAggregationOperator,4,9797.010,28.330,0.061,0,132803770,407521,0.000,11.968,0.000
[WARNING] [stderr] 2026-08-06T18:44:55.780-0600	INFO	ForkJoinPool-1-worker-1	stdout	operator_cpu,trino,FilterAndProjectOperator,4,2.459,158.580,0.115,0,26723751,26723751,0.000,1.357,0.000
[WARNING] [stderr] 2026-08-06T18:44:55.780-0600	INFO	ForkJoinPool-1-worker-1	stdout	operator_cpu,trino,GroupIdOperator,2,1.680,12.490,0.001,0,26520000,132600000,0.000,0.000,0.000
[WARNING] [stderr] 2026-08-06T18:44:55.780-0600	INFO	ForkJoinPool-1-worker-1	stdout	operator_cpu,trino,PartitionedOutputOperator,12,1445.658,0.000,1.242,0,159936136,159936136,23790.000,0.000,0.000
[WARNING] [stderr] 2026-08-06T18:44:55.780-0600	INFO	ForkJoinPool-1-worker-1	stdout	operator_cpu,trino,LookupJoinOperator,4,2.656,2702.010,0.138,0,159630000,53040000,47.970,0.000,0.000
[WARNING] [stderr] 2026-08-06T18:44:55.780-0600	INFO	ForkJoinPool-1-worker-1	stdout	operator_cpu,trino,HashBuilderOperator,4,0.449,0.000,1.201,0,102366,102366,22080.000,5.813,0.000
[WARNING] [stderr] 2026-08-06T18:44:55.780-0600	INFO	ForkJoinPool-1-worker-1	stdout	operator_cpu,trino,DynamicFilterSourceOperator,4,1.418,0.051,0.345,0,102366,102366,0.000,0.002,0.000
[WARNING] [stderr] 2026-08-06T18:44:55.780-0600	INFO	ForkJoinPool-1-worker-1	stdout	operator_cpu,trino,TableScanOperator,1,0.000,5.240,0.000,102000,102000,102000,0.000,4.000,0.000
[WARNING] [stderr] 2026-08-06T18:44:55.780-0600	INFO	ForkJoinPool-1-worker-1	stdout	operator_cpu,trino,ScanFilterAndProjectOperator,7,0.000,1872.350,0.000,133183049,133183049,133110366,0.000,17.005,0.000
[WARNING] [stderr] 2026-08-06T18:45:01.815-0600	INFO	ForkJoinPool-1-worker-1	stdout	operator_cpu,trino,ExchangeOperator,11,0.000,310.228,0.000,0,159936336,159936336,21180.680,19.074,0.000
[WARNING] [stderr] 2026-08-06T18:45:01.815-0600	INFO	ForkJoinPool-1-worker-1	stdout	operator_cpu,trino,LocalExchangeSourceOperator,11,0.000,0.149,0.000,0,306736,306736,42084.970,0.000,0.000
[WARNING] [stderr] 2026-08-06T18:45:01.815-0600	INFO	ForkJoinPool-1-worker-1	stdout	operator_cpu,trino,TaskOutputOperator,3,0.099,0.000,0.002,0,300,300,0.000,0.000,0.000
[WARNING] [stderr] 2026-08-06T18:45:01.815-0600	INFO	ForkJoinPool-1-worker-1	stdout	operator_cpu,trino,LocalExchangeSinkOperator,11,7.182,0.000,0.115,0,306736,306736,0.000,0.000,0.000
[WARNING] [stderr] 2026-08-06T18:45:01.815-0600	INFO	ForkJoinPool-1-worker-1	stdout	operator_cpu,trino,TopNOperator,7,0.016,4.099,0.067,0,204351,700,0.000,0.094,0.000
[WARNING] [stderr] 2026-08-06T18:45:01.815-0600	INFO	ForkJoinPool-1-worker-1	stdout	operator_cpu,trino,HashAggregationOperator,4,9747.500,28.130,0.060,0,132803770,407521,0.000,11.965,0.000
[WARNING] [stderr] 2026-08-06T18:45:01.815-0600	INFO	ForkJoinPool-1-worker-1	stdout	operator_cpu,trino,FilterAndProjectOperator,4,2.349,158.682,0.095,0,26723751,26723751,0.000,1.380,0.000
[WARNING] [stderr] 2026-08-06T18:45:01.815-0600	INFO	ForkJoinPool-1-worker-1	stdout	operator_cpu,trino,GroupIdOperator,2,1.686,12.390,0.001,0,26520000,132600000,0.000,0.000,0.000
[WARNING] [stderr] 2026-08-06T18:45:01.815-0600	INFO	ForkJoinPool-1-worker-1	stdout	operator_cpu,trino,PartitionedOutputOperator,12,1512.497,0.000,1.452,0,159936136,159936136,21820.000,0.000,0.000
[WARNING] [stderr] 2026-08-06T18:45:01.816-0600	INFO	ForkJoinPool-1-worker-1	stdout	operator_cpu,trino,LookupJoinOperator,4,2.722,2735.110,0.130,0,159630000,53040000,0.601,0.000,0.000
[WARNING] [stderr] 2026-08-06T18:45:01.816-0600	INFO	ForkJoinPool-1-worker-1	stdout	operator_cpu,trino,HashBuilderOperator,4,0.480,0.000,1.886,0,102366,102366,21890.000,5.813,0.000
[WARNING] [stderr] 2026-08-06T18:45:01.816-0600	INFO	ForkJoinPool-1-worker-1	stdout	operator_cpu,trino,DynamicFilterSourceOperator,4,1.494,0.042,0.440,0,102366,102366,0.000,0.002,0.000
[WARNING] [stderr] 2026-08-06T18:45:01.816-0600	INFO	ForkJoinPool-1-worker-1	stdout	operator_cpu,trino,TableScanOperator,1,0.000,4.890,0.000,102000,102000,102000,0.000,4.000,0.000
[WARNING] [stderr] 2026-08-06T18:45:01.816-0600	INFO	ForkJoinPool-1-worker-1	stdout	operator_cpu,trino,ScanFilterAndProjectOperator,7,0.000,1909.740,0.000,133183049,133183049,133110366,0.000,17.005,0.000
[WARNING] [stderr] 2026-08-06T18:45:09.373-0600	INFO	ForkJoinPool-1-worker-1	stdout	operator_cpu,nitro,ExchangeOperator,11,0.000,69.451,0.000,0,53346336,53346336,23307.160,20.870,0.000
[WARNING] [stderr] 2026-08-06T18:45:09.373-0600	INFO	ForkJoinPool-1-worker-1	stdout	operator_cpu,nitro,LocalExchangeSourceOperator,11,0.000,0.123,0.000,0,306736,306736,52644.610,0.000,0.000
[WARNING] [stderr] 2026-08-06T18:45:09.373-0600	INFO	ForkJoinPool-1-worker-1	stdout	operator_cpu,nitro,TaskOutputOperator,3,0.114,0.000,0.004,0,300,300,0.000,0.000,0.000
[WARNING] [stderr] 2026-08-06T18:45:09.373-0600	INFO	ForkJoinPool-1-worker-1	stdout	operator_cpu,nitro,LocalExchangeSinkOperator,11,3.330,0.000,0.095,0,306736,306736,0.000,0.000,0.000
[WARNING] [stderr] 2026-08-06T18:45:09.373-0600	INFO	ForkJoinPool-1-worker-1	stdout	operator_cpu,nitro,TrinoNitroTopNOperator,7,21.939,1.399,0.007,0,204351,700,0.000,0.303,0.000
[WARNING] [stderr] 2026-08-06T18:45:09.373-0600	INFO	ForkJoinPool-1-worker-1	stdout	operator_cpu,nitro,TrinoNitroAggregationOperator,4,34.760,8078.980,3.412,0,26723770,407521,0.000,18.865,0.000
[WARNING] [stderr] 2026-08-06T18:45:09.373-0600	INFO	ForkJoinPool-1-worker-1	stdout	operator_cpu,nitro,PartitionedOutputOperator,12,799.874,0.000,0.354,0,53346136,53346136,28130.000,0.000,0.000
[WARNING] [stderr] 2026-08-06T18:45:09.373-0600	INFO	ForkJoinPool-1-worker-1	stdout	operator_cpu,nitro,TrinoNitroHashJoinOperator,4,20.790,7092.460,0.144,0,53040000,53040000,65.400,16.745,0.000
[WARNING] [stderr] 2026-08-06T18:45:09.373-0600	INFO	ForkJoinPool-1-worker-1	stdout	operator_cpu,nitro,TrinoNitroHashBuildOperator,4,0.963,0.000,6.399,0,102366,0,26870.000,16.613,0.000
[WARNING] [stderr] 2026-08-06T18:45:09.373-0600	INFO	ForkJoinPool-1-worker-1	stdout	operator_cpu,nitro,DynamicFilterSourceOperator,4,1.382,0.053,0.292,0,102366,102366,0.000,0.141,0.000
[WARNING] [stderr] 2026-08-06T18:45:09.373-0600	INFO	ForkJoinPool-1-worker-1	stdout	operator_cpu,nitro,TrinoNitroPipelineSourceOperator,8,0.000,770.940,0.000,133285049,26622366,26622366,59.500,0.899,0.000
[WARNING] [stderr] 2026-08-06T18:45:09.373-0600	INFO	ForkJoinPool-1-worker-1	stdout	operator_metric,nitro,TrinoNitroAggregationOperator,nitroBoundaryNativeEgressFlatChannelPositions,611291
[WARNING] [stderr] 2026-08-06T18:45:09.373-0600	INFO	ForkJoinPool-1-worker-1	stdout	operator_metric,nitro,TrinoNitroAggregationOperator,nitroBoundaryNativeEgressRunLengthChannelPositions,0
[WARNING] [stderr] 2026-08-06T18:45:09.373-0600	INFO	ForkJoinPool-1-worker-1	stdout	operator_metric,nitro,TrinoNitroAggregationOperator,nitroBoundaryPageEgressDictionaryChannelPositions,1630084
[WARNING] [stderr] 2026-08-06T18:45:09.373-0600	INFO	ForkJoinPool-1-worker-1	stdout	operator_metric,nitro,TrinoNitroAggregationOperator,nitroBoundaryPageEgressBytes,42244730
[WARNING] [stderr] 2026-08-06T18:45:09.373-0600	INFO	ForkJoinPool-1-worker-1	stdout	operator_metric,nitro,TrinoNitroAggregationOperator,nitroBoundaryPageIngressPages,5456
[WARNING] [stderr] 2026-08-06T18:45:09.373-0600	INFO	ForkJoinPool-1-worker-1	stdout	operator_metric,nitro,TrinoNitroAggregationOperator,nitroBoundaryPageIngressPositions,26723770
[WARNING] [stderr] 2026-08-06T18:45:09.373-0600	INFO	ForkJoinPool-1-worker-1	stdout	operator_metric,nitro,TrinoNitroAggregationOperator,nitroBoundaryPageIngressRunLengthChannelPositions,0
[WARNING] [stderr] 2026-08-06T18:45:09.373-0600	INFO	ForkJoinPool-1-worker-1	stdout	operator_metric,nitro,TrinoNitroAggregationOperator,nitroBoundaryNativeEgressDictionaryChannelPositions,1630084
[WARNING] [stderr] 2026-08-06T18:45:09.373-0600	INFO	ForkJoinPool-1-worker-1	stdout	operator_metric,nitro,TrinoNitroAggregationOperator,nitroBoundaryPageEgressFlatChannelPositions,611291
[WARNING] [stderr] 2026-08-06T18:45:09.373-0600	INFO	ForkJoinPool-1-worker-1	stdout	operator_metric,nitro,TrinoNitroAggregationOperator,nitroBoundaryPageEgressPositions,407521
[WARNING] [stderr] 2026-08-06T18:45:09.373-0600	INFO	ForkJoinPool-1-worker-1	stdout	operator_metric,nitro,TrinoNitroAggregationOperator,nitroBoundaryPageIngressBytes,2424717160
[WARNING] [stderr] 2026-08-06T18:45:09.373-0600	INFO	ForkJoinPool-1-worker-1	stdout	operator_metric,nitro,TrinoNitroAggregationOperator,nitroBoundaryPageIngressDictionaryChannelPositions,106895080
[WARNING] [stderr] 2026-08-06T18:45:09.373-0600	INFO	ForkJoinPool-1-worker-1	stdout	operator_metric,nitro,TrinoNitroAggregationOperator,nitroBoundaryPageEgressPages,16
[WARNING] [stderr] 2026-08-06T18:45:09.373-0600	INFO	ForkJoinPool-1-worker-1	stdout	operator_metric,nitro,TrinoNitroAggregationOperator,nitroBoundaryPageIngressFlatChannelPositions,26927540
[WARNING] [stderr] 2026-08-06T18:45:09.373-0600	INFO	ForkJoinPool-1-worker-1	stdout	operator_metric,nitro,TrinoNitroAggregationOperator,nitroBoundaryPageEgressRunLengthChannelPositions,0
[WARNING] [stderr] 2026-08-06T18:45:09.373-0600	INFO	ForkJoinPool-1-worker-1	stdout	operator_metric,nitro,PartitionedOutputOperator,nitroExchangeLowDictionaryReusePositions,0
[WARNING] [stderr] 2026-08-06T18:45:09.373-0600	INFO	ForkJoinPool-1-worker-1	stdout	operator_metric,nitro,PartitionedOutputOperator,nitroExchangeSmallPagePositions,0
[WARNING] [stderr] 2026-08-06T18:45:09.373-0600	INFO	ForkJoinPool-1-worker-1	stdout	operator_metric,nitro,PartitionedOutputOperator,nitroExchangeNoDictionaryPositions,0
[WARNING] [stderr] 2026-08-06T18:45:09.373-0600	INFO	ForkJoinPool-1-worker-1	stdout	operator_metric,nitro,PartitionedOutputOperator,nitroExchangePreservedPositions,203770
[WARNING] [stderr] 2026-08-06T18:45:09.373-0600	INFO	ForkJoinPool-1-worker-1	stdout	operator_metric,nitro,PartitionedOutputOperator,nitroExchangeRunLengthUnsupportedPositions,0
[WARNING] [stderr] 2026-08-06T18:45:09.373-0600	INFO	ForkJoinPool-1-worker-1	stdout	operator_metric,nitro,PartitionedOutputOperator,nitroExchangeInputFlatChannelPositions,407540
[WARNING] [stderr] 2026-08-06T18:45:09.373-0600	INFO	ForkJoinPool-1-worker-1	stdout	operator_metric,nitro,PartitionedOutputOperator,nitroExchangeInputDictionaryChannelPositions,815080
[WARNING] [stderr] 2026-08-06T18:45:09.373-0600	INFO	ForkJoinPool-1-worker-1	stdout	operator_metric,nitro,PartitionedOutputOperator,nitroExchangeInputPages,2
[WARNING] [stderr] 2026-08-06T18:45:09.373-0600	INFO	ForkJoinPool-1-worker-1	stdout	operator_metric,nitro,PartitionedOutputOperator,nitroExchangeInputRunLengthChannelPositions,0
[WARNING] [stderr] 2026-08-06T18:45:09.373-0600	INFO	ForkJoinPool-1-worker-1	stdout	operator_metric,nitro,PartitionedOutputOperator,nitroExchangeInputPositions,203770
[WARNING] [stderr] 2026-08-06T18:45:09.373-0600	INFO	ForkJoinPool-1-worker-1	stdout	operator_metric,nitro,PartitionedOutputOperator,nitroExchangeDictionaryUnsupportedPositions,0
[WARNING] [stderr] 2026-08-06T18:45:09.373-0600	INFO	ForkJoinPool-1-worker-1	stdout	operator_metric,nitro,TrinoNitroHashJoinOperator,nitroBoundaryNativeEgressFlatChannelPositions,26520000
[WARNING] [stderr] 2026-08-06T18:45:09.373-0600	INFO	ForkJoinPool-1-worker-1	stdout	operator_metric,nitro,TrinoNitroHashJoinOperator,nitroBoundaryNativeEgressRunLengthChannelPositions,0
[WARNING] [stderr] 2026-08-06T18:45:09.373-0600	INFO	ForkJoinPool-1-worker-1	stdout	operator_metric,nitro,TrinoNitroHashJoinOperator,nitroBoundaryPageEgressDictionaryChannelPositions,106080000
[WARNING] [stderr] 2026-08-06T18:45:09.373-0600	INFO	ForkJoinPool-1-worker-1	stdout	operator_metric,nitro,TrinoNitroHashJoinOperator,nitroBoundaryPageEgressBytes,2401622244
[WARNING] [stderr] 2026-08-06T18:45:09.373-0600	INFO	ForkJoinPool-1-worker-1	stdout	operator_metric,nitro,TrinoNitroHashJoinOperator,nitroBoundaryPageIngressPages,8160
[WARNING] [stderr] 2026-08-06T18:45:09.373-0600	INFO	ForkJoinPool-1-worker-1	stdout	operator_metric,nitro,TrinoNitroHashJoinOperator,nitroBoundaryPageIngressPositions,53040000
[WARNING] [stderr] 2026-08-06T18:45:09.374-0600	INFO	ForkJoinPool-1-worker-1	stdout	operator_metric,nitro,TrinoNitroHashJoinOperator,nitroBoundaryPageIngressRunLengthChannelPositions,0
[WARNING] [stderr] 2026-08-06T18:45:09.374-0600	INFO	ForkJoinPool-1-worker-1	stdout	operator_metric,nitro,TrinoNitroHashJoinOperator,nitroBoundaryNativeEgressDictionaryChannelPositions,106080000
[WARNING] [stderr] 2026-08-06T18:45:09.374-0600	INFO	ForkJoinPool-1-worker-1	stdout	operator_metric,nitro,TrinoNitroHashJoinOperator,nitroBoundaryPageEgressFlatChannelPositions,26520000
[WARNING] [stderr] 2026-08-06T18:45:09.374-0600	INFO	ForkJoinPool-1-worker-1	stdout	operator_metric,nitro,TrinoNitroHashJoinOperator,nitroBoundaryPageEgressPositions,26520000
[WARNING] [stderr] 2026-08-06T18:45:09.374-0600	INFO	ForkJoinPool-1-worker-1	stdout	operator_metric,nitro,TrinoNitroHashJoinOperator,nitroBoundaryPageIngressBytes,981240000
[WARNING] [stderr] 2026-08-06T18:45:09.374-0600	INFO	ForkJoinPool-1-worker-1	stdout	operator_metric,nitro,TrinoNitroHashJoinOperator,nitroBoundaryPageIngressDictionaryChannelPositions,0
[WARNING] [stderr] 2026-08-06T18:45:09.374-0600	INFO	ForkJoinPool-1-worker-1	stdout	operator_metric,nitro,TrinoNitroHashJoinOperator,nitroBoundaryPageEgressPages,5440
[WARNING] [stderr] 2026-08-06T18:45:09.374-0600	INFO	ForkJoinPool-1-worker-1	stdout	operator_metric,nitro,TrinoNitroHashJoinOperator,nitroBoundaryPageIngressFlatChannelPositions,132600000
[WARNING] [stderr] 2026-08-06T18:45:09.374-0600	INFO	ForkJoinPool-1-worker-1	stdout	operator_metric,nitro,TrinoNitroHashJoinOperator,nitroBoundaryPageEgressRunLengthChannelPositions,0
[WARNING] [stderr] 2026-08-06T18:45:09.374-0600	INFO	ForkJoinPool-1-worker-1	stdout	operator_metric,nitro,TrinoNitroHashJoinOperator,nitroBoundaryNativeExchangeBatches,2720
[WARNING] [stderr] 2026-08-06T18:45:09.374-0600	INFO	ForkJoinPool-1-worker-1	stdout	operator_metric,nitro,TrinoNitroHashJoinOperator,nitroBoundaryNativeExchangeBytes,344773600
[WARNING] [stderr] 2026-08-06T18:45:09.374-0600	INFO	ForkJoinPool-1-worker-1	stdout	operator_metric,nitro,TrinoNitroHashJoinOperator,nitroBoundaryNativeExchangePositions,26520000
[WARNING] [stderr] 2026-08-06T18:45:09.374-0600	INFO	ForkJoinPool-1-worker-1	stdout	operator_metric,nitro,TrinoNitroPipelineSourceOperator,nitroBoundaryNativeExchangeBytes,2452999446
[WARNING] [stderr] 2026-08-06T18:45:09.374-0600	INFO	ForkJoinPool-1-worker-1	stdout	operator_metric,nitro,TrinoNitroPipelineSourceOperator,nitroBoundaryNativeExchangePositions,26622366
[WARNING] [stderr] 2026-08-06T18:45:09.374-0600	INFO	ForkJoinPool-1-worker-1	stdout	operator_metric,nitro,TrinoNitroPipelineSourceOperator,nitroBoundaryNativeExchangeBatches,2670
[WARNING] [stderr] 2026-08-06T18:45:09.374-0600	INFO	ForkJoinPool-1-worker-1	stdout	trino,tpcds-parquet-sf10,q22,3,6019.637,6034.596,6060.745,6038.326,16400.000,16390.000,0
[WARNING] [stderr] 2026-08-06T18:45:09.374-0600	INFO	ForkJoinPool-1-worker-1	stdout	allocation,trino,tpcds-parquet-sf10,q22,3,33646.273,32626.298
[WARNING] [stderr] 2026-08-06T18:45:09.374-0600	INFO	ForkJoinPool-1-worker-1	stdout	peak_memory,trino,tpcds-parquet-sf10,q22,3,298.277,300.219,10247.606,10257.879
[WARNING] [stderr] 2026-08-06T18:45:09.374-0600	INFO	ForkJoinPool-1-worker-1	stdout	nitro,tpcds-parquet-sf10,q22,3,7554.348,7556.455,7565.792,7558.865,16907.000,16932.667,8
[WARNING] [stderr] 2026-08-06T18:45:09.374-0600	INFO	ForkJoinPool-1-worker-1	stdout	allocation,nitro,tpcds-parquet-sf10,q22,3,13556.361,13540.466
[WARNING] [stderr] 2026-08-06T18:45:09.374-0600	INFO	ForkJoinPool-1-worker-1	stdout	peak_memory,nitro,tpcds-parquet-sf10,q22,3,294.582,298.009,10320.191,10386.460
[WARNING] [stderr] 2026-08-06T18:45:09.374-0600	INFO	ForkJoinPool-1-worker-1	stdout	boundary,nitro,tpcds-parquet-sf10,q22,3,40908,239904363,10275745879,323130252,479202873,0,16389,80784663,7331740345,323130252,81404373,0,3363240,399640218,0,16170,159427098,8393319138
[WARNING] [stderr] 2026-08-06T18:45:09.375-0600	INFO	ForkJoinPool-1-worker-1	stdout	nitro_over_trino_wall_p50,1.2521889865690694
[WARNING] [stderr] 2026-08-06T18:45:09.375-0600	INFO	ForkJoinPool-1-worker-1	stdout	nitro_over_trino_cpu_p50,1.0309146341463415
[WARNING] [stderr] 2026-08-06T18:45:09.375-0600	INFO	ForkJoinPool-1-worker-1	stdout	nitro_over_trino_cpu_mean,1.0331096196868008
[INFO] Tests run: 1, Failures: 0, Errors: 0, Skipped: 0, Time elapsed: 129.4 s -- in io.trino.tests.nitro.TestNitroTpcdsParquetPerformance
[WARNING] [stderr] 2026-08-06T18:45:09.411-0600	INFO	main	io.trino.testing.containers.junit.ReportLeakedContainers	DockerClientFactory not initialized, so there should be no leaked containers, skipping the check
[INFO] 
[INFO] Results:
[INFO] 
[INFO] Tests run: 1, Failures: 0, Errors: 0, Skipped: 0
[INFO] 
[INFO] ------------------------------------------------------------------------
[INFO] BUILD SUCCESS
[INFO] ------------------------------------------------------------------------
[INFO] Total time:  02:11 min (Wall Clock)
[INFO] Finished at: 2026-08-07T00:45:09Z
[INFO] ------------------------------------------------------------------------
[INFO] Njord session closed
Purged 3 log files (log available in /root/.mvnd/purge-2026-08-07.log)
