# JMH version: 1.37
# VM version: JDK 26.0.1, OpenJDK 64-Bit Server VM, 26.0.1+8
# VM invoker: /opt/java/openjdk/bin/java
# VM options: --enable-preview --add-modules=jdk.incubator.vector -Xmx12g -XX:+UseTransparentHugePages -Dnitro.tpcds.parquet.path=/root/data/tpcds-parquet-sf10 -Dnitro.tpcds.parquet.schema=sf10 -Dnitro.join.directOuterJoinNullStream=false
# Blackhole mode: compiler (auto-detected, use -Djmh.blackhole.autoDetect=false to disable)
# Warmup: 5 iterations, 1 s each
# Measurement: 3 iterations, 1 s each
# Timeout: 30 min per iteration
# Threads: 1 thread, will synchronize iterations
# Benchmark mode: Average time, time/op
# Benchmark: org.weakref.nitro.tpcds.BenchmarkQueries.query78

# Run progress: 0.00% complete, ETA 00:00:08
# Fork: 1 of 1
# Preparing profilers: LinuxPerfNormProfiler 
# Profilers consume stderr from target VM, use -v EXTRA to copy to console
# Warmup Iteration   1: 4577.925 ms/op
# Warmup Iteration   2: 3702.603 ms/op
# Warmup Iteration   3: 3243.646 ms/op
# Warmup Iteration   4: 2677.954 ms/op
# Warmup Iteration   5: 2711.292 ms/op
Iteration   1: 2546.579 ms/op
Iteration   2: 2599.728 ms/op
Iteration   3: 2470.875 ms/op
# Processing profiler results: LinuxPerfNormProfiler 


Result "org.weakref.nitro.tpcds.BenchmarkQueries.query78":
  2539.061 ±(99.9%) 1181.369 ms/op [Average]
  (min, avg, max) = (2470.875, 2539.061, 2599.728), stdev = 64.755
  CI (99.9%): [1357.691, 3720.430] (assumes normal distribution)

Secondary result "org.weakref.nitro.tpcds.BenchmarkQueries.query78:CPI":
  0.341 clks/insn

Secondary result "org.weakref.nitro.tpcds.BenchmarkQueries.query78:IPC":
  2.931 insns/clk

Secondary result "org.weakref.nitro.tpcds.BenchmarkQueries.query78:L1-dcache-load-misses":
  422663904.686 #/op

Secondary result "org.weakref.nitro.tpcds.BenchmarkQueries.query78:L1-dcache-loads":
  20384569112.119 #/op

Secondary result "org.weakref.nitro.tpcds.BenchmarkQueries.query78:L1-icache-load-misses":
  8616804.352 #/op

Secondary result "org.weakref.nitro.tpcds.BenchmarkQueries.query78:L1-icache-loads":
  109501112.882 #/op

Secondary result "org.weakref.nitro.tpcds.BenchmarkQueries.query78:branch-misses":
  74440864.007 #/op

Secondary result "org.weakref.nitro.tpcds.BenchmarkQueries.query78:branches":
  8326609975.801 #/op

Secondary result "org.weakref.nitro.tpcds.BenchmarkQueries.query78:cycles":
  14759377106.372 #/op

Secondary result "org.weakref.nitro.tpcds.BenchmarkQueries.query78:dTLB-load-misses":
  10762997.960 #/op

Secondary result "org.weakref.nitro.tpcds.BenchmarkQueries.query78:dTLB-loads":
  46155796.955 #/op

Secondary result "org.weakref.nitro.tpcds.BenchmarkQueries.query78:iTLB-load-misses":
  43327.302 #/op

Secondary result "org.weakref.nitro.tpcds.BenchmarkQueries.query78:iTLB-loads":
  2967394.960 #/op

Secondary result "org.weakref.nitro.tpcds.BenchmarkQueries.query78:instructions":
  43263585504.708 #/op

Secondary result "org.weakref.nitro.tpcds.BenchmarkQueries.query78:stalled-cycles-frontend":
  1897210906.504 #/op


# Run complete. Total time: 00:00:24

REMEMBER: The numbers below are just data. To gain reusable insights, you need to follow up on
why the numbers are the way they are. Use profilers (see -prof, -lprof), design factorial
experiments, perform baseline and negative tests that provide experimental control, make sure
the benchmarking environment is safe on JVM/OS/HW level, ask for reviews from the domain experts.
Do not assume the numbers tell you what you want them to tell.

NOTE: Current JVM experimentally supports Compiler Blackholes, and they are in use. Please exercise
extra caution when trusting the results, look into the generated code to check the benchmark still
works, and factor in a small probability of new VM bugs. Additionally, while comparisons between
different JVMs are already problematic, the performance difference caused by different Blackhole
modes can be very significant. Please make sure you use the consistent Blackhole mode for comparisons.

Benchmark                                         Mode  Cnt            Score      Error      Units
BenchmarkQueries.query78                          avgt    3         2539.061 ± 1181.369      ms/op
BenchmarkQueries.query78:CPI                      avgt                 0.341             clks/insn
BenchmarkQueries.query78:IPC                      avgt                 2.931             insns/clk
BenchmarkQueries.query78:L1-dcache-load-misses    avgt         422663904.686                  #/op
BenchmarkQueries.query78:L1-dcache-loads          avgt       20384569112.119                  #/op
BenchmarkQueries.query78:L1-icache-load-misses    avgt           8616804.352                  #/op
BenchmarkQueries.query78:L1-icache-loads          avgt         109501112.882                  #/op
BenchmarkQueries.query78:branch-misses            avgt          74440864.007                  #/op
BenchmarkQueries.query78:branches                 avgt        8326609975.801                  #/op
BenchmarkQueries.query78:cycles                   avgt       14759377106.372                  #/op
BenchmarkQueries.query78:dTLB-load-misses         avgt          10762997.960                  #/op
BenchmarkQueries.query78:dTLB-loads               avgt          46155796.955                  #/op
BenchmarkQueries.query78:iTLB-load-misses         avgt             43327.302                  #/op
BenchmarkQueries.query78:iTLB-loads               avgt           2967394.960                  #/op
BenchmarkQueries.query78:instructions             avgt       43263585504.708                  #/op
BenchmarkQueries.query78:stalled-cycles-frontend  avgt        1897210906.504                  #/op

Benchmark result is saved to benchmarks/sweeps/20260716-targeted/nitro-tpcds-q78-direct-null-off.json
