[INFO] Processing build on daemon c5d05212
[INFO] Scanning for projects...
[INFO] Njord 0.9.4 session created
[INFO] BuildTimeEventSpy is registered.
[INFO] 
[INFO] Using the SmartBuilder implementation with a thread count of 7
[INFO] 
[INFO] -------------------------< org.weakref:nitro >--------------------------
[INFO] Building nitro 1-SNAPSHOT
[INFO]   from pom.xml
[INFO] --------------------------------[ jar ]---------------------------------
[WARNING] 2 problems were encountered while building the effective model for org.apache.yetus:audience-annotations:jar:0.5.0 during dependency collection step for project (use -X to see details)
[INFO] 
[INFO] --- exec:3.6.1:exec (benchmark) @ nitro ---
[WARNING] [stderr] WARNING: Using incubator modules: jdk.incubator.vector
[WARNING] [stderr] WARNING: A terminally deprecated method in sun.misc.Unsafe has been called
[WARNING] [stderr] WARNING: sun.misc.Unsafe::objectFieldOffset has been called by org.openjdk.jmh.util.Utils (file:/root/.m2/repository/org/openjdk/jmh/jmh-core/1.37/jmh-core-1.37.jar)
[WARNING] [stderr] WARNING: Please consider reporting this to the maintainers of class org.openjdk.jmh.util.Utils
[WARNING] [stderr] WARNING: sun.misc.Unsafe::objectFieldOffset will be removed in a future release
[INFO] [stdout] # JMH version: 1.37
[INFO] [stdout] # VM version: JDK 26.0.1, OpenJDK 64-Bit Server VM, 26.0.1+8
[INFO] [stdout] # VM invoker: /opt/java/openjdk/bin/java
[INFO] [stdout] # VM options: --enable-preview --add-modules=jdk.incubator.vector -Dnitro.clickbench.hits.path= -Xmx12g -XX:+UseTransparentHugePages -Dnitro.tpcds.parquet.path=/root/data/tpcds-parquet-sf10 -Dnitro.tpcds.parquet.schema=sf10
[INFO] [stdout] # Blackhole mode: compiler (auto-detected, use -Djmh.blackhole.autoDetect=false to disable)
[INFO] [stdout] # Warmup: 10 iterations, 1 s each
[INFO] [stdout] # Measurement: 7 iterations, 1 s each
[INFO] [stdout] # Timeout: 30 min per iteration
[INFO] [stdout] # Threads: 1 thread, will synchronize iterations
[INFO] [stdout] # Benchmark mode: Average time, time/op
[INFO] [stdout] # Benchmark: org.weakref.nitro.tpcds.BenchmarkQueries.query78
[INFO] [stdout] 
[INFO] [stdout] # Run progress: 0.00% complete, ETA 00:00:17
[INFO] [stdout] # Fork: 1 of 1
[INFO] [stdout] # Preparing profilers: LinuxPerfNormProfiler 
[INFO] [stdout] # Profilers consume stderr from target VM, use -v EXTRA to copy to console
[INFO] [stdout] # Warmup Iteration   1: 3625.412 ms/op
[INFO] [stdout] # Warmup Iteration   2: 4661.665 ms/op
[INFO] [stdout] # Warmup Iteration   3: 2925.263 ms/op
[INFO] [stdout] # Warmup Iteration   4: 2563.185 ms/op
[INFO] [stdout] # Warmup Iteration   5: 2441.260 ms/op
[INFO] [stdout] # Warmup Iteration   6: 2331.540 ms/op
[INFO] [stdout] # Warmup Iteration   7: 2338.296 ms/op
[INFO] [stdout] # Warmup Iteration   8: 2305.688 ms/op
[INFO] [stdout] # Warmup Iteration   9: 2271.409 ms/op
[INFO] [stdout] # Warmup Iteration  10: 2350.009 ms/op
[INFO] [stdout] Iteration   1: 2305.502 ms/op
[INFO] [stdout]                  gc.alloc.rate:      1059.167 MB/sec
[INFO] [stdout]                  gc.alloc.rate.norm: 2560714416.000 B/op
[INFO] [stdout]                  gc.count:           1.000 counts
[INFO] [stdout]                  gc.time:            17.000 ms
[INFO] [stdout] 
[INFO] [stdout] Iteration   2: 3052.923 ms/op
[INFO] [stdout]                  gc.alloc.rate:      799.878 MB/sec
[INFO] [stdout]                  gc.alloc.rate.norm: 2560712944.000 B/op
[INFO] [stdout]                  gc.count:           4.000 counts
[INFO] [stdout]                  gc.time:            303.000 ms
[INFO] [stdout] 
[INFO] [stdout] Iteration   3: 2305.183 ms/op
[INFO] [stdout]                  gc.alloc.rate:      1059.318 MB/sec
[INFO] [stdout]                  gc.alloc.rate.norm: 2560688976.000 B/op
[INFO] [stdout]                  gc.count:           1.000 counts
[INFO] [stdout]                  gc.time:            14.000 ms
[INFO] [stdout] 
[INFO] [stdout] Iteration   4: 2319.057 ms/op
[INFO] [stdout]                  gc.alloc.rate:      1052.987 MB/sec
[INFO] [stdout]                  gc.alloc.rate.norm: 2560688752.000 B/op
[INFO] [stdout]                  gc.count:           1.000 counts
[INFO] [stdout]                  gc.time:            5.000 ms
[INFO] [stdout] 
[INFO] [stdout] Iteration   5: 2430.395 ms/op
[INFO] [stdout]                  gc.alloc.rate:      1004.725 MB/sec
[INFO] [stdout]                  gc.alloc.rate.norm: 2560669256.000 B/op
[INFO] [stdout]                  gc.count:           4.000 counts
[INFO] [stdout]                  gc.time:            92.000 ms
[INFO] [stdout] 
[INFO] [stdout] Iteration   6: 2340.797 ms/op
[INFO] [stdout]                  gc.alloc.rate:      1043.188 MB/sec
[INFO] [stdout]                  gc.alloc.rate.norm: 2560641144.000 B/op
[INFO] [stdout]                  gc.count:           1.000 counts
[INFO] [stdout]                  gc.time:            23.000 ms
[INFO] [stdout] 
[INFO] [stdout] Iteration   7: 2281.312 ms/op
[INFO] [stdout]                  gc.alloc.rate:      1070.367 MB/sec
[INFO] [stdout]                  gc.alloc.rate.norm: 2560623520.000 B/op
[INFO] [stdout]                  gc.count:           4.000 counts
[INFO] [stdout]                  gc.time:            11.000 ms
[INFO] [stdout] 
[INFO] [stdout] # Processing profiler results: LinuxPerfNormProfiler 
[INFO] [stdout] 
[INFO] [stdout] 
[INFO] [stdout] Result "org.weakref.nitro.tpcds.BenchmarkQueries.query78":
[INFO] [stdout]   2433.596 ±(99.9%) 624.557 ms/op [Average]
[INFO] [stdout]   (min, avg, max) = (2281.312, 2433.596, 3052.923), stdev = 277.307
[INFO] [stdout]   CI (99.9%): [1809.039, 3058.152] (assumes normal distribution)
[INFO] [stdout] 
[INFO] [stdout] Secondary result "org.weakref.nitro.tpcds.BenchmarkQueries.query78:CPI":
[INFO] [stdout]   0.351 clks/insn
[INFO] [stdout] 
[INFO] [stdout] Secondary result "org.weakref.nitro.tpcds.BenchmarkQueries.query78:IPC":
[INFO] [stdout]   2.851 insns/clk
[INFO] [stdout] 
[INFO] [stdout] Secondary result "org.weakref.nitro.tpcds.BenchmarkQueries.query78:L1-dcache-load-misses":
[INFO] [stdout]   389170211.599 #/op
[INFO] [stdout] 
[INFO] [stdout] Secondary result "org.weakref.nitro.tpcds.BenchmarkQueries.query78:L1-dcache-loads":
[INFO] [stdout]   18773874138.871 #/op
[INFO] [stdout] 
[INFO] [stdout] Secondary result "org.weakref.nitro.tpcds.BenchmarkQueries.query78:L1-icache-load-misses":
[INFO] [stdout]   7313854.365 #/op
[INFO] [stdout] 
[INFO] [stdout] Secondary result "org.weakref.nitro.tpcds.BenchmarkQueries.query78:L1-icache-loads":
[INFO] [stdout]   98771864.918 #/op
[INFO] [stdout] 
[INFO] [stdout] Secondary result "org.weakref.nitro.tpcds.BenchmarkQueries.query78:branch-misses":
[INFO] [stdout]   70318130.822 #/op
[INFO] [stdout] 
[INFO] [stdout] Secondary result "org.weakref.nitro.tpcds.BenchmarkQueries.query78:branches":
[INFO] [stdout]   7620850769.044 #/op
[INFO] [stdout] 
[INFO] [stdout] Secondary result "org.weakref.nitro.tpcds.BenchmarkQueries.query78:cycles":
[INFO] [stdout]   14196528744.731 #/op
[INFO] [stdout] 
[INFO] [stdout] Secondary result "org.weakref.nitro.tpcds.BenchmarkQueries.query78:dTLB-load-misses":
[INFO] [stdout]   9559058.009 #/op
[INFO] [stdout] 
[INFO] [stdout] Secondary result "org.weakref.nitro.tpcds.BenchmarkQueries.query78:dTLB-loads":
[INFO] [stdout]   42580766.408 #/op
[INFO] [stdout] 
[INFO] [stdout] Secondary result "org.weakref.nitro.tpcds.BenchmarkQueries.query78:gc.alloc.rate":
[INFO] [stdout]   1012.804 ±(99.9%) 216.743 MB/sec [Average]
[INFO] [stdout]   (min, avg, max) = (799.878, 1012.804, 1070.367), stdev = 96.235
[INFO] [stdout]   CI (99.9%): [796.062, 1229.547] (assumes normal distribution)
[INFO] [stdout] 
[INFO] [stdout] Secondary result "org.weakref.nitro.tpcds.BenchmarkQueries.query78:gc.alloc.rate.norm":
[INFO] [stdout]   2560677001.143 ±(99.9%) 77906.414 B/op [Average]
[INFO] [stdout]   (min, avg, max) = (2560623520.000, 2560677001.143, 2560714416.000), stdev = 34590.931
[INFO] [stdout]   CI (99.9%): [2560599094.729, 2560754907.557] (assumes normal distribution)
[INFO] [stdout] 
[INFO] [stdout] Secondary result "org.weakref.nitro.tpcds.BenchmarkQueries.query78:gc.count":
[INFO] [stdout]   16.000 ±(99.9%) 0.001 counts [Sum]
[INFO] [stdout]   (min, avg, max) = (1.000, 2.286, 4.000), stdev = 1.604
[INFO] [stdout]   CI (99.9%): [16.000, 16.000] (assumes normal distribution)
[INFO] [stdout] 
[INFO] [stdout] Secondary result "org.weakref.nitro.tpcds.BenchmarkQueries.query78:gc.time":
[INFO] [stdout]   465.000 ±(99.9%) 0.001 ms [Sum]
[INFO] [stdout]   (min, avg, max) = (5.000, 66.429, 303.000), stdev = 108.431
[INFO] [stdout]   CI (99.9%): [465.000, 465.000] (assumes normal distribution)
[INFO] [stdout] 
[INFO] [stdout] Secondary result "org.weakref.nitro.tpcds.BenchmarkQueries.query78:iTLB-load-misses":
[INFO] [stdout]   37004.115 #/op
[INFO] [stdout] 
[INFO] [stdout] Secondary result "org.weakref.nitro.tpcds.BenchmarkQueries.query78:iTLB-loads":
[INFO] [stdout]   1966871.233 #/op
[INFO] [stdout] 
[INFO] [stdout] Secondary result "org.weakref.nitro.tpcds.BenchmarkQueries.query78:instructions":
[INFO] [stdout]   40478145335.003 #/op
[INFO] [stdout] 
[INFO] [stdout] Secondary result "org.weakref.nitro.tpcds.BenchmarkQueries.query78:stalled-cycles-frontend":
[INFO] [stdout]   1827350720.239 #/op
[INFO] [stdout] 
[INFO] [stdout] 
[INFO] [stdout] # Run complete. Total time: 00:00:45
[INFO] [stdout] 
[INFO] [stdout] REMEMBER: The numbers below are just data. To gain reusable insights, you need to follow up on
[INFO] [stdout] why the numbers are the way they are. Use profilers (see -prof, -lprof), design factorial
[INFO] [stdout] experiments, perform baseline and negative tests that provide experimental control, make sure
[INFO] [stdout] the benchmarking environment is safe on JVM/OS/HW level, ask for reviews from the domain experts.
[INFO] [stdout] Do not assume the numbers tell you what you want them to tell.
[INFO] [stdout] 
[INFO] [stdout] NOTE: Current JVM experimentally supports Compiler Blackholes, and they are in use. Please exercise
[INFO] [stdout] extra caution when trusting the results, look into the generated code to check the benchmark still
[INFO] [stdout] works, and factor in a small probability of new VM bugs. Additionally, while comparisons between
[INFO] [stdout] different JVMs are already problematic, the performance difference caused by different Blackhole
[INFO] [stdout] modes can be very significant. Please make sure you use the consistent Blackhole mode for comparisons.
[INFO] [stdout] 
[INFO] [stdout] Benchmark                                         Mode  Cnt            Score       Error      Units
[INFO] [stdout] BenchmarkQueries.query78                          avgt    7         2433.596 ±   624.557      ms/op
[INFO] [stdout] BenchmarkQueries.query78:CPI                      avgt                 0.351              clks/insn
[INFO] [stdout] BenchmarkQueries.query78:IPC                      avgt                 2.851              insns/clk
[INFO] [stdout] BenchmarkQueries.query78:L1-dcache-load-misses    avgt         389170211.599                   #/op
[INFO] [stdout] BenchmarkQueries.query78:L1-dcache-loads          avgt       18773874138.871                   #/op
[INFO] [stdout] BenchmarkQueries.query78:L1-icache-load-misses    avgt           7313854.365                   #/op
[INFO] [stdout] BenchmarkQueries.query78:L1-icache-loads          avgt          98771864.918                   #/op
[INFO] [stdout] BenchmarkQueries.query78:branch-misses            avgt          70318130.822                   #/op
[INFO] [stdout] BenchmarkQueries.query78:branches                 avgt        7620850769.044                   #/op
[INFO] [stdout] BenchmarkQueries.query78:cycles                   avgt       14196528744.731                   #/op
[INFO] [stdout] BenchmarkQueries.query78:dTLB-load-misses         avgt           9559058.009                   #/op
[INFO] [stdout] BenchmarkQueries.query78:dTLB-loads               avgt          42580766.408                   #/op
[INFO] [stdout] BenchmarkQueries.query78:gc.alloc.rate            avgt    7         1012.804 ±   216.743     MB/sec
[INFO] [stdout] BenchmarkQueries.query78:gc.alloc.rate.norm       avgt    7   2560677001.143 ± 77906.414       B/op
[INFO] [stdout] BenchmarkQueries.query78:gc.count                 avgt    7           16.000                 counts
[INFO] [stdout] BenchmarkQueries.query78:gc.time                  avgt    7          465.000                     ms
[INFO] [stdout] BenchmarkQueries.query78:iTLB-load-misses         avgt             37004.115                   #/op
[INFO] [stdout] BenchmarkQueries.query78:iTLB-loads               avgt           1966871.233                   #/op
[INFO] [stdout] BenchmarkQueries.query78:instructions             avgt       40478145335.003                   #/op
[INFO] [stdout] BenchmarkQueries.query78:stalled-cycles-frontend  avgt        1827350720.239                   #/op
[INFO] [stdout] 
[INFO] [stdout] Benchmark result is saved to benchmarks/sweeps/20260716-targeted/nitro-tpcds-q78-compact-tail-canonical-long.json
[INFO] ------------------------------------------------------------------------
[INFO] BUILD SUCCESS
[INFO] ------------------------------------------------------------------------
[INFO] Total time:  46.883 s (Wall Clock)
[INFO] Finished at: 2026-07-16T18:37:18Z
[INFO] ------------------------------------------------------------------------
[INFO] Njord session closed
