# JMH version: 1.37
# VM version: JDK 26.0.1, OpenJDK 64-Bit Server VM, 26.0.1+8
# VM invoker: /opt/java/openjdk/bin/java
# VM options: --enable-preview --add-modules=jdk.incubator.vector -Xmx12g -XX:+UseTransparentHugePages -Dnitro.tpch.parquet.path=/root/data/tpch-parquet-sf10 -Dnitro.tpch.parquet.schema=sf10 -Dnitro.join.directOuterJoinNullStream=false
# Blackhole mode: compiler (auto-detected, use -Djmh.blackhole.autoDetect=false to disable)
# Warmup: 3 iterations, 1 s each
# Measurement: 3 iterations, 1 s each
# Timeout: 30 min per iteration
# Threads: 1 thread, will synchronize iterations
# Benchmark mode: Average time, time/op
# Benchmark: org.weakref.nitro.tpch.BenchmarkQueries.query13

# Run progress: 0.00% complete, ETA 00:00:06
# Fork: 1 of 1
# Preparing profilers: LinuxPerfNormProfiler 
# Profilers consume stderr from target VM, use -v EXTRA to copy to console
# Warmup Iteration   1: 3698.425 ms/op
# Warmup Iteration   2: 3419.569 ms/op
# Warmup Iteration   3: 3291.789 ms/op
Iteration   1: 3310.937 ms/op
Iteration   2: 3298.184 ms/op
Iteration   3: 3295.766 ms/op
# Processing profiler results: LinuxPerfNormProfiler 


Result "org.weakref.nitro.tpch.BenchmarkQueries.query13":
  3301.629 ±(99.9%) 148.709 ms/op [Average]
  (min, avg, max) = (3295.766, 3301.629, 3310.937), stdev = 8.151
  CI (99.9%): [3152.919, 3450.338] (assumes normal distribution)

Secondary result "org.weakref.nitro.tpch.BenchmarkQueries.query13:CPI":
  0.468 clks/insn

Secondary result "org.weakref.nitro.tpch.BenchmarkQueries.query13:IPC":
  2.139 insns/clk

Secondary result "org.weakref.nitro.tpch.BenchmarkQueries.query13:L1-dcache-load-misses":
  366696151.867 #/op

Secondary result "org.weakref.nitro.tpch.BenchmarkQueries.query13:L1-dcache-loads":
  16693663876.330 #/op

Secondary result "org.weakref.nitro.tpch.BenchmarkQueries.query13:L1-icache-load-misses":
  5073571.959 #/op

Secondary result "org.weakref.nitro.tpch.BenchmarkQueries.query13:L1-icache-loads":
  65238439.649 #/op

Secondary result "org.weakref.nitro.tpch.BenchmarkQueries.query13:branch-misses":
  67958851.165 #/op

Secondary result "org.weakref.nitro.tpch.BenchmarkQueries.query13:branches":
  8047606599.437 #/op

Secondary result "org.weakref.nitro.tpch.BenchmarkQueries.query13:cycles":
  17594430626.805 #/op

Secondary result "org.weakref.nitro.tpch.BenchmarkQueries.query13:dTLB-load-misses":
  199997.798 #/op

Secondary result "org.weakref.nitro.tpch.BenchmarkQueries.query13:dTLB-loads":
  24333727.134 #/op

Secondary result "org.weakref.nitro.tpch.BenchmarkQueries.query13:iTLB-load-misses":
  39284.523 #/op

Secondary result "org.weakref.nitro.tpch.BenchmarkQueries.query13:iTLB-loads":
  1938899.121 #/op

Secondary result "org.weakref.nitro.tpch.BenchmarkQueries.query13:instructions":
  37626010816.968 #/op

Secondary result "org.weakref.nitro.tpch.BenchmarkQueries.query13:stalled-cycles-frontend":
  2099748922.590 #/op


# Run complete. Total time: 00:00:20

REMEMBER: The numbers below are just data. To gain reusable insights, you need to follow up on
why the numbers are the way they are. Use profilers (see -prof, -lprof), design factorial
experiments, perform baseline and negative tests that provide experimental control, make sure
the benchmarking environment is safe on JVM/OS/HW level, ask for reviews from the domain experts.
Do not assume the numbers tell you what you want them to tell.

NOTE: Current JVM experimentally supports Compiler Blackholes, and they are in use. Please exercise
extra caution when trusting the results, look into the generated code to check the benchmark still
works, and factor in a small probability of new VM bugs. Additionally, while comparisons between
different JVMs are already problematic, the performance difference caused by different Blackhole
modes can be very significant. Please make sure you use the consistent Blackhole mode for comparisons.

Benchmark                                         Mode  Cnt            Score     Error      Units
BenchmarkQueries.query13                          avgt    3         3301.629 ± 148.709      ms/op
BenchmarkQueries.query13:CPI                      avgt                 0.468            clks/insn
BenchmarkQueries.query13:IPC                      avgt                 2.139            insns/clk
BenchmarkQueries.query13:L1-dcache-load-misses    avgt         366696151.867                 #/op
BenchmarkQueries.query13:L1-dcache-loads          avgt       16693663876.330                 #/op
BenchmarkQueries.query13:L1-icache-load-misses    avgt           5073571.959                 #/op
BenchmarkQueries.query13:L1-icache-loads          avgt          65238439.649                 #/op
BenchmarkQueries.query13:branch-misses            avgt          67958851.165                 #/op
BenchmarkQueries.query13:branches                 avgt        8047606599.437                 #/op
BenchmarkQueries.query13:cycles                   avgt       17594430626.805                 #/op
BenchmarkQueries.query13:dTLB-load-misses         avgt            199997.798                 #/op
BenchmarkQueries.query13:dTLB-loads               avgt          24333727.134                 #/op
BenchmarkQueries.query13:iTLB-load-misses         avgt             39284.523                 #/op
BenchmarkQueries.query13:iTLB-loads               avgt           1938899.121                 #/op
BenchmarkQueries.query13:instructions             avgt       37626010816.968                 #/op
BenchmarkQueries.query13:stalled-cycles-frontend  avgt        2099748922.590                 #/op

Benchmark result is saved to benchmarks/sweeps/20260716-targeted/nitro-tpch-q13-direct-null-off.json
