[INFO] Processing build on daemon e6802005
[INFO] Scanning for projects...
[INFO] Njord 0.9.4 session created
[INFO] BuildTimeEventSpy is registered.
[INFO] 
[INFO] Using the SmartBuilder implementation with a thread count of 7
[INFO] 
[INFO] -------------------------< org.weakref:nitro >--------------------------
[INFO] Building nitro 1-SNAPSHOT
[INFO]   from pom.xml
[INFO] --------------------------------[ jar ]---------------------------------
[WARNING] 2 problems were encountered while building the effective model for org.apache.yetus:audience-annotations:jar:0.5.0 during dependency collection step for project (use -X to see details)
[INFO] 
[INFO] --- exec:3.6.1:exec (benchmark) @ nitro ---
[WARNING] [stderr] WARNING: Using incubator modules: jdk.incubator.vector
[WARNING] [stderr] WARNING: A terminally deprecated method in sun.misc.Unsafe has been called
[WARNING] [stderr] WARNING: sun.misc.Unsafe::objectFieldOffset has been called by org.openjdk.jmh.util.Utils (file:/root/.m2/repository/org/openjdk/jmh/jmh-core/1.37/jmh-core-1.37.jar)
[WARNING] [stderr] WARNING: Please consider reporting this to the maintainers of class org.openjdk.jmh.util.Utils
[WARNING] [stderr] WARNING: sun.misc.Unsafe::objectFieldOffset will be removed in a future release
[INFO] [stdout] # JMH version: 1.37
[INFO] [stdout] # VM version: JDK 26.0.1, OpenJDK 64-Bit Server VM, 26.0.1+8
[INFO] [stdout] # VM invoker: /opt/java/openjdk/bin/java
[INFO] [stdout] # VM options: --enable-preview --add-modules=jdk.incubator.vector -Dnitro.clickbench.hits.path= -Dnitro.tpcds.parquet.path=/root/data/tpcds-parquet-sf10 -Dnitro.tpcds.parquet.schema=sf10 -Dnitro.group.fastMixedComposite3Batch=false -Xmx12g -XX:+UseTransparentHugePages
[INFO] [stdout] # Blackhole mode: compiler (auto-detected, use -Djmh.blackhole.autoDetect=false to disable)
[INFO] [stdout] # Warmup: 5 iterations, 1 s each
[INFO] [stdout] # Measurement: 5 iterations, 1 s each
[INFO] [stdout] # Timeout: 30 min per iteration
[INFO] [stdout] # Threads: 1 thread, will synchronize iterations
[INFO] [stdout] # Benchmark mode: Average time, time/op
[INFO] [stdout] # Benchmark: org.weakref.nitro.tpcds.BenchmarkQueries.query70
[INFO] [stdout] 
[INFO] [stdout] # Run progress: 0.00% complete, ETA 00:00:10
[INFO] [stdout] # Fork: 1 of 1
[INFO] [stdout] # Preparing profilers: LinuxPerfNormProfiler 
[INFO] [stdout] # Profilers consume stderr from target VM, use -v EXTRA to copy to console
[INFO] [stdout] # Warmup Iteration   1: 1480.961 ms/op
[INFO] [stdout] # Warmup Iteration   2: 874.525 ms/op
[INFO] [stdout] # Warmup Iteration   3: 815.363 ms/op
[INFO] [stdout] # Warmup Iteration   4: 970.303 ms/op
[INFO] [stdout] # Warmup Iteration   5: 825.207 ms/op
[INFO] [stdout] Iteration   1: 818.506 ms/op
[INFO] [stdout]                  gc.alloc.rate:      947.612 MB/sec
[INFO] [stdout]                  gc.alloc.rate.norm: 813375328.000 B/op
[INFO] [stdout]                  gc.count:           1.000 counts
[INFO] [stdout]                  gc.time:            35.000 ms
[INFO] [stdout] 
[INFO] [stdout] Iteration   2: 809.800 ms/op
[INFO] [stdout]                  gc.alloc.rate:      950.102 MB/sec
[INFO] [stdout]                  gc.alloc.rate.norm: 806831480.000 B/op
[INFO] [stdout]                  gc.count:           1.000 counts
[INFO] [stdout]                  gc.time:            21.000 ms
[INFO] [stdout] 
[INFO] [stdout] Iteration   3: 802.041 ms/op
[INFO] [stdout]                  gc.alloc.rate:      953.190 MB/sec
[INFO] [stdout]                  gc.alloc.rate.norm: 801692484.000 B/op
[INFO] [stdout]                  gc.count:           1.000 counts
[INFO] [stdout]                  gc.time:            8.000 ms
[INFO] [stdout] 
[INFO] [stdout] Iteration   4: 797.928 ms/op
[INFO] [stdout]                  gc.alloc.rate:      958.101 MB/sec
[INFO] [stdout]                  gc.alloc.rate.norm: 801688412.000 B/op
[INFO] [stdout]                  gc.count:           ≈ 0 counts
[INFO] [stdout] 
[INFO] [stdout] Iteration   5: 802.904 ms/op
[INFO] [stdout]                  gc.alloc.rate:      952.034 MB/sec
[INFO] [stdout]                  gc.alloc.rate.norm: 801605088.000 B/op
[INFO] [stdout]                  gc.count:           1.000 counts
[INFO] [stdout]                  gc.time:            1.000 ms
[INFO] [stdout] 
[INFO] [stdout] # Processing profiler results: LinuxPerfNormProfiler 
[INFO] [stdout] 
[INFO] [stdout] 
[INFO] [stdout] Result "org.weakref.nitro.tpcds.BenchmarkQueries.query70":
[INFO] [stdout]   806.236 ±(99.9%) 31.103 ms/op [Average]
[INFO] [stdout]   (min, avg, max) = (797.928, 806.236, 818.506), stdev = 8.077
[INFO] [stdout]   CI (99.9%): [775.132, 837.339] (assumes normal distribution)
[INFO] [stdout] 
[INFO] [stdout] Secondary result "org.weakref.nitro.tpcds.BenchmarkQueries.query70:CPI":
[INFO] [stdout]   0.211 clks/insn
[INFO] [stdout] 
[INFO] [stdout] Secondary result "org.weakref.nitro.tpcds.BenchmarkQueries.query70:IPC":
[INFO] [stdout]   4.734 insns/clk
[INFO] [stdout] 
[INFO] [stdout] Secondary result "org.weakref.nitro.tpcds.BenchmarkQueries.query70:L1-dcache-load-misses":
[INFO] [stdout]   120217074.206 #/op
[INFO] [stdout] 
[INFO] [stdout] Secondary result "org.weakref.nitro.tpcds.BenchmarkQueries.query70:L1-dcache-loads":
[INFO] [stdout]   8978471487.703 #/op
[INFO] [stdout] 
[INFO] [stdout] Secondary result "org.weakref.nitro.tpcds.BenchmarkQueries.query70:branch-misses":
[INFO] [stdout]   19848542.311 #/op
[INFO] [stdout] 
[INFO] [stdout] Secondary result "org.weakref.nitro.tpcds.BenchmarkQueries.query70:branches":
[INFO] [stdout]   4387776991.166 #/op
[INFO] [stdout] 
[INFO] [stdout] Secondary result "org.weakref.nitro.tpcds.BenchmarkQueries.query70:cycles":
[INFO] [stdout]   4467174296.478 #/op
[INFO] [stdout] 
[INFO] [stdout] Secondary result "org.weakref.nitro.tpcds.BenchmarkQueries.query70:dTLB-load-misses":
[INFO] [stdout]   222804.998 #/op
[INFO] [stdout] 
[INFO] [stdout] Secondary result "org.weakref.nitro.tpcds.BenchmarkQueries.query70:dTLB-loads":
[INFO] [stdout]   1352276.491 #/op
[INFO] [stdout] 
[INFO] [stdout] Secondary result "org.weakref.nitro.tpcds.BenchmarkQueries.query70:gc.alloc.rate":
[INFO] [stdout]   952.208 ±(99.9%) 15.071 MB/sec [Average]
[INFO] [stdout]   (min, avg, max) = (947.612, 952.208, 958.101), stdev = 3.914
[INFO] [stdout]   CI (99.9%): [937.136, 967.279] (assumes normal distribution)
[INFO] [stdout] 
[INFO] [stdout] Secondary result "org.weakref.nitro.tpcds.BenchmarkQueries.query70:gc.alloc.rate.norm":
[INFO] [stdout]   805038558.400 ±(99.9%) 19908677.147 B/op [Average]
[INFO] [stdout]   (min, avg, max) = (801605088.000, 805038558.400, 813375328.000), stdev = 5170220.232
[INFO] [stdout]   CI (99.9%): [785129881.253, 824947235.547] (assumes normal distribution)
[INFO] [stdout] 
[INFO] [stdout] Secondary result "org.weakref.nitro.tpcds.BenchmarkQueries.query70:gc.count":
[INFO] [stdout]   4.000 ±(99.9%) 0.001 counts [Sum]
[INFO] [stdout]   (min, avg, max) = (≈ 0, 0.800, 1.000), stdev = 0.447
[INFO] [stdout]   CI (99.9%): [4.000, 4.000] (assumes normal distribution)
[INFO] [stdout] 
[INFO] [stdout] Secondary result "org.weakref.nitro.tpcds.BenchmarkQueries.query70:gc.time":
[INFO] [stdout]   65.000 ±(99.9%) 0.001 ms [Sum]
[INFO] [stdout]   (min, avg, max) = (≈ 0, 13.000, 35.000), stdev = 14.883
[INFO] [stdout]   CI (99.9%): [65.000, 65.000] (assumes normal distribution)
[INFO] [stdout] 
[INFO] [stdout] Secondary result "org.weakref.nitro.tpcds.BenchmarkQueries.query70:instructions":
[INFO] [stdout]   21147509602.966 #/op
[INFO] [stdout] 
[INFO] [stdout] 
[INFO] [stdout] # Run complete. Total time: 00:00:16
[INFO] [stdout] 
[INFO] [stdout] REMEMBER: The numbers below are just data. To gain reusable insights, you need to follow up on
[INFO] [stdout] why the numbers are the way they are. Use profilers (see -prof, -lprof), design factorial
[INFO] [stdout] experiments, perform baseline and negative tests that provide experimental control, make sure
[INFO] [stdout] the benchmarking environment is safe on JVM/OS/HW level, ask for reviews from the domain experts.
[INFO] [stdout] Do not assume the numbers tell you what you want them to tell.
[INFO] [stdout] 
[INFO] [stdout] NOTE: Current JVM experimentally supports Compiler Blackholes, and they are in use. Please exercise
[INFO] [stdout] extra caution when trusting the results, look into the generated code to check the benchmark still
[INFO] [stdout] works, and factor in a small probability of new VM bugs. Additionally, while comparisons between
[INFO] [stdout] different JVMs are already problematic, the performance difference caused by different Blackhole
[INFO] [stdout] modes can be very significant. Please make sure you use the consistent Blackhole mode for comparisons.
[INFO] [stdout] 
[INFO] [stdout] Benchmark                                       Mode  Cnt            Score          Error      Units
[INFO] [stdout] BenchmarkQueries.query70                        avgt    5          806.236 ±       31.103      ms/op
[INFO] [stdout] BenchmarkQueries.query70:CPI                    avgt                 0.211                 clks/insn
[INFO] [stdout] BenchmarkQueries.query70:IPC                    avgt                 4.734                 insns/clk
[INFO] [stdout] BenchmarkQueries.query70:L1-dcache-load-misses  avgt         120217074.206                      #/op
[INFO] [stdout] BenchmarkQueries.query70:L1-dcache-loads        avgt        8978471487.703                      #/op
[INFO] [stdout] BenchmarkQueries.query70:branch-misses          avgt          19848542.311                      #/op
[INFO] [stdout] BenchmarkQueries.query70:branches               avgt        4387776991.166                      #/op
[INFO] [stdout] BenchmarkQueries.query70:cycles                 avgt        4467174296.478                      #/op
[INFO] [stdout] BenchmarkQueries.query70:dTLB-load-misses       avgt            222804.998                      #/op
[INFO] [stdout] BenchmarkQueries.query70:dTLB-loads             avgt           1352276.491                      #/op
[INFO] [stdout] BenchmarkQueries.query70:gc.alloc.rate          avgt    5          952.208 ±       15.071     MB/sec
[INFO] [stdout] BenchmarkQueries.query70:gc.alloc.rate.norm     avgt    5    805038558.400 ± 19908677.147       B/op
[INFO] [stdout] BenchmarkQueries.query70:gc.count               avgt    5            4.000                    counts
[INFO] [stdout] BenchmarkQueries.query70:gc.time                avgt    5           65.000                        ms
[INFO] [stdout] BenchmarkQueries.query70:instructions           avgt       21147509602.966                      #/op
[INFO] [stdout] 
[INFO] [stdout] Benchmark result is saved to benchmarks/sweeps/20260721-targeted/tpcds-q70-generated-composite/mixed-batch-off-reverse.json
[INFO] ------------------------------------------------------------------------
[INFO] BUILD SUCCESS
[INFO] ------------------------------------------------------------------------
[INFO] Total time:  18.240 s (Wall Clock)
[INFO] Finished at: 2026-07-21T20:07:19Z
[INFO] ------------------------------------------------------------------------
[INFO] Njord session closed
