=== q07 ===
WARNING: Using incubator modules: jdk.incubator.vector
WARNING: A restricted method in java.lang.foreign.SymbolLookup has been called
WARNING: java.lang.foreign.SymbolLookup::libraryLookup has been called by io.airlift.compress.v3.internal.NativeLoader in an unnamed module (file:/root/.m2/repository/io/airlift/aircompressor-v3/3.4/aircompressor-v3-3.4.jar)
WARNING: Use --enable-native-access=ALL-UNNAMED to avoid a warning for callers in this module
WARNING: Restricted methods will be blocked in a future release unless native access is enabled

[dynamic-filter] join=null viable=true abandoned=false keys=[498] collected=0
[deferred-dynamic-filter-admission] join=null distinct=20000 span=1820281 density=0.010987 admitted=true
[dynamic-filter] join=null viable=true abandoned=false keys=[-1] collected=27440
[dynamic-filter] join=null viable=true abandoned=true keys=null collected=0
[dynamic-filter] join=null viable=true abandoned=false keys=[366] collected=0
query07: 1 iters, 974.2 ms/iter, rows-sink=600
=== q12 ===
WARNING: Using incubator modules: jdk.incubator.vector
WARNING: A restricted method in java.lang.foreign.SymbolLookup has been called
WARNING: java.lang.foreign.SymbolLookup::libraryLookup has been called by io.airlift.compress.v3.internal.NativeLoader in an unnamed module (file:/root/.m2/repository/io/airlift/aircompressor-v3/3.4/aircompressor-v3-3.4.jar)
WARNING: Use --enable-native-access=ALL-UNNAMED to avoid a warning for callers in this module
WARNING: Restricted methods will be blocked in a future release unless native access is enabled

[dynamic-filter] join=null viable=true abandoned=false keys=[31] collected=0
[deferred-dynamic-filter-admission] join=null distinct=20000 span=66967 density=0.298655 admitted=false
[dynamic-filter] join=null viable=true abandoned=false keys=[30436] collected=0
query12: 1 iters, 543.5 ms/iter, rows-sink=800
=== q18 ===
WARNING: Using incubator modules: jdk.incubator.vector
WARNING: A restricted method in java.lang.foreign.SymbolLookup has been called
WARNING: java.lang.foreign.SymbolLookup::libraryLookup has been called by io.airlift.compress.v3.internal.NativeLoader in an unnamed module (file:/root/.m2/repository/io/airlift/aircompressor-v3/3.4/aircompressor-v3-3.4.jar)
WARNING: Use --enable-native-access=ALL-UNNAMED to avoid a warning for callers in this module
WARNING: Restricted methods will be blocked in a future release unless native access is enabled

[deferred-dynamic-filter-admission] join=null distinct=20000 span=136824 density=0.146173 admitted=false
[dynamic-filter] join=null viable=true abandoned=false keys=[36845] collected=0
[dynamic-filter] join=null viable=true abandoned=true keys=null collected=0
[dynamic-filter] join=null viable=true abandoned=true keys=null collected=0
[dynamic-filter] join=null viable=true abandoned=true keys=null collected=0
[dynamic-filter] join=null viable=true abandoned=true keys=null collected=0
[dynamic-filter] join=null viable=true abandoned=false keys=[365] collected=0
query18: 1 iters, 1129.3 ms/iter, rows-sink=1200
=== q20 ===
WARNING: Using incubator modules: jdk.incubator.vector
WARNING: A restricted method in java.lang.foreign.SymbolLookup has been called
WARNING: java.lang.foreign.SymbolLookup::libraryLookup has been called by io.airlift.compress.v3.internal.NativeLoader in an unnamed module (file:/root/.m2/repository/io/airlift/aircompressor-v3/3.4/aircompressor-v3-3.4.jar)
WARNING: Use --enable-native-access=ALL-UNNAMED to avoid a warning for callers in this module
WARNING: Restricted methods will be blocked in a future release unless native access is enabled

[dynamic-filter] join=q20.join.date viable=true abandoned=false keys=[31] collected=0
[deferred-dynamic-filter-admission] join=q20.join.item distinct=20000 span=66967 density=0.298655 admitted=false
[dynamic-filter] join=q20.join.item viable=true abandoned=false keys=[30436] collected=0
query20: 1 iters, 564.7 ms/iter, rows-sink=800
=== q26 ===
WARNING: Using incubator modules: jdk.incubator.vector
WARNING: A restricted method in java.lang.foreign.SymbolLookup has been called
WARNING: java.lang.foreign.SymbolLookup::libraryLookup has been called by io.airlift.compress.v3.internal.NativeLoader in an unnamed module (file:/root/.m2/repository/io/airlift/aircompressor-v3/3.4/aircompressor-v3-3.4.jar)
WARNING: Use --enable-native-access=ALL-UNNAMED to avoid a warning for callers in this module
WARNING: Restricted methods will be blocked in a future release unless native access is enabled

[dynamic-filter] join=q26.join.promotion viable=true abandoned=false keys=[498] collected=0
[dynamic-filter] join=q26.join.item viable=true abandoned=true keys=null collected=0
[dynamic-filter] join=q26.join.date_dim viable=true abandoned=false keys=[366] collected=0
[deferred-dynamic-filter-admission] join=q26.join.customer_demographics distinct=20000 span=1820281 density=0.010987 admitted=true
[dynamic-filter] join=q26.join.customer_demographics viable=true abandoned=false keys=[-1] collected=27440
query26: 1 iters, 785.7 ms/iter, rows-sink=600
=== q27 ===
WARNING: Using incubator modules: jdk.incubator.vector
WARNING: A restricted method in java.lang.foreign.SymbolLookup has been called
WARNING: java.lang.foreign.SymbolLookup::libraryLookup has been called by io.airlift.compress.v3.internal.NativeLoader in an unnamed module (file:/root/.m2/repository/io/airlift/aircompressor-v3/3.4/aircompressor-v3-3.4.jar)
WARNING: Use --enable-native-access=ALL-UNNAMED to avoid a warning for callers in this module
WARNING: Restricted methods will be blocked in a future release unless native access is enabled

[deferred-dynamic-filter-admission] join=null distinct=20000 span=1820281 density=0.010987 admitted=true
[dynamic-filter] join=null viable=true abandoned=false keys=[-1] collected=27440
[dynamic-filter] join=null viable=true abandoned=false keys=[32] collected=0
[dynamic-filter] join=null viable=true abandoned=true keys=null collected=0
[dynamic-filter] join=null viable=true abandoned=false keys=[365] collected=0
query27: 1 iters, 1410.4 ms/iter, rows-sink=800
=== q32 ===
WARNING: Using incubator modules: jdk.incubator.vector
WARNING: A restricted method in java.lang.foreign.SymbolLookup has been called
WARNING: java.lang.foreign.SymbolLookup::libraryLookup has been called by io.airlift.compress.v3.internal.NativeLoader in an unnamed module (file:/root/.m2/repository/io/airlift/aircompressor-v3/3.4/aircompressor-v3-3.4.jar)
WARNING: Use --enable-native-access=ALL-UNNAMED to avoid a warning for callers in this module
WARNING: Restricted methods will be blocked in a future release unless native access is enabled

[dynamic-filter] join=null viable=true abandoned=false keys=[91] collected=0
[deferred-dynamic-filter-admission] join=null distinct=20000 span=101990 density=0.196098 admitted=false
[dynamic-filter] join=null viable=true abandoned=false keys=[50979] collected=0
[dynamic-filter] join=null viable=true abandoned=false keys=[91] collected=0
[dynamic-filter] join=null viable=true abandoned=false keys=[20] collected=0
query32: 1 iters, 563.1 ms/iter, rows-sink=2
=== q66 ===
WARNING: Using incubator modules: jdk.incubator.vector
WARNING: A restricted method in java.lang.foreign.SymbolLookup has been called
WARNING: java.lang.foreign.SymbolLookup::libraryLookup has been called by io.airlift.compress.v3.internal.NativeLoader in an unnamed module (file:/root/.m2/repository/io/airlift/aircompressor-v3/3.4/aircompressor-v3-3.4.jar)
WARNING: Use --enable-native-access=ALL-UNNAMED to avoid a warning for callers in this module
WARNING: Restricted methods will be blocked in a future release unless native access is enabled

[dynamic-filter] join=q66.web_sales.join.ship_mode viable=true abandoned=false keys=[2] collected=0
[deferred-dynamic-filter-admission] join=q66.web_sales.join.time distinct=20000 span=20000 density=1.000000 admitted=false
[dynamic-filter] join=q66.web_sales.join.time viable=true abandoned=false keys=[28801] collected=0
[dynamic-filter] join=q66.web_sales.join.date viable=true abandoned=false keys=[365] collected=0
[dynamic-filter] join=q66.web_sales.join.warehouse viable=true abandoned=false keys=[10] collected=0
[dynamic-filter] join=q66.catalog_sales.join.ship_mode viable=true abandoned=false keys=[2] collected=0
[deferred-dynamic-filter-admission] join=q66.catalog_sales.join.time distinct=20000 span=20000 density=1.000000 admitted=false
[dynamic-filter] join=q66.catalog_sales.join.time viable=true abandoned=false keys=[28801] collected=0
[dynamic-filter] join=q66.catalog_sales.join.date viable=true abandoned=false keys=[365] collected=0
[dynamic-filter] join=q66.catalog_sales.join.warehouse viable=true abandoned=false keys=[10] collected=0
query66: 1 iters, 782.0 ms/iter, rows-sink=450
=== q69 ===
WARNING: Using incubator modules: jdk.incubator.vector
WARNING: A restricted method in java.lang.foreign.SymbolLookup has been called
WARNING: java.lang.foreign.SymbolLookup::libraryLookup has been called by io.airlift.compress.v3.internal.NativeLoader in an unnamed module (file:/root/.m2/repository/io/airlift/aircompressor-v3/3.4/aircompressor-v3-3.4.jar)
WARNING: Use --enable-native-access=ALL-UNNAMED to avoid a warning for callers in this module
WARNING: Restricted methods will be blocked in a future release unless native access is enabled

[dynamic-filter] join=null viable=true abandoned=true keys=null collected=0
[dynamic-filter] join=null viable=true abandoned=false keys=[91] collected=0
[dynamic-filter] join=null viable=true abandoned=false keys=[91] collected=0
[dynamic-filter] join=null viable=true abandoned=false keys=[91] collected=0
[deferred-dynamic-filter-admission] join=null distinct=20000 span=210665 density=0.094937 admitted=false
[dynamic-filter] join=null viable=true abandoned=false keys=[23675] collected=0
query69: 1 iters, 1050.2 ms/iter, rows-sink=900
=== q71 ===
WARNING: Using incubator modules: jdk.incubator.vector
WARNING: A restricted method in java.lang.foreign.SymbolLookup has been called
WARNING: java.lang.foreign.SymbolLookup::libraryLookup has been called by io.airlift.compress.v3.internal.NativeLoader in an unnamed module (file:/root/.m2/repository/io/airlift/aircompressor-v3/3.4/aircompressor-v3-3.4.jar)
WARNING: Use --enable-native-access=ALL-UNNAMED to avoid a warning for callers in this module
WARNING: Restricted methods will be blocked in a future release unless native access is enabled

[deferred-dynamic-filter-admission] join=null distinct=20000 span=45200 density=0.442478 admitted=false
[dynamic-filter] join=null viable=true abandoned=false keys=[25200] collected=0
[dynamic-filter] join=null viable=true abandoned=false keys=[1847] collected=0
[dynamic-filter] join=null viable=true abandoned=false keys=[30] collected=0
[dynamic-filter] join=null viable=true abandoned=false keys=[30] collected=0
[dynamic-filter] join=null viable=true abandoned=false keys=[30] collected=0
query71: 1 iters, 822.1 ms/iter, rows-sink=58014
=== q91 ===
WARNING: Using incubator modules: jdk.incubator.vector
WARNING: A restricted method in java.lang.foreign.SymbolLookup has been called
WARNING: java.lang.foreign.SymbolLookup::libraryLookup has been called by io.airlift.compress.v3.internal.NativeLoader in an unnamed module (file:/root/.m2/repository/io/airlift/aircompressor-v3/3.4/aircompressor-v3-3.4.jar)
WARNING: Use --enable-native-access=ALL-UNNAMED to avoid a warning for callers in this module
WARNING: Restricted methods will be blocked in a future release unless native access is enabled

[dynamic-filter] join=null viable=true abandoned=false keys=[24] collected=0
[deferred-dynamic-filter-admission] join=null distinct=20000 span=182480 density=0.109601 admitted=false
[dynamic-filter] join=null viable=true abandoned=false keys=[27348] collected=0
[dynamic-filter] join=null viable=true abandoned=false keys=[1200] collected=0
[dynamic-filter] join=null viable=true abandoned=true keys=null collected=0
[dynamic-filter] join=null viable=true abandoned=true keys=null collected=0
[dynamic-filter] join=null viable=true abandoned=false keys=[30] collected=0
query91: 1 iters, 519.0 ms/iter, rows-sink=80
=== q92 ===
WARNING: Using incubator modules: jdk.incubator.vector
WARNING: A restricted method in java.lang.foreign.SymbolLookup has been called
WARNING: java.lang.foreign.SymbolLookup::libraryLookup has been called by io.airlift.compress.v3.internal.NativeLoader in an unnamed module (file:/root/.m2/repository/io/airlift/aircompressor-v3/3.4/aircompressor-v3-3.4.jar)
WARNING: Use --enable-native-access=ALL-UNNAMED to avoid a warning for callers in this module
WARNING: Restricted methods will be blocked in a future release unless native access is enabled

[dynamic-filter] join=null viable=true abandoned=false keys=[91] collected=0
[deferred-dynamic-filter-admission] join=null distinct=20000 span=101992 density=0.196094 admitted=false
[dynamic-filter] join=null viable=true abandoned=false keys=[50067] collected=0
[dynamic-filter] join=null viable=true abandoned=false keys=[91] collected=0
[dynamic-filter] join=null viable=true abandoned=false keys=[100] collected=0
query92: 1 iters, 562.6 ms/iter, rows-sink=2
=== q98 ===
WARNING: Using incubator modules: jdk.incubator.vector
WARNING: A restricted method in java.lang.foreign.SymbolLookup has been called
WARNING: java.lang.foreign.SymbolLookup::libraryLookup has been called by io.airlift.compress.v3.internal.NativeLoader in an unnamed module (file:/root/.m2/repository/io/airlift/aircompressor-v3/3.4/aircompressor-v3-3.4.jar)
WARNING: Use --enable-native-access=ALL-UNNAMED to avoid a warning for callers in this module
WARNING: Restricted methods will be blocked in a future release unless native access is enabled

[dynamic-filter] join=null viable=true abandoned=false keys=[31] collected=0
[deferred-dynamic-filter-admission] join=null distinct=20000 span=66967 density=0.298655 admitted=false
[dynamic-filter] join=null viable=true abandoned=false keys=[30436] collected=0
query98: 1 iters, 726.1 ms/iter, rows-sink=120640
