[INFO] Enabling strict checksum verification on all artifact downloads.
[INFO] Processing build on daemon 3f53fc41
[INFO] Scanning for projects...
[INFO] Njord 0.9.9 session created
[INFO] BuildTimeEventSpy is registered.
[INFO] 
[INFO] Using the SmartBuilder implementation with a thread count of 7
[INFO] 
[INFO] ------------------------< io.trino:trino-tests >------------------------
[INFO] Building trino-tests 484-SNAPSHOT
[INFO]   from pom.xml
[INFO] --------------------------------[ jar ]---------------------------------
[INFO] Loaded 0 groupId for remote repository ossrh
[INFO] Loaded 0 groupId for remote repository maven-central
[INFO] Loaded 0 groupId for remote repository repo.gradle.org
[INFO] Loaded 0 groupId for remote repository central.maven.org
[INFO] 
[INFO] --- git-commit-id:10.0.0:revision (default) @ trino-tests ---
[INFO] 
[INFO] --- build-helper:3.6.1:bsh-property (surefire-enable-preview) @ trino-tests ---
[INFO] 
[INFO] --- resources:3.5.0:resources (default-resources) @ trino-tests ---
[INFO] skip non existing resourceDirectory /root/notes/trino.nitro/testing/trino-tests/src/main/resources
[INFO] 
[INFO] --- compiler:3.15.0:compile (default-compile) @ trino-tests ---
[INFO] Nothing to compile - all classes are up to date.
[INFO] 
[INFO] --- resources:3.5.0:testResources (default-testResources) @ trino-tests ---
[INFO] Copying 266 resources from src/test/resources to target/test-classes
[INFO] 
[INFO] --- compiler:3.15.0:testCompile (default-testCompile) @ trino-tests ---
[INFO] Nothing to compile - all classes are up to date.
[INFO] 
[INFO] --- modernizer:3.4.0:modernizer (modernizer) @ trino-tests ---
[INFO] Skipping modernizer execution!
[INFO] 
[INFO] --- modernizer:3.4.0:modernizer (modernizer-production-code) @ trino-tests ---
[INFO] Skipping modernizer execution!
[INFO] 
[INFO] --- dependency:3.11.0:analyze-only (default) @ trino-tests ---
[INFO] Skipping plugin execution
[INFO] 
[INFO] --- dependency:3.11.0:analyze-duplicate (default) @ trino-tests ---
[INFO] Skipping plugin execution
[INFO] 
[INFO] --- duplicate-finder:2.0.1:check (default) @ trino-tests ---
[INFO] Skipping duplicate-finder execution!
[INFO] 
[INFO] --- surefire:3.5.6:test (default-test) @ trino-tests ---
[INFO] Tests will run in random order. To reproduce ordering use flag -Dsurefire.runOrder.random.seed=4390257776270432
[INFO] Using auto detected provider org.apache.maven.surefire.junitplatform.JUnitPlatformProvider
[INFO] 
[INFO] -------------------------------------------------------
[INFO]  T E S T S
[INFO] -------------------------------------------------------
[WARNING] [stderr] Picked up JAVA_TOOL_OPTIONS: -XX:-HeapDumpOnOutOfMemoryError
[WARNING] [stderr] WARNING: Using incubator modules: jdk.incubator.vector
[WARNING] [stderr] 2026-08-06T14:16:17.630-0600	INFO	ForkJoinPool-1-worker-1	io.airlift.log.Logging	Logging to stderr
[INFO] Running io.trino.tests.nitro.TestNitroClickBenchQueries
[WARNING] [stderr] 2026-08-06T14:16:18.514-0600	INFO	ForkJoinPool-1-worker-1	io.trino.simd.BlockEncodingSimdSupport	Detected SIMD Support for architecture=amd64, vectorBitWidth=512: SimdSupport[capabilities=[COMPRESS_BYTE, EXPAND_BYTE, COMPRESS_SHORT, EXPAND_SHORT, COMPRESS_INT, EXPAND_INT, COMPRESS_LONG, EXPAND_LONG]]
[WARNING] [stderr] WARNING: A restricted method in java.lang.System has been called
[WARNING] [stderr] WARNING: java.lang.System::loadLibrary has been called by com.aayushatharva.brotli4j.Brotli4jLoader in an unnamed module (file:/root/.m2/repository/remote-cache/com/aayushatharva/brotli4j/brotli4j/1.23.0/brotli4j-1.23.0.jar)
[WARNING] [stderr] WARNING: Use --enable-native-access=ALL-UNNAMED to avoid a warning for callers in this module
[WARNING] [stderr] WARNING: Restricted methods will be blocked in a future release unless native access is enabled
[WARNING] [stderr] 
[WARNING] [stderr] 2026-08-06T14:16:19.839-0600	INFO	ForkJoinPool-1-worker-1	io.trino.testing.DistributedQueryRunner	Created DistributedQueryRunner in 1.90s (unclosed instances = 1)
[WARNING] [stderr] 2026-08-06T14:16:27.154-0600	INFO	Notification Thread	io.airlift.stats.JmxGcMonitor	Major GC: application 0.00s, stopped 298.00ms: 12.16GB -> 6.30GB
[WARNING] [stderr] 2026-08-06T14:16:27.155-0600	INFO	Notification Thread	io.airlift.stats.JmxGcMonitor	Major GC: application 0.00s, stopped 298.00ms: 12.16GB -> 6.30GB
[WARNING] [stderr] 2026-08-06T14:16:29.557-0600	INFO	Notification Thread	io.airlift.stats.JmxGcMonitor	Major GC: application 2.09s, stopped 322.00ms: 12.09GB -> 8.13GB
[WARNING] [stderr] 2026-08-06T14:16:29.558-0600	INFO	Notification Thread	io.airlift.stats.JmxGcMonitor	Major GC: application 2.09s, stopped 322.00ms: 12.09GB -> 8.13GB
[WARNING] [stderr] 2026-08-06T14:16:32.239-0600	INFO	Notification Thread	io.airlift.stats.JmxGcMonitor	Major GC: application 2.41s, stopped 269.00ms: 12.06GB -> 6.46GB
[WARNING] [stderr] 2026-08-06T14:16:32.239-0600	INFO	Notification Thread	io.airlift.stats.JmxGcMonitor	Major GC: application 2.41s, stopped 269.00ms: 12.06GB -> 6.46GB
[WARNING] [stderr] 2026-08-06T14:16:35.880-0600	INFO	Notification Thread	io.airlift.stats.JmxGcMonitor	Major GC: application 3.32s, stopped 321.00ms: 12.14GB -> 7.17GB
[WARNING] [stderr] 2026-08-06T14:16:35.880-0600	INFO	Notification Thread	io.airlift.stats.JmxGcMonitor	Major GC: application 3.32s, stopped 321.00ms: 12.14GB -> 7.17GB
[WARNING] [stderr] 2026-08-06T14:16:39.228-0600	INFO	Notification Thread	io.airlift.stats.JmxGcMonitor	Major GC: application 3.07s, stopped 279.00ms: 12.12GB -> 5.81GB
[WARNING] [stderr] 2026-08-06T14:16:39.228-0600	INFO	Notification Thread	io.airlift.stats.JmxGcMonitor	Major GC: application 3.07s, stopped 279.00ms: 12.12GB -> 5.81GB
[WARNING] [stderr] 2026-08-06T14:16:44.473-0600	INFO	Notification Thread	io.airlift.stats.JmxGcMonitor	Major GC: application 4.92s, stopped 319.00ms: 12.16GB -> 6.87GB
[WARNING] [stderr] 2026-08-06T14:16:44.473-0600	INFO	Notification Thread	io.airlift.stats.JmxGcMonitor	Major GC: application 4.92s, stopped 319.00ms: 12.16GB -> 6.87GB
[WARNING] [stderr] 2026-08-06T14:16:53.332-0600	INFO	ForkJoinPool-1-worker-1	stdout	engine,suite,query,measurements,min_ms,p50_ms,p95_ms,mean_ms,cpu_p50_ms,cpu_mean_ms,cpu_over_wall,input_positions,nitro_source_drivers,native_sources
[WARNING] [stderr] 2026-08-06T14:16:54.088-0600	INFO	Notification Thread	io.airlift.stats.JmxGcMonitor	Major GC: application 9.44s, stopped 183.00ms: 12.16GB -> 3.49GB
[WARNING] [stderr] 2026-08-06T14:16:54.089-0600	INFO	Notification Thread	io.airlift.stats.JmxGcMonitor	Major GC: application 9.44s, stopped 183.00ms: 12.16GB -> 3.49GB
[WARNING] [stderr] 2026-08-06T14:17:17.645-0600	INFO	ForkJoinPool-1-worker-1	stdout	operator_cpu,nitro,0/ExchangeOperator@195,1,0.000,0.149,0.000,0,20,20,5890.000,0.010,0.000
[WARNING] [stderr] 2026-08-06T14:17:17.645-0600	INFO	ForkJoinPool-1-worker-1	stdout	operator_cpu,nitro,0/LocalExchangeSourceOperator@240,1,0.000,0.015,0.000,0,20,20,5960.000,0.000,0.000
[WARNING] [stderr] 2026-08-06T14:17:17.645-0600	INFO	ForkJoinPool-1-worker-1	stdout	operator_cpu,nitro,0/TaskOutputOperator@14,1,0.081,0.000,0.003,0,10,10,0.000,0.000,0.000
[WARNING] [stderr] 2026-08-06T14:17:17.645-0600	INFO	ForkJoinPool-1-worker-1	stdout	operator_cpu,nitro,0/LocalExchangeSinkOperator@240,1,0.027,0.000,0.014,0,20,20,0.000,0.000,0.000
[WARNING] [stderr] 2026-08-06T14:17:17.645-0600	INFO	ForkJoinPool-1-worker-1	stdout	operator_cpu,nitro,0/TrinoNitroTopNOperator@167,1,1.350,0.254,0.003,0,20,10,0.000,0.039,0.000
[WARNING] [stderr] 2026-08-06T14:17:17.645-0600	INFO	ForkJoinPool-1-worker-1	stdout	operator_cpu,nitro,1/TrinoNitroPipelineSourceOperator@5,165,0.000,26220.000,0.000,99997497,99997497,1407,0.000,83.732,0.000
[WARNING] [stderr] 2026-08-06T14:17:17.645-0600	INFO	ForkJoinPool-1-worker-1	stdout	operator_cpu,nitro,1/LocalExchangeSourceOperator@249,2,0.000,0.556,0.000,0,1407,1407,1820.810,0.000,0.000
[WARNING] [stderr] 2026-08-06T14:17:17.645-0600	INFO	ForkJoinPool-1-worker-1	stdout	operator_cpu,nitro,1/LocalExchangeSourceOperator@251,2,0.000,0.023,0.000,0,20,20,5960.000,0.000,0.000
[WARNING] [stderr] 2026-08-06T14:17:17.645-0600	INFO	ForkJoinPool-1-worker-1	stdout	operator_cpu,nitro,1/TaskOutputOperator@250,2,0.436,0.000,0.004,0,20,20,0.000,0.000,0.000
[WARNING] [stderr] 2026-08-06T14:17:17.645-0600	INFO	ForkJoinPool-1-worker-1	stdout	operator_cpu,nitro,1/TrinoNitroTopNOperator@250,2,1.535,0.421,0.003,0,20,20,0.000,0.039,0.000
[WARNING] [stderr] 2026-08-06T14:17:17.645-0600	INFO	ForkJoinPool-1-worker-1	stdout	operator_cpu,nitro,1/LocalExchangeSinkOperator@251,2,0.025,0.000,0.009,0,20,20,0.000,0.000,0.000
[WARNING] [stderr] 2026-08-06T14:17:17.645-0600	INFO	ForkJoinPool-1-worker-1	stdout	operator_cpu,nitro,1/LocalExchangeSinkOperator@249,165,2.710,0.000,0.785,0,1407,1407,0.000,0.000,0.000
[WARNING] [stderr] 2026-08-06T14:17:17.645-0600	INFO	ForkJoinPool-1-worker-1	stdout	operator_cpu,nitro,1/TrinoNitroTopNOperator@248,2,7.310,0.741,0.003,0,1407,20,0.000,0.048,0.000
[WARNING] [stderr] 2026-08-06T14:17:17.646-0600	INFO	ForkJoinPool-1-worker-1	stdout	operator_metric,nitro,1/TrinoNitroPipelineSourceOperator@5,nitroBoundaryNativeEgressRunLengthChannelPositions,0
[WARNING] [stderr] 2026-08-06T14:17:17.646-0600	INFO	ForkJoinPool-1-worker-1	stdout	operator_metric,nitro,1/TrinoNitroPipelineSourceOperator@5,nitroBoundaryPageEgressPositions,1407
[WARNING] [stderr] 2026-08-06T14:17:17.646-0600	INFO	ForkJoinPool-1-worker-1	stdout	operator_metric,nitro,1/TrinoNitroPipelineSourceOperator@5,nitroBoundaryPageEgressFlatChannelPositions,147735
[WARNING] [stderr] 2026-08-06T14:17:17.646-0600	INFO	ForkJoinPool-1-worker-1	stdout	operator_metric,nitro,1/TrinoNitroPipelineSourceOperator@5,nitroBoundaryNativeEgressDictionaryChannelPositions,0
[WARNING] [stderr] 2026-08-06T14:17:17.646-0600	INFO	ForkJoinPool-1-worker-1	stdout	operator_metric,nitro,1/TrinoNitroPipelineSourceOperator@5,nitroBoundaryPageEgressRunLengthChannelPositions,0
[WARNING] [stderr] 2026-08-06T14:17:17.646-0600	INFO	ForkJoinPool-1-worker-1	stdout	operator_metric,nitro,1/TrinoNitroPipelineSourceOperator@5,nitroBoundaryPageEgressBytes,1755873
[WARNING] [stderr] 2026-08-06T14:17:17.646-0600	INFO	ForkJoinPool-1-worker-1	stdout	operator_metric,nitro,1/TrinoNitroPipelineSourceOperator@5,nitroBoundaryNativeEgressFlatChannelPositions,147735
[WARNING] [stderr] 2026-08-06T14:17:17.646-0600	INFO	ForkJoinPool-1-worker-1	stdout	operator_metric,nitro,1/TrinoNitroPipelineSourceOperator@5,nitroBoundaryPageEgressPages,149
[WARNING] [stderr] 2026-08-06T14:17:17.646-0600	INFO	ForkJoinPool-1-worker-1	stdout	operator_metric,nitro,1/TrinoNitroPipelineSourceOperator@5,nitroBoundaryPageEgressDictionaryChannelPositions,0
[WARNING] [stderr] 2026-08-06T14:17:17.646-0600	INFO	ForkJoinPool-1-worker-1	stdout	pipeline_cpu,nitro,0,0,1,0.303,0.310,5890.000,5974.165,5974.165,0,20,20,ExchangeOperator@195+LocalExchangeSinkOperator@240
[WARNING] [stderr] 2026-08-06T14:17:17.646-0600	INFO	ForkJoinPool-1-worker-1	stdout	pipeline_cpu,nitro,0,1,1,1.970,1.980,5960.000,5974.691,5974.691,0,20,10,LocalExchangeSourceOperator@240+TrinoNitroTopNOperator@167+TaskOutputOperator@14
[WARNING] [stderr] 2026-08-06T14:17:17.646-0600	INFO	ForkJoinPool-1-worker-1	stdout	pipeline_cpu,nitro,1,0,82,13930.000,23450.000,0.000,3588.495,5943.761,52075977,52075977,733,TrinoNitroPipelineSourceOperator@5+LocalExchangeSinkOperator@249
[WARNING] [stderr] 2026-08-06T14:17:17.646-0600	INFO	ForkJoinPool-1-worker-1	stdout	pipeline_cpu,nitro,1,1,1,4.730,4.750,560.810,5956.465,5956.465,0,733,10,LocalExchangeSourceOperator@249+TrinoNitroTopNOperator@248+LocalExchangeSinkOperator@251
[WARNING] [stderr] 2026-08-06T14:17:17.646-0600	INFO	ForkJoinPool-1-worker-1	stdout	pipeline_cpu,nitro,1,2,1,1.200,1.200,5960.000,5957.294,5957.294,0,10,10,LocalExchangeSourceOperator@251+TrinoNitroTopNOperator@250+TaskOutputOperator@250
[WARNING] [stderr] 2026-08-06T14:17:17.646-0600	INFO	ForkJoinPool-1-worker-1	stdout	pipeline_cpu,nitro,1,0,83,12360.000,21120.000,0.000,2737.923,5404.927,47921520,47921520,674,TrinoNitroPipelineSourceOperator@5+LocalExchangeSinkOperator@249
[WARNING] [stderr] 2026-08-06T14:17:17.646-0600	INFO	ForkJoinPool-1-worker-1	stdout	pipeline_cpu,nitro,1,1,1,5.210,8.520,1260.000,5406.011,5406.011,0,674,10,LocalExchangeSourceOperator@249+TrinoNitroTopNOperator@248+LocalExchangeSinkOperator@251
[WARNING] [stderr] 2026-08-06T14:17:17.646-0600	INFO	ForkJoinPool-1-worker-1	stdout	pipeline_cpu,nitro,1,2,1,1.580,1.990,5410.000,5407.801,5407.801,0,10,10,LocalExchangeSourceOperator@251+TrinoNitroTopNOperator@250+TaskOutputOperator@250
[WARNING] [stderr] 2026-08-06T14:17:17.647-0600	INFO	ForkJoinPool-1-worker-1	stdout	nitro,clickbench,q24,1,6009.488,6009.488,6009.488,6009.488,26302.000,26302.000,4.3767,99997497,0,165
[WARNING] [stderr] 2026-08-06T14:17:17.647-0600	INFO	ForkJoinPool-1-worker-1	stdout	peak_memory,nitro,clickbench,q24,1,277.635,277.635,11242.980,11242.980
[ERROR] Tests run: 3, Failures: 0, Errors: 1, Skipped: 0, Time elapsed: 60.03 s <<< FAILURE! -- in io.trino.tests.nitro.TestNitroClickBenchQueries
[ERROR] io.trino.tests.nitro.TestNitroClickBenchQueries.testNativeProjectionSource -- Time elapsed: 0.003 s <<< ERROR!
java.lang.NullPointerException: Cannot invoke "io.trino.testing.DistributedQueryRunner.execute(io.trino.Session, String)" because "this.baseline" is null
	at io.trino.tests.nitro.TestNitroClickBenchQueries.testNativeProjectionSource(TestNitroClickBenchQueries.java:229)
[WARNING] [stderr] 2026-08-06T14:17:17.674-0600	INFO	main	io.trino.testing.containers.junit.ReportLeakedContainers	DockerClientFactory not initialized, so there should be no leaked containers, skipping the check
[INFO] 
[INFO] Results:
[INFO] 
[ERROR] Errors: 
[ERROR]   TestNitroClickBenchQueries.testNativeProjectionSource:229 NullPointer Cannot invoke "io.trino.testing.DistributedQueryRunner.execute(io.trino.Session, String)" because "this.baseline" is null
[INFO] 
[ERROR] Tests run: 3, Failures: 0, Errors: 1, Skipped: 0
[INFO] 
[INFO] ------------------------------------------------------------------------
[INFO] BUILD FAILURE
[INFO] ------------------------------------------------------------------------
[INFO] Total time:  01:00 min (Wall Clock)
[INFO] Finished at: 2026-08-06T20:17:17Z
[INFO] ------------------------------------------------------------------------
[INFO] Njord session closed
[ERROR] Failed to execute goal org.apache.maven.plugins:maven-surefire-plugin:3.5.6:test (default-test) on project trino-tests: 
[ERROR] 
[ERROR] See /root/notes/trino.nitro/testing/trino-tests/target/surefire-reports for the individual test results.
[ERROR] See dump files (if any exist) [date].dump, [date]-jvmRun[N].dump and [date].dumpstream.
[ERROR] -> [Help 1]
[ERROR] 
[ERROR] To see the full stack trace of the errors, re-run Maven with the -e switch.
[ERROR] Re-run Maven using the -X switch to enable full debug logging.
[ERROR] 
[ERROR] For more information about the errors and possible solutions, please read the following articles:
[ERROR] [Help 1] http://cwiki.apache.org/confluence/display/MAVEN/MojoFailureException
