[INFO] Enabling strict checksum verification on all artifact downloads.
[INFO] Processing build on daemon 86de7fd3
[INFO] Scanning for projects...
[INFO] Loaded 0 groupId for remote repository maven-central
[INFO] Loaded 0 groupId for remote repository google-maven-central-copy
[INFO] Njord 0.9.9 session created
[INFO] BuildTimeEventSpy is registered.
[INFO] 
[INFO] Using the SmartBuilder implementation with a thread count of 7
[INFO] 
[INFO] ------------------------< io.trino:trino-tests >------------------------
[INFO] Building trino-tests 484-SNAPSHOT
[INFO]   from pom.xml
[INFO] --------------------------------[ jar ]---------------------------------
[INFO] Loaded 0 groupId for remote repository ossrh
[INFO] Loaded 0 groupId for remote repository repo.gradle.org
[INFO] Loaded 0 groupId for remote repository central.maven.org
[INFO] 
[INFO] --- git-commit-id:10.0.0:revision (default) @ trino-tests ---
[INFO] 
[INFO] --- build-helper:3.6.1:bsh-property (surefire-enable-preview) @ trino-tests ---
[INFO] 
[INFO] --- resources:3.5.0:resources (default-resources) @ trino-tests ---
[INFO] skip non existing resourceDirectory /root/notes/trino.nitro/testing/trino-tests/src/main/resources
[INFO] 
[INFO] --- compiler:3.15.0:compile (default-compile) @ trino-tests ---
[INFO] Nothing to compile - all classes are up to date.
[INFO] 
[INFO] --- resources:3.5.0:testResources (default-testResources) @ trino-tests ---
[INFO] Copying 266 resources from src/test/resources to target/test-classes
[INFO] 
[INFO] --- compiler:3.15.0:testCompile (default-testCompile) @ trino-tests ---
[INFO] Nothing to compile - all classes are up to date.
[INFO] 
[INFO] --- modernizer:3.4.0:modernizer (modernizer) @ trino-tests ---
[INFO] Skipping modernizer execution!
[INFO] 
[INFO] --- modernizer:3.4.0:modernizer (modernizer-production-code) @ trino-tests ---
[INFO] Skipping modernizer execution!
[INFO] 
[INFO] --- dependency:3.11.0:analyze-only (default) @ trino-tests ---
[INFO] Skipping plugin execution
[INFO] 
[INFO] --- dependency:3.11.0:analyze-duplicate (default) @ trino-tests ---
[INFO] Skipping plugin execution
[INFO] 
[INFO] --- duplicate-finder:2.0.1:check (default) @ trino-tests ---
[INFO] Skipping duplicate-finder execution!
[INFO] 
[INFO] --- surefire:3.5.6:test (default-test) @ trino-tests ---
[INFO] Tests will run in random order. To reproduce ordering use flag -Dsurefire.runOrder.random.seed=4651383136686488
[INFO] Using auto detected provider org.apache.maven.surefire.junitplatform.JUnitPlatformProvider
[INFO] 
[INFO] -------------------------------------------------------
[INFO]  T E S T S
[INFO] -------------------------------------------------------
[WARNING] [stderr] WARNING: Using incubator modules: jdk.incubator.vector
[WARNING] [stderr] 2026-08-09T14:48:23.052-0600	INFO	ForkJoinPool-1-worker-1	io.airlift.log.Logging	Logging to stderr
[INFO] Running io.trino.tests.nitro.TestNitroClickBenchQueries
[WARNING] [stderr] 2026-08-09T14:48:23.930-0600	INFO	ForkJoinPool-1-worker-1	io.trino.simd.BlockEncodingSimdSupport	Detected SIMD Support for architecture=amd64, vectorBitWidth=512: SimdSupport[capabilities=[COMPRESS_BYTE, EXPAND_BYTE, COMPRESS_SHORT, EXPAND_SHORT, COMPRESS_INT, EXPAND_INT, COMPRESS_LONG, EXPAND_LONG]]
[WARNING] [stderr] WARNING: A restricted method in java.lang.System has been called
[WARNING] [stderr] WARNING: java.lang.System::loadLibrary has been called by com.aayushatharva.brotli4j.Brotli4jLoader in an unnamed module (file:/root/.m2/repository/com/aayushatharva/brotli4j/brotli4j/1.23.0/brotli4j-1.23.0.jar)
[WARNING] [stderr] WARNING: Use --enable-native-access=ALL-UNNAMED to avoid a warning for callers in this module
[WARNING] [stderr] WARNING: Restricted methods will be blocked in a future release unless native access is enabled
[WARNING] [stderr] 
[WARNING] [stderr] 2026-08-09T14:48:25.258-0600	INFO	ForkJoinPool-1-worker-1	io.trino.testing.DistributedQueryRunner	Created DistributedQueryRunner in 1.89s (unclosed instances = 1)
[WARNING] [stderr] 2026-08-09T14:48:33.083-0600	INFO	Notification Thread	io.airlift.stats.JmxGcMonitor	Major GC: application 0.00s, stopped 301.00ms: 12.16GB -> 6.49GB
[WARNING] [stderr] 2026-08-09T14:48:33.086-0600	INFO	Notification Thread	io.airlift.stats.JmxGcMonitor	Major GC: application 0.00s, stopped 301.00ms: 12.16GB -> 6.49GB
[WARNING] [stderr] 2026-08-09T14:48:37.043-0600	INFO	Notification Thread	io.airlift.stats.JmxGcMonitor	Major GC: application 3.70s, stopped 260.00ms: 12.12GB -> 6.18GB
[WARNING] [stderr] 2026-08-09T14:48:37.043-0600	INFO	Notification Thread	io.airlift.stats.JmxGcMonitor	Major GC: application 3.70s, stopped 260.00ms: 12.12GB -> 6.18GB
[WARNING] [stderr] 2026-08-09T14:48:46.301-0600	INFO	Notification Thread	io.airlift.stats.JmxGcMonitor	Major GC: application 8.92s, stopped 342.00ms: 12.16GB -> 6.65GB
[WARNING] [stderr] 2026-08-09T14:48:46.302-0600	INFO	Notification Thread	io.airlift.stats.JmxGcMonitor	Major GC: application 8.92s, stopped 342.00ms: 12.16GB -> 6.65GB
[WARNING] [stderr] 2026-08-09T14:48:54.877-0600	INFO	Notification Thread	io.airlift.stats.JmxGcMonitor	Major GC: application 8.29s, stopped 287.00ms: 12.16GB -> 6.51GB
[WARNING] [stderr] 2026-08-09T14:48:54.878-0600	INFO	Notification Thread	io.airlift.stats.JmxGcMonitor	Major GC: application 8.29s, stopped 287.00ms: 12.16GB -> 6.51GB
[WARNING] [stderr] 2026-08-09T14:48:58.307-0600	INFO	ForkJoinPool-1-worker-1	stdout	engine,suite,query,measurements,min_ms,p50_ms,p95_ms,mean_ms,cpu_p50_ms,cpu_mean_ms,cpu_over_wall,input_positions,nitro_source_drivers,native_sources
[WARNING] [stderr] 2026-08-09T14:49:52.960-0600	INFO	ForkJoinPool-1-worker-1	stdout	nitro,clickbench,q19,5,5214.478,5270.957,5327.638,5277.032,25620.000,25624.000,4.8558,99997497,165,165
[WARNING] [stderr] 2026-08-09T14:49:52.960-0600	INFO	ForkJoinPool-1-worker-1	stdout	allocation,nitro,clickbench,q19,5,34292.612,34295.676
[WARNING] [stderr] 2026-08-09T14:49:52.960-0600	INFO	ForkJoinPool-1-worker-1	stdout	peak_memory,nitro,clickbench,q19,5,2809.022,2874.799,10458.926,10662.521
[INFO] Tests run: 1, Failures: 0, Errors: 0, Skipped: 0, Time elapsed: 89.92 s -- in io.trino.tests.nitro.TestNitroClickBenchQueries
[WARNING] [stderr] 2026-08-09T14:49:52.983-0600	INFO	main	io.trino.testing.containers.junit.ReportLeakedContainers	DockerClientFactory not initialized, so there should be no leaked containers, skipping the check
[INFO] 
[INFO] Results:
[INFO] 
[INFO] Tests run: 1, Failures: 0, Errors: 0, Skipped: 0
[INFO] 
[INFO] ------------------------------------------------------------------------
[INFO] BUILD SUCCESS
[INFO] ------------------------------------------------------------------------
[INFO] Total time:  01:32 min (Wall Clock)
[INFO] Finished at: 2026-08-09T20:49:53Z
[INFO] ------------------------------------------------------------------------
[INFO] Njord session closed
