[INFO] Enabling strict checksum verification on all artifact downloads.
[INFO] Processing build on daemon 368e73f7
[INFO] Scanning for projects...
[INFO] Njord 0.9.9 session created
[INFO] BuildTimeEventSpy is registered.
[INFO] 
[INFO] Using the SmartBuilder implementation with a thread count of 7
[INFO] 
[INFO] ------------------------< io.trino:trino-tests >------------------------
[INFO] Building trino-tests 484-SNAPSHOT
[INFO]   from pom.xml
[INFO] --------------------------------[ jar ]---------------------------------
[INFO] Loaded 0 groupId for remote repository ossrh
[INFO] Loaded 0 groupId for remote repository maven-central
[INFO] Loaded 0 groupId for remote repository repo.gradle.org
[INFO] Loaded 0 groupId for remote repository central.maven.org
[INFO] 
[INFO] --- git-commit-id:10.0.0:revision (default) @ trino-tests ---
[INFO] 
[INFO] --- build-helper:3.6.1:bsh-property (surefire-enable-preview) @ trino-tests ---
[INFO] 
[INFO] --- resources:3.5.0:resources (default-resources) @ trino-tests ---
[INFO] skip non existing resourceDirectory /root/notes/trino.nitro/testing/trino-tests/src/main/resources
[INFO] 
[INFO] --- compiler:3.15.0:compile (default-compile) @ trino-tests ---
[INFO] Nothing to compile - all classes are up to date.
[INFO] 
[INFO] --- resources:3.5.0:testResources (default-testResources) @ trino-tests ---
[INFO] Copying 266 resources from src/test/resources to target/test-classes
[INFO] 
[INFO] --- compiler:3.15.0:testCompile (default-testCompile) @ trino-tests ---
[INFO] Nothing to compile - all classes are up to date.
[INFO] 
[INFO] --- modernizer:3.4.0:modernizer (modernizer) @ trino-tests ---
[INFO] Skipping modernizer execution!
[INFO] 
[INFO] --- modernizer:3.4.0:modernizer (modernizer-production-code) @ trino-tests ---
[INFO] Skipping modernizer execution!
[INFO] 
[INFO] --- dependency:3.11.0:analyze-only (default) @ trino-tests ---
[INFO] Skipping plugin execution
[INFO] 
[INFO] --- dependency:3.11.0:analyze-duplicate (default) @ trino-tests ---
[INFO] Skipping plugin execution
[INFO] 
[INFO] --- duplicate-finder:2.0.1:check (default) @ trino-tests ---
[INFO] Skipping duplicate-finder execution!
[INFO] 
[INFO] --- surefire:3.5.6:test (default-test) @ trino-tests ---
[INFO] Tests will run in random order. To reproduce ordering use flag -Dsurefire.runOrder.random.seed=5029000036684681
[INFO] Using auto detected provider org.apache.maven.surefire.junitplatform.JUnitPlatformProvider
[INFO] 
[INFO] -------------------------------------------------------
[INFO]  T E S T S
[INFO] -------------------------------------------------------
[WARNING] [stderr] WARNING: Using incubator modules: jdk.incubator.vector
[WARNING] [stderr] 2026-08-13T23:41:59.894-0600	INFO	ForkJoinPool-1-worker-1	io.airlift.log.Logging	Logging to stderr
[INFO] Running io.trino.tests.nitro.TestNitroTpcdsParquetPerformance
[WARNING] [stderr] 2026-08-13T23:42:00.811-0600	INFO	ForkJoinPool-1-worker-1	io.trino.simd.BlockEncodingSimdSupport	Detected SIMD Support for architecture=amd64, vectorBitWidth=512: SimdSupport[capabilities=[COMPRESS_BYTE, EXPAND_BYTE, COMPRESS_SHORT, EXPAND_SHORT, COMPRESS_INT, EXPAND_INT, COMPRESS_LONG, EXPAND_LONG]]
[WARNING] [stderr] WARNING: A restricted method in java.lang.System has been called
[WARNING] [stderr] WARNING: java.lang.System::loadLibrary has been called by com.aayushatharva.brotli4j.Brotli4jLoader in an unnamed module (file:/root/.m2/repository/remote-cache/com/aayushatharva/brotli4j/brotli4j/1.23.0/brotli4j-1.23.0.jar)
[WARNING] [stderr] WARNING: Use --enable-native-access=ALL-UNNAMED to avoid a warning for callers in this module
[WARNING] [stderr] WARNING: Restricted methods will be blocked in a future release unless native access is enabled
[WARNING] [stderr] 
[WARNING] [stderr] 2026-08-13T23:42:02.173-0600	INFO	ForkJoinPool-1-worker-1	io.trino.testing.DistributedQueryRunner	Created DistributedQueryRunner in 1.96s (unclosed instances = 1)
[WARNING] [stderr] 2026-08-13T23:42:13.616-0600	INFO	ForkJoinPool-1-worker-1	stdout	engine,suite,query,measurements,min_ms,p50_ms,p95_ms,mean_ms,cpu_p50_ms,cpu_mean_ms,native_sources
[WARNING] [stderr] 2026-08-13T23:42:14.181-0600	INFO	SplitRunner-20260814_054213_00051_7trtm.4.0.0-6-360	stderr	[long-join-build] expected=
[WARNING] [stderr] 2026-08-13T23:42:14.181-0600	INFO	SplitRunner-20260814_054213_00051_7trtm.4.0.0-6-360	stderr	200
[WARNING] [stderr] 2026-08-13T23:42:14.181-0600	INFO	SplitRunner-20260814_054213_00051_7trtm.4.0.0-6-360	stderr	 rows=
[WARNING] [stderr] 2026-08-13T23:42:14.181-0600	INFO	SplitRunner-20260814_054213_00051_7trtm.4.0.0-6-360	stderr	200
[WARNING] [stderr] 2026-08-13T23:42:14.181-0600	INFO	SplitRunner-20260814_054213_00051_7trtm.4.0.0-6-360	stderr	 keys=
[WARNING] [stderr] 2026-08-13T23:42:14.181-0600	INFO	SplitRunner-20260814_054213_00051_7trtm.4.0.0-6-360	stderr	200
[WARNING] [stderr] 2026-08-13T23:42:14.181-0600	INFO	SplitRunner-20260814_054213_00051_7trtm.4.0.0-6-360	stderr	 min=
[WARNING] [stderr] 2026-08-13T23:42:14.181-0600	INFO	SplitRunner-20260814_054213_00051_7trtm.4.0.0-6-360	stderr	1
[WARNING] [stderr] 2026-08-13T23:42:14.181-0600	INFO	SplitRunner-20260814_054213_00051_7trtm.4.0.0-6-360	stderr	 max=
[WARNING] [stderr] 2026-08-13T23:42:14.181-0600	INFO	SplitRunner-20260814_054213_00051_7trtm.4.0.0-6-360	stderr	200
[WARNING] [stderr] 2026-08-13T23:42:14.181-0600	INFO	SplitRunner-20260814_054213_00051_7trtm.4.0.0-6-360	stderr	 dense=
[WARNING] [stderr] 2026-08-13T23:42:14.181-0600	INFO	SplitRunner-20260814_054213_00051_7trtm.4.0.0-6-360	stderr	false
[WARNING] [stderr] 2026-08-13T23:42:14.181-0600	INFO	SplitRunner-20260814_054213_00051_7trtm.4.0.0-6-360	stderr	 direct=
[WARNING] [stderr] 2026-08-13T23:42:14.181-0600	INFO	SplitRunner-20260814_054213_00051_7trtm.4.0.0-6-360	stderr	true
[WARNING] [stderr] 2026-08-13T23:42:14.181-0600	INFO	SplitRunner-20260814_054213_00051_7trtm.4.0.0-6-360	stderr	 duplicates=
[WARNING] [stderr] 2026-08-13T23:42:14.181-0600	INFO	SplitRunner-20260814_054213_00051_7trtm.4.0.0-6-360	stderr	false
[WARNING] [stderr] 2026-08-13T23:42:14.181-0600	INFO	SplitRunner-20260814_054213_00051_7trtm.4.0.0-6-360	stderr	 implicitReferences=
[WARNING] [stderr] 2026-08-13T23:42:14.181-0600	INFO	SplitRunner-20260814_054213_00051_7trtm.4.0.0-6-360	stderr	false
[WARNING] [stderr] 2026-08-13T23:42:14.181-0600	INFO	SplitRunner-20260814_054213_00051_7trtm.4.0.0-6-360	stderr	 compressedDuplicates=
[WARNING] [stderr] 2026-08-13T23:42:14.181-0600	INFO	SplitRunner-20260814_054213_00051_7trtm.4.0.0-6-360	stderr	false
[WARNING] [stderr] 2026-08-13T23:42:14.181-0600	INFO	SplitRunner-20260814_054213_00051_7trtm.4.1.0-4-351	stderr	[long-join-build] expected=
[WARNING] [stderr] 2026-08-13T23:42:14.181-0600	INFO	SplitRunner-20260814_054213_00051_7trtm.4.1.0-4-351	stderr	366
[WARNING] [stderr] 2026-08-13T23:42:14.182-0600	INFO	SplitRunner-20260814_054213_00051_7trtm.4.1.0-4-351	stderr	 rows=
[WARNING] [stderr] 2026-08-13T23:42:14.182-0600	INFO	SplitRunner-20260814_054213_00051_7trtm.4.1.0-4-351	stderr	366
[WARNING] [stderr] 2026-08-13T23:42:14.182-0600	INFO	SplitRunner-20260814_054213_00051_7trtm.4.1.0-4-351	stderr	 keys=
[WARNING] [stderr] 2026-08-13T23:42:14.182-0600	INFO	SplitRunner-20260814_054213_00051_7trtm.4.1.0-4-351	stderr	366
[WARNING] [stderr] 2026-08-13T23:42:14.182-0600	INFO	SplitRunner-20260814_054213_00051_7trtm.4.1.0-4-351	stderr	 min=
[WARNING] [stderr] 2026-08-13T23:42:14.182-0600	INFO	SplitRunner-20260814_054213_00051_7trtm.4.1.0-4-351	stderr	2451545
[WARNING] [stderr] 2026-08-13T23:42:14.182-0600	INFO	SplitRunner-20260814_054213_00051_7trtm.4.1.0-4-351	stderr	 max=
[WARNING] [stderr] 2026-08-13T23:42:14.182-0600	INFO	SplitRunner-20260814_054213_00051_7trtm.4.1.0-4-351	stderr	2451910
[WARNING] [stderr] 2026-08-13T23:42:14.182-0600	INFO	SplitRunner-20260814_054213_00051_7trtm.4.1.0-4-351	stderr	 dense=
[WARNING] [stderr] 2026-08-13T23:42:14.182-0600	INFO	SplitRunner-20260814_054213_00051_7trtm.4.1.0-4-351	stderr	false
[WARNING] [stderr] 2026-08-13T23:42:14.182-0600	INFO	SplitRunner-20260814_054213_00051_7trtm.4.1.0-4-351	stderr	 direct=
[WARNING] [stderr] 2026-08-13T23:42:14.182-0600	INFO	SplitRunner-20260814_054213_00051_7trtm.4.1.0-4-351	stderr	true
[WARNING] [stderr] 2026-08-13T23:42:14.182-0600	INFO	SplitRunner-20260814_054213_00051_7trtm.4.1.0-4-351	stderr	 duplicates=
[WARNING] [stderr] 2026-08-13T23:42:14.182-0600	INFO	SplitRunner-20260814_054213_00051_7trtm.4.1.0-4-351	stderr	false
[WARNING] [stderr] 2026-08-13T23:42:14.182-0600	INFO	SplitRunner-20260814_054213_00051_7trtm.4.1.0-4-351	stderr	 implicitReferences=
[WARNING] [stderr] 2026-08-13T23:42:14.182-0600	INFO	SplitRunner-20260814_054213_00051_7trtm.4.1.0-4-351	stderr	false
[WARNING] [stderr] 2026-08-13T23:42:14.182-0600	INFO	SplitRunner-20260814_054213_00051_7trtm.4.1.0-4-351	stderr	 compressedDuplicates=
[WARNING] [stderr] 2026-08-13T23:42:14.182-0600	INFO	SplitRunner-20260814_054213_00051_7trtm.4.1.0-4-351	stderr	false
[WARNING] [stderr] 2026-08-13T23:42:14.182-0600	INFO	SplitRunner-20260814_054213_00051_7trtm.4.1.0-6-354	stderr	[long-join-build] expected=
[WARNING] [stderr] 2026-08-13T23:42:14.182-0600	INFO	SplitRunner-20260814_054213_00051_7trtm.4.1.0-6-354	stderr	200
[WARNING] [stderr] 2026-08-13T23:42:14.182-0600	INFO	SplitRunner-20260814_054213_00051_7trtm.4.1.0-6-354	stderr	 rows=
[WARNING] [stderr] 2026-08-13T23:42:14.182-0600	INFO	SplitRunner-20260814_054213_00051_7trtm.4.1.0-6-354	stderr	200
[WARNING] [stderr] 2026-08-13T23:42:14.182-0600	INFO	SplitRunner-20260814_054213_00051_7trtm.4.1.0-6-354	stderr	 keys=
[WARNING] [stderr] 2026-08-13T23:42:14.182-0600	INFO	SplitRunner-20260814_054213_00051_7trtm.4.1.0-6-354	stderr	200
[WARNING] [stderr] 2026-08-13T23:42:14.182-0600	INFO	SplitRunner-20260814_054213_00051_7trtm.4.1.0-6-354	stderr	 min=
[WARNING] [stderr] 2026-08-13T23:42:14.182-0600	INFO	SplitRunner-20260814_054213_00051_7trtm.4.1.0-6-354	stderr	1
[WARNING] [stderr] 2026-08-13T23:42:14.182-0600	INFO	SplitRunner-20260814_054213_00051_7trtm.4.1.0-6-354	stderr	 max=
[WARNING] [stderr] 2026-08-13T23:42:14.182-0600	INFO	SplitRunner-20260814_054213_00051_7trtm.4.1.0-6-354	stderr	200
[WARNING] [stderr] 2026-08-13T23:42:14.182-0600	INFO	SplitRunner-20260814_054213_00051_7trtm.4.1.0-6-354	stderr	 dense=
[WARNING] [stderr] 2026-08-13T23:42:14.182-0600	INFO	SplitRunner-20260814_054213_00051_7trtm.4.1.0-6-354	stderr	false
[WARNING] [stderr] 2026-08-13T23:42:14.182-0600	INFO	SplitRunner-20260814_054213_00051_7trtm.4.1.0-6-354	stderr	 direct=
[WARNING] [stderr] 2026-08-13T23:42:14.182-0600	INFO	SplitRunner-20260814_054213_00051_7trtm.4.1.0-6-354	stderr	true
[WARNING] [stderr] 2026-08-13T23:42:14.182-0600	INFO	SplitRunner-20260814_054213_00051_7trtm.4.1.0-6-354	stderr	 duplicates=
[WARNING] [stderr] 2026-08-13T23:42:14.182-0600	INFO	SplitRunner-20260814_054213_00051_7trtm.4.1.0-6-354	stderr	false
[WARNING] [stderr] 2026-08-13T23:42:14.182-0600	INFO	SplitRunner-20260814_054213_00051_7trtm.4.1.0-6-354	stderr	 implicitReferences=
[WARNING] [stderr] 2026-08-13T23:42:14.182-0600	INFO	SplitRunner-20260814_054213_00051_7trtm.4.1.0-6-354	stderr	false
[WARNING] [stderr] 2026-08-13T23:42:14.182-0600	INFO	SplitRunner-20260814_054213_00051_7trtm.4.1.0-6-354	stderr	 compressedDuplicates=
[WARNING] [stderr] 2026-08-13T23:42:14.182-0600	INFO	SplitRunner-20260814_054213_00051_7trtm.4.1.0-6-354	stderr	false
[WARNING] [stderr] 2026-08-13T23:42:14.182-0600	INFO	SplitRunner-20260814_054213_00051_7trtm.4.0.0-4-358	stderr	[long-join-build] expected=
[WARNING] [stderr] 2026-08-13T23:42:14.183-0600	INFO	SplitRunner-20260814_054213_00051_7trtm.4.0.0-4-358	stderr	366
[WARNING] [stderr] 2026-08-13T23:42:14.183-0600	INFO	SplitRunner-20260814_054213_00051_7trtm.4.0.0-4-358	stderr	 rows=
[WARNING] [stderr] 2026-08-13T23:42:14.183-0600	INFO	SplitRunner-20260814_054213_00051_7trtm.4.0.0-4-358	stderr	366
[WARNING] [stderr] 2026-08-13T23:42:14.183-0600	INFO	SplitRunner-20260814_054213_00051_7trtm.4.0.0-4-358	stderr	 keys=
[WARNING] [stderr] 2026-08-13T23:42:14.183-0600	INFO	SplitRunner-20260814_054213_00051_7trtm.4.0.0-4-358	stderr	366
[WARNING] [stderr] 2026-08-13T23:42:14.183-0600	INFO	SplitRunner-20260814_054213_00051_7trtm.4.0.0-4-358	stderr	 min=
[WARNING] [stderr] 2026-08-13T23:42:14.183-0600	INFO	SplitRunner-20260814_054213_00051_7trtm.4.0.0-4-358	stderr	2451545
[WARNING] [stderr] 2026-08-13T23:42:14.183-0600	INFO	SplitRunner-20260814_054213_00051_7trtm.4.0.0-4-358	stderr	 max=
[WARNING] [stderr] 2026-08-13T23:42:14.183-0600	INFO	SplitRunner-20260814_054213_00051_7trtm.4.0.0-4-358	stderr	2451910
[WARNING] [stderr] 2026-08-13T23:42:14.183-0600	INFO	SplitRunner-20260814_054213_00051_7trtm.4.0.0-4-358	stderr	 dense=
[WARNING] [stderr] 2026-08-13T23:42:14.183-0600	INFO	SplitRunner-20260814_054213_00051_7trtm.4.0.0-4-358	stderr	false
[WARNING] [stderr] 2026-08-13T23:42:14.183-0600	INFO	SplitRunner-20260814_054213_00051_7trtm.4.0.0-4-358	stderr	 direct=
[WARNING] [stderr] 2026-08-13T23:42:14.183-0600	INFO	SplitRunner-20260814_054213_00051_7trtm.4.0.0-4-358	stderr	true
[WARNING] [stderr] 2026-08-13T23:42:14.183-0600	INFO	SplitRunner-20260814_054213_00051_7trtm.4.0.0-4-358	stderr	 duplicates=
[WARNING] [stderr] 2026-08-13T23:42:14.183-0600	INFO	SplitRunner-20260814_054213_00051_7trtm.4.0.0-4-358	stderr	false
[WARNING] [stderr] 2026-08-13T23:42:14.183-0600	INFO	SplitRunner-20260814_054213_00051_7trtm.4.0.0-4-358	stderr	 implicitReferences=
[WARNING] [stderr] 2026-08-13T23:42:14.183-0600	INFO	SplitRunner-20260814_054213_00051_7trtm.4.0.0-4-358	stderr	false
[WARNING] [stderr] 2026-08-13T23:42:14.183-0600	INFO	SplitRunner-20260814_054213_00051_7trtm.4.0.0-4-358	stderr	 compressedDuplicates=
[WARNING] [stderr] 2026-08-13T23:42:14.183-0600	INFO	SplitRunner-20260814_054213_00051_7trtm.4.0.0-4-358	stderr	false
[WARNING] [stderr] 2026-08-13T23:42:14.200-0600	INFO	SplitRunner-20260814_054213_00051_7trtm.2.0.0-6-370	stderr	[join-index] expected=
[WARNING] [stderr] 2026-08-13T23:42:14.200-0600	INFO	SplitRunner-20260814_054213_00051_7trtm.2.0.0-6-370	stderr	45
[WARNING] [stderr] 2026-08-13T23:42:14.200-0600	INFO	SplitRunner-20260814_054213_00051_7trtm.2.0.0-6-370	stderr	 fields=
[WARNING] [stderr] 2026-08-13T23:42:14.200-0600	INFO	SplitRunner-20260814_054213_00051_7trtm.2.0.0-6-370	stderr	1
[WARNING] [stderr] 2026-08-13T23:42:14.200-0600	INFO	SplitRunner-20260814_054213_00051_7trtm.2.0.0-6-370	stderr	 shape=
[WARNING] [stderr] 2026-08-13T23:42:14.200-0600	INFO	SplitRunner-20260814_054213_00051_7trtm.2.0.0-6-370	stderr	[I64Vector(45)]
[WARNING] [stderr] 2026-08-13T23:42:14.200-0600	INFO	SplitRunner-20260814_054213_00051_7trtm.2.0.0-6-370	stderr	[long-join-build] expected=
[WARNING] [stderr] 2026-08-13T23:42:14.200-0600	INFO	SplitRunner-20260814_054213_00051_7trtm.2.0.0-6-370	stderr	45
[WARNING] [stderr] 2026-08-13T23:42:14.200-0600	INFO	SplitRunner-20260814_054213_00051_7trtm.2.0.0-6-370	stderr	 rows=
[WARNING] [stderr] 2026-08-13T23:42:14.200-0600	INFO	SplitRunner-20260814_054213_00051_7trtm.2.0.0-6-370	stderr	45
[WARNING] [stderr] 2026-08-13T23:42:14.200-0600	INFO	SplitRunner-20260814_054213_00051_7trtm.2.0.0-6-370	stderr	 keys=
[WARNING] [stderr] 2026-08-13T23:42:14.200-0600	INFO	SplitRunner-20260814_054213_00051_7trtm.2.0.0-6-370	stderr	45
[WARNING] [stderr] 2026-08-13T23:42:14.200-0600	INFO	SplitRunner-20260814_054213_00051_7trtm.2.0.0-6-370	stderr	 min=
[WARNING] [stderr] 2026-08-13T23:42:14.200-0600	INFO	SplitRunner-20260814_054213_00051_7trtm.2.0.0-6-370	stderr	1
[WARNING] [stderr] 2026-08-13T23:42:14.200-0600	INFO	SplitRunner-20260814_054213_00051_7trtm.2.0.0-6-370	stderr	 max=
[WARNING] [stderr] 2026-08-13T23:42:14.200-0600	INFO	SplitRunner-20260814_054213_00051_7trtm.2.0.0-6-370	stderr	45
[WARNING] [stderr] 2026-08-13T23:42:14.200-0600	INFO	SplitRunner-20260814_054213_00051_7trtm.2.0.0-6-370	stderr	 dense=
[WARNING] [stderr] 2026-08-13T23:42:14.200-0600	INFO	SplitRunner-20260814_054213_00051_7trtm.2.0.0-6-370	stderr	true
[WARNING] [stderr] 2026-08-13T23:42:14.200-0600	INFO	SplitRunner-20260814_054213_00051_7trtm.2.0.0-6-370	stderr	 direct=
[WARNING] [stderr] 2026-08-13T23:42:14.200-0600	INFO	SplitRunner-20260814_054213_00051_7trtm.2.0.0-6-370	stderr	false
[WARNING] [stderr] 2026-08-13T23:42:14.200-0600	INFO	SplitRunner-20260814_054213_00051_7trtm.2.0.0-6-370	stderr	 duplicates=
[WARNING] [stderr] 2026-08-13T23:42:14.200-0600	INFO	SplitRunner-20260814_054213_00051_7trtm.2.0.0-6-370	stderr	false
[WARNING] [stderr] 2026-08-13T23:42:14.200-0600	INFO	SplitRunner-20260814_054213_00051_7trtm.2.0.0-6-370	stderr	 implicitReferences=
[WARNING] [stderr] 2026-08-13T23:42:14.200-0600	INFO	SplitRunner-20260814_054213_00051_7trtm.2.0.0-6-370	stderr	false
[WARNING] [stderr] 2026-08-13T23:42:14.200-0600	INFO	SplitRunner-20260814_054213_00051_7trtm.2.0.0-6-370	stderr	 compressedDuplicates=
[WARNING] [stderr] 2026-08-13T23:42:14.200-0600	INFO	SplitRunner-20260814_054213_00051_7trtm.2.0.0-6-370	stderr	false
[WARNING] [stderr] 2026-08-13T23:42:14.834-0600	INFO	SplitRunner-20260814_054213_00051_7trtm.2.0.0-4-368	stderr	[join-index] expected=
[WARNING] [stderr] 2026-08-13T23:42:14.834-0600	INFO	SplitRunner-20260814_054213_00051_7trtm.2.0.0-4-368	stderr	47909
[WARNING] [stderr] 2026-08-13T23:42:14.834-0600	INFO	SplitRunner-20260814_054213_00051_7trtm.2.0.0-4-368	stderr	 fields=
[WARNING] [stderr] 2026-08-13T23:42:14.834-0600	INFO	SplitRunner-20260814_054213_00051_7trtm.2.0.0-4-368	stderr	1
[WARNING] [stderr] 2026-08-13T23:42:14.834-0600	INFO	SplitRunner-20260814_054213_00051_7trtm.2.0.0-4-368	stderr	 shape=
[WARNING] [stderr] 2026-08-13T23:42:14.834-0600	INFO	SplitRunner-20260814_054213_00051_7trtm.2.0.0-4-368	stderr	[I64Vector(47909)]
[WARNING] [stderr] 2026-08-13T23:42:14.834-0600	INFO	SplitRunner-20260814_054213_00051_7trtm.2.0.0-4-368	stderr	[direct-range-build] expected=
[WARNING] [stderr] 2026-08-13T23:42:14.834-0600	INFO	SplitRunner-20260814_054213_00051_7trtm.2.0.0-4-368	stderr	47909
[WARNING] [stderr] 2026-08-13T23:42:14.844-0600	INFO	SplitRunner-20260814_054213_00051_7trtm.2.0.0-4-368	stderr	[long-join-build] expected=
[WARNING] [stderr] 2026-08-13T23:42:14.844-0600	INFO	SplitRunner-20260814_054213_00051_7trtm.2.0.0-4-368	stderr	47909
[WARNING] [stderr] 2026-08-13T23:42:14.844-0600	INFO	SplitRunner-20260814_054213_00051_7trtm.2.0.0-4-368	stderr	 rows=
[WARNING] [stderr] 2026-08-13T23:42:14.844-0600	INFO	SplitRunner-20260814_054213_00051_7trtm.2.0.0-4-368	stderr	47909
[WARNING] [stderr] 2026-08-13T23:42:14.844-0600	INFO	SplitRunner-20260814_054213_00051_7trtm.2.0.0-4-368	stderr	 keys=
[WARNING] [stderr] 2026-08-13T23:42:14.844-0600	INFO	SplitRunner-20260814_054213_00051_7trtm.2.0.0-4-368	stderr	47909
[WARNING] [stderr] 2026-08-13T23:42:14.844-0600	INFO	SplitRunner-20260814_054213_00051_7trtm.2.0.0-4-368	stderr	 min=
[WARNING] [stderr] 2026-08-13T23:42:14.844-0600	INFO	SplitRunner-20260814_054213_00051_7trtm.2.0.0-4-368	stderr	15
[WARNING] [stderr] 2026-08-13T23:42:14.844-0600	INFO	SplitRunner-20260814_054213_00051_7trtm.2.0.0-4-368	stderr	 max=
[WARNING] [stderr] 2026-08-13T23:42:14.844-0600	INFO	SplitRunner-20260814_054213_00051_7trtm.2.0.0-4-368	stderr	249984
[WARNING] [stderr] 2026-08-13T23:42:14.844-0600	INFO	SplitRunner-20260814_054213_00051_7trtm.2.0.0-4-368	stderr	 dense=
[WARNING] [stderr] 2026-08-13T23:42:14.844-0600	INFO	SplitRunner-20260814_054213_00051_7trtm.2.0.0-4-368	stderr	false
[WARNING] [stderr] 2026-08-13T23:42:14.844-0600	INFO	SplitRunner-20260814_054213_00051_7trtm.2.0.0-4-368	stderr	 direct=
[WARNING] [stderr] 2026-08-13T23:42:14.844-0600	INFO	SplitRunner-20260814_054213_00051_7trtm.2.0.0-4-368	stderr	true
[WARNING] [stderr] 2026-08-13T23:42:14.844-0600	INFO	SplitRunner-20260814_054213_00051_7trtm.2.0.0-4-368	stderr	 duplicates=
[WARNING] [stderr] 2026-08-13T23:42:14.844-0600	INFO	SplitRunner-20260814_054213_00051_7trtm.2.0.0-4-368	stderr	false
[WARNING] [stderr] 2026-08-13T23:42:14.844-0600	INFO	SplitRunner-20260814_054213_00051_7trtm.2.0.0-4-368	stderr	 implicitReferences=
[WARNING] [stderr] 2026-08-13T23:42:14.844-0600	INFO	SplitRunner-20260814_054213_00051_7trtm.2.0.0-4-368	stderr	false
[WARNING] [stderr] 2026-08-13T23:42:14.844-0600	INFO	SplitRunner-20260814_054213_00051_7trtm.2.0.0-4-368	stderr	 compressedDuplicates=
[WARNING] [stderr] 2026-08-13T23:42:14.844-0600	INFO	SplitRunner-20260814_054213_00051_7trtm.2.0.0-4-368	stderr	false
[WARNING] [stderr] 2026-08-13T23:42:14.915-0600	INFO	SplitRunner-20260814_054213_00051_7trtm.4.0.0-2-353	stderr	[join-index] expected=
[WARNING] [stderr] 2026-08-13T23:42:14.915-0600	INFO	SplitRunner-20260814_054213_00051_7trtm.4.0.0-2-353	stderr	719217
[WARNING] [stderr] 2026-08-13T23:42:14.915-0600	INFO	SplitRunner-20260814_054213_00051_7trtm.4.0.0-2-353	stderr	 fields=
[WARNING] [stderr] 2026-08-13T23:42:14.915-0600	INFO	SplitRunner-20260814_054213_00051_7trtm.4.0.0-2-353	stderr	2
[WARNING] [stderr] 2026-08-13T23:42:14.915-0600	INFO	SplitRunner-20260814_054213_00051_7trtm.4.0.0-2-353	stderr	 shape=
[WARNING] [stderr] 2026-08-13T23:42:14.915-0600	INFO	SplitRunner-20260814_054213_00051_7trtm.4.0.0-2-353	stderr	[I64Vector(719217), I64Vector(719217)]
[WARNING] [stderr] 2026-08-13T23:42:15.076-0600	INFO	SplitRunner-20260814_054213_00051_7trtm.4.0.0-7-362	stderr	[long-join-build] expected=
[WARNING] [stderr] 2026-08-13T23:42:15.076-0600	INFO	SplitRunner-20260814_054213_00051_7trtm.4.0.0-7-362	stderr	366
[WARNING] [stderr] 2026-08-13T23:42:15.076-0600	INFO	SplitRunner-20260814_054213_00051_7trtm.4.0.0-7-362	stderr	 rows=
[WARNING] [stderr] 2026-08-13T23:42:15.076-0600	INFO	SplitRunner-20260814_054213_00051_7trtm.4.0.0-7-362	stderr	366
[WARNING] [stderr] 2026-08-13T23:42:15.076-0600	INFO	SplitRunner-20260814_054213_00051_7trtm.4.0.0-7-362	stderr	 keys=
[WARNING] [stderr] 2026-08-13T23:42:15.076-0600	INFO	SplitRunner-20260814_054213_00051_7trtm.4.0.0-7-362	stderr	366
[WARNING] [stderr] 2026-08-13T23:42:15.076-0600	INFO	SplitRunner-20260814_054213_00051_7trtm.4.0.0-7-362	stderr	 min=
[WARNING] [stderr] 2026-08-13T23:42:15.076-0600	INFO	SplitRunner-20260814_054213_00051_7trtm.4.0.0-7-362	stderr	2451545
[WARNING] [stderr] 2026-08-13T23:42:15.076-0600	INFO	SplitRunner-20260814_054213_00051_7trtm.4.0.0-7-362	stderr	 max=
[WARNING] [stderr] 2026-08-13T23:42:15.076-0600	INFO	SplitRunner-20260814_054213_00051_7trtm.4.0.0-7-362	stderr	2451910
[WARNING] [stderr] 2026-08-13T23:42:15.076-0600	INFO	SplitRunner-20260814_054213_00051_7trtm.4.0.0-7-362	stderr	 dense=
[WARNING] [stderr] 2026-08-13T23:42:15.076-0600	INFO	SplitRunner-20260814_054213_00051_7trtm.4.0.0-7-362	stderr	false
[WARNING] [stderr] 2026-08-13T23:42:15.076-0600	INFO	SplitRunner-20260814_054213_00051_7trtm.4.0.0-7-362	stderr	 direct=
[WARNING] [stderr] 2026-08-13T23:42:15.076-0600	INFO	SplitRunner-20260814_054213_00051_7trtm.4.0.0-7-362	stderr	true
[WARNING] [stderr] 2026-08-13T23:42:15.077-0600	INFO	SplitRunner-20260814_054213_00051_7trtm.4.0.0-7-362	stderr	 duplicates=
[WARNING] [stderr] 2026-08-13T23:42:15.077-0600	INFO	SplitRunner-20260814_054213_00051_7trtm.4.0.0-7-362	stderr	false
[WARNING] [stderr] 2026-08-13T23:42:15.077-0600	INFO	SplitRunner-20260814_054213_00051_7trtm.4.0.0-7-362	stderr	 implicitReferences=
[WARNING] [stderr] 2026-08-13T23:42:15.077-0600	INFO	SplitRunner-20260814_054213_00051_7trtm.4.0.0-7-362	stderr	false
[WARNING] [stderr] 2026-08-13T23:42:15.077-0600	INFO	SplitRunner-20260814_054213_00051_7trtm.4.0.0-7-362	stderr	 compressedDuplicates=
[WARNING] [stderr] 2026-08-13T23:42:15.077-0600	INFO	SplitRunner-20260814_054213_00051_7trtm.4.0.0-7-362	stderr	false
[WARNING] [stderr] 2026-08-13T23:42:15.077-0600	INFO	SplitRunner-20260814_054213_00051_7trtm.4.0.0-8-363	stderr	[long-join-build] expected=
[WARNING] [stderr] 2026-08-13T23:42:15.077-0600	INFO	SplitRunner-20260814_054213_00051_7trtm.4.0.0-8-363	stderr	366
[WARNING] [stderr] 2026-08-13T23:42:15.077-0600	INFO	SplitRunner-20260814_054213_00051_7trtm.4.0.0-8-363	stderr	 rows=
[WARNING] [stderr] 2026-08-13T23:42:15.077-0600	INFO	SplitRunner-20260814_054213_00051_7trtm.4.0.0-8-363	stderr	366
[WARNING] [stderr] 2026-08-13T23:42:15.077-0600	INFO	SplitRunner-20260814_054213_00051_7trtm.4.0.0-8-363	stderr	 keys=
[WARNING] [stderr] 2026-08-13T23:42:15.077-0600	INFO	SplitRunner-20260814_054213_00051_7trtm.4.0.0-8-363	stderr	366
[WARNING] [stderr] 2026-08-13T23:42:15.077-0600	INFO	SplitRunner-20260814_054213_00051_7trtm.4.0.0-8-363	stderr	 min=
[WARNING] [stderr] 2026-08-13T23:42:15.077-0600	INFO	SplitRunner-20260814_054213_00051_7trtm.4.0.0-8-363	stderr	2451545
[WARNING] [stderr] 2026-08-13T23:42:15.077-0600	INFO	SplitRunner-20260814_054213_00051_7trtm.4.0.0-8-363	stderr	 max=
[WARNING] [stderr] 2026-08-13T23:42:15.077-0600	INFO	SplitRunner-20260814_054213_00051_7trtm.4.0.0-8-363	stderr	2451910
[WARNING] [stderr] 2026-08-13T23:42:15.077-0600	INFO	SplitRunner-20260814_054213_00051_7trtm.4.0.0-8-363	stderr	 dense=
[WARNING] [stderr] 2026-08-13T23:42:15.077-0600	INFO	SplitRunner-20260814_054213_00051_7trtm.4.0.0-8-363	stderr	false
[WARNING] [stderr] 2026-08-13T23:42:15.077-0600	INFO	SplitRunner-20260814_054213_00051_7trtm.4.0.0-8-363	stderr	 direct=
[WARNING] [stderr] 2026-08-13T23:42:15.077-0600	INFO	SplitRunner-20260814_054213_00051_7trtm.4.0.0-8-363	stderr	true
[WARNING] [stderr] 2026-08-13T23:42:15.077-0600	INFO	SplitRunner-20260814_054213_00051_7trtm.4.0.0-8-363	stderr	 duplicates=
[WARNING] [stderr] 2026-08-13T23:42:15.077-0600	INFO	SplitRunner-20260814_054213_00051_7trtm.4.0.0-8-363	stderr	false
[WARNING] [stderr] 2026-08-13T23:42:15.077-0600	INFO	SplitRunner-20260814_054213_00051_7trtm.4.0.0-8-363	stderr	 implicitReferences=
[WARNING] [stderr] 2026-08-13T23:42:15.077-0600	INFO	SplitRunner-20260814_054213_00051_7trtm.4.0.0-8-363	stderr	false
[WARNING] [stderr] 2026-08-13T23:42:15.077-0600	INFO	SplitRunner-20260814_054213_00051_7trtm.4.0.0-8-363	stderr	 compressedDuplicates=
[WARNING] [stderr] 2026-08-13T23:42:15.077-0600	INFO	SplitRunner-20260814_054213_00051_7trtm.4.0.0-8-363	stderr	false
[WARNING] [stderr] 2026-08-13T23:42:15.078-0600	INFO	SplitRunner-20260814_054213_00051_7trtm.4.0.0-7-362	stderr	[long-join-build] expected=
[WARNING] [stderr] 2026-08-13T23:42:15.078-0600	INFO	SplitRunner-20260814_054213_00051_7trtm.4.0.0-7-362	stderr	200
[WARNING] [stderr] 2026-08-13T23:42:15.078-0600	INFO	SplitRunner-20260814_054213_00051_7trtm.4.0.0-7-362	stderr	 rows=
[WARNING] [stderr] 2026-08-13T23:42:15.078-0600	INFO	SplitRunner-20260814_054213_00051_7trtm.4.0.0-7-362	stderr	200
[WARNING] [stderr] 2026-08-13T23:42:15.078-0600	INFO	SplitRunner-20260814_054213_00051_7trtm.4.0.0-7-362	stderr	 keys=
[WARNING] [stderr] 2026-08-13T23:42:15.078-0600	INFO	SplitRunner-20260814_054213_00051_7trtm.4.0.0-7-362	stderr	200
[WARNING] [stderr] 2026-08-13T23:42:15.078-0600	INFO	SplitRunner-20260814_054213_00051_7trtm.4.0.0-7-362	stderr	 min=
[WARNING] [stderr] 2026-08-13T23:42:15.078-0600	INFO	SplitRunner-20260814_054213_00051_7trtm.4.0.0-7-362	stderr	1
[WARNING] [stderr] 2026-08-13T23:42:15.078-0600	INFO	SplitRunner-20260814_054213_00051_7trtm.4.0.0-7-362	stderr	 max=
[WARNING] [stderr] 2026-08-13T23:42:15.078-0600	INFO	SplitRunner-20260814_054213_00051_7trtm.4.0.0-7-362	stderr	200
[WARNING] [stderr] 2026-08-13T23:42:15.078-0600	INFO	SplitRunner-20260814_054213_00051_7trtm.4.0.0-7-362	stderr	 dense=
[WARNING] [stderr] 2026-08-13T23:42:15.078-0600	INFO	SplitRunner-20260814_054213_00051_7trtm.4.0.0-7-362	stderr	false
[WARNING] [stderr] 2026-08-13T23:42:15.078-0600	INFO	SplitRunner-20260814_054213_00051_7trtm.4.0.0-7-362	stderr	 direct=
[WARNING] [stderr] 2026-08-13T23:42:15.078-0600	INFO	SplitRunner-20260814_054213_00051_7trtm.4.0.0-7-362	stderr	true
[WARNING] [stderr] 2026-08-13T23:42:15.078-0600	INFO	SplitRunner-20260814_054213_00051_7trtm.4.0.0-7-362	stderr	 duplicates=
[WARNING] [stderr] 2026-08-13T23:42:15.078-0600	INFO	SplitRunner-20260814_054213_00051_7trtm.4.0.0-7-362	stderr	false
[WARNING] [stderr] 2026-08-13T23:42:15.078-0600	INFO	SplitRunner-20260814_054213_00051_7trtm.4.0.0-7-362	stderr	 implicitReferences=
[WARNING] [stderr] 2026-08-13T23:42:15.078-0600	INFO	SplitRunner-20260814_054213_00051_7trtm.4.0.0-7-362	stderr	false
[WARNING] [stderr] 2026-08-13T23:42:15.078-0600	INFO	SplitRunner-20260814_054213_00051_7trtm.4.0.0-7-362	stderr	 compressedDuplicates=
[WARNING] [stderr] 2026-08-13T23:42:15.078-0600	INFO	SplitRunner-20260814_054213_00051_7trtm.4.0.0-7-362	stderr	false
[WARNING] [stderr] 2026-08-13T23:42:15.078-0600	INFO	SplitRunner-20260814_054213_00051_7trtm.4.0.0-8-363	stderr	[long-join-build] expected=
[WARNING] [stderr] 2026-08-13T23:42:15.078-0600	INFO	SplitRunner-20260814_054213_00051_7trtm.4.0.0-8-363	stderr	200
[WARNING] [stderr] 2026-08-13T23:42:15.078-0600	INFO	SplitRunner-20260814_054213_00051_7trtm.4.0.0-8-363	stderr	 rows=
[WARNING] [stderr] 2026-08-13T23:42:15.078-0600	INFO	SplitRunner-20260814_054213_00051_7trtm.4.0.0-8-363	stderr	200
[WARNING] [stderr] 2026-08-13T23:42:15.078-0600	INFO	SplitRunner-20260814_054213_00051_7trtm.4.0.0-8-363	stderr	 keys=
[WARNING] [stderr] 2026-08-13T23:42:15.078-0600	INFO	SplitRunner-20260814_054213_00051_7trtm.4.0.0-8-363	stderr	200
[WARNING] [stderr] 2026-08-13T23:42:15.078-0600	INFO	SplitRunner-20260814_054213_00051_7trtm.4.0.0-8-363	stderr	 min=
[WARNING] [stderr] 2026-08-13T23:42:15.078-0600	INFO	SplitRunner-20260814_054213_00051_7trtm.4.0.0-8-363	stderr	1
[WARNING] [stderr] 2026-08-13T23:42:15.078-0600	INFO	SplitRunner-20260814_054213_00051_7trtm.4.0.0-8-363	stderr	 max=
[WARNING] [stderr] 2026-08-13T23:42:15.078-0600	INFO	SplitRunner-20260814_054213_00051_7trtm.4.0.0-8-363	stderr	200
[WARNING] [stderr] 2026-08-13T23:42:15.078-0600	INFO	SplitRunner-20260814_054213_00051_7trtm.4.0.0-8-363	stderr	 dense=
[WARNING] [stderr] 2026-08-13T23:42:15.078-0600	INFO	SplitRunner-20260814_054213_00051_7trtm.4.0.0-8-363	stderr	false
[WARNING] [stderr] 2026-08-13T23:42:15.078-0600	INFO	SplitRunner-20260814_054213_00051_7trtm.4.0.0-8-363	stderr	 direct=
[WARNING] [stderr] 2026-08-13T23:42:15.078-0600	INFO	SplitRunner-20260814_054213_00051_7trtm.4.0.0-8-363	stderr	true
[WARNING] [stderr] 2026-08-13T23:42:15.078-0600	INFO	SplitRunner-20260814_054213_00051_7trtm.4.0.0-8-363	stderr	 duplicates=
[WARNING] [stderr] 2026-08-13T23:42:15.078-0600	INFO	SplitRunner-20260814_054213_00051_7trtm.4.0.0-8-363	stderr	false
[WARNING] [stderr] 2026-08-13T23:42:15.078-0600	INFO	SplitRunner-20260814_054213_00051_7trtm.4.0.0-8-363	stderr	 implicitReferences=
[WARNING] [stderr] 2026-08-13T23:42:15.078-0600	INFO	SplitRunner-20260814_054213_00051_7trtm.4.0.0-8-363	stderr	false
[WARNING] [stderr] 2026-08-13T23:42:15.079-0600	INFO	SplitRunner-20260814_054213_00051_7trtm.4.0.0-8-363	stderr	 compressedDuplicates=
[WARNING] [stderr] 2026-08-13T23:42:15.079-0600	INFO	SplitRunner-20260814_054213_00051_7trtm.4.0.0-8-363	stderr	false
[WARNING] [stderr] 2026-08-13T23:42:15.138-0600	INFO	SplitRunner-20260814_054213_00051_7trtm.4.1.0-2-348	stderr	[join-index] expected=
[WARNING] [stderr] 2026-08-13T23:42:15.138-0600	INFO	SplitRunner-20260814_054213_00051_7trtm.4.1.0-2-348	stderr	719217
[WARNING] [stderr] 2026-08-13T23:42:15.138-0600	INFO	SplitRunner-20260814_054213_00051_7trtm.4.1.0-2-348	stderr	 fields=
[WARNING] [stderr] 2026-08-13T23:42:15.138-0600	INFO	SplitRunner-20260814_054213_00051_7trtm.4.1.0-2-348	stderr	2
[WARNING] [stderr] 2026-08-13T23:42:15.138-0600	INFO	SplitRunner-20260814_054213_00051_7trtm.4.1.0-2-348	stderr	 shape=
[WARNING] [stderr] 2026-08-13T23:42:15.139-0600	INFO	SplitRunner-20260814_054213_00051_7trtm.4.1.0-2-348	stderr	[I64Vector(719217), I64Vector(719217)]
[WARNING] [stderr] 2026-08-13T23:42:15.184-0600	INFO	SplitRunner-20260814_054213_00051_7trtm.4.1.0-8-356	stderr	[long-join-build] expected=
[WARNING] [stderr] 2026-08-13T23:42:15.185-0600	INFO	SplitRunner-20260814_054213_00051_7trtm.4.1.0-8-356	stderr	366
[WARNING] [stderr] 2026-08-13T23:42:15.185-0600	INFO	SplitRunner-20260814_054213_00051_7trtm.4.1.0-8-356	stderr	 rows=
[WARNING] [stderr] 2026-08-13T23:42:15.185-0600	INFO	SplitRunner-20260814_054213_00051_7trtm.4.1.0-8-356	stderr	366
[WARNING] [stderr] 2026-08-13T23:42:15.185-0600	INFO	SplitRunner-20260814_054213_00051_7trtm.4.1.0-8-356	stderr	 keys=
[WARNING] [stderr] 2026-08-13T23:42:15.185-0600	INFO	SplitRunner-20260814_054213_00051_7trtm.4.1.0-8-356	stderr	366
[WARNING] [stderr] 2026-08-13T23:42:15.185-0600	INFO	SplitRunner-20260814_054213_00051_7trtm.4.1.0-8-356	stderr	 min=
[WARNING] [stderr] 2026-08-13T23:42:15.185-0600	INFO	SplitRunner-20260814_054213_00051_7trtm.4.1.0-8-356	stderr	2451545
[WARNING] [stderr] 2026-08-13T23:42:15.185-0600	INFO	SplitRunner-20260814_054213_00051_7trtm.4.1.0-8-356	stderr	 max=
[WARNING] [stderr] 2026-08-13T23:42:15.185-0600	INFO	SplitRunner-20260814_054213_00051_7trtm.4.1.0-8-356	stderr	2451910
[WARNING] [stderr] 2026-08-13T23:42:15.185-0600	INFO	SplitRunner-20260814_054213_00051_7trtm.4.1.0-8-356	stderr	 dense=
[WARNING] [stderr] 2026-08-13T23:42:15.185-0600	INFO	SplitRunner-20260814_054213_00051_7trtm.4.1.0-8-356	stderr	false
[WARNING] [stderr] 2026-08-13T23:42:15.185-0600	INFO	SplitRunner-20260814_054213_00051_7trtm.4.1.0-8-356	stderr	 direct=
[WARNING] [stderr] 2026-08-13T23:42:15.185-0600	INFO	SplitRunner-20260814_054213_00051_7trtm.4.1.0-8-356	stderr	true
[WARNING] [stderr] 2026-08-13T23:42:15.185-0600	INFO	SplitRunner-20260814_054213_00051_7trtm.4.1.0-8-356	stderr	 duplicates=
[WARNING] [stderr] 2026-08-13T23:42:15.185-0600	INFO	SplitRunner-20260814_054213_00051_7trtm.4.1.0-8-356	stderr	false
[WARNING] [stderr] 2026-08-13T23:42:15.185-0600	INFO	SplitRunner-20260814_054213_00051_7trtm.4.1.0-8-356	stderr	 implicitReferences=
[WARNING] [stderr] 2026-08-13T23:42:15.185-0600	INFO	SplitRunner-20260814_054213_00051_7trtm.4.1.0-8-356	stderr	false
[WARNING] [stderr] 2026-08-13T23:42:15.185-0600	INFO	SplitRunner-20260814_054213_00051_7trtm.4.1.0-8-356	stderr	 compressedDuplicates=
[WARNING] [stderr] 2026-08-13T23:42:15.185-0600	INFO	SplitRunner-20260814_054213_00051_7trtm.4.1.0-8-356	stderr	false
[WARNING] [stderr] 2026-08-13T23:42:15.185-0600	INFO	SplitRunner-20260814_054213_00051_7trtm.4.1.0-8-356	stderr	[long-join-build] expected=
[WARNING] [stderr] 2026-08-13T23:42:15.185-0600	INFO	SplitRunner-20260814_054213_00051_7trtm.4.1.0-8-356	stderr	200
[WARNING] [stderr] 2026-08-13T23:42:15.185-0600	INFO	SplitRunner-20260814_054213_00051_7trtm.4.1.0-8-356	stderr	 rows=
[WARNING] [stderr] 2026-08-13T23:42:15.185-0600	INFO	SplitRunner-20260814_054213_00051_7trtm.4.1.0-8-356	stderr	200
[WARNING] [stderr] 2026-08-13T23:42:15.185-0600	INFO	SplitRunner-20260814_054213_00051_7trtm.4.1.0-8-356	stderr	 keys=
[WARNING] [stderr] 2026-08-13T23:42:15.185-0600	INFO	SplitRunner-20260814_054213_00051_7trtm.4.1.0-8-356	stderr	200
[WARNING] [stderr] 2026-08-13T23:42:15.185-0600	INFO	SplitRunner-20260814_054213_00051_7trtm.4.1.0-8-356	stderr	 min=
[WARNING] [stderr] 2026-08-13T23:42:15.185-0600	INFO	SplitRunner-20260814_054213_00051_7trtm.4.1.0-8-356	stderr	1
[WARNING] [stderr] 2026-08-13T23:42:15.185-0600	INFO	SplitRunner-20260814_054213_00051_7trtm.4.1.0-8-356	stderr	 max=
[WARNING] [stderr] 2026-08-13T23:42:15.185-0600	INFO	SplitRunner-20260814_054213_00051_7trtm.4.1.0-8-356	stderr	200
[WARNING] [stderr] 2026-08-13T23:42:15.185-0600	INFO	SplitRunner-20260814_054213_00051_7trtm.4.1.0-8-356	stderr	 dense=
[WARNING] [stderr] 2026-08-13T23:42:15.185-0600	INFO	SplitRunner-20260814_054213_00051_7trtm.4.1.0-8-356	stderr	false
[WARNING] [stderr] 2026-08-13T23:42:15.185-0600	INFO	SplitRunner-20260814_054213_00051_7trtm.4.1.0-8-356	stderr	 direct=
[WARNING] [stderr] 2026-08-13T23:42:15.185-0600	INFO	SplitRunner-20260814_054213_00051_7trtm.4.1.0-8-356	stderr	true
[WARNING] [stderr] 2026-08-13T23:42:15.185-0600	INFO	SplitRunner-20260814_054213_00051_7trtm.4.1.0-8-356	stderr	 duplicates=
[WARNING] [stderr] 2026-08-13T23:42:15.185-0600	INFO	SplitRunner-20260814_054213_00051_7trtm.4.1.0-8-356	stderr	false
[WARNING] [stderr] 2026-08-13T23:42:15.185-0600	INFO	SplitRunner-20260814_054213_00051_7trtm.4.1.0-8-356	stderr	 implicitReferences=
[WARNING] [stderr] 2026-08-13T23:42:15.185-0600	INFO	SplitRunner-20260814_054213_00051_7trtm.4.1.0-8-356	stderr	false
[WARNING] [stderr] 2026-08-13T23:42:15.185-0600	INFO	SplitRunner-20260814_054213_00051_7trtm.4.1.0-8-356	stderr	 compressedDuplicates=
[WARNING] [stderr] 2026-08-13T23:42:15.185-0600	INFO	SplitRunner-20260814_054213_00051_7trtm.4.1.0-8-356	stderr	false
[WARNING] [stderr] 2026-08-13T23:42:15.187-0600	INFO	SplitRunner-20260814_054213_00051_7trtm.4.1.0-7-355	stderr	[long-join-build] expected=
[WARNING] [stderr] 2026-08-13T23:42:15.187-0600	INFO	SplitRunner-20260814_054213_00051_7trtm.4.1.0-7-355	stderr	366
[WARNING] [stderr] 2026-08-13T23:42:15.187-0600	INFO	SplitRunner-20260814_054213_00051_7trtm.4.1.0-7-355	stderr	 rows=
[WARNING] [stderr] 2026-08-13T23:42:15.187-0600	INFO	SplitRunner-20260814_054213_00051_7trtm.4.1.0-7-355	stderr	366
[WARNING] [stderr] 2026-08-13T23:42:15.187-0600	INFO	SplitRunner-20260814_054213_00051_7trtm.4.1.0-7-355	stderr	 keys=
[WARNING] [stderr] 2026-08-13T23:42:15.187-0600	INFO	SplitRunner-20260814_054213_00051_7trtm.4.1.0-7-355	stderr	366
[WARNING] [stderr] 2026-08-13T23:42:15.187-0600	INFO	SplitRunner-20260814_054213_00051_7trtm.4.1.0-7-355	stderr	 min=
[WARNING] [stderr] 2026-08-13T23:42:15.187-0600	INFO	SplitRunner-20260814_054213_00051_7trtm.4.1.0-7-355	stderr	2451545
[WARNING] [stderr] 2026-08-13T23:42:15.187-0600	INFO	SplitRunner-20260814_054213_00051_7trtm.4.1.0-7-355	stderr	 max=
[WARNING] [stderr] 2026-08-13T23:42:15.187-0600	INFO	SplitRunner-20260814_054213_00051_7trtm.4.1.0-7-355	stderr	2451910
[WARNING] [stderr] 2026-08-13T23:42:15.187-0600	INFO	SplitRunner-20260814_054213_00051_7trtm.4.1.0-7-355	stderr	 dense=
[WARNING] [stderr] 2026-08-13T23:42:15.187-0600	INFO	SplitRunner-20260814_054213_00051_7trtm.4.1.0-7-355	stderr	false
[WARNING] [stderr] 2026-08-13T23:42:15.187-0600	INFO	SplitRunner-20260814_054213_00051_7trtm.4.1.0-7-355	stderr	 direct=
[WARNING] [stderr] 2026-08-13T23:42:15.187-0600	INFO	SplitRunner-20260814_054213_00051_7trtm.4.1.0-7-355	stderr	true
[WARNING] [stderr] 2026-08-13T23:42:15.187-0600	INFO	SplitRunner-20260814_054213_00051_7trtm.4.1.0-7-355	stderr	 duplicates=
[WARNING] [stderr] 2026-08-13T23:42:15.187-0600	INFO	SplitRunner-20260814_054213_00051_7trtm.4.1.0-7-355	stderr	false
[WARNING] [stderr] 2026-08-13T23:42:15.187-0600	INFO	SplitRunner-20260814_054213_00051_7trtm.4.1.0-7-355	stderr	 implicitReferences=
[WARNING] [stderr] 2026-08-13T23:42:15.187-0600	INFO	SplitRunner-20260814_054213_00051_7trtm.4.1.0-7-355	stderr	false
[WARNING] [stderr] 2026-08-13T23:42:15.187-0600	INFO	SplitRunner-20260814_054213_00051_7trtm.4.1.0-7-355	stderr	 compressedDuplicates=
[WARNING] [stderr] 2026-08-13T23:42:15.187-0600	INFO	SplitRunner-20260814_054213_00051_7trtm.4.1.0-7-355	stderr	false
[WARNING] [stderr] 2026-08-13T23:42:15.188-0600	INFO	SplitRunner-20260814_054213_00051_7trtm.4.1.0-7-355	stderr	[long-join-build] expected=
[WARNING] [stderr] 2026-08-13T23:42:15.188-0600	INFO	SplitRunner-20260814_054213_00051_7trtm.4.1.0-7-355	stderr	200
[WARNING] [stderr] 2026-08-13T23:42:15.188-0600	INFO	SplitRunner-20260814_054213_00051_7trtm.4.1.0-7-355	stderr	 rows=
[WARNING] [stderr] 2026-08-13T23:42:15.188-0600	INFO	SplitRunner-20260814_054213_00051_7trtm.4.1.0-7-355	stderr	200
[WARNING] [stderr] 2026-08-13T23:42:15.188-0600	INFO	SplitRunner-20260814_054213_00051_7trtm.4.1.0-7-355	stderr	 keys=
[WARNING] [stderr] 2026-08-13T23:42:15.188-0600	INFO	SplitRunner-20260814_054213_00051_7trtm.4.1.0-7-355	stderr	200
[WARNING] [stderr] 2026-08-13T23:42:15.188-0600	INFO	SplitRunner-20260814_054213_00051_7trtm.4.1.0-7-355	stderr	 min=
[WARNING] [stderr] 2026-08-13T23:42:15.188-0600	INFO	SplitRunner-20260814_054213_00051_7trtm.4.1.0-7-355	stderr	1
[WARNING] [stderr] 2026-08-13T23:42:15.188-0600	INFO	SplitRunner-20260814_054213_00051_7trtm.4.1.0-7-355	stderr	 max=
[WARNING] [stderr] 2026-08-13T23:42:15.188-0600	INFO	SplitRunner-20260814_054213_00051_7trtm.4.1.0-7-355	stderr	200
[WARNING] [stderr] 2026-08-13T23:42:15.188-0600	INFO	SplitRunner-20260814_054213_00051_7trtm.4.1.0-7-355	stderr	 dense=
[WARNING] [stderr] 2026-08-13T23:42:15.188-0600	INFO	SplitRunner-20260814_054213_00051_7trtm.4.1.0-7-355	stderr	false
[WARNING] [stderr] 2026-08-13T23:42:15.188-0600	INFO	SplitRunner-20260814_054213_00051_7trtm.4.1.0-7-355	stderr	 direct=
[WARNING] [stderr] 2026-08-13T23:42:15.188-0600	INFO	SplitRunner-20260814_054213_00051_7trtm.4.1.0-7-355	stderr	true
[WARNING] [stderr] 2026-08-13T23:42:15.188-0600	INFO	SplitRunner-20260814_054213_00051_7trtm.4.1.0-7-355	stderr	 duplicates=
[WARNING] [stderr] 2026-08-13T23:42:15.188-0600	INFO	SplitRunner-20260814_054213_00051_7trtm.4.1.0-7-355	stderr	false
[WARNING] [stderr] 2026-08-13T23:42:15.188-0600	INFO	SplitRunner-20260814_054213_00051_7trtm.4.1.0-7-355	stderr	 implicitReferences=
[WARNING] [stderr] 2026-08-13T23:42:15.188-0600	INFO	SplitRunner-20260814_054213_00051_7trtm.4.1.0-7-355	stderr	false
[WARNING] [stderr] 2026-08-13T23:42:15.188-0600	INFO	SplitRunner-20260814_054213_00051_7trtm.4.1.0-7-355	stderr	 compressedDuplicates=
[WARNING] [stderr] 2026-08-13T23:42:15.188-0600	INFO	SplitRunner-20260814_054213_00051_7trtm.4.1.0-7-355	stderr	false
[WARNING] [stderr] 2026-08-13T23:42:15.344-0600	INFO	SplitRunner-20260814_054213_00051_7trtm.3.0.0-2-308	stderr	[join-index] expected=
[WARNING] [stderr] 2026-08-13T23:42:15.344-0600	INFO	SplitRunner-20260814_054213_00051_7trtm.3.0.0-2-308	stderr	54282
[WARNING] [stderr] 2026-08-13T23:42:15.344-0600	INFO	SplitRunner-20260814_054213_00051_7trtm.3.0.0-2-308	stderr	 fields=
[WARNING] [stderr] 2026-08-13T23:42:15.345-0600	INFO	SplitRunner-20260814_054213_00051_7trtm.3.0.0-2-308	stderr	1
[WARNING] [stderr] 2026-08-13T23:42:15.345-0600	INFO	SplitRunner-20260814_054213_00051_7trtm.3.0.0-2-308	stderr	 shape=
[WARNING] [stderr] 2026-08-13T23:42:15.345-0600	INFO	SplitRunner-20260814_054213_00051_7trtm.3.0.0-2-308	stderr	[I64Vector(54282)]
[WARNING] [stderr] 2026-08-13T23:42:15.361-0600	INFO	SplitRunner-20260814_054213_00051_7trtm.3.0.0-2-308	stderr	[long-join-build] expected=
[WARNING] [stderr] 2026-08-13T23:42:15.362-0600	INFO	SplitRunner-20260814_054213_00051_7trtm.3.0.0-2-308	stderr	54282
[WARNING] [stderr] 2026-08-13T23:42:15.362-0600	INFO	SplitRunner-20260814_054213_00051_7trtm.3.0.0-2-308	stderr	 rows=
[WARNING] [stderr] 2026-08-13T23:42:15.362-0600	INFO	SplitRunner-20260814_054213_00051_7trtm.3.0.0-2-308	stderr	51789
[WARNING] [stderr] 2026-08-13T23:42:15.362-0600	INFO	SplitRunner-20260814_054213_00051_7trtm.3.0.0-2-308	stderr	 keys=
[WARNING] [stderr] 2026-08-13T23:42:15.362-0600	INFO	SplitRunner-20260814_054213_00051_7trtm.3.0.0-2-308	stderr	51009
[WARNING] [stderr] 2026-08-13T23:42:15.362-0600	INFO	SplitRunner-20260814_054213_00051_7trtm.3.0.0-2-308	stderr	 min=
[WARNING] [stderr] 2026-08-13T23:42:15.362-0600	INFO	SplitRunner-20260814_054213_00051_7trtm.3.0.0-2-308	stderr	22
[WARNING] [stderr] 2026-08-13T23:42:15.362-0600	INFO	SplitRunner-20260814_054213_00051_7trtm.3.0.0-2-308	stderr	 max=
[WARNING] [stderr] 2026-08-13T23:42:15.362-0600	INFO	SplitRunner-20260814_054213_00051_7trtm.3.0.0-2-308	stderr	1920726
[WARNING] [stderr] 2026-08-13T23:42:15.362-0600	INFO	SplitRunner-20260814_054213_00051_7trtm.3.0.0-2-308	stderr	 dense=
[WARNING] [stderr] 2026-08-13T23:42:15.362-0600	INFO	SplitRunner-20260814_054213_00051_7trtm.3.0.0-2-308	stderr	false
[WARNING] [stderr] 2026-08-13T23:42:15.362-0600	INFO	SplitRunner-20260814_054213_00051_7trtm.3.0.0-2-308	stderr	 direct=
[WARNING] [stderr] 2026-08-13T23:42:15.362-0600	INFO	SplitRunner-20260814_054213_00051_7trtm.3.0.0-2-308	stderr	false
[WARNING] [stderr] 2026-08-13T23:42:15.362-0600	INFO	SplitRunner-20260814_054213_00051_7trtm.3.0.0-2-308	stderr	 duplicates=
[WARNING] [stderr] 2026-08-13T23:42:15.362-0600	INFO	SplitRunner-20260814_054213_00051_7trtm.3.0.0-2-308	stderr	true
[WARNING] [stderr] 2026-08-13T23:42:15.362-0600	INFO	SplitRunner-20260814_054213_00051_7trtm.3.0.0-2-308	stderr	 implicitReferences=
[WARNING] [stderr] 2026-08-13T23:42:15.362-0600	INFO	SplitRunner-20260814_054213_00051_7trtm.3.0.0-2-308	stderr	false
[WARNING] [stderr] 2026-08-13T23:42:15.362-0600	INFO	SplitRunner-20260814_054213_00051_7trtm.3.0.0-2-308	stderr	 compressedDuplicates=
[WARNING] [stderr] 2026-08-13T23:42:15.362-0600	INFO	SplitRunner-20260814_054213_00051_7trtm.3.0.0-2-308	stderr	false
[WARNING] [stderr] 2026-08-13T23:42:15.507-0600	INFO	SplitRunner-20260814_054213_00051_7trtm.2.0.0-2-264	stderr	[join-index] expected=
[WARNING] [stderr] 2026-08-13T23:42:15.507-0600	INFO	SplitRunner-20260814_054213_00051_7trtm.2.0.0-2-264	stderr	1471
[WARNING] [stderr] 2026-08-13T23:42:15.507-0600	INFO	SplitRunner-20260814_054213_00051_7trtm.2.0.0-2-264	stderr	 fields=
[WARNING] [stderr] 2026-08-13T23:42:15.507-0600	INFO	SplitRunner-20260814_054213_00051_7trtm.2.0.0-2-264	stderr	3
[WARNING] [stderr] 2026-08-13T23:42:15.507-0600	INFO	SplitRunner-20260814_054213_00051_7trtm.2.0.0-2-264	stderr	 shape=
[WARNING] [stderr] 2026-08-13T23:42:15.507-0600	INFO	SplitRunner-20260814_054213_00051_7trtm.2.0.0-2-264	stderr	[I64Vector(1471), BinaryVector(1471), BinaryVector(1471)]
[WARNING] [stderr] 2026-08-13T23:42:16.063-0600	INFO	SplitRunner-20260814_054215_00052_7trtm.4.1.0-6-362	stderr	[long-join-build] expected=
[WARNING] [stderr] 2026-08-13T23:42:16.063-0600	INFO	SplitRunner-20260814_054215_00052_7trtm.4.1.0-6-362	stderr	200
[WARNING] [stderr] 2026-08-13T23:42:16.063-0600	INFO	SplitRunner-20260814_054215_00052_7trtm.4.1.0-6-362	stderr	 rows=
[WARNING] [stderr] 2026-08-13T23:42:16.063-0600	INFO	SplitRunner-20260814_054215_00052_7trtm.4.1.0-6-362	stderr	200
[WARNING] [stderr] 2026-08-13T23:42:16.063-0600	INFO	SplitRunner-20260814_054215_00052_7trtm.4.1.0-6-362	stderr	 keys=
[WARNING] [stderr] 2026-08-13T23:42:16.063-0600	INFO	SplitRunner-20260814_054215_00052_7trtm.4.1.0-6-362	stderr	200
[WARNING] [stderr] 2026-08-13T23:42:16.063-0600	INFO	SplitRunner-20260814_054215_00052_7trtm.4.1.0-6-362	stderr	 min=
[WARNING] [stderr] 2026-08-13T23:42:16.063-0600	INFO	SplitRunner-20260814_054215_00052_7trtm.4.1.0-6-362	stderr	1
[WARNING] [stderr] 2026-08-13T23:42:16.063-0600	INFO	SplitRunner-20260814_054215_00052_7trtm.4.1.0-6-362	stderr	 max=
[WARNING] [stderr] 2026-08-13T23:42:16.063-0600	INFO	SplitRunner-20260814_054215_00052_7trtm.4.1.0-6-362	stderr	200
[WARNING] [stderr] 2026-08-13T23:42:16.063-0600	INFO	SplitRunner-20260814_054215_00052_7trtm.4.1.0-6-362	stderr	 dense=
[WARNING] [stderr] 2026-08-13T23:42:16.063-0600	INFO	SplitRunner-20260814_054215_00052_7trtm.4.1.0-6-362	stderr	false
[WARNING] [stderr] 2026-08-13T23:42:16.063-0600	INFO	SplitRunner-20260814_054215_00052_7trtm.4.1.0-6-362	stderr	 direct=
[WARNING] [stderr] 2026-08-13T23:42:16.063-0600	INFO	SplitRunner-20260814_054215_00052_7trtm.4.1.0-6-362	stderr	true
[WARNING] [stderr] 2026-08-13T23:42:16.063-0600	INFO	SplitRunner-20260814_054215_00052_7trtm.4.1.0-6-362	stderr	 duplicates=
[WARNING] [stderr] 2026-08-13T23:42:16.063-0600	INFO	SplitRunner-20260814_054215_00052_7trtm.4.1.0-6-362	stderr	false
[WARNING] [stderr] 2026-08-13T23:42:16.063-0600	INFO	SplitRunner-20260814_054215_00052_7trtm.4.1.0-6-362	stderr	 implicitReferences=
[WARNING] [stderr] 2026-08-13T23:42:16.063-0600	INFO	SplitRunner-20260814_054215_00052_7trtm.4.1.0-6-362	stderr	false
[WARNING] [stderr] 2026-08-13T23:42:16.063-0600	INFO	SplitRunner-20260814_054215_00052_7trtm.4.1.0-6-362	stderr	 compressedDuplicates=
[WARNING] [stderr] 2026-08-13T23:42:16.063-0600	INFO	SplitRunner-20260814_054215_00052_7trtm.4.1.0-6-362	stderr	false
[WARNING] [stderr] 2026-08-13T23:42:16.063-0600	INFO	SplitRunner-20260814_054215_00052_7trtm.4.0.0-6-355	stderr	[long-join-build] expected=
[WARNING] [stderr] 2026-08-13T23:42:16.063-0600	INFO	SplitRunner-20260814_054215_00052_7trtm.4.0.0-6-355	stderr	200
[WARNING] [stderr] 2026-08-13T23:42:16.063-0600	INFO	SplitRunner-20260814_054215_00052_7trtm.4.0.0-6-355	stderr	 rows=
[WARNING] [stderr] 2026-08-13T23:42:16.063-0600	INFO	SplitRunner-20260814_054215_00052_7trtm.4.0.0-6-355	stderr	200
[WARNING] [stderr] 2026-08-13T23:42:16.063-0600	INFO	SplitRunner-20260814_054215_00052_7trtm.4.0.0-6-355	stderr	 keys=
[WARNING] [stderr] 2026-08-13T23:42:16.063-0600	INFO	SplitRunner-20260814_054215_00052_7trtm.4.0.0-6-355	stderr	200
[WARNING] [stderr] 2026-08-13T23:42:16.063-0600	INFO	SplitRunner-20260814_054215_00052_7trtm.4.0.0-6-355	stderr	 min=
[WARNING] [stderr] 2026-08-13T23:42:16.063-0600	INFO	SplitRunner-20260814_054215_00052_7trtm.4.0.0-6-355	stderr	1
[WARNING] [stderr] 2026-08-13T23:42:16.063-0600	INFO	SplitRunner-20260814_054215_00052_7trtm.4.0.0-6-355	stderr	 max=
[WARNING] [stderr] 2026-08-13T23:42:16.063-0600	INFO	SplitRunner-20260814_054215_00052_7trtm.4.0.0-6-355	stderr	200
[WARNING] [stderr] 2026-08-13T23:42:16.063-0600	INFO	SplitRunner-20260814_054215_00052_7trtm.4.0.0-6-355	stderr	 dense=
[WARNING] [stderr] 2026-08-13T23:42:16.063-0600	INFO	SplitRunner-20260814_054215_00052_7trtm.4.0.0-6-355	stderr	false
[WARNING] [stderr] 2026-08-13T23:42:16.063-0600	INFO	SplitRunner-20260814_054215_00052_7trtm.4.0.0-6-355	stderr	 direct=
[WARNING] [stderr] 2026-08-13T23:42:16.063-0600	INFO	SplitRunner-20260814_054215_00052_7trtm.4.0.0-6-355	stderr	true
[WARNING] [stderr] 2026-08-13T23:42:16.063-0600	INFO	SplitRunner-20260814_054215_00052_7trtm.4.0.0-6-355	stderr	 duplicates=
[WARNING] [stderr] 2026-08-13T23:42:16.063-0600	INFO	SplitRunner-20260814_054215_00052_7trtm.4.0.0-6-355	stderr	false
[WARNING] [stderr] 2026-08-13T23:42:16.064-0600	INFO	SplitRunner-20260814_054215_00052_7trtm.4.0.0-6-355	stderr	 implicitReferences=
[WARNING] [stderr] 2026-08-13T23:42:16.064-0600	INFO	SplitRunner-20260814_054215_00052_7trtm.4.0.0-6-355	stderr	false
[WARNING] [stderr] 2026-08-13T23:42:16.064-0600	INFO	SplitRunner-20260814_054215_00052_7trtm.4.0.0-6-355	stderr	 compressedDuplicates=
[WARNING] [stderr] 2026-08-13T23:42:16.064-0600	INFO	SplitRunner-20260814_054215_00052_7trtm.4.0.0-6-355	stderr	false
[WARNING] [stderr] 2026-08-13T23:42:16.064-0600	INFO	SplitRunner-20260814_054215_00052_7trtm.4.0.0-4-348	stderr	[long-join-build] expected=
[WARNING] [stderr] 2026-08-13T23:42:16.064-0600	INFO	SplitRunner-20260814_054215_00052_7trtm.4.0.0-4-348	stderr	366
[WARNING] [stderr] 2026-08-13T23:42:16.065-0600	INFO	SplitRunner-20260814_054215_00052_7trtm.4.0.0-4-348	stderr	 rows=
[WARNING] [stderr] 2026-08-13T23:42:16.065-0600	INFO	SplitRunner-20260814_054215_00052_7trtm.4.0.0-4-348	stderr	366
[WARNING] [stderr] 2026-08-13T23:42:16.065-0600	INFO	SplitRunner-20260814_054215_00052_7trtm.4.0.0-4-348	stderr	 keys=
[WARNING] [stderr] 2026-08-13T23:42:16.065-0600	INFO	SplitRunner-20260814_054215_00052_7trtm.4.0.0-4-348	stderr	366
[WARNING] [stderr] 2026-08-13T23:42:16.065-0600	INFO	SplitRunner-20260814_054215_00052_7trtm.4.0.0-4-348	stderr	 min=
[WARNING] [stderr] 2026-08-13T23:42:16.065-0600	INFO	SplitRunner-20260814_054215_00052_7trtm.4.0.0-4-348	stderr	2451545
[WARNING] [stderr] 2026-08-13T23:42:16.065-0600	INFO	SplitRunner-20260814_054215_00052_7trtm.4.0.0-4-348	stderr	 max=
[WARNING] [stderr] 2026-08-13T23:42:16.065-0600	INFO	SplitRunner-20260814_054215_00052_7trtm.4.0.0-4-348	stderr	2451910
[WARNING] [stderr] 2026-08-13T23:42:16.065-0600	INFO	SplitRunner-20260814_054215_00052_7trtm.4.0.0-4-348	stderr	 dense=
[WARNING] [stderr] 2026-08-13T23:42:16.065-0600	INFO	SplitRunner-20260814_054215_00052_7trtm.4.0.0-4-348	stderr	false
[WARNING] [stderr] 2026-08-13T23:42:16.065-0600	INFO	SplitRunner-20260814_054215_00052_7trtm.4.0.0-4-348	stderr	 direct=
[WARNING] [stderr] 2026-08-13T23:42:16.065-0600	INFO	SplitRunner-20260814_054215_00052_7trtm.4.0.0-4-348	stderr	true
[WARNING] [stderr] 2026-08-13T23:42:16.065-0600	INFO	SplitRunner-20260814_054215_00052_7trtm.4.0.0-4-348	stderr	 duplicates=
[WARNING] [stderr] 2026-08-13T23:42:16.065-0600	INFO	SplitRunner-20260814_054215_00052_7trtm.4.0.0-4-348	stderr	false
[WARNING] [stderr] 2026-08-13T23:42:16.065-0600	INFO	SplitRunner-20260814_054215_00052_7trtm.4.0.0-4-348	stderr	 implicitReferences=
[WARNING] [stderr] 2026-08-13T23:42:16.065-0600	INFO	SplitRunner-20260814_054215_00052_7trtm.4.0.0-4-348	stderr	false
[WARNING] [stderr] 2026-08-13T23:42:16.065-0600	INFO	SplitRunner-20260814_054215_00052_7trtm.4.0.0-4-348	stderr	 compressedDuplicates=
[WARNING] [stderr] 2026-08-13T23:42:16.065-0600	INFO	SplitRunner-20260814_054215_00052_7trtm.4.0.0-4-348	stderr	false
[WARNING] [stderr] 2026-08-13T23:42:16.066-0600	INFO	SplitRunner-20260814_054215_00052_7trtm.4.1.0-4-358	stderr	[long-join-build] expected=
[WARNING] [stderr] 2026-08-13T23:42:16.066-0600	INFO	SplitRunner-20260814_054215_00052_7trtm.4.1.0-4-358	stderr	366
[WARNING] [stderr] 2026-08-13T23:42:16.066-0600	INFO	SplitRunner-20260814_054215_00052_7trtm.4.1.0-4-358	stderr	 rows=
[WARNING] [stderr] 2026-08-13T23:42:16.066-0600	INFO	SplitRunner-20260814_054215_00052_7trtm.4.1.0-4-358	stderr	366
[WARNING] [stderr] 2026-08-13T23:42:16.066-0600	INFO	SplitRunner-20260814_054215_00052_7trtm.4.1.0-4-358	stderr	 keys=
[WARNING] [stderr] 2026-08-13T23:42:16.066-0600	INFO	SplitRunner-20260814_054215_00052_7trtm.4.1.0-4-358	stderr	366
[WARNING] [stderr] 2026-08-13T23:42:16.066-0600	INFO	SplitRunner-20260814_054215_00052_7trtm.4.1.0-4-358	stderr	 min=
[WARNING] [stderr] 2026-08-13T23:42:16.066-0600	INFO	SplitRunner-20260814_054215_00052_7trtm.4.1.0-4-358	stderr	2451545
[WARNING] [stderr] 2026-08-13T23:42:16.066-0600	INFO	SplitRunner-20260814_054215_00052_7trtm.4.1.0-4-358	stderr	 max=
[WARNING] [stderr] 2026-08-13T23:42:16.066-0600	INFO	SplitRunner-20260814_054215_00052_7trtm.4.1.0-4-358	stderr	2451910
[WARNING] [stderr] 2026-08-13T23:42:16.066-0600	INFO	SplitRunner-20260814_054215_00052_7trtm.4.1.0-4-358	stderr	 dense=
[WARNING] [stderr] 2026-08-13T23:42:16.066-0600	INFO	SplitRunner-20260814_054215_00052_7trtm.4.1.0-4-358	stderr	false
[WARNING] [stderr] 2026-08-13T23:42:16.066-0600	INFO	SplitRunner-20260814_054215_00052_7trtm.4.1.0-4-358	stderr	 direct=
[WARNING] [stderr] 2026-08-13T23:42:16.066-0600	INFO	SplitRunner-20260814_054215_00052_7trtm.4.1.0-4-358	stderr	true
[WARNING] [stderr] 2026-08-13T23:42:16.066-0600	INFO	SplitRunner-20260814_054215_00052_7trtm.4.1.0-4-358	stderr	 duplicates=
[WARNING] [stderr] 2026-08-13T23:42:16.066-0600	INFO	SplitRunner-20260814_054215_00052_7trtm.4.1.0-4-358	stderr	false
[WARNING] [stderr] 2026-08-13T23:42:16.066-0600	INFO	SplitRunner-20260814_054215_00052_7trtm.4.1.0-4-358	stderr	 implicitReferences=
[WARNING] [stderr] 2026-08-13T23:42:16.066-0600	INFO	SplitRunner-20260814_054215_00052_7trtm.4.1.0-4-358	stderr	false
[WARNING] [stderr] 2026-08-13T23:42:16.066-0600	INFO	SplitRunner-20260814_054215_00052_7trtm.4.1.0-4-358	stderr	 compressedDuplicates=
[WARNING] [stderr] 2026-08-13T23:42:16.066-0600	INFO	SplitRunner-20260814_054215_00052_7trtm.4.1.0-4-358	stderr	false
[WARNING] [stderr] 2026-08-13T23:42:16.078-0600	INFO	SplitRunner-20260814_054215_00052_7trtm.2.0.0-6-387	stderr	[join-index] expected=
[WARNING] [stderr] 2026-08-13T23:42:16.079-0600	INFO	SplitRunner-20260814_054215_00052_7trtm.2.0.0-6-387	stderr	45
[WARNING] [stderr] 2026-08-13T23:42:16.079-0600	INFO	SplitRunner-20260814_054215_00052_7trtm.2.0.0-6-387	stderr	 fields=
[WARNING] [stderr] 2026-08-13T23:42:16.079-0600	INFO	SplitRunner-20260814_054215_00052_7trtm.2.0.0-6-387	stderr	1
[WARNING] [stderr] 2026-08-13T23:42:16.079-0600	INFO	SplitRunner-20260814_054215_00052_7trtm.2.0.0-6-387	stderr	 shape=
[WARNING] [stderr] 2026-08-13T23:42:16.079-0600	INFO	SplitRunner-20260814_054215_00052_7trtm.2.0.0-6-387	stderr	[I64Vector(45)]
[WARNING] [stderr] 2026-08-13T23:42:16.079-0600	INFO	SplitRunner-20260814_054215_00052_7trtm.2.0.0-6-387	stderr	[long-join-build] expected=
[WARNING] [stderr] 2026-08-13T23:42:16.079-0600	INFO	SplitRunner-20260814_054215_00052_7trtm.2.0.0-6-387	stderr	45
[WARNING] [stderr] 2026-08-13T23:42:16.079-0600	INFO	SplitRunner-20260814_054215_00052_7trtm.2.0.0-6-387	stderr	 rows=
[WARNING] [stderr] 2026-08-13T23:42:16.079-0600	INFO	SplitRunner-20260814_054215_00052_7trtm.2.0.0-6-387	stderr	45
[WARNING] [stderr] 2026-08-13T23:42:16.079-0600	INFO	SplitRunner-20260814_054215_00052_7trtm.2.0.0-6-387	stderr	 keys=
[WARNING] [stderr] 2026-08-13T23:42:16.079-0600	INFO	SplitRunner-20260814_054215_00052_7trtm.2.0.0-6-387	stderr	45
[WARNING] [stderr] 2026-08-13T23:42:16.079-0600	INFO	SplitRunner-20260814_054215_00052_7trtm.2.0.0-6-387	stderr	 min=
[WARNING] [stderr] 2026-08-13T23:42:16.079-0600	INFO	SplitRunner-20260814_054215_00052_7trtm.2.0.0-6-387	stderr	1
[WARNING] [stderr] 2026-08-13T23:42:16.079-0600	INFO	SplitRunner-20260814_054215_00052_7trtm.2.0.0-6-387	stderr	 max=
[WARNING] [stderr] 2026-08-13T23:42:16.079-0600	INFO	SplitRunner-20260814_054215_00052_7trtm.2.0.0-6-387	stderr	45
[WARNING] [stderr] 2026-08-13T23:42:16.079-0600	INFO	SplitRunner-20260814_054215_00052_7trtm.2.0.0-6-387	stderr	 dense=
[WARNING] [stderr] 2026-08-13T23:42:16.079-0600	INFO	SplitRunner-20260814_054215_00052_7trtm.2.0.0-6-387	stderr	true
[WARNING] [stderr] 2026-08-13T23:42:16.079-0600	INFO	SplitRunner-20260814_054215_00052_7trtm.2.0.0-6-387	stderr	 direct=
[WARNING] [stderr] 2026-08-13T23:42:16.079-0600	INFO	SplitRunner-20260814_054215_00052_7trtm.2.0.0-6-387	stderr	false
[WARNING] [stderr] 2026-08-13T23:42:16.079-0600	INFO	SplitRunner-20260814_054215_00052_7trtm.2.0.0-6-387	stderr	 duplicates=
[WARNING] [stderr] 2026-08-13T23:42:16.079-0600	INFO	SplitRunner-20260814_054215_00052_7trtm.2.0.0-6-387	stderr	false
[WARNING] [stderr] 2026-08-13T23:42:16.079-0600	INFO	SplitRunner-20260814_054215_00052_7trtm.2.0.0-6-387	stderr	 implicitReferences=
[WARNING] [stderr] 2026-08-13T23:42:16.079-0600	INFO	SplitRunner-20260814_054215_00052_7trtm.2.0.0-6-387	stderr	false
[WARNING] [stderr] 2026-08-13T23:42:16.079-0600	INFO	SplitRunner-20260814_054215_00052_7trtm.2.0.0-6-387	stderr	 compressedDuplicates=
[WARNING] [stderr] 2026-08-13T23:42:16.079-0600	INFO	SplitRunner-20260814_054215_00052_7trtm.2.0.0-6-387	stderr	false
[WARNING] [stderr] 2026-08-13T23:42:16.086-0600	INFO	SplitRunner-20260814_054215_00052_7trtm.2.1.0-6-359	stderr	[join-index] expected=
[WARNING] [stderr] 2026-08-13T23:42:16.086-0600	INFO	SplitRunner-20260814_054215_00052_7trtm.2.1.0-6-359	stderr	45
[WARNING] [stderr] 2026-08-13T23:42:16.086-0600	INFO	SplitRunner-20260814_054215_00052_7trtm.2.1.0-6-359	stderr	 fields=
[WARNING] [stderr] 2026-08-13T23:42:16.086-0600	INFO	SplitRunner-20260814_054215_00052_7trtm.2.1.0-6-359	stderr	1
[WARNING] [stderr] 2026-08-13T23:42:16.086-0600	INFO	SplitRunner-20260814_054215_00052_7trtm.2.1.0-6-359	stderr	 shape=
[WARNING] [stderr] 2026-08-13T23:42:16.086-0600	INFO	SplitRunner-20260814_054215_00052_7trtm.2.1.0-6-359	stderr	[I64Vector(45)]
[WARNING] [stderr] 2026-08-13T23:42:16.086-0600	INFO	SplitRunner-20260814_054215_00052_7trtm.2.1.0-6-359	stderr	[long-join-build] expected=
[WARNING] [stderr] 2026-08-13T23:42:16.086-0600	INFO	SplitRunner-20260814_054215_00052_7trtm.2.1.0-6-359	stderr	45
[WARNING] [stderr] 2026-08-13T23:42:16.086-0600	INFO	SplitRunner-20260814_054215_00052_7trtm.2.1.0-6-359	stderr	 rows=
[WARNING] [stderr] 2026-08-13T23:42:16.086-0600	INFO	SplitRunner-20260814_054215_00052_7trtm.2.1.0-6-359	stderr	45
[WARNING] [stderr] 2026-08-13T23:42:16.086-0600	INFO	SplitRunner-20260814_054215_00052_7trtm.2.1.0-6-359	stderr	 keys=
[WARNING] [stderr] 2026-08-13T23:42:16.086-0600	INFO	SplitRunner-20260814_054215_00052_7trtm.2.1.0-6-359	stderr	45
[WARNING] [stderr] 2026-08-13T23:42:16.086-0600	INFO	SplitRunner-20260814_054215_00052_7trtm.2.1.0-6-359	stderr	 min=
[WARNING] [stderr] 2026-08-13T23:42:16.086-0600	INFO	SplitRunner-20260814_054215_00052_7trtm.2.1.0-6-359	stderr	1
[WARNING] [stderr] 2026-08-13T23:42:16.086-0600	INFO	SplitRunner-20260814_054215_00052_7trtm.2.1.0-6-359	stderr	 max=
[WARNING] [stderr] 2026-08-13T23:42:16.086-0600	INFO	SplitRunner-20260814_054215_00052_7trtm.2.1.0-6-359	stderr	45
[WARNING] [stderr] 2026-08-13T23:42:16.086-0600	INFO	SplitRunner-20260814_054215_00052_7trtm.2.1.0-6-359	stderr	 dense=
[WARNING] [stderr] 2026-08-13T23:42:16.086-0600	INFO	SplitRunner-20260814_054215_00052_7trtm.2.1.0-6-359	stderr	true
[WARNING] [stderr] 2026-08-13T23:42:16.086-0600	INFO	SplitRunner-20260814_054215_00052_7trtm.2.1.0-6-359	stderr	 direct=
[WARNING] [stderr] 2026-08-13T23:42:16.086-0600	INFO	SplitRunner-20260814_054215_00052_7trtm.2.1.0-6-359	stderr	false
[WARNING] [stderr] 2026-08-13T23:42:16.086-0600	INFO	SplitRunner-20260814_054215_00052_7trtm.2.1.0-6-359	stderr	 duplicates=
[WARNING] [stderr] 2026-08-13T23:42:16.086-0600	INFO	SplitRunner-20260814_054215_00052_7trtm.2.1.0-6-359	stderr	false
[WARNING] [stderr] 2026-08-13T23:42:16.086-0600	INFO	SplitRunner-20260814_054215_00052_7trtm.2.1.0-6-359	stderr	 implicitReferences=
[WARNING] [stderr] 2026-08-13T23:42:16.086-0600	INFO	SplitRunner-20260814_054215_00052_7trtm.2.1.0-6-359	stderr	false
[WARNING] [stderr] 2026-08-13T23:42:16.086-0600	INFO	SplitRunner-20260814_054215_00052_7trtm.2.1.0-6-359	stderr	 compressedDuplicates=
[WARNING] [stderr] 2026-08-13T23:42:16.086-0600	INFO	SplitRunner-20260814_054215_00052_7trtm.2.1.0-6-359	stderr	false
[WARNING] [stderr] 2026-08-13T23:42:16.252-0600	INFO	SplitRunner-20260814_054215_00052_7trtm.2.1.0-4-259	stderr	[join-index] expected=
[WARNING] [stderr] 2026-08-13T23:42:16.252-0600	INFO	SplitRunner-20260814_054215_00052_7trtm.2.1.0-4-259	stderr	47909
[WARNING] [stderr] 2026-08-13T23:42:16.252-0600	INFO	SplitRunner-20260814_054215_00052_7trtm.2.1.0-4-259	stderr	 fields=
[WARNING] [stderr] 2026-08-13T23:42:16.252-0600	INFO	SplitRunner-20260814_054215_00052_7trtm.2.1.0-4-259	stderr	1
[WARNING] [stderr] 2026-08-13T23:42:16.252-0600	INFO	SplitRunner-20260814_054215_00052_7trtm.2.1.0-4-259	stderr	 shape=
[WARNING] [stderr] 2026-08-13T23:42:16.252-0600	INFO	SplitRunner-20260814_054215_00052_7trtm.2.1.0-4-259	stderr	[I64Vector(47909)]
[WARNING] [stderr] 2026-08-13T23:42:16.252-0600	INFO	SplitRunner-20260814_054215_00052_7trtm.2.1.0-4-259	stderr	[direct-range-build] expected=
[WARNING] [stderr] 2026-08-13T23:42:16.252-0600	INFO	SplitRunner-20260814_054215_00052_7trtm.2.1.0-4-259	stderr	47909
[WARNING] [stderr] 2026-08-13T23:42:16.254-0600	INFO	SplitRunner-20260814_054215_00052_7trtm.2.0.0-4-385	stderr	[join-index] expected=
[WARNING] [stderr] 2026-08-13T23:42:16.254-0600	INFO	SplitRunner-20260814_054215_00052_7trtm.2.0.0-4-385	stderr	47909
[WARNING] [stderr] 2026-08-13T23:42:16.254-0600	INFO	SplitRunner-20260814_054215_00052_7trtm.2.0.0-4-385	stderr	 fields=
[WARNING] [stderr] 2026-08-13T23:42:16.254-0600	INFO	SplitRunner-20260814_054215_00052_7trtm.2.0.0-4-385	stderr	1
[WARNING] [stderr] 2026-08-13T23:42:16.254-0600	INFO	SplitRunner-20260814_054215_00052_7trtm.2.0.0-4-385	stderr	 shape=
[WARNING] [stderr] 2026-08-13T23:42:16.254-0600	INFO	SplitRunner-20260814_054215_00052_7trtm.2.0.0-4-385	stderr	[I64Vector(47909)]
[WARNING] [stderr] 2026-08-13T23:42:16.254-0600	INFO	SplitRunner-20260814_054215_00052_7trtm.2.0.0-4-385	stderr	[direct-range-build] expected=
[WARNING] [stderr] 2026-08-13T23:42:16.254-0600	INFO	SplitRunner-20260814_054215_00052_7trtm.2.0.0-4-385	stderr	47909
[WARNING] [stderr] 2026-08-13T23:42:16.256-0600	INFO	SplitRunner-20260814_054215_00052_7trtm.2.1.0-4-259	stderr	[long-join-build] expected=
[WARNING] [stderr] 2026-08-13T23:42:16.256-0600	INFO	SplitRunner-20260814_054215_00052_7trtm.2.1.0-4-259	stderr	47909
[WARNING] [stderr] 2026-08-13T23:42:16.256-0600	INFO	SplitRunner-20260814_054215_00052_7trtm.2.1.0-4-259	stderr	 rows=
[WARNING] [stderr] 2026-08-13T23:42:16.256-0600	INFO	SplitRunner-20260814_054215_00052_7trtm.2.1.0-4-259	stderr	47909
[WARNING] [stderr] 2026-08-13T23:42:16.256-0600	INFO	SplitRunner-20260814_054215_00052_7trtm.2.1.0-4-259	stderr	 keys=
[WARNING] [stderr] 2026-08-13T23:42:16.256-0600	INFO	SplitRunner-20260814_054215_00052_7trtm.2.1.0-4-259	stderr	47909
[WARNING] [stderr] 2026-08-13T23:42:16.256-0600	INFO	SplitRunner-20260814_054215_00052_7trtm.2.1.0-4-259	stderr	 min=
[WARNING] [stderr] 2026-08-13T23:42:16.256-0600	INFO	SplitRunner-20260814_054215_00052_7trtm.2.1.0-4-259	stderr	15
[WARNING] [stderr] 2026-08-13T23:42:16.256-0600	INFO	SplitRunner-20260814_054215_00052_7trtm.2.1.0-4-259	stderr	 max=
[WARNING] [stderr] 2026-08-13T23:42:16.256-0600	INFO	SplitRunner-20260814_054215_00052_7trtm.2.1.0-4-259	stderr	249984
[WARNING] [stderr] 2026-08-13T23:42:16.256-0600	INFO	SplitRunner-20260814_054215_00052_7trtm.2.1.0-4-259	stderr	 dense=
[WARNING] [stderr] 2026-08-13T23:42:16.256-0600	INFO	SplitRunner-20260814_054215_00052_7trtm.2.1.0-4-259	stderr	false
[WARNING] [stderr] 2026-08-13T23:42:16.256-0600	INFO	SplitRunner-20260814_054215_00052_7trtm.2.1.0-4-259	stderr	 direct=
[WARNING] [stderr] 2026-08-13T23:42:16.257-0600	INFO	SplitRunner-20260814_054215_00052_7trtm.2.1.0-4-259	stderr	true
[WARNING] [stderr] 2026-08-13T23:42:16.257-0600	INFO	SplitRunner-20260814_054215_00052_7trtm.2.1.0-4-259	stderr	 duplicates=
[WARNING] [stderr] 2026-08-13T23:42:16.257-0600	INFO	SplitRunner-20260814_054215_00052_7trtm.2.1.0-4-259	stderr	false
[WARNING] [stderr] 2026-08-13T23:42:16.257-0600	INFO	SplitRunner-20260814_054215_00052_7trtm.2.1.0-4-259	stderr	 implicitReferences=
[WARNING] [stderr] 2026-08-13T23:42:16.257-0600	INFO	SplitRunner-20260814_054215_00052_7trtm.2.1.0-4-259	stderr	false
[WARNING] [stderr] 2026-08-13T23:42:16.257-0600	INFO	SplitRunner-20260814_054215_00052_7trtm.2.1.0-4-259	stderr	 compressedDuplicates=
[WARNING] [stderr] 2026-08-13T23:42:16.257-0600	INFO	SplitRunner-20260814_054215_00052_7trtm.2.1.0-4-259	stderr	false
[WARNING] [stderr] 2026-08-13T23:42:16.260-0600	INFO	SplitRunner-20260814_054215_00052_7trtm.2.0.0-4-385	stderr	[long-join-build] expected=
[WARNING] [stderr] 2026-08-13T23:42:16.260-0600	INFO	SplitRunner-20260814_054215_00052_7trtm.2.0.0-4-385	stderr	47909
[WARNING] [stderr] 2026-08-13T23:42:16.260-0600	INFO	SplitRunner-20260814_054215_00052_7trtm.2.0.0-4-385	stderr	 rows=
[WARNING] [stderr] 2026-08-13T23:42:16.260-0600	INFO	SplitRunner-20260814_054215_00052_7trtm.2.0.0-4-385	stderr	47909
[WARNING] [stderr] 2026-08-13T23:42:16.260-0600	INFO	SplitRunner-20260814_054215_00052_7trtm.2.0.0-4-385	stderr	 keys=
[WARNING] [stderr] 2026-08-13T23:42:16.260-0600	INFO	SplitRunner-20260814_054215_00052_7trtm.2.0.0-4-385	stderr	47909
[WARNING] [stderr] 2026-08-13T23:42:16.260-0600	INFO	SplitRunner-20260814_054215_00052_7trtm.2.0.0-4-385	stderr	 min=
[WARNING] [stderr] 2026-08-13T23:42:16.260-0600	INFO	SplitRunner-20260814_054215_00052_7trtm.2.0.0-4-385	stderr	15
[WARNING] [stderr] 2026-08-13T23:42:16.260-0600	INFO	SplitRunner-20260814_054215_00052_7trtm.2.0.0-4-385	stderr	 max=
[WARNING] [stderr] 2026-08-13T23:42:16.260-0600	INFO	SplitRunner-20260814_054215_00052_7trtm.2.0.0-4-385	stderr	249984
[WARNING] [stderr] 2026-08-13T23:42:16.260-0600	INFO	SplitRunner-20260814_054215_00052_7trtm.2.0.0-4-385	stderr	 dense=
[WARNING] [stderr] 2026-08-13T23:42:16.260-0600	INFO	SplitRunner-20260814_054215_00052_7trtm.2.0.0-4-385	stderr	false
[WARNING] [stderr] 2026-08-13T23:42:16.260-0600	INFO	SplitRunner-20260814_054215_00052_7trtm.2.0.0-4-385	stderr	 direct=
[WARNING] [stderr] 2026-08-13T23:42:16.260-0600	INFO	SplitRunner-20260814_054215_00052_7trtm.2.0.0-4-385	stderr	true
[WARNING] [stderr] 2026-08-13T23:42:16.260-0600	INFO	SplitRunner-20260814_054215_00052_7trtm.2.0.0-4-385	stderr	 duplicates=
[WARNING] [stderr] 2026-08-13T23:42:16.260-0600	INFO	SplitRunner-20260814_054215_00052_7trtm.2.0.0-4-385	stderr	false
[WARNING] [stderr] 2026-08-13T23:42:16.260-0600	INFO	SplitRunner-20260814_054215_00052_7trtm.2.0.0-4-385	stderr	 implicitReferences=
[WARNING] [stderr] 2026-08-13T23:42:16.260-0600	INFO	SplitRunner-20260814_054215_00052_7trtm.2.0.0-4-385	stderr	false
[WARNING] [stderr] 2026-08-13T23:42:16.260-0600	INFO	SplitRunner-20260814_054215_00052_7trtm.2.0.0-4-385	stderr	 compressedDuplicates=
[WARNING] [stderr] 2026-08-13T23:42:16.260-0600	INFO	SplitRunner-20260814_054215_00052_7trtm.2.0.0-4-385	stderr	false
[WARNING] [stderr] 2026-08-13T23:42:16.427-0600	INFO	SplitRunner-20260814_054215_00052_7trtm.4.1.0-2-220	stderr	[join-index] expected=
[WARNING] [stderr] 2026-08-13T23:42:16.427-0600	INFO	SplitRunner-20260814_054215_00052_7trtm.4.1.0-2-220	stderr	719217
[WARNING] [stderr] 2026-08-13T23:42:16.427-0600	INFO	SplitRunner-20260814_054215_00052_7trtm.4.1.0-2-220	stderr	 fields=
[WARNING] [stderr] 2026-08-13T23:42:16.427-0600	INFO	SplitRunner-20260814_054215_00052_7trtm.4.1.0-2-220	stderr	2
[WARNING] [stderr] 2026-08-13T23:42:16.427-0600	INFO	SplitRunner-20260814_054215_00052_7trtm.4.1.0-2-220	stderr	 shape=
[WARNING] [stderr] 2026-08-13T23:42:16.427-0600	INFO	SplitRunner-20260814_054215_00052_7trtm.4.1.0-2-220	stderr	[I64Vector(719217), I64Vector(719217)]
[WARNING] [stderr] 2026-08-13T23:42:16.427-0600	INFO	SplitRunner-20260814_054215_00052_7trtm.4.0.0-2-368	stderr	[join-index] expected=
[WARNING] [stderr] 2026-08-13T23:42:16.427-0600	INFO	SplitRunner-20260814_054215_00052_7trtm.4.0.0-2-368	stderr	719217
[WARNING] [stderr] 2026-08-13T23:42:16.427-0600	INFO	SplitRunner-20260814_054215_00052_7trtm.4.0.0-2-368	stderr	 fields=
[WARNING] [stderr] 2026-08-13T23:42:16.427-0600	INFO	SplitRunner-20260814_054215_00052_7trtm.4.0.0-2-368	stderr	2
[WARNING] [stderr] 2026-08-13T23:42:16.427-0600	INFO	SplitRunner-20260814_054215_00052_7trtm.4.0.0-2-368	stderr	 shape=
[WARNING] [stderr] 2026-08-13T23:42:16.427-0600	INFO	SplitRunner-20260814_054215_00052_7trtm.4.0.0-2-368	stderr	[I64Vector(719217), I64Vector(719217)]
[WARNING] [stderr] 2026-08-13T23:42:16.453-0600	INFO	SplitRunner-20260814_054215_00052_7trtm.4.1.0-8-365	stderr	[long-join-build] expected=
[WARNING] [stderr] 2026-08-13T23:42:16.454-0600	INFO	SplitRunner-20260814_054215_00052_7trtm.4.1.0-8-365	stderr	366
[WARNING] [stderr] 2026-08-13T23:42:16.454-0600	INFO	SplitRunner-20260814_054215_00052_7trtm.4.1.0-8-365	stderr	 rows=
[WARNING] [stderr] 2026-08-13T23:42:16.454-0600	INFO	SplitRunner-20260814_054215_00052_7trtm.4.1.0-8-365	stderr	366
[WARNING] [stderr] 2026-08-13T23:42:16.454-0600	INFO	SplitRunner-20260814_054215_00052_7trtm.4.1.0-8-365	stderr	 keys=
[WARNING] [stderr] 2026-08-13T23:42:16.454-0600	INFO	SplitRunner-20260814_054215_00052_7trtm.4.1.0-8-365	stderr	366
[WARNING] [stderr] 2026-08-13T23:42:16.454-0600	INFO	SplitRunner-20260814_054215_00052_7trtm.4.1.0-8-365	stderr	 min=
[WARNING] [stderr] 2026-08-13T23:42:16.454-0600	INFO	SplitRunner-20260814_054215_00052_7trtm.4.1.0-8-365	stderr	2451545
[WARNING] [stderr] 2026-08-13T23:42:16.454-0600	INFO	SplitRunner-20260814_054215_00052_7trtm.4.1.0-8-365	stderr	 max=
[WARNING] [stderr] 2026-08-13T23:42:16.454-0600	INFO	SplitRunner-20260814_054215_00052_7trtm.4.1.0-8-365	stderr	2451910
[WARNING] [stderr] 2026-08-13T23:42:16.454-0600	INFO	SplitRunner-20260814_054215_00052_7trtm.4.1.0-8-365	stderr	 dense=
[WARNING] [stderr] 2026-08-13T23:42:16.454-0600	INFO	SplitRunner-20260814_054215_00052_7trtm.4.1.0-8-365	stderr	false
[WARNING] [stderr] 2026-08-13T23:42:16.454-0600	INFO	SplitRunner-20260814_054215_00052_7trtm.4.1.0-8-365	stderr	 direct=
[WARNING] [stderr] 2026-08-13T23:42:16.454-0600	INFO	SplitRunner-20260814_054215_00052_7trtm.4.1.0-8-365	stderr	true
[WARNING] [stderr] 2026-08-13T23:42:16.454-0600	INFO	SplitRunner-20260814_054215_00052_7trtm.4.1.0-8-365	stderr	 duplicates=
[WARNING] [stderr] 2026-08-13T23:42:16.454-0600	INFO	SplitRunner-20260814_054215_00052_7trtm.4.1.0-8-365	stderr	false
[WARNING] [stderr] 2026-08-13T23:42:16.454-0600	INFO	SplitRunner-20260814_054215_00052_7trtm.4.1.0-8-365	stderr	 implicitReferences=
[WARNING] [stderr] 2026-08-13T23:42:16.454-0600	INFO	SplitRunner-20260814_054215_00052_7trtm.4.1.0-8-365	stderr	false
[WARNING] [stderr] 2026-08-13T23:42:16.454-0600	INFO	SplitRunner-20260814_054215_00052_7trtm.4.1.0-8-365	stderr	 compressedDuplicates=
[WARNING] [stderr] 2026-08-13T23:42:16.454-0600	INFO	SplitRunner-20260814_054215_00052_7trtm.4.1.0-8-365	stderr	false
[WARNING] [stderr] 2026-08-13T23:42:16.454-0600	INFO	SplitRunner-20260814_054215_00052_7trtm.4.0.0-8-352	stderr	[long-join-build] expected=
[WARNING] [stderr] 2026-08-13T23:42:16.454-0600	INFO	SplitRunner-20260814_054215_00052_7trtm.4.0.0-8-352	stderr	366
[WARNING] [stderr] 2026-08-13T23:42:16.454-0600	INFO	SplitRunner-20260814_054215_00052_7trtm.4.0.0-8-352	stderr	 rows=
[WARNING] [stderr] 2026-08-13T23:42:16.454-0600	INFO	SplitRunner-20260814_054215_00052_7trtm.4.0.0-8-352	stderr	366
[WARNING] [stderr] 2026-08-13T23:42:16.454-0600	INFO	SplitRunner-20260814_054215_00052_7trtm.4.0.0-8-352	stderr	 keys=
[WARNING] [stderr] 2026-08-13T23:42:16.454-0600	INFO	SplitRunner-20260814_054215_00052_7trtm.4.0.0-8-352	stderr	366
[WARNING] [stderr] 2026-08-13T23:42:16.454-0600	INFO	SplitRunner-20260814_054215_00052_7trtm.4.0.0-8-352	stderr	 min=
[WARNING] [stderr] 2026-08-13T23:42:16.454-0600	INFO	SplitRunner-20260814_054215_00052_7trtm.4.0.0-8-352	stderr	2451545
[WARNING] [stderr] 2026-08-13T23:42:16.454-0600	INFO	SplitRunner-20260814_054215_00052_7trtm.4.0.0-8-352	stderr	 max=
[WARNING] [stderr] 2026-08-13T23:42:16.454-0600	INFO	SplitRunner-20260814_054215_00052_7trtm.4.0.0-8-352	stderr	2451910
[WARNING] [stderr] 2026-08-13T23:42:16.454-0600	INFO	SplitRunner-20260814_054215_00052_7trtm.4.0.0-8-352	stderr	 dense=
[WARNING] [stderr] 2026-08-13T23:42:16.454-0600	INFO	SplitRunner-20260814_054215_00052_7trtm.4.0.0-8-352	stderr	false
[WARNING] [stderr] 2026-08-13T23:42:16.454-0600	INFO	SplitRunner-20260814_054215_00052_7trtm.4.0.0-8-352	stderr	 direct=
[WARNING] [stderr] 2026-08-13T23:42:16.454-0600	INFO	SplitRunner-20260814_054215_00052_7trtm.4.0.0-8-352	stderr	true
[WARNING] [stderr] 2026-08-13T23:42:16.454-0600	INFO	SplitRunner-20260814_054215_00052_7trtm.4.0.0-8-352	stderr	 duplicates=
[WARNING] [stderr] 2026-08-13T23:42:16.454-0600	INFO	SplitRunner-20260814_054215_00052_7trtm.4.0.0-8-352	stderr	false
[WARNING] [stderr] 2026-08-13T23:42:16.454-0600	INFO	SplitRunner-20260814_054215_00052_7trtm.4.0.0-8-352	stderr	 implicitReferences=
[WARNING] [stderr] 2026-08-13T23:42:16.454-0600	INFO	SplitRunner-20260814_054215_00052_7trtm.4.0.0-8-352	stderr	false
[WARNING] [stderr] 2026-08-13T23:42:16.454-0600	INFO	SplitRunner-20260814_054215_00052_7trtm.4.0.0-8-352	stderr	 compressedDuplicates=
[WARNING] [stderr] 2026-08-13T23:42:16.454-0600	INFO	SplitRunner-20260814_054215_00052_7trtm.4.0.0-8-352	stderr	false
[WARNING] [stderr] 2026-08-13T23:42:16.454-0600	INFO	SplitRunner-20260814_054215_00052_7trtm.4.1.0-8-365	stderr	[long-join-build] expected=
[WARNING] [stderr] 2026-08-13T23:42:16.454-0600	INFO	SplitRunner-20260814_054215_00052_7trtm.4.1.0-8-365	stderr	200
[WARNING] [stderr] 2026-08-13T23:42:16.454-0600	INFO	SplitRunner-20260814_054215_00052_7trtm.4.1.0-8-365	stderr	 rows=
[WARNING] [stderr] 2026-08-13T23:42:16.454-0600	INFO	SplitRunner-20260814_054215_00052_7trtm.4.1.0-8-365	stderr	200
[WARNING] [stderr] 2026-08-13T23:42:16.454-0600	INFO	SplitRunner-20260814_054215_00052_7trtm.4.1.0-8-365	stderr	 keys=
[WARNING] [stderr] 2026-08-13T23:42:16.454-0600	INFO	SplitRunner-20260814_054215_00052_7trtm.4.1.0-8-365	stderr	200
[WARNING] [stderr] 2026-08-13T23:42:16.454-0600	INFO	SplitRunner-20260814_054215_00052_7trtm.4.1.0-8-365	stderr	 min=
[WARNING] [stderr] 2026-08-13T23:42:16.454-0600	INFO	SplitRunner-20260814_054215_00052_7trtm.4.1.0-8-365	stderr	1
[WARNING] [stderr] 2026-08-13T23:42:16.454-0600	INFO	SplitRunner-20260814_054215_00052_7trtm.4.1.0-8-365	stderr	 max=
[WARNING] [stderr] 2026-08-13T23:42:16.454-0600	INFO	SplitRunner-20260814_054215_00052_7trtm.4.1.0-8-365	stderr	200
[WARNING] [stderr] 2026-08-13T23:42:16.454-0600	INFO	SplitRunner-20260814_054215_00052_7trtm.4.1.0-8-365	stderr	 dense=
[WARNING] [stderr] 2026-08-13T23:42:16.454-0600	INFO	SplitRunner-20260814_054215_00052_7trtm.4.1.0-8-365	stderr	false
[WARNING] [stderr] 2026-08-13T23:42:16.454-0600	INFO	SplitRunner-20260814_054215_00052_7trtm.4.1.0-8-365	stderr	 direct=
[WARNING] [stderr] 2026-08-13T23:42:16.454-0600	INFO	SplitRunner-20260814_054215_00052_7trtm.4.1.0-8-365	stderr	true
[WARNING] [stderr] 2026-08-13T23:42:16.454-0600	INFO	SplitRunner-20260814_054215_00052_7trtm.4.1.0-8-365	stderr	 duplicates=
[WARNING] [stderr] 2026-08-13T23:42:16.454-0600	INFO	SplitRunner-20260814_054215_00052_7trtm.4.1.0-8-365	stderr	false
[WARNING] [stderr] 2026-08-13T23:42:16.454-0600	INFO	SplitRunner-20260814_054215_00052_7trtm.4.1.0-8-365	stderr	 implicitReferences=
[WARNING] [stderr] 2026-08-13T23:42:16.454-0600	INFO	SplitRunner-20260814_054215_00052_7trtm.4.1.0-8-365	stderr	false
[WARNING] [stderr] 2026-08-13T23:42:16.454-0600	INFO	SplitRunner-20260814_054215_00052_7trtm.4.1.0-8-365	stderr	 compressedDuplicates=
[WARNING] [stderr] 2026-08-13T23:42:16.454-0600	INFO	SplitRunner-20260814_054215_00052_7trtm.4.1.0-8-365	stderr	false
[WARNING] [stderr] 2026-08-13T23:42:16.454-0600	INFO	SplitRunner-20260814_054215_00052_7trtm.4.1.0-7-363	stderr	[long-join-build] expected=
[WARNING] [stderr] 2026-08-13T23:42:16.454-0600	INFO	SplitRunner-20260814_054215_00052_7trtm.4.1.0-7-363	stderr	366
[WARNING] [stderr] 2026-08-13T23:42:16.454-0600	INFO	SplitRunner-20260814_054215_00052_7trtm.4.1.0-7-363	stderr	 rows=
[WARNING] [stderr] 2026-08-13T23:42:16.454-0600	INFO	SplitRunner-20260814_054215_00052_7trtm.4.1.0-7-363	stderr	366
[WARNING] [stderr] 2026-08-13T23:42:16.454-0600	INFO	SplitRunner-20260814_054215_00052_7trtm.4.1.0-7-363	stderr	 keys=
[WARNING] [stderr] 2026-08-13T23:42:16.454-0600	INFO	SplitRunner-20260814_054215_00052_7trtm.4.1.0-7-363	stderr	366
[WARNING] [stderr] 2026-08-13T23:42:16.454-0600	INFO	SplitRunner-20260814_054215_00052_7trtm.4.1.0-7-363	stderr	 min=
[WARNING] [stderr] 2026-08-13T23:42:16.454-0600	INFO	SplitRunner-20260814_054215_00052_7trtm.4.1.0-7-363	stderr	2451545
[WARNING] [stderr] 2026-08-13T23:42:16.454-0600	INFO	SplitRunner-20260814_054215_00052_7trtm.4.1.0-7-363	stderr	 max=
[WARNING] [stderr] 2026-08-13T23:42:16.454-0600	INFO	SplitRunner-20260814_054215_00052_7trtm.4.1.0-7-363	stderr	2451910
[WARNING] [stderr] 2026-08-13T23:42:16.454-0600	INFO	SplitRunner-20260814_054215_00052_7trtm.4.1.0-7-363	stderr	 dense=
[WARNING] [stderr] 2026-08-13T23:42:16.454-0600	INFO	SplitRunner-20260814_054215_00052_7trtm.4.1.0-7-363	stderr	false
[WARNING] [stderr] 2026-08-13T23:42:16.454-0600	INFO	SplitRunner-20260814_054215_00052_7trtm.4.1.0-7-363	stderr	 direct=
[WARNING] [stderr] 2026-08-13T23:42:16.454-0600	INFO	SplitRunner-20260814_054215_00052_7trtm.4.1.0-7-363	stderr	true
[WARNING] [stderr] 2026-08-13T23:42:16.454-0600	INFO	SplitRunner-20260814_054215_00052_7trtm.4.1.0-7-363	stderr	 duplicates=
[WARNING] [stderr] 2026-08-13T23:42:16.454-0600	INFO	SplitRunner-20260814_054215_00052_7trtm.4.1.0-7-363	stderr	false
[WARNING] [stderr] 2026-08-13T23:42:16.454-0600	INFO	SplitRunner-20260814_054215_00052_7trtm.4.1.0-7-363	stderr	 implicitReferences=
[WARNING] [stderr] 2026-08-13T23:42:16.454-0600	INFO	SplitRunner-20260814_054215_00052_7trtm.4.1.0-7-363	stderr	false
[WARNING] [stderr] 2026-08-13T23:42:16.454-0600	INFO	SplitRunner-20260814_054215_00052_7trtm.4.1.0-7-363	stderr	 compressedDuplicates=
[WARNING] [stderr] 2026-08-13T23:42:16.454-0600	INFO	SplitRunner-20260814_054215_00052_7trtm.4.1.0-7-363	stderr	false
[WARNING] [stderr] 2026-08-13T23:42:16.454-0600	INFO	SplitRunner-20260814_054215_00052_7trtm.4.0.0-8-352	stderr	[long-join-build] expected=
[WARNING] [stderr] 2026-08-13T23:42:16.454-0600	INFO	SplitRunner-20260814_054215_00052_7trtm.4.0.0-8-352	stderr	200
[WARNING] [stderr] 2026-08-13T23:42:16.454-0600	INFO	SplitRunner-20260814_054215_00052_7trtm.4.0.0-8-352	stderr	 rows=
[WARNING] [stderr] 2026-08-13T23:42:16.454-0600	INFO	SplitRunner-20260814_054215_00052_7trtm.4.0.0-8-352	stderr	200
[WARNING] [stderr] 2026-08-13T23:42:16.454-0600	INFO	SplitRunner-20260814_054215_00052_7trtm.4.0.0-8-352	stderr	 keys=
[WARNING] [stderr] 2026-08-13T23:42:16.454-0600	INFO	SplitRunner-20260814_054215_00052_7trtm.4.0.0-8-352	stderr	200
[WARNING] [stderr] 2026-08-13T23:42:16.454-0600	INFO	SplitRunner-20260814_054215_00052_7trtm.4.0.0-8-352	stderr	 min=
[WARNING] [stderr] 2026-08-13T23:42:16.454-0600	INFO	SplitRunner-20260814_054215_00052_7trtm.4.0.0-8-352	stderr	1
[WARNING] [stderr] 2026-08-13T23:42:16.454-0600	INFO	SplitRunner-20260814_054215_00052_7trtm.4.0.0-8-352	stderr	 max=
[WARNING] [stderr] 2026-08-13T23:42:16.454-0600	INFO	SplitRunner-20260814_054215_00052_7trtm.4.0.0-8-352	stderr	200
[WARNING] [stderr] 2026-08-13T23:42:16.454-0600	INFO	SplitRunner-20260814_054215_00052_7trtm.4.0.0-8-352	stderr	 dense=
[WARNING] [stderr] 2026-08-13T23:42:16.454-0600	INFO	SplitRunner-20260814_054215_00052_7trtm.4.0.0-8-352	stderr	false
[WARNING] [stderr] 2026-08-13T23:42:16.454-0600	INFO	SplitRunner-20260814_054215_00052_7trtm.4.0.0-8-352	stderr	 direct=
[WARNING] [stderr] 2026-08-13T23:42:16.454-0600	INFO	SplitRunner-20260814_054215_00052_7trtm.4.0.0-8-352	stderr	true
[WARNING] [stderr] 2026-08-13T23:42:16.454-0600	INFO	SplitRunner-20260814_054215_00052_7trtm.4.0.0-8-352	stderr	 duplicates=
[WARNING] [stderr] 2026-08-13T23:42:16.454-0600	INFO	SplitRunner-20260814_054215_00052_7trtm.4.0.0-8-352	stderr	false
[WARNING] [stderr] 2026-08-13T23:42:16.454-0600	INFO	SplitRunner-20260814_054215_00052_7trtm.4.0.0-8-352	stderr	 implicitReferences=
[WARNING] [stderr] 2026-08-13T23:42:16.454-0600	INFO	SplitRunner-20260814_054215_00052_7trtm.4.0.0-8-352	stderr	false
[WARNING] [stderr] 2026-08-13T23:42:16.454-0600	INFO	SplitRunner-20260814_054215_00052_7trtm.4.0.0-8-352	stderr	 compressedDuplicates=
[WARNING] [stderr] 2026-08-13T23:42:16.454-0600	INFO	SplitRunner-20260814_054215_00052_7trtm.4.0.0-8-352	stderr	false
[WARNING] [stderr] 2026-08-13T23:42:16.454-0600	INFO	SplitRunner-20260814_054215_00052_7trtm.4.1.0-7-363	stderr	[long-join-build] expected=
[WARNING] [stderr] 2026-08-13T23:42:16.454-0600	INFO	SplitRunner-20260814_054215_00052_7trtm.4.1.0-7-363	stderr	200
[WARNING] [stderr] 2026-08-13T23:42:16.454-0600	INFO	SplitRunner-20260814_054215_00052_7trtm.4.1.0-7-363	stderr	 rows=
[WARNING] [stderr] 2026-08-13T23:42:16.454-0600	INFO	SplitRunner-20260814_054215_00052_7trtm.4.1.0-7-363	stderr	200
[WARNING] [stderr] 2026-08-13T23:42:16.454-0600	INFO	SplitRunner-20260814_054215_00052_7trtm.4.1.0-7-363	stderr	 keys=
[WARNING] [stderr] 2026-08-13T23:42:16.454-0600	INFO	SplitRunner-20260814_054215_00052_7trtm.4.1.0-7-363	stderr	200
[WARNING] [stderr] 2026-08-13T23:42:16.454-0600	INFO	SplitRunner-20260814_054215_00052_7trtm.4.1.0-7-363	stderr	 min=
[WARNING] [stderr] 2026-08-13T23:42:16.455-0600	INFO	SplitRunner-20260814_054215_00052_7trtm.4.1.0-7-363	stderr	1
[WARNING] [stderr] 2026-08-13T23:42:16.455-0600	INFO	SplitRunner-20260814_054215_00052_7trtm.4.1.0-7-363	stderr	 max=
[WARNING] [stderr] 2026-08-13T23:42:16.455-0600	INFO	SplitRunner-20260814_054215_00052_7trtm.4.1.0-7-363	stderr	200
[WARNING] [stderr] 2026-08-13T23:42:16.455-0600	INFO	SplitRunner-20260814_054215_00052_7trtm.4.1.0-7-363	stderr	 dense=
[WARNING] [stderr] 2026-08-13T23:42:16.455-0600	INFO	SplitRunner-20260814_054215_00052_7trtm.4.1.0-7-363	stderr	false
[WARNING] [stderr] 2026-08-13T23:42:16.455-0600	INFO	SplitRunner-20260814_054215_00052_7trtm.4.1.0-7-363	stderr	 direct=
[WARNING] [stderr] 2026-08-13T23:42:16.455-0600	INFO	SplitRunner-20260814_054215_00052_7trtm.4.1.0-7-363	stderr	true
[WARNING] [stderr] 2026-08-13T23:42:16.455-0600	INFO	SplitRunner-20260814_054215_00052_7trtm.4.1.0-7-363	stderr	 duplicates=
[WARNING] [stderr] 2026-08-13T23:42:16.455-0600	INFO	SplitRunner-20260814_054215_00052_7trtm.4.1.0-7-363	stderr	false
[WARNING] [stderr] 2026-08-13T23:42:16.455-0600	INFO	SplitRunner-20260814_054215_00052_7trtm.4.1.0-7-363	stderr	 implicitReferences=
[WARNING] [stderr] 2026-08-13T23:42:16.455-0600	INFO	SplitRunner-20260814_054215_00052_7trtm.4.1.0-7-363	stderr	false
[WARNING] [stderr] 2026-08-13T23:42:16.455-0600	INFO	SplitRunner-20260814_054215_00052_7trtm.4.1.0-7-363	stderr	 compressedDuplicates=
[WARNING] [stderr] 2026-08-13T23:42:16.455-0600	INFO	SplitRunner-20260814_054215_00052_7trtm.4.1.0-7-363	stderr	false
[WARNING] [stderr] 2026-08-13T23:42:16.456-0600	INFO	SplitRunner-20260814_054215_00052_7trtm.4.0.0-7-261	stderr	[long-join-build] expected=
[WARNING] [stderr] 2026-08-13T23:42:16.456-0600	INFO	SplitRunner-20260814_054215_00052_7trtm.4.0.0-7-261	stderr	366
[WARNING] [stderr] 2026-08-13T23:42:16.456-0600	INFO	SplitRunner-20260814_054215_00052_7trtm.4.0.0-7-261	stderr	 rows=
[WARNING] [stderr] 2026-08-13T23:42:16.456-0600	INFO	SplitRunner-20260814_054215_00052_7trtm.4.0.0-7-261	stderr	366
[WARNING] [stderr] 2026-08-13T23:42:16.456-0600	INFO	SplitRunner-20260814_054215_00052_7trtm.4.0.0-7-261	stderr	 keys=
[WARNING] [stderr] 2026-08-13T23:42:16.456-0600	INFO	SplitRunner-20260814_054215_00052_7trtm.4.0.0-7-261	stderr	366
[WARNING] [stderr] 2026-08-13T23:42:16.456-0600	INFO	SplitRunner-20260814_054215_00052_7trtm.4.0.0-7-261	stderr	 min=
[WARNING] [stderr] 2026-08-13T23:42:16.456-0600	INFO	SplitRunner-20260814_054215_00052_7trtm.4.0.0-7-261	stderr	2451545
[WARNING] [stderr] 2026-08-13T23:42:16.456-0600	INFO	SplitRunner-20260814_054215_00052_7trtm.4.0.0-7-261	stderr	 max=
[WARNING] [stderr] 2026-08-13T23:42:16.456-0600	INFO	SplitRunner-20260814_054215_00052_7trtm.4.0.0-7-261	stderr	2451910
[WARNING] [stderr] 2026-08-13T23:42:16.456-0600	INFO	SplitRunner-20260814_054215_00052_7trtm.4.0.0-7-261	stderr	 dense=
[WARNING] [stderr] 2026-08-13T23:42:16.456-0600	INFO	SplitRunner-20260814_054215_00052_7trtm.4.0.0-7-261	stderr	false
[WARNING] [stderr] 2026-08-13T23:42:16.456-0600	INFO	SplitRunner-20260814_054215_00052_7trtm.4.0.0-7-261	stderr	 direct=
[WARNING] [stderr] 2026-08-13T23:42:16.456-0600	INFO	SplitRunner-20260814_054215_00052_7trtm.4.0.0-7-261	stderr	true
[WARNING] [stderr] 2026-08-13T23:42:16.456-0600	INFO	SplitRunner-20260814_054215_00052_7trtm.4.0.0-7-261	stderr	 duplicates=
[WARNING] [stderr] 2026-08-13T23:42:16.456-0600	INFO	SplitRunner-20260814_054215_00052_7trtm.4.0.0-7-261	stderr	false
[WARNING] [stderr] 2026-08-13T23:42:16.456-0600	INFO	SplitRunner-20260814_054215_00052_7trtm.4.0.0-7-261	stderr	 implicitReferences=
[WARNING] [stderr] 2026-08-13T23:42:16.456-0600	INFO	SplitRunner-20260814_054215_00052_7trtm.4.0.0-7-261	stderr	false
[WARNING] [stderr] 2026-08-13T23:42:16.456-0600	INFO	SplitRunner-20260814_054215_00052_7trtm.4.0.0-7-261	stderr	 compressedDuplicates=
[WARNING] [stderr] 2026-08-13T23:42:16.456-0600	INFO	SplitRunner-20260814_054215_00052_7trtm.4.0.0-7-261	stderr	false
[WARNING] [stderr] 2026-08-13T23:42:16.456-0600	INFO	SplitRunner-20260814_054215_00052_7trtm.4.0.0-7-261	stderr	[long-join-build] expected=
[WARNING] [stderr] 2026-08-13T23:42:16.456-0600	INFO	SplitRunner-20260814_054215_00052_7trtm.4.0.0-7-261	stderr	200
[WARNING] [stderr] 2026-08-13T23:42:16.456-0600	INFO	SplitRunner-20260814_054215_00052_7trtm.4.0.0-7-261	stderr	 rows=
[WARNING] [stderr] 2026-08-13T23:42:16.456-0600	INFO	SplitRunner-20260814_054215_00052_7trtm.4.0.0-7-261	stderr	200
[WARNING] [stderr] 2026-08-13T23:42:16.456-0600	INFO	SplitRunner-20260814_054215_00052_7trtm.4.0.0-7-261	stderr	 keys=
[WARNING] [stderr] 2026-08-13T23:42:16.456-0600	INFO	SplitRunner-20260814_054215_00052_7trtm.4.0.0-7-261	stderr	200
[WARNING] [stderr] 2026-08-13T23:42:16.456-0600	INFO	SplitRunner-20260814_054215_00052_7trtm.4.0.0-7-261	stderr	 min=
[WARNING] [stderr] 2026-08-13T23:42:16.456-0600	INFO	SplitRunner-20260814_054215_00052_7trtm.4.0.0-7-261	stderr	1
[WARNING] [stderr] 2026-08-13T23:42:16.456-0600	INFO	SplitRunner-20260814_054215_00052_7trtm.4.0.0-7-261	stderr	 max=
[WARNING] [stderr] 2026-08-13T23:42:16.456-0600	INFO	SplitRunner-20260814_054215_00052_7trtm.4.0.0-7-261	stderr	200
[WARNING] [stderr] 2026-08-13T23:42:16.456-0600	INFO	SplitRunner-20260814_054215_00052_7trtm.4.0.0-7-261	stderr	 dense=
[WARNING] [stderr] 2026-08-13T23:42:16.456-0600	INFO	SplitRunner-20260814_054215_00052_7trtm.4.0.0-7-261	stderr	false
[WARNING] [stderr] 2026-08-13T23:42:16.456-0600	INFO	SplitRunner-20260814_054215_00052_7trtm.4.0.0-7-261	stderr	 direct=
[WARNING] [stderr] 2026-08-13T23:42:16.456-0600	INFO	SplitRunner-20260814_054215_00052_7trtm.4.0.0-7-261	stderr	true
[WARNING] [stderr] 2026-08-13T23:42:16.456-0600	INFO	SplitRunner-20260814_054215_00052_7trtm.4.0.0-7-261	stderr	 duplicates=
[WARNING] [stderr] 2026-08-13T23:42:16.456-0600	INFO	SplitRunner-20260814_054215_00052_7trtm.4.0.0-7-261	stderr	false
[WARNING] [stderr] 2026-08-13T23:42:16.456-0600	INFO	SplitRunner-20260814_054215_00052_7trtm.4.0.0-7-261	stderr	 implicitReferences=
[WARNING] [stderr] 2026-08-13T23:42:16.456-0600	INFO	SplitRunner-20260814_054215_00052_7trtm.4.0.0-7-261	stderr	false
[WARNING] [stderr] 2026-08-13T23:42:16.456-0600	INFO	SplitRunner-20260814_054215_00052_7trtm.4.0.0-7-261	stderr	 compressedDuplicates=
[WARNING] [stderr] 2026-08-13T23:42:16.456-0600	INFO	SplitRunner-20260814_054215_00052_7trtm.4.0.0-7-261	stderr	false
[WARNING] [stderr] 2026-08-13T23:42:16.513-0600	INFO	SplitRunner-20260814_054215_00052_7trtm.3.0.0-2-270	stderr	[join-index] expected=
[WARNING] [stderr] 2026-08-13T23:42:16.513-0600	INFO	SplitRunner-20260814_054215_00052_7trtm.3.0.0-2-270	stderr	54282
[WARNING] [stderr] 2026-08-13T23:42:16.513-0600	INFO	SplitRunner-20260814_054215_00052_7trtm.3.0.0-2-270	stderr	 fields=
[WARNING] [stderr] 2026-08-13T23:42:16.513-0600	INFO	SplitRunner-20260814_054215_00052_7trtm.3.0.0-2-270	stderr	1
[WARNING] [stderr] 2026-08-13T23:42:16.513-0600	INFO	SplitRunner-20260814_054215_00052_7trtm.3.0.0-2-270	stderr	 shape=
[WARNING] [stderr] 2026-08-13T23:42:16.513-0600	INFO	SplitRunner-20260814_054215_00052_7trtm.3.0.0-2-270	stderr	[I64Vector(54282)]
[WARNING] [stderr] 2026-08-13T23:42:16.515-0600	INFO	SplitRunner-20260814_054215_00052_7trtm.3.0.0-2-270	stderr	[long-join-build] expected=
[WARNING] [stderr] 2026-08-13T23:42:16.515-0600	INFO	SplitRunner-20260814_054215_00052_7trtm.3.0.0-2-270	stderr	54282
[WARNING] [stderr] 2026-08-13T23:42:16.515-0600	INFO	SplitRunner-20260814_054215_00052_7trtm.3.0.0-2-270	stderr	 rows=
[WARNING] [stderr] 2026-08-13T23:42:16.515-0600	INFO	SplitRunner-20260814_054215_00052_7trtm.3.0.0-2-270	stderr	51789
[WARNING] [stderr] 2026-08-13T23:42:16.515-0600	INFO	SplitRunner-20260814_054215_00052_7trtm.3.0.0-2-270	stderr	 keys=
[WARNING] [stderr] 2026-08-13T23:42:16.515-0600	INFO	SplitRunner-20260814_054215_00052_7trtm.3.0.0-2-270	stderr	51009
[WARNING] [stderr] 2026-08-13T23:42:16.515-0600	INFO	SplitRunner-20260814_054215_00052_7trtm.3.0.0-2-270	stderr	 min=
[WARNING] [stderr] 2026-08-13T23:42:16.515-0600	INFO	SplitRunner-20260814_054215_00052_7trtm.3.0.0-2-270	stderr	22
[WARNING] [stderr] 2026-08-13T23:42:16.515-0600	INFO	SplitRunner-20260814_054215_00052_7trtm.3.0.0-2-270	stderr	 max=
[WARNING] [stderr] 2026-08-13T23:42:16.515-0600	INFO	SplitRunner-20260814_054215_00052_7trtm.3.0.0-2-270	stderr	1920726
[WARNING] [stderr] 2026-08-13T23:42:16.515-0600	INFO	SplitRunner-20260814_054215_00052_7trtm.3.0.0-2-270	stderr	 dense=
[WARNING] [stderr] 2026-08-13T23:42:16.515-0600	INFO	SplitRunner-20260814_054215_00052_7trtm.3.0.0-2-270	stderr	false
[WARNING] [stderr] 2026-08-13T23:42:16.515-0600	INFO	SplitRunner-20260814_054215_00052_7trtm.3.0.0-2-270	stderr	 direct=
[WARNING] [stderr] 2026-08-13T23:42:16.515-0600	INFO	SplitRunner-20260814_054215_00052_7trtm.3.0.0-2-270	stderr	false
[WARNING] [stderr] 2026-08-13T23:42:16.515-0600	INFO	SplitRunner-20260814_054215_00052_7trtm.3.0.0-2-270	stderr	 duplicates=
[WARNING] [stderr] 2026-08-13T23:42:16.515-0600	INFO	SplitRunner-20260814_054215_00052_7trtm.3.0.0-2-270	stderr	true
[WARNING] [stderr] 2026-08-13T23:42:16.515-0600	INFO	SplitRunner-20260814_054215_00052_7trtm.3.0.0-2-270	stderr	 implicitReferences=
[WARNING] [stderr] 2026-08-13T23:42:16.515-0600	INFO	SplitRunner-20260814_054215_00052_7trtm.3.0.0-2-270	stderr	false
[WARNING] [stderr] 2026-08-13T23:42:16.515-0600	INFO	SplitRunner-20260814_054215_00052_7trtm.3.0.0-2-270	stderr	 compressedDuplicates=
[WARNING] [stderr] 2026-08-13T23:42:16.515-0600	INFO	SplitRunner-20260814_054215_00052_7trtm.3.0.0-2-270	stderr	false
[WARNING] [stderr] 2026-08-13T23:42:16.631-0600	INFO	SplitRunner-20260814_054215_00052_7trtm.2.1.0-2-353	stderr	[join-index] expected=
[WARNING] [stderr] 2026-08-13T23:42:16.631-0600	INFO	SplitRunner-20260814_054215_00052_7trtm.2.1.0-2-353	stderr	1471
[WARNING] [stderr] 2026-08-13T23:42:16.631-0600	INFO	SplitRunner-20260814_054215_00052_7trtm.2.1.0-2-353	stderr	 fields=
[WARNING] [stderr] 2026-08-13T23:42:16.631-0600	INFO	SplitRunner-20260814_054215_00052_7trtm.2.1.0-2-353	stderr	3
[WARNING] [stderr] 2026-08-13T23:42:16.631-0600	INFO	SplitRunner-20260814_054215_00052_7trtm.2.1.0-2-353	stderr	 shape=
[WARNING] [stderr] 2026-08-13T23:42:16.631-0600	INFO	SplitRunner-20260814_054215_00052_7trtm.2.1.0-2-353	stderr	[I64Vector(1471), BinaryVector(1471), BinaryVector(1471)]
[WARNING] [stderr] 2026-08-13T23:42:16.631-0600	INFO	SplitRunner-20260814_054215_00052_7trtm.2.0.0-2-351	stderr	[join-index] expected=
[WARNING] [stderr] 2026-08-13T23:42:16.631-0600	INFO	SplitRunner-20260814_054215_00052_7trtm.2.0.0-2-351	stderr	1471
[WARNING] [stderr] 2026-08-13T23:42:16.631-0600	INFO	SplitRunner-20260814_054215_00052_7trtm.2.0.0-2-351	stderr	 fields=
[WARNING] [stderr] 2026-08-13T23:42:16.631-0600	INFO	SplitRunner-20260814_054215_00052_7trtm.2.0.0-2-351	stderr	3
[WARNING] [stderr] 2026-08-13T23:42:16.631-0600	INFO	SplitRunner-20260814_054215_00052_7trtm.2.0.0-2-351	stderr	 shape=
[WARNING] [stderr] 2026-08-13T23:42:16.631-0600	INFO	SplitRunner-20260814_054215_00052_7trtm.2.0.0-2-351	stderr	[I64Vector(1471), BinaryVector(1471), BinaryVector(1471)]
[WARNING] [stderr] 2026-08-13T23:42:16.842-0600	INFO	ForkJoinPool-1-worker-1	stdout	nitro,tpcds-parquet-sf10,q85,1,1067.494,1067.494,1067.494,1067.494,739.000,739.000,12
[WARNING] [stderr] 2026-08-13T23:42:16.842-0600	INFO	ForkJoinPool-1-worker-1	stdout	peak_memory,nitro,tpcds-parquet-sf10,q85,1,34.811,34.811,7505.167,7505.167
[WARNING] [stderr] 2026-08-13T23:42:16.842-0600	INFO	ForkJoinPool-1-worker-1	stdout	boundary,nitro,tpcds-parquet-sf10,q85,1,5,2359,280721,14154,11795,0,206,1110558,67735375,27378,7551845,0,13224,7540050,0,97,286739,1810416768
[INFO] Tests run: 1, Failures: 0, Errors: 0, Skipped: 0, Time elapsed: 16.99 s -- in io.trino.tests.nitro.TestNitroTpcdsParquetPerformance
[WARNING] [stderr] 2026-08-13T23:42:16.905-0600	INFO	main	io.trino.testing.containers.junit.ReportLeakedContainers	DockerClientFactory not initialized, so there should be no leaked containers, skipping the check
[INFO] 
[INFO] Results:
[INFO] 
[INFO] Tests run: 1, Failures: 0, Errors: 0, Skipped: 0
[INFO] 
[INFO] ------------------------------------------------------------------------
[INFO] BUILD SUCCESS
[INFO] ------------------------------------------------------------------------
[INFO] Total time:  17.770 s (Wall Clock)
[INFO] Finished at: 2026-08-14T05:42:17Z
[INFO] ------------------------------------------------------------------------
[INFO] Njord session closed
