[INFO] Processing build on daemon 3689e121
[INFO] Scanning for projects...
[INFO] Njord 0.9.4 session created
[INFO] BuildTimeEventSpy is registered.
[INFO] 
[INFO] Using the SmartBuilder implementation with a thread count of 7
[INFO] 
[INFO] -------------------------< org.weakref:nitro >--------------------------
[INFO] Building nitro 1-SNAPSHOT
[INFO]   from pom.xml
[INFO] --------------------------------[ jar ]---------------------------------
[WARNING] 2 problems were encountered while building the effective model for org.apache.yetus:audience-annotations:jar:0.5.0 during dependency collection step for project (use -X to see details)
[INFO] 
[INFO] --- exec:3.6.1:exec (benchmark) @ nitro ---
[WARNING] [stderr] WARNING: Using incubator modules: jdk.incubator.vector
[WARNING] [stderr] WARNING: A terminally deprecated method in sun.misc.Unsafe has been called
[WARNING] [stderr] WARNING: sun.misc.Unsafe::objectFieldOffset has been called by org.openjdk.jmh.util.Utils (file:/root/.m2/repository/org/openjdk/jmh/jmh-core/1.37/jmh-core-1.37.jar)
[WARNING] [stderr] WARNING: Please consider reporting this to the maintainers of class org.openjdk.jmh.util.Utils
[WARNING] [stderr] WARNING: sun.misc.Unsafe::objectFieldOffset will be removed in a future release
[INFO] [stdout] # JMH version: 1.37
[INFO] [stdout] # VM version: JDK 26.0.1, OpenJDK 64-Bit Server VM, 26.0.1+8
[INFO] [stdout] # VM invoker: /opt/java/openjdk/bin/java
[INFO] [stdout] # VM options: --enable-preview --add-modules=jdk.incubator.vector -Dnitro.clickbench.hits.path= -Xmx12g -XX:+UseTransparentHugePages -Dnitro.clickbench.hits.path=/root/data/clickbench
[INFO] [stdout] # Blackhole mode: compiler (auto-detected, use -Djmh.blackhole.autoDetect=false to disable)
[INFO] [stdout] # Warmup: 5 iterations, 1 s each
[INFO] [stdout] # Measurement: 5 iterations, 1 s each
[INFO] [stdout] # Timeout: 10 min per iteration
[INFO] [stdout] # Threads: 1 thread, will synchronize iterations
[INFO] [stdout] # Benchmark mode: Average time, time/op
[INFO] [stdout] # Benchmark: org.weakref.nitro.clickbench.BenchmarkQueries.query43
[INFO] [stdout] 
[INFO] [stdout] # Run progress: 0.00% complete, ETA 00:00:10
[INFO] [stdout] # Fork: 1 of 1
[INFO] [stdout] # Preparing profilers: LinuxPerfNormProfiler 
[INFO] [stdout] # Profilers consume stderr from target VM, use -v EXTRA to copy to console
[INFO] [stdout] # Warmup Iteration   1: 356.654 ms/op
[INFO] [stdout] # Warmup Iteration   2: 130.944 ms/op
[INFO] [stdout] # Warmup Iteration   3: 125.657 ms/op
[INFO] [stdout] # Warmup Iteration   4: 121.886 ms/op
[INFO] [stdout] # Warmup Iteration   5: 120.585 ms/op
[INFO] [stdout] Iteration   1: 120.900 ms/op
[INFO] [stdout]                  gc.alloc.rate:      801.593 MB/sec
[INFO] [stdout]                  gc.alloc.rate.norm: 101632661.333 B/op
[INFO] [stdout]                  gc.count:           1.000 counts
[INFO] [stdout]                  gc.time:            8.000 ms
[INFO] [stdout] 
[INFO] [stdout] Iteration   2: 120.495 ms/op
[INFO] [stdout]                  gc.alloc.rate:      804.140 MB/sec
[INFO] [stdout]                  gc.alloc.rate.norm: 101612272.889 B/op
[INFO] [stdout]                  gc.count:           1.000 counts
[INFO] [stdout]                  gc.time:            3.000 ms
[INFO] [stdout] 
[INFO] [stdout] Iteration   3: 120.935 ms/op
[INFO] [stdout]                  gc.alloc.rate:      801.064 MB/sec
[INFO] [stdout]                  gc.alloc.rate.norm: 101592744.000 B/op
[INFO] [stdout]                  gc.count:           2.000 counts
[INFO] [stdout]                  gc.time:            9.000 ms
[INFO] [stdout] 
[INFO] [stdout] Iteration   4: 121.048 ms/op
[INFO] [stdout]                  gc.alloc.rate:      800.304 MB/sec
[INFO] [stdout]                  gc.alloc.rate.norm: 101591744.889 B/op
[INFO] [stdout]                  gc.count:           1.000 counts
[INFO] [stdout]                  gc.time:            6.000 ms
[INFO] [stdout] 
[INFO] [stdout] Iteration   5: 120.179 ms/op
[INFO] [stdout]                  gc.alloc.rate:      806.062 MB/sec
[INFO] [stdout]                  gc.alloc.rate.norm: 101587280.000 B/op
[INFO] [stdout]                  gc.count:           1.000 counts
[INFO] [stdout]                  gc.time:            3.000 ms
[INFO] [stdout] 
[INFO] [stdout] # Processing profiler results: LinuxPerfNormProfiler 
[INFO] [stdout] 
[INFO] [stdout] 
[INFO] [stdout] Result "org.weakref.nitro.clickbench.BenchmarkQueries.query43":
[INFO] [stdout]   120.711 ±(99.9%) 1.400 ms/op [Average]
[INFO] [stdout]   (min, avg, max) = (120.179, 120.711, 121.048), stdev = 0.364
[INFO] [stdout]   CI (99.9%): [119.311, 122.111] (assumes normal distribution)
[INFO] [stdout] 
[INFO] [stdout] Secondary result "org.weakref.nitro.clickbench.BenchmarkQueries.query43:CPI":
[INFO] [stdout]   0.298 clks/insn
[INFO] [stdout] 
[INFO] [stdout] Secondary result "org.weakref.nitro.clickbench.BenchmarkQueries.query43:IPC":
[INFO] [stdout]   3.354 insns/clk
[INFO] [stdout] 
[INFO] [stdout] Secondary result "org.weakref.nitro.clickbench.BenchmarkQueries.query43:L1-dcache-load-misses":
[INFO] [stdout]   46518631.284 #/op
[INFO] [stdout] 
[INFO] [stdout] Secondary result "org.weakref.nitro.clickbench.BenchmarkQueries.query43:L1-dcache-loads":
[INFO] [stdout]   1079392804.875 #/op
[INFO] [stdout] 
[INFO] [stdout] Secondary result "org.weakref.nitro.clickbench.BenchmarkQueries.query43:branch-misses":
[INFO] [stdout]   1641375.914 #/op
[INFO] [stdout] 
[INFO] [stdout] Secondary result "org.weakref.nitro.clickbench.BenchmarkQueries.query43:branches":
[INFO] [stdout]   560322153.647 #/op
[INFO] [stdout] 
[INFO] [stdout] Secondary result "org.weakref.nitro.clickbench.BenchmarkQueries.query43:cycles":
[INFO] [stdout]   704905961.869 #/op
[INFO] [stdout] 
[INFO] [stdout] Secondary result "org.weakref.nitro.clickbench.BenchmarkQueries.query43:dTLB-load-misses":
[INFO] [stdout]   27325.271 #/op
[INFO] [stdout] 
[INFO] [stdout] Secondary result "org.weakref.nitro.clickbench.BenchmarkQueries.query43:dTLB-loads":
[INFO] [stdout]   675337.030 #/op
[INFO] [stdout] 
[INFO] [stdout] Secondary result "org.weakref.nitro.clickbench.BenchmarkQueries.query43:gc.alloc.rate":
[INFO] [stdout]   802.633 ±(99.9%) 9.232 MB/sec [Average]
[INFO] [stdout]   (min, avg, max) = (800.304, 802.633, 806.062), stdev = 2.398
[INFO] [stdout]   CI (99.9%): [793.400, 811.865] (assumes normal distribution)
[INFO] [stdout] 
[INFO] [stdout] Secondary result "org.weakref.nitro.clickbench.BenchmarkQueries.query43:gc.alloc.rate.norm":
[INFO] [stdout]   101603340.622 ±(99.9%) 73166.858 B/op [Average]
[INFO] [stdout]   (min, avg, max) = (101587280.000, 101603340.622, 101632661.333), stdev = 19001.201
[INFO] [stdout]   CI (99.9%): [101530173.764, 101676507.480] (assumes normal distribution)
[INFO] [stdout] 
[INFO] [stdout] Secondary result "org.weakref.nitro.clickbench.BenchmarkQueries.query43:gc.count":
[INFO] [stdout]   6.000 ±(99.9%) 0.001 counts [Sum]
[INFO] [stdout]   (min, avg, max) = (1.000, 1.200, 2.000), stdev = 0.447
[INFO] [stdout]   CI (99.9%): [6.000, 6.000] (assumes normal distribution)
[INFO] [stdout] 
[INFO] [stdout] Secondary result "org.weakref.nitro.clickbench.BenchmarkQueries.query43:gc.time":
[INFO] [stdout]   29.000 ±(99.9%) 0.001 ms [Sum]
[INFO] [stdout]   (min, avg, max) = (3.000, 5.800, 9.000), stdev = 2.775
[INFO] [stdout]   CI (99.9%): [29.000, 29.000] (assumes normal distribution)
[INFO] [stdout] 
[INFO] [stdout] Secondary result "org.weakref.nitro.clickbench.BenchmarkQueries.query43:instructions":
[INFO] [stdout]   2364301558.165 #/op
[INFO] [stdout] 
[INFO] [stdout] 
[INFO] [stdout] # Run complete. Total time: 00:00:11
[INFO] [stdout] 
[INFO] [stdout] REMEMBER: The numbers below are just data. To gain reusable insights, you need to follow up on
[INFO] [stdout] why the numbers are the way they are. Use profilers (see -prof, -lprof), design factorial
[INFO] [stdout] experiments, perform baseline and negative tests that provide experimental control, make sure
[INFO] [stdout] the benchmarking environment is safe on JVM/OS/HW level, ask for reviews from the domain experts.
[INFO] [stdout] Do not assume the numbers tell you what you want them to tell.
[INFO] [stdout] 
[INFO] [stdout] NOTE: Current JVM experimentally supports Compiler Blackholes, and they are in use. Please exercise
[INFO] [stdout] extra caution when trusting the results, look into the generated code to check the benchmark still
[INFO] [stdout] works, and factor in a small probability of new VM bugs. Additionally, while comparisons between
[INFO] [stdout] different JVMs are already problematic, the performance difference caused by different Blackhole
[INFO] [stdout] modes can be very significant. Please make sure you use the consistent Blackhole mode for comparisons.
[INFO] [stdout] 
[INFO] [stdout] Benchmark                                       Mode  Cnt           Score       Error      Units
[INFO] [stdout] BenchmarkQueries.query43                        avgt    5         120.711 ±     1.400      ms/op
[INFO] [stdout] BenchmarkQueries.query43:CPI                    avgt                0.298              clks/insn
[INFO] [stdout] BenchmarkQueries.query43:IPC                    avgt                3.354              insns/clk
[INFO] [stdout] BenchmarkQueries.query43:L1-dcache-load-misses  avgt         46518631.284                   #/op
[INFO] [stdout] BenchmarkQueries.query43:L1-dcache-loads        avgt       1079392804.875                   #/op
[INFO] [stdout] BenchmarkQueries.query43:branch-misses          avgt          1641375.914                   #/op
[INFO] [stdout] BenchmarkQueries.query43:branches               avgt        560322153.647                   #/op
[INFO] [stdout] BenchmarkQueries.query43:cycles                 avgt        704905961.869                   #/op
[INFO] [stdout] BenchmarkQueries.query43:dTLB-load-misses       avgt            27325.271                   #/op
[INFO] [stdout] BenchmarkQueries.query43:dTLB-loads             avgt           675337.030                   #/op
[INFO] [stdout] BenchmarkQueries.query43:gc.alloc.rate          avgt    5         802.633 ±     9.232     MB/sec
[INFO] [stdout] BenchmarkQueries.query43:gc.alloc.rate.norm     avgt    5   101603340.622 ± 73166.858       B/op
[INFO] [stdout] BenchmarkQueries.query43:gc.count               avgt    5           6.000                 counts
[INFO] [stdout] BenchmarkQueries.query43:gc.time                avgt    5          29.000                     ms
[INFO] [stdout] BenchmarkQueries.query43:instructions           avgt       2364301558.165                   #/op
[INFO] [stdout] 
[INFO] [stdout] Benchmark result is saved to /home/martin/src/nitro.opt/benchmarks/sweeps/20260724-registry-owned-schemas/parent-q43-reverse.json
[INFO] ------------------------------------------------------------------------
[INFO] BUILD SUCCESS
[INFO] ------------------------------------------------------------------------
[INFO] Total time:  12.435 s (Wall Clock)
[INFO] Finished at: 2026-07-24T02:15:23Z
[INFO] ------------------------------------------------------------------------
[INFO] Njord session closed
Purged 1 log files (log available in /root/.mvnd/purge-2026-07-24.log)
