[INFO] Enabling strict checksum verification on all artifact downloads.
[INFO] Processing build on daemon d5848512
[INFO] Scanning for projects...
[INFO] Loaded 0 groupId for remote repository maven-central
[INFO] Loaded 0 groupId for remote repository google-maven-central-copy
[INFO] Njord 0.9.9 session created
[INFO] BuildTimeEventSpy is registered.
[INFO] 
[INFO] Using the SmartBuilder implementation with a thread count of 7
[INFO] 
[INFO] ------------------------< io.trino:trino-tests >------------------------
[INFO] Building trino-tests 484-SNAPSHOT
[INFO]   from pom.xml
[INFO] --------------------------------[ jar ]---------------------------------
[INFO] Downloading from sonatype-nexus-snapshots: https://oss.sonatype.org/content/repositories/snapshots/io/trino/trino-benchmark-queries/484-SNAPSHOT/maven-metadata.xml
[INFO] Downloading from sonatype-nexus-snapshots: https://oss.sonatype.org/content/repositories/snapshots/io/trino/trino-base-jdbc/484-SNAPSHOT/maven-metadata.xml
[INFO] Downloading from sonatype-nexus-snapshots: https://oss.sonatype.org/content/repositories/snapshots/io/trino/trino-blackhole/484-SNAPSHOT/maven-metadata.xml
[INFO] Downloading from sonatype-nexus-snapshots: https://oss.sonatype.org/content/repositories/snapshots/io/trino/trino-client/484-SNAPSHOT/maven-metadata.xml
[INFO] Downloading from sonatype-nexus-snapshots: https://oss.sonatype.org/content/repositories/snapshots/io/trino/trino-root/484-SNAPSHOT/maven-metadata.xml
[INFO] Downloading from sonatype-nexus-snapshots: https://oss.sonatype.org/content/repositories/snapshots/io/trino/trino-hdfs/484-SNAPSHOT/maven-metadata.xml
[INFO] Downloading from sonatype-nexus-snapshots: https://oss.sonatype.org/content/repositories/snapshots/io/trino/trino-hive/484-SNAPSHOT/maven-metadata.xml
[INFO] Downloading from sonatype-nexus-snapshots: https://oss.sonatype.org/content/repositories/snapshots/io/trino/trino-iceberg/484-SNAPSHOT/maven-metadata.xml
[INFO] Downloading from sonatype-nexus-snapshots: https://oss.sonatype.org/content/repositories/snapshots/io/trino/trino-jdbc/484-SNAPSHOT/maven-metadata.xml
[INFO] Downloading from sonatype-nexus-snapshots: https://oss.sonatype.org/content/repositories/snapshots/io/trino/trino-main/484-SNAPSHOT/maven-metadata.xml
[INFO] Downloading from sonatype-nexus-snapshots: https://oss.sonatype.org/content/repositories/snapshots/io/trino/trino-memory/484-SNAPSHOT/maven-metadata.xml
[INFO] Downloading from sonatype-nexus-snapshots: https://oss.sonatype.org/content/repositories/snapshots/io/trino/trino-metastore/484-SNAPSHOT/maven-metadata.xml
[INFO] Downloading from sonatype-nexus-snapshots: https://oss.sonatype.org/content/repositories/snapshots/io/trino/trino-plugin-toolkit/484-SNAPSHOT/maven-metadata.xml
[INFO] Downloading from sonatype-nexus-snapshots: https://oss.sonatype.org/content/repositories/snapshots/io/trino/trino-resource-group-managers/484-SNAPSHOT/maven-metadata.xml
[INFO] Downloading from sonatype-nexus-snapshots: https://oss.sonatype.org/content/repositories/snapshots/io/trino/trino-spi/484-SNAPSHOT/maven-metadata.xml
[INFO] Downloading from sonatype-nexus-snapshots: https://oss.sonatype.org/content/repositories/snapshots/io/trino/trino-spooling-filesystem/484-SNAPSHOT/maven-metadata.xml
[INFO] Downloading from sonatype-nexus-snapshots: https://oss.sonatype.org/content/repositories/snapshots/io/trino/trino-testing/484-SNAPSHOT/maven-metadata.xml
[INFO] Downloading from sonatype-nexus-snapshots: https://oss.sonatype.org/content/repositories/snapshots/io/trino/trino-testing-containers/484-SNAPSHOT/maven-metadata.xml
[INFO] Downloading from sonatype-nexus-snapshots: https://oss.sonatype.org/content/repositories/snapshots/io/trino/trino-testing-services/484-SNAPSHOT/maven-metadata.xml
[INFO] Downloading from sonatype-nexus-snapshots: https://oss.sonatype.org/content/repositories/snapshots/io/trino/trino-tpcds/484-SNAPSHOT/maven-metadata.xml
[INFO] Downloading from sonatype-nexus-snapshots: https://oss.sonatype.org/content/repositories/snapshots/io/trino/trino-tpch/484-SNAPSHOT/maven-metadata.xml
[INFO] Downloading from sonatype-nexus-snapshots: https://oss.sonatype.org/content/repositories/snapshots/io/trino/trino-matching/484-SNAPSHOT/maven-metadata.xml
[INFO] Downloading from sonatype-nexus-snapshots: https://oss.sonatype.org/content/repositories/snapshots/io/trino/trino-cache/484-SNAPSHOT/maven-metadata.xml
[INFO] Downloading from sonatype-nexus-snapshots: https://oss.sonatype.org/content/repositories/snapshots/io/trino/trino-filesystem/484-SNAPSHOT/maven-metadata.xml
[INFO] Downloading from sonatype-nexus-snapshots: https://oss.sonatype.org/content/repositories/snapshots/io/trino/trino-memory-context/484-SNAPSHOT/maven-metadata.xml
[INFO] Downloading from sonatype-nexus-snapshots: https://oss.sonatype.org/content/repositories/snapshots/io/trino/trino-filesystem-manager/484-SNAPSHOT/maven-metadata.xml
[INFO] Downloading from sonatype-nexus-snapshots: https://oss.sonatype.org/content/repositories/snapshots/io/trino/trino-filesystem-s3/484-SNAPSHOT/maven-metadata.xml
[INFO] Downloading from sonatype-nexus-snapshots: https://oss.sonatype.org/content/repositories/snapshots/io/trino/trino-hive-formats/484-SNAPSHOT/maven-metadata.xml
[INFO] Downloading from sonatype-nexus-snapshots: https://oss.sonatype.org/content/repositories/snapshots/io/trino/trino-orc/484-SNAPSHOT/maven-metadata.xml
[INFO] Downloading from sonatype-nexus-snapshots: https://oss.sonatype.org/content/repositories/snapshots/io/trino/trino-parquet/484-SNAPSHOT/maven-metadata.xml
[INFO] Downloading from sonatype-nexus-snapshots: https://oss.sonatype.org/content/repositories/snapshots/org/weakref/nitro-parquet/1-SNAPSHOT/maven-metadata.xml
[INFO] Downloading from sonatype-nexus-snapshots: https://oss.sonatype.org/content/repositories/snapshots/io/trino/trino-geospatial-toolkit/484-SNAPSHOT/maven-metadata.xml
[INFO] Loaded 0 groupId for remote repository ossrh
[INFO] Downloading from sonatype-nexus-snapshots: https://oss.sonatype.org/content/repositories/snapshots/io/trino/trino-filesystem-azure/484-SNAPSHOT/maven-metadata.xml
[INFO] Downloading from sonatype-nexus-snapshots: https://oss.sonatype.org/content/repositories/snapshots/io/trino/trino-filesystem-gcs/484-SNAPSHOT/maven-metadata.xml
[INFO] Downloading from sonatype-nexus-snapshots: https://oss.sonatype.org/content/repositories/snapshots/org/weakref/nitro-parent/1-SNAPSHOT/maven-metadata.xml
[INFO] Downloading from sonatype-nexus-snapshots: https://oss.sonatype.org/content/repositories/snapshots/io/trino/trino-array/484-SNAPSHOT/maven-metadata.xml
[INFO] Downloading from sonatype-nexus-snapshots: https://oss.sonatype.org/content/repositories/snapshots/io/trino/trino-parser/484-SNAPSHOT/maven-metadata.xml
[INFO] Downloading from sonatype-nexus-snapshots: https://oss.sonatype.org/content/repositories/snapshots/io/trino/trino-web-ui/484-SNAPSHOT/maven-metadata.xml
[INFO] Downloading from sonatype-nexus-snapshots: https://oss.sonatype.org/content/repositories/snapshots/org/weakref/nitro-engine/1-SNAPSHOT/maven-metadata.xml
[INFO] Downloading from sonatype-nexus-snapshots: https://oss.sonatype.org/content/repositories/snapshots/org/weakref/nitro-spi/1-SNAPSHOT/maven-metadata.xml
[INFO] Loaded 0 groupId for remote repository repo.gradle.org
[INFO] Downloading from sonatype-nexus-snapshots: https://oss.sonatype.org/content/repositories/snapshots/io/trino/trino-exchange-filesystem/484-SNAPSHOT/maven-metadata.xml
[INFO] Downloading from sonatype-nexus-snapshots: https://oss.sonatype.org/content/repositories/snapshots/io/trino/trino-filesystem-cache-alluxio/484-SNAPSHOT/maven-metadata.xml
[INFO] Downloading from sonatype-nexus-snapshots: https://oss.sonatype.org/content/repositories/snapshots/io/trino/trino-grammar/484-SNAPSHOT/maven-metadata.xml
[INFO] Loaded 0 groupId for remote repository central.maven.org
[INFO] 
[INFO] --- git-commit-id:10.0.0:revision (default) @ trino-tests ---
[INFO] Downloading from central: https://repo.maven.apache.org/maven2/org/bouncycastle/bcutil-jdk18on/maven-metadata.xml
[INFO] Downloading from sonatype-nexus-snapshots: https://oss.sonatype.org/content/repositories/snapshots/org/bouncycastle/bcutil-jdk18on/maven-metadata.xml
[INFO] Downloaded from central: https://repo.maven.apache.org/maven2/org/bouncycastle/bcutil-jdk18on/maven-metadata.xml (882 B at 7.7 kB/s)
[INFO] 
[INFO] --- build-helper:3.6.1:bsh-property (surefire-enable-preview) @ trino-tests ---
[INFO] 
[INFO] --- resources:3.5.0:resources (default-resources) @ trino-tests ---
[INFO] skip non existing resourceDirectory /root/notes/trino.nitro/testing/trino-tests/src/main/resources
[INFO] 
[INFO] --- compiler:3.15.0:compile (default-compile) @ trino-tests ---
[INFO] Nothing to compile - all classes are up to date.
[INFO] 
[INFO] --- resources:3.5.0:testResources (default-testResources) @ trino-tests ---
[INFO] Copying 266 resources from src/test/resources to target/test-classes
[INFO] 
[INFO] --- compiler:3.15.0:testCompile (default-testCompile) @ trino-tests ---
[INFO] Nothing to compile - all classes are up to date.
[INFO] 
[INFO] --- modernizer:3.4.0:modernizer (modernizer) @ trino-tests ---
[INFO] Skipping modernizer execution!
[INFO] 
[INFO] --- modernizer:3.4.0:modernizer (modernizer-production-code) @ trino-tests ---
[INFO] Skipping modernizer execution!
[INFO] 
[INFO] --- dependency:3.11.0:analyze-only (default) @ trino-tests ---
[INFO] Skipping plugin execution
[INFO] 
[INFO] --- dependency:3.11.0:analyze-duplicate (default) @ trino-tests ---
[INFO] Skipping plugin execution
[INFO] 
[INFO] --- duplicate-finder:2.0.1:check (default) @ trino-tests ---
[INFO] Skipping duplicate-finder execution!
[INFO] 
[INFO] --- surefire:3.5.6:test (default-test) @ trino-tests ---
[INFO] Tests will run in random order. To reproduce ordering use flag -Dsurefire.runOrder.random.seed=4237819090055447
[INFO] Using auto detected provider org.apache.maven.surefire.junitplatform.JUnitPlatformProvider
[INFO] 
[INFO] -------------------------------------------------------
[INFO]  T E S T S
[INFO] -------------------------------------------------------
[WARNING] [stderr] WARNING: Using incubator modules: jdk.incubator.vector
[WARNING] [stderr] 2026-08-04T19:55:38.995-0600	INFO	ForkJoinPool-1-worker-1	io.airlift.log.Logging	Logging to stderr
[INFO] Running io.trino.tests.nitro.TestNitroParquetCountPerformance
[WARNING] [stderr] WARNING: A terminally deprecated method in sun.misc.Unsafe has been called
[WARNING] [stderr] WARNING: sun.misc.Unsafe::staticFieldBase has been called by com.google.inject.internal.aop.HiddenClassDefiner (file:/root/.m2/repository/com/google/inject/guice/7.0.0/guice-7.0.0-classes.jar)
[WARNING] [stderr] WARNING: Please consider reporting this to the maintainers of class com.google.inject.internal.aop.HiddenClassDefiner
[WARNING] [stderr] WARNING: sun.misc.Unsafe::staticFieldBase will be removed in a future release
[WARNING] [stderr] 2026-08-04T19:55:39.884-0600	INFO	ForkJoinPool-1-worker-1	io.trino.simd.BlockEncodingSimdSupport	Detected SIMD Support for architecture=amd64, vectorBitWidth=512: SimdSupport[capabilities=[COMPRESS_BYTE, EXPAND_BYTE, COMPRESS_SHORT, EXPAND_SHORT, COMPRESS_INT, EXPAND_INT, COMPRESS_LONG, EXPAND_LONG]]
[WARNING] [stderr] WARNING: A restricted method in java.lang.System has been called
[WARNING] [stderr] WARNING: java.lang.System::loadLibrary has been called by com.aayushatharva.brotli4j.Brotli4jLoader in an unnamed module (file:/root/.m2/repository/com/aayushatharva/brotli4j/brotli4j/1.23.0/brotli4j-1.23.0.jar)
[WARNING] [stderr] WARNING: Use --enable-native-access=ALL-UNNAMED to avoid a warning for callers in this module
[WARNING] [stderr] WARNING: Restricted methods will be blocked in a future release unless native access is enabled
[WARNING] [stderr] 
[WARNING] [stderr] 2026-08-04T19:55:41.217-0600	INFO	ForkJoinPool-1-worker-1	io.trino.testing.DistributedQueryRunner	Created DistributedQueryRunner in 1.91s (unclosed instances = 1)
[WARNING] [stderr] 2026-08-04T19:55:49.016-0600	INFO	ForkJoinPool-1-worker-1	io.trino.testing.DistributedQueryRunner	Created DistributedQueryRunner in 485.11ms (unclosed instances = 2)
[WARNING] [stderr] 2026-08-04T19:55:55.269-0600	INFO	ForkJoinPool-1-worker-1	stdout	engine,suite,query,measurements,min_ms,p50_ms,p95_ms,mean_ms,cpu_p50_ms,cpu_mean_ms,cpu_over_wall,input_mib,input_positions,nitro_source_drivers,native_sources
[WARNING] [stderr] 2026-08-04T19:55:59.215-0600	INFO	ForkJoinPool-1-worker-1	stdout	operator_cpu,trino,0/MergeOperator@743,1,0.000,1.940,0.000,0,27840,27840,444.700
[WARNING] [stderr] 2026-08-04T19:55:59.215-0600	INFO	ForkJoinPool-1-worker-1	stdout	operator_cpu,trino,0/TaskOutputOperator@42,1,0.142,0.000,0.001,0,27840,27840,0.000
[WARNING] [stderr] 2026-08-04T19:55:59.215-0600	INFO	ForkJoinPool-1-worker-1	stdout	operator_cpu,trino,1/ExchangeOperator@742,2,0.000,0.085,0.000,0,27840,27840,808.450
[WARNING] [stderr] 2026-08-04T19:55:59.215-0600	INFO	ForkJoinPool-1-worker-1	stdout	operator_cpu,trino,1/LocalMergeSourceOperator@906,2,0.000,1.878,0.000,0,27840,27840,852.880
[WARNING] [stderr] 2026-08-04T19:55:59.215-0600	INFO	ForkJoinPool-1-worker-1	stdout	operator_cpu,trino,1/LocalExchangeSinkOperator@906,2,0.016,0.000,0.017,0,27840,27840,0.000
[WARNING] [stderr] 2026-08-04T19:55:59.215-0600	INFO	ForkJoinPool-1-worker-1	stdout	operator_cpu,trino,1/OrderByOperator@744,2,0.070,1.569,44.534,0,27840,27840,0.000
[WARNING] [stderr] 2026-08-04T19:55:59.215-0600	INFO	ForkJoinPool-1-worker-1	stdout	operator_cpu,trino,1/TaskOutputOperator@906,2,0.159,0.000,0.002,0,27840,27840,0.000
[WARNING] [stderr] 2026-08-04T19:55:59.215-0600	INFO	ForkJoinPool-1-worker-1	stdout	operator_cpu,trino,2/ExchangeOperator@968,2,0.000,0.230,0.000,0,55679,55679,801.880
[WARNING] [stderr] 2026-08-04T19:55:59.215-0600	INFO	ForkJoinPool-1-worker-1	stdout	operator_cpu,trino,2/LocalExchangeSourceOperator@962,2,0.000,0.016,0.000,0,55679,55679,800.450
[WARNING] [stderr] 2026-08-04T19:55:59.215-0600	INFO	ForkJoinPool-1-worker-1	stdout	operator_cpu,trino,2/TaskOutputOperator@34,2,0.241,0.000,0.002,0,27840,27840,0.000
[WARNING] [stderr] 2026-08-04T19:55:59.215-0600	INFO	ForkJoinPool-1-worker-1	stdout	operator_cpu,trino,2/LocalExchangeSinkOperator@962,2,0.043,0.000,0.027,0,55679,55679,0.000
[WARNING] [stderr] 2026-08-04T19:55:59.215-0600	INFO	ForkJoinPool-1-worker-1	stdout	operator_cpu,trino,2/HashAggregationOperator@34,2,6.470,0.958,0.031,0,55679,27840,0.000
[WARNING] [stderr] 2026-08-04T19:55:59.215-0600	INFO	ForkJoinPool-1-worker-1	stdout	operator_cpu,trino,3/ExchangeOperator@983,2,0.000,3.700,0.000,0,1186569,1186569,541.180
[WARNING] [stderr] 2026-08-04T19:55:59.215-0600	INFO	ForkJoinPool-1-worker-1	stdout	operator_cpu,trino,3/LocalExchangeSourceOperator@977,2,0.000,0.182,0.000,0,1186569,1186569,458.870
[WARNING] [stderr] 2026-08-04T19:55:59.215-0600	INFO	ForkJoinPool-1-worker-1	stdout	operator_cpu,trino,3/PartitionedOutputOperator@966,2,1.557,0.000,0.323,0,55679,55679,0.000
[WARNING] [stderr] 2026-08-04T19:55:59.215-0600	INFO	ForkJoinPool-1-worker-1	stdout	operator_cpu,trino,3/HashAggregationOperator@966,2,53.400,1.858,0.037,0,1186339,55679,0.000
[WARNING] [stderr] 2026-08-04T19:55:59.215-0600	INFO	ForkJoinPool-1-worker-1	stdout	operator_cpu,trino,3/LocalExchangeSinkOperator@977,2,0.320,0.000,0.028,0,1186569,1186569,0.000
[WARNING] [stderr] 2026-08-04T19:55:59.215-0600	INFO	ForkJoinPool-1-worker-1	stdout	operator_cpu,trino,3/HashAggregationOperator@132,2,85.900,34.360,0.062,0,1186569,1186339,0.000
[WARNING] [stderr] 2026-08-04T19:55:59.215-0600	INFO	ForkJoinPool-1-worker-1	stdout	operator_cpu,trino,4/ExchangeOperator@738,2,0.000,9.110,0.000,0,593648,593648,59.480
[WARNING] [stderr] 2026-08-04T19:55:59.215-0600	INFO	ForkJoinPool-1-worker-1	stdout	operator_cpu,trino,4/LocalExchangeSourceOperator@902,2,0.000,0.572,0.000,0,593648,593648,77.980
[WARNING] [stderr] 2026-08-04T19:55:59.215-0600	INFO	ForkJoinPool-1-worker-1	stdout	operator_cpu,trino,4/ExchangeOperator@739,2,0.000,0.040,0.000,0,112,112,32.480
[WARNING] [stderr] 2026-08-04T19:55:59.216-0600	INFO	ForkJoinPool-1-worker-1	stdout	operator_cpu,trino,4/ScanFilterAndProjectOperator@826,6,0.000,92.730,0.000,8000000,8000000,8000000,0.000
[WARNING] [stderr] 2026-08-04T19:55:59.216-0600	INFO	ForkJoinPool-1-worker-1	stdout	operator_cpu,trino,4/PartitionedOutputOperator@981,6,34.870,0.000,0.514,0,1186569,1186569,0.000
[WARNING] [stderr] 2026-08-04T19:55:59.216-0600	INFO	ForkJoinPool-1-worker-1	stdout	operator_cpu,trino,4/FilterAndProjectOperator@32,6,0.491,13.010,0.016,0,1187296,1186602,0.000
[WARNING] [stderr] 2026-08-04T19:55:59.216-0600	INFO	ForkJoinPool-1-worker-1	stdout	operator_cpu,trino,4/LookupJoinOperator@644,6,0.524,130.380,0.021,0,8000000,1187296,272.350
[WARNING] [stderr] 2026-08-04T19:55:59.216-0600	INFO	ForkJoinPool-1-worker-1	stdout	operator_cpu,trino,4/LocalExchangeSinkOperator@903,2,0.011,0.000,0.036,0,112,112,0.000
[WARNING] [stderr] 2026-08-04T19:55:59.216-0600	INFO	ForkJoinPool-1-worker-1	stdout	operator_cpu,trino,4/LocalExchangeSinkOperator@902,2,0.727,0.000,0.031,0,593648,593648,0.000
[WARNING] [stderr] 2026-08-04T19:55:59.216-0600	INFO	ForkJoinPool-1-worker-1	stdout	operator_cpu,trino,4/DynamicFilterSourceOperator@644,2,4.070,0.307,0.002,0,593648,593648,0.000
[WARNING] [stderr] 2026-08-04T19:55:59.216-0600	INFO	ForkJoinPool-1-worker-1	stdout	operator_cpu,trino,4/HashAggregationOperator@981,6,76.920,38.130,0.348,0,1186602,1186569,0.000
[WARNING] [stderr] 2026-08-04T19:55:59.216-0600	INFO	ForkJoinPool-1-worker-1	stdout	operator_cpu,trino,4/HashSemiJoinOperator@341,6,0.627,16.350,0.111,0,1187296,1187296,0.000
[WARNING] [stderr] 2026-08-04T19:55:59.216-0600	INFO	ForkJoinPool-1-worker-1	stdout	operator_cpu,trino,4/SetBuilderOperator@341,2,0.323,0.000,0.009,0,112,112,0.000
[WARNING] [stderr] 2026-08-04T19:55:59.216-0600	INFO	ForkJoinPool-1-worker-1	stdout	operator_cpu,trino,4/LocalExchangeSourceOperator@903,2,0.000,0.006,0.000,0,112,112,33.930
[WARNING] [stderr] 2026-08-04T19:55:59.216-0600	INFO	ForkJoinPool-1-worker-1	stdout	operator_cpu,trino,4/HashBuilderOperator@644,2,2.008,0.000,6.690,0,593648,593648,256.790
[WARNING] [stderr] 2026-08-04T19:55:59.216-0600	INFO	ForkJoinPool-1-worker-1	stdout	operator_cpu,trino,5/ScanFilterAndProjectOperator@386,3,0.000,50.260,0.000,2000000,2000000,296824,0.000
[WARNING] [stderr] 2026-08-04T19:55:59.216-0600	INFO	ForkJoinPool-1-worker-1	stdout	operator_cpu,trino,5/TaskOutputOperator@386,3,5.290,0.000,0.003,0,296824,296824,0.000
[WARNING] [stderr] 2026-08-04T19:55:59.216-0600	INFO	ForkJoinPool-1-worker-1	stdout	operator_cpu,trino,6/ScanFilterAndProjectOperator@23,1,0.000,13.970,0.000,100000,100000,56,0.000
[WARNING] [stderr] 2026-08-04T19:55:59.216-0600	INFO	ForkJoinPool-1-worker-1	stdout	operator_cpu,trino,6/TaskOutputOperator@23,1,0.062,0.000,0.001,0,56,56,0.000
[WARNING] [stderr] 2026-08-04T19:55:59.216-0600	INFO	ForkJoinPool-1-worker-1	stdout	pipeline_cpu,trino,0,0,1,2.120,2.120,444.700,449.465,449.465,0,27840,27840,MergeOperator@743+TaskOutputOperator@42
[WARNING] [stderr] 2026-08-04T19:55:59.216-0600	INFO	ForkJoinPool-1-worker-1	stdout	pipeline_cpu,trino,1,0,1,0.063,0.064,403.320,404.406,404.406,0,0,0,ExchangeOperator@742+OrderByOperator@744+LocalExchangeSinkOperator@906
[WARNING] [stderr] 2026-08-04T19:55:59.216-0600	INFO	ForkJoinPool-1-worker-1	stdout	pipeline_cpu,trino,1,1,1,0.046,0.047,404.110,404.427,404.427,0,0,0,LocalMergeSourceOperator@906+TaskOutputOperator@906
[WARNING] [stderr] 2026-08-04T19:55:59.216-0600	INFO	ForkJoinPool-1-worker-1	stdout	pipeline_cpu,trino,1,0,1,46.310,46.680,405.130,452.040,452.040,0,27840,27840,ExchangeOperator@742+OrderByOperator@744+LocalExchangeSinkOperator@906
[WARNING] [stderr] 2026-08-04T19:55:59.216-0600	INFO	ForkJoinPool-1-worker-1	stdout	pipeline_cpu,trino,1,1,1,2.030,2.040,448.770,453.627,453.627,0,27840,27840,LocalMergeSourceOperator@906+TaskOutputOperator@906
[WARNING] [stderr] 2026-08-04T19:55:59.217-0600	INFO	ForkJoinPool-1-worker-1	stdout	pipeline_cpu,trino,2,0,1,0.196,0.200,403.690,404.761,404.761,0,28221,28221,ExchangeOperator@968+LocalExchangeSinkOperator@962
[WARNING] [stderr] 2026-08-04T19:55:59.217-0600	INFO	ForkJoinPool-1-worker-1	stdout	pipeline_cpu,trino,2,1,1,3.990,4.260,401.600,406.527,406.527,0,28221,14111,LocalExchangeSourceOperator@962+HashAggregationOperator@34+TaskOutputOperator@34
[WARNING] [stderr] 2026-08-04T19:55:59.217-0600	INFO	ForkJoinPool-1-worker-1	stdout	pipeline_cpu,trino,2,0,1,0.197,0.915,399.920,401.255,401.255,0,27458,27458,ExchangeOperator@968+LocalExchangeSinkOperator@962
[WARNING] [stderr] 2026-08-04T19:55:59.217-0600	INFO	ForkJoinPool-1-worker-1	stdout	pipeline_cpu,trino,2,1,1,3.750,3.750,398.850,403.066,403.066,0,27458,13729,LocalExchangeSourceOperator@962+HashAggregationOperator@34+TaskOutputOperator@34
[WARNING] [stderr] 2026-08-04T19:55:59.217-0600	INFO	ForkJoinPool-1-worker-1	stdout	pipeline_cpu,trino,3,0,1,2.250,4.040,342.800,348.036,348.036,0,594152,594152,ExchangeOperator@983+LocalExchangeSinkOperator@977
[WARNING] [stderr] 2026-08-04T19:55:59.217-0600	INFO	ForkJoinPool-1-worker-1	stdout	pipeline_cpu,trino,3,1,1,89.640,100.560,298.020,402.759,402.759,0,594152,27839,LocalExchangeSourceOperator@977+HashAggregationOperator@132+HashAggregationOperator@966+PartitionedOutputOperator@966
[WARNING] [stderr] 2026-08-04T19:55:59.217-0600	INFO	ForkJoinPool-1-worker-1	stdout	pipeline_cpu,trino,3,0,1,2.270,3.540,198.210,204.550,204.550,0,592417,592417,ExchangeOperator@983+LocalExchangeSinkOperator@977
[WARNING] [stderr] 2026-08-04T19:55:59.217-0600	INFO	ForkJoinPool-1-worker-1	stdout	pipeline_cpu,trino,3,1,1,88.170,90.260,160.760,250.703,250.703,0,592417,27840,LocalExchangeSourceOperator@977+HashAggregationOperator@132+HashAggregationOperator@966+PartitionedOutputOperator@966
[WARNING] [stderr] 2026-08-04T19:55:59.217-0600	INFO	ForkJoinPool-1-worker-1	stdout	pipeline_cpu,trino,4,0,1,5.160,10.110,29.620,53.095,53.095,0,296824,296824,ExchangeOperator@738+LocalExchangeSinkOperator@902
[WARNING] [stderr] 2026-08-04T19:55:59.217-0600	INFO	ForkJoinPool-1-worker-1	stdout	pipeline_cpu,trino,4,1,1,6.960,10.610,167.970,181.068,181.068,0,296824,296824,LocalExchangeSourceOperator@902+DynamicFilterSourceOperator@644+HashBuilderOperator@644
[WARNING] [stderr] 2026-08-04T19:55:59.217-0600	INFO	ForkJoinPool-1-worker-1	stdout	pipeline_cpu,trino,4,2,1,0.092,0.099,20.020,22.592,22.592,0,56,56,ExchangeOperator@739+LocalExchangeSinkOperator@903
[WARNING] [stderr] 2026-08-04T19:55:59.217-0600	INFO	ForkJoinPool-1-worker-1	stdout	pipeline_cpu,trino,4,3,1,0.168,0.170,20.500,22.797,22.797,0,56,56,LocalExchangeSourceOperator@903+SetBuilderOperator@341
[WARNING] [stderr] 2026-08-04T19:55:59.217-0600	INFO	ForkJoinPool-1-worker-1	stdout	pipeline_cpu,trino,4,4,3,221.710,257.560,134.070,137.949,178.638,4497544,4497544,667395,ScanFilterAndProjectOperator@826+LookupJoinOperator@644+HashSemiJoinOperator@341+FilterAndProjectOperator@32+HashAggregationOperator@981+PartitionedOutputOperator@981
[WARNING] [stderr] 2026-08-04T19:55:59.217-0600	INFO	ForkJoinPool-1-worker-1	stdout	pipeline_cpu,trino,4,0,1,4.970,9.130,29.490,44.963,44.963,0,296824,296824,ExchangeOperator@738+LocalExchangeSinkOperator@902
[WARNING] [stderr] 2026-08-04T19:55:59.217-0600	INFO	ForkJoinPool-1-worker-1	stdout	pipeline_cpu,trino,4,1,1,6.880,8.410,164.780,182.505,182.505,0,296824,296824,LocalExchangeSourceOperator@902+DynamicFilterSourceOperator@644+HashBuilderOperator@644
[WARNING] [stderr] 2026-08-04T19:55:59.217-0600	INFO	ForkJoinPool-1-worker-1	stdout	pipeline_cpu,trino,4,2,1,0.072,0.073,12.450,13.901,13.901,0,56,56,ExchangeOperator@739+LocalExchangeSinkOperator@903
[WARNING] [stderr] 2026-08-04T19:55:59.217-0600	INFO	ForkJoinPool-1-worker-1	stdout	pipeline_cpu,trino,4,3,1,0.215,0.216,13.430,14.005,14.005,0,56,56,LocalExchangeSourceOperator@903+SetBuilderOperator@341
[WARNING] [stderr] 2026-08-04T19:55:59.217-0600	INFO	ForkJoinPool-1-worker-1	stdout	pipeline_cpu,trino,4,4,3,183.490,198.900,138.290,110.835,190.775,3502456,3502456,519174,ScanFilterAndProjectOperator@826+LookupJoinOperator@644+HashSemiJoinOperator@341+FilterAndProjectOperator@32+HashAggregationOperator@981+PartitionedOutputOperator@981
[WARNING] [stderr] 2026-08-04T19:55:59.217-0600	INFO	ForkJoinPool-1-worker-1	stdout	pipeline_cpu,trino,5,0,1,14.060,26.330,0.000,26.436,26.436,527179,527179,78518,ScanFilterAndProjectOperator@386+TaskOutputOperator@386
[WARNING] [stderr] 2026-08-04T19:55:59.217-0600	INFO	ForkJoinPool-1-worker-1	stdout	pipeline_cpu,trino,5,0,2,41.560,54.580,0.000,46.499,46.499,1472821,1472821,218306,ScanFilterAndProjectOperator@386+TaskOutputOperator@386
[WARNING] [stderr] 2026-08-04T19:55:59.217-0600	INFO	ForkJoinPool-1-worker-1	stdout	pipeline_cpu,trino,6,0,1,14.050,15.830,0.000,18.079,18.079,100000,100000,56,ScanFilterAndProjectOperator@23+TaskOutputOperator@23
[WARNING] [stderr] 2026-08-04T19:55:59.574-0600	INFO	ForkJoinPool-1-worker-1	stdout	operator_cpu,nitro,0/MergeOperator@743,1,0.000,1.880,0.000,0,27840,27840,293.240
[WARNING] [stderr] 2026-08-04T19:55:59.575-0600	INFO	ForkJoinPool-1-worker-1	stdout	operator_cpu,nitro,0/TaskOutputOperator@42,1,0.113,0.000,0.001,0,27840,27840,0.000
[WARNING] [stderr] 2026-08-04T19:55:59.575-0600	INFO	ForkJoinPool-1-worker-1	stdout	operator_cpu,nitro,1/ExchangeOperator@742,2,0.000,0.328,0.000,0,27840,27840,533.790
[WARNING] [stderr] 2026-08-04T19:55:59.575-0600	INFO	ForkJoinPool-1-worker-1	stdout	operator_cpu,nitro,1/LocalMergeSourceOperator@906,2,0.000,2.311,0.000,0,27840,27840,564.290
[WARNING] [stderr] 2026-08-04T19:55:59.575-0600	INFO	ForkJoinPool-1-worker-1	stdout	operator_cpu,nitro,1/LocalExchangeSinkOperator@906,2,0.009,0.000,0.015,0,27840,27840,0.000
[WARNING] [stderr] 2026-08-04T19:55:59.575-0600	INFO	ForkJoinPool-1-worker-1	stdout	operator_cpu,nitro,1/TrinoNitroSortOperator@744,2,3.100,21.162,0.004,0,27840,27840,0.000
[WARNING] [stderr] 2026-08-04T19:55:59.575-0600	INFO	ForkJoinPool-1-worker-1	stdout	operator_cpu,nitro,1/TaskOutputOperator@906,2,0.132,0.000,0.002,0,27840,27840,0.000
[WARNING] [stderr] 2026-08-04T19:55:59.575-0600	INFO	ForkJoinPool-1-worker-1	stdout	operator_cpu,nitro,2/ExchangeOperator@968,2,0.000,0.689,0.000,0,55679,55679,536.190
[WARNING] [stderr] 2026-08-04T19:55:59.575-0600	INFO	ForkJoinPool-1-worker-1	stdout	operator_cpu,nitro,2/LocalExchangeSourceOperator@962,2,0.000,0.013,0.000,0,55679,55679,536.270
[WARNING] [stderr] 2026-08-04T19:55:59.575-0600	INFO	ForkJoinPool-1-worker-1	stdout	operator_cpu,nitro,2/TaskOutputOperator@34,2,0.248,0.000,0.004,0,27840,27840,0.000
[WARNING] [stderr] 2026-08-04T19:55:59.575-0600	INFO	ForkJoinPool-1-worker-1	stdout	operator_cpu,nitro,2/LocalExchangeSinkOperator@962,2,0.036,0.000,0.024,0,55679,55679,0.000
[WARNING] [stderr] 2026-08-04T19:55:59.575-0600	INFO	ForkJoinPool-1-worker-1	stdout	operator_cpu,nitro,2/TrinoNitroAggregationOperator@34,2,5.330,1.328,0.002,0,55679,27840,0.000
[WARNING] [stderr] 2026-08-04T19:55:59.575-0600	INFO	ForkJoinPool-1-worker-1	stdout	operator_cpu,nitro,3/ExchangeOperator@983,2,0.000,12.930,0.000,0,1186564,1186564,399.030
[WARNING] [stderr] 2026-08-04T19:55:59.575-0600	INFO	ForkJoinPool-1-worker-1	stdout	operator_cpu,nitro,3/LocalExchangeSourceOperator@977,2,0.000,0.153,0.000,0,1186564,1186564,287.660
[WARNING] [stderr] 2026-08-04T19:55:59.575-0600	INFO	ForkJoinPool-1-worker-1	stdout	operator_cpu,nitro,3/PartitionedOutputOperator@966,2,0.307,0.000,0.405,0,55679,55679,0.000
[WARNING] [stderr] 2026-08-04T19:55:59.575-0600	INFO	ForkJoinPool-1-worker-1	stdout	operator_cpu,nitro,3/TrinoNitroAggregationOperator@966,2,37.850,1.054,0.001,0,1186339,55679,0.000
[WARNING] [stderr] 2026-08-04T19:55:59.575-0600	INFO	ForkJoinPool-1-worker-1	stdout	operator_cpu,nitro,3/LocalExchangeSinkOperator@977,2,0.143,0.000,0.035,0,1186564,1186564,0.000
[WARNING] [stderr] 2026-08-04T19:55:59.575-0600	INFO	ForkJoinPool-1-worker-1	stdout	operator_cpu,nitro,3/TrinoNitroAggregationOperator@132,2,158.340,38.980,0.074,0,1186564,1186339,0.000
[WARNING] [stderr] 2026-08-04T19:55:59.575-0600	INFO	ForkJoinPool-1-worker-1	stdout	operator_cpu,nitro,4/ExchangeOperator@738,2,0.000,7.590,0.000,0,593648,593648,83.500
[WARNING] [stderr] 2026-08-04T19:55:59.575-0600	INFO	ForkJoinPool-1-worker-1	stdout	operator_cpu,nitro,4/LocalExchangeSourceOperator@902,2,0.000,0.206,0.000,0,593648,593648,100.450
[WARNING] [stderr] 2026-08-04T19:55:59.575-0600	INFO	ForkJoinPool-1-worker-1	stdout	operator_cpu,nitro,4/ExchangeOperator@739,2,0.000,0.084,0.000,0,112,112,40.160
[WARNING] [stderr] 2026-08-04T19:55:59.575-0600	INFO	ForkJoinPool-1-worker-1	stdout	operator_cpu,nitro,4/PartitionedOutputOperator@981,6,11.710,0.000,0.119,0,1186564,1186564,0.000
[WARNING] [stderr] 2026-08-04T19:55:59.575-0600	INFO	ForkJoinPool-1-worker-1	stdout	operator_cpu,nitro,4/TrinoNitroPipelineSourceOperator@644,6,0.000,363.490,0.000,8000000,8000000,1186564,373.480
[WARNING] [stderr] 2026-08-04T19:55:59.575-0600	INFO	ForkJoinPool-1-worker-1	stdout	operator_cpu,nitro,4/LocalExchangeSourceOperator@903,2,0.000,0.017,0.000,0,112,112,49.450
[WARNING] [stderr] 2026-08-04T19:55:59.575-0600	INFO	ForkJoinPool-1-worker-1	stdout	operator_cpu,nitro,4/TrinoNitroHashBuildOperator@32,2,0.099,0.000,0.245,0,112,0,282.680
[WARNING] [stderr] 2026-08-04T19:55:59.575-0600	INFO	ForkJoinPool-1-worker-1	stdout	operator_cpu,nitro,4/LocalExchangeSinkOperator@903,2,0.040,0.000,0.029,0,112,112,0.000
[WARNING] [stderr] 2026-08-04T19:55:59.575-0600	INFO	ForkJoinPool-1-worker-1	stdout	operator_cpu,nitro,4/TrinoNitroHashBuildOperator@644,2,1.218,0.000,21.370,0,593648,0,200.350
[WARNING] [stderr] 2026-08-04T19:55:59.575-0600	INFO	ForkJoinPool-1-worker-1	stdout	operator_cpu,nitro,4/LocalExchangeSinkOperator@902,2,0.503,0.000,0.041,0,593648,593648,0.000
[WARNING] [stderr] 2026-08-04T19:55:59.575-0600	INFO	ForkJoinPool-1-worker-1	stdout	operator_cpu,nitro,4/DynamicFilterSourceOperator@644,2,3.760,0.176,0.004,0,593648,593648,0.000
[WARNING] [stderr] 2026-08-04T19:55:59.575-0600	INFO	ForkJoinPool-1-worker-1	stdout	operator_cpu,nitro,5/TrinoNitroPipelineSourceOperator@386,3,0.000,57.910,0.000,2000000,2000000,296824,0.000
[WARNING] [stderr] 2026-08-04T19:55:59.575-0600	INFO	ForkJoinPool-1-worker-1	stdout	operator_cpu,nitro,5/TaskOutputOperator@386,3,3.203,0.000,0.008,0,296824,296824,0.000
[WARNING] [stderr] 2026-08-04T19:55:59.576-0600	INFO	ForkJoinPool-1-worker-1	stdout	operator_cpu,nitro,6/TrinoNitroPipelineSourceOperator@23,1,0.000,12.470,0.000,100000,100000,56,0.000
[WARNING] [stderr] 2026-08-04T19:55:59.576-0600	INFO	ForkJoinPool-1-worker-1	stdout	operator_cpu,nitro,6/TaskOutputOperator@23,1,0.123,0.000,0.004,0,56,56,0.000
[WARNING] [stderr] 2026-08-04T19:55:59.576-0600	INFO	ForkJoinPool-1-worker-1	stdout	pipeline_cpu,nitro,0,0,1,2.020,2.050,293.240,303.361,303.361,0,27840,27840,MergeOperator@743+TaskOutputOperator@42
[WARNING] [stderr] 2026-08-04T19:55:59.576-0600	INFO	ForkJoinPool-1-worker-1	stdout	pipeline_cpu,nitro,1,0,1,0.058,0.064,266.920,275.249,275.249,0,0,0,ExchangeOperator@742+TrinoNitroSortOperator@744+LocalExchangeSinkOperator@906
[WARNING] [stderr] 2026-08-04T19:55:59.576-0600	INFO	ForkJoinPool-1-worker-1	stdout	pipeline_cpu,nitro,1,1,1,0.032,0.032,274.340,275.324,275.324,0,0,0,LocalMergeSourceOperator@906+TaskOutputOperator@906
[WARNING] [stderr] 2026-08-04T19:55:59.576-0600	INFO	ForkJoinPool-1-worker-1	stdout	pipeline_cpu,nitro,1,0,1,24.640,24.790,266.870,291.893,291.893,0,27840,27840,ExchangeOperator@742+TrinoNitroSortOperator@744+LocalExchangeSinkOperator@906
[WARNING] [stderr] 2026-08-04T19:55:59.576-0600	INFO	ForkJoinPool-1-worker-1	stdout	pipeline_cpu,nitro,1,1,1,2.460,2.460,289.960,294.324,294.324,0,27840,27840,LocalMergeSourceOperator@906+TaskOutputOperator@906
[WARNING] [stderr] 2026-08-04T19:55:59.576-0600	INFO	ForkJoinPool-1-worker-1	stdout	pipeline_cpu,nitro,2,0,1,0.443,2.130,270.900,273.371,273.371,0,28221,28221,ExchangeOperator@968+LocalExchangeSinkOperator@962
[WARNING] [stderr] 2026-08-04T19:55:59.576-0600	INFO	ForkJoinPool-1-worker-1	stdout	pipeline_cpu,nitro,2,1,1,3.510,3.510,272.470,275.150,275.150,0,28221,14111,LocalExchangeSourceOperator@962+TrinoNitroAggregationOperator@34+TaskOutputOperator@34
[WARNING] [stderr] 2026-08-04T19:55:59.576-0600	INFO	ForkJoinPool-1-worker-1	stdout	pipeline_cpu,nitro,2,0,1,0.412,0.459,266.380,272.866,272.866,0,27458,27458,ExchangeOperator@968+LocalExchangeSinkOperator@962
[WARNING] [stderr] 2026-08-04T19:55:59.576-0600	INFO	ForkJoinPool-1-worker-1	stdout	pipeline_cpu,nitro,2,1,1,3.500,3.510,263.800,273.721,273.721,0,27458,13729,LocalExchangeSourceOperator@962+TrinoNitroAggregationOperator@34+TaskOutputOperator@34
[WARNING] [stderr] 2026-08-04T19:55:59.576-0600	INFO	ForkJoinPool-1-worker-1	stdout	pipeline_cpu,nitro,3,0,1,6.550,13.490,201.100,214.285,214.285,0,594152,594152,ExchangeOperator@983+LocalExchangeSinkOperator@977
[WARNING] [stderr] 2026-08-04T19:55:59.576-0600	INFO	ForkJoinPool-1-worker-1	stdout	pipeline_cpu,nitro,3,1,1,118.240,127.890,144.620,272.836,272.836,0,594152,27839,LocalExchangeSourceOperator@977+TrinoNitroAggregationOperator@132+TrinoNitroAggregationOperator@966+PartitionedOutputOperator@966
[WARNING] [stderr] 2026-08-04T19:55:59.576-0600	INFO	ForkJoinPool-1-worker-1	stdout	pipeline_cpu,nitro,3,0,1,6.710,12.880,197.890,213.931,213.931,0,592412,592412,ExchangeOperator@983+LocalExchangeSinkOperator@977
[WARNING] [stderr] 2026-08-04T19:55:59.576-0600	INFO	ForkJoinPool-1-worker-1	stdout	pipeline_cpu,nitro,3,1,1,119.120,123.030,143.050,267.443,267.443,0,592412,27840,LocalExchangeSourceOperator@977+TrinoNitroAggregationOperator@132+TrinoNitroAggregationOperator@966+PartitionedOutputOperator@966
[WARNING] [stderr] 2026-08-04T19:55:59.576-0600	INFO	ForkJoinPool-1-worker-1	stdout	pipeline_cpu,nitro,4,0,1,4.180,7.450,41.940,52.908,52.908,0,296824,296824,ExchangeOperator@738+LocalExchangeSinkOperator@902
[WARNING] [stderr] 2026-08-04T19:55:59.576-0600	INFO	ForkJoinPool-1-worker-1	stdout	pipeline_cpu,nitro,4,1,1,13.510,13.870,178.700,196.913,196.913,0,296824,0,LocalExchangeSourceOperator@902+DynamicFilterSourceOperator@644+TrinoNitroHashBuildOperator@644
[WARNING] [stderr] 2026-08-04T19:55:59.576-0600	INFO	ForkJoinPool-1-worker-1	stdout	pipeline_cpu,nitro,4,2,1,0.116,0.256,22.270,24.614,24.614,0,56,56,ExchangeOperator@739+LocalExchangeSinkOperator@903
[WARNING] [stderr] 2026-08-04T19:55:59.576-0600	INFO	ForkJoinPool-1-worker-1	stdout	pipeline_cpu,nitro,4,3,1,0.184,0.185,193.880,195.959,195.959,0,56,0,TrinoNitroHashBuildOperator@32+LocalExchangeSourceOperator@903
[WARNING] [stderr] 2026-08-04T19:55:59.576-0600	INFO	ForkJoinPool-1-worker-1	stdout	pipeline_cpu,nitro,4,4,3,288.660,327.940,186.920,193.582,196.075,6420716,6420716,952458,TrinoNitroPipelineSourceOperator@644+PartitionedOutputOperator@981
[WARNING] [stderr] 2026-08-04T19:55:59.576-0600	INFO	ForkJoinPool-1-worker-1	stdout	pipeline_cpu,nitro,4,0,1,4.370,10.330,40.930,60.639,60.639,0,296824,296824,ExchangeOperator@738+LocalExchangeSinkOperator@902
[WARNING] [stderr] 2026-08-04T19:55:59.576-0600	INFO	ForkJoinPool-1-worker-1	stdout	pipeline_cpu,nitro,4,1,1,13.420,14.590,121.770,138.831,138.831,0,296824,0,LocalExchangeSourceOperator@902+DynamicFilterSourceOperator@644+TrinoNitroHashBuildOperator@644
[WARNING] [stderr] 2026-08-04T19:55:59.576-0600	INFO	ForkJoinPool-1-worker-1	stdout	pipeline_cpu,nitro,4,2,1,0.124,0.126,23.710,26.897,26.897,0,56,56,ExchangeOperator@739+LocalExchangeSinkOperator@903
[WARNING] [stderr] 2026-08-04T19:55:59.576-0600	INFO	ForkJoinPool-1-worker-1	stdout	pipeline_cpu,nitro,4,3,1,0.217,0.218,138.160,138.798,138.798,0,56,0,TrinoNitroHashBuildOperator@32+LocalExchangeSourceOperator@903
[WARNING] [stderr] 2026-08-04T19:55:59.576-0600	INFO	ForkJoinPool-1-worker-1	stdout	pipeline_cpu,nitro,4,4,3,86.890,112.550,186.570,98.476,130.785,1579284,1579284,234106,TrinoNitroPipelineSourceOperator@644+PartitionedOutputOperator@981
[WARNING] [stderr] 2026-08-04T19:55:59.576-0600	INFO	ForkJoinPool-1-worker-1	stdout	pipeline_cpu,nitro,5,0,1,16.090,34.460,0.000,36.621,36.621,527179,527179,78518,TrinoNitroPipelineSourceOperator@386+TaskOutputOperator@386
[WARNING] [stderr] 2026-08-04T19:55:59.577-0600	INFO	ForkJoinPool-1-worker-1	stdout	pipeline_cpu,nitro,5,0,2,45.110,75.300,0.000,62.150,62.150,1472821,1472821,218306,TrinoNitroPipelineSourceOperator@386+TaskOutputOperator@386
[WARNING] [stderr] 2026-08-04T19:55:59.577-0600	INFO	ForkJoinPool-1-worker-1	stdout	pipeline_cpu,nitro,6,0,1,12.630,25.190,0.000,27.425,27.425,100000,100000,56,TrinoNitroPipelineSourceOperator@23+TaskOutputOperator@23
[WARNING] [stderr] 2026-08-04T19:55:59.920-0600	INFO	ForkJoinPool-1-worker-1	stdout	operator_cpu,nitro,0/MergeOperator@743,1,0.000,1.900,0.000,0,27840,27840,282.270
[WARNING] [stderr] 2026-08-04T19:55:59.920-0600	INFO	ForkJoinPool-1-worker-1	stdout	operator_cpu,nitro,0/TaskOutputOperator@42,1,0.101,0.000,0.001,0,27840,27840,0.000
[WARNING] [stderr] 2026-08-04T19:55:59.920-0600	INFO	ForkJoinPool-1-worker-1	stdout	operator_cpu,nitro,1/ExchangeOperator@742,2,0.000,0.303,0.000,0,27840,27840,265.780
[WARNING] [stderr] 2026-08-04T19:55:59.920-0600	INFO	ForkJoinPool-1-worker-1	stdout	operator_cpu,nitro,1/LocalMergeSourceOperator@906,2,0.000,2.191,0.000,0,27840,27840,283.660
[WARNING] [stderr] 2026-08-04T19:55:59.920-0600	INFO	ForkJoinPool-1-worker-1	stdout	operator_cpu,nitro,1/LocalExchangeSinkOperator@906,2,0.009,0.000,0.015,0,27840,27840,0.000
[WARNING] [stderr] 2026-08-04T19:55:59.920-0600	INFO	ForkJoinPool-1-worker-1	stdout	operator_cpu,nitro,1/TrinoNitroSortOperator@744,2,0.649,16.739,0.005,0,27840,27840,0.000
[WARNING] [stderr] 2026-08-04T19:55:59.920-0600	INFO	ForkJoinPool-1-worker-1	stdout	operator_cpu,nitro,1/TaskOutputOperator@906,2,0.102,0.000,0.001,0,27840,27840,0.000
[WARNING] [stderr] 2026-08-04T19:55:59.920-0600	INFO	ForkJoinPool-1-worker-1	stdout	operator_cpu,nitro,2/ExchangeOperator@968,2,0.000,0.679,0.000,0,55679,55679,528.210
[WARNING] [stderr] 2026-08-04T19:55:59.920-0600	INFO	ForkJoinPool-1-worker-1	stdout	operator_cpu,nitro,2/LocalExchangeSourceOperator@962,2,0.000,0.023,0.000,0,55679,55679,528.580
[WARNING] [stderr] 2026-08-04T19:55:59.920-0600	INFO	ForkJoinPool-1-worker-1	stdout	operator_cpu,nitro,2/TaskOutputOperator@34,2,0.201,0.000,0.003,0,27840,27840,0.000
[WARNING] [stderr] 2026-08-04T19:55:59.920-0600	INFO	ForkJoinPool-1-worker-1	stdout	operator_cpu,nitro,2/LocalExchangeSinkOperator@962,2,0.056,0.000,0.016,0,55679,55679,0.000
[WARNING] [stderr] 2026-08-04T19:55:59.920-0600	INFO	ForkJoinPool-1-worker-1	stdout	operator_cpu,nitro,2/TrinoNitroAggregationOperator@34,2,4.280,1.253,0.002,0,55679,27840,0.000
[WARNING] [stderr] 2026-08-04T19:55:59.921-0600	INFO	ForkJoinPool-1-worker-1	stdout	operator_cpu,nitro,3/ExchangeOperator@983,2,0.000,12.460,0.000,0,1186564,1186564,383.640
[WARNING] [stderr] 2026-08-04T19:55:59.921-0600	INFO	ForkJoinPool-1-worker-1	stdout	operator_cpu,nitro,3/LocalExchangeSourceOperator@977,2,0.000,0.155,0.000,0,1186564,1186564,271.700
[WARNING] [stderr] 2026-08-04T19:55:59.921-0600	INFO	ForkJoinPool-1-worker-1	stdout	operator_cpu,nitro,3/PartitionedOutputOperator@966,2,0.307,0.000,0.416,0,55679,55679,0.000
[WARNING] [stderr] 2026-08-04T19:55:59.921-0600	INFO	ForkJoinPool-1-worker-1	stdout	operator_cpu,nitro,3/TrinoNitroAggregationOperator@966,2,37.240,1.036,0.001,0,1186339,55679,0.000
[WARNING] [stderr] 2026-08-04T19:55:59.921-0600	INFO	ForkJoinPool-1-worker-1	stdout	operator_cpu,nitro,3/LocalExchangeSinkOperator@977,2,0.144,0.000,0.018,0,1186564,1186564,0.000
[WARNING] [stderr] 2026-08-04T19:55:59.921-0600	INFO	ForkJoinPool-1-worker-1	stdout	operator_cpu,nitro,3/TrinoNitroAggregationOperator@132,2,165.570,38.810,0.071,0,1186564,1186339,0.000
[WARNING] [stderr] 2026-08-04T19:55:59.921-0600	INFO	ForkJoinPool-1-worker-1	stdout	operator_cpu,nitro,4/ExchangeOperator@738,2,0.000,7.490,0.000,0,593648,593648,101.410
[WARNING] [stderr] 2026-08-04T19:55:59.921-0600	INFO	ForkJoinPool-1-worker-1	stdout	operator_cpu,nitro,4/LocalExchangeSourceOperator@902,2,0.000,0.212,0.000,0,593648,593648,115.000
[WARNING] [stderr] 2026-08-04T19:55:59.921-0600	INFO	ForkJoinPool-1-worker-1	stdout	operator_cpu,nitro,4/ExchangeOperator@739,2,0.000,0.103,0.000,0,112,112,28.080
[WARNING] [stderr] 2026-08-04T19:55:59.921-0600	INFO	ForkJoinPool-1-worker-1	stdout	operator_cpu,nitro,4/PartitionedOutputOperator@981,6,11.550,0.000,0.102,0,1186564,1186564,0.000
[WARNING] [stderr] 2026-08-04T19:55:59.921-0600	INFO	ForkJoinPool-1-worker-1	stdout	operator_cpu,nitro,4/TrinoNitroPipelineSourceOperator@644,6,0.000,345.100,0.000,8000000,8000000,1186564,409.440
[WARNING] [stderr] 2026-08-04T19:55:59.921-0600	INFO	ForkJoinPool-1-worker-1	stdout	operator_cpu,nitro,4/LocalExchangeSourceOperator@903,2,0.000,0.014,0.000,0,112,112,36.880
[WARNING] [stderr] 2026-08-04T19:55:59.921-0600	INFO	ForkJoinPool-1-worker-1	stdout	operator_cpu,nitro,4/TrinoNitroHashBuildOperator@32,2,0.048,0.000,0.215,0,112,0,339.250
[WARNING] [stderr] 2026-08-04T19:55:59.921-0600	INFO	ForkJoinPool-1-worker-1	stdout	operator_cpu,nitro,4/LocalExchangeSinkOperator@903,2,0.037,0.000,0.029,0,112,112,0.000
[WARNING] [stderr] 2026-08-04T19:55:59.921-0600	INFO	ForkJoinPool-1-worker-1	stdout	operator_cpu,nitro,4/TrinoNitroHashBuildOperator@644,2,0.856,0.000,18.150,0,593648,0,235.340
[WARNING] [stderr] 2026-08-04T19:55:59.921-0600	INFO	ForkJoinPool-1-worker-1	stdout	operator_cpu,nitro,4/LocalExchangeSinkOperator@902,2,0.558,0.000,0.058,0,593648,593648,0.000
[WARNING] [stderr] 2026-08-04T19:55:59.921-0600	INFO	ForkJoinPool-1-worker-1	stdout	operator_cpu,nitro,4/DynamicFilterSourceOperator@644,2,3.700,0.185,0.003,0,593648,593648,0.000
[WARNING] [stderr] 2026-08-04T19:55:59.921-0600	INFO	ForkJoinPool-1-worker-1	stdout	operator_cpu,nitro,5/TrinoNitroPipelineSourceOperator@386,3,0.000,54.510,0.000,2000000,2000000,296824,0.000
[WARNING] [stderr] 2026-08-04T19:55:59.921-0600	INFO	ForkJoinPool-1-worker-1	stdout	operator_cpu,nitro,5/TaskOutputOperator@386,3,3.110,0.000,0.008,0,296824,296824,0.000
[WARNING] [stderr] 2026-08-04T19:55:59.921-0600	INFO	ForkJoinPool-1-worker-1	stdout	operator_cpu,nitro,6/TrinoNitroPipelineSourceOperator@23,1,0.000,12.560,0.000,100000,100000,56,0.000
[WARNING] [stderr] 2026-08-04T19:55:59.921-0600	INFO	ForkJoinPool-1-worker-1	stdout	operator_cpu,nitro,6/TaskOutputOperator@23,1,0.133,0.000,0.003,0,56,56,0.000
[WARNING] [stderr] 2026-08-04T19:55:59.921-0600	INFO	ForkJoinPool-1-worker-1	stdout	pipeline_cpu,nitro,0,0,1,2.020,2.030,282.270,286.901,286.901,0,27840,27840,MergeOperator@743+TaskOutputOperator@42
[WARNING] [stderr] 2026-08-04T19:55:59.921-0600	INFO	ForkJoinPool-1-worker-1	stdout	pipeline_cpu,nitro,1,0,1,0.050,0.051,269.410,270.598,270.598,0,0,0,ExchangeOperator@742+TrinoNitroSortOperator@744+LocalExchangeSinkOperator@906
[WARNING] [stderr] 2026-08-04T19:55:59.921-0600	INFO	ForkJoinPool-1-worker-1	stdout	pipeline_cpu,nitro,1,1,1,0.032,0.032,270.290,270.664,270.664,0,0,0,LocalMergeSourceOperator@906+TaskOutputOperator@906
[WARNING] [stderr] 2026-08-04T19:55:59.921-0600	INFO	ForkJoinPool-1-worker-1	stdout	pipeline_cpu,nitro,1,0,1,17.740,17.770,265.780,283.776,283.776,0,27840,27840,ExchangeOperator@742+TrinoNitroSortOperator@744+LocalExchangeSinkOperator@906
[WARNING] [stderr] 2026-08-04T19:55:59.921-0600	INFO	ForkJoinPool-1-worker-1	stdout	pipeline_cpu,nitro,1,1,1,2.280,2.300,283.660,286.050,286.050,0,27840,27840,LocalMergeSourceOperator@906+TaskOutputOperator@906
[WARNING] [stderr] 2026-08-04T19:55:59.921-0600	INFO	ForkJoinPool-1-worker-1	stdout	pipeline_cpu,nitro,2,0,1,0.420,0.422,261.540,265.173,265.173,0,27458,27458,ExchangeOperator@968+LocalExchangeSinkOperator@962
[WARNING] [stderr] 2026-08-04T19:55:59.921-0600	INFO	ForkJoinPool-1-worker-1	stdout	pipeline_cpu,nitro,2,1,1,2.890,2.960,260.180,266.508,266.508,0,27458,13729,LocalExchangeSourceOperator@962+TrinoNitroAggregationOperator@34+TaskOutputOperator@34
[WARNING] [stderr] 2026-08-04T19:55:59.921-0600	INFO	ForkJoinPool-1-worker-1	stdout	pipeline_cpu,nitro,2,0,1,0.411,1.730,266.350,268.848,268.848,0,28221,28221,ExchangeOperator@968+LocalExchangeSinkOperator@962
[WARNING] [stderr] 2026-08-04T19:55:59.921-0600	INFO	ForkJoinPool-1-worker-1	stdout	pipeline_cpu,nitro,2,1,1,2.950,2.970,268.400,270.984,270.984,0,28221,14111,LocalExchangeSourceOperator@962+TrinoNitroAggregationOperator@34+TaskOutputOperator@34
[WARNING] [stderr] 2026-08-04T19:55:59.921-0600	INFO	ForkJoinPool-1-worker-1	stdout	pipeline_cpu,nitro,3,0,1,6.340,7.000,189.750,201.373,201.373,0,594152,594152,ExchangeOperator@983+LocalExchangeSinkOperator@977
[WARNING] [stderr] 2026-08-04T19:55:59.921-0600	INFO	ForkJoinPool-1-worker-1	stdout	pipeline_cpu,nitro,3,1,1,121.450,133.630,130.070,265.406,265.406,0,594152,27839,LocalExchangeSourceOperator@977+TrinoNitroAggregationOperator@132+TrinoNitroAggregationOperator@966+PartitionedOutputOperator@966
[WARNING] [stderr] 2026-08-04T19:55:59.921-0600	INFO	ForkJoinPool-1-worker-1	stdout	pipeline_cpu,nitro,3,0,1,6.440,8.270,193.810,205.438,205.438,0,592412,592412,ExchangeOperator@983+LocalExchangeSinkOperator@977
[WARNING] [stderr] 2026-08-04T19:55:59.921-0600	INFO	ForkJoinPool-1-worker-1	stdout	pipeline_cpu,nitro,3,1,1,122.390,123.940,141.620,266.995,266.995,0,592412,27840,LocalExchangeSourceOperator@977+TrinoNitroAggregationOperator@132+TrinoNitroAggregationOperator@966+PartitionedOutputOperator@966
[WARNING] [stderr] 2026-08-04T19:55:59.921-0600	INFO	ForkJoinPool-1-worker-1	stdout	pipeline_cpu,nitro,4,0,1,4.280,8.720,46.770,62.667,62.667,0,296824,296824,ExchangeOperator@738+LocalExchangeSinkOperator@902
[WARNING] [stderr] 2026-08-04T19:55:59.921-0600	INFO	ForkJoinPool-1-worker-1	stdout	pipeline_cpu,nitro,4,1,1,11.550,11.790,166.630,186.005,186.005,0,296824,0,LocalExchangeSourceOperator@902+DynamicFilterSourceOperator@644+TrinoNitroHashBuildOperator@644
[WARNING] [stderr] 2026-08-04T19:55:59.921-0600	INFO	ForkJoinPool-1-worker-1	stdout	pipeline_cpu,nitro,4,2,1,0.129,0.131,13.620,18.582,18.582,0,56,56,ExchangeOperator@739+LocalExchangeSinkOperator@903
[WARNING] [stderr] 2026-08-04T19:55:59.921-0600	INFO	ForkJoinPool-1-worker-1	stdout	pipeline_cpu,nitro,4,3,1,0.110,0.111,179.810,182.306,182.306,0,56,0,TrinoNitroHashBuildOperator@32+LocalExchangeSourceOperator@903
[WARNING] [stderr] 2026-08-04T19:55:59.921-0600	INFO	ForkJoinPool-1-worker-1	stdout	pipeline_cpu,nitro,4,4,3,177.520,196.720,206.190,120.765,184.101,4242719,4242719,629321,TrinoNitroPipelineSourceOperator@644+PartitionedOutputOperator@981
[WARNING] [stderr] 2026-08-04T19:55:59.921-0600	INFO	ForkJoinPool-1-worker-1	stdout	pipeline_cpu,nitro,4,0,1,4.270,6.740,54.230,64.363,64.363,0,296824,296824,ExchangeOperator@738+LocalExchangeSinkOperator@902
[WARNING] [stderr] 2026-08-04T19:55:59.921-0600	INFO	ForkJoinPool-1-worker-1	stdout	pipeline_cpu,nitro,4,1,1,11.750,12.110,181.720,196.633,196.633,0,296824,0,LocalExchangeSourceOperator@902+DynamicFilterSourceOperator@644+TrinoNitroHashBuildOperator@644
[WARNING] [stderr] 2026-08-04T19:55:59.921-0600	INFO	ForkJoinPool-1-worker-1	stdout	pipeline_cpu,nitro,4,2,1,0.131,0.568,19.160,20.687,20.687,0,56,56,ExchangeOperator@739+LocalExchangeSinkOperator@903
[WARNING] [stderr] 2026-08-04T19:55:59.921-0600	INFO	ForkJoinPool-1-worker-1	stdout	pipeline_cpu,nitro,4,3,1,0.196,0.198,196.180,196.439,196.439,0,56,0,TrinoNitroHashBuildOperator@32+LocalExchangeSourceOperator@903
[WARNING] [stderr] 2026-08-04T19:55:59.922-0600	INFO	ForkJoinPool-1-worker-1	stdout	pipeline_cpu,nitro,4,4,3,179.470,213.000,203.250,152.312,191.743,3757281,3757281,557243,TrinoNitroPipelineSourceOperator@644+PartitionedOutputOperator@981
[WARNING] [stderr] 2026-08-04T19:55:59.922-0600	INFO	ForkJoinPool-1-worker-1	stdout	pipeline_cpu,nitro,5,0,2,42.460,69.500,0.000,59.542,59.542,1472821,1472821,218306,TrinoNitroPipelineSourceOperator@386+TaskOutputOperator@386
[WARNING] [stderr] 2026-08-04T19:55:59.922-0600	INFO	ForkJoinPool-1-worker-1	stdout	pipeline_cpu,nitro,5,0,1,15.250,19.590,0.000,21.978,21.978,527179,527179,78518,TrinoNitroPipelineSourceOperator@386+TaskOutputOperator@386
[WARNING] [stderr] 2026-08-04T19:55:59.922-0600	INFO	ForkJoinPool-1-worker-1	stdout	pipeline_cpu,nitro,6,0,1,12.710,18.250,0.000,18.729,18.729,100000,100000,56,TrinoNitroPipelineSourceOperator@23+TaskOutputOperator@23
[WARNING] [stderr] 2026-08-04T19:56:00.310-0600	INFO	ForkJoinPool-1-worker-1	stdout	operator_cpu,trino,0/MergeOperator@743,1,0.000,1.930,0.000,0,27840,27840,333.110
[WARNING] [stderr] 2026-08-04T19:56:00.310-0600	INFO	ForkJoinPool-1-worker-1	stdout	operator_cpu,trino,0/TaskOutputOperator@42,1,0.106,0.000,0.001,0,27840,27840,0.000
[WARNING] [stderr] 2026-08-04T19:56:00.310-0600	INFO	ForkJoinPool-1-worker-1	stdout	operator_cpu,trino,1/ExchangeOperator@742,2,0.000,0.085,0.000,0,27840,27840,643.770
[WARNING] [stderr] 2026-08-04T19:56:00.310-0600	INFO	ForkJoinPool-1-worker-1	stdout	operator_cpu,trino,1/LocalMergeSourceOperator@906,2,0.000,1.856,0.000,0,27840,27840,656.010
[WARNING] [stderr] 2026-08-04T19:56:00.310-0600	INFO	ForkJoinPool-1-worker-1	stdout	operator_cpu,trino,1/LocalExchangeSinkOperator@906,2,0.010,0.000,0.016,0,27840,27840,0.000
[WARNING] [stderr] 2026-08-04T19:56:00.310-0600	INFO	ForkJoinPool-1-worker-1	stdout	operator_cpu,trino,1/OrderByOperator@744,2,0.063,1.478,10.523,0,27840,27840,0.000
[WARNING] [stderr] 2026-08-04T19:56:00.310-0600	INFO	ForkJoinPool-1-worker-1	stdout	operator_cpu,trino,1/TaskOutputOperator@906,2,0.109,0.000,0.002,0,27840,27840,0.000
[WARNING] [stderr] 2026-08-04T19:56:00.310-0600	INFO	ForkJoinPool-1-worker-1	stdout	operator_cpu,trino,2/ExchangeOperator@968,2,0.000,0.220,0.000,0,55679,55679,638.320
[WARNING] [stderr] 2026-08-04T19:56:00.310-0600	INFO	ForkJoinPool-1-worker-1	stdout	operator_cpu,trino,2/LocalExchangeSourceOperator@962,2,0.000,0.015,0.000,0,55679,55679,638.120
[WARNING] [stderr] 2026-08-04T19:56:00.310-0600	INFO	ForkJoinPool-1-worker-1	stdout	operator_cpu,trino,2/TaskOutputOperator@34,2,0.175,0.000,0.005,0,27840,27840,0.000
[WARNING] [stderr] 2026-08-04T19:56:00.310-0600	INFO	ForkJoinPool-1-worker-1	stdout	operator_cpu,trino,2/LocalExchangeSinkOperator@962,2,0.029,0.000,0.032,0,55679,55679,0.000
[WARNING] [stderr] 2026-08-04T19:56:00.310-0600	INFO	ForkJoinPool-1-worker-1	stdout	operator_cpu,trino,2/HashAggregationOperator@34,2,3.560,0.966,0.031,0,55679,27840,0.000
[WARNING] [stderr] 2026-08-04T19:56:00.310-0600	INFO	ForkJoinPool-1-worker-1	stdout	operator_cpu,trino,3/ExchangeOperator@983,2,0.000,3.500,0.000,0,1186571,1186571,526.440
[WARNING] [stderr] 2026-08-04T19:56:00.310-0600	INFO	ForkJoinPool-1-worker-1	stdout	operator_cpu,trino,3/LocalExchangeSourceOperator@977,2,0.000,0.138,0.000,0,1186571,1186571,359.630
[WARNING] [stderr] 2026-08-04T19:56:00.310-0600	INFO	ForkJoinPool-1-worker-1	stdout	operator_cpu,trino,3/PartitionedOutputOperator@966,2,1.548,0.000,0.322,0,55679,55679,0.000
[WARNING] [stderr] 2026-08-04T19:56:00.310-0600	INFO	ForkJoinPool-1-worker-1	stdout	operator_cpu,trino,3/HashAggregationOperator@966,2,53.580,1.873,0.028,0,1186339,55679,0.000
[WARNING] [stderr] 2026-08-04T19:56:00.310-0600	INFO	ForkJoinPool-1-worker-1	stdout	operator_cpu,trino,3/LocalExchangeSinkOperator@977,2,0.294,0.000,0.023,0,1186571,1186571,0.000
[WARNING] [stderr] 2026-08-04T19:56:00.310-0600	INFO	ForkJoinPool-1-worker-1	stdout	operator_cpu,trino,3/HashAggregationOperator@132,2,86.120,35.000,0.051,0,1186571,1186339,0.000
[WARNING] [stderr] 2026-08-04T19:56:00.310-0600	INFO	ForkJoinPool-1-worker-1	stdout	operator_cpu,trino,4/ExchangeOperator@738,2,0.000,9.050,0.000,0,593648,593648,70.170
[WARNING] [stderr] 2026-08-04T19:56:00.310-0600	INFO	ForkJoinPool-1-worker-1	stdout	operator_cpu,trino,4/LocalExchangeSourceOperator@902,2,0.000,0.543,0.000,0,593648,593648,71.130
[WARNING] [stderr] 2026-08-04T19:56:00.310-0600	INFO	ForkJoinPool-1-worker-1	stdout	operator_cpu,trino,4/ExchangeOperator@739,2,0.000,0.049,0.000,0,112,112,47.870
[WARNING] [stderr] 2026-08-04T19:56:00.310-0600	INFO	ForkJoinPool-1-worker-1	stdout	operator_cpu,trino,4/ScanFilterAndProjectOperator@826,6,0.000,90.930,0.000,8000000,8000000,8000000,0.000
[WARNING] [stderr] 2026-08-04T19:56:00.310-0600	INFO	ForkJoinPool-1-worker-1	stdout	operator_cpu,trino,4/PartitionedOutputOperator@981,6,36.080,0.000,0.528,0,1186571,1186571,0.000
[WARNING] [stderr] 2026-08-04T19:56:00.310-0600	INFO	ForkJoinPool-1-worker-1	stdout	operator_cpu,trino,4/FilterAndProjectOperator@32,6,0.432,12.010,0.005,0,1187296,1186602,0.000
[WARNING] [stderr] 2026-08-04T19:56:00.310-0600	INFO	ForkJoinPool-1-worker-1	stdout	operator_cpu,trino,4/LookupJoinOperator@644,6,0.430,127.890,0.030,0,8000000,1187296,388.920
[WARNING] [stderr] 2026-08-04T19:56:00.310-0600	INFO	ForkJoinPool-1-worker-1	stdout	operator_cpu,trino,4/LocalExchangeSinkOperator@903,2,0.012,0.000,0.043,0,112,112,0.000
[WARNING] [stderr] 2026-08-04T19:56:00.310-0600	INFO	ForkJoinPool-1-worker-1	stdout	operator_cpu,trino,4/LocalExchangeSinkOperator@902,2,0.892,0.000,0.039,0,593648,593648,0.000
[WARNING] [stderr] 2026-08-04T19:56:00.310-0600	INFO	ForkJoinPool-1-worker-1	stdout	operator_cpu,trino,4/DynamicFilterSourceOperator@644,2,3.910,0.348,0.002,0,593648,593648,0.000
[WARNING] [stderr] 2026-08-04T19:56:00.310-0600	INFO	ForkJoinPool-1-worker-1	stdout	operator_cpu,trino,4/HashAggregationOperator@981,6,65.620,32.560,0.263,0,1186602,1186571,0.000
[WARNING] [stderr] 2026-08-04T19:56:00.310-0600	INFO	ForkJoinPool-1-worker-1	stdout	operator_cpu,trino,4/HashSemiJoinOperator@341,6,0.550,15.860,0.057,0,1187296,1187296,0.000
[WARNING] [stderr] 2026-08-04T19:56:00.310-0600	INFO	ForkJoinPool-1-worker-1	stdout	operator_cpu,trino,4/SetBuilderOperator@341,2,0.099,0.000,0.010,0,112,112,0.000
[WARNING] [stderr] 2026-08-04T19:56:00.310-0600	INFO	ForkJoinPool-1-worker-1	stdout	operator_cpu,trino,4/LocalExchangeSourceOperator@903,2,0.000,0.006,0.000,0,112,112,47.240
[WARNING] [stderr] 2026-08-04T19:56:00.310-0600	INFO	ForkJoinPool-1-worker-1	stdout	operator_cpu,trino,4/HashBuilderOperator@644,2,2.160,0.000,8.820,0,593648,593648,357.910
[WARNING] [stderr] 2026-08-04T19:56:00.310-0600	INFO	ForkJoinPool-1-worker-1	stdout	operator_cpu,trino,5/ScanFilterAndProjectOperator@386,3,0.000,50.100,0.000,2000000,2000000,296824,0.000
[WARNING] [stderr] 2026-08-04T19:56:00.310-0600	INFO	ForkJoinPool-1-worker-1	stdout	operator_cpu,trino,5/TaskOutputOperator@386,3,3.317,0.000,0.003,0,296824,296824,0.000
[WARNING] [stderr] 2026-08-04T19:56:00.310-0600	INFO	ForkJoinPool-1-worker-1	stdout	operator_cpu,trino,6/ScanFilterAndProjectOperator@23,1,0.000,14.330,0.000,100000,100000,56,0.000
[WARNING] [stderr] 2026-08-04T19:56:00.310-0600	INFO	ForkJoinPool-1-worker-1	stdout	operator_cpu,trino,6/TaskOutputOperator@23,1,0.052,0.000,0.001,0,56,56,0.000
[WARNING] [stderr] 2026-08-04T19:56:00.310-0600	INFO	ForkJoinPool-1-worker-1	stdout	pipeline_cpu,trino,0,0,1,2.070,2.070,333.110,337.036,337.036,0,27840,27840,MergeOperator@743+TaskOutputOperator@42
[WARNING] [stderr] 2026-08-04T19:56:00.310-0600	INFO	ForkJoinPool-1-worker-1	stdout	pipeline_cpu,trino,1,0,1,0.068,0.089,321.060,323.913,323.913,0,0,0,ExchangeOperator@742+OrderByOperator@744+LocalExchangeSinkOperator@906
[WARNING] [stderr] 2026-08-04T19:56:00.310-0600	INFO	ForkJoinPool-1-worker-1	stdout	pipeline_cpu,trino,1,1,1,0.027,0.028,321.170,324.289,324.289,0,0,0,LocalMergeSourceOperator@906+TaskOutputOperator@906
[WARNING] [stderr] 2026-08-04T19:56:00.310-0600	INFO	ForkJoinPool-1-worker-1	stdout	pipeline_cpu,trino,1,0,1,12.160,12.290,322.700,336.911,336.911,0,27840,27840,ExchangeOperator@742+OrderByOperator@744+LocalExchangeSinkOperator@906
[WARNING] [stderr] 2026-08-04T19:56:00.310-0600	INFO	ForkJoinPool-1-worker-1	stdout	pipeline_cpu,trino,1,1,1,1.960,1.960,334.930,338.426,338.426,0,27840,27840,LocalMergeSourceOperator@906+TaskOutputOperator@906
[WARNING] [stderr] 2026-08-04T19:56:00.310-0600	INFO	ForkJoinPool-1-worker-1	stdout	pipeline_cpu,trino,2,0,1,0.203,0.206,321.750,322.389,322.389,0,28221,28221,ExchangeOperator@968+LocalExchangeSinkOperator@962
[WARNING] [stderr] 2026-08-04T19:56:00.310-0600	INFO	ForkJoinPool-1-worker-1	stdout	pipeline_cpu,trino,2,1,1,2.430,2.660,321.370,323.252,323.252,0,28221,14111,LocalExchangeSourceOperator@962+HashAggregationOperator@34+TaskOutputOperator@34
[WARNING] [stderr] 2026-08-04T19:56:00.310-0600	INFO	ForkJoinPool-1-worker-1	stdout	pipeline_cpu,trino,2,0,1,0.173,0.175,318.280,320.800,320.800,0,27458,27458,ExchangeOperator@968+LocalExchangeSinkOperator@962
[WARNING] [stderr] 2026-08-04T19:56:00.310-0600	INFO	ForkJoinPool-1-worker-1	stdout	pipeline_cpu,trino,2,1,1,2.360,2.420,316.760,321.406,321.406,0,27458,13729,LocalExchangeSourceOperator@962+HashAggregationOperator@34+TaskOutputOperator@34
[WARNING] [stderr] 2026-08-04T19:56:00.310-0600	INFO	ForkJoinPool-1-worker-1	stdout	pipeline_cpu,trino,3,0,1,2.070,4.480,260.460,269.679,269.679,0,594153,594153,ExchangeOperator@983+LocalExchangeSinkOperator@977
[WARNING] [stderr] 2026-08-04T19:56:00.310-0600	INFO	ForkJoinPool-1-worker-1	stdout	pipeline_cpu,trino,3,1,1,88.570,140.300,171.170,316.399,316.399,0,594153,27839,LocalExchangeSourceOperator@977+HashAggregationOperator@132+HashAggregationOperator@966+PartitionedOutputOperator@966
[WARNING] [stderr] 2026-08-04T19:56:00.310-0600	INFO	ForkJoinPool-1-worker-1	stdout	pipeline_cpu,trino,3,0,1,2.070,2.910,265.790,272.473,272.473,0,592418,592418,ExchangeOperator@983+LocalExchangeSinkOperator@977
[WARNING] [stderr] 2026-08-04T19:56:00.311-0600	INFO	ForkJoinPool-1-worker-1	stdout	pipeline_cpu,trino,3,1,1,90.190,132.790,186.090,319.769,319.769,0,592418,27840,LocalExchangeSourceOperator@977+HashAggregationOperator@132+HashAggregationOperator@966+PartitionedOutputOperator@966
[WARNING] [stderr] 2026-08-04T19:56:00.311-0600	INFO	ForkJoinPool-1-worker-1	stdout	pipeline_cpu,trino,4,0,1,5.180,10.450,40.000,55.639,55.639,0,296824,296824,ExchangeOperator@738+LocalExchangeSinkOperator@902
[WARNING] [stderr] 2026-08-04T19:56:00.311-0600	INFO	ForkJoinPool-1-worker-1	stdout	pipeline_cpu,trino,4,1,1,8.680,39.620,203.470,245.626,245.626,0,296824,296824,LocalExchangeSourceOperator@902+DynamicFilterSourceOperator@644+HashBuilderOperator@644
[WARNING] [stderr] 2026-08-04T19:56:00.311-0600	INFO	ForkJoinPool-1-worker-1	stdout	pipeline_cpu,trino,4,2,1,0.103,0.105,26.410,26.655,26.655,0,56,56,ExchangeOperator@739+LocalExchangeSinkOperator@903
[WARNING] [stderr] 2026-08-04T19:56:00.311-0600	INFO	ForkJoinPool-1-worker-1	stdout	pipeline_cpu,trino,4,3,1,0.089,0.090,25.510,26.741,26.741,0,56,56,LocalExchangeSourceOperator@903+SetBuilderOperator@341
[WARNING] [stderr] 2026-08-04T19:56:00.311-0600	INFO	ForkJoinPool-1-worker-1	stdout	pipeline_cpu,trino,4,4,3,202.100,352.770,237.490,192.608,239.351,4497544,4497544,667397,ScanFilterAndProjectOperator@826+LookupJoinOperator@644+HashSemiJoinOperator@341+FilterAndProjectOperator@32+HashAggregationOperator@981+PartitionedOutputOperator@981
[WARNING] [stderr] 2026-08-04T19:56:00.311-0600	INFO	ForkJoinPool-1-worker-1	stdout	pipeline_cpu,trino,4,0,1,5.120,13.030,29.750,46.432,46.432,0,296824,296824,ExchangeOperator@738+LocalExchangeSinkOperator@902
[WARNING] [stderr] 2026-08-04T19:56:00.311-0600	INFO	ForkJoinPool-1-worker-1	stdout	pipeline_cpu,trino,4,1,1,7.350,19.680,224.290,251.975,251.975,0,296824,296824,LocalExchangeSourceOperator@902+DynamicFilterSourceOperator@644+HashBuilderOperator@644
[WARNING] [stderr] 2026-08-04T19:56:00.311-0600	INFO	ForkJoinPool-1-worker-1	stdout	pipeline_cpu,trino,4,2,1,0.105,0.106,21.490,23.186,23.186,0,56,56,ExchangeOperator@739+LocalExchangeSinkOperator@903
[WARNING] [stderr] 2026-08-04T19:56:00.311-0600	INFO	ForkJoinPool-1-worker-1	stdout	pipeline_cpu,trino,4,3,1,0.067,0.068,21.730,23.277,23.277,0,56,56,LocalExchangeSourceOperator@903+SetBuilderOperator@341
[WARNING] [stderr] 2026-08-04T19:56:00.311-0600	INFO	ForkJoinPool-1-worker-1	stdout	pipeline_cpu,trino,4,4,3,181.320,316.360,149.150,159.205,260.185,3502456,3502456,519174,ScanFilterAndProjectOperator@826+LookupJoinOperator@644+HashSemiJoinOperator@341+FilterAndProjectOperator@32+HashAggregationOperator@981+PartitionedOutputOperator@981
[WARNING] [stderr] 2026-08-04T19:56:00.311-0600	INFO	ForkJoinPool-1-worker-1	stdout	pipeline_cpu,trino,5,0,2,40.280,61.920,0.000,49.707,49.707,1472821,1472821,218306,ScanFilterAndProjectOperator@386+TaskOutputOperator@386
[WARNING] [stderr] 2026-08-04T19:56:00.311-0600	INFO	ForkJoinPool-1-worker-1	stdout	pipeline_cpu,trino,5,0,1,13.190,21.900,0.000,24.910,24.910,527179,527179,78518,ScanFilterAndProjectOperator@386+TaskOutputOperator@386
[WARNING] [stderr] 2026-08-04T19:56:00.311-0600	INFO	ForkJoinPool-1-worker-1	stdout	pipeline_cpu,trino,6,0,1,14.400,18.600,0.000,19.521,19.521,100000,100000,56,ScanFilterAndProjectOperator@23+TaskOutputOperator@23
[WARNING] [stderr] 2026-08-04T19:56:00.658-0600	INFO	ForkJoinPool-1-worker-1	stdout	operator_cpu,trino,0/MergeOperator@743,1,0.000,1.830,0.000,0,27840,27840,296.760
[WARNING] [stderr] 2026-08-04T19:56:00.658-0600	INFO	ForkJoinPool-1-worker-1	stdout	operator_cpu,trino,0/TaskOutputOperator@42,1,0.106,0.000,0.001,0,27840,27840,0.000
[WARNING] [stderr] 2026-08-04T19:56:00.658-0600	INFO	ForkJoinPool-1-worker-1	stdout	operator_cpu,trino,1/ExchangeOperator@742,2,0.000,0.095,0.000,0,27840,27840,566.510
[WARNING] [stderr] 2026-08-04T19:56:00.658-0600	INFO	ForkJoinPool-1-worker-1	stdout	operator_cpu,trino,1/LocalMergeSourceOperator@906,2,0.000,1.853,0.000,0,27840,27840,576.620
[WARNING] [stderr] 2026-08-04T19:56:00.658-0600	INFO	ForkJoinPool-1-worker-1	stdout	operator_cpu,trino,1/LocalExchangeSinkOperator@906,2,0.011,0.000,0.015,0,27840,27840,0.000
[WARNING] [stderr] 2026-08-04T19:56:00.658-0600	INFO	ForkJoinPool-1-worker-1	stdout	operator_cpu,trino,1/OrderByOperator@744,2,0.077,1.482,10.675,0,27840,27840,0.000
[WARNING] [stderr] 2026-08-04T19:56:00.658-0600	INFO	ForkJoinPool-1-worker-1	stdout	operator_cpu,trino,1/TaskOutputOperator@906,2,0.128,0.000,0.002,0,27840,27840,0.000
[WARNING] [stderr] 2026-08-04T19:56:00.658-0600	INFO	ForkJoinPool-1-worker-1	stdout	operator_cpu,trino,2/ExchangeOperator@968,2,0.000,0.234,0.000,0,55679,55679,556.820
[WARNING] [stderr] 2026-08-04T19:56:00.658-0600	INFO	ForkJoinPool-1-worker-1	stdout	operator_cpu,trino,2/LocalExchangeSourceOperator@962,2,0.000,0.024,0.000,0,55679,55679,555.830
[WARNING] [stderr] 2026-08-04T19:56:00.658-0600	INFO	ForkJoinPool-1-worker-1	stdout	operator_cpu,trino,2/TaskOutputOperator@34,2,0.186,0.000,0.002,0,27840,27840,0.000
[WARNING] [stderr] 2026-08-04T19:56:00.658-0600	INFO	ForkJoinPool-1-worker-1	stdout	operator_cpu,trino,2/LocalExchangeSinkOperator@962,2,0.024,0.000,0.016,0,55679,55679,0.000
[WARNING] [stderr] 2026-08-04T19:56:00.658-0600	INFO	ForkJoinPool-1-worker-1	stdout	operator_cpu,trino,2/HashAggregationOperator@34,2,4.710,0.945,0.030,0,55679,27840,0.000
[WARNING] [stderr] 2026-08-04T19:56:00.658-0600	INFO	ForkJoinPool-1-worker-1	stdout	operator_cpu,trino,3/ExchangeOperator@983,2,0.000,3.590,0.000,0,1186569,1186569,433.420
[WARNING] [stderr] 2026-08-04T19:56:00.658-0600	INFO	ForkJoinPool-1-worker-1	stdout	operator_cpu,trino,3/LocalExchangeSourceOperator@977,2,0.000,0.141,0.000,0,1186569,1186569,353.500
[WARNING] [stderr] 2026-08-04T19:56:00.658-0600	INFO	ForkJoinPool-1-worker-1	stdout	operator_cpu,trino,3/PartitionedOutputOperator@966,2,1.541,0.000,0.333,0,55679,55679,0.000
[WARNING] [stderr] 2026-08-04T19:56:00.658-0600	INFO	ForkJoinPool-1-worker-1	stdout	operator_cpu,trino,3/HashAggregationOperator@966,2,53.570,1.893,0.024,0,1186339,55679,0.000
[WARNING] [stderr] 2026-08-04T19:56:00.658-0600	INFO	ForkJoinPool-1-worker-1	stdout	operator_cpu,trino,3/LocalExchangeSinkOperator@977,2,0.252,0.000,0.026,0,1186569,1186569,0.000
[WARNING] [stderr] 2026-08-04T19:56:00.658-0600	INFO	ForkJoinPool-1-worker-1	stdout	operator_cpu,trino,3/HashAggregationOperator@132,2,87.660,34.730,0.051,0,1186569,1186339,0.000
[WARNING] [stderr] 2026-08-04T19:56:00.658-0600	INFO	ForkJoinPool-1-worker-1	stdout	operator_cpu,trino,4/ExchangeOperator@738,2,0.000,9.620,0.000,0,593648,593648,103.320
[WARNING] [stderr] 2026-08-04T19:56:00.658-0600	INFO	ForkJoinPool-1-worker-1	stdout	operator_cpu,trino,4/LocalExchangeSourceOperator@902,2,0.000,0.598,0.000,0,593648,593648,124.890
[WARNING] [stderr] 2026-08-04T19:56:00.658-0600	INFO	ForkJoinPool-1-worker-1	stdout	operator_cpu,trino,4/ExchangeOperator@739,2,0.000,0.052,0.000,0,112,112,39.920
[WARNING] [stderr] 2026-08-04T19:56:00.658-0600	INFO	ForkJoinPool-1-worker-1	stdout	operator_cpu,trino,4/ScanFilterAndProjectOperator@826,6,0.000,95.580,0.000,8000000,8000000,8000000,0.000
[WARNING] [stderr] 2026-08-04T19:56:00.658-0600	INFO	ForkJoinPool-1-worker-1	stdout	operator_cpu,trino,4/PartitionedOutputOperator@981,6,35.350,0.000,0.472,0,1186569,1186569,0.000
[WARNING] [stderr] 2026-08-04T19:56:00.658-0600	INFO	ForkJoinPool-1-worker-1	stdout	operator_cpu,trino,4/FilterAndProjectOperator@32,6,0.412,11.560,0.015,0,1187296,1186602,0.000
[WARNING] [stderr] 2026-08-04T19:56:00.658-0600	INFO	ForkJoinPool-1-worker-1	stdout	operator_cpu,trino,4/LookupJoinOperator@644,6,0.411,127.560,0.010,0,8000000,1187296,436.510
[WARNING] [stderr] 2026-08-04T19:56:00.658-0600	INFO	ForkJoinPool-1-worker-1	stdout	operator_cpu,trino,4/LocalExchangeSinkOperator@903,2,0.013,0.000,0.029,0,112,112,0.000
[WARNING] [stderr] 2026-08-04T19:56:00.658-0600	INFO	ForkJoinPool-1-worker-1	stdout	operator_cpu,trino,4/LocalExchangeSinkOperator@902,2,1.270,0.000,0.056,0,593648,593648,0.000
[WARNING] [stderr] 2026-08-04T19:56:00.658-0600	INFO	ForkJoinPool-1-worker-1	stdout	operator_cpu,trino,4/DynamicFilterSourceOperator@644,2,3.800,0.445,0.002,0,593648,593648,0.000
[WARNING] [stderr] 2026-08-04T19:56:00.658-0600	INFO	ForkJoinPool-1-worker-1	stdout	operator_cpu,trino,4/HashAggregationOperator@981,6,75.120,38.630,0.243,0,1186602,1186569,0.000
[WARNING] [stderr] 2026-08-04T19:56:00.658-0600	INFO	ForkJoinPool-1-worker-1	stdout	operator_cpu,trino,4/HashSemiJoinOperator@341,6,0.499,15.320,0.099,0,1187296,1187296,0.000
[WARNING] [stderr] 2026-08-04T19:56:00.658-0600	INFO	ForkJoinPool-1-worker-1	stdout	operator_cpu,trino,4/SetBuilderOperator@341,2,0.074,0.000,0.007,0,112,112,0.000
[WARNING] [stderr] 2026-08-04T19:56:00.658-0600	INFO	ForkJoinPool-1-worker-1	stdout	operator_cpu,trino,4/LocalExchangeSourceOperator@903,2,0.000,0.008,0.000,0,112,112,44.100
[WARNING] [stderr] 2026-08-04T19:56:00.658-0600	INFO	ForkJoinPool-1-worker-1	stdout	operator_cpu,trino,4/HashBuilderOperator@644,2,2.260,0.000,7.030,0,593648,593648,127.050
[WARNING] [stderr] 2026-08-04T19:56:00.658-0600	INFO	ForkJoinPool-1-worker-1	stdout	operator_cpu,trino,5/ScanFilterAndProjectOperator@386,3,0.000,103.770,0.000,2000000,2000000,296824,0.000
[WARNING] [stderr] 2026-08-04T19:56:00.658-0600	INFO	ForkJoinPool-1-worker-1	stdout	operator_cpu,trino,5/TaskOutputOperator@386,3,3.509,0.000,0.004,0,296824,296824,0.000
[WARNING] [stderr] 2026-08-04T19:56:00.658-0600	INFO	ForkJoinPool-1-worker-1	stdout	operator_cpu,trino,6/ScanFilterAndProjectOperator@23,1,0.000,16.520,0.000,100000,100000,56,0.000
[WARNING] [stderr] 2026-08-04T19:56:00.658-0600	INFO	ForkJoinPool-1-worker-1	stdout	operator_cpu,trino,6/TaskOutputOperator@23,1,0.049,0.000,0.001,0,56,56,0.000
[WARNING] [stderr] 2026-08-04T19:56:00.658-0600	INFO	ForkJoinPool-1-worker-1	stdout	pipeline_cpu,trino,0,0,1,1.960,1.960,296.760,299.717,299.717,0,27840,27840,MergeOperator@743+TaskOutputOperator@42
[WARNING] [stderr] 2026-08-04T19:56:00.658-0600	INFO	ForkJoinPool-1-worker-1	stdout	pipeline_cpu,trino,1,0,1,12.340,12.360,285.000,297.724,297.724,0,27840,27840,ExchangeOperator@742+OrderByOperator@744+LocalExchangeSinkOperator@906
[WARNING] [stderr] 2026-08-04T19:56:00.658-0600	INFO	ForkJoinPool-1-worker-1	stdout	pipeline_cpu,trino,1,1,1,1.970,1.970,297.120,299.261,299.261,0,27840,27840,LocalMergeSourceOperator@906+TaskOutputOperator@906
[WARNING] [stderr] 2026-08-04T19:56:00.658-0600	INFO	ForkJoinPool-1-worker-1	stdout	pipeline_cpu,trino,1,0,1,0.081,0.085,281.510,282.437,282.437,0,0,0,ExchangeOperator@742+OrderByOperator@744+LocalExchangeSinkOperator@906
[WARNING] [stderr] 2026-08-04T19:56:00.658-0600	INFO	ForkJoinPool-1-worker-1	stdout	pipeline_cpu,trino,1,1,1,0.039,0.040,279.500,282.441,282.441,0,0,0,LocalMergeSourceOperator@906+TaskOutputOperator@906
[WARNING] [stderr] 2026-08-04T19:56:00.658-0600	INFO	ForkJoinPool-1-worker-1	stdout	pipeline_cpu,trino,2,0,1,0.200,0.533,280.630,281.291,281.291,0,27458,27458,ExchangeOperator@968+LocalExchangeSinkOperator@962
[WARNING] [stderr] 2026-08-04T19:56:00.658-0600	INFO	ForkJoinPool-1-worker-1	stdout	pipeline_cpu,trino,2,1,1,2.920,3.750,279.210,284.151,284.151,0,27458,13729,LocalExchangeSourceOperator@962+HashAggregationOperator@34+TaskOutputOperator@34
[WARNING] [stderr] 2026-08-04T19:56:00.658-0600	INFO	ForkJoinPool-1-worker-1	stdout	pipeline_cpu,trino,2,0,1,0.157,0.159,277.250,278.412,278.412,0,28221,28221,ExchangeOperator@968+LocalExchangeSinkOperator@962
[WARNING] [stderr] 2026-08-04T19:56:00.658-0600	INFO	ForkJoinPool-1-worker-1	stdout	pipeline_cpu,trino,2,1,1,2.990,3.010,276.550,280.335,280.335,0,28221,14111,LocalExchangeSourceOperator@962+HashAggregationOperator@34+TaskOutputOperator@34
[WARNING] [stderr] 2026-08-04T19:56:00.658-0600	INFO	ForkJoinPool-1-worker-1	stdout	pipeline_cpu,trino,3,0,1,2.060,3.500,216.980,224.068,224.068,0,592417,592417,ExchangeOperator@983+LocalExchangeSinkOperator@977
[WARNING] [stderr] 2026-08-04T19:56:00.658-0600	INFO	ForkJoinPool-1-worker-1	stdout	pipeline_cpu,trino,3,1,1,89.560,95.480,177.770,276.305,276.305,0,592417,27840,LocalExchangeSourceOperator@977+HashAggregationOperator@132+HashAggregationOperator@966+PartitionedOutputOperator@966
[WARNING] [stderr] 2026-08-04T19:56:00.658-0600	INFO	ForkJoinPool-1-worker-1	stdout	pipeline_cpu,trino,3,0,1,2.190,5.130,216.340,226.759,226.759,0,594152,594152,ExchangeOperator@983+LocalExchangeSinkOperator@977
[WARNING] [stderr] 2026-08-04T19:56:00.658-0600	INFO	ForkJoinPool-1-worker-1	stdout	pipeline_cpu,trino,3,1,1,90.450,104.170,175.360,279.953,279.953,0,594152,27839,LocalExchangeSourceOperator@977+HashAggregationOperator@132+HashAggregationOperator@966+PartitionedOutputOperator@966
[WARNING] [stderr] 2026-08-04T19:56:00.658-0600	INFO	ForkJoinPool-1-worker-1	stdout	pipeline_cpu,trino,4,0,1,5.700,12.800,52.830,72.027,72.027,0,296824,296824,ExchangeOperator@738+LocalExchangeSinkOperator@902
[WARNING] [stderr] 2026-08-04T19:56:00.658-0600	INFO	ForkJoinPool-1-worker-1	stdout	pipeline_cpu,trino,4,1,1,7.420,12.740,185.170,205.006,205.006,0,296824,296824,LocalExchangeSourceOperator@902+DynamicFilterSourceOperator@644+HashBuilderOperator@644
[WARNING] [stderr] 2026-08-04T19:56:00.658-0600	INFO	ForkJoinPool-1-worker-1	stdout	pipeline_cpu,trino,4,2,1,0.057,0.125,19.680,23.008,23.008,0,56,56,ExchangeOperator@739+LocalExchangeSinkOperator@903
[WARNING] [stderr] 2026-08-04T19:56:00.658-0600	INFO	ForkJoinPool-1-worker-1	stdout	pipeline_cpu,trino,4,3,1,0.074,0.075,20.210,22.953,22.953,0,56,56,LocalExchangeSourceOperator@903+SetBuilderOperator@341
[WARNING] [stderr] 2026-08-04T19:56:00.658-0600	INFO	ForkJoinPool-1-worker-1	stdout	pipeline_cpu,trino,4,4,3,179.570,190.030,223.820,131.857,213.904,3502456,3502456,519174,ScanFilterAndProjectOperator@826+LookupJoinOperator@644+HashSemiJoinOperator@341+FilterAndProjectOperator@32+HashAggregationOperator@981+PartitionedOutputOperator@981
[WARNING] [stderr] 2026-08-04T19:56:00.658-0600	INFO	ForkJoinPool-1-worker-1	stdout	pipeline_cpu,trino,4,0,1,5.830,14.640,50.060,75.342,75.342,0,296824,296824,ExchangeOperator@738+LocalExchangeSinkOperator@902
[WARNING] [stderr] 2026-08-04T19:56:00.658-0600	INFO	ForkJoinPool-1-worker-1	stdout	pipeline_cpu,trino,4,1,1,7.110,7.580,193.010,207.635,207.635,0,296824,296824,LocalExchangeSourceOperator@902+DynamicFilterSourceOperator@644+HashBuilderOperator@644
[WARNING] [stderr] 2026-08-04T19:56:00.658-0600	INFO	ForkJoinPool-1-worker-1	stdout	pipeline_cpu,trino,4,2,1,0.094,0.138,20.070,25.955,25.955,0,56,56,ExchangeOperator@739+LocalExchangeSinkOperator@903
[WARNING] [stderr] 2026-08-04T19:56:00.658-0600	INFO	ForkJoinPool-1-worker-1	stdout	pipeline_cpu,trino,4,3,1,0.052,0.052,24.900,26.028,26.028,0,56,56,LocalExchangeSourceOperator@903+SetBuilderOperator@341
[WARNING] [stderr] 2026-08-04T19:56:00.659-0600	INFO	ForkJoinPool-1-worker-1	stdout	pipeline_cpu,trino,4,4,3,221.870,244.520,212.690,156.307,210.722,4497544,4497544,667395,ScanFilterAndProjectOperator@826+LookupJoinOperator@644+HashSemiJoinOperator@341+FilterAndProjectOperator@32+HashAggregationOperator@981+PartitionedOutputOperator@981
[WARNING] [stderr] 2026-08-04T19:56:00.659-0600	INFO	ForkJoinPool-1-worker-1	stdout	pipeline_cpu,trino,5,0,2,92.770,114.280,0.000,73.072,73.072,1472821,1472821,218306,ScanFilterAndProjectOperator@386+TaskOutputOperator@386
[WARNING] [stderr] 2026-08-04T19:56:00.659-0600	INFO	ForkJoinPool-1-worker-1	stdout	pipeline_cpu,trino,5,0,1,14.560,16.220,0.000,16.459,16.459,527179,527179,78518,ScanFilterAndProjectOperator@386+TaskOutputOperator@386
[WARNING] [stderr] 2026-08-04T19:56:00.659-0600	INFO	ForkJoinPool-1-worker-1	stdout	pipeline_cpu,trino,6,0,1,16.590,24.940,0.000,25.065,25.065,100000,100000,56,ScanFilterAndProjectOperator@23+TaskOutputOperator@23
[WARNING] [stderr] 2026-08-04T19:56:00.978-0600	INFO	ForkJoinPool-1-worker-1	stdout	operator_cpu,nitro,0/MergeOperator@743,1,0.000,1.910,0.000,0,27840,27840,270.530
[WARNING] [stderr] 2026-08-04T19:56:00.978-0600	INFO	ForkJoinPool-1-worker-1	stdout	operator_cpu,nitro,0/TaskOutputOperator@42,1,0.109,0.000,0.001,0,27840,27840,0.000
[WARNING] [stderr] 2026-08-04T19:56:00.978-0600	INFO	ForkJoinPool-1-worker-1	stdout	operator_cpu,nitro,1/ExchangeOperator@742,2,0.000,0.321,0.000,0,27840,27840,497.900
[WARNING] [stderr] 2026-08-04T19:56:00.978-0600	INFO	ForkJoinPool-1-worker-1	stdout	operator_cpu,nitro,1/LocalMergeSourceOperator@906,2,0.000,2.339,0.000,0,27840,27840,517.470
[WARNING] [stderr] 2026-08-04T19:56:00.978-0600	INFO	ForkJoinPool-1-worker-1	stdout	operator_cpu,nitro,1/LocalExchangeSinkOperator@906,2,0.008,0.000,0.036,0,27840,27840,0.000
[WARNING] [stderr] 2026-08-04T19:56:00.978-0600	INFO	ForkJoinPool-1-worker-1	stdout	operator_cpu,nitro,1/TrinoNitroSortOperator@744,2,0.596,17.630,0.007,0,27840,27840,0.000
[WARNING] [stderr] 2026-08-04T19:56:00.978-0600	INFO	ForkJoinPool-1-worker-1	stdout	operator_cpu,nitro,1/TaskOutputOperator@906,2,0.121,0.000,0.002,0,27840,27840,0.000
[WARNING] [stderr] 2026-08-04T19:56:00.978-0600	INFO	ForkJoinPool-1-worker-1	stdout	operator_cpu,nitro,2/ExchangeOperator@968,2,0.000,0.676,0.000,0,55679,55679,490.580
[WARNING] [stderr] 2026-08-04T19:56:00.978-0600	INFO	ForkJoinPool-1-worker-1	stdout	operator_cpu,nitro,2/LocalExchangeSourceOperator@962,2,0.000,0.027,0.000,0,55679,55679,490.820
[WARNING] [stderr] 2026-08-04T19:56:00.978-0600	INFO	ForkJoinPool-1-worker-1	stdout	operator_cpu,nitro,2/TaskOutputOperator@34,2,0.197,0.000,0.004,0,27840,27840,0.000
[WARNING] [stderr] 2026-08-04T19:56:00.978-0600	INFO	ForkJoinPool-1-worker-1	stdout	operator_cpu,nitro,2/LocalExchangeSinkOperator@962,2,0.024,0.000,0.022,0,55679,55679,0.000
[WARNING] [stderr] 2026-08-04T19:56:00.978-0600	INFO	ForkJoinPool-1-worker-1	stdout	operator_cpu,nitro,2/TrinoNitroAggregationOperator@34,2,4.260,1.226,0.001,0,55679,27840,0.000
[WARNING] [stderr] 2026-08-04T19:56:00.978-0600	INFO	ForkJoinPool-1-worker-1	stdout	operator_cpu,nitro,3/ExchangeOperator@983,2,0.000,12.430,0.000,0,1186564,1186564,360.220
[WARNING] [stderr] 2026-08-04T19:56:00.978-0600	INFO	ForkJoinPool-1-worker-1	stdout	operator_cpu,nitro,3/LocalExchangeSourceOperator@977,2,0.000,0.141,0.000,0,1186564,1186564,232.650
[WARNING] [stderr] 2026-08-04T19:56:00.978-0600	INFO	ForkJoinPool-1-worker-1	stdout	operator_cpu,nitro,3/PartitionedOutputOperator@966,2,0.299,0.000,0.410,0,55679,55679,0.000
[WARNING] [stderr] 2026-08-04T19:56:00.978-0600	INFO	ForkJoinPool-1-worker-1	stdout	operator_cpu,nitro,3/TrinoNitroAggregationOperator@966,2,37.220,1.066,0.001,0,1186339,55679,0.000
[WARNING] [stderr] 2026-08-04T19:56:00.978-0600	INFO	ForkJoinPool-1-worker-1	stdout	operator_cpu,nitro,3/LocalExchangeSinkOperator@977,2,0.158,0.000,0.021,0,1186564,1186564,0.000
[WARNING] [stderr] 2026-08-04T19:56:00.978-0600	INFO	ForkJoinPool-1-worker-1	stdout	operator_cpu,nitro,3/TrinoNitroAggregationOperator@132,2,168.290,38.910,0.059,0,1186564,1186339,0.000
[WARNING] [stderr] 2026-08-04T19:56:00.978-0600	INFO	ForkJoinPool-1-worker-1	stdout	operator_cpu,nitro,4/ExchangeOperator@738,2,0.000,7.260,0.000,0,593648,593648,67.730
[WARNING] [stderr] 2026-08-04T19:56:00.978-0600	INFO	ForkJoinPool-1-worker-1	stdout	operator_cpu,nitro,4/LocalExchangeSourceOperator@902,2,0.000,0.194,0.000,0,593648,593648,83.840
[WARNING] [stderr] 2026-08-04T19:56:00.978-0600	INFO	ForkJoinPool-1-worker-1	stdout	operator_cpu,nitro,4/ExchangeOperator@739,2,0.000,0.111,0.000,0,112,112,28.370
[WARNING] [stderr] 2026-08-04T19:56:00.978-0600	INFO	ForkJoinPool-1-worker-1	stdout	operator_cpu,nitro,4/PartitionedOutputOperator@981,6,11.140,0.000,0.091,0,1186564,1186564,0.000
[WARNING] [stderr] 2026-08-04T19:56:00.978-0600	INFO	ForkJoinPool-1-worker-1	stdout	operator_cpu,nitro,4/TrinoNitroPipelineSourceOperator@644,6,0.000,340.320,0.000,8000000,8000000,1186564,331.800
[WARNING] [stderr] 2026-08-04T19:56:00.978-0600	INFO	ForkJoinPool-1-worker-1	stdout	operator_cpu,nitro,4/LocalExchangeSourceOperator@903,2,0.000,0.016,0.000,0,112,112,31.780
[WARNING] [stderr] 2026-08-04T19:56:00.978-0600	INFO	ForkJoinPool-1-worker-1	stdout	operator_cpu,nitro,4/TrinoNitroHashBuildOperator@32,2,0.072,0.000,0.229,0,112,0,161.840
[WARNING] [stderr] 2026-08-04T19:56:00.978-0600	INFO	ForkJoinPool-1-worker-1	stdout	operator_cpu,nitro,4/LocalExchangeSinkOperator@903,2,0.052,0.000,0.037,0,112,112,0.000
[WARNING] [stderr] 2026-08-04T19:56:00.978-0600	INFO	ForkJoinPool-1-worker-1	stdout	operator_cpu,nitro,4/TrinoNitroHashBuildOperator@644,2,0.773,0.000,18.060,0,593648,0,235.830
[WARNING] [stderr] 2026-08-04T19:56:00.978-0600	INFO	ForkJoinPool-1-worker-1	stdout	operator_cpu,nitro,4/LocalExchangeSinkOperator@902,2,0.472,0.000,0.070,0,593648,593648,0.000
[WARNING] [stderr] 2026-08-04T19:56:00.978-0600	INFO	ForkJoinPool-1-worker-1	stdout	operator_cpu,nitro,4/DynamicFilterSourceOperator@644,2,3.610,0.163,0.004,0,593648,593648,0.000
[WARNING] [stderr] 2026-08-04T19:56:00.978-0600	INFO	ForkJoinPool-1-worker-1	stdout	operator_cpu,nitro,5/TrinoNitroPipelineSourceOperator@386,3,0.000,52.210,0.000,2000000,2000000,296824,0.000
[WARNING] [stderr] 2026-08-04T19:56:00.978-0600	INFO	ForkJoinPool-1-worker-1	stdout	operator_cpu,nitro,5/TaskOutputOperator@386,3,2.658,0.000,0.009,0,296824,296824,0.000
[WARNING] [stderr] 2026-08-04T19:56:00.978-0600	INFO	ForkJoinPool-1-worker-1	stdout	operator_cpu,nitro,6/TrinoNitroPipelineSourceOperator@23,1,0.000,12.080,0.000,100000,100000,56,0.000
[WARNING] [stderr] 2026-08-04T19:56:00.978-0600	INFO	ForkJoinPool-1-worker-1	stdout	operator_cpu,nitro,6/TaskOutputOperator@23,1,0.096,0.000,0.003,0,56,56,0.000
[WARNING] [stderr] 2026-08-04T19:56:00.979-0600	INFO	ForkJoinPool-1-worker-1	stdout	pipeline_cpu,nitro,0,0,1,2.050,2.060,270.530,274.048,274.048,0,27840,27840,MergeOperator@743+TaskOutputOperator@42
[WARNING] [stderr] 2026-08-04T19:56:00.979-0600	INFO	ForkJoinPool-1-worker-1	stdout	pipeline_cpu,nitro,1,0,1,0.069,0.070,249.630,251.005,251.005,0,0,0,ExchangeOperator@742+TrinoNitroSortOperator@744+LocalExchangeSinkOperator@906
[WARNING] [stderr] 2026-08-04T19:56:00.979-0600	INFO	ForkJoinPool-1-worker-1	stdout	pipeline_cpu,nitro,1,1,1,0.037,0.038,250.540,251.013,251.013,0,0,0,LocalMergeSourceOperator@906+TaskOutputOperator@906
[WARNING] [stderr] 2026-08-04T19:56:00.979-0600	INFO	ForkJoinPool-1-worker-1	stdout	pipeline_cpu,nitro,1,0,1,18.590,18.900,248.270,269.142,269.142,0,27840,27840,ExchangeOperator@742+TrinoNitroSortOperator@744+LocalExchangeSinkOperator@906
[WARNING] [stderr] 2026-08-04T19:56:00.979-0600	INFO	ForkJoinPool-1-worker-1	stdout	pipeline_cpu,nitro,1,1,1,2.460,2.460,266.930,271.586,271.586,0,27840,27840,LocalMergeSourceOperator@906+TaskOutputOperator@906
[WARNING] [stderr] 2026-08-04T19:56:00.979-0600	INFO	ForkJoinPool-1-worker-1	stdout	pipeline_cpu,nitro,2,0,1,0.418,0.832,245.950,248.184,248.184,0,28221,28221,ExchangeOperator@968+LocalExchangeSinkOperator@962
[WARNING] [stderr] 2026-08-04T19:56:00.979-0600	INFO	ForkJoinPool-1-worker-1	stdout	pipeline_cpu,nitro,2,1,1,2.930,2.930,247.020,250.382,250.382,0,28221,14111,LocalExchangeSourceOperator@962+TrinoNitroAggregationOperator@34+TaskOutputOperator@34
[WARNING] [stderr] 2026-08-04T19:56:00.979-0600	INFO	ForkJoinPool-1-worker-1	stdout	pipeline_cpu,nitro,2,0,1,0.397,0.590,244.460,246.489,246.489,0,27458,27458,ExchangeOperator@968+LocalExchangeSinkOperator@962
[WARNING] [stderr] 2026-08-04T19:56:00.979-0600	INFO	ForkJoinPool-1-worker-1	stdout	pipeline_cpu,nitro,2,1,1,2.860,3.490,243.810,248.761,248.761,0,27458,13729,LocalExchangeSourceOperator@962+TrinoNitroAggregationOperator@34+TaskOutputOperator@34
[WARNING] [stderr] 2026-08-04T19:56:00.979-0600	INFO	ForkJoinPool-1-worker-1	stdout	pipeline_cpu,nitro,3,0,1,6.450,7.240,180.000,187.992,187.992,0,592412,592412,ExchangeOperator@983+LocalExchangeSinkOperator@977
[WARNING] [stderr] 2026-08-04T19:56:00.979-0600	INFO	ForkJoinPool-1-worker-1	stdout	pipeline_cpu,nitro,3,1,1,124.080,130.790,115.690,246.185,246.185,0,592412,27840,LocalExchangeSourceOperator@977+TrinoNitroAggregationOperator@132+TrinoNitroAggregationOperator@966+PartitionedOutputOperator@966
[WARNING] [stderr] 2026-08-04T19:56:00.979-0600	INFO	ForkJoinPool-1-worker-1	stdout	pipeline_cpu,nitro,3,0,1,6.350,7.130,180.200,190.775,190.775,0,594152,594152,ExchangeOperator@983+LocalExchangeSinkOperator@977
[WARNING] [stderr] 2026-08-04T19:56:00.979-0600	INFO	ForkJoinPool-1-worker-1	stdout	pipeline_cpu,nitro,3,1,1,122.540,125.610,116.960,246.466,246.466,0,594152,27839,LocalExchangeSourceOperator@977+TrinoNitroAggregationOperator@132+TrinoNitroAggregationOperator@966+PartitionedOutputOperator@966
[WARNING] [stderr] 2026-08-04T19:56:00.979-0600	INFO	ForkJoinPool-1-worker-1	stdout	pipeline_cpu,nitro,4,0,1,4.140,8.780,36.240,51.482,51.482,0,296824,296824,ExchangeOperator@738+LocalExchangeSinkOperator@902
[WARNING] [stderr] 2026-08-04T19:56:00.979-0600	INFO	ForkJoinPool-1-worker-1	stdout	pipeline_cpu,nitro,4,1,1,11.370,12.440,157.700,174.130,174.130,0,296824,0,LocalExchangeSourceOperator@902+DynamicFilterSourceOperator@644+TrinoNitroHashBuildOperator@644
[WARNING] [stderr] 2026-08-04T19:56:00.979-0600	INFO	ForkJoinPool-1-worker-1	stdout	pipeline_cpu,nitro,4,2,1,0.152,0.720,17.210,18.794,18.794,0,56,56,ExchangeOperator@739+LocalExchangeSinkOperator@903
[WARNING] [stderr] 2026-08-04T19:56:00.979-0600	INFO	ForkJoinPool-1-worker-1	stdout	pipeline_cpu,nitro,4,3,1,0.204,0.205,172.300,173.379,173.379,0,56,0,TrinoNitroHashBuildOperator@32+LocalExchangeSourceOperator@903
[WARNING] [stderr] 2026-08-04T19:56:00.979-0600	INFO	ForkJoinPool-1-worker-1	stdout	pipeline_cpu,nitro,4,4,3,203.570,221.630,170.920,123.384,170.986,5036090,5036090,747374,TrinoNitroPipelineSourceOperator@644+PartitionedOutputOperator@981
[WARNING] [stderr] 2026-08-04T19:56:00.979-0600	INFO	ForkJoinPool-1-worker-1	stdout	pipeline_cpu,nitro,4,0,1,4.100,10.310,31.060,47.269,47.269,0,296824,296824,ExchangeOperator@738+LocalExchangeSinkOperator@902
[WARNING] [stderr] 2026-08-04T19:56:00.979-0600	INFO	ForkJoinPool-1-worker-1	stdout	pipeline_cpu,nitro,4,1,1,11.620,11.870,160.510,178.385,178.385,0,296824,0,LocalExchangeSourceOperator@902+DynamicFilterSourceOperator@644+TrinoNitroHashBuildOperator@644
[WARNING] [stderr] 2026-08-04T19:56:00.979-0600	INFO	ForkJoinPool-1-worker-1	stdout	pipeline_cpu,nitro,4,2,1,0.143,0.358,11.050,16.094,16.094,0,56,56,ExchangeOperator@739+LocalExchangeSinkOperator@903
[WARNING] [stderr] 2026-08-04T19:56:00.979-0600	INFO	ForkJoinPool-1-worker-1	stdout	pipeline_cpu,nitro,4,3,1,0.146,0.150,175.520,177.945,177.945,0,56,0,TrinoNitroHashBuildOperator@32+LocalExchangeSourceOperator@903
[WARNING] [stderr] 2026-08-04T19:56:00.979-0600	INFO	ForkJoinPool-1-worker-1	stdout	pipeline_cpu,nitro,4,4,3,148.170,161.520,160.880,86.384,178.155,2963910,2963910,439190,TrinoNitroPipelineSourceOperator@644+PartitionedOutputOperator@981
[WARNING] [stderr] 2026-08-04T19:56:00.979-0600	INFO	ForkJoinPool-1-worker-1	stdout	pipeline_cpu,nitro,5,0,1,15.240,20.690,0.000,22.617,22.617,527179,527179,78518,TrinoNitroPipelineSourceOperator@386+TaskOutputOperator@386
[WARNING] [stderr] 2026-08-04T19:56:00.979-0600	INFO	ForkJoinPool-1-worker-1	stdout	pipeline_cpu,nitro,5,0,2,39.700,57.140,0.000,47.724,47.724,1472821,1472821,218306,TrinoNitroPipelineSourceOperator@386+TaskOutputOperator@386
[WARNING] [stderr] 2026-08-04T19:56:00.979-0600	INFO	ForkJoinPool-1-worker-1	stdout	pipeline_cpu,nitro,6,0,1,12.200,14.080,0.000,16.581,16.581,100000,100000,56,TrinoNitroPipelineSourceOperator@23+TaskOutputOperator@23
[WARNING] [stderr] 2026-08-04T19:56:00.979-0600	INFO	ForkJoinPool-1-worker-1	stdout	trino,tpch-parquet-sf10,q16,3,346.549,387.714,511.666,415.310,740.000,726.333,1.7489,55.653,10100000,0,0
[WARNING] [stderr] 2026-08-04T19:56:00.979-0600	INFO	ForkJoinPool-1-worker-1	stdout	allocation,trino,tpch-parquet-sf10,q16,3,1760.938,1754.658
[WARNING] [stderr] 2026-08-04T19:56:00.979-0600	INFO	ForkJoinPool-1-worker-1	stdout	nitro,tpch-parquet-sf10,q16,3,319.213,343.186,356.361,339.586,746.000,753.333,2.2184,55.183,10100000,0,10
[WARNING] [stderr] 2026-08-04T19:56:00.979-0600	INFO	ForkJoinPool-1-worker-1	stdout	allocation,nitro,tpch-parquet-sf10,q16,3,960.524,961.165
[INFO] Tests run: 1, Failures: 0, Errors: 0, Skipped: 0, Time elapsed: 22.00 s -- in io.trino.tests.nitro.TestNitroParquetCountPerformance
[WARNING] [stderr] 2026-08-04T19:56:01.017-0600	INFO	main	io.trino.testing.containers.junit.ReportLeakedContainers	DockerClientFactory not initialized, so there should be no leaked containers, skipping the check
[INFO] 
[INFO] Results:
[INFO] 
[INFO] Tests run: 1, Failures: 0, Errors: 0, Skipped: 0
[INFO] 
[INFO] ------------------------------------------------------------------------
[INFO] BUILD SUCCESS
[INFO] ------------------------------------------------------------------------
[INFO] Total time:  25.306 s (Wall Clock)
[INFO] Finished at: 2026-08-05T01:56:01Z
[INFO] ------------------------------------------------------------------------
[INFO] Njord session closed
Purged 133 log files (log available in /root/.mvnd/purge-2026-08-05.log)
