WARNING: Using incubator modules: jdk.incubator.vector
WARNING: A restricted method in java.lang.System has been called
WARNING: java.lang.System::load has been called by org.openjdk.jmh.profile.AsyncProfiler$JavaApi in an unnamed module (file:/root/.m2/repository/org/openjdk/jmh/jmh-core/1.37/jmh-core-1.37.jar)
WARNING: Use --enable-native-access=ALL-UNNAMED to avoid a warning for callers in this module
WARNING: Restricted methods will be blocked in a future release unless native access is enabled

WARNING: A terminally deprecated method in sun.misc.Unsafe has been called
WARNING: sun.misc.Unsafe::objectFieldOffset has been called by org.openjdk.jmh.util.Utils (file:/root/.m2/repository/org/openjdk/jmh/jmh-core/1.37/jmh-core-1.37.jar)
WARNING: Please consider reporting this to the maintainers of class org.openjdk.jmh.util.Utils
WARNING: sun.misc.Unsafe::objectFieldOffset will be removed in a future release
# JMH version: 1.37
# VM version: JDK 26.0.1, OpenJDK 64-Bit Server VM, 26.0.1+8
# VM invoker: /opt/java/openjdk/bin/java
# VM options: --enable-preview --add-modules=jdk.incubator.vector -Xmx12g -XX:+UseTransparentHugePages -Dnitro.tpch.parquet.path=/root/data/tpch-parquet-sf10
# Blackhole mode: compiler (auto-detected, use -Djmh.blackhole.autoDetect=false to disable)
# Warmup: 2 iterations, 1 s each
# Measurement: 3 iterations, 1 s each
# Timeout: 30 min per iteration
# Threads: 1 thread, will synchronize iterations
# Benchmark mode: Average time, time/op
# Benchmark: org.weakref.nitro.tpch.BenchmarkQueries.query09

# Run progress: 0.00% complete, ETA 00:00:05
# Fork: 1 of 1
# Preparing profilers: AsyncProfiler 
WARNING: Using incubator modules: jdk.incubator.vector
WARNING: A terminally deprecated method in sun.misc.Unsafe has been called
WARNING: sun.misc.Unsafe::objectFieldOffset has been called by org.openjdk.jmh.util.Utils (file:/root/.m2/repository/org/openjdk/jmh/jmh-core/1.37/jmh-core-1.37.jar)
WARNING: Please consider reporting this to the maintainers of class org.openjdk.jmh.util.Utils
WARNING: sun.misc.Unsafe::objectFieldOffset will be removed in a future release
WARNING: A restricted method in java.lang.System has been called
WARNING: java.lang.System::load has been called by org.openjdk.jmh.profile.AsyncProfiler$JavaApi in an unnamed module (file:/root/.m2/repository/org/openjdk/jmh/jmh-core/1.37/jmh-core-1.37.jar)
WARNING: Use --enable-native-access=ALL-UNNAMED to avoid a warning for callers in this module
WARNING: Restricted methods will be blocked in a future release unless native access is enabled

# Warmup Iteration   1: 4619.389 ms/op
# Warmup Iteration   2: 3163.137 ms/op
Iteration   1: 3095.957 ms/op
Iteration   2: 3073.453 ms/op
Iteration   3: 3303.867 ms/op
                 async: (text only)

# Processing profiler results: AsyncProfiler 


Result "org.weakref.nitro.tpch.BenchmarkQueries.query09":
  3157.759 ±(99.9%) 2317.556 ms/op [Average]
  (min, avg, max) = (3073.453, 3157.759, 3303.867), stdev = 127.033
  CI (99.9%): [840.203, 5475.315] (assumes normal distribution)

Secondary result "org.weakref.nitro.tpch.BenchmarkQueries.query09:async":
Async profiler results:
  benchmarks/sweeps/20260719-targeted/q09-current-branch-async/org.weakref.nitro.tpch.BenchmarkQueries.query09-AverageTime/collapsed-branch-misses.csv


# Run complete. Total time: 00:00:17

REMEMBER: The numbers below are just data. To gain reusable insights, you need to follow up on
why the numbers are the way they are. Use profilers (see -prof, -lprof), design factorial
experiments, perform baseline and negative tests that provide experimental control, make sure
the benchmarking environment is safe on JVM/OS/HW level, ask for reviews from the domain experts.
Do not assume the numbers tell you what you want them to tell.

NOTE: Current JVM experimentally supports Compiler Blackholes, and they are in use. Please exercise
extra caution when trusting the results, look into the generated code to check the benchmark still
works, and factor in a small probability of new VM bugs. Additionally, while comparisons between
different JVMs are already problematic, the performance difference caused by different Blackhole
modes can be very significant. Please make sure you use the consistent Blackhole mode for comparisons.

Benchmark                       Mode  Cnt     Score      Error  Units
BenchmarkQueries.query09        avgt    3  3157.759 ± 2317.556  ms/op
BenchmarkQueries.query09:async  avgt            NaN               ---
