[INFO] Processing build on daemon 32fd1500
[INFO] Scanning for projects...
[INFO] Njord 0.9.4 session created
[INFO] BuildTimeEventSpy is registered.
[INFO] 
[INFO] Using the SmartBuilder implementation with a thread count of 7
[INFO] 
[INFO] -------------------------< org.weakref:nitro >--------------------------
[INFO] Building nitro 1-SNAPSHOT
[INFO]   from pom.xml
[INFO] --------------------------------[ jar ]---------------------------------
[WARNING] 2 problems were encountered while building the effective model for org.apache.yetus:audience-annotations:jar:0.5.0 during dependency collection step for project (use -X to see details)
[INFO] 
[INFO] --- enforcer:3.6.2:enforce (default) @ nitro ---
[INFO] Rule 0: org.apache.maven.enforcer.rules.dependency.BannedDependencies passed
[INFO] Rule 1: org.apache.maven.enforcer.rules.BanDuplicatePomDependencyVersions passed
[INFO] Rule 2: org.apache.maven.enforcer.rules.dependency.RequireUpperBoundDeps passed
[INFO] Rule 3: org.apache.maven.enforcer.rules.version.RequireMavenVersion passed
[INFO] Rule 4: org.apache.maven.enforcer.rules.version.RequireJavaVersion passed
[INFO] Rule 5: org.codehaus.mojo.extraenforcer.dependencies.EnforceBytecodeVersion passed
[INFO] Rule 6: org.apache.maven.enforcer.rules.RequirePluginVersions passed
[INFO] Rule 7: org.apache.maven.plugins.enforcer.RestrictImports passed
[INFO] Rule 8: org.apache.maven.plugins.enforcer.RestrictImports passed
[INFO] Rule 9: org.apache.maven.plugins.enforcer.RestrictImports passed
[INFO] Rule 10: org.apache.maven.plugins.enforcer.RestrictImports passed
[INFO] Rule 11: org.apache.maven.plugins.enforcer.RestrictImports passed
[INFO] Rule 12: org.apache.maven.plugins.enforcer.RestrictImports passed
[INFO] Rule 13: org.apache.maven.plugins.enforcer.RestrictImports passed
[INFO] Rule 14: org.apache.maven.enforcer.rules.RequireProfileIdsExist passed
[INFO] Rule 15: org.codehaus.mojo.extraenforcer.model.RequirePropertyDiverges passed
[INFO] 
[INFO] --- sortpom:4.0.0:verify (default) @ nitro ---
[INFO] Verifying file /home/martin/src/nitro.opt/pom.xml
[INFO] 
[INFO] --- dependency-scope:1.0.3:check (default) @ nitro ---
[INFO] No test dependency scope issues found
[INFO] 
[INFO] --- license:5.0.0:check (default) @ nitro ---
[INFO] Checking licenses...
[INFO] 
[INFO] --- checkstyle:3.6.0:check (checkstyle) @ nitro ---
[INFO] You have 0 Checkstyle violations.
[INFO] 
[INFO] --- git-commit-id:9.0.2:revision (default) @ nitro ---
[INFO] 
[INFO] --- build-helper:3.6.1:bsh-property (surefire-enable-preview) @ nitro ---
[INFO] 
[INFO] --- jacoco:0.8.14:prepare-agent (default) @ nitro ---
[INFO] argLine set to -javaagent:/root/.m2/repository/org/jacoco/org.jacoco.agent/0.8.14/org.jacoco.agent-0.8.14-runtime.jar=destfile=/home/martin/src/nitro.opt/target/jacoco.exec
[INFO] 
[INFO] --- resources:3.5.0:resources (default-resources) @ nitro ---
[INFO] skip non existing resourceDirectory /home/martin/src/nitro.opt/src/main/resources
[INFO] 
[INFO] --- compiler:3.15.0:compile (default-compile) @ nitro ---
[INFO] Nothing to compile - all classes are up to date.
[INFO] 
[INFO] --- resources:3.5.0:testResources (default-testResources) @ nitro ---
[INFO] Copying 22 resources from src/test/resources to target/test-classes
[INFO] 
[INFO] --- compiler:3.15.0:testCompile (default-testCompile) @ nitro ---
[INFO] Nothing to compile - all classes are up to date.
[INFO] 
[INFO] --- exec:3.6.1:exec (benchmark) @ nitro ---
[WARNING] [stderr] WARNING: Using incubator modules: jdk.incubator.vector
[WARNING] [stderr] WARNING: A terminally deprecated method in sun.misc.Unsafe has been called
[WARNING] [stderr] WARNING: sun.misc.Unsafe::objectFieldOffset has been called by org.openjdk.jmh.util.Utils (file:/root/.m2/repository/org/openjdk/jmh/jmh-core/1.37/jmh-core-1.37.jar)
[WARNING] [stderr] WARNING: Please consider reporting this to the maintainers of class org.openjdk.jmh.util.Utils
[WARNING] [stderr] WARNING: sun.misc.Unsafe::objectFieldOffset will be removed in a future release
[INFO] [stdout] # JMH version: 1.37
[INFO] [stdout] # VM version: JDK 26.0.1, OpenJDK 64-Bit Server VM, 26.0.1+8
[INFO] [stdout] # VM invoker: /opt/java/openjdk/bin/java
[INFO] [stdout] # VM options: --enable-preview --add-modules=jdk.incubator.vector -Dnitro.clickbench.hits.path= -Xmx12g -XX:+UseTransparentHugePages -Dnitro.tpcds.parquet.path=/root/data/tpcds-parquet-sf10 -Dnitro.debug.rowcounts=true
[INFO] [stdout] # Blackhole mode: compiler (auto-detected, use -Djmh.blackhole.autoDetect=false to disable)
[INFO] [stdout] # Warmup: <none>
[INFO] [stdout] # Measurement: 1 iterations, 1 s each
[INFO] [stdout] # Timeout: 30 min per iteration
[INFO] [stdout] # Threads: 1 thread, will synchronize iterations
[INFO] [stdout] # Benchmark mode: Average time, time/op
[INFO] [stdout] # Benchmark: org.weakref.nitro.tpcds.BenchmarkQueries.query14
[INFO] [stdout] 
[INFO] [stdout] # Run progress: 0.00% complete, ETA 00:00:01
[INFO] [stdout] # Fork: 1 of 1
[INFO] [stdout] WARNING: Using incubator modules: jdk.incubator.vector
[INFO] [stdout] WARNING: A terminally deprecated method in sun.misc.Unsafe has been called
[INFO] [stdout] WARNING: sun.misc.Unsafe::objectFieldOffset has been called by org.openjdk.jmh.util.Utils (file:/root/.m2/repository/org/openjdk/jmh/jmh-core/1.37/jmh-core-1.37.jar)
[INFO] [stdout] WARNING: Please consider reporting this to the maintainers of class org.openjdk.jmh.util.Utils
[INFO] [stdout] WARNING: sun.misc.Unsafe::objectFieldOffset will be removed in a future release
[INFO] [stdout] Iteration   1: WARNING: A restricted method in java.lang.foreign.SymbolLookup has been called
[INFO] [stdout] WARNING: java.lang.foreign.SymbolLookup::libraryLookup has been called by io.airlift.compress.v3.internal.NativeLoader in an unnamed module (file:/root/.m2/repository/io/airlift/aircompressor-v3/3.4/aircompressor-v3-3.4.jar)
[INFO] [stdout] WARNING: Use --enable-native-access=ALL-UNNAMED to avoid a warning for callers in this module
[INFO] [stdout] WARNING: Restricted methods will be blocked in a future release unless native access is enabled
[INFO] [stdout] 
[WARNING] [stderr] [rowcounts] [ss_sold_date_sk, ss_quantity, ss_list_price] raw=28800991 survivors=16496728
[WARNING] [stderr] [rowcounts] filter-stages ss_sold_date_sk=28800991->16496728[values=1096,rangeDensity=1.0000,dict=1823]
[WARNING] [stderr] [rowcounts] [cs_sold_date_sk, cs_quantity, cs_list_price] raw=14401261 survivors=8571026
[WARNING] [stderr] [rowcounts] filter-stages cs_sold_date_sk=14401261->8571026[values=1096,rangeDensity=1.0000,dict=250]
[WARNING] [stderr] [rowcounts] [ws_sold_date_sk, ws_quantity, ws_list_price] raw=7197566 survivors=4319228
[WARNING] [stderr] [rowcounts] filter-stages ws_sold_date_sk=7197566->4319228[values=1096,rangeDensity=1.0000,dict=1823]
[WARNING] [stderr] [rowcounts] [i_item_sk, i_brand_id, i_class_id, i_category_id] raw=102000 survivors=100742
[WARNING] [stderr] [rowcounts] filter-stages i_brand_id=102000->100931[values=920,rangeDensity=0.0001,dict=952] i_class_id=100931->100812[values=16,rangeDensity=1.0000,dict=16] i_category_id=100812->100742[values=10,rangeDensity=1.0000,dict=10]
[WARNING] [stderr] [rowcounts] [ss_sold_date_sk, ss_item_sk] raw=28800991 survivors=16496728
[WARNING] [stderr] [rowcounts] filter-stages ss_sold_date_sk=28800991->16496728[values=1096,rangeDensity=1.0000,dict=1823]
[WARNING] [stderr] [rowcounts] [cs_sold_date_sk, cs_item_sk] raw=14401261 survivors=8571026
[WARNING] [stderr] [rowcounts] filter-stages cs_sold_date_sk=14401261->8571026[values=1096,rangeDensity=1.0000,dict=250]
[WARNING] [stderr] [rowcounts] [ws_sold_date_sk, ws_item_sk] raw=7197566 survivors=4319228
[WARNING] [stderr] [rowcounts] filter-stages ws_sold_date_sk=7197566->4319228[values=1096,rangeDensity=1.0000,dict=1823]
[WARNING] [stderr] [rowcounts] [ss_sold_date_sk, ss_item_sk, ss_quantity, ss_list_price] raw=28800991 survivors=878106
[WARNING] [stderr] [rowcounts] filter-stages ss_sold_date_sk=28800991->878106[values=30,rangeDensity=1.0000,dict=1823]
[WARNING] [stderr] [rowcounts] [ss_sold_date_sk, ss_quantity, ss_list_price] raw=28800991 survivors=16496728
[WARNING] [stderr] [rowcounts] filter-stages ss_sold_date_sk=28800991->16496728[values=1096,rangeDensity=1.0000,dict=1823]
[WARNING] [stderr] [rowcounts] [cs_sold_date_sk, cs_quantity, cs_list_price] raw=14401261 survivors=8571026
[WARNING] [stderr] [rowcounts] filter-stages cs_sold_date_sk=14401261->8571026[values=1096,rangeDensity=1.0000,dict=250]
[WARNING] [stderr] [rowcounts] [ws_sold_date_sk, ws_quantity, ws_list_price] raw=7197566 survivors=4319228
[WARNING] [stderr] [rowcounts] filter-stages ws_sold_date_sk=7197566->4319228[values=1096,rangeDensity=1.0000,dict=1823]
[WARNING] [stderr] [rowcounts] [i_item_sk, i_brand_id, i_class_id, i_category_id] raw=102000 survivors=100742
[WARNING] [stderr] [rowcounts] filter-stages i_brand_id=102000->100931[values=920,rangeDensity=0.0001,dict=952] i_class_id=100931->100812[values=16,rangeDensity=1.0000,dict=16] i_category_id=100812->100742[values=10,rangeDensity=1.0000,dict=10]
[WARNING] [stderr] [rowcounts] [ss_sold_date_sk, ss_item_sk] raw=28800991 survivors=16496728
[WARNING] [stderr] [rowcounts] filter-stages ss_sold_date_sk=28800991->16496728[values=1096,rangeDensity=1.0000,dict=1823]
[WARNING] [stderr] [rowcounts] [cs_sold_date_sk, cs_item_sk] raw=14401261 survivors=8571026
[WARNING] [stderr] [rowcounts] filter-stages cs_sold_date_sk=14401261->8571026[values=1096,rangeDensity=1.0000,dict=250]
[WARNING] [stderr] [rowcounts] [ws_sold_date_sk, ws_item_sk] raw=7197566 survivors=4319228
[WARNING] [stderr] [rowcounts] filter-stages ws_sold_date_sk=7197566->4319228[values=1096,rangeDensity=1.0000,dict=1823]
[WARNING] [stderr] [rowcounts] [cs_sold_date_sk, cs_item_sk, cs_quantity, cs_list_price] raw=14401261 survivors=464249
[WARNING] [stderr] [rowcounts] filter-stages cs_sold_date_sk=14401261->464249[values=30,rangeDensity=1.0000,dict=250]
[WARNING] [stderr] [rowcounts] [ss_sold_date_sk, ss_quantity, ss_list_price] raw=28800991 survivors=16496728
[WARNING] [stderr] [rowcounts] filter-stages ss_sold_date_sk=28800991->16496728[values=1096,rangeDensity=1.0000,dict=1823]
[WARNING] [stderr] [rowcounts] [cs_sold_date_sk, cs_quantity, cs_list_price] raw=14401261 survivors=8571026
[WARNING] [stderr] [rowcounts] filter-stages cs_sold_date_sk=14401261->8571026[values=1096,rangeDensity=1.0000,dict=250]
[WARNING] [stderr] [rowcounts] [ws_sold_date_sk, ws_quantity, ws_list_price] raw=7197566 survivors=4319228
[WARNING] [stderr] [rowcounts] filter-stages ws_sold_date_sk=7197566->4319228[values=1096,rangeDensity=1.0000,dict=1823]
[WARNING] [stderr] [rowcounts] [i_item_sk, i_brand_id, i_class_id, i_category_id] raw=102000 survivors=100742
[WARNING] [stderr] [rowcounts] filter-stages i_brand_id=102000->100931[values=920,rangeDensity=0.0001,dict=952] i_class_id=100931->100812[values=16,rangeDensity=1.0000,dict=16] i_category_id=100812->100742[values=10,rangeDensity=1.0000,dict=10]
[WARNING] [stderr] [rowcounts] [ss_sold_date_sk, ss_item_sk] raw=28800991 survivors=16496728
[WARNING] [stderr] [rowcounts] filter-stages ss_sold_date_sk=28800991->16496728[values=1096,rangeDensity=1.0000,dict=1823]
[WARNING] [stderr] [rowcounts] [cs_sold_date_sk, cs_item_sk] raw=14401261 survivors=8571026
[WARNING] [stderr] [rowcounts] filter-stages cs_sold_date_sk=14401261->8571026[values=1096,rangeDensity=1.0000,dict=250]
[WARNING] [stderr] [rowcounts] [ws_sold_date_sk, ws_item_sk] raw=7197566 survivors=4319228
[WARNING] [stderr] [rowcounts] filter-stages ws_sold_date_sk=7197566->4319228[values=1096,rangeDensity=1.0000,dict=1823]
[WARNING] [stderr] [rowcounts] [ws_sold_date_sk, ws_item_sk, ws_quantity, ws_list_price] raw=7197566 survivors=230717
[WARNING] [stderr] [rowcounts] filter-stages ws_sold_date_sk=7197566->230717[values=30,rangeDensity=1.0000,dict=1823]
[INFO] [stdout] 11692.333 ms/op
[INFO] [stdout] 
[INFO] [stdout] 
[INFO] [stdout] Result "org.weakref.nitro.tpcds.BenchmarkQueries.query14":
[INFO] [stdout]   11692.333 ms/op
[INFO] [stdout] 
[INFO] [stdout] 
[INFO] [stdout] # Run complete. Total time: 00:00:12
[INFO] [stdout] 
[INFO] [stdout] REMEMBER: The numbers below are just data. To gain reusable insights, you need to follow up on
[INFO] [stdout] why the numbers are the way they are. Use profilers (see -prof, -lprof), design factorial
[INFO] [stdout] experiments, perform baseline and negative tests that provide experimental control, make sure
[INFO] [stdout] the benchmarking environment is safe on JVM/OS/HW level, ask for reviews from the domain experts.
[INFO] [stdout] Do not assume the numbers tell you what you want them to tell.
[INFO] [stdout] 
[INFO] [stdout] NOTE: Current JVM experimentally supports Compiler Blackholes, and they are in use. Please exercise
[INFO] [stdout] extra caution when trusting the results, look into the generated code to check the benchmark still
[INFO] [stdout] works, and factor in a small probability of new VM bugs. Additionally, while comparisons between
[INFO] [stdout] different JVMs are already problematic, the performance difference caused by different Blackhole
[INFO] [stdout] modes can be very significant. Please make sure you use the consistent Blackhole mode for comparisons.
[INFO] [stdout] 
[INFO] [stdout] Benchmark                 Mode  Cnt      Score   Error  Units
[INFO] [stdout] BenchmarkQueries.query14  avgt       11692.333          ms/op
[INFO] ------------------------------------------------------------------------
[INFO] BUILD SUCCESS
[INFO] ------------------------------------------------------------------------
[INFO] Total time:  15.692 s (Wall Clock)
[INFO] Finished at: 2026-07-19T13:40:30Z
[INFO] ------------------------------------------------------------------------
[INFO] Njord session closed
