Script started on 2026-08-05 21:04:46+00:00 [COMMAND="JAVA_HOME=/opt/java/openjdk /opt/mvnd/bin/mvnd -Dmaven.gitcommitid.skip=true -pl testing/trino-tests -Dair.check.skip-all -DskipTests=false -Dtest=TestNitroClickBenchQueries#testClickBenchPerformance -Dair.test.jvmsize=12g -Dtrino.test.nitro-clickbench-data=/root/data/clickbench -Dtrino.test.nitro-clickbench-queries=/tmp/clickbench-queries-candidate.sql -Dtrino.test.nitro-clickbench-performance=true -Dtrino.test.nitro-clickbench-engine=both -Dtrino.test.nitro-benchmark-query=q09 -Dtrino.test.nitro-clickbench-warmups=2 -Dtrino.test.nitro-clickbench-measurements=3 -Dtrino.test.nitro-measure-thread-allocation=true test" <not executed on terminal>]
[INFO] Enabling strict checksum verification on all artifact downloads.
[INFO] Processing build on daemon c62d009f
[INFO] Scanning for projects...
[INFO] Njord 0.9.9 session created
[INFO] BuildTimeEventSpy is registered.
[INFO] 
[INFO] Using the SmartBuilder implementation with a thread count of 7
[INFO] 
[INFO] ------------------------< io.trino:trino-tests >------------------------
[INFO] Building trino-tests 484-SNAPSHOT
[INFO]   from pom.xml
[INFO] --------------------------------[ jar ]---------------------------------
[INFO] Loaded 0 groupId for remote repository ossrh
[INFO] Loaded 0 groupId for remote repository maven-central
[INFO] Loaded 0 groupId for remote repository repo.gradle.org
[INFO] Loaded 0 groupId for remote repository central.maven.org
[INFO] 
[INFO] --- git-commit-id:10.0.0:revision (default) @ trino-tests ---
[INFO] 
[INFO] --- build-helper:3.6.1:bsh-property (surefire-enable-preview) @ trino-tests ---
[INFO] 
[INFO] --- resources:3.5.0:resources (default-resources) @ trino-tests ---
[INFO] skip non existing resourceDirectory /root/notes/trino.nitro/testing/trino-tests/src/main/resources
[INFO] 
[INFO] --- compiler:3.15.0:compile (default-compile) @ trino-tests ---
[INFO] Nothing to compile - all classes are up to date.
[INFO] 
[INFO] --- resources:3.5.0:testResources (default-testResources) @ trino-tests ---
[INFO] Copying 266 resources from src/test/resources to target/test-classes
[INFO] 
[INFO] --- compiler:3.15.0:testCompile (default-testCompile) @ trino-tests ---
[INFO] Nothing to compile - all classes are up to date.
[INFO] 
[INFO] --- modernizer:3.4.0:modernizer (modernizer) @ trino-tests ---
[INFO] Skipping modernizer execution!
[INFO] 
[INFO] --- modernizer:3.4.0:modernizer (modernizer-production-code) @ trino-tests ---
[INFO] Skipping modernizer execution!
[INFO] 
[INFO] --- dependency:3.11.0:analyze-only (default) @ trino-tests ---
[INFO] Skipping plugin execution
[INFO] 
[INFO] --- dependency:3.11.0:analyze-duplicate (default) @ trino-tests ---
[INFO] Skipping plugin execution
[INFO] 
[INFO] --- duplicate-finder:2.0.1:check (default) @ trino-tests ---
[INFO] Skipping duplicate-finder execution!
[INFO] 
[INFO] --- surefire:3.5.6:test (default-test) @ trino-tests ---
[INFO] Tests will run in random order. To reproduce ordering use flag -Dsurefire.runOrder.random.seed=4306767162122988
[INFO] Using auto detected provider org.apache.maven.surefire.junitplatform.JUnitPlatformProvider
[INFO] 
[INFO] -------------------------------------------------------
[INFO]  T E S T S
[INFO] -------------------------------------------------------
[WARNING] [stderr] WARNING: Using incubator modules: jdk.incubator.vector
[WARNING] [stderr] 2026-08-05T15:04:47.013-0600	INFO	ForkJoinPool-1-worker-1	io.airlift.log.Logging	Logging to stderr
[INFO] Running io.trino.tests.nitro.TestNitroClickBenchQueries
[WARNING] [stderr] 2026-08-05T15:04:47.896-0600	INFO	ForkJoinPool-1-worker-1	io.trino.simd.BlockEncodingSimdSupport	Detected SIMD Support for architecture=amd64, vectorBitWidth=512: SimdSupport[capabilities=[COMPRESS_BYTE, EXPAND_BYTE, COMPRESS_SHORT, EXPAND_SHORT, COMPRESS_INT, EXPAND_INT, COMPRESS_LONG, EXPAND_LONG]]
[WARNING] [stderr] WARNING: A restricted method in java.lang.System has been called
[WARNING] [stderr] WARNING: java.lang.System::loadLibrary has been called by com.aayushatharva.brotli4j.Brotli4jLoader in an unnamed module (file:/root/.m2/repository/com/aayushatharva/brotli4j/brotli4j/1.23.0/brotli4j-1.23.0.jar)
[WARNING] [stderr] WARNING: Use --enable-native-access=ALL-UNNAMED to avoid a warning for callers in this module
[WARNING] [stderr] WARNING: Restricted methods will be blocked in a future release unless native access is enabled
[WARNING] [stderr] 
[WARNING] [stderr] 2026-08-05T15:04:49.211-0600	INFO	ForkJoinPool-1-worker-1	io.trino.testing.DistributedQueryRunner	Created DistributedQueryRunner in 1.89s (unclosed instances = 1)
[WARNING] [stderr] 2026-08-05T15:04:50.263-0600	INFO	ForkJoinPool-1-worker-1	io.trino.testing.DistributedQueryRunner	Created DistributedQueryRunner in 510.84ms (unclosed instances = 2)
[WARNING] [stderr] 2026-08-05T15:05:18.992-0600	INFO	Notification Thread	io.airlift.stats.JmxGcMonitor	Major GC: application 0.00s, stopped 215.00ms: 12.19GB -> 5.73GB
[WARNING] [stderr] 2026-08-05T15:05:18.992-0600	INFO	Notification Thread	io.airlift.stats.JmxGcMonitor	Major GC: application 0.00s, stopped 215.00ms: 12.19GB -> 5.73GB
[WARNING] [stderr] 2026-08-05T15:05:18.992-0600	INFO	Notification Thread	io.airlift.stats.JmxGcMonitor	Major GC: application 0.00s, stopped 215.00ms: 12.19GB -> 5.73GB
[WARNING] [stderr] 2026-08-05T15:05:18.992-0600	INFO	Notification Thread	io.airlift.stats.JmxGcMonitor	Major GC: application 0.00s, stopped 215.00ms: 12.19GB -> 5.73GB
[WARNING] [stderr] 2026-08-05T15:05:23.392-0600	INFO	Notification Thread	io.airlift.stats.JmxGcMonitor	Major GC: application 4.08s, stopped 316.00ms: 12.13GB -> 7.46GB
[WARNING] [stderr] 2026-08-05T15:05:23.392-0600	INFO	Notification Thread	io.airlift.stats.JmxGcMonitor	Major GC: application 4.08s, stopped 316.00ms: 12.13GB -> 7.46GB
[WARNING] [stderr] 2026-08-05T15:05:23.392-0600	INFO	Notification Thread	io.airlift.stats.JmxGcMonitor	Major GC: application 4.08s, stopped 316.00ms: 12.13GB -> 7.46GB
[WARNING] [stderr] 2026-08-05T15:05:23.392-0600	INFO	Notification Thread	io.airlift.stats.JmxGcMonitor	Major GC: application 4.08s, stopped 316.00ms: 12.13GB -> 7.46GB
[WARNING] [stderr] 2026-08-05T15:05:26.091-0600	INFO	Notification Thread	io.airlift.stats.JmxGcMonitor	Major GC: application 2.38s, stopped 324.00ms: 12.08GB -> 8.10GB
[WARNING] [stderr] 2026-08-05T15:05:26.092-0600	INFO	Notification Thread	io.airlift.stats.JmxGcMonitor	Major GC: application 2.38s, stopped 324.00ms: 12.08GB -> 8.10GB
[WARNING] [stderr] 2026-08-05T15:05:26.092-0600	INFO	Notification Thread	io.airlift.stats.JmxGcMonitor	Major GC: application 2.38s, stopped 324.00ms: 12.08GB -> 8.10GB
[WARNING] [stderr] 2026-08-05T15:05:26.092-0600	INFO	Notification Thread	io.airlift.stats.JmxGcMonitor	Major GC: application 2.38s, stopped 324.00ms: 12.08GB -> 8.10GB
[WARNING] [stderr] 2026-08-05T15:05:28.967-0600	INFO	Notification Thread	io.airlift.stats.JmxGcMonitor	Major GC: application 2.59s, stopped 287.00ms: 12.04GB -> 7.50GB
[WARNING] [stderr] 2026-08-05T15:05:28.967-0600	INFO	Notification Thread	io.airlift.stats.JmxGcMonitor	Major GC: application 2.59s, stopped 287.00ms: 12.04GB -> 7.50GB
[WARNING] [stderr] 2026-08-05T15:05:28.967-0600	INFO	Notification Thread	io.airlift.stats.JmxGcMonitor	Major GC: application 2.59s, stopped 287.00ms: 12.04GB -> 7.50GB
[WARNING] [stderr] 2026-08-05T15:05:28.967-0600	INFO	Notification Thread	io.airlift.stats.JmxGcMonitor	Major GC: application 2.59s, stopped 287.00ms: 12.04GB -> 7.50GB
[WARNING] [stderr] 2026-08-05T15:05:33.520-0600	INFO	Notification Thread	io.airlift.stats.JmxGcMonitor	Major GC: application 4.25s, stopped 300.00ms: 12.13GB -> 7.16GB
[WARNING] [stderr] 2026-08-05T15:05:33.520-0600	INFO	Notification Thread	io.airlift.stats.JmxGcMonitor	Major GC: application 4.25s, stopped 300.00ms: 12.13GB -> 7.16GB
[WARNING] [stderr] 2026-08-05T15:05:33.520-0600	INFO	Notification Thread	io.airlift.stats.JmxGcMonitor	Major GC: application 4.25s, stopped 300.00ms: 12.13GB -> 7.16GB
[WARNING] [stderr] 2026-08-05T15:05:33.520-0600	INFO	Notification Thread	io.airlift.stats.JmxGcMonitor	Major GC: application 4.25s, stopped 300.00ms: 12.13GB -> 7.16GB
[WARNING] [stderr] 2026-08-05T15:05:36.743-0600	INFO	Notification Thread	io.airlift.stats.JmxGcMonitor	Major GC: application 2.91s, stopped 315.00ms: 12.12GB -> 6.62GB
[WARNING] [stderr] 2026-08-05T15:05:36.744-0600	INFO	Notification Thread	io.airlift.stats.JmxGcMonitor	Major GC: application 2.91s, stopped 315.00ms: 12.12GB -> 6.62GB
[WARNING] [stderr] 2026-08-05T15:05:36.744-0600	INFO	Notification Thread	io.airlift.stats.JmxGcMonitor	Major GC: application 2.91s, stopped 315.00ms: 12.12GB -> 6.62GB
[WARNING] [stderr] 2026-08-05T15:05:36.744-0600	INFO	Notification Thread	io.airlift.stats.JmxGcMonitor	Major GC: application 2.91s, stopped 315.00ms: 12.12GB -> 6.62GB
[WARNING] [stderr] 2026-08-05T15:05:43.350-0600	INFO	Notification Thread	io.airlift.stats.JmxGcMonitor	Major GC: application 6.26s, stopped 346.00ms: 12.16GB -> 7.52GB
[WARNING] [stderr] 2026-08-05T15:05:43.358-0600	INFO	Notification Thread	io.airlift.stats.JmxGcMonitor	Major GC: application 6.26s, stopped 346.00ms: 12.16GB -> 7.52GB
[WARNING] [stderr] 2026-08-05T15:05:43.358-0600	INFO	Notification Thread	io.airlift.stats.JmxGcMonitor	Major GC: application 6.26s, stopped 346.00ms: 12.16GB -> 7.52GB
[WARNING] [stderr] 2026-08-05T15:05:43.358-0600	INFO	Notification Thread	io.airlift.stats.JmxGcMonitor	Major GC: application 6.26s, stopped 346.00ms: 12.16GB -> 7.52GB
[WARNING] [stderr] 2026-08-05T15:05:46.122-0600	INFO	Notification Thread	io.airlift.stats.JmxGcMonitor	Major GC: application 2.47s, stopped 302.00ms: 12.06GB -> 6.62GB
[WARNING] [stderr] 2026-08-05T15:05:46.122-0600	INFO	Notification Thread	io.airlift.stats.JmxGcMonitor	Major GC: application 2.47s, stopped 302.00ms: 12.06GB -> 6.62GB
[WARNING] [stderr] 2026-08-05T15:05:46.122-0600	INFO	Notification Thread	io.airlift.stats.JmxGcMonitor	Major GC: application 2.47s, stopped 302.00ms: 12.06GB -> 6.62GB
[WARNING] [stderr] 2026-08-05T15:05:46.122-0600	INFO	Notification Thread	io.airlift.stats.JmxGcMonitor	Major GC: application 2.47s, stopped 302.00ms: 12.06GB -> 6.62GB
[WARNING] [stderr] 2026-08-05T15:05:51.080-0600	INFO	ForkJoinPool-1-worker-1	stdout	engine,suite,query,measurements,min_ms,p50_ms,p95_ms,mean_ms,cpu_p50_ms,cpu_mean_ms,cpu_over_wall,input_positions,nitro_source_drivers,native_sources
[WARNING] [stderr] 2026-08-05T15:06:09.546-0600	INFO	ForkJoinPool-1-worker-1	stdout	nitro,clickbench,q09,3,1270.364,1273.901,1327.401,1290.555,4396.000,4397.000,3.4071,99997497,165,165
[WARNING] [stderr] 2026-08-05T15:06:09.546-0600	INFO	ForkJoinPool-1-worker-1	stdout	allocation,nitro,clickbench,q09,3,6074.170,6064.736
[WARNING] [stderr] 2026-08-05T15:06:09.546-0600	INFO	ForkJoinPool-1-worker-1	stdout	peak_memory,nitro,clickbench,q09,3,498.632,641.109,9943.514,10336.202
[WARNING] [stderr] 2026-08-05T15:06:09.546-0600	INFO	ForkJoinPool-1-worker-1	stdout	trino,clickbench,q09,3,1363.361,1449.705,1561.599,1458.221,4696.000,4677.333,3.2076,99997497,0,0
[WARNING] [stderr] 2026-08-05T15:06:09.546-0600	INFO	ForkJoinPool-1-worker-1	stdout	allocation,trino,clickbench,q09,3,6815.146,6815.405
[WARNING] [stderr] 2026-08-05T15:06:09.546-0600	INFO	ForkJoinPool-1-worker-1	stdout	peak_memory,trino,clickbench,q09,3,249.167,339.462,9150.174,9501.823
[WARNING] [stderr] 2026-08-05T15:06:09.546-0600	INFO	ForkJoinPool-1-worker-1	stdout	nitro_over_trino_p50,0.8787309403863469
[WARNING] [stderr] 2026-08-05T15:06:09.546-0600	INFO	ForkJoinPool-1-worker-1	stdout	nitro_over_trino_cpu_p50,0.9361158432708688
[WARNING] [stderr] 2026-08-05T15:06:09.546-0600	INFO	ForkJoinPool-1-worker-1	stdout	nitro_over_trino_cpu_mean,0.9400655644241733
[INFO] Tests run: 1, Failures: 0, Errors: 0, Skipped: 0, Time elapsed: 82.56 s -- in io.trino.tests.nitro.TestNitroClickBenchQueries
[WARNING] [stderr] 2026-08-05T15:06:09.588-0600	INFO	main	io.trino.testing.containers.junit.ReportLeakedContainers	DockerClientFactory not initialized, so there should be no leaked containers, skipping the check
[INFO] 
[INFO] Results:
[INFO] 
[INFO] Tests run: 1, Failures: 0, Errors: 0, Skipped: 0
[INFO] 
[INFO] ------------------------------------------------------------------------
[INFO] BUILD SUCCESS
[INFO] ------------------------------------------------------------------------
[INFO] Total time:  01:23 min (Wall Clock)
[INFO] Finished at: 2026-08-05T21:06:09Z
[INFO] ------------------------------------------------------------------------
[INFO] Njord session closed

Script done on 2026-08-05 21:06:09+00:00 [COMMAND_EXIT_CODE="0"]
