Script started on 2026-08-05 20:38:35+00:00 [COMMAND="mvnd -Dmaven.gitcommitid.skip=true -pl nitro-tests org.codehaus.mojo:exec-maven-plugin:3.6.1:exec -Dexec.classpathScope=test -Dexec.executable=/opt/java/openjdk/bin/java -Dexec.args='--enable-preview --add-modules jdk.incubator.vector -Xmx12g -Dnitro.clickbench.hits.path=/root/data/clickbench -Dnitro.operatorCpuProfile=true -Dnitro.operatorCpuProfile.highWaterBatches=8 -cp %classpath org.weakref.nitro.clickbench.QueryDriver 09 2 1'" <not executed on terminal>]
[INFO] Processing build on daemon f226b586
[INFO] Scanning for projects...
[INFO] Njord 0.9.4 session created
[INFO] BuildTimeEventSpy is registered.
[INFO] 
[INFO] Using the SmartBuilder implementation with a thread count of 7
[INFO] 
[INFO] ----------------------< org.weakref:nitro-tests >-----------------------
[INFO] Building nitro-tests 1-SNAPSHOT
[INFO]   from pom.xml
[INFO] --------------------------------[ jar ]---------------------------------
[WARNING] 2 problems were encountered while building the effective model for org.apache.yetus:audience-annotations:jar:0.5.0 during dependency collection step for project (use -X to see details)
[INFO] 
[INFO] --- exec:3.6.1:exec (default-cli) @ nitro-tests ---
[WARNING] [stderr] WARNING: Using incubator modules: jdk.incubator.vector
[WARNING] [stderr] WARNING: A restricted method in java.lang.foreign.Linker has been called
[WARNING] [stderr] WARNING: java.lang.foreign.Linker::downcallHandle has been called by org.weakref.nitro.data.NativeBufferAdvice in an unnamed module (file:/root/.m2/repository/org/weakref/nitro-spi/1-SNAPSHOT/nitro-spi-1-SNAPSHOT.jar)
[WARNING] [stderr] WARNING: Use --enable-native-access=ALL-UNNAMED to avoid a warning for callers in this module
[WARNING] [stderr] WARNING: Restricted methods will be blocked in a future release unless native access is enabled
[WARNING] [stderr] 
[INFO] [stdout] query09: 1 iters, 3672.7 ms/iter, sink=90
[INFO] [stdout] Operator CPU profile (thread CPU time)
[INFO] [stdout] Operator                           Type                         cpu_ms    share     alloc_mb alloc_kb/batch steady_kb/batch  batches         rows
[INFO] [stdout] q09.topn                           TopNOperator               3509.214   23.34%     6327.489    6479349.070          0.000        1           10
[INFO] [stdout]   hasNext=  0.013 next=3508.371  borrow=  0.385  take=  0.000  constrain=  0.000  close=  0.444  alloc[hasNext=   0.000 next=6327.349 borrow=   0.036 take=   0.000 constrain=   0.000 close=   0.104] MB
[INFO] [stdout] q09.counts                         GroupedAggregationOperator   3504.190   23.31%     6327.292    6479146.539          0.000        1         9040
[INFO] [stdout]   hasNext=  0.002 next=3482.669  borrow= 21.016  take=  0.000  constrain=  0.010  close=  0.424  alloc[hasNext=   0.000 next=6003.823 borrow= 323.362 take=   0.000 constrain=   0.000 close=   0.103] MB
[INFO] [stdout] q09.final-pairs                    GroupedAggregationOperator   3406.088   22.65%     4884.272    5001494.469          0.000        1     17996642
[INFO] [stdout]   hasNext=  0.009 next=3289.557  borrow=116.105  take=  0.000  constrain=  0.000  close=  0.416  alloc[hasNext=   0.000 next=4729.705 borrow= 154.467 take=   0.000 constrain=   0.000 close=   0.100] MB
[INFO] [stdout] q09.exchange                       MaterializeOperator        2113.571   14.06%     2050.506      20997.180          1.388      100     21659116
[INFO] [stdout]   hasNext=2112.633 next=  0.331  borrow=  0.100  take=  0.000  constrain=  0.000  close=  0.486  alloc[hasNext=2050.379 next=   0.030 borrow=   0.000 take=   0.000 constrain=   0.000 close=   0.097] MB
[INFO] [stdout] q09.partial-pairs                  GroupedAggregationOperator   2078.595   13.82%     1678.401      17186.828      16492.250      100     21659116
[INFO] [stdout]   hasNext=  0.064 next=1705.019  borrow=364.784  take=  0.000  constrain=  0.000  close=  8.712  alloc[hasNext=   0.000 next=1303.258 borrow= 374.765 take=   0.000 constrain=   0.000 close=   0.377] MB
[INFO] [stdout] q09.partial-scan                   BatchSourceOperator         424.397    2.82%     1062.985        108.850        107.923    10000     99997497
[INFO] [stdout]   hasNext=  3.698 next=  3.530  borrow=399.927  take=  0.000  constrain=  0.000  close= 15.747  alloc[hasNext=   3.720 next=   6.450 borrow=1039.527 take=   0.000 constrain=   0.000 close=  13.288] MB
[INFO] [stdout] Total attributed cpu_ms: 15036.056
[INFO] [stdout] 
[INFO] ------------------------------------------------------------------------
[INFO] BUILD SUCCESS
[INFO] ------------------------------------------------------------------------
[INFO] Total time:  12.008 s (Wall Clock)
[INFO] Finished at: 2026-08-05T20:38:48Z
[INFO] ------------------------------------------------------------------------
[INFO] Njord session closed

Script done on 2026-08-05 20:38:48+00:00 [COMMAND_EXIT_CODE="0"]
