Script started on 2026-08-05 20:53:26+00:00 [COMMAND="mvnd -Dmaven.gitcommitid.skip=true -pl nitro-tests org.codehaus.mojo:exec-maven-plugin:3.6.1:exec -Dexec.classpathScope=test -Dexec.executable=/opt/java/openjdk/bin/java -Dexec.args='--enable-preview --add-modules jdk.incubator.vector -Xmx12g -Dnitro.clickbench.hits.path=/root/data/clickbench -Dnitro.operatorCpuProfile=true -Dnitro.operatorCpuProfile.highWaterBatches=8 -cp %classpath org.weakref.nitro.clickbench.QueryDriver 09 2 1'" <not executed on terminal>]
[INFO] Processing build on daemon f226b586
[INFO] Scanning for projects...
[INFO] Njord 0.9.4 session created
[INFO] BuildTimeEventSpy is registered.
[INFO] 
[INFO] Using the SmartBuilder implementation with a thread count of 7
[INFO] 
[INFO] ----------------------< org.weakref:nitro-tests >-----------------------
[INFO] Building nitro-tests 1-SNAPSHOT
[INFO]   from pom.xml
[INFO] --------------------------------[ jar ]---------------------------------
[WARNING] 2 problems were encountered while building the effective model for org.apache.yetus:audience-annotations:jar:0.5.0 during dependency collection step for project (use -X to see details)
[INFO] 
[INFO] --- exec:3.6.1:exec (default-cli) @ nitro-tests ---
[WARNING] [stderr] WARNING: Using incubator modules: jdk.incubator.vector
[WARNING] [stderr] WARNING: A restricted method in java.lang.foreign.Linker has been called
[WARNING] [stderr] WARNING: java.lang.foreign.Linker::downcallHandle has been called by org.weakref.nitro.data.NativeBufferAdvice in an unnamed module (file:/root/.m2/repository/org/weakref/nitro-spi/1-SNAPSHOT/nitro-spi-1-SNAPSHOT.jar)
[WARNING] [stderr] WARNING: Use --enable-native-access=ALL-UNNAMED to avoid a warning for callers in this module
[WARNING] [stderr] WARNING: Restricted methods will be blocked in a future release unless native access is enabled
[WARNING] [stderr] 
[INFO] [stdout] query09: 1 iters, 3593.6 ms/iter, sink=90
[INFO] [stdout] Operator CPU profile (thread CPU time)
[INFO] [stdout] Operator                           Type                         cpu_ms    share     alloc_mb alloc_kb/batch steady_kb/batch  batches         rows
[INFO] [stdout] q09.topn                           TopNOperator               3454.556   30.19%     5235.891    5361552.695          0.000        1           10
[INFO] [stdout]   hasNext=  0.013 next=3454.477  borrow=  0.051  take=  0.000  constrain=  0.000  close=  0.013  alloc[hasNext=   0.000 next=5235.888 borrow=   0.002 take=   0.000 constrain=   0.000 close=   0.001] MB
[INFO] [stdout] q09.final-count                    SqlStageAggregationOperator   3452.588   30.17%     5235.724    5361381.461          0.000        1         9040
[INFO] [stdout]   hasNext=3452.426 next=  0.009  borrow=  0.118  take=  0.000  constrain=  0.000  close=  0.006  alloc[hasNext=5235.286 next=   0.000 borrow=   0.432 take=   0.000 constrain=   0.000 close=   0.001] MB
[INFO] [stdout] q09.exchange                       MaterializeOperator        2092.783   18.29%     3006.497       2245.552          0.436     1371     21659116
[INFO] [stdout]   hasNext=2088.579 next=  0.936  borrow=  1.259  take=  0.000  constrain=  0.000  close=  1.823  alloc[hasNext=3005.913 next=   0.408 borrow=   0.000 take=   0.000 constrain=   0.000 close=   0.175] MB
[INFO] [stdout] q09.partial-pairs                  SqlStageAggregationOperator   2069.462   18.09%     2632.135       1965.942       1920.197     1371     21659116
[INFO] [stdout]   hasNext=1660.436 next=  0.226  borrow=407.522  take=  0.000  constrain=  0.000  close=  1.087  alloc[hasNext=1266.269 next=   0.000 borrow=1364.606 take=   0.000 constrain=   0.000 close=   1.261] MB
[INFO] [stdout] q09.partial-scan                   BatchSourceOperator         372.827    3.26%     1062.226        108.772        107.845    10000     99997497
[INFO] [stdout]   hasNext=  3.280 next=  3.312  borrow=350.888  take=  0.000  constrain=  0.000  close= 13.879  alloc[hasNext=   3.720 next=   6.297 borrow=1038.923 take=   0.000 constrain=   0.000 close=  13.286] MB
[INFO] [stdout] Total attributed cpu_ms: 11442.215
[INFO] [stdout] 
[INFO] ------------------------------------------------------------------------
[INFO] BUILD SUCCESS
[INFO] ------------------------------------------------------------------------
[INFO] Total time:  11.799 s (Wall Clock)
[INFO] Finished at: 2026-08-05T20:53:38Z
[INFO] ------------------------------------------------------------------------
[INFO] Njord session closed
Purged 4 log files (log available in /root/.mvnd/purge-2026-08-05.log)

Script done on 2026-08-05 20:53:38+00:00 [COMMAND_EXIT_CODE="0"]
