[INFO] Enabling strict checksum verification on all artifact downloads.
[INFO] Processing build on daemon c62d009f
[INFO] Scanning for projects...
[INFO] Njord 0.9.9 session created
[INFO] BuildTimeEventSpy is registered.
[INFO] 
[INFO] Using the SmartBuilder implementation with a thread count of 7
[INFO] 
[INFO] ------------------------< io.trino:trino-tests >------------------------
[INFO] Building trino-tests 484-SNAPSHOT
[INFO]   from pom.xml
[INFO] --------------------------------[ jar ]---------------------------------
[INFO] Loaded 0 groupId for remote repository ossrh
[INFO] Loaded 0 groupId for remote repository maven-central
[INFO] Loaded 0 groupId for remote repository repo.gradle.org
[INFO] Loaded 0 groupId for remote repository central.maven.org
[INFO] 
[INFO] --- git-commit-id:10.0.0:revision (default) @ trino-tests ---
[INFO] 
[INFO] --- build-helper:3.6.1:bsh-property (surefire-enable-preview) @ trino-tests ---
[INFO] 
[INFO] --- resources:3.5.0:resources (default-resources) @ trino-tests ---
[INFO] skip non existing resourceDirectory /root/notes/trino.nitro/testing/trino-tests/src/main/resources
[INFO] 
[INFO] --- compiler:3.15.0:compile (default-compile) @ trino-tests ---
[INFO] Nothing to compile - all classes are up to date.
[INFO] 
[INFO] --- resources:3.5.0:testResources (default-testResources) @ trino-tests ---
[INFO] Copying 266 resources from src/test/resources to target/test-classes
[INFO] 
[INFO] --- compiler:3.15.0:testCompile (default-testCompile) @ trino-tests ---
[INFO] Nothing to compile - all classes are up to date.
[INFO] 
[INFO] --- modernizer:3.4.0:modernizer (modernizer) @ trino-tests ---
[INFO] Skipping modernizer execution!
[INFO] 
[INFO] --- modernizer:3.4.0:modernizer (modernizer-production-code) @ trino-tests ---
[INFO] Skipping modernizer execution!
[INFO] 
[INFO] --- dependency:3.11.0:analyze-only (default) @ trino-tests ---
[INFO] Skipping plugin execution
[INFO] 
[INFO] --- dependency:3.11.0:analyze-duplicate (default) @ trino-tests ---
[INFO] Skipping plugin execution
[INFO] 
[INFO] --- duplicate-finder:2.0.1:check (default) @ trino-tests ---
[INFO] Skipping duplicate-finder execution!
[INFO] 
[INFO] --- surefire:3.5.6:test (default-test) @ trino-tests ---
[INFO] Tests will run in random order. To reproduce ordering use flag -Dsurefire.runOrder.random.seed=4309687555789670
[INFO] Using auto detected provider org.apache.maven.surefire.junitplatform.JUnitPlatformProvider
[INFO] 
[INFO] -------------------------------------------------------
[INFO]  T E S T S
[INFO] -------------------------------------------------------
[WARNING] [stderr] Picked up JAVA_TOOL_OPTIONS: -Xmx12g
[WARNING] [stderr] WARNING: Using incubator modules: jdk.incubator.vector
[WARNING] [stderr] 2026-08-05T15:53:27.403-0600	INFO	ForkJoinPool-1-worker-1	io.airlift.log.Logging	Logging to stderr
[INFO] Running io.trino.tests.nitro.TestNitroTpcdsParquetPerformance
[WARNING] [stderr] 2026-08-05T15:53:28.293-0600	INFO	ForkJoinPool-1-worker-1	io.trino.simd.BlockEncodingSimdSupport	Detected SIMD Support for architecture=amd64, vectorBitWidth=512: SimdSupport[capabilities=[COMPRESS_BYTE, EXPAND_BYTE, COMPRESS_SHORT, EXPAND_SHORT, COMPRESS_INT, EXPAND_INT, COMPRESS_LONG, EXPAND_LONG]]
[WARNING] [stderr] WARNING: A restricted method in java.lang.System has been called
[WARNING] [stderr] WARNING: java.lang.System::loadLibrary has been called by com.aayushatharva.brotli4j.Brotli4jLoader in an unnamed module (file:/root/.m2/repository/com/aayushatharva/brotli4j/brotli4j/1.23.0/brotli4j-1.23.0.jar)
[WARNING] [stderr] WARNING: Use --enable-native-access=ALL-UNNAMED to avoid a warning for callers in this module
[WARNING] [stderr] WARNING: Restricted methods will be blocked in a future release unless native access is enabled
[WARNING] [stderr] 
[WARNING] [stderr] 2026-08-05T15:53:29.611-0600	INFO	ForkJoinPool-1-worker-1	io.trino.testing.DistributedQueryRunner	Created DistributedQueryRunner in 1.90s (unclosed instances = 1)
[WARNING] [stderr] 2026-08-05T15:53:30.632-0600	INFO	ForkJoinPool-1-worker-1	io.trino.testing.DistributedQueryRunner	Created DistributedQueryRunner in 538.70ms (unclosed instances = 2)
[WARNING] [stderr] 2026-08-05T15:53:30.852-0600	INFO	ForkJoinPool-1-worker-1	stdout	engine,suite,query,measurements,min_ms,p50_ms,p95_ms,mean_ms,cpu_p50_ms,cpu_mean_ms,native_sources
[WARNING] [stderr] 2026-08-05T15:53:50.130-0600	INFO	ForkJoinPool-1-worker-1	stdout	operator_cpu,trino,ExchangeOperator,11,0.000,286.222,0.000,0,159936336,159936336,22386.720
[WARNING] [stderr] 2026-08-05T15:53:50.130-0600	INFO	ForkJoinPool-1-worker-1	stdout	operator_cpu,trino,LocalExchangeSourceOperator,11,0.000,0.219,0.000,0,306736,306736,42054.330
[WARNING] [stderr] 2026-08-05T15:53:50.130-0600	INFO	ForkJoinPool-1-worker-1	stdout	operator_cpu,trino,TaskOutputOperator,3,0.150,0.000,0.002,0,300,300,0.000
[WARNING] [stderr] 2026-08-05T15:53:50.131-0600	INFO	ForkJoinPool-1-worker-1	stdout	operator_cpu,trino,LocalExchangeSinkOperator,11,7.636,0.000,0.158,0,306736,306736,0.000
[WARNING] [stderr] 2026-08-05T15:53:50.131-0600	INFO	ForkJoinPool-1-worker-1	stdout	operator_cpu,trino,TopNOperator,7,0.017,15.076,0.128,0,204351,700,0.000
[WARNING] [stderr] 2026-08-05T15:53:50.131-0600	INFO	ForkJoinPool-1-worker-1	stdout	operator_cpu,trino,HashAggregationOperator,4,9522.350,33.550,0.107,0,132803770,407521,0.000
[WARNING] [stderr] 2026-08-05T15:53:50.131-0600	INFO	ForkJoinPool-1-worker-1	stdout	operator_cpu,trino,FilterAndProjectOperator,4,2.421,133.297,0.107,0,26723751,26723751,0.000
[WARNING] [stderr] 2026-08-05T15:53:50.131-0600	INFO	ForkJoinPool-1-worker-1	stdout	operator_cpu,trino,GroupIdOperator,2,1.818,13.430,0.001,0,26520000,132600000,0.000
[WARNING] [stderr] 2026-08-05T15:53:50.131-0600	INFO	ForkJoinPool-1-worker-1	stdout	operator_cpu,trino,PartitionedOutputOperator,12,1405.815,0.000,1.959,0,159936136,159936136,22440.000
[WARNING] [stderr] 2026-08-05T15:53:50.131-0600	INFO	ForkJoinPool-1-worker-1	stdout	operator_cpu,trino,LookupJoinOperator,4,2.771,2686.300,0.196,0,159630000,53040000,66.580
[WARNING] [stderr] 2026-08-05T15:53:50.131-0600	INFO	ForkJoinPool-1-worker-1	stdout	operator_cpu,trino,HashBuilderOperator,4,1.136,0.000,9.777,0,102366,102366,22010.000
[WARNING] [stderr] 2026-08-05T15:53:50.131-0600	INFO	ForkJoinPool-1-worker-1	stdout	operator_cpu,trino,DynamicFilterSourceOperator,4,3.527,0.060,0.594,0,102366,102366,0.000
[WARNING] [stderr] 2026-08-05T15:53:50.131-0600	INFO	ForkJoinPool-1-worker-1	stdout	operator_cpu,trino,TableScanOperator,1,0.000,17.150,0.000,102000,102000,102000,0.000
[WARNING] [stderr] 2026-08-05T15:53:50.131-0600	INFO	ForkJoinPool-1-worker-1	stdout	operator_cpu,trino,ScanFilterAndProjectOperator,7,0.000,1864.580,0.000,133183049,133183049,133110366,0.000
[WARNING] [stderr] 2026-08-05T15:53:55.131-0600	INFO	ForkJoinPool-1-worker-1	stdout	operator_cpu,nitro,ExchangeOperator,11,0.000,59.457,0.000,0,53346336,53346336,16078.050
[WARNING] [stderr] 2026-08-05T15:53:55.131-0600	INFO	ForkJoinPool-1-worker-1	stdout	operator_cpu,nitro,LocalExchangeSourceOperator,11,0.000,0.199,0.000,0,306736,306736,34815.990
[WARNING] [stderr] 2026-08-05T15:53:55.131-0600	INFO	ForkJoinPool-1-worker-1	stdout	operator_cpu,nitro,TaskOutputOperator,3,0.192,0.000,0.005,0,300,300,0.000
[WARNING] [stderr] 2026-08-05T15:53:55.131-0600	INFO	ForkJoinPool-1-worker-1	stdout	operator_cpu,nitro,LocalExchangeSinkOperator,11,7.380,0.000,0.096,0,306736,306736,0.000
[WARNING] [stderr] 2026-08-05T15:53:55.131-0600	INFO	ForkJoinPool-1-worker-1	stdout	operator_cpu,nitro,TrinoNitroTopNOperator,7,51.692,2.972,0.008,0,204351,700,0.000
[WARNING] [stderr] 2026-08-05T15:53:55.131-0600	INFO	ForkJoinPool-1-worker-1	stdout	operator_cpu,nitro,TrinoNitroAggregationOperator,4,33.920,6182.000,1.179,0,26723770,407521,0.000
[WARNING] [stderr] 2026-08-05T15:53:55.131-0600	INFO	ForkJoinPool-1-worker-1	stdout	operator_cpu,nitro,PartitionedOutputOperator,12,563.363,0.000,1.172,0,53346136,53346136,16730.000
[WARNING] [stderr] 2026-08-05T15:53:55.131-0600	INFO	ForkJoinPool-1-worker-1	stdout	operator_cpu,nitro,TrinoNitroHashJoinOperator,4,5.770,3209.650,0.190,0,53040000,53040000,311.720
[WARNING] [stderr] 2026-08-05T15:53:55.131-0600	INFO	ForkJoinPool-1-worker-1	stdout	operator_cpu,nitro,TrinoNitroHashBuildOperator,4,0.797,0.000,16.211,0,102366,0,17090.000
[WARNING] [stderr] 2026-08-05T15:53:55.131-0600	INFO	ForkJoinPool-1-worker-1	stdout	operator_cpu,nitro,DynamicFilterSourceOperator,4,3.866,0.061,0.456,0,102366,102366,0.000
[WARNING] [stderr] 2026-08-05T15:53:55.131-0600	INFO	ForkJoinPool-1-worker-1	stdout	operator_cpu,nitro,TrinoNitroPipelineSourceOperator,8,0.000,826.110,0.000,133285049,26622366,26622366,126.540
[WARNING] [stderr] 2026-08-05T15:53:55.132-0600	INFO	ForkJoinPool-1-worker-1	stdout	trino,tpcds-parquet-sf10,q22,1,6036.530,6036.530,6036.530,6036.530,16034.000,16034.000,0
[WARNING] [stderr] 2026-08-05T15:53:55.132-0600	INFO	ForkJoinPool-1-worker-1	stdout	allocation,trino,tpcds-parquet-sf10,q22,1,33722.583,33722.583
[WARNING] [stderr] 2026-08-05T15:53:55.132-0600	INFO	ForkJoinPool-1-worker-1	stdout	peak_memory,trino,tpcds-parquet-sf10,q22,1,273.847,273.847,9455.558,9455.558
[WARNING] [stderr] 2026-08-05T15:53:55.132-0600	INFO	ForkJoinPool-1-worker-1	stdout	nitro,tpcds-parquet-sf10,q22,1,4999.073,4999.073,4999.073,4999.073,10966.000,10966.000,8
[WARNING] [stderr] 2026-08-05T15:53:55.132-0600	INFO	ForkJoinPool-1-worker-1	stdout	allocation,nitro,tpcds-parquet-sf10,q22,1,13312.768,13312.768
[WARNING] [stderr] 2026-08-05T15:53:55.132-0600	INFO	ForkJoinPool-1-worker-1	stdout	peak_memory,nitro,tpcds-parquet-sf10,q22,1,321.375,321.375,10068.384,10068.384
[WARNING] [stderr] 2026-08-05T15:53:55.132-0600	INFO	ForkJoinPool-1-worker-1	stdout	boundary,nitro,tpcds-parquet-sf10,q22,1,4494,79968121,3406425147,106080000,161364375,0,3052,26928221,2425191770,106080000,28764875,0,0,134334486,0,5362,53142366,2797772906
[WARNING] [stderr] 2026-08-05T15:53:55.132-0600	INFO	ForkJoinPool-1-worker-1	stdout	nitro_over_trino_wall_p50,0.8281368673198238
[WARNING] [stderr] 2026-08-05T15:53:55.132-0600	INFO	ForkJoinPool-1-worker-1	stdout	nitro_over_trino_cpu_p50,0.6839216664587751
[WARNING] [stderr] 2026-08-05T15:53:55.132-0600	INFO	ForkJoinPool-1-worker-1	stdout	nitro_over_trino_cpu_mean,0.6839216664587751
[INFO] Tests run: 1, Failures: 0, Errors: 0, Skipped: 0, Time elapsed: 27.76 s -- in io.trino.tests.nitro.TestNitroTpcdsParquetPerformance
[WARNING] [stderr] 2026-08-05T15:53:55.178-0600	INFO	main	io.trino.testing.containers.junit.ReportLeakedContainers	DockerClientFactory not initialized, so there should be no leaked containers, skipping the check
[INFO] 
[INFO] Results:
[INFO] 
[INFO] Tests run: 1, Failures: 0, Errors: 0, Skipped: 0
[INFO] 
[INFO] ------------------------------------------------------------------------
[INFO] BUILD SUCCESS
[INFO] ------------------------------------------------------------------------
[INFO] Total time:  28.513 s (Wall Clock)
[INFO] Finished at: 2026-08-05T21:53:55Z
[INFO] ------------------------------------------------------------------------
[INFO] Njord session closed
