[INFO] Processing build on daemon c8b0b9c7
[INFO] Scanning for projects...
[INFO] Njord 0.9.4 session created
[INFO] BuildTimeEventSpy is registered.
[INFO] 
[INFO] Using the SmartBuilder implementation with a thread count of 7
[INFO] 
[INFO] -------------------------< org.weakref:nitro >--------------------------
[INFO] Building nitro 1-SNAPSHOT
[INFO]   from pom.xml
[INFO] --------------------------------[ jar ]---------------------------------
[WARNING] 2 problems were encountered while building the effective model for org.apache.yetus:audience-annotations:jar:0.5.0 during dependency collection step for project (use -X to see details)
[INFO] 
[INFO] --- exec:3.6.1:exec (benchmark) @ nitro ---
[WARNING] [stderr] WARNING: Using incubator modules: jdk.incubator.vector
[WARNING] [stderr] WARNING: A terminally deprecated method in sun.misc.Unsafe has been called
[WARNING] [stderr] WARNING: sun.misc.Unsafe::objectFieldOffset has been called by org.openjdk.jmh.util.Utils (file:/root/.m2/repository/org/openjdk/jmh/jmh-core/1.37/jmh-core-1.37.jar)
[WARNING] [stderr] WARNING: Please consider reporting this to the maintainers of class org.openjdk.jmh.util.Utils
[WARNING] [stderr] WARNING: sun.misc.Unsafe::objectFieldOffset will be removed in a future release
[INFO] [stdout] # JMH version: 1.37
[INFO] [stdout] # VM version: JDK 26.0.1, OpenJDK 64-Bit Server VM, 26.0.1+8
[INFO] [stdout] # VM invoker: /opt/java/openjdk/bin/java
[INFO] [stdout] # VM options: --enable-preview --add-modules=jdk.incubator.vector -Dnitro.clickbench.hits.path= -Xms12g -Xmx12g -XX:+AlwaysPreTouch -XX:+UseTransparentHugePages -Dnitro.tpcds.parquet.path=/root/data/tpcds-parquet-sf10 -Dnitro.tpcds.parquet.schema=sf10 -Dnitro.parquet.sharedDecompressedPages=true
[INFO] [stdout] # Blackhole mode: compiler (auto-detected, use -Djmh.blackhole.autoDetect=false to disable)
[INFO] [stdout] # Warmup: 2 iterations, 1 s each
[INFO] [stdout] # Measurement: 3 iterations, 1 s each
[INFO] [stdout] # Timeout: 30 min per iteration
[INFO] [stdout] # Threads: 1 thread, will synchronize iterations
[INFO] [stdout] # Benchmark mode: Average time, time/op
[INFO] [stdout] # Benchmark: org.weakref.nitro.tpcds.BenchmarkQueries.query88
[INFO] [stdout] 
[INFO] [stdout] # Run progress: 0.00% complete, ETA 00:00:15
[INFO] [stdout] # Fork: 1 of 3
[INFO] [stdout] # Preparing profilers: LinuxPerfNormProfiler 
[INFO] [stdout] # Profilers consume stderr from target VM, use -v EXTRA to copy to console
[INFO] [stdout] # Warmup Iteration   1: 1349.293 ms/op
[INFO] [stdout] # Warmup Iteration   2: 853.656 ms/op
[INFO] [stdout] Iteration   1: 845.280 ms/op
[INFO] [stdout]                  gc.alloc.rate:      1569.528 MB/sec
[INFO] [stdout]                  gc.alloc.rate.norm: 1391233544.000 B/op
[INFO] [stdout]                  gc.count:           1.000 counts
[INFO] [stdout]                  gc.time:            5.000 ms
[INFO] [stdout] 
[INFO] [stdout] Iteration   2: 840.528 ms/op
[INFO] [stdout]                  gc.alloc.rate:      1578.270 MB/sec
[INFO] [stdout]                  gc.alloc.rate.norm: 1391140932.000 B/op
[INFO] [stdout]                  gc.count:           1.000 counts
[INFO] [stdout]                  gc.time:            6.000 ms
[INFO] [stdout] 
[INFO] [stdout] Iteration   3: 839.721 ms/op
[INFO] [stdout]                  gc.alloc.rate:      1579.580 MB/sec
[INFO] [stdout]                  gc.alloc.rate.norm: 1390946816.000 B/op
[INFO] [stdout]                  gc.count:           ≈ 0 counts
[INFO] [stdout] 
[INFO] [stdout] # Processing profiler results: LinuxPerfNormProfiler 
[INFO] [stdout] 
[INFO] [stdout] # Run progress: 33.33% complete, ETA 00:00:21
[INFO] [stdout] # Fork: 2 of 3
[INFO] [stdout] # Preparing profilers: LinuxPerfNormProfiler 
[INFO] [stdout] # Profilers consume stderr from target VM, use -v EXTRA to copy to console
[INFO] [stdout] # Warmup Iteration   1: 1339.309 ms/op
[INFO] [stdout] # Warmup Iteration   2: 852.577 ms/op
[INFO] [stdout] Iteration   1: 848.308 ms/op
[INFO] [stdout]                  gc.alloc.rate:      1563.915 MB/sec
[INFO] [stdout]                  gc.alloc.rate.norm: 1391233028.000 B/op
[INFO] [stdout]                  gc.count:           1.000 counts
[INFO] [stdout]                  gc.time:            5.000 ms
[INFO] [stdout] 
[INFO] [stdout] Iteration   2: 840.342 ms/op
[INFO] [stdout]                  gc.alloc.rate:      1578.634 MB/sec
[INFO] [stdout]                  gc.alloc.rate.norm: 1391140892.000 B/op
[INFO] [stdout]                  gc.count:           1.000 counts
[INFO] [stdout]                  gc.time:            6.000 ms
[INFO] [stdout] 
[INFO] [stdout] Iteration   3: 840.645 ms/op
[INFO] [stdout]                  gc.alloc.rate:      1577.818 MB/sec
[INFO] [stdout]                  gc.alloc.rate.norm: 1390951180.000 B/op
[INFO] [stdout]                  gc.count:           ≈ 0 counts
[INFO] [stdout] 
[INFO] [stdout] # Processing profiler results: LinuxPerfNormProfiler 
[INFO] [stdout] 
[INFO] [stdout] # Run progress: 66.67% complete, ETA 00:00:10
[INFO] [stdout] # Fork: 3 of 3
[INFO] [stdout] # Preparing profilers: LinuxPerfNormProfiler 
[INFO] [stdout] # Profilers consume stderr from target VM, use -v EXTRA to copy to console
[INFO] [stdout] # Warmup Iteration   1: 1398.498 ms/op
[INFO] [stdout] # Warmup Iteration   2: 854.350 ms/op
[INFO] [stdout] Iteration   1: 846.939 ms/op
[INFO] [stdout]                  gc.alloc.rate:      1566.448 MB/sec
[INFO] [stdout]                  gc.alloc.rate.norm: 1391233400.000 B/op
[INFO] [stdout]                  gc.count:           1.000 counts
[INFO] [stdout]                  gc.time:            5.000 ms
[INFO] [stdout] 
[INFO] [stdout] Iteration   2: 842.080 ms/op
[INFO] [stdout]                  gc.alloc.rate:      1575.364 MB/sec
[INFO] [stdout]                  gc.alloc.rate.norm: 1391141224.000 B/op
[INFO] [stdout]                  gc.count:           1.000 counts
[INFO] [stdout]                  gc.time:            5.000 ms
[INFO] [stdout] 
[INFO] [stdout] Iteration   3: 835.933 ms/op
[INFO] [stdout]                  gc.alloc.rate:      1586.722 MB/sec
[INFO] [stdout]                  gc.alloc.rate.norm: 1390944756.000 B/op
[INFO] [stdout]                  gc.count:           ≈ 0 counts
[INFO] [stdout] 
[INFO] [stdout] # Processing profiler results: LinuxPerfNormProfiler 
[INFO] [stdout] 
[INFO] [stdout] 
[INFO] [stdout] Result "org.weakref.nitro.tpcds.BenchmarkQueries.query88":
[INFO] [stdout]   842.197 ±(99.9%) 6.598 ms/op [Average]
[INFO] [stdout]   (min, avg, max) = (835.933, 842.197, 848.308), stdev = 3.927
[INFO] [stdout]   CI (99.9%): [835.599, 848.796] (assumes normal distribution)
[INFO] [stdout] 
[INFO] [stdout] Secondary result "org.weakref.nitro.tpcds.BenchmarkQueries.query88:CPI":
[INFO] [stdout]   0.253 ±(99.9%) 0.010 clks/insn [Average]
[INFO] [stdout]   (min, avg, max) = (0.252, 0.253, 0.253), stdev = 0.001
[INFO] [stdout]   CI (99.9%): [0.243, 0.262] (assumes normal distribution)
[INFO] [stdout] 
[INFO] [stdout] Secondary result "org.weakref.nitro.tpcds.BenchmarkQueries.query88:IPC":
[INFO] [stdout]   3.954 ±(99.9%) 0.149 insns/clk [Average]
[INFO] [stdout]   (min, avg, max) = (3.946, 3.954, 3.963), stdev = 0.008
[INFO] [stdout]   CI (99.9%): [3.805, 4.103] (assumes normal distribution)
[INFO] [stdout] 
[INFO] [stdout] Secondary result "org.weakref.nitro.tpcds.BenchmarkQueries.query88:L1-dcache-load-misses":
[INFO] [stdout]   50186731.080 ±(99.9%) 3387800.777 #/op [Average]
[INFO] [stdout]   (min, avg, max) = (49986593.480, 50186731.080, 50353448.244), stdev = 185696.792
[INFO] [stdout]   CI (99.9%): [46798930.302, 53574531.857] (assumes normal distribution)
[INFO] [stdout] 
[INFO] [stdout] Secondary result "org.weakref.nitro.tpcds.BenchmarkQueries.query88:L1-dcache-loads":
[INFO] [stdout]   7801471988.022 ±(99.9%) 170868618.226 #/op [Average]
[INFO] [stdout]   (min, avg, max) = (7792934759.961, 7801471988.022, 7811490090.259), stdev = 9365885.535
[INFO] [stdout]   CI (99.9%): [7630603369.796, 7972340606.248] (assumes normal distribution)
[INFO] [stdout] 
[INFO] [stdout] Secondary result "org.weakref.nitro.tpcds.BenchmarkQueries.query88:branch-misses":
[INFO] [stdout]   41299581.987 ±(99.9%) 6864148.629 #/op [Average]
[INFO] [stdout]   (min, avg, max) = (41035876.664, 41299581.987, 41730443.918), stdev = 376247.148
[INFO] [stdout]   CI (99.9%): [34435433.358, 48163730.616] (assumes normal distribution)
[INFO] [stdout] 
[INFO] [stdout] Secondary result "org.weakref.nitro.tpcds.BenchmarkQueries.query88:branches":
[INFO] [stdout]   3858570093.338 ±(99.9%) 284757497.548 #/op [Average]
[INFO] [stdout]   (min, avg, max) = (3841760005.248, 3858570093.338, 3872604664.797), stdev = 15608519.312
[INFO] [stdout]   CI (99.9%): [3573812595.790, 4143327590.886] (assumes normal distribution)
[INFO] [stdout] 
[INFO] [stdout] Secondary result "org.weakref.nitro.tpcds.BenchmarkQueries.query88:cycles":
[INFO] [stdout]   4859920185.013 ±(99.9%) 203801150.760 #/op [Average]
[INFO] [stdout]   (min, avg, max) = (4851249047.843, 4859920185.013, 4872526208.174), stdev = 11171028.769
[INFO] [stdout]   CI (99.9%): [4656119034.253, 5063721335.772] (assumes normal distribution)
[INFO] [stdout] 
[INFO] [stdout] Secondary result "org.weakref.nitro.tpcds.BenchmarkQueries.query88:dTLB-load-misses":
[INFO] [stdout]   299344.725 ±(99.9%) 91788.927 #/op [Average]
[INFO] [stdout]   (min, avg, max) = (293831.101, 299344.725, 303686.955), stdev = 5031.261
[INFO] [stdout]   CI (99.9%): [207555.798, 391133.653] (assumes normal distribution)
[INFO] [stdout] 
[INFO] [stdout] Secondary result "org.weakref.nitro.tpcds.BenchmarkQueries.query88:dTLB-loads":
[INFO] [stdout]   3925369.127 ±(99.9%) 2098282.907 #/op [Average]
[INFO] [stdout]   (min, avg, max) = (3856729.889, 3925369.127, 4058150.432), stdev = 115013.966
[INFO] [stdout]   CI (99.9%): [1827086.220, 6023652.033] (assumes normal distribution)
[INFO] [stdout] 
[INFO] [stdout] Secondary result "org.weakref.nitro.tpcds.BenchmarkQueries.query88:gc.alloc.rate":
[INFO] [stdout]   1575.142 ±(99.9%) 12.120 MB/sec [Average]
[INFO] [stdout]   (min, avg, max) = (1563.915, 1575.142, 1586.722), stdev = 7.212
[INFO] [stdout]   CI (99.9%): [1563.022, 1587.262] (assumes normal distribution)
[INFO] [stdout] 
[INFO] [stdout] Secondary result "org.weakref.nitro.tpcds.BenchmarkQueries.query88:gc.alloc.rate.norm":
[INFO] [stdout]   1391107308.000 ±(99.9%) 212232.522 B/op [Average]
[INFO] [stdout]   (min, avg, max) = (1390944756.000, 1391107308.000, 1391233544.000), stdev = 126296.169
[INFO] [stdout]   CI (99.9%): [1390895075.478, 1391319540.522] (assumes normal distribution)
[INFO] [stdout] 
[INFO] [stdout] Secondary result "org.weakref.nitro.tpcds.BenchmarkQueries.query88:gc.count":
[INFO] [stdout]   6.000 ±(99.9%) 0.001 counts [Sum]
[INFO] [stdout]   (min, avg, max) = (≈ 0, 0.667, 1.000), stdev = 0.500
[INFO] [stdout]   CI (99.9%): [6.000, 6.000] (assumes normal distribution)
[INFO] [stdout] 
[INFO] [stdout] Secondary result "org.weakref.nitro.tpcds.BenchmarkQueries.query88:gc.time":
[INFO] [stdout]   32.000 ±(99.9%) 0.001 ms [Sum]
[INFO] [stdout]   (min, avg, max) = (≈ 0, 3.556, 6.000), stdev = 2.698
[INFO] [stdout]   CI (99.9%): [32.000, 32.000] (assumes normal distribution)
[INFO] [stdout] 
[INFO] [stdout] Secondary result "org.weakref.nitro.tpcds.BenchmarkQueries.query88:instructions":
[INFO] [stdout]   19216876325.103 ±(99.9%) 304693115.593 #/op [Average]
[INFO] [stdout]   (min, avg, max) = (19197820621.114, 19216876325.103, 19228971689.791), stdev = 16701257.807
[INFO] [stdout]   CI (99.9%): [18912183209.510, 19521569440.696] (assumes normal distribution)
[INFO] [stdout] 
[INFO] [stdout] 
[INFO] [stdout] # Run complete. Total time: 00:00:31
[INFO] [stdout] 
[INFO] [stdout] REMEMBER: The numbers below are just data. To gain reusable insights, you need to follow up on
[INFO] [stdout] why the numbers are the way they are. Use profilers (see -prof, -lprof), design factorial
[INFO] [stdout] experiments, perform baseline and negative tests that provide experimental control, make sure
[INFO] [stdout] the benchmarking environment is safe on JVM/OS/HW level, ask for reviews from the domain experts.
[INFO] [stdout] Do not assume the numbers tell you what you want them to tell.
[INFO] [stdout] 
[INFO] [stdout] NOTE: Current JVM experimentally supports Compiler Blackholes, and they are in use. Please exercise
[INFO] [stdout] extra caution when trusting the results, look into the generated code to check the benchmark still
[INFO] [stdout] works, and factor in a small probability of new VM bugs. Additionally, while comparisons between
[INFO] [stdout] different JVMs are already problematic, the performance difference caused by different Blackhole
[INFO] [stdout] modes can be very significant. Please make sure you use the consistent Blackhole mode for comparisons.
[INFO] [stdout] 
[INFO] [stdout] Benchmark                                       Mode  Cnt            Score           Error      Units
[INFO] [stdout] BenchmarkQueries.query88                        avgt    9          842.197 ±         6.598      ms/op
[INFO] [stdout] BenchmarkQueries.query88:CPI                    avgt    3            0.253 ±         0.010  clks/insn
[INFO] [stdout] BenchmarkQueries.query88:IPC                    avgt    3            3.954 ±         0.149  insns/clk
[INFO] [stdout] BenchmarkQueries.query88:L1-dcache-load-misses  avgt    3     50186731.080 ±   3387800.777       #/op
[INFO] [stdout] BenchmarkQueries.query88:L1-dcache-loads        avgt    3   7801471988.022 ± 170868618.226       #/op
[INFO] [stdout] BenchmarkQueries.query88:branch-misses          avgt    3     41299581.987 ±   6864148.629       #/op
[INFO] [stdout] BenchmarkQueries.query88:branches               avgt    3   3858570093.338 ± 284757497.548       #/op
[INFO] [stdout] BenchmarkQueries.query88:cycles                 avgt    3   4859920185.013 ± 203801150.760       #/op
[INFO] [stdout] BenchmarkQueries.query88:dTLB-load-misses       avgt    3       299344.725 ±     91788.927       #/op
[INFO] [stdout] BenchmarkQueries.query88:dTLB-loads             avgt    3      3925369.127 ±   2098282.907       #/op
[INFO] [stdout] BenchmarkQueries.query88:gc.alloc.rate          avgt    9         1575.142 ±        12.120     MB/sec
[INFO] [stdout] BenchmarkQueries.query88:gc.alloc.rate.norm     avgt    9   1391107308.000 ±    212232.522       B/op
[INFO] [stdout] BenchmarkQueries.query88:gc.count               avgt    9            6.000                     counts
[INFO] [stdout] BenchmarkQueries.query88:gc.time                avgt    9           32.000                         ms
[INFO] [stdout] BenchmarkQueries.query88:instructions           avgt    3  19216876325.103 ± 304693115.593       #/op
[INFO] [stdout] 
[INFO] [stdout] Benchmark result is saved to benchmarks/sweeps/20260719-targeted/q21-shared-decompressed-pages/q88-pretouch-native-domain-3fork.json
[INFO] ------------------------------------------------------------------------
[INFO] BUILD SUCCESS
[INFO] ------------------------------------------------------------------------
[INFO] Total time:  32.369 s (Wall Clock)
[INFO] Finished at: 2026-07-19T15:42:44Z
[INFO] ------------------------------------------------------------------------
[INFO] Njord session closed
