Script started on 2026-08-10 23:58:52+00:00 [COMMAND="/opt/mvnd/bin/mvnd -Dmaven.gitcommitid.skip=true -Djacoco.skip=true -pl testing/trino-tests -Dair.check.skip-all -DskipTests=false -Dtest=TestNitroClickBenchQueries#testClickBenchPerformance -Dair.test.jvmsize=12g '-Dair.test.jvm.additional-arguments=-XX:G1HeapRegionSize=32M -XX:+UnlockDiagnosticVMOptions --add-modules=jdk.incubator.vector --sun-misc-unsafe-memory-access=allow -Dairlift.quiet=true -XX:-HeapDumpOnOutOfMemoryError' -Dtrino.test.nitro-clickbench-data=/root/data/clickbench -Dtrino.test.nitro-clickbench-queries=/tmp/clickbench-queries-candidate.sql -Dtrino.test.nitro-clickbench-performance=true -Dtrino.test.nitro-clickbench-performance-sweep=true -Dtrino.test.nitro-benchmark-first-query=q16 -Dtrino.test.nitro-benchmark-last-query=q16 -Dtrino.test.nitro-clickbench-engine=both -Dtrino.test.nitro-clickbench-warmups=5 -Dtrino.test.nitro-clickbench-measurements=5 -Dtrino.test.nitro-query-max-memory-per-node=8GB -Dtrino.test.nitro-measure-thread-allocation=true -Dtrino.test.nitro-print-operator-cpu=true -Dtrino.test.nitro-print-operator-cpu-by-plan-node=true test" <not executed on terminal>]
[INFO] Enabling strict checksum verification on all artifact downloads.
[INFO] Processing build on daemon d8fefb36
[INFO] Scanning for projects...
[INFO] Loaded 0 groupId for remote repository maven-central
[INFO] Loaded 0 groupId for remote repository google-maven-central-copy
[INFO] Njord 0.9.9 session created
[INFO] BuildTimeEventSpy is registered.
[INFO] 
[INFO] Using the SmartBuilder implementation with a thread count of 7
[INFO] 
[INFO] ------------------------< io.trino:trino-tests >------------------------
[INFO] Building trino-tests 484-SNAPSHOT
[INFO]   from pom.xml
[INFO] --------------------------------[ jar ]---------------------------------
[INFO] Loaded 0 groupId for remote repository ossrh
[INFO] Loaded 0 groupId for remote repository repo.gradle.org
[INFO] Loaded 0 groupId for remote repository central.maven.org
[INFO] 
[INFO] --- git-commit-id:10.0.0:revision (default) @ trino-tests ---
[INFO] 
[INFO] --- build-helper:3.6.1:bsh-property (surefire-enable-preview) @ trino-tests ---
[INFO] 
[INFO] --- resources:3.5.0:resources (default-resources) @ trino-tests ---
[INFO] skip non existing resourceDirectory /root/notes/trino.nitro/testing/trino-tests/src/main/resources
[INFO] 
[INFO] --- compiler:3.15.0:compile (default-compile) @ trino-tests ---
[INFO] Nothing to compile - all classes are up to date.
[INFO] 
[INFO] --- resources:3.5.0:testResources (default-testResources) @ trino-tests ---
[INFO] Copying 266 resources from src/test/resources to target/test-classes
[INFO] 
[INFO] --- compiler:3.15.0:testCompile (default-testCompile) @ trino-tests ---
[INFO] Nothing to compile - all classes are up to date.
[INFO] 
[INFO] --- modernizer:3.4.0:modernizer (modernizer) @ trino-tests ---
[INFO] Skipping modernizer execution!
[INFO] 
[INFO] --- modernizer:3.4.0:modernizer (modernizer-production-code) @ trino-tests ---
[INFO] Skipping modernizer execution!
[INFO] 
[INFO] --- dependency:3.11.0:analyze-only (default) @ trino-tests ---
[INFO] Skipping plugin execution
[INFO] 
[INFO] --- dependency:3.11.0:analyze-duplicate (default) @ trino-tests ---
[INFO] Skipping plugin execution
[INFO] 
[INFO] --- duplicate-finder:2.0.1:check (default) @ trino-tests ---
[INFO] Skipping duplicate-finder execution!
[INFO] 
[INFO] --- surefire:3.5.6:test (default-test) @ trino-tests ---
[INFO] Tests will run in random order. To reproduce ordering use flag -Dsurefire.runOrder.random.seed=4749214970617884
[INFO] Using auto detected provider org.apache.maven.surefire.junitplatform.JUnitPlatformProvider
[INFO] 
[INFO] -------------------------------------------------------
[INFO]  T E S T S
[INFO] -------------------------------------------------------
[WARNING] [stderr] WARNING: Using incubator modules: jdk.incubator.vector
[WARNING] [stderr] 2026-08-10T17:58:54.891-0600	INFO	ForkJoinPool-1-worker-1	io.airlift.log.Logging	Logging to stderr
[INFO] Running io.trino.tests.nitro.TestNitroClickBenchQueries
[WARNING] [stderr] 2026-08-10T17:58:55.795-0600	INFO	ForkJoinPool-1-worker-1	io.trino.simd.BlockEncodingSimdSupport	Detected SIMD Support for architecture=amd64, vectorBitWidth=512: SimdSupport[capabilities=[COMPRESS_BYTE, EXPAND_BYTE, COMPRESS_SHORT, EXPAND_SHORT, COMPRESS_INT, EXPAND_INT, COMPRESS_LONG, EXPAND_LONG]]
[WARNING] [stderr] WARNING: A restricted method in java.lang.System has been called
[WARNING] [stderr] WARNING: java.lang.System::loadLibrary has been called by com.aayushatharva.brotli4j.Brotli4jLoader in an unnamed module (file:/root/.m2/repository/com/aayushatharva/brotli4j/brotli4j/1.23.0/brotli4j-1.23.0.jar)
[WARNING] [stderr] WARNING: Use --enable-native-access=ALL-UNNAMED to avoid a warning for callers in this module
[WARNING] [stderr] WARNING: Restricted methods will be blocked in a future release unless native access is enabled
[WARNING] [stderr] 
[WARNING] [stderr] 2026-08-10T17:58:57.131-0600	INFO	ForkJoinPool-1-worker-1	io.trino.testing.DistributedQueryRunner	Created DistributedQueryRunner in 1.92s (unclosed instances = 1)
[WARNING] [stderr] 2026-08-10T17:58:58.242-0600	INFO	ForkJoinPool-1-worker-1	io.trino.testing.DistributedQueryRunner	Created DistributedQueryRunner in 527.07ms (unclosed instances = 2)
[WARNING] [stderr] 2026-08-10T17:59:30.710-0600	INFO	Notification Thread	io.airlift.stats.JmxGcMonitor	Major GC: application 0.00s, stopped 217.00ms: 12.19GB -> 5.77GB
[WARNING] [stderr] 2026-08-10T17:59:30.710-0600	INFO	Notification Thread	io.airlift.stats.JmxGcMonitor	Major GC: application 0.00s, stopped 217.00ms: 12.19GB -> 5.77GB
[WARNING] [stderr] 2026-08-10T17:59:30.710-0600	INFO	Notification Thread	io.airlift.stats.JmxGcMonitor	Major GC: application 0.00s, stopped 217.00ms: 12.19GB -> 5.77GB
[WARNING] [stderr] 2026-08-10T17:59:30.710-0600	INFO	Notification Thread	io.airlift.stats.JmxGcMonitor	Major GC: application 0.00s, stopped 217.00ms: 12.19GB -> 5.77GB
[WARNING] [stderr] 2026-08-10T17:59:34.452-0600	INFO	Notification Thread	io.airlift.stats.JmxGcMonitor	Major GC: application 3.41s, stopped 325.00ms: 12.06GB -> 7.15GB
[WARNING] [stderr] 2026-08-10T17:59:34.453-0600	INFO	Notification Thread	io.airlift.stats.JmxGcMonitor	Major GC: application 3.41s, stopped 325.00ms: 12.06GB -> 7.15GB
[WARNING] [stderr] 2026-08-10T17:59:34.453-0600	INFO	Notification Thread	io.airlift.stats.JmxGcMonitor	Major GC: application 3.41s, stopped 325.00ms: 12.06GB -> 7.15GB
[WARNING] [stderr] 2026-08-10T17:59:34.453-0600	INFO	Notification Thread	io.airlift.stats.JmxGcMonitor	Major GC: application 3.41s, stopped 325.00ms: 12.06GB -> 7.15GB
[WARNING] [stderr] 2026-08-10T17:59:36.514-0600	INFO	Notification Thread	io.airlift.stats.JmxGcMonitor	Major GC: application 1.75s, stopped 317.00ms: 11.94GB -> 8.16GB
[WARNING] [stderr] 2026-08-10T17:59:36.515-0600	INFO	Notification Thread	io.airlift.stats.JmxGcMonitor	Major GC: application 1.75s, stopped 317.00ms: 11.94GB -> 8.16GB
[WARNING] [stderr] 2026-08-10T17:59:36.515-0600	INFO	Notification Thread	io.airlift.stats.JmxGcMonitor	Major GC: application 1.75s, stopped 317.00ms: 11.94GB -> 8.16GB
[WARNING] [stderr] 2026-08-10T17:59:36.515-0600	INFO	Notification Thread	io.airlift.stats.JmxGcMonitor	Major GC: application 1.75s, stopped 317.00ms: 11.94GB -> 8.16GB
[WARNING] [stderr] 2026-08-10T17:59:38.483-0600	INFO	Notification Thread	io.airlift.stats.JmxGcMonitor	Major GC: application 1.64s, stopped 331.00ms: 11.96GB -> 8.51GB
[WARNING] [stderr] 2026-08-10T17:59:38.484-0600	INFO	Notification Thread	io.airlift.stats.JmxGcMonitor	Major GC: application 1.64s, stopped 331.00ms: 11.96GB -> 8.51GB
[WARNING] [stderr] 2026-08-10T17:59:38.484-0600	INFO	Notification Thread	io.airlift.stats.JmxGcMonitor	Major GC: application 1.64s, stopped 331.00ms: 11.96GB -> 8.51GB
[WARNING] [stderr] 2026-08-10T17:59:38.484-0600	INFO	Notification Thread	io.airlift.stats.JmxGcMonitor	Major GC: application 1.64s, stopped 331.00ms: 11.96GB -> 8.51GB
[WARNING] [stderr] 2026-08-10T17:59:40.636-0600	INFO	Notification Thread	io.airlift.stats.JmxGcMonitor	Major GC: application 1.82s, stopped 335.00ms: 11.96GB -> 7.83GB
[WARNING] [stderr] 2026-08-10T17:59:40.636-0600	INFO	Notification Thread	io.airlift.stats.JmxGcMonitor	Major GC: application 1.82s, stopped 335.00ms: 11.96GB -> 7.83GB
[WARNING] [stderr] 2026-08-10T17:59:40.636-0600	INFO	Notification Thread	io.airlift.stats.JmxGcMonitor	Major GC: application 1.82s, stopped 335.00ms: 11.96GB -> 7.83GB
[WARNING] [stderr] 2026-08-10T17:59:40.636-0600	INFO	Notification Thread	io.airlift.stats.JmxGcMonitor	Major GC: application 1.82s, stopped 335.00ms: 11.96GB -> 7.83GB
[WARNING] [stderr] 2026-08-10T17:59:45.752-0600	INFO	Notification Thread	io.airlift.stats.JmxGcMonitor	Major GC: application 4.83s, stopped 285.00ms: 12.14GB -> 6.94GB
[WARNING] [stderr] 2026-08-10T17:59:45.752-0600	INFO	Notification Thread	io.airlift.stats.JmxGcMonitor	Major GC: application 4.83s, stopped 285.00ms: 12.14GB -> 6.94GB
[WARNING] [stderr] 2026-08-10T17:59:45.752-0600	INFO	Notification Thread	io.airlift.stats.JmxGcMonitor	Major GC: application 4.83s, stopped 285.00ms: 12.14GB -> 6.94GB
[WARNING] [stderr] 2026-08-10T17:59:45.753-0600	INFO	Notification Thread	io.airlift.stats.JmxGcMonitor	Major GC: application 4.83s, stopped 285.00ms: 12.14GB -> 6.94GB
[WARNING] [stderr] 2026-08-10T17:59:48.749-0600	INFO	Notification Thread	io.airlift.stats.JmxGcMonitor	Major GC: application 2.69s, stopped 311.00ms: 12.09GB -> 7.78GB
[WARNING] [stderr] 2026-08-10T17:59:48.749-0600	INFO	Notification Thread	io.airlift.stats.JmxGcMonitor	Major GC: application 2.69s, stopped 311.00ms: 12.09GB -> 7.78GB
[WARNING] [stderr] 2026-08-10T17:59:48.749-0600	INFO	Notification Thread	io.airlift.stats.JmxGcMonitor	Major GC: application 2.69s, stopped 311.00ms: 12.09GB -> 7.78GB
[WARNING] [stderr] 2026-08-10T17:59:48.749-0600	INFO	Notification Thread	io.airlift.stats.JmxGcMonitor	Major GC: application 2.69s, stopped 311.00ms: 12.09GB -> 7.78GB
[WARNING] [stderr] 2026-08-10T17:59:53.408-0600	INFO	Notification Thread	io.airlift.stats.JmxGcMonitor	Major GC: application 4.23s, stopped 421.00ms: 12.07GB -> 7.45GB
[WARNING] [stderr] 2026-08-10T17:59:53.408-0600	INFO	Notification Thread	io.airlift.stats.JmxGcMonitor	Major GC: application 4.23s, stopped 421.00ms: 12.07GB -> 7.45GB
[WARNING] [stderr] 2026-08-10T17:59:53.408-0600	INFO	Notification Thread	io.airlift.stats.JmxGcMonitor	Major GC: application 4.23s, stopped 421.00ms: 12.07GB -> 7.45GB
[WARNING] [stderr] 2026-08-10T17:59:53.408-0600	INFO	Notification Thread	io.airlift.stats.JmxGcMonitor	Major GC: application 4.23s, stopped 421.00ms: 12.07GB -> 7.45GB
[WARNING] [stderr] 2026-08-10T18:00:03.941-0600	INFO	Notification Thread	io.airlift.stats.JmxGcMonitor	Major GC: application 10.15s, stopped 394.00ms: 12.16GB -> 6.80GB
[WARNING] [stderr] 2026-08-10T18:00:03.941-0600	INFO	Notification Thread	io.airlift.stats.JmxGcMonitor	Major GC: application 10.15s, stopped 394.00ms: 12.16GB -> 6.80GB
[WARNING] [stderr] 2026-08-10T18:00:03.941-0600	INFO	Notification Thread	io.airlift.stats.JmxGcMonitor	Major GC: application 10.15s, stopped 394.00ms: 12.16GB -> 6.80GB
[WARNING] [stderr] 2026-08-10T18:00:03.941-0600	INFO	Notification Thread	io.airlift.stats.JmxGcMonitor	Major GC: application 10.15s, stopped 394.00ms: 12.16GB -> 6.80GB
[WARNING] [stderr] 2026-08-10T18:00:07.634-0600	INFO	Notification Thread	io.airlift.stats.JmxGcMonitor	Major GC: application 3.33s, stopped 367.00ms: 12.08GB -> 6.52GB
[WARNING] [stderr] 2026-08-10T18:00:07.634-0600	INFO	Notification Thread	io.airlift.stats.JmxGcMonitor	Major GC: application 3.33s, stopped 367.00ms: 12.08GB -> 6.52GB
[WARNING] [stderr] 2026-08-10T18:00:07.634-0600	INFO	Notification Thread	io.airlift.stats.JmxGcMonitor	Major GC: application 3.33s, stopped 367.00ms: 12.08GB -> 6.52GB
[WARNING] [stderr] 2026-08-10T18:00:07.634-0600	INFO	Notification Thread	io.airlift.stats.JmxGcMonitor	Major GC: application 3.33s, stopped 367.00ms: 12.08GB -> 6.52GB
[WARNING] [stderr] 2026-08-10T18:00:12.033-0600	INFO	ForkJoinPool-1-worker-1	stdout	engine,suite,query,measurements,min_ms,p50_ms,p95_ms,mean_ms,cpu_p50_ms,cpu_mean_ms,cpu_over_wall,input_positions,nitro_source_drivers,native_sources
[WARNING] [stderr] 2026-08-10T18:00:38.507-0600	INFO	ForkJoinPool-1-worker-1	stdout	operator_cpu,trino,0/ExchangeOperator@187,1,0.000,0.055,0.000,0,20,20,1400.000,0.000,0.000
[WARNING] [stderr] 2026-08-10T18:00:38.507-0600	INFO	ForkJoinPool-1-worker-1	stdout	operator_cpu,trino,0/LocalExchangeSourceOperator@231,1,0.000,0.006,0.000,0,20,20,1400.000,0.000,0.000
[WARNING] [stderr] 2026-08-10T18:00:38.507-0600	INFO	ForkJoinPool-1-worker-1	stdout	operator_cpu,trino,0/TaskOutputOperator@18,1,0.032,0.000,0.001,0,10,10,0.000,0.000,0.000
[WARNING] [stderr] 2026-08-10T18:00:38.507-0600	INFO	ForkJoinPool-1-worker-1	stdout	operator_cpu,trino,0/LocalExchangeSinkOperator@231,1,0.013,0.000,0.010,0,20,20,0.000,0.000,0.000
[WARNING] [stderr] 2026-08-10T18:00:38.507-0600	INFO	ForkJoinPool-1-worker-1	stdout	operator_cpu,trino,0/TopNOperator@163,1,0.002,0.061,0.010,0,20,10,0.000,0.084,0.000
[WARNING] [stderr] 2026-08-10T18:00:38.507-0600	INFO	ForkJoinPool-1-worker-1	stdout	operator_cpu,trino,1/ExchangeOperator@273,2,0.000,24.180,0.000,0,21542203,21542203,584.290,8.205,0.000
[WARNING] [stderr] 2026-08-10T18:00:38.507-0600	INFO	ForkJoinPool-1-worker-1	stdout	operator_cpu,trino,1/LocalExchangeSourceOperator@267,2,0.000,0.645,0.000,0,21542203,21542203,75.700,0.000,0.000
[WARNING] [stderr] 2026-08-10T18:00:38.507-0600	INFO	ForkJoinPool-1-worker-1	stdout	operator_cpu,trino,1/LocalExchangeSourceOperator@241,2,0.000,0.017,0.000,0,20,20,2550.000,0.000,0.000
[WARNING] [stderr] 2026-08-10T18:00:38.507-0600	INFO	ForkJoinPool-1-worker-1	stdout	operator_cpu,trino,1/TaskOutputOperator@242,2,0.119,0.000,0.001,0,20,20,0.000,0.000,0.000
[WARNING] [stderr] 2026-08-10T18:00:38.508-0600	INFO	ForkJoinPool-1-worker-1	stdout	operator_cpu,trino,1/TopNOperator@242,2,0.002,0.061,0.016,0,20,20,0.000,0.083,0.000
[WARNING] [stderr] 2026-08-10T18:00:38.508-0600	INFO	ForkJoinPool-1-worker-1	stdout	operator_cpu,trino,1/LocalExchangeSourceOperator@243,2,0.000,0.011,0.000,0,20,20,2550.000,0.000,0.000
[WARNING] [stderr] 2026-08-10T18:00:38.508-0600	INFO	ForkJoinPool-1-worker-1	stdout	operator_cpu,trino,1/LocalExchangeSinkOperator@243,2,0.015,0.000,0.003,0,20,20,0.000,0.000,0.000
[WARNING] [stderr] 2026-08-10T18:00:38.509-0600	INFO	ForkJoinPool-1-worker-1	stdout	operator_cpu,trino,1/TopNOperator@240,2,0.002,0.076,0.035,0,20,20,0.000,0.083,0.000
[WARNING] [stderr] 2026-08-10T18:00:38.509-0600	INFO	ForkJoinPool-1-worker-1	stdout	operator_cpu,trino,1/LocalExchangeSinkOperator@241,2,0.030,0.000,0.021,0,20,20,0.000,0.000,0.000
[WARNING] [stderr] 2026-08-10T18:00:38.509-0600	INFO	ForkJoinPool-1-worker-1	stdout	operator_cpu,trino,1/TopNOperator@162,2,0.179,162.810,0.021,0,17630976,20,0.000,0.084,0.000
[WARNING] [stderr] 2026-08-10T18:00:38.509-0600	INFO	ForkJoinPool-1-worker-1	stdout	operator_cpu,trino,1/LocalExchangeSinkOperator@267,2,0.489,0.000,0.041,0,21542203,21542203,0.000,0.000,0.000
[WARNING] [stderr] 2026-08-10T18:00:38.509-0600	INFO	ForkJoinPool-1-worker-1	stdout	operator_cpu,trino,1/HashAggregationOperator@9,2,1389.770,130.800,0.203,0,21542203,17630976,0.000,480.546,0.000
[WARNING] [stderr] 2026-08-10T18:00:38.509-0600	INFO	ForkJoinPool-1-worker-1	stdout	operator_cpu,trino,2/TableScanOperator@0,165,0.000,344.000,0.000,99997497,99997497,99997497,0.000,6.000,0.000
[WARNING] [stderr] 2026-08-10T18:00:38.509-0600	INFO	ForkJoinPool-1-worker-1	stdout	operator_cpu,trino,2/PartitionedOutputOperator@271,165,105.970,0.000,1.127,0,21542203,21542203,0.000,0.000,0.000
[WARNING] [stderr] 2026-08-10T18:00:38.510-0600	INFO	ForkJoinPool-1-worker-1	stdout	operator_cpu,trino,2/HashAggregationOperator@271,165,1222.610,178.370,1.660,0,99997497,21542203,0.000,30.034,0.000
[WARNING] [stderr] 2026-08-10T18:00:40.553-0600	INFO	ForkJoinPool-1-worker-1	stdout	operator_cpu,nitro,0/ExchangeOperator@187,1,0.000,0.030,0.000,0,20,20,2000.000,0.000,0.000
[WARNING] [stderr] 2026-08-10T18:00:40.553-0600	INFO	ForkJoinPool-1-worker-1	stdout	operator_cpu,nitro,0/LocalExchangeSourceOperator@231,1,0.000,0.008,0.000,0,20,20,2010.000,0.000,0.000
[WARNING] [stderr] 2026-08-10T18:00:40.553-0600	INFO	ForkJoinPool-1-worker-1	stdout	operator_cpu,nitro,0/TaskOutputOperator@18,1,0.023,0.000,0.005,0,10,10,0.000,0.000,0.000
[WARNING] [stderr] 2026-08-10T18:00:40.553-0600	INFO	ForkJoinPool-1-worker-1	stdout	operator_cpu,nitro,0/LocalExchangeSinkOperator@231,1,0.010,0.000,0.010,0,20,20,0.000,0.000,0.000
[WARNING] [stderr] 2026-08-10T18:00:40.553-0600	INFO	ForkJoinPool-1-worker-1	stdout	operator_cpu,nitro,0/TrinoNitroTopNOperator@163,1,0.097,0.062,0.002,0,20,10,0.000,0.000,0.000
[WARNING] [stderr] 2026-08-10T18:00:40.553-0600	INFO	ForkJoinPool-1-worker-1	stdout	operator_cpu,nitro,1/ExchangeOperator@273,2,0.000,107.090,0.000,0,98947678,98947678,670.050,18.658,0.000
[WARNING] [stderr] 2026-08-10T18:00:40.554-0600	INFO	ForkJoinPool-1-worker-1	stdout	operator_cpu,nitro,1/LocalExchangeSourceOperator@267,2,0.000,9.040,0.000,0,98947678,98947678,56.950,0.000,0.000
[WARNING] [stderr] 2026-08-10T18:00:40.554-0600	INFO	ForkJoinPool-1-worker-1	stdout	operator_cpu,nitro,1/LocalExchangeSourceOperator@241,2,0.000,0.021,0.000,0,20,20,3950.000,0.000,0.000
[WARNING] [stderr] 2026-08-10T18:00:40.554-0600	INFO	ForkJoinPool-1-worker-1	stdout	operator_cpu,nitro,1/TaskOutputOperator@242,2,0.084,0.000,0.002,0,20,20,0.000,0.000,0.000
[WARNING] [stderr] 2026-08-10T18:00:40.554-0600	INFO	ForkJoinPool-1-worker-1	stdout	operator_cpu,nitro,1/TrinoNitroTopNOperator@242,2,0.097,0.085,0.002,0,20,20,0.000,0.000,0.000
[WARNING] [stderr] 2026-08-10T18:00:40.554-0600	INFO	ForkJoinPool-1-worker-1	stdout	operator_cpu,nitro,1/LocalExchangeSourceOperator@243,2,0.000,0.012,0.000,0,20,20,3950.000,0.000,0.000
[WARNING] [stderr] 2026-08-10T18:00:40.554-0600	INFO	ForkJoinPool-1-worker-1	stdout	operator_cpu,nitro,1/LocalExchangeSinkOperator@243,2,0.011,0.000,0.006,0,20,20,0.000,0.000,0.000
[WARNING] [stderr] 2026-08-10T18:00:40.554-0600	INFO	ForkJoinPool-1-worker-1	stdout	operator_cpu,nitro,1/TrinoNitroTopNOperator@240,2,0.173,0.100,0.002,0,20,20,0.000,0.000,0.000
[WARNING] [stderr] 2026-08-10T18:00:40.554-0600	INFO	ForkJoinPool-1-worker-1	stdout	operator_cpu,nitro,1/LocalExchangeSinkOperator@241,2,0.014,0.000,0.011,0,20,20,0.000,0.000,0.000
[WARNING] [stderr] 2026-08-10T18:00:40.554-0600	INFO	ForkJoinPool-1-worker-1	stdout	operator_cpu,nitro,1/LocalExchangeSinkOperator@267,2,2.440,0.000,0.112,0,98947678,98947678,1767.990,0.000,0.000
[WARNING] [stderr] 2026-08-10T18:00:40.554-0600	INFO	ForkJoinPool-1-worker-1	stdout	operator_cpu,nitro,1/TrinoNitroAggregationOperator@9,2,2620.000,287.400,0.004,0,98947678,20,0.000,363.125,0.000
[WARNING] [stderr] 2026-08-10T18:00:40.554-0600	INFO	ForkJoinPool-1-worker-1	stdout	operator_cpu,nitro,2/TrinoNitroAggregationSourceOperator@271,165,0.000,641.080,0.000,99997497,99997497,98947678,0.000,1.608,0.000
[WARNING] [stderr] 2026-08-10T18:00:40.554-0600	INFO	ForkJoinPool-1-worker-1	stdout	operator_cpu,nitro,2/PartitionedOutputOperator@271,165,533.350,0.000,3.220,0,98947678,98947678,6770.000,0.000,0.000
[WARNING] [stderr] 2026-08-10T18:00:40.554-0600	INFO	ForkJoinPool-1-worker-1	stdout	operator_metric,nitro,1/TrinoNitroAggregationOperator@9,nitroBoundaryPageEgressDictionaryChannelPositions,0
[WARNING] [stderr] 2026-08-10T18:00:40.554-0600	INFO	ForkJoinPool-1-worker-1	stdout	operator_metric,nitro,1/TrinoNitroAggregationOperator@9,nitroAggregationInputNanos,3347081138
[WARNING] [stderr] 2026-08-10T18:00:40.554-0600	INFO	ForkJoinPool-1-worker-1	stdout	operator_metric,nitro,1/TrinoNitroAggregationOperator@9,nitroBoundaryPageIngressDictionaryChannelPositions,0
[WARNING] [stderr] 2026-08-10T18:00:40.554-0600	INFO	ForkJoinPool-1-worker-1	stdout	operator_metric,nitro,1/TrinoNitroAggregationOperator@9,nitroBoundaryPageIngressPositions,98947678
[WARNING] [stderr] 2026-08-10T18:00:40.554-0600	INFO	ForkJoinPool-1-worker-1	stdout	operator_metric,nitro,1/TrinoNitroAggregationOperator@9,nitroBoundaryPageIngressBytes,1781058204
[WARNING] [stderr] 2026-08-10T18:00:40.554-0600	INFO	ForkJoinPool-1-worker-1	stdout	operator_metric,nitro,1/TrinoNitroAggregationOperator@9,nitroBoundaryPageEgressPositions,20
[WARNING] [stderr] 2026-08-10T18:00:40.554-0600	INFO	ForkJoinPool-1-worker-1	stdout	operator_metric,nitro,1/TrinoNitroAggregationOperator@9,nitroBoundaryPageEgressBytes,360
[WARNING] [stderr] 2026-08-10T18:00:40.554-0600	INFO	ForkJoinPool-1-worker-1	stdout	operator_metric,nitro,1/TrinoNitroAggregationOperator@9,nitroAggregationFlushNanos,0
[WARNING] [stderr] 2026-08-10T18:00:40.554-0600	INFO	ForkJoinPool-1-worker-1	stdout	operator_metric,nitro,1/TrinoNitroAggregationOperator@9,nitroAggregationFusedNanos,0
[WARNING] [stderr] 2026-08-10T18:00:40.554-0600	INFO	ForkJoinPool-1-worker-1	stdout	operator_metric,nitro,1/TrinoNitroAggregationOperator@9,nitroBoundaryNativeEgressDictionaryChannelPositions,0
[WARNING] [stderr] 2026-08-10T18:00:40.554-0600	INFO	ForkJoinPool-1-worker-1	stdout	operator_metric,nitro,1/TrinoNitroAggregationOperator@9,nitroAggregationAccumulationNanos,515507355
[WARNING] [stderr] 2026-08-10T18:00:40.554-0600	INFO	ForkJoinPool-1-worker-1	stdout	operator_metric,nitro,1/TrinoNitroAggregationOperator@9,nitroAggregationGroupingNanos,2792652892
[WARNING] [stderr] 2026-08-10T18:00:40.554-0600	INFO	ForkJoinPool-1-worker-1	stdout	operator_metric,nitro,1/TrinoNitroAggregationOperator@9,nitroAggregationPipelineNanos,0
[WARNING] [stderr] 2026-08-10T18:00:40.554-0600	INFO	ForkJoinPool-1-worker-1	stdout	operator_metric,nitro,1/TrinoNitroAggregationOperator@9,nitroAggregationOutputNanos,21791
[WARNING] [stderr] 2026-08-10T18:00:40.554-0600	INFO	ForkJoinPool-1-worker-1	stdout	operator_metric,nitro,1/TrinoNitroAggregationOperator@9,nitroAggregationInitialEncodedKeyNanos,0
[WARNING] [stderr] 2026-08-10T18:00:40.554-0600	INFO	ForkJoinPool-1-worker-1	stdout	operator_metric,nitro,1/TrinoNitroAggregationOperator@9,nitroAggregationInitialKeyNanos,0
[WARNING] [stderr] 2026-08-10T18:00:40.554-0600	INFO	ForkJoinPool-1-worker-1	stdout	operator_metric,nitro,1/TrinoNitroAggregationOperator@9,nitroBoundaryPageIngressPages,2827
[WARNING] [stderr] 2026-08-10T18:00:40.555-0600	INFO	ForkJoinPool-1-worker-1	stdout	operator_metric,nitro,1/TrinoNitroAggregationOperator@9,nitroBoundaryPageEgressPages,2
[WARNING] [stderr] 2026-08-10T18:00:40.555-0600	INFO	ForkJoinPool-1-worker-1	stdout	operator_metric,nitro,1/TrinoNitroAggregationOperator@9,nitroBoundaryPageEgressFlatChannelPositions,40
[WARNING] [stderr] 2026-08-10T18:00:40.555-0600	INFO	ForkJoinPool-1-worker-1	stdout	operator_metric,nitro,1/TrinoNitroAggregationOperator@9,nitroBoundaryPageIngressFlatChannelPositions,197895356
[WARNING] [stderr] 2026-08-10T18:00:40.555-0600	INFO	ForkJoinPool-1-worker-1	stdout	operator_metric,nitro,1/TrinoNitroAggregationOperator@9,nitroBoundaryNativeEgressRunLengthChannelPositions,0
[WARNING] [stderr] 2026-08-10T18:00:40.555-0600	INFO	ForkJoinPool-1-worker-1	stdout	operator_metric,nitro,1/TrinoNitroAggregationOperator@9,nitroAggregationStatePreparationNanos,38080604
[WARNING] [stderr] 2026-08-10T18:00:40.555-0600	INFO	ForkJoinPool-1-worker-1	stdout	operator_metric,nitro,1/TrinoNitroAggregationOperator@9,nitroBoundaryNativeEgressFlatChannelPositions,40
[WARNING] [stderr] 2026-08-10T18:00:40.555-0600	INFO	ForkJoinPool-1-worker-1	stdout	operator_metric,nitro,1/TrinoNitroAggregationOperator@9,nitroAggregationInitialFlatKeyNanos,0
[WARNING] [stderr] 2026-08-10T18:00:40.555-0600	INFO	ForkJoinPool-1-worker-1	stdout	operator_metric,nitro,1/TrinoNitroAggregationOperator@9,nitroBoundaryPageIngressRunLengthChannelPositions,0
[WARNING] [stderr] 2026-08-10T18:00:40.555-0600	INFO	ForkJoinPool-1-worker-1	stdout	operator_metric,nitro,1/TrinoNitroAggregationOperator@9,nitroBoundaryPageEgressRunLengthChannelPositions,0
[WARNING] [stderr] 2026-08-10T18:00:40.555-0600	INFO	ForkJoinPool-1-worker-1	stdout	operator_metric,nitro,1/TrinoNitroAggregationOperator@9,nitroAggregationInitialAggregationNanos,0
[WARNING] [stderr] 2026-08-10T18:00:40.555-0600	INFO	ForkJoinPool-1-worker-1	stdout	operator_metric,nitro,2/TrinoNitroAggregationSourceOperator@271,nitroBoundaryNativeExchangeMaximumChannel1Bytes,17045118
[WARNING] [stderr] 2026-08-10T18:00:40.555-0600	INFO	ForkJoinPool-1-worker-1	stdout	operator_metric,nitro,2/TrinoNitroAggregationSourceOperator@271,nitroAggregationOutputNanos,2502298
[WARNING] [stderr] 2026-08-10T18:00:40.555-0600	INFO	ForkJoinPool-1-worker-1	stdout	operator_metric,nitro,2/TrinoNitroAggregationSourceOperator@271,nitroBoundaryNativeExchangeMaximumChannel0Bytes,15301629
[WARNING] [stderr] 2026-08-10T18:00:40.555-0600	INFO	ForkJoinPool-1-worker-1	stdout	operator_metric,nitro,2/TrinoNitroAggregationSourceOperator@271,nitroAggregationInitialAggregationNanos,85726878
[WARNING] [stderr] 2026-08-10T18:00:40.555-0600	INFO	ForkJoinPool-1-worker-1	stdout	operator_metric,nitro,2/TrinoNitroAggregationSourceOperator@271,nitroAggregationInputNanos,914596761
[WARNING] [stderr] 2026-08-10T18:00:40.555-0600	INFO	ForkJoinPool-1-worker-1	stdout	operator_metric,nitro,2/TrinoNitroAggregationSourceOperator@271,nitroBoundaryNativeExchangeMaximumBatchBytes,32346747
[WARNING] [stderr] 2026-08-10T18:00:40.555-0600	INFO	ForkJoinPool-1-worker-1	stdout	operator_metric,nitro,2/TrinoNitroAggregationSourceOperator@271,nitroAggregationInitialKeyNanos,520448576
[WARNING] [stderr] 2026-08-10T18:00:40.555-0600	INFO	ForkJoinPool-1-worker-1	stdout	operator_metric,nitro,2/TrinoNitroAggregationSourceOperator@271,nitroAggregationInitialEncodedKeyNanos,0
[WARNING] [stderr] 2026-08-10T18:00:40.555-0600	INFO	ForkJoinPool-1-worker-1	stdout	operator_metric,nitro,2/TrinoNitroAggregationSourceOperator@271,nitroBoundaryNativeExchangeBytes,1782801693
[WARNING] [stderr] 2026-08-10T18:00:40.555-0600	INFO	ForkJoinPool-1-worker-1	stdout	operator_metric,nitro,2/TrinoNitroAggregationSourceOperator@271,nitroAggregationFlushNanos,0
[WARNING] [stderr] 2026-08-10T18:00:40.555-0600	INFO	ForkJoinPool-1-worker-1	stdout	operator_metric,nitro,2/TrinoNitroAggregationSourceOperator@271,nitroBoundaryNativeExchangeBatches,9937
[WARNING] [stderr] 2026-08-10T18:00:40.555-0600	INFO	ForkJoinPool-1-worker-1	stdout	operator_metric,nitro,2/TrinoNitroAggregationSourceOperator@271,nitroAggregationAccumulationNanos,0
[WARNING] [stderr] 2026-08-10T18:00:40.555-0600	INFO	ForkJoinPool-1-worker-1	stdout	operator_metric,nitro,2/TrinoNitroAggregationSourceOperator@271,nitroAggregationGroupingNanos,0
[WARNING] [stderr] 2026-08-10T18:00:40.555-0600	INFO	ForkJoinPool-1-worker-1	stdout	operator_metric,nitro,2/TrinoNitroAggregationSourceOperator@271,nitroBoundaryNativeExchangePositions,98947678
[WARNING] [stderr] 2026-08-10T18:00:40.555-0600	INFO	ForkJoinPool-1-worker-1	stdout	operator_metric,nitro,2/TrinoNitroAggregationSourceOperator@271,nitroAggregationPipelineNanos,0
[WARNING] [stderr] 2026-08-10T18:00:40.555-0600	INFO	ForkJoinPool-1-worker-1	stdout	operator_metric,nitro,2/TrinoNitroAggregationSourceOperator@271,nitroAggregationInitialFlatKeyNanos,520448576
[WARNING] [stderr] 2026-08-10T18:00:40.555-0600	INFO	ForkJoinPool-1-worker-1	stdout	operator_metric,nitro,2/TrinoNitroAggregationSourceOperator@271,nitroAggregationStatePreparationNanos,0
[WARNING] [stderr] 2026-08-10T18:00:40.555-0600	INFO	ForkJoinPool-1-worker-1	stdout	operator_metric,nitro,2/TrinoNitroAggregationSourceOperator@271,nitroAggregationFusedNanos,25734643
[WARNING] [stderr] 2026-08-10T18:00:41.998-0600	INFO	ForkJoinPool-1-worker-1	stdout	operator_cpu,nitro,0/ExchangeOperator@187,1,0.000,0.032,0.000,0,20,20,1420.000,0.000,0.000
[WARNING] [stderr] 2026-08-10T18:00:41.998-0600	INFO	ForkJoinPool-1-worker-1	stdout	operator_cpu,nitro,0/LocalExchangeSourceOperator@231,1,0.000,0.006,0.000,0,20,20,1420.000,0.000,0.000
[WARNING] [stderr] 2026-08-10T18:00:41.999-0600	INFO	ForkJoinPool-1-worker-1	stdout	operator_cpu,nitro,0/TaskOutputOperator@18,1,0.022,0.000,0.001,0,10,10,0.000,0.000,0.000
[WARNING] [stderr] 2026-08-10T18:00:41.999-0600	INFO	ForkJoinPool-1-worker-1	stdout	operator_cpu,nitro,0/LocalExchangeSinkOperator@231,1,0.010,0.000,0.008,0,20,20,0.000,0.000,0.000
[WARNING] [stderr] 2026-08-10T18:00:41.999-0600	INFO	ForkJoinPool-1-worker-1	stdout	operator_cpu,nitro,0/TrinoNitroTopNOperator@163,1,0.076,0.054,0.002,0,20,10,0.000,0.000,0.000
[WARNING] [stderr] 2026-08-10T18:00:41.999-0600	INFO	ForkJoinPool-1-worker-1	stdout	operator_cpu,nitro,1/ExchangeOperator@273,2,0.000,75.450,0.000,0,60694751,60694751,400.750,14.608,0.000
[WARNING] [stderr] 2026-08-10T18:00:41.999-0600	INFO	ForkJoinPool-1-worker-1	stdout	operator_cpu,nitro,1/LocalExchangeSourceOperator@267,2,0.000,3.830,0.000,0,60694751,60694751,58.060,0.000,0.000
[WARNING] [stderr] 2026-08-10T18:00:41.999-0600	INFO	ForkJoinPool-1-worker-1	stdout	operator_cpu,nitro,1/LocalExchangeSourceOperator@241,2,0.000,0.020,0.000,0,20,20,2810.000,0.000,0.000
[WARNING] [stderr] 2026-08-10T18:00:41.999-0600	INFO	ForkJoinPool-1-worker-1	stdout	operator_cpu,nitro,1/TaskOutputOperator@242,2,0.072,0.000,0.011,0,20,20,0.000,0.000,0.000
[WARNING] [stderr] 2026-08-10T18:00:41.999-0600	INFO	ForkJoinPool-1-worker-1	stdout	operator_cpu,nitro,1/TrinoNitroTopNOperator@242,2,0.107,0.095,0.002,0,20,20,0.000,0.000,0.000
[WARNING] [stderr] 2026-08-10T18:00:41.999-0600	INFO	ForkJoinPool-1-worker-1	stdout	operator_cpu,nitro,1/LocalExchangeSourceOperator@243,2,0.000,0.013,0.000,0,20,20,2800.000,0.000,0.000
[WARNING] [stderr] 2026-08-10T18:00:41.999-0600	INFO	ForkJoinPool-1-worker-1	stdout	operator_cpu,nitro,1/LocalExchangeSinkOperator@243,2,0.010,0.000,0.006,0,20,20,0.000,0.000,0.000
[WARNING] [stderr] 2026-08-10T18:00:41.999-0600	INFO	ForkJoinPool-1-worker-1	stdout	operator_cpu,nitro,1/TrinoNitroTopNOperator@240,2,0.154,0.088,0.002,0,20,20,0.000,0.000,0.000
[WARNING] [stderr] 2026-08-10T18:00:41.999-0600	INFO	ForkJoinPool-1-worker-1	stdout	operator_cpu,nitro,1/LocalExchangeSinkOperator@241,2,0.016,0.000,0.011,0,20,20,0.000,0.000,0.000
[WARNING] [stderr] 2026-08-10T18:00:41.999-0600	INFO	ForkJoinPool-1-worker-1	stdout	operator_cpu,nitro,1/LocalExchangeSinkOperator@267,2,1.423,0.000,0.120,0,60694751,60694751,1145.370,0.000,0.000
[WARNING] [stderr] 2026-08-10T18:00:41.999-0600	INFO	ForkJoinPool-1-worker-1	stdout	operator_cpu,nitro,1/TrinoNitroAggregationOperator@9,2,2260.000,288.700,0.004,0,60694751,20,0.000,361.732,0.000
[WARNING] [stderr] 2026-08-10T18:00:41.999-0600	INFO	ForkJoinPool-1-worker-1	stdout	operator_cpu,nitro,2/TrinoNitroAggregationSourceOperator@271,165,0.000,911.260,0.000,99997497,99997497,60694751,0.000,19.652,0.000
[WARNING] [stderr] 2026-08-10T18:00:41.999-0600	INFO	ForkJoinPool-1-worker-1	stdout	operator_cpu,nitro,2/PartitionedOutputOperator@271,165,347.570,0.000,1.822,0,60694751,60694751,1984.030,0.000,0.000
[WARNING] [stderr] 2026-08-10T18:00:41.999-0600	INFO	ForkJoinPool-1-worker-1	stdout	operator_metric,nitro,1/TrinoNitroAggregationOperator@9,nitroBoundaryPageEgressDictionaryChannelPositions,0
[WARNING] [stderr] 2026-08-10T18:00:41.999-0600	INFO	ForkJoinPool-1-worker-1	stdout	operator_metric,nitro,1/TrinoNitroAggregationOperator@9,nitroAggregationInputNanos,2442996312
[WARNING] [stderr] 2026-08-10T18:00:41.999-0600	INFO	ForkJoinPool-1-worker-1	stdout	operator_metric,nitro,1/TrinoNitroAggregationOperator@9,nitroBoundaryPageIngressDictionaryChannelPositions,0
[WARNING] [stderr] 2026-08-10T18:00:41.999-0600	INFO	ForkJoinPool-1-worker-1	stdout	operator_metric,nitro,1/TrinoNitroAggregationOperator@9,nitroBoundaryPageIngressPositions,60694751
[WARNING] [stderr] 2026-08-10T18:00:41.999-0600	INFO	ForkJoinPool-1-worker-1	stdout	operator_metric,nitro,1/TrinoNitroAggregationOperator@9,nitroBoundaryPageIngressBytes,1092505518
[WARNING] [stderr] 2026-08-10T18:00:41.999-0600	INFO	ForkJoinPool-1-worker-1	stdout	operator_metric,nitro,1/TrinoNitroAggregationOperator@9,nitroBoundaryPageEgressPositions,20
[WARNING] [stderr] 2026-08-10T18:00:41.999-0600	INFO	ForkJoinPool-1-worker-1	stdout	operator_metric,nitro,1/TrinoNitroAggregationOperator@9,nitroBoundaryPageEgressBytes,360
[WARNING] [stderr] 2026-08-10T18:00:41.999-0600	INFO	ForkJoinPool-1-worker-1	stdout	operator_metric,nitro,1/TrinoNitroAggregationOperator@9,nitroAggregationFlushNanos,0
[WARNING] [stderr] 2026-08-10T18:00:41.999-0600	INFO	ForkJoinPool-1-worker-1	stdout	operator_metric,nitro,1/TrinoNitroAggregationOperator@9,nitroAggregationFusedNanos,0
[WARNING] [stderr] 2026-08-10T18:00:41.999-0600	INFO	ForkJoinPool-1-worker-1	stdout	operator_metric,nitro,1/TrinoNitroAggregationOperator@9,nitroBoundaryNativeEgressDictionaryChannelPositions,0
[WARNING] [stderr] 2026-08-10T18:00:41.999-0600	INFO	ForkJoinPool-1-worker-1	stdout	operator_metric,nitro,1/TrinoNitroAggregationOperator@9,nitroAggregationAccumulationNanos,298210674
[WARNING] [stderr] 2026-08-10T18:00:41.999-0600	INFO	ForkJoinPool-1-worker-1	stdout	operator_metric,nitro,1/TrinoNitroAggregationOperator@9,nitroAggregationGroupingNanos,2140276538
[WARNING] [stderr] 2026-08-10T18:00:41.999-0600	INFO	ForkJoinPool-1-worker-1	stdout	operator_metric,nitro,1/TrinoNitroAggregationOperator@9,nitroAggregationPipelineNanos,0
[WARNING] [stderr] 2026-08-10T18:00:41.999-0600	INFO	ForkJoinPool-1-worker-1	stdout	operator_metric,nitro,1/TrinoNitroAggregationOperator@9,nitroAggregationOutputNanos,23104
[WARNING] [stderr] 2026-08-10T18:00:41.999-0600	INFO	ForkJoinPool-1-worker-1	stdout	operator_metric,nitro,1/TrinoNitroAggregationOperator@9,nitroAggregationInitialEncodedKeyNanos,0
[WARNING] [stderr] 2026-08-10T18:00:41.999-0600	INFO	ForkJoinPool-1-worker-1	stdout	operator_metric,nitro,1/TrinoNitroAggregationOperator@9,nitroAggregationInitialKeyNanos,0
[WARNING] [stderr] 2026-08-10T18:00:41.999-0600	INFO	ForkJoinPool-1-worker-1	stdout	operator_metric,nitro,1/TrinoNitroAggregationOperator@9,nitroBoundaryPageIngressPages,1587
[WARNING] [stderr] 2026-08-10T18:00:41.999-0600	INFO	ForkJoinPool-1-worker-1	stdout	operator_metric,nitro,1/TrinoNitroAggregationOperator@9,nitroBoundaryPageEgressPages,2
[WARNING] [stderr] 2026-08-10T18:00:41.999-0600	INFO	ForkJoinPool-1-worker-1	stdout	operator_metric,nitro,1/TrinoNitroAggregationOperator@9,nitroBoundaryPageEgressFlatChannelPositions,40
[WARNING] [stderr] 2026-08-10T18:00:41.999-0600	INFO	ForkJoinPool-1-worker-1	stdout	operator_metric,nitro,1/TrinoNitroAggregationOperator@9,nitroBoundaryPageIngressFlatChannelPositions,121389502
[WARNING] [stderr] 2026-08-10T18:00:41.999-0600	INFO	ForkJoinPool-1-worker-1	stdout	operator_metric,nitro,1/TrinoNitroAggregationOperator@9,nitroBoundaryNativeEgressRunLengthChannelPositions,0
[WARNING] [stderr] 2026-08-10T18:00:41.999-0600	INFO	ForkJoinPool-1-worker-1	stdout	operator_metric,nitro,1/TrinoNitroAggregationOperator@9,nitroAggregationStatePreparationNanos,3745208
[WARNING] [stderr] 2026-08-10T18:00:41.999-0600	INFO	ForkJoinPool-1-worker-1	stdout	operator_metric,nitro,1/TrinoNitroAggregationOperator@9,nitroBoundaryNativeEgressFlatChannelPositions,40
[WARNING] [stderr] 2026-08-10T18:00:41.999-0600	INFO	ForkJoinPool-1-worker-1	stdout	operator_metric,nitro,1/TrinoNitroAggregationOperator@9,nitroAggregationInitialFlatKeyNanos,0
[WARNING] [stderr] 2026-08-10T18:00:42.000-0600	INFO	ForkJoinPool-1-worker-1	stdout	operator_metric,nitro,1/TrinoNitroAggregationOperator@9,nitroBoundaryPageIngressRunLengthChannelPositions,0
[WARNING] [stderr] 2026-08-10T18:00:42.000-0600	INFO	ForkJoinPool-1-worker-1	stdout	operator_metric,nitro,1/TrinoNitroAggregationOperator@9,nitroBoundaryPageEgressRunLengthChannelPositions,0
[WARNING] [stderr] 2026-08-10T18:00:42.000-0600	INFO	ForkJoinPool-1-worker-1	stdout	operator_metric,nitro,1/TrinoNitroAggregationOperator@9,nitroAggregationInitialAggregationNanos,0
[WARNING] [stderr] 2026-08-10T18:00:42.000-0600	INFO	ForkJoinPool-1-worker-1	stdout	operator_metric,nitro,2/TrinoNitroAggregationSourceOperator@271,nitroBoundaryNativeExchangeMaximumChannel1Bytes,157862529
[WARNING] [stderr] 2026-08-10T18:00:42.000-0600	INFO	ForkJoinPool-1-worker-1	stdout	operator_metric,nitro,2/TrinoNitroAggregationSourceOperator@271,nitroAggregationOutputNanos,2173199
[WARNING] [stderr] 2026-08-10T18:00:42.000-0600	INFO	ForkJoinPool-1-worker-1	stdout	operator_metric,nitro,2/TrinoNitroAggregationSourceOperator@271,nitroBoundaryNativeExchangeMaximumChannel0Bytes,100419858
[WARNING] [stderr] 2026-08-10T18:00:42.000-0600	INFO	ForkJoinPool-1-worker-1	stdout	operator_metric,nitro,2/TrinoNitroAggregationSourceOperator@271,nitroAggregationInitialAggregationNanos,39410498
[WARNING] [stderr] 2026-08-10T18:00:42.000-0600	INFO	ForkJoinPool-1-worker-1	stdout	operator_metric,nitro,2/TrinoNitroAggregationSourceOperator@271,nitroAggregationInputNanos,1263749284
[WARNING] [stderr] 2026-08-10T18:00:42.000-0600	INFO	ForkJoinPool-1-worker-1	stdout	operator_metric,nitro,2/TrinoNitroAggregationSourceOperator@271,nitroBoundaryNativeExchangeMaximumBatchBytes,258282387
[WARNING] [stderr] 2026-08-10T18:00:42.000-0600	INFO	ForkJoinPool-1-worker-1	stdout	operator_metric,nitro,2/TrinoNitroAggregationSourceOperator@271,nitroAggregationInitialKeyNanos,241209689
[WARNING] [stderr] 2026-08-10T18:00:42.000-0600	INFO	ForkJoinPool-1-worker-1	stdout	operator_metric,nitro,2/TrinoNitroAggregationSourceOperator@271,nitroAggregationInitialEncodedKeyNanos,0
[WARNING] [stderr] 2026-08-10T18:00:42.000-0600	INFO	ForkJoinPool-1-worker-1	stdout	operator_metric,nitro,2/TrinoNitroAggregationSourceOperator@271,nitroBoundaryNativeExchangeBytes,1149948189
[WARNING] [stderr] 2026-08-10T18:00:42.000-0600	INFO	ForkJoinPool-1-worker-1	stdout	operator_metric,nitro,2/TrinoNitroAggregationSourceOperator@271,nitroAggregationFlushNanos,0
[WARNING] [stderr] 2026-08-10T18:00:42.000-0600	INFO	ForkJoinPool-1-worker-1	stdout	operator_metric,nitro,2/TrinoNitroAggregationSourceOperator@271,nitroBoundaryNativeExchangeBatches,5137
[WARNING] [stderr] 2026-08-10T18:00:42.000-0600	INFO	ForkJoinPool-1-worker-1	stdout	operator_metric,nitro,2/TrinoNitroAggregationSourceOperator@271,nitroAggregationAccumulationNanos,5458419
[WARNING] [stderr] 2026-08-10T18:00:42.000-0600	INFO	ForkJoinPool-1-worker-1	stdout	operator_metric,nitro,2/TrinoNitroAggregationSourceOperator@271,nitroAggregationGroupingNanos,99076399
[WARNING] [stderr] 2026-08-10T18:00:42.000-0600	INFO	ForkJoinPool-1-worker-1	stdout	operator_metric,nitro,2/TrinoNitroAggregationSourceOperator@271,nitroBoundaryNativeExchangePositions,60694751
[WARNING] [stderr] 2026-08-10T18:00:42.000-0600	INFO	ForkJoinPool-1-worker-1	stdout	operator_metric,nitro,2/TrinoNitroAggregationSourceOperator@271,nitroAggregationPipelineNanos,0
[WARNING] [stderr] 2026-08-10T18:00:42.000-0600	INFO	ForkJoinPool-1-worker-1	stdout	operator_metric,nitro,2/TrinoNitroAggregationSourceOperator@271,nitroAggregationInitialFlatKeyNanos,241209689
[WARNING] [stderr] 2026-08-10T18:00:42.000-0600	INFO	ForkJoinPool-1-worker-1	stdout	operator_metric,nitro,2/TrinoNitroAggregationSourceOperator@271,nitroAggregationStatePreparationNanos,48549
[WARNING] [stderr] 2026-08-10T18:00:42.000-0600	INFO	ForkJoinPool-1-worker-1	stdout	operator_metric,nitro,2/TrinoNitroAggregationSourceOperator@271,nitroAggregationFusedNanos,662937885
[WARNING] [stderr] 2026-08-10T18:00:43.149-0600	INFO	ForkJoinPool-1-worker-1	stdout	operator_cpu,trino,0/ExchangeOperator@187,1,0.000,0.046,0.000,0,20,20,1130.000,0.000,0.000
[WARNING] [stderr] 2026-08-10T18:00:43.149-0600	INFO	ForkJoinPool-1-worker-1	stdout	operator_cpu,trino,0/LocalExchangeSourceOperator@231,1,0.000,0.005,0.000,0,20,20,1130.000,0.000,0.000
[WARNING] [stderr] 2026-08-10T18:00:43.149-0600	INFO	ForkJoinPool-1-worker-1	stdout	operator_cpu,trino,0/TaskOutputOperator@18,1,0.029,0.000,0.001,0,10,10,0.000,0.000,0.000
[WARNING] [stderr] 2026-08-10T18:00:43.149-0600	INFO	ForkJoinPool-1-worker-1	stdout	operator_cpu,trino,0/LocalExchangeSinkOperator@231,1,0.012,0.000,0.009,0,20,20,0.000,0.000,0.000
[WARNING] [stderr] 2026-08-10T18:00:43.149-0600	INFO	ForkJoinPool-1-worker-1	stdout	operator_cpu,trino,0/TopNOperator@163,1,0.002,0.057,0.011,0,20,10,0.000,0.084,0.000
[WARNING] [stderr] 2026-08-10T18:00:43.149-0600	INFO	ForkJoinPool-1-worker-1	stdout	operator_cpu,trino,1/ExchangeOperator@273,2,0.000,29.420,0.000,0,21542203,21542203,358.580,8.149,0.000
[WARNING] [stderr] 2026-08-10T18:00:43.149-0600	INFO	ForkJoinPool-1-worker-1	stdout	operator_cpu,trino,1/LocalExchangeSourceOperator@267,2,0.000,0.709,0.000,0,21542203,21542203,53.470,0.000,0.000
[WARNING] [stderr] 2026-08-10T18:00:43.149-0600	INFO	ForkJoinPool-1-worker-1	stdout	operator_cpu,trino,1/LocalExchangeSourceOperator@241,2,0.000,0.027,0.000,0,20,20,2230.000,0.000,0.000
[WARNING] [stderr] 2026-08-10T18:00:43.149-0600	INFO	ForkJoinPool-1-worker-1	stdout	operator_cpu,trino,1/TaskOutputOperator@242,2,0.111,0.000,0.002,0,20,20,0.000,0.000,0.000
[WARNING] [stderr] 2026-08-10T18:00:43.149-0600	INFO	ForkJoinPool-1-worker-1	stdout	operator_cpu,trino,1/TopNOperator@242,2,0.002,0.078,0.020,0,20,20,0.000,0.083,0.000
[WARNING] [stderr] 2026-08-10T18:00:43.150-0600	INFO	ForkJoinPool-1-worker-1	stdout	operator_cpu,trino,1/LocalExchangeSourceOperator@243,2,0.000,0.019,0.000,0,20,20,2230.000,0.000,0.000
[WARNING] [stderr] 2026-08-10T18:00:43.150-0600	INFO	ForkJoinPool-1-worker-1	stdout	operator_cpu,trino,1/LocalExchangeSinkOperator@243,2,0.011,0.000,0.005,0,20,20,0.000,0.000,0.000
[WARNING] [stderr] 2026-08-10T18:00:43.150-0600	INFO	ForkJoinPool-1-worker-1	stdout	operator_cpu,trino,1/TopNOperator@240,2,0.002,0.089,0.031,0,20,20,0.000,0.083,0.000
[WARNING] [stderr] 2026-08-10T18:00:43.150-0600	INFO	ForkJoinPool-1-worker-1	stdout	operator_cpu,trino,1/LocalExchangeSinkOperator@241,2,0.022,0.000,0.015,0,20,20,0.000,0.000,0.000
[WARNING] [stderr] 2026-08-10T18:00:43.150-0600	INFO	ForkJoinPool-1-worker-1	stdout	operator_cpu,trino,1/TopNOperator@162,2,0.169,161.830,0.019,0,17630976,20,0.000,0.084,0.000
[WARNING] [stderr] 2026-08-10T18:00:43.150-0600	INFO	ForkJoinPool-1-worker-1	stdout	operator_cpu,trino,1/LocalExchangeSinkOperator@267,2,0.499,0.000,0.036,0,21542203,21542203,0.000,0.000,0.000
[WARNING] [stderr] 2026-08-10T18:00:43.150-0600	INFO	ForkJoinPool-1-worker-1	stdout	operator_cpu,trino,1/HashAggregationOperator@9,2,1494.450,129.990,0.189,0,21542203,17630976,0.000,480.421,0.000
[WARNING] [stderr] 2026-08-10T18:00:43.150-0600	INFO	ForkJoinPool-1-worker-1	stdout	operator_cpu,trino,2/TableScanOperator@0,165,0.000,380.300,0.000,99997497,99997497,99997497,0.000,6.000,0.000
[WARNING] [stderr] 2026-08-10T18:00:43.150-0600	INFO	ForkJoinPool-1-worker-1	stdout	operator_cpu,trino,2/PartitionedOutputOperator@271,165,133.420,0.000,0.700,0,21542203,21542203,0.000,0.000,0.000
[WARNING] [stderr] 2026-08-10T18:00:43.150-0600	INFO	ForkJoinPool-1-worker-1	stdout	operator_cpu,trino,2/HashAggregationOperator@271,165,1246.040,190.900,1.799,0,99997497,21542203,0.000,30.034,0.000
[WARNING] [stderr] 2026-08-10T18:00:44.267-0600	INFO	ForkJoinPool-1-worker-1	stdout	operator_cpu,trino,0/ExchangeOperator@187,1,0.000,0.033,0.000,0,20,20,1100.000,0.000,0.000
[WARNING] [stderr] 2026-08-10T18:00:44.267-0600	INFO	ForkJoinPool-1-worker-1	stdout	operator_cpu,trino,0/LocalExchangeSourceOperator@231,1,0.000,0.004,0.000,0,20,20,1100.000,0.000,0.000
[WARNING] [stderr] 2026-08-10T18:00:44.267-0600	INFO	ForkJoinPool-1-worker-1	stdout	operator_cpu,trino,0/TaskOutputOperator@18,1,0.025,0.000,0.001,0,10,10,0.000,0.000,0.000
[WARNING] [stderr] 2026-08-10T18:00:44.267-0600	INFO	ForkJoinPool-1-worker-1	stdout	operator_cpu,trino,0/LocalExchangeSinkOperator@231,1,0.007,0.000,0.008,0,20,20,0.000,0.000,0.000
[WARNING] [stderr] 2026-08-10T18:00:44.267-0600	INFO	ForkJoinPool-1-worker-1	stdout	operator_cpu,trino,0/TopNOperator@163,1,0.001,0.040,0.009,0,20,10,0.000,0.084,0.000
[WARNING] [stderr] 2026-08-10T18:00:44.267-0600	INFO	ForkJoinPool-1-worker-1	stdout	operator_cpu,trino,1/ExchangeOperator@273,2,0.000,28.840,0.000,0,21542203,21542203,418.080,7.935,0.000
[WARNING] [stderr] 2026-08-10T18:00:44.267-0600	INFO	ForkJoinPool-1-worker-1	stdout	operator_cpu,trino,1/LocalExchangeSourceOperator@267,2,0.000,0.734,0.000,0,21542203,21542203,81.340,0.000,0.000
[WARNING] [stderr] 2026-08-10T18:00:44.267-0600	INFO	ForkJoinPool-1-worker-1	stdout	operator_cpu,trino,1/LocalExchangeSourceOperator@241,2,0.000,0.023,0.000,0,20,20,2200.000,0.000,0.000
[WARNING] [stderr] 2026-08-10T18:00:44.267-0600	INFO	ForkJoinPool-1-worker-1	stdout	operator_cpu,trino,1/TaskOutputOperator@242,2,0.100,0.000,0.002,0,20,20,0.000,0.000,0.000
[WARNING] [stderr] 2026-08-10T18:00:44.267-0600	INFO	ForkJoinPool-1-worker-1	stdout	operator_cpu,trino,1/TopNOperator@242,2,0.002,0.057,0.016,0,20,20,0.000,0.083,0.000
[WARNING] [stderr] 2026-08-10T18:00:44.268-0600	INFO	ForkJoinPool-1-worker-1	stdout	operator_cpu,trino,1/LocalExchangeSourceOperator@243,2,0.000,0.013,0.000,0,20,20,2200.000,0.000,0.000
[WARNING] [stderr] 2026-08-10T18:00:44.268-0600	INFO	ForkJoinPool-1-worker-1	stdout	operator_cpu,trino,1/LocalExchangeSinkOperator@243,2,0.009,0.000,0.004,0,20,20,0.000,0.000,0.000
[WARNING] [stderr] 2026-08-10T18:00:44.268-0600	INFO	ForkJoinPool-1-worker-1	stdout	operator_cpu,trino,1/TopNOperator@240,2,0.002,0.079,0.026,0,20,20,0.000,0.083,0.000
[WARNING] [stderr] 2026-08-10T18:00:44.268-0600	INFO	ForkJoinPool-1-worker-1	stdout	operator_cpu,trino,1/LocalExchangeSinkOperator@241,2,0.017,0.000,0.009,0,20,20,0.000,0.000,0.000
[WARNING] [stderr] 2026-08-10T18:00:44.268-0600	INFO	ForkJoinPool-1-worker-1	stdout	operator_cpu,trino,1/TopNOperator@162,2,0.151,160.970,0.011,0,17630976,20,0.000,0.084,0.000
[WARNING] [stderr] 2026-08-10T18:00:44.268-0600	INFO	ForkJoinPool-1-worker-1	stdout	operator_cpu,trino,1/LocalExchangeSinkOperator@267,2,0.506,0.000,0.030,0,21542203,21542203,0.000,0.000,0.000
[WARNING] [stderr] 2026-08-10T18:00:44.268-0600	INFO	ForkJoinPool-1-worker-1	stdout	operator_cpu,trino,1/HashAggregationOperator@9,2,1510.990,130.390,0.151,0,21542203,17630976,0.000,480.334,0.000
[WARNING] [stderr] 2026-08-10T18:00:44.268-0600	INFO	ForkJoinPool-1-worker-1	stdout	operator_cpu,trino,2/TableScanOperator@0,165,0.000,381.330,0.000,99997497,99997497,99997497,0.000,6.000,0.000
[WARNING] [stderr] 2026-08-10T18:00:44.268-0600	INFO	ForkJoinPool-1-worker-1	stdout	operator_cpu,trino,2/PartitionedOutputOperator@271,165,127.750,0.000,0.617,0,21542203,21542203,0.000,0.000,0.000
[WARNING] [stderr] 2026-08-10T18:00:44.268-0600	INFO	ForkJoinPool-1-worker-1	stdout	operator_cpu,trino,2/HashAggregationOperator@271,165,1263.120,189.640,1.713,0,99997497,21542203,0.000,30.034,0.000
[WARNING] [stderr] 2026-08-10T18:00:45.727-0600	INFO	ForkJoinPool-1-worker-1	stdout	operator_cpu,nitro,0/ExchangeOperator@187,1,0.000,0.034,0.000,0,20,20,1440.000,0.000,0.000
[WARNING] [stderr] 2026-08-10T18:00:45.727-0600	INFO	ForkJoinPool-1-worker-1	stdout	operator_cpu,nitro,0/LocalExchangeSourceOperator@231,1,0.000,0.008,0.000,0,20,20,1440.000,0.000,0.000
[WARNING] [stderr] 2026-08-10T18:00:45.727-0600	INFO	ForkJoinPool-1-worker-1	stdout	operator_cpu,nitro,0/TaskOutputOperator@18,1,0.023,0.000,0.001,0,10,10,0.000,0.000,0.000
[WARNING] [stderr] 2026-08-10T18:00:45.727-0600	INFO	ForkJoinPool-1-worker-1	stdout	operator_cpu,nitro,0/LocalExchangeSinkOperator@231,1,0.009,0.000,0.026,0,20,20,0.000,0.000,0.000
[WARNING] [stderr] 2026-08-10T18:00:45.727-0600	INFO	ForkJoinPool-1-worker-1	stdout	operator_cpu,nitro,0/TrinoNitroTopNOperator@163,1,0.093,0.057,0.001,0,20,10,0.000,0.000,0.000
[WARNING] [stderr] 2026-08-10T18:00:45.727-0600	INFO	ForkJoinPool-1-worker-1	stdout	operator_cpu,nitro,1/ExchangeOperator@273,2,0.000,73.440,0.000,0,60315691,60315691,412.620,17.932,0.000
[WARNING] [stderr] 2026-08-10T18:00:45.727-0600	INFO	ForkJoinPool-1-worker-1	stdout	operator_cpu,nitro,1/LocalExchangeSourceOperator@267,2,0.000,3.910,0.000,0,60315691,60315691,68.280,0.000,0.000
[WARNING] [stderr] 2026-08-10T18:00:45.727-0600	INFO	ForkJoinPool-1-worker-1	stdout	operator_cpu,nitro,1/LocalExchangeSourceOperator@241,2,0.000,0.027,0.000,0,20,20,2860.000,0.000,0.000
[WARNING] [stderr] 2026-08-10T18:00:45.727-0600	INFO	ForkJoinPool-1-worker-1	stdout	operator_cpu,nitro,1/TaskOutputOperator@242,2,0.128,0.000,0.003,0,20,20,0.000,0.000,0.000
[WARNING] [stderr] 2026-08-10T18:00:45.727-0600	INFO	ForkJoinPool-1-worker-1	stdout	operator_cpu,nitro,1/TrinoNitroTopNOperator@242,2,0.096,0.077,0.002,0,20,20,0.000,0.000,0.000
[WARNING] [stderr] 2026-08-10T18:00:45.727-0600	INFO	ForkJoinPool-1-worker-1	stdout	operator_cpu,nitro,1/LocalExchangeSourceOperator@243,2,0.000,0.009,0.000,0,20,20,2860.000,0.000,0.000
[WARNING] [stderr] 2026-08-10T18:00:45.727-0600	INFO	ForkJoinPool-1-worker-1	stdout	operator_cpu,nitro,1/LocalExchangeSinkOperator@243,2,0.010,0.000,0.007,0,20,20,0.000,0.000,0.000
[WARNING] [stderr] 2026-08-10T18:00:45.727-0600	INFO	ForkJoinPool-1-worker-1	stdout	operator_cpu,nitro,1/TrinoNitroTopNOperator@240,2,0.165,0.088,0.003,0,20,20,0.000,0.000,0.000
[WARNING] [stderr] 2026-08-10T18:00:45.727-0600	INFO	ForkJoinPool-1-worker-1	stdout	operator_cpu,nitro,1/LocalExchangeSinkOperator@241,2,0.015,0.000,0.013,0,20,20,0.000,0.000,0.000
[WARNING] [stderr] 2026-08-10T18:00:45.727-0600	INFO	ForkJoinPool-1-worker-1	stdout	operator_cpu,nitro,1/LocalExchangeSinkOperator@267,2,1.400,0.000,0.096,0,60315691,60315691,1207.630,0.000,0.000
[WARNING] [stderr] 2026-08-10T18:00:45.727-0600	INFO	ForkJoinPool-1-worker-1	stdout	operator_cpu,nitro,1/TrinoNitroAggregationOperator@9,2,2230.000,284.550,0.003,0,60315691,20,0.000,362.465,0.000
[WARNING] [stderr] 2026-08-10T18:00:45.727-0600	INFO	ForkJoinPool-1-worker-1	stdout	operator_cpu,nitro,2/TrinoNitroAggregationSourceOperator@271,165,0.000,907.120,0.000,99997497,99997497,60315691,0.000,20.038,0.000
[WARNING] [stderr] 2026-08-10T18:00:45.727-0600	INFO	ForkJoinPool-1-worker-1	stdout	operator_cpu,nitro,2/PartitionedOutputOperator@271,165,343.560,0.000,1.516,0,60315691,60315691,1970.000,0.000,0.000
[WARNING] [stderr] 2026-08-10T18:00:45.727-0600	INFO	ForkJoinPool-1-worker-1	stdout	operator_metric,nitro,1/TrinoNitroAggregationOperator@9,nitroBoundaryPageEgressDictionaryChannelPositions,0
[WARNING] [stderr] 2026-08-10T18:00:45.727-0600	INFO	ForkJoinPool-1-worker-1	stdout	operator_metric,nitro,1/TrinoNitroAggregationOperator@9,nitroAggregationInputNanos,2493019363
[WARNING] [stderr] 2026-08-10T18:00:45.727-0600	INFO	ForkJoinPool-1-worker-1	stdout	operator_metric,nitro,1/TrinoNitroAggregationOperator@9,nitroBoundaryPageIngressDictionaryChannelPositions,0
[WARNING] [stderr] 2026-08-10T18:00:45.727-0600	INFO	ForkJoinPool-1-worker-1	stdout	operator_metric,nitro,1/TrinoNitroAggregationOperator@9,nitroBoundaryPageIngressPositions,60315691
[WARNING] [stderr] 2026-08-10T18:00:45.727-0600	INFO	ForkJoinPool-1-worker-1	stdout	operator_metric,nitro,1/TrinoNitroAggregationOperator@9,nitroBoundaryPageIngressBytes,1085682438
[WARNING] [stderr] 2026-08-10T18:00:45.727-0600	INFO	ForkJoinPool-1-worker-1	stdout	operator_metric,nitro,1/TrinoNitroAggregationOperator@9,nitroBoundaryPageEgressPositions,20
[WARNING] [stderr] 2026-08-10T18:00:45.727-0600	INFO	ForkJoinPool-1-worker-1	stdout	operator_metric,nitro,1/TrinoNitroAggregationOperator@9,nitroBoundaryPageEgressBytes,360
[WARNING] [stderr] 2026-08-10T18:00:45.727-0600	INFO	ForkJoinPool-1-worker-1	stdout	operator_metric,nitro,1/TrinoNitroAggregationOperator@9,nitroAggregationFlushNanos,0
[WARNING] [stderr] 2026-08-10T18:00:45.727-0600	INFO	ForkJoinPool-1-worker-1	stdout	operator_metric,nitro,1/TrinoNitroAggregationOperator@9,nitroAggregationFusedNanos,0
[WARNING] [stderr] 2026-08-10T18:00:45.727-0600	INFO	ForkJoinPool-1-worker-1	stdout	operator_metric,nitro,1/TrinoNitroAggregationOperator@9,nitroBoundaryNativeEgressDictionaryChannelPositions,0
[WARNING] [stderr] 2026-08-10T18:00:45.727-0600	INFO	ForkJoinPool-1-worker-1	stdout	operator_metric,nitro,1/TrinoNitroAggregationOperator@9,nitroAggregationAccumulationNanos,300547188
[WARNING] [stderr] 2026-08-10T18:00:45.728-0600	INFO	ForkJoinPool-1-worker-1	stdout	operator_metric,nitro,1/TrinoNitroAggregationOperator@9,nitroAggregationGroupingNanos,2186933444
[WARNING] [stderr] 2026-08-10T18:00:45.728-0600	INFO	ForkJoinPool-1-worker-1	stdout	operator_metric,nitro,1/TrinoNitroAggregationOperator@9,nitroAggregationPipelineNanos,0
[WARNING] [stderr] 2026-08-10T18:00:45.728-0600	INFO	ForkJoinPool-1-worker-1	stdout	operator_metric,nitro,1/TrinoNitroAggregationOperator@9,nitroAggregationOutputNanos,20809
[WARNING] [stderr] 2026-08-10T18:00:45.728-0600	INFO	ForkJoinPool-1-worker-1	stdout	operator_metric,nitro,1/TrinoNitroAggregationOperator@9,nitroAggregationInitialEncodedKeyNanos,0
[WARNING] [stderr] 2026-08-10T18:00:45.728-0600	INFO	ForkJoinPool-1-worker-1	stdout	operator_metric,nitro,1/TrinoNitroAggregationOperator@9,nitroAggregationInitialKeyNanos,0
[WARNING] [stderr] 2026-08-10T18:00:45.728-0600	INFO	ForkJoinPool-1-worker-1	stdout	operator_metric,nitro,1/TrinoNitroAggregationOperator@9,nitroBoundaryPageIngressPages,1572
[WARNING] [stderr] 2026-08-10T18:00:45.728-0600	INFO	ForkJoinPool-1-worker-1	stdout	operator_metric,nitro,1/TrinoNitroAggregationOperator@9,nitroBoundaryPageEgressPages,2
[WARNING] [stderr] 2026-08-10T18:00:45.728-0600	INFO	ForkJoinPool-1-worker-1	stdout	operator_metric,nitro,1/TrinoNitroAggregationOperator@9,nitroBoundaryPageEgressFlatChannelPositions,40
[WARNING] [stderr] 2026-08-10T18:00:45.728-0600	INFO	ForkJoinPool-1-worker-1	stdout	operator_metric,nitro,1/TrinoNitroAggregationOperator@9,nitroBoundaryPageIngressFlatChannelPositions,120631382
[WARNING] [stderr] 2026-08-10T18:00:45.728-0600	INFO	ForkJoinPool-1-worker-1	stdout	operator_metric,nitro,1/TrinoNitroAggregationOperator@9,nitroBoundaryNativeEgressRunLengthChannelPositions,0
[WARNING] [stderr] 2026-08-10T18:00:45.728-0600	INFO	ForkJoinPool-1-worker-1	stdout	operator_metric,nitro,1/TrinoNitroAggregationOperator@9,nitroAggregationStatePreparationNanos,3635377
[WARNING] [stderr] 2026-08-10T18:00:45.728-0600	INFO	ForkJoinPool-1-worker-1	stdout	operator_metric,nitro,1/TrinoNitroAggregationOperator@9,nitroBoundaryNativeEgressFlatChannelPositions,40
[WARNING] [stderr] 2026-08-10T18:00:45.728-0600	INFO	ForkJoinPool-1-worker-1	stdout	operator_metric,nitro,1/TrinoNitroAggregationOperator@9,nitroAggregationInitialFlatKeyNanos,0
[WARNING] [stderr] 2026-08-10T18:00:45.728-0600	INFO	ForkJoinPool-1-worker-1	stdout	operator_metric,nitro,1/TrinoNitroAggregationOperator@9,nitroBoundaryPageIngressRunLengthChannelPositions,0
[WARNING] [stderr] 2026-08-10T18:00:45.728-0600	INFO	ForkJoinPool-1-worker-1	stdout	operator_metric,nitro,1/TrinoNitroAggregationOperator@9,nitroBoundaryPageEgressRunLengthChannelPositions,0
[WARNING] [stderr] 2026-08-10T18:00:45.728-0600	INFO	ForkJoinPool-1-worker-1	stdout	operator_metric,nitro,1/TrinoNitroAggregationOperator@9,nitroAggregationInitialAggregationNanos,0
[WARNING] [stderr] 2026-08-10T18:00:45.728-0600	INFO	ForkJoinPool-1-worker-1	stdout	operator_metric,nitro,2/TrinoNitroAggregationSourceOperator@271,nitroBoundaryNativeExchangeMaximumChannel1Bytes,161240643
[WARNING] [stderr] 2026-08-10T18:00:45.728-0600	INFO	ForkJoinPool-1-worker-1	stdout	operator_metric,nitro,2/TrinoNitroAggregationSourceOperator@271,nitroAggregationOutputNanos,6740640
[WARNING] [stderr] 2026-08-10T18:00:45.728-0600	INFO	ForkJoinPool-1-worker-1	stdout	operator_metric,nitro,2/TrinoNitroAggregationSourceOperator@271,nitroBoundaryNativeExchangeMaximumChannel0Bytes,101777589
[WARNING] [stderr] 2026-08-10T18:00:45.728-0600	INFO	ForkJoinPool-1-worker-1	stdout	operator_metric,nitro,2/TrinoNitroAggregationSourceOperator@271,nitroAggregationInitialAggregationNanos,35952574
[WARNING] [stderr] 2026-08-10T18:00:45.728-0600	INFO	ForkJoinPool-1-worker-1	stdout	operator_metric,nitro,2/TrinoNitroAggregationSourceOperator@271,nitroAggregationInputNanos,1300060686
[WARNING] [stderr] 2026-08-10T18:00:45.728-0600	INFO	ForkJoinPool-1-worker-1	stdout	operator_metric,nitro,2/TrinoNitroAggregationSourceOperator@271,nitroBoundaryNativeExchangeMaximumBatchBytes,262948590
[WARNING] [stderr] 2026-08-10T18:00:45.728-0600	INFO	ForkJoinPool-1-worker-1	stdout	operator_metric,nitro,2/TrinoNitroAggregationSourceOperator@271,nitroAggregationInitialKeyNanos,273751397
[WARNING] [stderr] 2026-08-10T18:00:45.728-0600	INFO	ForkJoinPool-1-worker-1	stdout	operator_metric,nitro,2/TrinoNitroAggregationSourceOperator@271,nitroAggregationInitialEncodedKeyNanos,0
[WARNING] [stderr] 2026-08-10T18:00:45.728-0600	INFO	ForkJoinPool-1-worker-1	stdout	operator_metric,nitro,2/TrinoNitroAggregationSourceOperator@271,nitroBoundaryNativeExchangeBytes,1145215134
[WARNING] [stderr] 2026-08-10T18:00:45.728-0600	INFO	ForkJoinPool-1-worker-1	stdout	operator_metric,nitro,2/TrinoNitroAggregationSourceOperator@271,nitroAggregationFlushNanos,0
[WARNING] [stderr] 2026-08-10T18:00:45.728-0600	INFO	ForkJoinPool-1-worker-1	stdout	operator_metric,nitro,2/TrinoNitroAggregationSourceOperator@271,nitroBoundaryNativeExchangeBatches,5085
[WARNING] [stderr] 2026-08-10T18:00:45.728-0600	INFO	ForkJoinPool-1-worker-1	stdout	operator_metric,nitro,2/TrinoNitroAggregationSourceOperator@271,nitroAggregationGroupingNanos,165406757
[WARNING] [stderr] 2026-08-10T18:00:45.728-0600	INFO	ForkJoinPool-1-worker-1	stdout	operator_metric,nitro,2/TrinoNitroAggregationSourceOperator@271,nitroAggregationAccumulationNanos,8214053
[WARNING] [stderr] 2026-08-10T18:00:45.728-0600	INFO	ForkJoinPool-1-worker-1	stdout	operator_metric,nitro,2/TrinoNitroAggregationSourceOperator@271,nitroBoundaryNativeExchangePositions,60315691
[WARNING] [stderr] 2026-08-10T18:00:45.728-0600	INFO	ForkJoinPool-1-worker-1	stdout	operator_metric,nitro,2/TrinoNitroAggregationSourceOperator@271,nitroAggregationPipelineNanos,0
[WARNING] [stderr] 2026-08-10T18:00:45.728-0600	INFO	ForkJoinPool-1-worker-1	stdout	operator_metric,nitro,2/TrinoNitroAggregationSourceOperator@271,nitroAggregationInitialFlatKeyNanos,273751397
[WARNING] [stderr] 2026-08-10T18:00:45.728-0600	INFO	ForkJoinPool-1-worker-1	stdout	operator_metric,nitro,2/TrinoNitroAggregationSourceOperator@271,nitroAggregationStatePreparationNanos,52950
[WARNING] [stderr] 2026-08-10T18:00:45.728-0600	INFO	ForkJoinPool-1-worker-1	stdout	operator_metric,nitro,2/TrinoNitroAggregationSourceOperator@271,nitroAggregationFusedNanos,628930364
[WARNING] [stderr] 2026-08-10T18:00:47.453-0600	INFO	ForkJoinPool-1-worker-1	stdout	operator_cpu,nitro,0/ExchangeOperator@187,1,0.000,0.032,0.000,0,20,20,1710.000,0.000,0.000
[WARNING] [stderr] 2026-08-10T18:00:47.453-0600	INFO	ForkJoinPool-1-worker-1	stdout	operator_cpu,nitro,0/LocalExchangeSourceOperator@231,1,0.000,0.008,0.000,0,20,20,1710.000,0.000,0.000
[WARNING] [stderr] 2026-08-10T18:00:47.453-0600	INFO	ForkJoinPool-1-worker-1	stdout	operator_cpu,nitro,0/TaskOutputOperator@18,1,0.023,0.000,0.001,0,10,10,0.000,0.000,0.000
[WARNING] [stderr] 2026-08-10T18:00:47.453-0600	INFO	ForkJoinPool-1-worker-1	stdout	operator_cpu,nitro,0/LocalExchangeSinkOperator@231,1,0.013,0.000,0.011,0,20,20,0.000,0.000,0.000
[WARNING] [stderr] 2026-08-10T18:00:47.453-0600	INFO	ForkJoinPool-1-worker-1	stdout	operator_cpu,nitro,0/TrinoNitroTopNOperator@163,1,0.103,0.048,0.001,0,20,10,0.000,0.000,0.000
[WARNING] [stderr] 2026-08-10T18:00:47.453-0600	INFO	ForkJoinPool-1-worker-1	stdout	operator_cpu,nitro,1/ExchangeOperator@273,2,0.000,128.710,0.000,0,99007103,99007103,384.930,18.790,0.000
[WARNING] [stderr] 2026-08-10T18:00:47.453-0600	INFO	ForkJoinPool-1-worker-1	stdout	operator_cpu,nitro,1/LocalExchangeSourceOperator@267,2,0.000,7.510,0.000,0,99007103,99007103,87.110,0.000,0.000
[WARNING] [stderr] 2026-08-10T18:00:47.453-0600	INFO	ForkJoinPool-1-worker-1	stdout	operator_cpu,nitro,1/LocalExchangeSourceOperator@241,2,0.000,0.023,0.000,0,20,20,3410.000,0.000,0.000
[WARNING] [stderr] 2026-08-10T18:00:47.453-0600	INFO	ForkJoinPool-1-worker-1	stdout	operator_cpu,nitro,1/TaskOutputOperator@242,2,0.088,0.000,0.003,0,20,20,0.000,0.000,0.000
[WARNING] [stderr] 2026-08-10T18:00:47.453-0600	INFO	ForkJoinPool-1-worker-1	stdout	operator_cpu,nitro,1/TrinoNitroTopNOperator@242,2,0.085,0.074,0.002,0,20,20,0.000,0.000,0.000
[WARNING] [stderr] 2026-08-10T18:00:47.453-0600	INFO	ForkJoinPool-1-worker-1	stdout	operator_cpu,nitro,1/LocalExchangeSourceOperator@243,2,0.000,0.011,0.000,0,20,20,3400.000,0.000,0.000
[WARNING] [stderr] 2026-08-10T18:00:47.453-0600	INFO	ForkJoinPool-1-worker-1	stdout	operator_cpu,nitro,1/LocalExchangeSinkOperator@243,2,0.011,0.000,0.006,0,20,20,0.000,0.000,0.000
[WARNING] [stderr] 2026-08-10T18:00:47.453-0600	INFO	ForkJoinPool-1-worker-1	stdout	operator_cpu,nitro,1/TrinoNitroTopNOperator@240,2,0.193,0.104,0.003,0,20,20,0.000,0.000,0.000
[WARNING] [stderr] 2026-08-10T18:00:47.453-0600	INFO	ForkJoinPool-1-worker-1	stdout	operator_cpu,nitro,1/LocalExchangeSinkOperator@241,2,0.015,0.000,0.009,0,20,20,0.000,0.000,0.000
[WARNING] [stderr] 2026-08-10T18:00:47.453-0600	INFO	ForkJoinPool-1-worker-1	stdout	operator_cpu,nitro,1/LocalExchangeSinkOperator@267,2,2.420,0.000,0.188,0,99007103,99007103,1596.430,0.000,0.000
[WARNING] [stderr] 2026-08-10T18:00:47.453-0600	INFO	ForkJoinPool-1-worker-1	stdout	operator_cpu,nitro,1/TrinoNitroAggregationOperator@9,2,2730.000,285.530,0.003,0,99007103,20,0.000,363.458,0.000
[WARNING] [stderr] 2026-08-10T18:00:47.453-0600	INFO	ForkJoinPool-1-worker-1	stdout	operator_cpu,nitro,2/TrinoNitroAggregationSourceOperator@271,165,0.000,685.140,0.000,99997497,99997497,99007103,0.000,3.760,0.000
[WARNING] [stderr] 2026-08-10T18:00:47.453-0600	INFO	ForkJoinPool-1-worker-1	stdout	operator_cpu,nitro,2/PartitionedOutputOperator@271,165,603.260,0.000,2.550,0,99007103,99007103,5160.000,0.000,0.000
[WARNING] [stderr] 2026-08-10T18:00:47.453-0600	INFO	ForkJoinPool-1-worker-1	stdout	operator_metric,nitro,1/TrinoNitroAggregationOperator@9,nitroBoundaryPageEgressDictionaryChannelPositions,0
[WARNING] [stderr] 2026-08-10T18:00:47.453-0600	INFO	ForkJoinPool-1-worker-1	stdout	operator_metric,nitro,1/TrinoNitroAggregationOperator@9,nitroAggregationInputNanos,2988440261
[WARNING] [stderr] 2026-08-10T18:00:47.453-0600	INFO	ForkJoinPool-1-worker-1	stdout	operator_metric,nitro,1/TrinoNitroAggregationOperator@9,nitroBoundaryPageIngressDictionaryChannelPositions,0
[WARNING] [stderr] 2026-08-10T18:00:47.453-0600	INFO	ForkJoinPool-1-worker-1	stdout	operator_metric,nitro,1/TrinoNitroAggregationOperator@9,nitroBoundaryPageIngressPositions,99007103
[WARNING] [stderr] 2026-08-10T18:00:47.453-0600	INFO	ForkJoinPool-1-worker-1	stdout	operator_metric,nitro,1/TrinoNitroAggregationOperator@9,nitroBoundaryPageIngressBytes,1782127854
[WARNING] [stderr] 2026-08-10T18:00:47.453-0600	INFO	ForkJoinPool-1-worker-1	stdout	operator_metric,nitro,1/TrinoNitroAggregationOperator@9,nitroBoundaryPageEgressPositions,20
[WARNING] [stderr] 2026-08-10T18:00:47.453-0600	INFO	ForkJoinPool-1-worker-1	stdout	operator_metric,nitro,1/TrinoNitroAggregationOperator@9,nitroBoundaryPageEgressBytes,360
[WARNING] [stderr] 2026-08-10T18:00:47.453-0600	INFO	ForkJoinPool-1-worker-1	stdout	operator_metric,nitro,1/TrinoNitroAggregationOperator@9,nitroAggregationFlushNanos,0
[WARNING] [stderr] 2026-08-10T18:00:47.453-0600	INFO	ForkJoinPool-1-worker-1	stdout	operator_metric,nitro,1/TrinoNitroAggregationOperator@9,nitroAggregationFusedNanos,0
[WARNING] [stderr] 2026-08-10T18:00:47.453-0600	INFO	ForkJoinPool-1-worker-1	stdout	operator_metric,nitro,1/TrinoNitroAggregationOperator@9,nitroBoundaryNativeEgressDictionaryChannelPositions,0
[WARNING] [stderr] 2026-08-10T18:00:47.453-0600	INFO	ForkJoinPool-1-worker-1	stdout	operator_metric,nitro,1/TrinoNitroAggregationOperator@9,nitroAggregationAccumulationNanos,416488268
[WARNING] [stderr] 2026-08-10T18:00:47.453-0600	INFO	ForkJoinPool-1-worker-1	stdout	operator_metric,nitro,1/TrinoNitroAggregationOperator@9,nitroAggregationGroupingNanos,2558395229
[WARNING] [stderr] 2026-08-10T18:00:47.453-0600	INFO	ForkJoinPool-1-worker-1	stdout	operator_metric,nitro,1/TrinoNitroAggregationOperator@9,nitroAggregationPipelineNanos,0
[WARNING] [stderr] 2026-08-10T18:00:47.453-0600	INFO	ForkJoinPool-1-worker-1	stdout	operator_metric,nitro,1/TrinoNitroAggregationOperator@9,nitroAggregationOutputNanos,18415
[WARNING] [stderr] 2026-08-10T18:00:47.453-0600	INFO	ForkJoinPool-1-worker-1	stdout	operator_metric,nitro,1/TrinoNitroAggregationOperator@9,nitroAggregationInitialEncodedKeyNanos,0
[WARNING] [stderr] 2026-08-10T18:00:47.453-0600	INFO	ForkJoinPool-1-worker-1	stdout	operator_metric,nitro,1/TrinoNitroAggregationOperator@9,nitroAggregationInitialKeyNanos,0
[WARNING] [stderr] 2026-08-10T18:00:47.453-0600	INFO	ForkJoinPool-1-worker-1	stdout	operator_metric,nitro,1/TrinoNitroAggregationOperator@9,nitroBoundaryPageIngressPages,2835
[WARNING] [stderr] 2026-08-10T18:00:47.453-0600	INFO	ForkJoinPool-1-worker-1	stdout	operator_metric,nitro,1/TrinoNitroAggregationOperator@9,nitroBoundaryPageEgressPages,2
[WARNING] [stderr] 2026-08-10T18:00:47.453-0600	INFO	ForkJoinPool-1-worker-1	stdout	operator_metric,nitro,1/TrinoNitroAggregationOperator@9,nitroBoundaryPageEgressFlatChannelPositions,40
[WARNING] [stderr] 2026-08-10T18:00:47.453-0600	INFO	ForkJoinPool-1-worker-1	stdout	operator_metric,nitro,1/TrinoNitroAggregationOperator@9,nitroBoundaryPageIngressFlatChannelPositions,198014206
[WARNING] [stderr] 2026-08-10T18:00:47.453-0600	INFO	ForkJoinPool-1-worker-1	stdout	operator_metric,nitro,1/TrinoNitroAggregationOperator@9,nitroBoundaryNativeEgressRunLengthChannelPositions,0
[WARNING] [stderr] 2026-08-10T18:00:47.453-0600	INFO	ForkJoinPool-1-worker-1	stdout	operator_metric,nitro,1/TrinoNitroAggregationOperator@9,nitroAggregationStatePreparationNanos,8632816
[WARNING] [stderr] 2026-08-10T18:00:47.453-0600	INFO	ForkJoinPool-1-worker-1	stdout	operator_metric,nitro,1/TrinoNitroAggregationOperator@9,nitroBoundaryNativeEgressFlatChannelPositions,40
[WARNING] [stderr] 2026-08-10T18:00:47.453-0600	INFO	ForkJoinPool-1-worker-1	stdout	operator_metric,nitro,1/TrinoNitroAggregationOperator@9,nitroAggregationInitialFlatKeyNanos,0
[WARNING] [stderr] 2026-08-10T18:00:47.453-0600	INFO	ForkJoinPool-1-worker-1	stdout	operator_metric,nitro,1/TrinoNitroAggregationOperator@9,nitroBoundaryPageIngressRunLengthChannelPositions,0
[WARNING] [stderr] 2026-08-10T18:00:47.453-0600	INFO	ForkJoinPool-1-worker-1	stdout	operator_metric,nitro,1/TrinoNitroAggregationOperator@9,nitroBoundaryPageEgressRunLengthChannelPositions,0
[WARNING] [stderr] 2026-08-10T18:00:47.453-0600	INFO	ForkJoinPool-1-worker-1	stdout	operator_metric,nitro,1/TrinoNitroAggregationOperator@9,nitroAggregationInitialAggregationNanos,0
[WARNING] [stderr] 2026-08-10T18:00:47.453-0600	INFO	ForkJoinPool-1-worker-1	stdout	operator_metric,nitro,2/TrinoNitroAggregationSourceOperator@271,nitroBoundaryNativeExchangeMaximumChannel1Bytes,18058059
[WARNING] [stderr] 2026-08-10T18:00:47.453-0600	INFO	ForkJoinPool-1-worker-1	stdout	operator_metric,nitro,2/TrinoNitroAggregationSourceOperator@271,nitroAggregationOutputNanos,2705906
[WARNING] [stderr] 2026-08-10T18:00:47.453-0600	INFO	ForkJoinPool-1-worker-1	stdout	operator_metric,nitro,2/TrinoNitroAggregationSourceOperator@271,nitroBoundaryNativeExchangeMaximumChannel0Bytes,15837453
[WARNING] [stderr] 2026-08-10T18:00:47.453-0600	INFO	ForkJoinPool-1-worker-1	stdout	operator_metric,nitro,2/TrinoNitroAggregationSourceOperator@271,nitroAggregationInitialAggregationNanos,146137181
[WARNING] [stderr] 2026-08-10T18:00:47.453-0600	INFO	ForkJoinPool-1-worker-1	stdout	operator_metric,nitro,2/TrinoNitroAggregationSourceOperator@271,nitroAggregationInputNanos,950132322
[WARNING] [stderr] 2026-08-10T18:00:47.453-0600	INFO	ForkJoinPool-1-worker-1	stdout	operator_metric,nitro,2/TrinoNitroAggregationSourceOperator@271,nitroBoundaryNativeExchangeMaximumBatchBytes,33894513
[WARNING] [stderr] 2026-08-10T18:00:47.453-0600	INFO	ForkJoinPool-1-worker-1	stdout	operator_metric,nitro,2/TrinoNitroAggregationSourceOperator@271,nitroAggregationInitialKeyNanos,461951452
[WARNING] [stderr] 2026-08-10T18:00:47.453-0600	INFO	ForkJoinPool-1-worker-1	stdout	operator_metric,nitro,2/TrinoNitroAggregationSourceOperator@271,nitroAggregationInitialEncodedKeyNanos,0
[WARNING] [stderr] 2026-08-10T18:00:47.453-0600	INFO	ForkJoinPool-1-worker-1	stdout	operator_metric,nitro,2/TrinoNitroAggregationSourceOperator@271,nitroBoundaryNativeExchangeBytes,1784349459
[WARNING] [stderr] 2026-08-10T18:00:47.453-0600	INFO	ForkJoinPool-1-worker-1	stdout	operator_metric,nitro,2/TrinoNitroAggregationSourceOperator@271,nitroAggregationFlushNanos,0
[WARNING] [stderr] 2026-08-10T18:00:47.453-0600	INFO	ForkJoinPool-1-worker-1	stdout	operator_metric,nitro,2/TrinoNitroAggregationSourceOperator@271,nitroBoundaryNativeExchangeBatches,9937
[WARNING] [stderr] 2026-08-10T18:00:47.453-0600	INFO	ForkJoinPool-1-worker-1	stdout	operator_metric,nitro,2/TrinoNitroAggregationSourceOperator@271,nitroAggregationAccumulationNanos,43111
[WARNING] [stderr] 2026-08-10T18:00:47.453-0600	INFO	ForkJoinPool-1-worker-1	stdout	operator_metric,nitro,2/TrinoNitroAggregationSourceOperator@271,nitroAggregationGroupingNanos,2275667
[WARNING] [stderr] 2026-08-10T18:00:47.453-0600	INFO	ForkJoinPool-1-worker-1	stdout	operator_metric,nitro,2/TrinoNitroAggregationSourceOperator@271,nitroBoundaryNativeExchangePositions,99007103
[WARNING] [stderr] 2026-08-10T18:00:47.453-0600	INFO	ForkJoinPool-1-worker-1	stdout	operator_metric,nitro,2/TrinoNitroAggregationSourceOperator@271,nitroAggregationPipelineNanos,0
[WARNING] [stderr] 2026-08-10T18:00:47.453-0600	INFO	ForkJoinPool-1-worker-1	stdout	operator_metric,nitro,2/TrinoNitroAggregationSourceOperator@271,nitroAggregationInitialFlatKeyNanos,461951452
[WARNING] [stderr] 2026-08-10T18:00:47.453-0600	INFO	ForkJoinPool-1-worker-1	stdout	operator_metric,nitro,2/TrinoNitroAggregationSourceOperator@271,nitroAggregationStatePreparationNanos,501
[WARNING] [stderr] 2026-08-10T18:00:47.453-0600	INFO	ForkJoinPool-1-worker-1	stdout	operator_metric,nitro,2/TrinoNitroAggregationSourceOperator@271,nitroAggregationFusedNanos,10880773
[WARNING] [stderr] 2026-08-10T18:00:48.650-0600	INFO	ForkJoinPool-1-worker-1	stdout	operator_cpu,trino,0/ExchangeOperator@187,1,0.000,0.040,0.000,0,20,20,1180.000,0.000,0.000
[WARNING] [stderr] 2026-08-10T18:00:48.651-0600	INFO	ForkJoinPool-1-worker-1	stdout	operator_cpu,trino,0/LocalExchangeSourceOperator@231,1,0.000,0.004,0.000,0,20,20,1180.000,0.000,0.000
[WARNING] [stderr] 2026-08-10T18:00:48.651-0600	INFO	ForkJoinPool-1-worker-1	stdout	operator_cpu,trino,0/TaskOutputOperator@18,1,0.027,0.000,0.001,0,10,10,0.000,0.000,0.000
[WARNING] [stderr] 2026-08-10T18:00:48.651-0600	INFO	ForkJoinPool-1-worker-1	stdout	operator_cpu,trino,0/LocalExchangeSinkOperator@231,1,0.011,0.000,0.010,0,20,20,0.000,0.000,0.000
[WARNING] [stderr] 2026-08-10T18:00:48.651-0600	INFO	ForkJoinPool-1-worker-1	stdout	operator_cpu,trino,0/TopNOperator@163,1,0.002,0.038,0.011,0,20,10,0.000,0.084,0.000
[WARNING] [stderr] 2026-08-10T18:00:48.651-0600	INFO	ForkJoinPool-1-worker-1	stdout	operator_cpu,trino,1/ExchangeOperator@273,2,0.000,28.910,0.000,0,21542203,21542203,437.330,7.414,0.000
[WARNING] [stderr] 2026-08-10T18:00:48.651-0600	INFO	ForkJoinPool-1-worker-1	stdout	operator_cpu,trino,1/LocalExchangeSourceOperator@267,2,0.000,0.710,0.000,0,21542203,21542203,65.180,0.000,0.000
[WARNING] [stderr] 2026-08-10T18:00:48.651-0600	INFO	ForkJoinPool-1-worker-1	stdout	operator_cpu,trino,1/LocalExchangeSourceOperator@241,2,0.000,0.025,0.000,0,20,20,2320.000,0.000,0.000
[WARNING] [stderr] 2026-08-10T18:00:48.651-0600	INFO	ForkJoinPool-1-worker-1	stdout	operator_cpu,trino,1/TaskOutputOperator@242,2,0.115,0.000,0.002,0,20,20,0.000,0.000,0.000
[WARNING] [stderr] 2026-08-10T18:00:48.651-0600	INFO	ForkJoinPool-1-worker-1	stdout	operator_cpu,trino,1/TopNOperator@242,2,0.002,0.050,0.016,0,20,20,0.000,0.083,0.000
[WARNING] [stderr] 2026-08-10T18:00:48.651-0600	INFO	ForkJoinPool-1-worker-1	stdout	operator_cpu,trino,1/LocalExchangeSourceOperator@243,2,0.000,0.012,0.000,0,20,20,2320.000,0.000,0.000
[WARNING] [stderr] 2026-08-10T18:00:48.651-0600	INFO	ForkJoinPool-1-worker-1	stdout	operator_cpu,trino,1/LocalExchangeSinkOperator@243,2,0.009,0.000,0.004,0,20,20,0.000,0.000,0.000
[WARNING] [stderr] 2026-08-10T18:00:48.651-0600	INFO	ForkJoinPool-1-worker-1	stdout	operator_cpu,trino,1/TopNOperator@240,2,0.002,0.079,0.032,0,20,20,0.000,0.083,0.000
[WARNING] [stderr] 2026-08-10T18:00:48.651-0600	INFO	ForkJoinPool-1-worker-1	stdout	operator_cpu,trino,1/LocalExchangeSinkOperator@241,2,0.019,0.000,0.010,0,20,20,0.000,0.000,0.000
[WARNING] [stderr] 2026-08-10T18:00:48.651-0600	INFO	ForkJoinPool-1-worker-1	stdout	operator_cpu,trino,1/TopNOperator@162,2,0.149,161.010,0.012,0,17630976,20,0.000,0.084,0.000
[WARNING] [stderr] 2026-08-10T18:00:48.651-0600	INFO	ForkJoinPool-1-worker-1	stdout	operator_cpu,trino,1/LocalExchangeSinkOperator@267,2,0.479,0.000,0.036,0,21542203,21542203,0.000,0.000,0.000
[WARNING] [stderr] 2026-08-10T18:00:48.651-0600	INFO	ForkJoinPool-1-worker-1	stdout	operator_cpu,trino,1/HashAggregationOperator@9,2,1422.710,129.360,0.165,0,21542203,17630976,0.000,480.359,0.000
[WARNING] [stderr] 2026-08-10T18:00:48.651-0600	INFO	ForkJoinPool-1-worker-1	stdout	operator_cpu,trino,2/TableScanOperator@0,165,0.000,369.790,0.000,99997497,99997497,99997497,0.000,6.000,0.000
[WARNING] [stderr] 2026-08-10T18:00:48.651-0600	INFO	ForkJoinPool-1-worker-1	stdout	operator_cpu,trino,2/PartitionedOutputOperator@271,165,119.860,0.000,0.570,0,21542203,21542203,0.000,0.000,0.000
[WARNING] [stderr] 2026-08-10T18:00:48.651-0600	INFO	ForkJoinPool-1-worker-1	stdout	operator_cpu,trino,2/HashAggregationOperator@271,165,1239.910,187.440,1.769,0,99997497,21542203,0.000,30.034,0.000
[WARNING] [stderr] 2026-08-10T18:00:49.798-0600	INFO	ForkJoinPool-1-worker-1	stdout	operator_cpu,trino,0/ExchangeOperator@187,1,0.000,0.041,0.000,0,20,20,1120.000,0.000,0.000
[WARNING] [stderr] 2026-08-10T18:00:49.798-0600	INFO	ForkJoinPool-1-worker-1	stdout	operator_cpu,trino,0/LocalExchangeSourceOperator@231,1,0.000,0.005,0.000,0,20,20,1040.000,0.000,0.000
[WARNING] [stderr] 2026-08-10T18:00:49.798-0600	INFO	ForkJoinPool-1-worker-1	stdout	operator_cpu,trino,0/TaskOutputOperator@18,1,0.027,0.000,0.001,0,10,10,0.000,0.000,0.000
[WARNING] [stderr] 2026-08-10T18:00:49.798-0600	INFO	ForkJoinPool-1-worker-1	stdout	operator_cpu,trino,0/LocalExchangeSinkOperator@231,1,0.010,0.000,0.010,0,20,20,0.000,0.000,0.000
[WARNING] [stderr] 2026-08-10T18:00:49.798-0600	INFO	ForkJoinPool-1-worker-1	stdout	operator_cpu,trino,0/TopNOperator@163,1,0.002,0.061,0.011,0,20,10,0.000,0.084,0.000
[WARNING] [stderr] 2026-08-10T18:00:49.798-0600	INFO	ForkJoinPool-1-worker-1	stdout	operator_cpu,trino,1/ExchangeOperator@273,2,0.000,27.480,0.000,0,21542203,21542203,407.950,9.922,0.000
[WARNING] [stderr] 2026-08-10T18:00:49.798-0600	INFO	ForkJoinPool-1-worker-1	stdout	operator_cpu,trino,1/LocalExchangeSourceOperator@267,2,0.000,0.683,0.000,0,21542203,21542203,158.420,0.000,0.000
[WARNING] [stderr] 2026-08-10T18:00:49.798-0600	INFO	ForkJoinPool-1-worker-1	stdout	operator_cpu,trino,1/LocalExchangeSourceOperator@241,2,0.000,0.023,0.000,0,20,20,2190.000,0.000,0.000
[WARNING] [stderr] 2026-08-10T18:00:49.798-0600	INFO	ForkJoinPool-1-worker-1	stdout	operator_cpu,trino,1/TaskOutputOperator@242,2,0.087,0.000,0.002,0,20,20,0.000,0.000,0.000
[WARNING] [stderr] 2026-08-10T18:00:49.798-0600	INFO	ForkJoinPool-1-worker-1	stdout	operator_cpu,trino,1/TopNOperator@242,2,0.003,0.069,0.024,0,20,20,0.000,0.083,0.000
[WARNING] [stderr] 2026-08-10T18:00:49.798-0600	INFO	ForkJoinPool-1-worker-1	stdout	operator_cpu,trino,1/LocalExchangeSourceOperator@243,2,0.000,0.017,0.000,0,20,20,2190.000,0.000,0.000
[WARNING] [stderr] 2026-08-10T18:00:49.798-0600	INFO	ForkJoinPool-1-worker-1	stdout	operator_cpu,trino,1/LocalExchangeSinkOperator@243,2,0.014,0.000,0.004,0,20,20,0.000,0.000,0.000
[WARNING] [stderr] 2026-08-10T18:00:49.798-0600	INFO	ForkJoinPool-1-worker-1	stdout	operator_cpu,trino,1/TopNOperator@240,2,0.002,0.063,0.030,0,20,20,0.000,0.083,0.000
[WARNING] [stderr] 2026-08-10T18:00:49.798-0600	INFO	ForkJoinPool-1-worker-1	stdout	operator_cpu,trino,1/LocalExchangeSinkOperator@241,2,0.019,0.000,0.011,0,20,20,0.000,0.000,0.000
[WARNING] [stderr] 2026-08-10T18:00:49.798-0600	INFO	ForkJoinPool-1-worker-1	stdout	operator_cpu,trino,1/TopNOperator@162,2,0.168,160.000,0.013,0,17630976,20,0.000,0.084,0.000
[WARNING] [stderr] 2026-08-10T18:00:49.798-0600	INFO	ForkJoinPool-1-worker-1	stdout	operator_cpu,trino,1/LocalExchangeSinkOperator@267,2,0.495,0.000,0.032,0,21542203,21542203,0.000,0.000,0.000
[WARNING] [stderr] 2026-08-10T18:00:49.798-0600	INFO	ForkJoinPool-1-worker-1	stdout	operator_cpu,trino,1/HashAggregationOperator@9,2,1460.450,133.850,0.182,0,21542203,17630976,0.000,480.460,0.000
[WARNING] [stderr] 2026-08-10T18:00:49.798-0600	INFO	ForkJoinPool-1-worker-1	stdout	operator_cpu,trino,2/TableScanOperator@0,165,0.000,367.190,0.000,99997497,99997497,99997497,0.000,6.000,0.000
[WARNING] [stderr] 2026-08-10T18:00:49.798-0600	INFO	ForkJoinPool-1-worker-1	stdout	operator_cpu,trino,2/PartitionedOutputOperator@271,165,119.900,0.000,0.773,0,21542203,21542203,0.000,0.000,0.000
[WARNING] [stderr] 2026-08-10T18:00:49.798-0600	INFO	ForkJoinPool-1-worker-1	stdout	operator_cpu,trino,2/HashAggregationOperator@271,165,1234.490,185.860,1.699,0,99997497,21542203,0.000,30.034,0.000
[WARNING] [stderr] 2026-08-10T18:00:51.523-0600	INFO	ForkJoinPool-1-worker-1	stdout	operator_cpu,nitro,0/ExchangeOperator@187,1,0.000,0.038,0.000,0,20,20,1710.000,0.000,0.000
[WARNING] [stderr] 2026-08-10T18:00:51.523-0600	INFO	ForkJoinPool-1-worker-1	stdout	operator_cpu,nitro,0/LocalExchangeSourceOperator@231,1,0.000,0.006,0.000,0,20,20,1700.000,0.000,0.000
[WARNING] [stderr] 2026-08-10T18:00:51.523-0600	INFO	ForkJoinPool-1-worker-1	stdout	operator_cpu,nitro,0/TaskOutputOperator@18,1,0.018,0.000,0.001,0,10,10,0.000,0.000,0.000
[WARNING] [stderr] 2026-08-10T18:00:51.523-0600	INFO	ForkJoinPool-1-worker-1	stdout	operator_cpu,nitro,0/LocalExchangeSinkOperator@231,1,0.010,0.000,0.011,0,20,20,0.000,0.000,0.000
[WARNING] [stderr] 2026-08-10T18:00:51.523-0600	INFO	ForkJoinPool-1-worker-1	stdout	operator_cpu,nitro,0/TrinoNitroTopNOperator@163,1,0.099,0.051,0.002,0,20,10,0.000,0.000,0.000
[WARNING] [stderr] 2026-08-10T18:00:51.523-0600	INFO	ForkJoinPool-1-worker-1	stdout	operator_cpu,nitro,1/ExchangeOperator@273,2,0.000,128.260,0.000,0,98905398,98905398,536.350,17.781,0.000
[WARNING] [stderr] 2026-08-10T18:00:51.523-0600	INFO	ForkJoinPool-1-worker-1	stdout	operator_cpu,nitro,1/LocalExchangeSourceOperator@267,2,0.000,7.420,0.000,0,98905398,98905398,29.460,0.000,0.000
[WARNING] [stderr] 2026-08-10T18:00:51.523-0600	INFO	ForkJoinPool-1-worker-1	stdout	operator_cpu,nitro,1/LocalExchangeSourceOperator@241,2,0.000,0.024,0.000,0,20,20,3390.000,0.000,0.000
[WARNING] [stderr] 2026-08-10T18:00:51.523-0600	INFO	ForkJoinPool-1-worker-1	stdout	operator_cpu,nitro,1/TaskOutputOperator@242,2,0.075,0.000,0.003,0,20,20,0.000,0.000,0.000
[WARNING] [stderr] 2026-08-10T18:00:51.523-0600	INFO	ForkJoinPool-1-worker-1	stdout	operator_cpu,nitro,1/TrinoNitroTopNOperator@242,2,0.106,0.085,0.002,0,20,20,0.000,0.000,0.000
[WARNING] [stderr] 2026-08-10T18:00:51.523-0600	INFO	ForkJoinPool-1-worker-1	stdout	operator_cpu,nitro,1/LocalExchangeSourceOperator@243,2,0.000,0.014,0.000,0,20,20,3380.000,0.000,0.000
[WARNING] [stderr] 2026-08-10T18:00:51.523-0600	INFO	ForkJoinPool-1-worker-1	stdout	operator_cpu,nitro,1/LocalExchangeSinkOperator@243,2,0.010,0.000,0.005,0,20,20,0.000,0.000,0.000
[WARNING] [stderr] 2026-08-10T18:00:51.523-0600	INFO	ForkJoinPool-1-worker-1	stdout	operator_cpu,nitro,1/TrinoNitroTopNOperator@240,2,0.173,0.100,0.002,0,20,20,0.000,0.000,0.000
[WARNING] [stderr] 2026-08-10T18:00:51.523-0600	INFO	ForkJoinPool-1-worker-1	stdout	operator_cpu,nitro,1/LocalExchangeSinkOperator@241,2,0.015,0.000,0.008,0,20,20,0.000,0.000,0.000
[WARNING] [stderr] 2026-08-10T18:00:51.523-0600	INFO	ForkJoinPool-1-worker-1	stdout	operator_cpu,nitro,1/LocalExchangeSinkOperator@267,2,2.400,0.000,0.130,0,98905398,98905398,1463.030,0.000,0.000
[WARNING] [stderr] 2026-08-10T18:00:51.523-0600	INFO	ForkJoinPool-1-worker-1	stdout	operator_cpu,nitro,1/TrinoNitroAggregationOperator@9,2,2770.000,294.450,0.003,0,98905398,20,0.000,363.426,0.000
[WARNING] [stderr] 2026-08-10T18:00:51.523-0600	INFO	ForkJoinPool-1-worker-1	stdout	operator_cpu,nitro,2/TrinoNitroAggregationSourceOperator@271,165,0.000,674.960,0.000,99997497,99997497,98905398,0.000,1.994,0.000
[WARNING] [stderr] 2026-08-10T18:00:51.523-0600	INFO	ForkJoinPool-1-worker-1	stdout	operator_cpu,nitro,2/PartitionedOutputOperator@271,165,595.620,0.000,2.170,0,98905398,98905398,5350.000,0.000,0.000
[WARNING] [stderr] 2026-08-10T18:00:51.523-0600	INFO	ForkJoinPool-1-worker-1	stdout	operator_metric,nitro,1/TrinoNitroAggregationOperator@9,nitroBoundaryPageEgressDictionaryChannelPositions,0
[WARNING] [stderr] 2026-08-10T18:00:51.523-0600	INFO	ForkJoinPool-1-worker-1	stdout	operator_metric,nitro,1/TrinoNitroAggregationOperator@9,nitroAggregationInputNanos,3022073367
[WARNING] [stderr] 2026-08-10T18:00:51.523-0600	INFO	ForkJoinPool-1-worker-1	stdout	operator_metric,nitro,1/TrinoNitroAggregationOperator@9,nitroBoundaryPageIngressDictionaryChannelPositions,0
[WARNING] [stderr] 2026-08-10T18:00:51.523-0600	INFO	ForkJoinPool-1-worker-1	stdout	operator_metric,nitro,1/TrinoNitroAggregationOperator@9,nitroBoundaryPageIngressPositions,98905398
[WARNING] [stderr] 2026-08-10T18:00:51.523-0600	INFO	ForkJoinPool-1-worker-1	stdout	operator_metric,nitro,1/TrinoNitroAggregationOperator@9,nitroBoundaryPageIngressBytes,1780297164
[WARNING] [stderr] 2026-08-10T18:00:51.523-0600	INFO	ForkJoinPool-1-worker-1	stdout	operator_metric,nitro,1/TrinoNitroAggregationOperator@9,nitroBoundaryPageEgressPositions,20
[WARNING] [stderr] 2026-08-10T18:00:51.523-0600	INFO	ForkJoinPool-1-worker-1	stdout	operator_metric,nitro,1/TrinoNitroAggregationOperator@9,nitroBoundaryPageEgressBytes,360
[WARNING] [stderr] 2026-08-10T18:00:51.523-0600	INFO	ForkJoinPool-1-worker-1	stdout	operator_metric,nitro,1/TrinoNitroAggregationOperator@9,nitroAggregationFlushNanos,0
[WARNING] [stderr] 2026-08-10T18:00:51.523-0600	INFO	ForkJoinPool-1-worker-1	stdout	operator_metric,nitro,1/TrinoNitroAggregationOperator@9,nitroAggregationFusedNanos,0
[WARNING] [stderr] 2026-08-10T18:00:51.523-0600	INFO	ForkJoinPool-1-worker-1	stdout	operator_metric,nitro,1/TrinoNitroAggregationOperator@9,nitroBoundaryNativeEgressDictionaryChannelPositions,0
[WARNING] [stderr] 2026-08-10T18:00:51.523-0600	INFO	ForkJoinPool-1-worker-1	stdout	operator_metric,nitro,1/TrinoNitroAggregationOperator@9,nitroAggregationAccumulationNanos,408483386
[WARNING] [stderr] 2026-08-10T18:00:51.523-0600	INFO	ForkJoinPool-1-worker-1	stdout	operator_metric,nitro,1/TrinoNitroAggregationOperator@9,nitroAggregationGroupingNanos,2582339037
[WARNING] [stderr] 2026-08-10T18:00:51.523-0600	INFO	ForkJoinPool-1-worker-1	stdout	operator_metric,nitro,1/TrinoNitroAggregationOperator@9,nitroAggregationPipelineNanos,0
[WARNING] [stderr] 2026-08-10T18:00:51.523-0600	INFO	ForkJoinPool-1-worker-1	stdout	operator_metric,nitro,1/TrinoNitroAggregationOperator@9,nitroAggregationOutputNanos,23014
[WARNING] [stderr] 2026-08-10T18:00:51.523-0600	INFO	ForkJoinPool-1-worker-1	stdout	operator_metric,nitro,1/TrinoNitroAggregationOperator@9,nitroAggregationInitialEncodedKeyNanos,0
[WARNING] [stderr] 2026-08-10T18:00:51.523-0600	INFO	ForkJoinPool-1-worker-1	stdout	operator_metric,nitro,1/TrinoNitroAggregationOperator@9,nitroAggregationInitialKeyNanos,0
[WARNING] [stderr] 2026-08-10T18:00:51.523-0600	INFO	ForkJoinPool-1-worker-1	stdout	operator_metric,nitro,1/TrinoNitroAggregationOperator@9,nitroBoundaryPageIngressPages,2833
[WARNING] [stderr] 2026-08-10T18:00:51.523-0600	INFO	ForkJoinPool-1-worker-1	stdout	operator_metric,nitro,1/TrinoNitroAggregationOperator@9,nitroBoundaryPageEgressPages,2
[WARNING] [stderr] 2026-08-10T18:00:51.523-0600	INFO	ForkJoinPool-1-worker-1	stdout	operator_metric,nitro,1/TrinoNitroAggregationOperator@9,nitroBoundaryPageEgressFlatChannelPositions,40
[WARNING] [stderr] 2026-08-10T18:00:51.523-0600	INFO	ForkJoinPool-1-worker-1	stdout	operator_metric,nitro,1/TrinoNitroAggregationOperator@9,nitroBoundaryPageIngressFlatChannelPositions,197810796
[WARNING] [stderr] 2026-08-10T18:00:51.523-0600	INFO	ForkJoinPool-1-worker-1	stdout	operator_metric,nitro,1/TrinoNitroAggregationOperator@9,nitroBoundaryNativeEgressRunLengthChannelPositions,0
[WARNING] [stderr] 2026-08-10T18:00:51.523-0600	INFO	ForkJoinPool-1-worker-1	stdout	operator_metric,nitro,1/TrinoNitroAggregationOperator@9,nitroAggregationStatePreparationNanos,6864180
[WARNING] [stderr] 2026-08-10T18:00:51.523-0600	INFO	ForkJoinPool-1-worker-1	stdout	operator_metric,nitro,1/TrinoNitroAggregationOperator@9,nitroBoundaryNativeEgressFlatChannelPositions,40
[WARNING] [stderr] 2026-08-10T18:00:51.523-0600	INFO	ForkJoinPool-1-worker-1	stdout	operator_metric,nitro,1/TrinoNitroAggregationOperator@9,nitroAggregationInitialFlatKeyNanos,0
[WARNING] [stderr] 2026-08-10T18:00:51.523-0600	INFO	ForkJoinPool-1-worker-1	stdout	operator_metric,nitro,1/TrinoNitroAggregationOperator@9,nitroBoundaryPageIngressRunLengthChannelPositions,0
[WARNING] [stderr] 2026-08-10T18:00:51.523-0600	INFO	ForkJoinPool-1-worker-1	stdout	operator_metric,nitro,1/TrinoNitroAggregationOperator@9,nitroBoundaryPageEgressRunLengthChannelPositions,0
[WARNING] [stderr] 2026-08-10T18:00:51.523-0600	INFO	ForkJoinPool-1-worker-1	stdout	operator_metric,nitro,1/TrinoNitroAggregationOperator@9,nitroAggregationInitialAggregationNanos,0
[WARNING] [stderr] 2026-08-10T18:00:51.523-0600	INFO	ForkJoinPool-1-worker-1	stdout	operator_metric,nitro,2/TrinoNitroAggregationSourceOperator@271,nitroBoundaryNativeExchangeMaximumChannel1Bytes,16837389
[WARNING] [stderr] 2026-08-10T18:00:51.523-0600	INFO	ForkJoinPool-1-worker-1	stdout	operator_metric,nitro,2/TrinoNitroAggregationSourceOperator@271,nitroAggregationOutputNanos,2783418
[WARNING] [stderr] 2026-08-10T18:00:51.523-0600	INFO	ForkJoinPool-1-worker-1	stdout	operator_metric,nitro,2/TrinoNitroAggregationSourceOperator@271,nitroBoundaryNativeExchangeMaximumChannel0Bytes,15101109
[WARNING] [stderr] 2026-08-10T18:00:51.523-0600	INFO	ForkJoinPool-1-worker-1	stdout	operator_metric,nitro,2/TrinoNitroAggregationSourceOperator@271,nitroAggregationInitialAggregationNanos,85774763
[WARNING] [stderr] 2026-08-10T18:00:51.523-0600	INFO	ForkJoinPool-1-worker-1	stdout	operator_metric,nitro,2/TrinoNitroAggregationSourceOperator@271,nitroAggregationInputNanos,789357496
[WARNING] [stderr] 2026-08-10T18:00:51.523-0600	INFO	ForkJoinPool-1-worker-1	stdout	operator_metric,nitro,2/TrinoNitroAggregationSourceOperator@271,nitroBoundaryNativeExchangeMaximumBatchBytes,31938498
[WARNING] [stderr] 2026-08-10T18:00:51.523-0600	INFO	ForkJoinPool-1-worker-1	stdout	operator_metric,nitro,2/TrinoNitroAggregationSourceOperator@271,nitroAggregationInitialKeyNanos,472176062
[WARNING] [stderr] 2026-08-10T18:00:51.523-0600	INFO	ForkJoinPool-1-worker-1	stdout	operator_metric,nitro,2/TrinoNitroAggregationSourceOperator@271,nitroAggregationInitialEncodedKeyNanos,0
[WARNING] [stderr] 2026-08-10T18:00:51.523-0600	INFO	ForkJoinPool-1-worker-1	stdout	operator_metric,nitro,2/TrinoNitroAggregationSourceOperator@271,nitroBoundaryNativeExchangeBytes,1782033444
[WARNING] [stderr] 2026-08-10T18:00:51.523-0600	INFO	ForkJoinPool-1-worker-1	stdout	operator_metric,nitro,2/TrinoNitroAggregationSourceOperator@271,nitroAggregationFlushNanos,0
[WARNING] [stderr] 2026-08-10T18:00:51.523-0600	INFO	ForkJoinPool-1-worker-1	stdout	operator_metric,nitro,2/TrinoNitroAggregationSourceOperator@271,nitroBoundaryNativeExchangeBatches,9935
[WARNING] [stderr] 2026-08-10T18:00:51.523-0600	INFO	ForkJoinPool-1-worker-1	stdout	operator_metric,nitro,2/TrinoNitroAggregationSourceOperator@271,nitroAggregationAccumulationNanos,0
[WARNING] [stderr] 2026-08-10T18:00:51.523-0600	INFO	ForkJoinPool-1-worker-1	stdout	operator_metric,nitro,2/TrinoNitroAggregationSourceOperator@271,nitroAggregationGroupingNanos,0
[WARNING] [stderr] 2026-08-10T18:00:51.523-0600	INFO	ForkJoinPool-1-worker-1	stdout	operator_metric,nitro,2/TrinoNitroAggregationSourceOperator@271,nitroBoundaryNativeExchangePositions,98905398
[WARNING] [stderr] 2026-08-10T18:00:51.523-0600	INFO	ForkJoinPool-1-worker-1	stdout	operator_metric,nitro,2/TrinoNitroAggregationSourceOperator@271,nitroAggregationPipelineNanos,0
[WARNING] [stderr] 2026-08-10T18:00:51.523-0600	INFO	ForkJoinPool-1-worker-1	stdout	operator_metric,nitro,2/TrinoNitroAggregationSourceOperator@271,nitroAggregationInitialFlatKeyNanos,472176062
[WARNING] [stderr] 2026-08-10T18:00:51.523-0600	INFO	ForkJoinPool-1-worker-1	stdout	operator_metric,nitro,2/TrinoNitroAggregationSourceOperator@271,nitroAggregationStatePreparationNanos,0
[WARNING] [stderr] 2026-08-10T18:00:51.523-0600	INFO	ForkJoinPool-1-worker-1	stdout	operator_metric,nitro,2/TrinoNitroAggregationSourceOperator@271,nitroAggregationFusedNanos,8790782
[WARNING] [stderr] 2026-08-10T18:00:51.524-0600	INFO	ForkJoinPool-1-worker-1	stdout	nitro,clickbench,q16,5,1442.905,1723.847,2040.971,1678.089,4203.000,4178.800,2.4902,99997497,165,165
[WARNING] [stderr] 2026-08-10T18:00:51.524-0600	INFO	ForkJoinPool-1-worker-1	stdout	allocation,nitro,clickbench,q16,5,11411.906,9892.206
[WARNING] [stderr] 2026-08-10T18:00:51.524-0600	INFO	ForkJoinPool-1-worker-1	stdout	peak_memory,nitro,clickbench,q16,5,548.216,723.969,11802.792,12226.078
[WARNING] [stderr] 2026-08-10T18:00:51.524-0600	INFO	ForkJoinPool-1-worker-1	stdout	trino,clickbench,q16,5,1116.728,1148.757,1433.065,1208.378,3696.000,3699.000,3.0611,99997497,0,0
[WARNING] [stderr] 2026-08-10T18:00:51.524-0600	INFO	ForkJoinPool-1-worker-1	stdout	allocation,trino,clickbench,q16,5,8557.671,8563.383
[WARNING] [stderr] 2026-08-10T18:00:51.524-0600	INFO	ForkJoinPool-1-worker-1	stdout	peak_memory,trino,clickbench,q16,5,660.313,694.578,12012.805,12145.922
[WARNING] [stderr] 2026-08-10T18:00:51.524-0600	INFO	ForkJoinPool-1-worker-1	stdout	nitro_over_trino_p50,1.5006187216674693
[WARNING] [stderr] 2026-08-10T18:00:51.524-0600	INFO	ForkJoinPool-1-worker-1	stdout	nitro_over_trino_cpu_p50,1.1371753246753247
[WARNING] [stderr] 2026-08-10T18:00:51.524-0600	INFO	ForkJoinPool-1-worker-1	stdout	nitro_over_trino_cpu_mean,1.1297107326304408
[INFO] Tests run: 1, Failures: 0, Errors: 0, Skipped: 0, Time elapsed: 116.7 s -- in io.trino.tests.nitro.TestNitroClickBenchQueries
[WARNING] [stderr] 2026-08-10T18:00:51.564-0600	INFO	main	io.trino.testing.containers.junit.ReportLeakedContainers	DockerClientFactory not initialized, so there should be no leaked containers, skipping the check
[INFO] 
[INFO] Results:
[INFO] 
[INFO] Tests run: 1, Failures: 0, Errors: 0, Skipped: 0
[INFO] 
[INFO] ------------------------------------------------------------------------
[INFO] BUILD SUCCESS
[INFO] ------------------------------------------------------------------------
[INFO] Total time:  01:59 min (Wall Clock)
[INFO] Finished at: 2026-08-11T00:00:51Z
[INFO] ------------------------------------------------------------------------
[INFO] Njord session closed

Script done on 2026-08-11 00:00:51+00:00 [COMMAND_EXIT_CODE="0"]
