Script started on 2026-08-11 00:02:36+00:00 [COMMAND="/opt/mvnd/bin/mvnd -Dmaven.gitcommitid.skip=true -Djacoco.skip=true -pl testing/trino-tests -Dair.check.skip-all -DskipTests=false -Dtest=TestNitroClickBenchQueries#testClickBenchPerformance -Dair.test.jvmsize=12g '-Dair.test.jvm.additional-arguments=-XX:G1HeapRegionSize=32M -XX:+UnlockDiagnosticVMOptions --add-modules=jdk.incubator.vector --sun-misc-unsafe-memory-access=allow -Dairlift.quiet=true -XX:-HeapDumpOnOutOfMemoryError' -Dtrino.test.nitro-clickbench-data=/root/data/clickbench -Dtrino.test.nitro-clickbench-queries=/tmp/clickbench-queries-candidate.sql -Dtrino.test.nitro-clickbench-performance=true -Dtrino.test.nitro-clickbench-performance-sweep=true -Dtrino.test.nitro-benchmark-first-query=q16 -Dtrino.test.nitro-benchmark-last-query=q16 -Dtrino.test.nitro-clickbench-engine=both -Dtrino.test.nitro-clickbench-warmups=5 -Dtrino.test.nitro-clickbench-measurements=5 -Dtrino.test.nitro-query-max-memory-per-node=8GB -Dtrino.test.nitro-measure-thread-allocation=true -Dtrino.test.nitro-print-operator-cpu=true -Dtrino.test.nitro-print-operator-cpu-by-plan-node=true test" <not executed on terminal>]
[INFO] Enabling strict checksum verification on all artifact downloads.
[INFO] Processing build on daemon 6a212b4a
[INFO] Scanning for projects...
[INFO] Loaded 0 groupId for remote repository maven-central
[INFO] Loaded 0 groupId for remote repository google-maven-central-copy
[INFO] Njord 0.9.9 session created
[INFO] BuildTimeEventSpy is registered.
[INFO] 
[INFO] Using the SmartBuilder implementation with a thread count of 7
[INFO] 
[INFO] ------------------------< io.trino:trino-tests >------------------------
[INFO] Building trino-tests 484-SNAPSHOT
[INFO]   from pom.xml
[INFO] --------------------------------[ jar ]---------------------------------
[INFO] Downloading from sonatype-nexus-snapshots: https://oss.sonatype.org/content/repositories/snapshots/io/trino/trino-base-jdbc/484-SNAPSHOT/maven-metadata.xml
[INFO] Downloading from sonatype-nexus-snapshots: https://oss.sonatype.org/content/repositories/snapshots/io/trino/trino-blackhole/484-SNAPSHOT/maven-metadata.xml
[INFO] Downloading from sonatype-nexus-snapshots: https://oss.sonatype.org/content/repositories/snapshots/io/trino/trino-benchmark-queries/484-SNAPSHOT/maven-metadata.xml
[INFO] Downloading from sonatype-nexus-snapshots: https://oss.sonatype.org/content/repositories/snapshots/io/trino/trino-hdfs/484-SNAPSHOT/maven-metadata.xml
[INFO] Downloading from sonatype-nexus-snapshots: https://oss.sonatype.org/content/repositories/snapshots/io/trino/trino-iceberg/484-SNAPSHOT/maven-metadata.xml
[INFO] Downloading from sonatype-nexus-snapshots: https://oss.sonatype.org/content/repositories/snapshots/io/trino/trino-jdbc/484-SNAPSHOT/maven-metadata.xml
[INFO] Downloading from sonatype-nexus-snapshots: https://oss.sonatype.org/content/repositories/snapshots/io/trino/trino-hive/484-SNAPSHOT/maven-metadata.xml
[INFO] Downloading from sonatype-nexus-snapshots: https://oss.sonatype.org/content/repositories/snapshots/io/trino/trino-main/484-SNAPSHOT/maven-metadata.xml
[INFO] Downloading from sonatype-nexus-snapshots: https://oss.sonatype.org/content/repositories/snapshots/io/trino/trino-memory/484-SNAPSHOT/maven-metadata.xml
[INFO] Downloading from sonatype-nexus-snapshots: https://oss.sonatype.org/content/repositories/snapshots/io/trino/trino-metastore/484-SNAPSHOT/maven-metadata.xml
[INFO] Downloading from sonatype-nexus-snapshots: https://oss.sonatype.org/content/repositories/snapshots/io/trino/trino-resource-group-managers/484-SNAPSHOT/maven-metadata.xml
[INFO] Downloading from sonatype-nexus-snapshots: https://oss.sonatype.org/content/repositories/snapshots/io/trino/trino-spooling-filesystem/484-SNAPSHOT/maven-metadata.xml
[INFO] Downloading from sonatype-nexus-snapshots: https://oss.sonatype.org/content/repositories/snapshots/io/trino/trino-testing/484-SNAPSHOT/maven-metadata.xml
[INFO] Downloading from sonatype-nexus-snapshots: https://oss.sonatype.org/content/repositories/snapshots/io/trino/trino-testing-containers/484-SNAPSHOT/maven-metadata.xml
[INFO] Downloading from sonatype-nexus-snapshots: https://oss.sonatype.org/content/repositories/snapshots/io/trino/trino-tpcds/484-SNAPSHOT/maven-metadata.xml
[INFO] Downloading from sonatype-nexus-snapshots: https://oss.sonatype.org/content/repositories/snapshots/io/trino/trino-filesystem/484-SNAPSHOT/maven-metadata.xml
[INFO] Downloading from sonatype-nexus-snapshots: https://oss.sonatype.org/content/repositories/snapshots/io/trino/trino-filesystem-manager/484-SNAPSHOT/maven-metadata.xml
[INFO] Downloading from sonatype-nexus-snapshots: https://oss.sonatype.org/content/repositories/snapshots/io/trino/trino-filesystem-s3/484-SNAPSHOT/maven-metadata.xml
[INFO] Downloading from sonatype-nexus-snapshots: https://oss.sonatype.org/content/repositories/snapshots/io/trino/trino-hive-formats/484-SNAPSHOT/maven-metadata.xml
[INFO] Downloading from sonatype-nexus-snapshots: https://oss.sonatype.org/content/repositories/snapshots/io/trino/trino-orc/484-SNAPSHOT/maven-metadata.xml
[INFO] Downloading from sonatype-nexus-snapshots: https://oss.sonatype.org/content/repositories/snapshots/io/trino/trino-parquet/484-SNAPSHOT/maven-metadata.xml
[INFO] Downloading from sonatype-nexus-snapshots: https://oss.sonatype.org/content/repositories/snapshots/org/weakref/nitro-parquet/1-SNAPSHOT/maven-metadata.xml
[INFO] Loaded 0 groupId for remote repository ossrh
[INFO] Downloading from sonatype-nexus-snapshots: https://oss.sonatype.org/content/repositories/snapshots/io/trino/trino-filesystem-azure/484-SNAPSHOT/maven-metadata.xml
[INFO] Downloading from sonatype-nexus-snapshots: https://oss.sonatype.org/content/repositories/snapshots/io/trino/trino-filesystem-gcs/484-SNAPSHOT/maven-metadata.xml
[INFO] Loaded 0 groupId for remote repository repo.gradle.org
[INFO] Downloading from sonatype-nexus-snapshots: https://oss.sonatype.org/content/repositories/snapshots/io/trino/trino-filesystem-cache-alluxio/484-SNAPSHOT/maven-metadata.xml
[INFO] Loaded 0 groupId for remote repository central.maven.org
[INFO] 
[INFO] --- git-commit-id:10.0.0:revision (default) @ trino-tests ---
[INFO] 
[INFO] --- build-helper:3.6.1:bsh-property (surefire-enable-preview) @ trino-tests ---
[INFO] 
[INFO] --- resources:3.5.0:resources (default-resources) @ trino-tests ---
[INFO] skip non existing resourceDirectory /root/notes/trino.nitro/testing/trino-tests/src/main/resources
[INFO] 
[INFO] --- compiler:3.15.0:compile (default-compile) @ trino-tests ---
[INFO] Nothing to compile - all classes are up to date.
[INFO] 
[INFO] --- resources:3.5.0:testResources (default-testResources) @ trino-tests ---
[INFO] Copying 266 resources from src/test/resources to target/test-classes
[INFO] 
[INFO] --- compiler:3.15.0:testCompile (default-testCompile) @ trino-tests ---
[INFO] Nothing to compile - all classes are up to date.
[INFO] 
[INFO] --- modernizer:3.4.0:modernizer (modernizer) @ trino-tests ---
[INFO] Skipping modernizer execution!
[INFO] 
[INFO] --- modernizer:3.4.0:modernizer (modernizer-production-code) @ trino-tests ---
[INFO] Skipping modernizer execution!
[INFO] 
[INFO] --- dependency:3.11.0:analyze-only (default) @ trino-tests ---
[INFO] Skipping plugin execution
[INFO] 
[INFO] --- dependency:3.11.0:analyze-duplicate (default) @ trino-tests ---
[INFO] Skipping plugin execution
[INFO] 
[INFO] --- duplicate-finder:2.0.1:check (default) @ trino-tests ---
[INFO] Skipping duplicate-finder execution!
[INFO] 
[INFO] --- surefire:3.5.6:test (default-test) @ trino-tests ---
[INFO] Tests will run in random order. To reproduce ordering use flag -Dsurefire.runOrder.random.seed=4749441060433005
[INFO] Using auto detected provider org.apache.maven.surefire.junitplatform.JUnitPlatformProvider
[INFO] 
[INFO] -------------------------------------------------------
[INFO]  T E S T S
[INFO] -------------------------------------------------------
[WARNING] [stderr] WARNING: Using incubator modules: jdk.incubator.vector
[WARNING] [stderr] 2026-08-10T18:02:41.235-0600	INFO	ForkJoinPool-1-worker-1	io.airlift.log.Logging	Logging to stderr
[INFO] Running io.trino.tests.nitro.TestNitroClickBenchQueries
[WARNING] [stderr] 2026-08-10T18:02:42.213-0600	INFO	ForkJoinPool-1-worker-1	io.trino.simd.BlockEncodingSimdSupport	Detected SIMD Support for architecture=amd64, vectorBitWidth=512: SimdSupport[capabilities=[COMPRESS_BYTE, EXPAND_BYTE, COMPRESS_SHORT, EXPAND_SHORT, COMPRESS_INT, EXPAND_INT, COMPRESS_LONG, EXPAND_LONG]]
[WARNING] [stderr] WARNING: A restricted method in java.lang.System has been called
[WARNING] [stderr] WARNING: java.lang.System::loadLibrary has been called by com.aayushatharva.brotli4j.Brotli4jLoader in an unnamed module (file:/root/.m2/repository/com/aayushatharva/brotli4j/brotli4j/1.23.0/brotli4j-1.23.0.jar)
[WARNING] [stderr] WARNING: Use --enable-native-access=ALL-UNNAMED to avoid a warning for callers in this module
[WARNING] [stderr] WARNING: Restricted methods will be blocked in a future release unless native access is enabled
[WARNING] [stderr] 
[WARNING] [stderr] 2026-08-10T18:02:43.945-0600	INFO	ForkJoinPool-1-worker-1	io.trino.testing.DistributedQueryRunner	Created DistributedQueryRunner in 2.34s (unclosed instances = 1)
[WARNING] [stderr] 2026-08-10T18:02:45.042-0600	INFO	ForkJoinPool-1-worker-1	io.trino.testing.DistributedQueryRunner	Created DistributedQueryRunner in 517.86ms (unclosed instances = 2)
[WARNING] [stderr] 2026-08-10T18:03:13.413-0600	INFO	Notification Thread	io.airlift.stats.JmxGcMonitor	Major GC: application 0.00s, stopped 238.00ms: 12.19GB -> 5.69GB
[WARNING] [stderr] 2026-08-10T18:03:13.414-0600	INFO	Notification Thread	io.airlift.stats.JmxGcMonitor	Major GC: application 0.00s, stopped 238.00ms: 12.19GB -> 5.69GB
[WARNING] [stderr] 2026-08-10T18:03:13.414-0600	INFO	Notification Thread	io.airlift.stats.JmxGcMonitor	Major GC: application 0.00s, stopped 238.00ms: 12.19GB -> 5.69GB
[WARNING] [stderr] 2026-08-10T18:03:13.414-0600	INFO	Notification Thread	io.airlift.stats.JmxGcMonitor	Major GC: application 0.00s, stopped 238.00ms: 12.19GB -> 5.69GB
[WARNING] [stderr] 2026-08-10T18:03:18.197-0600	INFO	Notification Thread	io.airlift.stats.JmxGcMonitor	Major GC: application 4.44s, stopped 355.00ms: 12.08GB -> 7.01GB
[WARNING] [stderr] 2026-08-10T18:03:18.197-0600	INFO	Notification Thread	io.airlift.stats.JmxGcMonitor	Major GC: application 4.44s, stopped 355.00ms: 12.08GB -> 7.01GB
[WARNING] [stderr] 2026-08-10T18:03:18.197-0600	INFO	Notification Thread	io.airlift.stats.JmxGcMonitor	Major GC: application 4.44s, stopped 355.00ms: 12.08GB -> 7.01GB
[WARNING] [stderr] 2026-08-10T18:03:18.197-0600	INFO	Notification Thread	io.airlift.stats.JmxGcMonitor	Major GC: application 4.44s, stopped 355.00ms: 12.08GB -> 7.01GB
[WARNING] [stderr] 2026-08-10T18:03:22.345-0600	INFO	Notification Thread	io.airlift.stats.JmxGcMonitor	Major GC: application 3.77s, stopped 380.00ms: 12.10GB -> 7.83GB
[WARNING] [stderr] 2026-08-10T18:03:22.346-0600	INFO	Notification Thread	io.airlift.stats.JmxGcMonitor	Major GC: application 3.77s, stopped 380.00ms: 12.10GB -> 7.83GB
[WARNING] [stderr] 2026-08-10T18:03:22.346-0600	INFO	Notification Thread	io.airlift.stats.JmxGcMonitor	Major GC: application 3.77s, stopped 380.00ms: 12.10GB -> 7.83GB
[WARNING] [stderr] 2026-08-10T18:03:22.346-0600	INFO	Notification Thread	io.airlift.stats.JmxGcMonitor	Major GC: application 3.77s, stopped 380.00ms: 12.10GB -> 7.83GB
[WARNING] [stderr] 2026-08-10T18:03:25.600-0600	INFO	Notification Thread	io.airlift.stats.JmxGcMonitor	Major GC: application 2.87s, stopped 390.00ms: 11.97GB -> 7.33GB
[WARNING] [stderr] 2026-08-10T18:03:25.600-0600	INFO	Notification Thread	io.airlift.stats.JmxGcMonitor	Major GC: application 2.87s, stopped 390.00ms: 11.97GB -> 7.33GB
[WARNING] [stderr] 2026-08-10T18:03:25.600-0600	INFO	Notification Thread	io.airlift.stats.JmxGcMonitor	Major GC: application 2.87s, stopped 390.00ms: 11.97GB -> 7.33GB
[WARNING] [stderr] 2026-08-10T18:03:25.600-0600	INFO	Notification Thread	io.airlift.stats.JmxGcMonitor	Major GC: application 2.87s, stopped 390.00ms: 11.97GB -> 7.33GB
[WARNING] [stderr] 2026-08-10T18:03:30.144-0600	INFO	Notification Thread	io.airlift.stats.JmxGcMonitor	Major GC: application 4.16s, stopped 390.00ms: 12.08GB -> 7.94GB
[WARNING] [stderr] 2026-08-10T18:03:30.144-0600	INFO	Notification Thread	io.airlift.stats.JmxGcMonitor	Major GC: application 4.16s, stopped 390.00ms: 12.08GB -> 7.94GB
[WARNING] [stderr] 2026-08-10T18:03:30.144-0600	INFO	Notification Thread	io.airlift.stats.JmxGcMonitor	Major GC: application 4.16s, stopped 390.00ms: 12.08GB -> 7.94GB
[WARNING] [stderr] 2026-08-10T18:03:30.144-0600	INFO	Notification Thread	io.airlift.stats.JmxGcMonitor	Major GC: application 4.16s, stopped 390.00ms: 12.08GB -> 7.94GB
[WARNING] [stderr] 2026-08-10T18:03:32.040-0600	INFO	Notification Thread	io.airlift.stats.JmxGcMonitor	Major GC: application 1.52s, stopped 378.00ms: 11.90GB -> 8.14GB
[WARNING] [stderr] 2026-08-10T18:03:32.040-0600	INFO	Notification Thread	io.airlift.stats.JmxGcMonitor	Major GC: application 1.52s, stopped 378.00ms: 11.90GB -> 8.14GB
[WARNING] [stderr] 2026-08-10T18:03:32.040-0600	INFO	Notification Thread	io.airlift.stats.JmxGcMonitor	Major GC: application 1.52s, stopped 378.00ms: 11.90GB -> 8.14GB
[WARNING] [stderr] 2026-08-10T18:03:32.041-0600	INFO	Notification Thread	io.airlift.stats.JmxGcMonitor	Major GC: application 1.52s, stopped 378.00ms: 11.90GB -> 8.14GB
[WARNING] [stderr] 2026-08-10T18:03:35.079-0600	INFO	Notification Thread	io.airlift.stats.JmxGcMonitor	Major GC: application 2.62s, stopped 421.00ms: 12.02GB -> 8.18GB
[WARNING] [stderr] 2026-08-10T18:03:35.079-0600	INFO	Notification Thread	io.airlift.stats.JmxGcMonitor	Major GC: application 2.62s, stopped 421.00ms: 12.02GB -> 8.18GB
[WARNING] [stderr] 2026-08-10T18:03:35.079-0600	INFO	Notification Thread	io.airlift.stats.JmxGcMonitor	Major GC: application 2.62s, stopped 421.00ms: 12.02GB -> 8.18GB
[WARNING] [stderr] 2026-08-10T18:03:35.082-0600	INFO	Notification Thread	io.airlift.stats.JmxGcMonitor	Major GC: application 2.62s, stopped 421.00ms: 12.02GB -> 8.18GB
[WARNING] [stderr] 2026-08-10T18:03:37.502-0600	INFO	Notification Thread	io.airlift.stats.JmxGcMonitor	Major GC: application 2.09s, stopped 330.00ms: 11.90GB -> 6.85GB
[WARNING] [stderr] 2026-08-10T18:03:37.502-0600	INFO	Notification Thread	io.airlift.stats.JmxGcMonitor	Major GC: application 2.09s, stopped 330.00ms: 11.90GB -> 6.85GB
[WARNING] [stderr] 2026-08-10T18:03:37.502-0600	INFO	Notification Thread	io.airlift.stats.JmxGcMonitor	Major GC: application 2.09s, stopped 330.00ms: 11.90GB -> 6.85GB
[WARNING] [stderr] 2026-08-10T18:03:37.502-0600	INFO	Notification Thread	io.airlift.stats.JmxGcMonitor	Major GC: application 2.09s, stopped 330.00ms: 11.90GB -> 6.85GB
[WARNING] [stderr] 2026-08-10T18:03:42.578-0600	INFO	Notification Thread	io.airlift.stats.JmxGcMonitor	Major GC: application 4.69s, stopped 390.00ms: 12.08GB -> 7.34GB
[WARNING] [stderr] 2026-08-10T18:03:42.578-0600	INFO	Notification Thread	io.airlift.stats.JmxGcMonitor	Major GC: application 4.69s, stopped 390.00ms: 12.08GB -> 7.34GB
[WARNING] [stderr] 2026-08-10T18:03:42.578-0600	INFO	Notification Thread	io.airlift.stats.JmxGcMonitor	Major GC: application 4.69s, stopped 390.00ms: 12.08GB -> 7.34GB
[WARNING] [stderr] 2026-08-10T18:03:42.578-0600	INFO	Notification Thread	io.airlift.stats.JmxGcMonitor	Major GC: application 4.69s, stopped 390.00ms: 12.08GB -> 7.34GB
[WARNING] [stderr] 2026-08-10T18:03:45.637-0600	INFO	Notification Thread	io.airlift.stats.JmxGcMonitor	Major GC: application 2.68s, stopped 379.00ms: 11.99GB -> 8.12GB
[WARNING] [stderr] 2026-08-10T18:03:45.637-0600	INFO	Notification Thread	io.airlift.stats.JmxGcMonitor	Major GC: application 2.68s, stopped 379.00ms: 11.99GB -> 8.12GB
[WARNING] [stderr] 2026-08-10T18:03:45.637-0600	INFO	Notification Thread	io.airlift.stats.JmxGcMonitor	Major GC: application 2.68s, stopped 379.00ms: 11.99GB -> 8.12GB
[WARNING] [stderr] 2026-08-10T18:03:45.637-0600	INFO	Notification Thread	io.airlift.stats.JmxGcMonitor	Major GC: application 2.68s, stopped 379.00ms: 11.99GB -> 8.12GB
[WARNING] [stderr] 2026-08-10T18:03:49.788-0600	INFO	Notification Thread	io.airlift.stats.JmxGcMonitor	Major GC: application 3.80s, stopped 352.00ms: 12.11GB -> 7.09GB
[WARNING] [stderr] 2026-08-10T18:03:49.788-0600	INFO	Notification Thread	io.airlift.stats.JmxGcMonitor	Major GC: application 3.80s, stopped 352.00ms: 12.11GB -> 7.09GB
[WARNING] [stderr] 2026-08-10T18:03:49.788-0600	INFO	Notification Thread	io.airlift.stats.JmxGcMonitor	Major GC: application 3.80s, stopped 352.00ms: 12.11GB -> 7.09GB
[WARNING] [stderr] 2026-08-10T18:03:49.788-0600	INFO	Notification Thread	io.airlift.stats.JmxGcMonitor	Major GC: application 3.80s, stopped 352.00ms: 12.11GB -> 7.09GB
[WARNING] [stderr] 2026-08-10T18:04:01.247-0600	INFO	ForkJoinPool-1-worker-1	stdout	engine,suite,query,measurements,min_ms,p50_ms,p95_ms,mean_ms,cpu_p50_ms,cpu_mean_ms,cpu_over_wall,input_positions,nitro_source_drivers,native_sources
[WARNING] [stderr] 2026-08-10T18:04:20.389-0600	INFO	ForkJoinPool-1-worker-1	stdout	operator_cpu,trino,0/ExchangeOperator@187,1,0.000,0.056,0.000,0,20,20,1150.000,0.000,0.000
[WARNING] [stderr] 2026-08-10T18:04:20.390-0600	INFO	ForkJoinPool-1-worker-1	stdout	operator_cpu,trino,0/LocalExchangeSourceOperator@231,1,0.000,0.006,0.000,0,20,20,1150.000,0.000,0.000
[WARNING] [stderr] 2026-08-10T18:04:20.390-0600	INFO	ForkJoinPool-1-worker-1	stdout	operator_cpu,trino,0/TaskOutputOperator@18,1,0.031,0.000,0.001,0,10,10,0.000,0.000,0.000
[WARNING] [stderr] 2026-08-10T18:04:20.390-0600	INFO	ForkJoinPool-1-worker-1	stdout	operator_cpu,trino,0/LocalExchangeSinkOperator@231,1,0.012,0.000,0.008,0,20,20,0.000,0.000,0.000
[WARNING] [stderr] 2026-08-10T18:04:20.390-0600	INFO	ForkJoinPool-1-worker-1	stdout	operator_cpu,trino,0/TopNOperator@163,1,0.001,0.063,0.012,0,20,10,0.000,0.084,0.000
[WARNING] [stderr] 2026-08-10T18:04:20.390-0600	INFO	ForkJoinPool-1-worker-1	stdout	operator_cpu,trino,1/ExchangeOperator@273,2,0.000,30.500,0.000,0,21542203,21542203,354.700,9.338,0.000
[WARNING] [stderr] 2026-08-10T18:04:20.390-0600	INFO	ForkJoinPool-1-worker-1	stdout	operator_cpu,trino,1/LocalExchangeSourceOperator@267,2,0.000,0.914,0.000,0,21542203,21542203,53.370,0.000,0.000
[WARNING] [stderr] 2026-08-10T18:04:20.390-0600	INFO	ForkJoinPool-1-worker-1	stdout	operator_cpu,trino,1/LocalExchangeSourceOperator@241,2,0.000,0.025,0.000,0,20,20,2310.000,0.000,0.000
[WARNING] [stderr] 2026-08-10T18:04:20.390-0600	INFO	ForkJoinPool-1-worker-1	stdout	operator_cpu,trino,1/TaskOutputOperator@242,2,0.158,0.000,0.004,0,20,20,0.000,0.000,0.000
[WARNING] [stderr] 2026-08-10T18:04:20.390-0600	INFO	ForkJoinPool-1-worker-1	stdout	operator_cpu,trino,1/TopNOperator@242,2,0.002,0.073,0.016,0,20,20,0.000,0.083,0.000
[WARNING] [stderr] 2026-08-10T18:04:20.390-0600	INFO	ForkJoinPool-1-worker-1	stdout	operator_cpu,trino,1/LocalExchangeSourceOperator@243,2,0.000,0.015,0.000,0,20,20,2310.000,0.000,0.000
[WARNING] [stderr] 2026-08-10T18:04:20.390-0600	INFO	ForkJoinPool-1-worker-1	stdout	operator_cpu,trino,1/LocalExchangeSinkOperator@243,2,0.015,0.000,0.005,0,20,20,0.000,0.000,0.000
[WARNING] [stderr] 2026-08-10T18:04:20.390-0600	INFO	ForkJoinPool-1-worker-1	stdout	operator_cpu,trino,1/TopNOperator@240,2,0.002,0.103,0.023,0,20,20,0.000,0.083,0.000
[WARNING] [stderr] 2026-08-10T18:04:20.390-0600	INFO	ForkJoinPool-1-worker-1	stdout	operator_cpu,trino,1/LocalExchangeSinkOperator@241,2,0.030,0.000,0.011,0,20,20,0.000,0.000,0.000
[WARNING] [stderr] 2026-08-10T18:04:20.390-0600	INFO	ForkJoinPool-1-worker-1	stdout	operator_cpu,trino,1/TopNOperator@162,2,0.160,157.020,0.014,0,17630976,20,0.000,0.084,0.000
[WARNING] [stderr] 2026-08-10T18:04:20.390-0600	INFO	ForkJoinPool-1-worker-1	stdout	operator_cpu,trino,1/LocalExchangeSinkOperator@267,2,0.763,0.000,0.023,0,21542203,21542203,0.000,0.000,0.000
[WARNING] [stderr] 2026-08-10T18:04:20.391-0600	INFO	ForkJoinPool-1-worker-1	stdout	operator_cpu,trino,1/HashAggregationOperator@9,2,1634.340,126.200,0.159,0,21542203,17630976,0.000,480.340,0.000
[WARNING] [stderr] 2026-08-10T18:04:20.391-0600	INFO	ForkJoinPool-1-worker-1	stdout	operator_cpu,trino,2/TableScanOperator@0,165,0.000,377.540,0.000,99997497,99997497,99997497,0.000,6.000,0.000
[WARNING] [stderr] 2026-08-10T18:04:20.391-0600	INFO	ForkJoinPool-1-worker-1	stdout	operator_cpu,trino,2/PartitionedOutputOperator@271,165,126.410,0.000,1.155,0,21542203,21542203,0.000,0.000,0.000
[WARNING] [stderr] 2026-08-10T18:04:20.391-0600	INFO	ForkJoinPool-1-worker-1	stdout	operator_cpu,trino,2/HashAggregationOperator@271,165,1220.950,179.850,1.616,0,99997497,21542203,0.000,30.034,0.000
[WARNING] [stderr] 2026-08-10T18:04:21.506-0600	INFO	ForkJoinPool-1-worker-1	stdout	operator_cpu,nitro,0/ExchangeOperator@187,1,0.000,0.032,0.000,0,20,20,1090.000,0.000,0.000
[WARNING] [stderr] 2026-08-10T18:04:21.506-0600	INFO	ForkJoinPool-1-worker-1	stdout	operator_cpu,nitro,0/LocalExchangeSourceOperator@231,1,0.000,0.008,0.000,0,20,20,1090.000,0.000,0.000
[WARNING] [stderr] 2026-08-10T18:04:21.506-0600	INFO	ForkJoinPool-1-worker-1	stdout	operator_cpu,nitro,0/TaskOutputOperator@18,1,0.036,0.000,0.001,0,10,10,0.000,0.000,0.000
[WARNING] [stderr] 2026-08-10T18:04:21.506-0600	INFO	ForkJoinPool-1-worker-1	stdout	operator_cpu,nitro,0/LocalExchangeSinkOperator@231,1,0.011,0.000,0.009,0,20,20,0.000,0.000,0.000
[WARNING] [stderr] 2026-08-10T18:04:21.506-0600	INFO	ForkJoinPool-1-worker-1	stdout	operator_cpu,nitro,0/TrinoNitroTopNOperator@163,1,0.108,0.060,0.002,0,20,10,0.000,0.000,0.000
[WARNING] [stderr] 2026-08-10T18:04:21.506-0600	INFO	ForkJoinPool-1-worker-1	stdout	operator_cpu,nitro,1/ExchangeOperator@273,2,0.000,26.880,0.000,0,21542203,21542203,366.290,9.416,0.000
[WARNING] [stderr] 2026-08-10T18:04:21.507-0600	INFO	ForkJoinPool-1-worker-1	stdout	operator_cpu,nitro,1/LocalExchangeSourceOperator@267,2,0.000,0.700,0.000,0,21542203,21542203,68.970,0.000,0.000
[WARNING] [stderr] 2026-08-10T18:04:21.507-0600	INFO	ForkJoinPool-1-worker-1	stdout	operator_cpu,nitro,1/LocalExchangeSourceOperator@241,2,0.000,0.022,0.000,0,20,20,2170.000,0.000,0.000
[WARNING] [stderr] 2026-08-10T18:04:21.507-0600	INFO	ForkJoinPool-1-worker-1	stdout	operator_cpu,nitro,1/TaskOutputOperator@242,2,0.100,0.000,0.005,0,20,20,0.000,0.000,0.000
[WARNING] [stderr] 2026-08-10T18:04:21.507-0600	INFO	ForkJoinPool-1-worker-1	stdout	operator_cpu,nitro,1/TrinoNitroTopNOperator@242,2,0.121,0.128,0.002,0,20,20,0.000,0.000,0.000
[WARNING] [stderr] 2026-08-10T18:04:21.507-0600	INFO	ForkJoinPool-1-worker-1	stdout	operator_cpu,nitro,1/LocalExchangeSourceOperator@243,2,0.000,0.019,0.000,0,20,20,2180.000,0.000,0.000
[WARNING] [stderr] 2026-08-10T18:04:21.507-0600	INFO	ForkJoinPool-1-worker-1	stdout	operator_cpu,nitro,1/LocalExchangeSinkOperator@243,2,0.014,0.000,0.006,0,20,20,0.000,0.000,0.000
[WARNING] [stderr] 2026-08-10T18:04:21.507-0600	INFO	ForkJoinPool-1-worker-1	stdout	operator_cpu,nitro,1/TrinoNitroTopNOperator@240,2,0.148,0.110,0.002,0,20,20,0.000,0.000,0.000
[WARNING] [stderr] 2026-08-10T18:04:21.507-0600	INFO	ForkJoinPool-1-worker-1	stdout	operator_cpu,nitro,1/LocalExchangeSinkOperator@241,2,0.021,0.000,0.011,0,20,20,0.000,0.000,0.000
[WARNING] [stderr] 2026-08-10T18:04:21.507-0600	INFO	ForkJoinPool-1-worker-1	stdout	operator_cpu,nitro,1/LocalExchangeSinkOperator@267,2,0.634,0.000,0.037,0,21542203,21542203,0.000,0.000,0.000
[WARNING] [stderr] 2026-08-10T18:04:21.507-0600	INFO	ForkJoinPool-1-worker-1	stdout	operator_cpu,nitro,1/TrinoNitroAggregationOperator@9,2,1688.310,307.040,0.003,0,21542203,20,0.000,360.534,0.000
[WARNING] [stderr] 2026-08-10T18:04:21.507-0600	INFO	ForkJoinPool-1-worker-1	stdout	operator_cpu,nitro,2/TrinoNitroAggregationSourceOperator@271,165,0.000,1133.930,0.000,99997497,99997497,21542203,0.000,20.038,0.000
[WARNING] [stderr] 2026-08-10T18:04:21.507-0600	INFO	ForkJoinPool-1-worker-1	stdout	operator_cpu,nitro,2/PartitionedOutputOperator@271,165,118.170,0.000,1.125,0,21542203,21542203,0.000,0.000,0.000
[WARNING] [stderr] 2026-08-10T18:04:21.507-0600	INFO	ForkJoinPool-1-worker-1	stdout	operator_metric,nitro,1/TrinoNitroAggregationOperator@9,nitroBoundaryPageIngressPositions,21542203
[WARNING] [stderr] 2026-08-10T18:04:21.507-0600	INFO	ForkJoinPool-1-worker-1	stdout	operator_metric,nitro,1/TrinoNitroAggregationOperator@9,nitroBoundaryPageIngressDictionaryChannelPositions,0
[WARNING] [stderr] 2026-08-10T18:04:21.507-0600	INFO	ForkJoinPool-1-worker-1	stdout	operator_metric,nitro,1/TrinoNitroAggregationOperator@9,nitroAggregationInputNanos,1779213588
[WARNING] [stderr] 2026-08-10T18:04:21.507-0600	INFO	ForkJoinPool-1-worker-1	stdout	operator_metric,nitro,1/TrinoNitroAggregationOperator@9,nitroBoundaryPageEgressDictionaryChannelPositions,0
[WARNING] [stderr] 2026-08-10T18:04:21.507-0600	INFO	ForkJoinPool-1-worker-1	stdout	operator_metric,nitro,1/TrinoNitroAggregationOperator@9,nitroAggregationInitialAggregationNanos,0
[WARNING] [stderr] 2026-08-10T18:04:21.507-0600	INFO	ForkJoinPool-1-worker-1	stdout	operator_metric,nitro,1/TrinoNitroAggregationOperator@9,nitroBoundaryPageEgressRunLengthChannelPositions,0
[WARNING] [stderr] 2026-08-10T18:04:21.507-0600	INFO	ForkJoinPool-1-worker-1	stdout	operator_metric,nitro,1/TrinoNitroAggregationOperator@9,nitroBoundaryPageIngressRunLengthChannelPositions,0
[WARNING] [stderr] 2026-08-10T18:04:21.507-0600	INFO	ForkJoinPool-1-worker-1	stdout	operator_metric,nitro,1/TrinoNitroAggregationOperator@9,nitroAggregationInitialFlatKeyNanos,0
[WARNING] [stderr] 2026-08-10T18:04:21.507-0600	INFO	ForkJoinPool-1-worker-1	stdout	operator_metric,nitro,1/TrinoNitroAggregationOperator@9,nitroBoundaryNativeEgressFlatChannelPositions,40
[WARNING] [stderr] 2026-08-10T18:04:21.507-0600	INFO	ForkJoinPool-1-worker-1	stdout	operator_metric,nitro,1/TrinoNitroAggregationOperator@9,nitroAggregationStatePreparationNanos,1572668
[WARNING] [stderr] 2026-08-10T18:04:21.507-0600	INFO	ForkJoinPool-1-worker-1	stdout	operator_metric,nitro,1/TrinoNitroAggregationOperator@9,nitroBoundaryNativeEgressRunLengthChannelPositions,0
[WARNING] [stderr] 2026-08-10T18:04:21.507-0600	INFO	ForkJoinPool-1-worker-1	stdout	operator_metric,nitro,1/TrinoNitroAggregationOperator@9,nitroBoundaryPageIngressFlatChannelPositions,43084406
[WARNING] [stderr] 2026-08-10T18:04:21.507-0600	INFO	ForkJoinPool-1-worker-1	stdout	operator_metric,nitro,1/TrinoNitroAggregationOperator@9,nitroBoundaryPageEgressFlatChannelPositions,40
[WARNING] [stderr] 2026-08-10T18:04:21.507-0600	INFO	ForkJoinPool-1-worker-1	stdout	operator_metric,nitro,1/TrinoNitroAggregationOperator@9,nitroBoundaryPageEgressPages,2
[WARNING] [stderr] 2026-08-10T18:04:21.507-0600	INFO	ForkJoinPool-1-worker-1	stdout	operator_metric,nitro,1/TrinoNitroAggregationOperator@9,nitroBoundaryPageIngressPages,304
[WARNING] [stderr] 2026-08-10T18:04:21.507-0600	INFO	ForkJoinPool-1-worker-1	stdout	operator_metric,nitro,1/TrinoNitroAggregationOperator@9,nitroAggregationInitialKeyNanos,0
[WARNING] [stderr] 2026-08-10T18:04:21.507-0600	INFO	ForkJoinPool-1-worker-1	stdout	operator_metric,nitro,1/TrinoNitroAggregationOperator@9,nitroAggregationInitialEncodedKeyNanos,0
[WARNING] [stderr] 2026-08-10T18:04:21.507-0600	INFO	ForkJoinPool-1-worker-1	stdout	operator_metric,nitro,1/TrinoNitroAggregationOperator@9,nitroAggregationOutputNanos,17292
[WARNING] [stderr] 2026-08-10T18:04:21.507-0600	INFO	ForkJoinPool-1-worker-1	stdout	operator_metric,nitro,1/TrinoNitroAggregationOperator@9,nitroAggregationPipelineNanos,0
[WARNING] [stderr] 2026-08-10T18:04:21.508-0600	INFO	ForkJoinPool-1-worker-1	stdout	operator_metric,nitro,1/TrinoNitroAggregationOperator@9,nitroAggregationGroupingNanos,1602715777
[WARNING] [stderr] 2026-08-10T18:04:21.508-0600	INFO	ForkJoinPool-1-worker-1	stdout	operator_metric,nitro,1/TrinoNitroAggregationOperator@9,nitroAggregationAccumulationNanos,174173420
[WARNING] [stderr] 2026-08-10T18:04:21.508-0600	INFO	ForkJoinPool-1-worker-1	stdout	operator_metric,nitro,1/TrinoNitroAggregationOperator@9,nitroBoundaryNativeEgressDictionaryChannelPositions,0
[WARNING] [stderr] 2026-08-10T18:04:21.508-0600	INFO	ForkJoinPool-1-worker-1	stdout	operator_metric,nitro,1/TrinoNitroAggregationOperator@9,nitroAggregationFusedNanos,0
[WARNING] [stderr] 2026-08-10T18:04:21.508-0600	INFO	ForkJoinPool-1-worker-1	stdout	operator_metric,nitro,1/TrinoNitroAggregationOperator@9,nitroBoundaryPageEgressBytes,360
[WARNING] [stderr] 2026-08-10T18:04:21.508-0600	INFO	ForkJoinPool-1-worker-1	stdout	operator_metric,nitro,1/TrinoNitroAggregationOperator@9,nitroAggregationFlushNanos,0
[WARNING] [stderr] 2026-08-10T18:04:21.508-0600	INFO	ForkJoinPool-1-worker-1	stdout	operator_metric,nitro,1/TrinoNitroAggregationOperator@9,nitroBoundaryPageEgressPositions,20
[WARNING] [stderr] 2026-08-10T18:04:21.508-0600	INFO	ForkJoinPool-1-worker-1	stdout	operator_metric,nitro,1/TrinoNitroAggregationOperator@9,nitroBoundaryPageIngressBytes,387759654
[WARNING] [stderr] 2026-08-10T18:04:21.508-0600	INFO	ForkJoinPool-1-worker-1	stdout	operator_metric,nitro,2/TrinoNitroAggregationSourceOperator@271,nitroAggregationOutputNanos,1492927
[WARNING] [stderr] 2026-08-10T18:04:21.508-0600	INFO	ForkJoinPool-1-worker-1	stdout	operator_metric,nitro,2/TrinoNitroAggregationSourceOperator@271,nitroBoundaryNativeExchangeMaximumChannel1Bytes,309262149
[WARNING] [stderr] 2026-08-10T18:04:21.508-0600	INFO	ForkJoinPool-1-worker-1	stdout	operator_metric,nitro,2/TrinoNitroAggregationSourceOperator@271,nitroAggregationFusedNanos,1324597362
[WARNING] [stderr] 2026-08-10T18:04:21.508-0600	INFO	ForkJoinPool-1-worker-1	stdout	operator_metric,nitro,2/TrinoNitroAggregationSourceOperator@271,nitroAggregationStatePreparationNanos,234407
[WARNING] [stderr] 2026-08-10T18:04:21.508-0600	INFO	ForkJoinPool-1-worker-1	stdout	operator_metric,nitro,2/TrinoNitroAggregationSourceOperator@271,nitroAggregationInitialFlatKeyNanos,0
[WARNING] [stderr] 2026-08-10T18:04:21.508-0600	INFO	ForkJoinPool-1-worker-1	stdout	operator_metric,nitro,2/TrinoNitroAggregationSourceOperator@271,nitroAggregationPipelineNanos,0
[WARNING] [stderr] 2026-08-10T18:04:21.508-0600	INFO	ForkJoinPool-1-worker-1	stdout	operator_metric,nitro,2/TrinoNitroAggregationSourceOperator@271,nitroBoundaryNativeExchangePositions,21542203
[WARNING] [stderr] 2026-08-10T18:04:21.508-0600	INFO	ForkJoinPool-1-worker-1	stdout	operator_metric,nitro,2/TrinoNitroAggregationSourceOperator@271,nitroAggregationGroupingNanos,255219403
[WARNING] [stderr] 2026-08-10T18:04:21.508-0600	INFO	ForkJoinPool-1-worker-1	stdout	operator_metric,nitro,2/TrinoNitroAggregationSourceOperator@271,nitroAggregationAccumulationNanos,15747048
[WARNING] [stderr] 2026-08-10T18:04:21.508-0600	INFO	ForkJoinPool-1-worker-1	stdout	operator_metric,nitro,2/TrinoNitroAggregationSourceOperator@271,nitroBoundaryNativeExchangeBatches,157
[WARNING] [stderr] 2026-08-10T18:04:21.508-0600	INFO	ForkJoinPool-1-worker-1	stdout	operator_metric,nitro,2/TrinoNitroAggregationSourceOperator@271,nitroAggregationFlushNanos,0
[WARNING] [stderr] 2026-08-10T18:04:21.508-0600	INFO	ForkJoinPool-1-worker-1	stdout	operator_metric,nitro,2/TrinoNitroAggregationSourceOperator@271,nitroBoundaryNativeExchangeBytes,503141976
[WARNING] [stderr] 2026-08-10T18:04:21.508-0600	INFO	ForkJoinPool-1-worker-1	stdout	operator_metric,nitro,2/TrinoNitroAggregationSourceOperator@271,nitroAggregationInitialEncodedKeyNanos,0
[WARNING] [stderr] 2026-08-10T18:04:21.508-0600	INFO	ForkJoinPool-1-worker-1	stdout	operator_metric,nitro,2/TrinoNitroAggregationSourceOperator@271,nitroAggregationInitialKeyNanos,0
[WARNING] [stderr] 2026-08-10T18:04:21.508-0600	INFO	ForkJoinPool-1-worker-1	stdout	operator_metric,nitro,2/TrinoNitroAggregationSourceOperator@271,nitroBoundaryNativeExchangeMaximumBatchBytes,503141976
[WARNING] [stderr] 2026-08-10T18:04:21.508-0600	INFO	ForkJoinPool-1-worker-1	stdout	operator_metric,nitro,2/TrinoNitroAggregationSourceOperator@271,nitroAggregationInputNanos,1704294408
[WARNING] [stderr] 2026-08-10T18:04:21.508-0600	INFO	ForkJoinPool-1-worker-1	stdout	operator_metric,nitro,2/TrinoNitroAggregationSourceOperator@271,nitroAggregationInitialAggregationNanos,0
[WARNING] [stderr] 2026-08-10T18:04:21.508-0600	INFO	ForkJoinPool-1-worker-1	stdout	operator_metric,nitro,2/TrinoNitroAggregationSourceOperator@271,nitroBoundaryNativeExchangeMaximumChannel0Bytes,193879827
[WARNING] [stderr] 2026-08-10T18:04:22.710-0600	INFO	ForkJoinPool-1-worker-1	stdout	operator_cpu,nitro,0/ExchangeOperator@187,1,0.000,0.033,0.000,0,20,20,1180.000,0.000,0.000
[WARNING] [stderr] 2026-08-10T18:04:22.710-0600	INFO	ForkJoinPool-1-worker-1	stdout	operator_cpu,nitro,0/LocalExchangeSourceOperator@231,1,0.000,0.008,0.000,0,20,20,1180.000,0.000,0.000
[WARNING] [stderr] 2026-08-10T18:04:22.710-0600	INFO	ForkJoinPool-1-worker-1	stdout	operator_cpu,nitro,0/TaskOutputOperator@18,1,0.031,0.000,0.001,0,10,10,0.000,0.000,0.000
[WARNING] [stderr] 2026-08-10T18:04:22.710-0600	INFO	ForkJoinPool-1-worker-1	stdout	operator_cpu,nitro,0/LocalExchangeSinkOperator@231,1,0.011,0.000,0.009,0,20,20,0.000,0.000,0.000
[WARNING] [stderr] 2026-08-10T18:04:22.710-0600	INFO	ForkJoinPool-1-worker-1	stdout	operator_cpu,nitro,0/TrinoNitroTopNOperator@163,1,0.093,0.059,0.003,0,20,10,0.000,0.000,0.000
[WARNING] [stderr] 2026-08-10T18:04:22.710-0600	INFO	ForkJoinPool-1-worker-1	stdout	operator_cpu,nitro,1/ExchangeOperator@273,2,0.000,28.350,0.000,0,21542203,21542203,428.600,8.387,0.000
[WARNING] [stderr] 2026-08-10T18:04:22.710-0600	INFO	ForkJoinPool-1-worker-1	stdout	operator_cpu,nitro,1/LocalExchangeSourceOperator@267,2,0.000,0.554,0.000,0,21542203,21542203,47.800,0.000,0.000
[WARNING] [stderr] 2026-08-10T18:04:22.710-0600	INFO	ForkJoinPool-1-worker-1	stdout	operator_cpu,nitro,1/LocalExchangeSourceOperator@241,2,0.000,0.024,0.000,0,20,20,2320.000,0.000,0.000
[WARNING] [stderr] 2026-08-10T18:04:22.710-0600	INFO	ForkJoinPool-1-worker-1	stdout	operator_cpu,nitro,1/TaskOutputOperator@242,2,0.112,0.000,0.003,0,20,20,0.000,0.000,0.000
[WARNING] [stderr] 2026-08-10T18:04:22.710-0600	INFO	ForkJoinPool-1-worker-1	stdout	operator_cpu,nitro,1/TrinoNitroTopNOperator@242,2,0.110,0.100,0.002,0,20,20,0.000,0.000,0.000
[WARNING] [stderr] 2026-08-10T18:04:22.710-0600	INFO	ForkJoinPool-1-worker-1	stdout	operator_cpu,nitro,1/LocalExchangeSourceOperator@243,2,0.000,0.019,0.000,0,20,20,2320.000,0.000,0.000
[WARNING] [stderr] 2026-08-10T18:04:22.710-0600	INFO	ForkJoinPool-1-worker-1	stdout	operator_cpu,nitro,1/LocalExchangeSinkOperator@243,2,0.013,0.000,0.006,0,20,20,0.000,0.000,0.000
[WARNING] [stderr] 2026-08-10T18:04:22.710-0600	INFO	ForkJoinPool-1-worker-1	stdout	operator_cpu,nitro,1/TrinoNitroTopNOperator@240,2,0.148,0.091,0.002,0,20,20,0.000,0.000,0.000
[WARNING] [stderr] 2026-08-10T18:04:22.710-0600	INFO	ForkJoinPool-1-worker-1	stdout	operator_cpu,nitro,1/LocalExchangeSinkOperator@241,2,0.020,0.000,0.011,0,20,20,0.000,0.000,0.000
[WARNING] [stderr] 2026-08-10T18:04:22.710-0600	INFO	ForkJoinPool-1-worker-1	stdout	operator_cpu,nitro,1/LocalExchangeSinkOperator@267,2,0.658,0.000,0.032,0,21542203,21542203,0.000,0.000,0.000
[WARNING] [stderr] 2026-08-10T18:04:22.710-0600	INFO	ForkJoinPool-1-worker-1	stdout	operator_cpu,nitro,1/TrinoNitroAggregationOperator@9,2,1687.070,273.410,0.003,0,21542203,20,0.000,362.284,0.000
[WARNING] [stderr] 2026-08-10T18:04:22.710-0600	INFO	ForkJoinPool-1-worker-1	stdout	operator_cpu,nitro,2/TrinoNitroAggregationSourceOperator@271,165,0.000,1121.740,0.000,99997497,99997497,21542203,0.000,20.038,0.000
[WARNING] [stderr] 2026-08-10T18:04:22.710-0600	INFO	ForkJoinPool-1-worker-1	stdout	operator_cpu,nitro,2/PartitionedOutputOperator@271,165,116.680,0.000,1.136,0,21542203,21542203,0.000,0.000,0.000
[WARNING] [stderr] 2026-08-10T18:04:22.710-0600	INFO	ForkJoinPool-1-worker-1	stdout	operator_metric,nitro,1/TrinoNitroAggregationOperator@9,nitroBoundaryPageIngressPositions,21542203
[WARNING] [stderr] 2026-08-10T18:04:22.710-0600	INFO	ForkJoinPool-1-worker-1	stdout	operator_metric,nitro,1/TrinoNitroAggregationOperator@9,nitroBoundaryPageIngressDictionaryChannelPositions,0
[WARNING] [stderr] 2026-08-10T18:04:22.710-0600	INFO	ForkJoinPool-1-worker-1	stdout	operator_metric,nitro,1/TrinoNitroAggregationOperator@9,nitroAggregationInputNanos,1970251315
[WARNING] [stderr] 2026-08-10T18:04:22.710-0600	INFO	ForkJoinPool-1-worker-1	stdout	operator_metric,nitro,1/TrinoNitroAggregationOperator@9,nitroBoundaryPageEgressDictionaryChannelPositions,0
[WARNING] [stderr] 2026-08-10T18:04:22.710-0600	INFO	ForkJoinPool-1-worker-1	stdout	operator_metric,nitro,1/TrinoNitroAggregationOperator@9,nitroAggregationInitialAggregationNanos,0
[WARNING] [stderr] 2026-08-10T18:04:22.710-0600	INFO	ForkJoinPool-1-worker-1	stdout	operator_metric,nitro,1/TrinoNitroAggregationOperator@9,nitroBoundaryPageEgressRunLengthChannelPositions,0
[WARNING] [stderr] 2026-08-10T18:04:22.710-0600	INFO	ForkJoinPool-1-worker-1	stdout	operator_metric,nitro,1/TrinoNitroAggregationOperator@9,nitroBoundaryPageIngressRunLengthChannelPositions,0
[WARNING] [stderr] 2026-08-10T18:04:22.710-0600	INFO	ForkJoinPool-1-worker-1	stdout	operator_metric,nitro,1/TrinoNitroAggregationOperator@9,nitroAggregationInitialFlatKeyNanos,0
[WARNING] [stderr] 2026-08-10T18:04:22.711-0600	INFO	ForkJoinPool-1-worker-1	stdout	operator_metric,nitro,1/TrinoNitroAggregationOperator@9,nitroBoundaryNativeEgressFlatChannelPositions,40
[WARNING] [stderr] 2026-08-10T18:04:22.711-0600	INFO	ForkJoinPool-1-worker-1	stdout	operator_metric,nitro,1/TrinoNitroAggregationOperator@9,nitroAggregationStatePreparationNanos,1633017
[WARNING] [stderr] 2026-08-10T18:04:22.711-0600	INFO	ForkJoinPool-1-worker-1	stdout	operator_metric,nitro,1/TrinoNitroAggregationOperator@9,nitroBoundaryNativeEgressRunLengthChannelPositions,0
[WARNING] [stderr] 2026-08-10T18:04:22.711-0600	INFO	ForkJoinPool-1-worker-1	stdout	operator_metric,nitro,1/TrinoNitroAggregationOperator@9,nitroBoundaryPageIngressFlatChannelPositions,43084406
[WARNING] [stderr] 2026-08-10T18:04:22.711-0600	INFO	ForkJoinPool-1-worker-1	stdout	operator_metric,nitro,1/TrinoNitroAggregationOperator@9,nitroBoundaryPageEgressFlatChannelPositions,40
[WARNING] [stderr] 2026-08-10T18:04:22.711-0600	INFO	ForkJoinPool-1-worker-1	stdout	operator_metric,nitro,1/TrinoNitroAggregationOperator@9,nitroBoundaryPageEgressPages,2
[WARNING] [stderr] 2026-08-10T18:04:22.711-0600	INFO	ForkJoinPool-1-worker-1	stdout	operator_metric,nitro,1/TrinoNitroAggregationOperator@9,nitroBoundaryPageIngressPages,298
[WARNING] [stderr] 2026-08-10T18:04:22.711-0600	INFO	ForkJoinPool-1-worker-1	stdout	operator_metric,nitro,1/TrinoNitroAggregationOperator@9,nitroAggregationInitialKeyNanos,0
[WARNING] [stderr] 2026-08-10T18:04:22.711-0600	INFO	ForkJoinPool-1-worker-1	stdout	operator_metric,nitro,1/TrinoNitroAggregationOperator@9,nitroAggregationInitialEncodedKeyNanos,0
[WARNING] [stderr] 2026-08-10T18:04:22.711-0600	INFO	ForkJoinPool-1-worker-1	stdout	operator_metric,nitro,1/TrinoNitroAggregationOperator@9,nitroAggregationOutputNanos,19598
[WARNING] [stderr] 2026-08-10T18:04:22.711-0600	INFO	ForkJoinPool-1-worker-1	stdout	operator_metric,nitro,1/TrinoNitroAggregationOperator@9,nitroAggregationPipelineNanos,0
[WARNING] [stderr] 2026-08-10T18:04:22.711-0600	INFO	ForkJoinPool-1-worker-1	stdout	operator_metric,nitro,1/TrinoNitroAggregationOperator@9,nitroAggregationGroupingNanos,1765855584
[WARNING] [stderr] 2026-08-10T18:04:22.711-0600	INFO	ForkJoinPool-1-worker-1	stdout	operator_metric,nitro,1/TrinoNitroAggregationOperator@9,nitroAggregationAccumulationNanos,202074210
[WARNING] [stderr] 2026-08-10T18:04:22.711-0600	INFO	ForkJoinPool-1-worker-1	stdout	operator_metric,nitro,1/TrinoNitroAggregationOperator@9,nitroBoundaryNativeEgressDictionaryChannelPositions,0
[WARNING] [stderr] 2026-08-10T18:04:22.711-0600	INFO	ForkJoinPool-1-worker-1	stdout	operator_metric,nitro,1/TrinoNitroAggregationOperator@9,nitroAggregationFusedNanos,0
[WARNING] [stderr] 2026-08-10T18:04:22.711-0600	INFO	ForkJoinPool-1-worker-1	stdout	operator_metric,nitro,1/TrinoNitroAggregationOperator@9,nitroBoundaryPageEgressBytes,360
[WARNING] [stderr] 2026-08-10T18:04:22.711-0600	INFO	ForkJoinPool-1-worker-1	stdout	operator_metric,nitro,1/TrinoNitroAggregationOperator@9,nitroAggregationFlushNanos,0
[WARNING] [stderr] 2026-08-10T18:04:22.711-0600	INFO	ForkJoinPool-1-worker-1	stdout	operator_metric,nitro,1/TrinoNitroAggregationOperator@9,nitroBoundaryPageEgressPositions,20
[WARNING] [stderr] 2026-08-10T18:04:22.711-0600	INFO	ForkJoinPool-1-worker-1	stdout	operator_metric,nitro,1/TrinoNitroAggregationOperator@9,nitroBoundaryPageIngressBytes,387759654
[WARNING] [stderr] 2026-08-10T18:04:22.711-0600	INFO	ForkJoinPool-1-worker-1	stdout	operator_metric,nitro,2/TrinoNitroAggregationSourceOperator@271,nitroAggregationOutputNanos,8917907
[WARNING] [stderr] 2026-08-10T18:04:22.711-0600	INFO	ForkJoinPool-1-worker-1	stdout	operator_metric,nitro,2/TrinoNitroAggregationSourceOperator@271,nitroBoundaryNativeExchangeMaximumChannel1Bytes,309262149
[WARNING] [stderr] 2026-08-10T18:04:22.711-0600	INFO	ForkJoinPool-1-worker-1	stdout	operator_metric,nitro,2/TrinoNitroAggregationSourceOperator@271,nitroAggregationFusedNanos,1321006338
[WARNING] [stderr] 2026-08-10T18:04:22.711-0600	INFO	ForkJoinPool-1-worker-1	stdout	operator_metric,nitro,2/TrinoNitroAggregationSourceOperator@271,nitroAggregationStatePreparationNanos,217511
[WARNING] [stderr] 2026-08-10T18:04:22.711-0600	INFO	ForkJoinPool-1-worker-1	stdout	operator_metric,nitro,2/TrinoNitroAggregationSourceOperator@271,nitroAggregationInitialFlatKeyNanos,0
[WARNING] [stderr] 2026-08-10T18:04:22.711-0600	INFO	ForkJoinPool-1-worker-1	stdout	operator_metric,nitro,2/TrinoNitroAggregationSourceOperator@271,nitroAggregationPipelineNanos,0
[WARNING] [stderr] 2026-08-10T18:04:22.711-0600	INFO	ForkJoinPool-1-worker-1	stdout	operator_metric,nitro,2/TrinoNitroAggregationSourceOperator@271,nitroBoundaryNativeExchangePositions,21542203
[WARNING] [stderr] 2026-08-10T18:04:22.711-0600	INFO	ForkJoinPool-1-worker-1	stdout	operator_metric,nitro,2/TrinoNitroAggregationSourceOperator@271,nitroAggregationGroupingNanos,245010052
[WARNING] [stderr] 2026-08-10T18:04:22.711-0600	INFO	ForkJoinPool-1-worker-1	stdout	operator_metric,nitro,2/TrinoNitroAggregationSourceOperator@271,nitroAggregationAccumulationNanos,21288996
[WARNING] [stderr] 2026-08-10T18:04:22.711-0600	INFO	ForkJoinPool-1-worker-1	stdout	operator_metric,nitro,2/TrinoNitroAggregationSourceOperator@271,nitroBoundaryNativeExchangeBatches,157
[WARNING] [stderr] 2026-08-10T18:04:22.711-0600	INFO	ForkJoinPool-1-worker-1	stdout	operator_metric,nitro,2/TrinoNitroAggregationSourceOperator@271,nitroAggregationFlushNanos,0
[WARNING] [stderr] 2026-08-10T18:04:22.711-0600	INFO	ForkJoinPool-1-worker-1	stdout	operator_metric,nitro,2/TrinoNitroAggregationSourceOperator@271,nitroBoundaryNativeExchangeBytes,503141976
[WARNING] [stderr] 2026-08-10T18:04:22.711-0600	INFO	ForkJoinPool-1-worker-1	stdout	operator_metric,nitro,2/TrinoNitroAggregationSourceOperator@271,nitroAggregationInitialEncodedKeyNanos,0
[WARNING] [stderr] 2026-08-10T18:04:22.711-0600	INFO	ForkJoinPool-1-worker-1	stdout	operator_metric,nitro,2/TrinoNitroAggregationSourceOperator@271,nitroAggregationInitialKeyNanos,0
[WARNING] [stderr] 2026-08-10T18:04:22.711-0600	INFO	ForkJoinPool-1-worker-1	stdout	operator_metric,nitro,2/TrinoNitroAggregationSourceOperator@271,nitroBoundaryNativeExchangeMaximumBatchBytes,503141976
[WARNING] [stderr] 2026-08-10T18:04:22.711-0600	INFO	ForkJoinPool-1-worker-1	stdout	operator_metric,nitro,2/TrinoNitroAggregationSourceOperator@271,nitroAggregationInputNanos,1779223191
[WARNING] [stderr] 2026-08-10T18:04:22.711-0600	INFO	ForkJoinPool-1-worker-1	stdout	operator_metric,nitro,2/TrinoNitroAggregationSourceOperator@271,nitroAggregationInitialAggregationNanos,0
[WARNING] [stderr] 2026-08-10T18:04:22.711-0600	INFO	ForkJoinPool-1-worker-1	stdout	operator_metric,nitro,2/TrinoNitroAggregationSourceOperator@271,nitroBoundaryNativeExchangeMaximumChannel0Bytes,193879827
[WARNING] [stderr] 2026-08-10T18:04:23.900-0600	INFO	ForkJoinPool-1-worker-1	stdout	operator_cpu,trino,0/ExchangeOperator@187,1,0.000,0.038,0.000,0,20,20,1170.000,0.000,0.000
[WARNING] [stderr] 2026-08-10T18:04:23.900-0600	INFO	ForkJoinPool-1-worker-1	stdout	operator_cpu,trino,0/LocalExchangeSourceOperator@231,1,0.000,0.005,0.000,0,20,20,1170.000,0.000,0.000
[WARNING] [stderr] 2026-08-10T18:04:23.900-0600	INFO	ForkJoinPool-1-worker-1	stdout	operator_cpu,trino,0/TaskOutputOperator@18,1,0.032,0.000,0.006,0,10,10,0.000,0.000,0.000
[WARNING] [stderr] 2026-08-10T18:04:23.900-0600	INFO	ForkJoinPool-1-worker-1	stdout	operator_cpu,trino,0/LocalExchangeSinkOperator@231,1,0.011,0.000,0.016,0,20,20,0.000,0.000,0.000
[WARNING] [stderr] 2026-08-10T18:04:23.900-0600	INFO	ForkJoinPool-1-worker-1	stdout	operator_cpu,trino,0/TopNOperator@163,1,0.001,0.046,0.009,0,20,10,0.000,0.084,0.000
[WARNING] [stderr] 2026-08-10T18:04:23.900-0600	INFO	ForkJoinPool-1-worker-1	stdout	operator_cpu,trino,1/ExchangeOperator@273,2,0.000,30.320,0.000,0,21542203,21542203,391.450,12.665,0.000
[WARNING] [stderr] 2026-08-10T18:04:23.900-0600	INFO	ForkJoinPool-1-worker-1	stdout	operator_cpu,trino,1/LocalExchangeSourceOperator@267,2,0.000,0.690,0.000,0,21542203,21542203,128.350,0.000,0.000
[WARNING] [stderr] 2026-08-10T18:04:23.900-0600	INFO	ForkJoinPool-1-worker-1	stdout	operator_cpu,trino,1/LocalExchangeSourceOperator@241,2,0.000,0.022,0.000,0,20,20,2320.000,0.000,0.000
[WARNING] [stderr] 2026-08-10T18:04:23.900-0600	INFO	ForkJoinPool-1-worker-1	stdout	operator_cpu,trino,1/TaskOutputOperator@242,2,0.114,0.000,0.007,0,20,20,0.000,0.000,0.000
[WARNING] [stderr] 2026-08-10T18:04:23.900-0600	INFO	ForkJoinPool-1-worker-1	stdout	operator_cpu,trino,1/TopNOperator@242,2,0.002,0.095,0.022,0,20,20,0.000,0.083,0.000
[WARNING] [stderr] 2026-08-10T18:04:23.900-0600	INFO	ForkJoinPool-1-worker-1	stdout	operator_cpu,trino,1/LocalExchangeSourceOperator@243,2,0.000,0.017,0.000,0,20,20,2320.000,0.000,0.000
[WARNING] [stderr] 2026-08-10T18:04:23.901-0600	INFO	ForkJoinPool-1-worker-1	stdout	operator_cpu,trino,1/LocalExchangeSinkOperator@243,2,0.014,0.000,0.005,0,20,20,0.000,0.000,0.000
[WARNING] [stderr] 2026-08-10T18:04:23.901-0600	INFO	ForkJoinPool-1-worker-1	stdout	operator_cpu,trino,1/TopNOperator@240,2,0.002,0.087,0.025,0,20,20,0.000,0.083,0.000
[WARNING] [stderr] 2026-08-10T18:04:23.901-0600	INFO	ForkJoinPool-1-worker-1	stdout	operator_cpu,trino,1/LocalExchangeSinkOperator@241,2,0.022,0.000,0.010,0,20,20,0.000,0.000,0.000
[WARNING] [stderr] 2026-08-10T18:04:23.901-0600	INFO	ForkJoinPool-1-worker-1	stdout	operator_cpu,trino,1/TopNOperator@162,2,0.177,151.530,0.012,0,17630976,20,0.000,0.084,0.000
[WARNING] [stderr] 2026-08-10T18:04:23.901-0600	INFO	ForkJoinPool-1-worker-1	stdout	operator_cpu,trino,1/LocalExchangeSinkOperator@267,2,0.755,0.000,0.040,0,21542203,21542203,0.000,0.000,0.000
[WARNING] [stderr] 2026-08-10T18:04:23.901-0600	INFO	ForkJoinPool-1-worker-1	stdout	operator_cpu,trino,1/HashAggregationOperator@9,2,1618.630,124.310,0.175,0,21542203,17630976,0.000,480.394,0.000
[WARNING] [stderr] 2026-08-10T18:04:23.901-0600	INFO	ForkJoinPool-1-worker-1	stdout	operator_cpu,trino,2/TableScanOperator@0,165,0.000,385.570,0.000,99997497,99997497,99997497,0.000,6.000,0.000
[WARNING] [stderr] 2026-08-10T18:04:23.901-0600	INFO	ForkJoinPool-1-worker-1	stdout	operator_cpu,trino,2/PartitionedOutputOperator@271,165,128.030,0.000,1.021,0,21542203,21542203,0.000,0.000,0.000
[WARNING] [stderr] 2026-08-10T18:04:23.901-0600	INFO	ForkJoinPool-1-worker-1	stdout	operator_cpu,trino,2/HashAggregationOperator@271,165,1236.470,178.940,1.592,0,99997497,21542203,0.000,30.034,0.000
[WARNING] [stderr] 2026-08-10T18:04:25.114-0600	INFO	ForkJoinPool-1-worker-1	stdout	operator_cpu,trino,0/ExchangeOperator@187,1,0.000,0.043,0.000,0,20,20,1190.000,0.000,0.000
[WARNING] [stderr] 2026-08-10T18:04:25.114-0600	INFO	ForkJoinPool-1-worker-1	stdout	operator_cpu,trino,0/LocalExchangeSourceOperator@231,1,0.000,0.006,0.000,0,20,20,1190.000,0.000,0.000
[WARNING] [stderr] 2026-08-10T18:04:25.114-0600	INFO	ForkJoinPool-1-worker-1	stdout	operator_cpu,trino,0/TaskOutputOperator@18,1,0.040,0.000,0.001,0,10,10,0.000,0.000,0.000
[WARNING] [stderr] 2026-08-10T18:04:25.114-0600	INFO	ForkJoinPool-1-worker-1	stdout	operator_cpu,trino,0/LocalExchangeSinkOperator@231,1,0.014,0.000,0.009,0,20,20,0.000,0.000,0.000
[WARNING] [stderr] 2026-08-10T18:04:25.114-0600	INFO	ForkJoinPool-1-worker-1	stdout	operator_cpu,trino,0/TopNOperator@163,1,0.002,0.056,0.011,0,20,10,0.000,0.084,0.000
[WARNING] [stderr] 2026-08-10T18:04:25.114-0600	INFO	ForkJoinPool-1-worker-1	stdout	operator_cpu,trino,1/ExchangeOperator@273,2,0.000,29.470,0.000,0,21542203,21542203,386.170,12.534,0.000
[WARNING] [stderr] 2026-08-10T18:04:25.114-0600	INFO	ForkJoinPool-1-worker-1	stdout	operator_cpu,trino,1/LocalExchangeSourceOperator@267,2,0.000,0.719,0.000,0,21542203,21542203,129.940,0.000,0.000
[WARNING] [stderr] 2026-08-10T18:04:25.114-0600	INFO	ForkJoinPool-1-worker-1	stdout	operator_cpu,trino,1/LocalExchangeSourceOperator@241,2,0.000,0.021,0.000,0,20,20,2340.000,0.000,0.000
[WARNING] [stderr] 2026-08-10T18:04:25.114-0600	INFO	ForkJoinPool-1-worker-1	stdout	operator_cpu,trino,1/TaskOutputOperator@242,2,0.128,0.000,0.003,0,20,20,0.000,0.000,0.000
[WARNING] [stderr] 2026-08-10T18:04:25.114-0600	INFO	ForkJoinPool-1-worker-1	stdout	operator_cpu,trino,1/TopNOperator@242,2,0.002,0.066,0.023,0,20,20,0.000,0.083,0.000
[WARNING] [stderr] 2026-08-10T18:04:25.114-0600	INFO	ForkJoinPool-1-worker-1	stdout	operator_cpu,trino,1/LocalExchangeSourceOperator@243,2,0.000,0.015,0.000,0,20,20,2360.000,0.000,0.000
[WARNING] [stderr] 2026-08-10T18:04:25.114-0600	INFO	ForkJoinPool-1-worker-1	stdout	operator_cpu,trino,1/LocalExchangeSinkOperator@243,2,0.012,0.000,0.005,0,20,20,0.000,0.000,0.000
[WARNING] [stderr] 2026-08-10T18:04:25.114-0600	INFO	ForkJoinPool-1-worker-1	stdout	operator_cpu,trino,1/TopNOperator@240,2,0.002,0.082,0.024,0,20,20,0.000,0.083,0.000
[WARNING] [stderr] 2026-08-10T18:04:25.114-0600	INFO	ForkJoinPool-1-worker-1	stdout	operator_cpu,trino,1/LocalExchangeSinkOperator@241,2,0.021,0.000,0.011,0,20,20,0.000,0.000,0.000
[WARNING] [stderr] 2026-08-10T18:04:25.114-0600	INFO	ForkJoinPool-1-worker-1	stdout	operator_cpu,trino,1/TopNOperator@162,2,0.184,151.580,0.013,0,17630976,20,0.000,0.084,0.000
[WARNING] [stderr] 2026-08-10T18:04:25.114-0600	INFO	ForkJoinPool-1-worker-1	stdout	operator_cpu,trino,1/LocalExchangeSinkOperator@267,2,0.773,0.000,0.045,0,21542203,21542203,0.000,0.000,0.000
[WARNING] [stderr] 2026-08-10T18:04:25.114-0600	INFO	ForkJoinPool-1-worker-1	stdout	operator_cpu,trino,1/HashAggregationOperator@9,2,1609.320,124.460,0.198,0,21542203,17630976,0.000,480.548,0.000
[WARNING] [stderr] 2026-08-10T18:04:25.114-0600	INFO	ForkJoinPool-1-worker-1	stdout	operator_cpu,trino,2/TableScanOperator@0,165,0.000,382.590,0.000,99997497,99997497,99997497,0.000,6.000,0.000
[WARNING] [stderr] 2026-08-10T18:04:25.114-0600	INFO	ForkJoinPool-1-worker-1	stdout	operator_cpu,trino,2/PartitionedOutputOperator@271,165,129.670,0.000,0.987,0,21542203,21542203,0.000,0.000,0.000
[WARNING] [stderr] 2026-08-10T18:04:25.114-0600	INFO	ForkJoinPool-1-worker-1	stdout	operator_cpu,trino,2/HashAggregationOperator@271,165,1234.010,179.900,1.593,0,99997497,21542203,0.000,30.034,0.000
[WARNING] [stderr] 2026-08-10T18:04:26.288-0600	INFO	ForkJoinPool-1-worker-1	stdout	operator_cpu,nitro,0/ExchangeOperator@187,1,0.000,0.032,0.000,0,20,20,1150.000,0.000,0.000
[WARNING] [stderr] 2026-08-10T18:04:26.288-0600	INFO	ForkJoinPool-1-worker-1	stdout	operator_cpu,nitro,0/LocalExchangeSourceOperator@231,1,0.000,0.006,0.000,0,20,20,1150.000,0.000,0.000
[WARNING] [stderr] 2026-08-10T18:04:26.288-0600	INFO	ForkJoinPool-1-worker-1	stdout	operator_cpu,nitro,0/TaskOutputOperator@18,1,0.028,0.000,0.001,0,10,10,0.000,0.000,0.000
[WARNING] [stderr] 2026-08-10T18:04:26.288-0600	INFO	ForkJoinPool-1-worker-1	stdout	operator_cpu,nitro,0/LocalExchangeSinkOperator@231,1,0.014,0.000,0.020,0,20,20,0.000,0.000,0.000
[WARNING] [stderr] 2026-08-10T18:04:26.288-0600	INFO	ForkJoinPool-1-worker-1	stdout	operator_cpu,nitro,0/TrinoNitroTopNOperator@163,1,0.105,0.064,0.003,0,20,10,0.000,0.000,0.000
[WARNING] [stderr] 2026-08-10T18:04:26.288-0600	INFO	ForkJoinPool-1-worker-1	stdout	operator_cpu,nitro,1/ExchangeOperator@273,2,0.000,27.450,0.000,0,21542203,21542203,438.800,10.567,0.000
[WARNING] [stderr] 2026-08-10T18:04:26.288-0600	INFO	ForkJoinPool-1-worker-1	stdout	operator_cpu,nitro,1/LocalExchangeSourceOperator@267,2,0.000,0.501,0.000,0,21542203,21542203,53.510,0.000,0.000
[WARNING] [stderr] 2026-08-10T18:04:26.288-0600	INFO	ForkJoinPool-1-worker-1	stdout	operator_cpu,nitro,1/LocalExchangeSourceOperator@241,2,0.000,0.027,0.000,0,20,20,2250.000,0.000,0.000
[WARNING] [stderr] 2026-08-10T18:04:26.288-0600	INFO	ForkJoinPool-1-worker-1	stdout	operator_cpu,nitro,1/TaskOutputOperator@242,2,0.076,0.000,0.003,0,20,20,0.000,0.000,0.000
[WARNING] [stderr] 2026-08-10T18:04:26.288-0600	INFO	ForkJoinPool-1-worker-1	stdout	operator_cpu,nitro,1/TrinoNitroTopNOperator@242,2,0.116,0.087,0.002,0,20,20,0.000,0.000,0.000
[WARNING] [stderr] 2026-08-10T18:04:26.288-0600	INFO	ForkJoinPool-1-worker-1	stdout	operator_cpu,nitro,1/LocalExchangeSourceOperator@243,2,0.000,0.029,0.000,0,20,20,2250.000,0.000,0.000
[WARNING] [stderr] 2026-08-10T18:04:26.288-0600	INFO	ForkJoinPool-1-worker-1	stdout	operator_cpu,nitro,1/LocalExchangeSinkOperator@243,2,0.013,0.000,0.007,0,20,20,0.000,0.000,0.000
[WARNING] [stderr] 2026-08-10T18:04:26.288-0600	INFO	ForkJoinPool-1-worker-1	stdout	operator_cpu,nitro,1/TrinoNitroTopNOperator@240,2,0.150,0.093,0.002,0,20,20,0.000,0.000,0.000
[WARNING] [stderr] 2026-08-10T18:04:26.288-0600	INFO	ForkJoinPool-1-worker-1	stdout	operator_cpu,nitro,1/LocalExchangeSinkOperator@241,2,0.020,0.000,0.012,0,20,20,0.000,0.000,0.000
[WARNING] [stderr] 2026-08-10T18:04:26.288-0600	INFO	ForkJoinPool-1-worker-1	stdout	operator_cpu,nitro,1/LocalExchangeSinkOperator@267,2,0.611,0.000,0.022,0,21542203,21542203,0.000,0.000,0.000
[WARNING] [stderr] 2026-08-10T18:04:26.288-0600	INFO	ForkJoinPool-1-worker-1	stdout	operator_cpu,nitro,1/TrinoNitroAggregationOperator@9,2,1657.970,280.490,0.003,0,21542203,20,0.000,360.818,0.000
[WARNING] [stderr] 2026-08-10T18:04:26.288-0600	INFO	ForkJoinPool-1-worker-1	stdout	operator_cpu,nitro,2/TrinoNitroAggregationSourceOperator@271,165,0.000,1111.510,0.000,99997497,99997497,21542203,0.000,20.038,0.000
[WARNING] [stderr] 2026-08-10T18:04:26.288-0600	INFO	ForkJoinPool-1-worker-1	stdout	operator_cpu,nitro,2/PartitionedOutputOperator@271,165,118.920,0.000,1.239,0,21542203,21542203,0.000,0.000,0.000
[WARNING] [stderr] 2026-08-10T18:04:26.288-0600	INFO	ForkJoinPool-1-worker-1	stdout	operator_metric,nitro,1/TrinoNitroAggregationOperator@9,nitroBoundaryPageIngressPositions,21542203
[WARNING] [stderr] 2026-08-10T18:04:26.288-0600	INFO	ForkJoinPool-1-worker-1	stdout	operator_metric,nitro,1/TrinoNitroAggregationOperator@9,nitroBoundaryPageIngressDictionaryChannelPositions,0
[WARNING] [stderr] 2026-08-10T18:04:26.288-0600	INFO	ForkJoinPool-1-worker-1	stdout	operator_metric,nitro,1/TrinoNitroAggregationOperator@9,nitroAggregationInputNanos,1872524408
[WARNING] [stderr] 2026-08-10T18:04:26.288-0600	INFO	ForkJoinPool-1-worker-1	stdout	operator_metric,nitro,1/TrinoNitroAggregationOperator@9,nitroBoundaryPageEgressDictionaryChannelPositions,0
[WARNING] [stderr] 2026-08-10T18:04:26.288-0600	INFO	ForkJoinPool-1-worker-1	stdout	operator_metric,nitro,1/TrinoNitroAggregationOperator@9,nitroAggregationInitialAggregationNanos,0
[WARNING] [stderr] 2026-08-10T18:04:26.288-0600	INFO	ForkJoinPool-1-worker-1	stdout	operator_metric,nitro,1/TrinoNitroAggregationOperator@9,nitroBoundaryPageEgressRunLengthChannelPositions,0
[WARNING] [stderr] 2026-08-10T18:04:26.288-0600	INFO	ForkJoinPool-1-worker-1	stdout	operator_metric,nitro,1/TrinoNitroAggregationOperator@9,nitroBoundaryPageIngressRunLengthChannelPositions,0
[WARNING] [stderr] 2026-08-10T18:04:26.288-0600	INFO	ForkJoinPool-1-worker-1	stdout	operator_metric,nitro,1/TrinoNitroAggregationOperator@9,nitroAggregationInitialFlatKeyNanos,0
[WARNING] [stderr] 2026-08-10T18:04:26.288-0600	INFO	ForkJoinPool-1-worker-1	stdout	operator_metric,nitro,1/TrinoNitroAggregationOperator@9,nitroBoundaryNativeEgressFlatChannelPositions,40
[WARNING] [stderr] 2026-08-10T18:04:26.288-0600	INFO	ForkJoinPool-1-worker-1	stdout	operator_metric,nitro,1/TrinoNitroAggregationOperator@9,nitroAggregationStatePreparationNanos,1601778
[WARNING] [stderr] 2026-08-10T18:04:26.288-0600	INFO	ForkJoinPool-1-worker-1	stdout	operator_metric,nitro,1/TrinoNitroAggregationOperator@9,nitroBoundaryNativeEgressRunLengthChannelPositions,0
[WARNING] [stderr] 2026-08-10T18:04:26.288-0600	INFO	ForkJoinPool-1-worker-1	stdout	operator_metric,nitro,1/TrinoNitroAggregationOperator@9,nitroBoundaryPageIngressFlatChannelPositions,43084406
[WARNING] [stderr] 2026-08-10T18:04:26.288-0600	INFO	ForkJoinPool-1-worker-1	stdout	operator_metric,nitro,1/TrinoNitroAggregationOperator@9,nitroBoundaryPageEgressFlatChannelPositions,40
[WARNING] [stderr] 2026-08-10T18:04:26.288-0600	INFO	ForkJoinPool-1-worker-1	stdout	operator_metric,nitro,1/TrinoNitroAggregationOperator@9,nitroBoundaryPageEgressPages,2
[WARNING] [stderr] 2026-08-10T18:04:26.288-0600	INFO	ForkJoinPool-1-worker-1	stdout	operator_metric,nitro,1/TrinoNitroAggregationOperator@9,nitroBoundaryPageIngressPages,302
[WARNING] [stderr] 2026-08-10T18:04:26.288-0600	INFO	ForkJoinPool-1-worker-1	stdout	operator_metric,nitro,1/TrinoNitroAggregationOperator@9,nitroAggregationInitialKeyNanos,0
[WARNING] [stderr] 2026-08-10T18:04:26.288-0600	INFO	ForkJoinPool-1-worker-1	stdout	operator_metric,nitro,1/TrinoNitroAggregationOperator@9,nitroAggregationInitialEncodedKeyNanos,0
[WARNING] [stderr] 2026-08-10T18:04:26.288-0600	INFO	ForkJoinPool-1-worker-1	stdout	operator_metric,nitro,1/TrinoNitroAggregationOperator@9,nitroAggregationOutputNanos,19547
[WARNING] [stderr] 2026-08-10T18:04:26.288-0600	INFO	ForkJoinPool-1-worker-1	stdout	operator_metric,nitro,1/TrinoNitroAggregationOperator@9,nitroAggregationPipelineNanos,0
[WARNING] [stderr] 2026-08-10T18:04:26.288-0600	INFO	ForkJoinPool-1-worker-1	stdout	operator_metric,nitro,1/TrinoNitroAggregationOperator@9,nitroAggregationGroupingNanos,1676918739
[WARNING] [stderr] 2026-08-10T18:04:26.289-0600	INFO	ForkJoinPool-1-worker-1	stdout	operator_metric,nitro,1/TrinoNitroAggregationOperator@9,nitroAggregationAccumulationNanos,192950321
[WARNING] [stderr] 2026-08-10T18:04:26.289-0600	INFO	ForkJoinPool-1-worker-1	stdout	operator_metric,nitro,1/TrinoNitroAggregationOperator@9,nitroBoundaryNativeEgressDictionaryChannelPositions,0
[WARNING] [stderr] 2026-08-10T18:04:26.289-0600	INFO	ForkJoinPool-1-worker-1	stdout	operator_metric,nitro,1/TrinoNitroAggregationOperator@9,nitroAggregationFusedNanos,0
[WARNING] [stderr] 2026-08-10T18:04:26.289-0600	INFO	ForkJoinPool-1-worker-1	stdout	operator_metric,nitro,1/TrinoNitroAggregationOperator@9,nitroBoundaryPageEgressBytes,360
[WARNING] [stderr] 2026-08-10T18:04:26.289-0600	INFO	ForkJoinPool-1-worker-1	stdout	operator_metric,nitro,1/TrinoNitroAggregationOperator@9,nitroAggregationFlushNanos,0
[WARNING] [stderr] 2026-08-10T18:04:26.289-0600	INFO	ForkJoinPool-1-worker-1	stdout	operator_metric,nitro,1/TrinoNitroAggregationOperator@9,nitroBoundaryPageEgressPositions,20
[WARNING] [stderr] 2026-08-10T18:04:26.289-0600	INFO	ForkJoinPool-1-worker-1	stdout	operator_metric,nitro,1/TrinoNitroAggregationOperator@9,nitroBoundaryPageIngressBytes,387759654
[WARNING] [stderr] 2026-08-10T18:04:26.289-0600	INFO	ForkJoinPool-1-worker-1	stdout	operator_metric,nitro,2/TrinoNitroAggregationSourceOperator@271,nitroAggregationOutputNanos,1515422
[WARNING] [stderr] 2026-08-10T18:04:26.289-0600	INFO	ForkJoinPool-1-worker-1	stdout	operator_metric,nitro,2/TrinoNitroAggregationSourceOperator@271,nitroBoundaryNativeExchangeMaximumChannel1Bytes,309262149
[WARNING] [stderr] 2026-08-10T18:04:26.289-0600	INFO	ForkJoinPool-1-worker-1	stdout	operator_metric,nitro,2/TrinoNitroAggregationSourceOperator@271,nitroAggregationFusedNanos,1211744994
[WARNING] [stderr] 2026-08-10T18:04:26.289-0600	INFO	ForkJoinPool-1-worker-1	stdout	operator_metric,nitro,2/TrinoNitroAggregationSourceOperator@271,nitroAggregationStatePreparationNanos,156720
[WARNING] [stderr] 2026-08-10T18:04:26.289-0600	INFO	ForkJoinPool-1-worker-1	stdout	operator_metric,nitro,2/TrinoNitroAggregationSourceOperator@271,nitroAggregationInitialFlatKeyNanos,0
[WARNING] [stderr] 2026-08-10T18:04:26.289-0600	INFO	ForkJoinPool-1-worker-1	stdout	operator_metric,nitro,2/TrinoNitroAggregationSourceOperator@271,nitroAggregationPipelineNanos,0
[WARNING] [stderr] 2026-08-10T18:04:26.289-0600	INFO	ForkJoinPool-1-worker-1	stdout	operator_metric,nitro,2/TrinoNitroAggregationSourceOperator@271,nitroBoundaryNativeExchangePositions,21542203
[WARNING] [stderr] 2026-08-10T18:04:26.289-0600	INFO	ForkJoinPool-1-worker-1	stdout	operator_metric,nitro,2/TrinoNitroAggregationSourceOperator@271,nitroAggregationAccumulationNanos,16647454
[WARNING] [stderr] 2026-08-10T18:04:26.289-0600	INFO	ForkJoinPool-1-worker-1	stdout	operator_metric,nitro,2/TrinoNitroAggregationSourceOperator@271,nitroAggregationGroupingNanos,258490179
[WARNING] [stderr] 2026-08-10T18:04:26.289-0600	INFO	ForkJoinPool-1-worker-1	stdout	operator_metric,nitro,2/TrinoNitroAggregationSourceOperator@271,nitroBoundaryNativeExchangeBatches,157
[WARNING] [stderr] 2026-08-10T18:04:26.289-0600	INFO	ForkJoinPool-1-worker-1	stdout	operator_metric,nitro,2/TrinoNitroAggregationSourceOperator@271,nitroAggregationFlushNanos,0
[WARNING] [stderr] 2026-08-10T18:04:26.289-0600	INFO	ForkJoinPool-1-worker-1	stdout	operator_metric,nitro,2/TrinoNitroAggregationSourceOperator@271,nitroBoundaryNativeExchangeBytes,503141976
[WARNING] [stderr] 2026-08-10T18:04:26.289-0600	INFO	ForkJoinPool-1-worker-1	stdout	operator_metric,nitro,2/TrinoNitroAggregationSourceOperator@271,nitroAggregationInitialEncodedKeyNanos,0
[WARNING] [stderr] 2026-08-10T18:04:26.289-0600	INFO	ForkJoinPool-1-worker-1	stdout	operator_metric,nitro,2/TrinoNitroAggregationSourceOperator@271,nitroAggregationInitialKeyNanos,0
[WARNING] [stderr] 2026-08-10T18:04:26.289-0600	INFO	ForkJoinPool-1-worker-1	stdout	operator_metric,nitro,2/TrinoNitroAggregationSourceOperator@271,nitroBoundaryNativeExchangeMaximumBatchBytes,503141976
[WARNING] [stderr] 2026-08-10T18:04:26.289-0600	INFO	ForkJoinPool-1-worker-1	stdout	operator_metric,nitro,2/TrinoNitroAggregationSourceOperator@271,nitroAggregationInputNanos,1603271020
[WARNING] [stderr] 2026-08-10T18:04:26.289-0600	INFO	ForkJoinPool-1-worker-1	stdout	operator_metric,nitro,2/TrinoNitroAggregationSourceOperator@271,nitroAggregationInitialAggregationNanos,0
[WARNING] [stderr] 2026-08-10T18:04:26.289-0600	INFO	ForkJoinPool-1-worker-1	stdout	operator_metric,nitro,2/TrinoNitroAggregationSourceOperator@271,nitroBoundaryNativeExchangeMaximumChannel0Bytes,193879827
[WARNING] [stderr] 2026-08-10T18:04:27.389-0600	INFO	ForkJoinPool-1-worker-1	stdout	operator_cpu,nitro,0/ExchangeOperator@187,1,0.000,0.030,0.000,0,20,20,1080.000,0.000,0.000
[WARNING] [stderr] 2026-08-10T18:04:27.389-0600	INFO	ForkJoinPool-1-worker-1	stdout	operator_cpu,nitro,0/LocalExchangeSourceOperator@231,1,0.000,0.006,0.000,0,20,20,1080.000,0.000,0.000
[WARNING] [stderr] 2026-08-10T18:04:27.389-0600	INFO	ForkJoinPool-1-worker-1	stdout	operator_cpu,nitro,0/TaskOutputOperator@18,1,0.024,0.000,0.011,0,10,10,0.000,0.000,0.000
[WARNING] [stderr] 2026-08-10T18:04:27.389-0600	INFO	ForkJoinPool-1-worker-1	stdout	operator_cpu,nitro,0/LocalExchangeSinkOperator@231,1,0.011,0.000,0.022,0,20,20,0.000,0.000,0.000
[WARNING] [stderr] 2026-08-10T18:04:27.389-0600	INFO	ForkJoinPool-1-worker-1	stdout	operator_cpu,nitro,0/TrinoNitroTopNOperator@163,1,0.078,0.054,0.002,0,20,10,0.000,0.000,0.000
[WARNING] [stderr] 2026-08-10T18:04:27.389-0600	INFO	ForkJoinPool-1-worker-1	stdout	operator_cpu,nitro,1/ExchangeOperator@273,2,0.000,28.280,0.000,0,21542203,21542203,339.270,6.746,0.000
[WARNING] [stderr] 2026-08-10T18:04:27.389-0600	INFO	ForkJoinPool-1-worker-1	stdout	operator_cpu,nitro,1/LocalExchangeSourceOperator@267,2,0.000,0.498,0.000,0,21542203,21542203,55.440,0.000,0.000
[WARNING] [stderr] 2026-08-10T18:04:27.389-0600	INFO	ForkJoinPool-1-worker-1	stdout	operator_cpu,nitro,1/LocalExchangeSourceOperator@241,2,0.000,0.022,0.000,0,20,20,2150.000,0.000,0.000
[WARNING] [stderr] 2026-08-10T18:04:27.389-0600	INFO	ForkJoinPool-1-worker-1	stdout	operator_cpu,nitro,1/TaskOutputOperator@242,2,0.073,0.000,0.002,0,20,20,0.000,0.000,0.000
[WARNING] [stderr] 2026-08-10T18:04:27.389-0600	INFO	ForkJoinPool-1-worker-1	stdout	operator_cpu,nitro,1/TrinoNitroTopNOperator@242,2,0.114,0.081,0.002,0,20,20,0.000,0.000,0.000
[WARNING] [stderr] 2026-08-10T18:04:27.389-0600	INFO	ForkJoinPool-1-worker-1	stdout	operator_cpu,nitro,1/LocalExchangeSourceOperator@243,2,0.000,0.017,0.000,0,20,20,2150.000,0.000,0.000
[WARNING] [stderr] 2026-08-10T18:04:27.389-0600	INFO	ForkJoinPool-1-worker-1	stdout	operator_cpu,nitro,1/LocalExchangeSinkOperator@243,2,0.012,0.000,0.005,0,20,20,0.000,0.000,0.000
[WARNING] [stderr] 2026-08-10T18:04:27.389-0600	INFO	ForkJoinPool-1-worker-1	stdout	operator_cpu,nitro,1/TrinoNitroTopNOperator@240,2,0.146,0.104,0.002,0,20,20,0.000,0.000,0.000
[WARNING] [stderr] 2026-08-10T18:04:27.389-0600	INFO	ForkJoinPool-1-worker-1	stdout	operator_cpu,nitro,1/LocalExchangeSinkOperator@241,2,0.022,0.000,0.014,0,20,20,0.000,0.000,0.000
[WARNING] [stderr] 2026-08-10T18:04:27.389-0600	INFO	ForkJoinPool-1-worker-1	stdout	operator_cpu,nitro,1/LocalExchangeSinkOperator@267,2,0.620,0.000,0.071,0,21542203,21542203,0.000,0.000,0.000
[WARNING] [stderr] 2026-08-10T18:04:27.389-0600	INFO	ForkJoinPool-1-worker-1	stdout	operator_cpu,nitro,1/TrinoNitroAggregationOperator@9,2,1662.210,279.060,0.003,0,21542203,20,0.000,360.824,0.000
[WARNING] [stderr] 2026-08-10T18:04:27.389-0600	INFO	ForkJoinPool-1-worker-1	stdout	operator_cpu,nitro,2/TrinoNitroAggregationSourceOperator@271,165,0.000,1118.340,0.000,99997497,99997497,21542203,0.000,20.038,0.000
[WARNING] [stderr] 2026-08-10T18:04:27.389-0600	INFO	ForkJoinPool-1-worker-1	stdout	operator_cpu,nitro,2/PartitionedOutputOperator@271,165,117.570,0.000,1.150,0,21542203,21542203,0.000,0.000,0.000
[WARNING] [stderr] 2026-08-10T18:04:27.389-0600	INFO	ForkJoinPool-1-worker-1	stdout	operator_metric,nitro,1/TrinoNitroAggregationOperator@9,nitroBoundaryPageIngressPositions,21542203
[WARNING] [stderr] 2026-08-10T18:04:27.389-0600	INFO	ForkJoinPool-1-worker-1	stdout	operator_metric,nitro,1/TrinoNitroAggregationOperator@9,nitroBoundaryPageIngressDictionaryChannelPositions,0
[WARNING] [stderr] 2026-08-10T18:04:27.389-0600	INFO	ForkJoinPool-1-worker-1	stdout	operator_metric,nitro,1/TrinoNitroAggregationOperator@9,nitroAggregationInputNanos,1765755623
[WARNING] [stderr] 2026-08-10T18:04:27.389-0600	INFO	ForkJoinPool-1-worker-1	stdout	operator_metric,nitro,1/TrinoNitroAggregationOperator@9,nitroBoundaryPageEgressDictionaryChannelPositions,0
[WARNING] [stderr] 2026-08-10T18:04:27.389-0600	INFO	ForkJoinPool-1-worker-1	stdout	operator_metric,nitro,1/TrinoNitroAggregationOperator@9,nitroAggregationInitialAggregationNanos,0
[WARNING] [stderr] 2026-08-10T18:04:27.389-0600	INFO	ForkJoinPool-1-worker-1	stdout	operator_metric,nitro,1/TrinoNitroAggregationOperator@9,nitroBoundaryPageEgressRunLengthChannelPositions,0
[WARNING] [stderr] 2026-08-10T18:04:27.389-0600	INFO	ForkJoinPool-1-worker-1	stdout	operator_metric,nitro,1/TrinoNitroAggregationOperator@9,nitroBoundaryPageIngressRunLengthChannelPositions,0
[WARNING] [stderr] 2026-08-10T18:04:27.389-0600	INFO	ForkJoinPool-1-worker-1	stdout	operator_metric,nitro,1/TrinoNitroAggregationOperator@9,nitroAggregationInitialFlatKeyNanos,0
[WARNING] [stderr] 2026-08-10T18:04:27.389-0600	INFO	ForkJoinPool-1-worker-1	stdout	operator_metric,nitro,1/TrinoNitroAggregationOperator@9,nitroBoundaryNativeEgressFlatChannelPositions,40
[WARNING] [stderr] 2026-08-10T18:04:27.389-0600	INFO	ForkJoinPool-1-worker-1	stdout	operator_metric,nitro,1/TrinoNitroAggregationOperator@9,nitroAggregationStatePreparationNanos,1586135
[WARNING] [stderr] 2026-08-10T18:04:27.389-0600	INFO	ForkJoinPool-1-worker-1	stdout	operator_metric,nitro,1/TrinoNitroAggregationOperator@9,nitroBoundaryNativeEgressRunLengthChannelPositions,0
[WARNING] [stderr] 2026-08-10T18:04:27.389-0600	INFO	ForkJoinPool-1-worker-1	stdout	operator_metric,nitro,1/TrinoNitroAggregationOperator@9,nitroBoundaryPageIngressFlatChannelPositions,43084406
[WARNING] [stderr] 2026-08-10T18:04:27.389-0600	INFO	ForkJoinPool-1-worker-1	stdout	operator_metric,nitro,1/TrinoNitroAggregationOperator@9,nitroBoundaryPageEgressFlatChannelPositions,40
[WARNING] [stderr] 2026-08-10T18:04:27.389-0600	INFO	ForkJoinPool-1-worker-1	stdout	operator_metric,nitro,1/TrinoNitroAggregationOperator@9,nitroBoundaryPageEgressPages,2
[WARNING] [stderr] 2026-08-10T18:04:27.389-0600	INFO	ForkJoinPool-1-worker-1	stdout	operator_metric,nitro,1/TrinoNitroAggregationOperator@9,nitroBoundaryPageIngressPages,302
[WARNING] [stderr] 2026-08-10T18:04:27.389-0600	INFO	ForkJoinPool-1-worker-1	stdout	operator_metric,nitro,1/TrinoNitroAggregationOperator@9,nitroAggregationInitialKeyNanos,0
[WARNING] [stderr] 2026-08-10T18:04:27.389-0600	INFO	ForkJoinPool-1-worker-1	stdout	operator_metric,nitro,1/TrinoNitroAggregationOperator@9,nitroAggregationInitialEncodedKeyNanos,0
[WARNING] [stderr] 2026-08-10T18:04:27.389-0600	INFO	ForkJoinPool-1-worker-1	stdout	operator_metric,nitro,1/TrinoNitroAggregationOperator@9,nitroAggregationOutputNanos,18244
[WARNING] [stderr] 2026-08-10T18:04:27.389-0600	INFO	ForkJoinPool-1-worker-1	stdout	operator_metric,nitro,1/TrinoNitroAggregationOperator@9,nitroAggregationPipelineNanos,0
[WARNING] [stderr] 2026-08-10T18:04:27.389-0600	INFO	ForkJoinPool-1-worker-1	stdout	operator_metric,nitro,1/TrinoNitroAggregationOperator@9,nitroAggregationGroupingNanos,1570333998
[WARNING] [stderr] 2026-08-10T18:04:27.389-0600	INFO	ForkJoinPool-1-worker-1	stdout	operator_metric,nitro,1/TrinoNitroAggregationOperator@9,nitroAggregationAccumulationNanos,192864321
[WARNING] [stderr] 2026-08-10T18:04:27.389-0600	INFO	ForkJoinPool-1-worker-1	stdout	operator_metric,nitro,1/TrinoNitroAggregationOperator@9,nitroBoundaryNativeEgressDictionaryChannelPositions,0
[WARNING] [stderr] 2026-08-10T18:04:27.389-0600	INFO	ForkJoinPool-1-worker-1	stdout	operator_metric,nitro,1/TrinoNitroAggregationOperator@9,nitroAggregationFusedNanos,0
[WARNING] [stderr] 2026-08-10T18:04:27.390-0600	INFO	ForkJoinPool-1-worker-1	stdout	operator_metric,nitro,1/TrinoNitroAggregationOperator@9,nitroBoundaryPageEgressBytes,360
[WARNING] [stderr] 2026-08-10T18:04:27.390-0600	INFO	ForkJoinPool-1-worker-1	stdout	operator_metric,nitro,1/TrinoNitroAggregationOperator@9,nitroAggregationFlushNanos,0
[WARNING] [stderr] 2026-08-10T18:04:27.390-0600	INFO	ForkJoinPool-1-worker-1	stdout	operator_metric,nitro,1/TrinoNitroAggregationOperator@9,nitroBoundaryPageEgressPositions,20
[WARNING] [stderr] 2026-08-10T18:04:27.390-0600	INFO	ForkJoinPool-1-worker-1	stdout	operator_metric,nitro,1/TrinoNitroAggregationOperator@9,nitroBoundaryPageIngressBytes,387759654
[WARNING] [stderr] 2026-08-10T18:04:27.390-0600	INFO	ForkJoinPool-1-worker-1	stdout	operator_metric,nitro,2/TrinoNitroAggregationSourceOperator@271,nitroAggregationOutputNanos,2732689
[WARNING] [stderr] 2026-08-10T18:04:27.390-0600	INFO	ForkJoinPool-1-worker-1	stdout	operator_metric,nitro,2/TrinoNitroAggregationSourceOperator@271,nitroBoundaryNativeExchangeMaximumChannel1Bytes,309262149
[WARNING] [stderr] 2026-08-10T18:04:27.390-0600	INFO	ForkJoinPool-1-worker-1	stdout	operator_metric,nitro,2/TrinoNitroAggregationSourceOperator@271,nitroAggregationFusedNanos,1168819155
[WARNING] [stderr] 2026-08-10T18:04:27.390-0600	INFO	ForkJoinPool-1-worker-1	stdout	operator_metric,nitro,2/TrinoNitroAggregationSourceOperator@271,nitroAggregationStatePreparationNanos,168701
[WARNING] [stderr] 2026-08-10T18:04:27.390-0600	INFO	ForkJoinPool-1-worker-1	stdout	operator_metric,nitro,2/TrinoNitroAggregationSourceOperator@271,nitroAggregationInitialFlatKeyNanos,0
[WARNING] [stderr] 2026-08-10T18:04:27.390-0600	INFO	ForkJoinPool-1-worker-1	stdout	operator_metric,nitro,2/TrinoNitroAggregationSourceOperator@271,nitroAggregationPipelineNanos,0
[WARNING] [stderr] 2026-08-10T18:04:27.390-0600	INFO	ForkJoinPool-1-worker-1	stdout	operator_metric,nitro,2/TrinoNitroAggregationSourceOperator@271,nitroBoundaryNativeExchangePositions,21542203
[WARNING] [stderr] 2026-08-10T18:04:27.390-0600	INFO	ForkJoinPool-1-worker-1	stdout	operator_metric,nitro,2/TrinoNitroAggregationSourceOperator@271,nitroAggregationGroupingNanos,246353154
[WARNING] [stderr] 2026-08-10T18:04:27.390-0600	INFO	ForkJoinPool-1-worker-1	stdout	operator_metric,nitro,2/TrinoNitroAggregationSourceOperator@271,nitroAggregationAccumulationNanos,20387585
[WARNING] [stderr] 2026-08-10T18:04:27.390-0600	INFO	ForkJoinPool-1-worker-1	stdout	operator_metric,nitro,2/TrinoNitroAggregationSourceOperator@271,nitroBoundaryNativeExchangeBatches,157
[WARNING] [stderr] 2026-08-10T18:04:27.390-0600	INFO	ForkJoinPool-1-worker-1	stdout	operator_metric,nitro,2/TrinoNitroAggregationSourceOperator@271,nitroAggregationFlushNanos,0
[WARNING] [stderr] 2026-08-10T18:04:27.390-0600	INFO	ForkJoinPool-1-worker-1	stdout	operator_metric,nitro,2/TrinoNitroAggregationSourceOperator@271,nitroBoundaryNativeExchangeBytes,503141976
[WARNING] [stderr] 2026-08-10T18:04:27.390-0600	INFO	ForkJoinPool-1-worker-1	stdout	operator_metric,nitro,2/TrinoNitroAggregationSourceOperator@271,nitroAggregationInitialEncodedKeyNanos,0
[WARNING] [stderr] 2026-08-10T18:04:27.390-0600	INFO	ForkJoinPool-1-worker-1	stdout	operator_metric,nitro,2/TrinoNitroAggregationSourceOperator@271,nitroAggregationInitialKeyNanos,0
[WARNING] [stderr] 2026-08-10T18:04:27.390-0600	INFO	ForkJoinPool-1-worker-1	stdout	operator_metric,nitro,2/TrinoNitroAggregationSourceOperator@271,nitroBoundaryNativeExchangeMaximumBatchBytes,503141976
[WARNING] [stderr] 2026-08-10T18:04:27.390-0600	INFO	ForkJoinPool-1-worker-1	stdout	operator_metric,nitro,2/TrinoNitroAggregationSourceOperator@271,nitroAggregationInputNanos,1549477304
[WARNING] [stderr] 2026-08-10T18:04:27.390-0600	INFO	ForkJoinPool-1-worker-1	stdout	operator_metric,nitro,2/TrinoNitroAggregationSourceOperator@271,nitroAggregationInitialAggregationNanos,0
[WARNING] [stderr] 2026-08-10T18:04:27.390-0600	INFO	ForkJoinPool-1-worker-1	stdout	operator_metric,nitro,2/TrinoNitroAggregationSourceOperator@271,nitroBoundaryNativeExchangeMaximumChannel0Bytes,193879827
[WARNING] [stderr] 2026-08-10T18:04:28.582-0600	INFO	ForkJoinPool-1-worker-1	stdout	operator_cpu,trino,0/ExchangeOperator@187,1,0.000,0.066,0.000,0,20,20,1170.000,0.000,0.000
[WARNING] [stderr] 2026-08-10T18:04:28.582-0600	INFO	ForkJoinPool-1-worker-1	stdout	operator_cpu,trino,0/LocalExchangeSourceOperator@231,1,0.000,0.005,0.000,0,20,20,1180.000,0.000,0.000
[WARNING] [stderr] 2026-08-10T18:04:28.582-0600	INFO	ForkJoinPool-1-worker-1	stdout	operator_cpu,trino,0/TaskOutputOperator@18,1,0.024,0.000,0.001,0,10,10,0.000,0.000,0.000
[WARNING] [stderr] 2026-08-10T18:04:28.582-0600	INFO	ForkJoinPool-1-worker-1	stdout	operator_cpu,trino,0/LocalExchangeSinkOperator@231,1,0.010,0.000,0.009,0,20,20,0.000,0.000,0.000
[WARNING] [stderr] 2026-08-10T18:04:28.582-0600	INFO	ForkJoinPool-1-worker-1	stdout	operator_cpu,trino,0/TopNOperator@163,1,0.001,0.046,0.010,0,20,10,0.000,0.084,0.000
[WARNING] [stderr] 2026-08-10T18:04:28.582-0600	INFO	ForkJoinPool-1-worker-1	stdout	operator_cpu,trino,1/ExchangeOperator@273,2,0.000,28.580,0.000,0,21542203,21542203,477.380,13.545,0.000
[WARNING] [stderr] 2026-08-10T18:04:28.582-0600	INFO	ForkJoinPool-1-worker-1	stdout	operator_cpu,trino,1/LocalExchangeSourceOperator@267,2,0.000,0.800,0.000,0,21542203,21542203,59.880,0.000,0.000
[WARNING] [stderr] 2026-08-10T18:04:28.582-0600	INFO	ForkJoinPool-1-worker-1	stdout	operator_cpu,trino,1/LocalExchangeSourceOperator@241,2,0.000,0.022,0.000,0,20,20,2340.000,0.000,0.000
[WARNING] [stderr] 2026-08-10T18:04:28.582-0600	INFO	ForkJoinPool-1-worker-1	stdout	operator_cpu,trino,1/TaskOutputOperator@242,2,0.094,0.000,0.003,0,20,20,0.000,0.000,0.000
[WARNING] [stderr] 2026-08-10T18:04:28.582-0600	INFO	ForkJoinPool-1-worker-1	stdout	operator_cpu,trino,1/TopNOperator@242,2,0.002,0.065,0.019,0,20,20,0.000,0.083,0.000
[WARNING] [stderr] 2026-08-10T18:04:28.582-0600	INFO	ForkJoinPool-1-worker-1	stdout	operator_cpu,trino,1/LocalExchangeSourceOperator@243,2,0.000,0.016,0.000,0,20,20,2340.000,0.000,0.000
[WARNING] [stderr] 2026-08-10T18:04:28.582-0600	INFO	ForkJoinPool-1-worker-1	stdout	operator_cpu,trino,1/LocalExchangeSinkOperator@243,2,0.010,0.000,0.003,0,20,20,0.000,0.000,0.000
[WARNING] [stderr] 2026-08-10T18:04:28.582-0600	INFO	ForkJoinPool-1-worker-1	stdout	operator_cpu,trino,1/TopNOperator@240,2,0.002,0.067,0.024,0,20,20,0.000,0.083,0.000
[WARNING] [stderr] 2026-08-10T18:04:28.582-0600	INFO	ForkJoinPool-1-worker-1	stdout	operator_cpu,trino,1/LocalExchangeSinkOperator@241,2,0.017,0.000,0.009,0,20,20,0.000,0.000,0.000
[WARNING] [stderr] 2026-08-10T18:04:28.582-0600	INFO	ForkJoinPool-1-worker-1	stdout	operator_cpu,trino,1/TopNOperator@162,2,0.169,151.200,0.011,0,17630976,20,0.000,0.084,0.000
[WARNING] [stderr] 2026-08-10T18:04:28.582-0600	INFO	ForkJoinPool-1-worker-1	stdout	operator_cpu,trino,1/LocalExchangeSinkOperator@267,2,0.472,0.000,0.036,0,21542203,21542203,0.000,0.000,0.000
[WARNING] [stderr] 2026-08-10T18:04:28.582-0600	INFO	ForkJoinPool-1-worker-1	stdout	operator_cpu,trino,1/HashAggregationOperator@9,2,1634.370,123.780,0.167,0,21542203,17630976,0.000,480.358,0.000
[WARNING] [stderr] 2026-08-10T18:04:28.582-0600	INFO	ForkJoinPool-1-worker-1	stdout	operator_cpu,trino,2/TableScanOperator@0,165,0.000,376.110,0.000,99997497,99997497,99997497,0.000,6.000,0.000
[WARNING] [stderr] 2026-08-10T18:04:28.582-0600	INFO	ForkJoinPool-1-worker-1	stdout	operator_cpu,trino,2/PartitionedOutputOperator@271,165,125.280,0.000,1.022,0,21542203,21542203,0.000,0.000,0.000
[WARNING] [stderr] 2026-08-10T18:04:28.582-0600	INFO	ForkJoinPool-1-worker-1	stdout	operator_cpu,trino,2/HashAggregationOperator@271,165,1217.490,181.720,1.639,0,99997497,21542203,0.000,30.034,0.000
[WARNING] [stderr] 2026-08-10T18:04:29.805-0600	INFO	ForkJoinPool-1-worker-1	stdout	operator_cpu,trino,0/ExchangeOperator@187,1,0.000,0.048,0.000,0,20,20,1210.000,0.000,0.000
[WARNING] [stderr] 2026-08-10T18:04:29.805-0600	INFO	ForkJoinPool-1-worker-1	stdout	operator_cpu,trino,0/LocalExchangeSourceOperator@231,1,0.000,0.004,0.000,0,20,20,1210.000,0.000,0.000
[WARNING] [stderr] 2026-08-10T18:04:29.805-0600	INFO	ForkJoinPool-1-worker-1	stdout	operator_cpu,trino,0/TaskOutputOperator@18,1,0.034,0.000,0.001,0,10,10,0.000,0.000,0.000
[WARNING] [stderr] 2026-08-10T18:04:29.805-0600	INFO	ForkJoinPool-1-worker-1	stdout	operator_cpu,trino,0/LocalExchangeSinkOperator@231,1,0.012,0.000,0.011,0,20,20,0.000,0.000,0.000
[WARNING] [stderr] 2026-08-10T18:04:29.805-0600	INFO	ForkJoinPool-1-worker-1	stdout	operator_cpu,trino,0/TopNOperator@163,1,0.001,0.046,0.008,0,20,10,0.000,0.084,0.000
[WARNING] [stderr] 2026-08-10T18:04:29.805-0600	INFO	ForkJoinPool-1-worker-1	stdout	operator_cpu,trino,1/ExchangeOperator@273,2,0.000,30.010,0.000,0,21542203,21542203,371.970,10.070,0.000
[WARNING] [stderr] 2026-08-10T18:04:29.805-0600	INFO	ForkJoinPool-1-worker-1	stdout	operator_cpu,trino,1/LocalExchangeSourceOperator@267,2,0.000,0.677,0.000,0,21542203,21542203,114.970,0.000,0.000
[WARNING] [stderr] 2026-08-10T18:04:29.805-0600	INFO	ForkJoinPool-1-worker-1	stdout	operator_cpu,trino,1/LocalExchangeSourceOperator@241,2,0.000,0.031,0.000,0,20,20,2390.000,0.000,0.000
[WARNING] [stderr] 2026-08-10T18:04:29.805-0600	INFO	ForkJoinPool-1-worker-1	stdout	operator_cpu,trino,1/TaskOutputOperator@242,2,0.126,0.000,0.002,0,20,20,0.000,0.000,0.000
[WARNING] [stderr] 2026-08-10T18:04:29.805-0600	INFO	ForkJoinPool-1-worker-1	stdout	operator_cpu,trino,1/TopNOperator@242,2,0.003,0.059,0.019,0,20,20,0.000,0.083,0.000
[WARNING] [stderr] 2026-08-10T18:04:29.805-0600	INFO	ForkJoinPool-1-worker-1	stdout	operator_cpu,trino,1/LocalExchangeSourceOperator@243,2,0.000,0.020,0.000,0,20,20,2390.000,0.000,0.000
[WARNING] [stderr] 2026-08-10T18:04:29.805-0600	INFO	ForkJoinPool-1-worker-1	stdout	operator_cpu,trino,1/LocalExchangeSinkOperator@243,2,0.014,0.000,0.004,0,20,20,0.000,0.000,0.000
[WARNING] [stderr] 2026-08-10T18:04:29.805-0600	INFO	ForkJoinPool-1-worker-1	stdout	operator_cpu,trino,1/TopNOperator@240,2,0.003,0.080,0.042,0,20,20,0.000,0.083,0.000
[WARNING] [stderr] 2026-08-10T18:04:29.805-0600	INFO	ForkJoinPool-1-worker-1	stdout	operator_cpu,trino,1/LocalExchangeSinkOperator@241,2,0.031,0.000,0.015,0,20,20,0.000,0.000,0.000
[WARNING] [stderr] 2026-08-10T18:04:29.805-0600	INFO	ForkJoinPool-1-worker-1	stdout	operator_cpu,trino,1/TopNOperator@162,2,0.149,153.830,0.030,0,17630976,20,0.000,0.084,0.000
[WARNING] [stderr] 2026-08-10T18:04:29.806-0600	INFO	ForkJoinPool-1-worker-1	stdout	operator_cpu,trino,1/LocalExchangeSinkOperator@267,2,0.508,0.000,0.053,0,21542203,21542203,0.000,0.000,0.000
[WARNING] [stderr] 2026-08-10T18:04:29.806-0600	INFO	ForkJoinPool-1-worker-1	stdout	operator_cpu,trino,1/HashAggregationOperator@9,2,1586.430,126.530,0.161,0,21542203,17630976,0.000,480.311,0.000
[WARNING] [stderr] 2026-08-10T18:04:29.806-0600	INFO	ForkJoinPool-1-worker-1	stdout	operator_cpu,trino,2/TableScanOperator@0,165,0.000,373.500,0.000,99997497,99997497,99997497,0.000,6.000,0.000
[WARNING] [stderr] 2026-08-10T18:04:29.806-0600	INFO	ForkJoinPool-1-worker-1	stdout	operator_cpu,trino,2/PartitionedOutputOperator@271,165,128.610,0.000,0.924,0,21542203,21542203,0.000,0.000,0.000
[WARNING] [stderr] 2026-08-10T18:04:29.806-0600	INFO	ForkJoinPool-1-worker-1	stdout	operator_cpu,trino,2/HashAggregationOperator@271,165,1223.910,181.640,1.551,0,99997497,21542203,0.000,30.034,0.000
[WARNING] [stderr] 2026-08-10T18:04:30.898-0600	INFO	ForkJoinPool-1-worker-1	stdout	operator_cpu,nitro,0/ExchangeOperator@187,1,0.000,0.032,0.000,0,20,20,1070.000,0.000,0.000
[WARNING] [stderr] 2026-08-10T18:04:30.898-0600	INFO	ForkJoinPool-1-worker-1	stdout	operator_cpu,nitro,0/LocalExchangeSourceOperator@231,1,0.000,0.007,0.000,0,20,20,1070.000,0.000,0.000
[WARNING] [stderr] 2026-08-10T18:04:30.898-0600	INFO	ForkJoinPool-1-worker-1	stdout	operator_cpu,nitro,0/TaskOutputOperator@18,1,0.023,0.000,0.001,0,10,10,0.000,0.000,0.000
[WARNING] [stderr] 2026-08-10T18:04:30.898-0600	INFO	ForkJoinPool-1-worker-1	stdout	operator_cpu,nitro,0/LocalExchangeSinkOperator@231,1,0.010,0.000,0.018,0,20,20,0.000,0.000,0.000
[WARNING] [stderr] 2026-08-10T18:04:30.898-0600	INFO	ForkJoinPool-1-worker-1	stdout	operator_cpu,nitro,0/TrinoNitroTopNOperator@163,1,0.089,0.063,0.002,0,20,10,0.000,0.000,0.000
[WARNING] [stderr] 2026-08-10T18:04:30.898-0600	INFO	ForkJoinPool-1-worker-1	stdout	operator_cpu,nitro,1/ExchangeOperator@273,2,0.000,31.480,0.000,0,21542203,21542203,345.470,7.826,0.000
[WARNING] [stderr] 2026-08-10T18:04:30.898-0600	INFO	ForkJoinPool-1-worker-1	stdout	operator_cpu,nitro,1/LocalExchangeSourceOperator@267,2,0.000,0.530,0.000,0,21542203,21542203,48.650,0.000,0.000
[WARNING] [stderr] 2026-08-10T18:04:30.898-0600	INFO	ForkJoinPool-1-worker-1	stdout	operator_cpu,nitro,1/LocalExchangeSourceOperator@241,2,0.000,0.022,0.000,0,20,20,2140.000,0.000,0.000
[WARNING] [stderr] 2026-08-10T18:04:30.898-0600	INFO	ForkJoinPool-1-worker-1	stdout	operator_cpu,nitro,1/TaskOutputOperator@242,2,0.065,0.000,0.002,0,20,20,0.000,0.000,0.000
[WARNING] [stderr] 2026-08-10T18:04:30.898-0600	INFO	ForkJoinPool-1-worker-1	stdout	operator_cpu,nitro,1/TrinoNitroTopNOperator@242,2,0.094,0.075,0.002,0,20,20,0.000,0.000,0.000
[WARNING] [stderr] 2026-08-10T18:04:30.898-0600	INFO	ForkJoinPool-1-worker-1	stdout	operator_cpu,nitro,1/LocalExchangeSourceOperator@243,2,0.000,0.013,0.000,0,20,20,2140.000,0.000,0.000
[WARNING] [stderr] 2026-08-10T18:04:30.898-0600	INFO	ForkJoinPool-1-worker-1	stdout	operator_cpu,nitro,1/LocalExchangeSinkOperator@243,2,0.012,0.000,0.005,0,20,20,0.000,0.000,0.000
[WARNING] [stderr] 2026-08-10T18:04:30.898-0600	INFO	ForkJoinPool-1-worker-1	stdout	operator_cpu,nitro,1/TrinoNitroTopNOperator@240,2,0.168,0.085,0.003,0,20,20,0.000,0.000,0.000
[WARNING] [stderr] 2026-08-10T18:04:30.898-0600	INFO	ForkJoinPool-1-worker-1	stdout	operator_cpu,nitro,1/LocalExchangeSinkOperator@241,2,0.017,0.000,0.010,0,20,20,0.000,0.000,0.000
[WARNING] [stderr] 2026-08-10T18:04:30.898-0600	INFO	ForkJoinPool-1-worker-1	stdout	operator_cpu,nitro,1/LocalExchangeSinkOperator@267,2,0.411,0.000,0.028,0,21542203,21542203,0.000,0.000,0.000
[WARNING] [stderr] 2026-08-10T18:04:30.898-0600	INFO	ForkJoinPool-1-worker-1	stdout	operator_cpu,nitro,1/TrinoNitroAggregationOperator@9,2,1718.460,289.640,0.003,0,21542203,20,0.000,360.917,0.000
[WARNING] [stderr] 2026-08-10T18:04:30.898-0600	INFO	ForkJoinPool-1-worker-1	stdout	operator_cpu,nitro,2/TrinoNitroAggregationSourceOperator@271,165,0.000,1145.900,0.000,99997497,99997497,21542203,0.000,20.038,0.000
[WARNING] [stderr] 2026-08-10T18:04:30.898-0600	INFO	ForkJoinPool-1-worker-1	stdout	operator_cpu,nitro,2/PartitionedOutputOperator@271,165,125.030,0.000,1.169,0,21542203,21542203,0.000,0.000,0.000
[WARNING] [stderr] 2026-08-10T18:04:30.898-0600	INFO	ForkJoinPool-1-worker-1	stdout	operator_metric,nitro,1/TrinoNitroAggregationOperator@9,nitroBoundaryPageIngressPositions,21542203
[WARNING] [stderr] 2026-08-10T18:04:30.898-0600	INFO	ForkJoinPool-1-worker-1	stdout	operator_metric,nitro,1/TrinoNitroAggregationOperator@9,nitroBoundaryPageIngressDictionaryChannelPositions,0
[WARNING] [stderr] 2026-08-10T18:04:30.898-0600	INFO	ForkJoinPool-1-worker-1	stdout	operator_metric,nitro,1/TrinoNitroAggregationOperator@9,nitroAggregationInputNanos,1800990861
[WARNING] [stderr] 2026-08-10T18:04:30.898-0600	INFO	ForkJoinPool-1-worker-1	stdout	operator_metric,nitro,1/TrinoNitroAggregationOperator@9,nitroBoundaryPageEgressDictionaryChannelPositions,0
[WARNING] [stderr] 2026-08-10T18:04:30.898-0600	INFO	ForkJoinPool-1-worker-1	stdout	operator_metric,nitro,1/TrinoNitroAggregationOperator@9,nitroAggregationInitialAggregationNanos,0
[WARNING] [stderr] 2026-08-10T18:04:30.898-0600	INFO	ForkJoinPool-1-worker-1	stdout	operator_metric,nitro,1/TrinoNitroAggregationOperator@9,nitroBoundaryPageEgressRunLengthChannelPositions,0
[WARNING] [stderr] 2026-08-10T18:04:30.898-0600	INFO	ForkJoinPool-1-worker-1	stdout	operator_metric,nitro,1/TrinoNitroAggregationOperator@9,nitroBoundaryPageIngressRunLengthChannelPositions,0
[WARNING] [stderr] 2026-08-10T18:04:30.898-0600	INFO	ForkJoinPool-1-worker-1	stdout	operator_metric,nitro,1/TrinoNitroAggregationOperator@9,nitroAggregationInitialFlatKeyNanos,0
[WARNING] [stderr] 2026-08-10T18:04:30.898-0600	INFO	ForkJoinPool-1-worker-1	stdout	operator_metric,nitro,1/TrinoNitroAggregationOperator@9,nitroBoundaryNativeEgressFlatChannelPositions,40
[WARNING] [stderr] 2026-08-10T18:04:30.898-0600	INFO	ForkJoinPool-1-worker-1	stdout	operator_metric,nitro,1/TrinoNitroAggregationOperator@9,nitroAggregationStatePreparationNanos,1615437
[WARNING] [stderr] 2026-08-10T18:04:30.898-0600	INFO	ForkJoinPool-1-worker-1	stdout	operator_metric,nitro,1/TrinoNitroAggregationOperator@9,nitroBoundaryNativeEgressRunLengthChannelPositions,0
[WARNING] [stderr] 2026-08-10T18:04:30.898-0600	INFO	ForkJoinPool-1-worker-1	stdout	operator_metric,nitro,1/TrinoNitroAggregationOperator@9,nitroBoundaryPageIngressFlatChannelPositions,43084406
[WARNING] [stderr] 2026-08-10T18:04:30.898-0600	INFO	ForkJoinPool-1-worker-1	stdout	operator_metric,nitro,1/TrinoNitroAggregationOperator@9,nitroBoundaryPageEgressFlatChannelPositions,40
[WARNING] [stderr] 2026-08-10T18:04:30.898-0600	INFO	ForkJoinPool-1-worker-1	stdout	operator_metric,nitro,1/TrinoNitroAggregationOperator@9,nitroBoundaryPageEgressPages,2
[WARNING] [stderr] 2026-08-10T18:04:30.898-0600	INFO	ForkJoinPool-1-worker-1	stdout	operator_metric,nitro,1/TrinoNitroAggregationOperator@9,nitroBoundaryPageIngressPages,306
[WARNING] [stderr] 2026-08-10T18:04:30.898-0600	INFO	ForkJoinPool-1-worker-1	stdout	operator_metric,nitro,1/TrinoNitroAggregationOperator@9,nitroAggregationInitialKeyNanos,0
[WARNING] [stderr] 2026-08-10T18:04:30.898-0600	INFO	ForkJoinPool-1-worker-1	stdout	operator_metric,nitro,1/TrinoNitroAggregationOperator@9,nitroAggregationInitialEncodedKeyNanos,0
[WARNING] [stderr] 2026-08-10T18:04:30.898-0600	INFO	ForkJoinPool-1-worker-1	stdout	operator_metric,nitro,1/TrinoNitroAggregationOperator@9,nitroAggregationOutputNanos,18715
[WARNING] [stderr] 2026-08-10T18:04:30.898-0600	INFO	ForkJoinPool-1-worker-1	stdout	operator_metric,nitro,1/TrinoNitroAggregationOperator@9,nitroAggregationPipelineNanos,0
[WARNING] [stderr] 2026-08-10T18:04:30.898-0600	INFO	ForkJoinPool-1-worker-1	stdout	operator_metric,nitro,1/TrinoNitroAggregationOperator@9,nitroAggregationGroupingNanos,1606394466
[WARNING] [stderr] 2026-08-10T18:04:30.898-0600	INFO	ForkJoinPool-1-worker-1	stdout	operator_metric,nitro,1/TrinoNitroAggregationOperator@9,nitroAggregationAccumulationNanos,192308393
[WARNING] [stderr] 2026-08-10T18:04:30.898-0600	INFO	ForkJoinPool-1-worker-1	stdout	operator_metric,nitro,1/TrinoNitroAggregationOperator@9,nitroBoundaryNativeEgressDictionaryChannelPositions,0
[WARNING] [stderr] 2026-08-10T18:04:30.898-0600	INFO	ForkJoinPool-1-worker-1	stdout	operator_metric,nitro,1/TrinoNitroAggregationOperator@9,nitroAggregationFusedNanos,0
[WARNING] [stderr] 2026-08-10T18:04:30.898-0600	INFO	ForkJoinPool-1-worker-1	stdout	operator_metric,nitro,1/TrinoNitroAggregationOperator@9,nitroBoundaryPageEgressBytes,360
[WARNING] [stderr] 2026-08-10T18:04:30.898-0600	INFO	ForkJoinPool-1-worker-1	stdout	operator_metric,nitro,1/TrinoNitroAggregationOperator@9,nitroAggregationFlushNanos,0
[WARNING] [stderr] 2026-08-10T18:04:30.898-0600	INFO	ForkJoinPool-1-worker-1	stdout	operator_metric,nitro,1/TrinoNitroAggregationOperator@9,nitroBoundaryPageEgressPositions,20
[WARNING] [stderr] 2026-08-10T18:04:30.898-0600	INFO	ForkJoinPool-1-worker-1	stdout	operator_metric,nitro,1/TrinoNitroAggregationOperator@9,nitroBoundaryPageIngressBytes,387759654
[WARNING] [stderr] 2026-08-10T18:04:30.898-0600	INFO	ForkJoinPool-1-worker-1	stdout	operator_metric,nitro,2/TrinoNitroAggregationSourceOperator@271,nitroAggregationOutputNanos,1570872
[WARNING] [stderr] 2026-08-10T18:04:30.898-0600	INFO	ForkJoinPool-1-worker-1	stdout	operator_metric,nitro,2/TrinoNitroAggregationSourceOperator@271,nitroBoundaryNativeExchangeMaximumChannel1Bytes,309262149
[WARNING] [stderr] 2026-08-10T18:04:30.898-0600	INFO	ForkJoinPool-1-worker-1	stdout	operator_metric,nitro,2/TrinoNitroAggregationSourceOperator@271,nitroAggregationFusedNanos,1168133765
[WARNING] [stderr] 2026-08-10T18:04:30.898-0600	INFO	ForkJoinPool-1-worker-1	stdout	operator_metric,nitro,2/TrinoNitroAggregationSourceOperator@271,nitroAggregationStatePreparationNanos,152756
[WARNING] [stderr] 2026-08-10T18:04:30.898-0600	INFO	ForkJoinPool-1-worker-1	stdout	operator_metric,nitro,2/TrinoNitroAggregationSourceOperator@271,nitroAggregationInitialFlatKeyNanos,0
[WARNING] [stderr] 2026-08-10T18:04:30.898-0600	INFO	ForkJoinPool-1-worker-1	stdout	operator_metric,nitro,2/TrinoNitroAggregationSourceOperator@271,nitroAggregationPipelineNanos,0
[WARNING] [stderr] 2026-08-10T18:04:30.898-0600	INFO	ForkJoinPool-1-worker-1	stdout	operator_metric,nitro,2/TrinoNitroAggregationSourceOperator@271,nitroBoundaryNativeExchangePositions,21542203
[WARNING] [stderr] 2026-08-10T18:04:30.898-0600	INFO	ForkJoinPool-1-worker-1	stdout	operator_metric,nitro,2/TrinoNitroAggregationSourceOperator@271,nitroAggregationAccumulationNanos,20308640
[WARNING] [stderr] 2026-08-10T18:04:30.898-0600	INFO	ForkJoinPool-1-worker-1	stdout	operator_metric,nitro,2/TrinoNitroAggregationSourceOperator@271,nitroAggregationGroupingNanos,238766974
[WARNING] [stderr] 2026-08-10T18:04:30.898-0600	INFO	ForkJoinPool-1-worker-1	stdout	operator_metric,nitro,2/TrinoNitroAggregationSourceOperator@271,nitroBoundaryNativeExchangeBatches,157
[WARNING] [stderr] 2026-08-10T18:04:30.898-0600	INFO	ForkJoinPool-1-worker-1	stdout	operator_metric,nitro,2/TrinoNitroAggregationSourceOperator@271,nitroAggregationFlushNanos,0
[WARNING] [stderr] 2026-08-10T18:04:30.898-0600	INFO	ForkJoinPool-1-worker-1	stdout	operator_metric,nitro,2/TrinoNitroAggregationSourceOperator@271,nitroBoundaryNativeExchangeBytes,503141976
[WARNING] [stderr] 2026-08-10T18:04:30.898-0600	INFO	ForkJoinPool-1-worker-1	stdout	operator_metric,nitro,2/TrinoNitroAggregationSourceOperator@271,nitroAggregationInitialEncodedKeyNanos,0
[WARNING] [stderr] 2026-08-10T18:04:30.898-0600	INFO	ForkJoinPool-1-worker-1	stdout	operator_metric,nitro,2/TrinoNitroAggregationSourceOperator@271,nitroAggregationInitialKeyNanos,0
[WARNING] [stderr] 2026-08-10T18:04:30.898-0600	INFO	ForkJoinPool-1-worker-1	stdout	operator_metric,nitro,2/TrinoNitroAggregationSourceOperator@271,nitroBoundaryNativeExchangeMaximumBatchBytes,503141976
[WARNING] [stderr] 2026-08-10T18:04:30.898-0600	INFO	ForkJoinPool-1-worker-1	stdout	operator_metric,nitro,2/TrinoNitroAggregationSourceOperator@271,nitroAggregationInputNanos,1543099555
[WARNING] [stderr] 2026-08-10T18:04:30.898-0600	INFO	ForkJoinPool-1-worker-1	stdout	operator_metric,nitro,2/TrinoNitroAggregationSourceOperator@271,nitroAggregationInitialAggregationNanos,0
[WARNING] [stderr] 2026-08-10T18:04:30.898-0600	INFO	ForkJoinPool-1-worker-1	stdout	operator_metric,nitro,2/TrinoNitroAggregationSourceOperator@271,nitroBoundaryNativeExchangeMaximumChannel0Bytes,193879827
[WARNING] [stderr] 2026-08-10T18:04:30.899-0600	INFO	ForkJoinPool-1-worker-1	stdout	nitro,clickbench,q16,5,1091.668,1114.384,1201.249,1135.927,3237.000,3252.600,2.8634,99997497,165,165
[WARNING] [stderr] 2026-08-10T18:04:30.899-0600	INFO	ForkJoinPool-1-worker-1	stdout	allocation,nitro,clickbench,q16,5,3257.104,3267.526
[WARNING] [stderr] 2026-08-10T18:04:30.899-0600	INFO	ForkJoinPool-1-worker-1	stdout	peak_memory,nitro,clickbench,q16,5,476.379,651.710,8879.072,12156.349
[WARNING] [stderr] 2026-08-10T18:04:30.899-0600	INFO	ForkJoinPool-1-worker-1	stdout	trino,clickbench,q16,5,1174.964,1191.614,1222.510,1198.008,3846.000,3844.400,3.2090,99997497,0,0
[WARNING] [stderr] 2026-08-10T18:04:30.899-0600	INFO	ForkJoinPool-1-worker-1	stdout	allocation,trino,clickbench,q16,5,8555.077,8559.565
[WARNING] [stderr] 2026-08-10T18:04:30.899-0600	INFO	ForkJoinPool-1-worker-1	stdout	peak_memory,trino,clickbench,q16,5,525.833,698.831,11933.418,12156.307
[WARNING] [stderr] 2026-08-10T18:04:30.899-0600	INFO	ForkJoinPool-1-worker-1	stdout	nitro_over_trino_p50,0.9351885282006348
[WARNING] [stderr] 2026-08-10T18:04:30.899-0600	INFO	ForkJoinPool-1-worker-1	stdout	nitro_over_trino_cpu_p50,0.8416536661466458
[WARNING] [stderr] 2026-08-10T18:04:30.899-0600	INFO	ForkJoinPool-1-worker-1	stdout	nitro_over_trino_cpu_mean,0.8460618041827073
[INFO] Tests run: 1, Failures: 0, Errors: 0, Skipped: 0, Time elapsed: 109.7 s -- in io.trino.tests.nitro.TestNitroClickBenchQueries
[WARNING] [stderr] 2026-08-10T18:04:30.940-0600	INFO	main	io.trino.testing.containers.junit.ReportLeakedContainers	DockerClientFactory not initialized, so there should be no leaked containers, skipping the check
[INFO] 
[INFO] Results:
[INFO] 
[INFO] Tests run: 1, Failures: 0, Errors: 0, Skipped: 0
[INFO] 
[INFO] ------------------------------------------------------------------------
[INFO] BUILD SUCCESS
[INFO] ------------------------------------------------------------------------
[INFO] Total time:  01:54 min (Wall Clock)
[INFO] Finished at: 2026-08-11T00:04:31Z
[INFO] ------------------------------------------------------------------------
[INFO] Njord session closed

Script done on 2026-08-11 00:04:31+00:00 [COMMAND_EXIT_CODE="0"]
