[INFO] Enabling strict checksum verification on all artifact downloads.
[INFO] Processing build on daemon d7d3f4f9
[INFO] Scanning for projects...
[INFO] Loaded 0 groupId for remote repository maven-central
[INFO] Loaded 0 groupId for remote repository google-maven-central-copy
[INFO] Njord 0.9.9 session created
[INFO] BuildTimeEventSpy is registered.
[INFO] 
[INFO] Using the SmartBuilder implementation with a thread count of 7
[INFO] 
[INFO] ------------------------< io.trino:trino-tests >------------------------
[INFO] Building trino-tests 484-SNAPSHOT
[INFO]   from pom.xml
[INFO] --------------------------------[ jar ]---------------------------------
[INFO] Loaded 0 groupId for remote repository ossrh
[INFO] Loaded 0 groupId for remote repository repo.gradle.org
[INFO] Loaded 0 groupId for remote repository central.maven.org
[INFO] 
[INFO] --- git-commit-id:10.0.0:revision (default) @ trino-tests ---
[INFO] 
[INFO] --- build-helper:3.6.1:bsh-property (surefire-enable-preview) @ trino-tests ---
[INFO] 
[INFO] --- resources:3.5.0:resources (default-resources) @ trino-tests ---
[INFO] skip non existing resourceDirectory /root/notes/trino.nitro/testing/trino-tests/src/main/resources
[INFO] 
[INFO] --- compiler:3.15.0:compile (default-compile) @ trino-tests ---
[INFO] Nothing to compile - all classes are up to date.
[INFO] 
[INFO] --- resources:3.5.0:testResources (default-testResources) @ trino-tests ---
[INFO] Copying 266 resources from src/test/resources to target/test-classes
[INFO] 
[INFO] --- compiler:3.15.0:testCompile (default-testCompile) @ trino-tests ---
[INFO] Nothing to compile - all classes are up to date.
[INFO] 
[INFO] --- modernizer:3.4.0:modernizer (modernizer) @ trino-tests ---
[INFO] Skipping modernizer execution!
[INFO] 
[INFO] --- modernizer:3.4.0:modernizer (modernizer-production-code) @ trino-tests ---
[INFO] Skipping modernizer execution!
[INFO] 
[INFO] --- dependency:3.11.0:analyze-only (default) @ trino-tests ---
[INFO] Skipping plugin execution
[INFO] 
[INFO] --- dependency:3.11.0:analyze-duplicate (default) @ trino-tests ---
[INFO] Skipping plugin execution
[INFO] 
[INFO] --- duplicate-finder:2.0.1:check (default) @ trino-tests ---
[INFO] Skipping duplicate-finder execution!
[INFO] 
[INFO] --- surefire:3.5.6:test (default-test) @ trino-tests ---
[INFO] Tests will run in random order. To reproduce ordering use flag -Dsurefire.runOrder.random.seed=4333743392973925
[INFO] Using auto detected provider org.apache.maven.surefire.junitplatform.JUnitPlatformProvider
[INFO] 
[INFO] -------------------------------------------------------
[INFO]  T E S T S
[INFO] -------------------------------------------------------
[WARNING] [stderr] WARNING: Using incubator modules: jdk.incubator.vector
[WARNING] [stderr] 2026-08-05T22:34:23.308-0600	INFO	ForkJoinPool-1-worker-1	io.airlift.log.Logging	Logging to stderr
[INFO] Running io.trino.tests.nitro.TestNitroClickBenchQueries
[WARNING] [stderr] 2026-08-05T22:34:24.194-0600	INFO	ForkJoinPool-1-worker-1	io.trino.simd.BlockEncodingSimdSupport	Detected SIMD Support for architecture=amd64, vectorBitWidth=512: SimdSupport[capabilities=[COMPRESS_BYTE, EXPAND_BYTE, COMPRESS_SHORT, EXPAND_SHORT, COMPRESS_INT, EXPAND_INT, COMPRESS_LONG, EXPAND_LONG]]
[WARNING] [stderr] WARNING: A restricted method in java.lang.System has been called
[WARNING] [stderr] WARNING: java.lang.System::loadLibrary has been called by com.aayushatharva.brotli4j.Brotli4jLoader in an unnamed module (file:/root/.m2/repository/com/aayushatharva/brotli4j/brotli4j/1.23.0/brotli4j-1.23.0.jar)
[WARNING] [stderr] WARNING: Use --enable-native-access=ALL-UNNAMED to avoid a warning for callers in this module
[WARNING] [stderr] WARNING: Restricted methods will be blocked in a future release unless native access is enabled
[WARNING] [stderr] 
[WARNING] [stderr] 2026-08-05T22:34:25.518-0600	INFO	ForkJoinPool-1-worker-1	io.trino.testing.DistributedQueryRunner	Created DistributedQueryRunner in 1.90s (unclosed instances = 1)
[WARNING] [stderr] 2026-08-05T22:34:31.540-0600	INFO	Notification Thread	io.airlift.stats.JmxGcMonitor	Major GC: application 0.00s, stopped 339.00ms: 12.16GB -> 7.73GB
[WARNING] [stderr] 2026-08-05T22:34:31.540-0600	INFO	Notification Thread	io.airlift.stats.JmxGcMonitor	Major GC: application 0.00s, stopped 339.00ms: 12.16GB -> 7.73GB
[WARNING] [stderr] 2026-08-05T22:34:34.078-0600	INFO	Notification Thread	io.airlift.stats.JmxGcMonitor	Major GC: application 2.23s, stopped 311.00ms: 12.07GB -> 7.92GB
[WARNING] [stderr] 2026-08-05T22:34:34.078-0600	INFO	Notification Thread	io.airlift.stats.JmxGcMonitor	Major GC: application 2.23s, stopped 311.00ms: 12.07GB -> 7.92GB
[WARNING] [stderr] 2026-08-05T22:34:36.502-0600	INFO	Notification Thread	io.airlift.stats.JmxGcMonitor	Major GC: application 2.13s, stopped 293.00ms: 12.01GB -> 7.68GB
[WARNING] [stderr] 2026-08-05T22:34:36.502-0600	INFO	Notification Thread	io.airlift.stats.JmxGcMonitor	Major GC: application 2.13s, stopped 293.00ms: 12.01GB -> 7.68GB
[WARNING] [stderr] 2026-08-05T22:34:39.418-0600	INFO	Notification Thread	io.airlift.stats.JmxGcMonitor	Major GC: application 2.58s, stopped 333.00ms: 12.13GB -> 7.81GB
[WARNING] [stderr] 2026-08-05T22:34:39.418-0600	INFO	Notification Thread	io.airlift.stats.JmxGcMonitor	Major GC: application 2.58s, stopped 333.00ms: 12.13GB -> 7.81GB
[WARNING] [stderr] 2026-08-05T22:34:41.844-0600	INFO	Notification Thread	io.airlift.stats.JmxGcMonitor	Major GC: application 2.08s, stopped 341.00ms: 12.06GB -> 7.83GB
[WARNING] [stderr] 2026-08-05T22:34:41.844-0600	INFO	Notification Thread	io.airlift.stats.JmxGcMonitor	Major GC: application 2.08s, stopped 341.00ms: 12.06GB -> 7.83GB
[WARNING] [stderr] 2026-08-05T22:34:43.838-0600	INFO	Notification Thread	io.airlift.stats.JmxGcMonitor	Major GC: application 1.70s, stopped 305.00ms: 11.99GB -> 7.18GB
[WARNING] [stderr] 2026-08-05T22:34:43.838-0600	INFO	Notification Thread	io.airlift.stats.JmxGcMonitor	Major GC: application 1.70s, stopped 305.00ms: 11.99GB -> 7.18GB
[WARNING] [stderr] 2026-08-05T22:34:50.272-0600	INFO	Notification Thread	io.airlift.stats.JmxGcMonitor	Major GC: application 6.10s, stopped 331.00ms: 12.16GB -> 7.18GB
[WARNING] [stderr] 2026-08-05T22:34:50.275-0600	INFO	Notification Thread	io.airlift.stats.JmxGcMonitor	Major GC: application 6.10s, stopped 331.00ms: 12.16GB -> 7.18GB
[WARNING] [stderr] 2026-08-05T22:34:53.104-0600	INFO	Notification Thread	io.airlift.stats.JmxGcMonitor	Major GC: application 2.53s, stopped 303.00ms: 12.05GB -> 6.57GB
[WARNING] [stderr] 2026-08-05T22:34:53.105-0600	INFO	Notification Thread	io.airlift.stats.JmxGcMonitor	Major GC: application 2.53s, stopped 303.00ms: 12.05GB -> 6.57GB
[WARNING] [stderr] 2026-08-05T22:34:56.633-0600	INFO	Notification Thread	io.airlift.stats.JmxGcMonitor	Major GC: application 3.22s, stopped 305.00ms: 12.15GB -> 6.52GB
[WARNING] [stderr] 2026-08-05T22:34:56.633-0600	INFO	Notification Thread	io.airlift.stats.JmxGcMonitor	Major GC: application 3.22s, stopped 305.00ms: 12.15GB -> 6.52GB
[WARNING] [stderr] 2026-08-05T22:34:59.453-0600	INFO	ForkJoinPool-1-worker-1	stdout	engine,suite,query,measurements,min_ms,p50_ms,p95_ms,mean_ms,cpu_p50_ms,cpu_mean_ms,cpu_over_wall,input_positions,nitro_source_drivers,native_sources
[WARNING] [stderr] 2026-08-05T22:35:00.090-0600	INFO	ForkJoinPool-1-worker-1	stdout	nitro,clickbench,q01,1,88.815,88.815,88.815,88.815,29.000,29.000,0.3265,99997497,165,165
[WARNING] [stderr] 2026-08-05T22:35:00.091-0600	INFO	ForkJoinPool-1-worker-1	stdout	peak_memory,nitro,clickbench,q01,1,0.156,0.156,9713.747,9713.747
[WARNING] [stderr] 2026-08-05T22:35:00.879-0600	INFO	ForkJoinPool-1-worker-1	stdout	nitro,clickbench,q02,1,96.676,96.676,96.676,96.676,69.000,69.000,0.7137,99997497,165,165
[WARNING] [stderr] 2026-08-05T22:35:00.879-0600	INFO	ForkJoinPool-1-worker-1	stdout	peak_memory,nitro,clickbench,q02,1,0.986,0.986,9725.927,9725.927
[WARNING] [stderr] 2026-08-05T22:35:02.397-0600	INFO	ForkJoinPool-1-worker-1	stdout	nitro,clickbench,q03,1,166.811,166.811,166.811,166.811,380.000,380.000,2.2780,99997497,165,165
[WARNING] [stderr] 2026-08-05T22:35:02.397-0600	INFO	ForkJoinPool-1-worker-1	stdout	peak_memory,nitro,clickbench,q03,1,0.947,0.947,7001.080,7001.080
[WARNING] [stderr] 2026-08-05T22:35:03.250-0600	INFO	ForkJoinPool-1-worker-1	stdout	nitro,clickbench,q04,1,134.703,134.703,134.703,134.703,271.000,271.000,2.0118,99997497,165,165
[WARNING] [stderr] 2026-08-05T22:35:03.250-0600	INFO	ForkJoinPool-1-worker-1	stdout	peak_memory,nitro,clickbench,q04,1,0.352,0.352,8585.080,8585.080
[WARNING] [stderr] 2026-08-05T22:35:09.348-0600	INFO	ForkJoinPool-1-worker-1	stdout	nitro,clickbench,q05,1,881.867,881.867,881.867,881.867,2986.000,2986.000,3.3860,99997497,165,165
[WARNING] [stderr] 2026-08-05T22:35:09.348-0600	INFO	ForkJoinPool-1-worker-1	stdout	peak_memory,nitro,clickbench,q05,1,515.000,515.000,8428.711,8428.711
[WARNING] [stderr] 2026-08-05T22:35:16.273-0600	INFO	ForkJoinPool-1-worker-1	stdout	nitro,clickbench,q06,1,1034.721,1034.721,1034.721,1034.721,5641.000,5641.000,5.4517,99997497,165,165
[WARNING] [stderr] 2026-08-05T22:35:16.273-0600	INFO	ForkJoinPool-1-worker-1	stdout	peak_memory,nitro,clickbench,q06,1,374.842,374.842,10659.525,10659.525
[WARNING] [stderr] 2026-08-05T22:35:17.216-0600	INFO	ForkJoinPool-1-worker-1	stdout	nitro,clickbench,q07,1,133.553,133.553,133.553,133.553,381.000,381.000,2.8528,99997497,165,165
[WARNING] [stderr] 2026-08-05T22:35:17.216-0600	INFO	ForkJoinPool-1-worker-1	stdout	peak_memory,nitro,clickbench,q07,1,0.143,0.143,5984.991,5984.991
[WARNING] [stderr] 2026-08-05T22:35:17.597-0600	INFO	ForkJoinPool-1-worker-1	stdout	nitro,clickbench,q08,1,54.120,54.120,54.120,54.120,46.000,46.000,0.8500,99997497,165,165
[WARNING] [stderr] 2026-08-05T22:35:17.597-0600	INFO	ForkJoinPool-1-worker-1	stdout	peak_memory,nitro,clickbench,q08,1,2.474,2.474,6816.991,6816.991
[WARNING] [stderr] 2026-08-05T22:35:25.420-0600	INFO	ForkJoinPool-1-worker-1	stdout	nitro,clickbench,q09,1,1262.576,1262.576,1262.576,1262.576,4313.000,4313.000,3.4160,99997497,165,165
[WARNING] [stderr] 2026-08-05T22:35:25.420-0600	INFO	ForkJoinPool-1-worker-1	stdout	peak_memory,nitro,clickbench,q09,1,641.109,641.109,10282.099,10282.099
[WARNING] [stderr] 2026-08-05T22:35:36.769-0600	INFO	ForkJoinPool-1-worker-1	stdout	nitro,clickbench,q10,1,1848.315,1848.315,1848.315,1848.315,5330.000,5330.000,2.8837,99997497,0,165
[WARNING] [stderr] 2026-08-05T22:35:36.769-0600	INFO	ForkJoinPool-1-worker-1	stdout	peak_memory,nitro,clickbench,q10,1,325.871,325.871,9945.101,9945.101
[WARNING] [stderr] 2026-08-05T22:35:38.770-0600	INFO	ForkJoinPool-1-worker-1	stdout	nitro,clickbench,q11,1,239.542,239.542,239.542,239.542,880.000,880.000,3.6737,99997497,165,165
[WARNING] [stderr] 2026-08-05T22:35:38.770-0600	INFO	ForkJoinPool-1-worker-1	stdout	peak_memory,nitro,clickbench,q11,1,8.296,8.296,8311.560,8311.560
[WARNING] [stderr] 2026-08-05T22:35:40.802-0600	INFO	ForkJoinPool-1-worker-1	stdout	nitro,clickbench,q12,1,309.749,309.749,309.749,309.749,1167.000,1167.000,3.7676,99997497,165,165
[WARNING] [stderr] 2026-08-05T22:35:40.803-0600	INFO	ForkJoinPool-1-worker-1	stdout	peak_memory,nitro,clickbench,q12,1,8.597,8.597,6933.863,6933.863
[WARNING] [stderr] 2026-08-05T22:35:46.612-0600	INFO	ForkJoinPool-1-worker-1	stdout	nitro,clickbench,q13,1,971.640,971.640,971.640,971.640,4656.000,4656.000,4.7919,99997497,165,165
[WARNING] [stderr] 2026-08-05T22:35:46.612-0600	INFO	ForkJoinPool-1-worker-1	stdout	peak_memory,nitro,clickbench,q13,1,526.788,526.788,10514.597,10514.597
[WARNING] [stderr] 2026-08-05T22:35:59.140-0600	INFO	ForkJoinPool-1-worker-1	stdout	nitro,clickbench,q14,1,2042.683,2042.683,2042.683,2042.683,7360.000,7360.000,3.6031,99997497,165,165
[WARNING] [stderr] 2026-08-05T22:35:59.140-0600	INFO	ForkJoinPool-1-worker-1	stdout	peak_memory,nitro,clickbench,q14,1,1580.715,1580.715,10318.525,10318.525
[WARNING] [stderr] 2026-08-05T22:36:05.600-0600	INFO	ForkJoinPool-1-worker-1	stdout	nitro,clickbench,q15,1,1042.596,1042.596,1042.596,1042.596,5155.000,5155.000,4.9444,99997497,165,165
[WARNING] [stderr] 2026-08-05T22:36:05.600-0600	INFO	ForkJoinPool-1-worker-1	stdout	peak_memory,nitro,clickbench,q15,1,565.849,565.849,10026.564,10026.564
[WARNING] [stderr] 2026-08-05T22:36:07.364-0600	INFO	Notification Thread	io.airlift.stats.JmxGcMonitor	Major GC: application 1.18m, stopped 146.00ms: 12.19GB -> 3.40GB
[WARNING] [stderr] 2026-08-05T22:36:07.364-0600	INFO	Notification Thread	io.airlift.stats.JmxGcMonitor	Major GC: application 1.18m, stopped 146.00ms: 12.19GB -> 3.40GB
[WARNING] [stderr] 2026-08-05T22:36:12.725-0600	INFO	ForkJoinPool-1-worker-1	stdout	nitro,clickbench,q16,1,1179.578,1179.578,1179.578,1179.578,3455.000,3455.000,2.9290,99997497,165,165
[WARNING] [stderr] 2026-08-05T22:36:12.725-0600	INFO	ForkJoinPool-1-worker-1	stdout	peak_memory,nitro,clickbench,q16,1,623.364,623.364,10452.054,10452.054
[WARNING] [stderr] 2026-08-05T22:36:29.004-0600	INFO	ForkJoinPool-1-worker-1	stdout	nitro,clickbench,q17,1,2638.291,2638.291,2638.291,2638.291,11230.000,11230.000,4.2565,99997497,165,165
[WARNING] [stderr] 2026-08-05T22:36:29.004-0600	INFO	ForkJoinPool-1-worker-1	stdout	peak_memory,nitro,clickbench,q17,1,1337.070,1337.070,9930.269,9930.269
[WARNING] [stderr] 2026-08-05T22:36:45.277-0600	INFO	ForkJoinPool-1-worker-1	stdout	nitro,clickbench,q18,1,2693.658,2693.658,2693.658,2693.658,11420.000,11420.000,4.2396,99997497,165,165
[WARNING] [stderr] 2026-08-05T22:36:45.277-0600	INFO	ForkJoinPool-1-worker-1	stdout	peak_memory,nitro,clickbench,q18,1,1495.638,1495.638,9480.780,9480.780
[WARNING] [stderr] 2026-08-05T22:37:19.559-0600	INFO	ForkJoinPool-1-worker-1	stdout	nitro,clickbench,q19,1,5680.288,5680.288,5680.288,5680.288,25100.000,25100.000,4.4188,99997497,165,165
[WARNING] [stderr] 2026-08-05T22:37:19.559-0600	INFO	ForkJoinPool-1-worker-1	stdout	peak_memory,nitro,clickbench,q19,1,3251.616,3251.616,10657.366,10657.366
[WARNING] [stderr] 2026-08-05T22:37:20.237-0600	INFO	ForkJoinPool-1-worker-1	stdout	nitro,clickbench,q20,1,65.439,65.439,65.439,65.439,160.000,160.000,2.4450,83919223,0,165
[WARNING] [stderr] 2026-08-05T22:37:20.237-0600	INFO	ForkJoinPool-1-worker-1	stdout	peak_memory,nitro,clickbench,q20,1,0.000,0.000,10065.641,10065.641
[WARNING] [stderr] 2026-08-05T22:37:30.615-0600	INFO	ForkJoinPool-1-worker-1	stdout	nitro,clickbench,q21,1,1611.160,1611.160,1611.160,1611.160,11482.000,11482.000,7.1265,99997497,165,165
[WARNING] [stderr] 2026-08-05T22:37:30.615-0600	INFO	ForkJoinPool-1-worker-1	stdout	peak_memory,nitro,clickbench,q21,1,91.357,91.357,11448.840,11448.840
[WARNING] [stderr] 2026-08-05T22:37:37.978-0600	INFO	ForkJoinPool-1-worker-1	stdout	nitro,clickbench,q22,1,1140.621,1140.621,1140.621,1140.621,7852.000,7852.000,6.8840,99997497,165,165
[WARNING] [stderr] 2026-08-05T22:37:37.979-0600	INFO	ForkJoinPool-1-worker-1	stdout	peak_memory,nitro,clickbench,q22,1,166.952,166.952,10461.612,10461.612
[WARNING] [stderr] 2026-08-05T22:37:49.669-0600	INFO	ForkJoinPool-1-worker-1	stdout	nitro,clickbench,q23,1,1974.477,1974.477,1974.477,1974.477,11884.000,11884.000,6.0188,99997497,0,165
[WARNING] [stderr] 2026-08-05T22:37:49.669-0600	INFO	ForkJoinPool-1-worker-1	stdout	peak_memory,nitro,clickbench,q23,1,188.455,188.455,10033.106,10033.106
[WARNING] [stderr] 2026-08-05T22:37:51.810-0600	INFO	Notification Thread	io.airlift.stats.JmxGcMonitor	Major GC: application 1.74m, stopped 239.00ms: 12.21GB -> 4.22GB
[WARNING] [stderr] 2026-08-05T22:37:51.810-0600	INFO	Notification Thread	io.airlift.stats.JmxGcMonitor	Major GC: application 1.74m, stopped 239.00ms: 12.21GB -> 4.22GB
[WARNING] [stderr] 2026-08-05T22:37:53.300-0600	INFO	Notification Thread	io.airlift.stats.JmxGcMonitor	Major GC: application 1.27s, stopped 221.00ms: 12.16GB -> 4.32GB
[WARNING] [stderr] 2026-08-05T22:37:53.301-0600	INFO	Notification Thread	io.airlift.stats.JmxGcMonitor	Major GC: application 1.27s, stopped 221.00ms: 12.16GB -> 4.32GB
[WARNING] [stderr] 2026-08-05T22:37:55.041-0600	INFO	Notification Thread	io.airlift.stats.JmxGcMonitor	Major GC: application 1.53s, stopped 208.00ms: 12.20GB -> 4.20GB
[WARNING] [stderr] 2026-08-05T22:37:55.041-0600	INFO	Notification Thread	io.airlift.stats.JmxGcMonitor	Major GC: application 1.53s, stopped 208.00ms: 12.20GB -> 4.20GB
[WARNING] [stderr] 2026-08-05T22:37:57.170-0600	INFO	Notification Thread	io.airlift.stats.JmxGcMonitor	Major GC: application 1.95s, stopped 180.00ms: 12.15GB -> 3.61GB
[WARNING] [stderr] 2026-08-05T22:37:57.171-0600	INFO	Notification Thread	io.airlift.stats.JmxGcMonitor	Major GC: application 1.95s, stopped 180.00ms: 12.15GB -> 3.61GB
[WARNING] [stderr] 2026-08-05T22:37:59.081-0600	INFO	Notification Thread	io.airlift.stats.JmxGcMonitor	Major GC: application 1.70s, stopped 213.00ms: 12.19GB -> 4.03GB
[WARNING] [stderr] 2026-08-05T22:37:59.081-0600	INFO	Notification Thread	io.airlift.stats.JmxGcMonitor	Major GC: application 1.70s, stopped 213.00ms: 12.19GB -> 4.03GB
[WARNING] [stderr] 2026-08-05T22:38:01.076-0600	INFO	Notification Thread	io.airlift.stats.JmxGcMonitor	Major GC: application 1.77s, stopped 223.00ms: 12.20GB -> 3.87GB
[WARNING] [stderr] 2026-08-05T22:38:01.076-0600	INFO	Notification Thread	io.airlift.stats.JmxGcMonitor	Major GC: application 1.77s, stopped 223.00ms: 12.20GB -> 3.87GB
[WARNING] [stderr] 2026-08-05T22:38:02.451-0600	INFO	Notification Thread	io.airlift.stats.JmxGcMonitor	Major GC: application 1.16s, stopped 211.00ms: 12.09GB -> 4.51GB
[WARNING] [stderr] 2026-08-05T22:38:02.453-0600	INFO	Notification Thread	io.airlift.stats.JmxGcMonitor	Major GC: application 1.16s, stopped 211.00ms: 12.09GB -> 4.51GB
[WARNING] [stderr] 2026-08-05T22:38:04.534-0600	INFO	Notification Thread	io.airlift.stats.JmxGcMonitor	Major GC: application 1.86s, stopped 224.00ms: 12.20GB -> 4.13GB
[WARNING] [stderr] 2026-08-05T22:38:04.534-0600	INFO	Notification Thread	io.airlift.stats.JmxGcMonitor	Major GC: application 1.86s, stopped 224.00ms: 12.20GB -> 4.13GB
[WARNING] [stderr] 2026-08-05T22:38:06.526-0600	INFO	Notification Thread	io.airlift.stats.JmxGcMonitor	Major GC: application 1.78s, stopped 218.00ms: 12.18GB -> 4.36GB
[WARNING] [stderr] 2026-08-05T22:38:06.526-0600	INFO	Notification Thread	io.airlift.stats.JmxGcMonitor	Major GC: application 1.78s, stopped 218.00ms: 12.18GB -> 4.36GB
[WARNING] [stderr] 2026-08-05T22:38:09.840-0600	INFO	Notification Thread	io.airlift.stats.JmxGcMonitor	Major GC: application 3.10s, stopped 212.00ms: 12.11GB -> 4.85GB
[WARNING] [stderr] 2026-08-05T22:38:09.840-0600	INFO	Notification Thread	io.airlift.stats.JmxGcMonitor	Major GC: application 3.10s, stopped 212.00ms: 12.11GB -> 4.85GB
[WARNING] [stderr] 2026-08-05T22:38:12.443-0600	INFO	Notification Thread	io.airlift.stats.JmxGcMonitor	Major GC: application 2.38s, stopped 228.00ms: 12.20GB -> 4.06GB
[WARNING] [stderr] 2026-08-05T22:38:12.444-0600	INFO	Notification Thread	io.airlift.stats.JmxGcMonitor	Major GC: application 2.38s, stopped 228.00ms: 12.20GB -> 4.06GB
[WARNING] [stderr] 2026-08-05T22:38:16.502-0600	INFO	Notification Thread	io.airlift.stats.JmxGcMonitor	Major GC: application 3.84s, stopped 221.00ms: 12.20GB -> 3.99GB
[WARNING] [stderr] 2026-08-05T22:38:16.502-0600	INFO	Notification Thread	io.airlift.stats.JmxGcMonitor	Major GC: application 3.84s, stopped 221.00ms: 12.20GB -> 3.99GB
[WARNING] [stderr] 2026-08-05T22:38:18.059-0600	INFO	Notification Thread	io.airlift.stats.JmxGcMonitor	Major GC: application 1.37s, stopped 187.00ms: 12.17GB -> 4.51GB
[WARNING] [stderr] 2026-08-05T22:38:18.059-0600	INFO	Notification Thread	io.airlift.stats.JmxGcMonitor	Major GC: application 1.37s, stopped 187.00ms: 12.17GB -> 4.51GB
[WARNING] [stderr] 2026-08-05T22:38:20.557-0600	INFO	Notification Thread	io.airlift.stats.JmxGcMonitor	Major GC: application 2.29s, stopped 206.00ms: 12.19GB -> 4.23GB
[WARNING] [stderr] 2026-08-05T22:38:20.557-0600	INFO	Notification Thread	io.airlift.stats.JmxGcMonitor	Major GC: application 2.29s, stopped 206.00ms: 12.19GB -> 4.23GB
[WARNING] [stderr] 2026-08-05T22:38:22.613-0600	INFO	Notification Thread	io.airlift.stats.JmxGcMonitor	Major GC: application 1.84s, stopped 220.00ms: 12.20GB -> 4.56GB
[WARNING] [stderr] 2026-08-05T22:38:22.613-0600	INFO	Notification Thread	io.airlift.stats.JmxGcMonitor	Major GC: application 1.84s, stopped 220.00ms: 12.20GB -> 4.56GB
[WARNING] [stderr] 2026-08-05T22:38:24.134-0600	INFO	Notification Thread	io.airlift.stats.JmxGcMonitor	Major GC: application 1.33s, stopped 196.00ms: 12.15GB -> 3.42GB
[WARNING] [stderr] 2026-08-05T22:38:24.134-0600	INFO	Notification Thread	io.airlift.stats.JmxGcMonitor	Major GC: application 1.33s, stopped 196.00ms: 12.15GB -> 3.42GB
[WARNING] [stderr] 2026-08-05T22:38:25.742-0600	INFO	Notification Thread	io.airlift.stats.JmxGcMonitor	Major GC: application 1.40s, stopped 212.00ms: 12.18GB -> 3.85GB
[WARNING] [stderr] 2026-08-05T22:38:25.743-0600	INFO	Notification Thread	io.airlift.stats.JmxGcMonitor	Major GC: application 1.40s, stopped 212.00ms: 12.18GB -> 3.85GB
[WARNING] [stderr] 2026-08-05T22:38:27.643-0600	INFO	Notification Thread	io.airlift.stats.JmxGcMonitor	Major GC: application 1.68s, stopped 217.00ms: 12.19GB -> 4.17GB
[WARNING] [stderr] 2026-08-05T22:38:27.643-0600	INFO	Notification Thread	io.airlift.stats.JmxGcMonitor	Major GC: application 1.68s, stopped 217.00ms: 12.19GB -> 4.17GB
[WARNING] [stderr] 2026-08-05T22:38:28.880-0600	INFO	Notification Thread	io.airlift.stats.JmxGcMonitor	Major GC: application 1.02s, stopped 205.00ms: 12.04GB -> 3.98GB
[WARNING] [stderr] 2026-08-05T22:38:28.880-0600	INFO	Notification Thread	io.airlift.stats.JmxGcMonitor	Major GC: application 1.02s, stopped 205.00ms: 12.04GB -> 3.98GB
[WARNING] [stderr] 2026-08-05T22:38:31.867-0600	INFO	Notification Thread	io.airlift.stats.JmxGcMonitor	Major GC: application 2.77s, stopped 220.00ms: 12.20GB -> 4.18GB
[WARNING] [stderr] 2026-08-05T22:38:31.868-0600	INFO	Notification Thread	io.airlift.stats.JmxGcMonitor	Major GC: application 2.77s, stopped 220.00ms: 12.20GB -> 4.18GB
[WARNING] [stderr] 2026-08-05T22:38:33.585-0600	INFO	Notification Thread	io.airlift.stats.JmxGcMonitor	Major GC: application 1.52s, stopped 200.00ms: 12.16GB -> 4.12GB
[WARNING] [stderr] 2026-08-05T22:38:33.585-0600	INFO	Notification Thread	io.airlift.stats.JmxGcMonitor	Major GC: application 1.52s, stopped 200.00ms: 12.16GB -> 4.12GB
[WARNING] [stderr] 2026-08-05T22:38:36.163-0600	INFO	Notification Thread	io.airlift.stats.JmxGcMonitor	Major GC: application 2.33s, stopped 252.00ms: 12.20GB -> 4.41GB
[WARNING] [stderr] 2026-08-05T22:38:36.163-0600	INFO	Notification Thread	io.airlift.stats.JmxGcMonitor	Major GC: application 2.33s, stopped 252.00ms: 12.20GB -> 4.41GB
[WARNING] [stderr] 2026-08-05T22:38:37.743-0600	INFO	ForkJoinPool-1-worker-1	stdout	nitro,clickbench,q24,1,7839.833,7839.833,7839.833,7839.833,30472.000,30472.000,3.8868,99997497,0,165
[WARNING] [stderr] 2026-08-05T22:38:37.743-0600	INFO	ForkJoinPool-1-worker-1	stdout	peak_memory,nitro,clickbench,q24,1,615.404,615.404,12245.248,12245.248
[WARNING] [stderr] 2026-08-05T22:38:40.609-0600	INFO	ForkJoinPool-1-worker-1	stdout	nitro,clickbench,q25,1,468.287,468.287,468.287,468.287,2381.000,2381.000,5.0845,99997497,0,165
[WARNING] [stderr] 2026-08-05T22:38:40.609-0600	INFO	ForkJoinPool-1-worker-1	stdout	peak_memory,nitro,clickbench,q25,1,0.572,0.572,8397.617,8397.617
[WARNING] [stderr] 2026-08-05T22:38:42.322-0600	INFO	ForkJoinPool-1-worker-1	stdout	nitro,clickbench,q26,1,272.972,272.972,272.972,272.972,1528.000,1528.000,5.5976,99997497,0,165
[WARNING] [stderr] 2026-08-05T22:38:42.322-0600	INFO	ForkJoinPool-1-worker-1	stdout	peak_memory,nitro,clickbench,q26,1,3.596,3.596,6272.924,6272.924
[WARNING] [stderr] 2026-08-05T22:38:44.846-0600	INFO	ForkJoinPool-1-worker-1	stdout	nitro,clickbench,q27,1,402.114,402.114,402.114,402.114,2380.000,2380.000,5.9187,99997497,0,165
[WARNING] [stderr] 2026-08-05T22:38:44.846-0600	INFO	ForkJoinPool-1-worker-1	stdout	peak_memory,nitro,clickbench,q27,1,27.462,27.462,9598.508,9598.508
[WARNING] [stderr] 2026-08-05T22:38:52.034-0600	INFO	ForkJoinPool-1-worker-1	stdout	nitro,clickbench,q28,1,1173.918,1173.918,1173.918,1173.918,7633.000,7633.000,6.5022,99997497,165,165
[WARNING] [stderr] 2026-08-05T22:38:52.034-0600	INFO	ForkJoinPool-1-worker-1	stdout	peak_memory,nitro,clickbench,q28,1,39.343,39.343,6875.311,6875.311
[WARNING] [stderr] 2026-08-05T22:39:09.827-0600	INFO	ForkJoinPool-1-worker-1	stdout	nitro,clickbench,q29,1,2859.140,2859.140,2859.140,2859.140,18465.000,18465.000,6.4582,99997497,165,165
[WARNING] [stderr] 2026-08-05T22:39:09.827-0600	INFO	ForkJoinPool-1-worker-1	stdout	peak_memory,nitro,clickbench,q29,1,1031.755,1031.755,10404.601,10404.601
[WARNING] [stderr] 2026-08-05T22:39:47.030-0600	INFO	ForkJoinPool-1-worker-1	stdout	nitro,clickbench,q30,1,6075.023,6075.023,6075.023,6075.023,45728.000,45728.000,7.5272,99997497,165,165
[WARNING] [stderr] 2026-08-05T22:39:47.030-0600	INFO	ForkJoinPool-1-worker-1	stdout	peak_memory,nitro,clickbench,q30,1,61.593,61.593,10573.809,10573.809
[ERROR] Tests run: 3, Failures: 0, Errors: 1, Skipped: 0, Time elapsed: 323.7 s <<< FAILURE! -- in io.trino.tests.nitro.TestNitroClickBenchQueries
[ERROR] io.trino.tests.nitro.TestNitroClickBenchQueries.testNativeProjectionSource -- Time elapsed: 0.004 s <<< ERROR!
java.lang.NullPointerException: Cannot invoke "io.trino.testing.DistributedQueryRunner.execute(io.trino.Session, String)" because "this.baseline" is null
	at io.trino.tests.nitro.TestNitroClickBenchQueries.testNativeProjectionSource(TestNitroClickBenchQueries.java:229)
[WARNING] [stderr] 2026-08-05T22:39:47.060-0600	INFO	main	io.trino.testing.containers.junit.ReportLeakedContainers	DockerClientFactory not initialized, so there should be no leaked containers, skipping the check
[INFO] 
[INFO] Results:
[INFO] 
[ERROR] Errors: 
[ERROR]   TestNitroClickBenchQueries.testNativeProjectionSource:229 NullPointer Cannot invoke "io.trino.testing.DistributedQueryRunner.execute(io.trino.Session, String)" because "this.baseline" is null
[INFO] 
[ERROR] Tests run: 3, Failures: 0, Errors: 1, Skipped: 0
[INFO] 
[INFO] ------------------------------------------------------------------------
[INFO] BUILD FAILURE
[INFO] ------------------------------------------------------------------------
[INFO] Total time:  05:25 min (Wall Clock)
[INFO] Finished at: 2026-08-06T04:39:47Z
[INFO] ------------------------------------------------------------------------
[INFO] Njord session closed
[ERROR] Failed to execute goal org.apache.maven.plugins:maven-surefire-plugin:3.5.6:test (default-test) on project trino-tests: 
[ERROR] 
[ERROR] See /root/notes/trino.nitro/testing/trino-tests/target/surefire-reports for the individual test results.
[ERROR] See dump files (if any exist) [date].dump, [date]-jvmRun[N].dump and [date].dumpstream.
[ERROR] -> [Help 1]
[ERROR] 
[ERROR] To see the full stack trace of the errors, re-run Maven with the -e switch.
[ERROR] Re-run Maven using the -X switch to enable full debug logging.
[ERROR] 
[ERROR] For more information about the errors and possible solutions, please read the following articles:
[ERROR] [Help 1] http://cwiki.apache.org/confluence/display/MAVEN/MojoFailureException
Purged 5 log files (log available in /root/.mvnd/purge-2026-08-06.log)
