[INFO] Enabling strict checksum verification on all artifact downloads.
[INFO] Processing build on daemon add5bd50
[INFO] Scanning for projects...
[INFO] Loaded 0 groupId for remote repository maven-central
[INFO] Loaded 0 groupId for remote repository google-maven-central-copy
[INFO] Njord 0.9.9 session created
[INFO] BuildTimeEventSpy is registered.
[INFO] 
[INFO] Using the SmartBuilder implementation with a thread count of 7
[INFO] 
[INFO] ------------------------< io.trino:trino-tests >------------------------
[INFO] Building trino-tests 484-SNAPSHOT
[INFO]   from pom.xml
[INFO] --------------------------------[ jar ]---------------------------------
[INFO] Loaded 0 groupId for remote repository ossrh
[INFO] Loaded 0 groupId for remote repository repo.gradle.org
[INFO] Loaded 0 groupId for remote repository central.maven.org
[INFO] 
[INFO] --- git-commit-id:10.0.0:revision (default) @ trino-tests ---
[INFO] 
[INFO] --- build-helper:3.6.1:bsh-property (surefire-enable-preview) @ trino-tests ---
[INFO] 
[INFO] --- resources:3.5.0:resources (default-resources) @ trino-tests ---
[INFO] skip non existing resourceDirectory /root/notes/trino.nitro/testing/trino-tests/src/main/resources
[INFO] 
[INFO] --- compiler:3.15.0:compile (default-compile) @ trino-tests ---
[INFO] Nothing to compile - all classes are up to date.
[INFO] 
[INFO] --- resources:3.5.0:testResources (default-testResources) @ trino-tests ---
[INFO] Copying 266 resources from src/test/resources to target/test-classes
[INFO] 
[INFO] --- compiler:3.15.0:testCompile (default-testCompile) @ trino-tests ---
[INFO] Nothing to compile - all classes are up to date.
[INFO] 
[INFO] --- modernizer:3.4.0:modernizer (modernizer) @ trino-tests ---
[INFO] Skipping modernizer execution!
[INFO] 
[INFO] --- modernizer:3.4.0:modernizer (modernizer-production-code) @ trino-tests ---
[INFO] Skipping modernizer execution!
[INFO] 
[INFO] --- dependency:3.11.0:analyze-only (default) @ trino-tests ---
[INFO] Skipping plugin execution
[INFO] 
[INFO] --- dependency:3.11.0:analyze-duplicate (default) @ trino-tests ---
[INFO] Skipping plugin execution
[INFO] 
[INFO] --- duplicate-finder:2.0.1:check (default) @ trino-tests ---
[INFO] Skipping duplicate-finder execution!
[INFO] 
[INFO] --- surefire:3.5.6:test (default-test) @ trino-tests ---
[INFO] Tests will run in random order. To reproduce ordering use flag -Dsurefire.runOrder.random.seed=4333442718599037
[INFO] Using auto detected provider org.apache.maven.surefire.junitplatform.JUnitPlatformProvider
[INFO] 
[INFO] -------------------------------------------------------
[INFO]  T E S T S
[INFO] -------------------------------------------------------
[WARNING] [stderr] WARNING: Using incubator modules: jdk.incubator.vector
[WARNING] [stderr] 2026-08-05T22:29:22.616-0600	INFO	ForkJoinPool-1-worker-1	io.airlift.log.Logging	Logging to stderr
[INFO] Running io.trino.tests.nitro.TestNitroClickBenchQueries
[WARNING] [stderr] 2026-08-05T22:29:23.501-0600	INFO	ForkJoinPool-1-worker-1	io.trino.simd.BlockEncodingSimdSupport	Detected SIMD Support for architecture=amd64, vectorBitWidth=512: SimdSupport[capabilities=[COMPRESS_BYTE, EXPAND_BYTE, COMPRESS_SHORT, EXPAND_SHORT, COMPRESS_INT, EXPAND_INT, COMPRESS_LONG, EXPAND_LONG]]
[WARNING] [stderr] WARNING: A restricted method in java.lang.System has been called
[WARNING] [stderr] WARNING: java.lang.System::loadLibrary has been called by com.aayushatharva.brotli4j.Brotli4jLoader in an unnamed module (file:/root/.m2/repository/com/aayushatharva/brotli4j/brotli4j/1.23.0/brotli4j-1.23.0.jar)
[WARNING] [stderr] WARNING: Use --enable-native-access=ALL-UNNAMED to avoid a warning for callers in this module
[WARNING] [stderr] WARNING: Restricted methods will be blocked in a future release unless native access is enabled
[WARNING] [stderr] 
[WARNING] [stderr] 2026-08-05T22:29:24.819-0600	INFO	ForkJoinPool-1-worker-1	io.trino.testing.DistributedQueryRunner	Created DistributedQueryRunner in 1.89s (unclosed instances = 1)
[WARNING] [stderr] 2026-08-05T22:29:30.634-0600	INFO	Notification Thread	io.airlift.stats.JmxGcMonitor	Major GC: application 0.00s, stopped 347.00ms: 12.16GB -> 7.49GB
[WARNING] [stderr] 2026-08-05T22:29:30.634-0600	INFO	Notification Thread	io.airlift.stats.JmxGcMonitor	Major GC: application 0.00s, stopped 347.00ms: 12.16GB -> 7.49GB
[WARNING] [stderr] 2026-08-05T22:29:33.279-0600	INFO	Notification Thread	io.airlift.stats.JmxGcMonitor	Major GC: application 2.35s, stopped 300.00ms: 12.09GB -> 7.13GB
[WARNING] [stderr] 2026-08-05T22:29:33.280-0600	INFO	Notification Thread	io.airlift.stats.JmxGcMonitor	Major GC: application 2.35s, stopped 300.00ms: 12.09GB -> 7.13GB
[WARNING] [stderr] 2026-08-05T22:29:36.951-0600	INFO	Notification Thread	io.airlift.stats.JmxGcMonitor	Major GC: application 3.36s, stopped 310.00ms: 12.12GB -> 7.32GB
[WARNING] [stderr] 2026-08-05T22:29:36.951-0600	INFO	Notification Thread	io.airlift.stats.JmxGcMonitor	Major GC: application 3.36s, stopped 310.00ms: 12.12GB -> 7.32GB
[WARNING] [stderr] 2026-08-05T22:29:39.320-0600	INFO	Notification Thread	io.airlift.stats.JmxGcMonitor	Major GC: application 2.05s, stopped 311.00ms: 12.05GB -> 7.55GB
[WARNING] [stderr] 2026-08-05T22:29:39.320-0600	INFO	Notification Thread	io.airlift.stats.JmxGcMonitor	Major GC: application 2.05s, stopped 311.00ms: 12.05GB -> 7.55GB
[WARNING] [stderr] 2026-08-05T22:29:45.091-0600	INFO	Notification Thread	io.airlift.stats.JmxGcMonitor	Major GC: application 5.46s, stopped 310.00ms: 12.16GB -> 6.34GB
[WARNING] [stderr] 2026-08-05T22:29:45.091-0600	INFO	Notification Thread	io.airlift.stats.JmxGcMonitor	Major GC: application 5.46s, stopped 310.00ms: 12.16GB -> 6.34GB
[WARNING] [stderr] 2026-08-05T22:29:49.957-0600	INFO	Notification Thread	io.airlift.stats.JmxGcMonitor	Major GC: application 4.54s, stopped 330.00ms: 12.16GB -> 7.65GB
[WARNING] [stderr] 2026-08-05T22:29:49.957-0600	INFO	Notification Thread	io.airlift.stats.JmxGcMonitor	Major GC: application 4.54s, stopped 330.00ms: 12.16GB -> 7.65GB
[WARNING] [stderr] 2026-08-05T22:29:52.659-0600	INFO	Notification Thread	io.airlift.stats.JmxGcMonitor	Major GC: application 2.41s, stopped 289.00ms: 12.06GB -> 6.63GB
[WARNING] [stderr] 2026-08-05T22:29:52.659-0600	INFO	Notification Thread	io.airlift.stats.JmxGcMonitor	Major GC: application 2.41s, stopped 289.00ms: 12.06GB -> 6.63GB
[WARNING] [stderr] 2026-08-05T22:29:56.805-0600	INFO	Notification Thread	io.airlift.stats.JmxGcMonitor	Major GC: application 3.89s, stopped 259.00ms: 12.16GB -> 5.43GB
[WARNING] [stderr] 2026-08-05T22:29:56.805-0600	INFO	Notification Thread	io.airlift.stats.JmxGcMonitor	Major GC: application 3.89s, stopped 259.00ms: 12.16GB -> 5.43GB
[WARNING] [stderr] 2026-08-05T22:29:58.903-0600	INFO	ForkJoinPool-1-worker-1	stdout	engine,suite,query,measurements,min_ms,p50_ms,p95_ms,mean_ms,cpu_p50_ms,cpu_mean_ms,cpu_over_wall,input_positions,nitro_source_drivers,native_sources
[WARNING] [stderr] 2026-08-05T22:30:21.352-0600	INFO	ForkJoinPool-1-worker-1	stdout	nitro,clickbench,q30,3,2698.141,2745.986,2795.294,2746.474,18749.000,18752.333,6.8278,99997497,165,165
[WARNING] [stderr] 2026-08-05T22:30:21.352-0600	INFO	ForkJoinPool-1-worker-1	stdout	peak_memory,nitro,clickbench,q30,3,61.595,63.126,10352.429,10436.608
[ERROR] Tests run: 3, Failures: 0, Errors: 1, Skipped: 0, Time elapsed: 58.75 s <<< FAILURE! -- in io.trino.tests.nitro.TestNitroClickBenchQueries
[ERROR] io.trino.tests.nitro.TestNitroClickBenchQueries.testNativeProjectionSource -- Time elapsed: 0.004 s <<< ERROR!
java.lang.NullPointerException: Cannot invoke "io.trino.testing.DistributedQueryRunner.execute(io.trino.Session, String)" because "this.baseline" is null
	at io.trino.tests.nitro.TestNitroClickBenchQueries.testNativeProjectionSource(TestNitroClickBenchQueries.java:229)
[WARNING] [stderr] 2026-08-05T22:30:21.384-0600	INFO	main	io.trino.testing.containers.junit.ReportLeakedContainers	DockerClientFactory not initialized, so there should be no leaked containers, skipping the check
[INFO] 
[INFO] Results:
[INFO] 
[ERROR] Errors: 
[ERROR]   TestNitroClickBenchQueries.testNativeProjectionSource:229 NullPointer Cannot invoke "io.trino.testing.DistributedQueryRunner.execute(io.trino.Session, String)" because "this.baseline" is null
[INFO] 
[ERROR] Tests run: 3, Failures: 0, Errors: 1, Skipped: 0
[INFO] 
[INFO] ------------------------------------------------------------------------
[INFO] BUILD FAILURE
[INFO] ------------------------------------------------------------------------
[INFO] Total time:  01:00 min (Wall Clock)
[INFO] Finished at: 2026-08-06T04:30:21Z
[INFO] ------------------------------------------------------------------------
[INFO] Njord session closed
[ERROR] Failed to execute goal org.apache.maven.plugins:maven-surefire-plugin:3.5.6:test (default-test) on project trino-tests: 
[ERROR] 
[ERROR] See /root/notes/trino.nitro/testing/trino-tests/target/surefire-reports for the individual test results.
[ERROR] See dump files (if any exist) [date].dump, [date]-jvmRun[N].dump and [date].dumpstream.
[ERROR] -> [Help 1]
[ERROR] 
[ERROR] To see the full stack trace of the errors, re-run Maven with the -e switch.
[ERROR] Re-run Maven using the -X switch to enable full debug logging.
[ERROR] 
[ERROR] For more information about the errors and possible solutions, please read the following articles:
[ERROR] [Help 1] http://cwiki.apache.org/confluence/display/MAVEN/MojoFailureException
