[INFO] Processing build on daemon c6310a01
[INFO] Scanning for projects...
[INFO] Njord 0.9.4 session created
[INFO] BuildTimeEventSpy is registered.
[INFO] 
[INFO] Using the SmartBuilder implementation with a thread count of 7
[INFO] 
[INFO] -------------------------< org.weakref:nitro >--------------------------
[INFO] Building nitro 1-SNAPSHOT
[INFO]   from pom.xml
[INFO] --------------------------------[ jar ]---------------------------------
[WARNING] 2 problems were encountered while building the effective model for org.apache.yetus:audience-annotations:jar:0.5.0 during dependency collection step for project (use -X to see details)
[INFO] 
[INFO] --- exec:3.6.1:exec (benchmark) @ nitro ---
[WARNING] [stderr] WARNING: Using incubator modules: jdk.incubator.vector
[WARNING] [stderr] WARNING: A terminally deprecated method in sun.misc.Unsafe has been called
[WARNING] [stderr] WARNING: sun.misc.Unsafe::objectFieldOffset has been called by org.openjdk.jmh.util.Utils (file:/root/.m2/repository/org/openjdk/jmh/jmh-core/1.37/jmh-core-1.37.jar)
[WARNING] [stderr] WARNING: Please consider reporting this to the maintainers of class org.openjdk.jmh.util.Utils
[WARNING] [stderr] WARNING: sun.misc.Unsafe::objectFieldOffset will be removed in a future release
[INFO] [stdout] # JMH version: 1.37
[INFO] [stdout] # VM version: JDK 26.0.1, OpenJDK 64-Bit Server VM, 26.0.1+8
[INFO] [stdout] # VM invoker: /opt/java/openjdk/bin/java
[INFO] [stdout] # VM options: --enable-preview --add-modules=jdk.incubator.vector -Dnitro.clickbench.hits.path= -Xmx12g -Dnitro.tpcds.parquet.path=/root/data/tpcds-parquet-sf10 -Dnitro.tpcds.parquet.schema=sf10
[INFO] [stdout] # Blackhole mode: compiler (auto-detected, use -Djmh.blackhole.autoDetect=false to disable)
[INFO] [stdout] # Warmup: <none>
[INFO] [stdout] # Measurement: 1 iterations, 1 s each
[INFO] [stdout] # Timeout: 30 min per iteration
[INFO] [stdout] # Threads: 1 thread, will synchronize iterations
[INFO] [stdout] # Benchmark mode: Average time, time/op
[INFO] [stdout] # Benchmark: org.weakref.nitro.tpcds.BenchmarkQueries.query24
[INFO] [stdout] 
[INFO] [stdout] # Run progress: 0.00% complete, ETA 00:00:01
[INFO] [stdout] # Fork: 1 of 1
[INFO] [stdout] WARNING: Using incubator modules: jdk.incubator.vector
[INFO] [stdout] WARNING: A terminally deprecated method in sun.misc.Unsafe has been called
[INFO] [stdout] WARNING: sun.misc.Unsafe::objectFieldOffset has been called by org.openjdk.jmh.util.Utils (file:/root/.m2/repository/org/openjdk/jmh/jmh-core/1.37/jmh-core-1.37.jar)
[INFO] [stdout] WARNING: Please consider reporting this to the maintainers of class org.openjdk.jmh.util.Utils
[INFO] [stdout] WARNING: sun.misc.Unsafe::objectFieldOffset will be removed in a future release
[INFO] [stdout] Iteration   1: WARNING: A restricted method in java.lang.foreign.SymbolLookup has been called
[INFO] [stdout] WARNING: java.lang.foreign.SymbolLookup::libraryLookup has been called by io.airlift.compress.v3.internal.NativeLoader in an unnamed module (file:/root/.m2/repository/io/airlift/aircompressor-v3/3.4/aircompressor-v3-3.4.jar)
[INFO] [stdout] WARNING: Use --enable-native-access=ALL-UNNAMED to avoid a warning for callers in this module
[INFO] [stdout] WARNING: Restricted methods will be blocked in a future release unless native access is enabled
[INFO] [stdout] 
[INFO] [stdout] <failure>
[INFO] [stdout] 
[INFO] [stdout] java.lang.IllegalArgumentException: allSelected must match selectedCount
[INFO] [stdout] 	at com.google.common.base.Preconditions.checkArgument(Preconditions.java:141)
[INFO] [stdout] 	at org.weakref.nitro.data.Mask.<init>(Mask.java:145)
[INFO] [stdout] 	at org.weakref.nitro.data.Mask.<init>(Mask.java:137)
[INFO] [stdout] 	at org.weakref.nitro.data.Mask.sparse(Mask.java:94)
[INFO] [stdout] 	at org.weakref.nitro.data.Allocator.allocateUninitializedSparseMask(Allocator.java:491)
[INFO] [stdout] 	at org.weakref.nitro.operator.evaluator.PlanEvaluator.classifyFalseBooleanMask(PlanEvaluator.java:1310)
[INFO] [stdout] 	at org.weakref.nitro.operator.evaluator.PlanEvaluator.tryEvaluatePreboundMask(PlanEvaluator.java:1505)
[INFO] [stdout] 	at org.weakref.nitro.operator.evaluator.PlanEvaluator.tryEvaluatePrimitiveMaskInPlace(PlanEvaluator.java:1450)
[INFO] [stdout] 	at org.weakref.nitro.operator.evaluator.PlanEvaluator.tryEvaluatePrimitiveFalseMaskInPlace(PlanEvaluator.java:1398)
[INFO] [stdout] 	at org.weakref.nitro.operator.evaluator.PlanEvaluator.evaluateFalseMaskInPlace(PlanEvaluator.java:2841)
[INFO] [stdout] 	at org.weakref.nitro.operator.evaluator.PlanEvaluator.evaluateTrueMaskInPlace(PlanEvaluator.java:2777)
[INFO] [stdout] 	at org.weakref.nitro.operator.evaluator.PlanEvaluator.evaluateMeasuredTrueMaskInPlace(PlanEvaluator.java:2899)
[INFO] [stdout] 	at org.weakref.nitro.operator.evaluator.PlanEvaluator.evaluateAdaptiveAndTrueMaskInPlace(PlanEvaluator.java:2858)
[INFO] [stdout] 	at org.weakref.nitro.operator.evaluator.PlanEvaluator.evaluateTrueMaskInPlace(PlanEvaluator.java:2785)
[INFO] [stdout] 	at org.weakref.nitro.operator.evaluator.PlanEvaluator.evaluateMeasuredTrueMaskInPlace(PlanEvaluator.java:2899)
[INFO] [stdout] 	at org.weakref.nitro.operator.evaluator.PlanEvaluator.evaluateAdaptiveAndTrueMaskInPlace(PlanEvaluator.java:2858)
[INFO] [stdout] 	at org.weakref.nitro.operator.evaluator.PlanEvaluator.evaluateTrueMaskInPlace(PlanEvaluator.java:2785)
[INFO] [stdout] 	at org.weakref.nitro.operator.evaluator.PlanEvaluator.evaluateMeasuredTrueMaskInPlace(PlanEvaluator.java:2899)
[INFO] [stdout] 	at org.weakref.nitro.operator.evaluator.PlanEvaluator.evaluateAdaptiveAndTrueMaskInPlace(PlanEvaluator.java:2858)
[INFO] [stdout] 	at org.weakref.nitro.operator.evaluator.PlanEvaluator.evaluateTrueMaskInPlace(PlanEvaluator.java:2785)
[INFO] [stdout] 	at org.weakref.nitro.operator.evaluator.PlanEvaluator.evaluateInPlace(PlanEvaluator.java:228)
[INFO] [stdout] 	at org.weakref.nitro.operator.FilterOperator.next(FilterOperator.java:170)
[INFO] [stdout] 	at org.weakref.nitro.operator.ProjectOperator.next(ProjectOperator.java:133)
[INFO] [stdout] 	at org.weakref.nitro.operator.TopNOperator.computeTopN(TopNOperator.java:78)
[INFO] [stdout] 	at org.weakref.nitro.operator.TopNOperator.next(TopNOperator.java:134)
[INFO] [stdout] 	at org.weakref.nitro.tpcds.BenchmarkQueries.consume(BenchmarkQueries.java:664)
[INFO] [stdout] 	at org.weakref.nitro.tpcds.BenchmarkQueries.query24(BenchmarkQueries.java:458)
[INFO] [stdout] 	at org.weakref.nitro.tpcds.jmh_generated.BenchmarkQueries_query24_jmhTest.query24_avgt_jmhStub(BenchmarkQueries_query24_jmhTest.java:199)
[INFO] [stdout] 	at org.weakref.nitro.tpcds.jmh_generated.BenchmarkQueries_query24_jmhTest.query24_AverageTime(BenchmarkQueries_query24_jmhTest.java:159)
[INFO] [stdout] 	at java.base/jdk.internal.reflect.DirectMethodHandleAccessor.invoke(DirectMethodHandleAccessor.java:104)
[INFO] [stdout] 	at java.base/java.lang.reflect.Method.invoke(Method.java:565)
[INFO] [stdout] 	at org.openjdk.jmh.runner.BenchmarkHandler$BenchmarkTask.call(BenchmarkHandler.java:527)
[INFO] [stdout] 	at org.openjdk.jmh.runner.BenchmarkHandler$BenchmarkTask.call(BenchmarkHandler.java:504)
[INFO] [stdout] 	at java.base/java.util.concurrent.FutureTask.run(FutureTask.java:330)
[INFO] [stdout] 	at java.base/java.util.concurrent.Executors$RunnableAdapter.call(Executors.java:545)
[INFO] [stdout] 	at java.base/java.util.concurrent.FutureTask.run(FutureTask.java:330)
[INFO] [stdout] 	at java.base/java.util.concurrent.ThreadPoolExecutor.runWorker(ThreadPoolExecutor.java:1090)
[INFO] [stdout] 	at java.base/java.util.concurrent.ThreadPoolExecutor$Worker.run(ThreadPoolExecutor.java:614)
[INFO] [stdout] 	at java.base/java.lang.Thread.run(Thread.java:1516)
[INFO] [stdout] 
[INFO] [stdout] 
[INFO] [stdout] 
[INFO] [stdout] 
[INFO] [stdout] # Run complete. Total time: 00:00:01
[INFO] [stdout] 
[INFO] [stdout] REMEMBER: The numbers below are just data. To gain reusable insights, you need to follow up on
[INFO] [stdout] why the numbers are the way they are. Use profilers (see -prof, -lprof), design factorial
[INFO] [stdout] experiments, perform baseline and negative tests that provide experimental control, make sure
[INFO] [stdout] the benchmarking environment is safe on JVM/OS/HW level, ask for reviews from the domain experts.
[INFO] [stdout] Do not assume the numbers tell you what you want them to tell.
[INFO] [stdout] 
[INFO] [stdout] NOTE: Current JVM experimentally supports Compiler Blackholes, and they are in use. Please exercise
[INFO] [stdout] extra caution when trusting the results, look into the generated code to check the benchmark still
[INFO] [stdout] works, and factor in a small probability of new VM bugs. Additionally, while comparisons between
[INFO] [stdout] different JVMs are already problematic, the performance difference caused by different Blackhole
[INFO] [stdout] modes can be very significant. Please make sure you use the consistent Blackhole mode for comparisons.
[INFO] [stdout] 
[INFO] [stdout] Benchmark  Mode  Cnt  Score   Error  Units
[INFO] ------------------------------------------------------------------------
[INFO] BUILD SUCCESS
[INFO] ------------------------------------------------------------------------
[INFO] Total time:  3.083 s (Wall Clock)
[INFO] Finished at: 2026-07-25T01:28:54Z
[INFO] ------------------------------------------------------------------------
[INFO] Njord session closed
