[INFO] Enabling strict checksum verification on all artifact downloads.
[INFO] Processing build on daemon 650ef4e8
[INFO] Scanning for projects...
[INFO] Loaded 0 groupId for remote repository maven-central
[INFO] Loaded 0 groupId for remote repository google-maven-central-copy
[INFO] Njord 0.9.9 session created
[INFO] BuildTimeEventSpy is registered.
[INFO] 
[INFO] Using the SmartBuilder implementation with a thread count of 7
[INFO] 
[INFO] ------------------------< io.trino:trino-tests >------------------------
[INFO] Building trino-tests 484-SNAPSHOT
[INFO]   from pom.xml
[INFO] --------------------------------[ jar ]---------------------------------
[INFO] Loaded 0 groupId for remote repository ossrh
[INFO] Loaded 0 groupId for remote repository repo.gradle.org
[INFO] Loaded 0 groupId for remote repository central.maven.org
[INFO] 
[INFO] --- git-commit-id:10.0.0:revision (default) @ trino-tests ---
[INFO] 
[INFO] --- build-helper:3.6.1:bsh-property (surefire-enable-preview) @ trino-tests ---
[INFO] 
[INFO] --- resources:3.5.0:resources (default-resources) @ trino-tests ---
[INFO] skip non existing resourceDirectory /root/notes/trino.nitro/testing/trino-tests/src/main/resources
[INFO] 
[INFO] --- compiler:3.15.0:compile (default-compile) @ trino-tests ---
[INFO] Nothing to compile - all classes are up to date.
[INFO] 
[INFO] --- resources:3.5.0:testResources (default-testResources) @ trino-tests ---
[INFO] Copying 266 resources from src/test/resources to target/test-classes
[INFO] 
[INFO] --- compiler:3.15.0:testCompile (default-testCompile) @ trino-tests ---
[INFO] Nothing to compile - all classes are up to date.
[INFO] 
[INFO] --- modernizer:3.4.0:modernizer (modernizer) @ trino-tests ---
[INFO] Skipping modernizer execution!
[INFO] 
[INFO] --- modernizer:3.4.0:modernizer (modernizer-production-code) @ trino-tests ---
[INFO] Skipping modernizer execution!
[INFO] 
[INFO] --- dependency:3.11.0:analyze-only (default) @ trino-tests ---
[INFO] Skipping plugin execution
[INFO] 
[INFO] --- dependency:3.11.0:analyze-duplicate (default) @ trino-tests ---
[INFO] Skipping plugin execution
[INFO] 
[INFO] --- duplicate-finder:2.0.1:check (default) @ trino-tests ---
[INFO] Skipping duplicate-finder execution!
[INFO] 
[INFO] --- surefire:3.5.6:test (default-test) @ trino-tests ---
[INFO] Tests will run in random order. To reproduce ordering use flag -Dsurefire.runOrder.random.seed=4417520983130819
[INFO] Using auto detected provider org.apache.maven.surefire.junitplatform.JUnitPlatformProvider
[INFO] 
[INFO] -------------------------------------------------------
[INFO]  T E S T S
[INFO] -------------------------------------------------------
[WARNING] [stderr] WARNING: Using incubator modules: jdk.incubator.vector
[WARNING] [stderr] 2026-08-06T21:50:40.900-0600	INFO	ForkJoinPool-1-worker-1	io.airlift.log.Logging	Logging to stderr
[INFO] Running io.trino.tests.nitro.TestNitroTpcdsParquetPerformance
[WARNING] [stderr] 2026-08-06T21:50:41.786-0600	INFO	ForkJoinPool-1-worker-1	io.trino.simd.BlockEncodingSimdSupport	Detected SIMD Support for architecture=amd64, vectorBitWidth=512: SimdSupport[capabilities=[COMPRESS_BYTE, EXPAND_BYTE, COMPRESS_SHORT, EXPAND_SHORT, COMPRESS_INT, EXPAND_INT, COMPRESS_LONG, EXPAND_LONG]]
[WARNING] [stderr] WARNING: A restricted method in java.lang.System has been called
[WARNING] [stderr] WARNING: java.lang.System::loadLibrary has been called by com.aayushatharva.brotli4j.Brotli4jLoader in an unnamed module (file:/root/.m2/repository/remote-cache/com/aayushatharva/brotli4j/brotli4j/1.23.0/brotli4j-1.23.0.jar)
[WARNING] [stderr] WARNING: Use --enable-native-access=ALL-UNNAMED to avoid a warning for callers in this module
[WARNING] [stderr] WARNING: Restricted methods will be blocked in a future release unless native access is enabled
[WARNING] [stderr] 
[WARNING] [stderr] 2026-08-06T21:50:43.102-0600	INFO	ForkJoinPool-1-worker-1	io.trino.testing.DistributedQueryRunner	Created DistributedQueryRunner in 1.89s (unclosed instances = 1)
[WARNING] [stderr] 2026-08-06T21:50:43.595-0600	INFO	ForkJoinPool-1-worker-1	stdout	engine,suite,query,measurements,min_ms,p50_ms,p95_ms,mean_ms,cpu_p50_ms,cpu_mean_ms,native_sources
[WARNING] [stderr] 2026-08-06T21:51:22.903-0600	INFO	ForkJoinPool-1-worker-1	stdout	operator_cpu,trino,ExchangeOperator,67,0.000,567.790,0.000,0,246108376,246108376,115941.765,20.633,0.000
[WARNING] [stderr] 2026-08-06T21:51:22.903-0600	INFO	ForkJoinPool-1-worker-1	stdout	operator_cpu,trino,LocalExchangeSourceOperator,43,0.000,5.882,0.000,0,37818951,37818951,93528.260,0.000,0.000
[WARNING] [stderr] 2026-08-06T21:51:22.903-0600	INFO	ForkJoinPool-1-worker-1	stdout	operator_cpu,trino,TaskOutputOperator,11,0.624,0.000,0.015,0,11,11,0.000,0.000,0.000
[WARNING] [stderr] 2026-08-06T21:51:22.903-0600	INFO	ForkJoinPool-1-worker-1	stdout	operator_cpu,trino,LocalExchangeSinkOperator,43,4.999,0.000,0.342,0,37818951,37818951,2281.960,0.000,0.000
[WARNING] [stderr] 2026-08-06T21:51:22.903-0600	INFO	ForkJoinPool-1-worker-1	stdout	operator_cpu,trino,AggregationOperator,11,1.292,0.420,0.013,0,944508,11,0.000,0.000,0.000
[WARNING] [stderr] 2026-08-06T21:51:22.903-0600	INFO	ForkJoinPool-1-worker-1	stdout	operator_cpu,trino,NestedLoopBuildOperator,4,0.029,0.000,0.089,0,4,4,25.900,0.000,0.000
[WARNING] [stderr] 2026-08-06T21:51:22.903-0600	INFO	ForkJoinPool-1-worker-1	stdout	operator_cpu,trino,FilterAndProjectOperator,36,13.874,2284.663,0.387,0,177642972,149030966,0.000,2.039,0.000
[WARNING] [stderr] 2026-08-06T21:51:22.903-0600	INFO	ForkJoinPool-1-worker-1	stdout	operator_cpu,trino,LookupJoinOperator,32,4.675,9382.838,0.859,0,242370120,197434850,9809.960,0.000,0.000
[WARNING] [stderr] 2026-08-06T21:51:22.903-0600	INFO	ForkJoinPool-1-worker-1	stdout	operator_cpu,trino,HashAggregationOperator,32,8317.952,1068.175,2.421,0,156066625,65182447,0.000,508.890,0.000
[WARNING] [stderr] 2026-08-06T21:51:22.903-0600	INFO	ForkJoinPool-1-worker-1	stdout	operator_cpu,trino,DynamicFilterSourceOperator,32,9.822,2.548,4.072,0,2218242,2218242,0.000,0.141,0.000
[WARNING] [stderr] 2026-08-06T21:51:22.903-0600	INFO	ForkJoinPool-1-worker-1	stdout	operator_cpu,trino,NestedLoopJoinOperator,4,0.040,0.095,0.002,0,991696,991696,22520.000,0.000,0.000
[WARNING] [stderr] 2026-08-06T21:51:22.904-0600	INFO	ForkJoinPool-1-worker-1	stdout	operator_cpu,trino,HashBuilderOperator,32,6.416,0.000,36.672,0,2218242,2218242,106378.276,8.750,0.000
[WARNING] [stderr] 2026-08-06T21:51:22.904-0600	INFO	ForkJoinPool-1-worker-1	stdout	operator_cpu,trino,PartitionedOutputOperator,119,3127.922,0.000,6.688,0,246108364,246108364,17184.630,0.000,0.000
[WARNING] [stderr] 2026-08-06T21:51:22.904-0600	INFO	ForkJoinPool-1-worker-1	stdout	operator_cpu,trino,ScanFilterAndProjectOperator,93,0.000,2669.020,0.000,189600218,189600218,165390196,0.000,18.001,0.000
[WARNING] [stderr] 2026-08-06T21:51:22.904-0600	INFO	ForkJoinPool-1-worker-1	stdout	operator_cpu,trino,TableScanOperator,6,0.000,55.120,0.000,2204000,2204000,2204000,0.000,9.000,0.000
[WARNING] [stderr] 2026-08-06T21:51:23.649-0600	INFO	ForkJoinPool-1-worker-1	stdout	trino,tpcds-parquet-sf10,q23a,1,6290.771,6290.771,6290.771,6290.771,27577.000,27577.000,0
[WARNING] [stderr] 2026-08-06T21:51:23.649-0600	INFO	ForkJoinPool-1-worker-1	stdout	allocation,trino,tpcds-parquet-sf10,q23a,1,72318.112,72318.112
[WARNING] [stderr] 2026-08-06T21:51:23.649-0600	INFO	ForkJoinPool-1-worker-1	stdout	peak_memory,trino,tpcds-parquet-sf10,q23a,1,2241.430,2241.430,9895.004,9895.004
[INFO] Tests run: 1, Failures: 0, Errors: 0, Skipped: 0, Time elapsed: 42.76 s -- in io.trino.tests.nitro.TestNitroTpcdsParquetPerformance
[WARNING] [stderr] 2026-08-06T21:51:23.678-0600	INFO	main	io.trino.testing.containers.junit.ReportLeakedContainers	DockerClientFactory not initialized, so there should be no leaked containers, skipping the check
[INFO] 
[INFO] Results:
[INFO] 
[INFO] Tests run: 1, Failures: 0, Errors: 0, Skipped: 0
[INFO] 
[INFO] ------------------------------------------------------------------------
[INFO] BUILD SUCCESS
[INFO] ------------------------------------------------------------------------
[INFO] Total time:  44.836 s (Wall Clock)
[INFO] Finished at: 2026-08-07T03:51:23Z
[INFO] ------------------------------------------------------------------------
[INFO] Njord session closed
