NOTE: Picked up JDK_JAVA_OPTIONS: -XX:+UseG1GC -XX:G1HeapRegionSize=32m -XX:-HeapDumpOnOutOfMemoryError -XX:ActiveProcessorCount=6 -Dcork.benchmark.task-concurrency=4 -Dcork.benchmark.expected-mode=NITRO -Dcork.benchmark.required-nitro-code-source-root=/home/martin/src/nitro.opt -Dcork.benchmark.output-directory=/home/martin/src/nitro.opt/benchmarks/trino-integration/20260817-q39-direct-retained-comparison-candidate
Aug 17, 2026 10:41:55 AM io.airlift.log.Logger warn
WARNING: No .git ancestor of /home/martin/src/nitro.opt; falling back to user.home (/root) as project root
Aug 17, 2026 10:41:55 AM io.airlift.log.Logger info
INFO: Launching benchmark JVM with -Xms12288m -Xmx12288m
NOTE: Picked up JDK_JAVA_OPTIONS: -XX:+UseG1GC -XX:G1HeapRegionSize=32m -XX:-HeapDumpOnOutOfMemoryError -XX:ActiveProcessorCount=6 -Dcork.benchmark.task-concurrency=4 -Dcork.benchmark.expected-mode=NITRO -Dcork.benchmark.required-nitro-code-source-root=/home/martin/src/nitro.opt -Dcork.benchmark.output-directory=/home/martin/src/nitro.opt/benchmarks/trino-integration/20260817-q39-direct-retained-comparison-candidate
WARNING: Using incubator modules: jdk.incubator.vector
Aug 17, 2026 10:41:56 AM io.airlift.log.Logger warn
WARNING: No .git ancestor of /home/martin/src/nitro.opt; falling back to user.home (/root) as project root
Aug 17, 2026 10:41:56 AM io.airlift.log.Logger info
INFO: Benchmark class origin: org.weakref.nitro.operator.PartialAggregationInputStatistics -> /home/martin/src/nitro.opt/nitro-engine/target/classes
Aug 17, 2026 10:41:56 AM io.airlift.log.Logger info
INFO: Benchmark class origin: org.weakref.nitro.parquet.NitroParquetBatchSource -> /home/martin/src/nitro.opt/nitro-parquet/target/classes
Aug 17, 2026 10:41:56 AM io.airlift.log.Logger info
INFO: Per-iteration EXPLAIN ANALYZE plans will be written under /home/martin/src/nitro.opt/benchmarks/trino-integration/20260817-q39-direct-retained-comparison-candidate/clickbench/explain
Aug 17, 2026 10:41:56 AM io.airlift.log.Logger info
INFO: Benchmark task concurrency: 4
2026-08-17T10:41:56.652Z	INFO	main	io.airlift.log.Logging	Logging to stderr
2026-08-17T10:41:56.704Z	INFO	main	stderr	SLF4J(W): Class path contains multiple SLF4J providers.
2026-08-17T10:41:56.704Z	INFO	main	stderr	SLF4J(W): Found provider [org.slf4j.jul.JULServiceProvider@5c9ac4cc]
2026-08-17T10:41:56.704Z	INFO	main	stderr	SLF4J(W): Found provider [org.slf4j.nop.NOPServiceProvider@4df39a88]
2026-08-17T10:41:56.704Z	INFO	main	stderr	SLF4J(W): See https://www.slf4j.org/codes.html#multiple_bindings for an explanation.
2026-08-17T10:41:56.704Z	INFO	main	stderr	SLF4J(I): Actual provider is of type [org.slf4j.jul.JULServiceProvider@5c9ac4cc]
WARNING: A terminally deprecated method in sun.misc.Unsafe has been called
WARNING: sun.misc.Unsafe::staticFieldBase has been called by com.google.inject.internal.aop.HiddenClassDefiner (file:/root/.m2/repository/remote-cache/com/google/inject/guice/7.0.0/guice-7.0.0-classes.jar)
WARNING: Please consider reporting this to the maintainers of class com.google.inject.internal.aop.HiddenClassDefiner
WARNING: sun.misc.Unsafe::staticFieldBase will be removed in a future release
2026-08-17T10:41:57.262Z	INFO	main	io.trino.simd.BlockEncodingSimdSupport	Detected SIMD Support for architecture=amd64, vectorBitWidth=512: SimdSupport[capabilities=[NULL_BIT_PACKING, COMPRESS_BYTE, EXPAND_BYTE, COMPRESS_SHORT, EXPAND_SHORT, COMPRESS_INT, EXPAND_INT, COMPRESS_LONG, EXPAND_LONG]]
WARNING: A restricted method in java.lang.System has been called
WARNING: java.lang.System::loadLibrary has been called by com.aayushatharva.brotli4j.Brotli4jLoader in an unnamed module (file:/root/.m2/repository/remote-cache/com/aayushatharva/brotli4j/brotli4j/1.23.0/brotli4j-1.23.0.jar)
WARNING: Use --enable-native-access=ALL-UNNAMED to avoid a warning for callers in this module
WARNING: Restricted methods will be blocked in a future release unless native access is enabled

2026-08-17T10:41:58.313Z	INFO	main	io.trino.testing.DistributedQueryRunner	Created DistributedQueryRunner in 1.66s (unclosed instances = 1)
2026-08-17T10:41:58.315Z	INFO	main	io.trino.exchange.ExchangeManagerRegistry	-- Loading exchange manager filesystem --
2026-08-17T10:41:58.328Z	INFO	main	io.trino.exchange.ExchangeManagerRegistry	-- Loaded exchange manager filesystem --
2026-08-17T10:41:58.575Z	INFO	main	io.trino.tests.benchmark.BenchmarkHiveClickBench	Creating hive.clickbench.hits_raw at local:///root/data/clickbench
2026-08-17T10:41:58.770Z	INFO	main	io.trino.tests.benchmark.BenchmarkRunner	Running Trino at http://127.0.0.1:46583 (mode=NITRO)
2026-08-17T10:41:58.770Z	INFO	main	io.trino.tests.benchmark.BenchmarkRunner	Running clickbench benchmark: 0 suite warmup, 10 warmup, 30 measured runs, reporting average
2026-08-17T10:41:58.771Z	INFO	main	io.trino.tests.benchmark.BenchmarkRunner	Verifying table statistics for 0 table(s): []
2026-08-17T10:42:10.662Z	INFO	main	io.trino.tests.benchmark.BenchmarkRunner	Average for q39: 235 ms (execution 230 ms, CPU 462 ms, peak memory 167.07kB)
2026-08-17T10:42:10.663Z	INFO	main	io.trino.tests.benchmark.BenchmarkRunner	Sum of averages for all queries: 235 ms (execution 230 ms)
2026-08-17T10:42:10.663Z	INFO	main	io.trino.tests.benchmark.BenchmarkRunner	Wrote per-query timings to /home/martin/src/nitro.opt/benchmarks/trino-integration/20260817-q39-direct-retained-comparison-candidate/clickbench/timings.csv
