[INFO] Processing build on daemon daa27076
[INFO] Scanning for projects...
[INFO] Njord 0.9.4 session created
[INFO] BuildTimeEventSpy is registered.
[INFO] 
[INFO] Using the SmartBuilder implementation with a thread count of 7
[INFO] 
[INFO] -------------------------< org.weakref:nitro >--------------------------
[INFO] Building nitro 1-SNAPSHOT
[INFO]   from pom.xml
[INFO] --------------------------------[ jar ]---------------------------------
[WARNING] 2 problems were encountered while building the effective model for org.apache.yetus:audience-annotations:jar:0.5.0 during dependency collection step for project (use -X to see details)
[INFO] 
[INFO] --- exec:3.6.1:exec (benchmark) @ nitro ---
[WARNING] [stderr] WARNING: Using incubator modules: jdk.incubator.vector
[WARNING] [stderr] WARNING: A terminally deprecated method in sun.misc.Unsafe has been called
[WARNING] [stderr] WARNING: sun.misc.Unsafe::objectFieldOffset has been called by org.openjdk.jmh.util.Utils (file:/root/.m2/repository/org/openjdk/jmh/jmh-core/1.37/jmh-core-1.37.jar)
[WARNING] [stderr] WARNING: Please consider reporting this to the maintainers of class org.openjdk.jmh.util.Utils
[WARNING] [stderr] WARNING: sun.misc.Unsafe::objectFieldOffset will be removed in a future release
[INFO] [stdout] # JMH version: 1.37
[INFO] [stdout] # VM version: JDK 26.0.1, OpenJDK 64-Bit Server VM, 26.0.1+8
[INFO] [stdout] # VM invoker: /opt/java/openjdk/bin/java
[INFO] [stdout] # VM options: --enable-preview --add-modules=jdk.incubator.vector -Dnitro.clickbench.hits.path= -Xmx12g -XX:+UseTransparentHugePages -Dnitro.tpcds.parquet.path=/root/data/tpcds-parquet-sf10 -Dnitro.tpcds.parquet.schema=sf10
[INFO] [stdout] # Blackhole mode: compiler (auto-detected, use -Djmh.blackhole.autoDetect=false to disable)
[INFO] [stdout] # Warmup: 5 iterations, 1 s each
[INFO] [stdout] # Measurement: 5 iterations, 1 s each
[INFO] [stdout] # Timeout: 30 min per iteration
[INFO] [stdout] # Threads: 1 thread, will synchronize iterations
[INFO] [stdout] # Benchmark mode: Average time, time/op
[INFO] [stdout] # Benchmark: org.weakref.nitro.tpcds.BenchmarkQueries.query39
[INFO] [stdout] 
[INFO] [stdout] # Run progress: 0.00% complete, ETA 00:00:30
[INFO] [stdout] # Fork: 1 of 3
[INFO] [stdout] # Preparing profilers: LinuxPerfNormProfiler 
[INFO] [stdout] # Profilers consume stderr from target VM, use -v EXTRA to copy to console
[INFO] [stdout] # Warmup Iteration   1: 1301.233 ms/op
[INFO] [stdout] # Warmup Iteration   2: 508.483 ms/op
[INFO] [stdout] # Warmup Iteration   3: 502.226 ms/op
[INFO] [stdout] # Warmup Iteration   4: 491.369 ms/op
[INFO] [stdout] # Warmup Iteration   5: 485.435 ms/op
[INFO] [stdout] Iteration   1: 492.848 ms/op
[INFO] [stdout]                  gc.alloc.rate:      366.320 MB/sec
[INFO] [stdout]                  gc.alloc.rate.norm: 189328018.667 B/op
[INFO] [stdout]                  gc.count:           1.000 counts
[INFO] [stdout]                  gc.time:            10.000 ms
[INFO] [stdout] 
[INFO] [stdout] Iteration   2: 484.180 ms/op
[INFO] [stdout]                  gc.alloc.rate:      372.863 MB/sec
[INFO] [stdout]                  gc.alloc.rate.norm: 189322221.333 B/op
[INFO] [stdout]                  gc.count:           ≈ 0 counts
[INFO] [stdout] 
[INFO] [stdout] Iteration   3: 485.152 ms/op
[INFO] [stdout]                  gc.alloc.rate:      372.069 MB/sec
[INFO] [stdout]                  gc.alloc.rate.norm: 189298429.333 B/op
[INFO] [stdout]                  gc.count:           1.000 counts
[INFO] [stdout]                  gc.time:            7.000 ms
[INFO] [stdout] 
[INFO] [stdout] Iteration   4: 481.524 ms/op
[INFO] [stdout]                  gc.alloc.rate:      374.867 MB/sec
[INFO] [stdout]                  gc.alloc.rate.norm: 189296333.333 B/op
[INFO] [stdout]                  gc.count:           ≈ 0 counts
[INFO] [stdout] 
[INFO] [stdout] Iteration   5: 481.030 ms/op
[INFO] [stdout]                  gc.alloc.rate:      375.249 MB/sec
[INFO] [stdout]                  gc.alloc.rate.norm: 189296418.667 B/op
[INFO] [stdout]                  gc.count:           ≈ 0 counts
[INFO] [stdout] 
[INFO] [stdout] # Processing profiler results: LinuxPerfNormProfiler 
[INFO] [stdout] 
[INFO] [stdout] # Run progress: 33.33% complete, ETA 00:00:27
[INFO] [stdout] # Fork: 2 of 3
[INFO] [stdout] # Preparing profilers: LinuxPerfNormProfiler 
[INFO] [stdout] # Profilers consume stderr from target VM, use -v EXTRA to copy to console
[INFO] [stdout] # Warmup Iteration   1: 1295.155 ms/op
[INFO] [stdout] # Warmup Iteration   2: 510.632 ms/op
[INFO] [stdout] # Warmup Iteration   3: 492.329 ms/op
[INFO] [stdout] # Warmup Iteration   4: 490.301 ms/op
[INFO] [stdout] # Warmup Iteration   5: 486.282 ms/op
[INFO] [stdout] Iteration   1: 483.374 ms/op
[INFO] [stdout]                  gc.alloc.rate:      373.415 MB/sec
[INFO] [stdout]                  gc.alloc.rate.norm: 189284234.667 B/op
[INFO] [stdout]                  gc.count:           ≈ 0 counts
[INFO] [stdout] 
[INFO] [stdout] Iteration   2: 483.675 ms/op
[INFO] [stdout]                  gc.alloc.rate:      373.182 MB/sec
[INFO] [stdout]                  gc.alloc.rate.norm: 189286560.000 B/op
[INFO] [stdout]                  gc.count:           1.000 counts
[INFO] [stdout]                  gc.time:            5.000 ms
[INFO] [stdout] 
[INFO] [stdout] Iteration   3: 477.146 ms/op
[INFO] [stdout]                  gc.alloc.rate:      378.287 MB/sec
[INFO] [stdout]                  gc.alloc.rate.norm: 189284176.000 B/op
[INFO] [stdout]                  gc.count:           ≈ 0 counts
[INFO] [stdout] 
[INFO] [stdout] Iteration   4: 480.238 ms/op
[INFO] [stdout]                  gc.alloc.rate:      375.819 MB/sec
[INFO] [stdout]                  gc.alloc.rate.norm: 189270754.667 B/op
[INFO] [stdout]                  gc.count:           1.000 counts
[INFO] [stdout]                  gc.time:            4.000 ms
[INFO] [stdout] 
[INFO] [stdout] Iteration   5: 476.310 ms/op
[INFO] [stdout]                  gc.alloc.rate:      378.875 MB/sec
[INFO] [stdout]                  gc.alloc.rate.norm: 189252714.667 B/op
[INFO] [stdout]                  gc.count:           ≈ 0 counts
[INFO] [stdout] 
[INFO] [stdout] # Processing profiler results: LinuxPerfNormProfiler 
[INFO] [stdout] 
[INFO] [stdout] # Run progress: 66.67% complete, ETA 00:00:14
[INFO] [stdout] # Fork: 3 of 3
[INFO] [stdout] # Preparing profilers: LinuxPerfNormProfiler 
[INFO] [stdout] # Profilers consume stderr from target VM, use -v EXTRA to copy to console
[INFO] [stdout] # Warmup Iteration   1: 1345.226 ms/op
[INFO] [stdout] # Warmup Iteration   2: 505.270 ms/op
[INFO] [stdout] # Warmup Iteration   3: 490.291 ms/op
[INFO] [stdout] # Warmup Iteration   4: 487.600 ms/op
[INFO] [stdout] # Warmup Iteration   5: 482.331 ms/op
[INFO] [stdout] Iteration   1: 480.183 ms/op
[INFO] [stdout]                  gc.alloc.rate:      375.845 MB/sec
[INFO] [stdout]                  gc.alloc.rate.norm: 189261112.000 B/op
[INFO] [stdout]                  gc.count:           ≈ 0 counts
[INFO] [stdout] 
[INFO] [stdout] Iteration   2: 482.448 ms/op
[INFO] [stdout]                  gc.alloc.rate:      374.079 MB/sec
[INFO] [stdout]                  gc.alloc.rate.norm: 189261114.667 B/op
[INFO] [stdout]                  gc.count:           1.000 counts
[INFO] [stdout]                  gc.time:            9.000 ms
[INFO] [stdout] 
[INFO] [stdout] Iteration   3: 475.219 ms/op
[INFO] [stdout]                  gc.alloc.rate:      379.768 MB/sec
[INFO] [stdout]                  gc.alloc.rate.norm: 189261186.667 B/op
[INFO] [stdout]                  gc.count:           ≈ 0 counts
[INFO] [stdout] 
[INFO] [stdout] Iteration   4: 478.983 ms/op
[INFO] [stdout]                  gc.alloc.rate:      376.784 MB/sec
[INFO] [stdout]                  gc.alloc.rate.norm: 189261520.000 B/op
[INFO] [stdout]                  gc.count:           1.000 counts
[INFO] [stdout]                  gc.time:            10.000 ms
[INFO] [stdout] 
[INFO] [stdout] Iteration   5: 477.185 ms/op
[INFO] [stdout]                  gc.alloc.rate:      378.208 MB/sec
[INFO] [stdout]                  gc.alloc.rate.norm: 189261050.667 B/op
[INFO] [stdout]                  gc.count:           ≈ 0 counts
[INFO] [stdout] 
[INFO] [stdout] # Processing profiler results: LinuxPerfNormProfiler 
[INFO] [stdout] 
[INFO] [stdout] 
[INFO] [stdout] Result "org.weakref.nitro.tpcds.BenchmarkQueries.query39":
[INFO] [stdout]   481.300 ±(99.9%) 4.709 ms/op [Average]
[INFO] [stdout]   (min, avg, max) = (475.219, 481.300, 492.848), stdev = 4.405
[INFO] [stdout]   CI (99.9%): [476.590, 486.009] (assumes normal distribution)
[INFO] [stdout] 
[INFO] [stdout] Secondary result "org.weakref.nitro.tpcds.BenchmarkQueries.query39:CPI":
[INFO] [stdout]   0.238 ±(99.9%) 0.038 clks/insn [Average]
[INFO] [stdout]   (min, avg, max) = (0.236, 0.238, 0.240), stdev = 0.002
[INFO] [stdout]   CI (99.9%): [0.200, 0.276] (assumes normal distribution)
[INFO] [stdout] 
[INFO] [stdout] Secondary result "org.weakref.nitro.tpcds.BenchmarkQueries.query39:IPC":
[INFO] [stdout]   4.199 ±(99.9%) 0.663 insns/clk [Average]
[INFO] [stdout]   (min, avg, max) = (4.159, 4.199, 4.231), stdev = 0.036
[INFO] [stdout]   CI (99.9%): [3.536, 4.862] (assumes normal distribution)
[INFO] [stdout] 
[INFO] [stdout] Secondary result "org.weakref.nitro.tpcds.BenchmarkQueries.query39:L1-dcache-load-misses":
[INFO] [stdout]   63264553.207 ±(99.9%) 2428576.081 #/op [Average]
[INFO] [stdout]   (min, avg, max) = (63147800.484, 63264553.207, 63409515.497), stdev = 133118.450
[INFO] [stdout]   CI (99.9%): [60835977.126, 65693129.288] (assumes normal distribution)
[INFO] [stdout] 
[INFO] [stdout] Secondary result "org.weakref.nitro.tpcds.BenchmarkQueries.query39:L1-dcache-loads":
[INFO] [stdout]   4623837321.174 ±(99.9%) 91248686.454 #/op [Average]
[INFO] [stdout]   (min, avg, max) = (4619108220.167, 4623837321.174, 4629072967.211), stdev = 5001648.409
[INFO] [stdout]   CI (99.9%): [4532588634.720, 4715086007.629] (assumes normal distribution)
[INFO] [stdout] 
[INFO] [stdout] Secondary result "org.weakref.nitro.tpcds.BenchmarkQueries.query39:branch-misses":
[INFO] [stdout]   6449881.816 ±(99.9%) 320145.616 #/op [Average]
[INFO] [stdout]   (min, avg, max) = (6439611.176, 6449881.816, 6470144.163), stdev = 17548.261
[INFO] [stdout]   CI (99.9%): [6129736.201, 6770027.432] (assumes normal distribution)
[INFO] [stdout] 
[INFO] [stdout] Secondary result "org.weakref.nitro.tpcds.BenchmarkQueries.query39:branches":
[INFO] [stdout]   2174902913.515 ±(99.9%) 58128812.874 #/op [Average]
[INFO] [stdout]   (min, avg, max) = (2173050593.914, 2174902913.515, 2178582032.876), stdev = 3186236.381
[INFO] [stdout]   CI (99.9%): [2116774100.641, 2233031726.389] (assumes normal distribution)
[INFO] [stdout] 
[INFO] [stdout] Secondary result "org.weakref.nitro.tpcds.BenchmarkQueries.query39:cycles":
[INFO] [stdout]   2646646018.186 ±(99.9%) 540432807.718 #/op [Average]
[INFO] [stdout]   (min, avg, max) = (2627892243.365, 2646646018.186, 2680796699.519), stdev = 29622945.800
[INFO] [stdout]   CI (99.9%): [2106213210.468, 3187078825.904] (assumes normal distribution)
[INFO] [stdout] 
[INFO] [stdout] Secondary result "org.weakref.nitro.tpcds.BenchmarkQueries.query39:dTLB-load-misses":
[INFO] [stdout]   104678.109 ±(99.9%) 43473.903 #/op [Average]
[INFO] [stdout]   (min, avg, max) = (102038.415, 104678.109, 106670.612), stdev = 2382.951
[INFO] [stdout]   CI (99.9%): [61204.207, 148152.012] (assumes normal distribution)
[INFO] [stdout] 
[INFO] [stdout] Secondary result "org.weakref.nitro.tpcds.BenchmarkQueries.query39:dTLB-loads":
[INFO] [stdout]   948681.834 ±(99.9%) 105314.990 #/op [Average]
[INFO] [stdout]   (min, avg, max) = (944882.886, 948681.834, 955324.694), stdev = 5772.670
[INFO] [stdout]   CI (99.9%): [843366.843, 1053996.824] (assumes normal distribution)
[INFO] [stdout] 
[INFO] [stdout] Secondary result "org.weakref.nitro.tpcds.BenchmarkQueries.query39:gc.alloc.rate":
[INFO] [stdout]   375.042 ±(99.9%) 3.599 MB/sec [Average]
[INFO] [stdout]   (min, avg, max) = (366.320, 375.042, 379.768), stdev = 3.366
[INFO] [stdout]   CI (99.9%): [371.443, 378.641] (assumes normal distribution)
[INFO] [stdout] 
[INFO] [stdout] Secondary result "org.weakref.nitro.tpcds.BenchmarkQueries.query39:gc.alloc.rate.norm":
[INFO] [stdout]   189281723.022 ±(99.9%) 24902.138 B/op [Average]
[INFO] [stdout]   (min, avg, max) = (189252714.667, 189281723.022, 189328018.667), stdev = 23293.476
[INFO] [stdout]   CI (99.9%): [189256820.884, 189306625.160] (assumes normal distribution)
[INFO] [stdout] 
[INFO] [stdout] Secondary result "org.weakref.nitro.tpcds.BenchmarkQueries.query39:gc.count":
[INFO] [stdout]   6.000 ±(99.9%) 0.001 counts [Sum]
[INFO] [stdout]   (min, avg, max) = (≈ 0, 0.400, 1.000), stdev = 0.507
[INFO] [stdout]   CI (99.9%): [6.000, 6.000] (assumes normal distribution)
[INFO] [stdout] 
[INFO] [stdout] Secondary result "org.weakref.nitro.tpcds.BenchmarkQueries.query39:gc.time":
[INFO] [stdout]   45.000 ±(99.9%) 0.001 ms [Sum]
[INFO] [stdout]   (min, avg, max) = (≈ 0, 3.000, 10.000), stdev = 4.106
[INFO] [stdout]   CI (99.9%): [45.000, 45.000] (assumes normal distribution)
[INFO] [stdout] 
[INFO] [stdout] Secondary result "org.weakref.nitro.tpcds.BenchmarkQueries.query39:instructions":
[INFO] [stdout]   11112791923.575 ±(99.9%) 734450492.396 #/op [Average]
[INFO] [stdout]   (min, avg, max) = (11070292177.543, 11112791923.575, 11150351667.442), stdev = 40257709.780
[INFO] [stdout]   CI (99.9%): [10378341431.180, 11847242415.971] (assumes normal distribution)
[INFO] [stdout] 
[INFO] [stdout] 
[INFO] [stdout] # Run complete. Total time: 00:00:42
[INFO] [stdout] 
[INFO] [stdout] REMEMBER: The numbers below are just data. To gain reusable insights, you need to follow up on
[INFO] [stdout] why the numbers are the way they are. Use profilers (see -prof, -lprof), design factorial
[INFO] [stdout] experiments, perform baseline and negative tests that provide experimental control, make sure
[INFO] [stdout] the benchmarking environment is safe on JVM/OS/HW level, ask for reviews from the domain experts.
[INFO] [stdout] Do not assume the numbers tell you what you want them to tell.
[INFO] [stdout] 
[INFO] [stdout] NOTE: Current JVM experimentally supports Compiler Blackholes, and they are in use. Please exercise
[INFO] [stdout] extra caution when trusting the results, look into the generated code to check the benchmark still
[INFO] [stdout] works, and factor in a small probability of new VM bugs. Additionally, while comparisons between
[INFO] [stdout] different JVMs are already problematic, the performance difference caused by different Blackhole
[INFO] [stdout] modes can be very significant. Please make sure you use the consistent Blackhole mode for comparisons.
[INFO] [stdout] 
[INFO] [stdout] Benchmark                                       Mode  Cnt            Score           Error      Units
[INFO] [stdout] BenchmarkQueries.query39                        avgt   15          481.300 ±         4.709      ms/op
[INFO] [stdout] BenchmarkQueries.query39:CPI                    avgt    3            0.238 ±         0.038  clks/insn
[INFO] [stdout] BenchmarkQueries.query39:IPC                    avgt    3            4.199 ±         0.663  insns/clk
[INFO] [stdout] BenchmarkQueries.query39:L1-dcache-load-misses  avgt    3     63264553.207 ±   2428576.081       #/op
[INFO] [stdout] BenchmarkQueries.query39:L1-dcache-loads        avgt    3   4623837321.174 ±  91248686.454       #/op
[INFO] [stdout] BenchmarkQueries.query39:branch-misses          avgt    3      6449881.816 ±    320145.616       #/op
[INFO] [stdout] BenchmarkQueries.query39:branches               avgt    3   2174902913.515 ±  58128812.874       #/op
[INFO] [stdout] BenchmarkQueries.query39:cycles                 avgt    3   2646646018.186 ± 540432807.718       #/op
[INFO] [stdout] BenchmarkQueries.query39:dTLB-load-misses       avgt    3       104678.109 ±     43473.903       #/op
[INFO] [stdout] BenchmarkQueries.query39:dTLB-loads             avgt    3       948681.834 ±    105314.990       #/op
[INFO] [stdout] BenchmarkQueries.query39:gc.alloc.rate          avgt   15          375.042 ±         3.599     MB/sec
[INFO] [stdout] BenchmarkQueries.query39:gc.alloc.rate.norm     avgt   15    189281723.022 ±     24902.138       B/op
[INFO] [stdout] BenchmarkQueries.query39:gc.count               avgt   15            6.000                     counts
[INFO] [stdout] BenchmarkQueries.query39:gc.time                avgt   15           45.000                         ms
[INFO] [stdout] BenchmarkQueries.query39:instructions           avgt    3  11112791923.575 ± 734450492.396       #/op
[INFO] [stdout] 
[INFO] [stdout] Benchmark result is saved to /home/martin/src/nitro.opt/benchmarks/sweeps/20260725-source-compatibility-quarantine/parent-q39-reverse-3fork.json
[INFO] ------------------------------------------------------------------------
[INFO] BUILD SUCCESS
[INFO] ------------------------------------------------------------------------
[INFO] Total time:  43.556 s (Wall Clock)
[INFO] Finished at: 2026-07-25T18:00:56Z
[INFO] ------------------------------------------------------------------------
[INFO] Njord session closed
