[INFO] Processing build on daemon 46c4c348
[INFO] Scanning for projects...
[INFO] Njord 0.9.4 session created
[INFO] BuildTimeEventSpy is registered.
[INFO] 
[INFO] Using the SmartBuilder implementation with a thread count of 7
[INFO] 
[INFO] -------------------------< org.weakref:nitro >--------------------------
[INFO] Building nitro 1-SNAPSHOT
[INFO]   from pom.xml
[INFO] --------------------------------[ jar ]---------------------------------
[WARNING] 2 problems were encountered while building the effective model for org.apache.yetus:audience-annotations:jar:0.5.0 during dependency collection step for project (use -X to see details)
[INFO] 
[INFO] --- enforcer:3.6.2:enforce (default) @ nitro ---
[INFO] Rule 0: org.apache.maven.enforcer.rules.dependency.BannedDependencies passed
[INFO] Rule 1: org.apache.maven.enforcer.rules.BanDuplicatePomDependencyVersions passed
[INFO] Rule 2: org.apache.maven.enforcer.rules.dependency.RequireUpperBoundDeps passed
[INFO] Rule 3: org.apache.maven.enforcer.rules.version.RequireMavenVersion passed
[INFO] Rule 4: org.apache.maven.enforcer.rules.version.RequireJavaVersion passed
[INFO] Rule 5: org.codehaus.mojo.extraenforcer.dependencies.EnforceBytecodeVersion passed
[INFO] Rule 6: org.apache.maven.enforcer.rules.RequirePluginVersions passed
[INFO] Rule 7: org.apache.maven.plugins.enforcer.RestrictImports passed
[INFO] Rule 8: org.apache.maven.plugins.enforcer.RestrictImports passed
[INFO] Rule 9: org.apache.maven.plugins.enforcer.RestrictImports passed
[INFO] Rule 10: org.apache.maven.plugins.enforcer.RestrictImports passed
[INFO] Rule 11: org.apache.maven.plugins.enforcer.RestrictImports passed
[INFO] Rule 12: org.apache.maven.plugins.enforcer.RestrictImports passed
[INFO] Rule 13: org.apache.maven.plugins.enforcer.RestrictImports passed
[INFO] Rule 14: org.apache.maven.enforcer.rules.RequireProfileIdsExist passed
[INFO] Rule 15: org.codehaus.mojo.extraenforcer.model.RequirePropertyDiverges passed
[INFO] 
[INFO] --- sortpom:4.0.0:verify (default) @ nitro ---
[INFO] Verifying file /home/martin/src/nitro.opt/pom.xml
[INFO] 
[INFO] --- dependency-scope:1.0.3:check (default) @ nitro ---
[INFO] No test dependency scope issues found
[INFO] 
[INFO] --- license:5.0.0:check (default) @ nitro ---
[INFO] Checking licenses...
[INFO] 
[INFO] --- checkstyle:3.6.0:check (checkstyle) @ nitro ---
[INFO] You have 0 Checkstyle violations.
[INFO] 
[INFO] --- git-commit-id:9.0.2:revision (default) @ nitro ---
[INFO] 
[INFO] --- build-helper:3.6.1:bsh-property (surefire-enable-preview) @ nitro ---
[INFO] 
[INFO] --- jacoco:0.8.14:prepare-agent (default) @ nitro ---
[INFO] argLine set to -javaagent:/root/.m2/repository/org/jacoco/org.jacoco.agent/0.8.14/org.jacoco.agent-0.8.14-runtime.jar=destfile=/home/martin/src/nitro.opt/target/jacoco.exec
[INFO] 
[INFO] --- resources:3.5.0:resources (default-resources) @ nitro ---
[INFO] skip non existing resourceDirectory /home/martin/src/nitro.opt/src/main/resources
[INFO] 
[INFO] --- compiler:3.15.0:compile (default-compile) @ nitro ---
[INFO] Nothing to compile - all classes are up to date.
[INFO] 
[INFO] --- resources:3.5.0:testResources (default-testResources) @ nitro ---
[INFO] Copying 22 resources from src/test/resources to target/test-classes
[INFO] 
[INFO] --- compiler:3.15.0:testCompile (default-testCompile) @ nitro ---
[INFO] Nothing to compile - all classes are up to date.
[INFO] 
[INFO] --- exec:3.6.1:exec (benchmark) @ nitro ---
[WARNING] [stderr] WARNING: Using incubator modules: jdk.incubator.vector
[WARNING] [stderr] WARNING: A terminally deprecated method in sun.misc.Unsafe has been called
[WARNING] [stderr] WARNING: sun.misc.Unsafe::objectFieldOffset has been called by org.openjdk.jmh.util.Utils (file:/root/.m2/repository/org/openjdk/jmh/jmh-core/1.37/jmh-core-1.37.jar)
[WARNING] [stderr] WARNING: Please consider reporting this to the maintainers of class org.openjdk.jmh.util.Utils
[WARNING] [stderr] WARNING: sun.misc.Unsafe::objectFieldOffset will be removed in a future release
[INFO] [stdout] # JMH version: 1.37
[INFO] [stdout] # VM version: JDK 26.0.1, OpenJDK 64-Bit Server VM, 26.0.1+8
[INFO] [stdout] # VM invoker: /opt/java/openjdk/bin/java
[INFO] [stdout] # VM options: --enable-preview --add-modules=jdk.incubator.vector -Dnitro.clickbench.hits.path= -Dnitro.tpcds.parquet.path=/root/data/tpcds-parquet-sf10 -Dnitro.tpcds.parquet.schema=sf10 -Xmx12g -XX:+UseTransparentHugePages
[INFO] [stdout] # Blackhole mode: compiler (auto-detected, use -Djmh.blackhole.autoDetect=false to disable)
[INFO] [stdout] # Warmup: 3 iterations, 1000 ms each
[INFO] [stdout] # Measurement: 3 iterations, 1000 ms each
[INFO] [stdout] # Timeout: 30 min per iteration
[INFO] [stdout] # Threads: 1 thread, will synchronize iterations
[INFO] [stdout] # Benchmark mode: Average time, time/op
[INFO] [stdout] # Benchmark: org.weakref.nitro.tpcds.BenchmarkQueries.query12
[INFO] [stdout] 
[INFO] [stdout] # Run progress: 0.00% complete, ETA 00:01:00
[INFO] [stdout] # Fork: 1 of 1
[INFO] [stdout] # Preparing profilers: LinuxPerfNormProfiler 
[INFO] [stdout] # Profilers consume stderr from target VM, use -v EXTRA to copy to console
[INFO] [stdout] # Warmup Iteration   1: 112.901 ms/op
[INFO] [stdout] # Warmup Iteration   2: 42.340 ms/op
[INFO] [stdout] # Warmup Iteration   3: 38.169 ms/op
[INFO] [stdout] Iteration   1: 37.468 ms/op
[INFO] [stdout]                  gc.alloc.rate:      1486.549 MB/sec
[INFO] [stdout]                  gc.alloc.rate.norm: 58416645.630 B/op
[INFO] [stdout]                  gc.count:           10.000 counts
[INFO] [stdout]                  gc.time:            6.000 ms
[INFO] [stdout] 
[INFO] [stdout] Iteration   2: 37.430 ms/op
[INFO] [stdout]                  gc.alloc.rate:      1488.085 MB/sec
[INFO] [stdout]                  gc.alloc.rate.norm: 58415378.370 B/op
[INFO] [stdout]                  gc.count:           11.000 counts
[INFO] [stdout]                  gc.time:            7.000 ms
[INFO] [stdout] 
[INFO] [stdout] Iteration   3: 37.226 ms/op
[INFO] [stdout]                  gc.alloc.rate:      1496.064 MB/sec
[INFO] [stdout]                  gc.alloc.rate.norm: 58409453.630 B/op
[INFO] [stdout]                  gc.count:           9.000 counts
[INFO] [stdout]                  gc.time:            5.000 ms
[INFO] [stdout] 
[INFO] [stdout] # Processing profiler results: LinuxPerfNormProfiler 
[INFO] [stdout] 
[INFO] [stdout] 
[INFO] [stdout] Result "org.weakref.nitro.tpcds.BenchmarkQueries.query12":
[INFO] [stdout]   37.375 ±(99.9%) 2.372 ms/op [Average]
[INFO] [stdout]   (min, avg, max) = (37.226, 37.375, 37.468), stdev = 0.130
[INFO] [stdout]   CI (99.9%): [35.003, 39.747] (assumes normal distribution)
[INFO] [stdout] 
[INFO] [stdout] Secondary result "org.weakref.nitro.tpcds.BenchmarkQueries.query12:CPI":
[INFO] [stdout]   0.331 clks/insn
[INFO] [stdout] 
[INFO] [stdout] Secondary result "org.weakref.nitro.tpcds.BenchmarkQueries.query12:IPC":
[INFO] [stdout]   3.019 insns/clk
[INFO] [stdout] 
[INFO] [stdout] Secondary result "org.weakref.nitro.tpcds.BenchmarkQueries.query12:L1-dcache-load-misses":
[INFO] [stdout]   7465346.579 #/op
[INFO] [stdout] 
[INFO] [stdout] Secondary result "org.weakref.nitro.tpcds.BenchmarkQueries.query12:L1-dcache-loads":
[INFO] [stdout]   292011325.008 #/op
[INFO] [stdout] 
[INFO] [stdout] Secondary result "org.weakref.nitro.tpcds.BenchmarkQueries.query12:L1-icache-load-misses":
[INFO] [stdout]   358072.470 #/op
[INFO] [stdout] 
[INFO] [stdout] Secondary result "org.weakref.nitro.tpcds.BenchmarkQueries.query12:L1-icache-loads":
[INFO] [stdout]   4589652.820 #/op
[INFO] [stdout] 
[INFO] [stdout] Secondary result "org.weakref.nitro.tpcds.BenchmarkQueries.query12:branch-misses":
[INFO] [stdout]   1618531.340 #/op
[INFO] [stdout] 
[INFO] [stdout] Secondary result "org.weakref.nitro.tpcds.BenchmarkQueries.query12:branches":
[INFO] [stdout]   132706840.782 #/op
[INFO] [stdout] 
[INFO] [stdout] Secondary result "org.weakref.nitro.tpcds.BenchmarkQueries.query12:cycles":
[INFO] [stdout]   224285080.453 #/op
[INFO] [stdout] 
[INFO] [stdout] Secondary result "org.weakref.nitro.tpcds.BenchmarkQueries.query12:dTLB-load-misses":
[INFO] [stdout]   30017.843 #/op
[INFO] [stdout] 
[INFO] [stdout] Secondary result "org.weakref.nitro.tpcds.BenchmarkQueries.query12:dTLB-loads":
[INFO] [stdout]   220989.172 #/op
[INFO] [stdout] 
[INFO] [stdout] Secondary result "org.weakref.nitro.tpcds.BenchmarkQueries.query12:gc.alloc.rate":
[INFO] [stdout]   1490.233 ±(99.9%) 93.189 MB/sec [Average]
[INFO] [stdout]   (min, avg, max) = (1486.549, 1490.233, 1496.064), stdev = 5.108
[INFO] [stdout]   CI (99.9%): [1397.044, 1583.422] (assumes normal distribution)
[INFO] [stdout] 
[INFO] [stdout] Secondary result "org.weakref.nitro.tpcds.BenchmarkQueries.query12:gc.alloc.rate.norm":
[INFO] [stdout]   58413825.877 ±(99.9%) 70039.963 B/op [Average]
[INFO] [stdout]   (min, avg, max) = (58409453.630, 58413825.877, 58416645.630), stdev = 3839.127
[INFO] [stdout]   CI (99.9%): [58343785.914, 58483865.839] (assumes normal distribution)
[INFO] [stdout] 
[INFO] [stdout] Secondary result "org.weakref.nitro.tpcds.BenchmarkQueries.query12:gc.count":
[INFO] [stdout]   30.000 ±(99.9%) 0.001 counts [Sum]
[INFO] [stdout]   (min, avg, max) = (9.000, 10.000, 11.000), stdev = 1.000
[INFO] [stdout]   CI (99.9%): [30.000, 30.000] (assumes normal distribution)
[INFO] [stdout] 
[INFO] [stdout] Secondary result "org.weakref.nitro.tpcds.BenchmarkQueries.query12:gc.time":
[INFO] [stdout]   18.000 ±(99.9%) 0.001 ms [Sum]
[INFO] [stdout]   (min, avg, max) = (5.000, 6.000, 7.000), stdev = 1.000
[INFO] [stdout]   CI (99.9%): [18.000, 18.000] (assumes normal distribution)
[INFO] [stdout] 
[INFO] [stdout] Secondary result "org.weakref.nitro.tpcds.BenchmarkQueries.query12:iTLB-load-misses":
[INFO] [stdout]   4479.031 #/op
[INFO] [stdout] 
[INFO] [stdout] Secondary result "org.weakref.nitro.tpcds.BenchmarkQueries.query12:iTLB-loads":
[INFO] [stdout]   189431.090 #/op
[INFO] [stdout] 
[INFO] [stdout] Secondary result "org.weakref.nitro.tpcds.BenchmarkQueries.query12:instructions":
[INFO] [stdout]   677114424.602 #/op
[INFO] [stdout] 
[INFO] [stdout] Secondary result "org.weakref.nitro.tpcds.BenchmarkQueries.query12:stalled-cycles-frontend":
[INFO] [stdout]   53864394.831 #/op
[INFO] [stdout] 
[INFO] [stdout] 
[INFO] [stdout] # JMH version: 1.37
[INFO] [stdout] # VM version: JDK 26.0.1, OpenJDK 64-Bit Server VM, 26.0.1+8
[INFO] [stdout] # VM invoker: /opt/java/openjdk/bin/java
[INFO] [stdout] # VM options: --enable-preview --add-modules=jdk.incubator.vector -Dnitro.clickbench.hits.path= -Dnitro.tpcds.parquet.path=/root/data/tpcds-parquet-sf10 -Dnitro.tpcds.parquet.schema=sf10 -Xmx12g -XX:+UseTransparentHugePages
[INFO] [stdout] # Blackhole mode: compiler (auto-detected, use -Djmh.blackhole.autoDetect=false to disable)
[INFO] [stdout] # Warmup: 3 iterations, 1000 ms each
[INFO] [stdout] # Measurement: 3 iterations, 1000 ms each
[INFO] [stdout] # Timeout: 30 min per iteration
[INFO] [stdout] # Threads: 1 thread, will synchronize iterations
[INFO] [stdout] # Benchmark mode: Average time, time/op
[INFO] [stdout] # Benchmark: org.weakref.nitro.tpcds.BenchmarkQueries.query20
[INFO] [stdout] 
[INFO] [stdout] # Run progress: 10.00% complete, ETA 00:00:57
[INFO] [stdout] # Fork: 1 of 1
[INFO] [stdout] # Preparing profilers: LinuxPerfNormProfiler 
[INFO] [stdout] # Profilers consume stderr from target VM, use -v EXTRA to copy to console
[INFO] [stdout] # Warmup Iteration   1: 126.869 ms/op
[INFO] [stdout] # Warmup Iteration   2: 48.646 ms/op
[INFO] [stdout] # Warmup Iteration   3: 43.979 ms/op
[INFO] [stdout] Iteration   1: 43.657 ms/op
[INFO] [stdout]                  gc.alloc.rate:      1299.362 MB/sec
[INFO] [stdout]                  gc.alloc.rate.norm: 59492944.696 B/op
[INFO] [stdout]                  gc.count:           3.000 counts
[INFO] [stdout]                  gc.time:            4.000 ms
[INFO] [stdout] 
[INFO] [stdout] Iteration   2: 43.240 ms/op
[INFO] [stdout]                  gc.alloc.rate:      1311.898 MB/sec
[INFO] [stdout]                  gc.alloc.rate.norm: 59492368.667 B/op
[INFO] [stdout]                  gc.count:           2.000 counts
[INFO] [stdout]                  gc.time:            3.000 ms
[INFO] [stdout] 
[INFO] [stdout] Iteration   3: 43.553 ms/op
[INFO] [stdout]                  gc.alloc.rate:      1302.357 MB/sec
[INFO] [stdout]                  gc.alloc.rate.norm: 59487515.130 B/op
[INFO] [stdout]                  gc.count:           3.000 counts
[INFO] [stdout]                  gc.time:            3.000 ms
[INFO] [stdout] 
[INFO] [stdout] # Processing profiler results: LinuxPerfNormProfiler 
[INFO] [stdout] 
[INFO] [stdout] 
[INFO] [stdout] Result "org.weakref.nitro.tpcds.BenchmarkQueries.query20":
[INFO] [stdout]   43.483 ±(99.9%) 3.957 ms/op [Average]
[INFO] [stdout]   (min, avg, max) = (43.240, 43.483, 43.657), stdev = 0.217
[INFO] [stdout]   CI (99.9%): [39.526, 47.441] (assumes normal distribution)
[INFO] [stdout] 
[INFO] [stdout] Secondary result "org.weakref.nitro.tpcds.BenchmarkQueries.query20:CPI":
[INFO] [stdout]   0.309 clks/insn
[INFO] [stdout] 
[INFO] [stdout] Secondary result "org.weakref.nitro.tpcds.BenchmarkQueries.query20:IPC":
[INFO] [stdout]   3.234 insns/clk
[INFO] [stdout] 
[INFO] [stdout] Secondary result "org.weakref.nitro.tpcds.BenchmarkQueries.query20:L1-dcache-load-misses":
[INFO] [stdout]   7976910.444 #/op
[INFO] [stdout] 
[INFO] [stdout] Secondary result "org.weakref.nitro.tpcds.BenchmarkQueries.query20:L1-dcache-loads":
[INFO] [stdout]   368088916.504 #/op
[INFO] [stdout] 
[INFO] [stdout] Secondary result "org.weakref.nitro.tpcds.BenchmarkQueries.query20:L1-icache-load-misses":
[INFO] [stdout]   416987.128 #/op
[INFO] [stdout] 
[INFO] [stdout] Secondary result "org.weakref.nitro.tpcds.BenchmarkQueries.query20:L1-icache-loads":
[INFO] [stdout]   4838090.493 #/op
[INFO] [stdout] 
[INFO] [stdout] Secondary result "org.weakref.nitro.tpcds.BenchmarkQueries.query20:branch-misses":
[INFO] [stdout]   1805307.178 #/op
[INFO] [stdout] 
[INFO] [stdout] Secondary result "org.weakref.nitro.tpcds.BenchmarkQueries.query20:branches":
[INFO] [stdout]   169834199.767 #/op
[INFO] [stdout] 
[INFO] [stdout] Secondary result "org.weakref.nitro.tpcds.BenchmarkQueries.query20:cycles":
[INFO] [stdout]   258025839.849 #/op
[INFO] [stdout] 
[INFO] [stdout] Secondary result "org.weakref.nitro.tpcds.BenchmarkQueries.query20:dTLB-load-misses":
[INFO] [stdout]   20201.536 #/op
[INFO] [stdout] 
[INFO] [stdout] Secondary result "org.weakref.nitro.tpcds.BenchmarkQueries.query20:dTLB-loads":
[INFO] [stdout]   209822.578 #/op
[INFO] [stdout] 
[INFO] [stdout] Secondary result "org.weakref.nitro.tpcds.BenchmarkQueries.query20:gc.alloc.rate":
[INFO] [stdout]   1304.539 ±(99.9%) 119.442 MB/sec [Average]
[INFO] [stdout]   (min, avg, max) = (1299.362, 1304.539, 1311.898), stdev = 6.547
[INFO] [stdout]   CI (99.9%): [1185.097, 1423.981] (assumes normal distribution)
[INFO] [stdout] 
[INFO] [stdout] Secondary result "org.weakref.nitro.tpcds.BenchmarkQueries.query20:gc.alloc.rate.norm":
[INFO] [stdout]   59490942.831 ±(99.9%) 54410.355 B/op [Average]
[INFO] [stdout]   (min, avg, max) = (59487515.130, 59490942.831, 59492944.696), stdev = 2982.415
[INFO] [stdout]   CI (99.9%): [59436532.476, 59545353.186] (assumes normal distribution)
[INFO] [stdout] 
[INFO] [stdout] Secondary result "org.weakref.nitro.tpcds.BenchmarkQueries.query20:gc.count":
[INFO] [stdout]   8.000 ±(99.9%) 0.001 counts [Sum]
[INFO] [stdout]   (min, avg, max) = (2.000, 2.667, 3.000), stdev = 0.577
[INFO] [stdout]   CI (99.9%): [8.000, 8.000] (assumes normal distribution)
[INFO] [stdout] 
[INFO] [stdout] Secondary result "org.weakref.nitro.tpcds.BenchmarkQueries.query20:gc.time":
[INFO] [stdout]   10.000 ±(99.9%) 0.001 ms [Sum]
[INFO] [stdout]   (min, avg, max) = (3.000, 3.333, 4.000), stdev = 0.577
[INFO] [stdout]   CI (99.9%): [10.000, 10.000] (assumes normal distribution)
[INFO] [stdout] 
[INFO] [stdout] Secondary result "org.weakref.nitro.tpcds.BenchmarkQueries.query20:iTLB-load-misses":
[INFO] [stdout]   4833.664 #/op
[INFO] [stdout] 
[INFO] [stdout] Secondary result "org.weakref.nitro.tpcds.BenchmarkQueries.query20:iTLB-loads":
[INFO] [stdout]   155524.492 #/op
[INFO] [stdout] 
[INFO] [stdout] Secondary result "org.weakref.nitro.tpcds.BenchmarkQueries.query20:instructions":
[INFO] [stdout]   834355331.441 #/op
[INFO] [stdout] 
[INFO] [stdout] Secondary result "org.weakref.nitro.tpcds.BenchmarkQueries.query20:stalled-cycles-frontend":
[INFO] [stdout]   62326604.612 #/op
[INFO] [stdout] 
[INFO] [stdout] 
[INFO] [stdout] # JMH version: 1.37
[INFO] [stdout] # VM version: JDK 26.0.1, OpenJDK 64-Bit Server VM, 26.0.1+8
[INFO] [stdout] # VM invoker: /opt/java/openjdk/bin/java
[INFO] [stdout] # VM options: --enable-preview --add-modules=jdk.incubator.vector -Dnitro.clickbench.hits.path= -Dnitro.tpcds.parquet.path=/root/data/tpcds-parquet-sf10 -Dnitro.tpcds.parquet.schema=sf10 -Xmx12g -XX:+UseTransparentHugePages
[INFO] [stdout] # Blackhole mode: compiler (auto-detected, use -Djmh.blackhole.autoDetect=false to disable)
[INFO] [stdout] # Warmup: 3 iterations, 1000 ms each
[INFO] [stdout] # Measurement: 3 iterations, 1000 ms each
[INFO] [stdout] # Timeout: 30 min per iteration
[INFO] [stdout] # Threads: 1 thread, will synchronize iterations
[INFO] [stdout] # Benchmark mode: Average time, time/op
[INFO] [stdout] # Benchmark: org.weakref.nitro.tpcds.BenchmarkQueries.query47
[INFO] [stdout] 
[INFO] [stdout] # Run progress: 20.00% complete, ETA 00:00:51
[INFO] [stdout] # Fork: 1 of 1
[INFO] [stdout] # Preparing profilers: LinuxPerfNormProfiler 
[INFO] [stdout] # Profilers consume stderr from target VM, use -v EXTRA to copy to console
[INFO] [stdout] # Warmup Iteration   1: 3309.173 ms/op
[INFO] [stdout] # Warmup Iteration   2: 2359.838 ms/op
[INFO] [stdout] # Warmup Iteration   3: 2323.161 ms/op
[INFO] [stdout] Iteration   1: 2325.236 ms/op
[INFO] [stdout]                  gc.alloc.rate:      196.328 MB/sec
[INFO] [stdout]                  gc.alloc.rate.norm: 478715184.000 B/op
[INFO] [stdout]                  gc.count:           2.000 counts
[INFO] [stdout]                  gc.time:            15.000 ms
[INFO] [stdout] 
[INFO] [stdout] Iteration   2: 2319.804 ms/op
[INFO] [stdout]                  gc.alloc.rate:      196.644 MB/sec
[INFO] [stdout]                  gc.alloc.rate.norm: 478361008.000 B/op
[INFO] [stdout]                  gc.count:           4.000 counts
[INFO] [stdout]                  gc.time:            10.000 ms
[INFO] [stdout] 
[INFO] [stdout] Iteration   3: 2316.832 ms/op
[INFO] [stdout]                  gc.alloc.rate:      188.792 MB/sec
[INFO] [stdout]                  gc.alloc.rate.norm: 458672120.000 B/op
[INFO] [stdout]                  gc.count:           2.000 counts
[INFO] [stdout]                  gc.time:            12.000 ms
[INFO] [stdout] 
[INFO] [stdout] # Processing profiler results: LinuxPerfNormProfiler 
[INFO] [stdout] 
[INFO] [stdout] 
[INFO] [stdout] Result "org.weakref.nitro.tpcds.BenchmarkQueries.query47":
[INFO] [stdout]   2320.624 ±(99.9%) 77.751 ms/op [Average]
[INFO] [stdout]   (min, avg, max) = (2316.832, 2320.624, 2325.236), stdev = 4.262
[INFO] [stdout]   CI (99.9%): [2242.873, 2398.375] (assumes normal distribution)
[INFO] [stdout] 
[INFO] [stdout] Secondary result "org.weakref.nitro.tpcds.BenchmarkQueries.query47:CPI":
[INFO] [stdout]   0.257 clks/insn
[INFO] [stdout] 
[INFO] [stdout] Secondary result "org.weakref.nitro.tpcds.BenchmarkQueries.query47:IPC":
[INFO] [stdout]   3.891 insns/clk
[INFO] [stdout] 
[INFO] [stdout] Secondary result "org.weakref.nitro.tpcds.BenchmarkQueries.query47:L1-dcache-load-misses":
[INFO] [stdout]   472232026.691 #/op
[INFO] [stdout] 
[INFO] [stdout] Secondary result "org.weakref.nitro.tpcds.BenchmarkQueries.query47:L1-dcache-loads":
[INFO] [stdout]   22508094800.550 #/op
[INFO] [stdout] 
[INFO] [stdout] Secondary result "org.weakref.nitro.tpcds.BenchmarkQueries.query47:L1-icache-load-misses":
[INFO] [stdout]   8659112.644 #/op
[INFO] [stdout] 
[INFO] [stdout] Secondary result "org.weakref.nitro.tpcds.BenchmarkQueries.query47:L1-icache-loads":
[INFO] [stdout]   111581595.813 #/op
[INFO] [stdout] 
[INFO] [stdout] Secondary result "org.weakref.nitro.tpcds.BenchmarkQueries.query47:branch-misses":
[INFO] [stdout]   68549650.999 #/op
[INFO] [stdout] 
[INFO] [stdout] Secondary result "org.weakref.nitro.tpcds.BenchmarkQueries.query47:branches":
[INFO] [stdout]   10249669155.951 #/op
[INFO] [stdout] 
[INFO] [stdout] Secondary result "org.weakref.nitro.tpcds.BenchmarkQueries.query47:cycles":
[INFO] [stdout]   13101291898.730 #/op
[INFO] [stdout] 
[INFO] [stdout] Secondary result "org.weakref.nitro.tpcds.BenchmarkQueries.query47:dTLB-load-misses":
[INFO] [stdout]   327178.693 #/op
[INFO] [stdout] 
[INFO] [stdout] Secondary result "org.weakref.nitro.tpcds.BenchmarkQueries.query47:dTLB-loads":
[INFO] [stdout]   4709473.727 #/op
[INFO] [stdout] 
[INFO] [stdout] Secondary result "org.weakref.nitro.tpcds.BenchmarkQueries.query47:gc.alloc.rate":
[INFO] [stdout]   193.921 ±(99.9%) 81.100 MB/sec [Average]
[INFO] [stdout]   (min, avg, max) = (188.792, 193.921, 196.644), stdev = 4.445
[INFO] [stdout]   CI (99.9%): [112.822, 275.021] (assumes normal distribution)
[INFO] [stdout] 
[INFO] [stdout] Secondary result "org.weakref.nitro.tpcds.BenchmarkQueries.query47:gc.alloc.rate.norm":
[INFO] [stdout]   471916104.000 ±(99.9%) 209273626.046 B/op [Average]
[INFO] [stdout]   (min, avg, max) = (458672120.000, 471916104.000, 478715184.000), stdev = 11470993.606
[INFO] [stdout]   CI (99.9%): [262642477.954, 681189730.046] (assumes normal distribution)
[INFO] [stdout] 
[INFO] [stdout] Secondary result "org.weakref.nitro.tpcds.BenchmarkQueries.query47:gc.count":
[INFO] [stdout]   8.000 ±(99.9%) 0.001 counts [Sum]
[INFO] [stdout]   (min, avg, max) = (2.000, 2.667, 4.000), stdev = 1.155
[INFO] [stdout]   CI (99.9%): [8.000, 8.000] (assumes normal distribution)
[INFO] [stdout] 
[INFO] [stdout] Secondary result "org.weakref.nitro.tpcds.BenchmarkQueries.query47:gc.time":
[INFO] [stdout]   37.000 ±(99.9%) 0.001 ms [Sum]
[INFO] [stdout]   (min, avg, max) = (10.000, 12.333, 15.000), stdev = 2.517
[INFO] [stdout]   CI (99.9%): [37.000, 37.000] (assumes normal distribution)
[INFO] [stdout] 
[INFO] [stdout] Secondary result "org.weakref.nitro.tpcds.BenchmarkQueries.query47:iTLB-load-misses":
[INFO] [stdout]   51115.450 #/op
[INFO] [stdout] 
[INFO] [stdout] Secondary result "org.weakref.nitro.tpcds.BenchmarkQueries.query47:iTLB-loads":
[INFO] [stdout]   3614224.791 #/op
[INFO] [stdout] 
[INFO] [stdout] Secondary result "org.weakref.nitro.tpcds.BenchmarkQueries.query47:instructions":
[INFO] [stdout]   50978592461.194 #/op
[INFO] [stdout] 
[INFO] [stdout] Secondary result "org.weakref.nitro.tpcds.BenchmarkQueries.query47:stalled-cycles-frontend":
[INFO] [stdout]   1656732635.304 #/op
[INFO] [stdout] 
[INFO] [stdout] 
[INFO] [stdout] # JMH version: 1.37
[INFO] [stdout] # VM version: JDK 26.0.1, OpenJDK 64-Bit Server VM, 26.0.1+8
[INFO] [stdout] # VM invoker: /opt/java/openjdk/bin/java
[INFO] [stdout] # VM options: --enable-preview --add-modules=jdk.incubator.vector -Dnitro.clickbench.hits.path= -Dnitro.tpcds.parquet.path=/root/data/tpcds-parquet-sf10 -Dnitro.tpcds.parquet.schema=sf10 -Xmx12g -XX:+UseTransparentHugePages
[INFO] [stdout] # Blackhole mode: compiler (auto-detected, use -Djmh.blackhole.autoDetect=false to disable)
[INFO] [stdout] # Warmup: 3 iterations, 1000 ms each
[INFO] [stdout] # Measurement: 3 iterations, 1000 ms each
[INFO] [stdout] # Timeout: 30 min per iteration
[INFO] [stdout] # Threads: 1 thread, will synchronize iterations
[INFO] [stdout] # Benchmark mode: Average time, time/op
[INFO] [stdout] # Benchmark: org.weakref.nitro.tpcds.BenchmarkQueries.query49
[INFO] [stdout] 
[INFO] [stdout] # Run progress: 30.00% complete, ETA 00:01:06
[INFO] [stdout] # Fork: 1 of 1
[INFO] [stdout] # Preparing profilers: LinuxPerfNormProfiler 
[INFO] [stdout] # Profilers consume stderr from target VM, use -v EXTRA to copy to console
[INFO] [stdout] # Warmup Iteration   1: 565.134 ms/op
[INFO] [stdout] # Warmup Iteration   2: 264.211 ms/op
[INFO] [stdout] # Warmup Iteration   3: 257.261 ms/op
[INFO] [stdout] Iteration   1: 255.808 ms/op
[INFO] [stdout]                  gc.alloc.rate:      115.451 MB/sec
[INFO] [stdout]                  gc.alloc.rate.norm: 30971758.000 B/op
[INFO] [stdout]                  gc.count:           1.000 counts
[INFO] [stdout]                  gc.time:            1.000 ms
[INFO] [stdout] 
[INFO] [stdout] Iteration   2: 255.498 ms/op
[INFO] [stdout]                  gc.alloc.rate:      115.390 MB/sec
[INFO] [stdout]                  gc.alloc.rate.norm: 30917618.000 B/op
[INFO] [stdout]                  gc.count:           1.000 counts
[INFO] [stdout]                  gc.time:            1.000 ms
[INFO] [stdout] 
[INFO] [stdout] Iteration   3: 253.346 ms/op
[INFO] [stdout]                  gc.alloc.rate:      116.301 MB/sec
[INFO] [stdout]                  gc.alloc.rate.norm: 30898976.000 B/op
[INFO] [stdout]                  gc.count:           ≈ 0 counts
[INFO] [stdout] 
[INFO] [stdout] # Processing profiler results: LinuxPerfNormProfiler 
[INFO] [stdout] 
[INFO] [stdout] 
[INFO] [stdout] Result "org.weakref.nitro.tpcds.BenchmarkQueries.query49":
[INFO] [stdout]   254.884 ±(99.9%) 24.467 ms/op [Average]
[INFO] [stdout]   (min, avg, max) = (253.346, 254.884, 255.808), stdev = 1.341
[INFO] [stdout]   CI (99.9%): [230.417, 279.351] (assumes normal distribution)
[INFO] [stdout] 
[INFO] [stdout] Secondary result "org.weakref.nitro.tpcds.BenchmarkQueries.query49:CPI":
[INFO] [stdout]   0.275 clks/insn
[INFO] [stdout] 
[INFO] [stdout] Secondary result "org.weakref.nitro.tpcds.BenchmarkQueries.query49:IPC":
[INFO] [stdout]   3.638 insns/clk
[INFO] [stdout] 
[INFO] [stdout] Secondary result "org.weakref.nitro.tpcds.BenchmarkQueries.query49:L1-dcache-load-misses":
[INFO] [stdout]   37277967.540 #/op
[INFO] [stdout] 
[INFO] [stdout] Secondary result "org.weakref.nitro.tpcds.BenchmarkQueries.query49:L1-dcache-loads":
[INFO] [stdout]   2172856137.324 #/op
[INFO] [stdout] 
[INFO] [stdout] Secondary result "org.weakref.nitro.tpcds.BenchmarkQueries.query49:L1-icache-load-misses":
[INFO] [stdout]   2166937.514 #/op
[INFO] [stdout] 
[INFO] [stdout] Secondary result "org.weakref.nitro.tpcds.BenchmarkQueries.query49:L1-icache-loads":
[INFO] [stdout]   25955557.311 #/op
[INFO] [stdout] 
[INFO] [stdout] Secondary result "org.weakref.nitro.tpcds.BenchmarkQueries.query49:branch-misses":
[INFO] [stdout]   7130551.767 #/op
[INFO] [stdout] 
[INFO] [stdout] Secondary result "org.weakref.nitro.tpcds.BenchmarkQueries.query49:branches":
[INFO] [stdout]   1078782013.360 #/op
[INFO] [stdout] 
[INFO] [stdout] Secondary result "org.weakref.nitro.tpcds.BenchmarkQueries.query49:cycles":
[INFO] [stdout]   1479613824.363 #/op
[INFO] [stdout] 
[INFO] [stdout] Secondary result "org.weakref.nitro.tpcds.BenchmarkQueries.query49:dTLB-load-misses":
[INFO] [stdout]   174370.180 #/op
[INFO] [stdout] 
[INFO] [stdout] Secondary result "org.weakref.nitro.tpcds.BenchmarkQueries.query49:dTLB-loads":
[INFO] [stdout]   1372521.735 #/op
[INFO] [stdout] 
[INFO] [stdout] Secondary result "org.weakref.nitro.tpcds.BenchmarkQueries.query49:gc.alloc.rate":
[INFO] [stdout]   115.714 ±(99.9%) 9.290 MB/sec [Average]
[INFO] [stdout]   (min, avg, max) = (115.390, 115.714, 116.301), stdev = 0.509
[INFO] [stdout]   CI (99.9%): [106.424, 125.003] (assumes normal distribution)
[INFO] [stdout] 
[INFO] [stdout] Secondary result "org.weakref.nitro.tpcds.BenchmarkQueries.query49:gc.alloc.rate.norm":
[INFO] [stdout]   30929450.667 ±(99.9%) 689727.064 B/op [Average]
[INFO] [stdout]   (min, avg, max) = (30898976.000, 30929450.667, 30971758.000), stdev = 37806.268
[INFO] [stdout]   CI (99.9%): [30239723.603, 31619177.731] (assumes normal distribution)
[INFO] [stdout] 
[INFO] [stdout] Secondary result "org.weakref.nitro.tpcds.BenchmarkQueries.query49:gc.count":
[INFO] [stdout]   2.000 ±(99.9%) 0.001 counts [Sum]
[INFO] [stdout]   (min, avg, max) = (≈ 0, 0.667, 1.000), stdev = 0.577
[INFO] [stdout]   CI (99.9%): [2.000, 2.000] (assumes normal distribution)
[INFO] [stdout] 
[INFO] [stdout] Secondary result "org.weakref.nitro.tpcds.BenchmarkQueries.query49:gc.time":
[INFO] [stdout]   2.000 ±(99.9%) 0.001 ms [Sum]
[INFO] [stdout]   (min, avg, max) = (≈ 0, 0.667, 1.000), stdev = 0.577
[INFO] [stdout]   CI (99.9%): [2.000, 2.000] (assumes normal distribution)
[INFO] [stdout] 
[INFO] [stdout] Secondary result "org.weakref.nitro.tpcds.BenchmarkQueries.query49:iTLB-load-misses":
[INFO] [stdout]   17392.716 #/op
[INFO] [stdout] 
[INFO] [stdout] Secondary result "org.weakref.nitro.tpcds.BenchmarkQueries.query49:iTLB-loads":
[INFO] [stdout]   947227.920 #/op
[INFO] [stdout] 
[INFO] [stdout] Secondary result "org.weakref.nitro.tpcds.BenchmarkQueries.query49:instructions":
[INFO] [stdout]   5382311210.114 #/op
[INFO] [stdout] 
[INFO] [stdout] Secondary result "org.weakref.nitro.tpcds.BenchmarkQueries.query49:stalled-cycles-frontend":
[INFO] [stdout]   357165803.723 #/op
[INFO] [stdout] 
[INFO] [stdout] 
[INFO] [stdout] # JMH version: 1.37
[INFO] [stdout] # VM version: JDK 26.0.1, OpenJDK 64-Bit Server VM, 26.0.1+8
[INFO] [stdout] # VM invoker: /opt/java/openjdk/bin/java
[INFO] [stdout] # VM options: --enable-preview --add-modules=jdk.incubator.vector -Dnitro.clickbench.hits.path= -Dnitro.tpcds.parquet.path=/root/data/tpcds-parquet-sf10 -Dnitro.tpcds.parquet.schema=sf10 -Xmx12g -XX:+UseTransparentHugePages
[INFO] [stdout] # Blackhole mode: compiler (auto-detected, use -Djmh.blackhole.autoDetect=false to disable)
[INFO] [stdout] # Warmup: 3 iterations, 1000 ms each
[INFO] [stdout] # Measurement: 3 iterations, 1000 ms each
[INFO] [stdout] # Timeout: 30 min per iteration
[INFO] [stdout] # Threads: 1 thread, will synchronize iterations
[INFO] [stdout] # Benchmark mode: Average time, time/op
[INFO] [stdout] # Benchmark: org.weakref.nitro.tpcds.BenchmarkQueries.query51
[INFO] [stdout] 
[INFO] [stdout] # Run progress: 40.00% complete, ETA 00:00:52
[INFO] [stdout] # Fork: 1 of 1
[INFO] [stdout] # Preparing profilers: LinuxPerfNormProfiler 
[INFO] [stdout] # Profilers consume stderr from target VM, use -v EXTRA to copy to console
[INFO] [stdout] # Warmup Iteration   1: 2134.849 ms/op
[INFO] [stdout] # Warmup Iteration   2: 1427.500 ms/op
[INFO] [stdout] # Warmup Iteration   3: 2623.035 ms/op
[INFO] [stdout] Iteration   1: 1550.812 ms/op
[INFO] [stdout]                  gc.alloc.rate:      846.594 MB/sec
[INFO] [stdout]                  gc.alloc.rate.norm: 1376793408.000 B/op
[INFO] [stdout]                  gc.count:           1.000 counts
[INFO] [stdout]                  gc.time:            20.000 ms
[INFO] [stdout] 
[INFO] [stdout] Iteration   2: 1457.436 ms/op
[INFO] [stdout]                  gc.alloc.rate:      904.694 MB/sec
[INFO] [stdout]                  gc.alloc.rate.norm: 1382712504.000 B/op
[INFO] [stdout]                  gc.count:           1.000 counts
[INFO] [stdout]                  gc.time:            7.000 ms
[INFO] [stdout] 
[INFO] [stdout] Iteration   3: 1413.016 ms/op
[INFO] [stdout]                  gc.alloc.rate:      935.499 MB/sec
[INFO] [stdout]                  gc.alloc.rate.norm: 1386230320.000 B/op
[INFO] [stdout]                  gc.count:           1.000 counts
[INFO] [stdout]                  gc.time:            4.000 ms
[INFO] [stdout] 
[INFO] [stdout] # Processing profiler results: LinuxPerfNormProfiler 
[INFO] [stdout] 
[INFO] [stdout] 
[INFO] [stdout] Result "org.weakref.nitro.tpcds.BenchmarkQueries.query51":
[INFO] [stdout]   1473.755 ±(99.9%) 1283.122 ms/op [Average]
[INFO] [stdout]   (min, avg, max) = (1413.016, 1473.755, 1550.812), stdev = 70.332
[INFO] [stdout]   CI (99.9%): [190.633, 2756.876] (assumes normal distribution)
[INFO] [stdout] 
[INFO] [stdout] Secondary result "org.weakref.nitro.tpcds.BenchmarkQueries.query51:CPI":
[INFO] [stdout]   0.348 clks/insn
[INFO] [stdout] 
[INFO] [stdout] Secondary result "org.weakref.nitro.tpcds.BenchmarkQueries.query51:IPC":
[INFO] [stdout]   2.872 insns/clk
[INFO] [stdout] 
[INFO] [stdout] Secondary result "org.weakref.nitro.tpcds.BenchmarkQueries.query51:L1-dcache-load-misses":
[INFO] [stdout]   347679320.857 #/op
[INFO] [stdout] 
[INFO] [stdout] Secondary result "org.weakref.nitro.tpcds.BenchmarkQueries.query51:L1-dcache-loads":
[INFO] [stdout]   11755808785.176 #/op
[INFO] [stdout] 
[INFO] [stdout] Secondary result "org.weakref.nitro.tpcds.BenchmarkQueries.query51:L1-icache-load-misses":
[INFO] [stdout]   6761634.852 #/op
[INFO] [stdout] 
[INFO] [stdout] Secondary result "org.weakref.nitro.tpcds.BenchmarkQueries.query51:L1-icache-loads":
[INFO] [stdout]   89697697.170 #/op
[INFO] [stdout] 
[INFO] [stdout] Secondary result "org.weakref.nitro.tpcds.BenchmarkQueries.query51:branch-misses":
[INFO] [stdout]   45689765.243 #/op
[INFO] [stdout] 
[INFO] [stdout] Secondary result "org.weakref.nitro.tpcds.BenchmarkQueries.query51:branches":
[INFO] [stdout]   4645696133.449 #/op
[INFO] [stdout] 
[INFO] [stdout] Secondary result "org.weakref.nitro.tpcds.BenchmarkQueries.query51:cycles":
[INFO] [stdout]   8567521127.454 #/op
[INFO] [stdout] 
[INFO] [stdout] Secondary result "org.weakref.nitro.tpcds.BenchmarkQueries.query51:dTLB-load-misses":
[INFO] [stdout]   24590383.100 #/op
[INFO] [stdout] 
[INFO] [stdout] Secondary result "org.weakref.nitro.tpcds.BenchmarkQueries.query51:dTLB-loads":
[INFO] [stdout]   58261995.027 #/op
[INFO] [stdout] 
[INFO] [stdout] Secondary result "org.weakref.nitro.tpcds.BenchmarkQueries.query51:gc.alloc.rate":
[INFO] [stdout]   895.595 ±(99.9%) 823.624 MB/sec [Average]
[INFO] [stdout]   (min, avg, max) = (846.594, 895.595, 935.499), stdev = 45.146
[INFO] [stdout]   CI (99.9%): [71.971, 1719.219] (assumes normal distribution)
[INFO] [stdout] 
[INFO] [stdout] Secondary result "org.weakref.nitro.tpcds.BenchmarkQueries.query51:gc.alloc.rate.norm":
[INFO] [stdout]   1381912077.333 ±(99.9%) 87006184.341 B/op [Average]
[INFO] [stdout]   (min, avg, max) = (1376793408.000, 1381912077.333, 1386230320.000), stdev = 4769102.553
[INFO] [stdout]   CI (99.9%): [1294905892.992, 1468918261.674] (assumes normal distribution)
[INFO] [stdout] 
[INFO] [stdout] Secondary result "org.weakref.nitro.tpcds.BenchmarkQueries.query51:gc.count":
[INFO] [stdout]   3.000 ±(99.9%) 0.001 counts [Sum]
[INFO] [stdout]   (min, avg, max) = (1.000, 1.000, 1.000), stdev = 0.001
[INFO] [stdout]   CI (99.9%): [3.000, 3.000] (assumes normal distribution)
[INFO] [stdout] 
[INFO] [stdout] Secondary result "org.weakref.nitro.tpcds.BenchmarkQueries.query51:gc.time":
[INFO] [stdout]   31.000 ±(99.9%) 0.001 ms [Sum]
[INFO] [stdout]   (min, avg, max) = (4.000, 10.333, 20.000), stdev = 8.505
[INFO] [stdout]   CI (99.9%): [31.000, 31.000] (assumes normal distribution)
[INFO] [stdout] 
[INFO] [stdout] Secondary result "org.weakref.nitro.tpcds.BenchmarkQueries.query51:iTLB-load-misses":
[INFO] [stdout]   28475.218 #/op
[INFO] [stdout] 
[INFO] [stdout] Secondary result "org.weakref.nitro.tpcds.BenchmarkQueries.query51:iTLB-loads":
[INFO] [stdout]   2828467.005 #/op
[INFO] [stdout] 
[INFO] [stdout] Secondary result "org.weakref.nitro.tpcds.BenchmarkQueries.query51:instructions":
[INFO] [stdout]   24608581924.178 #/op
[INFO] [stdout] 
[INFO] [stdout] Secondary result "org.weakref.nitro.tpcds.BenchmarkQueries.query51:stalled-cycles-frontend":
[INFO] [stdout]   1005254601.067 #/op
[INFO] [stdout] 
[INFO] [stdout] 
[INFO] [stdout] # JMH version: 1.37
[INFO] [stdout] # VM version: JDK 26.0.1, OpenJDK 64-Bit Server VM, 26.0.1+8
[INFO] [stdout] # VM invoker: /opt/java/openjdk/bin/java
[INFO] [stdout] # VM options: --enable-preview --add-modules=jdk.incubator.vector -Dnitro.clickbench.hits.path= -Dnitro.tpcds.parquet.path=/root/data/tpcds-parquet-sf10 -Dnitro.tpcds.parquet.schema=sf10 -Xmx12g -XX:+UseTransparentHugePages
[INFO] [stdout] # Blackhole mode: compiler (auto-detected, use -Djmh.blackhole.autoDetect=false to disable)
[INFO] [stdout] # Warmup: 3 iterations, 1000 ms each
[INFO] [stdout] # Measurement: 3 iterations, 1000 ms each
[INFO] [stdout] # Timeout: 30 min per iteration
[INFO] [stdout] # Threads: 1 thread, will synchronize iterations
[INFO] [stdout] # Benchmark mode: Average time, time/op
[INFO] [stdout] # Benchmark: org.weakref.nitro.tpcds.BenchmarkQueries.query53
[INFO] [stdout] 
[INFO] [stdout] # Run progress: 50.00% complete, ETA 00:00:46
[INFO] [stdout] # Fork: 1 of 1
[INFO] [stdout] # Preparing profilers: LinuxPerfNormProfiler 
[INFO] [stdout] # Profilers consume stderr from target VM, use -v EXTRA to copy to console
[INFO] [stdout] # Warmup Iteration   1: 369.243 ms/op
[INFO] [stdout] # Warmup Iteration   2: 227.822 ms/op
[INFO] [stdout] # Warmup Iteration   3: 221.549 ms/op
[INFO] [stdout] Iteration   1: 219.691 ms/op
[INFO] [stdout]                  gc.alloc.rate:      90.948 MB/sec
[INFO] [stdout]                  gc.alloc.rate.norm: 20953808.000 B/op
[INFO] [stdout]                  gc.count:           3.000 counts
[INFO] [stdout]                  gc.time:            2.000 ms
[INFO] [stdout] 
[INFO] [stdout] Iteration   2: 217.177 ms/op
[INFO] [stdout]                  gc.alloc.rate:      80.351 MB/sec
[INFO] [stdout]                  gc.alloc.rate.norm: 18300499.200 B/op
[INFO] [stdout]                  gc.count:           2.000 counts
[INFO] [stdout]                  gc.time:            1.000 ms
[INFO] [stdout] 
[INFO] [stdout] Iteration   3: 218.709 ms/op
[INFO] [stdout]                  gc.alloc.rate:      68.339 MB/sec
[INFO] [stdout]                  gc.alloc.rate.norm: 15674214.400 B/op
[INFO] [stdout]                  gc.count:           2.000 counts
[INFO] [stdout]                  gc.time:            2.000 ms
[INFO] [stdout] 
[INFO] [stdout] # Processing profiler results: LinuxPerfNormProfiler 
[INFO] [stdout] 
[INFO] [stdout] 
[INFO] [stdout] Result "org.weakref.nitro.tpcds.BenchmarkQueries.query53":
[INFO] [stdout]   218.526 ±(99.9%) 23.121 ms/op [Average]
[INFO] [stdout]   (min, avg, max) = (217.177, 218.526, 219.691), stdev = 1.267
[INFO] [stdout]   CI (99.9%): [195.404, 241.647] (assumes normal distribution)
[INFO] [stdout] 
[INFO] [stdout] Secondary result "org.weakref.nitro.tpcds.BenchmarkQueries.query53:CPI":
[INFO] [stdout]   0.335 clks/insn
[INFO] [stdout] 
[INFO] [stdout] Secondary result "org.weakref.nitro.tpcds.BenchmarkQueries.query53:IPC":
[INFO] [stdout]   2.985 insns/clk
[INFO] [stdout] 
[INFO] [stdout] Secondary result "org.weakref.nitro.tpcds.BenchmarkQueries.query53:L1-dcache-load-misses":
[INFO] [stdout]   29050566.429 #/op
[INFO] [stdout] 
[INFO] [stdout] Secondary result "org.weakref.nitro.tpcds.BenchmarkQueries.query53:L1-dcache-loads":
[INFO] [stdout]   1814984977.290 #/op
[INFO] [stdout] 
[INFO] [stdout] Secondary result "org.weakref.nitro.tpcds.BenchmarkQueries.query53:L1-icache-load-misses":
[INFO] [stdout]   1822831.565 #/op
[INFO] [stdout] 
[INFO] [stdout] Secondary result "org.weakref.nitro.tpcds.BenchmarkQueries.query53:L1-icache-loads":
[INFO] [stdout]   21297388.431 #/op
[INFO] [stdout] 
[INFO] [stdout] Secondary result "org.weakref.nitro.tpcds.BenchmarkQueries.query53:branch-misses":
[INFO] [stdout]   13943479.252 #/op
[INFO] [stdout] 
[INFO] [stdout] Secondary result "org.weakref.nitro.tpcds.BenchmarkQueries.query53:branches":
[INFO] [stdout]   823653262.080 #/op
[INFO] [stdout] 
[INFO] [stdout] Secondary result "org.weakref.nitro.tpcds.BenchmarkQueries.query53:cycles":
[INFO] [stdout]   1363365971.092 #/op
[INFO] [stdout] 
[INFO] [stdout] Secondary result "org.weakref.nitro.tpcds.BenchmarkQueries.query53:dTLB-load-misses":
[INFO] [stdout]   91530.781 #/op
[INFO] [stdout] 
[INFO] [stdout] Secondary result "org.weakref.nitro.tpcds.BenchmarkQueries.query53:dTLB-loads":
[INFO] [stdout]   1368934.104 #/op
[INFO] [stdout] 
[INFO] [stdout] Secondary result "org.weakref.nitro.tpcds.BenchmarkQueries.query53:gc.alloc.rate":
[INFO] [stdout]   79.879 ±(99.9%) 206.369 MB/sec [Average]
[INFO] [stdout]   (min, avg, max) = (68.339, 79.879, 90.948), stdev = 11.312
[INFO] [stdout]   CI (99.9%): [≈ 0, 286.248] (assumes normal distribution)
[INFO] [stdout] 
[INFO] [stdout] Secondary result "org.weakref.nitro.tpcds.BenchmarkQueries.query53:gc.alloc.rate.norm":
[INFO] [stdout]   18309507.200 ±(99.9%) 48159931.009 B/op [Average]
[INFO] [stdout]   (min, avg, max) = (15674214.400, 18309507.200, 20953808.000), stdev = 2639808.327
[INFO] [stdout]   CI (99.9%): [≈ 0, 66469438.209] (assumes normal distribution)
[INFO] [stdout] 
[INFO] [stdout] Secondary result "org.weakref.nitro.tpcds.BenchmarkQueries.query53:gc.count":
[INFO] [stdout]   7.000 ±(99.9%) 0.001 counts [Sum]
[INFO] [stdout]   (min, avg, max) = (2.000, 2.333, 3.000), stdev = 0.577
[INFO] [stdout]   CI (99.9%): [7.000, 7.000] (assumes normal distribution)
[INFO] [stdout] 
[INFO] [stdout] Secondary result "org.weakref.nitro.tpcds.BenchmarkQueries.query53:gc.time":
[INFO] [stdout]   5.000 ±(99.9%) 0.001 ms [Sum]
[INFO] [stdout]   (min, avg, max) = (1.000, 1.667, 2.000), stdev = 0.577
[INFO] [stdout]   CI (99.9%): [5.000, 5.000] (assumes normal distribution)
[INFO] [stdout] 
[INFO] [stdout] Secondary result "org.weakref.nitro.tpcds.BenchmarkQueries.query53:iTLB-load-misses":
[INFO] [stdout]   14053.754 #/op
[INFO] [stdout] 
[INFO] [stdout] Secondary result "org.weakref.nitro.tpcds.BenchmarkQueries.query53:iTLB-loads":
[INFO] [stdout]   1220335.411 #/op
[INFO] [stdout] 
[INFO] [stdout] Secondary result "org.weakref.nitro.tpcds.BenchmarkQueries.query53:instructions":
[INFO] [stdout]   4070037780.784 #/op
[INFO] [stdout] 
[INFO] [stdout] Secondary result "org.weakref.nitro.tpcds.BenchmarkQueries.query53:stalled-cycles-frontend":
[INFO] [stdout]   383631786.020 #/op
[INFO] [stdout] 
[INFO] [stdout] 
[INFO] [stdout] # JMH version: 1.37
[INFO] [stdout] # VM version: JDK 26.0.1, OpenJDK 64-Bit Server VM, 26.0.1+8
[INFO] [stdout] # VM invoker: /opt/java/openjdk/bin/java
[INFO] [stdout] # VM options: --enable-preview --add-modules=jdk.incubator.vector -Dnitro.clickbench.hits.path= -Dnitro.tpcds.parquet.path=/root/data/tpcds-parquet-sf10 -Dnitro.tpcds.parquet.schema=sf10 -Xmx12g -XX:+UseTransparentHugePages
[INFO] [stdout] # Blackhole mode: compiler (auto-detected, use -Djmh.blackhole.autoDetect=false to disable)
[INFO] [stdout] # Warmup: 3 iterations, 1000 ms each
[INFO] [stdout] # Measurement: 3 iterations, 1000 ms each
[INFO] [stdout] # Timeout: 30 min per iteration
[INFO] [stdout] # Threads: 1 thread, will synchronize iterations
[INFO] [stdout] # Benchmark mode: Average time, time/op
[INFO] [stdout] # Benchmark: org.weakref.nitro.tpcds.BenchmarkQueries.query57
[INFO] [stdout] 
[INFO] [stdout] # Run progress: 60.00% complete, ETA 00:00:35
[INFO] [stdout] # Fork: 1 of 1
[INFO] [stdout] # Preparing profilers: LinuxPerfNormProfiler 
[INFO] [stdout] # Profilers consume stderr from target VM, use -v EXTRA to copy to console
[INFO] [stdout] # Warmup Iteration   1: 2141.091 ms/op
[INFO] [stdout] # Warmup Iteration   2: 1206.257 ms/op
[INFO] [stdout] # Warmup Iteration   3: 1164.511 ms/op
[INFO] [stdout] Iteration   1: 1178.322 ms/op
[INFO] [stdout]                  gc.alloc.rate:      312.399 MB/sec
[INFO] [stdout]                  gc.alloc.rate.norm: 386031024.000 B/op
[INFO] [stdout]                  gc.count:           5.000 counts
[INFO] [stdout]                  gc.time:            15.000 ms
[INFO] [stdout] 
[INFO] [stdout] Iteration   2: 1155.349 ms/op
[INFO] [stdout]                  gc.alloc.rate:      318.339 MB/sec
[INFO] [stdout]                  gc.alloc.rate.norm: 385697264.000 B/op
[INFO] [stdout]                  gc.count:           2.000 counts
[INFO] [stdout]                  gc.time:            17.000 ms
[INFO] [stdout] 
[INFO] [stdout] Iteration   3: 1149.736 ms/op
[INFO] [stdout]                  gc.alloc.rate:      303.606 MB/sec
[INFO] [stdout]                  gc.alloc.rate.norm: 366058072.000 B/op
[INFO] [stdout]                  gc.count:           5.000 counts
[INFO] [stdout]                  gc.time:            14.000 ms
[INFO] [stdout] 
[INFO] [stdout] # Processing profiler results: LinuxPerfNormProfiler 
[INFO] [stdout] 
[INFO] [stdout] 
[INFO] [stdout] Result "org.weakref.nitro.tpcds.BenchmarkQueries.query57":
[INFO] [stdout]   1161.136 ±(99.9%) 276.320 ms/op [Average]
[INFO] [stdout]   (min, avg, max) = (1149.736, 1161.136, 1178.322), stdev = 15.146
[INFO] [stdout]   CI (99.9%): [884.816, 1437.456] (assumes normal distribution)
[INFO] [stdout] 
[INFO] [stdout] Secondary result "org.weakref.nitro.tpcds.BenchmarkQueries.query57:CPI":
[INFO] [stdout]   0.277 clks/insn
[INFO] [stdout] 
[INFO] [stdout] Secondary result "org.weakref.nitro.tpcds.BenchmarkQueries.query57:IPC":
[INFO] [stdout]   3.604 insns/clk
[INFO] [stdout] 
[INFO] [stdout] Secondary result "org.weakref.nitro.tpcds.BenchmarkQueries.query57:L1-dcache-load-misses":
[INFO] [stdout]   343648043.463 #/op
[INFO] [stdout] 
[INFO] [stdout] Secondary result "org.weakref.nitro.tpcds.BenchmarkQueries.query57:L1-dcache-loads":
[INFO] [stdout]   11399867707.672 #/op
[INFO] [stdout] 
[INFO] [stdout] Secondary result "org.weakref.nitro.tpcds.BenchmarkQueries.query57:L1-icache-load-misses":
[INFO] [stdout]   9850912.951 #/op
[INFO] [stdout] 
[INFO] [stdout] Secondary result "org.weakref.nitro.tpcds.BenchmarkQueries.query57:L1-icache-loads":
[INFO] [stdout]   122267868.946 #/op
[INFO] [stdout] 
[INFO] [stdout] Secondary result "org.weakref.nitro.tpcds.BenchmarkQueries.query57:branch-misses":
[INFO] [stdout]   30809814.787 #/op
[INFO] [stdout] 
[INFO] [stdout] Secondary result "org.weakref.nitro.tpcds.BenchmarkQueries.query57:branches":
[INFO] [stdout]   5193290134.683 #/op
[INFO] [stdout] 
[INFO] [stdout] Secondary result "org.weakref.nitro.tpcds.BenchmarkQueries.query57:cycles":
[INFO] [stdout]   7389557202.708 #/op
[INFO] [stdout] 
[INFO] [stdout] Secondary result "org.weakref.nitro.tpcds.BenchmarkQueries.query57:dTLB-load-misses":
[INFO] [stdout]   291676.436 #/op
[INFO] [stdout] 
[INFO] [stdout] Secondary result "org.weakref.nitro.tpcds.BenchmarkQueries.query57:dTLB-loads":
[INFO] [stdout]   5952468.570 #/op
[INFO] [stdout] 
[INFO] [stdout] Secondary result "org.weakref.nitro.tpcds.BenchmarkQueries.query57:gc.alloc.rate":
[INFO] [stdout]   311.448 ±(99.9%) 135.231 MB/sec [Average]
[INFO] [stdout]   (min, avg, max) = (303.606, 311.448, 318.339), stdev = 7.412
[INFO] [stdout]   CI (99.9%): [176.217, 446.679] (assumes normal distribution)
[INFO] [stdout] 
[INFO] [stdout] Secondary result "org.weakref.nitro.tpcds.BenchmarkQueries.query57:gc.alloc.rate.norm":
[INFO] [stdout]   379262120.000 ±(99.9%) 208639930.918 B/op [Average]
[INFO] [stdout]   (min, avg, max) = (366058072.000, 379262120.000, 386031024.000), stdev = 11436258.638
[INFO] [stdout]   CI (99.9%): [170622189.082, 587902050.918] (assumes normal distribution)
[INFO] [stdout] 
[INFO] [stdout] Secondary result "org.weakref.nitro.tpcds.BenchmarkQueries.query57:gc.count":
[INFO] [stdout]   12.000 ±(99.9%) 0.001 counts [Sum]
[INFO] [stdout]   (min, avg, max) = (2.000, 4.000, 5.000), stdev = 1.732
[INFO] [stdout]   CI (99.9%): [12.000, 12.000] (assumes normal distribution)
[INFO] [stdout] 
[INFO] [stdout] Secondary result "org.weakref.nitro.tpcds.BenchmarkQueries.query57:gc.time":
[INFO] [stdout]   46.000 ±(99.9%) 0.001 ms [Sum]
[INFO] [stdout]   (min, avg, max) = (14.000, 15.333, 17.000), stdev = 1.528
[INFO] [stdout]   CI (99.9%): [46.000, 46.000] (assumes normal distribution)
[INFO] [stdout] 
[INFO] [stdout] Secondary result "org.weakref.nitro.tpcds.BenchmarkQueries.query57:iTLB-load-misses":
[INFO] [stdout]   57816.030 #/op
[INFO] [stdout] 
[INFO] [stdout] Secondary result "org.weakref.nitro.tpcds.BenchmarkQueries.query57:iTLB-loads":
[INFO] [stdout]   4165460.991 #/op
[INFO] [stdout] 
[INFO] [stdout] Secondary result "org.weakref.nitro.tpcds.BenchmarkQueries.query57:instructions":
[INFO] [stdout]   26631330268.296 #/op
[INFO] [stdout] 
[INFO] [stdout] Secondary result "org.weakref.nitro.tpcds.BenchmarkQueries.query57:stalled-cycles-frontend":
[INFO] [stdout]   932043997.915 #/op
[INFO] [stdout] 
[INFO] [stdout] 
[INFO] [stdout] # JMH version: 1.37
[INFO] [stdout] # VM version: JDK 26.0.1, OpenJDK 64-Bit Server VM, 26.0.1+8
[INFO] [stdout] # VM invoker: /opt/java/openjdk/bin/java
[INFO] [stdout] # VM options: --enable-preview --add-modules=jdk.incubator.vector -Dnitro.clickbench.hits.path= -Dnitro.tpcds.parquet.path=/root/data/tpcds-parquet-sf10 -Dnitro.tpcds.parquet.schema=sf10 -Xmx12g -XX:+UseTransparentHugePages
[INFO] [stdout] # Blackhole mode: compiler (auto-detected, use -Djmh.blackhole.autoDetect=false to disable)
[INFO] [stdout] # Warmup: 3 iterations, 1000 ms each
[INFO] [stdout] # Measurement: 3 iterations, 1000 ms each
[INFO] [stdout] # Timeout: 30 min per iteration
[INFO] [stdout] # Threads: 1 thread, will synchronize iterations
[INFO] [stdout] # Benchmark mode: Average time, time/op
[INFO] [stdout] # Benchmark: org.weakref.nitro.tpcds.BenchmarkQueries.query63
[INFO] [stdout] 
[INFO] [stdout] # Run progress: 70.00% complete, ETA 00:00:26
[INFO] [stdout] # Fork: 1 of 1
[INFO] [stdout] # Preparing profilers: LinuxPerfNormProfiler 
[INFO] [stdout] # Profilers consume stderr from target VM, use -v EXTRA to copy to console
[INFO] [stdout] # Warmup Iteration   1: 368.068 ms/op
[INFO] [stdout] # Warmup Iteration   2: 224.481 ms/op
[INFO] [stdout] # Warmup Iteration   3: 219.634 ms/op
[INFO] [stdout] Iteration   1: 218.110 ms/op
[INFO] [stdout]                  gc.alloc.rate:      89.423 MB/sec
[INFO] [stdout]                  gc.alloc.rate.norm: 20454252.800 B/op
[INFO] [stdout]                  gc.count:           2.000 counts
[INFO] [stdout]                  gc.time:            1.000 ms
[INFO] [stdout] 
[INFO] [stdout] Iteration   2: 216.945 ms/op
[INFO] [stdout]                  gc.alloc.rate:      79.024 MB/sec
[INFO] [stdout]                  gc.alloc.rate.norm: 17978713.600 B/op
[INFO] [stdout]                  gc.count:           2.000 counts
[INFO] [stdout]                  gc.time:            2.000 ms
[INFO] [stdout] 
[INFO] [stdout] Iteration   3: 214.877 ms/op
[INFO] [stdout]                  gc.alloc.rate:      66.116 MB/sec
[INFO] [stdout]                  gc.alloc.rate.norm: 14898776.000 B/op
[INFO] [stdout]                  gc.count:           1.000 counts
[INFO] [stdout]                  gc.time:            ≈ 0 ms
[INFO] [stdout] 
[INFO] [stdout] # Processing profiler results: LinuxPerfNormProfiler 
[INFO] [stdout] 
[INFO] [stdout] 
[INFO] [stdout] Result "org.weakref.nitro.tpcds.BenchmarkQueries.query63":
[INFO] [stdout]   216.644 ±(99.9%) 29.876 ms/op [Average]
[INFO] [stdout]   (min, avg, max) = (214.877, 216.644, 218.110), stdev = 1.638
[INFO] [stdout]   CI (99.9%): [186.768, 246.519] (assumes normal distribution)
[INFO] [stdout] 
[INFO] [stdout] Secondary result "org.weakref.nitro.tpcds.BenchmarkQueries.query63:CPI":
[INFO] [stdout]   0.332 clks/insn
[INFO] [stdout] 
[INFO] [stdout] Secondary result "org.weakref.nitro.tpcds.BenchmarkQueries.query63:IPC":
[INFO] [stdout]   3.009 insns/clk
[INFO] [stdout] 
[INFO] [stdout] Secondary result "org.weakref.nitro.tpcds.BenchmarkQueries.query63:L1-dcache-load-misses":
[INFO] [stdout]   29161350.225 #/op
[INFO] [stdout] 
[INFO] [stdout] Secondary result "org.weakref.nitro.tpcds.BenchmarkQueries.query63:L1-dcache-loads":
[INFO] [stdout]   1839703563.787 #/op
[INFO] [stdout] 
[INFO] [stdout] Secondary result "org.weakref.nitro.tpcds.BenchmarkQueries.query63:L1-icache-load-misses":
[INFO] [stdout]   1891113.517 #/op
[INFO] [stdout] 
[INFO] [stdout] Secondary result "org.weakref.nitro.tpcds.BenchmarkQueries.query63:L1-icache-loads":
[INFO] [stdout]   22628471.977 #/op
[INFO] [stdout] 
[INFO] [stdout] Secondary result "org.weakref.nitro.tpcds.BenchmarkQueries.query63:branch-misses":
[INFO] [stdout]   13879983.903 #/op
[INFO] [stdout] 
[INFO] [stdout] Secondary result "org.weakref.nitro.tpcds.BenchmarkQueries.query63:branches":
[INFO] [stdout]   824742815.233 #/op
[INFO] [stdout] 
[INFO] [stdout] Secondary result "org.weakref.nitro.tpcds.BenchmarkQueries.query63:cycles":
[INFO] [stdout]   1358198657.034 #/op
[INFO] [stdout] 
[INFO] [stdout] Secondary result "org.weakref.nitro.tpcds.BenchmarkQueries.query63:dTLB-load-misses":
[INFO] [stdout]   94420.066 #/op
[INFO] [stdout] 
[INFO] [stdout] Secondary result "org.weakref.nitro.tpcds.BenchmarkQueries.query63:dTLB-loads":
[INFO] [stdout]   1442051.326 #/op
[INFO] [stdout] 
[INFO] [stdout] Secondary result "org.weakref.nitro.tpcds.BenchmarkQueries.query63:gc.alloc.rate":
[INFO] [stdout]   78.188 ±(99.9%) 213.013 MB/sec [Average]
[INFO] [stdout]   (min, avg, max) = (66.116, 78.188, 89.423), stdev = 11.676
[INFO] [stdout]   CI (99.9%): [≈ 0, 291.201] (assumes normal distribution)
[INFO] [stdout] 
[INFO] [stdout] Secondary result "org.weakref.nitro.tpcds.BenchmarkQueries.query63:gc.alloc.rate.norm":
[INFO] [stdout]   17777247.467 ±(99.9%) 50776157.792 B/op [Average]
[INFO] [stdout]   (min, avg, max) = (14898776.000, 17777247.467, 20454252.800), stdev = 2783212.545
[INFO] [stdout]   CI (99.9%): [≈ 0, 68553405.259] (assumes normal distribution)
[INFO] [stdout] 
[INFO] [stdout] Secondary result "org.weakref.nitro.tpcds.BenchmarkQueries.query63:gc.count":
[INFO] [stdout]   5.000 ±(99.9%) 0.001 counts [Sum]
[INFO] [stdout]   (min, avg, max) = (1.000, 1.667, 2.000), stdev = 0.577
[INFO] [stdout]   CI (99.9%): [5.000, 5.000] (assumes normal distribution)
[INFO] [stdout] 
[INFO] [stdout] Secondary result "org.weakref.nitro.tpcds.BenchmarkQueries.query63:gc.time":
[INFO] [stdout]   3.000 ±(99.9%) 0.001 ms [Sum]
[INFO] [stdout]   (min, avg, max) = (≈ 0, 1.000, 2.000), stdev = 1.000
[INFO] [stdout]   CI (99.9%): [3.000, 3.000] (assumes normal distribution)
[INFO] [stdout] 
[INFO] [stdout] Secondary result "org.weakref.nitro.tpcds.BenchmarkQueries.query63:iTLB-load-misses":
[INFO] [stdout]   13002.520 #/op
[INFO] [stdout] 
[INFO] [stdout] Secondary result "org.weakref.nitro.tpcds.BenchmarkQueries.query63:iTLB-loads":
[INFO] [stdout]   1340061.579 #/op
[INFO] [stdout] 
[INFO] [stdout] Secondary result "org.weakref.nitro.tpcds.BenchmarkQueries.query63:instructions":
[INFO] [stdout]   4086823107.504 #/op
[INFO] [stdout] 
[INFO] [stdout] Secondary result "org.weakref.nitro.tpcds.BenchmarkQueries.query63:stalled-cycles-frontend":
[INFO] [stdout]   380351317.754 #/op
[INFO] [stdout] 
[INFO] [stdout] 
[INFO] [stdout] # JMH version: 1.37
[INFO] [stdout] # VM version: JDK 26.0.1, OpenJDK 64-Bit Server VM, 26.0.1+8
[INFO] [stdout] # VM invoker: /opt/java/openjdk/bin/java
[INFO] [stdout] # VM options: --enable-preview --add-modules=jdk.incubator.vector -Dnitro.clickbench.hits.path= -Dnitro.tpcds.parquet.path=/root/data/tpcds-parquet-sf10 -Dnitro.tpcds.parquet.schema=sf10 -Xmx12g -XX:+UseTransparentHugePages
[INFO] [stdout] # Blackhole mode: compiler (auto-detected, use -Djmh.blackhole.autoDetect=false to disable)
[INFO] [stdout] # Warmup: 3 iterations, 1000 ms each
[INFO] [stdout] # Measurement: 3 iterations, 1000 ms each
[INFO] [stdout] # Timeout: 30 min per iteration
[INFO] [stdout] # Threads: 1 thread, will synchronize iterations
[INFO] [stdout] # Benchmark mode: Average time, time/op
[INFO] [stdout] # Benchmark: org.weakref.nitro.tpcds.BenchmarkQueries.query89
[INFO] [stdout] 
[INFO] [stdout] # Run progress: 80.00% complete, ETA 00:00:17
[INFO] [stdout] # Fork: 1 of 1
[INFO] [stdout] # Preparing profilers: LinuxPerfNormProfiler 
[INFO] [stdout] # Profilers consume stderr from target VM, use -v EXTRA to copy to console
[INFO] [stdout] # Warmup Iteration   1: 549.281 ms/op
[INFO] [stdout] # Warmup Iteration   2: 284.947 ms/op
[INFO] [stdout] # Warmup Iteration   3: 270.470 ms/op
[INFO] [stdout] Iteration   1: 265.634 ms/op
[INFO] [stdout]                  gc.alloc.rate:      115.973 MB/sec
[INFO] [stdout]                  gc.alloc.rate.norm: 32306562.000 B/op
[INFO] [stdout]                  gc.count:           1.000 counts
[INFO] [stdout]                  gc.time:            1.000 ms
[INFO] [stdout] 
[INFO] [stdout] Iteration   2: 260.950 ms/op
[INFO] [stdout]                  gc.alloc.rate:      117.155 MB/sec
[INFO] [stdout]                  gc.alloc.rate.norm: 32060246.000 B/op
[INFO] [stdout]                  gc.count:           ≈ 0 counts
[INFO] [stdout] 
[INFO] [stdout] Iteration   3: 261.172 ms/op
[INFO] [stdout]                  gc.alloc.rate:      116.651 MB/sec
[INFO] [stdout]                  gc.alloc.rate.norm: 31949224.000 B/op
[INFO] [stdout]                  gc.count:           1.000 counts
[INFO] [stdout]                  gc.time:            1.000 ms
[INFO] [stdout] 
[INFO] [stdout] # Processing profiler results: LinuxPerfNormProfiler 
[INFO] [stdout] 
[INFO] [stdout] 
[INFO] [stdout] Result "org.weakref.nitro.tpcds.BenchmarkQueries.query89":
[INFO] [stdout]   262.586 ±(99.9%) 48.212 ms/op [Average]
[INFO] [stdout]   (min, avg, max) = (260.950, 262.586, 265.634), stdev = 2.643
[INFO] [stdout]   CI (99.9%): [214.374, 310.798] (assumes normal distribution)
[INFO] [stdout] 
[INFO] [stdout] Secondary result "org.weakref.nitro.tpcds.BenchmarkQueries.query89:CPI":
[INFO] [stdout]   0.325 clks/insn
[INFO] [stdout] 
[INFO] [stdout] Secondary result "org.weakref.nitro.tpcds.BenchmarkQueries.query89:IPC":
[INFO] [stdout]   3.081 insns/clk
[INFO] [stdout] 
[INFO] [stdout] Secondary result "org.weakref.nitro.tpcds.BenchmarkQueries.query89:L1-dcache-load-misses":
[INFO] [stdout]   35582805.790 #/op
[INFO] [stdout] 
[INFO] [stdout] Secondary result "org.weakref.nitro.tpcds.BenchmarkQueries.query89:L1-dcache-loads":
[INFO] [stdout]   2250771804.408 #/op
[INFO] [stdout] 
[INFO] [stdout] Secondary result "org.weakref.nitro.tpcds.BenchmarkQueries.query89:L1-icache-load-misses":
[INFO] [stdout]   2024530.970 #/op
[INFO] [stdout] 
[INFO] [stdout] Secondary result "org.weakref.nitro.tpcds.BenchmarkQueries.query89:L1-icache-loads":
[INFO] [stdout]   23810102.748 #/op
[INFO] [stdout] 
[INFO] [stdout] Secondary result "org.weakref.nitro.tpcds.BenchmarkQueries.query89:branch-misses":
[INFO] [stdout]   17240401.682 #/op
[INFO] [stdout] 
[INFO] [stdout] Secondary result "org.weakref.nitro.tpcds.BenchmarkQueries.query89:branches":
[INFO] [stdout]   984864257.469 #/op
[INFO] [stdout] 
[INFO] [stdout] Secondary result "org.weakref.nitro.tpcds.BenchmarkQueries.query89:cycles":
[INFO] [stdout]   1593682229.047 #/op
[INFO] [stdout] 
[INFO] [stdout] Secondary result "org.weakref.nitro.tpcds.BenchmarkQueries.query89:dTLB-load-misses":
[INFO] [stdout]   105375.894 #/op
[INFO] [stdout] 
[INFO] [stdout] Secondary result "org.weakref.nitro.tpcds.BenchmarkQueries.query89:dTLB-loads":
[INFO] [stdout]   1393591.471 #/op
[INFO] [stdout] 
[INFO] [stdout] Secondary result "org.weakref.nitro.tpcds.BenchmarkQueries.query89:gc.alloc.rate":
[INFO] [stdout]   116.593 ±(99.9%) 10.814 MB/sec [Average]
[INFO] [stdout]   (min, avg, max) = (115.973, 116.593, 117.155), stdev = 0.593
[INFO] [stdout]   CI (99.9%): [105.779, 127.407] (assumes normal distribution)
[INFO] [stdout] 
[INFO] [stdout] Secondary result "org.weakref.nitro.tpcds.BenchmarkQueries.query89:gc.alloc.rate.norm":
[INFO] [stdout]   32105344.000 ±(99.9%) 3336556.116 B/op [Average]
[INFO] [stdout]   (min, avg, max) = (31949224.000, 32105344.000, 32306562.000), stdev = 182887.899
[INFO] [stdout]   CI (99.9%): [28768787.884, 35441900.116] (assumes normal distribution)
[INFO] [stdout] 
[INFO] [stdout] Secondary result "org.weakref.nitro.tpcds.BenchmarkQueries.query89:gc.count":
[INFO] [stdout]   2.000 ±(99.9%) 0.001 counts [Sum]
[INFO] [stdout]   (min, avg, max) = (≈ 0, 0.667, 1.000), stdev = 0.577
[INFO] [stdout]   CI (99.9%): [2.000, 2.000] (assumes normal distribution)
[INFO] [stdout] 
[INFO] [stdout] Secondary result "org.weakref.nitro.tpcds.BenchmarkQueries.query89:gc.time":
[INFO] [stdout]   2.000 ±(99.9%) 0.001 ms [Sum]
[INFO] [stdout]   (min, avg, max) = (≈ 0, 0.667, 1.000), stdev = 0.577
[INFO] [stdout]   CI (99.9%): [2.000, 2.000] (assumes normal distribution)
[INFO] [stdout] 
[INFO] [stdout] Secondary result "org.weakref.nitro.tpcds.BenchmarkQueries.query89:iTLB-load-misses":
[INFO] [stdout]   19069.285 #/op
[INFO] [stdout] 
[INFO] [stdout] Secondary result "org.weakref.nitro.tpcds.BenchmarkQueries.query89:iTLB-loads":
[INFO] [stdout]   1337290.593 #/op
[INFO] [stdout] 
[INFO] [stdout] Secondary result "org.weakref.nitro.tpcds.BenchmarkQueries.query89:instructions":
[INFO] [stdout]   4909630387.076 #/op
[INFO] [stdout] 
[INFO] [stdout] Secondary result "org.weakref.nitro.tpcds.BenchmarkQueries.query89:stalled-cycles-frontend":
[INFO] [stdout]   424521005.353 #/op
[INFO] [stdout] 
[INFO] [stdout] 
[INFO] [stdout] # JMH version: 1.37
[INFO] [stdout] # VM version: JDK 26.0.1, OpenJDK 64-Bit Server VM, 26.0.1+8
[INFO] [stdout] # VM invoker: /opt/java/openjdk/bin/java
[INFO] [stdout] # VM options: --enable-preview --add-modules=jdk.incubator.vector -Dnitro.clickbench.hits.path= -Dnitro.tpcds.parquet.path=/root/data/tpcds-parquet-sf10 -Dnitro.tpcds.parquet.schema=sf10 -Xmx12g -XX:+UseTransparentHugePages
[INFO] [stdout] # Blackhole mode: compiler (auto-detected, use -Djmh.blackhole.autoDetect=false to disable)
[INFO] [stdout] # Warmup: 3 iterations, 1000 ms each
[INFO] [stdout] # Measurement: 3 iterations, 1000 ms each
[INFO] [stdout] # Timeout: 30 min per iteration
[INFO] [stdout] # Threads: 1 thread, will synchronize iterations
[INFO] [stdout] # Benchmark mode: Average time, time/op
[INFO] [stdout] # Benchmark: org.weakref.nitro.tpcds.BenchmarkQueries.query98
[INFO] [stdout] 
[INFO] [stdout] # Run progress: 90.00% complete, ETA 00:00:08
[INFO] [stdout] # Fork: 1 of 1
[INFO] [stdout] # Preparing profilers: LinuxPerfNormProfiler 
[INFO] [stdout] # Profilers consume stderr from target VM, use -v EXTRA to copy to console
[INFO] [stdout] # Warmup Iteration   1: 336.139 ms/op
[INFO] [stdout] # Warmup Iteration   2: 147.263 ms/op
[INFO] [stdout] # Warmup Iteration   3: 137.270 ms/op
[INFO] [stdout] Iteration   1: 135.725 ms/op
[INFO] [stdout]                  gc.alloc.rate:      530.762 MB/sec
[INFO] [stdout]                  gc.alloc.rate.norm: 75546557.000 B/op
[INFO] [stdout]                  gc.count:           1.000 counts
[INFO] [stdout]                  gc.time:            1.000 ms
[INFO] [stdout] 
[INFO] [stdout] Iteration   2: 135.737 ms/op
[INFO] [stdout]                  gc.alloc.rate:      518.769 MB/sec
[INFO] [stdout]                  gc.alloc.rate.norm: 73847168.000 B/op
[INFO] [stdout]                  gc.count:           2.000 counts
[INFO] [stdout]                  gc.time:            1.000 ms
[INFO] [stdout] 
[INFO] [stdout] Iteration   3: 134.843 ms/op
[INFO] [stdout]                  gc.alloc.rate:      522.184 MB/sec
[INFO] [stdout]                  gc.alloc.rate.norm: 73845248.000 B/op
[INFO] [stdout]                  gc.count:           1.000 counts
[INFO] [stdout]                  gc.time:            1.000 ms
[INFO] [stdout] 
[INFO] [stdout] # Processing profiler results: LinuxPerfNormProfiler 
[INFO] [stdout] 
[INFO] [stdout] 
[INFO] [stdout] Result "org.weakref.nitro.tpcds.BenchmarkQueries.query98":
[INFO] [stdout]   135.435 ±(99.9%) 9.354 ms/op [Average]
[INFO] [stdout]   (min, avg, max) = (134.843, 135.435, 135.737), stdev = 0.513
[INFO] [stdout]   CI (99.9%): [126.081, 144.789] (assumes normal distribution)
[INFO] [stdout] 
[INFO] [stdout] Secondary result "org.weakref.nitro.tpcds.BenchmarkQueries.query98:CPI":
[INFO] [stdout]   0.264 clks/insn
[INFO] [stdout] 
[INFO] [stdout] Secondary result "org.weakref.nitro.tpcds.BenchmarkQueries.query98:IPC":
[INFO] [stdout]   3.785 insns/clk
[INFO] [stdout] 
[INFO] [stdout] Secondary result "org.weakref.nitro.tpcds.BenchmarkQueries.query98:L1-dcache-load-misses":
[INFO] [stdout]   15618396.891 #/op
[INFO] [stdout] 
[INFO] [stdout] Secondary result "org.weakref.nitro.tpcds.BenchmarkQueries.query98:L1-dcache-loads":
[INFO] [stdout]   1289402336.991 #/op
[INFO] [stdout] 
[INFO] [stdout] Secondary result "org.weakref.nitro.tpcds.BenchmarkQueries.query98:L1-icache-load-misses":
[INFO] [stdout]   805799.393 #/op
[INFO] [stdout] 
[INFO] [stdout] Secondary result "org.weakref.nitro.tpcds.BenchmarkQueries.query98:L1-icache-loads":
[INFO] [stdout]   9811986.133 #/op
[INFO] [stdout] 
[INFO] [stdout] Secondary result "org.weakref.nitro.tpcds.BenchmarkQueries.query98:branch-misses":
[INFO] [stdout]   6086424.105 #/op
[INFO] [stdout] 
[INFO] [stdout] Secondary result "org.weakref.nitro.tpcds.BenchmarkQueries.query98:branches":
[INFO] [stdout]   603931050.415 #/op
[INFO] [stdout] 
[INFO] [stdout] Secondary result "org.weakref.nitro.tpcds.BenchmarkQueries.query98:cycles":
[INFO] [stdout]   763424701.505 #/op
[INFO] [stdout] 
[INFO] [stdout] Secondary result "org.weakref.nitro.tpcds.BenchmarkQueries.query98:dTLB-load-misses":
[INFO] [stdout]   80675.751 #/op
[INFO] [stdout] 
[INFO] [stdout] Secondary result "org.weakref.nitro.tpcds.BenchmarkQueries.query98:dTLB-loads":
[INFO] [stdout]   531985.576 #/op
[INFO] [stdout] 
[INFO] [stdout] Secondary result "org.weakref.nitro.tpcds.BenchmarkQueries.query98:gc.alloc.rate":
[INFO] [stdout]   523.905 ±(99.9%) 112.732 MB/sec [Average]
[INFO] [stdout]   (min, avg, max) = (518.769, 523.905, 530.762), stdev = 6.179
[INFO] [stdout]   CI (99.9%): [411.173, 636.637] (assumes normal distribution)
[INFO] [stdout] 
[INFO] [stdout] Secondary result "org.weakref.nitro.tpcds.BenchmarkQueries.query98:gc.alloc.rate.norm":
[INFO] [stdout]   74412991.000 ±(99.9%) 17909815.513 B/op [Average]
[INFO] [stdout]   (min, avg, max) = (73845248.000, 74412991.000, 75546557.000), stdev = 981697.422
[INFO] [stdout]   CI (99.9%): [56503175.487, 92322806.513] (assumes normal distribution)
[INFO] [stdout] 
[INFO] [stdout] Secondary result "org.weakref.nitro.tpcds.BenchmarkQueries.query98:gc.count":
[INFO] [stdout]   4.000 ±(99.9%) 0.001 counts [Sum]
[INFO] [stdout]   (min, avg, max) = (1.000, 1.333, 2.000), stdev = 0.577
[INFO] [stdout]   CI (99.9%): [4.000, 4.000] (assumes normal distribution)
[INFO] [stdout] 
[INFO] [stdout] Secondary result "org.weakref.nitro.tpcds.BenchmarkQueries.query98:gc.time":
[INFO] [stdout]   3.000 ±(99.9%) 0.001 ms [Sum]
[INFO] [stdout]   (min, avg, max) = (1.000, 1.000, 1.000), stdev = 0.001
[INFO] [stdout]   CI (99.9%): [3.000, 3.000] (assumes normal distribution)
[INFO] [stdout] 
[INFO] [stdout] Secondary result "org.weakref.nitro.tpcds.BenchmarkQueries.query98:iTLB-load-misses":
[INFO] [stdout]   9046.357 #/op
[INFO] [stdout] 
[INFO] [stdout] Secondary result "org.weakref.nitro.tpcds.BenchmarkQueries.query98:iTLB-loads":
[INFO] [stdout]   444696.395 #/op
[INFO] [stdout] 
[INFO] [stdout] Secondary result "org.weakref.nitro.tpcds.BenchmarkQueries.query98:instructions":
[INFO] [stdout]   2889230931.112 #/op
[INFO] [stdout] 
[INFO] [stdout] Secondary result "org.weakref.nitro.tpcds.BenchmarkQueries.query98:stalled-cycles-frontend":
[INFO] [stdout]   145581833.966 #/op
[INFO] [stdout] 
[INFO] [stdout] 
[INFO] [stdout] # Run complete. Total time: 00:01:22
[INFO] [stdout] 
[INFO] [stdout] REMEMBER: The numbers below are just data. To gain reusable insights, you need to follow up on
[INFO] [stdout] why the numbers are the way they are. Use profilers (see -prof, -lprof), design factorial
[INFO] [stdout] experiments, perform baseline and negative tests that provide experimental control, make sure
[INFO] [stdout] the benchmarking environment is safe on JVM/OS/HW level, ask for reviews from the domain experts.
[INFO] [stdout] Do not assume the numbers tell you what you want them to tell.
[INFO] [stdout] 
[INFO] [stdout] NOTE: Current JVM experimentally supports Compiler Blackholes, and they are in use. Please exercise
[INFO] [stdout] extra caution when trusting the results, look into the generated code to check the benchmark still
[INFO] [stdout] works, and factor in a small probability of new VM bugs. Additionally, while comparisons between
[INFO] [stdout] different JVMs are already problematic, the performance difference caused by different Blackhole
[INFO] [stdout] modes can be very significant. Please make sure you use the consistent Blackhole mode for comparisons.
[INFO] [stdout] 
[INFO] [stdout] Benchmark                                         Mode  Cnt            Score           Error      Units
[INFO] [stdout] BenchmarkQueries.query12                          avgt    3           37.375 ±         2.372      ms/op
[INFO] [stdout] BenchmarkQueries.query12:CPI                      avgt                 0.331                  clks/insn
[INFO] [stdout] BenchmarkQueries.query12:IPC                      avgt                 3.019                  insns/clk
[INFO] [stdout] BenchmarkQueries.query12:L1-dcache-load-misses    avgt           7465346.579                       #/op
[INFO] [stdout] BenchmarkQueries.query12:L1-dcache-loads          avgt         292011325.008                       #/op
[INFO] [stdout] BenchmarkQueries.query12:L1-icache-load-misses    avgt            358072.470                       #/op
[INFO] [stdout] BenchmarkQueries.query12:L1-icache-loads          avgt           4589652.820                       #/op
[INFO] [stdout] BenchmarkQueries.query12:branch-misses            avgt           1618531.340                       #/op
[INFO] [stdout] BenchmarkQueries.query12:branches                 avgt         132706840.782                       #/op
[INFO] [stdout] BenchmarkQueries.query12:cycles                   avgt         224285080.453                       #/op
[INFO] [stdout] BenchmarkQueries.query12:dTLB-load-misses         avgt             30017.843                       #/op
[INFO] [stdout] BenchmarkQueries.query12:dTLB-loads               avgt            220989.172                       #/op
[INFO] [stdout] BenchmarkQueries.query12:gc.alloc.rate            avgt    3         1490.233 ±        93.189     MB/sec
[INFO] [stdout] BenchmarkQueries.query12:gc.alloc.rate.norm       avgt    3     58413825.877 ±     70039.963       B/op
[INFO] [stdout] BenchmarkQueries.query12:gc.count                 avgt    3           30.000                     counts
[INFO] [stdout] BenchmarkQueries.query12:gc.time                  avgt    3           18.000                         ms
[INFO] [stdout] BenchmarkQueries.query12:iTLB-load-misses         avgt              4479.031                       #/op
[INFO] [stdout] BenchmarkQueries.query12:iTLB-loads               avgt            189431.090                       #/op
[INFO] [stdout] BenchmarkQueries.query12:instructions             avgt         677114424.602                       #/op
[INFO] [stdout] BenchmarkQueries.query12:stalled-cycles-frontend  avgt          53864394.831                       #/op
[INFO] [stdout] BenchmarkQueries.query20                          avgt    3           43.483 ±         3.957      ms/op
[INFO] [stdout] BenchmarkQueries.query20:CPI                      avgt                 0.309                  clks/insn
[INFO] [stdout] BenchmarkQueries.query20:IPC                      avgt                 3.234                  insns/clk
[INFO] [stdout] BenchmarkQueries.query20:L1-dcache-load-misses    avgt           7976910.444                       #/op
[INFO] [stdout] BenchmarkQueries.query20:L1-dcache-loads          avgt         368088916.504                       #/op
[INFO] [stdout] BenchmarkQueries.query20:L1-icache-load-misses    avgt            416987.128                       #/op
[INFO] [stdout] BenchmarkQueries.query20:L1-icache-loads          avgt           4838090.493                       #/op
[INFO] [stdout] BenchmarkQueries.query20:branch-misses            avgt           1805307.178                       #/op
[INFO] [stdout] BenchmarkQueries.query20:branches                 avgt         169834199.767                       #/op
[INFO] [stdout] BenchmarkQueries.query20:cycles                   avgt         258025839.849                       #/op
[INFO] [stdout] BenchmarkQueries.query20:dTLB-load-misses         avgt             20201.536                       #/op
[INFO] [stdout] BenchmarkQueries.query20:dTLB-loads               avgt            209822.578                       #/op
[INFO] [stdout] BenchmarkQueries.query20:gc.alloc.rate            avgt    3         1304.539 ±       119.442     MB/sec
[INFO] [stdout] BenchmarkQueries.query20:gc.alloc.rate.norm       avgt    3     59490942.831 ±     54410.355       B/op
[INFO] [stdout] BenchmarkQueries.query20:gc.count                 avgt    3            8.000                     counts
[INFO] [stdout] BenchmarkQueries.query20:gc.time                  avgt    3           10.000                         ms
[INFO] [stdout] BenchmarkQueries.query20:iTLB-load-misses         avgt              4833.664                       #/op
[INFO] [stdout] BenchmarkQueries.query20:iTLB-loads               avgt            155524.492                       #/op
[INFO] [stdout] BenchmarkQueries.query20:instructions             avgt         834355331.441                       #/op
[INFO] [stdout] BenchmarkQueries.query20:stalled-cycles-frontend  avgt          62326604.612                       #/op
[INFO] [stdout] BenchmarkQueries.query47                          avgt    3         2320.624 ±        77.751      ms/op
[INFO] [stdout] BenchmarkQueries.query47:CPI                      avgt                 0.257                  clks/insn
[INFO] [stdout] BenchmarkQueries.query47:IPC                      avgt                 3.891                  insns/clk
[INFO] [stdout] BenchmarkQueries.query47:L1-dcache-load-misses    avgt         472232026.691                       #/op
[INFO] [stdout] BenchmarkQueries.query47:L1-dcache-loads          avgt       22508094800.550                       #/op
[INFO] [stdout] BenchmarkQueries.query47:L1-icache-load-misses    avgt           8659112.644                       #/op
[INFO] [stdout] BenchmarkQueries.query47:L1-icache-loads          avgt         111581595.813                       #/op
[INFO] [stdout] BenchmarkQueries.query47:branch-misses            avgt          68549650.999                       #/op
[INFO] [stdout] BenchmarkQueries.query47:branches                 avgt       10249669155.951                       #/op
[INFO] [stdout] BenchmarkQueries.query47:cycles                   avgt       13101291898.730                       #/op
[INFO] [stdout] BenchmarkQueries.query47:dTLB-load-misses         avgt            327178.693                       #/op
[INFO] [stdout] BenchmarkQueries.query47:dTLB-loads               avgt           4709473.727                       #/op
[INFO] [stdout] BenchmarkQueries.query47:gc.alloc.rate            avgt    3          193.921 ±        81.100     MB/sec
[INFO] [stdout] BenchmarkQueries.query47:gc.alloc.rate.norm       avgt    3    471916104.000 ± 209273626.046       B/op
[INFO] [stdout] BenchmarkQueries.query47:gc.count                 avgt    3            8.000                     counts
[INFO] [stdout] BenchmarkQueries.query47:gc.time                  avgt    3           37.000                         ms
[INFO] [stdout] BenchmarkQueries.query47:iTLB-load-misses         avgt             51115.450                       #/op
[INFO] [stdout] BenchmarkQueries.query47:iTLB-loads               avgt           3614224.791                       #/op
[INFO] [stdout] BenchmarkQueries.query47:instructions             avgt       50978592461.194                       #/op
[INFO] [stdout] BenchmarkQueries.query47:stalled-cycles-frontend  avgt        1656732635.304                       #/op
[INFO] [stdout] BenchmarkQueries.query49                          avgt    3          254.884 ±        24.467      ms/op
[INFO] [stdout] BenchmarkQueries.query49:CPI                      avgt                 0.275                  clks/insn
[INFO] [stdout] BenchmarkQueries.query49:IPC                      avgt                 3.638                  insns/clk
[INFO] [stdout] BenchmarkQueries.query49:L1-dcache-load-misses    avgt          37277967.540                       #/op
[INFO] [stdout] BenchmarkQueries.query49:L1-dcache-loads          avgt        2172856137.324                       #/op
[INFO] [stdout] BenchmarkQueries.query49:L1-icache-load-misses    avgt           2166937.514                       #/op
[INFO] [stdout] BenchmarkQueries.query49:L1-icache-loads          avgt          25955557.311                       #/op
[INFO] [stdout] BenchmarkQueries.query49:branch-misses            avgt           7130551.767                       #/op
[INFO] [stdout] BenchmarkQueries.query49:branches                 avgt        1078782013.360                       #/op
[INFO] [stdout] BenchmarkQueries.query49:cycles                   avgt        1479613824.363                       #/op
[INFO] [stdout] BenchmarkQueries.query49:dTLB-load-misses         avgt            174370.180                       #/op
[INFO] [stdout] BenchmarkQueries.query49:dTLB-loads               avgt           1372521.735                       #/op
[INFO] [stdout] BenchmarkQueries.query49:gc.alloc.rate            avgt    3          115.714 ±         9.290     MB/sec
[INFO] [stdout] BenchmarkQueries.query49:gc.alloc.rate.norm       avgt    3     30929450.667 ±    689727.064       B/op
[INFO] [stdout] BenchmarkQueries.query49:gc.count                 avgt    3            2.000                     counts
[INFO] [stdout] BenchmarkQueries.query49:gc.time                  avgt    3            2.000                         ms
[INFO] [stdout] BenchmarkQueries.query49:iTLB-load-misses         avgt             17392.716                       #/op
[INFO] [stdout] BenchmarkQueries.query49:iTLB-loads               avgt            947227.920                       #/op
[INFO] [stdout] BenchmarkQueries.query49:instructions             avgt        5382311210.114                       #/op
[INFO] [stdout] BenchmarkQueries.query49:stalled-cycles-frontend  avgt         357165803.723                       #/op
[INFO] [stdout] BenchmarkQueries.query51                          avgt    3         1473.755 ±      1283.122      ms/op
[INFO] [stdout] BenchmarkQueries.query51:CPI                      avgt                 0.348                  clks/insn
[INFO] [stdout] BenchmarkQueries.query51:IPC                      avgt                 2.872                  insns/clk
[INFO] [stdout] BenchmarkQueries.query51:L1-dcache-load-misses    avgt         347679320.857                       #/op
[INFO] [stdout] BenchmarkQueries.query51:L1-dcache-loads          avgt       11755808785.176                       #/op
[INFO] [stdout] BenchmarkQueries.query51:L1-icache-load-misses    avgt           6761634.852                       #/op
[INFO] [stdout] BenchmarkQueries.query51:L1-icache-loads          avgt          89697697.170                       #/op
[INFO] [stdout] BenchmarkQueries.query51:branch-misses            avgt          45689765.243                       #/op
[INFO] [stdout] BenchmarkQueries.query51:branches                 avgt        4645696133.449                       #/op
[INFO] [stdout] BenchmarkQueries.query51:cycles                   avgt        8567521127.454                       #/op
[INFO] [stdout] BenchmarkQueries.query51:dTLB-load-misses         avgt          24590383.100                       #/op
[INFO] [stdout] BenchmarkQueries.query51:dTLB-loads               avgt          58261995.027                       #/op
[INFO] [stdout] BenchmarkQueries.query51:gc.alloc.rate            avgt    3          895.595 ±       823.624     MB/sec
[INFO] [stdout] BenchmarkQueries.query51:gc.alloc.rate.norm       avgt    3   1381912077.333 ±  87006184.341       B/op
[INFO] [stdout] BenchmarkQueries.query51:gc.count                 avgt    3            3.000                     counts
[INFO] [stdout] BenchmarkQueries.query51:gc.time                  avgt    3           31.000                         ms
[INFO] [stdout] BenchmarkQueries.query51:iTLB-load-misses         avgt             28475.218                       #/op
[INFO] [stdout] BenchmarkQueries.query51:iTLB-loads               avgt           2828467.005                       #/op
[INFO] [stdout] BenchmarkQueries.query51:instructions             avgt       24608581924.178                       #/op
[INFO] [stdout] BenchmarkQueries.query51:stalled-cycles-frontend  avgt        1005254601.067                       #/op
[INFO] [stdout] BenchmarkQueries.query53                          avgt    3          218.526 ±        23.121      ms/op
[INFO] [stdout] BenchmarkQueries.query53:CPI                      avgt                 0.335                  clks/insn
[INFO] [stdout] BenchmarkQueries.query53:IPC                      avgt                 2.985                  insns/clk
[INFO] [stdout] BenchmarkQueries.query53:L1-dcache-load-misses    avgt          29050566.429                       #/op
[INFO] [stdout] BenchmarkQueries.query53:L1-dcache-loads          avgt        1814984977.290                       #/op
[INFO] [stdout] BenchmarkQueries.query53:L1-icache-load-misses    avgt           1822831.565                       #/op
[INFO] [stdout] BenchmarkQueries.query53:L1-icache-loads          avgt          21297388.431                       #/op
[INFO] [stdout] BenchmarkQueries.query53:branch-misses            avgt          13943479.252                       #/op
[INFO] [stdout] BenchmarkQueries.query53:branches                 avgt         823653262.080                       #/op
[INFO] [stdout] BenchmarkQueries.query53:cycles                   avgt        1363365971.092                       #/op
[INFO] [stdout] BenchmarkQueries.query53:dTLB-load-misses         avgt             91530.781                       #/op
[INFO] [stdout] BenchmarkQueries.query53:dTLB-loads               avgt           1368934.104                       #/op
[INFO] [stdout] BenchmarkQueries.query53:gc.alloc.rate            avgt    3           79.879 ±       206.369     MB/sec
[INFO] [stdout] BenchmarkQueries.query53:gc.alloc.rate.norm       avgt    3     18309507.200 ±  48159931.009       B/op
[INFO] [stdout] BenchmarkQueries.query53:gc.count                 avgt    3            7.000                     counts
[INFO] [stdout] BenchmarkQueries.query53:gc.time                  avgt    3            5.000                         ms
[INFO] [stdout] BenchmarkQueries.query53:iTLB-load-misses         avgt             14053.754                       #/op
[INFO] [stdout] BenchmarkQueries.query53:iTLB-loads               avgt           1220335.411                       #/op
[INFO] [stdout] BenchmarkQueries.query53:instructions             avgt        4070037780.784                       #/op
[INFO] [stdout] BenchmarkQueries.query53:stalled-cycles-frontend  avgt         383631786.020                       #/op
[INFO] [stdout] BenchmarkQueries.query57                          avgt    3         1161.136 ±       276.320      ms/op
[INFO] [stdout] BenchmarkQueries.query57:CPI                      avgt                 0.277                  clks/insn
[INFO] [stdout] BenchmarkQueries.query57:IPC                      avgt                 3.604                  insns/clk
[INFO] [stdout] BenchmarkQueries.query57:L1-dcache-load-misses    avgt         343648043.463                       #/op
[INFO] [stdout] BenchmarkQueries.query57:L1-dcache-loads          avgt       11399867707.672                       #/op
[INFO] [stdout] BenchmarkQueries.query57:L1-icache-load-misses    avgt           9850912.951                       #/op
[INFO] [stdout] BenchmarkQueries.query57:L1-icache-loads          avgt         122267868.946                       #/op
[INFO] [stdout] BenchmarkQueries.query57:branch-misses            avgt          30809814.787                       #/op
[INFO] [stdout] BenchmarkQueries.query57:branches                 avgt        5193290134.683                       #/op
[INFO] [stdout] BenchmarkQueries.query57:cycles                   avgt        7389557202.708                       #/op
[INFO] [stdout] BenchmarkQueries.query57:dTLB-load-misses         avgt            291676.436                       #/op
[INFO] [stdout] BenchmarkQueries.query57:dTLB-loads               avgt           5952468.570                       #/op
[INFO] [stdout] BenchmarkQueries.query57:gc.alloc.rate            avgt    3          311.448 ±       135.231     MB/sec
[INFO] [stdout] BenchmarkQueries.query57:gc.alloc.rate.norm       avgt    3    379262120.000 ± 208639930.918       B/op
[INFO] [stdout] BenchmarkQueries.query57:gc.count                 avgt    3           12.000                     counts
[INFO] [stdout] BenchmarkQueries.query57:gc.time                  avgt    3           46.000                         ms
[INFO] [stdout] BenchmarkQueries.query57:iTLB-load-misses         avgt             57816.030                       #/op
[INFO] [stdout] BenchmarkQueries.query57:iTLB-loads               avgt           4165460.991                       #/op
[INFO] [stdout] BenchmarkQueries.query57:instructions             avgt       26631330268.296                       #/op
[INFO] [stdout] BenchmarkQueries.query57:stalled-cycles-frontend  avgt         932043997.915                       #/op
[INFO] [stdout] BenchmarkQueries.query63                          avgt    3          216.644 ±        29.876      ms/op
[INFO] [stdout] BenchmarkQueries.query63:CPI                      avgt                 0.332                  clks/insn
[INFO] [stdout] BenchmarkQueries.query63:IPC                      avgt                 3.009                  insns/clk
[INFO] [stdout] BenchmarkQueries.query63:L1-dcache-load-misses    avgt          29161350.225                       #/op
[INFO] [stdout] BenchmarkQueries.query63:L1-dcache-loads          avgt        1839703563.787                       #/op
[INFO] [stdout] BenchmarkQueries.query63:L1-icache-load-misses    avgt           1891113.517                       #/op
[INFO] [stdout] BenchmarkQueries.query63:L1-icache-loads          avgt          22628471.977                       #/op
[INFO] [stdout] BenchmarkQueries.query63:branch-misses            avgt          13879983.903                       #/op
[INFO] [stdout] BenchmarkQueries.query63:branches                 avgt         824742815.233                       #/op
[INFO] [stdout] BenchmarkQueries.query63:cycles                   avgt        1358198657.034                       #/op
[INFO] [stdout] BenchmarkQueries.query63:dTLB-load-misses         avgt             94420.066                       #/op
[INFO] [stdout] BenchmarkQueries.query63:dTLB-loads               avgt           1442051.326                       #/op
[INFO] [stdout] BenchmarkQueries.query63:gc.alloc.rate            avgt    3           78.188 ±       213.013     MB/sec
[INFO] [stdout] BenchmarkQueries.query63:gc.alloc.rate.norm       avgt    3     17777247.467 ±  50776157.792       B/op
[INFO] [stdout] BenchmarkQueries.query63:gc.count                 avgt    3            5.000                     counts
[INFO] [stdout] BenchmarkQueries.query63:gc.time                  avgt    3            3.000                         ms
[INFO] [stdout] BenchmarkQueries.query63:iTLB-load-misses         avgt             13002.520                       #/op
[INFO] [stdout] BenchmarkQueries.query63:iTLB-loads               avgt           1340061.579                       #/op
[INFO] [stdout] BenchmarkQueries.query63:instructions             avgt        4086823107.504                       #/op
[INFO] [stdout] BenchmarkQueries.query63:stalled-cycles-frontend  avgt         380351317.754                       #/op
[INFO] [stdout] BenchmarkQueries.query89                          avgt    3          262.586 ±        48.212      ms/op
[INFO] [stdout] BenchmarkQueries.query89:CPI                      avgt                 0.325                  clks/insn
[INFO] [stdout] BenchmarkQueries.query89:IPC                      avgt                 3.081                  insns/clk
[INFO] [stdout] BenchmarkQueries.query89:L1-dcache-load-misses    avgt          35582805.790                       #/op
[INFO] [stdout] BenchmarkQueries.query89:L1-dcache-loads          avgt        2250771804.408                       #/op
[INFO] [stdout] BenchmarkQueries.query89:L1-icache-load-misses    avgt           2024530.970                       #/op
[INFO] [stdout] BenchmarkQueries.query89:L1-icache-loads          avgt          23810102.748                       #/op
[INFO] [stdout] BenchmarkQueries.query89:branch-misses            avgt          17240401.682                       #/op
[INFO] [stdout] BenchmarkQueries.query89:branches                 avgt         984864257.469                       #/op
[INFO] [stdout] BenchmarkQueries.query89:cycles                   avgt        1593682229.047                       #/op
[INFO] [stdout] BenchmarkQueries.query89:dTLB-load-misses         avgt            105375.894                       #/op
[INFO] [stdout] BenchmarkQueries.query89:dTLB-loads               avgt           1393591.471                       #/op
[INFO] [stdout] BenchmarkQueries.query89:gc.alloc.rate            avgt    3          116.593 ±        10.814     MB/sec
[INFO] [stdout] BenchmarkQueries.query89:gc.alloc.rate.norm       avgt    3     32105344.000 ±   3336556.116       B/op
[INFO] [stdout] BenchmarkQueries.query89:gc.count                 avgt    3            2.000                     counts
[INFO] [stdout] BenchmarkQueries.query89:gc.time                  avgt    3            2.000                         ms
[INFO] [stdout] BenchmarkQueries.query89:iTLB-load-misses         avgt             19069.285                       #/op
[INFO] [stdout] BenchmarkQueries.query89:iTLB-loads               avgt           1337290.593                       #/op
[INFO] [stdout] BenchmarkQueries.query89:instructions             avgt        4909630387.076                       #/op
[INFO] [stdout] BenchmarkQueries.query89:stalled-cycles-frontend  avgt         424521005.353                       #/op
[INFO] [stdout] BenchmarkQueries.query98                          avgt    3          135.435 ±         9.354      ms/op
[INFO] [stdout] BenchmarkQueries.query98:CPI                      avgt                 0.264                  clks/insn
[INFO] [stdout] BenchmarkQueries.query98:IPC                      avgt                 3.785                  insns/clk
[INFO] [stdout] BenchmarkQueries.query98:L1-dcache-load-misses    avgt          15618396.891                       #/op
[INFO] [stdout] BenchmarkQueries.query98:L1-dcache-loads          avgt        1289402336.991                       #/op
[INFO] [stdout] BenchmarkQueries.query98:L1-icache-load-misses    avgt            805799.393                       #/op
[INFO] [stdout] BenchmarkQueries.query98:L1-icache-loads          avgt           9811986.133                       #/op
[INFO] [stdout] BenchmarkQueries.query98:branch-misses            avgt           6086424.105                       #/op
[INFO] [stdout] BenchmarkQueries.query98:branches                 avgt         603931050.415                       #/op
[INFO] [stdout] BenchmarkQueries.query98:cycles                   avgt         763424701.505                       #/op
[INFO] [stdout] BenchmarkQueries.query98:dTLB-load-misses         avgt             80675.751                       #/op
[INFO] [stdout] BenchmarkQueries.query98:dTLB-loads               avgt            531985.576                       #/op
[INFO] [stdout] BenchmarkQueries.query98:gc.alloc.rate            avgt    3          523.905 ±       112.732     MB/sec
[INFO] [stdout] BenchmarkQueries.query98:gc.alloc.rate.norm       avgt    3     74412991.000 ±  17909815.513       B/op
[INFO] [stdout] BenchmarkQueries.query98:gc.count                 avgt    3            4.000                     counts
[INFO] [stdout] BenchmarkQueries.query98:gc.time                  avgt    3            3.000                         ms
[INFO] [stdout] BenchmarkQueries.query98:iTLB-load-misses         avgt              9046.357                       #/op
[INFO] [stdout] BenchmarkQueries.query98:iTLB-loads               avgt            444696.395                       #/op
[INFO] [stdout] BenchmarkQueries.query98:instructions             avgt        2889230931.112                       #/op
[INFO] [stdout] BenchmarkQueries.query98:stalled-cycles-frontend  avgt         145581833.966                       #/op
[INFO] [stdout] 
[INFO] [stdout] Benchmark result is saved to benchmarks/sweeps/20260723-targeted/tpcds-q51-next/window-cohort-min1m-on.json
[INFO] ------------------------------------------------------------------------
[INFO] BUILD SUCCESS
[INFO] ------------------------------------------------------------------------
[INFO] Total time:  01:23 min (Wall Clock)
[INFO] Finished at: 2026-07-23T00:45:25Z
[INFO] ------------------------------------------------------------------------
[INFO] Njord session closed
