[INFO] Processing build on daemon 8f2a4e0f
[INFO] Scanning for projects...
[INFO] Njord 0.9.4 session created
[INFO] BuildTimeEventSpy is registered.
[INFO] 
[INFO] Using the SmartBuilder implementation with a thread count of 7
[INFO] 
[INFO] -------------------------< org.weakref:nitro >--------------------------
[INFO] Building nitro 1-SNAPSHOT
[INFO]   from pom.xml
[INFO] --------------------------------[ jar ]---------------------------------
[WARNING] 2 problems were encountered while building the effective model for org.apache.yetus:audience-annotations:jar:0.5.0 during dependency collection step for project (use -X to see details)
[INFO] 
[INFO] --- exec:3.6.1:exec (benchmark) @ nitro ---
[WARNING] [stderr] WARNING: Using incubator modules: jdk.incubator.vector
[WARNING] [stderr] WARNING: A terminally deprecated method in sun.misc.Unsafe has been called
[WARNING] [stderr] WARNING: sun.misc.Unsafe::objectFieldOffset has been called by org.openjdk.jmh.util.Utils (file:/root/.m2/repository/org/openjdk/jmh/jmh-core/1.37/jmh-core-1.37.jar)
[WARNING] [stderr] WARNING: Please consider reporting this to the maintainers of class org.openjdk.jmh.util.Utils
[WARNING] [stderr] WARNING: sun.misc.Unsafe::objectFieldOffset will be removed in a future release
[INFO] [stdout] # JMH version: 1.37
[INFO] [stdout] # VM version: JDK 26.0.1, OpenJDK 64-Bit Server VM, 26.0.1+8
[INFO] [stdout] # VM invoker: /opt/java/openjdk/bin/java
[INFO] [stdout] # VM options: --enable-preview --add-modules=jdk.incubator.vector -Dnitro.clickbench.hits.path=/root/data/clickbench -Xmx12g -XX:+UseTransparentHugePages -Dnitro.clickbench.hits.path=/root/data/clickbench -Dnitro.group.idIndexedLong=true
[INFO] [stdout] # Blackhole mode: compiler (auto-detected, use -Djmh.blackhole.autoDetect=false to disable)
[INFO] [stdout] # Warmup: 5 iterations, 1000 ms each
[INFO] [stdout] # Measurement: 5 iterations, 1000 ms each
[INFO] [stdout] # Timeout: 10 min per iteration
[INFO] [stdout] # Threads: 1 thread, will synchronize iterations
[INFO] [stdout] # Benchmark mode: Average time, time/op
[INFO] [stdout] # Benchmark: org.weakref.nitro.clickbench.BenchmarkQueries.query16
[INFO] [stdout] 
[INFO] [stdout] # Run progress: 0.00% complete, ETA 00:00:10
[INFO] [stdout] # Fork: 1 of 1
[INFO] [stdout] # Preparing profilers: LinuxPerfNormProfiler 
[INFO] [stdout] # Profilers consume stderr from target VM, use -v EXTRA to copy to console
[INFO] [stdout] # Warmup Iteration   1: 1958.989 ms/op
[INFO] [stdout] # Warmup Iteration   2: 1681.753 ms/op
[INFO] [stdout] # Warmup Iteration   3: 1610.994 ms/op
[INFO] [stdout] # Warmup Iteration   4: 1585.828 ms/op
[INFO] [stdout] # Warmup Iteration   5: 1577.236 ms/op
[INFO] [stdout] Iteration   1: 1585.572 ms/op
[INFO] [stdout]                  gc.alloc.rate:      157.517 MB/sec
[INFO] [stdout]                  gc.alloc.rate.norm: 261905472.000 B/op
[INFO] [stdout]                  gc.count:           1.000 counts
[INFO] [stdout]                  gc.time:            8.000 ms
[INFO] [stdout] 
[INFO] [stdout] Iteration   2: 1561.010 ms/op
[INFO] [stdout]                  gc.alloc.rate:      159.994 MB/sec
[INFO] [stdout]                  gc.alloc.rate.norm: 261904296.000 B/op
[INFO] [stdout]                  gc.count:           ≈ 0 counts
[INFO] [stdout] 
[INFO] [stdout] Iteration   3: 1600.845 ms/op
[INFO] [stdout]                  gc.alloc.rate:      155.983 MB/sec
[INFO] [stdout]                  gc.alloc.rate.norm: 261851832.000 B/op
[INFO] [stdout]                  gc.count:           1.000 counts
[INFO] [stdout]                  gc.time:            10.000 ms
[INFO] [stdout] 
[INFO] [stdout] Iteration   4: 1585.007 ms/op
[INFO] [stdout]                  gc.alloc.rate:      157.501 MB/sec
[INFO] [stdout]                  gc.alloc.rate.norm: 261786384.000 B/op
[INFO] [stdout]                  gc.count:           ≈ 0 counts
[INFO] [stdout] 
[INFO] [stdout] Iteration   5: 1550.385 ms/op
[INFO] [stdout]                  gc.alloc.rate:      161.005 MB/sec
[INFO] [stdout]                  gc.alloc.rate.norm: 261769808.000 B/op
[INFO] [stdout]                  gc.count:           ≈ 0 counts
[INFO] [stdout] 
[INFO] [stdout] # Processing profiler results: LinuxPerfNormProfiler 
[INFO] [stdout] 
[INFO] [stdout] 
[INFO] [stdout] Result "org.weakref.nitro.clickbench.BenchmarkQueries.query16":
[INFO] [stdout]   1576.564 ±(99.9%) 78.663 ms/op [Average]
[INFO] [stdout]   (min, avg, max) = (1550.385, 1576.564, 1600.845), stdev = 20.428
[INFO] [stdout]   CI (99.9%): [1497.901, 1655.226] (assumes normal distribution)
[INFO] [stdout] 
[INFO] [stdout] Secondary result "org.weakref.nitro.clickbench.BenchmarkQueries.query16:CPI":
[INFO] [stdout]   0.522 clks/insn
[INFO] [stdout] 
[INFO] [stdout] Secondary result "org.weakref.nitro.clickbench.BenchmarkQueries.query16:IPC":
[INFO] [stdout]   1.917 insns/clk
[INFO] [stdout] 
[INFO] [stdout] Secondary result "org.weakref.nitro.clickbench.BenchmarkQueries.query16:L1-dcache-load-misses":
[INFO] [stdout]   242033171.363 #/op
[INFO] [stdout] 
[INFO] [stdout] Secondary result "org.weakref.nitro.clickbench.BenchmarkQueries.query16:L1-dcache-loads":
[INFO] [stdout]   9369327547.706 #/op
[INFO] [stdout] 
[INFO] [stdout] Secondary result "org.weakref.nitro.clickbench.BenchmarkQueries.query16:L1-icache-load-misses":
[INFO] [stdout]   3797466.523 #/op
[INFO] [stdout] 
[INFO] [stdout] Secondary result "org.weakref.nitro.clickbench.BenchmarkQueries.query16:L1-icache-loads":
[INFO] [stdout]   57626173.831 #/op
[INFO] [stdout] 
[INFO] [stdout] Secondary result "org.weakref.nitro.clickbench.BenchmarkQueries.query16:branch-misses":
[INFO] [stdout]   68680473.502 #/op
[INFO] [stdout] 
[INFO] [stdout] Secondary result "org.weakref.nitro.clickbench.BenchmarkQueries.query16:branches":
[INFO] [stdout]   3322995140.047 #/op
[INFO] [stdout] 
[INFO] [stdout] Secondary result "org.weakref.nitro.clickbench.BenchmarkQueries.query16:cycles":
[INFO] [stdout]   8561023956.575 #/op
[INFO] [stdout] 
[INFO] [stdout] Secondary result "org.weakref.nitro.clickbench.BenchmarkQueries.query16:dTLB-load-misses":
[INFO] [stdout]   174941.288 #/op
[INFO] [stdout] 
[INFO] [stdout] Secondary result "org.weakref.nitro.clickbench.BenchmarkQueries.query16:dTLB-loads":
[INFO] [stdout]   9563589.501 #/op
[INFO] [stdout] 
[INFO] [stdout] Secondary result "org.weakref.nitro.clickbench.BenchmarkQueries.query16:gc.alloc.rate":
[INFO] [stdout]   158.400 ±(99.9%) 7.881 MB/sec [Average]
[INFO] [stdout]   (min, avg, max) = (155.983, 158.400, 161.005), stdev = 2.047
[INFO] [stdout]   CI (99.9%): [150.519, 166.281] (assumes normal distribution)
[INFO] [stdout] 
[INFO] [stdout] Secondary result "org.weakref.nitro.clickbench.BenchmarkQueries.query16:gc.alloc.rate.norm":
[INFO] [stdout]   261843558.400 ±(99.9%) 245799.876 B/op [Average]
[INFO] [stdout]   (min, avg, max) = (261769808.000, 261843558.400, 261905472.000), stdev = 63833.447
[INFO] [stdout]   CI (99.9%): [261597758.524, 262089358.276] (assumes normal distribution)
[INFO] [stdout] 
[INFO] [stdout] Secondary result "org.weakref.nitro.clickbench.BenchmarkQueries.query16:gc.count":
[INFO] [stdout]   2.000 ±(99.9%) 0.001 counts [Sum]
[INFO] [stdout]   (min, avg, max) = (≈ 0, 0.400, 1.000), stdev = 0.548
[INFO] [stdout]   CI (99.9%): [2.000, 2.000] (assumes normal distribution)
[INFO] [stdout] 
[INFO] [stdout] Secondary result "org.weakref.nitro.clickbench.BenchmarkQueries.query16:gc.time":
[INFO] [stdout]   18.000 ±(99.9%) 0.001 ms [Sum]
[INFO] [stdout]   (min, avg, max) = (≈ 0, 3.600, 10.000), stdev = 4.980
[INFO] [stdout]   CI (99.9%): [18.000, 18.000] (assumes normal distribution)
[INFO] [stdout] 
[INFO] [stdout] Secondary result "org.weakref.nitro.clickbench.BenchmarkQueries.query16:iTLB-load-misses":
[INFO] [stdout]   25581.753 #/op
[INFO] [stdout] 
[INFO] [stdout] Secondary result "org.weakref.nitro.clickbench.BenchmarkQueries.query16:iTLB-loads":
[INFO] [stdout]   1286442.276 #/op
[INFO] [stdout] 
[INFO] [stdout] Secondary result "org.weakref.nitro.clickbench.BenchmarkQueries.query16:instructions":
[INFO] [stdout]   16411005838.660 #/op
[INFO] [stdout] 
[INFO] [stdout] Secondary result "org.weakref.nitro.clickbench.BenchmarkQueries.query16:stalled-cycles-frontend":
[INFO] [stdout]   1214814441.218 #/op
[INFO] [stdout] 
[INFO] [stdout] 
[INFO] [stdout] # Run complete. Total time: 00:00:16
[INFO] [stdout] 
[INFO] [stdout] REMEMBER: The numbers below are just data. To gain reusable insights, you need to follow up on
[INFO] [stdout] why the numbers are the way they are. Use profilers (see -prof, -lprof), design factorial
[INFO] [stdout] experiments, perform baseline and negative tests that provide experimental control, make sure
[INFO] [stdout] the benchmarking environment is safe on JVM/OS/HW level, ask for reviews from the domain experts.
[INFO] [stdout] Do not assume the numbers tell you what you want them to tell.
[INFO] [stdout] 
[INFO] [stdout] NOTE: Current JVM experimentally supports Compiler Blackholes, and they are in use. Please exercise
[INFO] [stdout] extra caution when trusting the results, look into the generated code to check the benchmark still
[INFO] [stdout] works, and factor in a small probability of new VM bugs. Additionally, while comparisons between
[INFO] [stdout] different JVMs are already problematic, the performance difference caused by different Blackhole
[INFO] [stdout] modes can be very significant. Please make sure you use the consistent Blackhole mode for comparisons.
[INFO] [stdout] 
[INFO] [stdout] Benchmark                                         Mode  Cnt            Score        Error      Units
[INFO] [stdout] BenchmarkQueries.query16                          avgt    5         1576.564 ±     78.663      ms/op
[INFO] [stdout] BenchmarkQueries.query16:CPI                      avgt                 0.522               clks/insn
[INFO] [stdout] BenchmarkQueries.query16:IPC                      avgt                 1.917               insns/clk
[INFO] [stdout] BenchmarkQueries.query16:L1-dcache-load-misses    avgt         242033171.363                    #/op
[INFO] [stdout] BenchmarkQueries.query16:L1-dcache-loads          avgt        9369327547.706                    #/op
[INFO] [stdout] BenchmarkQueries.query16:L1-icache-load-misses    avgt           3797466.523                    #/op
[INFO] [stdout] BenchmarkQueries.query16:L1-icache-loads          avgt          57626173.831                    #/op
[INFO] [stdout] BenchmarkQueries.query16:branch-misses            avgt          68680473.502                    #/op
[INFO] [stdout] BenchmarkQueries.query16:branches                 avgt        3322995140.047                    #/op
[INFO] [stdout] BenchmarkQueries.query16:cycles                   avgt        8561023956.575                    #/op
[INFO] [stdout] BenchmarkQueries.query16:dTLB-load-misses         avgt            174941.288                    #/op
[INFO] [stdout] BenchmarkQueries.query16:dTLB-loads               avgt           9563589.501                    #/op
[INFO] [stdout] BenchmarkQueries.query16:gc.alloc.rate            avgt    5          158.400 ±      7.881     MB/sec
[INFO] [stdout] BenchmarkQueries.query16:gc.alloc.rate.norm       avgt    5    261843558.400 ± 245799.876       B/op
[INFO] [stdout] BenchmarkQueries.query16:gc.count                 avgt    5            2.000                  counts
[INFO] [stdout] BenchmarkQueries.query16:gc.time                  avgt    5           18.000                      ms
[INFO] [stdout] BenchmarkQueries.query16:iTLB-load-misses         avgt             25581.753                    #/op
[INFO] [stdout] BenchmarkQueries.query16:iTLB-loads               avgt           1286442.276                    #/op
[INFO] [stdout] BenchmarkQueries.query16:instructions             avgt       16411005838.660                    #/op
[INFO] [stdout] BenchmarkQueries.query16:stalled-cycles-frontend  avgt        1214814441.218                    #/op
[INFO] [stdout] 
[INFO] [stdout] Benchmark result is saved to benchmarks/sweeps/20260722-targeted/clickbench-q16-id-indexed/packed-on-a.json
[INFO] ------------------------------------------------------------------------
[INFO] BUILD SUCCESS
[INFO] ------------------------------------------------------------------------
[INFO] Total time:  18.121 s (Wall Clock)
[INFO] Finished at: 2026-07-22T07:06:53Z
[INFO] ------------------------------------------------------------------------
[INFO] Njord session closed
