NOTE: Picked up JDK_JAVA_OPTIONS: -Xms12g -Xmx12g -XX:G1HeapRegionSize=32m -XX:+UseG1GC -XX:-HeapDumpOnOutOfMemoryError -Dcork.benchmark.task-concurrency=4 -Dcork.benchmark.output-directory=/home/martin/src/nitro.opt/benchmarks/trino-integration/20260816-tpch-q21-wall-investigation/nitro-source-zero-w5m15 -Dcork.benchmark.nitro-engine-dynamic-filtering-wait-timeout=500ms -Dcork.benchmark.nitro-source-dynamic-filtering-wait-timeout=0ms
Aug 16, 2026 5:48:15 PM io.airlift.log.Logger info
INFO: Launching benchmark JVM with -Xms12288m -Xmx12288m
NOTE: Picked up JDK_JAVA_OPTIONS: -Xms12g -Xmx12g -XX:G1HeapRegionSize=32m -XX:+UseG1GC -XX:-HeapDumpOnOutOfMemoryError -Dcork.benchmark.task-concurrency=4 -Dcork.benchmark.output-directory=/home/martin/src/nitro.opt/benchmarks/trino-integration/20260816-tpch-q21-wall-investigation/nitro-source-zero-w5m15 -Dcork.benchmark.nitro-engine-dynamic-filtering-wait-timeout=500ms -Dcork.benchmark.nitro-source-dynamic-filtering-wait-timeout=0ms
WARNING: Using incubator modules: jdk.incubator.vector
Aug 16, 2026 5:48:16 PM io.airlift.log.Logger info
INFO: Per-iteration EXPLAIN ANALYZE plans will be written under /home/martin/src/nitro.opt/benchmarks/trino-integration/20260816-tpch-q21-wall-investigation/nitro-source-zero-w5m15/tpch-sf10/explain
Aug 16, 2026 5:48:16 PM io.airlift.log.Logger info
INFO: Benchmark task concurrency: 4
2026-08-16T17:48:16.848Z	INFO	main	io.airlift.log.Logging	Logging to stderr
2026-08-16T17:48:16.894Z	INFO	main	stderr	SLF4J(W): Class path contains multiple SLF4J providers.
2026-08-16T17:48:16.894Z	INFO	main	stderr	SLF4J(W): Found provider [org.slf4j.jul.JULServiceProvider@367b22e5]
2026-08-16T17:48:16.894Z	INFO	main	stderr	SLF4J(W): Found provider [org.slf4j.nop.NOPServiceProvider@fca387]
2026-08-16T17:48:16.894Z	INFO	main	stderr	SLF4J(W): See https://www.slf4j.org/codes.html#multiple_bindings for an explanation.
2026-08-16T17:48:16.894Z	INFO	main	stderr	SLF4J(I): Actual provider is of type [org.slf4j.jul.JULServiceProvider@367b22e5]
WARNING: A terminally deprecated method in sun.misc.Unsafe has been called
WARNING: sun.misc.Unsafe::staticFieldBase has been called by com.google.inject.internal.aop.HiddenClassDefiner (file:/root/.m2/repository/com/google/inject/guice/7.0.0/guice-7.0.0-classes.jar)
WARNING: Please consider reporting this to the maintainers of class com.google.inject.internal.aop.HiddenClassDefiner
WARNING: sun.misc.Unsafe::staticFieldBase will be removed in a future release
2026-08-16T17:48:17.473Z	INFO	main	io.trino.simd.BlockEncodingSimdSupport	Detected SIMD Support for architecture=amd64, vectorBitWidth=512: SimdSupport[capabilities=[NULL_BIT_PACKING, COMPRESS_BYTE, EXPAND_BYTE, COMPRESS_SHORT, EXPAND_SHORT, COMPRESS_INT, EXPAND_INT, COMPRESS_LONG, EXPAND_LONG]]
WARNING: A restricted method in java.lang.System has been called
WARNING: java.lang.System::loadLibrary has been called by com.aayushatharva.brotli4j.Brotli4jLoader in an unnamed module (file:/root/.m2/repository/com/aayushatharva/brotli4j/brotli4j/1.23.0/brotli4j-1.23.0.jar)
WARNING: Use --enable-native-access=ALL-UNNAMED to avoid a warning for callers in this module
WARNING: Restricted methods will be blocked in a future release unless native access is enabled

2026-08-16T17:48:18.529Z	INFO	main	io.trino.testing.DistributedQueryRunner	Created DistributedQueryRunner in 1.68s (unclosed instances = 1)
2026-08-16T17:48:18.531Z	INFO	main	io.trino.exchange.ExchangeManagerRegistry	-- Loading exchange manager filesystem --
2026-08-16T17:48:18.545Z	INFO	main	io.trino.exchange.ExchangeManagerRegistry	-- Loaded exchange manager filesystem --
2026-08-16T17:48:19.380Z	INFO	main	io.trino.tests.benchmark.BaseHiveTpchWorkload	Reusing existing hive.tpch.customer at local:///root/data/tpch-parquet-sf10/sf10/customer
2026-08-16T17:48:19.449Z	INFO	main	io.trino.tests.benchmark.BaseHiveTpchWorkload	Reusing existing hive.tpch.orders at local:///root/data/tpch-parquet-sf10/sf10/orders
2026-08-16T17:48:19.503Z	INFO	main	io.trino.tests.benchmark.BaseHiveTpchWorkload	Reusing existing hive.tpch.lineitem at local:///root/data/tpch-parquet-sf10/sf10/lineitem
2026-08-16T17:48:19.558Z	INFO	main	io.trino.tests.benchmark.BaseHiveTpchWorkload	Reusing existing hive.tpch.part at local:///root/data/tpch-parquet-sf10/sf10/part
2026-08-16T17:48:19.607Z	INFO	main	io.trino.tests.benchmark.BaseHiveTpchWorkload	Reusing existing hive.tpch.partsupp at local:///root/data/tpch-parquet-sf10/sf10/partsupp
2026-08-16T17:48:19.654Z	INFO	main	io.trino.tests.benchmark.BaseHiveTpchWorkload	Reusing existing hive.tpch.supplier at local:///root/data/tpch-parquet-sf10/sf10/supplier
2026-08-16T17:48:19.701Z	INFO	main	io.trino.tests.benchmark.BaseHiveTpchWorkload	Reusing existing hive.tpch.nation at local:///root/data/tpch-parquet-sf10/sf10/nation
2026-08-16T17:48:19.745Z	INFO	main	io.trino.tests.benchmark.BaseHiveTpchWorkload	Reusing existing hive.tpch.region at local:///root/data/tpch-parquet-sf10/sf10/region
2026-08-16T17:48:19.746Z	INFO	main	io.trino.tests.benchmark.BenchmarkRunner	Running Trino at http://127.0.0.1:33173 (mode=NITRO)
2026-08-16T17:48:19.746Z	INFO	main	io.trino.tests.benchmark.BenchmarkRunner	Running tpch-sf10 benchmark: 0 suite warmup, 5 warmup, 15 measured runs, reporting average
2026-08-16T17:48:19.746Z	INFO	main	io.trino.tests.benchmark.BenchmarkRunner	Verifying table statistics for 8 table(s): [hive.tpch.customer, hive.tpch.orders, hive.tpch.lineitem, hive.tpch.part, hive.tpch.partsupp, hive.tpch.supplier, hive.tpch.nation, hive.tpch.region]
2026-08-16T17:48:19.796Z	INFO	main	io.trino.tests.benchmark.BenchmarkRunner	  hive.tpch.customer: statistics present
2026-08-16T17:48:19.826Z	INFO	main	io.trino.tests.benchmark.BenchmarkRunner	  hive.tpch.orders: statistics present
2026-08-16T17:48:19.860Z	INFO	main	io.trino.tests.benchmark.BenchmarkRunner	  hive.tpch.lineitem: statistics present
2026-08-16T17:48:19.883Z	INFO	main	io.trino.tests.benchmark.BenchmarkRunner	  hive.tpch.part: statistics present
2026-08-16T17:48:19.901Z	INFO	main	io.trino.tests.benchmark.BenchmarkRunner	  hive.tpch.partsupp: statistics present
2026-08-16T17:48:19.918Z	INFO	main	io.trino.tests.benchmark.BenchmarkRunner	  hive.tpch.supplier: statistics present
2026-08-16T17:48:19.935Z	INFO	main	io.trino.tests.benchmark.BenchmarkRunner	  hive.tpch.nation: statistics present
2026-08-16T17:48:19.951Z	INFO	main	io.trino.tests.benchmark.BenchmarkRunner	  hive.tpch.region: statistics present
2026-08-16T17:48:51.753Z	INFO	main	io.trino.tests.benchmark.BenchmarkRunner	Average for q21: 1276 ms (execution 1272 ms, CPU 5035 ms, peak memory 190.20MB)
2026-08-16T17:48:51.753Z	INFO	main	io.trino.tests.benchmark.BenchmarkRunner	Sum of averages for all queries: 1276 ms (execution 1272 ms)
2026-08-16T17:48:51.754Z	INFO	main	io.trino.tests.benchmark.BenchmarkRunner	Wrote per-query timings to /home/martin/src/nitro.opt/benchmarks/trino-integration/20260816-tpch-q21-wall-investigation/nitro-source-zero-w5m15/tpch-sf10/timings.csv
