[INFO] Processing build on daemon 93a1f22d
[INFO] Scanning for projects...
[INFO] Njord 0.9.4 session created
[INFO] BuildTimeEventSpy is registered.
[INFO] 
[INFO] Using the SmartBuilder implementation with a thread count of 7
[INFO] 
[INFO] -------------------------< org.weakref:nitro >--------------------------
[INFO] Building nitro 1-SNAPSHOT
[INFO]   from pom.xml
[INFO] --------------------------------[ jar ]---------------------------------
[WARNING] 2 problems were encountered while building the effective model for org.apache.yetus:audience-annotations:jar:0.5.0 during dependency collection step for project (use -X to see details)
[INFO] 
[INFO] --- exec:3.6.1:exec (benchmark) @ nitro ---
[WARNING] [stderr] WARNING: Using incubator modules: jdk.incubator.vector
[WARNING] [stderr] WARNING: A terminally deprecated method in sun.misc.Unsafe has been called
[WARNING] [stderr] WARNING: sun.misc.Unsafe::objectFieldOffset has been called by org.openjdk.jmh.util.Utils (file:/root/.m2/repository/org/openjdk/jmh/jmh-core/1.37/jmh-core-1.37.jar)
[WARNING] [stderr] WARNING: Please consider reporting this to the maintainers of class org.openjdk.jmh.util.Utils
[WARNING] [stderr] WARNING: sun.misc.Unsafe::objectFieldOffset will be removed in a future release
[INFO] [stdout] # JMH version: 1.37
[INFO] [stdout] # VM version: JDK 26.0.1, OpenJDK 64-Bit Server VM, 26.0.1+8
[INFO] [stdout] # VM invoker: /opt/java/openjdk/bin/java
[INFO] [stdout] # VM options: --enable-preview --add-modules=jdk.incubator.vector -Dnitro.clickbench.hits.path= -Xmx12g -XX:+UseTransparentHugePages -Dnitro.tpcds.parquet.path=/root/data/tpcds-parquet-sf10 -Dnitro.tpcds.parquet.schema=sf10
[INFO] [stdout] # Blackhole mode: compiler (auto-detected, use -Djmh.blackhole.autoDetect=false to disable)
[INFO] [stdout] # Warmup: 10 iterations, 1 s each
[INFO] [stdout] # Measurement: 5 iterations, 1 s each
[INFO] [stdout] # Timeout: 30 min per iteration
[INFO] [stdout] # Threads: 1 thread, will synchronize iterations
[INFO] [stdout] # Benchmark mode: Average time, time/op
[INFO] [stdout] # Benchmark: org.weakref.nitro.tpcds.BenchmarkQueries.query21
[INFO] [stdout] 
[INFO] [stdout] # Run progress: 0.00% complete, ETA 00:01:00
[INFO] [stdout] # Fork: 1 of 1
[INFO] [stdout] # Preparing profilers: LinuxPerfNormProfiler 
[INFO] [stdout] # Profilers consume stderr from target VM, use -v EXTRA to copy to console
[INFO] [stdout] # Warmup Iteration   1: 596.679 ms/op
[INFO] [stdout] # Warmup Iteration   2: 311.337 ms/op
[INFO] [stdout] # Warmup Iteration   3: 298.319 ms/op
[INFO] [stdout] # Warmup Iteration   4: 296.020 ms/op
[INFO] [stdout] # Warmup Iteration   5: 294.190 ms/op
[INFO] [stdout] # Warmup Iteration   6: 295.312 ms/op
[INFO] [stdout] # Warmup Iteration   7: 295.411 ms/op
[INFO] [stdout] # Warmup Iteration   8: 295.830 ms/op
[INFO] [stdout] # Warmup Iteration   9: 295.170 ms/op
[INFO] [stdout] # Warmup Iteration  10: 294.339 ms/op
[INFO] [stdout] Iteration   1: 296.226 ms/op
[INFO] [stdout]                  gc.alloc.rate:      107.170 MB/sec
[INFO] [stdout]                  gc.alloc.rate.norm: 33292494.000 B/op
[INFO] [stdout]                  gc.count:           1.000 counts
[INFO] [stdout]                  gc.time:            2.000 ms
[INFO] [stdout] 
[INFO] [stdout] Iteration   2: 297.072 ms/op
[INFO] [stdout]                  gc.alloc.rate:      106.844 MB/sec
[INFO] [stdout]                  gc.alloc.rate.norm: 33285864.000 B/op
[INFO] [stdout]                  gc.count:           ≈ 0 counts
[INFO] [stdout] 
[INFO] [stdout] Iteration   3: 296.598 ms/op
[INFO] [stdout]                  gc.alloc.rate:      107.021 MB/sec
[INFO] [stdout]                  gc.alloc.rate.norm: 33288156.000 B/op
[INFO] [stdout]                  gc.count:           1.000 counts
[INFO] [stdout]                  gc.time:            1.000 ms
[INFO] [stdout] 
[INFO] [stdout] Iteration   4: 292.856 ms/op
[INFO] [stdout]                  gc.alloc.rate:      108.379 MB/sec
[INFO] [stdout]                  gc.alloc.rate.norm: 33284960.000 B/op
[INFO] [stdout]                  gc.count:           ≈ 0 counts
[INFO] [stdout] 
[INFO] [stdout] Iteration   5: 295.260 ms/op
[INFO] [stdout]                  gc.alloc.rate:      107.483 MB/sec
[INFO] [stdout]                  gc.alloc.rate.norm: 33280290.000 B/op
[INFO] [stdout]                  gc.count:           1.000 counts
[INFO] [stdout]                  gc.time:            1.000 ms
[INFO] [stdout] 
[INFO] [stdout] # Processing profiler results: LinuxPerfNormProfiler 
[INFO] [stdout] 
[INFO] [stdout] 
[INFO] [stdout] Result "org.weakref.nitro.tpcds.BenchmarkQueries.query21":
[INFO] [stdout]   295.602 ±(99.9%) 6.443 ms/op [Average]
[INFO] [stdout]   (min, avg, max) = (292.856, 295.602, 297.072), stdev = 1.673
[INFO] [stdout]   CI (99.9%): [289.159, 302.045] (assumes normal distribution)
[INFO] [stdout] 
[INFO] [stdout] Secondary result "org.weakref.nitro.tpcds.BenchmarkQueries.query21:CPI":
[INFO] [stdout]   0.255 clks/insn
[INFO] [stdout] 
[INFO] [stdout] Secondary result "org.weakref.nitro.tpcds.BenchmarkQueries.query21:IPC":
[INFO] [stdout]   3.928 insns/clk
[INFO] [stdout] 
[INFO] [stdout] Secondary result "org.weakref.nitro.tpcds.BenchmarkQueries.query21:L1-dcache-load-misses":
[INFO] [stdout]   24366667.995 #/op
[INFO] [stdout] 
[INFO] [stdout] Secondary result "org.weakref.nitro.tpcds.BenchmarkQueries.query21:L1-dcache-loads":
[INFO] [stdout]   2700867714.328 #/op
[INFO] [stdout] 
[INFO] [stdout] Secondary result "org.weakref.nitro.tpcds.BenchmarkQueries.query21:L1-icache-load-misses":
[INFO] [stdout]   1029431.063 #/op
[INFO] [stdout] 
[INFO] [stdout] Secondary result "org.weakref.nitro.tpcds.BenchmarkQueries.query21:L1-icache-loads":
[INFO] [stdout]   13255794.646 #/op
[INFO] [stdout] 
[INFO] [stdout] Secondary result "org.weakref.nitro.tpcds.BenchmarkQueries.query21:branch-misses":
[INFO] [stdout]   2529814.189 #/op
[INFO] [stdout] 
[INFO] [stdout] Secondary result "org.weakref.nitro.tpcds.BenchmarkQueries.query21:branches":
[INFO] [stdout]   1350785193.084 #/op
[INFO] [stdout] 
[INFO] [stdout] Secondary result "org.weakref.nitro.tpcds.BenchmarkQueries.query21:cycles":
[INFO] [stdout]   1642978025.071 #/op
[INFO] [stdout] 
[INFO] [stdout] Secondary result "org.weakref.nitro.tpcds.BenchmarkQueries.query21:dTLB-load-misses":
[INFO] [stdout]   99608.184 #/op
[INFO] [stdout] 
[INFO] [stdout] Secondary result "org.weakref.nitro.tpcds.BenchmarkQueries.query21:dTLB-loads":
[INFO] [stdout]   882515.982 #/op
[INFO] [stdout] 
[INFO] [stdout] Secondary result "org.weakref.nitro.tpcds.BenchmarkQueries.query21:gc.alloc.rate":
[INFO] [stdout]   107.379 ±(99.9%) 2.333 MB/sec [Average]
[INFO] [stdout]   (min, avg, max) = (106.844, 107.379, 108.379), stdev = 0.606
[INFO] [stdout]   CI (99.9%): [105.046, 109.713] (assumes normal distribution)
[INFO] [stdout] 
[INFO] [stdout] Secondary result "org.weakref.nitro.tpcds.BenchmarkQueries.query21:gc.alloc.rate.norm":
[INFO] [stdout]   33286352.800 ±(99.9%) 17210.077 B/op [Average]
[INFO] [stdout]   (min, avg, max) = (33280290.000, 33286352.800, 33292494.000), stdev = 4469.402
[INFO] [stdout]   CI (99.9%): [33269142.723, 33303562.877] (assumes normal distribution)
[INFO] [stdout] 
[INFO] [stdout] Secondary result "org.weakref.nitro.tpcds.BenchmarkQueries.query21:gc.count":
[INFO] [stdout]   3.000 ±(99.9%) 0.001 counts [Sum]
[INFO] [stdout]   (min, avg, max) = (≈ 0, 0.600, 1.000), stdev = 0.548
[INFO] [stdout]   CI (99.9%): [3.000, 3.000] (assumes normal distribution)
[INFO] [stdout] 
[INFO] [stdout] Secondary result "org.weakref.nitro.tpcds.BenchmarkQueries.query21:gc.time":
[INFO] [stdout]   4.000 ±(99.9%) 0.001 ms [Sum]
[INFO] [stdout]   (min, avg, max) = (≈ 0, 0.800, 2.000), stdev = 0.837
[INFO] [stdout]   CI (99.9%): [4.000, 4.000] (assumes normal distribution)
[INFO] [stdout] 
[INFO] [stdout] Secondary result "org.weakref.nitro.tpcds.BenchmarkQueries.query21:iTLB-load-misses":
[INFO] [stdout]   8532.715 #/op
[INFO] [stdout] 
[INFO] [stdout] Secondary result "org.weakref.nitro.tpcds.BenchmarkQueries.query21:iTLB-loads":
[INFO] [stdout]   466858.700 #/op
[INFO] [stdout] 
[INFO] [stdout] Secondary result "org.weakref.nitro.tpcds.BenchmarkQueries.query21:instructions":
[INFO] [stdout]   6453753547.406 #/op
[INFO] [stdout] 
[INFO] [stdout] Secondary result "org.weakref.nitro.tpcds.BenchmarkQueries.query21:stalled-cycles-frontend":
[INFO] [stdout]   356009802.445 #/op
[INFO] [stdout] 
[INFO] [stdout] 
[INFO] [stdout] # JMH version: 1.37
[INFO] [stdout] # VM version: JDK 26.0.1, OpenJDK 64-Bit Server VM, 26.0.1+8
[INFO] [stdout] # VM invoker: /opt/java/openjdk/bin/java
[INFO] [stdout] # VM options: --enable-preview --add-modules=jdk.incubator.vector -Dnitro.clickbench.hits.path= -Xmx12g -XX:+UseTransparentHugePages -Dnitro.tpcds.parquet.path=/root/data/tpcds-parquet-sf10 -Dnitro.tpcds.parquet.schema=sf10
[INFO] [stdout] # Blackhole mode: compiler (auto-detected, use -Djmh.blackhole.autoDetect=false to disable)
[INFO] [stdout] # Warmup: 10 iterations, 1 s each
[INFO] [stdout] # Measurement: 5 iterations, 1 s each
[INFO] [stdout] # Timeout: 30 min per iteration
[INFO] [stdout] # Threads: 1 thread, will synchronize iterations
[INFO] [stdout] # Benchmark mode: Average time, time/op
[INFO] [stdout] # Benchmark: org.weakref.nitro.tpcds.BenchmarkQueries.query42
[INFO] [stdout] 
[INFO] [stdout] # Run progress: 25.00% complete, ETA 00:00:54
[INFO] [stdout] # Fork: 1 of 1
[INFO] [stdout] # Preparing profilers: LinuxPerfNormProfiler 
[INFO] [stdout] # Profilers consume stderr from target VM, use -v EXTRA to copy to console
[INFO] [stdout] # Warmup Iteration   1: 167.086 ms/op
[INFO] [stdout] # Warmup Iteration   2: 101.965 ms/op
[INFO] [stdout] # Warmup Iteration   3: 101.557 ms/op
[INFO] [stdout] # Warmup Iteration   4: 99.096 ms/op
[INFO] [stdout] # Warmup Iteration   5: 99.873 ms/op
[INFO] [stdout] # Warmup Iteration   6: 99.578 ms/op
[INFO] [stdout] # Warmup Iteration   7: 98.499 ms/op
[INFO] [stdout] # Warmup Iteration   8: 99.439 ms/op
[INFO] [stdout] # Warmup Iteration   9: 100.278 ms/op
[INFO] [stdout] # Warmup Iteration  10: 98.425 ms/op
[INFO] [stdout] Iteration   1: 98.597 ms/op
[INFO] [stdout]                  gc.alloc.rate:      88.407 MB/sec
[INFO] [stdout]                  gc.alloc.rate.norm: 9141314.182 B/op
[INFO] [stdout]                  gc.count:           12.000 counts
[INFO] [stdout]                  gc.time:            5.000 ms
[INFO] [stdout] 
[INFO] [stdout] Iteration   2: 98.626 ms/op
[INFO] [stdout]                  gc.alloc.rate:      88.361 MB/sec
[INFO] [stdout]                  gc.alloc.rate.norm: 9139490.909 B/op
[INFO] [stdout]                  gc.count:           12.000 counts
[INFO] [stdout]                  gc.time:            4.000 ms
[INFO] [stdout] 
[INFO] [stdout] Iteration   3: 98.896 ms/op
[INFO] [stdout]                  gc.alloc.rate:      88.123 MB/sec
[INFO] [stdout]                  gc.alloc.rate.norm: 9139370.182 B/op
[INFO] [stdout]                  gc.count:           12.000 counts
[INFO] [stdout]                  gc.time:            4.000 ms
[INFO] [stdout] 
[INFO] [stdout] Iteration   4: 98.489 ms/op
[INFO] [stdout]                  gc.alloc.rate:      88.483 MB/sec
[INFO] [stdout]                  gc.alloc.rate.norm: 9139100.364 B/op
[INFO] [stdout]                  gc.count:           12.000 counts
[INFO] [stdout]                  gc.time:            5.000 ms
[INFO] [stdout] 
[INFO] [stdout] Iteration   5: 99.099 ms/op
[INFO] [stdout]                  gc.alloc.rate:      87.931 MB/sec
[INFO] [stdout]                  gc.alloc.rate.norm: 9138439.273 B/op
[INFO] [stdout]                  gc.count:           12.000 counts
[INFO] [stdout]                  gc.time:            4.000 ms
[INFO] [stdout] 
[INFO] [stdout] # Processing profiler results: LinuxPerfNormProfiler 
[INFO] [stdout] 
[INFO] [stdout] 
[INFO] [stdout] Result "org.weakref.nitro.tpcds.BenchmarkQueries.query42":
[INFO] [stdout]   98.742 ±(99.9%) 0.962 ms/op [Average]
[INFO] [stdout]   (min, avg, max) = (98.489, 98.742, 99.099), stdev = 0.250
[INFO] [stdout]   CI (99.9%): [97.780, 99.704] (assumes normal distribution)
[INFO] [stdout] 
[INFO] [stdout] Secondary result "org.weakref.nitro.tpcds.BenchmarkQueries.query42:CPI":
[INFO] [stdout]   0.253 clks/insn
[INFO] [stdout] 
[INFO] [stdout] Secondary result "org.weakref.nitro.tpcds.BenchmarkQueries.query42:IPC":
[INFO] [stdout]   3.952 insns/clk
[INFO] [stdout] 
[INFO] [stdout] Secondary result "org.weakref.nitro.tpcds.BenchmarkQueries.query42:L1-dcache-load-misses":
[INFO] [stdout]   9170108.196 #/op
[INFO] [stdout] 
[INFO] [stdout] Secondary result "org.weakref.nitro.tpcds.BenchmarkQueries.query42:L1-dcache-loads":
[INFO] [stdout]   990672447.508 #/op
[INFO] [stdout] 
[INFO] [stdout] Secondary result "org.weakref.nitro.tpcds.BenchmarkQueries.query42:L1-icache-load-misses":
[INFO] [stdout]   398746.415 #/op
[INFO] [stdout] 
[INFO] [stdout] Secondary result "org.weakref.nitro.tpcds.BenchmarkQueries.query42:L1-icache-loads":
[INFO] [stdout]   5111306.782 #/op
[INFO] [stdout] 
[INFO] [stdout] Secondary result "org.weakref.nitro.tpcds.BenchmarkQueries.query42:branch-misses":
[INFO] [stdout]   4419815.301 #/op
[INFO] [stdout] 
[INFO] [stdout] Secondary result "org.weakref.nitro.tpcds.BenchmarkQueries.query42:branches":
[INFO] [stdout]   466984619.652 #/op
[INFO] [stdout] 
[INFO] [stdout] Secondary result "org.weakref.nitro.tpcds.BenchmarkQueries.query42:cycles":
[INFO] [stdout]   555083725.180 #/op
[INFO] [stdout] 
[INFO] [stdout] Secondary result "org.weakref.nitro.tpcds.BenchmarkQueries.query42:dTLB-load-misses":
[INFO] [stdout]   80726.123 #/op
[INFO] [stdout] 
[INFO] [stdout] Secondary result "org.weakref.nitro.tpcds.BenchmarkQueries.query42:dTLB-loads":
[INFO] [stdout]   414510.450 #/op
[INFO] [stdout] 
[INFO] [stdout] Secondary result "org.weakref.nitro.tpcds.BenchmarkQueries.query42:gc.alloc.rate":
[INFO] [stdout]   88.261 ±(99.9%) 0.878 MB/sec [Average]
[INFO] [stdout]   (min, avg, max) = (87.931, 88.261, 88.483), stdev = 0.228
[INFO] [stdout]   CI (99.9%): [87.383, 89.139] (assumes normal distribution)
[INFO] [stdout] 
[INFO] [stdout] Secondary result "org.weakref.nitro.tpcds.BenchmarkQueries.query42:gc.alloc.rate.norm":
[INFO] [stdout]   9139542.982 ±(99.9%) 4122.080 B/op [Average]
[INFO] [stdout]   (min, avg, max) = (9138439.273, 9139542.982, 9141314.182), stdev = 1070.491
[INFO] [stdout]   CI (99.9%): [9135420.901, 9143665.062] (assumes normal distribution)
[INFO] [stdout] 
[INFO] [stdout] Secondary result "org.weakref.nitro.tpcds.BenchmarkQueries.query42:gc.count":
[INFO] [stdout]   60.000 ±(99.9%) 0.001 counts [Sum]
[INFO] [stdout]   (min, avg, max) = (12.000, 12.000, 12.000), stdev = 0.001
[INFO] [stdout]   CI (99.9%): [60.000, 60.000] (assumes normal distribution)
[INFO] [stdout] 
[INFO] [stdout] Secondary result "org.weakref.nitro.tpcds.BenchmarkQueries.query42:gc.time":
[INFO] [stdout]   22.000 ±(99.9%) 0.001 ms [Sum]
[INFO] [stdout]   (min, avg, max) = (4.000, 4.400, 5.000), stdev = 0.548
[INFO] [stdout]   CI (99.9%): [22.000, 22.000] (assumes normal distribution)
[INFO] [stdout] 
[INFO] [stdout] Secondary result "org.weakref.nitro.tpcds.BenchmarkQueries.query42:iTLB-load-misses":
[INFO] [stdout]   4500.857 #/op
[INFO] [stdout] 
[INFO] [stdout] Secondary result "org.weakref.nitro.tpcds.BenchmarkQueries.query42:iTLB-loads":
[INFO] [stdout]   179747.728 #/op
[INFO] [stdout] 
[INFO] [stdout] Secondary result "org.weakref.nitro.tpcds.BenchmarkQueries.query42:instructions":
[INFO] [stdout]   2193497013.370 #/op
[INFO] [stdout] 
[INFO] [stdout] Secondary result "org.weakref.nitro.tpcds.BenchmarkQueries.query42:stalled-cycles-frontend":
[INFO] [stdout]   101643198.194 #/op
[INFO] [stdout] 
[INFO] [stdout] 
[INFO] [stdout] # JMH version: 1.37
[INFO] [stdout] # VM version: JDK 26.0.1, OpenJDK 64-Bit Server VM, 26.0.1+8
[INFO] [stdout] # VM invoker: /opt/java/openjdk/bin/java
[INFO] [stdout] # VM options: --enable-preview --add-modules=jdk.incubator.vector -Dnitro.clickbench.hits.path= -Xmx12g -XX:+UseTransparentHugePages -Dnitro.tpcds.parquet.path=/root/data/tpcds-parquet-sf10 -Dnitro.tpcds.parquet.schema=sf10
[INFO] [stdout] # Blackhole mode: compiler (auto-detected, use -Djmh.blackhole.autoDetect=false to disable)
[INFO] [stdout] # Warmup: 10 iterations, 1 s each
[INFO] [stdout] # Measurement: 5 iterations, 1 s each
[INFO] [stdout] # Timeout: 30 min per iteration
[INFO] [stdout] # Threads: 1 thread, will synchronize iterations
[INFO] [stdout] # Benchmark mode: Average time, time/op
[INFO] [stdout] # Benchmark: org.weakref.nitro.tpcds.BenchmarkQueries.query52
[INFO] [stdout] 
[INFO] [stdout] # Run progress: 50.00% complete, ETA 00:00:34
[INFO] [stdout] # Fork: 1 of 1
[INFO] [stdout] # Preparing profilers: LinuxPerfNormProfiler 
[INFO] [stdout] # Profilers consume stderr from target VM, use -v EXTRA to copy to console
[INFO] [stdout] # Warmup Iteration   1: 173.108 ms/op
[INFO] [stdout] # Warmup Iteration   2: 103.260 ms/op
[INFO] [stdout] # Warmup Iteration   3: 100.795 ms/op
[INFO] [stdout] # Warmup Iteration   4: 100.842 ms/op
[INFO] [stdout] # Warmup Iteration   5: 98.624 ms/op
[INFO] [stdout] # Warmup Iteration   6: 98.233 ms/op
[INFO] [stdout] # Warmup Iteration   7: 97.960 ms/op
[INFO] [stdout] # Warmup Iteration   8: 98.396 ms/op
[INFO] [stdout] # Warmup Iteration   9: 98.372 ms/op
[INFO] [stdout] # Warmup Iteration  10: 98.214 ms/op
[INFO] [stdout] Iteration   1: 97.985 ms/op
[INFO] [stdout]                  gc.alloc.rate:      106.791 MB/sec
[INFO] [stdout]                  gc.alloc.rate.norm: 10973824.727 B/op
[INFO] [stdout]                  gc.count:           ≈ 0 counts
[INFO] [stdout] 
[INFO] [stdout] Iteration   2: 98.399 ms/op
[INFO] [stdout]                  gc.alloc.rate:      106.341 MB/sec
[INFO] [stdout]                  gc.alloc.rate.norm: 10973341.818 B/op
[INFO] [stdout]                  gc.count:           ≈ 0 counts
[INFO] [stdout] 
[INFO] [stdout] Iteration   3: 97.862 ms/op
[INFO] [stdout]                  gc.alloc.rate:      106.868 MB/sec
[INFO] [stdout]                  gc.alloc.rate.norm: 10967776.000 B/op
[INFO] [stdout]                  gc.count:           1.000 counts
[INFO] [stdout]                  gc.time:            1.000 ms
[INFO] [stdout] 
[INFO] [stdout] Iteration   4: 97.667 ms/op
[INFO] [stdout]                  gc.alloc.rate:      107.078 MB/sec
[INFO] [stdout]                  gc.alloc.rate.norm: 10967300.364 B/op
[INFO] [stdout]                  gc.count:           ≈ 0 counts
[INFO] [stdout] 
[INFO] [stdout] Iteration   5: 97.806 ms/op
[INFO] [stdout]                  gc.alloc.rate:      106.921 MB/sec
[INFO] [stdout]                  gc.alloc.rate.norm: 10966985.455 B/op
[INFO] [stdout]                  gc.count:           ≈ 0 counts
[INFO] [stdout] 
[INFO] [stdout] # Processing profiler results: LinuxPerfNormProfiler 
[INFO] [stdout] 
[INFO] [stdout] 
[INFO] [stdout] Result "org.weakref.nitro.tpcds.BenchmarkQueries.query52":
[INFO] [stdout]   97.944 ±(99.9%) 1.073 ms/op [Average]
[INFO] [stdout]   (min, avg, max) = (97.667, 97.944, 98.399), stdev = 0.279
[INFO] [stdout]   CI (99.9%): [96.870, 99.017] (assumes normal distribution)
[INFO] [stdout] 
[INFO] [stdout] Secondary result "org.weakref.nitro.tpcds.BenchmarkQueries.query52:CPI":
[INFO] [stdout]   0.248 clks/insn
[INFO] [stdout] 
[INFO] [stdout] Secondary result "org.weakref.nitro.tpcds.BenchmarkQueries.query52:IPC":
[INFO] [stdout]   4.031 insns/clk
[INFO] [stdout] 
[INFO] [stdout] Secondary result "org.weakref.nitro.tpcds.BenchmarkQueries.query52:L1-dcache-load-misses":
[INFO] [stdout]   9244605.800 #/op
[INFO] [stdout] 
[INFO] [stdout] Secondary result "org.weakref.nitro.tpcds.BenchmarkQueries.query52:L1-dcache-loads":
[INFO] [stdout]   977396828.606 #/op
[INFO] [stdout] 
[INFO] [stdout] Secondary result "org.weakref.nitro.tpcds.BenchmarkQueries.query52:L1-icache-load-misses":
[INFO] [stdout]   401573.859 #/op
[INFO] [stdout] 
[INFO] [stdout] Secondary result "org.weakref.nitro.tpcds.BenchmarkQueries.query52:L1-icache-loads":
[INFO] [stdout]   4883365.216 #/op
[INFO] [stdout] 
[INFO] [stdout] Secondary result "org.weakref.nitro.tpcds.BenchmarkQueries.query52:branch-misses":
[INFO] [stdout]   4327921.984 #/op
[INFO] [stdout] 
[INFO] [stdout] Secondary result "org.weakref.nitro.tpcds.BenchmarkQueries.query52:branches":
[INFO] [stdout]   461620729.141 #/op
[INFO] [stdout] 
[INFO] [stdout] Secondary result "org.weakref.nitro.tpcds.BenchmarkQueries.query52:cycles":
[INFO] [stdout]   539091619.147 #/op
[INFO] [stdout] 
[INFO] [stdout] Secondary result "org.weakref.nitro.tpcds.BenchmarkQueries.query52:dTLB-load-misses":
[INFO] [stdout]   75237.283 #/op
[INFO] [stdout] 
[INFO] [stdout] Secondary result "org.weakref.nitro.tpcds.BenchmarkQueries.query52:dTLB-loads":
[INFO] [stdout]   392024.516 #/op
[INFO] [stdout] 
[INFO] [stdout] Secondary result "org.weakref.nitro.tpcds.BenchmarkQueries.query52:gc.alloc.rate":
[INFO] [stdout]   106.800 ±(99.9%) 1.067 MB/sec [Average]
[INFO] [stdout]   (min, avg, max) = (106.341, 106.800, 107.078), stdev = 0.277
[INFO] [stdout]   CI (99.9%): [105.733, 107.867] (assumes normal distribution)
[INFO] [stdout] 
[INFO] [stdout] Secondary result "org.weakref.nitro.tpcds.BenchmarkQueries.query52:gc.alloc.rate.norm":
[INFO] [stdout]   10969845.673 ±(99.9%) 13199.188 B/op [Average]
[INFO] [stdout]   (min, avg, max) = (10966985.455, 10969845.673, 10973824.727), stdev = 3427.787
[INFO] [stdout]   CI (99.9%): [10956646.485, 10983044.861] (assumes normal distribution)
[INFO] [stdout] 
[INFO] [stdout] Secondary result "org.weakref.nitro.tpcds.BenchmarkQueries.query52:gc.count":
[INFO] [stdout]   1.000 ±(99.9%) 0.001 counts [Sum]
[INFO] [stdout]   (min, avg, max) = (≈ 0, 0.200, 1.000), stdev = 0.447
[INFO] [stdout]   CI (99.9%): [1.000, 1.000] (assumes normal distribution)
[INFO] [stdout] 
[INFO] [stdout] Secondary result "org.weakref.nitro.tpcds.BenchmarkQueries.query52:gc.time":
[INFO] [stdout]   1.000 ±(99.9%) 0.001 ms [Sum]
[INFO] [stdout]   (min, avg, max) = (≈ 0, 0.200, 1.000), stdev = 0.447
[INFO] [stdout]   CI (99.9%): [1.000, 1.000] (assumes normal distribution)
[INFO] [stdout] 
[INFO] [stdout] Secondary result "org.weakref.nitro.tpcds.BenchmarkQueries.query52:iTLB-load-misses":
[INFO] [stdout]   2501.464 #/op
[INFO] [stdout] 
[INFO] [stdout] Secondary result "org.weakref.nitro.tpcds.BenchmarkQueries.query52:iTLB-loads":
[INFO] [stdout]   184213.573 #/op
[INFO] [stdout] 
[INFO] [stdout] Secondary result "org.weakref.nitro.tpcds.BenchmarkQueries.query52:instructions":
[INFO] [stdout]   2172898744.274 #/op
[INFO] [stdout] 
[INFO] [stdout] Secondary result "org.weakref.nitro.tpcds.BenchmarkQueries.query52:stalled-cycles-frontend":
[INFO] [stdout]   97417703.629 #/op
[INFO] [stdout] 
[INFO] [stdout] 
[INFO] [stdout] # JMH version: 1.37
[INFO] [stdout] # VM version: JDK 26.0.1, OpenJDK 64-Bit Server VM, 26.0.1+8
[INFO] [stdout] # VM invoker: /opt/java/openjdk/bin/java
[INFO] [stdout] # VM options: --enable-preview --add-modules=jdk.incubator.vector -Dnitro.clickbench.hits.path= -Xmx12g -XX:+UseTransparentHugePages -Dnitro.tpcds.parquet.path=/root/data/tpcds-parquet-sf10 -Dnitro.tpcds.parquet.schema=sf10
[INFO] [stdout] # Blackhole mode: compiler (auto-detected, use -Djmh.blackhole.autoDetect=false to disable)
[INFO] [stdout] # Warmup: 10 iterations, 1 s each
[INFO] [stdout] # Measurement: 5 iterations, 1 s each
[INFO] [stdout] # Timeout: 30 min per iteration
[INFO] [stdout] # Threads: 1 thread, will synchronize iterations
[INFO] [stdout] # Benchmark mode: Average time, time/op
[INFO] [stdout] # Benchmark: org.weakref.nitro.tpcds.BenchmarkQueries.query55
[INFO] [stdout] 
[INFO] [stdout] # Run progress: 75.00% complete, ETA 00:00:17
[INFO] [stdout] # Fork: 1 of 1
[INFO] [stdout] # Preparing profilers: LinuxPerfNormProfiler 
[INFO] [stdout] # Profilers consume stderr from target VM, use -v EXTRA to copy to console
[INFO] [stdout] # Warmup Iteration   1: 172.198 ms/op
[INFO] [stdout] # Warmup Iteration   2: 101.166 ms/op
[INFO] [stdout] # Warmup Iteration   3: 101.776 ms/op
[INFO] [stdout] # Warmup Iteration   4: 99.293 ms/op
[INFO] [stdout] # Warmup Iteration   5: 98.989 ms/op
[INFO] [stdout] # Warmup Iteration   6: 99.786 ms/op
[INFO] [stdout] # Warmup Iteration   7: 98.765 ms/op
[INFO] [stdout] # Warmup Iteration   8: 98.885 ms/op
[INFO] [stdout] # Warmup Iteration   9: 98.854 ms/op
[INFO] [stdout] # Warmup Iteration  10: 98.001 ms/op
[INFO] [stdout] Iteration   1: 97.881 ms/op
[INFO] [stdout]                  gc.alloc.rate:      101.020 MB/sec
[INFO] [stdout]                  gc.alloc.rate.norm: 10369727.273 B/op
[INFO] [stdout]                  gc.count:           ≈ 0 counts
[INFO] [stdout] 
[INFO] [stdout] Iteration   2: 98.188 ms/op
[INFO] [stdout]                  gc.alloc.rate:      100.708 MB/sec
[INFO] [stdout]                  gc.alloc.rate.norm: 10369920.000 B/op
[INFO] [stdout]                  gc.count:           ≈ 0 counts
[INFO] [stdout] 
[INFO] [stdout] Iteration   3: 98.072 ms/op
[INFO] [stdout]                  gc.alloc.rate:      100.807 MB/sec
[INFO] [stdout]                  gc.alloc.rate.norm: 10368085.818 B/op
[INFO] [stdout]                  gc.count:           1.000 counts
[INFO] [stdout]                  gc.time:            1.000 ms
[INFO] [stdout] 
[INFO] [stdout] Iteration   4: 98.553 ms/op
[INFO] [stdout]                  gc.alloc.rate:      100.317 MB/sec
[INFO] [stdout]                  gc.alloc.rate.norm: 10368058.182 B/op
[INFO] [stdout]                  gc.count:           ≈ 0 counts
[INFO] [stdout] 
[INFO] [stdout] Iteration   5: 98.494 ms/op
[INFO] [stdout]                  gc.alloc.rate:      100.357 MB/sec
[INFO] [stdout]                  gc.alloc.rate.norm: 10365890.182 B/op
[INFO] [stdout]                  gc.count:           ≈ 0 counts
[INFO] [stdout] 
[INFO] [stdout] # Processing profiler results: LinuxPerfNormProfiler 
[INFO] [stdout] 
[INFO] [stdout] 
[INFO] [stdout] Result "org.weakref.nitro.tpcds.BenchmarkQueries.query55":
[INFO] [stdout]   98.238 ±(99.9%) 1.093 ms/op [Average]
[INFO] [stdout]   (min, avg, max) = (97.881, 98.238, 98.553), stdev = 0.284
[INFO] [stdout]   CI (99.9%): [97.145, 99.331] (assumes normal distribution)
[INFO] [stdout] 
[INFO] [stdout] Secondary result "org.weakref.nitro.tpcds.BenchmarkQueries.query55:CPI":
[INFO] [stdout]   0.253 clks/insn
[INFO] [stdout] 
[INFO] [stdout] Secondary result "org.weakref.nitro.tpcds.BenchmarkQueries.query55:IPC":
[INFO] [stdout]   3.956 insns/clk
[INFO] [stdout] 
[INFO] [stdout] Secondary result "org.weakref.nitro.tpcds.BenchmarkQueries.query55:L1-dcache-load-misses":
[INFO] [stdout]   10381676.505 #/op
[INFO] [stdout] 
[INFO] [stdout] Secondary result "org.weakref.nitro.tpcds.BenchmarkQueries.query55:L1-dcache-loads":
[INFO] [stdout]   1012718678.129 #/op
[INFO] [stdout] 
[INFO] [stdout] Secondary result "org.weakref.nitro.tpcds.BenchmarkQueries.query55:L1-icache-load-misses":
[INFO] [stdout]   454399.525 #/op
[INFO] [stdout] 
[INFO] [stdout] Secondary result "org.weakref.nitro.tpcds.BenchmarkQueries.query55:L1-icache-loads":
[INFO] [stdout]   5565683.330 #/op
[INFO] [stdout] 
[INFO] [stdout] Secondary result "org.weakref.nitro.tpcds.BenchmarkQueries.query55:branch-misses":
[INFO] [stdout]   4556933.626 #/op
[INFO] [stdout] 
[INFO] [stdout] Secondary result "org.weakref.nitro.tpcds.BenchmarkQueries.query55:branches":
[INFO] [stdout]   478125958.546 #/op
[INFO] [stdout] 
[INFO] [stdout] Secondary result "org.weakref.nitro.tpcds.BenchmarkQueries.query55:cycles":
[INFO] [stdout]   568066876.428 #/op
[INFO] [stdout] 
[INFO] [stdout] Secondary result "org.weakref.nitro.tpcds.BenchmarkQueries.query55:dTLB-load-misses":
[INFO] [stdout]   78534.416 #/op
[INFO] [stdout] 
[INFO] [stdout] Secondary result "org.weakref.nitro.tpcds.BenchmarkQueries.query55:dTLB-loads":
[INFO] [stdout]   660313.131 #/op
[INFO] [stdout] 
[INFO] [stdout] Secondary result "org.weakref.nitro.tpcds.BenchmarkQueries.query55:gc.alloc.rate":
[INFO] [stdout]   100.642 ±(99.9%) 1.157 MB/sec [Average]
[INFO] [stdout]   (min, avg, max) = (100.317, 100.642, 101.020), stdev = 0.301
[INFO] [stdout]   CI (99.9%): [99.484, 101.799] (assumes normal distribution)
[INFO] [stdout] 
[INFO] [stdout] Secondary result "org.weakref.nitro.tpcds.BenchmarkQueries.query55:gc.alloc.rate.norm":
[INFO] [stdout]   10368336.291 ±(99.9%) 6258.480 B/op [Average]
[INFO] [stdout]   (min, avg, max) = (10365890.182, 10368336.291, 10369920.000), stdev = 1625.307
[INFO] [stdout]   CI (99.9%): [10362077.811, 10374594.771] (assumes normal distribution)
[INFO] [stdout] 
[INFO] [stdout] Secondary result "org.weakref.nitro.tpcds.BenchmarkQueries.query55:gc.count":
[INFO] [stdout]   1.000 ±(99.9%) 0.001 counts [Sum]
[INFO] [stdout]   (min, avg, max) = (≈ 0, 0.200, 1.000), stdev = 0.447
[INFO] [stdout]   CI (99.9%): [1.000, 1.000] (assumes normal distribution)
[INFO] [stdout] 
[INFO] [stdout] Secondary result "org.weakref.nitro.tpcds.BenchmarkQueries.query55:gc.time":
[INFO] [stdout]   1.000 ±(99.9%) 0.001 ms [Sum]
[INFO] [stdout]   (min, avg, max) = (≈ 0, 0.200, 1.000), stdev = 0.447
[INFO] [stdout]   CI (99.9%): [1.000, 1.000] (assumes normal distribution)
[INFO] [stdout] 
[INFO] [stdout] Secondary result "org.weakref.nitro.tpcds.BenchmarkQueries.query55:iTLB-load-misses":
[INFO] [stdout]   2862.960 #/op
[INFO] [stdout] 
[INFO] [stdout] Secondary result "org.weakref.nitro.tpcds.BenchmarkQueries.query55:iTLB-loads":
[INFO] [stdout]   203812.419 #/op
[INFO] [stdout] 
[INFO] [stdout] Secondary result "org.weakref.nitro.tpcds.BenchmarkQueries.query55:instructions":
[INFO] [stdout]   2247201353.166 #/op
[INFO] [stdout] 
[INFO] [stdout] Secondary result "org.weakref.nitro.tpcds.BenchmarkQueries.query55:stalled-cycles-frontend":
[INFO] [stdout]   106426783.510 #/op
[INFO] [stdout] 
[INFO] [stdout] 
[INFO] [stdout] # Run complete. Total time: 00:01:07
[INFO] [stdout] 
[INFO] [stdout] REMEMBER: The numbers below are just data. To gain reusable insights, you need to follow up on
[INFO] [stdout] why the numbers are the way they are. Use profilers (see -prof, -lprof), design factorial
[INFO] [stdout] experiments, perform baseline and negative tests that provide experimental control, make sure
[INFO] [stdout] the benchmarking environment is safe on JVM/OS/HW level, ask for reviews from the domain experts.
[INFO] [stdout] Do not assume the numbers tell you what you want them to tell.
[INFO] [stdout] 
[INFO] [stdout] NOTE: Current JVM experimentally supports Compiler Blackholes, and they are in use. Please exercise
[INFO] [stdout] extra caution when trusting the results, look into the generated code to check the benchmark still
[INFO] [stdout] works, and factor in a small probability of new VM bugs. Additionally, while comparisons between
[INFO] [stdout] different JVMs are already problematic, the performance difference caused by different Blackhole
[INFO] [stdout] modes can be very significant. Please make sure you use the consistent Blackhole mode for comparisons.
[INFO] [stdout] 
[INFO] [stdout] Benchmark                                         Mode  Cnt           Score       Error      Units
[INFO] [stdout] BenchmarkQueries.query21                          avgt    5         295.602 ±     6.443      ms/op
[INFO] [stdout] BenchmarkQueries.query21:CPI                      avgt                0.255              clks/insn
[INFO] [stdout] BenchmarkQueries.query21:IPC                      avgt                3.928              insns/clk
[INFO] [stdout] BenchmarkQueries.query21:L1-dcache-load-misses    avgt         24366667.995                   #/op
[INFO] [stdout] BenchmarkQueries.query21:L1-dcache-loads          avgt       2700867714.328                   #/op
[INFO] [stdout] BenchmarkQueries.query21:L1-icache-load-misses    avgt          1029431.063                   #/op
[INFO] [stdout] BenchmarkQueries.query21:L1-icache-loads          avgt         13255794.646                   #/op
[INFO] [stdout] BenchmarkQueries.query21:branch-misses            avgt          2529814.189                   #/op
[INFO] [stdout] BenchmarkQueries.query21:branches                 avgt       1350785193.084                   #/op
[INFO] [stdout] BenchmarkQueries.query21:cycles                   avgt       1642978025.071                   #/op
[INFO] [stdout] BenchmarkQueries.query21:dTLB-load-misses         avgt            99608.184                   #/op
[INFO] [stdout] BenchmarkQueries.query21:dTLB-loads               avgt           882515.982                   #/op
[INFO] [stdout] BenchmarkQueries.query21:gc.alloc.rate            avgt    5         107.379 ±     2.333     MB/sec
[INFO] [stdout] BenchmarkQueries.query21:gc.alloc.rate.norm       avgt    5    33286352.800 ± 17210.077       B/op
[INFO] [stdout] BenchmarkQueries.query21:gc.count                 avgt    5           3.000                 counts
[INFO] [stdout] BenchmarkQueries.query21:gc.time                  avgt    5           4.000                     ms
[INFO] [stdout] BenchmarkQueries.query21:iTLB-load-misses         avgt             8532.715                   #/op
[INFO] [stdout] BenchmarkQueries.query21:iTLB-loads               avgt           466858.700                   #/op
[INFO] [stdout] BenchmarkQueries.query21:instructions             avgt       6453753547.406                   #/op
[INFO] [stdout] BenchmarkQueries.query21:stalled-cycles-frontend  avgt        356009802.445                   #/op
[INFO] [stdout] BenchmarkQueries.query42                          avgt    5          98.742 ±     0.962      ms/op
[INFO] [stdout] BenchmarkQueries.query42:CPI                      avgt                0.253              clks/insn
[INFO] [stdout] BenchmarkQueries.query42:IPC                      avgt                3.952              insns/clk
[INFO] [stdout] BenchmarkQueries.query42:L1-dcache-load-misses    avgt          9170108.196                   #/op
[INFO] [stdout] BenchmarkQueries.query42:L1-dcache-loads          avgt        990672447.508                   #/op
[INFO] [stdout] BenchmarkQueries.query42:L1-icache-load-misses    avgt           398746.415                   #/op
[INFO] [stdout] BenchmarkQueries.query42:L1-icache-loads          avgt          5111306.782                   #/op
[INFO] [stdout] BenchmarkQueries.query42:branch-misses            avgt          4419815.301                   #/op
[INFO] [stdout] BenchmarkQueries.query42:branches                 avgt        466984619.652                   #/op
[INFO] [stdout] BenchmarkQueries.query42:cycles                   avgt        555083725.180                   #/op
[INFO] [stdout] BenchmarkQueries.query42:dTLB-load-misses         avgt            80726.123                   #/op
[INFO] [stdout] BenchmarkQueries.query42:dTLB-loads               avgt           414510.450                   #/op
[INFO] [stdout] BenchmarkQueries.query42:gc.alloc.rate            avgt    5          88.261 ±     0.878     MB/sec
[INFO] [stdout] BenchmarkQueries.query42:gc.alloc.rate.norm       avgt    5     9139542.982 ±  4122.080       B/op
[INFO] [stdout] BenchmarkQueries.query42:gc.count                 avgt    5          60.000                 counts
[INFO] [stdout] BenchmarkQueries.query42:gc.time                  avgt    5          22.000                     ms
[INFO] [stdout] BenchmarkQueries.query42:iTLB-load-misses         avgt             4500.857                   #/op
[INFO] [stdout] BenchmarkQueries.query42:iTLB-loads               avgt           179747.728                   #/op
[INFO] [stdout] BenchmarkQueries.query42:instructions             avgt       2193497013.370                   #/op
[INFO] [stdout] BenchmarkQueries.query42:stalled-cycles-frontend  avgt        101643198.194                   #/op
[INFO] [stdout] BenchmarkQueries.query52                          avgt    5          97.944 ±     1.073      ms/op
[INFO] [stdout] BenchmarkQueries.query52:CPI                      avgt                0.248              clks/insn
[INFO] [stdout] BenchmarkQueries.query52:IPC                      avgt                4.031              insns/clk
[INFO] [stdout] BenchmarkQueries.query52:L1-dcache-load-misses    avgt          9244605.800                   #/op
[INFO] [stdout] BenchmarkQueries.query52:L1-dcache-loads          avgt        977396828.606                   #/op
[INFO] [stdout] BenchmarkQueries.query52:L1-icache-load-misses    avgt           401573.859                   #/op
[INFO] [stdout] BenchmarkQueries.query52:L1-icache-loads          avgt          4883365.216                   #/op
[INFO] [stdout] BenchmarkQueries.query52:branch-misses            avgt          4327921.984                   #/op
[INFO] [stdout] BenchmarkQueries.query52:branches                 avgt        461620729.141                   #/op
[INFO] [stdout] BenchmarkQueries.query52:cycles                   avgt        539091619.147                   #/op
[INFO] [stdout] BenchmarkQueries.query52:dTLB-load-misses         avgt            75237.283                   #/op
[INFO] [stdout] BenchmarkQueries.query52:dTLB-loads               avgt           392024.516                   #/op
[INFO] [stdout] BenchmarkQueries.query52:gc.alloc.rate            avgt    5         106.800 ±     1.067     MB/sec
[INFO] [stdout] BenchmarkQueries.query52:gc.alloc.rate.norm       avgt    5    10969845.673 ± 13199.188       B/op
[INFO] [stdout] BenchmarkQueries.query52:gc.count                 avgt    5           1.000                 counts
[INFO] [stdout] BenchmarkQueries.query52:gc.time                  avgt    5           1.000                     ms
[INFO] [stdout] BenchmarkQueries.query52:iTLB-load-misses         avgt             2501.464                   #/op
[INFO] [stdout] BenchmarkQueries.query52:iTLB-loads               avgt           184213.573                   #/op
[INFO] [stdout] BenchmarkQueries.query52:instructions             avgt       2172898744.274                   #/op
[INFO] [stdout] BenchmarkQueries.query52:stalled-cycles-frontend  avgt         97417703.629                   #/op
[INFO] [stdout] BenchmarkQueries.query55                          avgt    5          98.238 ±     1.093      ms/op
[INFO] [stdout] BenchmarkQueries.query55:CPI                      avgt                0.253              clks/insn
[INFO] [stdout] BenchmarkQueries.query55:IPC                      avgt                3.956              insns/clk
[INFO] [stdout] BenchmarkQueries.query55:L1-dcache-load-misses    avgt         10381676.505                   #/op
[INFO] [stdout] BenchmarkQueries.query55:L1-dcache-loads          avgt       1012718678.129                   #/op
[INFO] [stdout] BenchmarkQueries.query55:L1-icache-load-misses    avgt           454399.525                   #/op
[INFO] [stdout] BenchmarkQueries.query55:L1-icache-loads          avgt          5565683.330                   #/op
[INFO] [stdout] BenchmarkQueries.query55:branch-misses            avgt          4556933.626                   #/op
[INFO] [stdout] BenchmarkQueries.query55:branches                 avgt        478125958.546                   #/op
[INFO] [stdout] BenchmarkQueries.query55:cycles                   avgt        568066876.428                   #/op
[INFO] [stdout] BenchmarkQueries.query55:dTLB-load-misses         avgt            78534.416                   #/op
[INFO] [stdout] BenchmarkQueries.query55:dTLB-loads               avgt           660313.131                   #/op
[INFO] [stdout] BenchmarkQueries.query55:gc.alloc.rate            avgt    5         100.642 ±     1.157     MB/sec
[INFO] [stdout] BenchmarkQueries.query55:gc.alloc.rate.norm       avgt    5    10368336.291 ±  6258.480       B/op
[INFO] [stdout] BenchmarkQueries.query55:gc.count                 avgt    5           1.000                 counts
[INFO] [stdout] BenchmarkQueries.query55:gc.time                  avgt    5           1.000                     ms
[INFO] [stdout] BenchmarkQueries.query55:iTLB-load-misses         avgt             2862.960                   #/op
[INFO] [stdout] BenchmarkQueries.query55:iTLB-loads               avgt           203812.419                   #/op
[INFO] [stdout] BenchmarkQueries.query55:instructions             avgt       2247201353.166                   #/op
[INFO] [stdout] BenchmarkQueries.query55:stalled-cycles-frontend  avgt        106426783.510                   #/op
[INFO] [stdout] 
[INFO] [stdout] Benchmark result is saved to benchmarks/sweeps/20260720-targeted/tpcds-q21-followup/prospective-final/on-screen.json
[INFO] ------------------------------------------------------------------------
[INFO] BUILD SUCCESS
[INFO] ------------------------------------------------------------------------
[INFO] Total time:  01:09 min (Wall Clock)
[INFO] Finished at: 2026-07-20T03:43:50Z
[INFO] ------------------------------------------------------------------------
[INFO] Njord session closed
