WARNING: Using incubator modules: jdk.incubator.vector
WARNING: A terminally deprecated method in sun.misc.Unsafe has been called
WARNING: sun.misc.Unsafe::objectFieldOffset has been called by org.openjdk.jmh.util.Utils (file:/root/.m2/repository/org/openjdk/jmh/jmh-core/1.37/jmh-core-1.37.jar)
WARNING: Please consider reporting this to the maintainers of class org.openjdk.jmh.util.Utils
WARNING: sun.misc.Unsafe::objectFieldOffset will be removed in a future release
# JMH version: 1.37
# VM version: JDK 26.0.1, OpenJDK 64-Bit Server VM, 26.0.1+8
# VM invoker: /opt/java/openjdk/bin/java
# VM options: --enable-preview --add-modules=jdk.incubator.vector -Xmx12g --enable-preview --add-modules=jdk.incubator.vector -XX:+UseTransparentHugePages -Dnitro.tpcds.parquet.path=/root/data/tpcds-parquet-sf10 -Dnitro.tpcds.parquet.schema=sf10
# Blackhole mode: compiler (auto-detected, use -Djmh.blackhole.autoDetect=false to disable)
# Warmup: 3 iterations, 1 s each
# Measurement: 10 iterations, 1 s each
# Timeout: 30 min per iteration
# Threads: 1 thread, will synchronize iterations
# Benchmark mode: Average time, time/op
# Benchmark: org.weakref.nitro.tpcds.BenchmarkQueries.query82

# Run progress: 0.00% complete, ETA 00:00:13
# Fork: 1 of 1
# Preparing profilers: LinuxPerfNormProfiler 
# Profilers consume stderr from target VM, use -v EXTRA to copy to console
# Warmup Iteration   1: 2842.638 ms/op
# Warmup Iteration   2: 2405.984 ms/op
# Warmup Iteration   3: 2351.032 ms/op
Iteration   1: 2347.909 ms/op
Iteration   2: 2875.587 ms/op
Iteration   3: 2674.808 ms/op
Iteration   4: 2338.399 ms/op
Iteration   5: 2348.065 ms/op
Iteration   6: 2521.541 ms/op
Iteration   7: 2328.506 ms/op
Iteration   8: 2359.363 ms/op
Iteration   9: 2324.914 ms/op
Iteration  10: 2328.595 ms/op
# Processing profiler results: LinuxPerfNormProfiler 


Result "org.weakref.nitro.tpcds.BenchmarkQueries.query82":
  2444.769 ±(99.9%) 286.472 ms/op [Average]
  (min, avg, max) = (2324.914, 2444.769, 2875.587), stdev = 189.484
  CI (99.9%): [2158.296, 2731.241] (assumes normal distribution)

Secondary result "org.weakref.nitro.tpcds.BenchmarkQueries.query82:CPI":
  0.313 clks/insn

Secondary result "org.weakref.nitro.tpcds.BenchmarkQueries.query82:IPC":
  3.197 insns/clk

Secondary result "org.weakref.nitro.tpcds.BenchmarkQueries.query82:L1-dcache-load-misses":
  525816205.397 #/op

Secondary result "org.weakref.nitro.tpcds.BenchmarkQueries.query82:L1-dcache-loads":
  19860801289.930 #/op

Secondary result "org.weakref.nitro.tpcds.BenchmarkQueries.query82:L1-icache-load-misses":
  8250385.144 #/op

Secondary result "org.weakref.nitro.tpcds.BenchmarkQueries.query82:L1-icache-loads":
  126300054.299 #/op

Secondary result "org.weakref.nitro.tpcds.BenchmarkQueries.query82:branch-misses":
  107603921.170 #/op

Secondary result "org.weakref.nitro.tpcds.BenchmarkQueries.query82:branches":
  9159096203.809 #/op

Secondary result "org.weakref.nitro.tpcds.BenchmarkQueries.query82:cycles":
  13781391605.069 #/op

Secondary result "org.weakref.nitro.tpcds.BenchmarkQueries.query82:dTLB-load-misses":
  865190.712 #/op

Secondary result "org.weakref.nitro.tpcds.BenchmarkQueries.query82:dTLB-loads":
  5348099.476 #/op

Secondary result "org.weakref.nitro.tpcds.BenchmarkQueries.query82:iTLB-load-misses":
  21813.622 #/op

Secondary result "org.weakref.nitro.tpcds.BenchmarkQueries.query82:iTLB-loads":
  1440385.782 #/op

Secondary result "org.weakref.nitro.tpcds.BenchmarkQueries.query82:instructions":
  44060919402.628 #/op

Secondary result "org.weakref.nitro.tpcds.BenchmarkQueries.query82:stalled-cycles-frontend":
  3429744228.492 #/op


# Run complete. Total time: 00:00:32

REMEMBER: The numbers below are just data. To gain reusable insights, you need to follow up on
why the numbers are the way they are. Use profilers (see -prof, -lprof), design factorial
experiments, perform baseline and negative tests that provide experimental control, make sure
the benchmarking environment is safe on JVM/OS/HW level, ask for reviews from the domain experts.
Do not assume the numbers tell you what you want them to tell.

NOTE: Current JVM experimentally supports Compiler Blackholes, and they are in use. Please exercise
extra caution when trusting the results, look into the generated code to check the benchmark still
works, and factor in a small probability of new VM bugs. Additionally, while comparisons between
different JVMs are already problematic, the performance difference caused by different Blackhole
modes can be very significant. Please make sure you use the consistent Blackhole mode for comparisons.

Benchmark                                         Mode  Cnt            Score     Error      Units
BenchmarkQueries.query82                          avgt   10         2444.769 ± 286.472      ms/op
BenchmarkQueries.query82:CPI                      avgt                 0.313            clks/insn
BenchmarkQueries.query82:IPC                      avgt                 3.197            insns/clk
BenchmarkQueries.query82:L1-dcache-load-misses    avgt         525816205.397                 #/op
BenchmarkQueries.query82:L1-dcache-loads          avgt       19860801289.930                 #/op
BenchmarkQueries.query82:L1-icache-load-misses    avgt           8250385.144                 #/op
BenchmarkQueries.query82:L1-icache-loads          avgt         126300054.299                 #/op
BenchmarkQueries.query82:branch-misses            avgt         107603921.170                 #/op
BenchmarkQueries.query82:branches                 avgt        9159096203.809                 #/op
BenchmarkQueries.query82:cycles                   avgt       13781391605.069                 #/op
BenchmarkQueries.query82:dTLB-load-misses         avgt            865190.712                 #/op
BenchmarkQueries.query82:dTLB-loads               avgt           5348099.476                 #/op
BenchmarkQueries.query82:iTLB-load-misses         avgt             21813.622                 #/op
BenchmarkQueries.query82:iTLB-loads               avgt           1440385.782                 #/op
BenchmarkQueries.query82:instructions             avgt       44060919402.628                 #/op
BenchmarkQueries.query82:stalled-cycles-frontend  avgt        3429744228.492                 #/op

Benchmark result is saved to benchmarks/sweeps/20260715-full-counters/nitro-tpcds-q82-range-order-confirm.json
