Execution time: 1.84s
Result rows: 100
OperatorWall: Aggregation=256.5 CallbackSink=0.1 FilterProject=192.4 HashBuild=68.0 HashProbe=21.1 Limit=0.0 OrderBy=0.3 TableScan=1243.4
OperatorRows(in/out): Aggregation=19037216/1300349 CallbackSink=100/0 FilterProject=19989308/19040057 HashBuild=1494563/0 HashProbe=20188703/19882620 Limit=651/100 OrderBy=651/651 TableScan=20487415/20487415
ScanWall: 1243.4ms  ComputeWall: 538.4ms  (sum 1781.8ms)
PerNode:
  node=38 TableScan raw=28800991 in=5470761 out=5470761
  node=39 HashProbe raw=0 in=5470761 out=5470761
  node=41 FilterProject raw=0 in=5470761 out=5229990
  node=43 HashProbe raw=0 in=307976 out=190004
  node=44 HashProbe raw=0 in=190004 out=89554
  node=45 HashProbe raw=0 in=89554 out=42354
  node=46 HashProbe raw=0 in=42354 out=9043
  node=47 HashProbe raw=0 in=9043 out=1893
  node=48 FilterProject raw=0 in=1893 out=651
  node=49 HashProbe raw=0 in=651 out=651
  node=36 TableScan raw=73049 in=73049 out=73049
  node=37 FilterProject raw=0 in=73049 out=365
  node=2 TableScan raw=28800991 in=5504626 out=5504626
  node=3 HashProbe raw=0 in=5504626 out=5504626
  node=5 FilterProject raw=0 in=5504626 out=5260926
  node=0 TableScan raw=73049 in=73049 out=73049
  node=1 FilterProject raw=0 in=73049 out=365
  node=9 TableScan raw=14401261 in=2852599 out=2852599
  node=10 HashProbe raw=0 in=2852599 out=2852599
  node=12 FilterProject raw=0 in=2852599 out=2839216
  node=7 TableScan raw=73049 in=73049 out=73049
  node=8 FilterProject raw=0 in=73049 out=365
  node=16 TableScan raw=14401261 in=2849403 out=2849403
  node=17 HashProbe raw=0 in=2849403 out=2849403
  node=19 FilterProject raw=0 in=2849403 out=2836002
  node=14 TableScan raw=73049 in=73049 out=73049
  node=15 FilterProject raw=0 in=73049 out=365
  node=23 TableScan raw=7197566 in=1432886 out=1432886
  node=24 HashProbe raw=0 in=1432886 out=1432886
  node=26 FilterProject raw=0 in=1432886 out=1432569
  node=21 TableScan raw=73049 in=73049 out=73049
  node=22 FilterProject raw=0 in=73049 out=365
  node=30 TableScan raw=7197566 in=1438846 out=1438846
  node=31 HashProbe raw=0 in=1438846 out=1438846
  node=33 FilterProject raw=0 in=1438846 out=1438513
  node=28 TableScan raw=73049 in=73049 out=73049
  node=29 FilterProject raw=0 in=73049 out=365
  node=35 TableScan raw=500000 in=500000 out=500000
