Execution time: 960ms
Result rows: 10
OperatorWall: Aggregation=40.0 CallbackSink=0.1 FilterProject=378.4 HashBuild=11.1 HashProbe=0.6 TableScan=485.8 TopN=0.0 TopNRowNumber=0.9
OperatorRows(in/out): Aggregation=1111232/198484 CallbackSink=10/0 FilterProject=115702570/1512716 HashBuild=204012/0 HashProbe=198132/198132 TableScan=115407964/115407964 TopN=10/10 TopNRowNumber=101360/20
ScanWall: 485.8ms  ComputeWall: 431.0ms  (sum 916.9ms)
PerNode:
  node=25 TableScan raw=28800991 in=28800991 out=28800991
  node=27 FilterProject raw=0 in=28800991 out=542864
  node=30 FilterProject raw=0 in=99241 out=99051
  node=31 HashProbe raw=0 in=99051 out=99051
  node=32 FilterProject raw=0 in=99051 out=50680
  node=34 FilterProject raw=0 in=10 out=10
  node=36 HashProbe raw=0 in=10 out=10
  node=37 HashProbe raw=0 in=10 out=10
  node=38 HashProbe raw=0 in=10 out=10
  node=19 TableScan raw=28800991 in=28800991 out=28800991
  node=21 FilterProject raw=0 in=28800991 out=12752
  node=24 FilterProject raw=0 in=1 out=1
  node=6 TableScan raw=28800991 in=28800991 out=28800991
  node=8 FilterProject raw=0 in=28800991 out=542864
  node=11 FilterProject raw=0 in=99241 out=99051
  node=12 HashProbe raw=0 in=99051 out=99051
  node=13 FilterProject raw=0 in=99051 out=50680
  node=15 FilterProject raw=0 in=10 out=10
  node=0 TableScan raw=28800991 in=28800991 out=28800991
  node=2 FilterProject raw=0 in=28800991 out=12752
  node=5 FilterProject raw=0 in=1 out=1
  node=16 TableScan raw=102000 in=102000 out=102000
  node=17 TableScan raw=102000 in=102000 out=102000
  node=18 FilterProject raw=0 in=102000 out=102000
