[INFO] Processing build on daemon 1275ecdd
[INFO] Scanning for projects...
[INFO] Njord 0.9.4 session created
[INFO] BuildTimeEventSpy is registered.
[INFO] 
[INFO] Using the SmartBuilder implementation with a thread count of 7
[INFO] 
[INFO] -------------------------< org.weakref:nitro >--------------------------
[INFO] Building nitro 1-SNAPSHOT
[INFO]   from pom.xml
[INFO] --------------------------------[ jar ]---------------------------------
[WARNING] 2 problems were encountered while building the effective model for org.apache.yetus:audience-annotations:jar:0.5.0 during dependency collection step for project (use -X to see details)
[INFO] 
[INFO] --- exec:3.6.1:exec (benchmark) @ nitro ---
[WARNING] [stderr] WARNING: Using incubator modules: jdk.incubator.vector
[WARNING] [stderr] WARNING: A terminally deprecated method in sun.misc.Unsafe has been called
[WARNING] [stderr] WARNING: sun.misc.Unsafe::objectFieldOffset has been called by org.openjdk.jmh.util.Utils (file:/root/.m2/repository/org/openjdk/jmh/jmh-core/1.37/jmh-core-1.37.jar)
[WARNING] [stderr] WARNING: Please consider reporting this to the maintainers of class org.openjdk.jmh.util.Utils
[WARNING] [stderr] WARNING: sun.misc.Unsafe::objectFieldOffset will be removed in a future release
[INFO] [stdout] # JMH version: 1.37
[INFO] [stdout] # VM version: JDK 26.0.1, OpenJDK 64-Bit Server VM, 26.0.1+8
[INFO] [stdout] # VM invoker: /opt/java/openjdk/bin/java
[INFO] [stdout] # VM options: --enable-preview --add-modules=jdk.incubator.vector -Dnitro.clickbench.hits.path= -Dnitro.tpcds.parquet.path=/root/data/tpcds-parquet-sf10 -Dnitro.tpcds.parquet.schema=sf10 -Dnitro.join.flatDictionaryProbeCache=false -Xmx12g -XX:+UseTransparentHugePages
[INFO] [stdout] # Blackhole mode: compiler (auto-detected, use -Djmh.blackhole.autoDetect=false to disable)
[INFO] [stdout] # Warmup: 3 iterations, 1 s each
[INFO] [stdout] # Measurement: 3 iterations, 1 s each
[INFO] [stdout] # Timeout: 30 min per iteration
[INFO] [stdout] # Threads: 1 thread, will synchronize iterations
[INFO] [stdout] # Benchmark mode: Average time, time/op
[INFO] [stdout] # Benchmark: org.weakref.nitro.tpcds.BenchmarkQueries.query08
[INFO] [stdout] 
[INFO] [stdout] # Run progress: 0.00% complete, ETA 00:00:12
[INFO] [stdout] # Fork: 1 of 1
[INFO] [stdout] # Preparing profilers: LinuxPerfNormProfiler 
[INFO] [stdout] # Profilers consume stderr from target VM, use -v EXTRA to copy to console
[INFO] [stdout] # Warmup Iteration   1: 387.405 ms/op
[INFO] [stdout] # Warmup Iteration   2: 173.435 ms/op
[INFO] [stdout] # Warmup Iteration   3: 167.880 ms/op
[INFO] [stdout] Iteration   1: 166.495 ms/op
[INFO] [stdout]                  gc.alloc.rate:      391.254 MB/sec
[INFO] [stdout]                  gc.alloc.rate.norm: 68314477.714 B/op
[INFO] [stdout]                  gc.count:           1.000 counts
[INFO] [stdout]                  gc.time:            2.000 ms
[INFO] [stdout] 
[INFO] [stdout] Iteration   2: 166.205 ms/op
[INFO] [stdout]                  gc.alloc.rate:      391.393 MB/sec
[INFO] [stdout]                  gc.alloc.rate.norm: 68218718.857 B/op
[INFO] [stdout]                  gc.count:           1.000 counts
[INFO] [stdout]                  gc.time:            1.000 ms
[INFO] [stdout] 
[INFO] [stdout] Iteration   3: 164.830 ms/op
[INFO] [stdout]                  gc.alloc.rate:      394.552 MB/sec
[INFO] [stdout]                  gc.alloc.rate.norm: 68200337.143 B/op
[INFO] [stdout]                  gc.count:           1.000 counts
[INFO] [stdout]                  gc.time:            1.000 ms
[INFO] [stdout] 
[INFO] [stdout] # Processing profiler results: LinuxPerfNormProfiler 
[INFO] [stdout] 
[INFO] [stdout] 
[INFO] [stdout] Result "org.weakref.nitro.tpcds.BenchmarkQueries.query08":
[INFO] [stdout]   165.843 ±(99.9%) 16.230 ms/op [Average]
[INFO] [stdout]   (min, avg, max) = (164.830, 165.843, 166.495), stdev = 0.890
[INFO] [stdout]   CI (99.9%): [149.614, 182.073] (assumes normal distribution)
[INFO] [stdout] 
[INFO] [stdout] Secondary result "org.weakref.nitro.tpcds.BenchmarkQueries.query08:CPI":
[INFO] [stdout]   0.254 clks/insn
[INFO] [stdout] 
[INFO] [stdout] Secondary result "org.weakref.nitro.tpcds.BenchmarkQueries.query08:IPC":
[INFO] [stdout]   3.932 insns/clk
[INFO] [stdout] 
[INFO] [stdout] Secondary result "org.weakref.nitro.tpcds.BenchmarkQueries.query08:L1-dcache-load-misses":
[INFO] [stdout]   21923097.594 #/op
[INFO] [stdout] 
[INFO] [stdout] Secondary result "org.weakref.nitro.tpcds.BenchmarkQueries.query08:L1-dcache-loads":
[INFO] [stdout]   1719151550.597 #/op
[INFO] [stdout] 
[INFO] [stdout] Secondary result "org.weakref.nitro.tpcds.BenchmarkQueries.query08:branch-misses":
[INFO] [stdout]   8174811.698 #/op
[INFO] [stdout] 
[INFO] [stdout] Secondary result "org.weakref.nitro.tpcds.BenchmarkQueries.query08:branches":
[INFO] [stdout]   919529216.238 #/op
[INFO] [stdout] 
[INFO] [stdout] Secondary result "org.weakref.nitro.tpcds.BenchmarkQueries.query08:cycles":
[INFO] [stdout]   1073488185.927 #/op
[INFO] [stdout] 
[INFO] [stdout] Secondary result "org.weakref.nitro.tpcds.BenchmarkQueries.query08:dTLB-load-misses":
[INFO] [stdout]   81613.733 #/op
[INFO] [stdout] 
[INFO] [stdout] Secondary result "org.weakref.nitro.tpcds.BenchmarkQueries.query08:dTLB-loads":
[INFO] [stdout]   1649764.892 #/op
[INFO] [stdout] 
[INFO] [stdout] Secondary result "org.weakref.nitro.tpcds.BenchmarkQueries.query08:gc.alloc.rate":
[INFO] [stdout]   392.400 ±(99.9%) 34.034 MB/sec [Average]
[INFO] [stdout]   (min, avg, max) = (391.254, 392.400, 394.552), stdev = 1.866
[INFO] [stdout]   CI (99.9%): [358.366, 426.434] (assumes normal distribution)
[INFO] [stdout] 
[INFO] [stdout] Secondary result "org.weakref.nitro.tpcds.BenchmarkQueries.query08:gc.alloc.rate.norm":
[INFO] [stdout]   68244511.238 ±(99.9%) 1118081.647 B/op [Average]
[INFO] [stdout]   (min, avg, max) = (68200337.143, 68244511.238, 68314477.714), stdev = 61285.828
[INFO] [stdout]   CI (99.9%): [67126429.591, 69362592.885] (assumes normal distribution)
[INFO] [stdout] 
[INFO] [stdout] Secondary result "org.weakref.nitro.tpcds.BenchmarkQueries.query08:gc.count":
[INFO] [stdout]   3.000 ±(99.9%) 0.001 counts [Sum]
[INFO] [stdout]   (min, avg, max) = (1.000, 1.000, 1.000), stdev = 0.001
[INFO] [stdout]   CI (99.9%): [3.000, 3.000] (assumes normal distribution)
[INFO] [stdout] 
[INFO] [stdout] Secondary result "org.weakref.nitro.tpcds.BenchmarkQueries.query08:gc.time":
[INFO] [stdout]   4.000 ±(99.9%) 0.001 ms [Sum]
[INFO] [stdout]   (min, avg, max) = (1.000, 1.333, 2.000), stdev = 0.577
[INFO] [stdout]   CI (99.9%): [4.000, 4.000] (assumes normal distribution)
[INFO] [stdout] 
[INFO] [stdout] Secondary result "org.weakref.nitro.tpcds.BenchmarkQueries.query08:instructions":
[INFO] [stdout]   4221014869.299 #/op
[INFO] [stdout] 
[INFO] [stdout] 
[INFO] [stdout] # JMH version: 1.37
[INFO] [stdout] # VM version: JDK 26.0.1, OpenJDK 64-Bit Server VM, 26.0.1+8
[INFO] [stdout] # VM invoker: /opt/java/openjdk/bin/java
[INFO] [stdout] # VM options: --enable-preview --add-modules=jdk.incubator.vector -Dnitro.clickbench.hits.path= -Dnitro.tpcds.parquet.path=/root/data/tpcds-parquet-sf10 -Dnitro.tpcds.parquet.schema=sf10 -Dnitro.join.flatDictionaryProbeCache=false -Xmx12g -XX:+UseTransparentHugePages
[INFO] [stdout] # Blackhole mode: compiler (auto-detected, use -Djmh.blackhole.autoDetect=false to disable)
[INFO] [stdout] # Warmup: 3 iterations, 1 s each
[INFO] [stdout] # Measurement: 3 iterations, 1 s each
[INFO] [stdout] # Timeout: 30 min per iteration
[INFO] [stdout] # Threads: 1 thread, will synchronize iterations
[INFO] [stdout] # Benchmark mode: Average time, time/op
[INFO] [stdout] # Benchmark: org.weakref.nitro.tpcds.BenchmarkQueries.query70
[INFO] [stdout] 
[INFO] [stdout] # Run progress: 50.00% complete, ETA 00:00:06
[INFO] [stdout] # Fork: 1 of 1
[INFO] [stdout] # Preparing profilers: LinuxPerfNormProfiler 
[INFO] [stdout] # Profilers consume stderr from target VM, use -v EXTRA to copy to console
[INFO] [stdout] # Warmup Iteration   1: 1468.962 ms/op
[INFO] [stdout] # Warmup Iteration   2: 1003.543 ms/op
[INFO] [stdout] # Warmup Iteration   3: 852.887 ms/op
[INFO] [stdout] Iteration   1: 852.286 ms/op
[INFO] [stdout]                  gc.alloc.rate:      904.140 MB/sec
[INFO] [stdout]                  gc.alloc.rate.norm: 808092156.000 B/op
[INFO] [stdout]                  gc.count:           1.000 counts
[INFO] [stdout]                  gc.time:            73.000 ms
[INFO] [stdout] 
[INFO] [stdout] Iteration   2: 738.798 ms/op
[INFO] [stdout]                  gc.alloc.rate:      1049.953 MB/sec
[INFO] [stdout]                  gc.alloc.rate.norm: 813449296.000 B/op
[INFO] [stdout]                  gc.count:           ≈ 0 counts
[INFO] [stdout] 
[INFO] [stdout] Iteration   3: 741.456 ms/op
[INFO] [stdout]                  gc.alloc.rate:      1046.080 MB/sec
[INFO] [stdout]                  gc.alloc.rate.norm: 813376072.000 B/op
[INFO] [stdout]                  gc.count:           1.000 counts
[INFO] [stdout]                  gc.time:            5.000 ms
[INFO] [stdout] 
[INFO] [stdout] # Processing profiler results: LinuxPerfNormProfiler 
[INFO] [stdout] 
[INFO] [stdout] 
[INFO] [stdout] Result "org.weakref.nitro.tpcds.BenchmarkQueries.query70":
[INFO] [stdout]   777.514 ±(99.9%) 1181.621 ms/op [Average]
[INFO] [stdout]   (min, avg, max) = (738.798, 777.514, 852.286), stdev = 64.769
[INFO] [stdout]   CI (99.9%): [≈ 0, 1959.135] (assumes normal distribution)
[INFO] [stdout] 
[INFO] [stdout] Secondary result "org.weakref.nitro.tpcds.BenchmarkQueries.query70:CPI":
[INFO] [stdout]   0.233 clks/insn
[INFO] [stdout] 
[INFO] [stdout] Secondary result "org.weakref.nitro.tpcds.BenchmarkQueries.query70:IPC":
[INFO] [stdout]   4.287 insns/clk
[INFO] [stdout] 
[INFO] [stdout] Secondary result "org.weakref.nitro.tpcds.BenchmarkQueries.query70:L1-dcache-load-misses":
[INFO] [stdout]   131503042.634 #/op
[INFO] [stdout] 
[INFO] [stdout] Secondary result "org.weakref.nitro.tpcds.BenchmarkQueries.query70:L1-dcache-loads":
[INFO] [stdout]   8387383309.880 #/op
[INFO] [stdout] 
[INFO] [stdout] Secondary result "org.weakref.nitro.tpcds.BenchmarkQueries.query70:branch-misses":
[INFO] [stdout]   21020106.053 #/op
[INFO] [stdout] 
[INFO] [stdout] Secondary result "org.weakref.nitro.tpcds.BenchmarkQueries.query70:branches":
[INFO] [stdout]   3870443201.590 #/op
[INFO] [stdout] 
[INFO] [stdout] Secondary result "org.weakref.nitro.tpcds.BenchmarkQueries.query70:cycles":
[INFO] [stdout]   4514258172.880 #/op
[INFO] [stdout] 
[INFO] [stdout] Secondary result "org.weakref.nitro.tpcds.BenchmarkQueries.query70:dTLB-load-misses":
[INFO] [stdout]   349260.903 #/op
[INFO] [stdout] 
[INFO] [stdout] Secondary result "org.weakref.nitro.tpcds.BenchmarkQueries.query70:dTLB-loads":
[INFO] [stdout]   1988305.090 #/op
[INFO] [stdout] 
[INFO] [stdout] Secondary result "org.weakref.nitro.tpcds.BenchmarkQueries.query70:gc.alloc.rate":
[INFO] [stdout]   1000.058 ±(99.9%) 1515.859 MB/sec [Average]
[INFO] [stdout]   (min, avg, max) = (904.140, 1000.058, 1049.953), stdev = 83.089
[INFO] [stdout]   CI (99.9%): [≈ 0, 2515.916] (assumes normal distribution)
[INFO] [stdout] 
[INFO] [stdout] Secondary result "org.weakref.nitro.tpcds.BenchmarkQueries.query70:gc.alloc.rate.norm":
[INFO] [stdout]   811639174.667 ±(99.9%) 56045198.562 B/op [Average]
[INFO] [stdout]   (min, avg, max) = (808092156.000, 811639174.667, 813449296.000), stdev = 3072026.449
[INFO] [stdout]   CI (99.9%): [755593976.105, 867684373.229] (assumes normal distribution)
[INFO] [stdout] 
[INFO] [stdout] Secondary result "org.weakref.nitro.tpcds.BenchmarkQueries.query70:gc.count":
[INFO] [stdout]   2.000 ±(99.9%) 0.001 counts [Sum]
[INFO] [stdout]   (min, avg, max) = (≈ 0, 0.667, 1.000), stdev = 0.577
[INFO] [stdout]   CI (99.9%): [2.000, 2.000] (assumes normal distribution)
[INFO] [stdout] 
[INFO] [stdout] Secondary result "org.weakref.nitro.tpcds.BenchmarkQueries.query70:gc.time":
[INFO] [stdout]   78.000 ±(99.9%) 0.001 ms [Sum]
[INFO] [stdout]   (min, avg, max) = (≈ 0, 26.000, 73.000), stdev = 40.780
[INFO] [stdout]   CI (99.9%): [78.000, 78.000] (assumes normal distribution)
[INFO] [stdout] 
[INFO] [stdout] Secondary result "org.weakref.nitro.tpcds.BenchmarkQueries.query70:instructions":
[INFO] [stdout]   19351991959.066 #/op
[INFO] [stdout] 
[INFO] [stdout] 
[INFO] [stdout] # Run complete. Total time: 00:00:17
[INFO] [stdout] 
[INFO] [stdout] REMEMBER: The numbers below are just data. To gain reusable insights, you need to follow up on
[INFO] [stdout] why the numbers are the way they are. Use profilers (see -prof, -lprof), design factorial
[INFO] [stdout] experiments, perform baseline and negative tests that provide experimental control, make sure
[INFO] [stdout] the benchmarking environment is safe on JVM/OS/HW level, ask for reviews from the domain experts.
[INFO] [stdout] Do not assume the numbers tell you what you want them to tell.
[INFO] [stdout] 
[INFO] [stdout] NOTE: Current JVM experimentally supports Compiler Blackholes, and they are in use. Please exercise
[INFO] [stdout] extra caution when trusting the results, look into the generated code to check the benchmark still
[INFO] [stdout] works, and factor in a small probability of new VM bugs. Additionally, while comparisons between
[INFO] [stdout] different JVMs are already problematic, the performance difference caused by different Blackhole
[INFO] [stdout] modes can be very significant. Please make sure you use the consistent Blackhole mode for comparisons.
[INFO] [stdout] 
[INFO] [stdout] Benchmark                                       Mode  Cnt            Score          Error      Units
[INFO] [stdout] BenchmarkQueries.query08                        avgt    3          165.843 ±       16.230      ms/op
[INFO] [stdout] BenchmarkQueries.query08:CPI                    avgt                 0.254                 clks/insn
[INFO] [stdout] BenchmarkQueries.query08:IPC                    avgt                 3.932                 insns/clk
[INFO] [stdout] BenchmarkQueries.query08:L1-dcache-load-misses  avgt          21923097.594                      #/op
[INFO] [stdout] BenchmarkQueries.query08:L1-dcache-loads        avgt        1719151550.597                      #/op
[INFO] [stdout] BenchmarkQueries.query08:branch-misses          avgt           8174811.698                      #/op
[INFO] [stdout] BenchmarkQueries.query08:branches               avgt         919529216.238                      #/op
[INFO] [stdout] BenchmarkQueries.query08:cycles                 avgt        1073488185.927                      #/op
[INFO] [stdout] BenchmarkQueries.query08:dTLB-load-misses       avgt             81613.733                      #/op
[INFO] [stdout] BenchmarkQueries.query08:dTLB-loads             avgt           1649764.892                      #/op
[INFO] [stdout] BenchmarkQueries.query08:gc.alloc.rate          avgt    3          392.400 ±       34.034     MB/sec
[INFO] [stdout] BenchmarkQueries.query08:gc.alloc.rate.norm     avgt    3     68244511.238 ±  1118081.647       B/op
[INFO] [stdout] BenchmarkQueries.query08:gc.count               avgt    3            3.000                    counts
[INFO] [stdout] BenchmarkQueries.query08:gc.time                avgt    3            4.000                        ms
[INFO] [stdout] BenchmarkQueries.query08:instructions           avgt        4221014869.299                      #/op
[INFO] [stdout] BenchmarkQueries.query70                        avgt    3          777.514 ±     1181.621      ms/op
[INFO] [stdout] BenchmarkQueries.query70:CPI                    avgt                 0.233                 clks/insn
[INFO] [stdout] BenchmarkQueries.query70:IPC                    avgt                 4.287                 insns/clk
[INFO] [stdout] BenchmarkQueries.query70:L1-dcache-load-misses  avgt         131503042.634                      #/op
[INFO] [stdout] BenchmarkQueries.query70:L1-dcache-loads        avgt        8387383309.880                      #/op
[INFO] [stdout] BenchmarkQueries.query70:branch-misses          avgt          21020106.053                      #/op
[INFO] [stdout] BenchmarkQueries.query70:branches               avgt        3870443201.590                      #/op
[INFO] [stdout] BenchmarkQueries.query70:cycles                 avgt        4514258172.880                      #/op
[INFO] [stdout] BenchmarkQueries.query70:dTLB-load-misses       avgt            349260.903                      #/op
[INFO] [stdout] BenchmarkQueries.query70:dTLB-loads             avgt           1988305.090                      #/op
[INFO] [stdout] BenchmarkQueries.query70:gc.alloc.rate          avgt    3         1000.058 ±     1515.859     MB/sec
[INFO] [stdout] BenchmarkQueries.query70:gc.alloc.rate.norm     avgt    3    811639174.667 ± 56045198.562       B/op
[INFO] [stdout] BenchmarkQueries.query70:gc.count               avgt    3            2.000                    counts
[INFO] [stdout] BenchmarkQueries.query70:gc.time                avgt    3           78.000                        ms
[INFO] [stdout] BenchmarkQueries.query70:instructions           avgt       19351991959.066                      #/op
[INFO] [stdout] 
[INFO] [stdout] Benchmark result is saved to benchmarks/sweeps/20260721-targeted/tpcds-q70-flat-join-dictionary/cohort-off-reverse.json
[INFO] ------------------------------------------------------------------------
[INFO] BUILD SUCCESS
[INFO] ------------------------------------------------------------------------
[INFO] Total time:  18.546 s (Wall Clock)
[INFO] Finished at: 2026-07-21T20:37:51Z
[INFO] ------------------------------------------------------------------------
[INFO] Njord session closed
