[INFO] Processing build on daemon 070e10cf
[INFO] Scanning for projects...
[INFO] Njord 0.9.4 session created
[INFO] BuildTimeEventSpy is registered.
[INFO] 
[INFO] Using the SmartBuilder implementation with a thread count of 7
[INFO] 
[INFO] -------------------------< org.weakref:nitro >--------------------------
[INFO] Building nitro 1-SNAPSHOT
[INFO]   from pom.xml
[INFO] --------------------------------[ jar ]---------------------------------
[WARNING] 2 problems were encountered while building the effective model for org.apache.yetus:audience-annotations:jar:0.5.0 during dependency collection step for project (use -X to see details)
[INFO] 
[INFO] --- exec:3.6.1:exec (benchmark) @ nitro ---
[WARNING] [stderr] WARNING: Using incubator modules: jdk.incubator.vector
[WARNING] [stderr] WARNING: A terminally deprecated method in sun.misc.Unsafe has been called
[WARNING] [stderr] WARNING: sun.misc.Unsafe::objectFieldOffset has been called by org.openjdk.jmh.util.Utils (file:/root/.m2/repository/org/openjdk/jmh/jmh-core/1.37/jmh-core-1.37.jar)
[WARNING] [stderr] WARNING: Please consider reporting this to the maintainers of class org.openjdk.jmh.util.Utils
[WARNING] [stderr] WARNING: sun.misc.Unsafe::objectFieldOffset will be removed in a future release
[INFO] [stdout] # JMH version: 1.37
[INFO] [stdout] # VM version: JDK 26.0.1, OpenJDK 64-Bit Server VM, 26.0.1+8
[INFO] [stdout] # VM invoker: /opt/java/openjdk/bin/java
[INFO] [stdout] # VM options: --enable-preview --add-modules=jdk.incubator.vector -Dnitro.clickbench.hits.path= -Xmx12g -XX:+UseTransparentHugePages -Dnitro.tpcds.parquet.path=/root/data/tpcds-parquet-sf10 -Dnitro.tpcds.parquet.schema=sf10
[INFO] [stdout] # Blackhole mode: compiler (auto-detected, use -Djmh.blackhole.autoDetect=false to disable)
[INFO] [stdout] # Warmup: 10 iterations, 1 s each
[INFO] [stdout] # Measurement: 5 iterations, 1 s each
[INFO] [stdout] # Timeout: 30 min per iteration
[INFO] [stdout] # Threads: 1 thread, will synchronize iterations
[INFO] [stdout] # Benchmark mode: Average time, time/op
[INFO] [stdout] # Benchmark: org.weakref.nitro.tpcds.BenchmarkQueries.query39
[INFO] [stdout] 
[INFO] [stdout] # Run progress: 0.00% complete, ETA 00:00:45
[INFO] [stdout] # Fork: 1 of 3
[INFO] [stdout] # Preparing profilers: LinuxPerfNormProfiler 
[INFO] [stdout] # Profilers consume stderr from target VM, use -v EXTRA to copy to console
[INFO] [stdout] # Warmup Iteration   1: 1277.212 ms/op
[INFO] [stdout] # Warmup Iteration   2: 484.822 ms/op
[INFO] [stdout] # Warmup Iteration   3: 459.662 ms/op
[INFO] [stdout] # Warmup Iteration   4: 462.126 ms/op
[INFO] [stdout] # Warmup Iteration   5: 465.461 ms/op
[INFO] [stdout] # Warmup Iteration   6: 515.657 ms/op
[INFO] [stdout] # Warmup Iteration   7: 639.365 ms/op
[INFO] [stdout] # Warmup Iteration   8: 607.747 ms/op
[INFO] [stdout] # Warmup Iteration   9: 479.781 ms/op
[INFO] [stdout] # Warmup Iteration  10: 451.017 ms/op
[INFO] [stdout] Iteration   1: 556.126 ms/op
[INFO] [stdout]                  gc.alloc.rate:      324.349 MB/sec
[INFO] [stdout]                  gc.alloc.rate.norm: 189221836.000 B/op
[INFO] [stdout]                  gc.count:           1.000 counts
[INFO] [stdout]                  gc.time:            36.000 ms
[INFO] [stdout] 
[INFO] [stdout] Iteration   2: 451.547 ms/op
[INFO] [stdout]                  gc.alloc.rate:      399.591 MB/sec
[INFO] [stdout]                  gc.alloc.rate.norm: 189220677.333 B/op
[INFO] [stdout]                  gc.count:           ≈ 0 counts
[INFO] [stdout] 
[INFO] [stdout] Iteration   3: 453.875 ms/op
[INFO] [stdout]                  gc.alloc.rate:      397.548 MB/sec
[INFO] [stdout]                  gc.alloc.rate.norm: 189220613.333 B/op
[INFO] [stdout]                  gc.count:           ≈ 0 counts
[INFO] [stdout] 
[INFO] [stdout] Iteration   4: 527.726 ms/op
[INFO] [stdout]                  gc.alloc.rate:      341.910 MB/sec
[INFO] [stdout]                  gc.alloc.rate.norm: 189221872.000 B/op
[INFO] [stdout]                  gc.count:           ≈ 0 counts
[INFO] [stdout] 
[INFO] [stdout] Iteration   5: 654.470 ms/op
[INFO] [stdout]                  gc.alloc.rate:      275.700 MB/sec
[INFO] [stdout]                  gc.alloc.rate.norm: 189221572.000 B/op
[INFO] [stdout]                  gc.count:           ≈ 0 counts
[INFO] [stdout] 
[INFO] [stdout] # Processing profiler results: LinuxPerfNormProfiler 
[INFO] [stdout] 
[INFO] [stdout] # Run progress: 33.33% complete, ETA 00:00:39
[INFO] [stdout] # Fork: 2 of 3
[INFO] [stdout] # Preparing profilers: LinuxPerfNormProfiler 
[INFO] [stdout] # Profilers consume stderr from target VM, use -v EXTRA to copy to console
[INFO] [stdout] # Warmup Iteration   1: 1223.798 ms/op
[INFO] [stdout] # Warmup Iteration   2: 480.948 ms/op
[INFO] [stdout] # Warmup Iteration   3: 465.126 ms/op
[INFO] [stdout] # Warmup Iteration   4: 454.600 ms/op
[INFO] [stdout] # Warmup Iteration   5: 464.749 ms/op
[INFO] [stdout] # Warmup Iteration   6: 463.091 ms/op
[INFO] [stdout] # Warmup Iteration   7: 458.358 ms/op
[INFO] [stdout] # Warmup Iteration   8: 454.664 ms/op
[INFO] [stdout] # Warmup Iteration   9: 459.335 ms/op
[INFO] [stdout] # Warmup Iteration  10: 457.695 ms/op
[INFO] [stdout] Iteration   1: 454.220 ms/op
[INFO] [stdout]                  gc.alloc.rate:      394.858 MB/sec
[INFO] [stdout]                  gc.alloc.rate.norm: 188084973.333 B/op
[INFO] [stdout]                  gc.count:           4.000 counts
[INFO] [stdout]                  gc.time:            10.000 ms
[INFO] [stdout] 
[INFO] [stdout] Iteration   2: 459.138 ms/op
[INFO] [stdout]                  gc.alloc.rate:      390.620 MB/sec
[INFO] [stdout]                  gc.alloc.rate.norm: 188084581.333 B/op
[INFO] [stdout]                  gc.count:           5.000 counts
[INFO] [stdout]                  gc.time:            23.000 ms
[INFO] [stdout] 
[INFO] [stdout] Iteration   3: 457.122 ms/op
[INFO] [stdout]                  gc.alloc.rate:      392.339 MB/sec
[INFO] [stdout]                  gc.alloc.rate.norm: 188084400.000 B/op
[INFO] [stdout]                  gc.count:           3.000 counts
[INFO] [stdout]                  gc.time:            20.000 ms
[INFO] [stdout] 
[INFO] [stdout] Iteration   4: 459.700 ms/op
[INFO] [stdout]                  gc.alloc.rate:      390.148 MB/sec
[INFO] [stdout]                  gc.alloc.rate.norm: 188086997.333 B/op
[INFO] [stdout]                  gc.count:           6.000 counts
[INFO] [stdout]                  gc.time:            23.000 ms
[INFO] [stdout] 
[INFO] [stdout] Iteration   5: 550.077 ms/op
[INFO] [stdout]                  gc.alloc.rate:      326.057 MB/sec
[INFO] [stdout]                  gc.alloc.rate.norm: 188088416.000 B/op
[INFO] [stdout]                  gc.count:           1.000 counts
[INFO] [stdout]                  gc.time:            8.000 ms
[INFO] [stdout] 
[INFO] [stdout] # Processing profiler results: LinuxPerfNormProfiler 
[INFO] [stdout] 
[INFO] [stdout] # Run progress: 66.67% complete, ETA 00:00:20
[INFO] [stdout] # Fork: 3 of 3
[INFO] [stdout] # Preparing profilers: LinuxPerfNormProfiler 
[INFO] [stdout] # Profilers consume stderr from target VM, use -v EXTRA to copy to console
[INFO] [stdout] # Warmup Iteration   1: 1185.499 ms/op
[INFO] [stdout] # Warmup Iteration   2: 484.408 ms/op
[INFO] [stdout] # Warmup Iteration   3: 469.939 ms/op
[INFO] [stdout] # Warmup Iteration   4: 481.033 ms/op
[INFO] [stdout] # Warmup Iteration   5: 618.069 ms/op
[INFO] [stdout] # Warmup Iteration   6: 631.328 ms/op
[INFO] [stdout] # Warmup Iteration   7: 452.154 ms/op
[INFO] [stdout] # Warmup Iteration   8: 452.484 ms/op
[INFO] [stdout] # Warmup Iteration   9: 449.139 ms/op
[INFO] [stdout] # Warmup Iteration  10: 485.290 ms/op
[INFO] [stdout] Iteration   1: 451.054 ms/op
[INFO] [stdout]                  gc.alloc.rate:      397.629 MB/sec
[INFO] [stdout]                  gc.alloc.rate.norm: 188085850.667 B/op
[INFO] [stdout]                  gc.count:           ≈ 0 counts
[INFO] [stdout] 
[INFO] [stdout] Iteration   2: 448.698 ms/op
[INFO] [stdout]                  gc.alloc.rate:      399.716 MB/sec
[INFO] [stdout]                  gc.alloc.rate.norm: 188085797.333 B/op
[INFO] [stdout]                  gc.count:           ≈ 0 counts
[INFO] [stdout] 
[INFO] [stdout] Iteration   3: 554.128 ms/op
[INFO] [stdout]                  gc.alloc.rate:      323.662 MB/sec
[INFO] [stdout]                  gc.alloc.rate.norm: 188086960.000 B/op
[INFO] [stdout]                  gc.count:           ≈ 0 counts
[INFO] [stdout] 
[INFO] [stdout] Iteration   4: 687.624 ms/op
[INFO] [stdout]                  gc.alloc.rate:      260.830 MB/sec
[INFO] [stdout]                  gc.alloc.rate.norm: 188087120.000 B/op
[INFO] [stdout]                  gc.count:           1.000 counts
[INFO] [stdout]                  gc.time:            40.000 ms
[INFO] [stdout] 
[INFO] [stdout] Iteration   5: 451.885 ms/op
[INFO] [stdout]                  gc.alloc.rate:      396.908 MB/sec
[INFO] [stdout]                  gc.alloc.rate.norm: 188088552.000 B/op
[INFO] [stdout]                  gc.count:           ≈ 0 counts
[INFO] [stdout] 
[INFO] [stdout] # Processing profiler results: LinuxPerfNormProfiler 
[INFO] [stdout] 
[INFO] [stdout] 
[INFO] [stdout] Result "org.weakref.nitro.tpcds.BenchmarkQueries.query39":
[INFO] [stdout]   507.826 ±(99.9%) 84.055 ms/op [Average]
[INFO] [stdout]   (min, avg, max) = (448.698, 507.826, 687.624), stdev = 78.625
[INFO] [stdout]   CI (99.9%): [423.771, 591.881] (assumes normal distribution)
[INFO] [stdout] 
[INFO] [stdout] Secondary result "org.weakref.nitro.tpcds.BenchmarkQueries.query39:CPI":
[INFO] [stdout]   0.262 ±(99.9%) 0.024 clks/insn [Average]
[INFO] [stdout]   (min, avg, max) = (0.261, 0.262, 0.263), stdev = 0.001
[INFO] [stdout]   CI (99.9%): [0.238, 0.286] (assumes normal distribution)
[INFO] [stdout] 
[INFO] [stdout] Secondary result "org.weakref.nitro.tpcds.BenchmarkQueries.query39:IPC":
[INFO] [stdout]   3.817 ±(99.9%) 0.343 insns/clk [Average]
[INFO] [stdout]   (min, avg, max) = (3.795, 3.817, 3.828), stdev = 0.019
[INFO] [stdout]   CI (99.9%): [3.474, 4.160] (assumes normal distribution)
[INFO] [stdout] 
[INFO] [stdout] Secondary result "org.weakref.nitro.tpcds.BenchmarkQueries.query39:L1-dcache-load-misses":
[INFO] [stdout]   66222881.271 ±(99.9%) 41277768.230 #/op [Average]
[INFO] [stdout]   (min, avg, max) = (64069589.627, 66222881.271, 68580831.644), stdev = 2262573.762
[INFO] [stdout]   CI (99.9%): [24945113.040, 107500649.501] (assumes normal distribution)
[INFO] [stdout] 
[INFO] [stdout] Secondary result "org.weakref.nitro.tpcds.BenchmarkQueries.query39:L1-dcache-loads":
[INFO] [stdout]   4370827557.725 ±(99.9%) 1259895816.871 #/op [Average]
[INFO] [stdout]   (min, avg, max) = (4300115926.266, 4370827557.725, 4438106152.859), stdev = 69059141.051
[INFO] [stdout]   CI (99.9%): [3110931740.854, 5630723374.596] (assumes normal distribution)
[INFO] [stdout] 
[INFO] [stdout] Secondary result "org.weakref.nitro.tpcds.BenchmarkQueries.query39:branch-misses":
[INFO] [stdout]   5797482.574 ±(99.9%) 5784292.463 #/op [Average]
[INFO] [stdout]   (min, avg, max) = (5514416.507, 5797482.574, 6140087.936), stdev = 317056.588
[INFO] [stdout]   CI (99.9%): [13190.110, 11581775.037] (assumes normal distribution)
[INFO] [stdout] 
[INFO] [stdout] Secondary result "org.weakref.nitro.tpcds.BenchmarkQueries.query39:branches":
[INFO] [stdout]   2088165161.996 ±(99.9%) 769327352.499 #/op [Average]
[INFO] [stdout]   (min, avg, max) = (2044220682.273, 2088165161.996, 2128301176.205), stdev = 42169428.169
[INFO] [stdout]   CI (99.9%): [1318837809.498, 2857492514.495] (assumes normal distribution)
[INFO] [stdout] 
[INFO] [stdout] Secondary result "org.weakref.nitro.tpcds.BenchmarkQueries.query39:cycles":
[INFO] [stdout]   2747735488.767 ±(99.9%) 1212958574.625 #/op [Average]
[INFO] [stdout]   (min, avg, max) = (2683381755.084, 2747735488.767, 2816166772.981), stdev = 66486352.421
[INFO] [stdout]   CI (99.9%): [1534776914.143, 3960694063.392] (assumes normal distribution)
[INFO] [stdout] 
[INFO] [stdout] Secondary result "org.weakref.nitro.tpcds.BenchmarkQueries.query39:dTLB-load-misses":
[INFO] [stdout]   233404.252 ±(99.9%) 1633813.151 #/op [Average]
[INFO] [stdout]   (min, avg, max) = (130413.281, 233404.252, 292943.941), stdev = 89554.812
[INFO] [stdout]   CI (99.9%): [≈ 0, 1867217.403] (assumes normal distribution)
[INFO] [stdout] 
[INFO] [stdout] Secondary result "org.weakref.nitro.tpcds.BenchmarkQueries.query39:dTLB-loads":
[INFO] [stdout]   1019666.557 ±(99.9%) 6157692.872 #/op [Average]
[INFO] [stdout]   (min, avg, max) = (633002.918, 1019666.557, 1255316.487), stdev = 337523.925
[INFO] [stdout]   CI (99.9%): [≈ 0, 7177359.429] (assumes normal distribution)
[INFO] [stdout] 
[INFO] [stdout] Secondary result "org.weakref.nitro.tpcds.BenchmarkQueries.query39:gc.alloc.rate":
[INFO] [stdout]   360.791 ±(99.9%) 51.463 MB/sec [Average]
[INFO] [stdout]   (min, avg, max) = (260.830, 360.791, 399.716), stdev = 48.139
[INFO] [stdout]   CI (99.9%): [309.328, 412.254] (assumes normal distribution)
[INFO] [stdout] 
[INFO] [stdout] Secondary result "org.weakref.nitro.tpcds.BenchmarkQueries.query39:gc.alloc.rate.norm":
[INFO] [stdout]   188464681.244 ±(99.9%) 592045.738 B/op [Average]
[INFO] [stdout]   (min, avg, max) = (188084400.000, 188464681.244, 189221872.000), stdev = 553799.950
[INFO] [stdout]   CI (99.9%): [187872635.507, 189056726.982] (assumes normal distribution)
[INFO] [stdout] 
[INFO] [stdout] Secondary result "org.weakref.nitro.tpcds.BenchmarkQueries.query39:gc.count":
[INFO] [stdout]   21.000 ±(99.9%) 0.001 counts [Sum]
[INFO] [stdout]   (min, avg, max) = (≈ 0, 1.400, 6.000), stdev = 2.063
[INFO] [stdout]   CI (99.9%): [21.000, 21.000] (assumes normal distribution)
[INFO] [stdout] 
[INFO] [stdout] Secondary result "org.weakref.nitro.tpcds.BenchmarkQueries.query39:gc.time":
[INFO] [stdout]   160.000 ±(99.9%) 0.001 ms [Sum]
[INFO] [stdout]   (min, avg, max) = (≈ 0, 10.667, 40.000), stdev = 14.171
[INFO] [stdout]   CI (99.9%): [160.000, 160.000] (assumes normal distribution)
[INFO] [stdout] 
[INFO] [stdout] Secondary result "org.weakref.nitro.tpcds.BenchmarkQueries.query39:instructions":
[INFO] [stdout]   10487647985.608 ±(99.9%) 3817457723.061 #/op [Average]
[INFO] [stdout]   (min, avg, max) = (10270831906.583, 10487647985.608, 10688401611.275), stdev = 209247739.235
[INFO] [stdout]   CI (99.9%): [6670190262.548, 14305105708.669] (assumes normal distribution)
[INFO] [stdout] 
[INFO] [stdout] 
[INFO] [stdout] # Run complete. Total time: 00:01:01
[INFO] [stdout] 
[INFO] [stdout] REMEMBER: The numbers below are just data. To gain reusable insights, you need to follow up on
[INFO] [stdout] why the numbers are the way they are. Use profilers (see -prof, -lprof), design factorial
[INFO] [stdout] experiments, perform baseline and negative tests that provide experimental control, make sure
[INFO] [stdout] the benchmarking environment is safe on JVM/OS/HW level, ask for reviews from the domain experts.
[INFO] [stdout] Do not assume the numbers tell you what you want them to tell.
[INFO] [stdout] 
[INFO] [stdout] NOTE: Current JVM experimentally supports Compiler Blackholes, and they are in use. Please exercise
[INFO] [stdout] extra caution when trusting the results, look into the generated code to check the benchmark still
[INFO] [stdout] works, and factor in a small probability of new VM bugs. Additionally, while comparisons between
[INFO] [stdout] different JVMs are already problematic, the performance difference caused by different Blackhole
[INFO] [stdout] modes can be very significant. Please make sure you use the consistent Blackhole mode for comparisons.
[INFO] [stdout] 
[INFO] [stdout] Benchmark                                       Mode  Cnt            Score            Error      Units
[INFO] [stdout] BenchmarkQueries.query39                        avgt   15          507.826 ±         84.055      ms/op
[INFO] [stdout] BenchmarkQueries.query39:CPI                    avgt    3            0.262 ±          0.024  clks/insn
[INFO] [stdout] BenchmarkQueries.query39:IPC                    avgt    3            3.817 ±          0.343  insns/clk
[INFO] [stdout] BenchmarkQueries.query39:L1-dcache-load-misses  avgt    3     66222881.271 ±   41277768.230       #/op
[INFO] [stdout] BenchmarkQueries.query39:L1-dcache-loads        avgt    3   4370827557.725 ± 1259895816.871       #/op
[INFO] [stdout] BenchmarkQueries.query39:branch-misses          avgt    3      5797482.574 ±    5784292.463       #/op
[INFO] [stdout] BenchmarkQueries.query39:branches               avgt    3   2088165161.996 ±  769327352.499       #/op
[INFO] [stdout] BenchmarkQueries.query39:cycles                 avgt    3   2747735488.767 ± 1212958574.625       #/op
[INFO] [stdout] BenchmarkQueries.query39:dTLB-load-misses       avgt    3       233404.252 ±    1633813.151       #/op
[INFO] [stdout] BenchmarkQueries.query39:dTLB-loads             avgt    3      1019666.557 ±    6157692.872       #/op
[INFO] [stdout] BenchmarkQueries.query39:gc.alloc.rate          avgt   15          360.791 ±         51.463     MB/sec
[INFO] [stdout] BenchmarkQueries.query39:gc.alloc.rate.norm     avgt   15    188464681.244 ±     592045.738       B/op
[INFO] [stdout] BenchmarkQueries.query39:gc.count               avgt   15           21.000                      counts
[INFO] [stdout] BenchmarkQueries.query39:gc.time                avgt   15          160.000                          ms
[INFO] [stdout] BenchmarkQueries.query39:instructions           avgt    3  10487647985.608 ± 3817457723.061       #/op
[INFO] [stdout] 
[INFO] [stdout] Benchmark result is saved to /home/martin/src/nitro.opt/benchmarks/sweeps/20260724-explicit-grouping-codegen/parent-tpcds-q39-long-reverse-3fork.json
[INFO] ------------------------------------------------------------------------
[INFO] BUILD SUCCESS
[INFO] ------------------------------------------------------------------------
[INFO] Total time:  01:02 min (Wall Clock)
[INFO] Finished at: 2026-07-24T04:31:50Z
[INFO] ------------------------------------------------------------------------
[INFO] Njord session closed
Purged 2 log files (log available in /root/.mvnd/purge-2026-07-24.log)
