WARNING: Using incubator modules: jdk.incubator.vector
WARNING: A terminally deprecated method in sun.misc.Unsafe has been called
WARNING: sun.misc.Unsafe::objectFieldOffset has been called by org.openjdk.jmh.util.Utils (file:/root/.m2/repository/org/openjdk/jmh/jmh-core/1.37/jmh-core-1.37.jar)
WARNING: Please consider reporting this to the maintainers of class org.openjdk.jmh.util.Utils
WARNING: sun.misc.Unsafe::objectFieldOffset will be removed in a future release
# JMH version: 1.37
# VM version: JDK 26.0.1, OpenJDK 64-Bit Server VM, 26.0.1+8
# VM invoker: /opt/java/openjdk/bin/java
# VM options: --enable-preview --add-modules=jdk.incubator.vector -Dnitro.clickbench.hits.path=/root/data/clickbench -Xmx12g -XX:+UseTransparentHugePages -Dnitro.clickbench.hits.path=/root/data/clickbench -Dnitro.groupedAggregation.partialAccumulatorFusion=true
# Blackhole mode: compiler (auto-detected, use -Djmh.blackhole.autoDetect=false to disable)
# Warmup: 1 iterations, 1 s each
# Measurement: 2 iterations, 1 s each
# Timeout: 10 min per iteration
# Threads: 1 thread, will synchronize iterations
# Benchmark mode: Average time, time/op
# Benchmark: org.weakref.nitro.clickbench.BenchmarkQueries.query23

# Run progress: 0.00% complete, ETA 00:00:03
# Fork: 1 of 1
# Preparing profilers: LinuxPerfNormProfiler 
# Profilers consume stderr from target VM, use -v EXTRA to copy to console
# Warmup Iteration   1: 9736.637 ms/op
Iteration   1: 9432.084 ms/op
                 gc.alloc.rate:      39.485 MB/sec
                 gc.alloc.rate.norm: 390525672.000 B/op
                 gc.count:           16.000 counts
                 gc.time:            15.000 ms

Iteration   2: 9351.601 ms/op
                 gc.alloc.rate:      39.580 MB/sec
                 gc.alloc.rate.norm: 388120576.000 B/op
                 gc.count:           13.000 counts
                 gc.time:            13.000 ms

# Processing profiler results: LinuxPerfNormProfiler 


Result "org.weakref.nitro.clickbench.BenchmarkQueries.query23":
  9391.842 ms/op

Secondary result "org.weakref.nitro.clickbench.BenchmarkQueries.query23:CPI":
  0.358 clks/insn

Secondary result "org.weakref.nitro.clickbench.BenchmarkQueries.query23:IPC":
  2.796 insns/clk

Secondary result "org.weakref.nitro.clickbench.BenchmarkQueries.query23:L1-dcache-load-misses":
  1346532005.692 #/op

Secondary result "org.weakref.nitro.clickbench.BenchmarkQueries.query23:L1-dcache-loads":
  67388748921.633 #/op

Secondary result "org.weakref.nitro.clickbench.BenchmarkQueries.query23:branch-misses":
  548069587.516 #/op

Secondary result "org.weakref.nitro.clickbench.BenchmarkQueries.query23:branches":
  31378462637.661 #/op

Secondary result "org.weakref.nitro.clickbench.BenchmarkQueries.query23:cycles":
  52851501116.850 #/op

Secondary result "org.weakref.nitro.clickbench.BenchmarkQueries.query23:dTLB-load-misses":
  1705619.571 #/op

Secondary result "org.weakref.nitro.clickbench.BenchmarkQueries.query23:dTLB-loads":
  37101614.087 #/op

Secondary result "org.weakref.nitro.clickbench.BenchmarkQueries.query23:gc.alloc.rate":
  39.533 MB/sec

Secondary result "org.weakref.nitro.clickbench.BenchmarkQueries.query23:gc.alloc.rate.norm":
  389323124.000 B/op

Secondary result "org.weakref.nitro.clickbench.BenchmarkQueries.query23:gc.count":
  14.500 counts

Secondary result "org.weakref.nitro.clickbench.BenchmarkQueries.query23:gc.time":
  14.000 ms

Secondary result "org.weakref.nitro.clickbench.BenchmarkQueries.query23:instructions":
  147761901662.991 #/op


# Run complete. Total time: 00:00:28

REMEMBER: The numbers below are just data. To gain reusable insights, you need to follow up on
why the numbers are the way they are. Use profilers (see -prof, -lprof), design factorial
experiments, perform baseline and negative tests that provide experimental control, make sure
the benchmarking environment is safe on JVM/OS/HW level, ask for reviews from the domain experts.
Do not assume the numbers tell you what you want them to tell.

NOTE: Current JVM experimentally supports Compiler Blackholes, and they are in use. Please exercise
extra caution when trusting the results, look into the generated code to check the benchmark still
works, and factor in a small probability of new VM bugs. Additionally, while comparisons between
different JVMs are already problematic, the performance difference caused by different Blackhole
modes can be very significant. Please make sure you use the consistent Blackhole mode for comparisons.

Benchmark                                       Mode  Cnt             Score   Error      Units
BenchmarkQueries.query23                        avgt    2          9391.842              ms/op
BenchmarkQueries.query23:CPI                    avgt                  0.358          clks/insn
BenchmarkQueries.query23:IPC                    avgt                  2.796          insns/clk
BenchmarkQueries.query23:L1-dcache-load-misses  avgt         1346532005.692               #/op
BenchmarkQueries.query23:L1-dcache-loads        avgt        67388748921.633               #/op
BenchmarkQueries.query23:branch-misses          avgt          548069587.516               #/op
BenchmarkQueries.query23:branches               avgt        31378462637.661               #/op
BenchmarkQueries.query23:cycles                 avgt        52851501116.850               #/op
BenchmarkQueries.query23:dTLB-load-misses       avgt            1705619.571               #/op
BenchmarkQueries.query23:dTLB-loads             avgt           37101614.087               #/op
BenchmarkQueries.query23:gc.alloc.rate          avgt    2            39.533             MB/sec
BenchmarkQueries.query23:gc.alloc.rate.norm     avgt    2     389323124.000               B/op
BenchmarkQueries.query23:gc.count               avgt    2            29.000             counts
BenchmarkQueries.query23:gc.time                avgt    2            28.000                 ms
BenchmarkQueries.query23:instructions           avgt       147761901662.991               #/op

Benchmark result is saved to benchmarks/sweeps/20260719-targeted/clickbench-filtered-fused-grouping/q23-on-guard.json
