[INFO] Enabling strict checksum verification on all artifact downloads.
[INFO] Processing build on daemon 6054da04
[INFO] Scanning for projects...
[INFO] Loaded 0 groupId for remote repository maven-central
[INFO] Loaded 0 groupId for remote repository google-maven-central-copy
[INFO] Njord 0.9.9 session created
[INFO] BuildTimeEventSpy is registered.
[INFO] 
[INFO] Using the SmartBuilder implementation with a thread count of 7
[INFO] 
[INFO] ------------------------< io.trino:trino-tests >------------------------
[INFO] Building trino-tests 484-SNAPSHOT
[INFO]   from pom.xml
[INFO] --------------------------------[ jar ]---------------------------------
[INFO] Loaded 0 groupId for remote repository ossrh
[INFO] Loaded 0 groupId for remote repository repo.gradle.org
[INFO] Loaded 0 groupId for remote repository central.maven.org
[INFO] 
[INFO] --- enforcer:3.6.3:enforce (default) @ trino-tests ---
[INFO] Rule 0: org.apache.maven.enforcer.rules.dependency.BannedDependencies passed
[INFO] Rule 1: org.apache.maven.plugins.enforcer.RestrictImports passed
[INFO] Rule 2: org.apache.maven.plugins.enforcer.RestrictImports passed
[INFO] Rule 3: org.apache.maven.plugins.enforcer.RestrictImports passed
[INFO] Rule 4: org.apache.maven.plugins.enforcer.RestrictImports passed
[INFO] Rule 5: org.apache.maven.enforcer.rules.RequireProfileIdsExist passed
[INFO] Rule 6: org.codehaus.mojo.extraenforcer.model.RequirePropertyDiverges passed
[INFO] Rule 7: org.apache.maven.enforcer.rules.property.RequireProperty passed
[INFO] Rule 8: org.apache.maven.enforcer.rules.RequireJavaVendor passed
[INFO] Rule 9: org.apache.maven.enforcer.rules.BanDuplicatePomDependencyVersions passed
[INFO] Rule 10: org.apache.maven.enforcer.rules.dependency.RequireUpperBoundDeps passed
[INFO] Rule 11: org.apache.maven.enforcer.rules.version.RequireMavenVersion passed
[INFO] Rule 12: org.apache.maven.enforcer.rules.version.RequireJavaVersion passed
[INFO] Rule 13: org.codehaus.mojo.extraenforcer.dependencies.EnforceBytecodeVersion passed
[INFO] Rule 14: org.apache.maven.enforcer.rules.RequirePluginVersions passed
[INFO] 
[INFO] --- sortpom:4.0.0:verify (default) @ trino-tests ---
[INFO] Verifying file /root/notes/trino.nitro/testing/trino-tests/pom.xml
[INFO] 
[INFO] --- license:5.0.0:check (default) @ trino-tests ---
[INFO] Checking licenses...
[INFO] 
[INFO] --- airstyle:9:check (airstyle) @ trino-tests ---
[INFO] All 143 files are already formatted
[INFO] 
[INFO] --- checkstyle:3.6.0:check (checkstyle) @ trino-tests ---
[INFO] You have 0 Checkstyle violations.
[INFO] 
[INFO] --- git-commit-id:10.0.0:revision (default) @ trino-tests ---
[INFO] 
[INFO] --- build-helper:3.6.1:bsh-property (surefire-enable-preview) @ trino-tests ---
[INFO] 
[INFO] --- jacoco:0.8.15:prepare-agent (default) @ trino-tests ---
[INFO] Skipping JaCoCo execution because property jacoco.skip is set.
[INFO] 
[INFO] --- resources:3.5.0:resources (default-resources) @ trino-tests ---
[INFO] skip non existing resourceDirectory /root/notes/trino.nitro/testing/trino-tests/src/main/resources
[INFO] 
[INFO] --- compiler:3.15.0:compile (default-compile) @ trino-tests ---
[INFO] Nothing to compile - all classes are up to date.
[INFO] 
[INFO] --- resources:3.5.0:testResources (default-testResources) @ trino-tests ---
[INFO] Copying 266 resources from src/test/resources to target/test-classes
[INFO] 
[INFO] --- compiler:3.15.0:testCompile (default-testCompile) @ trino-tests ---
[INFO] Nothing to compile - all classes are up to date.
[INFO] 
[INFO] --- dependency:3.11.0:analyze-only (default) @ trino-tests ---
[INFO] No dependency problems found
[INFO] 
[INFO] --- dependency:3.11.0:analyze-duplicate (default) @ trino-tests ---
[INFO] No duplicate dependencies found in <dependencies/> or in <dependencyManagement/>
[INFO] 
[INFO] --- duplicate-finder:2.0.1:check (default) @ trino-tests ---
[INFO] Checking compile classpath
[INFO] Checking runtime classpath
[INFO] Checking test classpath
[INFO] 
[INFO] --- modernizer:3.4.0:modernizer (modernizer) @ trino-tests ---
[INFO] 
[INFO] --- modernizer:3.4.0:modernizer (modernizer-production-code) @ trino-tests ---
[INFO] 
[INFO] --- surefire:3.5.6:test (default-test) @ trino-tests ---
[INFO] Tests will run in random order. To reproduce ordering use flag -Dsurefire.runOrder.random.seed=4123257220927409
[INFO] Using auto detected provider org.apache.maven.surefire.junitplatform.JUnitPlatformProvider
[INFO] 
[INFO] -------------------------------------------------------
[INFO]  T E S T S
[INFO] -------------------------------------------------------
[WARNING] [stderr] WARNING: Using incubator modules: jdk.incubator.vector
[WARNING] [stderr] 2026-08-03T12:06:17.131-0600	INFO	ForkJoinPool-1-worker-1	io.airlift.log.Logging	Logging to stderr
[INFO] Running io.trino.tests.nitro.TestNitroClickBenchQueries
[WARNING] [stderr] 2026-08-03T12:06:18.011-0600	INFO	ForkJoinPool-1-worker-1	io.trino.simd.BlockEncodingSimdSupport	Detected SIMD Support for architecture=amd64, vectorBitWidth=512: SimdSupport[capabilities=[COMPRESS_BYTE, EXPAND_BYTE, COMPRESS_SHORT, EXPAND_SHORT, COMPRESS_INT, EXPAND_INT, COMPRESS_LONG, EXPAND_LONG]]
[WARNING] [stderr] WARNING: A restricted method in java.lang.System has been called
[WARNING] [stderr] WARNING: java.lang.System::loadLibrary has been called by com.aayushatharva.brotli4j.Brotli4jLoader in an unnamed module (file:/root/.m2/repository/remote-cache/com/aayushatharva/brotli4j/brotli4j/1.23.0/brotli4j-1.23.0.jar)
[WARNING] [stderr] WARNING: Use --enable-native-access=ALL-UNNAMED to avoid a warning for callers in this module
[WARNING] [stderr] WARNING: Restricted methods will be blocked in a future release unless native access is enabled
[WARNING] [stderr] 
[WARNING] [stderr] 2026-08-03T12:06:19.329-0600	INFO	ForkJoinPool-1-worker-1	io.trino.testing.DistributedQueryRunner	Created DistributedQueryRunner in 1.89s (unclosed instances = 1)
[WARNING] [stderr] 2026-08-03T12:06:26.190-0600	INFO	Notification Thread	io.airlift.stats.JmxGcMonitor	Major GC: application 0.00s, stopped 258.00ms: 12.15GB -> 5.39GB
[WARNING] [stderr] 2026-08-03T12:06:26.190-0600	INFO	Notification Thread	io.airlift.stats.JmxGcMonitor	Major GC: application 0.00s, stopped 258.00ms: 12.15GB -> 5.39GB
[WARNING] [stderr] 2026-08-03T12:06:27.922-0600	INFO	Notification Thread	io.airlift.stats.JmxGcMonitor	Major GC: application 1.43s, stopped 298.00ms: 12.04GB -> 7.10GB
[WARNING] [stderr] 2026-08-03T12:06:27.922-0600	INFO	Notification Thread	io.airlift.stats.JmxGcMonitor	Major GC: application 1.43s, stopped 298.00ms: 12.04GB -> 7.10GB
[WARNING] [stderr] 2026-08-03T12:06:38.266-0600	INFO	Notification Thread	io.airlift.stats.JmxGcMonitor	Major GC: application 10.04s, stopped 302.00ms: 12.16GB -> 6.23GB
[WARNING] [stderr] 2026-08-03T12:06:38.267-0600	INFO	Notification Thread	io.airlift.stats.JmxGcMonitor	Major GC: application 10.04s, stopped 302.00ms: 12.16GB -> 6.23GB
[WARNING] [stderr] 2026-08-03T12:06:42.304-0600	INFO	Notification Thread	io.airlift.stats.JmxGcMonitor	Major GC: application 3.75s, stopped 287.00ms: 12.15GB -> 6.26GB
[WARNING] [stderr] 2026-08-03T12:06:42.304-0600	INFO	Notification Thread	io.airlift.stats.JmxGcMonitor	Major GC: application 3.75s, stopped 287.00ms: 12.15GB -> 6.26GB
[WARNING] [stderr] 2026-08-03T12:06:52.593-0600	INFO	ForkJoinPool-1-worker-1	stdout	engine,suite,query,measurements,min_ms,p50_ms,p95_ms,mean_ms,cpu_p50_ms,cpu_mean_ms,cpu_over_wall,input_positions,nitro_source_drivers,native_sources
[WARNING] [stderr] 2026-08-03T12:06:53.916-0600	INFO	ForkJoinPool-1-worker-1	stdout	nitro,clickbench,q01,1,96.304,96.304,96.304,96.304,55.000,55.000,0.5711,99997497,165,165
[WARNING] [stderr] 2026-08-03T12:06:54.227-0600	INFO	ForkJoinPool-1-worker-1	stdout	nitro,clickbench,q02,1,132.279,132.279,132.279,132.279,109.000,109.000,0.8240,99997497,165,165
[WARNING] [stderr] 2026-08-03T12:06:54.755-0600	INFO	ForkJoinPool-1-worker-1	stdout	nitro,clickbench,q03,1,184.225,184.225,184.225,184.225,418.000,418.000,2.2690,99997497,165,165
[WARNING] [stderr] 2026-08-03T12:06:55.131-0600	INFO	ForkJoinPool-1-worker-1	stdout	nitro,clickbench,q04,1,153.093,153.093,153.093,153.093,290.000,290.000,1.8943,99997497,165,165
[WARNING] [stderr] 2026-08-03T12:06:57.331-0600	INFO	ForkJoinPool-1-worker-1	stdout	nitro,clickbench,q05,1,933.737,933.737,933.737,933.737,2975.000,2975.000,3.1861,99997497,165,165
[WARNING] [stderr] 2026-08-03T12:07:00.585-0600	INFO	ForkJoinPool-1-worker-1	stdout	nitro,clickbench,q06,1,1404.348,1404.348,1404.348,1404.348,5568.000,5568.000,3.9648,99997497,165,165
[WARNING] [stderr] 2026-08-03T12:07:01.146-0600	INFO	ForkJoinPool-1-worker-1	stdout	nitro,clickbench,q07,1,205.136,205.136,205.136,205.136,649.000,649.000,3.1637,99997497,165,165
[WARNING] [stderr] 2026-08-03T12:07:01.336-0600	INFO	ForkJoinPool-1-worker-1	stdout	nitro,clickbench,q08,1,84.260,84.260,84.260,84.260,73.000,73.000,0.8664,99997497,165,165
[WARNING] [stderr] 2026-08-03T12:07:04.847-0600	INFO	ForkJoinPool-1-worker-1	stdout	nitro,clickbench,q09,1,1666.103,1666.103,1666.103,1666.103,5081.000,5081.000,3.0496,99997497,165,165
[WARNING] [stderr] 2026-08-03T12:07:09.082-0600	INFO	ForkJoinPool-1-worker-1	stdout	nitro,clickbench,q10,1,1966.451,1966.451,1966.451,1966.451,5390.000,5390.000,2.7410,99997497,0,165
[WARNING] [stderr] 2026-08-03T12:07:09.976-0600	INFO	ForkJoinPool-1-worker-1	stdout	nitro,clickbench,q11,1,284.612,284.612,284.612,284.612,907.000,907.000,3.1868,99997497,165,165
[WARNING] [stderr] 2026-08-03T12:07:10.753-0600	INFO	ForkJoinPool-1-worker-1	stdout	nitro,clickbench,q12,1,373.754,373.754,373.754,373.754,1156.000,1156.000,3.0929,99997497,165,165
[WARNING] [stderr] 2026-08-03T12:07:12.902-0600	INFO	ForkJoinPool-1-worker-1	stdout	nitro,clickbench,q13,1,1041.572,1041.572,1041.572,1041.572,4783.000,4783.000,4.5921,99997497,165,165
[WARNING] [stderr] 2026-08-03T12:07:17.270-0600	INFO	ForkJoinPool-1-worker-1	stdout	nitro,clickbench,q14,1,2089.091,2089.091,2089.091,2089.091,7360.000,7360.000,3.5231,99997497,165,165
[WARNING] [stderr] 2026-08-03T12:07:19.486-0600	INFO	ForkJoinPool-1-worker-1	stdout	nitro,clickbench,q15,1,1159.044,1159.044,1159.044,1159.044,5220.000,5220.000,4.5037,99997497,165,165
[WARNING] [stderr] 2026-08-03T12:07:21.347-0600	INFO	Notification Thread	io.airlift.stats.JmxGcMonitor	Major GC: application 38.90s, stopped 137.00ms: 12.18GB -> 3.39GB
[WARNING] [stderr] 2026-08-03T12:07:21.347-0600	INFO	Notification Thread	io.airlift.stats.JmxGcMonitor	Major GC: application 38.90s, stopped 137.00ms: 12.18GB -> 3.39GB
[WARNING] [stderr] 2026-08-03T12:07:22.056-0600	INFO	ForkJoinPool-1-worker-1	stdout	nitro,clickbench,q16,1,1372.597,1372.597,1372.597,1372.597,3359.000,3359.000,2.4472,99997497,165,165
[WARNING] [stderr] 2026-08-03T12:07:27.431-0600	INFO	ForkJoinPool-1-worker-1	stdout	nitro,clickbench,q17,1,2635.026,2635.026,2635.026,2635.026,11190.000,11190.000,4.2466,99997497,165,165
[WARNING] [stderr] 2026-08-03T12:07:32.854-0600	INFO	ForkJoinPool-1-worker-1	stdout	nitro,clickbench,q18,1,2731.381,2731.381,2731.381,2731.381,11261.000,11261.000,4.1228,99997497,165,165
[WARNING] [stderr] 2026-08-03T12:07:44.234-0600	INFO	ForkJoinPool-1-worker-1	stdout	nitro,clickbench,q19,1,5522.710,5522.710,5522.710,5522.710,23930.000,23930.000,4.3330,99997497,165,165
[WARNING] [stderr] 2026-08-03T12:07:44.619-0600	INFO	ForkJoinPool-1-worker-1	stdout	nitro,clickbench,q20,1,80.690,80.690,80.690,80.690,171.000,171.000,2.1192,83919223,0,165
[WARNING] [stderr] 2026-08-03T12:07:48.448-0600	INFO	ForkJoinPool-1-worker-1	stdout	nitro,clickbench,q21,1,1692.184,1692.184,1692.184,1692.184,11363.000,11363.000,6.7150,99997497,165,165
[WARNING] [stderr] 2026-08-03T12:07:51.119-0600	INFO	ForkJoinPool-1-worker-1	stdout	nitro,clickbench,q22,1,1303.311,1303.311,1303.311,1303.311,7932.000,7932.000,6.0860,99997497,165,165
[WARNING] [stderr] 2026-08-03T12:07:55.312-0600	INFO	ForkJoinPool-1-worker-1	stdout	nitro,clickbench,q23,1,2026.746,2026.746,2026.746,2026.746,12095.000,12095.000,5.9677,99997497,0,165
[WARNING] [stderr] 2026-08-03T12:08:10.767-0600	INFO	ForkJoinPool-1-worker-1	stdout	nitro,clickbench,q24,1,7631.359,7631.359,7631.359,7631.359,30092.000,30092.000,3.9432,99997497,0,165
[WARNING] [stderr] 2026-08-03T12:08:11.748-0600	INFO	ForkJoinPool-1-worker-1	stdout	nitro,clickbench,q25,1,419.953,419.953,419.953,419.953,2250.000,2250.000,5.3577,99997497,0,165
[WARNING] [stderr] 2026-08-03T12:08:12.374-0600	INFO	ForkJoinPool-1-worker-1	stdout	nitro,clickbench,q26,1,289.475,289.475,289.475,289.475,1535.000,1535.000,5.3027,99997497,0,165
[WARNING] [stderr] 2026-08-03T12:08:13.178-0600	INFO	ForkJoinPool-1-worker-1	stdout	nitro,clickbench,q27,1,416.259,416.259,416.259,416.259,2250.000,2250.000,5.4053,99997497,0,165
[WARNING] [stderr] 2026-08-03T12:08:15.722-0600	INFO	ForkJoinPool-1-worker-1	stdout	nitro,clickbench,q28,1,1115.243,1115.243,1115.243,1115.243,7474.000,7474.000,6.7017,99997497,165,165
[WARNING] [stderr] 2026-08-03T12:08:22.332-0600	INFO	ForkJoinPool-1-worker-1	stdout	nitro,clickbench,q29,1,3187.123,3187.123,3187.123,3187.123,18601.000,18601.000,5.8363,99997497,165,165
[WARNING] [stderr] 2026-08-03T12:08:34.026-0600	INFO	ForkJoinPool-1-worker-1	stdout	nitro,clickbench,q30,1,5817.528,5817.528,5817.528,5817.528,41848.000,41848.000,7.1934,99997497,165,165
[WARNING] [stderr] 2026-08-03T12:08:36.060-0600	INFO	ForkJoinPool-1-worker-1	stdout	nitro,clickbench,q31,1,997.427,997.427,997.427,997.427,4316.000,4316.000,4.3271,99997497,0,165
[WARNING] [stderr] 2026-08-03T12:08:38.627-0600	INFO	ForkJoinPool-1-worker-1	stdout	nitro,clickbench,q32,1,1268.583,1268.583,1268.583,1268.583,4500.000,4500.000,3.5473,99997497,0,165
[WARNING] [stderr] 2026-08-03T12:08:43.260-0600	INFO	Notification Thread	io.airlift.stats.JmxGcMonitor	Major GC: application 1.36m, stopped 231.00ms: 12.19GB -> 7.46GB
[WARNING] [stderr] 2026-08-03T12:08:43.260-0600	INFO	Notification Thread	io.airlift.stats.JmxGcMonitor	Major GC: application 1.36m, stopped 231.00ms: 12.19GB -> 7.46GB
[WARNING] [stderr] 2026-08-03T12:08:52.109-0600	INFO	Notification Thread	io.airlift.stats.JmxGcMonitor	Major GC: application 8.61s, stopped 243.00ms: 12.19GB -> 7.44GB
[WARNING] [stderr] 2026-08-03T12:08:52.109-0600	INFO	Notification Thread	io.airlift.stats.JmxGcMonitor	Major GC: application 8.61s, stopped 243.00ms: 12.19GB -> 7.44GB
[WARNING] [stderr] 2026-08-03T12:08:56.303-0600	INFO	ForkJoinPool-1-worker-1	stdout	nitro,clickbench,q33,1,8864.904,8864.904,8864.904,8864.904,17951.000,17951.000,2.0250,99997497,0,165
[WARNING] [stderr] 2026-08-03T12:08:57.800-0600	INFO	Notification Thread	io.airlift.stats.JmxGcMonitor	Major GC: application 5.50s, stopped 192.00ms: 12.15GB -> 4.31GB
[WARNING] [stderr] 2026-08-03T12:08:57.800-0600	INFO	Notification Thread	io.airlift.stats.JmxGcMonitor	Major GC: application 5.50s, stopped 192.00ms: 12.15GB -> 4.31GB
[WARNING] [stderr] 2026-08-03T12:09:01.361-0600	INFO	Notification Thread	io.airlift.stats.JmxGcMonitor	Major GC: application 3.34s, stopped 225.00ms: 12.11GB -> 6.61GB
[WARNING] [stderr] 2026-08-03T12:09:01.361-0600	INFO	Notification Thread	io.airlift.stats.JmxGcMonitor	Major GC: application 3.34s, stopped 225.00ms: 12.11GB -> 6.61GB
[WARNING] [stderr] 2026-08-03T12:09:03.781-0600	INFO	Notification Thread	io.airlift.stats.JmxGcMonitor	Major GC: application 2.24s, stopped 184.00ms: 12.02GB -> 3.74GB
[WARNING] [stderr] 2026-08-03T12:09:03.782-0600	INFO	Notification Thread	io.airlift.stats.JmxGcMonitor	Major GC: application 2.24s, stopped 184.00ms: 12.02GB -> 3.74GB
[WARNING] [stderr] 2026-08-03T12:09:06.725-0600	INFO	ForkJoinPool-1-worker-1	stdout	nitro,clickbench,q34,1,4985.557,4985.557,4985.557,4985.557,23570.000,23570.000,4.7277,99997497,165,165
[WARNING] [stderr] 2026-08-03T12:09:08.908-0600	INFO	Notification Thread	io.airlift.stats.JmxGcMonitor	Major GC: application 4.94s, stopped 182.00ms: 12.03GB -> 3.73GB
[WARNING] [stderr] 2026-08-03T12:09:08.908-0600	INFO	Notification Thread	io.airlift.stats.JmxGcMonitor	Major GC: application 4.94s, stopped 182.00ms: 12.03GB -> 3.73GB
[WARNING] [stderr] 2026-08-03T12:09:14.009-0600	INFO	Notification Thread	io.airlift.stats.JmxGcMonitor	Major GC: application 4.92s, stopped 183.00ms: 12.14GB -> 3.79GB
[WARNING] [stderr] 2026-08-03T12:09:14.009-0600	INFO	Notification Thread	io.airlift.stats.JmxGcMonitor	Major GC: application 4.92s, stopped 183.00ms: 12.14GB -> 3.79GB
[WARNING] [stderr] 2026-08-03T12:09:17.576-0600	INFO	ForkJoinPool-1-worker-1	stdout	nitro,clickbench,q35,1,5287.638,5287.638,5287.638,5287.638,25920.000,25920.000,4.9020,99997497,165,165
[WARNING] [stderr] 2026-08-03T12:09:19.830-0600	INFO	ForkJoinPool-1-worker-1	stdout	nitro,clickbench,q36,1,1015.225,1015.225,1015.225,1015.225,5266.000,5266.000,5.1870,99997497,165,165
[WARNING] [stderr] 2026-08-03T12:09:20.081-0600	INFO	ForkJoinPool-1-worker-1	stdout	nitro,clickbench,q37,1,106.818,106.818,106.818,106.818,209.000,209.000,1.9566,1406798,0,165
[WARNING] [stderr] 2026-08-03T12:09:20.237-0600	INFO	ForkJoinPool-1-worker-1	stdout	nitro,clickbench,q38,1,81.473,81.473,81.473,81.473,123.000,123.000,1.5097,1406798,0,165
[WARNING] [stderr] 2026-08-03T12:09:20.407-0600	INFO	ForkJoinPool-1-worker-1	stdout	nitro,clickbench,q39,1,82.846,82.846,82.846,82.846,114.000,114.000,1.3760,1406798,0,165
[WARNING] [stderr] 2026-08-03T12:09:21.486-0600	INFO	ForkJoinPool-1-worker-1	stdout	nitro,clickbench,q40,1,284.282,284.282,284.282,284.282,480.000,480.000,1.6885,1406798,0,165
[WARNING] [stderr] 2026-08-03T12:09:21.637-0600	INFO	ForkJoinPool-1-worker-1	stdout	nitro,clickbench,q41,1,66.762,66.762,66.762,66.762,60.000,60.000,0.8987,1406798,0,165
[WARNING] [stderr] 2026-08-03T12:09:21.911-0600	INFO	ForkJoinPool-1-worker-1	stdout	nitro,clickbench,q42,1,137.025,137.025,137.025,137.025,197.000,197.000,1.4377,1406798,0,165
[WARNING] [stderr] 2026-08-03T12:09:22.122-0600	INFO	ForkJoinPool-1-worker-1	stdout	nitro,clickbench,q43,1,75.887,75.887,75.887,75.887,105.000,105.000,1.3836,1406798,165,165
[INFO] Tests run: 1, Failures: 0, Errors: 0, Skipped: 0, Time elapsed: 185.0 s -- in io.trino.tests.nitro.TestNitroClickBenchQueries
[WARNING] [stderr] 2026-08-03T12:09:22.150-0600	INFO	main	io.trino.testing.containers.junit.ReportLeakedContainers	DockerClientFactory not initialized, so there should be no leaked containers, skipping the check
[INFO] 
[INFO] Results:
[INFO] 
[INFO] Tests run: 1, Failures: 0, Errors: 0, Skipped: 0
[INFO] 
[INFO] ------------------------------------------------------------------------
[INFO] BUILD SUCCESS
[INFO] ------------------------------------------------------------------------
[INFO] Total time:  03:13 min (Wall Clock)
[INFO] Finished at: 2026-08-03T18:09:22Z
[INFO] ------------------------------------------------------------------------
[INFO] Njord session closed
