[INFO] Enabling strict checksum verification on all artifact downloads.
[INFO] Processing build on daemon 53a91b7e
[INFO] Scanning for projects...
[INFO] Loaded 0 groupId for remote repository maven-central
[INFO] Loaded 0 groupId for remote repository google-maven-central-copy
[INFO] Njord 0.9.9 session created
[INFO] BuildTimeEventSpy is registered.
[INFO] 
[INFO] Using the SmartBuilder implementation with a thread count of 7
[INFO] 
[INFO] ------------------------< io.trino:trino-tests >------------------------
[INFO] Building trino-tests 484-SNAPSHOT
[INFO]   from pom.xml
[INFO] --------------------------------[ jar ]---------------------------------
[INFO] Loaded 0 groupId for remote repository ossrh
[INFO] Loaded 0 groupId for remote repository repo.gradle.org
[INFO] Loaded 0 groupId for remote repository central.maven.org
[INFO] 
[INFO] --- enforcer:3.6.3:enforce (default) @ trino-tests ---
[INFO] Rule 0: org.apache.maven.enforcer.rules.dependency.BannedDependencies passed
[INFO] Rule 1: org.apache.maven.plugins.enforcer.RestrictImports passed
[INFO] Rule 2: org.apache.maven.plugins.enforcer.RestrictImports passed
[INFO] Rule 3: org.apache.maven.plugins.enforcer.RestrictImports passed
[INFO] Rule 4: org.apache.maven.plugins.enforcer.RestrictImports passed
[INFO] Rule 5: org.apache.maven.enforcer.rules.RequireProfileIdsExist passed
[INFO] Rule 6: org.codehaus.mojo.extraenforcer.model.RequirePropertyDiverges passed
[INFO] Rule 7: org.apache.maven.enforcer.rules.property.RequireProperty passed
[INFO] Rule 8: org.apache.maven.enforcer.rules.RequireJavaVendor passed
[INFO] Rule 9: org.apache.maven.enforcer.rules.BanDuplicatePomDependencyVersions passed
[INFO] Rule 10: org.apache.maven.enforcer.rules.dependency.RequireUpperBoundDeps passed
[INFO] Rule 11: org.apache.maven.enforcer.rules.version.RequireMavenVersion passed
[INFO] Rule 12: org.apache.maven.enforcer.rules.version.RequireJavaVersion passed
[INFO] Rule 13: org.codehaus.mojo.extraenforcer.dependencies.EnforceBytecodeVersion passed
[INFO] Rule 14: org.apache.maven.enforcer.rules.RequirePluginVersions passed
[INFO] 
[INFO] --- sortpom:4.0.0:verify (default) @ trino-tests ---
[INFO] Verifying file /root/notes/trino.nitro/testing/trino-tests/pom.xml
[INFO] 
[INFO] --- license:5.0.0:check (default) @ trino-tests ---
[INFO] Checking licenses...
[INFO] 
[INFO] --- airstyle:9:check (airstyle) @ trino-tests ---
[INFO] All 143 files are already formatted
[INFO] 
[INFO] --- checkstyle:3.6.0:check (checkstyle) @ trino-tests ---
[INFO] You have 0 Checkstyle violations.
[INFO] 
[INFO] --- git-commit-id:10.0.0:revision (default) @ trino-tests ---
[INFO] 
[INFO] --- build-helper:3.6.1:bsh-property (surefire-enable-preview) @ trino-tests ---
[INFO] 
[INFO] --- jacoco:0.8.15:prepare-agent (default) @ trino-tests ---
[INFO] Skipping JaCoCo execution because property jacoco.skip is set.
[INFO] 
[INFO] --- resources:3.5.0:resources (default-resources) @ trino-tests ---
[INFO] skip non existing resourceDirectory /root/notes/trino.nitro/testing/trino-tests/src/main/resources
[INFO] 
[INFO] --- compiler:3.15.0:compile (default-compile) @ trino-tests ---
[INFO] Nothing to compile - all classes are up to date.
[INFO] 
[INFO] --- resources:3.5.0:testResources (default-testResources) @ trino-tests ---
[INFO] Copying 266 resources from src/test/resources to target/test-classes
[INFO] 
[INFO] --- compiler:3.15.0:testCompile (default-testCompile) @ trino-tests ---
[INFO] Nothing to compile - all classes are up to date.
[INFO] 
[INFO] --- dependency:3.11.0:analyze-only (default) @ trino-tests ---
[INFO] No dependency problems found
[INFO] 
[INFO] --- dependency:3.11.0:analyze-duplicate (default) @ trino-tests ---
[INFO] No duplicate dependencies found in <dependencies/> or in <dependencyManagement/>
[INFO] 
[INFO] --- duplicate-finder:2.0.1:check (default) @ trino-tests ---
[INFO] Checking compile classpath
[INFO] Checking runtime classpath
[INFO] Checking test classpath
[INFO] 
[INFO] --- modernizer:3.4.0:modernizer (modernizer) @ trino-tests ---
[INFO] 
[INFO] --- modernizer:3.4.0:modernizer (modernizer-production-code) @ trino-tests ---
[INFO] 
[INFO] --- surefire:3.5.6:test (default-test) @ trino-tests ---
[INFO] Tests will run in random order. To reproduce ordering use flag -Dsurefire.runOrder.random.seed=4122682169561648
[INFO] Using auto detected provider org.apache.maven.surefire.junitplatform.JUnitPlatformProvider
[INFO] 
[INFO] -------------------------------------------------------
[INFO]  T E S T S
[INFO] -------------------------------------------------------
[WARNING] [stderr] WARNING: Using incubator modules: jdk.incubator.vector
[WARNING] [stderr] 2026-08-03T11:56:42.084-0600	INFO	ForkJoinPool-1-worker-1	io.airlift.log.Logging	Logging to stderr
[INFO] Running io.trino.tests.nitro.TestNitroParquetCountPerformance
[WARNING] [stderr] 2026-08-03T11:56:42.971-0600	INFO	ForkJoinPool-1-worker-1	io.trino.simd.BlockEncodingSimdSupport	Detected SIMD Support for architecture=amd64, vectorBitWidth=512: SimdSupport[capabilities=[COMPRESS_BYTE, EXPAND_BYTE, COMPRESS_SHORT, EXPAND_SHORT, COMPRESS_INT, EXPAND_INT, COMPRESS_LONG, EXPAND_LONG]]
[WARNING] [stderr] WARNING: A restricted method in java.lang.System has been called
[WARNING] [stderr] WARNING: java.lang.System::loadLibrary has been called by com.aayushatharva.brotli4j.Brotli4jLoader in an unnamed module (file:/root/.m2/repository/remote-cache/com/aayushatharva/brotli4j/brotli4j/1.23.0/brotli4j-1.23.0.jar)
[WARNING] [stderr] WARNING: Use --enable-native-access=ALL-UNNAMED to avoid a warning for callers in this module
[WARNING] [stderr] WARNING: Restricted methods will be blocked in a future release unless native access is enabled
[WARNING] [stderr] 
[WARNING] [stderr] 2026-08-03T11:56:44.293-0600	INFO	ForkJoinPool-1-worker-1	io.trino.testing.DistributedQueryRunner	Created DistributedQueryRunner in 1.90s (unclosed instances = 1)
[WARNING] [stderr] 2026-08-03T11:56:52.197-0600	INFO	ForkJoinPool-1-worker-1	stdout	engine,suite,query,measurements,min_ms,p50_ms,p95_ms,mean_ms,cpu_p50_ms,cpu_mean_ms,cpu_over_wall,input_mib,input_positions,nitro_source_drivers,native_sources
[WARNING] [stderr] 2026-08-03T11:56:55.413-0600	INFO	ForkJoinPool-1-worker-1	stdout	nitro,tpch-parquet-sf10,q01,1,544.169,544.169,544.169,544.169,2156.000,2156.000,3.9620,538.775,59986052,19,19
[WARNING] [stderr] 2026-08-03T11:56:56.579-0600	INFO	ForkJoinPool-1-worker-1	stdout	nitro,tpch-parquet-sf10,q02,1,409.782,409.782,409.782,409.782,754.000,754.000,1.8400,137.353,18200060,0,21
[WARNING] [stderr] 2026-08-03T11:56:58.804-0600	INFO	ForkJoinPool-1-worker-1	stdout	nitro,tpch-parquet-sf10,q03,1,815.535,815.535,815.535,815.535,3163.000,3163.000,3.8784,698.434,76486052,0,28
[WARNING] [stderr] 2026-08-03T11:57:00.490-0600	INFO	ForkJoinPool-1-worker-1	stdout	nitro,tpch-parquet-sf10,q04,1,635.120,635.120,635.120,635.120,2255.000,2255.000,3.5505,354.793,74986052,19,25
[WARNING] [stderr] 2026-08-03T11:57:01.798-0600	INFO	ForkJoinPool-1-worker-1	stdout	nitro,tpch-parquet-sf10,q05,1,600.488,600.488,600.488,600.488,2003.000,2003.000,3.3356,742.208,76586082,0,31
[WARNING] [stderr] 2026-08-03T11:57:02.228-0600	INFO	ForkJoinPool-1-worker-1	stdout	nitro,tpch-parquet-sf10,q06,1,189.443,189.443,189.443,189.443,780.000,780.000,4.1173,487.245,59986052,19,19
[WARNING] [stderr] 2026-08-03T11:57:03.446-0600	INFO	ForkJoinPool-1-worker-1	stdout	nitro,tpch-parquet-sf10,q07,1,529.194,529.194,529.194,529.194,1719.000,1719.000,3.2483,806.798,76586102,0,31
[WARNING] [stderr] 2026-08-03T11:57:05.080-0600	INFO	ForkJoinPool-1-worker-1	stdout	nitro,tpch-parquet-sf10,q08,1,716.748,716.748,716.748,716.748,2547.000,2547.000,3.5535,1036.205,78586107,0,35
[WARNING] [stderr] 2026-08-03T11:57:07.782-0600	INFO	ForkJoinPool-1-worker-1	stdout	nitro,tpch-parquet-sf10,q09,1,1132.791,1132.791,1132.791,1132.791,5275.000,5275.000,4.6566,1084.016,85086077,0,36
[WARNING] [stderr] 2026-08-03T11:57:09.672-0600	INFO	ForkJoinPool-1-worker-1	stdout	nitro,tpch-parquet-sf10,q10,1,880.524,880.524,880.524,880.524,2501.000,2501.000,2.8404,737.678,76486077,0,29
[WARNING] [stderr] 2026-08-03T11:57:10.017-0600	INFO	ForkJoinPool-1-worker-1	stdout	nitro,tpch-parquet-sf10,q11,1,103.972,103.972,103.972,103.972,225.000,225.000,2.1640,129.923,16200050,0,16
[WARNING] [stderr] 2026-08-03T11:57:10.773-0600	INFO	ForkJoinPool-1-worker-1	stdout	nitro,tpch-parquet-sf10,q12,1,359.119,359.119,359.119,359.119,1075.000,1075.000,2.9934,440.986,74986052,0,25
[WARNING] [stderr] 2026-08-03T11:57:12.609-0600	INFO	ForkJoinPool-1-worker-1	stdout	nitro,tpch-parquet-sf10,q13,1,817.352,817.352,817.352,817.352,3222.000,3222.000,3.9420,414.834,16500000,0,9
[WARNING] [stderr] 2026-08-03T11:57:13.322-0600	INFO	ForkJoinPool-1-worker-1	stdout	nitro,tpch-parquet-sf10,q14,1,383.482,383.482,383.482,383.482,1229.000,1229.000,3.2048,738.180,61986052,0,22
[WARNING] [stderr] 2026-08-03T11:57:13.917-0600	INFO	ForkJoinPool-1-worker-1	stdout	nitro,tpch-parquet-sf10,q15,1,279.470,279.470,279.470,279.470,1421.000,1421.000,5.0846,1151.292,120072104,38,39
[WARNING] [stderr] 2026-08-03T11:57:14.823-0600	INFO	ForkJoinPool-1-worker-1	stdout	nitro,tpch-parquet-sf10,q16,1,341.552,341.552,341.552,341.552,781.000,781.000,2.2866,55.183,10100000,0,10
[WARNING] [stderr] 2026-08-03T11:57:16.082-0600	INFO	ForkJoinPool-1-worker-1	stdout	nitro,tpch-parquet-sf10,q17,1,623.599,623.599,623.599,623.599,2985.000,2985.000,4.7867,994.566,121972104,19,41
[WARNING] [stderr] 2026-08-03T11:57:18.297-0600	INFO	ForkJoinPool-1-worker-1	stdout	nitro,tpch-parquet-sf10,q18,1,1065.425,1065.425,1065.425,1065.425,4910.000,4910.000,4.6085,529.482,136472104,38,47
[WARNING] [stderr] 2026-08-03T11:57:19.343-0600	INFO	ForkJoinPool-1-worker-1	stdout	nitro,tpch-parquet-sf10,q19,1,369.956,369.956,369.956,369.956,1447.000,1447.000,3.9113,733.310,61986052,0,22
[WARNING] [stderr] 2026-08-03T11:57:20.098-0600	INFO	ForkJoinPool-1-worker-1	stdout	nitro,tpch-parquet-sf10,q20,1,312.736,312.736,312.736,312.736,941.000,941.000,3.0089,633.259,70086077,19,30
[WARNING] [stderr] 2026-08-03T11:57:21.447-0600	INFO	Notification Thread	io.airlift.stats.JmxGcMonitor	Major GC: application 0.00s, stopped 149.00ms: 12.22GB -> 4.16GB
[WARNING] [stderr] 2026-08-03T11:57:21.447-0600	INFO	Notification Thread	io.airlift.stats.JmxGcMonitor	Major GC: application 0.00s, stopped 149.00ms: 12.22GB -> 4.16GB
[WARNING] [stderr] 2026-08-03T11:57:24.876-0600	INFO	ForkJoinPool-1-worker-1	stdout	nitro,tpch-parquet-sf10,q21,1,1954.760,1954.760,1954.760,1954.760,7476.000,7476.000,3.8245,1089.021,195058181,19,65
[WARNING] [stderr] 2026-08-03T11:57:25.484-0600	INFO	ForkJoinPool-1-worker-1	stdout	nitro,tpch-parquet-sf10,q22,1,264.550,264.550,264.550,264.550,881.000,881.000,3.3302,126.070,18000000,9,12
[INFO] Tests run: 1, Failures: 0, Errors: 0, Skipped: 0, Time elapsed: 43.41 s -- in io.trino.tests.nitro.TestNitroParquetCountPerformance
[WARNING] [stderr] 2026-08-03T11:57:25.515-0600	INFO	main	io.trino.testing.containers.junit.ReportLeakedContainers	DockerClientFactory not initialized, so there should be no leaked containers, skipping the check
[INFO] 
[INFO] Results:
[INFO] 
[INFO] Tests run: 1, Failures: 0, Errors: 0, Skipped: 0
[INFO] 
[INFO] ------------------------------------------------------------------------
[INFO] BUILD SUCCESS
[INFO] ------------------------------------------------------------------------
[INFO] Total time:  52.280 s (Wall Clock)
[INFO] Finished at: 2026-08-03T17:57:25Z
[INFO] ------------------------------------------------------------------------
[INFO] Njord session closed
Purged 8 log files (log available in /root/.mvnd/purge-2026-08-03.log)
