[INFO] Processing build on daemon e06133f0
[INFO] Scanning for projects...
[INFO] Njord 0.9.4 session created
[INFO] BuildTimeEventSpy is registered.
[INFO] 
[INFO] Using the SmartBuilder implementation with a thread count of 7
[INFO] 
[INFO] -------------------------< org.weakref:nitro >--------------------------
[INFO] Building nitro 1-SNAPSHOT
[INFO]   from pom.xml
[INFO] --------------------------------[ jar ]---------------------------------
[WARNING] 2 problems were encountered while building the effective model for org.apache.yetus:audience-annotations:jar:0.5.0 during dependency collection step for project (use -X to see details)
[INFO] 
[INFO] --- exec:3.6.1:exec (benchmark) @ nitro ---
[WARNING] [stderr] WARNING: Using incubator modules: jdk.incubator.vector
[WARNING] [stderr] WARNING: A terminally deprecated method in sun.misc.Unsafe has been called
[WARNING] [stderr] WARNING: sun.misc.Unsafe::objectFieldOffset has been called by org.openjdk.jmh.util.Utils (file:/root/.m2/repository/org/openjdk/jmh/jmh-core/1.37/jmh-core-1.37.jar)
[WARNING] [stderr] WARNING: Please consider reporting this to the maintainers of class org.openjdk.jmh.util.Utils
[WARNING] [stderr] WARNING: sun.misc.Unsafe::objectFieldOffset will be removed in a future release
[INFO] [stdout] # JMH version: 1.37
[INFO] [stdout] # VM version: JDK 26.0.1, OpenJDK 64-Bit Server VM, 26.0.1+8
[INFO] [stdout] # VM invoker: /opt/java/openjdk/bin/java
[INFO] [stdout] # VM options: --enable-preview --add-modules=jdk.incubator.vector -Dnitro.clickbench.hits.path= -Dnitro.tpcds.parquet.path=/root/data/tpcds-parquet-sf10 -Dnitro.tpcds.parquet.schema=sf10 -Xmx12g -XX:+UseTransparentHugePages
[INFO] [stdout] # Blackhole mode: compiler (auto-detected, use -Djmh.blackhole.autoDetect=false to disable)
[INFO] [stdout] # Warmup: 5 iterations, 1 s each
[INFO] [stdout] # Measurement: 3 iterations, 1 s each
[INFO] [stdout] # Timeout: 30 min per iteration
[INFO] [stdout] # Threads: 1 thread, will synchronize iterations
[INFO] [stdout] # Benchmark mode: Average time, time/op
[INFO] [stdout] # Benchmark: org.weakref.nitro.tpcds.BenchmarkQueries.query51
[INFO] [stdout] 
[INFO] [stdout] # Run progress: 0.00% complete, ETA 00:00:24
[INFO] [stdout] # Fork: 1 of 3
[INFO] [stdout] # Preparing profilers: LinuxPerfNormProfiler 
[INFO] [stdout] # Profilers consume stderr from target VM, use -v EXTRA to copy to console
[INFO] [stdout] # Warmup Iteration   1: 2080.464 ms/op
[INFO] [stdout] # Warmup Iteration   2: 1656.080 ms/op
[INFO] [stdout] # Warmup Iteration   3: 2601.976 ms/op
[INFO] [stdout] # Warmup Iteration   4: 2231.538 ms/op
[INFO] [stdout] # Warmup Iteration   5: 1376.115 ms/op
[INFO] [stdout] Iteration   1: 1393.648 ms/op
[INFO] [stdout]                  gc.alloc.rate:      815.627 MB/sec
[INFO] [stdout]                  gc.alloc.rate.norm: 1192018624.000 B/op
[INFO] [stdout]                  gc.count:           1.000 counts
[INFO] [stdout]                  gc.time:            4.000 ms
[INFO] [stdout] 
[INFO] [stdout] Iteration   2: 1407.694 ms/op
[INFO] [stdout]                  gc.alloc.rate:      835.010 MB/sec
[INFO] [stdout]                  gc.alloc.rate.norm: 1232905288.000 B/op
[INFO] [stdout]                  gc.count:           5.000 counts
[INFO] [stdout]                  gc.time:            10.000 ms
[INFO] [stdout] 
[INFO] [stdout] Iteration   3: 1372.372 ms/op
[INFO] [stdout]                  gc.alloc.rate:      844.289 MB/sec
[INFO] [stdout]                  gc.alloc.rate.norm: 1215085680.000 B/op
[INFO] [stdout]                  gc.count:           ≈ 0 counts
[INFO] [stdout] 
[INFO] [stdout] # Processing profiler results: LinuxPerfNormProfiler 
[INFO] [stdout] 
[INFO] [stdout] # Run progress: 33.33% complete, ETA 00:00:28
[INFO] [stdout] # Fork: 2 of 3
[INFO] [stdout] # Preparing profilers: LinuxPerfNormProfiler 
[INFO] [stdout] # Profilers consume stderr from target VM, use -v EXTRA to copy to console
[INFO] [stdout] # Warmup Iteration   1: 2094.794 ms/op
[INFO] [stdout] # Warmup Iteration   2: 1554.163 ms/op
[INFO] [stdout] # Warmup Iteration   3: 2674.144 ms/op
[INFO] [stdout] # Warmup Iteration   4: 2633.263 ms/op
[INFO] [stdout] # Warmup Iteration   5: 1598.252 ms/op
[INFO] [stdout] Iteration   1: 1376.341 ms/op
[INFO] [stdout]                  gc.alloc.rate:      825.779 MB/sec
[INFO] [stdout]                  gc.alloc.rate.norm: 1191889496.000 B/op
[INFO] [stdout]                  gc.count:           ≈ 0 counts
[INFO] [stdout] 
[INFO] [stdout] Iteration   2: 1439.249 ms/op
[INFO] [stdout]                  gc.alloc.rate:      816.778 MB/sec
[INFO] [stdout]                  gc.alloc.rate.norm: 1232762800.000 B/op
[INFO] [stdout]                  gc.count:           ≈ 0 counts
[INFO] [stdout] 
[INFO] [stdout] Iteration   3: 1586.410 ms/op
[INFO] [stdout]                  gc.alloc.rate:      730.235 MB/sec
[INFO] [stdout]                  gc.alloc.rate.norm: 1214822080.000 B/op
[INFO] [stdout]                  gc.count:           1.000 counts
[INFO] [stdout]                  gc.time:            121.000 ms
[INFO] [stdout] 
[INFO] [stdout] # Processing profiler results: LinuxPerfNormProfiler 
[INFO] [stdout] 
[INFO] [stdout] # Run progress: 66.67% complete, ETA 00:00:14
[INFO] [stdout] # Fork: 3 of 3
[INFO] [stdout] # Preparing profilers: LinuxPerfNormProfiler 
[INFO] [stdout] # Profilers consume stderr from target VM, use -v EXTRA to copy to console
[INFO] [stdout] # Warmup Iteration   1: 2029.020 ms/op
[INFO] [stdout] # Warmup Iteration   2: 1687.170 ms/op
[INFO] [stdout] # Warmup Iteration   3: 1569.026 ms/op
[INFO] [stdout] # Warmup Iteration   4: 1423.409 ms/op
[INFO] [stdout] # Warmup Iteration   5: 1505.305 ms/op
[INFO] [stdout] Iteration   1: 1320.965 ms/op
[INFO] [stdout]                  gc.alloc.rate:      873.908 MB/sec
[INFO] [stdout]                  gc.alloc.rate.norm: 1210584936.000 B/op
[INFO] [stdout]                  gc.count:           ≈ 0 counts
[INFO] [stdout] 
[INFO] [stdout] Iteration   2: 1297.528 ms/op
[INFO] [stdout]                  gc.alloc.rate:      884.166 MB/sec
[INFO] [stdout]                  gc.alloc.rate.norm: 1203096976.000 B/op
[INFO] [stdout]                  gc.count:           1.000 counts
[INFO] [stdout]                  gc.time:            4.000 ms
[INFO] [stdout] 
[INFO] [stdout] Iteration   3: 1593.450 ms/op
[INFO] [stdout]                  gc.alloc.rate:      719.216 MB/sec
[INFO] [stdout]                  gc.alloc.rate.norm: 1201807600.000 B/op
[INFO] [stdout]                  gc.count:           1.000 counts
[INFO] [stdout]                  gc.time:            81.000 ms
[INFO] [stdout] 
[INFO] [stdout] # Processing profiler results: LinuxPerfNormProfiler 
[INFO] [stdout] 
[INFO] [stdout] 
[INFO] [stdout] Result "org.weakref.nitro.tpcds.BenchmarkQueries.query51":
[INFO] [stdout]   1420.851 ±(99.9%) 176.214 ms/op [Average]
[INFO] [stdout]   (min, avg, max) = (1297.528, 1420.851, 1593.450), stdev = 104.862
[INFO] [stdout]   CI (99.9%): [1244.636, 1597.065] (assumes normal distribution)
[INFO] [stdout] 
[INFO] [stdout] Secondary result "org.weakref.nitro.tpcds.BenchmarkQueries.query51:CPI":
[INFO] [stdout]   0.346 ±(99.9%) 0.411 clks/insn [Average]
[INFO] [stdout]   (min, avg, max) = (0.324, 0.346, 0.369), stdev = 0.023
[INFO] [stdout]   CI (99.9%): [≈ 0, 0.757] (assumes normal distribution)
[INFO] [stdout] 
[INFO] [stdout] Secondary result "org.weakref.nitro.tpcds.BenchmarkQueries.query51:IPC":
[INFO] [stdout]   2.898 ±(99.9%) 3.434 insns/clk [Average]
[INFO] [stdout]   (min, avg, max) = (2.710, 2.898, 3.086), stdev = 0.188
[INFO] [stdout]   CI (99.9%): [≈ 0, 6.331] (assumes normal distribution)
[INFO] [stdout] 
[INFO] [stdout] Secondary result "org.weakref.nitro.tpcds.BenchmarkQueries.query51:L1-dcache-load-misses":
[INFO] [stdout]   338069392.874 ±(99.9%) 172232230.886 #/op [Average]
[INFO] [stdout]   (min, avg, max) = (331549104.697, 338069392.874, 348895240.603), stdev = 9440629.746
[INFO] [stdout]   CI (99.9%): [165837161.988, 510301623.759] (assumes normal distribution)
[INFO] [stdout] 
[INFO] [stdout] Secondary result "org.weakref.nitro.tpcds.BenchmarkQueries.query51:L1-dcache-loads":
[INFO] [stdout]   12008902987.046 ±(99.9%) 2890348384.880 #/op [Average]
[INFO] [stdout]   (min, avg, max) = (11830024140.396, 12008902987.046, 12131535086.117), stdev = 158429748.019
[INFO] [stdout]   CI (99.9%): [9118554602.166, 14899251371.926] (assumes normal distribution)
[INFO] [stdout] 
[INFO] [stdout] Secondary result "org.weakref.nitro.tpcds.BenchmarkQueries.query51:branch-misses":
[INFO] [stdout]   45485074.416 ±(99.9%) 3677757.492 #/op [Average]
[INFO] [stdout]   (min, avg, max) = (45256198.965, 45485074.416, 45636263.593), stdev = 201590.298
[INFO] [stdout]   CI (99.9%): [41807316.924, 49162831.907] (assumes normal distribution)
[INFO] [stdout] 
[INFO] [stdout] Secondary result "org.weakref.nitro.tpcds.BenchmarkQueries.query51:branches":
[INFO] [stdout]   4576008122.695 ±(99.9%) 1111424428.950 #/op [Average]
[INFO] [stdout]   (min, avg, max) = (4505690677.154, 4576008122.695, 4612884848.162), stdev = 60920923.284
[INFO] [stdout]   CI (99.9%): [3464583693.745, 5687432551.645] (assumes normal distribution)
[INFO] [stdout] 
[INFO] [stdout] Secondary result "org.weakref.nitro.tpcds.BenchmarkQueries.query51:cycles":
[INFO] [stdout]   8374613914.412 ±(99.9%) 10032359174.100 #/op [Average]
[INFO] [stdout]   (min, avg, max) = (7931475794.765, 8374613914.412, 8990035317.969), stdev = 549907459.012
[INFO] [stdout]   CI (99.9%): [≈ 0, 18406973088.512] (assumes normal distribution)
[INFO] [stdout] 
[INFO] [stdout] Secondary result "org.weakref.nitro.tpcds.BenchmarkQueries.query51:dTLB-load-misses":
[INFO] [stdout]   17896993.561 ±(99.9%) 253336625.326 #/op [Average]
[INFO] [stdout]   (min, avg, max) = (1882881.912, 17896993.561, 26603121.158), stdev = 13886235.280
[INFO] [stdout]   CI (99.9%): [≈ 0, 271233618.886] (assumes normal distribution)
[INFO] [stdout] 
[INFO] [stdout] Secondary result "org.weakref.nitro.tpcds.BenchmarkQueries.query51:dTLB-loads":
[INFO] [stdout]   53606051.690 ±(99.9%) 483423097.441 #/op [Average]
[INFO] [stdout]   (min, avg, max) = (24636764.276, 53606051.690, 76619001.672), stdev = 26498051.209
[INFO] [stdout]   CI (99.9%): [≈ 0, 537029149.131] (assumes normal distribution)
[INFO] [stdout] 
[INFO] [stdout] Secondary result "org.weakref.nitro.tpcds.BenchmarkQueries.query51:gc.alloc.rate":
[INFO] [stdout]   816.112 ±(99.9%) 95.764 MB/sec [Average]
[INFO] [stdout]   (min, avg, max) = (719.216, 816.112, 884.166), stdev = 56.987
[INFO] [stdout]   CI (99.9%): [720.349, 911.876] (assumes normal distribution)
[INFO] [stdout] 
[INFO] [stdout] Secondary result "org.weakref.nitro.tpcds.BenchmarkQueries.query51:gc.alloc.rate.norm":
[INFO] [stdout]   1210552608.889 ±(99.9%) 25592833.027 B/op [Average]
[INFO] [stdout]   (min, avg, max) = (1191889496.000, 1210552608.889, 1232905288.000), stdev = 15229884.421
[INFO] [stdout]   CI (99.9%): [1184959775.862, 1236145441.916] (assumes normal distribution)
[INFO] [stdout] 
[INFO] [stdout] Secondary result "org.weakref.nitro.tpcds.BenchmarkQueries.query51:gc.count":
[INFO] [stdout]   9.000 ±(99.9%) 0.001 counts [Sum]
[INFO] [stdout]   (min, avg, max) = (≈ 0, 1.000, 5.000), stdev = 1.581
[INFO] [stdout]   CI (99.9%): [9.000, 9.000] (assumes normal distribution)
[INFO] [stdout] 
[INFO] [stdout] Secondary result "org.weakref.nitro.tpcds.BenchmarkQueries.query51:gc.time":
[INFO] [stdout]   220.000 ±(99.9%) 0.001 ms [Sum]
[INFO] [stdout]   (min, avg, max) = (≈ 0, 24.444, 121.000), stdev = 44.660
[INFO] [stdout]   CI (99.9%): [220.000, 220.000] (assumes normal distribution)
[INFO] [stdout] 
[INFO] [stdout] Secondary result "org.weakref.nitro.tpcds.BenchmarkQueries.query51:instructions":
[INFO] [stdout]   24199427063.939 ±(99.9%) 6990771310.318 #/op [Average]
[INFO] [stdout]   (min, avg, max) = (23762172692.240, 24199427063.939, 24476699999.252), stdev = 383187764.820
[INFO] [stdout]   CI (99.9%): [17208655753.621, 31190198374.258] (assumes normal distribution)
[INFO] [stdout] 
[INFO] [stdout] 
[INFO] [stdout] # Run complete. Total time: 00:00:42
[INFO] [stdout] 
[INFO] [stdout] REMEMBER: The numbers below are just data. To gain reusable insights, you need to follow up on
[INFO] [stdout] why the numbers are the way they are. Use profilers (see -prof, -lprof), design factorial
[INFO] [stdout] experiments, perform baseline and negative tests that provide experimental control, make sure
[INFO] [stdout] the benchmarking environment is safe on JVM/OS/HW level, ask for reviews from the domain experts.
[INFO] [stdout] Do not assume the numbers tell you what you want them to tell.
[INFO] [stdout] 
[INFO] [stdout] NOTE: Current JVM experimentally supports Compiler Blackholes, and they are in use. Please exercise
[INFO] [stdout] extra caution when trusting the results, look into the generated code to check the benchmark still
[INFO] [stdout] works, and factor in a small probability of new VM bugs. Additionally, while comparisons between
[INFO] [stdout] different JVMs are already problematic, the performance difference caused by different Blackhole
[INFO] [stdout] modes can be very significant. Please make sure you use the consistent Blackhole mode for comparisons.
[INFO] [stdout] 
[INFO] [stdout] Benchmark                                       Mode  Cnt            Score             Error      Units
[INFO] [stdout] BenchmarkQueries.query51                        avgt    9         1420.851 ±         176.214      ms/op
[INFO] [stdout] BenchmarkQueries.query51:CPI                    avgt    3            0.346 ±           0.411  clks/insn
[INFO] [stdout] BenchmarkQueries.query51:IPC                    avgt    3            2.898 ±           3.434  insns/clk
[INFO] [stdout] BenchmarkQueries.query51:L1-dcache-load-misses  avgt    3    338069392.874 ±   172232230.886       #/op
[INFO] [stdout] BenchmarkQueries.query51:L1-dcache-loads        avgt    3  12008902987.046 ±  2890348384.880       #/op
[INFO] [stdout] BenchmarkQueries.query51:branch-misses          avgt    3     45485074.416 ±     3677757.492       #/op
[INFO] [stdout] BenchmarkQueries.query51:branches               avgt    3   4576008122.695 ±  1111424428.950       #/op
[INFO] [stdout] BenchmarkQueries.query51:cycles                 avgt    3   8374613914.412 ± 10032359174.100       #/op
[INFO] [stdout] BenchmarkQueries.query51:dTLB-load-misses       avgt    3     17896993.561 ±   253336625.326       #/op
[INFO] [stdout] BenchmarkQueries.query51:dTLB-loads             avgt    3     53606051.690 ±   483423097.441       #/op
[INFO] [stdout] BenchmarkQueries.query51:gc.alloc.rate          avgt    9          816.112 ±          95.764     MB/sec
[INFO] [stdout] BenchmarkQueries.query51:gc.alloc.rate.norm     avgt    9   1210552608.889 ±    25592833.027       B/op
[INFO] [stdout] BenchmarkQueries.query51:gc.count               avgt    9            9.000                       counts
[INFO] [stdout] BenchmarkQueries.query51:gc.time                avgt    9          220.000                           ms
[INFO] [stdout] BenchmarkQueries.query51:instructions           avgt    3  24199427063.939 ±  6990771310.318       #/op
[INFO] [stdout] 
[INFO] [stdout] Benchmark result is saved to benchmarks/sweeps/20260723-targeted/tpcds-q51-lazy-window-output/lazy-on-final-3fork.json
[INFO] ------------------------------------------------------------------------
[INFO] BUILD SUCCESS
[INFO] ------------------------------------------------------------------------
[INFO] Total time:  43.740 s (Wall Clock)
[INFO] Finished at: 2026-07-23T04:48:38Z
[INFO] ------------------------------------------------------------------------
[INFO] Njord session closed
