Jul 22, 2026 8:45:26 AM org.jline.utils.Log logr
WARNING: Unable to create a system terminal, creating a dumb terminal (enable debug logging for more information)
[main] WARNING org.jline - Unable to create a system terminal, creating a dumb terminal (enable debug logging for more information)
[INFO] Processing build on daemon 0fc061ba
[INFO] Scanning for projects...
[INFO] Njord 0.9.4 session created
[INFO] BuildTimeEventSpy is registered.
[INFO] 
[INFO] Using the SmartBuilder implementation with a thread count of 7
[INFO] 
[INFO] -------------------------< org.weakref:nitro >--------------------------
[INFO] Building nitro 1-SNAPSHOT
[INFO]   from pom.xml
[INFO] --------------------------------[ jar ]---------------------------------
[WARNING] 2 problems were encountered while building the effective model for org.apache.yetus:audience-annotations:jar:0.5.0 during dependency collection step for project (use -X to see details)
[INFO] 
[INFO] --- exec:3.6.1:exec (benchmark) @ nitro ---
[WARNING] [stderr] WARNING: Using incubator modules: jdk.incubator.vector
[WARNING] [stderr] WARNING: A terminally deprecated method in sun.misc.Unsafe has been called
[WARNING] [stderr] WARNING: sun.misc.Unsafe::objectFieldOffset has been called by org.openjdk.jmh.util.Utils (file:/root/.m2/repository/org/openjdk/jmh/jmh-core/1.37/jmh-core-1.37.jar)
[WARNING] [stderr] WARNING: Please consider reporting this to the maintainers of class org.openjdk.jmh.util.Utils
[WARNING] [stderr] WARNING: sun.misc.Unsafe::objectFieldOffset will be removed in a future release
[INFO] [stdout] # JMH version: 1.37
[INFO] [stdout] # VM version: JDK 26.0.1, OpenJDK 64-Bit Server VM, 26.0.1+8
[INFO] [stdout] # VM invoker: /opt/java/openjdk/bin/java
[INFO] [stdout] # VM options: --enable-preview --add-modules=jdk.incubator.vector -Dnitro.clickbench.hits.path=/root/data/clickbench -Xmx12g -XX:+UseTransparentHugePages
[INFO] [stdout] # Blackhole mode: compiler (auto-detected, use -Djmh.blackhole.autoDetect=false to disable)
[INFO] [stdout] # Warmup: 3 iterations, 1 s each
[INFO] [stdout] # Measurement: 3 iterations, 1 s each
[INFO] [stdout] # Timeout: 10 min per iteration
[INFO] [stdout] # Threads: 1 thread, will synchronize iterations
[INFO] [stdout] # Benchmark mode: Average time, time/op
[INFO] [stdout] # Benchmark: org.weakref.nitro.clickbench.BenchmarkQueries.query32
[INFO] [stdout] 
[INFO] [stdout] # Run progress: 0.00% complete, ETA 00:00:06
[INFO] [stdout] # Fork: 1 of 1
[INFO] [stdout] # Preparing profilers: LinuxPerfAsmProfiler 
[INFO] [stdout] # Profilers consume stdout and stderr from target VM, use -v EXTRA to copy to console
[INFO] [stdout] # Warmup Iteration   1: 8328.634 ms/op
[INFO] [stdout] # Warmup Iteration   2: 5798.817 ms/op
[INFO] [stdout] # Warmup Iteration   3: 3196.967 ms/op
[INFO] [stdout] Iteration   1: 3018.385 ms/op
[INFO] [stdout] Iteration   2: 3080.494 ms/op
[INFO] [stdout] Iteration   3: 4442.836 ms/op
[INFO] [stdout] # Processing profiler results: LinuxPerfAsmProfiler 
[INFO] [stdout] 
[INFO] [stdout] 
[INFO] [stdout] Result "org.weakref.nitro.clickbench.BenchmarkQueries.query32":
[INFO] [stdout]   3513.905 ±(99.9%) 14687.605 ms/op [Average]
[INFO] [stdout]   (min, avg, max) = (3018.385, 3513.905, 4442.836), stdev = 805.077
[INFO] [stdout]   CI (99.9%): [≈ 0, 18201.510] (assumes normal distribution)
[INFO] [stdout] 
[INFO] [stdout] Secondary result "org.weakref.nitro.clickbench.BenchmarkQueries.query32:asm":
[INFO] [stdout] PrintAssembly processed: 445482 total address lines.
[INFO] [stdout] Perf output processed (skipped 18.682 seconds):
[INFO] [stdout]  Column 1: dTLB-load-misses (7966 events)
[INFO] [stdout] 
[INFO] [stdout] Hottest code regions (>10.00% "dTLB-load-misses" events):
[INFO] [stdout]  Event counts are percents of total event count.
[INFO] [stdout] 
[INFO] [stdout] ....[Hottest Region 1]..............................................................................
[INFO] [stdout] c2, level 4, org.weakref.nitro.operator.GeneratedMultiLongGroupingTable2.0x0000000058131400::assignBatch, version 3, compile id 2785 
[INFO] [stdout] 
[INFO] [stdout]             0x00007c2ecfb56ae4: ;*invokeinterface value {reexecute=0 rethrow=0 return_oop=0}
[INFO] [stdout]                                 ; - org.weakref.nitro.operator.GeneratedMultiLongGroupingTable2/0x0000000058131400::assignBatch@78
[INFO] [stdout]             0x00007c2ecfb56ae4: cc33 c0e9 
[INFO] [stdout]             0x00007c2ecfb56ae8: ;*ifeq {reexecute=0 rethrow=0 return_oop=0}
[INFO] [stdout]                                 ; - org.weakref.nitro.operator.GeneratedMultiLongGroupingTable2/0x0000000058131400::assignGroup@68
[INFO] [stdout]                                 ; - org.weakref.nitro.operator.GeneratedMultiLongGroupingTable2/0x0000000058131400::assignBatch@123
[INFO] [stdout]             0x00007c2ecfb56ae8: b301 0000 
[INFO] [stdout]    1.95%    0x00007c2ecfb56aec: ;*imul {reexecute=0 rethrow=0 return_oop=0}
[INFO] [stdout]                                 ; - org.weakref.nitro.operator.GeneratedMultiLongGroupingTable2/0x0000000058131400::assignGroup@137
[INFO] [stdout]                                 ; - org.weakref.nitro.operator.GeneratedMultiLongGroupingTable2/0x0000000058131400::assignBatch@123
[INFO] [stdout]    1.95%    0x00007c2ecfb56aec: 438d 1452 
[INFO] [stdout]    1.78%    0x00007c2ecfb56af0: ; implicit exception: dispatches to 0x00007c2ecfb57e8c
[INFO] [stdout]    1.78%    0x00007c2ecfb56af0: 418b 4cfc | 0c3b d10f | 8327 0900 | 0044 8d5a | 0249 8d2c | fc4c 8b6c | 2470 4c89 
[INFO] [stdout]             0x00007c2ecfb56b0c: ;*lastore {reexecute=0 rethrow=0 return_oop=0}
[INFO] [stdout]                                 ; - org.weakref.nitro.operator.GeneratedMultiLongGroupingTable2/0x0000000058131400::assignGroup@149
[INFO] [stdout]                                 ; - org.weakref.nitro.operator.GeneratedMultiLongGroupingTable2/0x0000000058131400::assignBatch@123
[INFO] [stdout]             0x00007c2ecfb56b0c: 6cd5 1044 | 3bd9 0f83 | bc09 0000 | 4c8b 5c24 | 6841 8b4b 
[INFO] [stdout]             0x00007c2ecfb56b20: ;*getfield nullMasks {reexecute=0 rethrow=0 return_oop=0}
[INFO] [stdout]                                 ; - org.weakref.nitro.operator.GeneratedMultiLongGroupingTable2/0x0000000058131400::assignGroup@172
[INFO] [stdout]                                 ; - org.weakref.nitro.operator.GeneratedMultiLongGroupingTable2/0x0000000058131400::assignBatch@123
[INFO] [stdout]             0x00007c2ecfb56b20: 2c48 63fa | 4c8b 5c24 | 784c 895c 
[INFO] [stdout]             0x00007c2ecfb56b2c: ;*lastore {reexecute=0 rethrow=0 return_oop=0}
[INFO] [stdout]                                 ; - org.weakref.nitro.operator.GeneratedMultiLongGroupingTable2/0x0000000058131400::assignGroup@159
[INFO] [stdout]                                 ; - org.weakref.nitro.operator.GeneratedMultiLongGroupingTable2/0x0000000058131400::assignBatch@123
[INFO] [stdout]             0x00007c2ecfb56b2c: fd18 4c8b | 5c24 604c 
[INFO] [stdout]             0x00007c2ecfb56b34: ;*lastore {reexecute=0 rethrow=0 return_oop=0}
[INFO] [stdout]                                 ; - org.weakref.nitro.operator.GeneratedMultiLongGroupingTable2/0x0000000058131400::assignGroup@170
[INFO] [stdout]                                 ; - org.weakref.nitro.operator.GeneratedMultiLongGroupingTable2/0x0000000058131400::assignBatch@123
[INFO] [stdout]             0x00007c2ecfb56b34: 895c fd20 
[INFO] [stdout]    0.05%    0x00007c2ecfb56b38: ; implicit exception: dispatches to 0x00007c2ecfb57ea4
[INFO] [stdout]    0.05%    0x00007c2ecfb56b38: 418b 7ccc | 0c44 3bd7 | 0f83 0a0a | 0000 4d8d | 1ccc 4788 
[INFO] [stdout]             0x00007c2ecfb56b4c: ;*bastore {reexecute=0 rethrow=0 return_oop=0}
[INFO] [stdout]                                 ; - org.weakref.nitro.operator.GeneratedMultiLongGroupingTable2/0x0000000058131400::assignGroup@179
[INFO] [stdout]                                 ; - org.weakref.nitro.operator.GeneratedMultiLongGroupingTable2/0x0000000058131400::assignBatch@123
[INFO] [stdout]             0x00007c2ecfb56b4c: 6413 1044 | 3bd3 0f83 | a00a 0000 | 4688 4416 
[INFO] [stdout]             0x00007c2ecfb56b5c: ;*bastore {reexecute=0 rethrow=0 return_oop=0}
[INFO] [stdout]                                 ; - org.weakref.nitro.operator.GeneratedMultiLongGroupingTable2/0x0000000058131400::assignGroup@188
[INFO] [stdout]                                 ; - org.weakref.nitro.operator.GeneratedMultiLongGroupingTable2/0x0000000058131400::assignBatch@123
[INFO] [stdout]             0x00007c2ecfb56b5c: 104c 8b54 | 2468 458b 
[INFO] [stdout]             0x00007c2ecfb56b64: ;*getfield nullMasksByGroup {reexecute=0 rethrow=0 return_oop=0}
[INFO] [stdout]                                 ; - org.weakref.nitro.operator.AbstractMultiLongGroupingTable::ensureReverseCapacity@2 (line 226)
[INFO] [stdout]                                 ; - org.weakref.nitro.operator.GeneratedMultiLongGroupingTable2/0x0000000058131400::assignGroup@193
[INFO] [stdout]                                 ; - org.weakref.nitro.operator.GeneratedMultiLongGroupingTable2/0x0000000058131400::assignBatch@123
[INFO] [stdout]             0x00007c2ecfb56b64: 5a38 478b 
[INFO] [stdout]             0x00007c2ecfb56b68: ;*arraylength {reexecute=0 rethrow=0 return_oop=0}
[INFO] [stdout]                                 ; - org.weakref.nitro.operator.AbstractMultiLongGroupingTable::ensureReverseCapacity@5 (line 226)
[INFO] [stdout]                                 ; - org.weakref.nitro.operator.GeneratedMultiLongGroupingTable2/0x0000000058131400::assignGroup@193
[INFO] [stdout]                                 ; - org.weakref.nitro.operator.GeneratedMultiLongGroupingTable2/0x0000000058131400::assignBatch@123
[INFO] [stdout]             0x00007c2ecfb56b68: 54dc 0c4c | 8b5c 2460 
[INFO] [stdout]    0.04%    0x00007c2ecfb56b70: ;*l2i {reexecute=0 rethrow=0 return_oop=0}
[INFO] [stdout]                                 ; - org.weakref.nitro.operator.GeneratedMultiLongGroupingTable2/0x0000000058131400::assignGroup@192
[INFO] [stdout]                                 ; - org.weakref.nitro.operator.GeneratedMultiLongGroupingTable2/0x0000000058131400::assignBatch@123
[INFO] [stdout]    0.04%    0x00007c2ecfb56b70: 458b c344 | 8984 2480 | 0000 0045 | 3bc2 0f8d 
[INFO] [stdout]             0x00007c2ecfb56b80: ;*invokevirtual ensureReverseCapacity {reexecute=0 rethrow=0 return_oop=0}
[INFO] [stdout]                                 ; - org.weakref.nitro.operator.GeneratedMultiLongGroupingTable2/0x0000000058131400::assignGroup@193
[INFO] [stdout]                                 ; - org.weakref.nitro.operator.GeneratedMultiLongGroupingTable2/0x0000000058131400::assignBatch@123
[INFO] [stdout]             0x00007c2ecfb56b80: 9d03 0000 | 4c8b 5424 | 6845 8b5a 
[INFO] [stdout]             0x00007c2ecfb56b8c: ;*getfield keysByGroup {reexecute=0 rethrow=0 return_oop=0}
[INFO] [stdout]                                 ; - org.weakref.nitro.operator.GeneratedMultiLongGroupingTable2/0x0000000058131400::assignGroup@197
[INFO] [stdout]                                 ; - org.weakref.nitro.operator.GeneratedMultiLongGroupingTable2/0x0000000058131400::assignBatch@123
[INFO] [stdout]             0x00007c2ecfb56b8c: 3447 8b44 | dc0c 4183 | f801 0f86 | f40c 0000 | 478b 4cdc 
[INFO] [stdout]             0x00007c2ecfb56ba0: ;*aaload {reexecute=0 rethrow=0 return_oop=0}
[INFO] [stdout]                                 ; - org.weakref.nitro.operator.GeneratedMultiLongGroupingTable2/0x0000000058131400::assignGroup@201
[INFO] [stdout]                                 ; - org.weakref.nitro.operator.GeneratedMultiLongGroupingTable2/0x0000000058131400::assignBatch@123
[INFO] [stdout]             0x00007c2ecfb56ba0: 1047 8b44 | cc0c 448b | 9424 8000 | 0000 453b | d00f 83e1 | 0a00 0047 
[INFO] [stdout]             0x00007c2ecfb56bb8: ;*aaload {reexecute=0 rethrow=0 return_oop=0}
[INFO] [stdout]                                 ; - org.weakref.nitro.operator.GeneratedMultiLongGroupingTable2/0x0000000058131400::assignGroup@212
[INFO] [stdout]                                 ; - org.weakref.nitro.operator.GeneratedMultiLongGroupingTable2/0x0000000058131400::assignBatch@123
[INFO] [stdout]             0x00007c2ecfb56bb8: 8b54 dc14 | 4f8d 1ccc | 448b 8c24 
[INFO] [stdout]             0x00007c2ecfb56bc4: ;   {other}
[INFO] [stdout]             0x00007c2ecfb56bc4: 8000 0000 | 4c8b 4424 | 704f 8944 
[INFO] [stdout]             0x00007c2ecfb56bd0: ;*lastore {reexecute=0 rethrow=0 return_oop=0}
[INFO] [stdout]                                 ; - org.weakref.nitro.operator.GeneratedMultiLongGroupingTable2/0x0000000058131400::assignGroup@206
[INFO] [stdout]                                 ; - org.weakref.nitro.operator.GeneratedMultiLongGroupingTable2/0x0000000058131400::assignBatch@123
[INFO] [stdout]             0x00007c2ecfb56bd0: cb10 478b | 5cd4 0c45 | 8bc1 453b | c30f 833d | 0b00 004c | 8b5c 2468 
[INFO] [stdout]             0x00007c2ecfb56be8: ;*getfield nullMasksByGroup {reexecute=0 rethrow=0 return_oop=0}
[INFO] [stdout]                                 ; - org.weakref.nitro.operator.GeneratedMultiLongGroupingTable2/0x0000000058131400::assignGroup@219
[INFO] [stdout]                                 ; - org.weakref.nitro.operator.GeneratedMultiLongGroupingTable2/0x0000000058131400::assignBatch@123
[INFO] [stdout]             0x00007c2ecfb56be8: 458b 5b38 | 49c1 e203 | 4c8b 4424 | 784f 8944 
[INFO] [stdout]             0x00007c2ecfb56bf8: ;*lastore {reexecute=0 rethrow=0 return_oop=0}
[INFO] [stdout]                                 ; - org.weakref.nitro.operator.GeneratedMultiLongGroupingTable2/0x0000000058131400::assignGroup@217
[INFO] [stdout]                                 ; - org.weakref.nitro.operator.GeneratedMultiLongGroupingTable2/0x0000000058131400::assignBatch@123
[INFO] [stdout]             0x00007c2ecfb56bf8: ca10 478b | 44dc 0c45 | 3bc8 0f83 | b00b 0000 | 4f8d 14dc | 458b c147 
[INFO] [stdout]             0x00007c2ecfb56c10: ;*bastore {reexecute=0 rethrow=0 return_oop=0}
[INFO] [stdout]                                 ; - org.weakref.nitro.operator.GeneratedMultiLongGroupingTable2/0x0000000058131400::assignGroup@227
[INFO] [stdout]                                 ; - org.weakref.nitro.operator.GeneratedMultiLongGroupingTable2/0x0000000058131400::assignBatch@123
[INFO] [stdout]             0x00007c2ecfb56c10: 8864 0210 | 4c8b 5424 | 6845 8b52 | 184c 8b5c | 2468 458b | 431c 41ff 
[INFO] [stdout]             0x00007c2ecfb56c28: ;*iadd {reexecute=0 rethrow=0 return_oop=0}
[INFO] [stdout]                                 ; - org.weakref.nitro.operator.GeneratedMultiLongGroupingTable2/0x0000000058131400::assignGroup@234
[INFO] [stdout]                                 ; - org.weakref.nitro.operator.GeneratedMultiLongGroupingTable2/0x0000000058131400::assignBatch@123
[INFO] [stdout]             0x00007c2ecfb56c28: c045 8943 
[INFO] [stdout]             0x00007c2ecfb56c2c: ;*putfield size {reexecute=0 rethrow=0 return_oop=0}
[INFO] [stdout]                                 ; - org.weakref.nitro.operator.GeneratedMultiLongGroupingTable2/0x0000000058131400::assignGroup@235
[INFO] [stdout]                                 ; - org.weakref.nitro.operator.GeneratedMultiLongGroupingTable2/0x0000000058131400::assignBatch@123
[INFO] [stdout]             0x00007c2ecfb56c2c: 1c45 3bc2 | 0f8d f105 
[INFO] [stdout]             0x00007c2ecfb56c34: ;*lload {reexecute=0 rethrow=0 return_oop=0}
[INFO] [stdout]                                 ; - org.weakref.nitro.operator.GeneratedMultiLongGroupingTable2/0x0000000058131400::assignGroup@253
[INFO] [stdout]                                 ; - org.weakref.nitro.operator.GeneratedMultiLongGroupingTable2/0x0000000058131400::assignBatch@123
[INFO] [stdout]             0x00007c2ecfb56c34: 0000 448b | 5424 5c44 | 3b54 240c | 0f83 e60b | 0000 4c8b | 5424 4044 | 8b44 245c | 4c8b 5c24 
[INFO] [stdout]             0x00007c2ecfb56c54: 604f 895c 
[INFO] [stdout]             0x00007c2ecfb56c58: ;*lastore {reexecute=0 rethrow=0 return_oop=0}
[INFO] [stdout]                                 ; - org.weakref.nitro.operator.GeneratedMultiLongGroupingTable2/0x0000000058131400::assignBatch@134
[INFO] [stdout]             0x00007c2ecfb56c58: c210 448b | 5424 5841 
[INFO] [stdout]             0x00007c2ecfb56c60: ;*iinc {reexecute=0 rethrow=0 return_oop=0}
[INFO] [stdout]                                 ; - org.weakref.nitro.operator.GeneratedMultiLongGroupingTable2/0x0000000058131400::assignBatch@149
[INFO] [stdout]             0x00007c2ecfb56c60: ffc2 443b | 5424 080f | 8da0 0500 | 0048 8b14 | 2444 8b4c | 2408 488b | 5c24 408b | 4c24 348b 
[INFO] [stdout]             0x00007c2ecfb56c80: 7c24 3844 | 8b5c 240c | 488b 6c24 | 484c 8b6c | 2428 488b | 7424 204c | 8b74 2450 
[INFO] [stdout]    0.01%    0x00007c2ecfb56c9c: ;*aload_3 {reexecute=0 rethrow=0 return_oop=0}
[INFO] [stdout]                                 ; - org.weakref.nitro.operator.GeneratedMultiLongGroupingTable2/0x0000000058131400::assignBatch@30
[INFO] [stdout]    0.01%    0x00007c2ecfb56c9c: 418b c244 
[INFO] [stdout]             0x00007c2ecfb56ca0: ;*getfield arg$1 {reexecute=0 rethrow=0 return_oop=0}
[INFO] [stdout]                                 ; - org.weakref.nitro.function.scalar.builtin.VectorAccess$$Lambda/0x000000005812a210::value@1
[INFO] [stdout]                                 ; - org.weakref.nitro.operator.GeneratedMultiLongGroupingTable2/0x0000000058131400::assignBatch@67
[INFO] [stdout]             0x00007c2ecfb56ca0: 8b56 0c47 
[INFO] [stdout]             0x00007c2ecfb56ca4: ;*getfield values {reexecute=0 rethrow=0 return_oop=0}
[INFO] [stdout]                                 ; - org.weakref.nitro.data.I64Vector::values@1 (line 35)
[INFO] [stdout]                                 ; - org.weakref.nitro.function.scalar.builtin.VectorAccess::lambda$longValues$0@1 (line 35)
[INFO] [stdout]                                 ; - org.weakref.nitro.function.scalar.builtin.VectorAccess$$Lambda/0x000000005812a210::value@5
[INFO] [stdout]                                 ; - org.weakref.nitro.operator.GeneratedMultiLongGroupingTable2/0x0000000058131400::assignBatch@67
[INFO] [stdout]             0x00007c2ecfb56ca4: 8b44 d40c | 8944 2458 | 4c89 7424 | 5048 8974 | 2420 4c89 | 6c24 2848 | 896c 2448 
[INFO] [stdout]    0.04%    0x00007c2ecfb56cc0: ;   {other}
[INFO] [stdout]    0.04%    0x00007c2ecfb56cc0: 4489 5c24 | 0c89 7c24 | 3889 4c24 | 3448 895c | 2440 4489 | 4c24 0848 | 8914 244c 
[INFO] [stdout]             0x00007c2ecfb56cdc: ;*aload_3 {reexecute=0 rethrow=0 return_oop=0}
[INFO] [stdout]                                 ; - org.weakref.nitro.operator.GeneratedMultiLongGroupingTable2/0x0000000058131400::assignBatch@30
[INFO] [stdout]             0x00007c2ecfb56cdc: 63d0 468b 
[INFO] [stdout]             0x00007c2ecfb56ce0: ;*iaload {reexecute=0 rethrow=0 return_oop=0}
[INFO] [stdout]                                 ; - org.weakref.nitro.operator.GeneratedMultiLongGroupingTable2/0x0000000058131400::assignBatch@33
[INFO] [stdout]             0x00007c2ecfb56ce0: 5c92 1044 | 895c 245c 
[INFO] [stdout]    0.09%    0x00007c2ecfb56ce8: ; implicit exception: dispatches to 0x00007c2ecfb57e24
[INFO] [stdout]    0.09%    0x00007c2ecfb56ce8: 478b 5cc4 
[INFO] [stdout]             0x00007c2ecfb56cec: ;*laload {reexecute=0 rethrow=0 return_oop=0}
[INFO] [stdout]                                 ; - org.weakref.nitro.function.scalar.builtin.VectorAccess::lambda$longValues$0@5 (line 35)
[INFO] [stdout]                                 ; - org.weakref.nitro.function.scalar.builtin.VectorAccess$$Lambda/0x000000005812a210::value@5
[INFO] [stdout]                                 ; - org.weakref.nitro.operator.GeneratedMultiLongGroupingTable2/0x0000000058131400::assignBatch@67
[INFO] [stdout]             0x00007c2ecfb56cec: 0c4c 0394 | 24c0 0000 
[INFO] [stdout]             0x00007c2ecfb56cf4: ;*aload_3 {reexecute=0 rethrow=0 return_oop=0}
[INFO] [stdout]                                 ; - org.weakref.nitro.operator.GeneratedMultiLongGroupingTable2/0x0000000058131400::assignBatch@30
[INFO] [stdout]             0x00007c2ecfb56cf4: 004c 8954 | 2460 448b | 4c24 5c45 | 3bcb 0f83 | e405 0000 
[INFO] [stdout]             0x00007c2ecfb56d08: ;*getfield arg$1 {reexecute=0 rethrow=0 return_oop=0}
[INFO] [stdout]                                 ; - org.weakref.nitro.function.scalar.builtin.VectorAccess$$Lambda/0x000000005812a440::value@1
[INFO] [stdout]                                 ; - org.weakref.nitro.operator.GeneratedMultiLongGroupingTable2/0x0000000058131400::assignBatch@102
[INFO] [stdout]             0x00007c2ecfb56d08: 458b 550c 
[INFO] [stdout]    0.08%    0x00007c2ecfb56d0c: ; implicit exception: dispatches to 0x00007c2ecfb57e40
[INFO] [stdout]    0.08%    0x00007c2ecfb56d0c: 478b 54d4 
[INFO] [stdout]             0x00007c2ecfb56d10: ;*getfield values {reexecute=0 rethrow=0 return_oop=0}
[INFO] [stdout]                                 ; - org.weakref.nitro.data.I32Vector::values@1 (line 35)
[INFO] [stdout]                                 ; - org.weakref.nitro.function.scalar.builtin.VectorAccess::lambda$longValues$1@1 (line 36)
[INFO] [stdout]                                 ; - org.weakref.nitro.function.scalar.builtin.VectorAccess$$Lambda/0x000000005812a440::value@5
[INFO] [stdout]                                 ; - org.weakref.nitro.operator.GeneratedMultiLongGroupingTable2/0x0000000058131400::assignBatch@102
[INFO] [stdout]             0x00007c2ecfb56d10: 0c47 8b4c 
[INFO] [stdout]             0x00007c2ecfb56d14: ;*iaload {reexecute=0 rethrow=0 return_oop=0}
[INFO] [stdout]                                 ; - org.weakref.nitro.function.scalar.builtin.VectorAccess::lambda$longValues$1@5 (line 36)
[INFO] [stdout]                                 ; - org.weakref.nitro.function.scalar.builtin.VectorAccess$$Lambda/0x000000005812a440::value@5
[INFO] [stdout]                                 ; - org.weakref.nitro.operator.GeneratedMultiLongGroupingTable2/0x0000000058131400::assignBatch@102
[INFO] [stdout]             0x00007c2ecfb56d14: d40c 4f8d | 1cc4 448b | 4424 5c4f 
[INFO] [stdout]             0x00007c2ecfb56d20: ;*laload {reexecute=0 rethrow=0 return_oop=0}
[INFO] [stdout]                                 ; - org.weakref.nitro.function.scalar.builtin.VectorAccess::lambda$longValues$0@5 (line 35)
[INFO] [stdout]                                 ; - org.weakref.nitro.function.scalar.builtin.VectorAccess$$Lambda/0x000000005812a210::value@5
[INFO] [stdout]                                 ; - org.weakref.nitro.operator.GeneratedMultiLongGroupingTable2/0x0000000058131400::assignBatch@67
[INFO] [stdout]             0x00007c2ecfb56d20: 8b5c c310 | 4c89 5c24 | 7045 3bc1 | 0f83 fe05 | 0000 49c1 | e203 458b | d84f 6354 
[INFO] [stdout]             0x00007c2ecfb56d3c: ;*i2l {reexecute=0 rethrow=0 return_oop=0}
[INFO] [stdout]                                 ; - org.weakref.nitro.function.scalar.builtin.VectorAccess::lambda$longValues$1@6 (line 36)
[INFO] [stdout]                                 ; - org.weakref.nitro.function.scalar.builtin.VectorAccess$$Lambda/0x000000005812a440::value@5
[INFO] [stdout]                                 ; - org.weakref.nitro.operator.GeneratedMultiLongGroupingTable2/0x0000000058131400::assignBatch@102
[INFO] [stdout]             0x00007c2ecfb56d3c: 9a10 4c89 | 5424 784c | 8b54 2468 
[INFO] [stdout]             0x00007c2ecfb56d48: ;*getfield mask {reexecute=0 rethrow=0 return_oop=0}
[INFO] [stdout]                                 ; - org.weakref.nitro.operator.GeneratedMultiLongGroupingTable2/0x0000000058131400::assignGroup@51
[INFO] [stdout]                                 ; - org.weakref.nitro.operator.GeneratedMultiLongGroupingTable2/0x0000000058131400::assignBatch@123
[INFO] [stdout]             0x00007c2ecfb56d48: 458b 5a14 | 4c8b 5424 | 7849 b853 | ec85 1afe | b9ce c44d | 0faf d04c | 8b44 2468 
[INFO] [stdout]    0.03%    0x00007c2ecfb56d64: ;*getfield control {reexecute=0 rethrow=0 return_oop=0}
[INFO] [stdout]                                 ; - org.weakref.nitro.operator.GeneratedMultiLongGroupingTable2/0x0000000058131400::assignGroup@58
[INFO] [stdout]                                 ; - org.weakref.nitro.operator.GeneratedMultiLongGroupingTable2/0x0000000058131400::assignBatch@123
[INFO] [stdout]    0.03%    0x00007c2ecfb56d64: 418b 4030 | 4c8b 4424 | 7049 b915 | 7c4a 7fb9 | 7937 9e4d | 0faf c14d 
[INFO] [stdout]             0x00007c2ecfb56d7c: ;*ladd {reexecute=0 rethrow=0 return_oop=0}
[INFO] [stdout]                                 ; - org.weakref.nitro.operator.GeneratedMultiLongGroupingTable2/0x0000000058131400::assignGroup@14
[INFO] [stdout]                                 ; - org.weakref.nitro.operator.GeneratedMultiLongGroupingTable2/0x0000000058131400::assignBatch@123
[INFO] [stdout]             0x00007c2ecfb56d7c: 03c2 4d8b | d049 c1ea | 214d 33d0 | 49b8 cd8c | 55ed d7af | 51ff 4d0f 
[INFO] [stdout]             0x00007c2ecfb56d94: ;*lmul {reexecute=0 rethrow=0 return_oop=0}
[INFO] [stdout]                                 ; - org.weakref.nitro.operator.GeneratedMultiLongGroupingTable2/0x0000000058131400::assignGroup@23
[INFO] [stdout]                                 ; - org.weakref.nitro.operator.GeneratedMultiLongGroupingTable2/0x0000000058131400::assignBatch@123
[INFO] [stdout]             0x00007c2ecfb56d94: afd0 4d8b | c249 c1e8 | 214d 33c2 | 49ba 53ec | 851a feb9 | cec4 4d0f 
[INFO] [stdout]             0x00007c2ecfb56dac: ;*lmul {reexecute=0 rethrow=0 return_oop=0}
[INFO] [stdout]                                 ; - org.weakref.nitro.operator.GeneratedMultiLongGroupingTable2/0x0000000058131400::assignGroup@32
[INFO] [stdout]                                 ; - org.weakref.nitro.operator.GeneratedMultiLongGroupingTable2/0x0000000058131400::assignBatch@123
[INFO] [stdout]             0x00007c2ecfb56dac: afc2 4d8b | d049 c1ea | 214d 33d0 
[INFO] [stdout]    0.30%    0x00007c2ecfb56db8: ;*l2i {reexecute=0 rethrow=0 return_oop=0}
[INFO] [stdout]                                 ; - org.weakref.nitro.operator.GeneratedMultiLongGroupingTable2/0x0000000058131400::assignGroup@38
[INFO] [stdout]                                 ; - org.weakref.nitro.operator.GeneratedMultiLongGroupingTable2/0x0000000058131400::assignBatch@123
[INFO] [stdout]    0.30%    0x00007c2ecfb56db8: 458b c245 | 8bd0 4523 
[INFO] [stdout]             0x00007c2ecfb56dc0: ;*iand {reexecute=0 rethrow=0 return_oop=0}
[INFO] [stdout]                                 ; - org.weakref.nitro.operator.GeneratedMultiLongGroupingTable2/0x0000000058131400::assignGroup@54
[INFO] [stdout]                                 ; - org.weakref.nitro.operator.GeneratedMultiLongGroupingTable2/0x0000000058131400::assignBatch@123
[INFO] [stdout]                                 ;   {other}
[INFO] [stdout]             0x00007c2ecfb56dc0: d341 8b5c 
[INFO] [stdout]             0x00007c2ecfb56dc4: ;*baload {reexecute=0 rethrow=0 return_oop=0}
[INFO] [stdout]                                 ; - org.weakref.nitro.operator.GeneratedMultiLongGroupingTable2/0x0000000058131400::assignGroup@63
[INFO] [stdout]                                 ; - org.weakref.nitro.operator.GeneratedMultiLongGroupingTable2/0x0000000058131400::assignBatch@123
[INFO] [stdout]             0x00007c2ecfb56dc4: c40c 41c1 | e818 4181 | c880 0000 
[INFO] [stdout]             0x00007c2ecfb56dd0: ;*ior {reexecute=0 rethrow=0 return_oop=0}
[INFO] [stdout]                                 ; - org.weakref.nitro.operator.GeneratedMultiLongGroupingTable2/0x0000000058131400::assignGroup@46
[INFO] [stdout]                                 ; - org.weakref.nitro.operator.GeneratedMultiLongGroupingTable2/0x0000000058131400::assignBatch@123
[INFO] [stdout]             0x00007c2ecfb56dd0: 0045 0fbe 
[INFO] [stdout]             0x00007c2ecfb56dd4: ;*i2b {reexecute=0 rethrow=0 return_oop=0}
[INFO] [stdout]                                 ; - org.weakref.nitro.operator.GeneratedMultiLongGroupingTable2/0x0000000058131400::assignGroup@47
[INFO] [stdout]                                 ; - org.weakref.nitro.operator.GeneratedMultiLongGroupingTable2/0x0000000058131400::assignBatch@123
[INFO] [stdout]             0x00007c2ecfb56dd4: c844 3bd3 | 0f83 aa05 | 0000 488b | 4c24 688b 
[INFO] [stdout]             0x00007c2ecfb56de4: ;*getfield entries {reexecute=0 rethrow=0 return_oop=0}
[INFO] [stdout]                                 ; - org.weakref.nitro.operator.GeneratedMultiLongGroupingTable2/0x0000000058131400::assignGroup@85
[INFO] [stdout]                                 ; - org.weakref.nitro.operator.GeneratedMultiLongGroupingTable2/0x0000000058131400::assignBatch@123
[INFO] [stdout]             0x00007c2ecfb56de4: 7928 498d | 34c4 420f 
[INFO] [stdout]             0x00007c2ecfb56dec: ;*baload {reexecute=0 rethrow=0 return_oop=0}
[INFO] [stdout]                                 ; - org.weakref.nitro.operator.GeneratedMultiLongGroupingTable2/0x0000000058131400::assignGroup@63
[INFO] [stdout]                                 ; - org.weakref.nitro.operator.GeneratedMultiLongGroupingTable2/0x0000000058131400::assignBatch@123
[INFO] [stdout]             0x00007c2ecfb56dec: be54 1610 | 85d2 0f84 
[INFO] [stdout]             0x00007c2ecfb56df4: ;*ifeq {reexecute=0 rethrow=0 return_oop=0}
[INFO] [stdout]                                 ; - org.weakref.nitro.operator.GeneratedMultiLongGroupingTable2/0x0000000058131400::assignGroup@68
[INFO] [stdout]                                 ; - org.weakref.nitro.operator.GeneratedMultiLongGroupingTable2/0x0000000058131400::assignBatch@123
[INFO] [stdout]             0x00007c2ecfb56df4: f4fc ffff | 0f1f 8400 
[INFO] [stdout]             0x00007c2ecfb56dfc: ;*iload {reexecute=0 rethrow=0 return_oop=0}
[INFO] [stdout]                                 ; - org.weakref.nitro.operator.GeneratedMultiLongGroupingTable2/0x0000000058131400::assignGroup@71
[INFO] [stdout]                                 ; - org.weakref.nitro.operator.GeneratedMultiLongGroupingTable2/0x0000000058131400::assignBatch@123
[INFO] [stdout]             0x00007c2ecfb56dfc: 0000 0000 | 413b d174 
[INFO] [stdout]             0x00007c2ecfb56e04: ;*goto {reexecute=0 rethrow=0 return_oop=0}
[INFO] [stdout]                                 ; - org.weakref.nitro.operator.GeneratedMultiLongGroupingTable2/0x0000000058131400::assignGroup@267
[INFO] [stdout]                                 ; - org.weakref.nitro.operator.GeneratedMultiLongGroupingTable2/0x0000000058131400::assignBatch@123
[INFO] [stdout]             0x00007c2ecfb56e04: 2449 8b4f | 3041 ffc2 
[INFO] [stdout]    0.28%    0x00007c2ecfb56e0c: ; ImmutableOopMap {rdi=NarrowOop rsi=Oop rax=NarrowOop [0]=Oop [32]=Oop [40]=Oop [52]=NarrowOop [56]=NarrowOop [64]=Oop [72]=Oop [80]=Oop [104]=Oop }
[INFO] [stdout]                                 ;*goto {reexecute=1 rethrow=0 return_oop=0}
[INFO] [stdout]                                 ; - (reexecute) org.weakref.nitro.operator.GeneratedMultiLongGroupingTable2/0x0000000058131400::assignGroup@267
[INFO] [stdout]                                 ; - org.weakref.nitro.operator.GeneratedMultiLongGroupingTable2/0x0000000058131400::assignBatch@123
[INFO] [stdout]                                 ;   {poll}
[INFO] [stdout]    0.28%    0x00007c2ecfb56e0c: 4523 d385 
[INFO] [stdout]             0x00007c2ecfb56e10: ;*goto {reexecute=0 rethrow=0 return_oop=0}
[INFO] [stdout]                                 ; - org.weakref.nitro.operator.GeneratedMultiLongGroupingTable2/0x0000000058131400::assignGroup@267
[INFO] [stdout]                                 ; - org.weakref.nitro.operator.GeneratedMultiLongGroupingTable2/0x0000000058131400::assignBatch@123
[INFO] [stdout]             0x00007c2ecfb56e10: 0144 3bd3 | 0f83 2704 | 0000 420f 
[INFO] [stdout]             0x00007c2ecfb56e1c: ;*baload {reexecute=0 rethrow=0 return_oop=0}
[INFO] [stdout]                                 ; - org.weakref.nitro.operator.GeneratedMultiLongGroupingTable2/0x0000000058131400::assignGroup@63
[INFO] [stdout]                                 ; - org.weakref.nitro.operator.GeneratedMultiLongGroupingTable2/0x0000000058131400::assignBatch@123
[INFO] [stdout]             0x00007c2ecfb56e1c: be54 1610 
[INFO] [stdout]    0.50%    0x00007c2ecfb56e20: ;*ifeq {reexecute=0 rethrow=0 return_oop=0}
[INFO] [stdout]                                 ; - org.weakref.nitro.operator.GeneratedMultiLongGroupingTable2/0x0000000058131400::assignGroup@68
[INFO] [stdout]                                 ; - org.weakref.nitro.operator.GeneratedMultiLongGroupingTable2/0x0000000058131400::assignBatch@123
[INFO] [stdout]    0.50%    0x00007c2ecfb56e20: 85d2 75dc | e9c3 fcff | ff47 8d34 
[INFO] [stdout]             0x00007c2ecfb56e2c: ;*imul {reexecute=0 rethrow=0 return_oop=0}
[INFO] [stdout]                                 ; - org.weakref.nitro.operator.GeneratedMultiLongGroupingTable2/0x0000000058131400::assignGroup@81
[INFO] [stdout]                                 ; - org.weakref.nitro.operator.GeneratedMultiLongGroupingTable2/0x0000000058131400::assignBatch@123
[INFO] [stdout]             0x00007c2ecfb56e2c: 5241 8b4c 
[INFO] [stdout]             0x00007c2ecfb56e30: ;*laload {reexecute=0 rethrow=0 return_oop=0}
[INFO] [stdout]                                 ; - org.weakref.nitro.operator.GeneratedMultiLongGroupingTable2/0x0000000058131400::assignGroup@92
[INFO] [stdout]                                 ; - org.weakref.nitro.operator.GeneratedMultiLongGroupingTable2/0x0000000058131400::assignBatch@123
[INFO] [stdout]             0x00007c2ecfb56e30: fc0c 443b | f10f 83fa | 0a00 0041 | 8d56 01c5 | f96e c24d | 8d2c fc4b | 8b6c f510 | 4833 6c24 
[INFO] [stdout]             0x00007c2ecfb56e50: ;*lxor {reexecute=0 rethrow=0 return_oop=0}
[INFO] [stdout]                                 ; - org.weakref.nitro.operator.GeneratedMultiLongGroupingTable2/0x0000000058131400::assignGroup@94
[INFO] [stdout]                                 ; - org.weakref.nitro.operator.GeneratedMultiLongGroupingTable2/0x0000000058131400::assignBatch@123
[INFO] [stdout]             0x00007c2ecfb56e50: 70c5 f97e | c23b d10f | 8387 0b00 | 0049 63ce | 498b 4ccd | 1848 334c | 2478 480b 
[INFO] [stdout]             0x00007c2ecfb56e6c: ;*lor {reexecute=0 rethrow=0 return_oop=0}
[INFO] [stdout]                                 ; - org.weakref.nitro.operator.GeneratedMultiLongGroupingTable2/0x0000000058131400::assignGroup@106
[INFO] [stdout]                                 ; - org.weakref.nitro.operator.GeneratedMultiLongGroupingTable2/0x0000000058131400::assignBatch@123
[INFO] [stdout]             0x00007c2ecfb56e6c: cd75 9645 | 33db 493b | cbbd ffff | ffff 7c08 | 400f 95c5 
[INFO] [stdout]             0x00007c2ecfb56e80: ;*lcmp {reexecute=0 rethrow=0 return_oop=0}
[INFO] [stdout]                                 ; - org.weakref.nitro.operator.GeneratedMultiLongGroupingTable2/0x0000000058131400::assignGroup@108
[INFO] [stdout]                                 ; - org.weakref.nitro.operator.GeneratedMultiLongGroupingTable2/0x0000000058131400::assignBatch@123
[INFO] [stdout] ....................................................................................................
[INFO] [stdout]   39.40%  <total for region 1>
[INFO] [stdout] 
[INFO] [stdout] ....[Hottest Regions]...............................................................................
[INFO] [stdout]   39.40%                    c2, level 4  org.weakref.nitro.operator.GeneratedMultiLongGroupingTable2.0x0000000058131400::assignBatch, version 3, compile id 2785 
[INFO] [stdout]    6.16%                    c2, level 4  org.weakref.nitro.operator.AbstractMultiLongGroupingTable::rehash, version 2, compile id 2488 
[INFO] [stdout]    4.73%                                 <unknown> 
[INFO] [stdout]    3.33%              [kernel.kallsyms]  lock_vma_under_rcu 
[INFO] [stdout]    3.21%                                 <unknown> 
[INFO] [stdout]    3.01%                   runtime stub  StubRoutines::Stub Generator jint_disjoint_arraycopy_stub 
[INFO] [stdout]    2.35%              [kernel.kallsyms]  default_send_IPI_mask_sequence_phys 
[INFO] [stdout]    1.41%              [kernel.kallsyms]  copy_mc_enhanced_fast_string 
[INFO] [stdout]    1.36%                                 <unknown> 
[INFO] [stdout]    1.13%  snappy9782015533766859215.tmp  [unknown] 
[INFO] [stdout]    1.09%                    c2, level 4  org.weakref.nitro.parquet.ColumnReader::decodeDataPageV1, version 2, compile id 3949 
[INFO] [stdout]    1.08%                    c2, level 4  org.weakref.nitro.operator.TopNState::compareOrderingValue, version 2, compile id 3609 
[INFO] [stdout]    0.92%                   runtime stub  StubRoutines::Stub Generator jlong_disjoint_arraycopy_stub 
[INFO] [stdout]    0.92%                    c2, level 4  org.weakref.nitro.operator.AbstractMultiLongGroupingTable::rehash, version 2, compile id 2488 
[INFO] [stdout]    0.79%                   runtime stub  StubRoutines::Stub Generator jbyte_disjoint_arraycopy_stub 
[INFO] [stdout]    0.79%                    c2, level 4  org.weakref.nitro.operator.TopNState::compareOrderingValue, version 2, compile id 3609 
[INFO] [stdout]    0.74%                                 <unknown> 
[INFO] [stdout]    0.73%                   runtime stub  StubRoutines::Stub Generator jlong_disjoint_arraycopy_stub 
[INFO] [stdout]    0.67%                   runtime stub  StubRoutines::Stub Generator arrayof_jbyte_fill_stub 
[INFO] [stdout]    0.63%              [kernel.kallsyms]  mas_walk 
[INFO] [stdout]   25.56%  <...other 680 warm regions...>
[INFO] [stdout] ....................................................................................................
[INFO] [stdout]  100.00%  <totals>
[INFO] [stdout] 
[INFO] [stdout] ....[Hottest Methods (after inlining)]..............................................................
[INFO] [stdout]   39.42%                    c2, level 4  org.weakref.nitro.operator.GeneratedMultiLongGroupingTable2.0x0000000058131400::assignBatch, version 3, compile id 2785 
[INFO] [stdout]   11.80%                                 <unknown> 
[INFO] [stdout]    7.22%                    c2, level 4  org.weakref.nitro.operator.AbstractMultiLongGroupingTable::rehash, version 2, compile id 2488 
[INFO] [stdout]    3.35%              [kernel.kallsyms]  lock_vma_under_rcu 
[INFO] [stdout]    3.30%                    c2, level 4  org.weakref.nitro.operator.TopNState::compareOrderingValue, version 2, compile id 3609 
[INFO] [stdout]    3.06%                   runtime stub  StubRoutines::Stub Generator jint_disjoint_arraycopy_stub 
[INFO] [stdout]    2.91%                    c2, level 4  org.weakref.nitro.parquet.ColumnReader::decodeDataPageV1, version 2, compile id 3949 
[INFO] [stdout]    2.44%              [kernel.kallsyms]  default_send_IPI_mask_sequence_phys 
[INFO] [stdout]    2.10%  snappy9782015533766859215.tmp  [unknown] 
[INFO] [stdout]    1.86%                   runtime stub  StubRoutines::Stub Generator jlong_disjoint_arraycopy_stub 
[INFO] [stdout]    1.46%              [kernel.kallsyms]  mas_walk 
[INFO] [stdout]    1.41%              [kernel.kallsyms]  copy_mc_enhanced_fast_string 
[INFO] [stdout]    1.26%                    c2, level 4  org.weakref.nitro.parquet.RleReader::readBitPacked, version 6, compile id 2516 
[INFO] [stdout]    1.18%                   runtime stub  StubRoutines::Stub Generator jbyte_disjoint_arraycopy_stub 
[INFO] [stdout]    0.73%                    c2, level 4  org.weakref.nitro.operator.aggregation.Avg::initialize, version 2, compile id 3545 
[INFO] [stdout]    0.67%                   runtime stub  StubRoutines::Stub Generator arrayof_jbyte_fill_stub 
[INFO] [stdout]    0.65%                   runtime stub  StubRoutines::Stub Generator jint_fill_stub 
[INFO] [stdout]    0.56%              [kernel.kallsyms]  isolate_migratepages_block 
[INFO] [stdout]    0.50%                    c2, level 4  org.weakref.nitro.parquet.RleReader::readUleb128, version 4, compile id 2191 
[INFO] [stdout]    0.46%              [kernel.kallsyms]  clear_page_erms 
[INFO] [stdout]   13.67%  <...other 382 warm methods...>
[INFO] [stdout] ....................................................................................................
[INFO] [stdout]  100.00%  <totals>
[INFO] [stdout] 
[INFO] [stdout] ....[Distribution by Source]........................................................................
[INFO] [stdout]   59.10%                    c2, level 4
[INFO] [stdout]   14.84%              [kernel.kallsyms]
[INFO] [stdout]   11.80%                               
[INFO] [stdout]    7.88%                   runtime stub
[INFO] [stdout]    2.55%                      libjvm.so
[INFO] [stdout]    2.10%  snappy9782015533766859215.tmp
[INFO] [stdout]    0.77%                    interpreter
[INFO] [stdout]    0.33%                      libc.so.6
[INFO] [stdout]    0.31%               perf-1089999.map
[INFO] [stdout]    0.11%                    c1, level 3
[INFO] [stdout]    0.06%               Unknown, level 0
[INFO] [stdout]    0.06%           ld-linux-x86-64.so.2
[INFO] [stdout]    0.05%                    c1, level 1
[INFO] [stdout]    0.01%                         [vdso]
[INFO] [stdout]    0.01%                 [nf_conntrack]
[INFO] [stdout]    0.01%                       [rfcomm]
[INFO] [stdout] ....................................................................................................
[INFO] [stdout]  100.00%  <totals>
[INFO] [stdout] 
[INFO] [stdout] 
[INFO] [stdout] 
[INFO] [stdout] # Run complete. Total time: 00:00:31
[INFO] [stdout] 
[INFO] [stdout] REMEMBER: The numbers below are just data. To gain reusable insights, you need to follow up on
[INFO] [stdout] why the numbers are the way they are. Use profilers (see -prof, -lprof), design factorial
[INFO] [stdout] experiments, perform baseline and negative tests that provide experimental control, make sure
[INFO] [stdout] the benchmarking environment is safe on JVM/OS/HW level, ask for reviews from the domain experts.
[INFO] [stdout] Do not assume the numbers tell you what you want them to tell.
[INFO] [stdout] 
[INFO] [stdout] NOTE: Current JVM experimentally supports Compiler Blackholes, and they are in use. Please exercise
[INFO] [stdout] extra caution when trusting the results, look into the generated code to check the benchmark still
[INFO] [stdout] works, and factor in a small probability of new VM bugs. Additionally, while comparisons between
[INFO] [stdout] different JVMs are already problematic, the performance difference caused by different Blackhole
[INFO] [stdout] modes can be very significant. Please make sure you use the consistent Blackhole mode for comparisons.
[INFO] [stdout] 
[INFO] [stdout] Benchmark                     Mode  Cnt     Score       Error  Units
[INFO] [stdout] BenchmarkQueries.query32      avgt    3  3513.905 ± 14687.605  ms/op
[INFO] [stdout] BenchmarkQueries.query32:asm  avgt            NaN                ---
[INFO] ------------------------------------------------------------------------
[INFO] BUILD SUCCESS
[INFO] ------------------------------------------------------------------------
[INFO] Total time:  31.635 s (Wall Clock)
[INFO] Finished at: 2026-07-22T08:45:58Z
[INFO] ------------------------------------------------------------------------
[INFO] Njord session closed
