Execution time: 1.13s
Managed allocation bytes: 6448742400
Managed allocation count: 0
Managed peak bytes: 153092096
Result rows: 100
OperatorWall: Aggregation=374.5 CallbackSink=0.1 FilterProject=69.6 HashBuild=10.7 HashProbe=37.9 TableScan=585.7 TopN=5.0
OperatorRows(in/out): Aggregation=13068825/4575576 CallbackSink=100/0 FilterProject=13168013/10939091 HashBuild=102884/0 HashProbe=13383317/13383317 TableScan=11005782/11005782 TopN=180727/100
ScanWall: 585.7ms  ComputeWall: 497.7ms  (sum 1083.4ms)
PerNode:
  node=12 TableScan raw=28800991 in=5314372 out=5314372
  node=13 HashProbe raw=0 in=5314372 out=5314372
  node=14 FilterProject raw=0 in=5314372 out=5314372
  node=15 Aggregation raw=0 in=5314372 out=2264281
    hashtable.numRehashes=11 count=1 min=11 max=11
    hashtable.hashMode=2 count=1 min=2 max=2
    hashtable.numDistinct=2264281 count=1 min=2264281 max=2264281
    hashtable.capacity=4194304 count=1 min=4194304 max=4194304
  node=16 HashProbe raw=0 in=2264281 out=2264281
  node=17 FilterProject raw=0 in=2264281 out=180727
  node=18 HashProbe raw=0 in=180727 out=180727
  node=19 HashProbe raw=0 in=180727 out=180727
  node=10 TableScan raw=73049 in=73049 out=73049
  node=11 FilterProject raw=0 in=73049 out=365
  node=2 TableScan raw=28800991 in=5443210 out=5443210
  node=3 HashProbe raw=0 in=5443210 out=5443210
  node=4 FilterProject raw=0 in=5443210 out=5443210
  node=5 Aggregation raw=0 in=5443210 out=2311243
    hashtable.numRehashes=11 count=1 min=11 max=11
    hashtable.hashMode=2 count=1 min=2 max=2
    hashtable.numDistinct=2311243 count=1 min=2311243 max=2311243
    hashtable.capacity=4194304 count=1 min=4194304 max=4194304
  node=6 Aggregation raw=0 in=2311243 out=52
    hashtable.capacity=203 count=1 min=203 max=203
    hashtable.hashMode=1 count=1 min=1 max=1
    hashtable.numDistinct=52 count=1 min=52 max=52
    hashtable.numRehashes=1 count=1 min=1 max=1
  node=7 FilterProject raw=0 in=52 out=52
  node=0 TableScan raw=73049 in=73049 out=73049
  node=1 FilterProject raw=0 in=73049 out=365
  node=8 TableScan raw=102 in=102 out=102
  node=9 TableScan raw=102000 in=102000 out=102000
