Execution time: 2.06s
Managed allocation bytes: 8305770496
Managed allocation count: 0
Managed peak bytes: 370147328
Result rows: 100
OperatorWall: Aggregation=762.2 CallbackSink=0.1 FilterProject=23.0 HashBuild=140.6 HashProbe=483.9 TableScan=546.3 TopN=0.4
OperatorRows(in/out): Aggregation=13588129/828996 CallbackSink=100/0 FilterProject=13888987/13593892 HashBuild=2522481/0 HashProbe=27973736/27415433 TableScan=16139315/16139315 TopN=4303/100
ScanWall: 546.3ms  ComputeWall: 1410.2ms  (sum 1956.5ms)
PerNode:
  node=27 TableScan raw=28800991 in=5470761 out=5470761
  node=28 HashProbe raw=0 in=5470761 out=5342150
  node=29 HashProbe raw=0 in=5342150 out=5342150
  node=30 FilterProject raw=0 in=5342150 out=5342150
  node=31 Aggregation raw=0 in=5342150 out=307975
    hashtable.hashMode=0 count=1 min=0 max=0
    hashtable.numDistinct=307975 count=1 min=307975 max=307975
    hashtable.capacity=524288 count=1 min=524288 max=524288
    hashtable.numRehashes=22 count=1 min=22 max=22
  node=32 HashProbe raw=0 in=307975 out=190004
  node=33 HashProbe raw=0 in=190004 out=40509
  node=34 HashProbe raw=0 in=40509 out=8662
  node=36 FilterProject raw=0 in=8662 out=4303
  node=24 TableScan raw=500000 in=500000 out=500000
  node=25 TableScan raw=73049 in=73049 out=73049
  node=26 FilterProject raw=0 in=73049 out=365
  node=3 TableScan raw=28800991 in=5504626 out=5504626
  node=4 HashProbe raw=0 in=5504626 out=5374584
  node=5 HashProbe raw=0 in=5374584 out=5374584
  node=6 FilterProject raw=0 in=5374584 out=5374584
  node=7 Aggregation raw=0 in=5374584 out=308213
    hashtable.hashMode=0 count=1 min=0 max=0
    hashtable.numDistinct=308213 count=1 min=308213 max=308213
    hashtable.capacity=524288 count=1 min=524288 max=524288
    hashtable.numRehashes=22 count=1 min=22 max=22
  node=0 TableScan raw=500000 in=500000 out=500000
  node=1 TableScan raw=73049 in=73049 out=73049
  node=2 FilterProject raw=0 in=73049 out=365
  node=11 TableScan raw=7197566 in=1432886 out=1432886
  node=12 HashProbe raw=0 in=1432886 out=1432723
  node=13 HashProbe raw=0 in=1432723 out=1432723
  node=14 FilterProject raw=0 in=1432723 out=1432723
  node=15 Aggregation raw=0 in=1432723 out=106184
    hashtable.hashMode=0 count=1 min=0 max=0
    hashtable.numDistinct=106184 count=1 min=106184 max=106184
    hashtable.capacity=262144 count=1 min=262144 max=262144
    hashtable.numRehashes=23 count=1 min=23 max=23
  node=8 TableScan raw=500000 in=500000 out=500000
  node=9 TableScan raw=73049 in=73049 out=73049
  node=10 FilterProject raw=0 in=73049 out=365
  node=19 TableScan raw=7197566 in=1438846 out=1438846
  node=20 HashProbe raw=0 in=1438846 out=1438672
  node=21 HashProbe raw=0 in=1438672 out=1438672
  node=22 FilterProject raw=0 in=1438672 out=1438672
  node=23 Aggregation raw=0 in=1438672 out=106624
    hashtable.hashMode=0 count=1 min=0 max=0
    hashtable.numDistinct=106624 count=1 min=106624 max=106624
    hashtable.capacity=262144 count=1 min=262144 max=262144
    hashtable.numRehashes=22 count=1 min=22 max=22
  node=16 TableScan raw=500000 in=500000 out=500000
  node=17 TableScan raw=73049 in=73049 out=73049
  node=18 FilterProject raw=0 in=73049 out=365
