Execution time: 56ms
Managed allocation bytes: 57671680
Managed allocation count: 0
Managed peak bytes: 17825792
Result rows: 1
OperatorWall: Aggregation=3.6 CallbackSink=0.0 FilterProject=1.1 HashBuild=2.1 HashProbe=1.5 TableScan=42.8
OperatorRows(in/out): Aggregation=205568/50068 CallbackSink=1/0 FilterProject=298328/50402 HashBuild=50349/0 HashProbe=206004/206004 TableScan=453776/453776
ScanWall: 42.8ms  ComputeWall: 8.4ms  (sum 51.2ms)
PerNode:
  node=10 TableScan raw=7197566 in=163 out=163
  node=11 HashProbe raw=0 in=163 out=163
  node=12 HashProbe raw=0 in=163 out=163
  node=13 HashProbe raw=0 in=163 out=163
  node=14 FilterProject raw=0 in=163 out=53
  node=15 Aggregation raw=0 in=53 out=1
  node=8 TableScan raw=102000 in=102000 out=102000
  node=9 FilterProject raw=0 in=102000 out=100
  node=6 TableScan raw=73049 in=73049 out=73049
  node=7 FilterProject raw=0 in=73049 out=91
  node=2 TableScan raw=7197566 in=205515 out=205515
  node=3 HashProbe raw=0 in=205515 out=205515
  node=4 Aggregation raw=0 in=205515 out=50067
    hashtable.hashMode=1 count=1 min=1 max=1
    hashtable.numDistinct=50067 count=1 min=50067 max=50067
    hashtable.capacity=199922 count=1 min=199922 max=199922
    hashtable.numRehashes=1 count=1 min=1 max=1
  node=5 FilterProject raw=0 in=50067 out=50067
  node=0 TableScan raw=73049 in=73049 out=73049
  node=1 FilterProject raw=0 in=73049 out=91
