NOTE: Picked up JDK_JAVA_OPTIONS: -XX:+UseG1GC -XX:G1HeapRegionSize=64m -XX:-HeapDumpOnOutOfMemoryError -XX:ActiveProcessorCount=6 -Dcork.benchmark.task-concurrency=4 -Dcork.benchmark.expected-mode=CPU -Dcork.benchmark.required-nitro-code-source-root=/home/martin/src/nitro.opt -Dcork.benchmark.output-directory=/home/martin/src/nitro.opt/benchmarks/trino-integration/20260818-engine-coverage-breadth-smoke/cork
Aug 18, 2026 2:17:56 AM io.airlift.log.Logger warn
WARNING: No .git ancestor of /home/martin/src/nitro.opt; falling back to user.home (/root) as project root
Aug 18, 2026 2:17:57 AM io.airlift.log.Logger info
INFO: Launching benchmark JVM with -Xms12288m -Xmx12288m
NOTE: Picked up JDK_JAVA_OPTIONS: -XX:+UseG1GC -XX:G1HeapRegionSize=64m -XX:-HeapDumpOnOutOfMemoryError -XX:ActiveProcessorCount=6 -Dcork.benchmark.task-concurrency=4 -Dcork.benchmark.expected-mode=CPU -Dcork.benchmark.required-nitro-code-source-root=/home/martin/src/nitro.opt -Dcork.benchmark.output-directory=/home/martin/src/nitro.opt/benchmarks/trino-integration/20260818-engine-coverage-breadth-smoke/cork
WARNING: Using incubator modules: jdk.incubator.vector
Aug 18, 2026 2:17:57 AM io.airlift.log.Logger warn
WARNING: No .git ancestor of /home/martin/src/nitro.opt; falling back to user.home (/root) as project root
Aug 18, 2026 2:17:57 AM io.airlift.log.Logger info
INFO: Per-iteration EXPLAIN ANALYZE plans will be written under /home/martin/src/nitro.opt/benchmarks/trino-integration/20260818-engine-coverage-breadth-smoke/cork/engine-coverage/explain
Aug 18, 2026 2:17:57 AM io.airlift.log.Logger info
INFO: Benchmark task concurrency: 4
2026-08-18T02:17:57.981Z	INFO	main	io.airlift.log.Logging	Logging to stderr
2026-08-18T02:17:58.048Z	INFO	main	stderr	SLF4J(W): Class path contains multiple SLF4J providers.
2026-08-18T02:17:58.048Z	INFO	main	stderr	SLF4J(W): Found provider [org.slf4j.jul.JULServiceProvider@408b87aa]
2026-08-18T02:17:58.048Z	INFO	main	stderr	SLF4J(W): Found provider [org.slf4j.nop.NOPServiceProvider@79b08632]
2026-08-18T02:17:58.048Z	INFO	main	stderr	SLF4J(W): See https://www.slf4j.org/codes.html#multiple_bindings for an explanation.
2026-08-18T02:17:58.048Z	INFO	main	stderr	SLF4J(I): Actual provider is of type [org.slf4j.jul.JULServiceProvider@408b87aa]
WARNING: A terminally deprecated method in sun.misc.Unsafe has been called
WARNING: sun.misc.Unsafe::staticFieldBase has been called by com.google.inject.internal.aop.HiddenClassDefiner (file:/root/.m2/repository/remote-cache/com/google/inject/guice/7.0.0/guice-7.0.0-classes.jar)
WARNING: Please consider reporting this to the maintainers of class com.google.inject.internal.aop.HiddenClassDefiner
WARNING: sun.misc.Unsafe::staticFieldBase will be removed in a future release
2026-08-18T02:17:58.692Z	INFO	main	io.trino.simd.BlockEncodingSimdSupport	Detected SIMD Support for architecture=amd64, vectorBitWidth=512: SimdSupport[capabilities=[NULL_BIT_PACKING, COMPRESS_BYTE, EXPAND_BYTE, COMPRESS_SHORT, EXPAND_SHORT, COMPRESS_INT, EXPAND_INT, COMPRESS_LONG, EXPAND_LONG]]
WARNING: A restricted method in java.lang.System has been called
WARNING: java.lang.System::loadLibrary has been called by com.aayushatharva.brotli4j.Brotli4jLoader in an unnamed module (file:/root/.m2/repository/remote-cache/com/aayushatharva/brotli4j/brotli4j/1.23.0/brotli4j-1.23.0.jar)
WARNING: Use --enable-native-access=ALL-UNNAMED to avoid a warning for callers in this module
WARNING: Restricted methods will be blocked in a future release unless native access is enabled

2026-08-18T02:17:59.804Z	INFO	main	io.trino.testing.DistributedQueryRunner	Created DistributedQueryRunner in 1.83s (unclosed instances = 1)
2026-08-18T02:17:59.805Z	INFO	main	io.trino.exchange.ExchangeManagerRegistry	-- Loading exchange manager filesystem --
2026-08-18T02:17:59.819Z	INFO	main	io.trino.exchange.ExchangeManagerRegistry	-- Loaded exchange manager filesystem --
2026-08-18T02:18:00.140Z	INFO	main	io.trino.tests.benchmark.BenchmarkRunner	Running Trino at http://127.0.0.1:35789 (mode=CPU)
2026-08-18T02:18:00.140Z	INFO	main	io.trino.tests.benchmark.BenchmarkRunner	Running engine-coverage benchmark: 0 suite warmup, 0 warmup, 1 measured runs, reporting average
2026-08-18T02:18:00.140Z	INFO	main	io.trino.tests.benchmark.BenchmarkRunner	Verifying table statistics for 0 table(s): []
2026-08-18T02:18:02.441Z	INFO	main	io.trino.tests.benchmark.BenchmarkRunner	Average for q01: 2256 ms (execution 2220 ms, CPU 1880 ms, peak memory 8.03MB)
2026-08-18T02:18:04.355Z	INFO	main	io.trino.tests.benchmark.BenchmarkRunner	Average for q02: 1899 ms (execution 1895 ms, CPU 1840 ms, peak memory 8.38MB)
2026-08-18T02:18:05.715Z	INFO	main	io.trino.tests.benchmark.BenchmarkRunner	Average for q03: 1349 ms (execution 1347 ms, CPU 1280 ms, peak memory 8.03MB)
2026-08-18T02:18:07.124Z	INFO	main	io.trino.tests.benchmark.BenchmarkRunner	Average for q04: 1401 ms (execution 1397 ms, CPU 1320 ms, peak memory 8.03MB)
2026-08-18T02:18:07.124Z	INFO	main	io.trino.tests.benchmark.BenchmarkRunner	Sum of averages for all queries: 6905 ms (execution 6859 ms)
2026-08-18T02:18:07.125Z	INFO	main	io.trino.tests.benchmark.BenchmarkRunner	Wrote per-query timings to /home/martin/src/nitro.opt/benchmarks/trino-integration/20260818-engine-coverage-breadth-smoke/cork/engine-coverage/timings.csv
