[INFO] Processing build on daemon c260af31
[INFO] Scanning for projects...
[INFO] Njord 0.9.4 session created
[INFO] BuildTimeEventSpy is registered.
[INFO] 
[INFO] Using the SmartBuilder implementation with a thread count of 7
[INFO] 
[INFO] -------------------------< org.weakref:nitro >--------------------------
[INFO] Building nitro 1-SNAPSHOT
[INFO]   from pom.xml
[INFO] --------------------------------[ jar ]---------------------------------
[WARNING] 2 problems were encountered while building the effective model for org.apache.yetus:audience-annotations:jar:0.5.0 during dependency collection step for project (use -X to see details)
[INFO] 
[INFO] --- exec:3.6.1:exec (benchmark) @ nitro ---
[WARNING] [stderr] WARNING: Using incubator modules: jdk.incubator.vector
[WARNING] [stderr] WARNING: A terminally deprecated method in sun.misc.Unsafe has been called
[WARNING] [stderr] WARNING: sun.misc.Unsafe::objectFieldOffset has been called by org.openjdk.jmh.util.Utils (file:/root/.m2/repository/org/openjdk/jmh/jmh-core/1.37/jmh-core-1.37.jar)
[WARNING] [stderr] WARNING: Please consider reporting this to the maintainers of class org.openjdk.jmh.util.Utils
[WARNING] [stderr] WARNING: sun.misc.Unsafe::objectFieldOffset will be removed in a future release
[INFO] [stdout] # JMH version: 1.37
[INFO] [stdout] # VM version: JDK 26.0.1, OpenJDK 64-Bit Server VM, 26.0.1+8
[INFO] [stdout] # VM invoker: /opt/java/openjdk/bin/java
[INFO] [stdout] # VM options: --enable-preview --add-modules=jdk.incubator.vector -Dnitro.clickbench.hits.path= -Xmx12g -XX:+UseTransparentHugePages -Dnitro.clickbench.hits.path=/root/data/clickbench -Dnitro.flatGrouping.identityGroupIds=false
[INFO] [stdout] # Blackhole mode: compiler (auto-detected, use -Djmh.blackhole.autoDetect=false to disable)
[INFO] [stdout] # Warmup: 3 iterations, 1 s each
[INFO] [stdout] # Measurement: 5 iterations, 1 s each
[INFO] [stdout] # Timeout: 10 min per iteration
[INFO] [stdout] # Threads: 1 thread, will synchronize iterations
[INFO] [stdout] # Benchmark mode: Average time, time/op
[INFO] [stdout] # Benchmark: org.weakref.nitro.clickbench.BenchmarkQueries.query06
[INFO] [stdout] 
[INFO] [stdout] # Run progress: 0.00% complete, ETA 00:00:08
[INFO] [stdout] # Fork: 1 of 1
[INFO] [stdout] # Preparing profilers: LinuxPerfNormProfiler 
[INFO] [stdout] # Profilers consume stderr from target VM, use -v EXTRA to copy to console
[INFO] [stdout] # Warmup Iteration   1: 3653.560 ms/op
[INFO] [stdout] # Warmup Iteration   2: 3346.539 ms/op
[INFO] [stdout] # Warmup Iteration   3: 3161.468 ms/op
[INFO] [stdout] Iteration   1: 3193.682 ms/op
[INFO] [stdout]                  gc.alloc.rate:      197.587 MB/sec
[INFO] [stdout]                  gc.alloc.rate.norm: 661714608.000 B/op
[INFO] [stdout]                  gc.count:           4.000 counts
[INFO] [stdout]                  gc.time:            11.000 ms
[INFO] [stdout] 
[INFO] [stdout] Iteration   2: 3164.892 ms/op
[INFO] [stdout]                  gc.alloc.rate:      199.066 MB/sec
[INFO] [stdout]                  gc.alloc.rate.norm: 660654720.000 B/op
[INFO] [stdout]                  gc.count:           1.000 counts
[INFO] [stdout]                  gc.time:            7.000 ms
[INFO] [stdout] 
[INFO] [stdout] Iteration   3: 3179.536 ms/op
[INFO] [stdout]                  gc.alloc.rate:      198.186 MB/sec
[INFO] [stdout]                  gc.alloc.rate.norm: 660776136.000 B/op
[INFO] [stdout]                  gc.count:           4.000 counts
[INFO] [stdout]                  gc.time:            12.000 ms
[INFO] [stdout] 
[INFO] [stdout] Iteration   4: 3184.579 ms/op
[INFO] [stdout]                  gc.alloc.rate:      197.751 MB/sec
[INFO] [stdout]                  gc.alloc.rate.norm: 660371984.000 B/op
[INFO] [stdout]                  gc.count:           ≈ 0 counts
[INFO] [stdout] 
[INFO] [stdout] Iteration   5: 3148.993 ms/op
[INFO] [stdout]                  gc.alloc.rate:      200.054 MB/sec
[INFO] [stdout]                  gc.alloc.rate.norm: 660604432.000 B/op
[INFO] [stdout]                  gc.count:           1.000 counts
[INFO] [stdout]                  gc.time:            2.000 ms
[INFO] [stdout] 
[INFO] [stdout] # Processing profiler results: LinuxPerfNormProfiler 
[INFO] [stdout] 
[INFO] [stdout] 
[INFO] [stdout] Result "org.weakref.nitro.clickbench.BenchmarkQueries.query06":
[INFO] [stdout]   3174.336 ±(99.9%) 67.735 ms/op [Average]
[INFO] [stdout]   (min, avg, max) = (3148.993, 3174.336, 3193.682), stdev = 17.590
[INFO] [stdout]   CI (99.9%): [3106.602, 3242.071] (assumes normal distribution)
[INFO] [stdout] 
[INFO] [stdout] Secondary result "org.weakref.nitro.clickbench.BenchmarkQueries.query06:CPI":
[INFO] [stdout]   0.282 clks/insn
[INFO] [stdout] 
[INFO] [stdout] Secondary result "org.weakref.nitro.clickbench.BenchmarkQueries.query06:IPC":
[INFO] [stdout]   3.551 insns/clk
[INFO] [stdout] 
[INFO] [stdout] Secondary result "org.weakref.nitro.clickbench.BenchmarkQueries.query06:L1-dcache-load-misses":
[INFO] [stdout]   326318585.592 #/op
[INFO] [stdout] 
[INFO] [stdout] Secondary result "org.weakref.nitro.clickbench.BenchmarkQueries.query06:L1-dcache-loads":
[INFO] [stdout]   28628765692.914 #/op
[INFO] [stdout] 
[INFO] [stdout] Secondary result "org.weakref.nitro.clickbench.BenchmarkQueries.query06:L1-icache-load-misses":
[INFO] [stdout]   6333053.454 #/op
[INFO] [stdout] 
[INFO] [stdout] Secondary result "org.weakref.nitro.clickbench.BenchmarkQueries.query06:L1-icache-loads":
[INFO] [stdout]   89128633.479 #/op
[INFO] [stdout] 
[INFO] [stdout] Secondary result "org.weakref.nitro.clickbench.BenchmarkQueries.query06:branch-misses":
[INFO] [stdout]   112124054.303 #/op
[INFO] [stdout] 
[INFO] [stdout] Secondary result "org.weakref.nitro.clickbench.BenchmarkQueries.query06:branches":
[INFO] [stdout]   11510810457.969 #/op
[INFO] [stdout] 
[INFO] [stdout] Secondary result "org.weakref.nitro.clickbench.BenchmarkQueries.query06:cycles":
[INFO] [stdout]   17157652073.320 #/op
[INFO] [stdout] 
[INFO] [stdout] Secondary result "org.weakref.nitro.clickbench.BenchmarkQueries.query06:dTLB-load-misses":
[INFO] [stdout]   213678.940 #/op
[INFO] [stdout] 
[INFO] [stdout] Secondary result "org.weakref.nitro.clickbench.BenchmarkQueries.query06:dTLB-loads":
[INFO] [stdout]   11260609.681 #/op
[INFO] [stdout] 
[INFO] [stdout] Secondary result "org.weakref.nitro.clickbench.BenchmarkQueries.query06:gc.alloc.rate":
[INFO] [stdout]   198.529 ±(99.9%) 3.957 MB/sec [Average]
[INFO] [stdout]   (min, avg, max) = (197.587, 198.529, 200.054), stdev = 1.028
[INFO] [stdout]   CI (99.9%): [194.572, 202.486] (assumes normal distribution)
[INFO] [stdout] 
[INFO] [stdout] Secondary result "org.weakref.nitro.clickbench.BenchmarkQueries.query06:gc.alloc.rate.norm":
[INFO] [stdout]   660824376.000 ±(99.9%) 1997754.330 B/op [Average]
[INFO] [stdout]   (min, avg, max) = (660371984.000, 660824376.000, 661714608.000), stdev = 518810.455
[INFO] [stdout]   CI (99.9%): [658826621.670, 662822130.330] (assumes normal distribution)
[INFO] [stdout] 
[INFO] [stdout] Secondary result "org.weakref.nitro.clickbench.BenchmarkQueries.query06:gc.count":
[INFO] [stdout]   10.000 ±(99.9%) 0.001 counts [Sum]
[INFO] [stdout]   (min, avg, max) = (≈ 0, 2.000, 4.000), stdev = 1.871
[INFO] [stdout]   CI (99.9%): [10.000, 10.000] (assumes normal distribution)
[INFO] [stdout] 
[INFO] [stdout] Secondary result "org.weakref.nitro.clickbench.BenchmarkQueries.query06:gc.time":
[INFO] [stdout]   32.000 ±(99.9%) 0.001 ms [Sum]
[INFO] [stdout]   (min, avg, max) = (≈ 0, 6.400, 12.000), stdev = 5.320
[INFO] [stdout]   CI (99.9%): [32.000, 32.000] (assumes normal distribution)
[INFO] [stdout] 
[INFO] [stdout] Secondary result "org.weakref.nitro.clickbench.BenchmarkQueries.query06:iTLB-load-misses":
[INFO] [stdout]   29222.976 #/op
[INFO] [stdout] 
[INFO] [stdout] Secondary result "org.weakref.nitro.clickbench.BenchmarkQueries.query06:iTLB-loads":
[INFO] [stdout]   1570145.531 #/op
[INFO] [stdout] 
[INFO] [stdout] Secondary result "org.weakref.nitro.clickbench.BenchmarkQueries.query06:instructions":
[INFO] [stdout]   60923681392.290 #/op
[INFO] [stdout] 
[INFO] [stdout] Secondary result "org.weakref.nitro.clickbench.BenchmarkQueries.query06:stalled-cycles-frontend":
[INFO] [stdout]   2721913156.702 #/op
[INFO] [stdout] 
[INFO] [stdout] 
[INFO] [stdout] # Run complete. Total time: 00:00:26
[INFO] [stdout] 
[INFO] [stdout] REMEMBER: The numbers below are just data. To gain reusable insights, you need to follow up on
[INFO] [stdout] why the numbers are the way they are. Use profilers (see -prof, -lprof), design factorial
[INFO] [stdout] experiments, perform baseline and negative tests that provide experimental control, make sure
[INFO] [stdout] the benchmarking environment is safe on JVM/OS/HW level, ask for reviews from the domain experts.
[INFO] [stdout] Do not assume the numbers tell you what you want them to tell.
[INFO] [stdout] 
[INFO] [stdout] NOTE: Current JVM experimentally supports Compiler Blackholes, and they are in use. Please exercise
[INFO] [stdout] extra caution when trusting the results, look into the generated code to check the benchmark still
[INFO] [stdout] works, and factor in a small probability of new VM bugs. Additionally, while comparisons between
[INFO] [stdout] different JVMs are already problematic, the performance difference caused by different Blackhole
[INFO] [stdout] modes can be very significant. Please make sure you use the consistent Blackhole mode for comparisons.
[INFO] [stdout] 
[INFO] [stdout] Benchmark                                         Mode  Cnt            Score         Error      Units
[INFO] [stdout] BenchmarkQueries.query06                          avgt    5         3174.336 ±      67.735      ms/op
[INFO] [stdout] BenchmarkQueries.query06:CPI                      avgt                 0.282                clks/insn
[INFO] [stdout] BenchmarkQueries.query06:IPC                      avgt                 3.551                insns/clk
[INFO] [stdout] BenchmarkQueries.query06:L1-dcache-load-misses    avgt         326318585.592                     #/op
[INFO] [stdout] BenchmarkQueries.query06:L1-dcache-loads          avgt       28628765692.914                     #/op
[INFO] [stdout] BenchmarkQueries.query06:L1-icache-load-misses    avgt           6333053.454                     #/op
[INFO] [stdout] BenchmarkQueries.query06:L1-icache-loads          avgt          89128633.479                     #/op
[INFO] [stdout] BenchmarkQueries.query06:branch-misses            avgt         112124054.303                     #/op
[INFO] [stdout] BenchmarkQueries.query06:branches                 avgt       11510810457.969                     #/op
[INFO] [stdout] BenchmarkQueries.query06:cycles                   avgt       17157652073.320                     #/op
[INFO] [stdout] BenchmarkQueries.query06:dTLB-load-misses         avgt            213678.940                     #/op
[INFO] [stdout] BenchmarkQueries.query06:dTLB-loads               avgt          11260609.681                     #/op
[INFO] [stdout] BenchmarkQueries.query06:gc.alloc.rate            avgt    5          198.529 ±       3.957     MB/sec
[INFO] [stdout] BenchmarkQueries.query06:gc.alloc.rate.norm       avgt    5    660824376.000 ± 1997754.330       B/op
[INFO] [stdout] BenchmarkQueries.query06:gc.count                 avgt    5           10.000                   counts
[INFO] [stdout] BenchmarkQueries.query06:gc.time                  avgt    5           32.000                       ms
[INFO] [stdout] BenchmarkQueries.query06:iTLB-load-misses         avgt             29222.976                     #/op
[INFO] [stdout] BenchmarkQueries.query06:iTLB-loads               avgt           1570145.531                     #/op
[INFO] [stdout] BenchmarkQueries.query06:instructions             avgt       60923681392.290                     #/op
[INFO] [stdout] BenchmarkQueries.query06:stalled-cycles-frontend  avgt        2721913156.702                     #/op
[INFO] [stdout] 
[INFO] [stdout] Benchmark result is saved to benchmarks/sweeps/20260717-targeted/nitro-clickbench-q06-identity-record-off-b.json
[INFO] ------------------------------------------------------------------------
[INFO] BUILD SUCCESS
[INFO] ------------------------------------------------------------------------
[INFO] Total time:  27.101 s (Wall Clock)
[INFO] Finished at: 2026-07-17T10:16:40Z
[INFO] ------------------------------------------------------------------------
[INFO] Njord session closed
