[INFO] Processing build on daemon e90ae550
[INFO] Scanning for projects...
[INFO] Njord 0.9.4 session created
[INFO] BuildTimeEventSpy is registered.
[INFO] 
[INFO] Using the SmartBuilder implementation with a thread count of 7
[INFO] 
[INFO] -------------------------< org.weakref:nitro >--------------------------
[INFO] Building nitro 1-SNAPSHOT
[INFO]   from pom.xml
[INFO] --------------------------------[ jar ]---------------------------------
[WARNING] 2 problems were encountered while building the effective model for org.apache.yetus:audience-annotations:jar:0.5.0 during dependency collection step for project (use -X to see details)
[INFO] 
[INFO] --- exec:3.6.1:exec (benchmark) @ nitro ---
[WARNING] [stderr] WARNING: Using incubator modules: jdk.incubator.vector
[WARNING] [stderr] WARNING: A terminally deprecated method in sun.misc.Unsafe has been called
[WARNING] [stderr] WARNING: sun.misc.Unsafe::objectFieldOffset has been called by org.openjdk.jmh.util.Utils (file:/root/.m2/repository/org/openjdk/jmh/jmh-core/1.37/jmh-core-1.37.jar)
[WARNING] [stderr] WARNING: Please consider reporting this to the maintainers of class org.openjdk.jmh.util.Utils
[WARNING] [stderr] WARNING: sun.misc.Unsafe::objectFieldOffset will be removed in a future release
[INFO] [stdout] # JMH version: 1.37
[INFO] [stdout] # VM version: JDK 26.0.1, OpenJDK 64-Bit Server VM, 26.0.1+8
[INFO] [stdout] # VM invoker: /opt/java/openjdk/bin/java
[INFO] [stdout] # VM options: --enable-preview --add-modules=jdk.incubator.vector -Dnitro.clickbench.hits.path= -Xmx12g -XX:+UseTransparentHugePages -Dnitro.tpcds.parquet.path=/root/data/tpcds-parquet-sf10 -Dnitro.parquet.deferFilteredPayload=false
[INFO] [stdout] # Blackhole mode: compiler (auto-detected, use -Djmh.blackhole.autoDetect=false to disable)
[INFO] [stdout] # Warmup: 2 iterations, 1 s each
[INFO] [stdout] # Measurement: 3 iterations, 1 s each
[INFO] [stdout] # Timeout: 30 min per iteration
[INFO] [stdout] # Threads: 1 thread, will synchronize iterations
[INFO] [stdout] # Benchmark mode: Average time, time/op
[INFO] [stdout] # Benchmark: org.weakref.nitro.tpcds.BenchmarkQueries.query64
[INFO] [stdout] 
[INFO] [stdout] # Run progress: 0.00% complete, ETA 00:00:05
[INFO] [stdout] # Fork: 1 of 1
[INFO] [stdout] # Preparing profilers: LinuxPerfNormProfiler 
[INFO] [stdout] # Profilers consume stderr from target VM, use -v EXTRA to copy to console
[INFO] [stdout] # Warmup Iteration   1: 3542.778 ms/op
[INFO] [stdout] # Warmup Iteration   2: 2361.103 ms/op
[INFO] [stdout] Iteration   1: 2561.894 ms/op
[INFO] [stdout]                  gc.alloc.rate:      427.613 MB/sec
[INFO] [stdout]                  gc.alloc.rate.norm: 1148973632.000 B/op
[INFO] [stdout]                  gc.count:           1.000 counts
[INFO] [stdout]                  gc.time:            268.000 ms
[INFO] [stdout] 
[INFO] [stdout] Iteration   2: 2607.703 ms/op
[INFO] [stdout]                  gc.alloc.rate:      420.018 MB/sec
[INFO] [stdout]                  gc.alloc.rate.norm: 1148542584.000 B/op
[INFO] [stdout]                  gc.count:           4.000 counts
[INFO] [stdout]                  gc.time:            237.000 ms
[INFO] [stdout] 
[INFO] [stdout] Iteration   3: 2530.958 ms/op
[INFO] [stdout]                  gc.alloc.rate:      432.721 MB/sec
[INFO] [stdout]                  gc.alloc.rate.norm: 1148498680.000 B/op
[INFO] [stdout]                  gc.count:           1.000 counts
[INFO] [stdout]                  gc.time:            151.000 ms
[INFO] [stdout] 
[INFO] [stdout] # Processing profiler results: LinuxPerfNormProfiler 
[INFO] [stdout] 
[INFO] [stdout] 
[INFO] [stdout] Result "org.weakref.nitro.tpcds.BenchmarkQueries.query64":
[INFO] [stdout]   2566.852 ±(99.9%) 704.430 ms/op [Average]
[INFO] [stdout]   (min, avg, max) = (2530.958, 2566.852, 2607.703), stdev = 38.612
[INFO] [stdout]   CI (99.9%): [1862.422, 3271.282] (assumes normal distribution)
[INFO] [stdout] 
[INFO] [stdout] Secondary result "org.weakref.nitro.tpcds.BenchmarkQueries.query64:CPI":
[INFO] [stdout]   0.463 clks/insn
[INFO] [stdout] 
[INFO] [stdout] Secondary result "org.weakref.nitro.tpcds.BenchmarkQueries.query64:IPC":
[INFO] [stdout]   2.162 insns/clk
[INFO] [stdout] 
[INFO] [stdout] Secondary result "org.weakref.nitro.tpcds.BenchmarkQueries.query64:L1-dcache-load-misses":
[INFO] [stdout]   635356148.171 #/op
[INFO] [stdout] 
[INFO] [stdout] Secondary result "org.weakref.nitro.tpcds.BenchmarkQueries.query64:L1-dcache-loads":
[INFO] [stdout]   19934118710.865 #/op
[INFO] [stdout] 
[INFO] [stdout] Secondary result "org.weakref.nitro.tpcds.BenchmarkQueries.query64:L1-icache-load-misses":
[INFO] [stdout]   22063154.385 #/op
[INFO] [stdout] 
[INFO] [stdout] Secondary result "org.weakref.nitro.tpcds.BenchmarkQueries.query64:L1-icache-loads":
[INFO] [stdout]   287721992.910 #/op
[INFO] [stdout] 
[INFO] [stdout] Secondary result "org.weakref.nitro.tpcds.BenchmarkQueries.query64:branch-misses":
[INFO] [stdout]   73067460.813 #/op
[INFO] [stdout] 
[INFO] [stdout] Secondary result "org.weakref.nitro.tpcds.BenchmarkQueries.query64:branches":
[INFO] [stdout]   8821642073.395 #/op
[INFO] [stdout] 
[INFO] [stdout] Secondary result "org.weakref.nitro.tpcds.BenchmarkQueries.query64:cycles":
[INFO] [stdout]   21038671712.769 #/op
[INFO] [stdout] 
[INFO] [stdout] Secondary result "org.weakref.nitro.tpcds.BenchmarkQueries.query64:dTLB-load-misses":
[INFO] [stdout]   4542375.321 #/op
[INFO] [stdout] 
[INFO] [stdout] Secondary result "org.weakref.nitro.tpcds.BenchmarkQueries.query64:dTLB-loads":
[INFO] [stdout]   23403071.966 #/op
[INFO] [stdout] 
[INFO] [stdout] Secondary result "org.weakref.nitro.tpcds.BenchmarkQueries.query64:gc.alloc.rate":
[INFO] [stdout]   426.784 ±(99.9%) 116.607 MB/sec [Average]
[INFO] [stdout]   (min, avg, max) = (420.018, 426.784, 432.721), stdev = 6.392
[INFO] [stdout]   CI (99.9%): [310.177, 543.391] (assumes normal distribution)
[INFO] [stdout] 
[INFO] [stdout] Secondary result "org.weakref.nitro.tpcds.BenchmarkQueries.query64:gc.alloc.rate.norm":
[INFO] [stdout]   1148671632.000 ±(99.9%) 4788234.894 B/op [Average]
[INFO] [stdout]   (min, avg, max) = (1148498680.000, 1148671632.000, 1148973632.000), stdev = 262459.312
[INFO] [stdout]   CI (99.9%): [1143883397.106, 1153459866.894] (assumes normal distribution)
[INFO] [stdout] 
[INFO] [stdout] Secondary result "org.weakref.nitro.tpcds.BenchmarkQueries.query64:gc.count":
[INFO] [stdout]   6.000 ±(99.9%) 0.001 counts [Sum]
[INFO] [stdout]   (min, avg, max) = (1.000, 2.000, 4.000), stdev = 1.732
[INFO] [stdout]   CI (99.9%): [6.000, 6.000] (assumes normal distribution)
[INFO] [stdout] 
[INFO] [stdout] Secondary result "org.weakref.nitro.tpcds.BenchmarkQueries.query64:gc.time":
[INFO] [stdout]   656.000 ±(99.9%) 0.001 ms [Sum]
[INFO] [stdout]   (min, avg, max) = (151.000, 218.667, 268.000), stdev = 60.616
[INFO] [stdout]   CI (99.9%): [656.000, 656.000] (assumes normal distribution)
[INFO] [stdout] 
[INFO] [stdout] Secondary result "org.weakref.nitro.tpcds.BenchmarkQueries.query64:iTLB-load-misses":
[INFO] [stdout]   107121.256 #/op
[INFO] [stdout] 
[INFO] [stdout] Secondary result "org.weakref.nitro.tpcds.BenchmarkQueries.query64:iTLB-loads":
[INFO] [stdout]   6213003.745 #/op
[INFO] [stdout] 
[INFO] [stdout] Secondary result "org.weakref.nitro.tpcds.BenchmarkQueries.query64:instructions":
[INFO] [stdout]   45487264760.520 #/op
[INFO] [stdout] 
[INFO] [stdout] Secondary result "org.weakref.nitro.tpcds.BenchmarkQueries.query64:stalled-cycles-frontend":
[INFO] [stdout]   3248511093.263 #/op
[INFO] [stdout] 
[INFO] [stdout] 
[INFO] [stdout] # Run complete. Total time: 00:00:13
[INFO] [stdout] 
[INFO] [stdout] REMEMBER: The numbers below are just data. To gain reusable insights, you need to follow up on
[INFO] [stdout] why the numbers are the way they are. Use profilers (see -prof, -lprof), design factorial
[INFO] [stdout] experiments, perform baseline and negative tests that provide experimental control, make sure
[INFO] [stdout] the benchmarking environment is safe on JVM/OS/HW level, ask for reviews from the domain experts.
[INFO] [stdout] Do not assume the numbers tell you what you want them to tell.
[INFO] [stdout] 
[INFO] [stdout] NOTE: Current JVM experimentally supports Compiler Blackholes, and they are in use. Please exercise
[INFO] [stdout] extra caution when trusting the results, look into the generated code to check the benchmark still
[INFO] [stdout] works, and factor in a small probability of new VM bugs. Additionally, while comparisons between
[INFO] [stdout] different JVMs are already problematic, the performance difference caused by different Blackhole
[INFO] [stdout] modes can be very significant. Please make sure you use the consistent Blackhole mode for comparisons.
[INFO] [stdout] 
[INFO] [stdout] Benchmark                                         Mode  Cnt            Score         Error      Units
[INFO] [stdout] BenchmarkQueries.query64                          avgt    3         2566.852 ±     704.430      ms/op
[INFO] [stdout] BenchmarkQueries.query64:CPI                      avgt                 0.463                clks/insn
[INFO] [stdout] BenchmarkQueries.query64:IPC                      avgt                 2.162                insns/clk
[INFO] [stdout] BenchmarkQueries.query64:L1-dcache-load-misses    avgt         635356148.171                     #/op
[INFO] [stdout] BenchmarkQueries.query64:L1-dcache-loads          avgt       19934118710.865                     #/op
[INFO] [stdout] BenchmarkQueries.query64:L1-icache-load-misses    avgt          22063154.385                     #/op
[INFO] [stdout] BenchmarkQueries.query64:L1-icache-loads          avgt         287721992.910                     #/op
[INFO] [stdout] BenchmarkQueries.query64:branch-misses            avgt          73067460.813                     #/op
[INFO] [stdout] BenchmarkQueries.query64:branches                 avgt        8821642073.395                     #/op
[INFO] [stdout] BenchmarkQueries.query64:cycles                   avgt       21038671712.769                     #/op
[INFO] [stdout] BenchmarkQueries.query64:dTLB-load-misses         avgt           4542375.321                     #/op
[INFO] [stdout] BenchmarkQueries.query64:dTLB-loads               avgt          23403071.966                     #/op
[INFO] [stdout] BenchmarkQueries.query64:gc.alloc.rate            avgt    3          426.784 ±     116.607     MB/sec
[INFO] [stdout] BenchmarkQueries.query64:gc.alloc.rate.norm       avgt    3   1148671632.000 ± 4788234.894       B/op
[INFO] [stdout] BenchmarkQueries.query64:gc.count                 avgt    3            6.000                   counts
[INFO] [stdout] BenchmarkQueries.query64:gc.time                  avgt    3          656.000                       ms
[INFO] [stdout] BenchmarkQueries.query64:iTLB-load-misses         avgt            107121.256                     #/op
[INFO] [stdout] BenchmarkQueries.query64:iTLB-loads               avgt           6213003.745                     #/op
[INFO] [stdout] BenchmarkQueries.query64:instructions             avgt       45487264760.520                     #/op
[INFO] [stdout] BenchmarkQueries.query64:stalled-cycles-frontend  avgt        3248511093.263                     #/op
[INFO] [stdout] 
[INFO] [stdout] Benchmark result is saved to benchmarks/sweeps/20260717-targeted/nitro-tpcds-q64-deferred-filtered-payload-off-b.json
[INFO] ------------------------------------------------------------------------
[INFO] BUILD SUCCESS
[INFO] ------------------------------------------------------------------------
[INFO] Total time:  14.683 s (Wall Clock)
[INFO] Finished at: 2026-07-17T19:54:59Z
[INFO] ------------------------------------------------------------------------
[INFO] Njord session closed
