[INFO] Processing build on daemon c260af31
[INFO] Scanning for projects...
[INFO] Njord 0.9.4 session created
[INFO] BuildTimeEventSpy is registered.
[INFO] 
[INFO] Using the SmartBuilder implementation with a thread count of 7
[INFO] 
[INFO] -------------------------< org.weakref:nitro >--------------------------
[INFO] Building nitro 1-SNAPSHOT
[INFO]   from pom.xml
[INFO] --------------------------------[ jar ]---------------------------------
[WARNING] 2 problems were encountered while building the effective model for org.apache.yetus:audience-annotations:jar:0.5.0 during dependency collection step for project (use -X to see details)
[INFO] 
[INFO] --- exec:3.6.1:exec (benchmark) @ nitro ---
[WARNING] [stderr] WARNING: Using incubator modules: jdk.incubator.vector
[WARNING] [stderr] WARNING: A terminally deprecated method in sun.misc.Unsafe has been called
[WARNING] [stderr] WARNING: sun.misc.Unsafe::objectFieldOffset has been called by org.openjdk.jmh.util.Utils (file:/root/.m2/repository/org/openjdk/jmh/jmh-core/1.37/jmh-core-1.37.jar)
[WARNING] [stderr] WARNING: Please consider reporting this to the maintainers of class org.openjdk.jmh.util.Utils
[WARNING] [stderr] WARNING: sun.misc.Unsafe::objectFieldOffset will be removed in a future release
[INFO] [stdout] # JMH version: 1.37
[INFO] [stdout] # VM version: JDK 26.0.1, OpenJDK 64-Bit Server VM, 26.0.1+8
[INFO] [stdout] # VM invoker: /opt/java/openjdk/bin/java
[INFO] [stdout] # VM options: --enable-preview --add-modules=jdk.incubator.vector -Dnitro.clickbench.hits.path= -Xmx12g -XX:+UseTransparentHugePages -Dnitro.distinct.branchlessDenseHashOutput=false -Dnitro.clickbench.hits.path=/root/data/clickbench
[INFO] [stdout] # Blackhole mode: compiler (auto-detected, use -Djmh.blackhole.autoDetect=false to disable)
[INFO] [stdout] # Warmup: 3 iterations, 1 s each
[INFO] [stdout] # Measurement: 3 iterations, 1 s each
[INFO] [stdout] # Timeout: 10 min per iteration
[INFO] [stdout] # Threads: 1 thread, will synchronize iterations
[INFO] [stdout] # Benchmark mode: Average time, time/op
[INFO] [stdout] # Benchmark: org.weakref.nitro.clickbench.BenchmarkQueries.query05
[INFO] [stdout] 
[INFO] [stdout] # Run progress: 0.00% complete, ETA 00:00:06
[INFO] [stdout] # Fork: 1 of 1
[INFO] [stdout] # Preparing profilers: LinuxPerfNormProfiler 
[INFO] [stdout] # Profilers consume stderr from target VM, use -v EXTRA to copy to console
[INFO] [stdout] # Warmup Iteration   1: 1419.096 ms/op
[INFO] [stdout] # Warmup Iteration   2: 1281.865 ms/op
[INFO] [stdout] # Warmup Iteration   3: 1251.751 ms/op
[INFO] [stdout] Iteration   1: 1252.697 ms/op
[INFO] [stdout]                  gc.alloc.rate:      198.657 MB/sec
[INFO] [stdout]                  gc.alloc.rate.norm: 260974952.000 B/op
[INFO] [stdout]                  gc.count:           8.000 counts
[INFO] [stdout]                  gc.time:            8.000 ms
[INFO] [stdout] 
[INFO] [stdout] Iteration   2: 1240.276 ms/op
[INFO] [stdout]                  gc.alloc.rate:      200.658 MB/sec
[INFO] [stdout]                  gc.alloc.rate.norm: 260992072.000 B/op
[INFO] [stdout]                  gc.count:           6.000 counts
[INFO] [stdout]                  gc.time:            8.000 ms
[INFO] [stdout] 
[INFO] [stdout] Iteration   3: 1225.909 ms/op
[INFO] [stdout]                  gc.alloc.rate:      202.930 MB/sec
[INFO] [stdout]                  gc.alloc.rate.norm: 260894536.000 B/op
[INFO] [stdout]                  gc.count:           5.000 counts
[INFO] [stdout]                  gc.time:            6.000 ms
[INFO] [stdout] 
[INFO] [stdout] # Processing profiler results: LinuxPerfNormProfiler 
[INFO] [stdout] 
[INFO] [stdout] 
[INFO] [stdout] Result "org.weakref.nitro.clickbench.BenchmarkQueries.query05":
[INFO] [stdout]   1239.627 ±(99.9%) 244.574 ms/op [Average]
[INFO] [stdout]   (min, avg, max) = (1225.909, 1239.627, 1252.697), stdev = 13.406
[INFO] [stdout]   CI (99.9%): [995.053, 1484.201] (assumes normal distribution)
[INFO] [stdout] 
[INFO] [stdout] Secondary result "org.weakref.nitro.clickbench.BenchmarkQueries.query05:CPI":
[INFO] [stdout]   0.610 clks/insn
[INFO] [stdout] 
[INFO] [stdout] Secondary result "org.weakref.nitro.clickbench.BenchmarkQueries.query05:IPC":
[INFO] [stdout]   1.640 insns/clk
[INFO] [stdout] 
[INFO] [stdout] Secondary result "org.weakref.nitro.clickbench.BenchmarkQueries.query05:L1-dcache-load-misses":
[INFO] [stdout]   199518694.475 #/op
[INFO] [stdout] 
[INFO] [stdout] Secondary result "org.weakref.nitro.clickbench.BenchmarkQueries.query05:L1-dcache-loads":
[INFO] [stdout]   4825130132.670 #/op
[INFO] [stdout] 
[INFO] [stdout] Secondary result "org.weakref.nitro.clickbench.BenchmarkQueries.query05:L1-icache-load-misses":
[INFO] [stdout]   5277850.143 #/op
[INFO] [stdout] 
[INFO] [stdout] Secondary result "org.weakref.nitro.clickbench.BenchmarkQueries.query05:L1-icache-loads":
[INFO] [stdout]   70176245.166 #/op
[INFO] [stdout] 
[INFO] [stdout] Secondary result "org.weakref.nitro.clickbench.BenchmarkQueries.query05:branch-misses":
[INFO] [stdout]   78327592.479 #/op
[INFO] [stdout] 
[INFO] [stdout] Secondary result "org.weakref.nitro.clickbench.BenchmarkQueries.query05:branches":
[INFO] [stdout]   2402947063.903 #/op
[INFO] [stdout] 
[INFO] [stdout] Secondary result "org.weakref.nitro.clickbench.BenchmarkQueries.query05:cycles":
[INFO] [stdout]   7219156832.179 #/op
[INFO] [stdout] 
[INFO] [stdout] Secondary result "org.weakref.nitro.clickbench.BenchmarkQueries.query05:dTLB-load-misses":
[INFO] [stdout]   192663.974 #/op
[INFO] [stdout] 
[INFO] [stdout] Secondary result "org.weakref.nitro.clickbench.BenchmarkQueries.query05:dTLB-loads":
[INFO] [stdout]   7593628.530 #/op
[INFO] [stdout] 
[INFO] [stdout] Secondary result "org.weakref.nitro.clickbench.BenchmarkQueries.query05:gc.alloc.rate":
[INFO] [stdout]   200.748 ±(99.9%) 39.005 MB/sec [Average]
[INFO] [stdout]   (min, avg, max) = (198.657, 200.748, 202.930), stdev = 2.138
[INFO] [stdout]   CI (99.9%): [161.744, 239.753] (assumes normal distribution)
[INFO] [stdout] 
[INFO] [stdout] Secondary result "org.weakref.nitro.clickbench.BenchmarkQueries.query05:gc.alloc.rate.norm":
[INFO] [stdout]   260953853.333 ±(99.9%) 950107.981 B/op [Average]
[INFO] [stdout]   (min, avg, max) = (260894536.000, 260953853.333, 260992072.000), stdev = 52078.624
[INFO] [stdout]   CI (99.9%): [260003745.352, 261903961.315] (assumes normal distribution)
[INFO] [stdout] 
[INFO] [stdout] Secondary result "org.weakref.nitro.clickbench.BenchmarkQueries.query05:gc.count":
[INFO] [stdout]   19.000 ±(99.9%) 0.001 counts [Sum]
[INFO] [stdout]   (min, avg, max) = (5.000, 6.333, 8.000), stdev = 1.528
[INFO] [stdout]   CI (99.9%): [19.000, 19.000] (assumes normal distribution)
[INFO] [stdout] 
[INFO] [stdout] Secondary result "org.weakref.nitro.clickbench.BenchmarkQueries.query05:gc.time":
[INFO] [stdout]   22.000 ±(99.9%) 0.001 ms [Sum]
[INFO] [stdout]   (min, avg, max) = (6.000, 7.333, 8.000), stdev = 1.155
[INFO] [stdout]   CI (99.9%): [22.000, 22.000] (assumes normal distribution)
[INFO] [stdout] 
[INFO] [stdout] Secondary result "org.weakref.nitro.clickbench.BenchmarkQueries.query05:iTLB-load-misses":
[INFO] [stdout]   39585.203 #/op
[INFO] [stdout] 
[INFO] [stdout] Secondary result "org.weakref.nitro.clickbench.BenchmarkQueries.query05:iTLB-loads":
[INFO] [stdout]   2896149.122 #/op
[INFO] [stdout] 
[INFO] [stdout] Secondary result "org.weakref.nitro.clickbench.BenchmarkQueries.query05:instructions":
[INFO] [stdout]   11836831173.915 #/op
[INFO] [stdout] 
[INFO] [stdout] Secondary result "org.weakref.nitro.clickbench.BenchmarkQueries.query05:stalled-cycles-frontend":
[INFO] [stdout]   1508911388.311 #/op
[INFO] [stdout] 
[INFO] [stdout] 
[INFO] [stdout] # Run complete. Total time: 00:00:08
[INFO] [stdout] 
[INFO] [stdout] REMEMBER: The numbers below are just data. To gain reusable insights, you need to follow up on
[INFO] [stdout] why the numbers are the way they are. Use profilers (see -prof, -lprof), design factorial
[INFO] [stdout] experiments, perform baseline and negative tests that provide experimental control, make sure
[INFO] [stdout] the benchmarking environment is safe on JVM/OS/HW level, ask for reviews from the domain experts.
[INFO] [stdout] Do not assume the numbers tell you what you want them to tell.
[INFO] [stdout] 
[INFO] [stdout] NOTE: Current JVM experimentally supports Compiler Blackholes, and they are in use. Please exercise
[INFO] [stdout] extra caution when trusting the results, look into the generated code to check the benchmark still
[INFO] [stdout] works, and factor in a small probability of new VM bugs. Additionally, while comparisons between
[INFO] [stdout] different JVMs are already problematic, the performance difference caused by different Blackhole
[INFO] [stdout] modes can be very significant. Please make sure you use the consistent Blackhole mode for comparisons.
[INFO] [stdout] 
[INFO] [stdout] Benchmark                                         Mode  Cnt            Score        Error      Units
[INFO] [stdout] BenchmarkQueries.query05                          avgt    3         1239.627 ±    244.574      ms/op
[INFO] [stdout] BenchmarkQueries.query05:CPI                      avgt                 0.610               clks/insn
[INFO] [stdout] BenchmarkQueries.query05:IPC                      avgt                 1.640               insns/clk
[INFO] [stdout] BenchmarkQueries.query05:L1-dcache-load-misses    avgt         199518694.475                    #/op
[INFO] [stdout] BenchmarkQueries.query05:L1-dcache-loads          avgt        4825130132.670                    #/op
[INFO] [stdout] BenchmarkQueries.query05:L1-icache-load-misses    avgt           5277850.143                    #/op
[INFO] [stdout] BenchmarkQueries.query05:L1-icache-loads          avgt          70176245.166                    #/op
[INFO] [stdout] BenchmarkQueries.query05:branch-misses            avgt          78327592.479                    #/op
[INFO] [stdout] BenchmarkQueries.query05:branches                 avgt        2402947063.903                    #/op
[INFO] [stdout] BenchmarkQueries.query05:cycles                   avgt        7219156832.179                    #/op
[INFO] [stdout] BenchmarkQueries.query05:dTLB-load-misses         avgt            192663.974                    #/op
[INFO] [stdout] BenchmarkQueries.query05:dTLB-loads               avgt           7593628.530                    #/op
[INFO] [stdout] BenchmarkQueries.query05:gc.alloc.rate            avgt    3          200.748 ±     39.005     MB/sec
[INFO] [stdout] BenchmarkQueries.query05:gc.alloc.rate.norm       avgt    3    260953853.333 ± 950107.981       B/op
[INFO] [stdout] BenchmarkQueries.query05:gc.count                 avgt    3           19.000                  counts
[INFO] [stdout] BenchmarkQueries.query05:gc.time                  avgt    3           22.000                      ms
[INFO] [stdout] BenchmarkQueries.query05:iTLB-load-misses         avgt             39585.203                    #/op
[INFO] [stdout] BenchmarkQueries.query05:iTLB-loads               avgt           2896149.122                    #/op
[INFO] [stdout] BenchmarkQueries.query05:instructions             avgt       11836831173.915                    #/op
[INFO] [stdout] BenchmarkQueries.query05:stalled-cycles-frontend  avgt        1508911388.311                    #/op
[INFO] [stdout] 
[INFO] [stdout] Benchmark result is saved to benchmarks/sweeps/20260717-targeted/nitro-clickbench-q05-branchless-output-off-control.json
[INFO] ------------------------------------------------------------------------
[INFO] BUILD SUCCESS
[INFO] ------------------------------------------------------------------------
[INFO] Total time:  8.676 s (Wall Clock)
[INFO] Finished at: 2026-07-17T11:27:04Z
[INFO] ------------------------------------------------------------------------
[INFO] Njord session closed
