[INFO] Processing build on daemon 6a9a0c0c
[INFO] Scanning for projects...
[INFO] Njord 0.9.4 session created
[INFO] BuildTimeEventSpy is registered.
[INFO] 
[INFO] Using the SmartBuilder implementation with a thread count of 7
[INFO] 
[INFO] -------------------------< org.weakref:nitro >--------------------------
[INFO] Building nitro 1-SNAPSHOT
[INFO]   from pom.xml
[INFO] --------------------------------[ jar ]---------------------------------
[WARNING] 2 problems were encountered while building the effective model for org.apache.yetus:audience-annotations:jar:0.5.0 during dependency collection step for project (use -X to see details)
[INFO] 
[INFO] --- exec:3.6.1:exec (benchmark) @ nitro ---
[WARNING] [stderr] WARNING: Using incubator modules: jdk.incubator.vector
[WARNING] [stderr] WARNING: A terminally deprecated method in sun.misc.Unsafe has been called
[WARNING] [stderr] WARNING: sun.misc.Unsafe::objectFieldOffset has been called by org.openjdk.jmh.util.Utils (file:/root/.m2/repository/org/openjdk/jmh/jmh-core/1.37/jmh-core-1.37.jar)
[WARNING] [stderr] WARNING: Please consider reporting this to the maintainers of class org.openjdk.jmh.util.Utils
[WARNING] [stderr] WARNING: sun.misc.Unsafe::objectFieldOffset will be removed in a future release
[INFO] [stdout] # JMH version: 1.37
[INFO] [stdout] # VM version: JDK 26.0.1, OpenJDK 64-Bit Server VM, 26.0.1+8
[INFO] [stdout] # VM invoker: /opt/java/openjdk/bin/java
[INFO] [stdout] # VM options: --enable-preview --add-modules=jdk.incubator.vector -Dnitro.clickbench.hits.path= -Xmx12g -XX:+UseTransparentHugePages -Dnitro.distinct.groupedLongFastHash=true -Dnitro.distinct.groupedLongFastHashOneRound=true -Dnitro.distinct.groupedLongFastHash32=true -Dnitro.clickbench.hits.path=/root/data/clickbench
[INFO] [stdout] # Blackhole mode: compiler (auto-detected, use -Djmh.blackhole.autoDetect=false to disable)
[INFO] [stdout] # Warmup: 2 iterations, 1 s each
[INFO] [stdout] # Measurement: 3 iterations, 1 s each
[INFO] [stdout] # Timeout: 10 min per iteration
[INFO] [stdout] # Threads: 1 thread, will synchronize iterations
[INFO] [stdout] # Benchmark mode: Average time, time/op
[INFO] [stdout] # Benchmark: org.weakref.nitro.clickbench.BenchmarkQueries.query10
[INFO] [stdout] 
[INFO] [stdout] # Run progress: 0.00% complete, ETA 00:00:05
[INFO] [stdout] # Fork: 1 of 1
[INFO] [stdout] # Preparing profilers: LinuxPerfNormProfiler 
[INFO] [stdout] # Profilers consume stderr from target VM, use -v EXTRA to copy to console
[INFO] [stdout] # Warmup Iteration   1: 2973.782 ms/op
[INFO] [stdout] # Warmup Iteration   2: 2619.235 ms/op
[INFO] [stdout] Iteration   1: 2516.686 ms/op
[INFO] [stdout]                  gc.alloc.rate:      143.471 MB/sec
[INFO] [stdout]                  gc.alloc.rate.norm: 378629576.000 B/op
[INFO] [stdout]                  gc.count:           3.000 counts
[INFO] [stdout]                  gc.time:            7.000 ms
[INFO] [stdout] 
[INFO] [stdout] Iteration   2: 2493.447 ms/op
[INFO] [stdout]                  gc.alloc.rate:      138.873 MB/sec
[INFO] [stdout]                  gc.alloc.rate.norm: 363114840.000 B/op
[INFO] [stdout]                  gc.count:           1.000 counts
[INFO] [stdout]                  gc.time:            5.000 ms
[INFO] [stdout] 
[INFO] [stdout] Iteration   3: 2496.049 ms/op
[INFO] [stdout]                  gc.alloc.rate:      138.726 MB/sec
[INFO] [stdout]                  gc.alloc.rate.norm: 363107208.000 B/op
[INFO] [stdout]                  gc.count:           1.000 counts
[INFO] [stdout]                  gc.time:            8.000 ms
[INFO] [stdout] 
[INFO] [stdout] # Processing profiler results: LinuxPerfNormProfiler 
[INFO] [stdout] 
[INFO] [stdout] 
[INFO] [stdout] Result "org.weakref.nitro.clickbench.BenchmarkQueries.query10":
[INFO] [stdout]   2502.061 ±(99.9%) 232.293 ms/op [Average]
[INFO] [stdout]   (min, avg, max) = (2493.447, 2502.061, 2516.686), stdev = 12.733
[INFO] [stdout]   CI (99.9%): [2269.768, 2734.353] (assumes normal distribution)
[INFO] [stdout] 
[INFO] [stdout] Secondary result "org.weakref.nitro.clickbench.BenchmarkQueries.query10:CPI":
[INFO] [stdout]   0.369 clks/insn
[INFO] [stdout] 
[INFO] [stdout] Secondary result "org.weakref.nitro.clickbench.BenchmarkQueries.query10:IPC":
[INFO] [stdout]   2.713 insns/clk
[INFO] [stdout] 
[INFO] [stdout] Secondary result "org.weakref.nitro.clickbench.BenchmarkQueries.query10:L1-dcache-load-misses":
[INFO] [stdout]   470911658.548 #/op
[INFO] [stdout] 
[INFO] [stdout] Secondary result "org.weakref.nitro.clickbench.BenchmarkQueries.query10:L1-dcache-loads":
[INFO] [stdout]   20878316840.503 #/op
[INFO] [stdout] 
[INFO] [stdout] Secondary result "org.weakref.nitro.clickbench.BenchmarkQueries.query10:L1-icache-load-misses":
[INFO] [stdout]   7643659.549 #/op
[INFO] [stdout] 
[INFO] [stdout] Secondary result "org.weakref.nitro.clickbench.BenchmarkQueries.query10:L1-icache-loads":
[INFO] [stdout]   109553907.317 #/op
[INFO] [stdout] 
[INFO] [stdout] Secondary result "org.weakref.nitro.clickbench.BenchmarkQueries.query10:branch-misses":
[INFO] [stdout]   90917606.359 #/op
[INFO] [stdout] 
[INFO] [stdout] Secondary result "org.weakref.nitro.clickbench.BenchmarkQueries.query10:branches":
[INFO] [stdout]   6954608507.937 #/op
[INFO] [stdout] 
[INFO] [stdout] Secondary result "org.weakref.nitro.clickbench.BenchmarkQueries.query10:cycles":
[INFO] [stdout]   13546071575.546 #/op
[INFO] [stdout] 
[INFO] [stdout] Secondary result "org.weakref.nitro.clickbench.BenchmarkQueries.query10:dTLB-load-misses":
[INFO] [stdout]   228482.410 #/op
[INFO] [stdout] 
[INFO] [stdout] Secondary result "org.weakref.nitro.clickbench.BenchmarkQueries.query10:dTLB-loads":
[INFO] [stdout]   12299984.407 #/op
[INFO] [stdout] 
[INFO] [stdout] Secondary result "org.weakref.nitro.clickbench.BenchmarkQueries.query10:gc.alloc.rate":
[INFO] [stdout]   140.357 ±(99.9%) 49.215 MB/sec [Average]
[INFO] [stdout]   (min, avg, max) = (138.726, 140.357, 143.471), stdev = 2.698
[INFO] [stdout]   CI (99.9%): [91.142, 189.572] (assumes normal distribution)
[INFO] [stdout] 
[INFO] [stdout] Secondary result "org.weakref.nitro.clickbench.BenchmarkQueries.query10:gc.alloc.rate.norm":
[INFO] [stdout]   368283874.667 ±(99.9%) 163457205.357 B/op [Average]
[INFO] [stdout]   (min, avg, max) = (363107208.000, 368283874.667, 378629576.000), stdev = 8959640.987
[INFO] [stdout]   CI (99.9%): [204826669.309, 531741080.024] (assumes normal distribution)
[INFO] [stdout] 
[INFO] [stdout] Secondary result "org.weakref.nitro.clickbench.BenchmarkQueries.query10:gc.count":
[INFO] [stdout]   5.000 ±(99.9%) 0.001 counts [Sum]
[INFO] [stdout]   (min, avg, max) = (1.000, 1.667, 3.000), stdev = 1.155
[INFO] [stdout]   CI (99.9%): [5.000, 5.000] (assumes normal distribution)
[INFO] [stdout] 
[INFO] [stdout] Secondary result "org.weakref.nitro.clickbench.BenchmarkQueries.query10:gc.time":
[INFO] [stdout]   20.000 ±(99.9%) 0.001 ms [Sum]
[INFO] [stdout]   (min, avg, max) = (5.000, 6.667, 8.000), stdev = 1.528
[INFO] [stdout]   CI (99.9%): [20.000, 20.000] (assumes normal distribution)
[INFO] [stdout] 
[INFO] [stdout] Secondary result "org.weakref.nitro.clickbench.BenchmarkQueries.query10:iTLB-load-misses":
[INFO] [stdout]   33698.551 #/op
[INFO] [stdout] 
[INFO] [stdout] Secondary result "org.weakref.nitro.clickbench.BenchmarkQueries.query10:iTLB-loads":
[INFO] [stdout]   1322955.616 #/op
[INFO] [stdout] 
[INFO] [stdout] Secondary result "org.weakref.nitro.clickbench.BenchmarkQueries.query10:instructions":
[INFO] [stdout]   36756243715.323 #/op
[INFO] [stdout] 
[INFO] [stdout] Secondary result "org.weakref.nitro.clickbench.BenchmarkQueries.query10:stalled-cycles-frontend":
[INFO] [stdout]   1770358029.186 #/op
[INFO] [stdout] 
[INFO] [stdout] 
[INFO] [stdout] # Run complete. Total time: 00:00:13
[INFO] [stdout] 
[INFO] [stdout] REMEMBER: The numbers below are just data. To gain reusable insights, you need to follow up on
[INFO] [stdout] why the numbers are the way they are. Use profilers (see -prof, -lprof), design factorial
[INFO] [stdout] experiments, perform baseline and negative tests that provide experimental control, make sure
[INFO] [stdout] the benchmarking environment is safe on JVM/OS/HW level, ask for reviews from the domain experts.
[INFO] [stdout] Do not assume the numbers tell you what you want them to tell.
[INFO] [stdout] 
[INFO] [stdout] NOTE: Current JVM experimentally supports Compiler Blackholes, and they are in use. Please exercise
[INFO] [stdout] extra caution when trusting the results, look into the generated code to check the benchmark still
[INFO] [stdout] works, and factor in a small probability of new VM bugs. Additionally, while comparisons between
[INFO] [stdout] different JVMs are already problematic, the performance difference caused by different Blackhole
[INFO] [stdout] modes can be very significant. Please make sure you use the consistent Blackhole mode for comparisons.
[INFO] [stdout] 
[INFO] [stdout] Benchmark                                         Mode  Cnt            Score           Error      Units
[INFO] [stdout] BenchmarkQueries.query10                          avgt    3         2502.061 ±       232.293      ms/op
[INFO] [stdout] BenchmarkQueries.query10:CPI                      avgt                 0.369                  clks/insn
[INFO] [stdout] BenchmarkQueries.query10:IPC                      avgt                 2.713                  insns/clk
[INFO] [stdout] BenchmarkQueries.query10:L1-dcache-load-misses    avgt         470911658.548                       #/op
[INFO] [stdout] BenchmarkQueries.query10:L1-dcache-loads          avgt       20878316840.503                       #/op
[INFO] [stdout] BenchmarkQueries.query10:L1-icache-load-misses    avgt           7643659.549                       #/op
[INFO] [stdout] BenchmarkQueries.query10:L1-icache-loads          avgt         109553907.317                       #/op
[INFO] [stdout] BenchmarkQueries.query10:branch-misses            avgt          90917606.359                       #/op
[INFO] [stdout] BenchmarkQueries.query10:branches                 avgt        6954608507.937                       #/op
[INFO] [stdout] BenchmarkQueries.query10:cycles                   avgt       13546071575.546                       #/op
[INFO] [stdout] BenchmarkQueries.query10:dTLB-load-misses         avgt            228482.410                       #/op
[INFO] [stdout] BenchmarkQueries.query10:dTLB-loads               avgt          12299984.407                       #/op
[INFO] [stdout] BenchmarkQueries.query10:gc.alloc.rate            avgt    3          140.357 ±        49.215     MB/sec
[INFO] [stdout] BenchmarkQueries.query10:gc.alloc.rate.norm       avgt    3    368283874.667 ± 163457205.357       B/op
[INFO] [stdout] BenchmarkQueries.query10:gc.count                 avgt    3            5.000                     counts
[INFO] [stdout] BenchmarkQueries.query10:gc.time                  avgt    3           20.000                         ms
[INFO] [stdout] BenchmarkQueries.query10:iTLB-load-misses         avgt             33698.551                       #/op
[INFO] [stdout] BenchmarkQueries.query10:iTLB-loads               avgt           1322955.616                       #/op
[INFO] [stdout] BenchmarkQueries.query10:instructions             avgt       36756243715.323                       #/op
[INFO] [stdout] BenchmarkQueries.query10:stalled-cycles-frontend  avgt        1770358029.186                       #/op
[INFO] [stdout] 
[INFO] [stdout] Benchmark result is saved to benchmarks/sweeps/20260717-targeted/nitro-clickbench-q10-fast-distinct-hash32.json
[INFO] ------------------------------------------------------------------------
[INFO] BUILD SUCCESS
[INFO] ------------------------------------------------------------------------
[INFO] Total time:  14.239 s (Wall Clock)
[INFO] Finished at: 2026-07-17T02:24:44Z
[INFO] ------------------------------------------------------------------------
[INFO] Njord session closed
