[INFO] Processing build on daemon 39b2f76e
[INFO] Scanning for projects...
[INFO] Njord 0.9.4 session created
[INFO] BuildTimeEventSpy is registered.
[INFO] 
[INFO] Using the SmartBuilder implementation with a thread count of 7
[INFO] 
[INFO] -------------------------< org.weakref:nitro >--------------------------
[INFO] Building nitro 1-SNAPSHOT
[INFO]   from pom.xml
[INFO] --------------------------------[ jar ]---------------------------------
[WARNING] 2 problems were encountered while building the effective model for org.apache.yetus:audience-annotations:jar:0.5.0 during dependency collection step for project (use -X to see details)
[INFO] 
[INFO] --- exec:3.6.1:exec (benchmark) @ nitro ---
[WARNING] [stderr] WARNING: Using incubator modules: jdk.incubator.vector
[WARNING] [stderr] WARNING: A terminally deprecated method in sun.misc.Unsafe has been called
[WARNING] [stderr] WARNING: sun.misc.Unsafe::objectFieldOffset has been called by org.openjdk.jmh.util.Utils (file:/root/.m2/repository/org/openjdk/jmh/jmh-core/1.37/jmh-core-1.37.jar)
[WARNING] [stderr] WARNING: Please consider reporting this to the maintainers of class org.openjdk.jmh.util.Utils
[WARNING] [stderr] WARNING: sun.misc.Unsafe::objectFieldOffset will be removed in a future release
[INFO] [stdout] # JMH version: 1.37
[INFO] [stdout] # VM version: JDK 26.0.1, OpenJDK 64-Bit Server VM, 26.0.1+8
[INFO] [stdout] # VM invoker: /opt/java/openjdk/bin/java
[INFO] [stdout] # VM options: --enable-preview --add-modules=jdk.incubator.vector -Dnitro.clickbench.hits.path= -Xmx12g -XX:+UseTransparentHugePages -Dnitro.tpcds.parquet.path=/root/data/tpcds-parquet-sf10 -Dnitro.tpcds.parquet.schema=sf10
[INFO] [stdout] # Blackhole mode: compiler (auto-detected, use -Djmh.blackhole.autoDetect=false to disable)
[INFO] [stdout] # Warmup: 5 iterations, 1 s each
[INFO] [stdout] # Measurement: 7 iterations, 1 s each
[INFO] [stdout] # Timeout: 30 min per iteration
[INFO] [stdout] # Threads: 1 thread, will synchronize iterations
[INFO] [stdout] # Benchmark mode: Average time, time/op
[INFO] [stdout] # Benchmark: org.weakref.nitro.tpcds.BenchmarkQueries.query44
[INFO] [stdout] 
[INFO] [stdout] # Run progress: 0.00% complete, ETA 00:00:36
[INFO] [stdout] # Fork: 1 of 3
[INFO] [stdout] # Preparing profilers: LinuxPerfNormProfiler 
[INFO] [stdout] # Profilers consume stderr from target VM, use -v EXTRA to copy to console
[INFO] [stdout] # Warmup Iteration   1: 1370.455 ms/op
[INFO] [stdout] # Warmup Iteration   2: 818.392 ms/op
[INFO] [stdout] # Warmup Iteration   3: 766.091 ms/op
[INFO] [stdout] # Warmup Iteration   4: 755.750 ms/op
[INFO] [stdout] # Warmup Iteration   5: 755.099 ms/op
[INFO] [stdout] Iteration   1: 756.177 ms/op
[INFO] [stdout]                  gc.alloc.rate:      383.980 MB/sec
[INFO] [stdout]                  gc.alloc.rate.norm: 304485340.000 B/op
[INFO] [stdout]                  gc.count:           1.000 counts
[INFO] [stdout]                  gc.time:            2.000 ms
[INFO] [stdout] 
[INFO] [stdout] Iteration   2: 752.918 ms/op
[INFO] [stdout]                  gc.alloc.rate:      385.635 MB/sec
[INFO] [stdout]                  gc.alloc.rate.norm: 304485436.000 B/op
[INFO] [stdout]                  gc.count:           ≈ 0 counts
[INFO] [stdout] 
[INFO] [stdout] Iteration   3: 755.000 ms/op
[INFO] [stdout]                  gc.alloc.rate:      384.578 MB/sec
[INFO] [stdout]                  gc.alloc.rate.norm: 304485180.000 B/op
[INFO] [stdout]                  gc.count:           1.000 counts
[INFO] [stdout]                  gc.time:            3.000 ms
[INFO] [stdout] 
[INFO] [stdout] Iteration   4: 749.766 ms/op
[INFO] [stdout]                  gc.alloc.rate:      387.256 MB/sec
[INFO] [stdout]                  gc.alloc.rate.norm: 304485072.000 B/op
[INFO] [stdout]                  gc.count:           ≈ 0 counts
[INFO] [stdout] 
[INFO] [stdout] Iteration   5: 752.678 ms/op
[INFO] [stdout]                  gc.alloc.rate:      385.761 MB/sec
[INFO] [stdout]                  gc.alloc.rate.norm: 304485100.000 B/op
[INFO] [stdout]                  gc.count:           1.000 counts
[INFO] [stdout]                  gc.time:            2.000 ms
[INFO] [stdout] 
[INFO] [stdout] Iteration   6: 750.859 ms/op
[INFO] [stdout]                  gc.alloc.rate:      386.704 MB/sec
[INFO] [stdout]                  gc.alloc.rate.norm: 304489028.000 B/op
[INFO] [stdout]                  gc.count:           ≈ 0 counts
[INFO] [stdout] 
[INFO] [stdout] Iteration   7: 751.031 ms/op
[INFO] [stdout]                  gc.alloc.rate:      386.608 MB/sec
[INFO] [stdout]                  gc.alloc.rate.norm: 304485236.000 B/op
[INFO] [stdout]                  gc.count:           1.000 counts
[INFO] [stdout]                  gc.time:            2.000 ms
[INFO] [stdout] 
[INFO] [stdout] # Processing profiler results: LinuxPerfNormProfiler 
[INFO] [stdout] 
[INFO] [stdout] # Run progress: 33.33% complete, ETA 00:00:36
[INFO] [stdout] # Fork: 2 of 3
[INFO] [stdout] # Preparing profilers: LinuxPerfNormProfiler 
[INFO] [stdout] # Profilers consume stderr from target VM, use -v EXTRA to copy to console
[INFO] [stdout] # Warmup Iteration   1: 1358.396 ms/op
[INFO] [stdout] # Warmup Iteration   2: 832.571 ms/op
[INFO] [stdout] # Warmup Iteration   3: 776.616 ms/op
[INFO] [stdout] # Warmup Iteration   4: 773.004 ms/op
[INFO] [stdout] # Warmup Iteration   5: 776.188 ms/op
[INFO] [stdout] Iteration   1: 769.701 ms/op
[INFO] [stdout]                  gc.alloc.rate:      376.525 MB/sec
[INFO] [stdout]                  gc.alloc.rate.norm: 303916232.000 B/op
[INFO] [stdout]                  gc.count:           ≈ 0 counts
[INFO] [stdout] 
[INFO] [stdout] Iteration   2: 769.071 ms/op
[INFO] [stdout]                  gc.alloc.rate:      376.833 MB/sec
[INFO] [stdout]                  gc.alloc.rate.norm: 303916032.000 B/op
[INFO] [stdout]                  gc.count:           1.000 counts
[INFO] [stdout]                  gc.time:            2.000 ms
[INFO] [stdout] 
[INFO] [stdout] Iteration   3: 770.660 ms/op
[INFO] [stdout]                  gc.alloc.rate:      376.055 MB/sec
[INFO] [stdout]                  gc.alloc.rate.norm: 303915268.000 B/op
[INFO] [stdout]                  gc.count:           4.000 counts
[INFO] [stdout]                  gc.time:            2.000 ms
[INFO] [stdout] 
[INFO] [stdout] Iteration   4: 769.153 ms/op
[INFO] [stdout]                  gc.alloc.rate:      376.793 MB/sec
[INFO] [stdout]                  gc.alloc.rate.norm: 303915172.000 B/op
[INFO] [stdout]                  gc.count:           1.000 counts
[INFO] [stdout]                  gc.time:            1.000 ms
[INFO] [stdout] 
[INFO] [stdout] Iteration   5: 770.392 ms/op
[INFO] [stdout]                  gc.alloc.rate:      376.183 MB/sec
[INFO] [stdout]                  gc.alloc.rate.norm: 303915172.000 B/op
[INFO] [stdout]                  gc.count:           4.000 counts
[INFO] [stdout]                  gc.time:            2.000 ms
[INFO] [stdout] 
[INFO] [stdout] Iteration   6: 772.792 ms/op
[INFO] [stdout]                  gc.alloc.rate:      375.022 MB/sec
[INFO] [stdout]                  gc.alloc.rate.norm: 303919176.000 B/op
[INFO] [stdout]                  gc.count:           1.000 counts
[INFO] [stdout]                  gc.time:            2.000 ms
[INFO] [stdout] 
[INFO] [stdout] Iteration   7: 766.497 ms/op
[INFO] [stdout]                  gc.alloc.rate:      378.097 MB/sec
[INFO] [stdout]                  gc.alloc.rate.norm: 303915264.000 B/op
[INFO] [stdout]                  gc.count:           1.000 counts
[INFO] [stdout]                  gc.time:            2.000 ms
[INFO] [stdout] 
[INFO] [stdout] # Processing profiler results: LinuxPerfNormProfiler 
[INFO] [stdout] 
[INFO] [stdout] # Run progress: 66.67% complete, ETA 00:00:18
[INFO] [stdout] # Fork: 3 of 3
[INFO] [stdout] # Preparing profilers: LinuxPerfNormProfiler 
[INFO] [stdout] # Profilers consume stderr from target VM, use -v EXTRA to copy to console
[INFO] [stdout] # Warmup Iteration   1: 1379.059 ms/op
[INFO] [stdout] # Warmup Iteration   2: 800.130 ms/op
[INFO] [stdout] # Warmup Iteration   3: 745.339 ms/op
[INFO] [stdout] # Warmup Iteration   4: 736.306 ms/op
[INFO] [stdout] # Warmup Iteration   5: 740.622 ms/op
[INFO] [stdout] Iteration   1: 736.768 ms/op
[INFO] [stdout]                  gc.alloc.rate:      396.231 MB/sec
[INFO] [stdout]                  gc.alloc.rate.norm: 306143276.000 B/op
[INFO] [stdout]                  gc.count:           1.000 counts
[INFO] [stdout]                  gc.time:            3.000 ms
[INFO] [stdout] 
[INFO] [stdout] Iteration   2: 732.993 ms/op
[INFO] [stdout]                  gc.alloc.rate:      398.279 MB/sec
[INFO] [stdout]                  gc.alloc.rate.norm: 306143388.000 B/op
[INFO] [stdout]                  gc.count:           ≈ 0 counts
[INFO] [stdout] 
[INFO] [stdout] Iteration   3: 736.466 ms/op
[INFO] [stdout]                  gc.alloc.rate:      396.406 MB/sec
[INFO] [stdout]                  gc.alloc.rate.norm: 306143268.000 B/op
[INFO] [stdout]                  gc.count:           4.000 counts
[INFO] [stdout]                  gc.time:            4.000 ms
[INFO] [stdout] 
[INFO] [stdout] Iteration   4: 733.239 ms/op
[INFO] [stdout]                  gc.alloc.rate:      398.149 MB/sec
[INFO] [stdout]                  gc.alloc.rate.norm: 306142992.000 B/op
[INFO] [stdout]                  gc.count:           ≈ 0 counts
[INFO] [stdout] 
[INFO] [stdout] Iteration   5: 733.520 ms/op
[INFO] [stdout]                  gc.alloc.rate:      397.997 MB/sec
[INFO] [stdout]                  gc.alloc.rate.norm: 306143060.000 B/op
[INFO] [stdout]                  gc.count:           1.000 counts
[INFO] [stdout]                  gc.time:            2.000 ms
[INFO] [stdout] 
[INFO] [stdout] Iteration   6: 733.020 ms/op
[INFO] [stdout]                  gc.alloc.rate:      398.270 MB/sec
[INFO] [stdout]                  gc.alloc.rate.norm: 306146980.000 B/op
[INFO] [stdout]                  gc.count:           ≈ 0 counts
[INFO] [stdout] 
[INFO] [stdout] Iteration   7: 733.734 ms/op
[INFO] [stdout]                  gc.alloc.rate:      397.875 MB/sec
[INFO] [stdout]                  gc.alloc.rate.norm: 306141368.000 B/op
[INFO] [stdout]                  gc.count:           1.000 counts
[INFO] [stdout]                  gc.time:            3.000 ms
[INFO] [stdout] 
[INFO] [stdout] # Processing profiler results: LinuxPerfNormProfiler 
[INFO] [stdout] 
[INFO] [stdout] 
[INFO] [stdout] Result "org.weakref.nitro.tpcds.BenchmarkQueries.query44":
[INFO] [stdout]   752.211 ±(99.9%) 12.578 ms/op [Average]
[INFO] [stdout]   (min, avg, max) = (732.993, 752.211, 772.792), stdev = 14.973
[INFO] [stdout]   CI (99.9%): [739.633, 764.789] (assumes normal distribution)
[INFO] [stdout] 
[INFO] [stdout] Secondary result "org.weakref.nitro.tpcds.BenchmarkQueries.query44:CPI":
[INFO] [stdout]   0.261 ±(99.9%) 0.075 clks/insn [Average]
[INFO] [stdout]   (min, avg, max) = (0.257, 0.261, 0.265), stdev = 0.004
[INFO] [stdout]   CI (99.9%): [0.186, 0.337] (assumes normal distribution)
[INFO] [stdout] 
[INFO] [stdout] Secondary result "org.weakref.nitro.tpcds.BenchmarkQueries.query44:IPC":
[INFO] [stdout]   3.828 ±(99.9%) 1.109 insns/clk [Average]
[INFO] [stdout]   (min, avg, max) = (3.776, 3.828, 3.895), stdev = 0.061
[INFO] [stdout]   CI (99.9%): [2.718, 4.937] (assumes normal distribution)
[INFO] [stdout] 
[INFO] [stdout] Secondary result "org.weakref.nitro.tpcds.BenchmarkQueries.query44:L1-dcache-load-misses":
[INFO] [stdout]   205250828.407 ±(99.9%) 19912445.266 #/op [Average]
[INFO] [stdout]   (min, avg, max) = (204443477.533, 205250828.407, 206492621.682), stdev = 1091468.317
[INFO] [stdout]   CI (99.9%): [185338383.142, 225163273.673] (assumes normal distribution)
[INFO] [stdout] 
[INFO] [stdout] Secondary result "org.weakref.nitro.tpcds.BenchmarkQueries.query44:L1-dcache-loads":
[INFO] [stdout]   6953468385.133 ±(99.9%) 7217947285.975 #/op [Average]
[INFO] [stdout]   (min, avg, max) = (6656000834.565, 6953468385.133, 7402478431.135), stdev = 395640046.617
[INFO] [stdout]   CI (99.9%): [≈ 0, 14171415671.109] (assumes normal distribution)
[INFO] [stdout] 
[INFO] [stdout] Secondary result "org.weakref.nitro.tpcds.BenchmarkQueries.query44:L1-icache-load-misses":
[INFO] [stdout]   5796179.984 ±(99.9%) 9681205.768 #/op [Average]
[INFO] [stdout]   (min, avg, max) = (5429329.055, 5796179.984, 6404652.342), stdev = 530659.556
[INFO] [stdout]   CI (99.9%): [≈ 0, 15477385.752] (assumes normal distribution)
[INFO] [stdout] 
[INFO] [stdout] Secondary result "org.weakref.nitro.tpcds.BenchmarkQueries.query44:L1-icache-loads":
[INFO] [stdout]   80168393.982 ±(99.9%) 35096992.110 #/op [Average]
[INFO] [stdout]   (min, avg, max) = (78101181.018, 80168393.982, 81906216.327), stdev = 1923784.567
[INFO] [stdout]   CI (99.9%): [45071401.872, 115265386.091] (assumes normal distribution)
[INFO] [stdout] 
[INFO] [stdout] Secondary result "org.weakref.nitro.tpcds.BenchmarkQueries.query44:branch-misses":
[INFO] [stdout]   34803487.161 ±(99.9%) 2054981.572 #/op [Average]
[INFO] [stdout]   (min, avg, max) = (34674673.253, 34803487.161, 34883486.073), stdev = 112640.474
[INFO] [stdout]   CI (99.9%): [32748505.589, 36858468.734] (assumes normal distribution)
[INFO] [stdout] 
[INFO] [stdout] Secondary result "org.weakref.nitro.tpcds.BenchmarkQueries.query44:branches":
[INFO] [stdout]   3078809822.040 ±(99.9%) 447362763.896 #/op [Average]
[INFO] [stdout]   (min, avg, max) = (3054171206.337, 3078809822.040, 3103212427.974), stdev = 24521462.647
[INFO] [stdout]   CI (99.9%): [2631447058.144, 3526172585.936] (assumes normal distribution)
[INFO] [stdout] 
[INFO] [stdout] Secondary result "org.weakref.nitro.tpcds.BenchmarkQueries.query44:cycles":
[INFO] [stdout]   4069920522.459 ±(99.9%) 1755702617.344 #/op [Average]
[INFO] [stdout]   (min, avg, max) = (3980549864.949, 4069920522.459, 4171798761.216), stdev = 96235984.810
[INFO] [stdout]   CI (99.9%): [2314217905.115, 5825623139.803] (assumes normal distribution)
[INFO] [stdout] 
[INFO] [stdout] Secondary result "org.weakref.nitro.tpcds.BenchmarkQueries.query44:dTLB-load-misses":
[INFO] [stdout]   255353.694 ±(99.9%) 54461.260 #/op [Average]
[INFO] [stdout]   (min, avg, max) = (252654.185, 255353.694, 258559.773), stdev = 2985.205
[INFO] [stdout]   CI (99.9%): [200892.434, 309814.955] (assumes normal distribution)
[INFO] [stdout] 
[INFO] [stdout] Secondary result "org.weakref.nitro.tpcds.BenchmarkQueries.query44:dTLB-loads":
[INFO] [stdout]   2882068.020 ±(99.9%) 1461095.388 #/op [Average]
[INFO] [stdout]   (min, avg, max) = (2791135.143, 2882068.020, 2942109.353), stdev = 80087.568
[INFO] [stdout]   CI (99.9%): [1420972.632, 4343163.408] (assumes normal distribution)
[INFO] [stdout] 
[INFO] [stdout] Secondary result "org.weakref.nitro.tpcds.BenchmarkQueries.query44:gc.alloc.rate":
[INFO] [stdout]   386.630 ±(99.9%) 7.476 MB/sec [Average]
[INFO] [stdout]   (min, avg, max) = (375.022, 386.630, 398.279), stdev = 8.900
[INFO] [stdout]   CI (99.9%): [379.154, 394.106] (assumes normal distribution)
[INFO] [stdout] 
[INFO] [stdout] Secondary result "org.weakref.nitro.tpcds.BenchmarkQueries.query44:gc.alloc.rate.norm":
[INFO] [stdout]   304848430.476 ±(99.9%) 813274.093 B/op [Average]
[INFO] [stdout]   (min, avg, max) = (303915172.000, 304848430.476, 306146980.000), stdev = 968145.041
[INFO] [stdout]   CI (99.9%): [304035156.383, 305661704.569] (assumes normal distribution)
[INFO] [stdout] 
[INFO] [stdout] Secondary result "org.weakref.nitro.tpcds.BenchmarkQueries.query44:gc.count":
[INFO] [stdout]   23.000 ±(99.9%) 0.001 counts [Sum]
[INFO] [stdout]   (min, avg, max) = (≈ 0, 1.095, 4.000), stdev = 1.300
[INFO] [stdout]   CI (99.9%): [23.000, 23.000] (assumes normal distribution)
[INFO] [stdout] 
[INFO] [stdout] Secondary result "org.weakref.nitro.tpcds.BenchmarkQueries.query44:gc.time":
[INFO] [stdout]   32.000 ±(99.9%) 0.001 ms [Sum]
[INFO] [stdout]   (min, avg, max) = (≈ 0, 1.524, 4.000), stdev = 1.250
[INFO] [stdout]   CI (99.9%): [32.000, 32.000] (assumes normal distribution)
[INFO] [stdout] 
[INFO] [stdout] Secondary result "org.weakref.nitro.tpcds.BenchmarkQueries.query44:iTLB-load-misses":
[INFO] [stdout]   11905.258 ±(99.9%) 37871.927 #/op [Average]
[INFO] [stdout]   (min, avg, max) = (9902.819, 11905.258, 14047.525), stdev = 2075.888
[INFO] [stdout]   CI (99.9%): [≈ 0, 49777.184] (assumes normal distribution)
[INFO] [stdout] 
[INFO] [stdout] Secondary result "org.weakref.nitro.tpcds.BenchmarkQueries.query44:iTLB-loads":
[INFO] [stdout]   678731.799 ±(99.9%) 2998184.749 #/op [Average]
[INFO] [stdout]   (min, avg, max) = (534841.604, 678731.799, 857819.555), stdev = 164340.623
[INFO] [stdout]   CI (99.9%): [≈ 0, 3676916.549] (assumes normal distribution)
[INFO] [stdout] 
[INFO] [stdout] Secondary result "org.weakref.nitro.tpcds.BenchmarkQueries.query44:instructions":
[INFO] [stdout]   15576405969.541 ±(99.9%) 5449158816.806 #/op [Average]
[INFO] [stdout]   (min, avg, max) = (15321052138.466, 15576405969.541, 15904855416.878), stdev = 298686782.112
[INFO] [stdout]   CI (99.9%): [10127247152.735, 21025564786.348] (assumes normal distribution)
[INFO] [stdout] 
[INFO] [stdout] Secondary result "org.weakref.nitro.tpcds.BenchmarkQueries.query44:stalled-cycles-frontend":
[INFO] [stdout]   764425043.954 ±(99.9%) 78867242.248 #/op [Average]
[INFO] [stdout]   (min, avg, max) = (759863096.453, 764425043.954, 768460905.024), stdev = 4322979.673
[INFO] [stdout]   CI (99.9%): [685557801.706, 843292286.202] (assumes normal distribution)
[INFO] [stdout] 
[INFO] [stdout] 
[INFO] [stdout] # Run complete. Total time: 00:00:55
[INFO] [stdout] 
[INFO] [stdout] REMEMBER: The numbers below are just data. To gain reusable insights, you need to follow up on
[INFO] [stdout] why the numbers are the way they are. Use profilers (see -prof, -lprof), design factorial
[INFO] [stdout] experiments, perform baseline and negative tests that provide experimental control, make sure
[INFO] [stdout] the benchmarking environment is safe on JVM/OS/HW level, ask for reviews from the domain experts.
[INFO] [stdout] Do not assume the numbers tell you what you want them to tell.
[INFO] [stdout] 
[INFO] [stdout] NOTE: Current JVM experimentally supports Compiler Blackholes, and they are in use. Please exercise
[INFO] [stdout] extra caution when trusting the results, look into the generated code to check the benchmark still
[INFO] [stdout] works, and factor in a small probability of new VM bugs. Additionally, while comparisons between
[INFO] [stdout] different JVMs are already problematic, the performance difference caused by different Blackhole
[INFO] [stdout] modes can be very significant. Please make sure you use the consistent Blackhole mode for comparisons.
[INFO] [stdout] 
[INFO] [stdout] Benchmark                                         Mode  Cnt            Score            Error      Units
[INFO] [stdout] BenchmarkQueries.query44                          avgt   21          752.211 ±         12.578      ms/op
[INFO] [stdout] BenchmarkQueries.query44:CPI                      avgt    3            0.261 ±          0.075  clks/insn
[INFO] [stdout] BenchmarkQueries.query44:IPC                      avgt    3            3.828 ±          1.109  insns/clk
[INFO] [stdout] BenchmarkQueries.query44:L1-dcache-load-misses    avgt    3    205250828.407 ±   19912445.266       #/op
[INFO] [stdout] BenchmarkQueries.query44:L1-dcache-loads          avgt    3   6953468385.133 ± 7217947285.975       #/op
[INFO] [stdout] BenchmarkQueries.query44:L1-icache-load-misses    avgt    3      5796179.984 ±    9681205.768       #/op
[INFO] [stdout] BenchmarkQueries.query44:L1-icache-loads          avgt    3     80168393.982 ±   35096992.110       #/op
[INFO] [stdout] BenchmarkQueries.query44:branch-misses            avgt    3     34803487.161 ±    2054981.572       #/op
[INFO] [stdout] BenchmarkQueries.query44:branches                 avgt    3   3078809822.040 ±  447362763.896       #/op
[INFO] [stdout] BenchmarkQueries.query44:cycles                   avgt    3   4069920522.459 ± 1755702617.344       #/op
[INFO] [stdout] BenchmarkQueries.query44:dTLB-load-misses         avgt    3       255353.694 ±      54461.260       #/op
[INFO] [stdout] BenchmarkQueries.query44:dTLB-loads               avgt    3      2882068.020 ±    1461095.388       #/op
[INFO] [stdout] BenchmarkQueries.query44:gc.alloc.rate            avgt   21          386.630 ±          7.476     MB/sec
[INFO] [stdout] BenchmarkQueries.query44:gc.alloc.rate.norm       avgt   21    304848430.476 ±     813274.093       B/op
[INFO] [stdout] BenchmarkQueries.query44:gc.count                 avgt   21           23.000                      counts
[INFO] [stdout] BenchmarkQueries.query44:gc.time                  avgt   21           32.000                          ms
[INFO] [stdout] BenchmarkQueries.query44:iTLB-load-misses         avgt    3        11905.258 ±      37871.927       #/op
[INFO] [stdout] BenchmarkQueries.query44:iTLB-loads               avgt    3       678731.799 ±    2998184.749       #/op
[INFO] [stdout] BenchmarkQueries.query44:instructions             avgt    3  15576405969.541 ± 5449158816.806       #/op
[INFO] [stdout] BenchmarkQueries.query44:stalled-cycles-frontend  avgt    3    764425043.954 ±   78867242.248       #/op
[INFO] [stdout] 
[INFO] [stdout] Benchmark result is saved to benchmarks/sweeps/20260717-targeted/nitro-tpcds-q44-current-final-3fork.json
[INFO] ------------------------------------------------------------------------
[INFO] BUILD SUCCESS
[INFO] ------------------------------------------------------------------------
[INFO] Total time:  56.767 s (Wall Clock)
[INFO] Finished at: 2026-07-17T03:10:06Z
[INFO] ------------------------------------------------------------------------
[INFO] Njord session closed
