[INFO] Processing build on daemon 24d520e8
[INFO] Scanning for projects...
[INFO] Njord 0.9.4 session created
[INFO] BuildTimeEventSpy is registered.
[INFO] 
[INFO] Using the SmartBuilder implementation with a thread count of 7
[INFO] 
[INFO] -------------------------< org.weakref:nitro >--------------------------
[INFO] Building nitro 1-SNAPSHOT
[INFO]   from pom.xml
[INFO] --------------------------------[ jar ]---------------------------------
[WARNING] 2 problems were encountered while building the effective model for org.apache.yetus:audience-annotations:jar:0.5.0 during dependency collection step for project (use -X to see details)
[INFO] 
[INFO] --- exec:3.6.1:exec (benchmark) @ nitro ---
[WARNING] [stderr] WARNING: Using incubator modules: jdk.incubator.vector
[WARNING] [stderr] WARNING: A terminally deprecated method in sun.misc.Unsafe has been called
[WARNING] [stderr] WARNING: sun.misc.Unsafe::objectFieldOffset has been called by org.openjdk.jmh.util.Utils (file:/root/.m2/repository/org/openjdk/jmh/jmh-core/1.37/jmh-core-1.37.jar)
[WARNING] [stderr] WARNING: Please consider reporting this to the maintainers of class org.openjdk.jmh.util.Utils
[WARNING] [stderr] WARNING: sun.misc.Unsafe::objectFieldOffset will be removed in a future release
[INFO] [stdout] # JMH version: 1.37
[INFO] [stdout] # VM version: JDK 26.0.1, OpenJDK 64-Bit Server VM, 26.0.1+8
[INFO] [stdout] # VM invoker: /opt/java/openjdk/bin/java
[INFO] [stdout] # VM options: --enable-preview --add-modules=jdk.incubator.vector -Dnitro.clickbench.hits.path= -Xmx12g -XX:+UseTransparentHugePages -Dnitro.tpcds.parquet.path=/root/data/tpcds-parquet-sf10 -Dnitro.tpcds.parquet.schema=sf10 -Dnitro.expression.inPlaceFlatBooleanClassifier=false
[INFO] [stdout] # Blackhole mode: compiler (auto-detected, use -Djmh.blackhole.autoDetect=false to disable)
[INFO] [stdout] # Warmup: 3 iterations, 1 s each
[INFO] [stdout] # Measurement: 5 iterations, 1 s each
[INFO] [stdout] # Timeout: 30 min per iteration
[INFO] [stdout] # Threads: 1 thread, will synchronize iterations
[INFO] [stdout] # Benchmark mode: Average time, time/op
[INFO] [stdout] # Benchmark: org.weakref.nitro.tpcds.BenchmarkQueries.query76
[INFO] [stdout] 
[INFO] [stdout] # Run progress: 0.00% complete, ETA 00:00:24
[INFO] [stdout] # Fork: 1 of 3
[INFO] [stdout] # Preparing profilers: LinuxPerfNormProfiler 
[INFO] [stdout] # Profilers consume stderr from target VM, use -v EXTRA to copy to console
[INFO] [stdout] # Warmup Iteration   1: 1039.325 ms/op
[INFO] [stdout] # Warmup Iteration   2: 542.016 ms/op
[INFO] [stdout] # Warmup Iteration   3: 525.182 ms/op
[INFO] [stdout] Iteration   1: 522.321 ms/op
[INFO] [stdout]                  gc.alloc.rate:      679.650 MB/sec
[INFO] [stdout]                  gc.alloc.rate.norm: 372290412.000 B/op
[INFO] [stdout]                  gc.count:           3.000 counts
[INFO] [stdout]                  gc.time:            3.000 ms
[INFO] [stdout] 
[INFO] [stdout] Iteration   2: 527.420 ms/op
[INFO] [stdout]                  gc.alloc.rate:      673.099 MB/sec
[INFO] [stdout]                  gc.alloc.rate.norm: 372293752.000 B/op
[INFO] [stdout]                  gc.count:           3.000 counts
[INFO] [stdout]                  gc.time:            5.000 ms
[INFO] [stdout] 
[INFO] [stdout] Iteration   3: 520.230 ms/op
[INFO] [stdout]                  gc.alloc.rate:      682.399 MB/sec
[INFO] [stdout]                  gc.alloc.rate.norm: 372293164.000 B/op
[INFO] [stdout]                  gc.count:           4.000 counts
[INFO] [stdout]                  gc.time:            5.000 ms
[INFO] [stdout] 
[INFO] [stdout] Iteration   4: 523.477 ms/op
[INFO] [stdout]                  gc.alloc.rate:      678.161 MB/sec
[INFO] [stdout]                  gc.alloc.rate.norm: 372289468.000 B/op
[INFO] [stdout]                  gc.count:           7.000 counts
[INFO] [stdout]                  gc.time:            8.000 ms
[INFO] [stdout] 
[INFO] [stdout] Iteration   5: 519.183 ms/op
[INFO] [stdout]                  gc.alloc.rate:      683.803 MB/sec
[INFO] [stdout]                  gc.alloc.rate.norm: 372309452.000 B/op
[INFO] [stdout]                  gc.count:           4.000 counts
[INFO] [stdout]                  gc.time:            7.000 ms
[INFO] [stdout] 
[INFO] [stdout] # Processing profiler results: LinuxPerfNormProfiler 
[INFO] [stdout] 
[INFO] [stdout] # Run progress: 33.33% complete, ETA 00:00:17
[INFO] [stdout] # Fork: 2 of 3
[INFO] [stdout] # Preparing profilers: LinuxPerfNormProfiler 
[INFO] [stdout] # Profilers consume stderr from target VM, use -v EXTRA to copy to console
[INFO] [stdout] # Warmup Iteration   1: 1022.793 ms/op
[INFO] [stdout] # Warmup Iteration   2: 530.335 ms/op
[INFO] [stdout] # Warmup Iteration   3: 515.399 ms/op
[INFO] [stdout] Iteration   1: 511.528 ms/op
[INFO] [stdout]                  gc.alloc.rate:      695.278 MB/sec
[INFO] [stdout]                  gc.alloc.rate.norm: 372972204.000 B/op
[INFO] [stdout]                  gc.count:           4.000 counts
[INFO] [stdout]                  gc.time:            8.000 ms
[INFO] [stdout] 
[INFO] [stdout] Iteration   2: 512.361 ms/op
[INFO] [stdout]                  gc.alloc.rate:      694.123 MB/sec
[INFO] [stdout]                  gc.alloc.rate.norm: 372967024.000 B/op
[INFO] [stdout]                  gc.count:           6.000 counts
[INFO] [stdout]                  gc.time:            8.000 ms
[INFO] [stdout] 
[INFO] [stdout] Iteration   3: 510.311 ms/op
[INFO] [stdout]                  gc.alloc.rate:      696.916 MB/sec
[INFO] [stdout]                  gc.alloc.rate.norm: 372966744.000 B/op
[INFO] [stdout]                  gc.count:           3.000 counts
[INFO] [stdout]                  gc.time:            6.000 ms
[INFO] [stdout] 
[INFO] [stdout] Iteration   4: 510.572 ms/op
[INFO] [stdout]                  gc.alloc.rate:      696.565 MB/sec
[INFO] [stdout]                  gc.alloc.rate.norm: 372962740.000 B/op
[INFO] [stdout]                  gc.count:           2.000 counts
[INFO] [stdout]                  gc.time:            2.000 ms
[INFO] [stdout] 
[INFO] [stdout] Iteration   5: 505.038 ms/op
[INFO] [stdout]                  gc.alloc.rate:      704.206 MB/sec
[INFO] [stdout]                  gc.alloc.rate.norm: 372982748.000 B/op
[INFO] [stdout]                  gc.count:           4.000 counts
[INFO] [stdout]                  gc.time:            6.000 ms
[INFO] [stdout] 
[INFO] [stdout] # Processing profiler results: LinuxPerfNormProfiler 
[INFO] [stdout] 
[INFO] [stdout] # Run progress: 66.67% complete, ETA 00:00:08
[INFO] [stdout] # Fork: 3 of 3
[INFO] [stdout] # Preparing profilers: LinuxPerfNormProfiler 
[INFO] [stdout] # Profilers consume stderr from target VM, use -v EXTRA to copy to console
[INFO] [stdout] # Warmup Iteration   1: 1023.912 ms/op
[INFO] [stdout] # Warmup Iteration   2: 548.042 ms/op
[INFO] [stdout] # Warmup Iteration   3: 533.026 ms/op
[INFO] [stdout] Iteration   1: 526.636 ms/op
[INFO] [stdout]                  gc.alloc.rate:      673.070 MB/sec
[INFO] [stdout]                  gc.alloc.rate.norm: 371731092.000 B/op
[INFO] [stdout]                  gc.count:           4.000 counts
[INFO] [stdout]                  gc.time:            7.000 ms
[INFO] [stdout] 
[INFO] [stdout] Iteration   2: 529.184 ms/op
[INFO] [stdout]                  gc.alloc.rate:      669.839 MB/sec
[INFO] [stdout]                  gc.alloc.rate.norm: 371731456.000 B/op
[INFO] [stdout]                  gc.count:           7.000 counts
[INFO] [stdout]                  gc.time:            8.000 ms
[INFO] [stdout] 
[INFO] [stdout] Iteration   3: 533.088 ms/op
[INFO] [stdout]                  gc.alloc.rate:      664.941 MB/sec
[INFO] [stdout]                  gc.alloc.rate.norm: 371730868.000 B/op
[INFO] [stdout]                  gc.count:           4.000 counts
[INFO] [stdout]                  gc.time:            9.000 ms
[INFO] [stdout] 
[INFO] [stdout] Iteration   4: 531.463 ms/op
[INFO] [stdout]                  gc.alloc.rate:      666.970 MB/sec
[INFO] [stdout]                  gc.alloc.rate.norm: 371727156.000 B/op
[INFO] [stdout]                  gc.count:           6.000 counts
[INFO] [stdout]                  gc.time:            8.000 ms
[INFO] [stdout] 
[INFO] [stdout] Iteration   5: 528.907 ms/op
[INFO] [stdout]                  gc.alloc.rate:      670.209 MB/sec
[INFO] [stdout]                  gc.alloc.rate.norm: 371747180.000 B/op
[INFO] [stdout]                  gc.count:           10.000 counts
[INFO] [stdout]                  gc.time:            8.000 ms
[INFO] [stdout] 
[INFO] [stdout] # Processing profiler results: LinuxPerfNormProfiler 
[INFO] [stdout] 
[INFO] [stdout] 
[INFO] [stdout] Result "org.weakref.nitro.tpcds.BenchmarkQueries.query76":
[INFO] [stdout]   520.781 ±(99.9%) 9.525 ms/op [Average]
[INFO] [stdout]   (min, avg, max) = (505.038, 520.781, 533.088), stdev = 8.909
[INFO] [stdout]   CI (99.9%): [511.257, 530.306] (assumes normal distribution)
[INFO] [stdout] 
[INFO] [stdout] Secondary result "org.weakref.nitro.tpcds.BenchmarkQueries.query76:CPI":
[INFO] [stdout]   0.282 ±(99.9%) 0.048 clks/insn [Average]
[INFO] [stdout]   (min, avg, max) = (0.279, 0.282, 0.285), stdev = 0.003
[INFO] [stdout]   CI (99.9%): [0.234, 0.329] (assumes normal distribution)
[INFO] [stdout] 
[INFO] [stdout] Secondary result "org.weakref.nitro.tpcds.BenchmarkQueries.query76:IPC":
[INFO] [stdout]   3.551 ±(99.9%) 0.597 insns/clk [Average]
[INFO] [stdout]   (min, avg, max) = (3.515, 3.551, 3.578), stdev = 0.033
[INFO] [stdout]   CI (99.9%): [2.954, 4.148] (assumes normal distribution)
[INFO] [stdout] 
[INFO] [stdout] Secondary result "org.weakref.nitro.tpcds.BenchmarkQueries.query76:L1-dcache-load-misses":
[INFO] [stdout]   216493879.233 ±(99.9%) 49172007.495 #/op [Average]
[INFO] [stdout]   (min, avg, max) = (213756232.581, 216493879.233, 219144701.812), stdev = 2695283.654
[INFO] [stdout]   CI (99.9%): [167321871.738, 265665886.728] (assumes normal distribution)
[INFO] [stdout] 
[INFO] [stdout] Secondary result "org.weakref.nitro.tpcds.BenchmarkQueries.query76:L1-dcache-loads":
[INFO] [stdout]   4605686592.276 ±(99.9%) 3709878802.070 #/op [Average]
[INFO] [stdout]   (min, avg, max) = (4372623635.617, 4605686592.276, 4746974139.334), stdev = 203350975.567
[INFO] [stdout]   CI (99.9%): [895807790.207, 8315565394.346] (assumes normal distribution)
[INFO] [stdout] 
[INFO] [stdout] Secondary result "org.weakref.nitro.tpcds.BenchmarkQueries.query76:L1-icache-load-misses":
[INFO] [stdout]   7260726.257 ±(99.9%) 5098442.300 #/op [Average]
[INFO] [stdout]   (min, avg, max) = (7020951.986, 7260726.257, 7567644.662), stdev = 279462.826
[INFO] [stdout]   CI (99.9%): [2162283.957, 12359168.558] (assumes normal distribution)
[INFO] [stdout] 
[INFO] [stdout] Secondary result "org.weakref.nitro.tpcds.BenchmarkQueries.query76:L1-icache-loads":
[INFO] [stdout]   95192008.737 ±(99.9%) 24813375.557 #/op [Average]
[INFO] [stdout]   (min, avg, max) = (93752040.806, 95192008.737, 96454905.636), stdev = 1360104.843
[INFO] [stdout]   CI (99.9%): [70378633.179, 120005384.294] (assumes normal distribution)
[INFO] [stdout] 
[INFO] [stdout] Secondary result "org.weakref.nitro.tpcds.BenchmarkQueries.query76:branch-misses":
[INFO] [stdout]   17026175.551 ±(99.9%) 4202347.567 #/op [Average]
[INFO] [stdout]   (min, avg, max) = (16814966.456, 17026175.551, 17271786.487), stdev = 230344.850
[INFO] [stdout]   CI (99.9%): [12823827.985, 21228523.118] (assumes normal distribution)
[INFO] [stdout] 
[INFO] [stdout] Secondary result "org.weakref.nitro.tpcds.BenchmarkQueries.query76:branches":
[INFO] [stdout]   2047365929.583 ±(99.9%) 294102186.599 #/op [Average]
[INFO] [stdout]   (min, avg, max) = (2031705674.123, 2047365929.583, 2063910719.655), stdev = 16120733.251
[INFO] [stdout]   CI (99.9%): [1753263742.984, 2341468116.182] (assumes normal distribution)
[INFO] [stdout] 
[INFO] [stdout] Secondary result "org.weakref.nitro.tpcds.BenchmarkQueries.query76:cycles":
[INFO] [stdout]   2891265345.457 ±(99.9%) 1218564671.028 #/op [Average]
[INFO] [stdout]   (min, avg, max) = (2832060507.218, 2891265345.457, 2963675250.945), stdev = 66793641.481
[INFO] [stdout]   CI (99.9%): [1672700674.429, 4109830016.484] (assumes normal distribution)
[INFO] [stdout] 
[INFO] [stdout] Secondary result "org.weakref.nitro.tpcds.BenchmarkQueries.query76:dTLB-load-misses":
[INFO] [stdout]   183483.550 ±(99.9%) 149563.881 #/op [Average]
[INFO] [stdout]   (min, avg, max) = (178416.828, 183483.550, 192941.873), stdev = 8198.101
[INFO] [stdout]   CI (99.9%): [33919.669, 333047.431] (assumes normal distribution)
[INFO] [stdout] 
[INFO] [stdout] Secondary result "org.weakref.nitro.tpcds.BenchmarkQueries.query76:dTLB-loads":
[INFO] [stdout]   2614009.000 ±(99.9%) 1807634.600 #/op [Average]
[INFO] [stdout]   (min, avg, max) = (2510268.261, 2614009.000, 2707661.500), stdev = 99082.552
[INFO] [stdout]   CI (99.9%): [806374.400, 4421643.600] (assumes normal distribution)
[INFO] [stdout] 
[INFO] [stdout] Secondary result "org.weakref.nitro.tpcds.BenchmarkQueries.query76:gc.alloc.rate":
[INFO] [stdout]   681.949 ±(99.9%) 13.515 MB/sec [Average]
[INFO] [stdout]   (min, avg, max) = (664.941, 681.949, 704.206), stdev = 12.642
[INFO] [stdout]   CI (99.9%): [668.434, 695.464] (assumes normal distribution)
[INFO] [stdout] 
[INFO] [stdout] Secondary result "org.weakref.nitro.tpcds.BenchmarkQueries.query76:gc.alloc.rate.norm":
[INFO] [stdout]   372333030.667 ±(99.9%) 559547.274 B/op [Average]
[INFO] [stdout]   (min, avg, max) = (371727156.000, 372333030.667, 372982748.000), stdev = 523400.867
[INFO] [stdout]   CI (99.9%): [371773483.393, 372892577.941] (assumes normal distribution)
[INFO] [stdout] 
[INFO] [stdout] Secondary result "org.weakref.nitro.tpcds.BenchmarkQueries.query76:gc.count":
[INFO] [stdout]   71.000 ±(99.9%) 0.001 counts [Sum]
[INFO] [stdout]   (min, avg, max) = (2.000, 4.733, 10.000), stdev = 2.086
[INFO] [stdout]   CI (99.9%): [71.000, 71.000] (assumes normal distribution)
[INFO] [stdout] 
[INFO] [stdout] Secondary result "org.weakref.nitro.tpcds.BenchmarkQueries.query76:gc.time":
[INFO] [stdout]   98.000 ±(99.9%) 0.001 ms [Sum]
[INFO] [stdout]   (min, avg, max) = (2.000, 6.533, 9.000), stdev = 2.031
[INFO] [stdout]   CI (99.9%): [98.000, 98.000] (assumes normal distribution)
[INFO] [stdout] 
[INFO] [stdout] Secondary result "org.weakref.nitro.tpcds.BenchmarkQueries.query76:iTLB-load-misses":
[INFO] [stdout]   23158.517 ±(99.9%) 8821.301 #/op [Average]
[INFO] [stdout]   (min, avg, max) = (22684.146, 23158.517, 23650.704), stdev = 483.525
[INFO] [stdout]   CI (99.9%): [14337.216, 31979.817] (assumes normal distribution)
[INFO] [stdout] 
[INFO] [stdout] Secondary result "org.weakref.nitro.tpcds.BenchmarkQueries.query76:iTLB-loads":
[INFO] [stdout]   1486288.538 ±(99.9%) 9991737.034 #/op [Average]
[INFO] [stdout]   (min, avg, max) = (887972.900, 1486288.538, 1962838.808), stdev = 547680.822
[INFO] [stdout]   CI (99.9%): [≈ 0, 11478025.572] (assumes normal distribution)
[INFO] [stdout] 
[INFO] [stdout] Secondary result "org.weakref.nitro.tpcds.BenchmarkQueries.query76:instructions":
[INFO] [stdout]   10264702571.355 ±(99.9%) 2593191409.929 #/op [Average]
[INFO] [stdout]   (min, avg, max) = (10134201977.221, 10264702571.355, 10416158567.477), stdev = 142141571.511
[INFO] [stdout]   CI (99.9%): [7671511161.426, 12857893981.284] (assumes normal distribution)
[INFO] [stdout] 
[INFO] [stdout] Secondary result "org.weakref.nitro.tpcds.BenchmarkQueries.query76:stalled-cycles-frontend":
[INFO] [stdout]   470865556.777 ±(99.9%) 543701154.282 #/op [Average]
[INFO] [stdout]   (min, avg, max) = (436784132.403, 470865556.777, 492030253.097), stdev = 29802094.904
[INFO] [stdout]   CI (99.9%): [≈ 0, 1014566711.059] (assumes normal distribution)
[INFO] [stdout] 
[INFO] [stdout] 
[INFO] [stdout] # Run complete. Total time: 00:00:26
[INFO] [stdout] 
[INFO] [stdout] REMEMBER: The numbers below are just data. To gain reusable insights, you need to follow up on
[INFO] [stdout] why the numbers are the way they are. Use profilers (see -prof, -lprof), design factorial
[INFO] [stdout] experiments, perform baseline and negative tests that provide experimental control, make sure
[INFO] [stdout] the benchmarking environment is safe on JVM/OS/HW level, ask for reviews from the domain experts.
[INFO] [stdout] Do not assume the numbers tell you what you want them to tell.
[INFO] [stdout] 
[INFO] [stdout] NOTE: Current JVM experimentally supports Compiler Blackholes, and they are in use. Please exercise
[INFO] [stdout] extra caution when trusting the results, look into the generated code to check the benchmark still
[INFO] [stdout] works, and factor in a small probability of new VM bugs. Additionally, while comparisons between
[INFO] [stdout] different JVMs are already problematic, the performance difference caused by different Blackhole
[INFO] [stdout] modes can be very significant. Please make sure you use the consistent Blackhole mode for comparisons.
[INFO] [stdout] 
[INFO] [stdout] Benchmark                                         Mode  Cnt            Score            Error      Units
[INFO] [stdout] BenchmarkQueries.query76                          avgt   15          520.781 ±          9.525      ms/op
[INFO] [stdout] BenchmarkQueries.query76:CPI                      avgt    3            0.282 ±          0.048  clks/insn
[INFO] [stdout] BenchmarkQueries.query76:IPC                      avgt    3            3.551 ±          0.597  insns/clk
[INFO] [stdout] BenchmarkQueries.query76:L1-dcache-load-misses    avgt    3    216493879.233 ±   49172007.495       #/op
[INFO] [stdout] BenchmarkQueries.query76:L1-dcache-loads          avgt    3   4605686592.276 ± 3709878802.070       #/op
[INFO] [stdout] BenchmarkQueries.query76:L1-icache-load-misses    avgt    3      7260726.257 ±    5098442.300       #/op
[INFO] [stdout] BenchmarkQueries.query76:L1-icache-loads          avgt    3     95192008.737 ±   24813375.557       #/op
[INFO] [stdout] BenchmarkQueries.query76:branch-misses            avgt    3     17026175.551 ±    4202347.567       #/op
[INFO] [stdout] BenchmarkQueries.query76:branches                 avgt    3   2047365929.583 ±  294102186.599       #/op
[INFO] [stdout] BenchmarkQueries.query76:cycles                   avgt    3   2891265345.457 ± 1218564671.028       #/op
[INFO] [stdout] BenchmarkQueries.query76:dTLB-load-misses         avgt    3       183483.550 ±     149563.881       #/op
[INFO] [stdout] BenchmarkQueries.query76:dTLB-loads               avgt    3      2614009.000 ±    1807634.600       #/op
[INFO] [stdout] BenchmarkQueries.query76:gc.alloc.rate            avgt   15          681.949 ±         13.515     MB/sec
[INFO] [stdout] BenchmarkQueries.query76:gc.alloc.rate.norm       avgt   15    372333030.667 ±     559547.274       B/op
[INFO] [stdout] BenchmarkQueries.query76:gc.count                 avgt   15           71.000                      counts
[INFO] [stdout] BenchmarkQueries.query76:gc.time                  avgt   15           98.000                          ms
[INFO] [stdout] BenchmarkQueries.query76:iTLB-load-misses         avgt    3        23158.517 ±       8821.301       #/op
[INFO] [stdout] BenchmarkQueries.query76:iTLB-loads               avgt    3      1486288.538 ±    9991737.034       #/op
[INFO] [stdout] BenchmarkQueries.query76:instructions             avgt    3  10264702571.355 ± 2593191409.929       #/op
[INFO] [stdout] BenchmarkQueries.query76:stalled-cycles-frontend  avgt    3    470865556.777 ±  543701154.282       #/op
[INFO] [stdout] 
[INFO] [stdout] Benchmark result is saved to benchmarks/sweeps/20260717-targeted/nitro-tpcds-q76-in-place-flat-boolean-hoisted-off-b-3fork.json
[INFO] ------------------------------------------------------------------------
[INFO] BUILD SUCCESS
[INFO] ------------------------------------------------------------------------
[INFO] Total time:  26.857 s (Wall Clock)
[INFO] Finished at: 2026-07-17T15:05:12Z
[INFO] ------------------------------------------------------------------------
[INFO] Njord session closed
