[INFO] Processing build on daemon ed2d5c99
[INFO] Scanning for projects...
[INFO] Njord 0.9.4 session created
[INFO] BuildTimeEventSpy is registered.
[INFO] 
[INFO] Using the SmartBuilder implementation with a thread count of 7
[INFO] 
[INFO] -------------------------< org.weakref:nitro >--------------------------
[INFO] Building nitro 1-SNAPSHOT
[INFO]   from pom.xml
[INFO] --------------------------------[ jar ]---------------------------------
[WARNING] 2 problems were encountered while building the effective model for org.apache.yetus:audience-annotations:jar:0.5.0 during dependency collection step for project (use -X to see details)
[INFO] 
[INFO] --- exec:3.6.1:exec (benchmark) @ nitro ---
[WARNING] [stderr] WARNING: Using incubator modules: jdk.incubator.vector
[WARNING] [stderr] WARNING: A terminally deprecated method in sun.misc.Unsafe has been called
[WARNING] [stderr] WARNING: sun.misc.Unsafe::objectFieldOffset has been called by org.openjdk.jmh.util.Utils (file:/root/.m2/repository/org/openjdk/jmh/jmh-core/1.37/jmh-core-1.37.jar)
[WARNING] [stderr] WARNING: Please consider reporting this to the maintainers of class org.openjdk.jmh.util.Utils
[WARNING] [stderr] WARNING: sun.misc.Unsafe::objectFieldOffset will be removed in a future release
[INFO] [stdout] # JMH version: 1.37
[INFO] [stdout] # VM version: JDK 26.0.1, OpenJDK 64-Bit Server VM, 26.0.1+8
[INFO] [stdout] # VM invoker: /opt/java/openjdk/bin/java
[INFO] [stdout] # VM options: --enable-preview --add-modules=jdk.incubator.vector -Dnitro.clickbench.hits.path= -Xmx12g -XX:+UseTransparentHugePages -Dnitro.tpcds.parquet.path=/root/data/tpcds-parquet-sf10 -Dnitro.tpcds.parquet.schema=sf10
[INFO] [stdout] # Blackhole mode: compiler (auto-detected, use -Djmh.blackhole.autoDetect=false to disable)
[INFO] [stdout] # Warmup: 3 iterations, 1 s each
[INFO] [stdout] # Measurement: 5 iterations, 1 s each
[INFO] [stdout] # Timeout: 30 min per iteration
[INFO] [stdout] # Threads: 1 thread, will synchronize iterations
[INFO] [stdout] # Benchmark mode: Average time, time/op
[INFO] [stdout] # Benchmark: org.weakref.nitro.tpcds.BenchmarkQueries.query85
[INFO] [stdout] 
[INFO] [stdout] # Run progress: 0.00% complete, ETA 00:00:08
[INFO] [stdout] # Fork: 1 of 1
[INFO] [stdout] # Preparing profilers: LinuxPerfNormProfiler 
[INFO] [stdout] # Profilers consume stderr from target VM, use -v EXTRA to copy to console
[INFO] [stdout] # Warmup Iteration   1: 1037.371 ms/op
[INFO] [stdout] # Warmup Iteration   2: 361.601 ms/op
[INFO] [stdout] # Warmup Iteration   3: 340.471 ms/op
[INFO] [stdout] Iteration   1: 333.786 ms/op
[INFO] [stdout]                  gc.alloc.rate:      696.684 MB/sec
[INFO] [stdout]                  gc.alloc.rate.norm: 243865165.333 B/op
[INFO] [stdout]                  gc.count:           ≈ 0 counts
[INFO] [stdout] 
[INFO] [stdout] Iteration   2: 334.743 ms/op
[INFO] [stdout]                  gc.alloc.rate:      646.480 MB/sec
[INFO] [stdout]                  gc.alloc.rate.norm: 226941274.000 B/op
[INFO] [stdout]                  gc.count:           6.000 counts
[INFO] [stdout]                  gc.time:            13.000 ms
[INFO] [stdout] 
[INFO] [stdout] Iteration   3: 329.404 ms/op
[INFO] [stdout]                  gc.alloc.rate:      682.158 MB/sec
[INFO] [stdout]                  gc.alloc.rate.norm: 235645342.000 B/op
[INFO] [stdout]                  gc.count:           ≈ 0 counts
[INFO] [stdout] 
[INFO] [stdout] Iteration   4: 329.022 ms/op
[INFO] [stdout]                  gc.alloc.rate:      794.041 MB/sec
[INFO] [stdout]                  gc.alloc.rate.norm: 273973324.000 B/op
[INFO] [stdout]                  gc.count:           1.000 counts
[INFO] [stdout]                  gc.time:            3.000 ms
[INFO] [stdout] 
[INFO] [stdout] Iteration   5: 329.549 ms/op
[INFO] [stdout]                  gc.alloc.rate:      791.479 MB/sec
[INFO] [stdout]                  gc.alloc.rate.norm: 273532298.000 B/op
[INFO] [stdout]                  gc.count:           1.000 counts
[INFO] [stdout]                  gc.time:            4.000 ms
[INFO] [stdout] 
[INFO] [stdout] # Processing profiler results: LinuxPerfNormProfiler 
[INFO] [stdout] 
[INFO] [stdout] 
[INFO] [stdout] Result "org.weakref.nitro.tpcds.BenchmarkQueries.query85":
[INFO] [stdout]   331.301 ±(99.9%) 10.525 ms/op [Average]
[INFO] [stdout]   (min, avg, max) = (329.022, 331.301, 334.743), stdev = 2.733
[INFO] [stdout]   CI (99.9%): [320.775, 341.826] (assumes normal distribution)
[INFO] [stdout] 
[INFO] [stdout] Secondary result "org.weakref.nitro.tpcds.BenchmarkQueries.query85:CPI":
[INFO] [stdout]   0.294 clks/insn
[INFO] [stdout] 
[INFO] [stdout] Secondary result "org.weakref.nitro.tpcds.BenchmarkQueries.query85:IPC":
[INFO] [stdout]   3.399 insns/clk
[INFO] [stdout] 
[INFO] [stdout] Secondary result "org.weakref.nitro.tpcds.BenchmarkQueries.query85:L1-dcache-load-misses":
[INFO] [stdout]   78899954.554 #/op
[INFO] [stdout] 
[INFO] [stdout] Secondary result "org.weakref.nitro.tpcds.BenchmarkQueries.query85:L1-dcache-loads":
[INFO] [stdout]   2929534897.337 #/op
[INFO] [stdout] 
[INFO] [stdout] Secondary result "org.weakref.nitro.tpcds.BenchmarkQueries.query85:L1-icache-load-misses":
[INFO] [stdout]   2708093.504 #/op
[INFO] [stdout] 
[INFO] [stdout] Secondary result "org.weakref.nitro.tpcds.BenchmarkQueries.query85:L1-icache-loads":
[INFO] [stdout]   35412880.232 #/op
[INFO] [stdout] 
[INFO] [stdout] Secondary result "org.weakref.nitro.tpcds.BenchmarkQueries.query85:branch-misses":
[INFO] [stdout]   7931857.596 #/op
[INFO] [stdout] 
[INFO] [stdout] Secondary result "org.weakref.nitro.tpcds.BenchmarkQueries.query85:branches":
[INFO] [stdout]   1308233538.926 #/op
[INFO] [stdout] 
[INFO] [stdout] Secondary result "org.weakref.nitro.tpcds.BenchmarkQueries.query85:cycles":
[INFO] [stdout]   1935823250.871 #/op
[INFO] [stdout] 
[INFO] [stdout] Secondary result "org.weakref.nitro.tpcds.BenchmarkQueries.query85:dTLB-load-misses":
[INFO] [stdout]   82167.560 #/op
[INFO] [stdout] 
[INFO] [stdout] Secondary result "org.weakref.nitro.tpcds.BenchmarkQueries.query85:dTLB-loads":
[INFO] [stdout]   1490942.710 #/op
[INFO] [stdout] 
[INFO] [stdout] Secondary result "org.weakref.nitro.tpcds.BenchmarkQueries.query85:gc.alloc.rate":
[INFO] [stdout]   722.168 ±(99.9%) 257.939 MB/sec [Average]
[INFO] [stdout]   (min, avg, max) = (646.480, 722.168, 794.041), stdev = 66.986
[INFO] [stdout]   CI (99.9%): [464.229, 980.108] (assumes normal distribution)
[INFO] [stdout] 
[INFO] [stdout] Secondary result "org.weakref.nitro.tpcds.BenchmarkQueries.query85:gc.alloc.rate.norm":
[INFO] [stdout]   250791480.667 ±(99.9%) 83939496.938 B/op [Average]
[INFO] [stdout]   (min, avg, max) = (226941274.000, 250791480.667, 273973324.000), stdev = 21798820.794
[INFO] [stdout]   CI (99.9%): [166851983.728, 334730977.605] (assumes normal distribution)
[INFO] [stdout] 
[INFO] [stdout] Secondary result "org.weakref.nitro.tpcds.BenchmarkQueries.query85:gc.count":
[INFO] [stdout]   8.000 ±(99.9%) 0.001 counts [Sum]
[INFO] [stdout]   (min, avg, max) = (≈ 0, 1.600, 6.000), stdev = 2.510
[INFO] [stdout]   CI (99.9%): [8.000, 8.000] (assumes normal distribution)
[INFO] [stdout] 
[INFO] [stdout] Secondary result "org.weakref.nitro.tpcds.BenchmarkQueries.query85:gc.time":
[INFO] [stdout]   20.000 ±(99.9%) 0.001 ms [Sum]
[INFO] [stdout]   (min, avg, max) = (≈ 0, 4.000, 13.000), stdev = 5.339
[INFO] [stdout]   CI (99.9%): [20.000, 20.000] (assumes normal distribution)
[INFO] [stdout] 
[INFO] [stdout] Secondary result "org.weakref.nitro.tpcds.BenchmarkQueries.query85:iTLB-load-misses":
[INFO] [stdout]   15387.111 #/op
[INFO] [stdout] 
[INFO] [stdout] Secondary result "org.weakref.nitro.tpcds.BenchmarkQueries.query85:iTLB-loads":
[INFO] [stdout]   810571.439 #/op
[INFO] [stdout] 
[INFO] [stdout] Secondary result "org.weakref.nitro.tpcds.BenchmarkQueries.query85:instructions":
[INFO] [stdout]   6580392480.646 #/op
[INFO] [stdout] 
[INFO] [stdout] Secondary result "org.weakref.nitro.tpcds.BenchmarkQueries.query85:stalled-cycles-frontend":
[INFO] [stdout]   287282973.484 #/op
[INFO] [stdout] 
[INFO] [stdout] 
[INFO] [stdout] # Run complete. Total time: 00:00:09
[INFO] [stdout] 
[INFO] [stdout] REMEMBER: The numbers below are just data. To gain reusable insights, you need to follow up on
[INFO] [stdout] why the numbers are the way they are. Use profilers (see -prof, -lprof), design factorial
[INFO] [stdout] experiments, perform baseline and negative tests that provide experimental control, make sure
[INFO] [stdout] the benchmarking environment is safe on JVM/OS/HW level, ask for reviews from the domain experts.
[INFO] [stdout] Do not assume the numbers tell you what you want them to tell.
[INFO] [stdout] 
[INFO] [stdout] NOTE: Current JVM experimentally supports Compiler Blackholes, and they are in use. Please exercise
[INFO] [stdout] extra caution when trusting the results, look into the generated code to check the benchmark still
[INFO] [stdout] works, and factor in a small probability of new VM bugs. Additionally, while comparisons between
[INFO] [stdout] different JVMs are already problematic, the performance difference caused by different Blackhole
[INFO] [stdout] modes can be very significant. Please make sure you use the consistent Blackhole mode for comparisons.
[INFO] [stdout] 
[INFO] [stdout] Benchmark                                         Mode  Cnt           Score          Error      Units
[INFO] [stdout] BenchmarkQueries.query85                          avgt    5         331.301 ±       10.525      ms/op
[INFO] [stdout] BenchmarkQueries.query85:CPI                      avgt                0.294                 clks/insn
[INFO] [stdout] BenchmarkQueries.query85:IPC                      avgt                3.399                 insns/clk
[INFO] [stdout] BenchmarkQueries.query85:L1-dcache-load-misses    avgt         78899954.554                      #/op
[INFO] [stdout] BenchmarkQueries.query85:L1-dcache-loads          avgt       2929534897.337                      #/op
[INFO] [stdout] BenchmarkQueries.query85:L1-icache-load-misses    avgt          2708093.504                      #/op
[INFO] [stdout] BenchmarkQueries.query85:L1-icache-loads          avgt         35412880.232                      #/op
[INFO] [stdout] BenchmarkQueries.query85:branch-misses            avgt          7931857.596                      #/op
[INFO] [stdout] BenchmarkQueries.query85:branches                 avgt       1308233538.926                      #/op
[INFO] [stdout] BenchmarkQueries.query85:cycles                   avgt       1935823250.871                      #/op
[INFO] [stdout] BenchmarkQueries.query85:dTLB-load-misses         avgt            82167.560                      #/op
[INFO] [stdout] BenchmarkQueries.query85:dTLB-loads               avgt          1490942.710                      #/op
[INFO] [stdout] BenchmarkQueries.query85:gc.alloc.rate            avgt    5         722.168 ±      257.939     MB/sec
[INFO] [stdout] BenchmarkQueries.query85:gc.alloc.rate.norm       avgt    5   250791480.667 ± 83939496.938       B/op
[INFO] [stdout] BenchmarkQueries.query85:gc.count                 avgt    5           8.000                    counts
[INFO] [stdout] BenchmarkQueries.query85:gc.time                  avgt    5          20.000                        ms
[INFO] [stdout] BenchmarkQueries.query85:iTLB-load-misses         avgt            15387.111                      #/op
[INFO] [stdout] BenchmarkQueries.query85:iTLB-loads               avgt           810571.439                      #/op
[INFO] [stdout] BenchmarkQueries.query85:instructions             avgt       6580392480.646                      #/op
[INFO] [stdout] BenchmarkQueries.query85:stalled-cycles-frontend  avgt        287282973.484                      #/op
[INFO] [stdout] 
[INFO] [stdout] Benchmark result is saved to benchmarks/sweeps/20260717-targeted/nitro-tpcds-q85-sparse-aware-regression.json
[INFO] ------------------------------------------------------------------------
[INFO] BUILD SUCCESS
[INFO] ------------------------------------------------------------------------
[INFO] Total time:  11.340 s (Wall Clock)
[INFO] Finished at: 2026-07-17T04:18:40Z
[INFO] ------------------------------------------------------------------------
[INFO] Njord session closed
