[INFO] Processing build on daemon 24d520e8
[INFO] Scanning for projects...
[INFO] Njord 0.9.4 session created
[INFO] BuildTimeEventSpy is registered.
[INFO] 
[INFO] Using the SmartBuilder implementation with a thread count of 7
[INFO] 
[INFO] -------------------------< org.weakref:nitro >--------------------------
[INFO] Building nitro 1-SNAPSHOT
[INFO]   from pom.xml
[INFO] --------------------------------[ jar ]---------------------------------
[WARNING] 2 problems were encountered while building the effective model for org.apache.yetus:audience-annotations:jar:0.5.0 during dependency collection step for project (use -X to see details)
[INFO] 
[INFO] --- exec:3.6.1:exec (benchmark) @ nitro ---
[WARNING] [stderr] WARNING: Using incubator modules: jdk.incubator.vector
[WARNING] [stderr] WARNING: A terminally deprecated method in sun.misc.Unsafe has been called
[WARNING] [stderr] WARNING: sun.misc.Unsafe::objectFieldOffset has been called by org.openjdk.jmh.util.Utils (file:/root/.m2/repository/org/openjdk/jmh/jmh-core/1.37/jmh-core-1.37.jar)
[WARNING] [stderr] WARNING: Please consider reporting this to the maintainers of class org.openjdk.jmh.util.Utils
[WARNING] [stderr] WARNING: sun.misc.Unsafe::objectFieldOffset will be removed in a future release
[INFO] [stdout] # JMH version: 1.37
[INFO] [stdout] # VM version: JDK 26.0.1, OpenJDK 64-Bit Server VM, 26.0.1+8
[INFO] [stdout] # VM invoker: /opt/java/openjdk/bin/java
[INFO] [stdout] # VM options: --enable-preview --add-modules=jdk.incubator.vector -Dnitro.clickbench.hits.path= -Xmx12g -XX:+UseTransparentHugePages -Dnitro.tpcds.parquet.path=/root/data/tpcds-parquet-sf10 -Dnitro.tpcds.parquet.schema=sf10 -Dnitro.isNull.directMask=true
[INFO] [stdout] # Blackhole mode: compiler (auto-detected, use -Djmh.blackhole.autoDetect=false to disable)
[INFO] [stdout] # Warmup: 3 iterations, 1 s each
[INFO] [stdout] # Measurement: 5 iterations, 1 s each
[INFO] [stdout] # Timeout: 30 min per iteration
[INFO] [stdout] # Threads: 1 thread, will synchronize iterations
[INFO] [stdout] # Benchmark mode: Average time, time/op
[INFO] [stdout] # Benchmark: org.weakref.nitro.tpcds.BenchmarkQueries.query76
[INFO] [stdout] 
[INFO] [stdout] # Run progress: 0.00% complete, ETA 00:00:24
[INFO] [stdout] # Fork: 1 of 3
[INFO] [stdout] # Preparing profilers: LinuxPerfNormProfiler 
[INFO] [stdout] # Profilers consume stderr from target VM, use -v EXTRA to copy to console
[INFO] [stdout] # Warmup Iteration   1: 1014.783 ms/op
[INFO] [stdout] # Warmup Iteration   2: 535.632 ms/op
[INFO] [stdout] # Warmup Iteration   3: 522.544 ms/op
[INFO] [stdout] Iteration   1: 516.691 ms/op
[INFO] [stdout]                  gc.alloc.rate:      273.784 MB/sec
[INFO] [stdout]                  gc.alloc.rate.norm: 148352444.000 B/op
[INFO] [stdout]                  gc.count:           2.000 counts
[INFO] [stdout]                  gc.time:            4.000 ms
[INFO] [stdout] 
[INFO] [stdout] Iteration   2: 515.382 ms/op
[INFO] [stdout]                  gc.alloc.rate:      274.488 MB/sec
[INFO] [stdout]                  gc.alloc.rate.norm: 148356784.000 B/op
[INFO] [stdout]                  gc.count:           1.000 counts
[INFO] [stdout]                  gc.time:            1.000 ms
[INFO] [stdout] 
[INFO] [stdout] Iteration   3: 514.115 ms/op
[INFO] [stdout]                  gc.alloc.rate:      275.162 MB/sec
[INFO] [stdout]                  gc.alloc.rate.norm: 148356252.000 B/op
[INFO] [stdout]                  gc.count:           1.000 counts
[INFO] [stdout]                  gc.time:            ≈ 0 ms
[INFO] [stdout] 
[INFO] [stdout] Iteration   4: 514.757 ms/op
[INFO] [stdout]                  gc.alloc.rate:      274.820 MB/sec
[INFO] [stdout]                  gc.alloc.rate.norm: 148352708.000 B/op
[INFO] [stdout]                  gc.count:           1.000 counts
[INFO] [stdout]                  gc.time:            2.000 ms
[INFO] [stdout] 
[INFO] [stdout] Iteration   5: 514.446 ms/op
[INFO] [stdout]                  gc.alloc.rate:      274.982 MB/sec
[INFO] [stdout]                  gc.alloc.rate.norm: 148352484.000 B/op
[INFO] [stdout]                  gc.count:           1.000 counts
[INFO] [stdout]                  gc.time:            1.000 ms
[INFO] [stdout] 
[INFO] [stdout] # Processing profiler results: LinuxPerfNormProfiler 
[INFO] [stdout] 
[INFO] [stdout] # Run progress: 33.33% complete, ETA 00:00:17
[INFO] [stdout] # Fork: 2 of 3
[INFO] [stdout] # Preparing profilers: LinuxPerfNormProfiler 
[INFO] [stdout] # Profilers consume stderr from target VM, use -v EXTRA to copy to console
[INFO] [stdout] # Warmup Iteration   1: 753.847 ms/op
[INFO] [stdout] # Warmup Iteration   2: 497.881 ms/op
[INFO] [stdout] # Warmup Iteration   3: 494.829 ms/op
[INFO] [stdout] Iteration   1: 500.189 ms/op
[INFO] [stdout]                  gc.alloc.rate:      283.856 MB/sec
[INFO] [stdout]                  gc.alloc.rate.norm: 148896676.000 B/op
[INFO] [stdout]                  gc.count:           2.000 counts
[INFO] [stdout]                  gc.time:            5.000 ms
[INFO] [stdout] 
[INFO] [stdout] Iteration   2: 492.710 ms/op
[INFO] [stdout]                  gc.alloc.rate:      288.168 MB/sec
[INFO] [stdout]                  gc.alloc.rate.norm: 148893426.667 B/op
[INFO] [stdout]                  gc.count:           5.000 counts
[INFO] [stdout]                  gc.time:            3.000 ms
[INFO] [stdout] 
[INFO] [stdout] Iteration   3: 486.624 ms/op
[INFO] [stdout]                  gc.alloc.rate:      291.766 MB/sec
[INFO] [stdout]                  gc.alloc.rate.norm: 148890952.000 B/op
[INFO] [stdout]                  gc.count:           2.000 counts
[INFO] [stdout]                  gc.time:            2.000 ms
[INFO] [stdout] 
[INFO] [stdout] Iteration   4: 481.758 ms/op
[INFO] [stdout]                  gc.alloc.rate:      294.716 MB/sec
[INFO] [stdout]                  gc.alloc.rate.norm: 148892485.333 B/op
[INFO] [stdout]                  gc.count:           2.000 counts
[INFO] [stdout]                  gc.time:            2.000 ms
[INFO] [stdout] 
[INFO] [stdout] Iteration   5: 484.624 ms/op
[INFO] [stdout]                  gc.alloc.rate:      292.971 MB/sec
[INFO] [stdout]                  gc.alloc.rate.norm: 148890685.333 B/op
[INFO] [stdout]                  gc.count:           2.000 counts
[INFO] [stdout]                  gc.time:            2.000 ms
[INFO] [stdout] 
[INFO] [stdout] # Processing profiler results: LinuxPerfNormProfiler 
[INFO] [stdout] 
[INFO] [stdout] # Run progress: 66.67% complete, ETA 00:00:10
[INFO] [stdout] # Fork: 3 of 3
[INFO] [stdout] # Preparing profilers: LinuxPerfNormProfiler 
[INFO] [stdout] # Profilers consume stderr from target VM, use -v EXTRA to copy to console
[INFO] [stdout] # Warmup Iteration   1: 756.230 ms/op
[INFO] [stdout] # Warmup Iteration   2: 525.210 ms/op
[INFO] [stdout] # Warmup Iteration   3: 516.783 ms/op
[INFO] [stdout] Iteration   1: 517.366 ms/op
[INFO] [stdout]                  gc.alloc.rate:      273.813 MB/sec
[INFO] [stdout]                  gc.alloc.rate.norm: 148561524.000 B/op
[INFO] [stdout]                  gc.count:           4.000 counts
[INFO] [stdout]                  gc.time:            6.000 ms
[INFO] [stdout] 
[INFO] [stdout] Iteration   2: 515.135 ms/op
[INFO] [stdout]                  gc.alloc.rate:      275.037 MB/sec
[INFO] [stdout]                  gc.alloc.rate.norm: 148581368.000 B/op
[INFO] [stdout]                  gc.count:           2.000 counts
[INFO] [stdout]                  gc.time:            2.000 ms
[INFO] [stdout] 
[INFO] [stdout] Iteration   3: 511.163 ms/op
[INFO] [stdout]                  gc.alloc.rate:      277.143 MB/sec
[INFO] [stdout]                  gc.alloc.rate.norm: 148565244.000 B/op
[INFO] [stdout]                  gc.count:           2.000 counts
[INFO] [stdout]                  gc.time:            3.000 ms
[INFO] [stdout] 
[INFO] [stdout] Iteration   4: 510.752 ms/op
[INFO] [stdout]                  gc.alloc.rate:      277.363 MB/sec
[INFO] [stdout]                  gc.alloc.rate.norm: 148561308.000 B/op
[INFO] [stdout]                  gc.count:           2.000 counts
[INFO] [stdout]                  gc.time:            4.000 ms
[INFO] [stdout] 
[INFO] [stdout] Iteration   5: 509.612 ms/op
[INFO] [stdout]                  gc.alloc.rate:      277.982 MB/sec
[INFO] [stdout]                  gc.alloc.rate.norm: 148561516.000 B/op
[INFO] [stdout]                  gc.count:           2.000 counts
[INFO] [stdout]                  gc.time:            3.000 ms
[INFO] [stdout] 
[INFO] [stdout] # Processing profiler results: LinuxPerfNormProfiler 
[INFO] [stdout] 
[INFO] [stdout] 
[INFO] [stdout] Result "org.weakref.nitro.tpcds.BenchmarkQueries.query76":
[INFO] [stdout]   505.688 ±(99.9%) 13.762 ms/op [Average]
[INFO] [stdout]   (min, avg, max) = (481.758, 505.688, 517.366), stdev = 12.873
[INFO] [stdout]   CI (99.9%): [491.926, 519.451] (assumes normal distribution)
[INFO] [stdout] 
[INFO] [stdout] Secondary result "org.weakref.nitro.tpcds.BenchmarkQueries.query76:CPI":
[INFO] [stdout]   0.272 ±(99.9%) 0.057 clks/insn [Average]
[INFO] [stdout]   (min, avg, max) = (0.268, 0.272, 0.274), stdev = 0.003
[INFO] [stdout]   CI (99.9%): [0.215, 0.328] (assumes normal distribution)
[INFO] [stdout] 
[INFO] [stdout] Secondary result "org.weakref.nitro.tpcds.BenchmarkQueries.query76:IPC":
[INFO] [stdout]   3.679 ±(99.9%) 0.772 insns/clk [Average]
[INFO] [stdout]   (min, avg, max) = (3.653, 3.679, 3.728), stdev = 0.042
[INFO] [stdout]   CI (99.9%): [2.908, 4.451] (assumes normal distribution)
[INFO] [stdout] 
[INFO] [stdout] Secondary result "org.weakref.nitro.tpcds.BenchmarkQueries.query76:L1-dcache-load-misses":
[INFO] [stdout]   207392042.799 ±(99.9%) 51628187.623 #/op [Average]
[INFO] [stdout]   (min, avg, max) = (204531360.630, 207392042.799, 210190153.251), stdev = 2829915.175
[INFO] [stdout]   CI (99.9%): [155763855.176, 259020230.422] (assumes normal distribution)
[INFO] [stdout] 
[INFO] [stdout] Secondary result "org.weakref.nitro.tpcds.BenchmarkQueries.query76:L1-dcache-loads":
[INFO] [stdout]   4566646548.941 ±(99.9%) 3392140001.435 #/op [Average]
[INFO] [stdout]   (min, avg, max) = (4354188540.228, 4566646548.941, 4699668950.926), stdev = 185934639.742
[INFO] [stdout]   CI (99.9%): [1174506547.506, 7958786550.376] (assumes normal distribution)
[INFO] [stdout] 
[INFO] [stdout] Secondary result "org.weakref.nitro.tpcds.BenchmarkQueries.query76:L1-icache-load-misses":
[INFO] [stdout]   5897903.353 ±(99.9%) 4908785.804 #/op [Average]
[INFO] [stdout]   (min, avg, max) = (5596692.520, 5897903.353, 6114471.919), stdev = 269067.114
[INFO] [stdout]   CI (99.9%): [989117.549, 10806689.158] (assumes normal distribution)
[INFO] [stdout] 
[INFO] [stdout] Secondary result "org.weakref.nitro.tpcds.BenchmarkQueries.query76:L1-icache-loads":
[INFO] [stdout]   79817230.131 ±(99.9%) 45174310.230 #/op [Average]
[INFO] [stdout]   (min, avg, max) = (77026048.179, 79817230.131, 81749782.826), stdev = 2476156.378
[INFO] [stdout]   CI (99.9%): [34642919.901, 124991540.362] (assumes normal distribution)
[INFO] [stdout] 
[INFO] [stdout] Secondary result "org.weakref.nitro.tpcds.BenchmarkQueries.query76:branch-misses":
[INFO] [stdout]   16838743.837 ±(99.9%) 2784802.209 #/op [Average]
[INFO] [stdout]   (min, avg, max) = (16745352.047, 16838743.837, 17014895.496), stdev = 152644.406
[INFO] [stdout]   CI (99.9%): [14053941.628, 19623546.047] (assumes normal distribution)
[INFO] [stdout] 
[INFO] [stdout] Secondary result "org.weakref.nitro.tpcds.BenchmarkQueries.query76:branches":
[INFO] [stdout]   2052089763.425 ±(99.9%) 304515578.467 #/op [Average]
[INFO] [stdout]   (min, avg, max) = (2032926868.905, 2052089763.425, 2063458571.502), stdev = 16691526.398
[INFO] [stdout]   CI (99.9%): [1747574184.957, 2356605341.892] (assumes normal distribution)
[INFO] [stdout] 
[INFO] [stdout] Secondary result "org.weakref.nitro.tpcds.BenchmarkQueries.query76:cycles":
[INFO] [stdout]   2775480900.015 ±(99.9%) 1566322473.130 #/op [Average]
[INFO] [stdout]   (min, avg, max) = (2676549051.253, 2775480900.015, 2830471327.168), stdev = 85855420.071
[INFO] [stdout]   CI (99.9%): [1209158426.885, 4341803373.145] (assumes normal distribution)
[INFO] [stdout] 
[INFO] [stdout] Secondary result "org.weakref.nitro.tpcds.BenchmarkQueries.query76:dTLB-load-misses":
[INFO] [stdout]   171498.032 ±(99.9%) 52066.335 #/op [Average]
[INFO] [stdout]   (min, avg, max) = (169636.225, 171498.032, 174783.756), stdev = 2853.932
[INFO] [stdout]   CI (99.9%): [119431.697, 223564.367] (assumes normal distribution)
[INFO] [stdout] 
[INFO] [stdout] Secondary result "org.weakref.nitro.tpcds.BenchmarkQueries.query76:dTLB-loads":
[INFO] [stdout]   2388699.420 ±(99.9%) 874677.974 #/op [Average]
[INFO] [stdout]   (min, avg, max) = (2352231.429, 2388699.420, 2443005.514), stdev = 47944.051
[INFO] [stdout]   CI (99.9%): [1514021.445, 3263377.394] (assumes normal distribution)
[INFO] [stdout] 
[INFO] [stdout] Secondary result "org.weakref.nitro.tpcds.BenchmarkQueries.query76:gc.alloc.rate":
[INFO] [stdout]   280.403 ±(99.9%) 8.226 MB/sec [Average]
[INFO] [stdout]   (min, avg, max) = (273.784, 280.403, 294.716), stdev = 7.695
[INFO] [stdout]   CI (99.9%): [272.177, 288.630] (assumes normal distribution)
[INFO] [stdout] 
[INFO] [stdout] Secondary result "org.weakref.nitro.tpcds.BenchmarkQueries.query76:gc.alloc.rate.norm":
[INFO] [stdout]   148604390.489 ±(99.9%) 245253.596 B/op [Average]
[INFO] [stdout]   (min, avg, max) = (148352444.000, 148604390.489, 148896676.000), stdev = 229410.365
[INFO] [stdout]   CI (99.9%): [148359136.893, 148849644.084] (assumes normal distribution)
[INFO] [stdout] 
[INFO] [stdout] Secondary result "org.weakref.nitro.tpcds.BenchmarkQueries.query76:gc.count":
[INFO] [stdout]   31.000 ±(99.9%) 0.001 counts [Sum]
[INFO] [stdout]   (min, avg, max) = (1.000, 2.067, 5.000), stdev = 1.100
[INFO] [stdout]   CI (99.9%): [31.000, 31.000] (assumes normal distribution)
[INFO] [stdout] 
[INFO] [stdout] Secondary result "org.weakref.nitro.tpcds.BenchmarkQueries.query76:gc.time":
[INFO] [stdout]   40.000 ±(99.9%) 0.001 ms [Sum]
[INFO] [stdout]   (min, avg, max) = (≈ 0, 2.667, 6.000), stdev = 1.589
[INFO] [stdout]   CI (99.9%): [40.000, 40.000] (assumes normal distribution)
[INFO] [stdout] 
[INFO] [stdout] Secondary result "org.weakref.nitro.tpcds.BenchmarkQueries.query76:iTLB-load-misses":
[INFO] [stdout]   17377.019 ±(99.9%) 54597.989 #/op [Average]
[INFO] [stdout]   (min, avg, max) = (14904.936, 17377.019, 20704.199), stdev = 2992.700
[INFO] [stdout]   CI (99.9%): [≈ 0, 71975.009] (assumes normal distribution)
[INFO] [stdout] 
[INFO] [stdout] Secondary result "org.weakref.nitro.tpcds.BenchmarkQueries.query76:iTLB-loads":
[INFO] [stdout]   726857.291 ±(99.9%) 1017439.842 #/op [Average]
[INFO] [stdout]   (min, avg, max) = (664701.429, 726857.291, 772519.549), stdev = 55769.311
[INFO] [stdout]   CI (99.9%): [≈ 0, 1744297.133] (assumes normal distribution)
[INFO] [stdout] 
[INFO] [stdout] Secondary result "org.weakref.nitro.tpcds.BenchmarkQueries.query76:instructions":
[INFO] [stdout]   10208931808.569 ±(99.9%) 3659256473.754 #/op [Average]
[INFO] [stdout]   (min, avg, max) = (9977921164.721, 10208931808.569, 10338802776.880), stdev = 200576194.934
[INFO] [stdout]   CI (99.9%): [6549675334.815, 13868188282.323] (assumes normal distribution)
[INFO] [stdout] 
[INFO] [stdout] Secondary result "org.weakref.nitro.tpcds.BenchmarkQueries.query76:stalled-cycles-frontend":
[INFO] [stdout]   451361806.077 ±(99.9%) 487879075.578 #/op [Average]
[INFO] [stdout]   (min, avg, max) = (420798075.303, 451361806.077, 470457369.790), stdev = 26742298.407
[INFO] [stdout]   CI (99.9%): [≈ 0, 939240881.656] (assumes normal distribution)
[INFO] [stdout] 
[INFO] [stdout] 
[INFO] [stdout] # Run complete. Total time: 00:00:29
[INFO] [stdout] 
[INFO] [stdout] REMEMBER: The numbers below are just data. To gain reusable insights, you need to follow up on
[INFO] [stdout] why the numbers are the way they are. Use profilers (see -prof, -lprof), design factorial
[INFO] [stdout] experiments, perform baseline and negative tests that provide experimental control, make sure
[INFO] [stdout] the benchmarking environment is safe on JVM/OS/HW level, ask for reviews from the domain experts.
[INFO] [stdout] Do not assume the numbers tell you what you want them to tell.
[INFO] [stdout] 
[INFO] [stdout] NOTE: Current JVM experimentally supports Compiler Blackholes, and they are in use. Please exercise
[INFO] [stdout] extra caution when trusting the results, look into the generated code to check the benchmark still
[INFO] [stdout] works, and factor in a small probability of new VM bugs. Additionally, while comparisons between
[INFO] [stdout] different JVMs are already problematic, the performance difference caused by different Blackhole
[INFO] [stdout] modes can be very significant. Please make sure you use the consistent Blackhole mode for comparisons.
[INFO] [stdout] 
[INFO] [stdout] Benchmark                                         Mode  Cnt            Score            Error      Units
[INFO] [stdout] BenchmarkQueries.query76                          avgt   15          505.688 ±         13.762      ms/op
[INFO] [stdout] BenchmarkQueries.query76:CPI                      avgt    3            0.272 ±          0.057  clks/insn
[INFO] [stdout] BenchmarkQueries.query76:IPC                      avgt    3            3.679 ±          0.772  insns/clk
[INFO] [stdout] BenchmarkQueries.query76:L1-dcache-load-misses    avgt    3    207392042.799 ±   51628187.623       #/op
[INFO] [stdout] BenchmarkQueries.query76:L1-dcache-loads          avgt    3   4566646548.941 ± 3392140001.435       #/op
[INFO] [stdout] BenchmarkQueries.query76:L1-icache-load-misses    avgt    3      5897903.353 ±    4908785.804       #/op
[INFO] [stdout] BenchmarkQueries.query76:L1-icache-loads          avgt    3     79817230.131 ±   45174310.230       #/op
[INFO] [stdout] BenchmarkQueries.query76:branch-misses            avgt    3     16838743.837 ±    2784802.209       #/op
[INFO] [stdout] BenchmarkQueries.query76:branches                 avgt    3   2052089763.425 ±  304515578.467       #/op
[INFO] [stdout] BenchmarkQueries.query76:cycles                   avgt    3   2775480900.015 ± 1566322473.130       #/op
[INFO] [stdout] BenchmarkQueries.query76:dTLB-load-misses         avgt    3       171498.032 ±      52066.335       #/op
[INFO] [stdout] BenchmarkQueries.query76:dTLB-loads               avgt    3      2388699.420 ±     874677.974       #/op
[INFO] [stdout] BenchmarkQueries.query76:gc.alloc.rate            avgt   15          280.403 ±          8.226     MB/sec
[INFO] [stdout] BenchmarkQueries.query76:gc.alloc.rate.norm       avgt   15    148604390.489 ±     245253.596       B/op
[INFO] [stdout] BenchmarkQueries.query76:gc.count                 avgt   15           31.000                      counts
[INFO] [stdout] BenchmarkQueries.query76:gc.time                  avgt   15           40.000                          ms
[INFO] [stdout] BenchmarkQueries.query76:iTLB-load-misses         avgt    3        17377.019 ±      54597.989       #/op
[INFO] [stdout] BenchmarkQueries.query76:iTLB-loads               avgt    3       726857.291 ±    1017439.842       #/op
[INFO] [stdout] BenchmarkQueries.query76:instructions             avgt    3  10208931808.569 ± 3659256473.754       #/op
[INFO] [stdout] BenchmarkQueries.query76:stalled-cycles-frontend  avgt    3    451361806.077 ±  487879075.578       #/op
[INFO] [stdout] 
[INFO] [stdout] Benchmark result is saved to benchmarks/sweeps/20260717-targeted/nitro-tpcds-q76-direct-is-null-owned-on-b-3fork.json
[INFO] ------------------------------------------------------------------------
[INFO] BUILD SUCCESS
[INFO] ------------------------------------------------------------------------
[INFO] Total time:  30.002 s (Wall Clock)
[INFO] Finished at: 2026-07-17T15:14:26Z
[INFO] ------------------------------------------------------------------------
[INFO] Njord session closed
