[INFO] Processing build on daemon e90ae550
[INFO] Scanning for projects...
[INFO] Njord 0.9.4 session created
[INFO] BuildTimeEventSpy is registered.
[INFO] 
[INFO] Using the SmartBuilder implementation with a thread count of 7
[INFO] 
[INFO] -------------------------< org.weakref:nitro >--------------------------
[INFO] Building nitro 1-SNAPSHOT
[INFO]   from pom.xml
[INFO] --------------------------------[ jar ]---------------------------------
[WARNING] 2 problems were encountered while building the effective model for org.apache.yetus:audience-annotations:jar:0.5.0 during dependency collection step for project (use -X to see details)
[INFO] 
[INFO] --- exec:3.6.1:exec (benchmark) @ nitro ---
[WARNING] [stderr] WARNING: Using incubator modules: jdk.incubator.vector
[WARNING] [stderr] WARNING: A terminally deprecated method in sun.misc.Unsafe has been called
[WARNING] [stderr] WARNING: sun.misc.Unsafe::objectFieldOffset has been called by org.openjdk.jmh.util.Utils (file:/root/.m2/repository/org/openjdk/jmh/jmh-core/1.37/jmh-core-1.37.jar)
[WARNING] [stderr] WARNING: Please consider reporting this to the maintainers of class org.openjdk.jmh.util.Utils
[WARNING] [stderr] WARNING: sun.misc.Unsafe::objectFieldOffset will be removed in a future release
[INFO] [stdout] # JMH version: 1.37
[INFO] [stdout] # VM version: JDK 26.0.1, OpenJDK 64-Bit Server VM, 26.0.1+8
[INFO] [stdout] # VM invoker: /opt/java/openjdk/bin/java
[INFO] [stdout] # VM options: --enable-preview --add-modules=jdk.incubator.vector -Dnitro.clickbench.hits.path= -Xmx12g -XX:+UseTransparentHugePages -Dnitro.tpch.parquet.path=/root/data/tpch-parquet-sf10 -Dnitro.parquet.scan.filterWindow=163840 -Dnitro.parquet.deferFilteredPayload=true -Dnitro.join.forwardIdentityReborrowOuter=true
[INFO] [stdout] # Blackhole mode: compiler (auto-detected, use -Djmh.blackhole.autoDetect=false to disable)
[INFO] [stdout] # Warmup: 2 iterations, 1 s each
[INFO] [stdout] # Measurement: 3 iterations, 1 s each
[INFO] [stdout] # Timeout: 30 min per iteration
[INFO] [stdout] # Threads: 1 thread, will synchronize iterations
[INFO] [stdout] # Benchmark mode: Average time, time/op
[INFO] [stdout] # Benchmark: org.weakref.nitro.tpch.BenchmarkQueries.query09
[INFO] [stdout] 
[INFO] [stdout] # Run progress: 0.00% complete, ETA 00:00:05
[INFO] [stdout] # Fork: 1 of 1
[INFO] [stdout] # Preparing profilers: LinuxPerfNormProfiler 
[INFO] [stdout] # Profilers consume stderr from target VM, use -v EXTRA to copy to console
[INFO] [stdout] # Warmup Iteration   1: 4202.482 ms/op
[INFO] [stdout] # Warmup Iteration   2: 2925.166 ms/op
[INFO] [stdout] Iteration   1: 2835.219 ms/op
[INFO] [stdout]                  gc.alloc.rate:      296.608 MB/sec
[INFO] [stdout]                  gc.alloc.rate.norm: 881843688.000 B/op
[INFO] [stdout]                  gc.count:           4.000 counts
[INFO] [stdout]                  gc.time:            5.000 ms
[INFO] [stdout] 
[INFO] [stdout] Iteration   2: 2803.121 ms/op
[INFO] [stdout]                  gc.alloc.rate:      299.438 MB/sec
[INFO] [stdout]                  gc.alloc.rate.norm: 880171912.000 B/op
[INFO] [stdout]                  gc.count:           1.000 counts
[INFO] [stdout]                  gc.time:            3.000 ms
[INFO] [stdout] 
[INFO] [stdout] Iteration   3: 2887.379 ms/op
[INFO] [stdout]                  gc.alloc.rate:      290.657 MB/sec
[INFO] [stdout]                  gc.alloc.rate.norm: 880124160.000 B/op
[INFO] [stdout]                  gc.count:           4.000 counts
[INFO] [stdout]                  gc.time:            6.000 ms
[INFO] [stdout] 
[INFO] [stdout] # Processing profiler results: LinuxPerfNormProfiler 
[INFO] [stdout] 
[INFO] [stdout] 
[INFO] [stdout] Result "org.weakref.nitro.tpch.BenchmarkQueries.query09":
[INFO] [stdout]   2841.906 ±(99.9%) 775.817 ms/op [Average]
[INFO] [stdout]   (min, avg, max) = (2803.121, 2841.906, 2887.379), stdev = 42.525
[INFO] [stdout]   CI (99.9%): [2066.089, 3617.723] (assumes normal distribution)
[INFO] [stdout] 
[INFO] [stdout] Secondary result "org.weakref.nitro.tpch.BenchmarkQueries.query09:CPI":
[INFO] [stdout]   0.305 clks/insn
[INFO] [stdout] 
[INFO] [stdout] Secondary result "org.weakref.nitro.tpch.BenchmarkQueries.query09:IPC":
[INFO] [stdout]   3.282 insns/clk
[INFO] [stdout] 
[INFO] [stdout] Secondary result "org.weakref.nitro.tpch.BenchmarkQueries.query09:L1-dcache-load-misses":
[INFO] [stdout]   424650169.098 #/op
[INFO] [stdout] 
[INFO] [stdout] Secondary result "org.weakref.nitro.tpch.BenchmarkQueries.query09:L1-dcache-loads":
[INFO] [stdout]   21728026671.950 #/op
[INFO] [stdout] 
[INFO] [stdout] Secondary result "org.weakref.nitro.tpch.BenchmarkQueries.query09:L1-icache-load-misses":
[INFO] [stdout]   8431420.517 #/op
[INFO] [stdout] 
[INFO] [stdout] Secondary result "org.weakref.nitro.tpch.BenchmarkQueries.query09:L1-icache-loads":
[INFO] [stdout]   101008259.346 #/op
[INFO] [stdout] 
[INFO] [stdout] Secondary result "org.weakref.nitro.tpch.BenchmarkQueries.query09:branch-misses":
[INFO] [stdout]   35885680.191 #/op
[INFO] [stdout] 
[INFO] [stdout] Secondary result "org.weakref.nitro.tpch.BenchmarkQueries.query09:branches":
[INFO] [stdout]   10443777010.130 #/op
[INFO] [stdout] 
[INFO] [stdout] Secondary result "org.weakref.nitro.tpch.BenchmarkQueries.query09:cycles":
[INFO] [stdout]   15553750217.957 #/op
[INFO] [stdout] 
[INFO] [stdout] Secondary result "org.weakref.nitro.tpch.BenchmarkQueries.query09:dTLB-load-misses":
[INFO] [stdout]   557858.296 #/op
[INFO] [stdout] 
[INFO] [stdout] Secondary result "org.weakref.nitro.tpch.BenchmarkQueries.query09:dTLB-loads":
[INFO] [stdout]   11090356.951 #/op
[INFO] [stdout] 
[INFO] [stdout] Secondary result "org.weakref.nitro.tpch.BenchmarkQueries.query09:gc.alloc.rate":
[INFO] [stdout]   295.568 ±(99.9%) 81.767 MB/sec [Average]
[INFO] [stdout]   (min, avg, max) = (290.657, 295.568, 299.438), stdev = 4.482
[INFO] [stdout]   CI (99.9%): [213.801, 377.335] (assumes normal distribution)
[INFO] [stdout] 
[INFO] [stdout] Secondary result "org.weakref.nitro.tpch.BenchmarkQueries.query09:gc.alloc.rate.norm":
[INFO] [stdout]   880713253.333 ±(99.9%) 17865644.237 B/op [Average]
[INFO] [stdout]   (min, avg, max) = (880124160.000, 880713253.333, 881843688.000), stdev = 979276.246
[INFO] [stdout]   CI (99.9%): [862847609.096, 898578897.570] (assumes normal distribution)
[INFO] [stdout] 
[INFO] [stdout] Secondary result "org.weakref.nitro.tpch.BenchmarkQueries.query09:gc.count":
[INFO] [stdout]   9.000 ±(99.9%) 0.001 counts [Sum]
[INFO] [stdout]   (min, avg, max) = (1.000, 3.000, 4.000), stdev = 1.732
[INFO] [stdout]   CI (99.9%): [9.000, 9.000] (assumes normal distribution)
[INFO] [stdout] 
[INFO] [stdout] Secondary result "org.weakref.nitro.tpch.BenchmarkQueries.query09:gc.time":
[INFO] [stdout]   14.000 ±(99.9%) 0.001 ms [Sum]
[INFO] [stdout]   (min, avg, max) = (3.000, 4.667, 6.000), stdev = 1.528
[INFO] [stdout]   CI (99.9%): [14.000, 14.000] (assumes normal distribution)
[INFO] [stdout] 
[INFO] [stdout] Secondary result "org.weakref.nitro.tpch.BenchmarkQueries.query09:iTLB-load-misses":
[INFO] [stdout]   38158.284 #/op
[INFO] [stdout] 
[INFO] [stdout] Secondary result "org.weakref.nitro.tpch.BenchmarkQueries.query09:iTLB-loads":
[INFO] [stdout]   3224297.006 #/op
[INFO] [stdout] 
[INFO] [stdout] Secondary result "org.weakref.nitro.tpch.BenchmarkQueries.query09:instructions":
[INFO] [stdout]   51052867136.846 #/op
[INFO] [stdout] 
[INFO] [stdout] Secondary result "org.weakref.nitro.tpch.BenchmarkQueries.query09:stalled-cycles-frontend":
[INFO] [stdout]   2718476648.621 #/op
[INFO] [stdout] 
[INFO] [stdout] 
[INFO] [stdout] # Run complete. Total time: 00:00:16
[INFO] [stdout] 
[INFO] [stdout] REMEMBER: The numbers below are just data. To gain reusable insights, you need to follow up on
[INFO] [stdout] why the numbers are the way they are. Use profilers (see -prof, -lprof), design factorial
[INFO] [stdout] experiments, perform baseline and negative tests that provide experimental control, make sure
[INFO] [stdout] the benchmarking environment is safe on JVM/OS/HW level, ask for reviews from the domain experts.
[INFO] [stdout] Do not assume the numbers tell you what you want them to tell.
[INFO] [stdout] 
[INFO] [stdout] NOTE: Current JVM experimentally supports Compiler Blackholes, and they are in use. Please exercise
[INFO] [stdout] extra caution when trusting the results, look into the generated code to check the benchmark still
[INFO] [stdout] works, and factor in a small probability of new VM bugs. Additionally, while comparisons between
[INFO] [stdout] different JVMs are already problematic, the performance difference caused by different Blackhole
[INFO] [stdout] modes can be very significant. Please make sure you use the consistent Blackhole mode for comparisons.
[INFO] [stdout] 
[INFO] [stdout] Benchmark                                         Mode  Cnt            Score          Error      Units
[INFO] [stdout] BenchmarkQueries.query09                          avgt    3         2841.906 ±      775.817      ms/op
[INFO] [stdout] BenchmarkQueries.query09:CPI                      avgt                 0.305                 clks/insn
[INFO] [stdout] BenchmarkQueries.query09:IPC                      avgt                 3.282                 insns/clk
[INFO] [stdout] BenchmarkQueries.query09:L1-dcache-load-misses    avgt         424650169.098                      #/op
[INFO] [stdout] BenchmarkQueries.query09:L1-dcache-loads          avgt       21728026671.950                      #/op
[INFO] [stdout] BenchmarkQueries.query09:L1-icache-load-misses    avgt           8431420.517                      #/op
[INFO] [stdout] BenchmarkQueries.query09:L1-icache-loads          avgt         101008259.346                      #/op
[INFO] [stdout] BenchmarkQueries.query09:branch-misses            avgt          35885680.191                      #/op
[INFO] [stdout] BenchmarkQueries.query09:branches                 avgt       10443777010.130                      #/op
[INFO] [stdout] BenchmarkQueries.query09:cycles                   avgt       15553750217.957                      #/op
[INFO] [stdout] BenchmarkQueries.query09:dTLB-load-misses         avgt            557858.296                      #/op
[INFO] [stdout] BenchmarkQueries.query09:dTLB-loads               avgt          11090356.951                      #/op
[INFO] [stdout] BenchmarkQueries.query09:gc.alloc.rate            avgt    3          295.568 ±       81.767     MB/sec
[INFO] [stdout] BenchmarkQueries.query09:gc.alloc.rate.norm       avgt    3    880713253.333 ± 17865644.237       B/op
[INFO] [stdout] BenchmarkQueries.query09:gc.count                 avgt    3            9.000                    counts
[INFO] [stdout] BenchmarkQueries.query09:gc.time                  avgt    3           14.000                        ms
[INFO] [stdout] BenchmarkQueries.query09:iTLB-load-misses         avgt             38158.284                      #/op
[INFO] [stdout] BenchmarkQueries.query09:iTLB-loads               avgt           3224297.006                      #/op
[INFO] [stdout] BenchmarkQueries.query09:instructions             avgt       51052867136.846                      #/op
[INFO] [stdout] BenchmarkQueries.query09:stalled-cycles-frontend  avgt        2718476648.621                      #/op
[INFO] [stdout] 
[INFO] [stdout] Benchmark result is saved to benchmarks/sweeps/20260717-targeted/nitro-tpch-q09-identity-reborrow-on-screen.json
[INFO] ------------------------------------------------------------------------
[INFO] BUILD SUCCESS
[INFO] ------------------------------------------------------------------------
[INFO] Total time:  16.689 s (Wall Clock)
[INFO] Finished at: 2026-07-17T21:08:37Z
[INFO] ------------------------------------------------------------------------
[INFO] Njord session closed
