[INFO] Processing build on daemon 2145b66b
[INFO] Scanning for projects...
[INFO] Njord 0.9.4 session created
[INFO] BuildTimeEventSpy is registered.
[INFO] 
[INFO] Using the SmartBuilder implementation with a thread count of 7
[INFO] 
[INFO] -------------------------< org.weakref:nitro >--------------------------
[INFO] Building nitro 1-SNAPSHOT
[INFO]   from pom.xml
[INFO] --------------------------------[ jar ]---------------------------------
[WARNING] 2 problems were encountered while building the effective model for org.apache.yetus:audience-annotations:jar:0.5.0 during dependency collection step for project (use -X to see details)
[INFO] 
[INFO] --- exec:3.6.1:exec (benchmark) @ nitro ---
[WARNING] [stderr] WARNING: Using incubator modules: jdk.incubator.vector
[WARNING] [stderr] WARNING: A terminally deprecated method in sun.misc.Unsafe has been called
[WARNING] [stderr] WARNING: sun.misc.Unsafe::objectFieldOffset has been called by org.openjdk.jmh.util.Utils (file:/root/.m2/repository/org/openjdk/jmh/jmh-core/1.37/jmh-core-1.37.jar)
[WARNING] [stderr] WARNING: Please consider reporting this to the maintainers of class org.openjdk.jmh.util.Utils
[WARNING] [stderr] WARNING: sun.misc.Unsafe::objectFieldOffset will be removed in a future release
[INFO] [stdout] # JMH version: 1.37
[INFO] [stdout] # VM version: JDK 26.0.1, OpenJDK 64-Bit Server VM, 26.0.1+8
[INFO] [stdout] # VM invoker: /opt/java/openjdk/bin/java
[INFO] [stdout] # VM options: --enable-preview --add-modules=jdk.incubator.vector -Dnitro.clickbench.hits.path= -Xmx12g -XX:+UseTransparentHugePages -Dnitro.group.bucketedVectorProbe=true -Dnitro.clickbench.hits.path=/root/data/clickbench
[INFO] [stdout] # Blackhole mode: compiler (auto-detected, use -Djmh.blackhole.autoDetect=false to disable)
[INFO] [stdout] # Warmup: 2 iterations, 1 s each
[INFO] [stdout] # Measurement: 3 iterations, 1 s each
[INFO] [stdout] # Timeout: 10 min per iteration
[INFO] [stdout] # Threads: 1 thread, will synchronize iterations
[INFO] [stdout] # Benchmark mode: Average time, time/op
[INFO] [stdout] # Benchmark: org.weakref.nitro.clickbench.BenchmarkQueries.query33
[INFO] [stdout] 
[INFO] [stdout] # Run progress: 0.00% complete, ETA 00:00:05
[INFO] [stdout] # Fork: 1 of 1
[INFO] [stdout] # Preparing profilers: LinuxPerfNormProfiler 
[INFO] [stdout] # Profilers consume stderr from target VM, use -v EXTRA to copy to console
[INFO] [stdout] # Warmup Iteration   1: 20190.430 ms/op
[INFO] [stdout] # Warmup Iteration   2: 12049.825 ms/op
[INFO] [stdout] Iteration   1: 11488.099 ms/op
[INFO] [stdout]                  gc.alloc.rate:      1749.330 MB/sec
[INFO] [stdout]                  gc.alloc.rate.norm: 21072954336.000 B/op
[INFO] [stdout]                  gc.count:           26.000 counts
[INFO] [stdout]                  gc.time:            568.000 ms
[INFO] [stdout] 
[INFO] [stdout] Iteration   2: 11680.483 ms/op
[INFO] [stdout]                  gc.alloc.rate:      1720.507 MB/sec
[INFO] [stdout]                  gc.alloc.rate.norm: 21072807128.000 B/op
[INFO] [stdout]                  gc.count:           18.000 counts
[INFO] [stdout]                  gc.time:            342.000 ms
[INFO] [stdout] 
[INFO] [stdout] Iteration   3: 11756.900 ms/op
[INFO] [stdout]                  gc.alloc.rate:      1709.326 MB/sec
[INFO] [stdout]                  gc.alloc.rate.norm: 21072817776.000 B/op
[INFO] [stdout]                  gc.count:           22.000 counts
[INFO] [stdout]                  gc.time:            566.000 ms
[INFO] [stdout] 
[INFO] [stdout] # Processing profiler results: LinuxPerfNormProfiler 
[INFO] [stdout] 
[INFO] [stdout] 
[INFO] [stdout] Result "org.weakref.nitro.clickbench.BenchmarkQueries.query33":
[INFO] [stdout]   11641.828 ±(99.9%) 2526.878 ms/op [Average]
[INFO] [stdout]   (min, avg, max) = (11488.099, 11641.828, 11756.900), stdev = 138.507
[INFO] [stdout]   CI (99.9%): [9114.949, 14168.706] (assumes normal distribution)
[INFO] [stdout] 
[INFO] [stdout] Secondary result "org.weakref.nitro.clickbench.BenchmarkQueries.query33:CPI":
[INFO] [stdout]   0.603 clks/insn
[INFO] [stdout] 
[INFO] [stdout] Secondary result "org.weakref.nitro.clickbench.BenchmarkQueries.query33:IPC":
[INFO] [stdout]   1.658 insns/clk
[INFO] [stdout] 
[INFO] [stdout] Secondary result "org.weakref.nitro.clickbench.BenchmarkQueries.query33:L1-dcache-load-misses":
[INFO] [stdout]   1638858538.895 #/op
[INFO] [stdout] 
[INFO] [stdout] Secondary result "org.weakref.nitro.clickbench.BenchmarkQueries.query33:L1-dcache-loads":
[INFO] [stdout]   58907398049.460 #/op
[INFO] [stdout] 
[INFO] [stdout] Secondary result "org.weakref.nitro.clickbench.BenchmarkQueries.query33:L1-icache-load-misses":
[INFO] [stdout]   14446280.754 #/op
[INFO] [stdout] 
[INFO] [stdout] Secondary result "org.weakref.nitro.clickbench.BenchmarkQueries.query33:L1-icache-loads":
[INFO] [stdout]   190928892.025 #/op
[INFO] [stdout] 
[INFO] [stdout] Secondary result "org.weakref.nitro.clickbench.BenchmarkQueries.query33:branch-misses":
[INFO] [stdout]   143184203.642 #/op
[INFO] [stdout] 
[INFO] [stdout] Secondary result "org.weakref.nitro.clickbench.BenchmarkQueries.query33:branches":
[INFO] [stdout]   19566747386.796 #/op
[INFO] [stdout] 
[INFO] [stdout] Secondary result "org.weakref.nitro.clickbench.BenchmarkQueries.query33:cycles":
[INFO] [stdout]   68550241334.867 #/op
[INFO] [stdout] 
[INFO] [stdout] Secondary result "org.weakref.nitro.clickbench.BenchmarkQueries.query33:dTLB-load-misses":
[INFO] [stdout]   211347712.218 #/op
[INFO] [stdout] 
[INFO] [stdout] Secondary result "org.weakref.nitro.clickbench.BenchmarkQueries.query33:dTLB-loads":
[INFO] [stdout]   271467489.069 #/op
[INFO] [stdout] 
[INFO] [stdout] Secondary result "org.weakref.nitro.clickbench.BenchmarkQueries.query33:gc.alloc.rate":
[INFO] [stdout]   1726.388 ±(99.9%) 376.550 MB/sec [Average]
[INFO] [stdout]   (min, avg, max) = (1709.326, 1726.388, 1749.330), stdev = 20.640
[INFO] [stdout]   CI (99.9%): [1349.838, 2102.938] (assumes normal distribution)
[INFO] [stdout] 
[INFO] [stdout] Secondary result "org.weakref.nitro.clickbench.BenchmarkQueries.query33:gc.alloc.rate.norm":
[INFO] [stdout]   21072859746.667 ±(99.9%) 1497619.789 B/op [Average]
[INFO] [stdout]   (min, avg, max) = (21072807128.000, 21072859746.667, 21072954336.000), stdev = 82089.594
[INFO] [stdout]   CI (99.9%): [21071362126.878, 21074357366.455] (assumes normal distribution)
[INFO] [stdout] 
[INFO] [stdout] Secondary result "org.weakref.nitro.clickbench.BenchmarkQueries.query33:gc.count":
[INFO] [stdout]   66.000 ±(99.9%) 0.001 counts [Sum]
[INFO] [stdout]   (min, avg, max) = (18.000, 22.000, 26.000), stdev = 4.000
[INFO] [stdout]   CI (99.9%): [66.000, 66.000] (assumes normal distribution)
[INFO] [stdout] 
[INFO] [stdout] Secondary result "org.weakref.nitro.clickbench.BenchmarkQueries.query33:gc.time":
[INFO] [stdout]   1476.000 ±(99.9%) 0.001 ms [Sum]
[INFO] [stdout]   (min, avg, max) = (342.000, 492.000, 568.000), stdev = 129.908
[INFO] [stdout]   CI (99.9%): [1476.000, 1476.000] (assumes normal distribution)
[INFO] [stdout] 
[INFO] [stdout] Secondary result "org.weakref.nitro.clickbench.BenchmarkQueries.query33:iTLB-load-misses":
[INFO] [stdout]   91145.488 #/op
[INFO] [stdout] 
[INFO] [stdout] Secondary result "org.weakref.nitro.clickbench.BenchmarkQueries.query33:iTLB-loads":
[INFO] [stdout]   3160902.703 #/op
[INFO] [stdout] 
[INFO] [stdout] Secondary result "org.weakref.nitro.clickbench.BenchmarkQueries.query33:instructions":
[INFO] [stdout]   113668170731.628 #/op
[INFO] [stdout] 
[INFO] [stdout] Secondary result "org.weakref.nitro.clickbench.BenchmarkQueries.query33:stalled-cycles-frontend":
[INFO] [stdout]   2908771327.774 #/op
[INFO] [stdout] 
[INFO] [stdout] 
[INFO] [stdout] # Run complete. Total time: 00:01:07
[INFO] [stdout] 
[INFO] [stdout] REMEMBER: The numbers below are just data. To gain reusable insights, you need to follow up on
[INFO] [stdout] why the numbers are the way they are. Use profilers (see -prof, -lprof), design factorial
[INFO] [stdout] experiments, perform baseline and negative tests that provide experimental control, make sure
[INFO] [stdout] the benchmarking environment is safe on JVM/OS/HW level, ask for reviews from the domain experts.
[INFO] [stdout] Do not assume the numbers tell you what you want them to tell.
[INFO] [stdout] 
[INFO] [stdout] NOTE: Current JVM experimentally supports Compiler Blackholes, and they are in use. Please exercise
[INFO] [stdout] extra caution when trusting the results, look into the generated code to check the benchmark still
[INFO] [stdout] works, and factor in a small probability of new VM bugs. Additionally, while comparisons between
[INFO] [stdout] different JVMs are already problematic, the performance difference caused by different Blackhole
[INFO] [stdout] modes can be very significant. Please make sure you use the consistent Blackhole mode for comparisons.
[INFO] [stdout] 
[INFO] [stdout] Benchmark                                         Mode  Cnt             Score         Error      Units
[INFO] [stdout] BenchmarkQueries.query33                          avgt    3         11641.828 ±    2526.878      ms/op
[INFO] [stdout] BenchmarkQueries.query33:CPI                      avgt                  0.603                clks/insn
[INFO] [stdout] BenchmarkQueries.query33:IPC                      avgt                  1.658                insns/clk
[INFO] [stdout] BenchmarkQueries.query33:L1-dcache-load-misses    avgt         1638858538.895                     #/op
[INFO] [stdout] BenchmarkQueries.query33:L1-dcache-loads          avgt        58907398049.460                     #/op
[INFO] [stdout] BenchmarkQueries.query33:L1-icache-load-misses    avgt           14446280.754                     #/op
[INFO] [stdout] BenchmarkQueries.query33:L1-icache-loads          avgt          190928892.025                     #/op
[INFO] [stdout] BenchmarkQueries.query33:branch-misses            avgt          143184203.642                     #/op
[INFO] [stdout] BenchmarkQueries.query33:branches                 avgt        19566747386.796                     #/op
[INFO] [stdout] BenchmarkQueries.query33:cycles                   avgt        68550241334.867                     #/op
[INFO] [stdout] BenchmarkQueries.query33:dTLB-load-misses         avgt          211347712.218                     #/op
[INFO] [stdout] BenchmarkQueries.query33:dTLB-loads               avgt          271467489.069                     #/op
[INFO] [stdout] BenchmarkQueries.query33:gc.alloc.rate            avgt    3          1726.388 ±     376.550     MB/sec
[INFO] [stdout] BenchmarkQueries.query33:gc.alloc.rate.norm       avgt    3   21072859746.667 ± 1497619.789       B/op
[INFO] [stdout] BenchmarkQueries.query33:gc.count                 avgt    3            66.000                   counts
[INFO] [stdout] BenchmarkQueries.query33:gc.time                  avgt    3          1476.000                       ms
[INFO] [stdout] BenchmarkQueries.query33:iTLB-load-misses         avgt              91145.488                     #/op
[INFO] [stdout] BenchmarkQueries.query33:iTLB-loads               avgt            3160902.703                     #/op
[INFO] [stdout] BenchmarkQueries.query33:instructions             avgt       113668170731.628                     #/op
[INFO] [stdout] BenchmarkQueries.query33:stalled-cycles-frontend  avgt         2908771327.774                     #/op
[INFO] [stdout] 
[INFO] [stdout] Benchmark result is saved to benchmarks/sweeps/20260717-targeted/nitro-clickbench-q33-bucketed-vector-a.json
[INFO] ------------------------------------------------------------------------
[INFO] BUILD SUCCESS
[INFO] ------------------------------------------------------------------------
[INFO] Total time:  01:09 min (Wall Clock)
[INFO] Finished at: 2026-07-17T02:04:50Z
[INFO] ------------------------------------------------------------------------
[INFO] Njord session closed
