[INFO] Processing build on daemon 5b804121
[INFO] Scanning for projects...
[INFO] Njord 0.9.4 session created
[INFO] BuildTimeEventSpy is registered.
[INFO] 
[INFO] Using the SmartBuilder implementation with a thread count of 7
[INFO] 
[INFO] -------------------------< org.weakref:nitro >--------------------------
[INFO] Building nitro 1-SNAPSHOT
[INFO]   from pom.xml
[INFO] --------------------------------[ jar ]---------------------------------
[WARNING] 2 problems were encountered while building the effective model for org.apache.yetus:audience-annotations:jar:0.5.0 during dependency collection step for project (use -X to see details)
[INFO] 
[INFO] --- exec:3.6.1:exec (benchmark) @ nitro ---
[WARNING] [stderr] WARNING: Using incubator modules: jdk.incubator.vector
[WARNING] [stderr] WARNING: A terminally deprecated method in sun.misc.Unsafe has been called
[WARNING] [stderr] WARNING: sun.misc.Unsafe::objectFieldOffset has been called by org.openjdk.jmh.util.Utils (file:/root/.m2/repository/org/openjdk/jmh/jmh-core/1.37/jmh-core-1.37.jar)
[WARNING] [stderr] WARNING: Please consider reporting this to the maintainers of class org.openjdk.jmh.util.Utils
[WARNING] [stderr] WARNING: sun.misc.Unsafe::objectFieldOffset will be removed in a future release
[INFO] [stdout] # JMH version: 1.37
[INFO] [stdout] # VM version: JDK 26.0.1, OpenJDK 64-Bit Server VM, 26.0.1+8
[INFO] [stdout] # VM invoker: /opt/java/openjdk/bin/java
[INFO] [stdout] # VM options: --enable-preview --add-modules=jdk.incubator.vector -Dnitro.clickbench.hits.path= -Xmx12g -XX:+UseTransparentHugePages -Dnitro.clickbench.hits.path=/root/data/clickbench
[INFO] [stdout] # Blackhole mode: compiler (auto-detected, use -Djmh.blackhole.autoDetect=false to disable)
[INFO] [stdout] # Warmup: 3 iterations, 1 s each
[INFO] [stdout] # Measurement: 5 iterations, 1 s each
[INFO] [stdout] # Timeout: 10 min per iteration
[INFO] [stdout] # Threads: 1 thread, will synchronize iterations
[INFO] [stdout] # Benchmark mode: Average time, time/op
[INFO] [stdout] # Benchmark: org.weakref.nitro.clickbench.BenchmarkQueries.query24
[INFO] [stdout] 
[INFO] [stdout] # Run progress: 0.00% complete, ETA 00:00:24
[INFO] [stdout] # Fork: 1 of 3
[INFO] [stdout] # Preparing profilers: LinuxPerfNormProfiler 
[INFO] [stdout] # Profilers consume stderr from target VM, use -v EXTRA to copy to console
[INFO] [stdout] # Warmup Iteration   1: 8746.020 ms/op
[INFO] [stdout] # Warmup Iteration   2: 9786.414 ms/op
[INFO] [stdout] # Warmup Iteration   3: 8214.141 ms/op
[INFO] [stdout] Iteration   1: 9076.137 ms/op
[INFO] [stdout]                  gc.alloc.rate:      483.811 MB/sec
[INFO] [stdout]                  gc.alloc.rate.norm: 4604539648.000 B/op
[INFO] [stdout]                  gc.count:           5.000 counts
[INFO] [stdout]                  gc.time:            162.000 ms
[INFO] [stdout] 
[INFO] [stdout] Iteration   2: 8198.427 ms/op
[INFO] [stdout]                  gc.alloc.rate:      535.545 MB/sec
[INFO] [stdout]                  gc.alloc.rate.norm: 4604006624.000 B/op
[INFO] [stdout]                  gc.count:           1.000 counts
[INFO] [stdout]                  gc.time:            104.000 ms
[INFO] [stdout] 
[INFO] [stdout] Iteration   3: 8197.837 ms/op
[INFO] [stdout]                  gc.alloc.rate:      535.541 MB/sec
[INFO] [stdout]                  gc.alloc.rate.norm: 4603624736.000 B/op
[INFO] [stdout]                  gc.count:           6.000 counts
[INFO] [stdout]                  gc.time:            113.000 ms
[INFO] [stdout] 
[INFO] [stdout] Iteration   4: 8140.227 ms/op
[INFO] [stdout]                  gc.alloc.rate:      539.331 MB/sec
[INFO] [stdout]                  gc.alloc.rate.norm: 4603624392.000 B/op
[INFO] [stdout]                  gc.count:           5.000 counts
[INFO] [stdout]                  gc.time:            106.000 ms
[INFO] [stdout] 
[INFO] [stdout] Iteration   5: 8176.953 ms/op
[INFO] [stdout]                  gc.alloc.rate:      536.904 MB/sec
[INFO] [stdout]                  gc.alloc.rate.norm: 4603618848.000 B/op
[INFO] [stdout]                  gc.count:           5.000 counts
[INFO] [stdout]                  gc.time:            110.000 ms
[INFO] [stdout] 
[INFO] [stdout] # Processing profiler results: LinuxPerfNormProfiler 
[INFO] [stdout] 
[INFO] [stdout] # Run progress: 33.33% complete, ETA 00:02:17
[INFO] [stdout] # Fork: 2 of 3
[INFO] [stdout] # Preparing profilers: LinuxPerfNormProfiler 
[INFO] [stdout] # Profilers consume stderr from target VM, use -v EXTRA to copy to console
[INFO] [stdout] # Warmup Iteration   1: 8730.464 ms/op
[INFO] [stdout] # Warmup Iteration   2: 10234.558 ms/op
[INFO] [stdout] # Warmup Iteration   3: 8244.785 ms/op
[INFO] [stdout] Iteration   1: 8436.602 ms/op
[INFO] [stdout]                  gc.alloc.rate:      520.468 MB/sec
[INFO] [stdout]                  gc.alloc.rate.norm: 4604367200.000 B/op
[INFO] [stdout]                  gc.count:           5.000 counts
[INFO] [stdout]                  gc.time:            156.000 ms
[INFO] [stdout] 
[INFO] [stdout] Iteration   2: 8562.866 ms/op
[INFO] [stdout]                  gc.alloc.rate:      512.739 MB/sec
[INFO] [stdout]                  gc.alloc.rate.norm: 4603880432.000 B/op
[INFO] [stdout]                  gc.count:           9.000 counts
[INFO] [stdout]                  gc.time:            149.000 ms
[INFO] [stdout] 
[INFO] [stdout] Iteration   3: 8053.177 ms/op
[INFO] [stdout]                  gc.alloc.rate:      545.170 MB/sec
[INFO] [stdout]                  gc.alloc.rate.norm: 4603704376.000 B/op
[INFO] [stdout]                  gc.count:           6.000 counts
[INFO] [stdout]                  gc.time:            110.000 ms
[INFO] [stdout] 
[INFO] [stdout] Iteration   4: 8088.792 ms/op
[INFO] [stdout]                  gc.alloc.rate:      542.769 MB/sec
[INFO] [stdout]                  gc.alloc.rate.norm: 4603703792.000 B/op
[INFO] [stdout]                  gc.count:           6.000 counts
[INFO] [stdout]                  gc.time:            99.000 ms
[INFO] [stdout] 
[INFO] [stdout] Iteration   5: 8227.496 ms/op
[INFO] [stdout]                  gc.alloc.rate:      533.619 MB/sec
[INFO] [stdout]                  gc.alloc.rate.norm: 4603697680.000 B/op
[INFO] [stdout]                  gc.count:           8.000 counts
[INFO] [stdout]                  gc.time:            110.000 ms
[INFO] [stdout] 
[INFO] [stdout] # Processing profiler results: LinuxPerfNormProfiler 
[INFO] [stdout] 
[INFO] [stdout] # Run progress: 66.67% complete, ETA 00:01:08
[INFO] [stdout] # Fork: 3 of 3
[INFO] [stdout] # Preparing profilers: LinuxPerfNormProfiler 
[INFO] [stdout] # Profilers consume stderr from target VM, use -v EXTRA to copy to console
[INFO] [stdout] # Warmup Iteration   1: 8847.501 ms/op
[INFO] [stdout] # Warmup Iteration   2: 8581.001 ms/op
[INFO] [stdout] # Warmup Iteration   3: 9991.909 ms/op
[INFO] [stdout] Iteration   1: 8177.848 ms/op
[INFO] [stdout]                  gc.alloc.rate:      536.965 MB/sec
[INFO] [stdout]                  gc.alloc.rate.norm: 4604618632.000 B/op
[INFO] [stdout]                  gc.count:           6.000 counts
[INFO] [stdout]                  gc.time:            134.000 ms
[INFO] [stdout] 
[INFO] [stdout] Iteration   2: 8207.577 ms/op
[INFO] [stdout]                  gc.alloc.rate:      534.998 MB/sec
[INFO] [stdout]                  gc.alloc.rate.norm: 4604429120.000 B/op
[INFO] [stdout]                  gc.count:           4.000 counts
[INFO] [stdout]                  gc.time:            155.000 ms
[INFO] [stdout] 
[INFO] [stdout] Iteration   3: 8692.060 ms/op
[INFO] [stdout]                  gc.alloc.rate:      505.099 MB/sec
[INFO] [stdout]                  gc.alloc.rate.norm: 4603704032.000 B/op
[INFO] [stdout]                  gc.count:           6.000 counts
[INFO] [stdout]                  gc.time:            155.000 ms
[INFO] [stdout] 
[INFO] [stdout] Iteration   4: 8174.373 ms/op
[INFO] [stdout]                  gc.alloc.rate:      537.087 MB/sec
[INFO] [stdout]                  gc.alloc.rate.norm: 4603703440.000 B/op
[INFO] [stdout]                  gc.count:           5.000 counts
[INFO] [stdout]                  gc.time:            106.000 ms
[INFO] [stdout] 
[INFO] [stdout] Iteration   5: 8099.757 ms/op
[INFO] [stdout]                  gc.alloc.rate:      542.032 MB/sec
[INFO] [stdout]                  gc.alloc.rate.norm: 4603697968.000 B/op
[INFO] [stdout]                  gc.count:           5.000 counts
[INFO] [stdout]                  gc.time:            82.000 ms
[INFO] [stdout] 
[INFO] [stdout] # Processing profiler results: LinuxPerfNormProfiler 
[INFO] [stdout] 
[INFO] [stdout] 
[INFO] [stdout] Result "org.weakref.nitro.clickbench.BenchmarkQueries.query24":
[INFO] [stdout]   8300.675 ±(99.9%) 299.037 ms/op [Average]
[INFO] [stdout]   (min, avg, max) = (8053.177, 8300.675, 9076.137), stdev = 279.720
[INFO] [stdout]   CI (99.9%): [8001.638, 8599.713] (assumes normal distribution)
[INFO] [stdout] 
[INFO] [stdout] Secondary result "org.weakref.nitro.clickbench.BenchmarkQueries.query24:CPI":
[INFO] [stdout]   0.383 ±(99.9%) 0.024 clks/insn [Average]
[INFO] [stdout]   (min, avg, max) = (0.382, 0.383, 0.384), stdev = 0.001
[INFO] [stdout]   CI (99.9%): [0.359, 0.407] (assumes normal distribution)
[INFO] [stdout] 
[INFO] [stdout] Secondary result "org.weakref.nitro.clickbench.BenchmarkQueries.query24:IPC":
[INFO] [stdout]   2.610 ±(99.9%) 0.164 insns/clk [Average]
[INFO] [stdout]   (min, avg, max) = (2.604, 2.610, 2.621), stdev = 0.009
[INFO] [stdout]   CI (99.9%): [2.447, 2.774] (assumes normal distribution)
[INFO] [stdout] 
[INFO] [stdout] Secondary result "org.weakref.nitro.clickbench.BenchmarkQueries.query24:L1-dcache-load-misses":
[INFO] [stdout]   1442369101.041 ±(99.9%) 145423972.888 #/op [Average]
[INFO] [stdout]   (min, avg, max) = (1435655035.085, 1442369101.041, 1451178718.550), stdev = 7971178.665
[INFO] [stdout]   CI (99.9%): [1296945128.153, 1587793073.929] (assumes normal distribution)
[INFO] [stdout] 
[INFO] [stdout] Secondary result "org.weakref.nitro.clickbench.BenchmarkQueries.query24:L1-dcache-loads":
[INFO] [stdout]   57663209112.080 ±(99.9%) 4711859720.278 #/op [Average]
[INFO] [stdout]   (min, avg, max) = (57407623344.146, 57663209112.080, 57924087844.913), stdev = 258272930.727
[INFO] [stdout]   CI (99.9%): [52951349391.802, 62375068832.358] (assumes normal distribution)
[INFO] [stdout] 
[INFO] [stdout] Secondary result "org.weakref.nitro.clickbench.BenchmarkQueries.query24:L1-icache-load-misses":
[INFO] [stdout]   20862222.108 ±(99.9%) 10007065.223 #/op [Average]
[INFO] [stdout]   (min, avg, max) = (20247313.650, 20862222.108, 21301171.553), stdev = 548521.012
[INFO] [stdout]   CI (99.9%): [10855156.885, 30869287.331] (assumes normal distribution)
[INFO] [stdout] 
[INFO] [stdout] Secondary result "org.weakref.nitro.clickbench.BenchmarkQueries.query24:L1-icache-loads":
[INFO] [stdout]   270289221.971 ±(99.9%) 112101363.303 #/op [Average]
[INFO] [stdout]   (min, avg, max) = (264405491.527, 270289221.971, 276665189.656), stdev = 6144653.992
[INFO] [stdout]   CI (99.9%): [158187858.669, 382390585.274] (assumes normal distribution)
[INFO] [stdout] 
[INFO] [stdout] Secondary result "org.weakref.nitro.clickbench.BenchmarkQueries.query24:branch-misses":
[INFO] [stdout]   393170673.959 ±(99.9%) 1213433.924 #/op [Average]
[INFO] [stdout]   (min, avg, max) = (393109843.506, 393170673.959, 393241692.664), stdev = 66512.408
[INFO] [stdout]   CI (99.9%): [391957240.035, 394384107.883] (assumes normal distribution)
[INFO] [stdout] 
[INFO] [stdout] Secondary result "org.weakref.nitro.clickbench.BenchmarkQueries.query24:branches":
[INFO] [stdout]   25602143464.436 ±(99.9%) 1587371209.121 #/op [Average]
[INFO] [stdout]   (min, avg, max) = (25525938006.743, 25602143464.436, 25696948417.494), stdev = 87009172.316
[INFO] [stdout]   CI (99.9%): [24014772255.314, 27189514673.557] (assumes normal distribution)
[INFO] [stdout] 
[INFO] [stdout] Secondary result "org.weakref.nitro.clickbench.BenchmarkQueries.query24:cycles":
[INFO] [stdout]   47437457068.739 ±(99.9%) 385139654.389 #/op [Average]
[INFO] [stdout]   (min, avg, max) = (47423329637.503, 47437457068.739, 47461724790.075), stdev = 21110804.053
[INFO] [stdout]   CI (99.9%): [47052317414.350, 47822596723.127] (assumes normal distribution)
[INFO] [stdout] 
[INFO] [stdout] Secondary result "org.weakref.nitro.clickbench.BenchmarkQueries.query24:dTLB-load-misses":
[INFO] [stdout]   4592300.445 ±(99.9%) 2721033.251 #/op [Average]
[INFO] [stdout]   (min, avg, max) = (4489118.292, 4592300.445, 4763308.902), stdev = 149149.014
[INFO] [stdout]   CI (99.9%): [1871267.194, 7313333.696] (assumes normal distribution)
[INFO] [stdout] 
[INFO] [stdout] Secondary result "org.weakref.nitro.clickbench.BenchmarkQueries.query24:dTLB-loads":
[INFO] [stdout]   29173234.251 ±(99.9%) 26601258.736 #/op [Average]
[INFO] [stdout]   (min, avg, max) = (27549784.215, 29173234.251, 30371452.421), stdev = 1458104.753
[INFO] [stdout]   CI (99.9%): [2571975.515, 55774492.987] (assumes normal distribution)
[INFO] [stdout] 
[INFO] [stdout] Secondary result "org.weakref.nitro.clickbench.BenchmarkQueries.query24:gc.alloc.rate":
[INFO] [stdout]   529.472 ±(99.9%) 18.091 MB/sec [Average]
[INFO] [stdout]   (min, avg, max) = (483.811, 529.472, 545.170), stdev = 16.922
[INFO] [stdout]   CI (99.9%): [511.381, 547.563] (assumes normal distribution)
[INFO] [stdout] 
[INFO] [stdout] Secondary result "org.weakref.nitro.clickbench.BenchmarkQueries.query24:gc.alloc.rate.norm":
[INFO] [stdout]   4603928061.333 ±(99.9%) 392808.124 B/op [Average]
[INFO] [stdout]   (min, avg, max) = (4603618848.000, 4603928061.333, 4604618632.000), stdev = 367432.963
[INFO] [stdout]   CI (99.9%): [4603535253.209, 4604320869.458] (assumes normal distribution)
[INFO] [stdout] 
[INFO] [stdout] Secondary result "org.weakref.nitro.clickbench.BenchmarkQueries.query24:gc.count":
[INFO] [stdout]   82.000 ±(99.9%) 0.001 counts [Sum]
[INFO] [stdout]   (min, avg, max) = (1.000, 5.467, 9.000), stdev = 1.767
[INFO] [stdout]   CI (99.9%): [82.000, 82.000] (assumes normal distribution)
[INFO] [stdout] 
[INFO] [stdout] Secondary result "org.weakref.nitro.clickbench.BenchmarkQueries.query24:gc.time":
[INFO] [stdout]   1851.000 ±(99.9%) 0.001 ms [Sum]
[INFO] [stdout]   (min, avg, max) = (82.000, 123.400, 162.000), stdev = 25.712
[INFO] [stdout]   CI (99.9%): [1851.000, 1851.000] (assumes normal distribution)
[INFO] [stdout] 
[INFO] [stdout] Secondary result "org.weakref.nitro.clickbench.BenchmarkQueries.query24:iTLB-load-misses":
[INFO] [stdout]   59707.806 ±(99.9%) 199418.186 #/op [Average]
[INFO] [stdout]   (min, avg, max) = (51696.086, 59707.806, 72160.043), stdev = 10930.784
[INFO] [stdout]   CI (99.9%): [≈ 0, 259125.992] (assumes normal distribution)
[INFO] [stdout] 
[INFO] [stdout] Secondary result "org.weakref.nitro.clickbench.BenchmarkQueries.query24:iTLB-loads":
[INFO] [stdout]   3564273.309 ±(99.9%) 14157381.627 #/op [Average]
[INFO] [stdout]   (min, avg, max) = (2708460.525, 3564273.309, 4222148.978), stdev = 776013.859
[INFO] [stdout]   CI (99.9%): [≈ 0, 17721654.935] (assumes normal distribution)
[INFO] [stdout] 
[INFO] [stdout] Secondary result "org.weakref.nitro.clickbench.BenchmarkQueries.query24:instructions":
[INFO] [stdout]   123830273443.460 ±(99.9%) 7080261911.370 #/op [Average]
[INFO] [stdout]   (min, avg, max) = (123580226337.780, 123830273443.460, 124277358398.136), stdev = 388093046.636
[INFO] [stdout]   CI (99.9%): [116750011532.090, 130910535354.829] (assumes normal distribution)
[INFO] [stdout] 
[INFO] [stdout] Secondary result "org.weakref.nitro.clickbench.BenchmarkQueries.query24:stalled-cycles-frontend":
[INFO] [stdout]   13041702363.152 ±(99.9%) 1540126521.458 #/op [Average]
[INFO] [stdout]   (min, avg, max) = (12987101425.446, 13041702363.152, 13138936447.033), stdev = 84419531.565
[INFO] [stdout]   CI (99.9%): [11501575841.694, 14581828884.610] (assumes normal distribution)
[INFO] [stdout] 
[INFO] [stdout] 
[INFO] [stdout] # Run complete. Total time: 00:03:27
[INFO] [stdout] 
[INFO] [stdout] REMEMBER: The numbers below are just data. To gain reusable insights, you need to follow up on
[INFO] [stdout] why the numbers are the way they are. Use profilers (see -prof, -lprof), design factorial
[INFO] [stdout] experiments, perform baseline and negative tests that provide experimental control, make sure
[INFO] [stdout] the benchmarking environment is safe on JVM/OS/HW level, ask for reviews from the domain experts.
[INFO] [stdout] Do not assume the numbers tell you what you want them to tell.
[INFO] [stdout] 
[INFO] [stdout] NOTE: Current JVM experimentally supports Compiler Blackholes, and they are in use. Please exercise
[INFO] [stdout] extra caution when trusting the results, look into the generated code to check the benchmark still
[INFO] [stdout] works, and factor in a small probability of new VM bugs. Additionally, while comparisons between
[INFO] [stdout] different JVMs are already problematic, the performance difference caused by different Blackhole
[INFO] [stdout] modes can be very significant. Please make sure you use the consistent Blackhole mode for comparisons.
[INFO] [stdout] 
[INFO] [stdout] Benchmark                                         Mode  Cnt             Score            Error      Units
[INFO] [stdout] BenchmarkQueries.query24                          avgt   15          8300.675 ±        299.037      ms/op
[INFO] [stdout] BenchmarkQueries.query24:CPI                      avgt    3             0.383 ±          0.024  clks/insn
[INFO] [stdout] BenchmarkQueries.query24:IPC                      avgt    3             2.610 ±          0.164  insns/clk
[INFO] [stdout] BenchmarkQueries.query24:L1-dcache-load-misses    avgt    3    1442369101.041 ±  145423972.888       #/op
[INFO] [stdout] BenchmarkQueries.query24:L1-dcache-loads          avgt    3   57663209112.080 ± 4711859720.278       #/op
[INFO] [stdout] BenchmarkQueries.query24:L1-icache-load-misses    avgt    3      20862222.108 ±   10007065.223       #/op
[INFO] [stdout] BenchmarkQueries.query24:L1-icache-loads          avgt    3     270289221.971 ±  112101363.303       #/op
[INFO] [stdout] BenchmarkQueries.query24:branch-misses            avgt    3     393170673.959 ±    1213433.924       #/op
[INFO] [stdout] BenchmarkQueries.query24:branches                 avgt    3   25602143464.436 ± 1587371209.121       #/op
[INFO] [stdout] BenchmarkQueries.query24:cycles                   avgt    3   47437457068.739 ±  385139654.389       #/op
[INFO] [stdout] BenchmarkQueries.query24:dTLB-load-misses         avgt    3       4592300.445 ±    2721033.251       #/op
[INFO] [stdout] BenchmarkQueries.query24:dTLB-loads               avgt    3      29173234.251 ±   26601258.736       #/op
[INFO] [stdout] BenchmarkQueries.query24:gc.alloc.rate            avgt   15           529.472 ±         18.091     MB/sec
[INFO] [stdout] BenchmarkQueries.query24:gc.alloc.rate.norm       avgt   15    4603928061.333 ±     392808.124       B/op
[INFO] [stdout] BenchmarkQueries.query24:gc.count                 avgt   15            82.000                      counts
[INFO] [stdout] BenchmarkQueries.query24:gc.time                  avgt   15          1851.000                          ms
[INFO] [stdout] BenchmarkQueries.query24:iTLB-load-misses         avgt    3         59707.806 ±     199418.186       #/op
[INFO] [stdout] BenchmarkQueries.query24:iTLB-loads               avgt    3       3564273.309 ±   14157381.627       #/op
[INFO] [stdout] BenchmarkQueries.query24:instructions             avgt    3  123830273443.460 ± 7080261911.370       #/op
[INFO] [stdout] BenchmarkQueries.query24:stalled-cycles-frontend  avgt    3   13041702363.152 ± 1540126521.458       #/op
[INFO] [stdout] 
[INFO] [stdout] Benchmark result is saved to benchmarks/sweeps/20260717-targeted/nitro-clickbench-q24-flat-contains-sweep-final-3fork.json
[INFO] ------------------------------------------------------------------------
[INFO] BUILD SUCCESS
[INFO] ------------------------------------------------------------------------
[INFO] Total time:  03:27 min (Wall Clock)
[INFO] Finished at: 2026-07-17T08:16:46Z
[INFO] ------------------------------------------------------------------------
[INFO] Njord session closed
