[INFO] Processing build on daemon 5d3efc3d
[INFO] Scanning for projects...
[INFO] Njord 0.9.4 session created
[INFO] BuildTimeEventSpy is registered.
[INFO] 
[INFO] Using the SmartBuilder implementation with a thread count of 7
[INFO] 
[INFO] -------------------------< org.weakref:nitro >--------------------------
[INFO] Building nitro 1-SNAPSHOT
[INFO]   from pom.xml
[INFO] --------------------------------[ jar ]---------------------------------
[WARNING] 2 problems were encountered while building the effective model for org.apache.yetus:audience-annotations:jar:0.5.0 during dependency collection step for project (use -X to see details)
[INFO] 
[INFO] --- exec:3.6.1:exec (benchmark) @ nitro ---
[WARNING] [stderr] WARNING: Using incubator modules: jdk.incubator.vector
[WARNING] [stderr] WARNING: A terminally deprecated method in sun.misc.Unsafe has been called
[WARNING] [stderr] WARNING: sun.misc.Unsafe::objectFieldOffset has been called by org.openjdk.jmh.util.Utils (file:/root/.m2/repository/org/openjdk/jmh/jmh-core/1.37/jmh-core-1.37.jar)
[WARNING] [stderr] WARNING: Please consider reporting this to the maintainers of class org.openjdk.jmh.util.Utils
[WARNING] [stderr] WARNING: sun.misc.Unsafe::objectFieldOffset will be removed in a future release
[INFO] [stdout] # JMH version: 1.37
[INFO] [stdout] # VM version: JDK 26.0.1, OpenJDK 64-Bit Server VM, 26.0.1+8
[INFO] [stdout] # VM invoker: /opt/java/openjdk/bin/java
[INFO] [stdout] # VM options: --enable-preview --add-modules=jdk.incubator.vector -Dnitro.clickbench.hits.path= -Xmx12g -XX:+UseTransparentHugePages -Dnitro.tpch.parquet.path=/root/data/tpch-parquet-sf10 -Dnitro.tpch.parquet.schema=sf10 -Dnitro.join.groupedLongHashTable=false
[INFO] [stdout] # Blackhole mode: compiler (auto-detected, use -Djmh.blackhole.autoDetect=false to disable)
[INFO] [stdout] # Warmup: 5 iterations, 1 s each
[INFO] [stdout] # Measurement: 5 iterations, 1 s each
[INFO] [stdout] # Timeout: 30 min per iteration
[INFO] [stdout] # Threads: 1 thread, will synchronize iterations
[INFO] [stdout] # Benchmark mode: Average time, time/op
[INFO] [stdout] # Benchmark: org.weakref.nitro.tpch.BenchmarkQueries.query09
[INFO] [stdout] 
[INFO] [stdout] # Run progress: 0.00% complete, ETA 00:00:30
[INFO] [stdout] # Fork: 1 of 3
[INFO] [stdout] # Preparing profilers: LinuxPerfNormProfiler 
[INFO] [stdout] # Profilers consume stderr from target VM, use -v EXTRA to copy to console
[INFO] [stdout] # Warmup Iteration   1: 4162.946 ms/op
[INFO] [stdout] # Warmup Iteration   2: 3184.299 ms/op
[INFO] [stdout] # Warmup Iteration   3: 3170.881 ms/op
[INFO] [stdout] # Warmup Iteration   4: 3293.973 ms/op
[INFO] [stdout] # Warmup Iteration   5: 3532.252 ms/op
[INFO] [stdout] Iteration   1: 3114.861 ms/op
[INFO] [stdout]                  gc.alloc.rate:      257.631 MB/sec
[INFO] [stdout]                  gc.alloc.rate.norm: 841510920.000 B/op
[INFO] [stdout]                  gc.count:           ≈ 0 counts
[INFO] [stdout] 
[INFO] [stdout] Iteration   2: 3119.492 ms/op
[INFO] [stdout]                  gc.alloc.rate:      257.245 MB/sec
[INFO] [stdout]                  gc.alloc.rate.norm: 841491176.000 B/op
[INFO] [stdout]                  gc.count:           ≈ 0 counts
[INFO] [stdout] 
[INFO] [stdout] Iteration   3: 3223.415 ms/op
[INFO] [stdout]                  gc.alloc.rate:      248.942 MB/sec
[INFO] [stdout]                  gc.alloc.rate.norm: 841454304.000 B/op
[INFO] [stdout]                  gc.count:           ≈ 0 counts
[INFO] [stdout] 
[INFO] [stdout] Iteration   4: 3159.280 ms/op
[INFO] [stdout]                  gc.alloc.rate:      253.978 MB/sec
[INFO] [stdout]                  gc.alloc.rate.norm: 841395752.000 B/op
[INFO] [stdout]                  gc.count:           1.000 counts
[INFO] [stdout]                  gc.time:            21.000 ms
[INFO] [stdout] 
[INFO] [stdout] Iteration   5: 3099.382 ms/op
[INFO] [stdout]                  gc.alloc.rate:      258.886 MB/sec
[INFO] [stdout]                  gc.alloc.rate.norm: 841404496.000 B/op
[INFO] [stdout]                  gc.count:           ≈ 0 counts
[INFO] [stdout] 
[INFO] [stdout] # Processing profiler results: LinuxPerfNormProfiler 
[INFO] [stdout] 
[INFO] [stdout] # Run progress: 33.33% complete, ETA 00:01:06
[INFO] [stdout] # Fork: 2 of 3
[INFO] [stdout] # Preparing profilers: LinuxPerfNormProfiler 
[INFO] [stdout] # Profilers consume stderr from target VM, use -v EXTRA to copy to console
[INFO] [stdout] # Warmup Iteration   1: 4206.586 ms/op
[INFO] [stdout] # Warmup Iteration   2: 3193.754 ms/op
[INFO] [stdout] # Warmup Iteration   3: 3098.042 ms/op
[INFO] [stdout] # Warmup Iteration   4: 3101.074 ms/op
[INFO] [stdout] # Warmup Iteration   5: 3080.597 ms/op
[INFO] [stdout] Iteration   1: 3083.869 ms/op
[INFO] [stdout]                  gc.alloc.rate:      260.181 MB/sec
[INFO] [stdout]                  gc.alloc.rate.norm: 841377680.000 B/op
[INFO] [stdout]                  gc.count:           1.000 counts
[INFO] [stdout]                  gc.time:            9.000 ms
[INFO] [stdout] 
[INFO] [stdout] Iteration   2: 3103.870 ms/op
[INFO] [stdout]                  gc.alloc.rate:      258.491 MB/sec
[INFO] [stdout]                  gc.alloc.rate.norm: 841334592.000 B/op
[INFO] [stdout]                  gc.count:           4.000 counts
[INFO] [stdout]                  gc.time:            23.000 ms
[INFO] [stdout] 
[INFO] [stdout] Iteration   3: 3079.946 ms/op
[INFO] [stdout]                  gc.alloc.rate:      260.512 MB/sec
[INFO] [stdout]                  gc.alloc.rate.norm: 841368784.000 B/op
[INFO] [stdout]                  gc.count:           1.000 counts
[INFO] [stdout]                  gc.time:            10.000 ms
[INFO] [stdout] 
[INFO] [stdout] Iteration   4: 3072.772 ms/op
[INFO] [stdout]                  gc.alloc.rate:      261.123 MB/sec
[INFO] [stdout]                  gc.alloc.rate.norm: 841385440.000 B/op
[INFO] [stdout]                  gc.count:           4.000 counts
[INFO] [stdout]                  gc.time:            10.000 ms
[INFO] [stdout] 
[INFO] [stdout] Iteration   5: 3091.102 ms/op
[INFO] [stdout]                  gc.alloc.rate:      259.583 MB/sec
[INFO] [stdout]                  gc.alloc.rate.norm: 841416480.000 B/op
[INFO] [stdout]                  gc.count:           1.000 counts
[INFO] [stdout]                  gc.time:            11.000 ms
[INFO] [stdout] 
[INFO] [stdout] # Processing profiler results: LinuxPerfNormProfiler 
[INFO] [stdout] 
[INFO] [stdout] # Run progress: 66.67% complete, ETA 00:00:32
[INFO] [stdout] # Fork: 3 of 3
[INFO] [stdout] # Preparing profilers: LinuxPerfNormProfiler 
[INFO] [stdout] # Profilers consume stderr from target VM, use -v EXTRA to copy to console
[INFO] [stdout] # Warmup Iteration   1: 4214.112 ms/op
[INFO] [stdout] # Warmup Iteration   2: 3184.720 ms/op
[INFO] [stdout] # Warmup Iteration   3: 3144.947 ms/op
[INFO] [stdout] # Warmup Iteration   4: 3130.692 ms/op
[INFO] [stdout] # Warmup Iteration   5: 3088.332 ms/op
[INFO] [stdout] Iteration   1: 3093.503 ms/op
[INFO] [stdout]                  gc.alloc.rate:      259.413 MB/sec
[INFO] [stdout]                  gc.alloc.rate.norm: 841511112.000 B/op
[INFO] [stdout]                  gc.count:           ≈ 0 counts
[INFO] [stdout] 
[INFO] [stdout] Iteration   2: 3097.331 ms/op
[INFO] [stdout]                  gc.alloc.rate:      259.085 MB/sec
[INFO] [stdout]                  gc.alloc.rate.norm: 841491040.000 B/op
[INFO] [stdout]                  gc.count:           1.000 counts
[INFO] [stdout]                  gc.time:            8.000 ms
[INFO] [stdout] 
[INFO] [stdout] Iteration   3: 3102.498 ms/op
[INFO] [stdout]                  gc.alloc.rate:      258.632 MB/sec
[INFO] [stdout]                  gc.alloc.rate.norm: 841413896.000 B/op
[INFO] [stdout]                  gc.count:           ≈ 0 counts
[INFO] [stdout] 
[INFO] [stdout] Iteration   4: 3112.509 ms/op
[INFO] [stdout]                  gc.alloc.rate:      257.804 MB/sec
[INFO] [stdout]                  gc.alloc.rate.norm: 841429432.000 B/op
[INFO] [stdout]                  gc.count:           1.000 counts
[INFO] [stdout]                  gc.time:            12.000 ms
[INFO] [stdout] 
[INFO] [stdout] Iteration   5: 3096.437 ms/op
[INFO] [stdout]                  gc.alloc.rate:      259.146 MB/sec
[INFO] [stdout]                  gc.alloc.rate.norm: 841443816.000 B/op
[INFO] [stdout]                  gc.count:           3.000 counts
[INFO] [stdout]                  gc.time:            3.000 ms
[INFO] [stdout] 
[INFO] [stdout] # Processing profiler results: LinuxPerfNormProfiler 
[INFO] [stdout] 
[INFO] [stdout] 
[INFO] [stdout] Result "org.weakref.nitro.tpch.BenchmarkQueries.query09":
[INFO] [stdout]   3110.018 ±(99.9%) 39.964 ms/op [Average]
[INFO] [stdout]   (min, avg, max) = (3072.772, 3110.018, 3223.415), stdev = 37.382
[INFO] [stdout]   CI (99.9%): [3070.054, 3149.981] (assumes normal distribution)
[INFO] [stdout] 
[INFO] [stdout] Secondary result "org.weakref.nitro.tpch.BenchmarkQueries.query09:CPI":
[INFO] [stdout]   0.312 ±(99.9%) 0.043 clks/insn [Average]
[INFO] [stdout]   (min, avg, max) = (0.311, 0.312, 0.315), stdev = 0.002
[INFO] [stdout]   CI (99.9%): [0.269, 0.356] (assumes normal distribution)
[INFO] [stdout] 
[INFO] [stdout] Secondary result "org.weakref.nitro.tpch.BenchmarkQueries.query09:IPC":
[INFO] [stdout]   3.202 ±(99.9%) 0.444 insns/clk [Average]
[INFO] [stdout]   (min, avg, max) = (3.175, 3.202, 3.220), stdev = 0.024
[INFO] [stdout]   CI (99.9%): [2.758, 3.646] (assumes normal distribution)
[INFO] [stdout] 
[INFO] [stdout] Secondary result "org.weakref.nitro.tpch.BenchmarkQueries.query09:L1-dcache-load-misses":
[INFO] [stdout]   393866053.030 ±(99.9%) 322948772.214 #/op [Average]
[INFO] [stdout]   (min, avg, max) = (373616268.443, 393866053.030, 406402864.624), stdev = 17701911.947
[INFO] [stdout]   CI (99.9%): [70917280.816, 716814825.244] (assumes normal distribution)
[INFO] [stdout] 
[INFO] [stdout] Secondary result "org.weakref.nitro.tpch.BenchmarkQueries.query09:L1-dcache-loads":
[INFO] [stdout]   22902854448.348 ±(99.9%) 1821086416.670 #/op [Average]
[INFO] [stdout]   (min, avg, max) = (22814080561.004, 22902854448.348, 23010907775.844), stdev = 99819891.479
[INFO] [stdout]   CI (99.9%): [21081768031.678, 24723940865.018] (assumes normal distribution)
[INFO] [stdout] 
[INFO] [stdout] Secondary result "org.weakref.nitro.tpch.BenchmarkQueries.query09:L1-icache-load-misses":
[INFO] [stdout]   5229269.565 ±(99.9%) 6829953.309 #/op [Average]
[INFO] [stdout]   (min, avg, max) = (4986911.037, 5229269.565, 5660451.639), stdev = 374372.788
[INFO] [stdout]   CI (99.9%): [≈ 0, 12059222.874] (assumes normal distribution)
[INFO] [stdout] 
[INFO] [stdout] Secondary result "org.weakref.nitro.tpch.BenchmarkQueries.query09:L1-icache-loads":
[INFO] [stdout]   68355433.702 ±(99.9%) 100611534.377 #/op [Average]
[INFO] [stdout]   (min, avg, max) = (63662762.124, 68355433.702, 74429742.200), stdev = 5514857.698
[INFO] [stdout]   CI (99.9%): [≈ 0, 168966968.079] (assumes normal distribution)
[INFO] [stdout] 
[INFO] [stdout] Secondary result "org.weakref.nitro.tpch.BenchmarkQueries.query09:branch-misses":
[INFO] [stdout]   40092242.699 ±(99.9%) 29678840.904 #/op [Average]
[INFO] [stdout]   (min, avg, max) = (38483658.030, 40092242.699, 41736660.831), stdev = 1626797.417
[INFO] [stdout]   CI (99.9%): [10413401.795, 69771083.603] (assumes normal distribution)
[INFO] [stdout] 
[INFO] [stdout] Secondary result "org.weakref.nitro.tpch.BenchmarkQueries.query09:branches":
[INFO] [stdout]   10974190161.361 ±(99.9%) 1697712604.439 #/op [Average]
[INFO] [stdout]   (min, avg, max) = (10919953679.609, 10974190161.361, 11081641923.500), stdev = 93057356.524
[INFO] [stdout]   CI (99.9%): [9276477556.922, 12671902765.800] (assumes normal distribution)
[INFO] [stdout] 
[INFO] [stdout] Secondary result "org.weakref.nitro.tpch.BenchmarkQueries.query09:cycles":
[INFO] [stdout]   16661793709.413 ±(99.9%) 1895082542.206 #/op [Average]
[INFO] [stdout]   (min, avg, max) = (16550668932.442, 16661793709.413, 16756454167.901), stdev = 103875868.808
[INFO] [stdout]   CI (99.9%): [14766711167.207, 18556876251.620] (assumes normal distribution)
[INFO] [stdout] 
[INFO] [stdout] Secondary result "org.weakref.nitro.tpch.BenchmarkQueries.query09:dTLB-load-misses":
[INFO] [stdout]   2064863.286 ±(99.9%) 49742548.559 #/op [Average]
[INFO] [stdout]   (min, avg, max) = (466022.820, 2064863.286, 5213090.577), stdev = 2726556.935
[INFO] [stdout]   CI (99.9%): [≈ 0, 51807411.845] (assumes normal distribution)
[INFO] [stdout] 
[INFO] [stdout] Secondary result "org.weakref.nitro.tpch.BenchmarkQueries.query09:dTLB-loads":
[INFO] [stdout]   17501582.071 ±(99.9%) 195130382.574 #/op [Average]
[INFO] [stdout]   (min, avg, max) = (11245027.452, 17501582.071, 29851616.913), stdev = 10695754.707
[INFO] [stdout]   CI (99.9%): [≈ 0, 212631964.646] (assumes normal distribution)
[INFO] [stdout] 
[INFO] [stdout] Secondary result "org.weakref.nitro.tpch.BenchmarkQueries.query09:gc.alloc.rate":
[INFO] [stdout]   258.043 ±(99.9%) 3.235 MB/sec [Average]
[INFO] [stdout]   (min, avg, max) = (248.942, 258.043, 261.123), stdev = 3.026
[INFO] [stdout]   CI (99.9%): [254.809, 261.278] (assumes normal distribution)
[INFO] [stdout] 
[INFO] [stdout] Secondary result "org.weakref.nitro.tpch.BenchmarkQueries.query09:gc.alloc.rate.norm":
[INFO] [stdout]   841428594.667 ±(99.9%) 57984.960 B/op [Average]
[INFO] [stdout]   (min, avg, max) = (841334592.000, 841428594.667, 841511112.000), stdev = 54239.167
[INFO] [stdout]   CI (99.9%): [841370609.707, 841486579.626] (assumes normal distribution)
[INFO] [stdout] 
[INFO] [stdout] Secondary result "org.weakref.nitro.tpch.BenchmarkQueries.query09:gc.count":
[INFO] [stdout]   17.000 ±(99.9%) 0.001 counts [Sum]
[INFO] [stdout]   (min, avg, max) = (≈ 0, 1.133, 4.000), stdev = 1.407
[INFO] [stdout]   CI (99.9%): [17.000, 17.000] (assumes normal distribution)
[INFO] [stdout] 
[INFO] [stdout] Secondary result "org.weakref.nitro.tpch.BenchmarkQueries.query09:gc.time":
[INFO] [stdout]   107.000 ±(99.9%) 0.001 ms [Sum]
[INFO] [stdout]   (min, avg, max) = (≈ 0, 7.133, 23.000), stdev = 7.680
[INFO] [stdout]   CI (99.9%): [107.000, 107.000] (assumes normal distribution)
[INFO] [stdout] 
[INFO] [stdout] Secondary result "org.weakref.nitro.tpch.BenchmarkQueries.query09:iTLB-load-misses":
[INFO] [stdout]   24391.856 ±(99.9%) 19246.513 #/op [Average]
[INFO] [stdout]   (min, avg, max) = (23181.292, 24391.856, 25114.840), stdev = 1054.966
[INFO] [stdout]   CI (99.9%): [5145.344, 43638.369] (assumes normal distribution)
[INFO] [stdout] 
[INFO] [stdout] Secondary result "org.weakref.nitro.tpch.BenchmarkQueries.query09:iTLB-loads":
[INFO] [stdout]   1566440.638 ±(99.9%) 8184393.135 #/op [Average]
[INFO] [stdout]   (min, avg, max) = (1085242.452, 1566440.638, 1973144.921), stdev = 448614.205
[INFO] [stdout]   CI (99.9%): [≈ 0, 9750833.773] (assumes normal distribution)
[INFO] [stdout] 
[INFO] [stdout] Secondary result "org.weakref.nitro.tpch.BenchmarkQueries.query09:instructions":
[INFO] [stdout]   53354811666.975 ±(99.9%) 8110030965.208 #/op [Average]
[INFO] [stdout]   (min, avg, max) = (52945136901.255, 53354811666.975, 53827490641.749), stdev = 444538163.277
[INFO] [stdout]   CI (99.9%): [45244780701.768, 61464842632.183] (assumes normal distribution)
[INFO] [stdout] 
[INFO] [stdout] Secondary result "org.weakref.nitro.tpch.BenchmarkQueries.query09:stalled-cycles-frontend":
[INFO] [stdout]   2686733242.518 ±(99.9%) 1240028415.850 #/op [Average]
[INFO] [stdout]   (min, avg, max) = (2626388191.980, 2686733242.518, 2760366052.274), stdev = 67970141.761
[INFO] [stdout]   CI (99.9%): [1446704826.668, 3926761658.368] (assumes normal distribution)
[INFO] [stdout] 
[INFO] [stdout] 
[INFO] [stdout] # Run complete. Total time: 00:01:38
[INFO] [stdout] 
[INFO] [stdout] REMEMBER: The numbers below are just data. To gain reusable insights, you need to follow up on
[INFO] [stdout] why the numbers are the way they are. Use profilers (see -prof, -lprof), design factorial
[INFO] [stdout] experiments, perform baseline and negative tests that provide experimental control, make sure
[INFO] [stdout] the benchmarking environment is safe on JVM/OS/HW level, ask for reviews from the domain experts.
[INFO] [stdout] Do not assume the numbers tell you what you want them to tell.
[INFO] [stdout] 
[INFO] [stdout] NOTE: Current JVM experimentally supports Compiler Blackholes, and they are in use. Please exercise
[INFO] [stdout] extra caution when trusting the results, look into the generated code to check the benchmark still
[INFO] [stdout] works, and factor in a small probability of new VM bugs. Additionally, while comparisons between
[INFO] [stdout] different JVMs are already problematic, the performance difference caused by different Blackhole
[INFO] [stdout] modes can be very significant. Please make sure you use the consistent Blackhole mode for comparisons.
[INFO] [stdout] 
[INFO] [stdout] Benchmark                                         Mode  Cnt            Score            Error      Units
[INFO] [stdout] BenchmarkQueries.query09                          avgt   15         3110.018 ±         39.964      ms/op
[INFO] [stdout] BenchmarkQueries.query09:CPI                      avgt    3            0.312 ±          0.043  clks/insn
[INFO] [stdout] BenchmarkQueries.query09:IPC                      avgt    3            3.202 ±          0.444  insns/clk
[INFO] [stdout] BenchmarkQueries.query09:L1-dcache-load-misses    avgt    3    393866053.030 ±  322948772.214       #/op
[INFO] [stdout] BenchmarkQueries.query09:L1-dcache-loads          avgt    3  22902854448.348 ± 1821086416.670       #/op
[INFO] [stdout] BenchmarkQueries.query09:L1-icache-load-misses    avgt    3      5229269.565 ±    6829953.309       #/op
[INFO] [stdout] BenchmarkQueries.query09:L1-icache-loads          avgt    3     68355433.702 ±  100611534.377       #/op
[INFO] [stdout] BenchmarkQueries.query09:branch-misses            avgt    3     40092242.699 ±   29678840.904       #/op
[INFO] [stdout] BenchmarkQueries.query09:branches                 avgt    3  10974190161.361 ± 1697712604.439       #/op
[INFO] [stdout] BenchmarkQueries.query09:cycles                   avgt    3  16661793709.413 ± 1895082542.206       #/op
[INFO] [stdout] BenchmarkQueries.query09:dTLB-load-misses         avgt    3      2064863.286 ±   49742548.559       #/op
[INFO] [stdout] BenchmarkQueries.query09:dTLB-loads               avgt    3     17501582.071 ±  195130382.574       #/op
[INFO] [stdout] BenchmarkQueries.query09:gc.alloc.rate            avgt   15          258.043 ±          3.235     MB/sec
[INFO] [stdout] BenchmarkQueries.query09:gc.alloc.rate.norm       avgt   15    841428594.667 ±      57984.960       B/op
[INFO] [stdout] BenchmarkQueries.query09:gc.count                 avgt   15           17.000                      counts
[INFO] [stdout] BenchmarkQueries.query09:gc.time                  avgt   15          107.000                          ms
[INFO] [stdout] BenchmarkQueries.query09:iTLB-load-misses         avgt    3        24391.856 ±      19246.513       #/op
[INFO] [stdout] BenchmarkQueries.query09:iTLB-loads               avgt    3      1566440.638 ±    8184393.135       #/op
[INFO] [stdout] BenchmarkQueries.query09:instructions             avgt    3  53354811666.975 ± 8110030965.208       #/op
[INFO] [stdout] BenchmarkQueries.query09:stalled-cycles-frontend  avgt    3   2686733242.518 ± 1240028415.850       #/op
[INFO] [stdout] 
[INFO] [stdout] Benchmark result is saved to benchmarks/sweeps/20260717-targeted/nitro-tpch-q09-scalar-long-hash-3fork.json
[INFO] ------------------------------------------------------------------------
[INFO] BUILD SUCCESS
[INFO] ------------------------------------------------------------------------
[INFO] Total time:  01:40 min (Wall Clock)
[INFO] Finished at: 2026-07-17T04:10:21Z
[INFO] ------------------------------------------------------------------------
[INFO] Njord session closed
