[main] WARNING org.mvndaemon.mvnd.client.DaemonParameters - Falling back to finding JAVA_HOME by running java executable available in PATH. You may want to avoid this time consuming task by setting JAVA_HOME environment variable or by passing java.home system property through command line or in one of mvnd configuration files.
[INFO] Processing build on daemon 53ab2963
[INFO] Scanning for projects...
[INFO] Njord 0.9.4 session created
[INFO] BuildTimeEventSpy is registered.
[INFO] 
[INFO] Using the SmartBuilder implementation with a thread count of 7
[INFO] 
[INFO] -------------------------< org.weakref:nitro >--------------------------
[INFO] Building nitro 1-SNAPSHOT
[INFO]   from pom.xml
[INFO] --------------------------------[ jar ]---------------------------------
[WARNING] 2 problems were encountered while building the effective model for org.apache.yetus:audience-annotations:jar:0.5.0 during dependency collection step for project (use -X to see details)
[INFO] 
[INFO] --- exec:3.6.1:exec (benchmark) @ nitro ---
[WARNING] [stderr] WARNING: Using incubator modules: jdk.incubator.vector
[WARNING] [stderr] WARNING: A terminally deprecated method in sun.misc.Unsafe has been called
[WARNING] [stderr] WARNING: sun.misc.Unsafe::objectFieldOffset has been called by org.openjdk.jmh.util.Utils (file:/root/.m2/repository/org/openjdk/jmh/jmh-core/1.37/jmh-core-1.37.jar)
[WARNING] [stderr] WARNING: Please consider reporting this to the maintainers of class org.openjdk.jmh.util.Utils
[WARNING] [stderr] WARNING: sun.misc.Unsafe::objectFieldOffset will be removed in a future release
[INFO] [stdout] # JMH version: 1.37
[INFO] [stdout] # VM version: JDK 26.0.1, OpenJDK 64-Bit Server VM, 26.0.1+8
[INFO] [stdout] # VM invoker: /opt/java/openjdk/bin/java
[INFO] [stdout] # VM options: --enable-preview --add-modules=jdk.incubator.vector -Dnitro.clickbench.hits.path= -Xmx12g -XX:+UseTransparentHugePages -Dnitro.tpcds.parquet.path=/root/data/tpcds-parquet-sf10
[INFO] [stdout] # Blackhole mode: compiler (auto-detected, use -Djmh.blackhole.autoDetect=false to disable)
[INFO] [stdout] # Warmup: 3 iterations, 1 s each
[INFO] [stdout] # Measurement: 4 iterations, 1 s each
[INFO] [stdout] # Timeout: 30 min per iteration
[INFO] [stdout] # Threads: 1 thread, will synchronize iterations
[INFO] [stdout] # Benchmark mode: Average time, time/op
[INFO] [stdout] # Benchmark: org.weakref.nitro.tpcds.BenchmarkQueries.query72
[INFO] [stdout] 
[INFO] [stdout] # Run progress: 0.00% complete, ETA 00:00:21
[INFO] [stdout] # Fork: 1 of 3
[INFO] [stdout] # Preparing profilers: LinuxPerfNormProfiler 
[INFO] [stdout] # Profilers consume stderr from target VM, use -v EXTRA to copy to console
[INFO] [stdout] # Warmup Iteration   1: 3525.320 ms/op
[INFO] [stdout] # Warmup Iteration   2: 2862.819 ms/op
[INFO] [stdout] # Warmup Iteration   3: 4910.314 ms/op
[INFO] [stdout] Iteration   1: 2555.240 ms/op
[INFO] [stdout]                  gc.alloc.rate:      1303.135 MB/sec
[INFO] [stdout]                  gc.alloc.rate.norm: 3491739736.000 B/op
[INFO] [stdout]                  gc.count:           4.000 counts
[INFO] [stdout]                  gc.time:            23.000 ms
[INFO] [stdout] 
[INFO] [stdout] Iteration   2: 2718.319 ms/op
[INFO] [stdout]                  gc.alloc.rate:      1224.765 MB/sec
[INFO] [stdout]                  gc.alloc.rate.norm: 3491196560.000 B/op
[INFO] [stdout]                  gc.count:           2.000 counts
[INFO] [stdout]                  gc.time:            145.000 ms
[INFO] [stdout] 
[INFO] [stdout] Iteration   3: 2550.348 ms/op
[INFO] [stdout]                  gc.alloc.rate:      1305.481 MB/sec
[INFO] [stdout]                  gc.alloc.rate.norm: 3491350024.000 B/op
[INFO] [stdout]                  gc.count:           4.000 counts
[INFO] [stdout]                  gc.time:            25.000 ms
[INFO] [stdout] 
[INFO] [stdout] Iteration   4: 3788.895 ms/op
[INFO] [stdout]                  gc.alloc.rate:      878.672 MB/sec
[INFO] [stdout]                  gc.alloc.rate.norm: 3491029424.000 B/op
[INFO] [stdout]                  gc.count:           1.000 counts
[INFO] [stdout]                  gc.time:            33.000 ms
[INFO] [stdout] 
[INFO] [stdout] # Processing profiler results: LinuxPerfNormProfiler 
[INFO] [stdout] 
[INFO] [stdout] # Run progress: 33.33% complete, ETA 00:00:46
[INFO] [stdout] # Fork: 2 of 3
[INFO] [stdout] # Preparing profilers: LinuxPerfNormProfiler 
[INFO] [stdout] # Profilers consume stderr from target VM, use -v EXTRA to copy to console
[INFO] [stdout] # Warmup Iteration   1: 3506.303 ms/op
[INFO] [stdout] # Warmup Iteration   2: 3124.772 ms/op
[INFO] [stdout] # Warmup Iteration   3: 4568.817 ms/op
[INFO] [stdout] Iteration   1: 4673.829 ms/op
[INFO] [stdout]                  gc.alloc.rate:      712.583 MB/sec
[INFO] [stdout]                  gc.alloc.rate.norm: 3492374832.000 B/op
[INFO] [stdout]                  gc.count:           1.000 counts
[INFO] [stdout]                  gc.time:            ≈ 0 ms
[INFO] [stdout] 
[INFO] [stdout] Iteration   2: 2963.549 ms/op
[INFO] [stdout]                  gc.alloc.rate:      1123.616 MB/sec
[INFO] [stdout]                  gc.alloc.rate.norm: 3491794720.000 B/op
[INFO] [stdout]                  gc.count:           1.000 counts
[INFO] [stdout]                  gc.time:            316.000 ms
[INFO] [stdout] 
[INFO] [stdout] Iteration   3: 2581.411 ms/op
[INFO] [stdout]                  gc.alloc.rate:      1289.893 MB/sec
[INFO] [stdout]                  gc.alloc.rate.norm: 3491657480.000 B/op
[INFO] [stdout]                  gc.count:           5.000 counts
[INFO] [stdout]                  gc.time:            88.000 ms
[INFO] [stdout] 
[INFO] [stdout] Iteration   4: 2779.572 ms/op
[INFO] [stdout]                  gc.alloc.rate:      1197.914 MB/sec
[INFO] [stdout]                  gc.alloc.rate.norm: 3491643496.000 B/op
[INFO] [stdout]                  gc.count:           1.000 counts
[INFO] [stdout]                  gc.time:            50.000 ms
[INFO] [stdout] 
[INFO] [stdout] # Processing profiler results: LinuxPerfNormProfiler 
[INFO] [stdout] 
[INFO] [stdout] # Run progress: 66.67% complete, ETA 00:00:23
[INFO] [stdout] # Fork: 3 of 3
[INFO] [stdout] # Preparing profilers: LinuxPerfNormProfiler 
[INFO] [stdout] # Profilers consume stderr from target VM, use -v EXTRA to copy to console
[INFO] [stdout] # Warmup Iteration   1: 3466.004 ms/op
[INFO] [stdout] # Warmup Iteration   2: 2768.226 ms/op
[INFO] [stdout] # Warmup Iteration   3: 4774.368 ms/op
[INFO] [stdout] Iteration   1: 2477.648 ms/op
[INFO] [stdout]                  gc.alloc.rate:      1344.377 MB/sec
[INFO] [stdout]                  gc.alloc.rate.norm: 3492859056.000 B/op
[INFO] [stdout]                  gc.count:           4.000 counts
[INFO] [stdout]                  gc.time:            33.000 ms
[INFO] [stdout] 
[INFO] [stdout] Iteration   2: 2907.101 ms/op
[INFO] [stdout]                  gc.alloc.rate:      1145.482 MB/sec
[INFO] [stdout]                  gc.alloc.rate.norm: 3491972760.000 B/op
[INFO] [stdout]                  gc.count:           2.000 counts
[INFO] [stdout]                  gc.time:            336.000 ms
[INFO] [stdout] 
[INFO] [stdout] Iteration   3: 2647.052 ms/op
[INFO] [stdout]                  gc.alloc.rate:      1257.972 MB/sec
[INFO] [stdout]                  gc.alloc.rate.norm: 3491864312.000 B/op
[INFO] [stdout]                  gc.count:           3.000 counts
[INFO] [stdout]                  gc.time:            149.000 ms
[INFO] [stdout] 
[INFO] [stdout] Iteration   4: 2478.921 ms/op
[INFO] [stdout]                  gc.alloc.rate:      1343.275 MB/sec
[INFO] [stdout]                  gc.alloc.rate.norm: 3491804768.000 B/op
[INFO] [stdout]                  gc.count:           1.000 counts
[INFO] [stdout]                  gc.time:            ≈ 0 ms
[INFO] [stdout] 
[INFO] [stdout] # Processing profiler results: LinuxPerfNormProfiler 
[INFO] [stdout] 
[INFO] [stdout] 
[INFO] [stdout] Result "org.weakref.nitro.tpcds.BenchmarkQueries.query72":
[INFO] [stdout]   2926.824 ±(99.9%) 840.958 ms/op [Average]
[INFO] [stdout]   (min, avg, max) = (2477.648, 2926.824, 4673.829), stdev = 656.565
[INFO] [stdout]   CI (99.9%): [2085.865, 3767.782] (assumes normal distribution)
[INFO] [stdout] 
[INFO] [stdout] Secondary result "org.weakref.nitro.tpcds.BenchmarkQueries.query72:CPI":
[INFO] [stdout]   0.382 ±(99.9%) 0.402 clks/insn [Average]
[INFO] [stdout]   (min, avg, max) = (0.368, 0.382, 0.407), stdev = 0.022
[INFO] [stdout]   CI (99.9%): [≈ 0, 0.784] (assumes normal distribution)
[INFO] [stdout] 
[INFO] [stdout] Secondary result "org.weakref.nitro.tpcds.BenchmarkQueries.query72:IPC":
[INFO] [stdout]   2.624 ±(99.9%) 2.676 insns/clk [Average]
[INFO] [stdout]   (min, avg, max) = (2.455, 2.624, 2.716), stdev = 0.147
[INFO] [stdout]   CI (99.9%): [≈ 0, 5.300] (assumes normal distribution)
[INFO] [stdout] 
[INFO] [stdout] Secondary result "org.weakref.nitro.tpcds.BenchmarkQueries.query72:L1-dcache-load-misses":
[INFO] [stdout]   501759917.377 ±(99.9%) 903779361.984 #/op [Average]
[INFO] [stdout]   (min, avg, max) = (466656539.790, 501759917.377, 558426138.650), stdev = 49539196.497
[INFO] [stdout]   CI (99.9%): [≈ 0, 1405539279.361] (assumes normal distribution)
[INFO] [stdout] 
[INFO] [stdout] Secondary result "org.weakref.nitro.tpcds.BenchmarkQueries.query72:L1-dcache-loads":
[INFO] [stdout]   20204087670.382 ±(99.9%) 11479104122.765 #/op [Average]
[INFO] [stdout]   (min, avg, max) = (19825142298.835, 20204087670.382, 20930406287.752), stdev = 629208431.471
[INFO] [stdout]   CI (99.9%): [8724983547.617, 31683191793.147] (assumes normal distribution)
[INFO] [stdout] 
[INFO] [stdout] Secondary result "org.weakref.nitro.tpcds.BenchmarkQueries.query72:L1-icache-load-misses":
[INFO] [stdout]   14173215.780 ±(99.9%) 66949049.545 #/op [Average]
[INFO] [stdout]   (min, avg, max) = (11831929.137, 14173215.780, 18402536.113), stdev = 3669703.315
[INFO] [stdout]   CI (99.9%): [≈ 0, 81122265.325] (assumes normal distribution)
[INFO] [stdout] 
[INFO] [stdout] Secondary result "org.weakref.nitro.tpcds.BenchmarkQueries.query72:L1-icache-loads":
[INFO] [stdout]   180352927.167 ±(99.9%) 889316104.486 #/op [Average]
[INFO] [stdout]   (min, avg, max) = (145785037.657, 180352927.167, 236107755.555), stdev = 48746416.550
[INFO] [stdout]   CI (99.9%): [≈ 0, 1069669031.653] (assumes normal distribution)
[INFO] [stdout] 
[INFO] [stdout] Secondary result "org.weakref.nitro.tpcds.BenchmarkQueries.query72:branch-misses":
[INFO] [stdout]   32492689.203 ±(99.9%) 42255978.904 #/op [Average]
[INFO] [stdout]   (min, avg, max) = (30711728.516, 32492689.203, 35111140.413), stdev = 2316192.790
[INFO] [stdout]   CI (99.9%): [≈ 0, 74748668.107] (assumes normal distribution)
[INFO] [stdout] 
[INFO] [stdout] Secondary result "org.weakref.nitro.tpcds.BenchmarkQueries.query72:branches":
[INFO] [stdout]   9841770605.357 ±(99.9%) 3706071082.978 #/op [Average]
[INFO] [stdout]   (min, avg, max) = (9675875011.254, 9841770605.357, 10068335140.134), stdev = 203142261.635
[INFO] [stdout]   CI (99.9%): [6135699522.378, 13547841688.335] (assumes normal distribution)
[INFO] [stdout] 
[INFO] [stdout] Secondary result "org.weakref.nitro.tpcds.BenchmarkQueries.query72:cycles":
[INFO] [stdout]   18463377691.046 ±(99.9%) 28825900474.223 #/op [Average]
[INFO] [stdout]   (min, avg, max) = (17523920661.203, 18463377691.046, 20287582920.243), stdev = 1580044873.637
[INFO] [stdout]   CI (99.9%): [≈ 0, 47289278165.269] (assumes normal distribution)
[INFO] [stdout] 
[INFO] [stdout] Secondary result "org.weakref.nitro.tpcds.BenchmarkQueries.query72:dTLB-load-misses":
[INFO] [stdout]   38962794.542 ±(99.9%) 152021345.898 #/op [Average]
[INFO] [stdout]   (min, avg, max) = (29950167.093, 38962794.542, 46387158.080), stdev = 8332802.942
[INFO] [stdout]   CI (99.9%): [≈ 0, 190984140.440] (assumes normal distribution)
[INFO] [stdout] 
[INFO] [stdout] Secondary result "org.weakref.nitro.tpcds.BenchmarkQueries.query72:dTLB-loads":
[INFO] [stdout]   84588815.290 ±(99.9%) 130668614.706 #/op [Average]
[INFO] [stdout]   (min, avg, max) = (79300373.349, 84588815.290, 92739767.037), stdev = 7162387.694
[INFO] [stdout]   CI (99.9%): [≈ 0, 215257429.996] (assumes normal distribution)
[INFO] [stdout] 
[INFO] [stdout] Secondary result "org.weakref.nitro.tpcds.BenchmarkQueries.query72:gc.alloc.rate":
[INFO] [stdout]   1177.264 ±(99.9%) 249.869 MB/sec [Average]
[INFO] [stdout]   (min, avg, max) = (712.583, 1177.264, 1344.377), stdev = 195.082
[INFO] [stdout]   CI (99.9%): [927.395, 1427.133] (assumes normal distribution)
[INFO] [stdout] 
[INFO] [stdout] Secondary result "org.weakref.nitro.tpcds.BenchmarkQueries.query72:gc.alloc.rate.norm":
[INFO] [stdout]   3491773930.667 ±(99.9%) 633015.287 B/op [Average]
[INFO] [stdout]   (min, avg, max) = (3491029424.000, 3491773930.667, 3492859056.000), stdev = 494216.698
[INFO] [stdout]   CI (99.9%): [3491140915.380, 3492406945.953] (assumes normal distribution)
[INFO] [stdout] 
[INFO] [stdout] Secondary result "org.weakref.nitro.tpcds.BenchmarkQueries.query72:gc.count":
[INFO] [stdout]   29.000 ±(99.9%) 0.001 counts [Sum]
[INFO] [stdout]   (min, avg, max) = (1.000, 2.417, 5.000), stdev = 1.505
[INFO] [stdout]   CI (99.9%): [29.000, 29.000] (assumes normal distribution)
[INFO] [stdout] 
[INFO] [stdout] Secondary result "org.weakref.nitro.tpcds.BenchmarkQueries.query72:gc.time":
[INFO] [stdout]   1198.000 ±(99.9%) 0.001 ms [Sum]
[INFO] [stdout]   (min, avg, max) = (≈ 0, 99.833, 336.000), stdev = 116.757
[INFO] [stdout]   CI (99.9%): [1198.000, 1198.000] (assumes normal distribution)
[INFO] [stdout] 
[INFO] [stdout] Secondary result "org.weakref.nitro.tpcds.BenchmarkQueries.query72:iTLB-load-misses":
[INFO] [stdout]   85825.647 ±(99.9%) 422136.549 #/op [Average]
[INFO] [stdout]   (min, avg, max) = (59503.523, 85825.647, 102956.608), stdev = 23138.729
[INFO] [stdout]   CI (99.9%): [≈ 0, 507962.196] (assumes normal distribution)
[INFO] [stdout] 
[INFO] [stdout] Secondary result "org.weakref.nitro.tpcds.BenchmarkQueries.query72:iTLB-loads":
[INFO] [stdout]   4800630.168 ±(99.9%) 25225539.534 #/op [Average]
[INFO] [stdout]   (min, avg, max) = (3935763.422, 4800630.168, 6395326.406), stdev = 1382696.942
[INFO] [stdout]   CI (99.9%): [≈ 0, 30026169.703] (assumes normal distribution)
[INFO] [stdout] 
[INFO] [stdout] Secondary result "org.weakref.nitro.tpcds.BenchmarkQueries.query72:instructions":
[INFO] [stdout]   48299303433.441 ±(99.9%) 23875429150.027 #/op [Average]
[INFO] [stdout]   (min, avg, max) = (47492845502.837, 48299303433.441, 49809282660.971), stdev = 1308692835.740
[INFO] [stdout]   CI (99.9%): [24423874283.414, 72174732583.468] (assumes normal distribution)
[INFO] [stdout] 
[INFO] [stdout] Secondary result "org.weakref.nitro.tpcds.BenchmarkQueries.query72:stalled-cycles-frontend":
[INFO] [stdout]   1983435651.812 ±(99.9%) 3555501627.504 #/op [Average]
[INFO] [stdout]   (min, avg, max) = (1866334601.574, 1983435651.812, 2208411074.714), stdev = 194889041.706
[INFO] [stdout]   CI (99.9%): [≈ 0, 5538937279.316] (assumes normal distribution)
[INFO] [stdout] 
[INFO] [stdout] 
[INFO] [stdout] # Run complete. Total time: 00:01:09
[INFO] [stdout] 
[INFO] [stdout] REMEMBER: The numbers below are just data. To gain reusable insights, you need to follow up on
[INFO] [stdout] why the numbers are the way they are. Use profilers (see -prof, -lprof), design factorial
[INFO] [stdout] experiments, perform baseline and negative tests that provide experimental control, make sure
[INFO] [stdout] the benchmarking environment is safe on JVM/OS/HW level, ask for reviews from the domain experts.
[INFO] [stdout] Do not assume the numbers tell you what you want them to tell.
[INFO] [stdout] 
[INFO] [stdout] NOTE: Current JVM experimentally supports Compiler Blackholes, and they are in use. Please exercise
[INFO] [stdout] extra caution when trusting the results, look into the generated code to check the benchmark still
[INFO] [stdout] works, and factor in a small probability of new VM bugs. Additionally, while comparisons between
[INFO] [stdout] different JVMs are already problematic, the performance difference caused by different Blackhole
[INFO] [stdout] modes can be very significant. Please make sure you use the consistent Blackhole mode for comparisons.
[INFO] [stdout] 
[INFO] [stdout] Benchmark                                         Mode  Cnt            Score             Error      Units
[INFO] [stdout] BenchmarkQueries.query72                          avgt   12         2926.824 ±         840.958      ms/op
[INFO] [stdout] BenchmarkQueries.query72:CPI                      avgt    3            0.382 ±           0.402  clks/insn
[INFO] [stdout] BenchmarkQueries.query72:IPC                      avgt    3            2.624 ±           2.676  insns/clk
[INFO] [stdout] BenchmarkQueries.query72:L1-dcache-load-misses    avgt    3    501759917.377 ±   903779361.984       #/op
[INFO] [stdout] BenchmarkQueries.query72:L1-dcache-loads          avgt    3  20204087670.382 ± 11479104122.765       #/op
[INFO] [stdout] BenchmarkQueries.query72:L1-icache-load-misses    avgt    3     14173215.780 ±    66949049.545       #/op
[INFO] [stdout] BenchmarkQueries.query72:L1-icache-loads          avgt    3    180352927.167 ±   889316104.486       #/op
[INFO] [stdout] BenchmarkQueries.query72:branch-misses            avgt    3     32492689.203 ±    42255978.904       #/op
[INFO] [stdout] BenchmarkQueries.query72:branches                 avgt    3   9841770605.357 ±  3706071082.978       #/op
[INFO] [stdout] BenchmarkQueries.query72:cycles                   avgt    3  18463377691.046 ± 28825900474.223       #/op
[INFO] [stdout] BenchmarkQueries.query72:dTLB-load-misses         avgt    3     38962794.542 ±   152021345.898       #/op
[INFO] [stdout] BenchmarkQueries.query72:dTLB-loads               avgt    3     84588815.290 ±   130668614.706       #/op
[INFO] [stdout] BenchmarkQueries.query72:gc.alloc.rate            avgt   12         1177.264 ±         249.869     MB/sec
[INFO] [stdout] BenchmarkQueries.query72:gc.alloc.rate.norm       avgt   12   3491773930.667 ±      633015.287       B/op
[INFO] [stdout] BenchmarkQueries.query72:gc.count                 avgt   12           29.000                       counts
[INFO] [stdout] BenchmarkQueries.query72:gc.time                  avgt   12         1198.000                           ms
[INFO] [stdout] BenchmarkQueries.query72:iTLB-load-misses         avgt    3        85825.647 ±      422136.549       #/op
[INFO] [stdout] BenchmarkQueries.query72:iTLB-loads               avgt    3      4800630.168 ±    25225539.534       #/op
[INFO] [stdout] BenchmarkQueries.query72:instructions             avgt    3  48299303433.441 ± 23875429150.027       #/op
[INFO] [stdout] BenchmarkQueries.query72:stalled-cycles-frontend  avgt    3   1983435651.812 ±  3555501627.504       #/op
[INFO] [stdout] 
[INFO] [stdout] Benchmark result is saved to benchmarks/sweeps/20260717-targeted/nitro-tpcds-q72-compact-join-layouts-3fork.json
[INFO] ------------------------------------------------------------------------
[INFO] BUILD SUCCESS
[INFO] ------------------------------------------------------------------------
[INFO] Total time:  01:11 min (Wall Clock)
[INFO] Finished at: 2026-07-17T00:21:43Z
[INFO] ------------------------------------------------------------------------
[INFO] Njord session closed
