[INFO] Processing build on daemon 5b804121
[INFO] Scanning for projects...
[INFO] Njord 0.9.4 session created
[INFO] BuildTimeEventSpy is registered.
[INFO] 
[INFO] Using the SmartBuilder implementation with a thread count of 7
[INFO] 
[INFO] -------------------------< org.weakref:nitro >--------------------------
[INFO] Building nitro 1-SNAPSHOT
[INFO]   from pom.xml
[INFO] --------------------------------[ jar ]---------------------------------
[WARNING] 2 problems were encountered while building the effective model for org.apache.yetus:audience-annotations:jar:0.5.0 during dependency collection step for project (use -X to see details)
[INFO] 
[INFO] --- exec:3.6.1:exec (benchmark) @ nitro ---
[WARNING] [stderr] WARNING: Using incubator modules: jdk.incubator.vector
[WARNING] [stderr] WARNING: A terminally deprecated method in sun.misc.Unsafe has been called
[WARNING] [stderr] WARNING: sun.misc.Unsafe::objectFieldOffset has been called by org.openjdk.jmh.util.Utils (file:/root/.m2/repository/org/openjdk/jmh/jmh-core/1.37/jmh-core-1.37.jar)
[WARNING] [stderr] WARNING: Please consider reporting this to the maintainers of class org.openjdk.jmh.util.Utils
[WARNING] [stderr] WARNING: sun.misc.Unsafe::objectFieldOffset will be removed in a future release
[INFO] [stdout] # JMH version: 1.37
[INFO] [stdout] # VM version: JDK 26.0.1, OpenJDK 64-Bit Server VM, 26.0.1+8
[INFO] [stdout] # VM invoker: /opt/java/openjdk/bin/java
[INFO] [stdout] # VM options: --enable-preview --add-modules=jdk.incubator.vector -Dnitro.clickbench.hits.path= -Xmx12g -XX:+UseTransparentHugePages -Dnitro.tpch.parquet.path=/root/data/tpch-parquet-sf10 -Dnitro.tpch.parquet.schema=sf10 -Dnitro.membership.adaptiveLong=false
[INFO] [stdout] # Blackhole mode: compiler (auto-detected, use -Djmh.blackhole.autoDetect=false to disable)
[INFO] [stdout] # Warmup: 2 iterations, 1 s each
[INFO] [stdout] # Measurement: 5 iterations, 1 s each
[INFO] [stdout] # Timeout: 30 min per iteration
[INFO] [stdout] # Threads: 1 thread, will synchronize iterations
[INFO] [stdout] # Benchmark mode: Average time, time/op
[INFO] [stdout] # Benchmark: org.weakref.nitro.tpch.BenchmarkQueries.query04
[INFO] [stdout] 
[INFO] [stdout] # Run progress: 0.00% complete, ETA 00:00:07
[INFO] [stdout] # Fork: 1 of 1
[INFO] [stdout] # Preparing profilers: LinuxPerfNormProfiler 
[INFO] [stdout] # Profilers consume stderr from target VM, use -v EXTRA to copy to console
[INFO] [stdout] # Warmup Iteration   1: 1987.622 ms/op
[INFO] [stdout] # Warmup Iteration   2: 1612.227 ms/op
[INFO] [stdout] Iteration   1: 1575.323 ms/op
[INFO] [stdout]                  gc.alloc.rate:      591.306 MB/sec
[INFO] [stdout]                  gc.alloc.rate.norm: 977032648.000 B/op
[INFO] [stdout]                  gc.count:           1.000 counts
[INFO] [stdout]                  gc.time:            2.000 ms
[INFO] [stdout] 
[INFO] [stdout] Iteration   2: 1575.727 ms/op
[INFO] [stdout]                  gc.alloc.rate:      587.771 MB/sec
[INFO] [stdout]                  gc.alloc.rate.norm: 971247632.000 B/op
[INFO] [stdout]                  gc.count:           1.000 counts
[INFO] [stdout]                  gc.time:            4.000 ms
[INFO] [stdout] 
[INFO] [stdout] Iteration   3: 1561.894 ms/op
[INFO] [stdout]                  gc.alloc.rate:      592.859 MB/sec
[INFO] [stdout]                  gc.alloc.rate.norm: 971040248.000 B/op
[INFO] [stdout]                  gc.count:           4.000 counts
[INFO] [stdout]                  gc.time:            2.000 ms
[INFO] [stdout] 
[INFO] [stdout] Iteration   4: 1561.113 ms/op
[INFO] [stdout]                  gc.alloc.rate:      593.159 MB/sec
[INFO] [stdout]                  gc.alloc.rate.norm: 971040320.000 B/op
[INFO] [stdout]                  gc.count:           ≈ 0 counts
[INFO] [stdout] 
[INFO] [stdout] Iteration   5: 1567.971 ms/op
[INFO] [stdout]                  gc.alloc.rate:      590.559 MB/sec
[INFO] [stdout]                  gc.alloc.rate.norm: 971023568.000 B/op
[INFO] [stdout]                  gc.count:           1.000 counts
[INFO] [stdout]                  gc.time:            3.000 ms
[INFO] [stdout] 
[INFO] [stdout] # Processing profiler results: LinuxPerfNormProfiler 
[INFO] [stdout] 
[INFO] [stdout] 
[INFO] [stdout] Result "org.weakref.nitro.tpch.BenchmarkQueries.query04":
[INFO] [stdout]   1568.406 ±(99.9%) 27.040 ms/op [Average]
[INFO] [stdout]   (min, avg, max) = (1561.113, 1568.406, 1575.727), stdev = 7.022
[INFO] [stdout]   CI (99.9%): [1541.366, 1595.445] (assumes normal distribution)
[INFO] [stdout] 
[INFO] [stdout] Secondary result "org.weakref.nitro.tpch.BenchmarkQueries.query04:CPI":
[INFO] [stdout]   0.546 clks/insn
[INFO] [stdout] 
[INFO] [stdout] Secondary result "org.weakref.nitro.tpch.BenchmarkQueries.query04:IPC":
[INFO] [stdout]   1.833 insns/clk
[INFO] [stdout] 
[INFO] [stdout] Secondary result "org.weakref.nitro.tpch.BenchmarkQueries.query04:L1-dcache-load-misses":
[INFO] [stdout]   342634391.224 #/op
[INFO] [stdout] 
[INFO] [stdout] Secondary result "org.weakref.nitro.tpch.BenchmarkQueries.query04:L1-dcache-loads":
[INFO] [stdout]   11347831573.750 #/op
[INFO] [stdout] 
[INFO] [stdout] Secondary result "org.weakref.nitro.tpch.BenchmarkQueries.query04:L1-icache-load-misses":
[INFO] [stdout]   5884976.431 #/op
[INFO] [stdout] 
[INFO] [stdout] Secondary result "org.weakref.nitro.tpch.BenchmarkQueries.query04:L1-icache-loads":
[INFO] [stdout]   77227162.585 #/op
[INFO] [stdout] 
[INFO] [stdout] Secondary result "org.weakref.nitro.tpch.BenchmarkQueries.query04:branch-misses":
[INFO] [stdout]   82950026.350 #/op
[INFO] [stdout] 
[INFO] [stdout] Secondary result "org.weakref.nitro.tpch.BenchmarkQueries.query04:branches":
[INFO] [stdout]   3080330923.905 #/op
[INFO] [stdout] 
[INFO] [stdout] Secondary result "org.weakref.nitro.tpch.BenchmarkQueries.query04:cycles":
[INFO] [stdout]   8733100557.778 #/op
[INFO] [stdout] 
[INFO] [stdout] Secondary result "org.weakref.nitro.tpch.BenchmarkQueries.query04:dTLB-load-misses":
[INFO] [stdout]   222932.067 #/op
[INFO] [stdout] 
[INFO] [stdout] Secondary result "org.weakref.nitro.tpch.BenchmarkQueries.query04:dTLB-loads":
[INFO] [stdout]   10773490.121 #/op
[INFO] [stdout] 
[INFO] [stdout] Secondary result "org.weakref.nitro.tpch.BenchmarkQueries.query04:gc.alloc.rate":
[INFO] [stdout]   591.131 ±(99.9%) 8.335 MB/sec [Average]
[INFO] [stdout]   (min, avg, max) = (587.771, 591.131, 593.159), stdev = 2.165
[INFO] [stdout]   CI (99.9%): [582.796, 599.466] (assumes normal distribution)
[INFO] [stdout] 
[INFO] [stdout] Secondary result "org.weakref.nitro.tpch.BenchmarkQueries.query04:gc.alloc.rate.norm":
[INFO] [stdout]   972276883.200 ±(99.9%) 10243330.060 B/op [Average]
[INFO] [stdout]   (min, avg, max) = (971023568.000, 972276883.200, 977032648.000), stdev = 2660160.288
[INFO] [stdout]   CI (99.9%): [962033553.140, 982520213.260] (assumes normal distribution)
[INFO] [stdout] 
[INFO] [stdout] Secondary result "org.weakref.nitro.tpch.BenchmarkQueries.query04:gc.count":
[INFO] [stdout]   7.000 ±(99.9%) 0.001 counts [Sum]
[INFO] [stdout]   (min, avg, max) = (≈ 0, 1.400, 4.000), stdev = 1.517
[INFO] [stdout]   CI (99.9%): [7.000, 7.000] (assumes normal distribution)
[INFO] [stdout] 
[INFO] [stdout] Secondary result "org.weakref.nitro.tpch.BenchmarkQueries.query04:gc.time":
[INFO] [stdout]   11.000 ±(99.9%) 0.001 ms [Sum]
[INFO] [stdout]   (min, avg, max) = (≈ 0, 2.200, 4.000), stdev = 1.483
[INFO] [stdout]   CI (99.9%): [11.000, 11.000] (assumes normal distribution)
[INFO] [stdout] 
[INFO] [stdout] Secondary result "org.weakref.nitro.tpch.BenchmarkQueries.query04:iTLB-load-misses":
[INFO] [stdout]   35144.092 #/op
[INFO] [stdout] 
[INFO] [stdout] Secondary result "org.weakref.nitro.tpch.BenchmarkQueries.query04:iTLB-loads":
[INFO] [stdout]   2077616.948 #/op
[INFO] [stdout] 
[INFO] [stdout] Secondary result "org.weakref.nitro.tpch.BenchmarkQueries.query04:instructions":
[INFO] [stdout]   16004155068.429 #/op
[INFO] [stdout] 
[INFO] [stdout] Secondary result "org.weakref.nitro.tpch.BenchmarkQueries.query04:stalled-cycles-frontend":
[INFO] [stdout]   1726958441.914 #/op
[INFO] [stdout] 
[INFO] [stdout] 
[INFO] [stdout] # Run complete. Total time: 00:00:11
[INFO] [stdout] 
[INFO] [stdout] REMEMBER: The numbers below are just data. To gain reusable insights, you need to follow up on
[INFO] [stdout] why the numbers are the way they are. Use profilers (see -prof, -lprof), design factorial
[INFO] [stdout] experiments, perform baseline and negative tests that provide experimental control, make sure
[INFO] [stdout] the benchmarking environment is safe on JVM/OS/HW level, ask for reviews from the domain experts.
[INFO] [stdout] Do not assume the numbers tell you what you want them to tell.
[INFO] [stdout] 
[INFO] [stdout] NOTE: Current JVM experimentally supports Compiler Blackholes, and they are in use. Please exercise
[INFO] [stdout] extra caution when trusting the results, look into the generated code to check the benchmark still
[INFO] [stdout] works, and factor in a small probability of new VM bugs. Additionally, while comparisons between
[INFO] [stdout] different JVMs are already problematic, the performance difference caused by different Blackhole
[INFO] [stdout] modes can be very significant. Please make sure you use the consistent Blackhole mode for comparisons.
[INFO] [stdout] 
[INFO] [stdout] Benchmark                                         Mode  Cnt            Score          Error      Units
[INFO] [stdout] BenchmarkQueries.query04                          avgt    5         1568.406 ±       27.040      ms/op
[INFO] [stdout] BenchmarkQueries.query04:CPI                      avgt                 0.546                 clks/insn
[INFO] [stdout] BenchmarkQueries.query04:IPC                      avgt                 1.833                 insns/clk
[INFO] [stdout] BenchmarkQueries.query04:L1-dcache-load-misses    avgt         342634391.224                      #/op
[INFO] [stdout] BenchmarkQueries.query04:L1-dcache-loads          avgt       11347831573.750                      #/op
[INFO] [stdout] BenchmarkQueries.query04:L1-icache-load-misses    avgt           5884976.431                      #/op
[INFO] [stdout] BenchmarkQueries.query04:L1-icache-loads          avgt          77227162.585                      #/op
[INFO] [stdout] BenchmarkQueries.query04:branch-misses            avgt          82950026.350                      #/op
[INFO] [stdout] BenchmarkQueries.query04:branches                 avgt        3080330923.905                      #/op
[INFO] [stdout] BenchmarkQueries.query04:cycles                   avgt        8733100557.778                      #/op
[INFO] [stdout] BenchmarkQueries.query04:dTLB-load-misses         avgt            222932.067                      #/op
[INFO] [stdout] BenchmarkQueries.query04:dTLB-loads               avgt          10773490.121                      #/op
[INFO] [stdout] BenchmarkQueries.query04:gc.alloc.rate            avgt    5          591.131 ±        8.335     MB/sec
[INFO] [stdout] BenchmarkQueries.query04:gc.alloc.rate.norm       avgt    5    972276883.200 ± 10243330.060       B/op
[INFO] [stdout] BenchmarkQueries.query04:gc.count                 avgt    5            7.000                    counts
[INFO] [stdout] BenchmarkQueries.query04:gc.time                  avgt    5           11.000                        ms
[INFO] [stdout] BenchmarkQueries.query04:iTLB-load-misses         avgt             35144.092                      #/op
[INFO] [stdout] BenchmarkQueries.query04:iTLB-loads               avgt           2077616.948                      #/op
[INFO] [stdout] BenchmarkQueries.query04:instructions             avgt       16004155068.429                      #/op
[INFO] [stdout] BenchmarkQueries.query04:stalled-cycles-frontend  avgt        1726958441.914                      #/op
[INFO] [stdout] 
[INFO] [stdout] Benchmark result is saved to benchmarks/sweeps/20260717-targeted/nitro-tpch-q04-membership-admission-off.json
[INFO] ------------------------------------------------------------------------
[INFO] BUILD SUCCESS
[INFO] ------------------------------------------------------------------------
[INFO] Total time:  12.484 s (Wall Clock)
[INFO] Finished at: 2026-07-17T09:17:19Z
[INFO] ------------------------------------------------------------------------
[INFO] Njord session closed
