WARNING: Using incubator modules: jdk.incubator.vector
WARNING: A restricted method in java.lang.foreign.SymbolLookup has been called
WARNING: java.lang.foreign.SymbolLookup::libraryLookup has been called by io.airlift.compress.v3.internal.NativeLoader in an unnamed module (file:/root/.m2/repository/io/airlift/aircompressor-v3/3.4/aircompressor-v3-3.4.jar)
WARNING: Use --enable-native-access=ALL-UNNAMED to avoid a warning for callers in this module
WARNING: Restricted methods will be blocked in a future release unless native access is enabled

query22: 1 iters, 1215.9 ms/iter, rows-sink=1200
Operator CPU profile (thread CPU time)
Operator                           Type                         cpu_ms    share     alloc_mb alloc_kb/batch steady_kb/batch  batches         rows
q22.topn                           TopNOperator               1212.322   13.24%      133.475     136678.281     136678.281        1          100
  next=1202.794  borrow=  0.325  take=  0.000  constrain=  0.000  close=  9.176  alloc[next= 133.186 borrow=   0.202 take=   0.000 constrain=   0.000 close=   0.087] MB
q22.project.output                 ProjectOperator            1171.910   12.80%      128.890     131983.273     131983.273        1       203751
  next=1110.900  borrow= 23.506  take=  0.000  constrain=  0.000  close=  8.955  alloc[next= 102.432 borrow=  26.353 take=   0.000 constrain=   0.000 close=   0.032] MB
q22.group.rollup                   GroupedAggregationOperator   1141.059   12.47%      123.642     126609.164     126609.164        1       203751
  next=1110.873  borrow= 20.735  take=  0.000  constrain=  0.000  close=  8.929  alloc[next= 102.429 borrow=  21.183 take=   0.000 constrain=   0.000 close=   0.030] MB
q22.group_id                       GroupIdOperator            1091.247   11.92%       78.715       2686.800       2686.800       30       255000
  next=  0.050  borrow=  0.066  take=  0.000  constrain=  0.000  close=  8.855  alloc[next=   0.000 borrow=   0.000 take=   0.000 constrain=   0.000 close=   0.022] MB
q22.project.rollup_source          ProjectOperator            1087.223   11.88%       67.239       9836.134       9836.134        7        51000
  next=1077.369  borrow=  0.914  take=  0.000  constrain=  0.000  close=  8.933  alloc[next=  66.569 borrow=   0.655 take=   0.000 constrain=   0.000 close=   0.015] MB
q22.join.item                      HashJoinOperator           1087.022   11.87%       67.219       9833.179       9833.179        7        51000
  next=1077.278  borrow=  0.878  take=  0.000  constrain=  0.000  close=  8.862  alloc[next=  66.551 borrow=   0.655 take=   0.000 constrain=   0.000 close=   0.013] MB
q22.group.by_item                  GroupedAggregationOperator   1062.734   11.61%       31.206      31955.211      31955.211        1        51000
  next=1051.227  borrow=  2.814  take=  0.000  constrain=  0.003  close=  8.686  alloc[next=  28.773 borrow=   2.428 take=   0.000 constrain=   0.000 close=   0.005] MB
q22.join.date_dim                  HashJoinOperator            672.354    7.34%       16.445          6.338          6.338     2657     26520000
  next=654.316  borrow=  6.271  take=  0.000  constrain=  0.000  close= 10.740  alloc[next=  15.019 borrow=   0.550 take=   0.000 constrain=   0.000 close=   0.875] MB
q22.scan.inventory                 NitroParquetScanOperator    628.155    6.86%        5.428          2.093          2.093     2656     26520000
  next= 19.641  borrow=  2.661  take=  0.000  constrain=  0.000  close= 11.365  alloc[next=   1.667 borrow=   0.000 take=   0.000 constrain=   0.000 close=   1.420] MB
Total attributed cpu_ms: 9154.025

