[INFO] Processing build on daemon c260af31
[INFO] Scanning for projects...
[INFO] Njord 0.9.4 session created
[INFO] BuildTimeEventSpy is registered.
[INFO] 
[INFO] Using the SmartBuilder implementation with a thread count of 7
[INFO] 
[INFO] -------------------------< org.weakref:nitro >--------------------------
[INFO] Building nitro 1-SNAPSHOT
[INFO]   from pom.xml
[INFO] --------------------------------[ jar ]---------------------------------
[WARNING] 2 problems were encountered while building the effective model for org.apache.yetus:audience-annotations:jar:0.5.0 during dependency collection step for project (use -X to see details)
[INFO] 
[INFO] --- exec:3.6.1:exec (benchmark) @ nitro ---
[WARNING] [stderr] WARNING: Using incubator modules: jdk.incubator.vector
[WARNING] [stderr] WARNING: A terminally deprecated method in sun.misc.Unsafe has been called
[WARNING] [stderr] WARNING: sun.misc.Unsafe::objectFieldOffset has been called by org.openjdk.jmh.util.Utils (file:/root/.m2/repository/org/openjdk/jmh/jmh-core/1.37/jmh-core-1.37.jar)
[WARNING] [stderr] WARNING: Please consider reporting this to the maintainers of class org.openjdk.jmh.util.Utils
[WARNING] [stderr] WARNING: sun.misc.Unsafe::objectFieldOffset will be removed in a future release
[INFO] [stdout] # JMH version: 1.37
[INFO] [stdout] # VM version: JDK 26.0.1, OpenJDK 64-Bit Server VM, 26.0.1+8
[INFO] [stdout] # VM invoker: /opt/java/openjdk/bin/java
[INFO] [stdout] # VM options: --enable-preview --add-modules=jdk.incubator.vector -Dnitro.clickbench.hits.path= -Xmx12g -XX:+UseTransparentHugePages -Dnitro.tpch.parquet.path=/root/data/tpch-parquet-sf10 -Dnitro.tpch.parquet.schema=sf10 -Dnitro.hash.join.pruneZeroBitwiseOverlapBuildRows=false -Dnitro.hash.join.pruneZeroBitwiseOverlapProbeRows=true
[INFO] [stdout] # Blackhole mode: compiler (auto-detected, use -Djmh.blackhole.autoDetect=false to disable)
[INFO] [stdout] # Warmup: 5 iterations, 1 s each
[INFO] [stdout] # Measurement: 3 iterations, 1 s each
[INFO] [stdout] # Timeout: 30 min per iteration
[INFO] [stdout] # Threads: 1 thread, will synchronize iterations
[INFO] [stdout] # Benchmark mode: Average time, time/op
[INFO] [stdout] # Benchmark: org.weakref.nitro.tpch.BenchmarkQueries.query19
[INFO] [stdout] 
[INFO] [stdout] # Run progress: 0.00% complete, ETA 00:00:08
[INFO] [stdout] # Fork: 1 of 1
[INFO] [stdout] # Preparing profilers: LinuxPerfNormProfiler 
[INFO] [stdout] # Profilers consume stderr from target VM, use -v EXTRA to copy to console
[INFO] [stdout] # Warmup Iteration   1: 2486.396 ms/op
[INFO] [stdout] # Warmup Iteration   2: 1459.011 ms/op
[INFO] [stdout] # Warmup Iteration   3: 1358.640 ms/op
[INFO] [stdout] # Warmup Iteration   4: 1367.652 ms/op
[INFO] [stdout] # Warmup Iteration   5: 1363.682 ms/op
[INFO] [stdout] Iteration   1: 1311.734 ms/op
[INFO] [stdout]                  gc.alloc.rate:      789.791 MB/sec
[INFO] [stdout]                  gc.alloc.rate.norm: 1086424384.000 B/op
[INFO] [stdout]                  gc.count:           1.000 counts
[INFO] [stdout]                  gc.time:            19.000 ms
[INFO] [stdout] 
[INFO] [stdout] Iteration   2: 1475.902 ms/op
[INFO] [stdout]                  gc.alloc.rate:      702.555 MB/sec
[INFO] [stdout]                  gc.alloc.rate.norm: 1087358992.000 B/op
[INFO] [stdout]                  gc.count:           2.000 counts
[INFO] [stdout]                  gc.time:            149.000 ms
[INFO] [stdout] 
[INFO] [stdout] Iteration   3: 1744.648 ms/op
[INFO] [stdout]                  gc.alloc.rate:      594.232 MB/sec
[INFO] [stdout]                  gc.alloc.rate.norm: 1087175864.000 B/op
[INFO] [stdout]                  gc.count:           4.000 counts
[INFO] [stdout]                  gc.time:            95.000 ms
[INFO] [stdout] 
[INFO] [stdout] # Processing profiler results: LinuxPerfNormProfiler 
[INFO] [stdout] 
[INFO] [stdout] 
[INFO] [stdout] Result "org.weakref.nitro.tpch.BenchmarkQueries.query19":
[INFO] [stdout]   1510.761 ±(99.9%) 3987.199 ms/op [Average]
[INFO] [stdout]   (min, avg, max) = (1311.734, 1510.761, 1744.648), stdev = 218.552
[INFO] [stdout]   CI (99.9%): [≈ 0, 5497.960] (assumes normal distribution)
[INFO] [stdout] 
[INFO] [stdout] Secondary result "org.weakref.nitro.tpch.BenchmarkQueries.query19:CPI":
[INFO] [stdout]   0.392 clks/insn
[INFO] [stdout] 
[INFO] [stdout] Secondary result "org.weakref.nitro.tpch.BenchmarkQueries.query19:IPC":
[INFO] [stdout]   2.552 insns/clk
[INFO] [stdout] 
[INFO] [stdout] Secondary result "org.weakref.nitro.tpch.BenchmarkQueries.query19:L1-dcache-load-misses":
[INFO] [stdout]   376847724.822 #/op
[INFO] [stdout] 
[INFO] [stdout] Secondary result "org.weakref.nitro.tpch.BenchmarkQueries.query19:L1-dcache-loads":
[INFO] [stdout]   11942950087.938 #/op
[INFO] [stdout] 
[INFO] [stdout] Secondary result "org.weakref.nitro.tpch.BenchmarkQueries.query19:branch-misses":
[INFO] [stdout]   31174244.837 #/op
[INFO] [stdout] 
[INFO] [stdout] Secondary result "org.weakref.nitro.tpch.BenchmarkQueries.query19:branches":
[INFO] [stdout]   5706364316.535 #/op
[INFO] [stdout] 
[INFO] [stdout] Secondary result "org.weakref.nitro.tpch.BenchmarkQueries.query19:cycles":
[INFO] [stdout]   10519526740.060 #/op
[INFO] [stdout] 
[INFO] [stdout] Secondary result "org.weakref.nitro.tpch.BenchmarkQueries.query19:dTLB-load-misses":
[INFO] [stdout]   1064168.893 #/op
[INFO] [stdout] 
[INFO] [stdout] Secondary result "org.weakref.nitro.tpch.BenchmarkQueries.query19:dTLB-loads":
[INFO] [stdout]   5569761.657 #/op
[INFO] [stdout] 
[INFO] [stdout] Secondary result "org.weakref.nitro.tpch.BenchmarkQueries.query19:gc.alloc.rate":
[INFO] [stdout]   695.526 ±(99.9%) 1787.311 MB/sec [Average]
[INFO] [stdout]   (min, avg, max) = (594.232, 695.526, 789.791), stdev = 97.969
[INFO] [stdout]   CI (99.9%): [≈ 0, 2482.837] (assumes normal distribution)
[INFO] [stdout] 
[INFO] [stdout] Secondary result "org.weakref.nitro.tpch.BenchmarkQueries.query19:gc.alloc.rate.norm":
[INFO] [stdout]   1086986413.333 ±(99.9%) 9035556.034 B/op [Average]
[INFO] [stdout]   (min, avg, max) = (1086424384.000, 1086986413.333, 1087358992.000), stdev = 495269.315
[INFO] [stdout]   CI (99.9%): [1077950857.299, 1096021969.368] (assumes normal distribution)
[INFO] [stdout] 
[INFO] [stdout] Secondary result "org.weakref.nitro.tpch.BenchmarkQueries.query19:gc.count":
[INFO] [stdout]   7.000 ±(99.9%) 0.001 counts [Sum]
[INFO] [stdout]   (min, avg, max) = (1.000, 2.333, 4.000), stdev = 1.528
[INFO] [stdout]   CI (99.9%): [7.000, 7.000] (assumes normal distribution)
[INFO] [stdout] 
[INFO] [stdout] Secondary result "org.weakref.nitro.tpch.BenchmarkQueries.query19:gc.time":
[INFO] [stdout]   263.000 ±(99.9%) 0.001 ms [Sum]
[INFO] [stdout]   (min, avg, max) = (19.000, 87.667, 149.000), stdev = 65.310
[INFO] [stdout]   CI (99.9%): [263.000, 263.000] (assumes normal distribution)
[INFO] [stdout] 
[INFO] [stdout] Secondary result "org.weakref.nitro.tpch.BenchmarkQueries.query19:instructions":
[INFO] [stdout]   26844118575.207 #/op
[INFO] [stdout] 
[INFO] [stdout] 
[INFO] [stdout] # Run complete. Total time: 00:00:12
[INFO] [stdout] 
[INFO] [stdout] REMEMBER: The numbers below are just data. To gain reusable insights, you need to follow up on
[INFO] [stdout] why the numbers are the way they are. Use profilers (see -prof, -lprof), design factorial
[INFO] [stdout] experiments, perform baseline and negative tests that provide experimental control, make sure
[INFO] [stdout] the benchmarking environment is safe on JVM/OS/HW level, ask for reviews from the domain experts.
[INFO] [stdout] Do not assume the numbers tell you what you want them to tell.
[INFO] [stdout] 
[INFO] [stdout] NOTE: Current JVM experimentally supports Compiler Blackholes, and they are in use. Please exercise
[INFO] [stdout] extra caution when trusting the results, look into the generated code to check the benchmark still
[INFO] [stdout] works, and factor in a small probability of new VM bugs. Additionally, while comparisons between
[INFO] [stdout] different JVMs are already problematic, the performance difference caused by different Blackhole
[INFO] [stdout] modes can be very significant. Please make sure you use the consistent Blackhole mode for comparisons.
[INFO] [stdout] 
[INFO] [stdout] Benchmark                                       Mode  Cnt            Score         Error      Units
[INFO] [stdout] BenchmarkQueries.query19                        avgt    3         1510.761 ±    3987.199      ms/op
[INFO] [stdout] BenchmarkQueries.query19:CPI                    avgt                 0.392                clks/insn
[INFO] [stdout] BenchmarkQueries.query19:IPC                    avgt                 2.552                insns/clk
[INFO] [stdout] BenchmarkQueries.query19:L1-dcache-load-misses  avgt         376847724.822                     #/op
[INFO] [stdout] BenchmarkQueries.query19:L1-dcache-loads        avgt       11942950087.938                     #/op
[INFO] [stdout] BenchmarkQueries.query19:branch-misses          avgt          31174244.837                     #/op
[INFO] [stdout] BenchmarkQueries.query19:branches               avgt        5706364316.535                     #/op
[INFO] [stdout] BenchmarkQueries.query19:cycles                 avgt       10519526740.060                     #/op
[INFO] [stdout] BenchmarkQueries.query19:dTLB-load-misses       avgt           1064168.893                     #/op
[INFO] [stdout] BenchmarkQueries.query19:dTLB-loads             avgt           5569761.657                     #/op
[INFO] [stdout] BenchmarkQueries.query19:gc.alloc.rate          avgt    3          695.526 ±    1787.311     MB/sec
[INFO] [stdout] BenchmarkQueries.query19:gc.alloc.rate.norm     avgt    3   1086986413.333 ± 9035556.034       B/op
[INFO] [stdout] BenchmarkQueries.query19:gc.count               avgt    3            7.000                   counts
[INFO] [stdout] BenchmarkQueries.query19:gc.time                avgt    3          263.000                       ms
[INFO] [stdout] BenchmarkQueries.query19:instructions           avgt       26844118575.207                     #/op
[INFO] [stdout] 
[INFO] [stdout] Benchmark result is saved to benchmarks/sweeps/20260717-targeted/nitro-tpch-q19-zero-overlap-probe-only.json
[INFO] ------------------------------------------------------------------------
[INFO] BUILD SUCCESS
[INFO] ------------------------------------------------------------------------
[INFO] Total time:  13.380 s (Wall Clock)
[INFO] Finished at: 2026-07-17T10:38:35Z
[INFO] ------------------------------------------------------------------------
[INFO] Njord session closed
