WARNING: Using incubator modules: jdk.incubator.vector
WARNING: A terminally deprecated method in sun.misc.Unsafe has been called
WARNING: sun.misc.Unsafe::objectFieldOffset has been called by org.openjdk.jmh.util.Utils (file:/root/.m2/repository/org/openjdk/jmh/jmh-core/1.37/jmh-core-1.37.jar)
WARNING: Please consider reporting this to the maintainers of class org.openjdk.jmh.util.Utils
WARNING: sun.misc.Unsafe::objectFieldOffset will be removed in a future release
# JMH version: 1.37
# VM version: JDK 26.0.1, OpenJDK 64-Bit Server VM, 26.0.1+8
# VM invoker: /opt/java/openjdk/bin/java
# VM options: --enable-preview --add-modules=jdk.incubator.vector --enable-native-access=ALL-UNNAMED -Xmx12g -XX:+UseTransparentHugePages -Dnitro.tpcds.parquet.path=/root/data/tpcds-parquet-sf10 -Dnitro.tpcds.parquet.schema=sf10
# Blackhole mode: compiler (auto-detected, use -Djmh.blackhole.autoDetect=false to disable)
# Warmup: 2 iterations, 1 s each
# Measurement: 3 iterations, 1 s each
# Timeout: 30 min per iteration
# Threads: 1 thread, will synchronize iterations
# Benchmark mode: Average time, time/op
# Benchmark: org.weakref.nitro.tpcds.BenchmarkQueries.query39

# Run progress: 0.00% complete, ETA 00:00:05
# Fork: 1 of 1
# Preparing profilers: LinuxPerfNormProfiler 
# Profilers consume stderr from target VM, use -v EXTRA to copy to console
# Warmup Iteration   1: 1216.413 ms/op
# Warmup Iteration   2: 787.318 ms/op
Iteration   1: 762.437 ms/op
                 gc.alloc.rate:      713.762 MB/sec
                 gc.alloc.rate.norm: 570685820.000 B/op
                 gc.count:           ≈ 0 counts

Iteration   2: 906.872 ms/op
                 gc.alloc.rate:      599.468 MB/sec
                 gc.alloc.rate.norm: 570089500.000 B/op
                 gc.count:           1.000 counts
                 gc.time:            106.000 ms

Iteration   3: 761.169 ms/op
                 gc.alloc.rate:      714.070 MB/sec
                 gc.alloc.rate.norm: 569975816.000 B/op
                 gc.count:           1.000 counts
                 gc.time:            22.000 ms

# Processing profiler results: LinuxPerfNormProfiler 


Result "org.weakref.nitro.tpcds.BenchmarkQueries.query39":
  810.159 ±(99.9%) 1528.064 ms/op [Average]
  (min, avg, max) = (761.169, 810.159, 906.872), stdev = 83.758
  CI (99.9%): [≈ 0, 2338.223] (assumes normal distribution)

Secondary result "org.weakref.nitro.tpcds.BenchmarkQueries.query39:CPI":
  0.314 clks/insn

Secondary result "org.weakref.nitro.tpcds.BenchmarkQueries.query39:IPC":
  3.187 insns/clk

Secondary result "org.weakref.nitro.tpcds.BenchmarkQueries.query39:L1-dcache-load-misses":
  118857944.199 #/op

Secondary result "org.weakref.nitro.tpcds.BenchmarkQueries.query39:L1-dcache-loads":
  7279473783.736 #/op

Secondary result "org.weakref.nitro.tpcds.BenchmarkQueries.query39:L1-icache-load-misses":
  3625329.746 #/op

Secondary result "org.weakref.nitro.tpcds.BenchmarkQueries.query39:L1-icache-loads":
  46610048.551 #/op

Secondary result "org.weakref.nitro.tpcds.BenchmarkQueries.query39:branch-misses":
  14047858.049 #/op

Secondary result "org.weakref.nitro.tpcds.BenchmarkQueries.query39:branches":
  3238706121.287 #/op

Secondary result "org.weakref.nitro.tpcds.BenchmarkQueries.query39:cycles":
  5065574211.284 #/op

Secondary result "org.weakref.nitro.tpcds.BenchmarkQueries.query39:dTLB-load-misses":
  466644.229 #/op

Secondary result "org.weakref.nitro.tpcds.BenchmarkQueries.query39:dTLB-loads":
  2962018.837 #/op

Secondary result "org.weakref.nitro.tpcds.BenchmarkQueries.query39:gc.alloc.rate":
  675.767 ±(99.9%) 1205.487 MB/sec [Average]
  (min, avg, max) = (599.468, 675.767, 714.070), stdev = 66.077
  CI (99.9%): [≈ 0, 1881.254] (assumes normal distribution)

Secondary result "org.weakref.nitro.tpcds.BenchmarkQueries.query39:gc.alloc.rate.norm":
  570250378.667 ±(99.9%) 6957484.186 B/op [Average]
  (min, avg, max) = (569975816.000, 570250378.667, 570685820.000), stdev = 381363.185
  CI (99.9%): [563292894.480, 577207862.853] (assumes normal distribution)

Secondary result "org.weakref.nitro.tpcds.BenchmarkQueries.query39:gc.count":
  2.000 ±(99.9%) 0.001 counts [Sum]
  (min, avg, max) = (≈ 0, 0.667, 1.000), stdev = 0.577
  CI (99.9%): [2.000, 2.000] (assumes normal distribution)

Secondary result "org.weakref.nitro.tpcds.BenchmarkQueries.query39:gc.time":
  128.000 ±(99.9%) 0.001 ms [Sum]
  (min, avg, max) = (≈ 0, 42.667, 106.000), stdev = 55.940
  CI (99.9%): [128.000, 128.000] (assumes normal distribution)

Secondary result "org.weakref.nitro.tpcds.BenchmarkQueries.query39:iTLB-load-misses":
  64063.266 #/op

Secondary result "org.weakref.nitro.tpcds.BenchmarkQueries.query39:iTLB-loads":
  1695727.367 #/op

Secondary result "org.weakref.nitro.tpcds.BenchmarkQueries.query39:instructions":
  16143378010.381 #/op

Secondary result "org.weakref.nitro.tpcds.BenchmarkQueries.query39:stalled-cycles-frontend":
  788352097.186 #/op


# Run complete. Total time: 00:00:07

REMEMBER: The numbers below are just data. To gain reusable insights, you need to follow up on
why the numbers are the way they are. Use profilers (see -prof, -lprof), design factorial
experiments, perform baseline and negative tests that provide experimental control, make sure
the benchmarking environment is safe on JVM/OS/HW level, ask for reviews from the domain experts.
Do not assume the numbers tell you what you want them to tell.

NOTE: Current JVM experimentally supports Compiler Blackholes, and they are in use. Please exercise
extra caution when trusting the results, look into the generated code to check the benchmark still
works, and factor in a small probability of new VM bugs. Additionally, while comparisons between
different JVMs are already problematic, the performance difference caused by different Blackhole
modes can be very significant. Please make sure you use the consistent Blackhole mode for comparisons.

Benchmark                                         Mode  Cnt            Score         Error      Units
BenchmarkQueries.query39                          avgt    3          810.159 ±    1528.064      ms/op
BenchmarkQueries.query39:CPI                      avgt                 0.314                clks/insn
BenchmarkQueries.query39:IPC                      avgt                 3.187                insns/clk
BenchmarkQueries.query39:L1-dcache-load-misses    avgt         118857944.199                     #/op
BenchmarkQueries.query39:L1-dcache-loads          avgt        7279473783.736                     #/op
BenchmarkQueries.query39:L1-icache-load-misses    avgt           3625329.746                     #/op
BenchmarkQueries.query39:L1-icache-loads          avgt          46610048.551                     #/op
BenchmarkQueries.query39:branch-misses            avgt          14047858.049                     #/op
BenchmarkQueries.query39:branches                 avgt        3238706121.287                     #/op
BenchmarkQueries.query39:cycles                   avgt        5065574211.284                     #/op
BenchmarkQueries.query39:dTLB-load-misses         avgt            466644.229                     #/op
BenchmarkQueries.query39:dTLB-loads               avgt           2962018.837                     #/op
BenchmarkQueries.query39:gc.alloc.rate            avgt    3          675.767 ±    1205.487     MB/sec
BenchmarkQueries.query39:gc.alloc.rate.norm       avgt    3    570250378.667 ± 6957484.186       B/op
BenchmarkQueries.query39:gc.count                 avgt    3            2.000                   counts
BenchmarkQueries.query39:gc.time                  avgt    3          128.000                       ms
BenchmarkQueries.query39:iTLB-load-misses         avgt             64063.266                     #/op
BenchmarkQueries.query39:iTLB-loads               avgt           1695727.367                     #/op
BenchmarkQueries.query39:instructions             avgt       16143378010.381                     #/op
BenchmarkQueries.query39:stalled-cycles-frontend  avgt         788352097.186                     #/op

Benchmark result is saved to benchmarks/sweeps/20260717-targeted/nitro-tpcds-q39-min256-guard.json
