[INFO] Processing build on daemon e90ae550
[INFO] Scanning for projects...
[INFO] Njord 0.9.4 session created
[INFO] BuildTimeEventSpy is registered.
[INFO] 
[INFO] Using the SmartBuilder implementation with a thread count of 7
[INFO] 
[INFO] -------------------------< org.weakref:nitro >--------------------------
[INFO] Building nitro 1-SNAPSHOT
[INFO]   from pom.xml
[INFO] --------------------------------[ jar ]---------------------------------
[WARNING] 2 problems were encountered while building the effective model for org.apache.yetus:audience-annotations:jar:0.5.0 during dependency collection step for project (use -X to see details)
[INFO] 
[INFO] --- exec:3.6.1:exec (benchmark) @ nitro ---
[WARNING] [stderr] WARNING: Using incubator modules: jdk.incubator.vector
[WARNING] [stderr] WARNING: A terminally deprecated method in sun.misc.Unsafe has been called
[WARNING] [stderr] WARNING: sun.misc.Unsafe::objectFieldOffset has been called by org.openjdk.jmh.util.Utils (file:/root/.m2/repository/org/openjdk/jmh/jmh-core/1.37/jmh-core-1.37.jar)
[WARNING] [stderr] WARNING: Please consider reporting this to the maintainers of class org.openjdk.jmh.util.Utils
[WARNING] [stderr] WARNING: sun.misc.Unsafe::objectFieldOffset will be removed in a future release
[INFO] [stdout] # JMH version: 1.37
[INFO] [stdout] # VM version: JDK 26.0.1, OpenJDK 64-Bit Server VM, 26.0.1+8
[INFO] [stdout] # VM invoker: /opt/java/openjdk/bin/java
[INFO] [stdout] # VM options: --enable-preview --add-modules=jdk.incubator.vector -Dnitro.clickbench.hits.path= -Xmx12g -XX:+UseTransparentHugePages -Dnitro.tpch.parquet.path=/root/data/tpch-parquet-sf10 -Dnitro.parquet.deferFilteredPayload=true -Dnitro.parquet.scan.filterWindow=524288
[INFO] [stdout] # Blackhole mode: compiler (auto-detected, use -Djmh.blackhole.autoDetect=false to disable)
[INFO] [stdout] # Warmup: 2 iterations, 1 s each
[INFO] [stdout] # Measurement: 3 iterations, 1 s each
[INFO] [stdout] # Timeout: 30 min per iteration
[INFO] [stdout] # Threads: 1 thread, will synchronize iterations
[INFO] [stdout] # Benchmark mode: Average time, time/op
[INFO] [stdout] # Benchmark: org.weakref.nitro.tpch.BenchmarkQueries.query09
[INFO] [stdout] 
[INFO] [stdout] # Run progress: 0.00% complete, ETA 00:00:05
[INFO] [stdout] # Fork: 1 of 1
[INFO] [stdout] # Preparing profilers: LinuxPerfNormProfiler 
[INFO] [stdout] # Profilers consume stderr from target VM, use -v EXTRA to copy to console
[INFO] [stdout] # Warmup Iteration   1: 4131.820 ms/op
[INFO] [stdout] # Warmup Iteration   2: 3044.060 ms/op
[INFO] [stdout] Iteration   1: 2961.780 ms/op
[INFO] [stdout]                  gc.alloc.rate:      293.748 MB/sec
[INFO] [stdout]                  gc.alloc.rate.norm: 912318808.000 B/op
[INFO] [stdout]                  gc.count:           ≈ 0 counts
[INFO] [stdout] 
[INFO] [stdout] Iteration   2: 3583.815 ms/op
[INFO] [stdout]                  gc.alloc.rate:      242.331 MB/sec
[INFO] [stdout]                  gc.alloc.rate.norm: 910690088.000 B/op
[INFO] [stdout]                  gc.count:           ≈ 0 counts
[INFO] [stdout] 
[INFO] [stdout] Iteration   3: 3263.435 ms/op
[INFO] [stdout]                  gc.alloc.rate:      266.105 MB/sec
[INFO] [stdout]                  gc.alloc.rate.norm: 910641992.000 B/op
[INFO] [stdout]                  gc.count:           4.000 counts
[INFO] [stdout]                  gc.time:            70.000 ms
[INFO] [stdout] 
[INFO] [stdout] # Processing profiler results: LinuxPerfNormProfiler 
[INFO] [stdout] 
[INFO] [stdout] 
[INFO] [stdout] Result "org.weakref.nitro.tpch.BenchmarkQueries.query09":
[INFO] [stdout]   3269.677 ±(99.9%) 5674.968 ms/op [Average]
[INFO] [stdout]   (min, avg, max) = (2961.780, 3269.677, 3583.815), stdev = 311.064
[INFO] [stdout]   CI (99.9%): [≈ 0, 8944.645] (assumes normal distribution)
[INFO] [stdout] 
[INFO] [stdout] Secondary result "org.weakref.nitro.tpch.BenchmarkQueries.query09:CPI":
[INFO] [stdout]   0.332 clks/insn
[INFO] [stdout] 
[INFO] [stdout] Secondary result "org.weakref.nitro.tpch.BenchmarkQueries.query09:IPC":
[INFO] [stdout]   3.015 insns/clk
[INFO] [stdout] 
[INFO] [stdout] Secondary result "org.weakref.nitro.tpch.BenchmarkQueries.query09:L1-dcache-load-misses":
[INFO] [stdout]   485615140.167 #/op
[INFO] [stdout] 
[INFO] [stdout] Secondary result "org.weakref.nitro.tpch.BenchmarkQueries.query09:L1-dcache-loads":
[INFO] [stdout]   23309458153.290 #/op
[INFO] [stdout] 
[INFO] [stdout] Secondary result "org.weakref.nitro.tpch.BenchmarkQueries.query09:L1-icache-load-misses":
[INFO] [stdout]   10539606.756 #/op
[INFO] [stdout] 
[INFO] [stdout] Secondary result "org.weakref.nitro.tpch.BenchmarkQueries.query09:L1-icache-loads":
[INFO] [stdout]   134932194.663 #/op
[INFO] [stdout] 
[INFO] [stdout] Secondary result "org.weakref.nitro.tpch.BenchmarkQueries.query09:branch-misses":
[INFO] [stdout]   40568675.293 #/op
[INFO] [stdout] 
[INFO] [stdout] Secondary result "org.weakref.nitro.tpch.BenchmarkQueries.query09:branches":
[INFO] [stdout]   11020490592.242 #/op
[INFO] [stdout] 
[INFO] [stdout] Secondary result "org.weakref.nitro.tpch.BenchmarkQueries.query09:cycles":
[INFO] [stdout]   18028723467.658 #/op
[INFO] [stdout] 
[INFO] [stdout] Secondary result "org.weakref.nitro.tpch.BenchmarkQueries.query09:dTLB-load-misses":
[INFO] [stdout]   8457026.497 #/op
[INFO] [stdout] 
[INFO] [stdout] Secondary result "org.weakref.nitro.tpch.BenchmarkQueries.query09:dTLB-loads":
[INFO] [stdout]   38589001.502 #/op
[INFO] [stdout] 
[INFO] [stdout] Secondary result "org.weakref.nitro.tpch.BenchmarkQueries.query09:gc.alloc.rate":
[INFO] [stdout]   267.395 ±(99.9%) 469.459 MB/sec [Average]
[INFO] [stdout]   (min, avg, max) = (242.331, 267.395, 293.748), stdev = 25.733
[INFO] [stdout]   CI (99.9%): [≈ 0, 736.854] (assumes normal distribution)
[INFO] [stdout] 
[INFO] [stdout] Secondary result "org.weakref.nitro.tpch.BenchmarkQueries.query09:gc.alloc.rate.norm":
[INFO] [stdout]   911216962.667 ±(99.9%) 17414162.815 B/op [Average]
[INFO] [stdout]   (min, avg, max) = (910641992.000, 911216962.667, 912318808.000), stdev = 954529.025
[INFO] [stdout]   CI (99.9%): [893802799.852, 928631125.482] (assumes normal distribution)
[INFO] [stdout] 
[INFO] [stdout] Secondary result "org.weakref.nitro.tpch.BenchmarkQueries.query09:gc.count":
[INFO] [stdout]   4.000 ±(99.9%) 0.001 counts [Sum]
[INFO] [stdout]   (min, avg, max) = (≈ 0, 1.333, 4.000), stdev = 2.309
[INFO] [stdout]   CI (99.9%): [4.000, 4.000] (assumes normal distribution)
[INFO] [stdout] 
[INFO] [stdout] Secondary result "org.weakref.nitro.tpch.BenchmarkQueries.query09:gc.time":
[INFO] [stdout]   70.000 ±(99.9%) 0.001 ms [Sum]
[INFO] [stdout]   (min, avg, max) = (≈ 0, 23.333, 70.000), stdev = 40.415
[INFO] [stdout]   CI (99.9%): [70.000, 70.000] (assumes normal distribution)
[INFO] [stdout] 
[INFO] [stdout] Secondary result "org.weakref.nitro.tpch.BenchmarkQueries.query09:iTLB-load-misses":
[INFO] [stdout]   47726.202 #/op
[INFO] [stdout] 
[INFO] [stdout] Secondary result "org.weakref.nitro.tpch.BenchmarkQueries.query09:iTLB-loads":
[INFO] [stdout]   3028010.406 #/op
[INFO] [stdout] 
[INFO] [stdout] Secondary result "org.weakref.nitro.tpch.BenchmarkQueries.query09:instructions":
[INFO] [stdout]   54359358788.408 #/op
[INFO] [stdout] 
[INFO] [stdout] Secondary result "org.weakref.nitro.tpch.BenchmarkQueries.query09:stalled-cycles-frontend":
[INFO] [stdout]   3036881293.544 #/op
[INFO] [stdout] 
[INFO] [stdout] 
[INFO] [stdout] # Run complete. Total time: 00:00:17
[INFO] [stdout] 
[INFO] [stdout] REMEMBER: The numbers below are just data. To gain reusable insights, you need to follow up on
[INFO] [stdout] why the numbers are the way they are. Use profilers (see -prof, -lprof), design factorial
[INFO] [stdout] experiments, perform baseline and negative tests that provide experimental control, make sure
[INFO] [stdout] the benchmarking environment is safe on JVM/OS/HW level, ask for reviews from the domain experts.
[INFO] [stdout] Do not assume the numbers tell you what you want them to tell.
[INFO] [stdout] 
[INFO] [stdout] NOTE: Current JVM experimentally supports Compiler Blackholes, and they are in use. Please exercise
[INFO] [stdout] extra caution when trusting the results, look into the generated code to check the benchmark still
[INFO] [stdout] works, and factor in a small probability of new VM bugs. Additionally, while comparisons between
[INFO] [stdout] different JVMs are already problematic, the performance difference caused by different Blackhole
[INFO] [stdout] modes can be very significant. Please make sure you use the consistent Blackhole mode for comparisons.
[INFO] [stdout] 
[INFO] [stdout] Benchmark                                         Mode  Cnt            Score          Error      Units
[INFO] [stdout] BenchmarkQueries.query09                          avgt    3         3269.677 ±     5674.968      ms/op
[INFO] [stdout] BenchmarkQueries.query09:CPI                      avgt                 0.332                 clks/insn
[INFO] [stdout] BenchmarkQueries.query09:IPC                      avgt                 3.015                 insns/clk
[INFO] [stdout] BenchmarkQueries.query09:L1-dcache-load-misses    avgt         485615140.167                      #/op
[INFO] [stdout] BenchmarkQueries.query09:L1-dcache-loads          avgt       23309458153.290                      #/op
[INFO] [stdout] BenchmarkQueries.query09:L1-icache-load-misses    avgt          10539606.756                      #/op
[INFO] [stdout] BenchmarkQueries.query09:L1-icache-loads          avgt         134932194.663                      #/op
[INFO] [stdout] BenchmarkQueries.query09:branch-misses            avgt          40568675.293                      #/op
[INFO] [stdout] BenchmarkQueries.query09:branches                 avgt       11020490592.242                      #/op
[INFO] [stdout] BenchmarkQueries.query09:cycles                   avgt       18028723467.658                      #/op
[INFO] [stdout] BenchmarkQueries.query09:dTLB-load-misses         avgt           8457026.497                      #/op
[INFO] [stdout] BenchmarkQueries.query09:dTLB-loads               avgt          38589001.502                      #/op
[INFO] [stdout] BenchmarkQueries.query09:gc.alloc.rate            avgt    3          267.395 ±      469.459     MB/sec
[INFO] [stdout] BenchmarkQueries.query09:gc.alloc.rate.norm       avgt    3    911216962.667 ± 17414162.815       B/op
[INFO] [stdout] BenchmarkQueries.query09:gc.count                 avgt    3            4.000                    counts
[INFO] [stdout] BenchmarkQueries.query09:gc.time                  avgt    3           70.000                        ms
[INFO] [stdout] BenchmarkQueries.query09:iTLB-load-misses         avgt             47726.202                      #/op
[INFO] [stdout] BenchmarkQueries.query09:iTLB-loads               avgt           3028010.406                      #/op
[INFO] [stdout] BenchmarkQueries.query09:instructions             avgt       54359358788.408                      #/op
[INFO] [stdout] BenchmarkQueries.query09:stalled-cycles-frontend  avgt        3036881293.544                      #/op
[INFO] [stdout] 
[INFO] [stdout] Benchmark result is saved to benchmarks/sweeps/20260717-targeted/nitro-tpch-q09-filter-window-512k-b.json
[INFO] ------------------------------------------------------------------------
[INFO] BUILD SUCCESS
[INFO] ------------------------------------------------------------------------
[INFO] Total time:  17.984 s (Wall Clock)
[INFO] Finished at: 2026-07-17T20:44:57Z
[INFO] ------------------------------------------------------------------------
[INFO] Njord session closed
