[INFO] Processing build on daemon cf66a846
[INFO] Scanning for projects...
[INFO] Njord 0.9.4 session created
[INFO] BuildTimeEventSpy is registered.
[INFO] 
[INFO] Using the SmartBuilder implementation with a thread count of 7
[INFO] 
[INFO] -------------------------< org.weakref:nitro >--------------------------
[INFO] Building nitro 1-SNAPSHOT
[INFO]   from pom.xml
[INFO] --------------------------------[ jar ]---------------------------------
[WARNING] 2 problems were encountered while building the effective model for org.apache.yetus:audience-annotations:jar:0.5.0 during dependency collection step for project (use -X to see details)
[INFO] 
[INFO] --- exec:3.6.1:exec (benchmark) @ nitro ---
[WARNING] [stderr] WARNING: Using incubator modules: jdk.incubator.vector
[WARNING] [stderr] WARNING: A terminally deprecated method in sun.misc.Unsafe has been called
[WARNING] [stderr] WARNING: sun.misc.Unsafe::objectFieldOffset has been called by org.openjdk.jmh.util.Utils (file:/root/.m2/repository/org/openjdk/jmh/jmh-core/1.37/jmh-core-1.37.jar)
[WARNING] [stderr] WARNING: Please consider reporting this to the maintainers of class org.openjdk.jmh.util.Utils
[WARNING] [stderr] WARNING: sun.misc.Unsafe::objectFieldOffset will be removed in a future release
[INFO] [stdout] # JMH version: 1.37
[INFO] [stdout] # VM version: JDK 26.0.1, OpenJDK 64-Bit Server VM, 26.0.1+8
[INFO] [stdout] # VM invoker: /opt/java/openjdk/bin/java
[INFO] [stdout] # VM options: --enable-preview --add-modules=jdk.incubator.vector -Dnitro.clickbench.hits.path= -Xmx12g -XX:+UseTransparentHugePages -Dnitro.parquet.fastPageHeader=true -Dnitro.tpch.parquet.path=/root/data/tpch-parquet-sf10 -Dnitro.tpch.parquet.schema=sf10
[INFO] [stdout] # Blackhole mode: compiler (auto-detected, use -Djmh.blackhole.autoDetect=false to disable)
[INFO] [stdout] # Warmup: 2 iterations, 1 s each
[INFO] [stdout] # Measurement: 3 iterations, 1 s each
[INFO] [stdout] # Timeout: 30 min per iteration
[INFO] [stdout] # Threads: 1 thread, will synchronize iterations
[INFO] [stdout] # Benchmark mode: Average time, time/op
[INFO] [stdout] # Benchmark: org.weakref.nitro.tpch.BenchmarkQueries.query09
[INFO] [stdout] 
[INFO] [stdout] # Run progress: 0.00% complete, ETA 00:00:10
[INFO] [stdout] # Fork: 1 of 1
[INFO] [stdout] # Preparing profilers: LinuxPerfNormProfiler 
[INFO] [stdout] # Profilers consume stderr from target VM, use -v EXTRA to copy to console
[INFO] [stdout] # Warmup Iteration   1: 4237.653 ms/op
[INFO] [stdout] # Warmup Iteration   2: 3233.552 ms/op
[INFO] [stdout] Iteration   1: 3195.570 ms/op
[INFO] [stdout]                  gc.alloc.rate:      248.317 MB/sec
[INFO] [stdout]                  gc.alloc.rate.norm: 832093824.000 B/op
[INFO] [stdout]                  gc.count:           4.000 counts
[INFO] [stdout]                  gc.time:            23.000 ms
[INFO] [stdout] 
[INFO] [stdout] Iteration   2: 3145.670 ms/op
[INFO] [stdout]                  gc.alloc.rate:      251.773 MB/sec
[INFO] [stdout]                  gc.alloc.rate.norm: 830501752.000 B/op
[INFO] [stdout]                  gc.count:           ≈ 0 counts
[INFO] [stdout] 
[INFO] [stdout] Iteration   3: 3126.920 ms/op
[INFO] [stdout]                  gc.alloc.rate:      253.282 MB/sec
[INFO] [stdout]                  gc.alloc.rate.norm: 830495624.000 B/op
[INFO] [stdout]                  gc.count:           1.000 counts
[INFO] [stdout]                  gc.time:            6.000 ms
[INFO] [stdout] 
[INFO] [stdout] # Processing profiler results: LinuxPerfNormProfiler 
[INFO] [stdout] 
[INFO] [stdout] 
[INFO] [stdout] Result "org.weakref.nitro.tpch.BenchmarkQueries.query09":
[INFO] [stdout]   3156.053 ±(99.9%) 647.356 ms/op [Average]
[INFO] [stdout]   (min, avg, max) = (3126.920, 3156.053, 3195.570), stdev = 35.484
[INFO] [stdout]   CI (99.9%): [2508.697, 3803.409] (assumes normal distribution)
[INFO] [stdout] 
[INFO] [stdout] Secondary result "org.weakref.nitro.tpch.BenchmarkQueries.query09:CPI":
[INFO] [stdout]   0.320 clks/insn
[INFO] [stdout] 
[INFO] [stdout] Secondary result "org.weakref.nitro.tpch.BenchmarkQueries.query09:IPC":
[INFO] [stdout]   3.125 insns/clk
[INFO] [stdout] 
[INFO] [stdout] Secondary result "org.weakref.nitro.tpch.BenchmarkQueries.query09:L1-dcache-load-misses":
[INFO] [stdout]   430873961.473 #/op
[INFO] [stdout] 
[INFO] [stdout] Secondary result "org.weakref.nitro.tpch.BenchmarkQueries.query09:L1-dcache-loads":
[INFO] [stdout]   24018156615.607 #/op
[INFO] [stdout] 
[INFO] [stdout] Secondary result "org.weakref.nitro.tpch.BenchmarkQueries.query09:L1-icache-load-misses":
[INFO] [stdout]   8111015.826 #/op
[INFO] [stdout] 
[INFO] [stdout] Secondary result "org.weakref.nitro.tpch.BenchmarkQueries.query09:L1-icache-loads":
[INFO] [stdout]   101460180.878 #/op
[INFO] [stdout] 
[INFO] [stdout] Secondary result "org.weakref.nitro.tpch.BenchmarkQueries.query09:branch-misses":
[INFO] [stdout]   47845982.642 #/op
[INFO] [stdout] 
[INFO] [stdout] Secondary result "org.weakref.nitro.tpch.BenchmarkQueries.query09:branches":
[INFO] [stdout]   11447750511.630 #/op
[INFO] [stdout] 
[INFO] [stdout] Secondary result "org.weakref.nitro.tpch.BenchmarkQueries.query09:cycles":
[INFO] [stdout]   17777323338.581 #/op
[INFO] [stdout] 
[INFO] [stdout] Secondary result "org.weakref.nitro.tpch.BenchmarkQueries.query09:dTLB-load-misses":
[INFO] [stdout]   534847.342 #/op
[INFO] [stdout] 
[INFO] [stdout] Secondary result "org.weakref.nitro.tpch.BenchmarkQueries.query09:dTLB-loads":
[INFO] [stdout]   16087411.801 #/op
[INFO] [stdout] 
[INFO] [stdout] Secondary result "org.weakref.nitro.tpch.BenchmarkQueries.query09:gc.alloc.rate":
[INFO] [stdout]   251.124 ±(99.9%) 46.439 MB/sec [Average]
[INFO] [stdout]   (min, avg, max) = (248.317, 251.124, 253.282), stdev = 2.545
[INFO] [stdout]   CI (99.9%): [204.684, 297.563] (assumes normal distribution)
[INFO] [stdout] 
[INFO] [stdout] Secondary result "org.weakref.nitro.tpch.BenchmarkQueries.query09:gc.alloc.rate.norm":
[INFO] [stdout]   831030400.000 ±(99.9%) 16801689.494 B/op [Average]
[INFO] [stdout]   (min, avg, max) = (830495624.000, 831030400.000, 832093824.000), stdev = 920957.296
[INFO] [stdout]   CI (99.9%): [814228710.506, 847832089.494] (assumes normal distribution)
[INFO] [stdout] 
[INFO] [stdout] Secondary result "org.weakref.nitro.tpch.BenchmarkQueries.query09:gc.count":
[INFO] [stdout]   5.000 ±(99.9%) 0.001 counts [Sum]
[INFO] [stdout]   (min, avg, max) = (≈ 0, 1.667, 4.000), stdev = 2.082
[INFO] [stdout]   CI (99.9%): [5.000, 5.000] (assumes normal distribution)
[INFO] [stdout] 
[INFO] [stdout] Secondary result "org.weakref.nitro.tpch.BenchmarkQueries.query09:gc.time":
[INFO] [stdout]   29.000 ±(99.9%) 0.001 ms [Sum]
[INFO] [stdout]   (min, avg, max) = (≈ 0, 9.667, 23.000), stdev = 11.930
[INFO] [stdout]   CI (99.9%): [29.000, 29.000] (assumes normal distribution)
[INFO] [stdout] 
[INFO] [stdout] Secondary result "org.weakref.nitro.tpch.BenchmarkQueries.query09:iTLB-load-misses":
[INFO] [stdout]   57290.659 #/op
[INFO] [stdout] 
[INFO] [stdout] Secondary result "org.weakref.nitro.tpch.BenchmarkQueries.query09:iTLB-loads":
[INFO] [stdout]   4680399.215 #/op
[INFO] [stdout] 
[INFO] [stdout] Secondary result "org.weakref.nitro.tpch.BenchmarkQueries.query09:instructions":
[INFO] [stdout]   55557965019.127 #/op
[INFO] [stdout] 
[INFO] [stdout] Secondary result "org.weakref.nitro.tpch.BenchmarkQueries.query09:stalled-cycles-frontend":
[INFO] [stdout]   3066608988.027 #/op
[INFO] [stdout] 
[INFO] [stdout] 
[INFO] [stdout] # JMH version: 1.37
[INFO] [stdout] # VM version: JDK 26.0.1, OpenJDK 64-Bit Server VM, 26.0.1+8
[INFO] [stdout] # VM invoker: /opt/java/openjdk/bin/java
[INFO] [stdout] # VM options: --enable-preview --add-modules=jdk.incubator.vector -Dnitro.clickbench.hits.path= -Xmx12g -XX:+UseTransparentHugePages -Dnitro.parquet.fastPageHeader=true -Dnitro.tpch.parquet.path=/root/data/tpch-parquet-sf10 -Dnitro.tpch.parquet.schema=sf10
[INFO] [stdout] # Blackhole mode: compiler (auto-detected, use -Djmh.blackhole.autoDetect=false to disable)
[INFO] [stdout] # Warmup: 2 iterations, 1 s each
[INFO] [stdout] # Measurement: 3 iterations, 1 s each
[INFO] [stdout] # Timeout: 30 min per iteration
[INFO] [stdout] # Threads: 1 thread, will synchronize iterations
[INFO] [stdout] # Benchmark mode: Average time, time/op
[INFO] [stdout] # Benchmark: org.weakref.nitro.tpch.BenchmarkQueries.query16
[INFO] [stdout] 
[INFO] [stdout] # Run progress: 50.00% complete, ETA 00:00:17
[INFO] [stdout] # Fork: 1 of 1
[INFO] [stdout] # Preparing profilers: LinuxPerfNormProfiler 
[INFO] [stdout] # Profilers consume stderr from target VM, use -v EXTRA to copy to console
[INFO] [stdout] # Warmup Iteration   1: 654.642 ms/op
[INFO] [stdout] # Warmup Iteration   2: 297.643 ms/op
[INFO] [stdout] Iteration   1: 284.058 ms/op
[INFO] [stdout]                  gc.alloc.rate:      707.633 MB/sec
[INFO] [stdout]                  gc.alloc.rate.norm: 210799204.000 B/op
[INFO] [stdout]                  gc.count:           2.000 counts
[INFO] [stdout]                  gc.time:            5.000 ms
[INFO] [stdout] 
[INFO] [stdout] Iteration   2: 283.446 ms/op
[INFO] [stdout]                  gc.alloc.rate:      708.595 MB/sec
[INFO] [stdout]                  gc.alloc.rate.norm: 210633374.000 B/op
[INFO] [stdout]                  gc.count:           1.000 counts
[INFO] [stdout]                  gc.time:            4.000 ms
[INFO] [stdout] 
[INFO] [stdout] Iteration   3: 282.568 ms/op
[INFO] [stdout]                  gc.alloc.rate:      710.764 MB/sec
[INFO] [stdout]                  gc.alloc.rate.norm: 210622674.000 B/op
[INFO] [stdout]                  gc.count:           1.000 counts
[INFO] [stdout]                  gc.time:            3.000 ms
[INFO] [stdout] 
[INFO] [stdout] # Processing profiler results: LinuxPerfNormProfiler 
[INFO] [stdout] 
[INFO] [stdout] 
[INFO] [stdout] Result "org.weakref.nitro.tpch.BenchmarkQueries.query16":
[INFO] [stdout]   283.357 ±(99.9%) 13.661 ms/op [Average]
[INFO] [stdout]   (min, avg, max) = (282.568, 283.357, 284.058), stdev = 0.749
[INFO] [stdout]   CI (99.9%): [269.696, 297.019] (assumes normal distribution)
[INFO] [stdout] 
[INFO] [stdout] Secondary result "org.weakref.nitro.tpch.BenchmarkQueries.query16:CPI":
[INFO] [stdout]   0.288 clks/insn
[INFO] [stdout] 
[INFO] [stdout] Secondary result "org.weakref.nitro.tpch.BenchmarkQueries.query16:IPC":
[INFO] [stdout]   3.475 insns/clk
[INFO] [stdout] 
[INFO] [stdout] Secondary result "org.weakref.nitro.tpch.BenchmarkQueries.query16:L1-dcache-load-misses":
[INFO] [stdout]   48264197.946 #/op
[INFO] [stdout] 
[INFO] [stdout] Secondary result "org.weakref.nitro.tpch.BenchmarkQueries.query16:L1-dcache-loads":
[INFO] [stdout]   2577348767.095 #/op
[INFO] [stdout] 
[INFO] [stdout] Secondary result "org.weakref.nitro.tpch.BenchmarkQueries.query16:L1-icache-load-misses":
[INFO] [stdout]   1990070.399 #/op
[INFO] [stdout] 
[INFO] [stdout] Secondary result "org.weakref.nitro.tpch.BenchmarkQueries.query16:L1-icache-loads":
[INFO] [stdout]   25044006.845 #/op
[INFO] [stdout] 
[INFO] [stdout] Secondary result "org.weakref.nitro.tpch.BenchmarkQueries.query16:branch-misses":
[INFO] [stdout]   8045385.744 #/op
[INFO] [stdout] 
[INFO] [stdout] Secondary result "org.weakref.nitro.tpch.BenchmarkQueries.query16:branches":
[INFO] [stdout]   1233889812.562 #/op
[INFO] [stdout] 
[INFO] [stdout] Secondary result "org.weakref.nitro.tpch.BenchmarkQueries.query16:cycles":
[INFO] [stdout]   1675500340.258 #/op
[INFO] [stdout] 
[INFO] [stdout] Secondary result "org.weakref.nitro.tpch.BenchmarkQueries.query16:dTLB-load-misses":
[INFO] [stdout]   55820.631 #/op
[INFO] [stdout] 
[INFO] [stdout] Secondary result "org.weakref.nitro.tpch.BenchmarkQueries.query16:dTLB-loads":
[INFO] [stdout]   1236206.841 #/op
[INFO] [stdout] 
[INFO] [stdout] Secondary result "org.weakref.nitro.tpch.BenchmarkQueries.query16:gc.alloc.rate":
[INFO] [stdout]   708.998 ±(99.9%) 29.260 MB/sec [Average]
[INFO] [stdout]   (min, avg, max) = (707.633, 708.998, 710.764), stdev = 1.604
[INFO] [stdout]   CI (99.9%): [679.737, 738.258] (assumes normal distribution)
[INFO] [stdout] 
[INFO] [stdout] Secondary result "org.weakref.nitro.tpch.BenchmarkQueries.query16:gc.alloc.rate.norm":
[INFO] [stdout]   210685084.000 ±(99.9%) 1805681.914 B/op [Average]
[INFO] [stdout]   (min, avg, max) = (210622674.000, 210685084.000, 210799204.000), stdev = 98975.519
[INFO] [stdout]   CI (99.9%): [208879402.086, 212490765.914] (assumes normal distribution)
[INFO] [stdout] 
[INFO] [stdout] Secondary result "org.weakref.nitro.tpch.BenchmarkQueries.query16:gc.count":
[INFO] [stdout]   4.000 ±(99.9%) 0.001 counts [Sum]
[INFO] [stdout]   (min, avg, max) = (1.000, 1.333, 2.000), stdev = 0.577
[INFO] [stdout]   CI (99.9%): [4.000, 4.000] (assumes normal distribution)
[INFO] [stdout] 
[INFO] [stdout] Secondary result "org.weakref.nitro.tpch.BenchmarkQueries.query16:gc.time":
[INFO] [stdout]   12.000 ±(99.9%) 0.001 ms [Sum]
[INFO] [stdout]   (min, avg, max) = (3.000, 4.000, 5.000), stdev = 1.000
[INFO] [stdout]   CI (99.9%): [12.000, 12.000] (assumes normal distribution)
[INFO] [stdout] 
[INFO] [stdout] Secondary result "org.weakref.nitro.tpch.BenchmarkQueries.query16:iTLB-load-misses":
[INFO] [stdout]   16726.425 #/op
[INFO] [stdout] 
[INFO] [stdout] Secondary result "org.weakref.nitro.tpch.BenchmarkQueries.query16:iTLB-loads":
[INFO] [stdout]   1226622.634 #/op
[INFO] [stdout] 
[INFO] [stdout] Secondary result "org.weakref.nitro.tpch.BenchmarkQueries.query16:instructions":
[INFO] [stdout]   5822900948.251 #/op
[INFO] [stdout] 
[INFO] [stdout] Secondary result "org.weakref.nitro.tpch.BenchmarkQueries.query16:stalled-cycles-frontend":
[INFO] [stdout]   305580129.741 #/op
[INFO] [stdout] 
[INFO] [stdout] 
[INFO] [stdout] # Run complete. Total time: 00:00:23
[INFO] [stdout] 
[INFO] [stdout] REMEMBER: The numbers below are just data. To gain reusable insights, you need to follow up on
[INFO] [stdout] why the numbers are the way they are. Use profilers (see -prof, -lprof), design factorial
[INFO] [stdout] experiments, perform baseline and negative tests that provide experimental control, make sure
[INFO] [stdout] the benchmarking environment is safe on JVM/OS/HW level, ask for reviews from the domain experts.
[INFO] [stdout] Do not assume the numbers tell you what you want them to tell.
[INFO] [stdout] 
[INFO] [stdout] NOTE: Current JVM experimentally supports Compiler Blackholes, and they are in use. Please exercise
[INFO] [stdout] extra caution when trusting the results, look into the generated code to check the benchmark still
[INFO] [stdout] works, and factor in a small probability of new VM bugs. Additionally, while comparisons between
[INFO] [stdout] different JVMs are already problematic, the performance difference caused by different Blackhole
[INFO] [stdout] modes can be very significant. Please make sure you use the consistent Blackhole mode for comparisons.
[INFO] [stdout] 
[INFO] [stdout] Benchmark                                         Mode  Cnt            Score          Error      Units
[INFO] [stdout] BenchmarkQueries.query09                          avgt    3         3156.053 ±      647.356      ms/op
[INFO] [stdout] BenchmarkQueries.query09:CPI                      avgt                 0.320                 clks/insn
[INFO] [stdout] BenchmarkQueries.query09:IPC                      avgt                 3.125                 insns/clk
[INFO] [stdout] BenchmarkQueries.query09:L1-dcache-load-misses    avgt         430873961.473                      #/op
[INFO] [stdout] BenchmarkQueries.query09:L1-dcache-loads          avgt       24018156615.607                      #/op
[INFO] [stdout] BenchmarkQueries.query09:L1-icache-load-misses    avgt           8111015.826                      #/op
[INFO] [stdout] BenchmarkQueries.query09:L1-icache-loads          avgt         101460180.878                      #/op
[INFO] [stdout] BenchmarkQueries.query09:branch-misses            avgt          47845982.642                      #/op
[INFO] [stdout] BenchmarkQueries.query09:branches                 avgt       11447750511.630                      #/op
[INFO] [stdout] BenchmarkQueries.query09:cycles                   avgt       17777323338.581                      #/op
[INFO] [stdout] BenchmarkQueries.query09:dTLB-load-misses         avgt            534847.342                      #/op
[INFO] [stdout] BenchmarkQueries.query09:dTLB-loads               avgt          16087411.801                      #/op
[INFO] [stdout] BenchmarkQueries.query09:gc.alloc.rate            avgt    3          251.124 ±       46.439     MB/sec
[INFO] [stdout] BenchmarkQueries.query09:gc.alloc.rate.norm       avgt    3    831030400.000 ± 16801689.494       B/op
[INFO] [stdout] BenchmarkQueries.query09:gc.count                 avgt    3            5.000                    counts
[INFO] [stdout] BenchmarkQueries.query09:gc.time                  avgt    3           29.000                        ms
[INFO] [stdout] BenchmarkQueries.query09:iTLB-load-misses         avgt             57290.659                      #/op
[INFO] [stdout] BenchmarkQueries.query09:iTLB-loads               avgt           4680399.215                      #/op
[INFO] [stdout] BenchmarkQueries.query09:instructions             avgt       55557965019.127                      #/op
[INFO] [stdout] BenchmarkQueries.query09:stalled-cycles-frontend  avgt        3066608988.027                      #/op
[INFO] [stdout] BenchmarkQueries.query16                          avgt    3          283.357 ±       13.661      ms/op
[INFO] [stdout] BenchmarkQueries.query16:CPI                      avgt                 0.288                 clks/insn
[INFO] [stdout] BenchmarkQueries.query16:IPC                      avgt                 3.475                 insns/clk
[INFO] [stdout] BenchmarkQueries.query16:L1-dcache-load-misses    avgt          48264197.946                      #/op
[INFO] [stdout] BenchmarkQueries.query16:L1-dcache-loads          avgt        2577348767.095                      #/op
[INFO] [stdout] BenchmarkQueries.query16:L1-icache-load-misses    avgt           1990070.399                      #/op
[INFO] [stdout] BenchmarkQueries.query16:L1-icache-loads          avgt          25044006.845                      #/op
[INFO] [stdout] BenchmarkQueries.query16:branch-misses            avgt           8045385.744                      #/op
[INFO] [stdout] BenchmarkQueries.query16:branches                 avgt        1233889812.562                      #/op
[INFO] [stdout] BenchmarkQueries.query16:cycles                   avgt        1675500340.258                      #/op
[INFO] [stdout] BenchmarkQueries.query16:dTLB-load-misses         avgt             55820.631                      #/op
[INFO] [stdout] BenchmarkQueries.query16:dTLB-loads               avgt           1236206.841                      #/op
[INFO] [stdout] BenchmarkQueries.query16:gc.alloc.rate            avgt    3          708.998 ±       29.260     MB/sec
[INFO] [stdout] BenchmarkQueries.query16:gc.alloc.rate.norm       avgt    3    210685084.000 ±  1805681.914       B/op
[INFO] [stdout] BenchmarkQueries.query16:gc.count                 avgt    3            4.000                    counts
[INFO] [stdout] BenchmarkQueries.query16:gc.time                  avgt    3           12.000                        ms
[INFO] [stdout] BenchmarkQueries.query16:iTLB-load-misses         avgt             16726.425                      #/op
[INFO] [stdout] BenchmarkQueries.query16:iTLB-loads               avgt           1226622.634                      #/op
[INFO] [stdout] BenchmarkQueries.query16:instructions             avgt        5822900948.251                      #/op
[INFO] [stdout] BenchmarkQueries.query16:stalled-cycles-frontend  avgt         305580129.741                      #/op
[INFO] [stdout] 
[INFO] [stdout] Benchmark result is saved to benchmarks/sweeps/20260717-targeted/nitro-tpch-page-header-fast-on-screen.json
[INFO] ------------------------------------------------------------------------
[INFO] BUILD SUCCESS
[INFO] ------------------------------------------------------------------------
[INFO] Total time:  24.414 s (Wall Clock)
[INFO] Finished at: 2026-07-17T05:23:16Z
[INFO] ------------------------------------------------------------------------
[INFO] Njord session closed
