[INFO] Processing build on daemon 16e6cbf6
[INFO] Scanning for projects...
[INFO] Njord 0.9.4 session created
[INFO] BuildTimeEventSpy is registered.
[INFO] 
[INFO] Using the SmartBuilder implementation with a thread count of 7
[INFO] 
[INFO] -------------------------< org.weakref:nitro >--------------------------
[INFO] Building nitro 1-SNAPSHOT
[INFO]   from pom.xml
[INFO] --------------------------------[ jar ]---------------------------------
[WARNING] 2 problems were encountered while building the effective model for org.apache.yetus:audience-annotations:jar:0.5.0 during dependency collection step for project (use -X to see details)
[INFO] 
[INFO] --- exec:3.6.1:exec (benchmark) @ nitro ---
[WARNING] [stderr] WARNING: Using incubator modules: jdk.incubator.vector
[WARNING] [stderr] WARNING: A terminally deprecated method in sun.misc.Unsafe has been called
[WARNING] [stderr] WARNING: sun.misc.Unsafe::objectFieldOffset has been called by org.openjdk.jmh.util.Utils (file:/root/.m2/repository/org/openjdk/jmh/jmh-core/1.37/jmh-core-1.37.jar)
[WARNING] [stderr] WARNING: Please consider reporting this to the maintainers of class org.openjdk.jmh.util.Utils
[WARNING] [stderr] WARNING: sun.misc.Unsafe::objectFieldOffset will be removed in a future release
[INFO] [stdout] # JMH version: 1.37
[INFO] [stdout] # VM version: JDK 26.0.1, OpenJDK 64-Bit Server VM, 26.0.1+8
[INFO] [stdout] # VM invoker: /opt/java/openjdk/bin/java
[INFO] [stdout] # VM options: --enable-preview --add-modules=jdk.incubator.vector -Dnitro.clickbench.hits.path= -Xmx12g -XX:+UseTransparentHugePages -Dnitro.parquet.fastPageHeader=true -Dnitro.tpch.parquet.path=/root/data/tpch-parquet-sf10 -Dnitro.tpch.parquet.schema=sf10
[INFO] [stdout] # Blackhole mode: compiler (auto-detected, use -Djmh.blackhole.autoDetect=false to disable)
[INFO] [stdout] # Warmup: 3 iterations, 1 s each
[INFO] [stdout] # Measurement: 5 iterations, 1 s each
[INFO] [stdout] # Timeout: 30 min per iteration
[INFO] [stdout] # Threads: 1 thread, will synchronize iterations
[INFO] [stdout] # Benchmark mode: Average time, time/op
[INFO] [stdout] # Benchmark: org.weakref.nitro.tpch.BenchmarkQueries.query16
[INFO] [stdout] 
[INFO] [stdout] # Run progress: 0.00% complete, ETA 00:00:24
[INFO] [stdout] # Fork: 1 of 3
[INFO] [stdout] # Preparing profilers: LinuxPerfNormProfiler 
[INFO] [stdout] # Profilers consume stderr from target VM, use -v EXTRA to copy to console
[INFO] [stdout] # Warmup Iteration   1: 637.604 ms/op
[INFO] [stdout] # Warmup Iteration   2: 299.710 ms/op
[INFO] [stdout] # Warmup Iteration   3: 288.974 ms/op
[INFO] [stdout] Iteration   1: 284.039 ms/op
[INFO] [stdout]                  gc.alloc.rate:      707.065 MB/sec
[INFO] [stdout]                  gc.alloc.rate.norm: 210615992.000 B/op
[INFO] [stdout]                  gc.count:           1.000 counts
[INFO] [stdout]                  gc.time:            2.000 ms
[INFO] [stdout] 
[INFO] [stdout] Iteration   2: 281.514 ms/op
[INFO] [stdout]                  gc.alloc.rate:      713.370 MB/sec
[INFO] [stdout]                  gc.alloc.rate.norm: 210603192.000 B/op
[INFO] [stdout]                  gc.count:           1.000 counts
[INFO] [stdout]                  gc.time:            3.000 ms
[INFO] [stdout] 
[INFO] [stdout] Iteration   3: 282.703 ms/op
[INFO] [stdout]                  gc.alloc.rate:      710.287 MB/sec
[INFO] [stdout]                  gc.alloc.rate.norm: 210576352.000 B/op
[INFO] [stdout]                  gc.count:           1.000 counts
[INFO] [stdout]                  gc.time:            3.000 ms
[INFO] [stdout] 
[INFO] [stdout] Iteration   4: 279.956 ms/op
[INFO] [stdout]                  gc.alloc.rate:      717.222 MB/sec
[INFO] [stdout]                  gc.alloc.rate.norm: 210568934.000 B/op
[INFO] [stdout]                  gc.count:           1.000 counts
[INFO] [stdout]                  gc.time:            1.000 ms
[INFO] [stdout] 
[INFO] [stdout] Iteration   5: 283.130 ms/op
[INFO] [stdout]                  gc.alloc.rate:      709.149 MB/sec
[INFO] [stdout]                  gc.alloc.rate.norm: 210556224.000 B/op
[INFO] [stdout]                  gc.count:           1.000 counts
[INFO] [stdout]                  gc.time:            1.000 ms
[INFO] [stdout] 
[INFO] [stdout] # Processing profiler results: LinuxPerfNormProfiler 
[INFO] [stdout] 
[INFO] [stdout] # Run progress: 33.33% complete, ETA 00:00:19
[INFO] [stdout] # Fork: 2 of 3
[INFO] [stdout] # Preparing profilers: LinuxPerfNormProfiler 
[INFO] [stdout] # Profilers consume stderr from target VM, use -v EXTRA to copy to console
[INFO] [stdout] # Warmup Iteration   1: 632.546 ms/op
[INFO] [stdout] # Warmup Iteration   2: 299.307 ms/op
[INFO] [stdout] # Warmup Iteration   3: 284.135 ms/op
[INFO] [stdout] Iteration   1: 283.359 ms/op
[INFO] [stdout]                  gc.alloc.rate:      708.779 MB/sec
[INFO] [stdout]                  gc.alloc.rate.norm: 210621096.000 B/op
[INFO] [stdout]                  gc.count:           5.000 counts
[INFO] [stdout]                  gc.time:            5.000 ms
[INFO] [stdout] 
[INFO] [stdout] Iteration   2: 280.813 ms/op
[INFO] [stdout]                  gc.alloc.rate:      715.142 MB/sec
[INFO] [stdout]                  gc.alloc.rate.norm: 210602990.000 B/op
[INFO] [stdout]                  gc.count:           1.000 counts
[INFO] [stdout]                  gc.time:            ≈ 0 ms
[INFO] [stdout] 
[INFO] [stdout] Iteration   3: 282.503 ms/op
[INFO] [stdout]                  gc.alloc.rate:      713.848 MB/sec
[INFO] [stdout]                  gc.alloc.rate.norm: 211487442.000 B/op
[INFO] [stdout]                  gc.count:           5.000 counts
[INFO] [stdout]                  gc.time:            7.000 ms
[INFO] [stdout] 
[INFO] [stdout] Iteration   4: 281.822 ms/op
[INFO] [stdout]                  gc.alloc.rate:      712.484 MB/sec
[INFO] [stdout]                  gc.alloc.rate.norm: 210575758.000 B/op
[INFO] [stdout]                  gc.count:           4.000 counts
[INFO] [stdout]                  gc.time:            5.000 ms
[INFO] [stdout] 
[INFO] [stdout] Iteration   5: 280.908 ms/op
[INFO] [stdout]                  gc.alloc.rate:      714.763 MB/sec
[INFO] [stdout]                  gc.alloc.rate.norm: 210563040.000 B/op
[INFO] [stdout]                  gc.count:           2.000 counts
[INFO] [stdout]                  gc.time:            6.000 ms
[INFO] [stdout] 
[INFO] [stdout] # Processing profiler results: LinuxPerfNormProfiler 
[INFO] [stdout] 
[INFO] [stdout] # Run progress: 66.67% complete, ETA 00:00:09
[INFO] [stdout] # Fork: 3 of 3
[INFO] [stdout] # Preparing profilers: LinuxPerfNormProfiler 
[INFO] [stdout] # Profilers consume stderr from target VM, use -v EXTRA to copy to console
[INFO] [stdout] # Warmup Iteration   1: 650.892 ms/op
[INFO] [stdout] # Warmup Iteration   2: 297.365 ms/op
[INFO] [stdout] # Warmup Iteration   3: 283.112 ms/op
[INFO] [stdout] Iteration   1: 289.716 ms/op
[INFO] [stdout]                  gc.alloc.rate:      693.141 MB/sec
[INFO] [stdout]                  gc.alloc.rate.norm: 210591490.000 B/op
[INFO] [stdout]                  gc.count:           2.000 counts
[INFO] [stdout]                  gc.time:            5.000 ms
[INFO] [stdout] 
[INFO] [stdout] Iteration   2: 280.277 ms/op
[INFO] [stdout]                  gc.alloc.rate:      716.423 MB/sec
[INFO] [stdout]                  gc.alloc.rate.norm: 210580372.000 B/op
[INFO] [stdout]                  gc.count:           1.000 counts
[INFO] [stdout]                  gc.time:            1.000 ms
[INFO] [stdout] 
[INFO] [stdout] Iteration   3: 282.338 ms/op
[INFO] [stdout]                  gc.alloc.rate:      711.116 MB/sec
[INFO] [stdout]                  gc.alloc.rate.norm: 210553436.000 B/op
[INFO] [stdout]                  gc.count:           5.000 counts
[INFO] [stdout]                  gc.time:            6.000 ms
[INFO] [stdout] 
[INFO] [stdout] Iteration   4: 278.798 ms/op
[INFO] [stdout]                  gc.alloc.rate:      720.123 MB/sec
[INFO] [stdout]                  gc.alloc.rate.norm: 210546046.000 B/op
[INFO] [stdout]                  gc.count:           1.000 counts
[INFO] [stdout]                  gc.time:            2.000 ms
[INFO] [stdout] 
[INFO] [stdout] Iteration   5: 281.092 ms/op
[INFO] [stdout]                  gc.alloc.rate:      714.227 MB/sec
[INFO] [stdout]                  gc.alloc.rate.norm: 210546048.000 B/op
[INFO] [stdout]                  gc.count:           4.000 counts
[INFO] [stdout]                  gc.time:            7.000 ms
[INFO] [stdout] 
[INFO] [stdout] # Processing profiler results: LinuxPerfNormProfiler 
[INFO] [stdout] 
[INFO] [stdout] 
[INFO] [stdout] Result "org.weakref.nitro.tpch.BenchmarkQueries.query16":
[INFO] [stdout]   282.198 ±(99.9%) 2.683 ms/op [Average]
[INFO] [stdout]   (min, avg, max) = (278.798, 282.198, 289.716), stdev = 2.510
[INFO] [stdout]   CI (99.9%): [279.515, 284.881] (assumes normal distribution)
[INFO] [stdout] 
[INFO] [stdout] Secondary result "org.weakref.nitro.tpch.BenchmarkQueries.query16:CPI":
[INFO] [stdout]   0.285 ±(99.9%) 0.047 clks/insn [Average]
[INFO] [stdout]   (min, avg, max) = (0.282, 0.285, 0.287), stdev = 0.003
[INFO] [stdout]   CI (99.9%): [0.237, 0.332] (assumes normal distribution)
[INFO] [stdout] 
[INFO] [stdout] Secondary result "org.weakref.nitro.tpch.BenchmarkQueries.query16:IPC":
[INFO] [stdout]   3.511 ±(99.9%) 0.586 insns/clk [Average]
[INFO] [stdout]   (min, avg, max) = (3.481, 3.511, 3.545), stdev = 0.032
[INFO] [stdout]   CI (99.9%): [2.924, 4.097] (assumes normal distribution)
[INFO] [stdout] 
[INFO] [stdout] Secondary result "org.weakref.nitro.tpch.BenchmarkQueries.query16:L1-dcache-load-misses":
[INFO] [stdout]   47813227.670 ±(99.9%) 29311765.117 #/op [Average]
[INFO] [stdout]   (min, avg, max) = (46879538.446, 47813227.670, 49668444.897), stdev = 1606676.754
[INFO] [stdout]   CI (99.9%): [18501462.553, 77124992.788] (assumes normal distribution)
[INFO] [stdout] 
[INFO] [stdout] Secondary result "org.weakref.nitro.tpch.BenchmarkQueries.query16:L1-dcache-loads":
[INFO] [stdout]   2543912506.958 ±(99.9%) 992401020.402 #/op [Average]
[INFO] [stdout]   (min, avg, max) = (2510648969.671, 2543912506.958, 2606687205.253), stdev = 54396848.635
[INFO] [stdout]   CI (99.9%): [1551511486.556, 3536313527.360] (assumes normal distribution)
[INFO] [stdout] 
[INFO] [stdout] Secondary result "org.weakref.nitro.tpch.BenchmarkQueries.query16:L1-icache-load-misses":
[INFO] [stdout]   1811085.265 ±(99.9%) 3104563.125 #/op [Average]
[INFO] [stdout]   (min, avg, max) = (1630505.629, 1811085.265, 1968469.146), stdev = 170171.581
[INFO] [stdout]   CI (99.9%): [≈ 0, 4915648.390] (assumes normal distribution)
[INFO] [stdout] 
[INFO] [stdout] Secondary result "org.weakref.nitro.tpch.BenchmarkQueries.query16:L1-icache-loads":
[INFO] [stdout]   22637479.614 ±(99.9%) 23736524.510 #/op [Average]
[INFO] [stdout]   (min, avg, max) = (21371657.130, 22637479.614, 23971159.472), stdev = 1301079.004
[INFO] [stdout]   CI (99.9%): [≈ 0, 46374004.124] (assumes normal distribution)
[INFO] [stdout] 
[INFO] [stdout] Secondary result "org.weakref.nitro.tpch.BenchmarkQueries.query16:branch-misses":
[INFO] [stdout]   7563117.426 ±(99.9%) 5966815.793 #/op [Average]
[INFO] [stdout]   (min, avg, max) = (7349748.635, 7563117.426, 7939661.819), stdev = 327061.308
[INFO] [stdout]   CI (99.9%): [1596301.633, 13529933.219] (assumes normal distribution)
[INFO] [stdout] 
[INFO] [stdout] Secondary result "org.weakref.nitro.tpch.BenchmarkQueries.query16:branches":
[INFO] [stdout]   1232315361.056 ±(99.9%) 388460440.614 #/op [Average]
[INFO] [stdout]   (min, avg, max) = (1216061018.553, 1232315361.056, 1256418507.003), stdev = 21292827.551
[INFO] [stdout]   CI (99.9%): [843854920.441, 1620775801.670] (assumes normal distribution)
[INFO] [stdout] 
[INFO] [stdout] Secondary result "org.weakref.nitro.tpch.BenchmarkQueries.query16:cycles":
[INFO] [stdout]   1647321821.602 ±(99.9%) 685137858.026 #/op [Average]
[INFO] [stdout]   (min, avg, max) = (1623106052.792, 1647321821.602, 1690583425.556), stdev = 37554717.893
[INFO] [stdout]   CI (99.9%): [962183963.576, 2332459679.629] (assumes normal distribution)
[INFO] [stdout] 
[INFO] [stdout] Secondary result "org.weakref.nitro.tpch.BenchmarkQueries.query16:dTLB-load-misses":
[INFO] [stdout]   52106.661 ±(99.9%) 110146.573 #/op [Average]
[INFO] [stdout]   (min, avg, max) = (47125.111, 52106.661, 58821.130), stdev = 6037.505
[INFO] [stdout]   CI (99.9%): [≈ 0, 162253.234] (assumes normal distribution)
[INFO] [stdout] 
[INFO] [stdout] Secondary result "org.weakref.nitro.tpch.BenchmarkQueries.query16:dTLB-loads":
[INFO] [stdout]   1246524.760 ±(99.9%) 5574141.836 #/op [Average]
[INFO] [stdout]   (min, avg, max) = (993325.679, 1246524.760, 1585893.770), stdev = 305537.523
[INFO] [stdout]   CI (99.9%): [≈ 0, 6820666.596] (assumes normal distribution)
[INFO] [stdout] 
[INFO] [stdout] Secondary result "org.weakref.nitro.tpch.BenchmarkQueries.query16:gc.alloc.rate":
[INFO] [stdout]   711.809 ±(99.9%) 6.655 MB/sec [Average]
[INFO] [stdout]   (min, avg, max) = (693.141, 711.809, 720.123), stdev = 6.225
[INFO] [stdout]   CI (99.9%): [705.154, 718.464] (assumes normal distribution)
[INFO] [stdout] 
[INFO] [stdout] Secondary result "org.weakref.nitro.tpch.BenchmarkQueries.query16:gc.alloc.rate.norm":
[INFO] [stdout]   210639227.467 ±(99.9%) 252183.329 B/op [Average]
[INFO] [stdout]   (min, avg, max) = (210546046.000, 210639227.467, 211487442.000), stdev = 235892.442
[INFO] [stdout]   CI (99.9%): [210387044.138, 210891410.796] (assumes normal distribution)
[INFO] [stdout] 
[INFO] [stdout] Secondary result "org.weakref.nitro.tpch.BenchmarkQueries.query16:gc.count":
[INFO] [stdout]   35.000 ±(99.9%) 0.001 counts [Sum]
[INFO] [stdout]   (min, avg, max) = (1.000, 2.333, 5.000), stdev = 1.718
[INFO] [stdout]   CI (99.9%): [35.000, 35.000] (assumes normal distribution)
[INFO] [stdout] 
[INFO] [stdout] Secondary result "org.weakref.nitro.tpch.BenchmarkQueries.query16:gc.time":
[INFO] [stdout]   54.000 ±(99.9%) 0.001 ms [Sum]
[INFO] [stdout]   (min, avg, max) = (≈ 0, 3.600, 7.000), stdev = 2.384
[INFO] [stdout]   CI (99.9%): [54.000, 54.000] (assumes normal distribution)
[INFO] [stdout] 
[INFO] [stdout] Secondary result "org.weakref.nitro.tpch.BenchmarkQueries.query16:iTLB-load-misses":
[INFO] [stdout]   11482.915 ±(99.9%) 15735.969 #/op [Average]
[INFO] [stdout]   (min, avg, max) = (10789.027, 11482.915, 12448.622), stdev = 862.542
[INFO] [stdout]   CI (99.9%): [≈ 0, 27218.884] (assumes normal distribution)
[INFO] [stdout] 
[INFO] [stdout] Secondary result "org.weakref.nitro.tpch.BenchmarkQueries.query16:iTLB-loads":
[INFO] [stdout]   793823.095 ±(99.9%) 837237.710 #/op [Average]
[INFO] [stdout]   (min, avg, max) = (744534.904, 793823.095, 835321.424), stdev = 45891.824
[INFO] [stdout]   CI (99.9%): [≈ 0, 1631060.805] (assumes normal distribution)
[INFO] [stdout] 
[INFO] [stdout] Secondary result "org.weakref.nitro.tpch.BenchmarkQueries.query16:instructions":
[INFO] [stdout]   5782271199.292 ±(99.9%) 1669695203.339 #/op [Average]
[INFO] [stdout]   (min, avg, max) = (5708672565.301, 5782271199.292, 5884748817.420), stdev = 91521628.229
[INFO] [stdout]   CI (99.9%): [4112575995.953, 7451966402.631] (assumes normal distribution)
[INFO] [stdout] 
[INFO] [stdout] Secondary result "org.weakref.nitro.tpch.BenchmarkQueries.query16:stalled-cycles-frontend":
[INFO] [stdout]   290492844.644 ±(99.9%) 268142051.832 #/op [Average]
[INFO] [stdout]   (min, avg, max) = (277292053.159, 290492844.644, 306330598.812), stdev = 14697770.666
[INFO] [stdout]   CI (99.9%): [22350792.812, 558634896.477] (assumes normal distribution)
[INFO] [stdout] 
[INFO] [stdout] 
[INFO] [stdout] # Run complete. Total time: 00:00:28
[INFO] [stdout] 
[INFO] [stdout] REMEMBER: The numbers below are just data. To gain reusable insights, you need to follow up on
[INFO] [stdout] why the numbers are the way they are. Use profilers (see -prof, -lprof), design factorial
[INFO] [stdout] experiments, perform baseline and negative tests that provide experimental control, make sure
[INFO] [stdout] the benchmarking environment is safe on JVM/OS/HW level, ask for reviews from the domain experts.
[INFO] [stdout] Do not assume the numbers tell you what you want them to tell.
[INFO] [stdout] 
[INFO] [stdout] NOTE: Current JVM experimentally supports Compiler Blackholes, and they are in use. Please exercise
[INFO] [stdout] extra caution when trusting the results, look into the generated code to check the benchmark still
[INFO] [stdout] works, and factor in a small probability of new VM bugs. Additionally, while comparisons between
[INFO] [stdout] different JVMs are already problematic, the performance difference caused by different Blackhole
[INFO] [stdout] modes can be very significant. Please make sure you use the consistent Blackhole mode for comparisons.
[INFO] [stdout] 
[INFO] [stdout] Benchmark                                         Mode  Cnt           Score            Error      Units
[INFO] [stdout] BenchmarkQueries.query16                          avgt   15         282.198 ±          2.683      ms/op
[INFO] [stdout] BenchmarkQueries.query16:CPI                      avgt    3           0.285 ±          0.047  clks/insn
[INFO] [stdout] BenchmarkQueries.query16:IPC                      avgt    3           3.511 ±          0.586  insns/clk
[INFO] [stdout] BenchmarkQueries.query16:L1-dcache-load-misses    avgt    3    47813227.670 ±   29311765.117       #/op
[INFO] [stdout] BenchmarkQueries.query16:L1-dcache-loads          avgt    3  2543912506.958 ±  992401020.402       #/op
[INFO] [stdout] BenchmarkQueries.query16:L1-icache-load-misses    avgt    3     1811085.265 ±    3104563.125       #/op
[INFO] [stdout] BenchmarkQueries.query16:L1-icache-loads          avgt    3    22637479.614 ±   23736524.510       #/op
[INFO] [stdout] BenchmarkQueries.query16:branch-misses            avgt    3     7563117.426 ±    5966815.793       #/op
[INFO] [stdout] BenchmarkQueries.query16:branches                 avgt    3  1232315361.056 ±  388460440.614       #/op
[INFO] [stdout] BenchmarkQueries.query16:cycles                   avgt    3  1647321821.602 ±  685137858.026       #/op
[INFO] [stdout] BenchmarkQueries.query16:dTLB-load-misses         avgt    3       52106.661 ±     110146.573       #/op
[INFO] [stdout] BenchmarkQueries.query16:dTLB-loads               avgt    3     1246524.760 ±    5574141.836       #/op
[INFO] [stdout] BenchmarkQueries.query16:gc.alloc.rate            avgt   15         711.809 ±          6.655     MB/sec
[INFO] [stdout] BenchmarkQueries.query16:gc.alloc.rate.norm       avgt   15   210639227.467 ±     252183.329       B/op
[INFO] [stdout] BenchmarkQueries.query16:gc.count                 avgt   15          35.000                      counts
[INFO] [stdout] BenchmarkQueries.query16:gc.time                  avgt   15          54.000                          ms
[INFO] [stdout] BenchmarkQueries.query16:iTLB-load-misses         avgt    3       11482.915 ±      15735.969       #/op
[INFO] [stdout] BenchmarkQueries.query16:iTLB-loads               avgt    3      793823.095 ±     837237.710       #/op
[INFO] [stdout] BenchmarkQueries.query16:instructions             avgt    3  5782271199.292 ± 1669695203.339       #/op
[INFO] [stdout] BenchmarkQueries.query16:stalled-cycles-frontend  avgt    3   290492844.644 ±  268142051.832       #/op
[INFO] [stdout] 
[INFO] [stdout] Benchmark result is saved to benchmarks/sweeps/20260717-targeted/nitro-tpch-q16-page-header-fast-on-canonical-3fork.json
[INFO] ------------------------------------------------------------------------
[INFO] BUILD SUCCESS
[INFO] ------------------------------------------------------------------------
[INFO] Total time:  29.628 s (Wall Clock)
[INFO] Finished at: 2026-07-17T05:31:56Z
[INFO] ------------------------------------------------------------------------
[INFO] Njord session closed
