[INFO] Processing build on daemon e20effc9
[INFO] Scanning for projects...
[INFO] Njord 0.9.4 session created
[INFO] BuildTimeEventSpy is registered.
[INFO] 
[INFO] Using the SmartBuilder implementation with a thread count of 7
[INFO] 
[INFO] -------------------------< org.weakref:nitro >--------------------------
[INFO] Building nitro 1-SNAPSHOT
[INFO]   from pom.xml
[INFO] --------------------------------[ jar ]---------------------------------
[WARNING] 2 problems were encountered while building the effective model for org.apache.yetus:audience-annotations:jar:0.5.0 during dependency collection step for project (use -X to see details)
[INFO] 
[INFO] --- exec:3.6.1:exec (benchmark) @ nitro ---
[WARNING] [stderr] WARNING: Using incubator modules: jdk.incubator.vector
[WARNING] [stderr] WARNING: A terminally deprecated method in sun.misc.Unsafe has been called
[WARNING] [stderr] WARNING: sun.misc.Unsafe::objectFieldOffset has been called by org.openjdk.jmh.util.Utils (file:/root/.m2/repository/org/openjdk/jmh/jmh-core/1.37/jmh-core-1.37.jar)
[WARNING] [stderr] WARNING: Please consider reporting this to the maintainers of class org.openjdk.jmh.util.Utils
[WARNING] [stderr] WARNING: sun.misc.Unsafe::objectFieldOffset will be removed in a future release
[INFO] [stdout] # JMH version: 1.37
[INFO] [stdout] # VM version: JDK 26.0.1, OpenJDK 64-Bit Server VM, 26.0.1+8
[INFO] [stdout] # VM invoker: /opt/java/openjdk/bin/java
[INFO] [stdout] # VM options: --enable-preview --add-modules=jdk.incubator.vector -Dnitro.clickbench.hits.path= -Xmx12g -XX:+UseTransparentHugePages -Dnitro.groupedAggregation.fusedCountColumn=true -Dnitro.groupedAggregation.fusedDictionaryInput=true -Dnitro.tpcds.parquet.path=/root/data/tpcds-parquet-sf10 -Dnitro.tpcds.parquet.schema=sf10
[INFO] [stdout] # Blackhole mode: compiler (auto-detected, use -Djmh.blackhole.autoDetect=false to disable)
[INFO] [stdout] # Warmup: 2 iterations, 1 s each
[INFO] [stdout] # Measurement: 3 iterations, 1 s each
[INFO] [stdout] # Timeout: 30 min per iteration
[INFO] [stdout] # Threads: 1 thread, will synchronize iterations
[INFO] [stdout] # Benchmark mode: Average time, time/op
[INFO] [stdout] # Benchmark: org.weakref.nitro.tpcds.BenchmarkQueries.query06
[INFO] [stdout] 
[INFO] [stdout] # Run progress: 0.00% complete, ETA 00:00:35
[INFO] [stdout] # Fork: 1 of 1
[INFO] [stdout] # Preparing profilers: LinuxPerfNormProfiler 
[INFO] [stdout] # Profilers consume stderr from target VM, use -v EXTRA to copy to console
[INFO] [stdout] # Warmup Iteration   1: 760.546 ms/op
[INFO] [stdout] # Warmup Iteration   2: 471.518 ms/op
[INFO] [stdout] Iteration   1: 463.500 ms/op
[INFO] [stdout]                  gc.alloc.rate:      317.354 MB/sec
[INFO] [stdout]                  gc.alloc.rate.norm: 154256320.000 B/op
[INFO] [stdout]                  gc.count:           7.000 counts
[INFO] [stdout]                  gc.time:            11.000 ms
[INFO] [stdout] 
[INFO] [stdout] Iteration   2: 462.238 ms/op
[INFO] [stdout]                  gc.alloc.rate:      318.223 MB/sec
[INFO] [stdout]                  gc.alloc.rate.norm: 154256530.667 B/op
[INFO] [stdout]                  gc.count:           10.000 counts
[INFO] [stdout]                  gc.time:            11.000 ms
[INFO] [stdout] 
[INFO] [stdout] Iteration   3: 462.206 ms/op
[INFO] [stdout]                  gc.alloc.rate:      318.243 MB/sec
[INFO] [stdout]                  gc.alloc.rate.norm: 154254114.667 B/op
[INFO] [stdout]                  gc.count:           6.000 counts
[INFO] [stdout]                  gc.time:            9.000 ms
[INFO] [stdout] 
[INFO] [stdout] # Processing profiler results: LinuxPerfNormProfiler 
[INFO] [stdout] 
[INFO] [stdout] 
[INFO] [stdout] Result "org.weakref.nitro.tpcds.BenchmarkQueries.query06":
[INFO] [stdout]   462.648 ±(99.9%) 13.461 ms/op [Average]
[INFO] [stdout]   (min, avg, max) = (462.206, 462.648, 463.500), stdev = 0.738
[INFO] [stdout]   CI (99.9%): [449.187, 476.109] (assumes normal distribution)
[INFO] [stdout] 
[INFO] [stdout] Secondary result "org.weakref.nitro.tpcds.BenchmarkQueries.query06:CPI":
[INFO] [stdout]   0.254 clks/insn
[INFO] [stdout] 
[INFO] [stdout] Secondary result "org.weakref.nitro.tpcds.BenchmarkQueries.query06:IPC":
[INFO] [stdout]   3.937 insns/clk
[INFO] [stdout] 
[INFO] [stdout] Secondary result "org.weakref.nitro.tpcds.BenchmarkQueries.query06:L1-dcache-load-misses":
[INFO] [stdout]   153093666.594 #/op
[INFO] [stdout] 
[INFO] [stdout] Secondary result "org.weakref.nitro.tpcds.BenchmarkQueries.query06:L1-dcache-loads":
[INFO] [stdout]   4617964373.098 #/op
[INFO] [stdout] 
[INFO] [stdout] Secondary result "org.weakref.nitro.tpcds.BenchmarkQueries.query06:L1-icache-load-misses":
[INFO] [stdout]   6063988.309 #/op
[INFO] [stdout] 
[INFO] [stdout] Secondary result "org.weakref.nitro.tpcds.BenchmarkQueries.query06:L1-icache-loads":
[INFO] [stdout]   79484477.423 #/op
[INFO] [stdout] 
[INFO] [stdout] Secondary result "org.weakref.nitro.tpcds.BenchmarkQueries.query06:branch-misses":
[INFO] [stdout]   13275951.572 #/op
[INFO] [stdout] 
[INFO] [stdout] Secondary result "org.weakref.nitro.tpcds.BenchmarkQueries.query06:branches":
[INFO] [stdout]   2235134673.529 #/op
[INFO] [stdout] 
[INFO] [stdout] Secondary result "org.weakref.nitro.tpcds.BenchmarkQueries.query06:cycles":
[INFO] [stdout]   2631246477.575 #/op
[INFO] [stdout] 
[INFO] [stdout] Secondary result "org.weakref.nitro.tpcds.BenchmarkQueries.query06:dTLB-load-misses":
[INFO] [stdout]   92676.871 #/op
[INFO] [stdout] 
[INFO] [stdout] Secondary result "org.weakref.nitro.tpcds.BenchmarkQueries.query06:dTLB-loads":
[INFO] [stdout]   2349496.492 #/op
[INFO] [stdout] 
[INFO] [stdout] Secondary result "org.weakref.nitro.tpcds.BenchmarkQueries.query06:gc.alloc.rate":
[INFO] [stdout]   317.940 ±(99.9%) 9.262 MB/sec [Average]
[INFO] [stdout]   (min, avg, max) = (317.354, 317.940, 318.243), stdev = 0.508
[INFO] [stdout]   CI (99.9%): [308.678, 327.202] (assumes normal distribution)
[INFO] [stdout] 
[INFO] [stdout] Secondary result "org.weakref.nitro.tpcds.BenchmarkQueries.query06:gc.alloc.rate.norm":
[INFO] [stdout]   154255655.111 ±(99.9%) 24414.041 B/op [Average]
[INFO] [stdout]   (min, avg, max) = (154254114.667, 154255655.111, 154256530.667), stdev = 1338.216
[INFO] [stdout]   CI (99.9%): [154231241.070, 154280069.152] (assumes normal distribution)
[INFO] [stdout] 
[INFO] [stdout] Secondary result "org.weakref.nitro.tpcds.BenchmarkQueries.query06:gc.count":
[INFO] [stdout]   23.000 ±(99.9%) 0.001 counts [Sum]
[INFO] [stdout]   (min, avg, max) = (6.000, 7.667, 10.000), stdev = 2.082
[INFO] [stdout]   CI (99.9%): [23.000, 23.000] (assumes normal distribution)
[INFO] [stdout] 
[INFO] [stdout] Secondary result "org.weakref.nitro.tpcds.BenchmarkQueries.query06:gc.time":
[INFO] [stdout]   31.000 ±(99.9%) 0.001 ms [Sum]
[INFO] [stdout]   (min, avg, max) = (9.000, 10.333, 11.000), stdev = 1.155
[INFO] [stdout]   CI (99.9%): [31.000, 31.000] (assumes normal distribution)
[INFO] [stdout] 
[INFO] [stdout] Secondary result "org.weakref.nitro.tpcds.BenchmarkQueries.query06:iTLB-load-misses":
[INFO] [stdout]   22083.344 #/op
[INFO] [stdout] 
[INFO] [stdout] Secondary result "org.weakref.nitro.tpcds.BenchmarkQueries.query06:iTLB-loads":
[INFO] [stdout]   1445235.581 #/op
[INFO] [stdout] 
[INFO] [stdout] Secondary result "org.weakref.nitro.tpcds.BenchmarkQueries.query06:instructions":
[INFO] [stdout]   10360014865.476 #/op
[INFO] [stdout] 
[INFO] [stdout] Secondary result "org.weakref.nitro.tpcds.BenchmarkQueries.query06:stalled-cycles-frontend":
[INFO] [stdout]   389772872.118 #/op
[INFO] [stdout] 
[INFO] [stdout] 
[INFO] [stdout] # JMH version: 1.37
[INFO] [stdout] # VM version: JDK 26.0.1, OpenJDK 64-Bit Server VM, 26.0.1+8
[INFO] [stdout] # VM invoker: /opt/java/openjdk/bin/java
[INFO] [stdout] # VM options: --enable-preview --add-modules=jdk.incubator.vector -Dnitro.clickbench.hits.path= -Xmx12g -XX:+UseTransparentHugePages -Dnitro.groupedAggregation.fusedCountColumn=true -Dnitro.groupedAggregation.fusedDictionaryInput=true -Dnitro.tpcds.parquet.path=/root/data/tpcds-parquet-sf10 -Dnitro.tpcds.parquet.schema=sf10
[INFO] [stdout] # Blackhole mode: compiler (auto-detected, use -Djmh.blackhole.autoDetect=false to disable)
[INFO] [stdout] # Warmup: 2 iterations, 1 s each
[INFO] [stdout] # Measurement: 3 iterations, 1 s each
[INFO] [stdout] # Timeout: 30 min per iteration
[INFO] [stdout] # Threads: 1 thread, will synchronize iterations
[INFO] [stdout] # Benchmark mode: Average time, time/op
[INFO] [stdout] # Benchmark: org.weakref.nitro.tpcds.BenchmarkQueries.query22
[INFO] [stdout] 
[INFO] [stdout] # Run progress: 14.29% complete, ETA 00:00:44
[INFO] [stdout] # Fork: 1 of 1
[INFO] [stdout] # Preparing profilers: LinuxPerfNormProfiler 
[INFO] [stdout] # Profilers consume stderr from target VM, use -v EXTRA to copy to console
[INFO] [stdout] # Warmup Iteration   1: 1683.187 ms/op
[INFO] [stdout] # Warmup Iteration   2: 1275.280 ms/op
[INFO] [stdout] Iteration   1: 1208.970 ms/op
[INFO] [stdout]                  gc.alloc.rate:      85.355 MB/sec
[INFO] [stdout]                  gc.alloc.rate.norm: 108214848.000 B/op
[INFO] [stdout]                  gc.count:           ≈ 0 counts
[INFO] [stdout] 
[INFO] [stdout] Iteration   2: 1205.796 ms/op
[INFO] [stdout]                  gc.alloc.rate:      84.329 MB/sec
[INFO] [stdout]                  gc.alloc.rate.norm: 106634592.000 B/op
[INFO] [stdout]                  gc.count:           ≈ 0 counts
[INFO] [stdout] 
[INFO] [stdout] Iteration   3: 1204.654 ms/op
[INFO] [stdout]                  gc.alloc.rate:      81.880 MB/sec
[INFO] [stdout]                  gc.alloc.rate.norm: 103439856.000 B/op
[INFO] [stdout]                  gc.count:           1.000 counts
[INFO] [stdout]                  gc.time:            4.000 ms
[INFO] [stdout] 
[INFO] [stdout] # Processing profiler results: LinuxPerfNormProfiler 
[INFO] [stdout] 
[INFO] [stdout] 
[INFO] [stdout] Result "org.weakref.nitro.tpcds.BenchmarkQueries.query22":
[INFO] [stdout]   1206.474 ±(99.9%) 40.803 ms/op [Average]
[INFO] [stdout]   (min, avg, max) = (1204.654, 1206.474, 1208.970), stdev = 2.237
[INFO] [stdout]   CI (99.9%): [1165.671, 1247.276] (assumes normal distribution)
[INFO] [stdout] 
[INFO] [stdout] Secondary result "org.weakref.nitro.tpcds.BenchmarkQueries.query22:CPI":
[INFO] [stdout]   0.239 clks/insn
[INFO] [stdout] 
[INFO] [stdout] Secondary result "org.weakref.nitro.tpcds.BenchmarkQueries.query22:IPC":
[INFO] [stdout]   4.183 insns/clk
[INFO] [stdout] 
[INFO] [stdout] Secondary result "org.weakref.nitro.tpcds.BenchmarkQueries.query22:L1-dcache-load-misses":
[INFO] [stdout]   209441863.599 #/op
[INFO] [stdout] 
[INFO] [stdout] Secondary result "org.weakref.nitro.tpcds.BenchmarkQueries.query22:L1-dcache-loads":
[INFO] [stdout]   12994051409.317 #/op
[INFO] [stdout] 
[INFO] [stdout] Secondary result "org.weakref.nitro.tpcds.BenchmarkQueries.query22:L1-icache-load-misses":
[INFO] [stdout]   7045609.110 #/op
[INFO] [stdout] 
[INFO] [stdout] Secondary result "org.weakref.nitro.tpcds.BenchmarkQueries.query22:L1-icache-loads":
[INFO] [stdout]   83464182.141 #/op
[INFO] [stdout] 
[INFO] [stdout] Secondary result "org.weakref.nitro.tpcds.BenchmarkQueries.query22:branch-misses":
[INFO] [stdout]   23460944.632 #/op
[INFO] [stdout] 
[INFO] [stdout] Secondary result "org.weakref.nitro.tpcds.BenchmarkQueries.query22:branches":
[INFO] [stdout]   5876322409.803 #/op
[INFO] [stdout] 
[INFO] [stdout] Secondary result "org.weakref.nitro.tpcds.BenchmarkQueries.query22:cycles":
[INFO] [stdout]   7091137809.608 #/op
[INFO] [stdout] 
[INFO] [stdout] Secondary result "org.weakref.nitro.tpcds.BenchmarkQueries.query22:dTLB-load-misses":
[INFO] [stdout]   221129.345 #/op
[INFO] [stdout] 
[INFO] [stdout] Secondary result "org.weakref.nitro.tpcds.BenchmarkQueries.query22:dTLB-loads":
[INFO] [stdout]   5168687.778 #/op
[INFO] [stdout] 
[INFO] [stdout] Secondary result "org.weakref.nitro.tpcds.BenchmarkQueries.query22:gc.alloc.rate":
[INFO] [stdout]   83.855 ±(99.9%) 32.570 MB/sec [Average]
[INFO] [stdout]   (min, avg, max) = (81.880, 83.855, 85.355), stdev = 1.785
[INFO] [stdout]   CI (99.9%): [51.285, 116.424] (assumes normal distribution)
[INFO] [stdout] 
[INFO] [stdout] Secondary result "org.weakref.nitro.tpcds.BenchmarkQueries.query22:gc.alloc.rate.norm":
[INFO] [stdout]   106096432.000 ±(99.9%) 44378954.266 B/op [Average]
[INFO] [stdout]   (min, avg, max) = (103439856.000, 106096432.000, 108214848.000), stdev = 2432560.233
[INFO] [stdout]   CI (99.9%): [61717477.734, 150475386.266] (assumes normal distribution)
[INFO] [stdout] 
[INFO] [stdout] Secondary result "org.weakref.nitro.tpcds.BenchmarkQueries.query22:gc.count":
[INFO] [stdout]   1.000 ±(99.9%) 0.001 counts [Sum]
[INFO] [stdout]   (min, avg, max) = (≈ 0, 0.333, 1.000), stdev = 0.577
[INFO] [stdout]   CI (99.9%): [1.000, 1.000] (assumes normal distribution)
[INFO] [stdout] 
[INFO] [stdout] Secondary result "org.weakref.nitro.tpcds.BenchmarkQueries.query22:gc.time":
[INFO] [stdout]   4.000 ±(99.9%) 0.001 ms [Sum]
[INFO] [stdout]   (min, avg, max) = (≈ 0, 1.333, 4.000), stdev = 2.309
[INFO] [stdout]   CI (99.9%): [4.000, 4.000] (assumes normal distribution)
[INFO] [stdout] 
[INFO] [stdout] Secondary result "org.weakref.nitro.tpcds.BenchmarkQueries.query22:iTLB-load-misses":
[INFO] [stdout]   30416.861 #/op
[INFO] [stdout] 
[INFO] [stdout] Secondary result "org.weakref.nitro.tpcds.BenchmarkQueries.query22:iTLB-loads":
[INFO] [stdout]   2630488.567 #/op
[INFO] [stdout] 
[INFO] [stdout] Secondary result "org.weakref.nitro.tpcds.BenchmarkQueries.query22:instructions":
[INFO] [stdout]   29663305414.703 #/op
[INFO] [stdout] 
[INFO] [stdout] Secondary result "org.weakref.nitro.tpcds.BenchmarkQueries.query22:stalled-cycles-frontend":
[INFO] [stdout]   1200022591.018 #/op
[INFO] [stdout] 
[INFO] [stdout] 
[INFO] [stdout] # JMH version: 1.37
[INFO] [stdout] # VM version: JDK 26.0.1, OpenJDK 64-Bit Server VM, 26.0.1+8
[INFO] [stdout] # VM invoker: /opt/java/openjdk/bin/java
[INFO] [stdout] # VM options: --enable-preview --add-modules=jdk.incubator.vector -Dnitro.clickbench.hits.path= -Xmx12g -XX:+UseTransparentHugePages -Dnitro.groupedAggregation.fusedCountColumn=true -Dnitro.groupedAggregation.fusedDictionaryInput=true -Dnitro.tpcds.parquet.path=/root/data/tpcds-parquet-sf10 -Dnitro.tpcds.parquet.schema=sf10
[INFO] [stdout] # Blackhole mode: compiler (auto-detected, use -Djmh.blackhole.autoDetect=false to disable)
[INFO] [stdout] # Warmup: 2 iterations, 1 s each
[INFO] [stdout] # Measurement: 3 iterations, 1 s each
[INFO] [stdout] # Timeout: 30 min per iteration
[INFO] [stdout] # Threads: 1 thread, will synchronize iterations
[INFO] [stdout] # Benchmark mode: Average time, time/op
[INFO] [stdout] # Benchmark: org.weakref.nitro.tpcds.BenchmarkQueries.query30
[INFO] [stdout] 
[INFO] [stdout] # Run progress: 28.57% complete, ETA 00:00:36
[INFO] [stdout] # Fork: 1 of 1
[INFO] [stdout] # Preparing profilers: LinuxPerfNormProfiler 
[INFO] [stdout] # Profilers consume stderr from target VM, use -v EXTRA to copy to console
[INFO] [stdout] # Warmup Iteration   1: 374.013 ms/op
[INFO] [stdout] # Warmup Iteration   2: 182.449 ms/op
[INFO] [stdout] Iteration   1: 174.502 ms/op
[INFO] [stdout]                  gc.alloc.rate:      811.104 MB/sec
[INFO] [stdout]                  gc.alloc.rate.norm: 148433970.667 B/op
[INFO] [stdout]                  gc.count:           5.000 counts
[INFO] [stdout]                  gc.time:            7.000 ms
[INFO] [stdout] 
[INFO] [stdout] Iteration   2: 174.355 ms/op
[INFO] [stdout]                  gc.alloc.rate:      811.764 MB/sec
[INFO] [stdout]                  gc.alloc.rate.norm: 148430329.333 B/op
[INFO] [stdout]                  gc.count:           2.000 counts
[INFO] [stdout]                  gc.time:            10.000 ms
[INFO] [stdout] 
[INFO] [stdout] Iteration   3: 172.930 ms/op
[INFO] [stdout]                  gc.alloc.rate:      818.166 MB/sec
[INFO] [stdout]                  gc.alloc.rate.norm: 148377156.000 B/op
[INFO] [stdout]                  gc.count:           4.000 counts
[INFO] [stdout]                  gc.time:            4.000 ms
[INFO] [stdout] 
[INFO] [stdout] # Processing profiler results: LinuxPerfNormProfiler 
[INFO] [stdout] 
[INFO] [stdout] 
[INFO] [stdout] Result "org.weakref.nitro.tpcds.BenchmarkQueries.query30":
[INFO] [stdout]   173.929 ±(99.9%) 15.848 ms/op [Average]
[INFO] [stdout]   (min, avg, max) = (172.930, 173.929, 174.502), stdev = 0.869
[INFO] [stdout]   CI (99.9%): [158.081, 189.777] (assumes normal distribution)
[INFO] [stdout] 
[INFO] [stdout] Secondary result "org.weakref.nitro.tpcds.BenchmarkQueries.query30:CPI":
[INFO] [stdout]   0.276 clks/insn
[INFO] [stdout] 
[INFO] [stdout] Secondary result "org.weakref.nitro.tpcds.BenchmarkQueries.query30:IPC":
[INFO] [stdout]   3.625 insns/clk
[INFO] [stdout] 
[INFO] [stdout] Secondary result "org.weakref.nitro.tpcds.BenchmarkQueries.query30:L1-dcache-load-misses":
[INFO] [stdout]   35172813.720 #/op
[INFO] [stdout] 
[INFO] [stdout] Secondary result "org.weakref.nitro.tpcds.BenchmarkQueries.query30:L1-dcache-loads":
[INFO] [stdout]   1752765710.958 #/op
[INFO] [stdout] 
[INFO] [stdout] Secondary result "org.weakref.nitro.tpcds.BenchmarkQueries.query30:L1-icache-load-misses":
[INFO] [stdout]   1900681.106 #/op
[INFO] [stdout] 
[INFO] [stdout] Secondary result "org.weakref.nitro.tpcds.BenchmarkQueries.query30:L1-icache-loads":
[INFO] [stdout]   21626806.404 #/op
[INFO] [stdout] 
[INFO] [stdout] Secondary result "org.weakref.nitro.tpcds.BenchmarkQueries.query30:branch-misses":
[INFO] [stdout]   6179042.370 #/op
[INFO] [stdout] 
[INFO] [stdout] Secondary result "org.weakref.nitro.tpcds.BenchmarkQueries.query30:branches":
[INFO] [stdout]   812574032.608 #/op
[INFO] [stdout] 
[INFO] [stdout] Secondary result "org.weakref.nitro.tpcds.BenchmarkQueries.query30:cycles":
[INFO] [stdout]   1117140274.010 #/op
[INFO] [stdout] 
[INFO] [stdout] Secondary result "org.weakref.nitro.tpcds.BenchmarkQueries.query30:dTLB-load-misses":
[INFO] [stdout]   67021.926 #/op
[INFO] [stdout] 
[INFO] [stdout] Secondary result "org.weakref.nitro.tpcds.BenchmarkQueries.query30:dTLB-loads":
[INFO] [stdout]   1222551.330 #/op
[INFO] [stdout] 
[INFO] [stdout] Secondary result "org.weakref.nitro.tpcds.BenchmarkQueries.query30:gc.alloc.rate":
[INFO] [stdout]   813.678 ±(99.9%) 71.162 MB/sec [Average]
[INFO] [stdout]   (min, avg, max) = (811.104, 813.678, 818.166), stdev = 3.901
[INFO] [stdout]   CI (99.9%): [742.516, 884.841] (assumes normal distribution)
[INFO] [stdout] 
[INFO] [stdout] Secondary result "org.weakref.nitro.tpcds.BenchmarkQueries.query30:gc.alloc.rate.norm":
[INFO] [stdout]   148413818.667 ±(99.9%) 580204.356 B/op [Average]
[INFO] [stdout]   (min, avg, max) = (148377156.000, 148413818.667, 148433970.667), stdev = 31802.959
[INFO] [stdout]   CI (99.9%): [147833614.311, 148994023.022] (assumes normal distribution)
[INFO] [stdout] 
[INFO] [stdout] Secondary result "org.weakref.nitro.tpcds.BenchmarkQueries.query30:gc.count":
[INFO] [stdout]   11.000 ±(99.9%) 0.001 counts [Sum]
[INFO] [stdout]   (min, avg, max) = (2.000, 3.667, 5.000), stdev = 1.528
[INFO] [stdout]   CI (99.9%): [11.000, 11.000] (assumes normal distribution)
[INFO] [stdout] 
[INFO] [stdout] Secondary result "org.weakref.nitro.tpcds.BenchmarkQueries.query30:gc.time":
[INFO] [stdout]   21.000 ±(99.9%) 0.001 ms [Sum]
[INFO] [stdout]   (min, avg, max) = (4.000, 7.000, 10.000), stdev = 3.000
[INFO] [stdout]   CI (99.9%): [21.000, 21.000] (assumes normal distribution)
[INFO] [stdout] 
[INFO] [stdout] Secondary result "org.weakref.nitro.tpcds.BenchmarkQueries.query30:iTLB-load-misses":
[INFO] [stdout]   16482.519 #/op
[INFO] [stdout] 
[INFO] [stdout] Secondary result "org.weakref.nitro.tpcds.BenchmarkQueries.query30:iTLB-loads":
[INFO] [stdout]   1118431.767 #/op
[INFO] [stdout] 
[INFO] [stdout] Secondary result "org.weakref.nitro.tpcds.BenchmarkQueries.query30:instructions":
[INFO] [stdout]   4049253932.365 #/op
[INFO] [stdout] 
[INFO] [stdout] Secondary result "org.weakref.nitro.tpcds.BenchmarkQueries.query30:stalled-cycles-frontend":
[INFO] [stdout]   224479595.972 #/op
[INFO] [stdout] 
[INFO] [stdout] 
[INFO] [stdout] # JMH version: 1.37
[INFO] [stdout] # VM version: JDK 26.0.1, OpenJDK 64-Bit Server VM, 26.0.1+8
[INFO] [stdout] # VM invoker: /opt/java/openjdk/bin/java
[INFO] [stdout] # VM options: --enable-preview --add-modules=jdk.incubator.vector -Dnitro.clickbench.hits.path= -Xmx12g -XX:+UseTransparentHugePages -Dnitro.groupedAggregation.fusedCountColumn=true -Dnitro.groupedAggregation.fusedDictionaryInput=true -Dnitro.tpcds.parquet.path=/root/data/tpcds-parquet-sf10 -Dnitro.tpcds.parquet.schema=sf10
[INFO] [stdout] # Blackhole mode: compiler (auto-detected, use -Djmh.blackhole.autoDetect=false to disable)
[INFO] [stdout] # Warmup: 2 iterations, 1 s each
[INFO] [stdout] # Measurement: 3 iterations, 1 s each
[INFO] [stdout] # Timeout: 30 min per iteration
[INFO] [stdout] # Threads: 1 thread, will synchronize iterations
[INFO] [stdout] # Benchmark mode: Average time, time/op
[INFO] [stdout] # Benchmark: org.weakref.nitro.tpcds.BenchmarkQueries.query32
[INFO] [stdout] 
[INFO] [stdout] # Run progress: 42.86% complete, ETA 00:00:27
[INFO] [stdout] # Fork: 1 of 1
[INFO] [stdout] # Preparing profilers: LinuxPerfNormProfiler 
[INFO] [stdout] # Profilers consume stderr from target VM, use -v EXTRA to copy to console
[INFO] [stdout] # Warmup Iteration   1: 104.694 ms/op
[INFO] [stdout] # Warmup Iteration   2: 57.460 ms/op
[INFO] [stdout] Iteration   1: 56.990 ms/op
[INFO] [stdout]                  gc.alloc.rate:      478.084 MB/sec
[INFO] [stdout]                  gc.alloc.rate.norm: 28574209.333 B/op
[INFO] [stdout]                  gc.count:           4.000 counts
[INFO] [stdout]                  gc.time:            4.000 ms
[INFO] [stdout] 
[INFO] [stdout] Iteration   2: 56.844 ms/op
[INFO] [stdout]                  gc.alloc.rate:      479.311 MB/sec
[INFO] [stdout]                  gc.alloc.rate.norm: 28573485.333 B/op
[INFO] [stdout]                  gc.count:           1.000 counts
[INFO] [stdout]                  gc.time:            1.000 ms
[INFO] [stdout] 
[INFO] [stdout] Iteration   3: 55.611 ms/op
[INFO] [stdout]                  gc.alloc.rate:      489.904 MB/sec
[INFO] [stdout]                  gc.alloc.rate.norm: 28571410.667 B/op
[INFO] [stdout]                  gc.count:           4.000 counts
[INFO] [stdout]                  gc.time:            4.000 ms
[INFO] [stdout] 
[INFO] [stdout] # Processing profiler results: LinuxPerfNormProfiler 
[INFO] [stdout] 
[INFO] [stdout] 
[INFO] [stdout] Result "org.weakref.nitro.tpcds.BenchmarkQueries.query32":
[INFO] [stdout]   56.482 ±(99.9%) 13.824 ms/op [Average]
[INFO] [stdout]   (min, avg, max) = (55.611, 56.482, 56.990), stdev = 0.758
[INFO] [stdout]   CI (99.9%): [42.658, 70.305] (assumes normal distribution)
[INFO] [stdout] 
[INFO] [stdout] Secondary result "org.weakref.nitro.tpcds.BenchmarkQueries.query32:CPI":
[INFO] [stdout]   0.252 clks/insn
[INFO] [stdout] 
[INFO] [stdout] Secondary result "org.weakref.nitro.tpcds.BenchmarkQueries.query32:IPC":
[INFO] [stdout]   3.961 insns/clk
[INFO] [stdout] 
[INFO] [stdout] Secondary result "org.weakref.nitro.tpcds.BenchmarkQueries.query32:L1-dcache-load-misses":
[INFO] [stdout]   16027598.300 #/op
[INFO] [stdout] 
[INFO] [stdout] Secondary result "org.weakref.nitro.tpcds.BenchmarkQueries.query32:L1-dcache-loads":
[INFO] [stdout]   555141369.102 #/op
[INFO] [stdout] 
[INFO] [stdout] Secondary result "org.weakref.nitro.tpcds.BenchmarkQueries.query32:L1-icache-load-misses":
[INFO] [stdout]   540426.210 #/op
[INFO] [stdout] 
[INFO] [stdout] Secondary result "org.weakref.nitro.tpcds.BenchmarkQueries.query32:L1-icache-loads":
[INFO] [stdout]   6778703.357 #/op
[INFO] [stdout] 
[INFO] [stdout] Secondary result "org.weakref.nitro.tpcds.BenchmarkQueries.query32:branch-misses":
[INFO] [stdout]   1600108.126 #/op
[INFO] [stdout] 
[INFO] [stdout] Secondary result "org.weakref.nitro.tpcds.BenchmarkQueries.query32:branches":
[INFO] [stdout]   279252056.549 #/op
[INFO] [stdout] 
[INFO] [stdout] Secondary result "org.weakref.nitro.tpcds.BenchmarkQueries.query32:cycles":
[INFO] [stdout]   340014520.526 #/op
[INFO] [stdout] 
[INFO] [stdout] Secondary result "org.weakref.nitro.tpcds.BenchmarkQueries.query32:dTLB-load-misses":
[INFO] [stdout]   38826.939 #/op
[INFO] [stdout] 
[INFO] [stdout] Secondary result "org.weakref.nitro.tpcds.BenchmarkQueries.query32:dTLB-loads":
[INFO] [stdout]   389406.110 #/op
[INFO] [stdout] 
[INFO] [stdout] Secondary result "org.weakref.nitro.tpcds.BenchmarkQueries.query32:gc.alloc.rate":
[INFO] [stdout]   482.433 ±(99.9%) 118.571 MB/sec [Average]
[INFO] [stdout]   (min, avg, max) = (478.084, 482.433, 489.904), stdev = 6.499
[INFO] [stdout]   CI (99.9%): [363.862, 601.004] (assumes normal distribution)
[INFO] [stdout] 
[INFO] [stdout] Secondary result "org.weakref.nitro.tpcds.BenchmarkQueries.query32:gc.alloc.rate.norm":
[INFO] [stdout]   28573035.111 ±(99.9%) 26501.535 B/op [Average]
[INFO] [stdout]   (min, avg, max) = (28571410.667, 28573035.111, 28574209.333), stdev = 1452.639
[INFO] [stdout]   CI (99.9%): [28546533.576, 28599536.646] (assumes normal distribution)
[INFO] [stdout] 
[INFO] [stdout] Secondary result "org.weakref.nitro.tpcds.BenchmarkQueries.query32:gc.count":
[INFO] [stdout]   9.000 ±(99.9%) 0.001 counts [Sum]
[INFO] [stdout]   (min, avg, max) = (1.000, 3.000, 4.000), stdev = 1.732
[INFO] [stdout]   CI (99.9%): [9.000, 9.000] (assumes normal distribution)
[INFO] [stdout] 
[INFO] [stdout] Secondary result "org.weakref.nitro.tpcds.BenchmarkQueries.query32:gc.time":
[INFO] [stdout]   9.000 ±(99.9%) 0.001 ms [Sum]
[INFO] [stdout]   (min, avg, max) = (1.000, 3.000, 4.000), stdev = 1.732
[INFO] [stdout]   CI (99.9%): [9.000, 9.000] (assumes normal distribution)
[INFO] [stdout] 
[INFO] [stdout] Secondary result "org.weakref.nitro.tpcds.BenchmarkQueries.query32:iTLB-load-misses":
[INFO] [stdout]   6000.857 #/op
[INFO] [stdout] 
[INFO] [stdout] Secondary result "org.weakref.nitro.tpcds.BenchmarkQueries.query32:iTLB-loads":
[INFO] [stdout]   266768.463 #/op
[INFO] [stdout] 
[INFO] [stdout] Secondary result "org.weakref.nitro.tpcds.BenchmarkQueries.query32:instructions":
[INFO] [stdout]   1346759704.461 #/op
[INFO] [stdout] 
[INFO] [stdout] Secondary result "org.weakref.nitro.tpcds.BenchmarkQueries.query32:stalled-cycles-frontend":
[INFO] [stdout]   61889317.883 #/op
[INFO] [stdout] 
[INFO] [stdout] 
[INFO] [stdout] # JMH version: 1.37
[INFO] [stdout] # VM version: JDK 26.0.1, OpenJDK 64-Bit Server VM, 26.0.1+8
[INFO] [stdout] # VM invoker: /opt/java/openjdk/bin/java
[INFO] [stdout] # VM options: --enable-preview --add-modules=jdk.incubator.vector -Dnitro.clickbench.hits.path= -Xmx12g -XX:+UseTransparentHugePages -Dnitro.groupedAggregation.fusedCountColumn=true -Dnitro.groupedAggregation.fusedDictionaryInput=true -Dnitro.tpcds.parquet.path=/root/data/tpcds-parquet-sf10 -Dnitro.tpcds.parquet.schema=sf10
[INFO] [stdout] # Blackhole mode: compiler (auto-detected, use -Djmh.blackhole.autoDetect=false to disable)
[INFO] [stdout] # Warmup: 2 iterations, 1 s each
[INFO] [stdout] # Measurement: 3 iterations, 1 s each
[INFO] [stdout] # Timeout: 30 min per iteration
[INFO] [stdout] # Threads: 1 thread, will synchronize iterations
[INFO] [stdout] # Benchmark mode: Average time, time/op
[INFO] [stdout] # Benchmark: org.weakref.nitro.tpcds.BenchmarkQueries.query44
[INFO] [stdout] 
[INFO] [stdout] # Run progress: 57.14% complete, ETA 00:00:19
[INFO] [stdout] # Fork: 1 of 1
[INFO] [stdout] # Preparing profilers: LinuxPerfNormProfiler 
[INFO] [stdout] # Profilers consume stderr from target VM, use -v EXTRA to copy to console
[INFO] [stdout] # Warmup Iteration   1: 1209.401 ms/op
[INFO] [stdout] # Warmup Iteration   2: 687.106 ms/op
[INFO] [stdout] Iteration   1: 636.277 ms/op
[INFO] [stdout]                  gc.alloc.rate:      206.198 MB/sec
[INFO] [stdout]                  gc.alloc.rate.norm: 137585996.000 B/op
[INFO] [stdout]                  gc.count:           4.000 counts
[INFO] [stdout]                  gc.time:            1.000 ms
[INFO] [stdout] 
[INFO] [stdout] Iteration   2: 635.384 ms/op
[INFO] [stdout]                  gc.alloc.rate:      206.483 MB/sec
[INFO] [stdout]                  gc.alloc.rate.norm: 137581828.000 B/op
[INFO] [stdout]                  gc.count:           1.000 counts
[INFO] [stdout]                  gc.time:            3.000 ms
[INFO] [stdout] 
[INFO] [stdout] Iteration   3: 635.688 ms/op
[INFO] [stdout]                  gc.alloc.rate:      206.389 MB/sec
[INFO] [stdout]                  gc.alloc.rate.norm: 137586224.000 B/op
[INFO] [stdout]                  gc.count:           4.000 counts
[INFO] [stdout]                  gc.time:            4.000 ms
[INFO] [stdout] 
[INFO] [stdout] # Processing profiler results: LinuxPerfNormProfiler 
[INFO] [stdout] 
[INFO] [stdout] 
[INFO] [stdout] Result "org.weakref.nitro.tpcds.BenchmarkQueries.query44":
[INFO] [stdout]   635.783 ±(99.9%) 8.283 ms/op [Average]
[INFO] [stdout]   (min, avg, max) = (635.384, 635.783, 636.277), stdev = 0.454
[INFO] [stdout]   CI (99.9%): [627.500, 644.066] (assumes normal distribution)
[INFO] [stdout] 
[INFO] [stdout] Secondary result "org.weakref.nitro.tpcds.BenchmarkQueries.query44:CPI":
[INFO] [stdout]   0.277 clks/insn
[INFO] [stdout] 
[INFO] [stdout] Secondary result "org.weakref.nitro.tpcds.BenchmarkQueries.query44:IPC":
[INFO] [stdout]   3.606 insns/clk
[INFO] [stdout] 
[INFO] [stdout] Secondary result "org.weakref.nitro.tpcds.BenchmarkQueries.query44:L1-dcache-load-misses":
[INFO] [stdout]   164404366.672 #/op
[INFO] [stdout] 
[INFO] [stdout] Secondary result "org.weakref.nitro.tpcds.BenchmarkQueries.query44:L1-dcache-loads":
[INFO] [stdout]   5925279705.919 #/op
[INFO] [stdout] 
[INFO] [stdout] Secondary result "org.weakref.nitro.tpcds.BenchmarkQueries.query44:L1-icache-load-misses":
[INFO] [stdout]   5117962.395 #/op
[INFO] [stdout] 
[INFO] [stdout] Secondary result "org.weakref.nitro.tpcds.BenchmarkQueries.query44:L1-icache-loads":
[INFO] [stdout]   68637970.819 #/op
[INFO] [stdout] 
[INFO] [stdout] Secondary result "org.weakref.nitro.tpcds.BenchmarkQueries.query44:branch-misses":
[INFO] [stdout]   31832071.231 #/op
[INFO] [stdout] 
[INFO] [stdout] Secondary result "org.weakref.nitro.tpcds.BenchmarkQueries.query44:branches":
[INFO] [stdout]   2385468639.262 #/op
[INFO] [stdout] 
[INFO] [stdout] Secondary result "org.weakref.nitro.tpcds.BenchmarkQueries.query44:cycles":
[INFO] [stdout]   3513385615.614 #/op
[INFO] [stdout] 
[INFO] [stdout] Secondary result "org.weakref.nitro.tpcds.BenchmarkQueries.query44:dTLB-load-misses":
[INFO] [stdout]   284509.893 #/op
[INFO] [stdout] 
[INFO] [stdout] Secondary result "org.weakref.nitro.tpcds.BenchmarkQueries.query44:dTLB-loads":
[INFO] [stdout]   2790272.577 #/op
[INFO] [stdout] 
[INFO] [stdout] Secondary result "org.weakref.nitro.tpcds.BenchmarkQueries.query44:gc.alloc.rate":
[INFO] [stdout]   206.356 ±(99.9%) 2.646 MB/sec [Average]
[INFO] [stdout]   (min, avg, max) = (206.198, 206.356, 206.483), stdev = 0.145
[INFO] [stdout]   CI (99.9%): [203.710, 209.003] (assumes normal distribution)
[INFO] [stdout] 
[INFO] [stdout] Secondary result "org.weakref.nitro.tpcds.BenchmarkQueries.query44:gc.alloc.rate.norm":
[INFO] [stdout]   137584682.667 ±(99.9%) 45150.310 B/op [Average]
[INFO] [stdout]   (min, avg, max) = (137581828.000, 137584682.667, 137586224.000), stdev = 2474.841
[INFO] [stdout]   CI (99.9%): [137539532.356, 137629832.977] (assumes normal distribution)
[INFO] [stdout] 
[INFO] [stdout] Secondary result "org.weakref.nitro.tpcds.BenchmarkQueries.query44:gc.count":
[INFO] [stdout]   9.000 ±(99.9%) 0.001 counts [Sum]
[INFO] [stdout]   (min, avg, max) = (1.000, 3.000, 4.000), stdev = 1.732
[INFO] [stdout]   CI (99.9%): [9.000, 9.000] (assumes normal distribution)
[INFO] [stdout] 
[INFO] [stdout] Secondary result "org.weakref.nitro.tpcds.BenchmarkQueries.query44:gc.time":
[INFO] [stdout]   8.000 ±(99.9%) 0.001 ms [Sum]
[INFO] [stdout]   (min, avg, max) = (1.000, 2.667, 4.000), stdev = 1.528
[INFO] [stdout]   CI (99.9%): [8.000, 8.000] (assumes normal distribution)
[INFO] [stdout] 
[INFO] [stdout] Secondary result "org.weakref.nitro.tpcds.BenchmarkQueries.query44:iTLB-load-misses":
[INFO] [stdout]   25292.473 #/op
[INFO] [stdout] 
[INFO] [stdout] Secondary result "org.weakref.nitro.tpcds.BenchmarkQueries.query44:iTLB-loads":
[INFO] [stdout]   2013171.290 #/op
[INFO] [stdout] 
[INFO] [stdout] Secondary result "org.weakref.nitro.tpcds.BenchmarkQueries.query44:instructions":
[INFO] [stdout]   12670611490.575 #/op
[INFO] [stdout] 
[INFO] [stdout] Secondary result "org.weakref.nitro.tpcds.BenchmarkQueries.query44:stalled-cycles-frontend":
[INFO] [stdout]   681374251.099 #/op
[INFO] [stdout] 
[INFO] [stdout] 
[INFO] [stdout] # JMH version: 1.37
[INFO] [stdout] # VM version: JDK 26.0.1, OpenJDK 64-Bit Server VM, 26.0.1+8
[INFO] [stdout] # VM invoker: /opt/java/openjdk/bin/java
[INFO] [stdout] # VM options: --enable-preview --add-modules=jdk.incubator.vector -Dnitro.clickbench.hits.path= -Xmx12g -XX:+UseTransparentHugePages -Dnitro.groupedAggregation.fusedCountColumn=true -Dnitro.groupedAggregation.fusedDictionaryInput=true -Dnitro.tpcds.parquet.path=/root/data/tpcds-parquet-sf10 -Dnitro.tpcds.parquet.schema=sf10
[INFO] [stdout] # Blackhole mode: compiler (auto-detected, use -Djmh.blackhole.autoDetect=false to disable)
[INFO] [stdout] # Warmup: 2 iterations, 1 s each
[INFO] [stdout] # Measurement: 3 iterations, 1 s each
[INFO] [stdout] # Timeout: 30 min per iteration
[INFO] [stdout] # Threads: 1 thread, will synchronize iterations
[INFO] [stdout] # Benchmark mode: Average time, time/op
[INFO] [stdout] # Benchmark: org.weakref.nitro.tpcds.BenchmarkQueries.query81
[INFO] [stdout] 
[INFO] [stdout] # Run progress: 71.43% complete, ETA 00:00:13
[INFO] [stdout] # Fork: 1 of 1
[INFO] [stdout] # Preparing profilers: LinuxPerfNormProfiler 
[INFO] [stdout] # Profilers consume stderr from target VM, use -v EXTRA to copy to console
[INFO] [stdout] # Warmup Iteration   1: 509.841 ms/op
[INFO] [stdout] # Warmup Iteration   2: 216.736 ms/op
[INFO] [stdout] Iteration   1: 206.418 ms/op
[INFO] [stdout]                  gc.alloc.rate:      865.825 MB/sec
[INFO] [stdout]                  gc.alloc.rate.norm: 187424017.600 B/op
[INFO] [stdout]                  gc.count:           1.000 counts
[INFO] [stdout]                  gc.time:            1.000 ms
[INFO] [stdout] 
[INFO] [stdout] Iteration   2: 205.207 ms/op
[INFO] [stdout]                  gc.alloc.rate:      870.694 MB/sec
[INFO] [stdout]                  gc.alloc.rate.norm: 187374174.400 B/op
[INFO] [stdout]                  gc.count:           1.000 counts
[INFO] [stdout]                  gc.time:            2.000 ms
[INFO] [stdout] 
[INFO] [stdout] Iteration   3: 204.709 ms/op
[INFO] [stdout]                  gc.alloc.rate:      872.786 MB/sec
[INFO] [stdout]                  gc.alloc.rate.norm: 187368788.800 B/op
[INFO] [stdout]                  gc.count:           2.000 counts
[INFO] [stdout]                  gc.time:            8.000 ms
[INFO] [stdout] 
[INFO] [stdout] # Processing profiler results: LinuxPerfNormProfiler 
[INFO] [stdout] 
[INFO] [stdout] 
[INFO] [stdout] Result "org.weakref.nitro.tpcds.BenchmarkQueries.query81":
[INFO] [stdout]   205.445 ±(99.9%) 16.033 ms/op [Average]
[INFO] [stdout]   (min, avg, max) = (204.709, 205.445, 206.418), stdev = 0.879
[INFO] [stdout]   CI (99.9%): [189.411, 221.478] (assumes normal distribution)
[INFO] [stdout] 
[INFO] [stdout] Secondary result "org.weakref.nitro.tpcds.BenchmarkQueries.query81:CPI":
[INFO] [stdout]   0.264 clks/insn
[INFO] [stdout] 
[INFO] [stdout] Secondary result "org.weakref.nitro.tpcds.BenchmarkQueries.query81:IPC":
[INFO] [stdout]   3.794 insns/clk
[INFO] [stdout] 
[INFO] [stdout] Secondary result "org.weakref.nitro.tpcds.BenchmarkQueries.query81:L1-dcache-load-misses":
[INFO] [stdout]   45738177.719 #/op
[INFO] [stdout] 
[INFO] [stdout] Secondary result "org.weakref.nitro.tpcds.BenchmarkQueries.query81:L1-dcache-loads":
[INFO] [stdout]   2298975001.510 #/op
[INFO] [stdout] 
[INFO] [stdout] Secondary result "org.weakref.nitro.tpcds.BenchmarkQueries.query81:L1-icache-load-misses":
[INFO] [stdout]   2005885.518 #/op
[INFO] [stdout] 
[INFO] [stdout] Secondary result "org.weakref.nitro.tpcds.BenchmarkQueries.query81:L1-icache-loads":
[INFO] [stdout]   23991354.564 #/op
[INFO] [stdout] 
[INFO] [stdout] Secondary result "org.weakref.nitro.tpcds.BenchmarkQueries.query81:branch-misses":
[INFO] [stdout]   5663859.510 #/op
[INFO] [stdout] 
[INFO] [stdout] Secondary result "org.weakref.nitro.tpcds.BenchmarkQueries.query81:branches":
[INFO] [stdout]   984558406.281 #/op
[INFO] [stdout] 
[INFO] [stdout] Secondary result "org.weakref.nitro.tpcds.BenchmarkQueries.query81:cycles":
[INFO] [stdout]   1326016115.055 #/op
[INFO] [stdout] 
[INFO] [stdout] Secondary result "org.weakref.nitro.tpcds.BenchmarkQueries.query81:dTLB-load-misses":
[INFO] [stdout]   74976.206 #/op
[INFO] [stdout] 
[INFO] [stdout] Secondary result "org.weakref.nitro.tpcds.BenchmarkQueries.query81:dTLB-loads":
[INFO] [stdout]   1572614.238 #/op
[INFO] [stdout] 
[INFO] [stdout] Secondary result "org.weakref.nitro.tpcds.BenchmarkQueries.query81:gc.alloc.rate":
[INFO] [stdout]   869.768 ±(99.9%) 65.162 MB/sec [Average]
[INFO] [stdout]   (min, avg, max) = (865.825, 869.768, 872.786), stdev = 3.572
[INFO] [stdout]   CI (99.9%): [804.606, 934.930] (assumes normal distribution)
[INFO] [stdout] 
[INFO] [stdout] Secondary result "org.weakref.nitro.tpcds.BenchmarkQueries.query81:gc.alloc.rate.norm":
[INFO] [stdout]   187388993.600 ±(99.9%) 555539.061 B/op [Average]
[INFO] [stdout]   (min, avg, max) = (187368788.800, 187388993.600, 187424017.600), stdev = 30450.970
[INFO] [stdout]   CI (99.9%): [186833454.539, 187944532.661] (assumes normal distribution)
[INFO] [stdout] 
[INFO] [stdout] Secondary result "org.weakref.nitro.tpcds.BenchmarkQueries.query81:gc.count":
[INFO] [stdout]   4.000 ±(99.9%) 0.001 counts [Sum]
[INFO] [stdout]   (min, avg, max) = (1.000, 1.333, 2.000), stdev = 0.577
[INFO] [stdout]   CI (99.9%): [4.000, 4.000] (assumes normal distribution)
[INFO] [stdout] 
[INFO] [stdout] Secondary result "org.weakref.nitro.tpcds.BenchmarkQueries.query81:gc.time":
[INFO] [stdout]   11.000 ±(99.9%) 0.001 ms [Sum]
[INFO] [stdout]   (min, avg, max) = (1.000, 3.667, 8.000), stdev = 3.786
[INFO] [stdout]   CI (99.9%): [11.000, 11.000] (assumes normal distribution)
[INFO] [stdout] 
[INFO] [stdout] Secondary result "org.weakref.nitro.tpcds.BenchmarkQueries.query81:iTLB-load-misses":
[INFO] [stdout]   19645.431 #/op
[INFO] [stdout] 
[INFO] [stdout] Secondary result "org.weakref.nitro.tpcds.BenchmarkQueries.query81:iTLB-loads":
[INFO] [stdout]   1266385.096 #/op
[INFO] [stdout] 
[INFO] [stdout] Secondary result "org.weakref.nitro.tpcds.BenchmarkQueries.query81:instructions":
[INFO] [stdout]   5030980505.189 #/op
[INFO] [stdout] 
[INFO] [stdout] Secondary result "org.weakref.nitro.tpcds.BenchmarkQueries.query81:stalled-cycles-frontend":
[INFO] [stdout]   237921068.242 #/op
[INFO] [stdout] 
[INFO] [stdout] 
[INFO] [stdout] # JMH version: 1.37
[INFO] [stdout] # VM version: JDK 26.0.1, OpenJDK 64-Bit Server VM, 26.0.1+8
[INFO] [stdout] # VM invoker: /opt/java/openjdk/bin/java
[INFO] [stdout] # VM options: --enable-preview --add-modules=jdk.incubator.vector -Dnitro.clickbench.hits.path= -Xmx12g -XX:+UseTransparentHugePages -Dnitro.groupedAggregation.fusedCountColumn=true -Dnitro.groupedAggregation.fusedDictionaryInput=true -Dnitro.tpcds.parquet.path=/root/data/tpcds-parquet-sf10 -Dnitro.tpcds.parquet.schema=sf10
[INFO] [stdout] # Blackhole mode: compiler (auto-detected, use -Djmh.blackhole.autoDetect=false to disable)
[INFO] [stdout] # Warmup: 2 iterations, 1 s each
[INFO] [stdout] # Measurement: 3 iterations, 1 s each
[INFO] [stdout] # Timeout: 30 min per iteration
[INFO] [stdout] # Threads: 1 thread, will synchronize iterations
[INFO] [stdout] # Benchmark mode: Average time, time/op
[INFO] [stdout] # Benchmark: org.weakref.nitro.tpcds.BenchmarkQueries.query92
[INFO] [stdout] 
[INFO] [stdout] # Run progress: 85.71% complete, ETA 00:00:06
[INFO] [stdout] # Fork: 1 of 1
[INFO] [stdout] # Preparing profilers: LinuxPerfNormProfiler 
[INFO] [stdout] # Profilers consume stderr from target VM, use -v EXTRA to copy to console
[INFO] [stdout] # Warmup Iteration   1: 73.370 ms/op
[INFO] [stdout] # Warmup Iteration   2: 37.367 ms/op
[INFO] [stdout] Iteration   1: 36.634 ms/op
[INFO] [stdout]                  gc.alloc.rate:      467.069 MB/sec
[INFO] [stdout]                  gc.alloc.rate.norm: 17944690.000 B/op
[INFO] [stdout]                  gc.count:           2.000 counts
[INFO] [stdout]                  gc.time:            2.000 ms
[INFO] [stdout] 
[INFO] [stdout] Iteration   2: 36.310 ms/op
[INFO] [stdout]                  gc.alloc.rate:      471.145 MB/sec
[INFO] [stdout]                  gc.alloc.rate.norm: 17940619.429 B/op
[INFO] [stdout]                  gc.count:           2.000 counts
[INFO] [stdout]                  gc.time:            3.000 ms
[INFO] [stdout] 
[INFO] [stdout] Iteration   3: 36.222 ms/op
[INFO] [stdout]                  gc.alloc.rate:      472.217 MB/sec
[INFO] [stdout]                  gc.alloc.rate.norm: 17938472.857 B/op
[INFO] [stdout]                  gc.count:           2.000 counts
[INFO] [stdout]                  gc.time:            1.000 ms
[INFO] [stdout] 
[INFO] [stdout] # Processing profiler results: LinuxPerfNormProfiler 
[INFO] [stdout] 
[INFO] [stdout] 
[INFO] [stdout] Result "org.weakref.nitro.tpcds.BenchmarkQueries.query92":
[INFO] [stdout]   36.389 ±(99.9%) 3.964 ms/op [Average]
[INFO] [stdout]   (min, avg, max) = (36.222, 36.389, 36.634), stdev = 0.217
[INFO] [stdout]   CI (99.9%): [32.425, 40.353] (assumes normal distribution)
[INFO] [stdout] 
[INFO] [stdout] Secondary result "org.weakref.nitro.tpcds.BenchmarkQueries.query92:CPI":
[INFO] [stdout]   0.257 clks/insn
[INFO] [stdout] 
[INFO] [stdout] Secondary result "org.weakref.nitro.tpcds.BenchmarkQueries.query92:IPC":
[INFO] [stdout]   3.889 insns/clk
[INFO] [stdout] 
[INFO] [stdout] Secondary result "org.weakref.nitro.tpcds.BenchmarkQueries.query92:L1-dcache-load-misses":
[INFO] [stdout]   10532338.361 #/op
[INFO] [stdout] 
[INFO] [stdout] Secondary result "org.weakref.nitro.tpcds.BenchmarkQueries.query92:L1-dcache-loads":
[INFO] [stdout]   365031743.142 #/op
[INFO] [stdout] 
[INFO] [stdout] Secondary result "org.weakref.nitro.tpcds.BenchmarkQueries.query92:L1-icache-load-misses":
[INFO] [stdout]   433747.087 #/op
[INFO] [stdout] 
[INFO] [stdout] Secondary result "org.weakref.nitro.tpcds.BenchmarkQueries.query92:L1-icache-loads":
[INFO] [stdout]   5276145.925 #/op
[INFO] [stdout] 
[INFO] [stdout] Secondary result "org.weakref.nitro.tpcds.BenchmarkQueries.query92:branch-misses":
[INFO] [stdout]   1174675.308 #/op
[INFO] [stdout] 
[INFO] [stdout] Secondary result "org.weakref.nitro.tpcds.BenchmarkQueries.query92:branches":
[INFO] [stdout]   177169702.417 #/op
[INFO] [stdout] 
[INFO] [stdout] Secondary result "org.weakref.nitro.tpcds.BenchmarkQueries.query92:cycles":
[INFO] [stdout]   224825294.896 #/op
[INFO] [stdout] 
[INFO] [stdout] Secondary result "org.weakref.nitro.tpcds.BenchmarkQueries.query92:dTLB-load-misses":
[INFO] [stdout]   40334.017 #/op
[INFO] [stdout] 
[INFO] [stdout] Secondary result "org.weakref.nitro.tpcds.BenchmarkQueries.query92:dTLB-loads":
[INFO] [stdout]   304287.517 #/op
[INFO] [stdout] 
[INFO] [stdout] Secondary result "org.weakref.nitro.tpcds.BenchmarkQueries.query92:gc.alloc.rate":
[INFO] [stdout]   470.144 ±(99.9%) 49.548 MB/sec [Average]
[INFO] [stdout]   (min, avg, max) = (467.069, 470.144, 472.217), stdev = 2.716
[INFO] [stdout]   CI (99.9%): [420.596, 519.692] (assumes normal distribution)
[INFO] [stdout] 
[INFO] [stdout] Secondary result "org.weakref.nitro.tpcds.BenchmarkQueries.query92:gc.alloc.rate.norm":
[INFO] [stdout]   17941260.762 ±(99.9%) 57610.018 B/op [Average]
[INFO] [stdout]   (min, avg, max) = (17938472.857, 17941260.762, 17944690.000), stdev = 3157.799
[INFO] [stdout]   CI (99.9%): [17883650.744, 17998870.780] (assumes normal distribution)
[INFO] [stdout] 
[INFO] [stdout] Secondary result "org.weakref.nitro.tpcds.BenchmarkQueries.query92:gc.count":
[INFO] [stdout]   6.000 ±(99.9%) 0.001 counts [Sum]
[INFO] [stdout]   (min, avg, max) = (2.000, 2.000, 2.000), stdev = 0.001
[INFO] [stdout]   CI (99.9%): [6.000, 6.000] (assumes normal distribution)
[INFO] [stdout] 
[INFO] [stdout] Secondary result "org.weakref.nitro.tpcds.BenchmarkQueries.query92:gc.time":
[INFO] [stdout]   6.000 ±(99.9%) 0.001 ms [Sum]
[INFO] [stdout]   (min, avg, max) = (1.000, 2.000, 3.000), stdev = 1.000
[INFO] [stdout]   CI (99.9%): [6.000, 6.000] (assumes normal distribution)
[INFO] [stdout] 
[INFO] [stdout] Secondary result "org.weakref.nitro.tpcds.BenchmarkQueries.query92:iTLB-load-misses":
[INFO] [stdout]   3600.465 #/op
[INFO] [stdout] 
[INFO] [stdout] Secondary result "org.weakref.nitro.tpcds.BenchmarkQueries.query92:iTLB-loads":
[INFO] [stdout]   192708.751 #/op
[INFO] [stdout] 
[INFO] [stdout] Secondary result "org.weakref.nitro.tpcds.BenchmarkQueries.query92:instructions":
[INFO] [stdout]   874343313.184 #/op
[INFO] [stdout] 
[INFO] [stdout] Secondary result "org.weakref.nitro.tpcds.BenchmarkQueries.query92:stalled-cycles-frontend":
[INFO] [stdout]   40502161.909 #/op
[INFO] [stdout] 
[INFO] [stdout] 
[INFO] [stdout] # Run complete. Total time: 00:00:43
[INFO] [stdout] 
[INFO] [stdout] REMEMBER: The numbers below are just data. To gain reusable insights, you need to follow up on
[INFO] [stdout] why the numbers are the way they are. Use profilers (see -prof, -lprof), design factorial
[INFO] [stdout] experiments, perform baseline and negative tests that provide experimental control, make sure
[INFO] [stdout] the benchmarking environment is safe on JVM/OS/HW level, ask for reviews from the domain experts.
[INFO] [stdout] Do not assume the numbers tell you what you want them to tell.
[INFO] [stdout] 
[INFO] [stdout] NOTE: Current JVM experimentally supports Compiler Blackholes, and they are in use. Please exercise
[INFO] [stdout] extra caution when trusting the results, look into the generated code to check the benchmark still
[INFO] [stdout] works, and factor in a small probability of new VM bugs. Additionally, while comparisons between
[INFO] [stdout] different JVMs are already problematic, the performance difference caused by different Blackhole
[INFO] [stdout] modes can be very significant. Please make sure you use the consistent Blackhole mode for comparisons.
[INFO] [stdout] 
[INFO] [stdout] Benchmark                                         Mode  Cnt            Score          Error      Units
[INFO] [stdout] BenchmarkQueries.query06                          avgt    3          462.648 ±       13.461      ms/op
[INFO] [stdout] BenchmarkQueries.query06:CPI                      avgt                 0.254                 clks/insn
[INFO] [stdout] BenchmarkQueries.query06:IPC                      avgt                 3.937                 insns/clk
[INFO] [stdout] BenchmarkQueries.query06:L1-dcache-load-misses    avgt         153093666.594                      #/op
[INFO] [stdout] BenchmarkQueries.query06:L1-dcache-loads          avgt        4617964373.098                      #/op
[INFO] [stdout] BenchmarkQueries.query06:L1-icache-load-misses    avgt           6063988.309                      #/op
[INFO] [stdout] BenchmarkQueries.query06:L1-icache-loads          avgt          79484477.423                      #/op
[INFO] [stdout] BenchmarkQueries.query06:branch-misses            avgt          13275951.572                      #/op
[INFO] [stdout] BenchmarkQueries.query06:branches                 avgt        2235134673.529                      #/op
[INFO] [stdout] BenchmarkQueries.query06:cycles                   avgt        2631246477.575                      #/op
[INFO] [stdout] BenchmarkQueries.query06:dTLB-load-misses         avgt             92676.871                      #/op
[INFO] [stdout] BenchmarkQueries.query06:dTLB-loads               avgt           2349496.492                      #/op
[INFO] [stdout] BenchmarkQueries.query06:gc.alloc.rate            avgt    3          317.940 ±        9.262     MB/sec
[INFO] [stdout] BenchmarkQueries.query06:gc.alloc.rate.norm       avgt    3    154255655.111 ±    24414.041       B/op
[INFO] [stdout] BenchmarkQueries.query06:gc.count                 avgt    3           23.000                    counts
[INFO] [stdout] BenchmarkQueries.query06:gc.time                  avgt    3           31.000                        ms
[INFO] [stdout] BenchmarkQueries.query06:iTLB-load-misses         avgt             22083.344                      #/op
[INFO] [stdout] BenchmarkQueries.query06:iTLB-loads               avgt           1445235.581                      #/op
[INFO] [stdout] BenchmarkQueries.query06:instructions             avgt       10360014865.476                      #/op
[INFO] [stdout] BenchmarkQueries.query06:stalled-cycles-frontend  avgt         389772872.118                      #/op
[INFO] [stdout] BenchmarkQueries.query22                          avgt    3         1206.474 ±       40.803      ms/op
[INFO] [stdout] BenchmarkQueries.query22:CPI                      avgt                 0.239                 clks/insn
[INFO] [stdout] BenchmarkQueries.query22:IPC                      avgt                 4.183                 insns/clk
[INFO] [stdout] BenchmarkQueries.query22:L1-dcache-load-misses    avgt         209441863.599                      #/op
[INFO] [stdout] BenchmarkQueries.query22:L1-dcache-loads          avgt       12994051409.317                      #/op
[INFO] [stdout] BenchmarkQueries.query22:L1-icache-load-misses    avgt           7045609.110                      #/op
[INFO] [stdout] BenchmarkQueries.query22:L1-icache-loads          avgt          83464182.141                      #/op
[INFO] [stdout] BenchmarkQueries.query22:branch-misses            avgt          23460944.632                      #/op
[INFO] [stdout] BenchmarkQueries.query22:branches                 avgt        5876322409.803                      #/op
[INFO] [stdout] BenchmarkQueries.query22:cycles                   avgt        7091137809.608                      #/op
[INFO] [stdout] BenchmarkQueries.query22:dTLB-load-misses         avgt            221129.345                      #/op
[INFO] [stdout] BenchmarkQueries.query22:dTLB-loads               avgt           5168687.778                      #/op
[INFO] [stdout] BenchmarkQueries.query22:gc.alloc.rate            avgt    3           83.855 ±       32.570     MB/sec
[INFO] [stdout] BenchmarkQueries.query22:gc.alloc.rate.norm       avgt    3    106096432.000 ± 44378954.266       B/op
[INFO] [stdout] BenchmarkQueries.query22:gc.count                 avgt    3            1.000                    counts
[INFO] [stdout] BenchmarkQueries.query22:gc.time                  avgt    3            4.000                        ms
[INFO] [stdout] BenchmarkQueries.query22:iTLB-load-misses         avgt             30416.861                      #/op
[INFO] [stdout] BenchmarkQueries.query22:iTLB-loads               avgt           2630488.567                      #/op
[INFO] [stdout] BenchmarkQueries.query22:instructions             avgt       29663305414.703                      #/op
[INFO] [stdout] BenchmarkQueries.query22:stalled-cycles-frontend  avgt        1200022591.018                      #/op
[INFO] [stdout] BenchmarkQueries.query30                          avgt    3          173.929 ±       15.848      ms/op
[INFO] [stdout] BenchmarkQueries.query30:CPI                      avgt                 0.276                 clks/insn
[INFO] [stdout] BenchmarkQueries.query30:IPC                      avgt                 3.625                 insns/clk
[INFO] [stdout] BenchmarkQueries.query30:L1-dcache-load-misses    avgt          35172813.720                      #/op
[INFO] [stdout] BenchmarkQueries.query30:L1-dcache-loads          avgt        1752765710.958                      #/op
[INFO] [stdout] BenchmarkQueries.query30:L1-icache-load-misses    avgt           1900681.106                      #/op
[INFO] [stdout] BenchmarkQueries.query30:L1-icache-loads          avgt          21626806.404                      #/op
[INFO] [stdout] BenchmarkQueries.query30:branch-misses            avgt           6179042.370                      #/op
[INFO] [stdout] BenchmarkQueries.query30:branches                 avgt         812574032.608                      #/op
[INFO] [stdout] BenchmarkQueries.query30:cycles                   avgt        1117140274.010                      #/op
[INFO] [stdout] BenchmarkQueries.query30:dTLB-load-misses         avgt             67021.926                      #/op
[INFO] [stdout] BenchmarkQueries.query30:dTLB-loads               avgt           1222551.330                      #/op
[INFO] [stdout] BenchmarkQueries.query30:gc.alloc.rate            avgt    3          813.678 ±       71.162     MB/sec
[INFO] [stdout] BenchmarkQueries.query30:gc.alloc.rate.norm       avgt    3    148413818.667 ±   580204.356       B/op
[INFO] [stdout] BenchmarkQueries.query30:gc.count                 avgt    3           11.000                    counts
[INFO] [stdout] BenchmarkQueries.query30:gc.time                  avgt    3           21.000                        ms
[INFO] [stdout] BenchmarkQueries.query30:iTLB-load-misses         avgt             16482.519                      #/op
[INFO] [stdout] BenchmarkQueries.query30:iTLB-loads               avgt           1118431.767                      #/op
[INFO] [stdout] BenchmarkQueries.query30:instructions             avgt        4049253932.365                      #/op
[INFO] [stdout] BenchmarkQueries.query30:stalled-cycles-frontend  avgt         224479595.972                      #/op
[INFO] [stdout] BenchmarkQueries.query32                          avgt    3           56.482 ±       13.824      ms/op
[INFO] [stdout] BenchmarkQueries.query32:CPI                      avgt                 0.252                 clks/insn
[INFO] [stdout] BenchmarkQueries.query32:IPC                      avgt                 3.961                 insns/clk
[INFO] [stdout] BenchmarkQueries.query32:L1-dcache-load-misses    avgt          16027598.300                      #/op
[INFO] [stdout] BenchmarkQueries.query32:L1-dcache-loads          avgt         555141369.102                      #/op
[INFO] [stdout] BenchmarkQueries.query32:L1-icache-load-misses    avgt            540426.210                      #/op
[INFO] [stdout] BenchmarkQueries.query32:L1-icache-loads          avgt           6778703.357                      #/op
[INFO] [stdout] BenchmarkQueries.query32:branch-misses            avgt           1600108.126                      #/op
[INFO] [stdout] BenchmarkQueries.query32:branches                 avgt         279252056.549                      #/op
[INFO] [stdout] BenchmarkQueries.query32:cycles                   avgt         340014520.526                      #/op
[INFO] [stdout] BenchmarkQueries.query32:dTLB-load-misses         avgt             38826.939                      #/op
[INFO] [stdout] BenchmarkQueries.query32:dTLB-loads               avgt            389406.110                      #/op
[INFO] [stdout] BenchmarkQueries.query32:gc.alloc.rate            avgt    3          482.433 ±      118.571     MB/sec
[INFO] [stdout] BenchmarkQueries.query32:gc.alloc.rate.norm       avgt    3     28573035.111 ±    26501.535       B/op
[INFO] [stdout] BenchmarkQueries.query32:gc.count                 avgt    3            9.000                    counts
[INFO] [stdout] BenchmarkQueries.query32:gc.time                  avgt    3            9.000                        ms
[INFO] [stdout] BenchmarkQueries.query32:iTLB-load-misses         avgt              6000.857                      #/op
[INFO] [stdout] BenchmarkQueries.query32:iTLB-loads               avgt            266768.463                      #/op
[INFO] [stdout] BenchmarkQueries.query32:instructions             avgt        1346759704.461                      #/op
[INFO] [stdout] BenchmarkQueries.query32:stalled-cycles-frontend  avgt          61889317.883                      #/op
[INFO] [stdout] BenchmarkQueries.query44                          avgt    3          635.783 ±        8.283      ms/op
[INFO] [stdout] BenchmarkQueries.query44:CPI                      avgt                 0.277                 clks/insn
[INFO] [stdout] BenchmarkQueries.query44:IPC                      avgt                 3.606                 insns/clk
[INFO] [stdout] BenchmarkQueries.query44:L1-dcache-load-misses    avgt         164404366.672                      #/op
[INFO] [stdout] BenchmarkQueries.query44:L1-dcache-loads          avgt        5925279705.919                      #/op
[INFO] [stdout] BenchmarkQueries.query44:L1-icache-load-misses    avgt           5117962.395                      #/op
[INFO] [stdout] BenchmarkQueries.query44:L1-icache-loads          avgt          68637970.819                      #/op
[INFO] [stdout] BenchmarkQueries.query44:branch-misses            avgt          31832071.231                      #/op
[INFO] [stdout] BenchmarkQueries.query44:branches                 avgt        2385468639.262                      #/op
[INFO] [stdout] BenchmarkQueries.query44:cycles                   avgt        3513385615.614                      #/op
[INFO] [stdout] BenchmarkQueries.query44:dTLB-load-misses         avgt            284509.893                      #/op
[INFO] [stdout] BenchmarkQueries.query44:dTLB-loads               avgt           2790272.577                      #/op
[INFO] [stdout] BenchmarkQueries.query44:gc.alloc.rate            avgt    3          206.356 ±        2.646     MB/sec
[INFO] [stdout] BenchmarkQueries.query44:gc.alloc.rate.norm       avgt    3    137584682.667 ±    45150.310       B/op
[INFO] [stdout] BenchmarkQueries.query44:gc.count                 avgt    3            9.000                    counts
[INFO] [stdout] BenchmarkQueries.query44:gc.time                  avgt    3            8.000                        ms
[INFO] [stdout] BenchmarkQueries.query44:iTLB-load-misses         avgt             25292.473                      #/op
[INFO] [stdout] BenchmarkQueries.query44:iTLB-loads               avgt           2013171.290                      #/op
[INFO] [stdout] BenchmarkQueries.query44:instructions             avgt       12670611490.575                      #/op
[INFO] [stdout] BenchmarkQueries.query44:stalled-cycles-frontend  avgt         681374251.099                      #/op
[INFO] [stdout] BenchmarkQueries.query81                          avgt    3          205.445 ±       16.033      ms/op
[INFO] [stdout] BenchmarkQueries.query81:CPI                      avgt                 0.264                 clks/insn
[INFO] [stdout] BenchmarkQueries.query81:IPC                      avgt                 3.794                 insns/clk
[INFO] [stdout] BenchmarkQueries.query81:L1-dcache-load-misses    avgt          45738177.719                      #/op
[INFO] [stdout] BenchmarkQueries.query81:L1-dcache-loads          avgt        2298975001.510                      #/op
[INFO] [stdout] BenchmarkQueries.query81:L1-icache-load-misses    avgt           2005885.518                      #/op
[INFO] [stdout] BenchmarkQueries.query81:L1-icache-loads          avgt          23991354.564                      #/op
[INFO] [stdout] BenchmarkQueries.query81:branch-misses            avgt           5663859.510                      #/op
[INFO] [stdout] BenchmarkQueries.query81:branches                 avgt         984558406.281                      #/op
[INFO] [stdout] BenchmarkQueries.query81:cycles                   avgt        1326016115.055                      #/op
[INFO] [stdout] BenchmarkQueries.query81:dTLB-load-misses         avgt             74976.206                      #/op
[INFO] [stdout] BenchmarkQueries.query81:dTLB-loads               avgt           1572614.238                      #/op
[INFO] [stdout] BenchmarkQueries.query81:gc.alloc.rate            avgt    3          869.768 ±       65.162     MB/sec
[INFO] [stdout] BenchmarkQueries.query81:gc.alloc.rate.norm       avgt    3    187388993.600 ±   555539.061       B/op
[INFO] [stdout] BenchmarkQueries.query81:gc.count                 avgt    3            4.000                    counts
[INFO] [stdout] BenchmarkQueries.query81:gc.time                  avgt    3           11.000                        ms
[INFO] [stdout] BenchmarkQueries.query81:iTLB-load-misses         avgt             19645.431                      #/op
[INFO] [stdout] BenchmarkQueries.query81:iTLB-loads               avgt           1266385.096                      #/op
[INFO] [stdout] BenchmarkQueries.query81:instructions             avgt        5030980505.189                      #/op
[INFO] [stdout] BenchmarkQueries.query81:stalled-cycles-frontend  avgt         237921068.242                      #/op
[INFO] [stdout] BenchmarkQueries.query92                          avgt    3           36.389 ±        3.964      ms/op
[INFO] [stdout] BenchmarkQueries.query92:CPI                      avgt                 0.257                 clks/insn
[INFO] [stdout] BenchmarkQueries.query92:IPC                      avgt                 3.889                 insns/clk
[INFO] [stdout] BenchmarkQueries.query92:L1-dcache-load-misses    avgt          10532338.361                      #/op
[INFO] [stdout] BenchmarkQueries.query92:L1-dcache-loads          avgt         365031743.142                      #/op
[INFO] [stdout] BenchmarkQueries.query92:L1-icache-load-misses    avgt            433747.087                      #/op
[INFO] [stdout] BenchmarkQueries.query92:L1-icache-loads          avgt           5276145.925                      #/op
[INFO] [stdout] BenchmarkQueries.query92:branch-misses            avgt           1174675.308                      #/op
[INFO] [stdout] BenchmarkQueries.query92:branches                 avgt         177169702.417                      #/op
[INFO] [stdout] BenchmarkQueries.query92:cycles                   avgt         224825294.896                      #/op
[INFO] [stdout] BenchmarkQueries.query92:dTLB-load-misses         avgt             40334.017                      #/op
[INFO] [stdout] BenchmarkQueries.query92:dTLB-loads               avgt            304287.517                      #/op
[INFO] [stdout] BenchmarkQueries.query92:gc.alloc.rate            avgt    3          470.144 ±       49.548     MB/sec
[INFO] [stdout] BenchmarkQueries.query92:gc.alloc.rate.norm       avgt    3     17941260.762 ±    57610.018       B/op
[INFO] [stdout] BenchmarkQueries.query92:gc.count                 avgt    3            6.000                    counts
[INFO] [stdout] BenchmarkQueries.query92:gc.time                  avgt    3            6.000                        ms
[INFO] [stdout] BenchmarkQueries.query92:iTLB-load-misses         avgt              3600.465                      #/op
[INFO] [stdout] BenchmarkQueries.query92:iTLB-loads               avgt            192708.751                      #/op
[INFO] [stdout] BenchmarkQueries.query92:instructions             avgt         874343313.184                      #/op
[INFO] [stdout] BenchmarkQueries.query92:stalled-cycles-frontend  avgt          40502161.909                      #/op
[INFO] [stdout] 
[INFO] [stdout] Benchmark result is saved to benchmarks/sweeps/20260717-targeted/nitro-tpcds-fused-dictionary-count-cohort-on.json
[INFO] ------------------------------------------------------------------------
[INFO] BUILD SUCCESS
[INFO] ------------------------------------------------------------------------
[INFO] Total time:  44.505 s (Wall Clock)
[INFO] Finished at: 2026-07-17T22:56:40Z
[INFO] ------------------------------------------------------------------------
[INFO] Njord session closed
