[INFO] Processing build on daemon 5b804121
[INFO] Scanning for projects...
[INFO] Njord 0.9.4 session created
[INFO] BuildTimeEventSpy is registered.
[INFO] 
[INFO] Using the SmartBuilder implementation with a thread count of 7
[INFO] 
[INFO] -------------------------< org.weakref:nitro >--------------------------
[INFO] Building nitro 1-SNAPSHOT
[INFO]   from pom.xml
[INFO] --------------------------------[ jar ]---------------------------------
[WARNING] 2 problems were encountered while building the effective model for org.apache.yetus:audience-annotations:jar:0.5.0 during dependency collection step for project (use -X to see details)
[INFO] 
[INFO] --- exec:3.6.1:exec (benchmark) @ nitro ---
[WARNING] [stderr] WARNING: Using incubator modules: jdk.incubator.vector
[WARNING] [stderr] WARNING: A terminally deprecated method in sun.misc.Unsafe has been called
[WARNING] [stderr] WARNING: sun.misc.Unsafe::objectFieldOffset has been called by org.openjdk.jmh.util.Utils (file:/root/.m2/repository/org/openjdk/jmh/jmh-core/1.37/jmh-core-1.37.jar)
[WARNING] [stderr] WARNING: Please consider reporting this to the maintainers of class org.openjdk.jmh.util.Utils
[WARNING] [stderr] WARNING: sun.misc.Unsafe::objectFieldOffset will be removed in a future release
[INFO] [stdout] # JMH version: 1.37
[INFO] [stdout] # VM version: JDK 26.0.1, OpenJDK 64-Bit Server VM, 26.0.1+8
[INFO] [stdout] # VM invoker: /opt/java/openjdk/bin/java
[INFO] [stdout] # VM options: --enable-preview --add-modules=jdk.incubator.vector -Dnitro.clickbench.hits.path= -Xmx12g -XX:+UseTransparentHugePages -Dnitro.tpch.parquet.path=/root/data/tpch-parquet-sf10 -Dnitro.tpch.parquet.schema=sf10 -Dnitro.membership.adaptiveLong=false
[INFO] [stdout] # Blackhole mode: compiler (auto-detected, use -Djmh.blackhole.autoDetect=false to disable)
[INFO] [stdout] # Warmup: 2 iterations, 1 s each
[INFO] [stdout] # Measurement: 5 iterations, 1 s each
[INFO] [stdout] # Timeout: 30 min per iteration
[INFO] [stdout] # Threads: 1 thread, will synchronize iterations
[INFO] [stdout] # Benchmark mode: Average time, time/op
[INFO] [stdout] # Benchmark: org.weakref.nitro.tpch.BenchmarkQueries.query04
[INFO] [stdout] 
[INFO] [stdout] # Run progress: 0.00% complete, ETA 00:00:14
[INFO] [stdout] # Fork: 1 of 1
[INFO] [stdout] # Preparing profilers: LinuxPerfNormProfiler 
[INFO] [stdout] # Profilers consume stderr from target VM, use -v EXTRA to copy to console
[INFO] [stdout] # Warmup Iteration   1: 1991.761 ms/op
[INFO] [stdout] # Warmup Iteration   2: 1625.875 ms/op
[INFO] [stdout] Iteration   1: 1601.869 ms/op
[INFO] [stdout]                  gc.alloc.rate:      578.451 MB/sec
[INFO] [stdout]                  gc.alloc.rate.norm: 971693336.000 B/op
[INFO] [stdout]                  gc.count:           1.000 counts
[INFO] [stdout]                  gc.time:            2.000 ms
[INFO] [stdout] 
[INFO] [stdout] Iteration   2: 1588.062 ms/op
[INFO] [stdout]                  gc.alloc.rate:      583.431 MB/sec
[INFO] [stdout]                  gc.alloc.rate.norm: 971622112.000 B/op
[INFO] [stdout]                  gc.count:           ≈ 0 counts
[INFO] [stdout] 
[INFO] [stdout] Iteration   3: 1579.973 ms/op
[INFO] [stdout]                  gc.alloc.rate:      586.376 MB/sec
[INFO] [stdout]                  gc.alloc.rate.norm: 971533576.000 B/op
[INFO] [stdout]                  gc.count:           1.000 counts
[INFO] [stdout]                  gc.time:            2.000 ms
[INFO] [stdout] 
[INFO] [stdout] Iteration   4: 1600.200 ms/op
[INFO] [stdout]                  gc.alloc.rate:      578.954 MB/sec
[INFO] [stdout]                  gc.alloc.rate.norm: 971525520.000 B/op
[INFO] [stdout]                  gc.count:           1.000 counts
[INFO] [stdout]                  gc.time:            1.000 ms
[INFO] [stdout] 
[INFO] [stdout] Iteration   5: 1573.420 ms/op
[INFO] [stdout]                  gc.alloc.rate:      588.799 MB/sec
[INFO] [stdout]                  gc.alloc.rate.norm: 971508904.000 B/op
[INFO] [stdout]                  gc.count:           1.000 counts
[INFO] [stdout]                  gc.time:            2.000 ms
[INFO] [stdout] 
[INFO] [stdout] # Processing profiler results: LinuxPerfNormProfiler 
[INFO] [stdout] 
[INFO] [stdout] 
[INFO] [stdout] Result "org.weakref.nitro.tpch.BenchmarkQueries.query04":
[INFO] [stdout]   1588.705 ±(99.9%) 47.776 ms/op [Average]
[INFO] [stdout]   (min, avg, max) = (1573.420, 1588.705, 1601.869), stdev = 12.407
[INFO] [stdout]   CI (99.9%): [1540.929, 1636.481] (assumes normal distribution)
[INFO] [stdout] 
[INFO] [stdout] Secondary result "org.weakref.nitro.tpch.BenchmarkQueries.query04:CPI":
[INFO] [stdout]   0.552 clks/insn
[INFO] [stdout] 
[INFO] [stdout] Secondary result "org.weakref.nitro.tpch.BenchmarkQueries.query04:IPC":
[INFO] [stdout]   1.812 insns/clk
[INFO] [stdout] 
[INFO] [stdout] Secondary result "org.weakref.nitro.tpch.BenchmarkQueries.query04:L1-dcache-load-misses":
[INFO] [stdout]   329774427.368 #/op
[INFO] [stdout] 
[INFO] [stdout] Secondary result "org.weakref.nitro.tpch.BenchmarkQueries.query04:L1-dcache-loads":
[INFO] [stdout]   11407574651.971 #/op
[INFO] [stdout] 
[INFO] [stdout] Secondary result "org.weakref.nitro.tpch.BenchmarkQueries.query04:L1-icache-load-misses":
[INFO] [stdout]   5823956.433 #/op
[INFO] [stdout] 
[INFO] [stdout] Secondary result "org.weakref.nitro.tpch.BenchmarkQueries.query04:L1-icache-loads":
[INFO] [stdout]   79410786.049 #/op
[INFO] [stdout] 
[INFO] [stdout] Secondary result "org.weakref.nitro.tpch.BenchmarkQueries.query04:branch-misses":
[INFO] [stdout]   83161477.651 #/op
[INFO] [stdout] 
[INFO] [stdout] Secondary result "org.weakref.nitro.tpch.BenchmarkQueries.query04:branches":
[INFO] [stdout]   3030831720.343 #/op
[INFO] [stdout] 
[INFO] [stdout] Secondary result "org.weakref.nitro.tpch.BenchmarkQueries.query04:cycles":
[INFO] [stdout]   8744793535.589 #/op
[INFO] [stdout] 
[INFO] [stdout] Secondary result "org.weakref.nitro.tpch.BenchmarkQueries.query04:dTLB-load-misses":
[INFO] [stdout]   195073.584 #/op
[INFO] [stdout] 
[INFO] [stdout] Secondary result "org.weakref.nitro.tpch.BenchmarkQueries.query04:dTLB-loads":
[INFO] [stdout]   10231377.566 #/op
[INFO] [stdout] 
[INFO] [stdout] Secondary result "org.weakref.nitro.tpch.BenchmarkQueries.query04:gc.alloc.rate":
[INFO] [stdout]   583.202 ±(99.9%) 17.442 MB/sec [Average]
[INFO] [stdout]   (min, avg, max) = (578.451, 583.202, 588.799), stdev = 4.530
[INFO] [stdout]   CI (99.9%): [565.760, 600.645] (assumes normal distribution)
[INFO] [stdout] 
[INFO] [stdout] Secondary result "org.weakref.nitro.tpch.BenchmarkQueries.query04:gc.alloc.rate.norm":
[INFO] [stdout]   971576689.600 ±(99.9%) 302842.650 B/op [Average]
[INFO] [stdout]   (min, avg, max) = (971508904.000, 971576689.600, 971693336.000), stdev = 78647.274
[INFO] [stdout]   CI (99.9%): [971273846.950, 971879532.250] (assumes normal distribution)
[INFO] [stdout] 
[INFO] [stdout] Secondary result "org.weakref.nitro.tpch.BenchmarkQueries.query04:gc.count":
[INFO] [stdout]   4.000 ±(99.9%) 0.001 counts [Sum]
[INFO] [stdout]   (min, avg, max) = (≈ 0, 0.800, 1.000), stdev = 0.447
[INFO] [stdout]   CI (99.9%): [4.000, 4.000] (assumes normal distribution)
[INFO] [stdout] 
[INFO] [stdout] Secondary result "org.weakref.nitro.tpch.BenchmarkQueries.query04:gc.time":
[INFO] [stdout]   7.000 ±(99.9%) 0.001 ms [Sum]
[INFO] [stdout]   (min, avg, max) = (≈ 0, 1.400, 2.000), stdev = 0.894
[INFO] [stdout]   CI (99.9%): [7.000, 7.000] (assumes normal distribution)
[INFO] [stdout] 
[INFO] [stdout] Secondary result "org.weakref.nitro.tpch.BenchmarkQueries.query04:iTLB-load-misses":
[INFO] [stdout]   15884.178 #/op
[INFO] [stdout] 
[INFO] [stdout] Secondary result "org.weakref.nitro.tpch.BenchmarkQueries.query04:iTLB-loads":
[INFO] [stdout]   1595192.685 #/op
[INFO] [stdout] 
[INFO] [stdout] Secondary result "org.weakref.nitro.tpch.BenchmarkQueries.query04:instructions":
[INFO] [stdout]   15843847359.943 #/op
[INFO] [stdout] 
[INFO] [stdout] Secondary result "org.weakref.nitro.tpch.BenchmarkQueries.query04:stalled-cycles-frontend":
[INFO] [stdout]   1669718575.766 #/op
[INFO] [stdout] 
[INFO] [stdout] 
[INFO] [stdout] # JMH version: 1.37
[INFO] [stdout] # VM version: JDK 26.0.1, OpenJDK 64-Bit Server VM, 26.0.1+8
[INFO] [stdout] # VM invoker: /opt/java/openjdk/bin/java
[INFO] [stdout] # VM options: --enable-preview --add-modules=jdk.incubator.vector -Dnitro.clickbench.hits.path= -Xmx12g -XX:+UseTransparentHugePages -Dnitro.tpch.parquet.path=/root/data/tpch-parquet-sf10 -Dnitro.tpch.parquet.schema=sf10 -Dnitro.membership.adaptiveLong=false
[INFO] [stdout] # Blackhole mode: compiler (auto-detected, use -Djmh.blackhole.autoDetect=false to disable)
[INFO] [stdout] # Warmup: 2 iterations, 1 s each
[INFO] [stdout] # Measurement: 5 iterations, 1 s each
[INFO] [stdout] # Timeout: 30 min per iteration
[INFO] [stdout] # Threads: 1 thread, will synchronize iterations
[INFO] [stdout] # Benchmark mode: Average time, time/op
[INFO] [stdout] # Benchmark: org.weakref.nitro.tpch.BenchmarkQueries.query22
[INFO] [stdout] 
[INFO] [stdout] # Run progress: 50.00% complete, ETA 00:00:11
[INFO] [stdout] # Fork: 1 of 1
[INFO] [stdout] # Preparing profilers: LinuxPerfNormProfiler 
[INFO] [stdout] # Profilers consume stderr from target VM, use -v EXTRA to copy to console
[INFO] [stdout] # Warmup Iteration   1: 699.086 ms/op
[INFO] [stdout] # Warmup Iteration   2: 515.770 ms/op
[INFO] [stdout] Iteration   1: 513.944 ms/op
[INFO] [stdout]                  gc.alloc.rate:      205.394 MB/sec
[INFO] [stdout]                  gc.alloc.rate.norm: 110736488.000 B/op
[INFO] [stdout]                  gc.count:           1.000 counts
[INFO] [stdout]                  gc.time:            2.000 ms
[INFO] [stdout] 
[INFO] [stdout] Iteration   2: 509.018 ms/op
[INFO] [stdout]                  gc.alloc.rate:      207.399 MB/sec
[INFO] [stdout]                  gc.alloc.rate.norm: 110714608.000 B/op
[INFO] [stdout]                  gc.count:           1.000 counts
[INFO] [stdout]                  gc.time:            1.000 ms
[INFO] [stdout] 
[INFO] [stdout] Iteration   3: 506.575 ms/op
[INFO] [stdout]                  gc.alloc.rate:      208.285 MB/sec
[INFO] [stdout]                  gc.alloc.rate.norm: 110653444.000 B/op
[INFO] [stdout]                  gc.count:           ≈ 0 counts
[INFO] [stdout] 
[INFO] [stdout] Iteration   4: 508.517 ms/op
[INFO] [stdout]                  gc.alloc.rate:      207.406 MB/sec
[INFO] [stdout]                  gc.alloc.rate.norm: 110606216.000 B/op
[INFO] [stdout]                  gc.count:           3.000 counts
[INFO] [stdout]                  gc.time:            1.000 ms
[INFO] [stdout] 
[INFO] [stdout] Iteration   5: 505.758 ms/op
[INFO] [stdout]                  gc.alloc.rate:      208.504 MB/sec
[INFO] [stdout]                  gc.alloc.rate.norm: 110590812.000 B/op
[INFO] [stdout]                  gc.count:           1.000 counts
[INFO] [stdout]                  gc.time:            1.000 ms
[INFO] [stdout] 
[INFO] [stdout] # Processing profiler results: LinuxPerfNormProfiler 
[INFO] [stdout] 
[INFO] [stdout] 
[INFO] [stdout] Result "org.weakref.nitro.tpch.BenchmarkQueries.query22":
[INFO] [stdout]   508.762 ±(99.9%) 12.296 ms/op [Average]
[INFO] [stdout]   (min, avg, max) = (505.758, 508.762, 513.944), stdev = 3.193
[INFO] [stdout]   CI (99.9%): [496.466, 521.058] (assumes normal distribution)
[INFO] [stdout] 
[INFO] [stdout] Secondary result "org.weakref.nitro.tpch.BenchmarkQueries.query22:CPI":
[INFO] [stdout]   0.295 clks/insn
[INFO] [stdout] 
[INFO] [stdout] Secondary result "org.weakref.nitro.tpch.BenchmarkQueries.query22:IPC":
[INFO] [stdout]   3.395 insns/clk
[INFO] [stdout] 
[INFO] [stdout] Secondary result "org.weakref.nitro.tpch.BenchmarkQueries.query22:L1-dcache-load-misses":
[INFO] [stdout]   89823962.816 #/op
[INFO] [stdout] 
[INFO] [stdout] Secondary result "org.weakref.nitro.tpch.BenchmarkQueries.query22:L1-dcache-loads":
[INFO] [stdout]   5178381917.005 #/op
[INFO] [stdout] 
[INFO] [stdout] Secondary result "org.weakref.nitro.tpch.BenchmarkQueries.query22:L1-icache-load-misses":
[INFO] [stdout]   2965134.221 #/op
[INFO] [stdout] 
[INFO] [stdout] Secondary result "org.weakref.nitro.tpch.BenchmarkQueries.query22:L1-icache-loads":
[INFO] [stdout]   36231400.070 #/op
[INFO] [stdout] 
[INFO] [stdout] Secondary result "org.weakref.nitro.tpch.BenchmarkQueries.query22:branch-misses":
[INFO] [stdout]   15933111.601 #/op
[INFO] [stdout] 
[INFO] [stdout] Secondary result "org.weakref.nitro.tpch.BenchmarkQueries.query22:branches":
[INFO] [stdout]   1872881537.586 #/op
[INFO] [stdout] 
[INFO] [stdout] Secondary result "org.weakref.nitro.tpch.BenchmarkQueries.query22:cycles":
[INFO] [stdout]   2895234332.889 #/op
[INFO] [stdout] 
[INFO] [stdout] Secondary result "org.weakref.nitro.tpch.BenchmarkQueries.query22:dTLB-load-misses":
[INFO] [stdout]   81295.819 #/op
[INFO] [stdout] 
[INFO] [stdout] Secondary result "org.weakref.nitro.tpch.BenchmarkQueries.query22:dTLB-loads":
[INFO] [stdout]   1962146.669 #/op
[INFO] [stdout] 
[INFO] [stdout] Secondary result "org.weakref.nitro.tpch.BenchmarkQueries.query22:gc.alloc.rate":
[INFO] [stdout]   207.398 ±(99.9%) 4.727 MB/sec [Average]
[INFO] [stdout]   (min, avg, max) = (205.394, 207.398, 208.504), stdev = 1.228
[INFO] [stdout]   CI (99.9%): [202.671, 212.124] (assumes normal distribution)
[INFO] [stdout] 
[INFO] [stdout] Secondary result "org.weakref.nitro.tpch.BenchmarkQueries.query22:gc.alloc.rate.norm":
[INFO] [stdout]   110660313.600 ±(99.9%) 247721.199 B/op [Average]
[INFO] [stdout]   (min, avg, max) = (110590812.000, 110660313.600, 110736488.000), stdev = 64332.409
[INFO] [stdout]   CI (99.9%): [110412592.401, 110908034.799] (assumes normal distribution)
[INFO] [stdout] 
[INFO] [stdout] Secondary result "org.weakref.nitro.tpch.BenchmarkQueries.query22:gc.count":
[INFO] [stdout]   6.000 ±(99.9%) 0.001 counts [Sum]
[INFO] [stdout]   (min, avg, max) = (≈ 0, 1.200, 3.000), stdev = 1.095
[INFO] [stdout]   CI (99.9%): [6.000, 6.000] (assumes normal distribution)
[INFO] [stdout] 
[INFO] [stdout] Secondary result "org.weakref.nitro.tpch.BenchmarkQueries.query22:gc.time":
[INFO] [stdout]   5.000 ±(99.9%) 0.001 ms [Sum]
[INFO] [stdout]   (min, avg, max) = (≈ 0, 1.000, 2.000), stdev = 0.707
[INFO] [stdout]   CI (99.9%): [5.000, 5.000] (assumes normal distribution)
[INFO] [stdout] 
[INFO] [stdout] Secondary result "org.weakref.nitro.tpch.BenchmarkQueries.query22:iTLB-load-misses":
[INFO] [stdout]   16190.517 #/op
[INFO] [stdout] 
[INFO] [stdout] Secondary result "org.weakref.nitro.tpch.BenchmarkQueries.query22:iTLB-loads":
[INFO] [stdout]   1443836.229 #/op
[INFO] [stdout] 
[INFO] [stdout] Secondary result "org.weakref.nitro.tpch.BenchmarkQueries.query22:instructions":
[INFO] [stdout]   9827940752.963 #/op
[INFO] [stdout] 
[INFO] [stdout] Secondary result "org.weakref.nitro.tpch.BenchmarkQueries.query22:stalled-cycles-frontend":
[INFO] [stdout]   588791595.519 #/op
[INFO] [stdout] 
[INFO] [stdout] 
[INFO] [stdout] # Run complete. Total time: 00:00:19
[INFO] [stdout] 
[INFO] [stdout] REMEMBER: The numbers below are just data. To gain reusable insights, you need to follow up on
[INFO] [stdout] why the numbers are the way they are. Use profilers (see -prof, -lprof), design factorial
[INFO] [stdout] experiments, perform baseline and negative tests that provide experimental control, make sure
[INFO] [stdout] the benchmarking environment is safe on JVM/OS/HW level, ask for reviews from the domain experts.
[INFO] [stdout] Do not assume the numbers tell you what you want them to tell.
[INFO] [stdout] 
[INFO] [stdout] NOTE: Current JVM experimentally supports Compiler Blackholes, and they are in use. Please exercise
[INFO] [stdout] extra caution when trusting the results, look into the generated code to check the benchmark still
[INFO] [stdout] works, and factor in a small probability of new VM bugs. Additionally, while comparisons between
[INFO] [stdout] different JVMs are already problematic, the performance difference caused by different Blackhole
[INFO] [stdout] modes can be very significant. Please make sure you use the consistent Blackhole mode for comparisons.
[INFO] [stdout] 
[INFO] [stdout] Benchmark                                         Mode  Cnt            Score        Error      Units
[INFO] [stdout] BenchmarkQueries.query04                          avgt    5         1588.705 ±     47.776      ms/op
[INFO] [stdout] BenchmarkQueries.query04:CPI                      avgt                 0.552               clks/insn
[INFO] [stdout] BenchmarkQueries.query04:IPC                      avgt                 1.812               insns/clk
[INFO] [stdout] BenchmarkQueries.query04:L1-dcache-load-misses    avgt         329774427.368                    #/op
[INFO] [stdout] BenchmarkQueries.query04:L1-dcache-loads          avgt       11407574651.971                    #/op
[INFO] [stdout] BenchmarkQueries.query04:L1-icache-load-misses    avgt           5823956.433                    #/op
[INFO] [stdout] BenchmarkQueries.query04:L1-icache-loads          avgt          79410786.049                    #/op
[INFO] [stdout] BenchmarkQueries.query04:branch-misses            avgt          83161477.651                    #/op
[INFO] [stdout] BenchmarkQueries.query04:branches                 avgt        3030831720.343                    #/op
[INFO] [stdout] BenchmarkQueries.query04:cycles                   avgt        8744793535.589                    #/op
[INFO] [stdout] BenchmarkQueries.query04:dTLB-load-misses         avgt            195073.584                    #/op
[INFO] [stdout] BenchmarkQueries.query04:dTLB-loads               avgt          10231377.566                    #/op
[INFO] [stdout] BenchmarkQueries.query04:gc.alloc.rate            avgt    5          583.202 ±     17.442     MB/sec
[INFO] [stdout] BenchmarkQueries.query04:gc.alloc.rate.norm       avgt    5    971576689.600 ± 302842.650       B/op
[INFO] [stdout] BenchmarkQueries.query04:gc.count                 avgt    5            4.000                  counts
[INFO] [stdout] BenchmarkQueries.query04:gc.time                  avgt    5            7.000                      ms
[INFO] [stdout] BenchmarkQueries.query04:iTLB-load-misses         avgt             15884.178                    #/op
[INFO] [stdout] BenchmarkQueries.query04:iTLB-loads               avgt           1595192.685                    #/op
[INFO] [stdout] BenchmarkQueries.query04:instructions             avgt       15843847359.943                    #/op
[INFO] [stdout] BenchmarkQueries.query04:stalled-cycles-frontend  avgt        1669718575.766                    #/op
[INFO] [stdout] BenchmarkQueries.query22                          avgt    5          508.762 ±     12.296      ms/op
[INFO] [stdout] BenchmarkQueries.query22:CPI                      avgt                 0.295               clks/insn
[INFO] [stdout] BenchmarkQueries.query22:IPC                      avgt                 3.395               insns/clk
[INFO] [stdout] BenchmarkQueries.query22:L1-dcache-load-misses    avgt          89823962.816                    #/op
[INFO] [stdout] BenchmarkQueries.query22:L1-dcache-loads          avgt        5178381917.005                    #/op
[INFO] [stdout] BenchmarkQueries.query22:L1-icache-load-misses    avgt           2965134.221                    #/op
[INFO] [stdout] BenchmarkQueries.query22:L1-icache-loads          avgt          36231400.070                    #/op
[INFO] [stdout] BenchmarkQueries.query22:branch-misses            avgt          15933111.601                    #/op
[INFO] [stdout] BenchmarkQueries.query22:branches                 avgt        1872881537.586                    #/op
[INFO] [stdout] BenchmarkQueries.query22:cycles                   avgt        2895234332.889                    #/op
[INFO] [stdout] BenchmarkQueries.query22:dTLB-load-misses         avgt             81295.819                    #/op
[INFO] [stdout] BenchmarkQueries.query22:dTLB-loads               avgt           1962146.669                    #/op
[INFO] [stdout] BenchmarkQueries.query22:gc.alloc.rate            avgt    5          207.398 ±      4.727     MB/sec
[INFO] [stdout] BenchmarkQueries.query22:gc.alloc.rate.norm       avgt    5    110660313.600 ± 247721.199       B/op
[INFO] [stdout] BenchmarkQueries.query22:gc.count                 avgt    5            6.000                  counts
[INFO] [stdout] BenchmarkQueries.query22:gc.time                  avgt    5            5.000                      ms
[INFO] [stdout] BenchmarkQueries.query22:iTLB-load-misses         avgt             16190.517                    #/op
[INFO] [stdout] BenchmarkQueries.query22:iTLB-loads               avgt           1443836.229                    #/op
[INFO] [stdout] BenchmarkQueries.query22:instructions             avgt        9827940752.963                    #/op
[INFO] [stdout] BenchmarkQueries.query22:stalled-cycles-frontend  avgt         588791595.519                    #/op
[INFO] [stdout] 
[INFO] [stdout] Benchmark result is saved to benchmarks/sweeps/20260717-targeted/nitro-tpch-semijoin-batch-membership-off.json
[INFO] ------------------------------------------------------------------------
[INFO] BUILD SUCCESS
[INFO] ------------------------------------------------------------------------
[INFO] Total time:  20.589 s (Wall Clock)
[INFO] Finished at: 2026-07-17T09:14:41Z
[INFO] ------------------------------------------------------------------------
[INFO] Njord session closed
