[INFO] Processing build on daemon 5b804121
[INFO] Scanning for projects...
[INFO] Njord 0.9.4 session created
[INFO] BuildTimeEventSpy is registered.
[INFO] 
[INFO] Using the SmartBuilder implementation with a thread count of 7
[INFO] 
[INFO] -------------------------< org.weakref:nitro >--------------------------
[INFO] Building nitro 1-SNAPSHOT
[INFO]   from pom.xml
[INFO] --------------------------------[ jar ]---------------------------------
[WARNING] 2 problems were encountered while building the effective model for org.apache.yetus:audience-annotations:jar:0.5.0 during dependency collection step for project (use -X to see details)
[INFO] 
[INFO] --- exec:3.6.1:exec (benchmark) @ nitro ---
[WARNING] [stderr] WARNING: Using incubator modules: jdk.incubator.vector
[WARNING] [stderr] WARNING: A terminally deprecated method in sun.misc.Unsafe has been called
[WARNING] [stderr] WARNING: sun.misc.Unsafe::objectFieldOffset has been called by org.openjdk.jmh.util.Utils (file:/root/.m2/repository/org/openjdk/jmh/jmh-core/1.37/jmh-core-1.37.jar)
[WARNING] [stderr] WARNING: Please consider reporting this to the maintainers of class org.openjdk.jmh.util.Utils
[WARNING] [stderr] WARNING: sun.misc.Unsafe::objectFieldOffset will be removed in a future release
[INFO] [stdout] # JMH version: 1.37
[INFO] [stdout] # VM version: JDK 26.0.1, OpenJDK 64-Bit Server VM, 26.0.1+8
[INFO] [stdout] # VM invoker: /opt/java/openjdk/bin/java
[INFO] [stdout] # VM options: --enable-preview --add-modules=jdk.incubator.vector -Dnitro.clickbench.hits.path= -Xmx12g -XX:+UseTransparentHugePages -Dnitro.clickbench.hits.path=/root/data/clickbench -Dnitro.utf8.flatContainsSweep=false
[INFO] [stdout] # Blackhole mode: compiler (auto-detected, use -Djmh.blackhole.autoDetect=false to disable)
[INFO] [stdout] # Warmup: 2 iterations, 1 s each
[INFO] [stdout] # Measurement: 2 iterations, 1 s each
[INFO] [stdout] # Timeout: 10 min per iteration
[INFO] [stdout] # Threads: 1 thread, will synchronize iterations
[INFO] [stdout] # Benchmark mode: Average time, time/op
[INFO] [stdout] # Benchmark: org.weakref.nitro.clickbench.BenchmarkQueries.query21
[INFO] [stdout] 
[INFO] [stdout] # Run progress: 0.00% complete, ETA 00:00:04
[INFO] [stdout] # Fork: 1 of 1
[INFO] [stdout] # Preparing profilers: LinuxPerfNormProfiler 
[INFO] [stdout] # Profilers consume stderr from target VM, use -v EXTRA to copy to console
[INFO] [stdout] # Warmup Iteration   1: 7768.748 ms/op
[INFO] [stdout] # Warmup Iteration   2: 7612.424 ms/op
[INFO] [stdout] Iteration   1: 7464.725 ms/op
[INFO] [stdout]                  gc.alloc.rate:      103.888 MB/sec
[INFO] [stdout]                  gc.alloc.rate.norm: 813178880.000 B/op
[INFO] [stdout]                  gc.count:           3.000 counts
[INFO] [stdout]                  gc.time:            7.000 ms
[INFO] [stdout] 
[INFO] [stdout] Iteration   2: 7455.607 ms/op
[INFO] [stdout]                  gc.alloc.rate:      104.000 MB/sec
[INFO] [stdout]                  gc.alloc.rate.norm: 813066784.000 B/op
[INFO] [stdout]                  gc.count:           6.000 counts
[INFO] [stdout]                  gc.time:            5.000 ms
[INFO] [stdout] 
[INFO] [stdout] # Processing profiler results: LinuxPerfNormProfiler 
[INFO] [stdout] 
[INFO] [stdout] 
[INFO] [stdout] Result "org.weakref.nitro.clickbench.BenchmarkQueries.query21":
[INFO] [stdout]   7460.166 ms/op
[INFO] [stdout] 
[INFO] [stdout] Secondary result "org.weakref.nitro.clickbench.BenchmarkQueries.query21:CPI":
[INFO] [stdout]   0.315 clks/insn
[INFO] [stdout] 
[INFO] [stdout] Secondary result "org.weakref.nitro.clickbench.BenchmarkQueries.query21:IPC":
[INFO] [stdout]   3.172 insns/clk
[INFO] [stdout] 
[INFO] [stdout] Secondary result "org.weakref.nitro.clickbench.BenchmarkQueries.query21:L1-dcache-load-misses":
[INFO] [stdout]   965388816.536 #/op
[INFO] [stdout] 
[INFO] [stdout] Secondary result "org.weakref.nitro.clickbench.BenchmarkQueries.query21:L1-dcache-loads":
[INFO] [stdout]   64601018764.540 #/op
[INFO] [stdout] 
[INFO] [stdout] Secondary result "org.weakref.nitro.clickbench.BenchmarkQueries.query21:L1-icache-load-misses":
[INFO] [stdout]   15931809.279 #/op
[INFO] [stdout] 
[INFO] [stdout] Secondary result "org.weakref.nitro.clickbench.BenchmarkQueries.query21:L1-icache-loads":
[INFO] [stdout]   202439278.826 #/op
[INFO] [stdout] 
[INFO] [stdout] Secondary result "org.weakref.nitro.clickbench.BenchmarkQueries.query21:branch-misses":
[INFO] [stdout]   457720436.517 #/op
[INFO] [stdout] 
[INFO] [stdout] Secondary result "org.weakref.nitro.clickbench.BenchmarkQueries.query21:branches":
[INFO] [stdout]   26362773673.100 #/op
[INFO] [stdout] 
[INFO] [stdout] Secondary result "org.weakref.nitro.clickbench.BenchmarkQueries.query21:cycles":
[INFO] [stdout]   39819380057.199 #/op
[INFO] [stdout] 
[INFO] [stdout] Secondary result "org.weakref.nitro.clickbench.BenchmarkQueries.query21:dTLB-load-misses":
[INFO] [stdout]   1028515.544 #/op
[INFO] [stdout] 
[INFO] [stdout] Secondary result "org.weakref.nitro.clickbench.BenchmarkQueries.query21:dTLB-loads":
[INFO] [stdout]   15124065.391 #/op
[INFO] [stdout] 
[INFO] [stdout] Secondary result "org.weakref.nitro.clickbench.BenchmarkQueries.query21:gc.alloc.rate":
[INFO] [stdout]   103.944 MB/sec
[INFO] [stdout] 
[INFO] [stdout] Secondary result "org.weakref.nitro.clickbench.BenchmarkQueries.query21:gc.alloc.rate.norm":
[INFO] [stdout]   813122832.000 B/op
[INFO] [stdout] 
[INFO] [stdout] Secondary result "org.weakref.nitro.clickbench.BenchmarkQueries.query21:gc.count":
[INFO] [stdout]   4.500 counts
[INFO] [stdout] 
[INFO] [stdout] Secondary result "org.weakref.nitro.clickbench.BenchmarkQueries.query21:gc.time":
[INFO] [stdout]   6.000 ms
[INFO] [stdout] 
[INFO] [stdout] Secondary result "org.weakref.nitro.clickbench.BenchmarkQueries.query21:iTLB-load-misses":
[INFO] [stdout]   24868.784 #/op
[INFO] [stdout] 
[INFO] [stdout] Secondary result "org.weakref.nitro.clickbench.BenchmarkQueries.query21:iTLB-loads":
[INFO] [stdout]   2888055.443 #/op
[INFO] [stdout] 
[INFO] [stdout] Secondary result "org.weakref.nitro.clickbench.BenchmarkQueries.query21:instructions":
[INFO] [stdout]   126292394915.406 #/op
[INFO] [stdout] 
[INFO] [stdout] Secondary result "org.weakref.nitro.clickbench.BenchmarkQueries.query21:stalled-cycles-frontend":
[INFO] [stdout]   11371914866.513 #/op
[INFO] [stdout] 
[INFO] [stdout] 
[INFO] [stdout] # Run complete. Total time: 00:00:30
[INFO] [stdout] 
[INFO] [stdout] REMEMBER: The numbers below are just data. To gain reusable insights, you need to follow up on
[INFO] [stdout] why the numbers are the way they are. Use profilers (see -prof, -lprof), design factorial
[INFO] [stdout] experiments, perform baseline and negative tests that provide experimental control, make sure
[INFO] [stdout] the benchmarking environment is safe on JVM/OS/HW level, ask for reviews from the domain experts.
[INFO] [stdout] Do not assume the numbers tell you what you want them to tell.
[INFO] [stdout] 
[INFO] [stdout] NOTE: Current JVM experimentally supports Compiler Blackholes, and they are in use. Please exercise
[INFO] [stdout] extra caution when trusting the results, look into the generated code to check the benchmark still
[INFO] [stdout] works, and factor in a small probability of new VM bugs. Additionally, while comparisons between
[INFO] [stdout] different JVMs are already problematic, the performance difference caused by different Blackhole
[INFO] [stdout] modes can be very significant. Please make sure you use the consistent Blackhole mode for comparisons.
[INFO] [stdout] 
[INFO] [stdout] Benchmark                                         Mode  Cnt             Score   Error      Units
[INFO] [stdout] BenchmarkQueries.query21                          avgt    2          7460.166              ms/op
[INFO] [stdout] BenchmarkQueries.query21:CPI                      avgt                  0.315          clks/insn
[INFO] [stdout] BenchmarkQueries.query21:IPC                      avgt                  3.172          insns/clk
[INFO] [stdout] BenchmarkQueries.query21:L1-dcache-load-misses    avgt          965388816.536               #/op
[INFO] [stdout] BenchmarkQueries.query21:L1-dcache-loads          avgt        64601018764.540               #/op
[INFO] [stdout] BenchmarkQueries.query21:L1-icache-load-misses    avgt           15931809.279               #/op
[INFO] [stdout] BenchmarkQueries.query21:L1-icache-loads          avgt          202439278.826               #/op
[INFO] [stdout] BenchmarkQueries.query21:branch-misses            avgt          457720436.517               #/op
[INFO] [stdout] BenchmarkQueries.query21:branches                 avgt        26362773673.100               #/op
[INFO] [stdout] BenchmarkQueries.query21:cycles                   avgt        39819380057.199               #/op
[INFO] [stdout] BenchmarkQueries.query21:dTLB-load-misses         avgt            1028515.544               #/op
[INFO] [stdout] BenchmarkQueries.query21:dTLB-loads               avgt           15124065.391               #/op
[INFO] [stdout] BenchmarkQueries.query21:gc.alloc.rate            avgt    2           103.944             MB/sec
[INFO] [stdout] BenchmarkQueries.query21:gc.alloc.rate.norm       avgt    2     813122832.000               B/op
[INFO] [stdout] BenchmarkQueries.query21:gc.count                 avgt    2             9.000             counts
[INFO] [stdout] BenchmarkQueries.query21:gc.time                  avgt    2            12.000                 ms
[INFO] [stdout] BenchmarkQueries.query21:iTLB-load-misses         avgt              24868.784               #/op
[INFO] [stdout] BenchmarkQueries.query21:iTLB-loads               avgt            2888055.443               #/op
[INFO] [stdout] BenchmarkQueries.query21:instructions             avgt       126292394915.406               #/op
[INFO] [stdout] BenchmarkQueries.query21:stalled-cycles-frontend  avgt        11371914866.513               #/op
[INFO] [stdout] 
[INFO] [stdout] Benchmark result is saved to benchmarks/sweeps/20260717-targeted/nitro-clickbench-q21-flat-contains-sweep-off-a.json
[INFO] ------------------------------------------------------------------------
[INFO] BUILD SUCCESS
[INFO] ------------------------------------------------------------------------
[INFO] Total time:  31.290 s (Wall Clock)
[INFO] Finished at: 2026-07-17T07:59:30Z
[INFO] ------------------------------------------------------------------------
[INFO] Njord session closed
