[INFO] Processing build on daemon c260af31
[INFO] Scanning for projects...
[INFO] Njord 0.9.4 session created
[INFO] BuildTimeEventSpy is registered.
[INFO] 
[INFO] Using the SmartBuilder implementation with a thread count of 7
[INFO] 
[INFO] -------------------------< org.weakref:nitro >--------------------------
[INFO] Building nitro 1-SNAPSHOT
[INFO]   from pom.xml
[INFO] --------------------------------[ jar ]---------------------------------
[WARNING] 2 problems were encountered while building the effective model for org.apache.yetus:audience-annotations:jar:0.5.0 during dependency collection step for project (use -X to see details)
[INFO] 
[INFO] --- exec:3.6.1:exec (benchmark) @ nitro ---
[WARNING] [stderr] WARNING: Using incubator modules: jdk.incubator.vector
[WARNING] [stderr] WARNING: A terminally deprecated method in sun.misc.Unsafe has been called
[WARNING] [stderr] WARNING: sun.misc.Unsafe::objectFieldOffset has been called by org.openjdk.jmh.util.Utils (file:/root/.m2/repository/org/openjdk/jmh/jmh-core/1.37/jmh-core-1.37.jar)
[WARNING] [stderr] WARNING: Please consider reporting this to the maintainers of class org.openjdk.jmh.util.Utils
[WARNING] [stderr] WARNING: sun.misc.Unsafe::objectFieldOffset will be removed in a future release
[INFO] [stdout] # JMH version: 1.37
[INFO] [stdout] # VM version: JDK 26.0.1, OpenJDK 64-Bit Server VM, 26.0.1+8
[INFO] [stdout] # VM invoker: /opt/java/openjdk/bin/java
[INFO] [stdout] # VM options: --enable-preview --add-modules=jdk.incubator.vector -Dnitro.clickbench.hits.path= -Xmx12g -XX:+UseTransparentHugePages -Dnitro.parquet.binarySearchPageSurvivors=false -Dnitro.tpcds.parquet.path=/root/data/tpcds-parquet-sf10 -Dnitro.tpcds.parquet.schema=sf10
[INFO] [stdout] # Blackhole mode: compiler (auto-detected, use -Djmh.blackhole.autoDetect=false to disable)
[INFO] [stdout] # Warmup: 2 iterations, 1 s each
[INFO] [stdout] # Measurement: 3 iterations, 1 s each
[INFO] [stdout] # Timeout: 30 min per iteration
[INFO] [stdout] # Threads: 1 thread, will synchronize iterations
[INFO] [stdout] # Benchmark mode: Average time, time/op
[INFO] [stdout] # Benchmark: org.weakref.nitro.tpcds.BenchmarkQueries.query82
[INFO] [stdout] 
[INFO] [stdout] # Run progress: 0.00% complete, ETA 00:00:10
[INFO] [stdout] # Fork: 1 of 2
[INFO] [stdout] # Preparing profilers: LinuxPerfNormProfiler 
[INFO] [stdout] # Profilers consume stderr from target VM, use -v EXTRA to copy to console
[INFO] [stdout] # Warmup Iteration   1: 2761.148 ms/op
[INFO] [stdout] # Warmup Iteration   2: 2363.485 ms/op
[INFO] [stdout] Iteration   1: 2354.742 ms/op
[INFO] [stdout]                  gc.alloc.rate:      316.448 MB/sec
[INFO] [stdout]                  gc.alloc.rate.norm: 781394224.000 B/op
[INFO] [stdout]                  gc.count:           ≈ 0 counts
[INFO] [stdout] 
[INFO] [stdout] Iteration   2: 2337.256 ms/op
[INFO] [stdout]                  gc.alloc.rate:      318.698 MB/sec
[INFO] [stdout]                  gc.alloc.rate.norm: 781104952.000 B/op
[INFO] [stdout]                  gc.count:           ≈ 0 counts
[INFO] [stdout] 
[INFO] [stdout] Iteration   3: 2844.884 ms/op
[INFO] [stdout]                  gc.alloc.rate:      261.830 MB/sec
[INFO] [stdout]                  gc.alloc.rate.norm: 781096720.000 B/op
[INFO] [stdout]                  gc.count:           ≈ 0 counts
[INFO] [stdout] 
[INFO] [stdout] # Processing profiler results: LinuxPerfNormProfiler 
[INFO] [stdout] 
[INFO] [stdout] # Run progress: 50.00% complete, ETA 00:00:13
[INFO] [stdout] # Fork: 2 of 2
[INFO] [stdout] # Preparing profilers: LinuxPerfNormProfiler 
[INFO] [stdout] # Profilers consume stderr from target VM, use -v EXTRA to copy to console
[INFO] [stdout] # Warmup Iteration   1: 2814.603 ms/op
[INFO] [stdout] # Warmup Iteration   2: 2386.602 ms/op
[INFO] [stdout] Iteration   1: 2332.500 ms/op
[INFO] [stdout]                  gc.alloc.rate:      320.370 MB/sec
[INFO] [stdout]                  gc.alloc.rate.norm: 783602256.000 B/op
[INFO] [stdout]                  gc.count:           ≈ 0 counts
[INFO] [stdout] 
[INFO] [stdout] Iteration   2: 2340.633 ms/op
[INFO] [stdout]                  gc.alloc.rate:      319.121 MB/sec
[INFO] [stdout]                  gc.alloc.rate.norm: 783264856.000 B/op
[INFO] [stdout]                  gc.count:           ≈ 0 counts
[INFO] [stdout] 
[INFO] [stdout] Iteration   3: 2813.256 ms/op
[INFO] [stdout]                  gc.alloc.rate:      265.849 MB/sec
[INFO] [stdout]                  gc.alloc.rate.norm: 784261864.000 B/op
[INFO] [stdout]                  gc.count:           ≈ 0 counts
[INFO] [stdout] 
[INFO] [stdout] # Processing profiler results: LinuxPerfNormProfiler 
[INFO] [stdout] 
[INFO] [stdout] 
[INFO] [stdout] Result "org.weakref.nitro.tpcds.BenchmarkQueries.query82":
[INFO] [stdout]   2503.879 ±(99.9%) 707.215 ms/op [Average]
[INFO] [stdout]   (min, avg, max) = (2332.500, 2503.879, 2844.884), stdev = 252.200
[INFO] [stdout]   CI (99.9%): [1796.663, 3211.094] (assumes normal distribution)
[INFO] [stdout] 
[INFO] [stdout] Secondary result "org.weakref.nitro.tpcds.BenchmarkQueries.query82:CPI":
[INFO] [stdout]   0.310 clks/insn
[INFO] [stdout] 
[INFO] [stdout] Secondary result "org.weakref.nitro.tpcds.BenchmarkQueries.query82:IPC":
[INFO] [stdout]   3.222 insns/clk
[INFO] [stdout] 
[INFO] [stdout] Secondary result "org.weakref.nitro.tpcds.BenchmarkQueries.query82:L1-dcache-load-misses":
[INFO] [stdout]   538098411.869 #/op
[INFO] [stdout] 
[INFO] [stdout] Secondary result "org.weakref.nitro.tpcds.BenchmarkQueries.query82:L1-dcache-loads":
[INFO] [stdout]   19887882020.159 #/op
[INFO] [stdout] 
[INFO] [stdout] Secondary result "org.weakref.nitro.tpcds.BenchmarkQueries.query82:L1-icache-load-misses":
[INFO] [stdout]   9788305.978 #/op
[INFO] [stdout] 
[INFO] [stdout] Secondary result "org.weakref.nitro.tpcds.BenchmarkQueries.query82:L1-icache-loads":
[INFO] [stdout]   138764767.811 #/op
[INFO] [stdout] 
[INFO] [stdout] Secondary result "org.weakref.nitro.tpcds.BenchmarkQueries.query82:branch-misses":
[INFO] [stdout]   111119783.111 #/op
[INFO] [stdout] 
[INFO] [stdout] Secondary result "org.weakref.nitro.tpcds.BenchmarkQueries.query82:branches":
[INFO] [stdout]   9516589120.046 #/op
[INFO] [stdout] 
[INFO] [stdout] Secondary result "org.weakref.nitro.tpcds.BenchmarkQueries.query82:cycles":
[INFO] [stdout]   13659849557.659 #/op
[INFO] [stdout] 
[INFO] [stdout] Secondary result "org.weakref.nitro.tpcds.BenchmarkQueries.query82:dTLB-load-misses":
[INFO] [stdout]   752481.729 #/op
[INFO] [stdout] 
[INFO] [stdout] Secondary result "org.weakref.nitro.tpcds.BenchmarkQueries.query82:dTLB-loads":
[INFO] [stdout]   7521863.487 #/op
[INFO] [stdout] 
[INFO] [stdout] Secondary result "org.weakref.nitro.tpcds.BenchmarkQueries.query82:gc.alloc.rate":
[INFO] [stdout]   300.386 ±(99.9%) 79.543 MB/sec [Average]
[INFO] [stdout]   (min, avg, max) = (261.830, 300.386, 320.370), stdev = 28.366
[INFO] [stdout]   CI (99.9%): [220.843, 379.928] (assumes normal distribution)
[INFO] [stdout] 
[INFO] [stdout] Secondary result "org.weakref.nitro.tpcds.BenchmarkQueries.query82:gc.alloc.rate.norm":
[INFO] [stdout]   782454145.333 ±(99.9%) 3971587.013 B/op [Average]
[INFO] [stdout]   (min, avg, max) = (781096720.000, 782454145.333, 784261864.000), stdev = 1416306.188
[INFO] [stdout]   CI (99.9%): [778482558.320, 786425732.347] (assumes normal distribution)
[INFO] [stdout] 
[INFO] [stdout] Secondary result "org.weakref.nitro.tpcds.BenchmarkQueries.query82:gc.count":
[INFO] [stdout]   ≈ 0 counts
[INFO] [stdout] 
[INFO] [stdout] Secondary result "org.weakref.nitro.tpcds.BenchmarkQueries.query82:iTLB-load-misses":
[INFO] [stdout]   36645.734 #/op
[INFO] [stdout] 
[INFO] [stdout] Secondary result "org.weakref.nitro.tpcds.BenchmarkQueries.query82:iTLB-loads":
[INFO] [stdout]   2971042.875 #/op
[INFO] [stdout] 
[INFO] [stdout] Secondary result "org.weakref.nitro.tpcds.BenchmarkQueries.query82:instructions":
[INFO] [stdout]   44006594149.543 #/op
[INFO] [stdout] 
[INFO] [stdout] Secondary result "org.weakref.nitro.tpcds.BenchmarkQueries.query82:stalled-cycles-frontend":
[INFO] [stdout]   3354027010.006 #/op
[INFO] [stdout] 
[INFO] [stdout] 
[INFO] [stdout] # Run complete. Total time: 00:00:26
[INFO] [stdout] 
[INFO] [stdout] REMEMBER: The numbers below are just data. To gain reusable insights, you need to follow up on
[INFO] [stdout] why the numbers are the way they are. Use profilers (see -prof, -lprof), design factorial
[INFO] [stdout] experiments, perform baseline and negative tests that provide experimental control, make sure
[INFO] [stdout] the benchmarking environment is safe on JVM/OS/HW level, ask for reviews from the domain experts.
[INFO] [stdout] Do not assume the numbers tell you what you want them to tell.
[INFO] [stdout] 
[INFO] [stdout] NOTE: Current JVM experimentally supports Compiler Blackholes, and they are in use. Please exercise
[INFO] [stdout] extra caution when trusting the results, look into the generated code to check the benchmark still
[INFO] [stdout] works, and factor in a small probability of new VM bugs. Additionally, while comparisons between
[INFO] [stdout] different JVMs are already problematic, the performance difference caused by different Blackhole
[INFO] [stdout] modes can be very significant. Please make sure you use the consistent Blackhole mode for comparisons.
[INFO] [stdout] 
[INFO] [stdout] Benchmark                                         Mode  Cnt            Score         Error      Units
[INFO] [stdout] BenchmarkQueries.query82                          avgt    6         2503.879 ±     707.215      ms/op
[INFO] [stdout] BenchmarkQueries.query82:CPI                      avgt    2            0.310                clks/insn
[INFO] [stdout] BenchmarkQueries.query82:IPC                      avgt    2            3.222                insns/clk
[INFO] [stdout] BenchmarkQueries.query82:L1-dcache-load-misses    avgt    2    538098411.869                     #/op
[INFO] [stdout] BenchmarkQueries.query82:L1-dcache-loads          avgt    2  19887882020.159                     #/op
[INFO] [stdout] BenchmarkQueries.query82:L1-icache-load-misses    avgt    2      9788305.978                     #/op
[INFO] [stdout] BenchmarkQueries.query82:L1-icache-loads          avgt    2    138764767.811                     #/op
[INFO] [stdout] BenchmarkQueries.query82:branch-misses            avgt    2    111119783.111                     #/op
[INFO] [stdout] BenchmarkQueries.query82:branches                 avgt    2   9516589120.046                     #/op
[INFO] [stdout] BenchmarkQueries.query82:cycles                   avgt    2  13659849557.659                     #/op
[INFO] [stdout] BenchmarkQueries.query82:dTLB-load-misses         avgt    2       752481.729                     #/op
[INFO] [stdout] BenchmarkQueries.query82:dTLB-loads               avgt    2      7521863.487                     #/op
[INFO] [stdout] BenchmarkQueries.query82:gc.alloc.rate            avgt    6          300.386 ±      79.543     MB/sec
[INFO] [stdout] BenchmarkQueries.query82:gc.alloc.rate.norm       avgt    6    782454145.333 ± 3971587.013       B/op
[INFO] [stdout] BenchmarkQueries.query82:gc.count                 avgt    6              ≈ 0                   counts
[INFO] [stdout] BenchmarkQueries.query82:iTLB-load-misses         avgt    2        36645.734                     #/op
[INFO] [stdout] BenchmarkQueries.query82:iTLB-loads               avgt    2      2971042.875                     #/op
[INFO] [stdout] BenchmarkQueries.query82:instructions             avgt    2  44006594149.543                     #/op
[INFO] [stdout] BenchmarkQueries.query82:stalled-cycles-frontend  avgt    2   3354027010.006                     #/op
[INFO] [stdout] 
[INFO] [stdout] Benchmark result is saved to benchmarks/sweeps/20260717-targeted/nitro-tpcds-q82-sparse-page-boundary-off-2fork.json
[INFO] ------------------------------------------------------------------------
[INFO] BUILD SUCCESS
[INFO] ------------------------------------------------------------------------
[INFO] Total time:  26.685 s (Wall Clock)
[INFO] Finished at: 2026-07-17T13:39:35Z
[INFO] ------------------------------------------------------------------------
[INFO] Njord session closed
