Script started on 2026-08-11 02:39:04+00:00 [COMMAND="/opt/mvnd/bin/mvnd -Dmaven.gitcommitid.skip=true -Djacoco.skip=true -pl testing/trino-tests -Dair.check.skip-all -DskipTests=false -Dtest=TestNitroClickBenchQueries#testClickBenchPerformance -Dair.test.jvmsize=12g '-Dair.test.jvm.additional-arguments=-XX:G1HeapRegionSize=32M -XX:+UnlockDiagnosticVMOptions --add-modules=jdk.incubator.vector --sun-misc-unsafe-memory-access=allow -Dairlift.quiet=true -XX:-HeapDumpOnOutOfMemoryError' -Dtrino.test.nitro-clickbench-data=/root/data/clickbench-parquet/hits.parquet -Dtrino.test.nitro-clickbench-performance=true -Dtrino.test.nitro-benchmark-engine=both -Dtrino.test.nitro-benchmark-query=q43 -Dtrino.test.nitro-clickbench-warmups=10 -Dtrino.test.nitro-clickbench-measurements=50 -Dtrino.test.nitro-query-max-memory=8GB test" <not executed on terminal>]
[INFO] Enabling strict checksum verification on all artifact downloads.
[INFO] Processing build on daemon ae8e424d
[INFO] Scanning for projects...
[INFO] Loaded 0 groupId for remote repository maven-central
[INFO] Loaded 0 groupId for remote repository google-maven-central-copy
[INFO] Njord 0.9.9 session created
[INFO] BuildTimeEventSpy is registered.
[INFO] 
[INFO] Using the SmartBuilder implementation with a thread count of 7
[INFO] 
[INFO] ------------------------< io.trino:trino-tests >------------------------
[INFO] Building trino-tests 484-SNAPSHOT
[INFO]   from pom.xml
[INFO] --------------------------------[ jar ]---------------------------------
[INFO] Loaded 0 groupId for remote repository ossrh
[INFO] Loaded 0 groupId for remote repository repo.gradle.org
[INFO] Loaded 0 groupId for remote repository central.maven.org
[INFO] 
[INFO] --- git-commit-id:10.0.0:revision (default) @ trino-tests ---
[INFO] 
[INFO] --- build-helper:3.6.1:bsh-property (surefire-enable-preview) @ trino-tests ---
[INFO] 
[INFO] --- resources:3.5.0:resources (default-resources) @ trino-tests ---
[INFO] skip non existing resourceDirectory /root/notes/trino.nitro/testing/trino-tests/src/main/resources
[INFO] 
[INFO] --- compiler:3.15.0:compile (default-compile) @ trino-tests ---
[INFO] Nothing to compile - all classes are up to date.
[INFO] 
[INFO] --- resources:3.5.0:testResources (default-testResources) @ trino-tests ---
[INFO] Copying 266 resources from src/test/resources to target/test-classes
[INFO] 
[INFO] --- compiler:3.15.0:testCompile (default-testCompile) @ trino-tests ---
[INFO] Nothing to compile - all classes are up to date.
[INFO] 
[INFO] --- modernizer:3.4.0:modernizer (modernizer) @ trino-tests ---
[INFO] Skipping modernizer execution!
[INFO] 
[INFO] --- modernizer:3.4.0:modernizer (modernizer-production-code) @ trino-tests ---
[INFO] Skipping modernizer execution!
[INFO] 
[INFO] --- dependency:3.11.0:analyze-only (default) @ trino-tests ---
[INFO] Skipping plugin execution
[INFO] 
[INFO] --- dependency:3.11.0:analyze-duplicate (default) @ trino-tests ---
[INFO] Skipping plugin execution
[INFO] 
[INFO] --- duplicate-finder:2.0.1:check (default) @ trino-tests ---
[INFO] Skipping duplicate-finder execution!
[INFO] 
[INFO] --- surefire:3.5.6:test (default-test) @ trino-tests ---
[INFO] Tests will run in random order. To reproduce ordering use flag -Dsurefire.runOrder.random.seed=4758826857497416
[INFO] Using auto detected provider org.apache.maven.surefire.junitplatform.JUnitPlatformProvider
[INFO] 
[INFO] -------------------------------------------------------
[INFO]  T E S T S
[INFO] -------------------------------------------------------
[WARNING] [stderr] WARNING: Using incubator modules: jdk.incubator.vector
[WARNING] [stderr] 2026-08-10T20:39:06.773-0600	INFO	ForkJoinPool-1-worker-1	io.airlift.log.Logging	Logging to stderr
[INFO] Running io.trino.tests.nitro.TestNitroClickBenchQueries
[ERROR] Tests run: 1, Failures: 0, Errors: 1, Skipped: 0, Time elapsed: 0.017 s <<< FAILURE! -- in io.trino.tests.nitro.TestNitroClickBenchQueries
[ERROR] io.trino.tests.nitro.TestNitroClickBenchQueries -- Time elapsed: 0.017 s <<< ERROR!
java.lang.IllegalStateException: Set -Dtrino.test.nitro-clickbench-queries=/path/to/file
	at io.trino.tests.nitro.TestNitroClickBenchQueries.requiredProperty(TestNitroClickBenchQueries.java:737)
	at io.trino.tests.nitro.TestNitroClickBenchQueries.setUp(TestNitroClickBenchQueries.java:68)
[WARNING] [stderr] 2026-08-10T20:39:06.822-0600	INFO	main	io.trino.testing.containers.junit.ReportLeakedContainers	DockerClientFactory not initialized, so there should be no leaked containers, skipping the check
[INFO] 
[INFO] Results:
[INFO] 
[ERROR] Errors: 
[ERROR]   TestNitroClickBenchQueries.setUp:68->requiredProperty:737 IllegalState Set -Dtrino.test.nitro-clickbench-queries=/path/to/file
[INFO] 
[ERROR] Tests run: 1, Failures: 0, Errors: 1, Skipped: 0
[INFO] 
[INFO] ------------------------------------------------------------------------
[INFO] BUILD FAILURE
[INFO] ------------------------------------------------------------------------
[INFO] Total time:  1.902 s (Wall Clock)
[INFO] Finished at: 2026-08-11T02:39:06Z
[INFO] ------------------------------------------------------------------------
[INFO] Njord session closed
[ERROR] Failed to execute goal org.apache.maven.plugins:maven-surefire-plugin:3.5.6:test (default-test) on project trino-tests: 
[ERROR] 
[ERROR] See /root/notes/trino.nitro/testing/trino-tests/target/surefire-reports for the individual test results.
[ERROR] See dump files (if any exist) [date].dump, [date]-jvmRun[N].dump and [date].dumpstream.
[ERROR] -> [Help 1]
[ERROR] 
[ERROR] To see the full stack trace of the errors, re-run Maven with the -e switch.
[ERROR] Re-run Maven using the -X switch to enable full debug logging.
[ERROR] 
[ERROR] For more information about the errors and possible solutions, please read the following articles:
[ERROR] [Help 1] http://cwiki.apache.org/confluence/display/MAVEN/MojoFailureException

Script done on 2026-08-11 02:39:06+00:00 [COMMAND_EXIT_CODE="1"]
