[INFO] Processing build on daemon 1ae8f810
[INFO] Scanning for projects...
[INFO] Njord 0.9.4 session created
[INFO] BuildTimeEventSpy is registered.
[INFO] 
[INFO] Using the SmartBuilder implementation with a thread count of 7
[INFO] 
[INFO] -------------------------< org.weakref:nitro >--------------------------
[INFO] Building nitro 1-SNAPSHOT
[INFO]   from pom.xml
[INFO] --------------------------------[ jar ]---------------------------------
[WARNING] 2 problems were encountered while building the effective model for org.apache.yetus:audience-annotations:jar:0.5.0 during dependency collection step for project (use -X to see details)
[INFO] 
[INFO] --- exec:3.6.1:exec (benchmark) @ nitro ---
[WARNING] [stderr] WARNING: Using incubator modules: jdk.incubator.vector
[WARNING] [stderr] WARNING: A terminally deprecated method in sun.misc.Unsafe has been called
[WARNING] [stderr] WARNING: sun.misc.Unsafe::objectFieldOffset has been called by org.openjdk.jmh.util.Utils (file:/root/.m2/repository/org/openjdk/jmh/jmh-core/1.37/jmh-core-1.37.jar)
[WARNING] [stderr] WARNING: Please consider reporting this to the maintainers of class org.openjdk.jmh.util.Utils
[WARNING] [stderr] WARNING: sun.misc.Unsafe::objectFieldOffset will be removed in a future release
[INFO] [stdout] # JMH version: 1.37
[INFO] [stdout] # VM version: JDK 26.0.1, OpenJDK 64-Bit Server VM, 26.0.1+8
[INFO] [stdout] # VM invoker: /opt/java/openjdk/bin/java
[INFO] [stdout] # VM options: --enable-preview --add-modules=jdk.incubator.vector -Dnitro.clickbench.hits.path=/root/data/clickbench -Xmx12g -XX:+UseTransparentHugePages
[INFO] [stdout] # Blackhole mode: compiler (auto-detected, use -Djmh.blackhole.autoDetect=false to disable)
[INFO] [stdout] # Warmup: 3 iterations, 1 s each
[INFO] [stdout] # Measurement: 1 iterations, 1 s each
[INFO] [stdout] # Timeout: 10 min per iteration
[INFO] [stdout] # Threads: 1 thread, will synchronize iterations
[INFO] [stdout] # Benchmark mode: Average time, time/op
[INFO] [stdout] # Benchmark: org.weakref.nitro.clickbench.BenchmarkQueries.query32
[INFO] [stdout] 
[INFO] [stdout] # Run progress: 0.00% complete, ETA 00:00:04
[INFO] [stdout] # Fork: 1 of 1
[INFO] [stdout] # Preparing profilers: LinuxPerfAsmProfiler 
[INFO] [stdout] # Profilers consume stdout and stderr from target VM, use -v EXTRA to copy to console
[INFO] [stdout] # Warmup Iteration   1: 7050.256 ms/op
[INFO] [stdout] # Warmup Iteration   2: 4174.179 ms/op
[INFO] [stdout] # Warmup Iteration   3: 2903.096 ms/op
[INFO] [stdout] Iteration   1: 4859.795 ms/op
[INFO] [stdout] # Processing profiler results: LinuxPerfAsmProfiler 
[INFO] [stdout] 
[INFO] [stdout] 
[INFO] [stdout] Result "org.weakref.nitro.clickbench.BenchmarkQueries.query32":
[INFO] [stdout]   4859.795 ms/op
[INFO] [stdout] 
[INFO] [stdout] Secondary result "org.weakref.nitro.clickbench.BenchmarkQueries.query32:asm":
[INFO] [stdout] PrintAssembly processed: 456623 total address lines.
[INFO] [stdout] Perf output processed (skipped 15.479 seconds):
[INFO] [stdout]  Column 1: dTLB-load-misses (3155 events)
[INFO] [stdout] 
[INFO] [stdout] Hottest code regions (>1.00% "dTLB-load-misses" events):
[INFO] [stdout]  Event counts are percents of total event count.
[INFO] [stdout] 
[INFO] [stdout] ....[Hottest Region 1]..............................................................................
[INFO] [stdout] , <unknown> 
[INFO] [stdout] 
[INFO] [stdout]  <no assembly is recorded, native region>
[INFO] [stdout] ....................................................................................................
[INFO] [stdout]   10.97%  <total for region 1>
[INFO] [stdout] 
[INFO] [stdout] ....[Hottest Region 2]..............................................................................
[INFO] [stdout] c2, level 4, org.weakref.nitro.parquet.ColumnReader::decodeDataPageV1, version 4, compile id 4155 
[INFO] [stdout] 
[INFO] [stdout]                                 ; - jdk.internal.misc.ScopedMemoryAccess::getIntUnaligned@6 (line 3159)
[INFO] [stdout]                                 ; - java.lang.invoke.VarHandleSegmentAsInts::get@42 (line 60)
[INFO] [stdout]                                 ; - java.lang.invoke.VarHandleSegmentAsInts::get@10 (line 53)
[INFO] [stdout]                                 ; - java.lang.invoke.VarHandleGuards::guard_LJ_I@49 (line 254)
[INFO] [stdout]                                 ; - jdk.internal.foreign.AbstractMemorySegmentImpl::get@8 (line 758)
[INFO] [stdout]                                 ; - org.weakref.nitro.parquet.ColumnReader::decodeDataPageV1@68 (line 3010)
[INFO] [stdout]             0x0000716003cb4f4c: 0000 0000 | 4d89 97b0 | 0100 0041 | 0f18 8200 | 0100 0048 | c700 0100 | 0000 410f | 1882 4001 
[INFO] [stdout]             0x0000716003cb4f6c: 0000 410f | 1882 8001 
[INFO] [stdout]             0x0000716003cb4f74: ;   {metadata({type array int})}
[INFO] [stdout]             0x0000716003cb4f74: 0000 c740 | 08c8 6317 | 00c7 400c | 1000 0000 | 4c8b d849 | 83c3 10c5 | fdef c0c4 | c17e 7f03 
[INFO] [stdout]    0.13%    0x0000716003cb4f94: c4c1 7e7f 
[INFO] [stdout]             0x0000716003cb4f98: ;*invokestatic loadWithMap {reexecute=0 rethrow=0 return_oop=0}
[INFO] [stdout]                                 ; - jdk.incubator.vector.IntVector::fromArray@99 (line 3100)
[INFO] [stdout]                                 ; - org.weakref.nitro.parquet.ColumnReader::gatherInts@32 (line 2971)
[INFO] [stdout]                                 ; - org.weakref.nitro.parquet.ColumnReader::gatherDictionary@52 (line 3114)
[INFO] [stdout]                                 ; - org.weakref.nitro.parquet.ColumnReader::decodeDataPageV1@611 (line 3088)
[INFO] [stdout]             0x0000716003cb4f98: 4320 c5f9 
[INFO] [stdout]             0x0000716003cb4f9c: ;*invokestatic fromBitsCoerced {reexecute=0 rethrow=0 return_oop=0}
[INFO] [stdout]                                 ; - jdk.incubator.vector.IntVector$IntSpecies::broadcastBits@19 (line 3886)
[INFO] [stdout]                                 ; - jdk.incubator.vector.IntVector$IntSpecies::broadcast@5 (line 3895)
[INFO] [stdout]                                 ; - jdk.incubator.vector.IntVector::broadcastTemplate@7 (line 631)
[INFO] [stdout]                                 ; - jdk.incubator.vector.Int512Vector::broadcast@2 (line 127)
[INFO] [stdout]                                 ; - jdk.incubator.vector.Int512Vector::broadcast@2 (line 43)
[INFO] [stdout]                                 ; - jdk.incubator.vector.IntVector::lanewise@40 (line 944)
[INFO] [stdout]                                 ; - jdk.incubator.vector.IntVector::add@5 (line 1406)
[INFO] [stdout]                                 ; - jdk.incubator.vector.IntVector::fromArray@42 (line 3096)
[INFO] [stdout]                                 ; - org.weakref.nitro.parquet.ColumnReader::gatherInts@32 (line 2971)
[INFO] [stdout]                                 ; - org.weakref.nitro.parquet.ColumnReader::gatherDictionary@52 (line 3114)
[INFO] [stdout]                                 ; - org.weakref.nitro.parquet.ColumnReader::decodeDataPageV1@611 (line 3088)
[INFO] [stdout]             0x0000716003cb4f9c: efc0 62f1 
[INFO] [stdout]             0x0000716003cb4fa0: ;*invokestatic binaryOp {reexecute=0 rethrow=0 return_oop=0}
[INFO] [stdout]                                 ; - jdk.incubator.vector.IntVector::lanewiseTemplate@154 (line 798)
[INFO] [stdout]                                 ; - jdk.incubator.vector.Int512Vector::lanewise@3 (line 278)
[INFO] [stdout]                                 ; - jdk.incubator.vector.Int512Vector::lanewise@3 (line 43)
[INFO] [stdout]                                 ; - jdk.incubator.vector.IntVector::lanewise@43 (line 944)
[INFO] [stdout]                                 ; - jdk.incubator.vector.IntVector::add@5 (line 1406)
[INFO] [stdout]                                 ; - jdk.incubator.vector.IntVector::fromArray@42 (line 3096)
[INFO] [stdout]                                 ; - org.weakref.nitro.parquet.ColumnReader::gatherInts@32 (line 2971)
[INFO] [stdout]                                 ; - org.weakref.nitro.parquet.ColumnReader::gatherDictionary@52 (line 3114)
[INFO] [stdout]                                 ; - org.weakref.nitro.parquet.ColumnReader::decodeDataPageV1@611 (line 3088)
[INFO] [stdout]             0x0000716003cb4fa0: 7d48 fec1 | 62f1 7e48 | 7f80 1000 | 0000 62f2 | 7d48 584c | 240c 62f3 | 7d48 1ff9 
[INFO] [stdout]             0x0000716003cb4fbc: ;*invokestatic loadWithMap {reexecute=0 rethrow=0 return_oop=0}
[INFO] [stdout]                                 ; - jdk.incubator.vector.IntVector::fromArray@99 (line 3100)
[INFO] [stdout]                                 ; - org.weakref.nitro.parquet.ColumnReader::gatherInts@32 (line 2971)
[INFO] [stdout]                                 ; - org.weakref.nitro.parquet.ColumnReader::gatherDictionary@52 (line 3114)
[INFO] [stdout]                                 ; - org.weakref.nitro.parquet.ColumnReader::decodeDataPageV1@611 (line 3088)
[INFO] [stdout]             0x0000716003cb4fbc: 05c5 f1ef 
[INFO] [stdout]             0x0000716003cb4fc0: ;*invokestatic fromBitsCoerced {reexecute=0 rethrow=0 return_oop=0}
[INFO] [stdout]                                 ; - jdk.incubator.vector.IntVector$IntSpecies::broadcastBits@19 (line 3886)
[INFO] [stdout]                                 ; - jdk.incubator.vector.IntVector$IntSpecies::broadcast@5 (line 3895)
[INFO] [stdout]                                 ; - jdk.incubator.vector.IntVector::broadcastTemplate@7 (line 631)
[INFO] [stdout]                                 ; - jdk.incubator.vector.Int512Vector::broadcast@2 (line 127)
[INFO] [stdout]                                 ; - jdk.incubator.vector.Int512Vector::broadcast@2 (line 43)
[INFO] [stdout]                                 ; - jdk.incubator.vector.IntVector::lanewise@40 (line 944)
[INFO] [stdout]                                 ; - jdk.incubator.vector.IntVector::add@5 (line 1406)
[INFO] [stdout]                                 ; - jdk.incubator.vector.IntVector::fromArray@42 (line 3096)
[INFO] [stdout]                                 ; - org.weakref.nitro.parquet.ColumnReader::gatherInts@32 (line 2971)
[INFO] [stdout]                                 ; - org.weakref.nitro.parquet.ColumnReader::gatherDictionary@52 (line 3114)
[INFO] [stdout]                                 ; - org.weakref.nitro.parquet.ColumnReader::decodeDataPageV1@611 (line 3088)
[INFO] [stdout]             0x0000716003cb4fc0: c962 f37d 
[INFO] [stdout]             0x0000716003cb4fc4: ;*invokestatic loadWithMap {reexecute=0 rethrow=0 return_oop=0}
[INFO] [stdout]                                 ; - jdk.incubator.vector.IntVector::fromArray@99 (line 3100)
[INFO] [stdout]                                 ; - org.weakref.nitro.parquet.ColumnReader::gatherInts@32 (line 2971)
[INFO] [stdout]                                 ; - org.weakref.nitro.parquet.ColumnReader::gatherDictionary@52 (line 3114)
[INFO] [stdout]                                 ; - org.weakref.nitro.parquet.ColumnReader::decodeDataPageV1@611 (line 3088)
[INFO] [stdout]             0x0000716003cb4fc4: 481f f101 
[INFO] [stdout]    0.03%    0x0000716003cb4fc8: ;*invokestatic binaryOp {reexecute=0 rethrow=0 return_oop=0}
[INFO] [stdout]                                 ; - jdk.incubator.vector.Int512Vector$Int512Mask::or@29 (line 732)
[INFO] [stdout]                                 ; - jdk.incubator.vector.Int512Vector$Int512Mask::or@2 (line 590)
[INFO] [stdout]                                 ; - jdk.incubator.vector.VectorIntrinsics::checkIndex@46 (line 80)
[INFO] [stdout]                                 ; - jdk.incubator.vector.IntVector::fromArray@51 (line 3098)
[INFO] [stdout]                                 ; - org.weakref.nitro.parquet.ColumnReader::gatherInts@32 (line 2971)
[INFO] [stdout]                                 ; - org.weakref.nitro.parquet.ColumnReader::gatherDictionary@52 (line 3114)
[INFO] [stdout]                                 ; - org.weakref.nitro.parquet.ColumnReader::decodeDataPageV1@611 (line 3088)
[INFO] [stdout]    0.03%    0x0000716003cb4fc8: c5cc 45ff | c5f8 98ff | 0f85 6301 | 0000 448b | 5c24 20c5 | c446 ff4f | 8d54 dc10 | 62d2 7d4f 
[INFO] [stdout]             0x0000716003cb4fe8: 900c 824c 
[INFO] [stdout]             0x0000716003cb4fec: ;*invokestatic loadWithMap {reexecute=0 rethrow=0 return_oop=0}
[INFO] [stdout]                                 ; - jdk.incubator.vector.IntVector::fromArray@99 (line 3100)
[INFO] [stdout]                                 ; - org.weakref.nitro.parquet.ColumnReader::gatherInts@32 (line 2971)
[INFO] [stdout]                                 ; - org.weakref.nitro.parquet.ColumnReader::gatherDictionary@52 (line 3114)
[INFO] [stdout]                                 ; - org.weakref.nitro.parquet.ColumnReader::decodeDataPageV1@611 (line 3088)
[INFO] [stdout]             0x0000716003cb4fec: 8b54 2440 | 62d1 7e48 | 7f8c 2a10 
[INFO] [stdout]             0x0000716003cb4ff8: ;*invokestatic store {reexecute=0 rethrow=0 return_oop=0}
[INFO] [stdout]                                 ; - jdk.incubator.vector.IntVector::intoArray@44 (line 3283)
[INFO] [stdout]                                 ; - org.weakref.nitro.parquet.ColumnReader::gatherInts@41 (line 2971)
[INFO] [stdout]                                 ; - org.weakref.nitro.parquet.ColumnReader::gatherDictionary@52 (line 3114)
[INFO] [stdout]                                 ; - org.weakref.nitro.parquet.ColumnReader::decodeDataPageV1@611 (line 3088)
[INFO] [stdout]             0x0000716003cb4ff8: 0000 0044 
[INFO] [stdout]             0x0000716003cb4ffc: ;*invokestatic loadWithMap {reexecute=0 rethrow=0 return_oop=0}
[INFO] [stdout]                                 ; - jdk.incubator.vector.IntVector::fromArray@99 (line 3100)
[INFO] [stdout]                                 ; - org.weakref.nitro.parquet.ColumnReader::gatherInts@32 (line 2971)
[INFO] [stdout]                                 ; - org.weakref.nitro.parquet.ColumnReader::gatherDictionary@52 (line 3114)
[INFO] [stdout]                                 ; - org.weakref.nitro.parquet.ColumnReader::decodeDataPageV1@611 (line 3088)
[INFO] [stdout]             0x0000716003cb4ffc: 8b5c 2454 | 4183 c310 | 4489 5c24 | 5444 3b5c | 2434 0f8d 
[INFO] [stdout]             0x0000716003cb5010: ;*getstatic INT_SPECIES {reexecute=0 rethrow=0 return_oop=0}
[INFO] [stdout]                                 ; - org.weakref.nitro.parquet.ColumnReader::gatherInts@22 (line 2971)
[INFO] [stdout]                                 ; - org.weakref.nitro.parquet.ColumnReader::gatherDictionary@52 (line 3114)
[INFO] [stdout]                                 ; - org.weakref.nitro.parquet.ColumnReader::decodeDataPageV1@611 (line 3088)
[INFO] [stdout]             0x0000716003cb5010: d8fe ffff | 448b 5424 | 5444 8954 
[INFO] [stdout]             0x0000716003cb501c: ;*invokestatic currentThread {reexecute=0 rethrow=0 return_oop=0}
[INFO] [stdout]                                 ; - jdk.internal.foreign.MemorySessionImpl::checkValidStateRaw@11 (line 200)
[INFO] [stdout]                                 ; - jdk.internal.misc.ScopedMemoryAccess::getIntUnalignedInternal@5 (line 3169)
[INFO] [stdout]                                 ; - jdk.internal.misc.ScopedMemoryAccess::getIntUnaligned@6 (line 3159)
[INFO] [stdout]                                 ; - java.lang.invoke.VarHandleSegmentAsInts::get@42 (line 60)
[INFO] [stdout]                                 ; - java.lang.invoke.VarHandleSegmentAsInts::get@10 (line 53)
[INFO] [stdout] ....................................................................................................
[INFO] [stdout]   10.43%  <total for region 2>
[INFO] [stdout] 
[INFO] [stdout] ....[Hottest Region 3]..............................................................................
[INFO] [stdout]  [kernel.kallsyms], default_send_IPI_mask_sequence_phys 
[INFO] [stdout] 
[INFO] [stdout]  <no assembly is recorded, native region>
[INFO] [stdout] ....................................................................................................
[INFO] [stdout]   10.21%  <total for region 3>
[INFO] [stdout] 
[INFO] [stdout] ....[Hottest Region 4]..............................................................................
[INFO] [stdout]  [kernel.kallsyms], copy_mc_enhanced_fast_string 
[INFO] [stdout] 
[INFO] [stdout]  <no assembly is recorded, native region>
[INFO] [stdout] ....................................................................................................
[INFO] [stdout]    7.64%  <total for region 4>
[INFO] [stdout] 
[INFO] [stdout] ....[Hottest Region 5]..............................................................................
[INFO] [stdout]  [kernel.kallsyms], clear_page_erms 
[INFO] [stdout] 
[INFO] [stdout]  <no assembly is recorded, native region>
[INFO] [stdout] ....................................................................................................
[INFO] [stdout]    3.71%  <total for region 5>
[INFO] [stdout] 
[INFO] [stdout] ....[Hottest Region 6]..............................................................................
[INFO] [stdout]  [kernel.kallsyms], asm_exc_page_fault 
[INFO] [stdout] 
[INFO] [stdout]  <no assembly is recorded, native region>
[INFO] [stdout] ....................................................................................................
[INFO] [stdout]    3.04%  <total for region 6>
[INFO] [stdout] 
[INFO] [stdout] ....[Hottest Region 7]..............................................................................
[INFO] [stdout]  [kernel.kallsyms], mas_walk 
[INFO] [stdout] 
[INFO] [stdout]  <no assembly is recorded, native region>
[INFO] [stdout] ....................................................................................................
[INFO] [stdout]    2.66%  <total for region 7>
[INFO] [stdout] 
[INFO] [stdout] ....[Hottest Region 8]..............................................................................
[INFO] [stdout]  [kernel.kallsyms], mas_walk 
[INFO] [stdout] 
[INFO] [stdout]  <no assembly is recorded, native region>
[INFO] [stdout] ....................................................................................................
[INFO] [stdout]    2.41%  <total for region 8>
[INFO] [stdout] 
[INFO] [stdout] ....[Hottest Region 9]..............................................................................
[INFO] [stdout]  [kernel.kallsyms], mas_walk 
[INFO] [stdout] 
[INFO] [stdout]  <no assembly is recorded, native region>
[INFO] [stdout] ....................................................................................................
[INFO] [stdout]    2.31%  <total for region 9>
[INFO] [stdout] 
[INFO] [stdout] ....[Hottest Region 10].............................................................................
[INFO] [stdout]  [kernel.kallsyms], lock_vma_under_rcu 
[INFO] [stdout] 
[INFO] [stdout]  <no assembly is recorded, native region>
[INFO] [stdout] ....................................................................................................
[INFO] [stdout]    1.81%  <total for region 10>
[INFO] [stdout] 
[INFO] [stdout] ....[Hottest Region 11].............................................................................
[INFO] [stdout]  [kernel.kallsyms], mas_walk 
[INFO] [stdout] 
[INFO] [stdout]  <no assembly is recorded, native region>
[INFO] [stdout] ....................................................................................................
[INFO] [stdout]    1.71%  <total for region 11>
[INFO] [stdout] 
[INFO] [stdout] ....[Hottest Region 12].............................................................................
[INFO] [stdout] snappy18266366984656706706.tmp, [unknown] 
[INFO] [stdout] 
[INFO] [stdout]  <no assembly is recorded, native region>
[INFO] [stdout] ....................................................................................................
[INFO] [stdout]    1.49%  <total for region 12>
[INFO] [stdout] 
[INFO] [stdout] ....[Hottest Region 13].............................................................................
[INFO] [stdout] , <unknown> 
[INFO] [stdout] 
[INFO] [stdout]  <no assembly is recorded, native region>
[INFO] [stdout] ....................................................................................................
[INFO] [stdout]    1.30%  <total for region 13>
[INFO] [stdout] 
[INFO] [stdout] ....[Hottest Region 14].............................................................................
[INFO] [stdout]  [kernel.kallsyms], lock_vma_under_rcu 
[INFO] [stdout] 
[INFO] [stdout]  <no assembly is recorded, native region>
[INFO] [stdout] ....................................................................................................
[INFO] [stdout]    1.05%  <total for region 14>
[INFO] [stdout] 
[INFO] [stdout] ....[Hottest Regions]...............................................................................
[INFO] [stdout]   10.97%                                  <unknown> 
[INFO] [stdout]   10.43%                     c2, level 4  org.weakref.nitro.parquet.ColumnReader::decodeDataPageV1, version 4, compile id 4155 
[INFO] [stdout]   10.21%               [kernel.kallsyms]  default_send_IPI_mask_sequence_phys 
[INFO] [stdout]    7.64%               [kernel.kallsyms]  copy_mc_enhanced_fast_string 
[INFO] [stdout]    3.71%               [kernel.kallsyms]  clear_page_erms 
[INFO] [stdout]    3.04%               [kernel.kallsyms]  asm_exc_page_fault 
[INFO] [stdout]    2.66%               [kernel.kallsyms]  mas_walk 
[INFO] [stdout]    2.41%               [kernel.kallsyms]  mas_walk 
[INFO] [stdout]    2.31%               [kernel.kallsyms]  mas_walk 
[INFO] [stdout]    1.81%               [kernel.kallsyms]  lock_vma_under_rcu 
[INFO] [stdout]    1.71%               [kernel.kallsyms]  mas_walk 
[INFO] [stdout]    1.49%  snappy18266366984656706706.tmp  [unknown] 
[INFO] [stdout]    1.30%                                  <unknown> 
[INFO] [stdout]    1.05%               [kernel.kallsyms]  lock_vma_under_rcu 
[INFO] [stdout]    0.92%                     c2, level 4  org.weakref.nitro.parquet.ColumnReader::decodeDataPageV1, version 4, compile id 4155 
[INFO] [stdout]    0.86%               [kernel.kallsyms]  isolate_migratepages_block 
[INFO] [stdout]    0.79%               [kernel.kallsyms]  folio_migrate_flags 
[INFO] [stdout]    0.76%               [kernel.kallsyms]  default_send_IPI_allbutself 
[INFO] [stdout]    0.76%               [kernel.kallsyms]  folio_get_anon_vma 
[INFO] [stdout]    0.76%                     c2, level 4  org.weakref.nitro.function.scalar.builtin.Utf8BinaryDispatch::lambda$tryEvaluateEqualsMaskInPlace$0, version 3, compile id 2412 
[INFO] [stdout]   34.39%  <...other 451 warm regions...>
[INFO] [stdout] ....................................................................................................
[INFO] [stdout]   99.97%  <totals>
[INFO] [stdout] 
[INFO] [stdout] ....[Hottest Methods (after inlining)]..............................................................
[INFO] [stdout]   15.59%                                  <unknown> 
[INFO] [stdout]   12.17%                     c2, level 4  org.weakref.nitro.parquet.ColumnReader::decodeDataPageV1, version 4, compile id 4155 
[INFO] [stdout]   10.55%               [kernel.kallsyms]  default_send_IPI_mask_sequence_phys 
[INFO] [stdout]    9.67%               [kernel.kallsyms]  mas_walk 
[INFO] [stdout]    7.64%               [kernel.kallsyms]  copy_mc_enhanced_fast_string 
[INFO] [stdout]    4.37%  snappy18266366984656706706.tmp  [unknown] 
[INFO] [stdout]    3.71%               [kernel.kallsyms]  clear_page_erms 
[INFO] [stdout]    3.04%               [kernel.kallsyms]  asm_exc_page_fault 
[INFO] [stdout]    2.92%               [kernel.kallsyms]  lock_vma_under_rcu 
[INFO] [stdout]    2.44%                     c2, level 4  org.weakref.nitro.operator.TopNState::compareOrderingValue, version 2, compile id 3688 
[INFO] [stdout]    2.00%               [kernel.kallsyms]  isolate_migratepages_block 
[INFO] [stdout]    1.30%                     c2, level 4  org.weakref.nitro.function.scalar.builtin.Utf8BinaryDispatch::lambda$tryEvaluateEqualsMaskInPlace$0, version 3, compile id 2412 
[INFO] [stdout]    0.89%               [kernel.kallsyms]  try_to_migrate_one 
[INFO] [stdout]    0.82%               [kernel.kallsyms]  folio_migrate_flags 
[INFO] [stdout]    0.76%               [kernel.kallsyms]  default_send_IPI_allbutself 
[INFO] [stdout]    0.76%               [kernel.kallsyms]  folio_get_anon_vma 
[INFO] [stdout]    0.73%               [kernel.kallsyms]  smp_call_function_many_cond 
[INFO] [stdout]    0.73%                     c2, level 4  org.weakref.nitro.operator.FlatGroupingTable::assignGroupHashedInternal, version 6, compile id 2894 
[INFO] [stdout]    0.54%               [kernel.kallsyms]  xas_load 
[INFO] [stdout]    0.44%               [kernel.kallsyms]  default_send_IPI_single_phys 
[INFO] [stdout]   18.89%  <...other 271 warm methods...>
[INFO] [stdout] ....................................................................................................
[INFO] [stdout]   99.97%  <totals>
[INFO] [stdout] 
[INFO] [stdout] ....[Distribution by Source]........................................................................
[INFO] [stdout]   54.99%               [kernel.kallsyms]
[INFO] [stdout]   19.43%                     c2, level 4
[INFO] [stdout]   15.59%                                
[INFO] [stdout]    4.37%  snappy18266366984656706706.tmp
[INFO] [stdout]    3.39%                       libjvm.so
[INFO] [stdout]    0.63%                     interpreter
[INFO] [stdout]    0.48%                    runtime stub
[INFO] [stdout]    0.35%                       libc.so.6
[INFO] [stdout]    0.32%                     c1, level 3
[INFO] [stdout]    0.19%                perf-1115751.map
[INFO] [stdout]    0.06%                     c1, level 1
[INFO] [stdout]    0.03%                     c1, level 2
[INFO] [stdout]    0.03%                          [vdso]
[INFO] [stdout]    0.03%                           [kvm]
[INFO] [stdout]    0.03%                Unknown, level 0
[INFO] [stdout]    0.03%            ld-linux-x86-64.so.2
[INFO] [stdout] ....................................................................................................
[INFO] [stdout]   99.97%  <totals>
[INFO] [stdout] 
[INFO] [stdout] 
[INFO] [stdout] 
[INFO] [stdout] # Run complete. Total time: 00:00:22
[INFO] [stdout] 
[INFO] [stdout] REMEMBER: The numbers below are just data. To gain reusable insights, you need to follow up on
[INFO] [stdout] why the numbers are the way they are. Use profilers (see -prof, -lprof), design factorial
[INFO] [stdout] experiments, perform baseline and negative tests that provide experimental control, make sure
[INFO] [stdout] the benchmarking environment is safe on JVM/OS/HW level, ask for reviews from the domain experts.
[INFO] [stdout] Do not assume the numbers tell you what you want them to tell.
[INFO] [stdout] 
[INFO] [stdout] NOTE: Current JVM experimentally supports Compiler Blackholes, and they are in use. Please exercise
[INFO] [stdout] extra caution when trusting the results, look into the generated code to check the benchmark still
[INFO] [stdout] works, and factor in a small probability of new VM bugs. Additionally, while comparisons between
[INFO] [stdout] different JVMs are already problematic, the performance difference caused by different Blackhole
[INFO] [stdout] modes can be very significant. Please make sure you use the consistent Blackhole mode for comparisons.
[INFO] [stdout] 
[INFO] [stdout] Benchmark                     Mode  Cnt     Score   Error  Units
[INFO] [stdout] BenchmarkQueries.query32      avgt       4859.795          ms/op
[INFO] [stdout] BenchmarkQueries.query32:asm  avgt            NaN            ---
[INFO] ------------------------------------------------------------------------
[INFO] BUILD SUCCESS
[INFO] ------------------------------------------------------------------------
[INFO] Total time:  23.434 s (Wall Clock)
[INFO] Finished at: 2026-07-22T09:15:17Z
[INFO] ------------------------------------------------------------------------
[INFO] Njord session closed
