Jul 20, 2026 7:43:46 AM org.jline.utils.Log logr
WARNING: Unable to create a system terminal, creating a dumb terminal (enable debug logging for more information)
[main] WARNING org.jline - Unable to create a system terminal, creating a dumb terminal (enable debug logging for more information)
[INFO] Processing build on daemon 0018811d
[INFO] Scanning for projects...
[INFO] BuildTimeEventSpy is registered.
[INFO] 
[INFO] Using the SmartBuilder implementation with a thread count of 7
[INFO] Njord 0.9.4 session created
[INFO] 
[INFO] -------------------------< org.weakref:nitro >--------------------------
[INFO] Building nitro 1-SNAPSHOT
[INFO]   from pom.xml
[INFO] --------------------------------[ jar ]---------------------------------
[WARNING] 2 problems were encountered while building the effective model for org.apache.yetus:audience-annotations:jar:0.5.0 during dependency collection step for project (use -X to see details)
[INFO] 
[INFO] --- exec:3.6.1:exec (benchmark) @ nitro ---
[WARNING] [stderr] WARNING: Using incubator modules: jdk.incubator.vector
[WARNING] [stderr] WARNING: A terminally deprecated method in sun.misc.Unsafe has been called
[WARNING] [stderr] WARNING: sun.misc.Unsafe::objectFieldOffset has been called by org.openjdk.jmh.util.Utils (file:/root/.m2/repository/org/openjdk/jmh/jmh-core/1.37/jmh-core-1.37.jar)
[WARNING] [stderr] WARNING: Please consider reporting this to the maintainers of class org.openjdk.jmh.util.Utils
[WARNING] [stderr] WARNING: sun.misc.Unsafe::objectFieldOffset will be removed in a future release
[INFO] [stdout] # JMH version: 1.37
[INFO] [stdout] # VM version: JDK 26.0.1, OpenJDK 64-Bit Server VM, 26.0.1+8
[INFO] [stdout] # VM invoker: /opt/java/openjdk/bin/java
[INFO] [stdout] # VM options: --enable-preview --add-modules=jdk.incubator.vector -Dnitro.clickbench.hits.path= -Xmx12g -XX:+UseTransparentHugePages -Dnitro.tpch.parquet.path=/root/data/tpch-parquet-sf10 -Dnitro.join.vectorPrimitivePositionCopies=false -Dnitro.join.vectorLongPositionCopies=false -Dnitro.join.vectorDoublePositionCopies=true
[INFO] [stdout] # Blackhole mode: compiler (auto-detected, use -Djmh.blackhole.autoDetect=false to disable)
[INFO] [stdout] # Warmup: 10 iterations, 1000 ms each
[INFO] [stdout] # Measurement: 5 iterations, 1000 ms each
[INFO] [stdout] # Timeout: 30 min per iteration
[INFO] [stdout] # Threads: 1 thread, will synchronize iterations
[INFO] [stdout] # Benchmark mode: Average time, time/op
[INFO] [stdout] # Benchmark: org.weakref.nitro.tpch.BenchmarkQueries.query09
[INFO] [stdout] 
[INFO] [stdout] # Run progress: 0.00% complete, ETA 00:00:45
[INFO] [stdout] # Fork: 1 of 3
[INFO] [stdout] # Preparing profilers: LinuxPerfNormProfiler 
[INFO] [stdout] # Profilers consume stderr from target VM, use -v EXTRA to copy to console
[INFO] [stdout] # Warmup Iteration   1: 4162.831 ms/op
[INFO] [stdout] # Warmup Iteration   2: 3044.748 ms/op
[INFO] [stdout] # Warmup Iteration   3: 2959.218 ms/op
[INFO] [stdout] # Warmup Iteration   4: 3013.390 ms/op
[INFO] [stdout] # Warmup Iteration   5: 2967.055 ms/op
[INFO] [stdout] # Warmup Iteration   6: 2975.133 ms/op
[INFO] [stdout] # Warmup Iteration   7: 2944.539 ms/op
[INFO] [stdout] # Warmup Iteration   8: 2936.143 ms/op
[INFO] [stdout] # Warmup Iteration   9: 2957.584 ms/op
[INFO] [stdout] # Warmup Iteration  10: 3509.288 ms/op
[INFO] [stdout] Iteration   1: 2981.549 ms/op
[INFO] [stdout]                  gc.alloc.rate:      266.303 MB/sec
[INFO] [stdout]                  gc.alloc.rate.norm: 832595928.000 B/op
[INFO] [stdout]                  gc.count:           ≈ 0 counts
[INFO] [stdout] 
[INFO] [stdout] Iteration   2: 3134.417 ms/op
[INFO] [stdout]                  gc.alloc.rate:      253.311 MB/sec
[INFO] [stdout]                  gc.alloc.rate.norm: 832582744.000 B/op
[INFO] [stdout]                  gc.count:           ≈ 0 counts
[INFO] [stdout] 
[INFO] [stdout] Iteration   3: 3036.987 ms/op
[INFO] [stdout]                  gc.alloc.rate:      261.435 MB/sec
[INFO] [stdout]                  gc.alloc.rate.norm: 832582704.000 B/op
[INFO] [stdout]                  gc.count:           4.000 counts
[INFO] [stdout]                  gc.time:            38.000 ms
[INFO] [stdout] 
[INFO] [stdout] Iteration   4: 2952.749 ms/op
[INFO] [stdout]                  gc.alloc.rate:      268.896 MB/sec
[INFO] [stdout]                  gc.alloc.rate.norm: 832590568.000 B/op
[INFO] [stdout]                  gc.count:           ≈ 0 counts
[INFO] [stdout] 
[INFO] [stdout] Iteration   5: 2934.356 ms/op
[INFO] [stdout]                  gc.alloc.rate:      270.582 MB/sec
[INFO] [stdout]                  gc.alloc.rate.norm: 832590304.000 B/op
[INFO] [stdout]                  gc.count:           ≈ 0 counts
[INFO] [stdout] 
[INFO] [stdout] # Processing profiler results: LinuxPerfNormProfiler 
[INFO] [stdout] 
[INFO] [stdout] # Run progress: 33.33% complete, ETA 00:01:33
[INFO] [stdout] # Fork: 2 of 3
[INFO] [stdout] # Preparing profilers: LinuxPerfNormProfiler 
[INFO] [stdout] # Profilers consume stderr from target VM, use -v EXTRA to copy to console
[INFO] [stdout] # Warmup Iteration   1: 4211.402 ms/op
[INFO] [stdout] # Warmup Iteration   2: 3012.302 ms/op
[INFO] [stdout] # Warmup Iteration   3: 2972.389 ms/op
[INFO] [stdout] # Warmup Iteration   4: 2938.129 ms/op
[INFO] [stdout] # Warmup Iteration   5: 2969.755 ms/op
[INFO] [stdout] # Warmup Iteration   6: 2979.639 ms/op
[INFO] [stdout] # Warmup Iteration   7: 2897.137 ms/op
[INFO] [stdout] # Warmup Iteration   8: 3017.327 ms/op
[INFO] [stdout] # Warmup Iteration   9: 2921.587 ms/op
[INFO] [stdout] # Warmup Iteration  10: 2946.779 ms/op
[INFO] [stdout] Iteration   1: 2977.674 ms/op
[INFO] [stdout]                  gc.alloc.rate:      266.617 MB/sec
[INFO] [stdout]                  gc.alloc.rate.norm: 832502296.000 B/op
[INFO] [stdout]                  gc.count:           ≈ 0 counts
[INFO] [stdout] 
[INFO] [stdout] Iteration   2: 3287.391 ms/op
[INFO] [stdout]                  gc.alloc.rate:      241.497 MB/sec
[INFO] [stdout]                  gc.alloc.rate.norm: 832488848.000 B/op
[INFO] [stdout]                  gc.count:           1.000 counts
[INFO] [stdout]                  gc.time:            54.000 ms
[INFO] [stdout] 
[INFO] [stdout] Iteration   3: 2930.835 ms/op
[INFO] [stdout]                  gc.alloc.rate:      270.874 MB/sec
[INFO] [stdout]                  gc.alloc.rate.norm: 832489136.000 B/op
[INFO] [stdout]                  gc.count:           ≈ 0 counts
[INFO] [stdout] 
[INFO] [stdout] Iteration   4: 2975.078 ms/op
[INFO] [stdout]                  gc.alloc.rate:      266.848 MB/sec
[INFO] [stdout]                  gc.alloc.rate.norm: 832495512.000 B/op
[INFO] [stdout]                  gc.count:           ≈ 0 counts
[INFO] [stdout] 
[INFO] [stdout] Iteration   5: 3405.410 ms/op
[INFO] [stdout]                  gc.alloc.rate:      233.127 MB/sec
[INFO] [stdout]                  gc.alloc.rate.norm: 832496064.000 B/op
[INFO] [stdout]                  gc.count:           4.000 counts
[INFO] [stdout]                  gc.time:            73.000 ms
[INFO] [stdout] 
[INFO] [stdout] # Processing profiler results: LinuxPerfNormProfiler 
[INFO] [stdout] 
[INFO] [stdout] # Run progress: 66.67% complete, ETA 00:00:46
[INFO] [stdout] # Fork: 3 of 3
[INFO] [stdout] # Preparing profilers: LinuxPerfNormProfiler 
[INFO] [stdout] # Profilers consume stderr from target VM, use -v EXTRA to copy to console
[INFO] [stdout] # Warmup Iteration   1: 4261.763 ms/op
[INFO] [stdout] # Warmup Iteration   2: 3021.757 ms/op
[INFO] [stdout] # Warmup Iteration   3: 2969.471 ms/op
[INFO] [stdout] # Warmup Iteration   4: 2940.584 ms/op
[INFO] [stdout] # Warmup Iteration   5: 3383.603 ms/op
[INFO] [stdout] # Warmup Iteration   6: 3029.362 ms/op
[INFO] [stdout] # Warmup Iteration   7: 2936.769 ms/op
[INFO] [stdout] # Warmup Iteration   8: 3022.442 ms/op
[INFO] [stdout] # Warmup Iteration   9: 3645.041 ms/op
[INFO] [stdout] # Warmup Iteration  10: 2970.671 ms/op
[INFO] [stdout] Iteration   1: 2931.573 ms/op
[INFO] [stdout]                  gc.alloc.rate:      270.813 MB/sec
[INFO] [stdout]                  gc.alloc.rate.norm: 832508720.000 B/op
[INFO] [stdout]                  gc.count:           ≈ 0 counts
[INFO] [stdout] 
[INFO] [stdout] Iteration   2: 2974.002 ms/op
[INFO] [stdout]                  gc.alloc.rate:      266.945 MB/sec
[INFO] [stdout]                  gc.alloc.rate.norm: 832495280.000 B/op
[INFO] [stdout]                  gc.count:           ≈ 0 counts
[INFO] [stdout] 
[INFO] [stdout] Iteration   3: 3219.949 ms/op
[INFO] [stdout]                  gc.alloc.rate:      246.556 MB/sec
[INFO] [stdout]                  gc.alloc.rate.norm: 832495680.000 B/op
[INFO] [stdout]                  gc.count:           4.000 counts
[INFO] [stdout]                  gc.time:            56.000 ms
[INFO] [stdout] 
[INFO] [stdout] Iteration   4: 2928.864 ms/op
[INFO] [stdout]                  gc.alloc.rate:      271.060 MB/sec
[INFO] [stdout]                  gc.alloc.rate.norm: 832502000.000 B/op
[INFO] [stdout]                  gc.count:           ≈ 0 counts
[INFO] [stdout] 
[INFO] [stdout] Iteration   5: 2957.944 ms/op
[INFO] [stdout]                  gc.alloc.rate:      268.397 MB/sec
[INFO] [stdout]                  gc.alloc.rate.norm: 832502464.000 B/op
[INFO] [stdout]                  gc.count:           ≈ 0 counts
[INFO] [stdout] 
[INFO] [stdout] # Processing profiler results: LinuxPerfNormProfiler 
[INFO] [stdout] 
[INFO] [stdout] 
[INFO] [stdout] Result "org.weakref.nitro.tpch.BenchmarkQueries.query09":
[INFO] [stdout]   3041.919 ±(99.9%) 159.946 ms/op [Average]
[INFO] [stdout]   (min, avg, max) = (2928.864, 3041.919, 3405.410), stdev = 149.614
[INFO] [stdout]   CI (99.9%): [2881.972, 3201.865] (assumes normal distribution)
[INFO] [stdout] 
[INFO] [stdout] Secondary result "org.weakref.nitro.tpch.BenchmarkQueries.query09:CPI":
[INFO] [stdout]   0.314 ±(99.9%) 0.125 clks/insn [Average]
[INFO] [stdout]   (min, avg, max) = (0.310, 0.314, 0.322), stdev = 0.007
[INFO] [stdout]   CI (99.9%): [0.189, 0.440] (assumes normal distribution)
[INFO] [stdout] 
[INFO] [stdout] Secondary result "org.weakref.nitro.tpch.BenchmarkQueries.query09:IPC":
[INFO] [stdout]   3.183 ±(99.9%) 1.254 insns/clk [Average]
[INFO] [stdout]   (min, avg, max) = (3.104, 3.183, 3.223), stdev = 0.069
[INFO] [stdout]   CI (99.9%): [1.929, 4.437] (assumes normal distribution)
[INFO] [stdout] 
[INFO] [stdout] Secondary result "org.weakref.nitro.tpch.BenchmarkQueries.query09:L1-dcache-load-misses":
[INFO] [stdout]   420883634.756 ±(99.9%) 232636999.753 #/op [Average]
[INFO] [stdout]   (min, avg, max) = (412297743.332, 420883634.756, 435535906.571), stdev = 12751618.955
[INFO] [stdout]   CI (99.9%): [188246635.004, 653520634.509] (assumes normal distribution)
[INFO] [stdout] 
[INFO] [stdout] Secondary result "org.weakref.nitro.tpch.BenchmarkQueries.query09:L1-dcache-loads":
[INFO] [stdout]   21947843633.431 ±(99.9%) 2045861462.144 #/op [Average]
[INFO] [stdout]   (min, avg, max) = (21877885376.453, 21947843633.431, 22077188482.355), stdev = 112140570.190
[INFO] [stdout]   CI (99.9%): [19901982171.288, 23993705095.575] (assumes normal distribution)
[INFO] [stdout] 
[INFO] [stdout] Secondary result "org.weakref.nitro.tpch.BenchmarkQueries.query09:branch-misses":
[INFO] [stdout]   33112309.633 ±(99.9%) 14012356.073 #/op [Average]
[INFO] [stdout]   (min, avg, max) = (32417112.457, 33112309.633, 33936824.115), stdev = 768064.519
[INFO] [stdout]   CI (99.9%): [19099953.560, 47124665.706] (assumes normal distribution)
[INFO] [stdout] 
[INFO] [stdout] Secondary result "org.weakref.nitro.tpch.BenchmarkQueries.query09:branches":
[INFO] [stdout]   10589753602.538 ±(99.9%) 1398327586.955 #/op [Average]
[INFO] [stdout]   (min, avg, max) = (10542743366.666, 10589753602.538, 10678199455.769), stdev = 76647053.486
[INFO] [stdout]   CI (99.9%): [9191426015.584, 11988081189.493] (assumes normal distribution)
[INFO] [stdout] 
[INFO] [stdout] Secondary result "org.weakref.nitro.tpch.BenchmarkQueries.query09:cycles":
[INFO] [stdout]   16394573985.873 ±(99.9%) 8429912479.790 #/op [Average]
[INFO] [stdout]   (min, avg, max) = (16125994561.202, 16394573985.873, 16928124646.784), stdev = 462071948.483
[INFO] [stdout]   CI (99.9%): [7964661506.084, 24824486465.663] (assumes normal distribution)
[INFO] [stdout] 
[INFO] [stdout] Secondary result "org.weakref.nitro.tpch.BenchmarkQueries.query09:dTLB-load-misses":
[INFO] [stdout]   3794673.137 ±(99.9%) 20135727.801 #/op [Average]
[INFO] [stdout]   (min, avg, max) = (2688626.827, 3794673.137, 4896026.231), stdev = 1103707.186
[INFO] [stdout]   CI (99.9%): [≈ 0, 23930400.938] (assumes normal distribution)
[INFO] [stdout] 
[INFO] [stdout] Secondary result "org.weakref.nitro.tpch.BenchmarkQueries.query09:dTLB-loads":
[INFO] [stdout]   27581754.349 ±(99.9%) 164006860.414 #/op [Average]
[INFO] [stdout]   (min, avg, max) = (21708444.942, 27581754.349, 37930839.960), stdev = 8989769.436
[INFO] [stdout]   CI (99.9%): [≈ 0, 191588614.763] (assumes normal distribution)
[INFO] [stdout] 
[INFO] [stdout] Secondary result "org.weakref.nitro.tpch.BenchmarkQueries.query09:gc.alloc.rate":
[INFO] [stdout]   261.551 ±(99.9%) 12.948 MB/sec [Average]
[INFO] [stdout]   (min, avg, max) = (233.127, 261.551, 271.060), stdev = 12.112
[INFO] [stdout]   CI (99.9%): [248.602, 274.499] (assumes normal distribution)
[INFO] [stdout] 
[INFO] [stdout] Secondary result "org.weakref.nitro.tpch.BenchmarkQueries.query09:gc.alloc.rate.norm":
[INFO] [stdout]   832527883.200 ±(99.9%) 47805.009 B/op [Average]
[INFO] [stdout]   (min, avg, max) = (832488848.000, 832527883.200, 832595928.000), stdev = 44716.835
[INFO] [stdout]   CI (99.9%): [832480078.191, 832575688.209] (assumes normal distribution)
[INFO] [stdout] 
[INFO] [stdout] Secondary result "org.weakref.nitro.tpch.BenchmarkQueries.query09:gc.count":
[INFO] [stdout]   13.000 ±(99.9%) 0.001 counts [Sum]
[INFO] [stdout]   (min, avg, max) = (≈ 0, 0.867, 4.000), stdev = 1.642
[INFO] [stdout]   CI (99.9%): [13.000, 13.000] (assumes normal distribution)
[INFO] [stdout] 
[INFO] [stdout] Secondary result "org.weakref.nitro.tpch.BenchmarkQueries.query09:gc.time":
[INFO] [stdout]   221.000 ±(99.9%) 0.001 ms [Sum]
[INFO] [stdout]   (min, avg, max) = (≈ 0, 14.733, 73.000), stdev = 26.144
[INFO] [stdout]   CI (99.9%): [221.000, 221.000] (assumes normal distribution)
[INFO] [stdout] 
[INFO] [stdout] Secondary result "org.weakref.nitro.tpch.BenchmarkQueries.query09:instructions":
[INFO] [stdout]   52161793088.152 ±(99.9%) 5944769840.962 #/op [Average]
[INFO] [stdout]   (min, avg, max) = (51955331134.182, 52161793088.152, 52537439566.097), stdev = 325852894.710
[INFO] [stdout]   CI (99.9%): [46217023247.190, 58106562929.114] (assumes normal distribution)
[INFO] [stdout] 
[INFO] [stdout] 
[INFO] [stdout] # Run complete. Total time: 00:02:21
[INFO] [stdout] 
[INFO] [stdout] REMEMBER: The numbers below are just data. To gain reusable insights, you need to follow up on
[INFO] [stdout] why the numbers are the way they are. Use profilers (see -prof, -lprof), design factorial
[INFO] [stdout] experiments, perform baseline and negative tests that provide experimental control, make sure
[INFO] [stdout] the benchmarking environment is safe on JVM/OS/HW level, ask for reviews from the domain experts.
[INFO] [stdout] Do not assume the numbers tell you what you want them to tell.
[INFO] [stdout] 
[INFO] [stdout] NOTE: Current JVM experimentally supports Compiler Blackholes, and they are in use. Please exercise
[INFO] [stdout] extra caution when trusting the results, look into the generated code to check the benchmark still
[INFO] [stdout] works, and factor in a small probability of new VM bugs. Additionally, while comparisons between
[INFO] [stdout] different JVMs are already problematic, the performance difference caused by different Blackhole
[INFO] [stdout] modes can be very significant. Please make sure you use the consistent Blackhole mode for comparisons.
[INFO] [stdout] 
[INFO] [stdout] Benchmark                                       Mode  Cnt            Score            Error      Units
[INFO] [stdout] BenchmarkQueries.query09                        avgt   15         3041.919 ±        159.946      ms/op
[INFO] [stdout] BenchmarkQueries.query09:CPI                    avgt    3            0.314 ±          0.125  clks/insn
[INFO] [stdout] BenchmarkQueries.query09:IPC                    avgt    3            3.183 ±          1.254  insns/clk
[INFO] [stdout] BenchmarkQueries.query09:L1-dcache-load-misses  avgt    3    420883634.756 ±  232636999.753       #/op
[INFO] [stdout] BenchmarkQueries.query09:L1-dcache-loads        avgt    3  21947843633.431 ± 2045861462.144       #/op
[INFO] [stdout] BenchmarkQueries.query09:branch-misses          avgt    3     33112309.633 ±   14012356.073       #/op
[INFO] [stdout] BenchmarkQueries.query09:branches               avgt    3  10589753602.538 ± 1398327586.955       #/op
[INFO] [stdout] BenchmarkQueries.query09:cycles                 avgt    3  16394573985.873 ± 8429912479.790       #/op
[INFO] [stdout] BenchmarkQueries.query09:dTLB-load-misses       avgt    3      3794673.137 ±   20135727.801       #/op
[INFO] [stdout] BenchmarkQueries.query09:dTLB-loads             avgt    3     27581754.349 ±  164006860.414       #/op
[INFO] [stdout] BenchmarkQueries.query09:gc.alloc.rate          avgt   15          261.551 ±         12.948     MB/sec
[INFO] [stdout] BenchmarkQueries.query09:gc.alloc.rate.norm     avgt   15    832527883.200 ±      47805.009       B/op
[INFO] [stdout] BenchmarkQueries.query09:gc.count               avgt   15           13.000                      counts
[INFO] [stdout] BenchmarkQueries.query09:gc.time                avgt   15          221.000                          ms
[INFO] [stdout] BenchmarkQueries.query09:instructions           avgt    3  52161793088.152 ± 5944769840.962       #/op
[INFO] [stdout] 
[INFO] [stdout] Benchmark result is saved to benchmarks/sweeps/20260720-targeted/tpch-q09-followup/vector-double-candidate-3fork.json
[INFO] ------------------------------------------------------------------------
[INFO] BUILD SUCCESS
[INFO] ------------------------------------------------------------------------
[INFO] Total time:  02:21 min (Wall Clock)
[INFO] Finished at: 2026-07-20T07:46:08Z
[INFO] ------------------------------------------------------------------------
[INFO] Njord session closed
