[INFO] Enabling strict checksum verification on all artifact downloads.
[INFO] Processing build on daemon 3f53fc41
[INFO] Scanning for projects...
[INFO] Njord 0.9.9 session created
[INFO] BuildTimeEventSpy is registered.
[INFO] 
[INFO] Using the SmartBuilder implementation with a thread count of 7
[INFO] 
[INFO] ------------------------< io.trino:trino-tests >------------------------
[INFO] Building trino-tests 484-SNAPSHOT
[INFO]   from pom.xml
[INFO] --------------------------------[ jar ]---------------------------------
[INFO] Loaded 0 groupId for remote repository ossrh
[INFO] Loaded 0 groupId for remote repository maven-central
[INFO] Loaded 0 groupId for remote repository repo.gradle.org
[INFO] Loaded 0 groupId for remote repository central.maven.org
[INFO] 
[INFO] --- git-commit-id:10.0.0:revision (default) @ trino-tests ---
[INFO] 
[INFO] --- build-helper:3.6.1:bsh-property (surefire-enable-preview) @ trino-tests ---
[INFO] 
[INFO] --- resources:3.5.0:resources (default-resources) @ trino-tests ---
[INFO] skip non existing resourceDirectory /root/notes/trino.nitro/testing/trino-tests/src/main/resources
[INFO] 
[INFO] --- compiler:3.15.0:compile (default-compile) @ trino-tests ---
[INFO] Nothing to compile - all classes are up to date.
[INFO] 
[INFO] --- resources:3.5.0:testResources (default-testResources) @ trino-tests ---
[INFO] Copying 266 resources from src/test/resources to target/test-classes
[INFO] 
[INFO] --- compiler:3.15.0:testCompile (default-testCompile) @ trino-tests ---
[INFO] Nothing to compile - all classes are up to date.
[INFO] 
[INFO] --- modernizer:3.4.0:modernizer (modernizer) @ trino-tests ---
[INFO] Skipping modernizer execution!
[INFO] 
[INFO] --- modernizer:3.4.0:modernizer (modernizer-production-code) @ trino-tests ---
[INFO] Skipping modernizer execution!
[INFO] 
[INFO] --- dependency:3.11.0:analyze-only (default) @ trino-tests ---
[INFO] Skipping plugin execution
[INFO] 
[INFO] --- dependency:3.11.0:analyze-duplicate (default) @ trino-tests ---
[INFO] Skipping plugin execution
[INFO] 
[INFO] --- duplicate-finder:2.0.1:check (default) @ trino-tests ---
[INFO] Skipping duplicate-finder execution!
[INFO] 
[INFO] --- surefire:3.5.6:test (default-test) @ trino-tests ---
[INFO] Tests will run in random order. To reproduce ordering use flag -Dsurefire.runOrder.random.seed=4375312188496010
[INFO] Using auto detected provider org.apache.maven.surefire.junitplatform.JUnitPlatformProvider
[INFO] 
[INFO] -------------------------------------------------------
[INFO]  T E S T S
[INFO] -------------------------------------------------------
[WARNING] [stderr] WARNING: Using incubator modules: jdk.incubator.vector
[WARNING] [stderr] 2026-08-06T10:07:12.042-0600	INFO	ForkJoinPool-1-worker-1	io.airlift.log.Logging	Logging to stderr
[INFO] Running io.trino.tests.nitro.TestNitroClickBenchQueries
[WARNING] [stderr] 2026-08-06T10:07:12.924-0600	INFO	ForkJoinPool-1-worker-1	io.trino.simd.BlockEncodingSimdSupport	Detected SIMD Support for architecture=amd64, vectorBitWidth=512: SimdSupport[capabilities=[COMPRESS_BYTE, EXPAND_BYTE, COMPRESS_SHORT, EXPAND_SHORT, COMPRESS_INT, EXPAND_INT, COMPRESS_LONG, EXPAND_LONG]]
[WARNING] [stderr] WARNING: A restricted method in java.lang.System has been called
[WARNING] [stderr] WARNING: java.lang.System::loadLibrary has been called by com.aayushatharva.brotli4j.Brotli4jLoader in an unnamed module (file:/root/.m2/repository/com/aayushatharva/brotli4j/brotli4j/1.23.0/brotli4j-1.23.0.jar)
[WARNING] [stderr] WARNING: Use --enable-native-access=ALL-UNNAMED to avoid a warning for callers in this module
[WARNING] [stderr] WARNING: Restricted methods will be blocked in a future release unless native access is enabled
[WARNING] [stderr] 
[WARNING] [stderr] 2026-08-06T10:07:14.234-0600	INFO	ForkJoinPool-1-worker-1	io.trino.testing.DistributedQueryRunner	Created DistributedQueryRunner in 1.88s (unclosed instances = 1)
[WARNING] [stderr] 2026-08-06T10:07:15.276-0600	INFO	ForkJoinPool-1-worker-1	io.trino.testing.DistributedQueryRunner	Created DistributedQueryRunner in 500.24ms (unclosed instances = 2)
[WARNING] [stderr] 2026-08-06T10:07:15.369-0600	INFO	ForkJoinPool-1-worker-1	stdout	suite,query,rows,attempts,successes,rejections,functions,types,literals,expressions,aggregationAttempts,aggregationSuccesses,aggregationRejections,aggregationSourceAttempts,aggregationSourceSuccesses,aggregationSourceRejections,nativeSourceAttempts,nativeSourceCreations,nativeSourceRejections,inputPositions
[WARNING] [stderr] 2026-08-06T10:07:15.732-0600	INFO	ForkJoinPool-1-worker-1	stdout	Trino version: testversion
[WARNING] [stderr] Fragment 0 [SINGLE]
[WARNING] [stderr]     Output layout: [mobilephone, mobilephonemodel, count]
[WARNING] [stderr]     Output partitioning: SINGLE []
[WARNING] [stderr]     Output[columnNames = [MobilePhone, MobilePhoneModel, u]]
[WARNING] [stderr]     │   Layout: [mobilephone:integer, mobilephonemodel:varchar, count:bigint]
[WARNING] [stderr]     │   Estimates: {rows: ? (?), cpu: 0, memory: 0B, network: 0B}
[WARNING] [stderr]     │   MobilePhone := mobilephone
[WARNING] [stderr]     │   MobilePhoneModel := mobilephonemodel
[WARNING] [stderr]     │   u := count
[WARNING] [stderr]     └─ TopN[count = 10, orderBy = [count DESC NULLS LAST, mobilephone ASC NULLS LAST, mobilephonemodel ASC NULLS LAST]]
[WARNING] [stderr]        │   Layout: [mobilephone:integer, mobilephonemodel:varchar, count:bigint]
[WARNING] [stderr]        └─ LocalExchange[partitioning = SINGLE]
[WARNING] [stderr]           │   Layout: [mobilephone:integer, mobilephonemodel:varchar, count:bigint]
[WARNING] [stderr]           │   Estimates: {rows: ? (?), cpu: 0, memory: 0B, network: 0B}
[WARNING] [stderr]           └─ RemoteSource[sourceFragmentIds = [1]]
[WARNING] [stderr]                  Layout: [mobilephone:integer, mobilephonemodel:varchar, count:bigint]
[WARNING] [stderr] 
[WARNING] [stderr] Fragment 1 [HASH]
[WARNING] [stderr]     Output layout: [mobilephone, mobilephonemodel, count]
[WARNING] [stderr]     Output partitioning: SINGLE []
[WARNING] [stderr]     TopNPartial[count = 10, orderBy = [count DESC NULLS LAST, mobilephone ASC NULLS LAST, mobilephonemodel ASC NULLS LAST]]
[WARNING] [stderr]     │   Layout: [mobilephone:integer, mobilephonemodel:varchar, count:bigint]
[WARNING] [stderr]     └─ LocalExchange[partitioning = SINGLE]
[WARNING] [stderr]        │   Layout: [mobilephone:integer, mobilephonemodel:varchar, count:bigint]
[WARNING] [stderr]        │   Estimates: {rows: ? (?), cpu: 0, memory: 0B, network: 0B}
[WARNING] [stderr]        └─ TopNPartial[count = 10, orderBy = [count DESC NULLS LAST, mobilephone ASC NULLS LAST, mobilephonemodel ASC NULLS LAST]]
[WARNING] [stderr]           │   Layout: [mobilephone:integer, mobilephonemodel:varchar, count:bigint]
[WARNING] [stderr]           └─ LocalExchange[partitioning = ROUND_ROBIN]
[WARNING] [stderr]              │   Layout: [mobilephone:integer, mobilephonemodel:varchar, count:bigint]
[WARNING] [stderr]              │   Estimates: {rows: ? (?), cpu: ?, memory: 0B, network: 0B}
[WARNING] [stderr]              └─ TopNPartial[count = 10, orderBy = [count DESC NULLS LAST, mobilephone ASC NULLS LAST, mobilephonemodel ASC NULLS LAST]]
[WARNING] [stderr]                 │   Layout: [mobilephone:integer, mobilephonemodel:varchar, count:bigint]
[WARNING] [stderr]                 └─ Aggregate[type = FINAL, keys = [mobilephone, mobilephonemodel]]
[WARNING] [stderr]                    │   Layout: [mobilephone:integer, mobilephonemodel:varchar, count:bigint]
[WARNING] [stderr]                    │   count := count(count_2)
[WARNING] [stderr]                    └─ LocalExchange[partitioning = SINGLE]
[WARNING] [stderr]                       │   Layout: [mobilephone:integer, mobilephonemodel:varchar, count_2:bigint]
[WARNING] [stderr]                       │   Estimates: {rows: ? (?), cpu: 0, memory: 0B, network: 0B}
[WARNING] [stderr]                       └─ RemoteSource[sourceFragmentIds = [2]]
[WARNING] [stderr]                              Layout: [mobilephone:integer, mobilephonemodel:varchar, count_2:bigint]
[WARNING] [stderr] 
[WARNING] [stderr] Fragment 2 [HASH]
[WARNING] [stderr]     Output layout: [mobilephone, mobilephonemodel, count_2]
[WARNING] [stderr]     Output partitioning: HASH [mobilephone, mobilephonemodel]
[WARNING] [stderr]     Aggregate[type = PARTIAL, keys = [mobilephone, mobilephonemodel]]
[WARNING] [stderr]     │   Layout: [mobilephone:integer, mobilephonemodel:varchar, count_2:bigint]
[WARNING] [stderr]     │   count_2 := count(userid)
[WARNING] [stderr]     └─ Aggregate[type = FINAL, keys = [mobilephone, mobilephonemodel, userid]]
[WARNING] [stderr]        │   Layout: [mobilephone:integer, mobilephonemodel:varchar, userid:bigint]
[WARNING] [stderr]        │   Estimates: {rows: ? (?), cpu: ?, memory: ?, network: 0B}
[WARNING] [stderr]        └─ LocalExchange[partitioning = SINGLE]
[WARNING] [stderr]           │   Layout: [mobilephone:integer, mobilephonemodel:varchar, userid:bigint]
[WARNING] [stderr]           │   Estimates: {rows: ? (?), cpu: 0, memory: 0B, network: 0B}
[WARNING] [stderr]           └─ RemoteSource[sourceFragmentIds = [3]]
[WARNING] [stderr]                  Layout: [mobilephone:integer, mobilephonemodel:varchar, userid:bigint]
[WARNING] [stderr] 
[WARNING] [stderr] Fragment 3 [SOURCE]
[WARNING] [stderr]     Output layout: [mobilephone, mobilephonemodel, userid]
[WARNING] [stderr]     Output partitioning: HASH [mobilephone, mobilephonemodel, userid]
[WARNING] [stderr]     Aggregate[type = PARTIAL, keys = [mobilephone, mobilephonemodel, userid]]
[WARNING] [stderr]     │   Layout: [mobilephone:integer, mobilephonemodel:varchar, userid:bigint]
[WARNING] [stderr]     └─ ScanFilter[table = hive:clickbench:hits_raw, filterPredicate = (mobilephonemodel <> varchar '')]
[WARNING] [stderr]            Layout: [userid:bigint, mobilephone:integer, mobilephonemodel:varchar]
[WARNING] [stderr]            Estimates: {rows: ? (?), cpu: ?, memory: 0B, network: 0B}/{rows: ? (?), cpu: ?, memory: ?, network: ?}
[WARNING] [stderr]            mobilephonemodel := mobilephonemodel:string:REGULAR
[WARNING] [stderr]            mobilephone := mobilephone:int:REGULAR
[WARNING] [stderr]            userid := userid:bigint:REGULAR
[WARNING] [stderr] 2026-08-06T10:07:18.268-0600	INFO	ForkJoinPool-1-worker-1	stdout	clickbench,q12,10,2,2,0,0,0,0,0,8,8,0,2,2,0,165,165,0,102579177
[INFO] Tests run: 1, Failures: 0, Errors: 0, Skipped: 0, Time elapsed: 6.243 s -- in io.trino.tests.nitro.TestNitroClickBenchQueries
[WARNING] [stderr] 2026-08-06T10:07:18.302-0600	INFO	main	io.trino.testing.containers.junit.ReportLeakedContainers	DockerClientFactory not initialized, so there should be no leaked containers, skipping the check
[INFO] 
[INFO] Results:
[INFO] 
[INFO] Tests run: 1, Failures: 0, Errors: 0, Skipped: 0
[INFO] 
[INFO] ------------------------------------------------------------------------
[INFO] BUILD SUCCESS
[INFO] ------------------------------------------------------------------------
[INFO] Total time:  6.978 s (Wall Clock)
[INFO] Finished at: 2026-08-06T16:07:18Z
[INFO] ------------------------------------------------------------------------
[INFO] Njord session closed
Purged 3 log files (log available in /root/.mvnd/purge-2026-08-06.log)
