[INFO] Processing build on daemon 36542c7f
[INFO] Scanning for projects...
[INFO] Njord 0.9.4 session created
[INFO] BuildTimeEventSpy is registered.
[INFO] 
[INFO] Using the SmartBuilder implementation with a thread count of 7
[INFO] 
[INFO] -------------------------< org.weakref:nitro >--------------------------
[INFO] Building nitro 1-SNAPSHOT
[INFO]   from pom.xml
[INFO] --------------------------------[ jar ]---------------------------------
[WARNING] 2 problems were encountered while building the effective model for org.apache.yetus:audience-annotations:jar:0.5.0 during dependency collection step for project (use -X to see details)
[INFO] 
[INFO] --- exec:3.6.1:exec (benchmark) @ nitro ---
[WARNING] [stderr] WARNING: Using incubator modules: jdk.incubator.vector
[WARNING] [stderr] WARNING: A terminally deprecated method in sun.misc.Unsafe has been called
[WARNING] [stderr] WARNING: sun.misc.Unsafe::objectFieldOffset has been called by org.openjdk.jmh.util.Utils (file:/root/.m2/repository/org/openjdk/jmh/jmh-core/1.37/jmh-core-1.37.jar)
[WARNING] [stderr] WARNING: Please consider reporting this to the maintainers of class org.openjdk.jmh.util.Utils
[WARNING] [stderr] WARNING: sun.misc.Unsafe::objectFieldOffset will be removed in a future release
[INFO] [stdout] # JMH version: 1.37
[INFO] [stdout] # VM version: JDK 26.0.1, OpenJDK 64-Bit Server VM, 26.0.1+8
[INFO] [stdout] # VM invoker: /opt/java/openjdk/bin/java
[INFO] [stdout] # VM options: --enable-preview --add-modules=jdk.incubator.vector -Dnitro.clickbench.hits.path= -Xms12g -Xmx12g -XX:+AlwaysPreTouch -XX:+UseTransparentHugePages -Dnitro.tpcds.parquet.path=/root/data/tpcds-parquet-sf10 -Dnitro.tpcds.parquet.schema=sf10
[INFO] [stdout] # Blackhole mode: compiler (auto-detected, use -Djmh.blackhole.autoDetect=false to disable)
[INFO] [stdout] # Warmup: 5 iterations, 1 s each
[INFO] [stdout] # Measurement: 3 iterations, 1 s each
[INFO] [stdout] # Timeout: 30 min per iteration
[INFO] [stdout] # Threads: 1 thread, will synchronize iterations
[INFO] [stdout] # Benchmark mode: Average time, time/op
[INFO] [stdout] # Benchmark: org.weakref.nitro.tpcds.BenchmarkQueries.query23
[INFO] [stdout] 
[INFO] [stdout] # Run progress: 0.00% complete, ETA 00:00:08
[INFO] [stdout] # Fork: 1 of 1
[INFO] [stdout] # Preparing profilers: LinuxPerfNormProfiler 
[INFO] [stdout] # Profilers consume stderr from target VM, use -v EXTRA to copy to console
[INFO] [stdout] # Warmup Iteration   1: 6002.625 ms/op
[INFO] [stdout] # Warmup Iteration   2: 5062.323 ms/op
[INFO] [stdout] # Warmup Iteration   3: 5095.723 ms/op
[INFO] [stdout] # Warmup Iteration   4: 5209.181 ms/op
[INFO] [stdout] # Warmup Iteration   5: 5018.643 ms/op
[INFO] [stdout] Iteration   1: 5062.534 ms/op
[INFO] [stdout]                  gc.alloc.rate:      277.541 MB/sec
[INFO] [stdout]                  gc.alloc.rate.norm: 1473347040.000 B/op
[INFO] [stdout]                  gc.count:           ≈ 0 counts
[INFO] [stdout] 
[INFO] [stdout] Iteration   2: 5096.415 ms/op
[INFO] [stdout]                  gc.alloc.rate:      275.266 MB/sec
[INFO] [stdout]                  gc.alloc.rate.norm: 1471048216.000 B/op
[INFO] [stdout]                  gc.count:           ≈ 0 counts
[INFO] [stdout] 
[INFO] [stdout] Iteration   3: 5090.593 ms/op
[INFO] [stdout]                  gc.alloc.rate:      275.486 MB/sec
[INFO] [stdout]                  gc.alloc.rate.norm: 1470549328.000 B/op
[INFO] [stdout]                  gc.count:           1.000 counts
[INFO] [stdout]                  gc.time:            22.000 ms
[INFO] [stdout] 
[INFO] [stdout] # Processing profiler results: LinuxPerfNormProfiler 
[INFO] [stdout] 
[INFO] [stdout] 
[INFO] [stdout] Result "org.weakref.nitro.tpcds.BenchmarkQueries.query23":
[INFO] [stdout]   5083.181 ±(99.9%) 330.506 ms/op [Average]
[INFO] [stdout]   (min, avg, max) = (5062.534, 5083.181, 5096.415), stdev = 18.116
[INFO] [stdout]   CI (99.9%): [4752.675, 5413.686] (assumes normal distribution)
[INFO] [stdout] 
[INFO] [stdout] Secondary result "org.weakref.nitro.tpcds.BenchmarkQueries.query23:CPI":
[INFO] [stdout]   0.256 clks/insn
[INFO] [stdout] 
[INFO] [stdout] Secondary result "org.weakref.nitro.tpcds.BenchmarkQueries.query23:IPC":
[INFO] [stdout]   3.899 insns/clk
[INFO] [stdout] 
[INFO] [stdout] Secondary result "org.weakref.nitro.tpcds.BenchmarkQueries.query23:L1-dcache-load-misses":
[INFO] [stdout]   1074293158.592 #/op
[INFO] [stdout] 
[INFO] [stdout] Secondary result "org.weakref.nitro.tpcds.BenchmarkQueries.query23:L1-dcache-loads":
[INFO] [stdout]   48527926794.622 #/op
[INFO] [stdout] 
[INFO] [stdout] Secondary result "org.weakref.nitro.tpcds.BenchmarkQueries.query23:L1-icache-load-misses":
[INFO] [stdout]   10907222.861 #/op
[INFO] [stdout] 
[INFO] [stdout] Secondary result "org.weakref.nitro.tpcds.BenchmarkQueries.query23:L1-icache-loads":
[INFO] [stdout]   160986170.796 #/op
[INFO] [stdout] 
[INFO] [stdout] Secondary result "org.weakref.nitro.tpcds.BenchmarkQueries.query23:branch-misses":
[INFO] [stdout]   133889387.651 #/op
[INFO] [stdout] 
[INFO] [stdout] Secondary result "org.weakref.nitro.tpcds.BenchmarkQueries.query23:branches":
[INFO] [stdout]   20573784643.170 #/op
[INFO] [stdout] 
[INFO] [stdout] Secondary result "org.weakref.nitro.tpcds.BenchmarkQueries.query23:cycles":
[INFO] [stdout]   26848232867.891 #/op
[INFO] [stdout] 
[INFO] [stdout] Secondary result "org.weakref.nitro.tpcds.BenchmarkQueries.query23:dTLB-load-misses":
[INFO] [stdout]   13386469.593 #/op
[INFO] [stdout] 
[INFO] [stdout] Secondary result "org.weakref.nitro.tpcds.BenchmarkQueries.query23:dTLB-loads":
[INFO] [stdout]   81199573.087 #/op
[INFO] [stdout] 
[INFO] [stdout] Secondary result "org.weakref.nitro.tpcds.BenchmarkQueries.query23:gc.alloc.rate":
[INFO] [stdout]   276.097 ±(99.9%) 22.889 MB/sec [Average]
[INFO] [stdout]   (min, avg, max) = (275.266, 276.097, 277.541), stdev = 1.255
[INFO] [stdout]   CI (99.9%): [253.208, 298.987] (assumes normal distribution)
[INFO] [stdout] 
[INFO] [stdout] Secondary result "org.weakref.nitro.tpcds.BenchmarkQueries.query23:gc.alloc.rate.norm":
[INFO] [stdout]   1471648194.667 ±(99.9%) 27224004.712 B/op [Average]
[INFO] [stdout]   (min, avg, max) = (1470549328.000, 1471648194.667, 1473347040.000), stdev = 1492239.562
[INFO] [stdout]   CI (99.9%): [1444424189.955, 1498872199.379] (assumes normal distribution)
[INFO] [stdout] 
[INFO] [stdout] Secondary result "org.weakref.nitro.tpcds.BenchmarkQueries.query23:gc.count":
[INFO] [stdout]   1.000 ±(99.9%) 0.001 counts [Sum]
[INFO] [stdout]   (min, avg, max) = (≈ 0, 0.333, 1.000), stdev = 0.577
[INFO] [stdout]   CI (99.9%): [1.000, 1.000] (assumes normal distribution)
[INFO] [stdout] 
[INFO] [stdout] Secondary result "org.weakref.nitro.tpcds.BenchmarkQueries.query23:gc.time":
[INFO] [stdout]   22.000 ±(99.9%) 0.001 ms [Sum]
[INFO] [stdout]   (min, avg, max) = (≈ 0, 7.333, 22.000), stdev = 12.702
[INFO] [stdout]   CI (99.9%): [22.000, 22.000] (assumes normal distribution)
[INFO] [stdout] 
[INFO] [stdout] Secondary result "org.weakref.nitro.tpcds.BenchmarkQueries.query23:iTLB-load-misses":
[INFO] [stdout]   42571.145 #/op
[INFO] [stdout] 
[INFO] [stdout] Secondary result "org.weakref.nitro.tpcds.BenchmarkQueries.query23:iTLB-loads":
[INFO] [stdout]   3382679.937 #/op
[INFO] [stdout] 
[INFO] [stdout] Secondary result "org.weakref.nitro.tpcds.BenchmarkQueries.query23:instructions":
[INFO] [stdout]   104678826922.383 #/op
[INFO] [stdout] 
[INFO] [stdout] Secondary result "org.weakref.nitro.tpcds.BenchmarkQueries.query23:stalled-cycles-frontend":
[INFO] [stdout]   2975786160.500 #/op
[INFO] [stdout] 
[INFO] [stdout] 
[INFO] [stdout] # Run complete. Total time: 00:00:44
[INFO] [stdout] 
[INFO] [stdout] REMEMBER: The numbers below are just data. To gain reusable insights, you need to follow up on
[INFO] [stdout] why the numbers are the way they are. Use profilers (see -prof, -lprof), design factorial
[INFO] [stdout] experiments, perform baseline and negative tests that provide experimental control, make sure
[INFO] [stdout] the benchmarking environment is safe on JVM/OS/HW level, ask for reviews from the domain experts.
[INFO] [stdout] Do not assume the numbers tell you what you want them to tell.
[INFO] [stdout] 
[INFO] [stdout] NOTE: Current JVM experimentally supports Compiler Blackholes, and they are in use. Please exercise
[INFO] [stdout] extra caution when trusting the results, look into the generated code to check the benchmark still
[INFO] [stdout] works, and factor in a small probability of new VM bugs. Additionally, while comparisons between
[INFO] [stdout] different JVMs are already problematic, the performance difference caused by different Blackhole
[INFO] [stdout] modes can be very significant. Please make sure you use the consistent Blackhole mode for comparisons.
[INFO] [stdout] 
[INFO] [stdout] Benchmark                                         Mode  Cnt             Score          Error      Units
[INFO] [stdout] BenchmarkQueries.query23                          avgt    3          5083.181 ±      330.506      ms/op
[INFO] [stdout] BenchmarkQueries.query23:CPI                      avgt                  0.256                 clks/insn
[INFO] [stdout] BenchmarkQueries.query23:IPC                      avgt                  3.899                 insns/clk
[INFO] [stdout] BenchmarkQueries.query23:L1-dcache-load-misses    avgt         1074293158.592                      #/op
[INFO] [stdout] BenchmarkQueries.query23:L1-dcache-loads          avgt        48527926794.622                      #/op
[INFO] [stdout] BenchmarkQueries.query23:L1-icache-load-misses    avgt           10907222.861                      #/op
[INFO] [stdout] BenchmarkQueries.query23:L1-icache-loads          avgt          160986170.796                      #/op
[INFO] [stdout] BenchmarkQueries.query23:branch-misses            avgt          133889387.651                      #/op
[INFO] [stdout] BenchmarkQueries.query23:branches                 avgt        20573784643.170                      #/op
[INFO] [stdout] BenchmarkQueries.query23:cycles                   avgt        26848232867.891                      #/op
[INFO] [stdout] BenchmarkQueries.query23:dTLB-load-misses         avgt           13386469.593                      #/op
[INFO] [stdout] BenchmarkQueries.query23:dTLB-loads               avgt           81199573.087                      #/op
[INFO] [stdout] BenchmarkQueries.query23:gc.alloc.rate            avgt    3           276.097 ±       22.889     MB/sec
[INFO] [stdout] BenchmarkQueries.query23:gc.alloc.rate.norm       avgt    3    1471648194.667 ± 27224004.712       B/op
[INFO] [stdout] BenchmarkQueries.query23:gc.count                 avgt    3             1.000                    counts
[INFO] [stdout] BenchmarkQueries.query23:gc.time                  avgt    3            22.000                        ms
[INFO] [stdout] BenchmarkQueries.query23:iTLB-load-misses         avgt              42571.145                      #/op
[INFO] [stdout] BenchmarkQueries.query23:iTLB-loads               avgt            3382679.937                      #/op
[INFO] [stdout] BenchmarkQueries.query23:instructions             avgt       104678826922.383                      #/op
[INFO] [stdout] BenchmarkQueries.query23:stalled-cycles-frontend  avgt         2975786160.500                      #/op
[INFO] [stdout] 
[INFO] [stdout] Benchmark result is saved to benchmarks/sweeps/20260722-targeted/tpcds-q23-next/q23-page-ordered-on-screen-b.json
[INFO] ------------------------------------------------------------------------
[INFO] BUILD SUCCESS
[INFO] ------------------------------------------------------------------------
[INFO] Total time:  46.164 s (Wall Clock)
[INFO] Finished at: 2026-07-23T00:02:30Z
[INFO] ------------------------------------------------------------------------
[INFO] Njord session closed
