[INFO] Processing build on daemon f84108f7
[INFO] Scanning for projects...
[INFO] Njord 0.9.4 session created
[INFO] BuildTimeEventSpy is registered.
[INFO] 
[INFO] Using the SmartBuilder implementation with a thread count of 7
[INFO] 
[INFO] -------------------------< org.weakref:nitro >--------------------------
[INFO] Building nitro 1-SNAPSHOT
[INFO]   from pom.xml
[INFO] --------------------------------[ jar ]---------------------------------
[WARNING] 2 problems were encountered while building the effective model for org.apache.yetus:audience-annotations:jar:0.5.0 during dependency collection step for project (use -X to see details)
[INFO] 
[INFO] --- enforcer:3.6.2:enforce (default) @ nitro ---
[INFO] Rule 0: org.apache.maven.enforcer.rules.dependency.BannedDependencies passed
[INFO] Rule 1: org.apache.maven.enforcer.rules.BanDuplicatePomDependencyVersions passed
[INFO] Rule 2: org.apache.maven.enforcer.rules.dependency.RequireUpperBoundDeps passed
[INFO] Rule 3: org.apache.maven.enforcer.rules.version.RequireMavenVersion passed
[INFO] Rule 4: org.apache.maven.enforcer.rules.version.RequireJavaVersion passed
[INFO] Rule 5: org.codehaus.mojo.extraenforcer.dependencies.EnforceBytecodeVersion passed
[INFO] Rule 6: org.apache.maven.enforcer.rules.RequirePluginVersions passed
[INFO] Rule 7: org.apache.maven.plugins.enforcer.RestrictImports passed
[INFO] Rule 8: org.apache.maven.plugins.enforcer.RestrictImports passed
[INFO] Rule 9: org.apache.maven.plugins.enforcer.RestrictImports passed
[INFO] Rule 10: org.apache.maven.plugins.enforcer.RestrictImports passed
[INFO] Rule 11: org.apache.maven.plugins.enforcer.RestrictImports passed
[INFO] Rule 12: org.apache.maven.plugins.enforcer.RestrictImports passed
[INFO] Rule 13: org.apache.maven.plugins.enforcer.RestrictImports passed
[INFO] Rule 14: org.apache.maven.enforcer.rules.RequireProfileIdsExist passed
[INFO] Rule 15: org.codehaus.mojo.extraenforcer.model.RequirePropertyDiverges passed
[INFO] 
[INFO] --- sortpom:4.0.0:verify (default) @ nitro ---
[INFO] Verifying file /home/martin/src/nitro.opt/pom.xml
[INFO] 
[INFO] --- dependency-scope:1.0.3:check (default) @ nitro ---
[INFO] No test dependency scope issues found
[INFO] 
[INFO] --- license:5.0.0:check (default) @ nitro ---
[INFO] Checking licenses...
[INFO] 
[INFO] --- checkstyle:3.6.0:check (checkstyle) @ nitro ---
[INFO] You have 0 Checkstyle violations.
[INFO] 
[INFO] --- git-commit-id:9.0.2:revision (default) @ nitro ---
[INFO] 
[INFO] --- build-helper:3.6.1:bsh-property (surefire-enable-preview) @ nitro ---
[INFO] 
[INFO] --- jacoco:0.8.14:prepare-agent (default) @ nitro ---
[INFO] argLine set to -javaagent:/root/.m2/repository/org/jacoco/org.jacoco.agent/0.8.14/org.jacoco.agent-0.8.14-runtime.jar=destfile=/home/martin/src/nitro.opt/target/jacoco.exec
[INFO] 
[INFO] --- resources:3.5.0:resources (default-resources) @ nitro ---
[INFO] skip non existing resourceDirectory /home/martin/src/nitro.opt/src/main/resources
[INFO] 
[INFO] --- compiler:3.15.0:compile (default-compile) @ nitro ---
[INFO] Nothing to compile - all classes are up to date.
[INFO] 
[INFO] --- resources:3.5.0:testResources (default-testResources) @ nitro ---
[INFO] Copying 22 resources from src/test/resources to target/test-classes
[INFO] 
[INFO] --- compiler:3.15.0:testCompile (default-testCompile) @ nitro ---
[INFO] Nothing to compile - all classes are up to date.
[INFO] 
[INFO] --- exec:3.6.1:exec (benchmark) @ nitro ---
[WARNING] [stderr] WARNING: Using incubator modules: jdk.incubator.vector
[WARNING] [stderr] WARNING: A terminally deprecated method in sun.misc.Unsafe has been called
[WARNING] [stderr] WARNING: sun.misc.Unsafe::objectFieldOffset has been called by org.openjdk.jmh.util.Utils (file:/root/.m2/repository/org/openjdk/jmh/jmh-core/1.37/jmh-core-1.37.jar)
[WARNING] [stderr] WARNING: Please consider reporting this to the maintainers of class org.openjdk.jmh.util.Utils
[WARNING] [stderr] WARNING: sun.misc.Unsafe::objectFieldOffset will be removed in a future release
[INFO] [stdout] # JMH version: 1.37
[INFO] [stdout] # VM version: JDK 26.0.1, OpenJDK 64-Bit Server VM, 26.0.1+8
[INFO] [stdout] # VM invoker: /opt/java/openjdk/bin/java
[INFO] [stdout] # VM options: --enable-preview --add-modules=jdk.incubator.vector -Dnitro.clickbench.hits.path= -Xmx12g -XX:+UseTransparentHugePages -Dnitro.tpcds.parquet.path=/root/data/tpcds-parquet-sf10 -Dnitro.tpcds.parquet.schema=sf10
[INFO] [stdout] # Blackhole mode: compiler (auto-detected, use -Djmh.blackhole.autoDetect=false to disable)
[INFO] [stdout] # Warmup: 3 iterations, 1 s each
[INFO] [stdout] # Measurement: 3 iterations, 1 s each
[INFO] [stdout] # Timeout: 30 min per iteration
[INFO] [stdout] # Threads: 1 thread, will synchronize iterations
[INFO] [stdout] # Benchmark mode: Average time, time/op
[INFO] [stdout] # Benchmark: org.weakref.nitro.tpcds.BenchmarkQueries.query14
[INFO] [stdout] 
[INFO] [stdout] # Run progress: 0.00% complete, ETA 00:00:18
[INFO] [stdout] # Fork: 1 of 3
[INFO] [stdout] # Preparing profilers: LinuxPerfNormProfiler 
[INFO] [stdout] # Profilers consume stderr from target VM, use -v EXTRA to copy to console
[INFO] [stdout] # Warmup Iteration   1: 6164.494 ms/op
[INFO] [stdout] # Warmup Iteration   2: 7283.954 ms/op
[INFO] [stdout] # Warmup Iteration   3: 4266.202 ms/op
[INFO] [stdout] Iteration   1: 4192.252 ms/op
[INFO] [stdout]                  gc.alloc.rate:      761.576 MB/sec
[INFO] [stdout]                  gc.alloc.rate.norm: 3347939632.000 B/op
[INFO] [stdout]                  gc.count:           6.000 counts
[INFO] [stdout]                  gc.time:            79.000 ms
[INFO] [stdout] 
[INFO] [stdout] Iteration   2: 4029.330 ms/op
[INFO] [stdout]                  gc.alloc.rate:      792.184 MB/sec
[INFO] [stdout]                  gc.alloc.rate.norm: 3347134616.000 B/op
[INFO] [stdout]                  gc.count:           ≈ 0 counts
[INFO] [stdout] 
[INFO] [stdout] Iteration   3: 4140.958 ms/op
[INFO] [stdout]                  gc.alloc.rate:      770.773 MB/sec
[INFO] [stdout]                  gc.alloc.rate.norm: 3346886680.000 B/op
[INFO] [stdout]                  gc.count:           4.000 counts
[INFO] [stdout]                  gc.time:            100.000 ms
[INFO] [stdout] 
[INFO] [stdout] # Processing profiler results: LinuxPerfNormProfiler 
[INFO] [stdout] 
[INFO] [stdout] # Run progress: 33.33% complete, ETA 00:01:00
[INFO] [stdout] # Fork: 2 of 3
[INFO] [stdout] # Preparing profilers: LinuxPerfNormProfiler 
[INFO] [stdout] # Profilers consume stderr from target VM, use -v EXTRA to copy to console
[INFO] [stdout] # Warmup Iteration   1: 6756.507 ms/op
[INFO] [stdout] # Warmup Iteration   2: 4404.321 ms/op
[INFO] [stdout] # Warmup Iteration   3: 5262.580 ms/op
[INFO] [stdout] Iteration   1: 4179.415 ms/op
[INFO] [stdout]                  gc.alloc.rate:      763.874 MB/sec
[INFO] [stdout]                  gc.alloc.rate.norm: 3347745384.000 B/op
[INFO] [stdout]                  gc.count:           5.000 counts
[INFO] [stdout]                  gc.time:            102.000 ms
[INFO] [stdout] 
[INFO] [stdout] Iteration   2: 3932.307 ms/op
[INFO] [stdout]                  gc.alloc.rate:      811.680 MB/sec
[INFO] [stdout]                  gc.alloc.rate.norm: 3346928712.000 B/op
[INFO] [stdout]                  gc.count:           6.000 counts
[INFO] [stdout]                  gc.time:            86.000 ms
[INFO] [stdout] 
[INFO] [stdout] Iteration   3: 4362.514 ms/op
[INFO] [stdout]                  gc.alloc.rate:      731.582 MB/sec
[INFO] [stdout]                  gc.alloc.rate.norm: 3346673464.000 B/op
[INFO] [stdout]                  gc.count:           6.000 counts
[INFO] [stdout]                  gc.time:            141.000 ms
[INFO] [stdout] 
[INFO] [stdout] # Processing profiler results: LinuxPerfNormProfiler 
[INFO] [stdout] 
[INFO] [stdout] # Run progress: 66.67% complete, ETA 00:00:29
[INFO] [stdout] # Fork: 3 of 3
[INFO] [stdout] # Preparing profilers: LinuxPerfNormProfiler 
[INFO] [stdout] # Profilers consume stderr from target VM, use -v EXTRA to copy to console
[INFO] [stdout] # Warmup Iteration   1: 6075.110 ms/op
[INFO] [stdout] # Warmup Iteration   2: 4918.824 ms/op
[INFO] [stdout] # Warmup Iteration   3: 4346.731 ms/op
[INFO] [stdout] Iteration   1: 6057.225 ms/op
[INFO] [stdout]                  gc.alloc.rate:      527.035 MB/sec
[INFO] [stdout]                  gc.alloc.rate.norm: 3347516592.000 B/op
[INFO] [stdout]                  gc.count:           1.000 counts
[INFO] [stdout]                  gc.time:            55.000 ms
[INFO] [stdout] 
[INFO] [stdout] Iteration   2: 4493.075 ms/op
[INFO] [stdout]                  gc.alloc.rate:      710.322 MB/sec
[INFO] [stdout]                  gc.alloc.rate.norm: 3346672520.000 B/op
[INFO] [stdout]                  gc.count:           4.000 counts
[INFO] [stdout]                  gc.time:            97.000 ms
[INFO] [stdout] 
[INFO] [stdout] Iteration   3: 4690.415 ms/op
[INFO] [stdout]                  gc.alloc.rate:      680.385 MB/sec
[INFO] [stdout]                  gc.alloc.rate.norm: 3346419256.000 B/op
[INFO] [stdout]                  gc.count:           5.000 counts
[INFO] [stdout]                  gc.time:            150.000 ms
[INFO] [stdout] 
[INFO] [stdout] # Processing profiler results: LinuxPerfNormProfiler 
[INFO] [stdout] 
[INFO] [stdout] 
[INFO] [stdout] Result "org.weakref.nitro.tpcds.BenchmarkQueries.query14":
[INFO] [stdout]   4453.054 ±(99.9%) 1084.259 ms/op [Average]
[INFO] [stdout]   (min, avg, max) = (3932.307, 4453.054, 6057.225), stdev = 645.225
[INFO] [stdout]   CI (99.9%): [3368.796, 5537.313] (assumes normal distribution)
[INFO] [stdout] 
[INFO] [stdout] Secondary result "org.weakref.nitro.tpcds.BenchmarkQueries.query14:CPI":
[INFO] [stdout]   0.294 ±(99.9%) 0.411 clks/insn [Average]
[INFO] [stdout]   (min, avg, max) = (0.276, 0.294, 0.319), stdev = 0.023
[INFO] [stdout]   CI (99.9%): [≈ 0, 0.705] (assumes normal distribution)
[INFO] [stdout] 
[INFO] [stdout] Secondary result "org.weakref.nitro.tpcds.BenchmarkQueries.query14:IPC":
[INFO] [stdout]   3.413 ±(99.9%) 4.624 insns/clk [Average]
[INFO] [stdout]   (min, avg, max) = (3.131, 3.413, 3.622), stdev = 0.253
[INFO] [stdout]   CI (99.9%): [≈ 0, 8.037] (assumes normal distribution)
[INFO] [stdout] 
[INFO] [stdout] Secondary result "org.weakref.nitro.tpcds.BenchmarkQueries.query14:L1-dcache-load-misses":
[INFO] [stdout]   1722834066.361 ±(99.9%) 1923265740.126 #/op [Average]
[INFO] [stdout]   (min, avg, max) = (1655233672.952, 1722834066.361, 1844305016.063), stdev = 105420684.986
[INFO] [stdout]   CI (99.9%): [≈ 0, 3646099806.487] (assumes normal distribution)
[INFO] [stdout] 
[INFO] [stdout] Secondary result "org.weakref.nitro.tpcds.BenchmarkQueries.query14:L1-dcache-loads":
[INFO] [stdout]   38089715671.296 ±(99.9%) 26381815083.506 #/op [Average]
[INFO] [stdout]   (min, avg, max) = (37176229969.334, 38089715671.296, 39756952052.831), stdev = 1446076306.175
[INFO] [stdout]   CI (99.9%): [11707900587.790, 64471530754.801] (assumes normal distribution)
[INFO] [stdout] 
[INFO] [stdout] Secondary result "org.weakref.nitro.tpcds.BenchmarkQueries.query14:branch-misses":
[INFO] [stdout]   75046794.682 ±(99.9%) 89388316.797 #/op [Average]
[INFO] [stdout]   (min, avg, max) = (71947090.831, 75046794.682, 80695511.669), stdev = 4899675.271
[INFO] [stdout]   CI (99.9%): [≈ 0, 164435111.479] (assumes normal distribution)
[INFO] [stdout] 
[INFO] [stdout] Secondary result "org.weakref.nitro.tpcds.BenchmarkQueries.query14:branches":
[INFO] [stdout]   15482125862.492 ±(99.9%) 12408356470.258 #/op [Average]
[INFO] [stdout]   (min, avg, max) = (15077462554.693, 15482125862.492, 16267365239.986), stdev = 680143888.258
[INFO] [stdout]   CI (99.9%): [3073769392.234, 27890482332.750] (assumes normal distribution)
[INFO] [stdout] 
[INFO] [stdout] Secondary result "org.weakref.nitro.tpcds.BenchmarkQueries.query14:cycles":
[INFO] [stdout]   25680624754.818 ±(99.9%) 56058547717.841 #/op [Average]
[INFO] [stdout]   (min, avg, max) = (23430177712.430, 25680624754.818, 29181444790.825), stdev = 3072758161.512
[INFO] [stdout]   CI (99.9%): [≈ 0, 81739172472.659] (assumes normal distribution)
[INFO] [stdout] 
[INFO] [stdout] Secondary result "org.weakref.nitro.tpcds.BenchmarkQueries.query14:dTLB-load-misses":
[INFO] [stdout]   4955408.694 ±(99.9%) 16644832.336 #/op [Average]
[INFO] [stdout]   (min, avg, max) = (4405986.744, 4955408.694, 6008580.562), stdev = 912359.426
[INFO] [stdout]   CI (99.9%): [≈ 0, 21600241.030] (assumes normal distribution)
[INFO] [stdout] 
[INFO] [stdout] Secondary result "org.weakref.nitro.tpcds.BenchmarkQueries.query14:dTLB-loads":
[INFO] [stdout]   315541697.121 ±(99.9%) 464010210.534 #/op [Average]
[INFO] [stdout]   (min, avg, max) = (294176247.877, 315541697.121, 343675060.083), stdev = 25433965.372
[INFO] [stdout]   CI (99.9%): [≈ 0, 779551907.655] (assumes normal distribution)
[INFO] [stdout] 
[INFO] [stdout] Secondary result "org.weakref.nitro.tpcds.BenchmarkQueries.query14:gc.alloc.rate":
[INFO] [stdout]   727.712 ±(99.9%) 143.508 MB/sec [Average]
[INFO] [stdout]   (min, avg, max) = (527.035, 727.712, 811.680), stdev = 85.399
[INFO] [stdout]   CI (99.9%): [584.204, 871.221] (assumes normal distribution)
[INFO] [stdout] 
[INFO] [stdout] Secondary result "org.weakref.nitro.tpcds.BenchmarkQueries.query14:gc.alloc.rate.norm":
[INFO] [stdout]   3347101872.889 ±(99.9%) 881056.870 B/op [Average]
[INFO] [stdout]   (min, avg, max) = (3346419256.000, 3347101872.889, 3347939632.000), stdev = 524302.811
[INFO] [stdout]   CI (99.9%): [3346220816.019, 3347982929.759] (assumes normal distribution)
[INFO] [stdout] 
[INFO] [stdout] Secondary result "org.weakref.nitro.tpcds.BenchmarkQueries.query14:gc.count":
[INFO] [stdout]   37.000 ±(99.9%) 0.001 counts [Sum]
[INFO] [stdout]   (min, avg, max) = (≈ 0, 4.111, 6.000), stdev = 2.205
[INFO] [stdout]   CI (99.9%): [37.000, 37.000] (assumes normal distribution)
[INFO] [stdout] 
[INFO] [stdout] Secondary result "org.weakref.nitro.tpcds.BenchmarkQueries.query14:gc.time":
[INFO] [stdout]   810.000 ±(99.9%) 0.001 ms [Sum]
[INFO] [stdout]   (min, avg, max) = (≈ 0, 90.000, 150.000), stdev = 44.660
[INFO] [stdout]   CI (99.9%): [810.000, 810.000] (assumes normal distribution)
[INFO] [stdout] 
[INFO] [stdout] Secondary result "org.weakref.nitro.tpcds.BenchmarkQueries.query14:instructions":
[INFO] [stdout]   87135724096.523 ±(99.9%) 66970979651.979 #/op [Average]
[INFO] [stdout]   (min, avg, max) = (84860022823.796, 87135724096.523, 91370578782.527), stdev = 3670905378.174
[INFO] [stdout]   CI (99.9%): [20164744444.544, 154106703748.502] (assumes normal distribution)
[INFO] [stdout] 
[INFO] [stdout] 
[INFO] [stdout] # Run complete. Total time: 00:01:30
[INFO] [stdout] 
[INFO] [stdout] REMEMBER: The numbers below are just data. To gain reusable insights, you need to follow up on
[INFO] [stdout] why the numbers are the way they are. Use profilers (see -prof, -lprof), design factorial
[INFO] [stdout] experiments, perform baseline and negative tests that provide experimental control, make sure
[INFO] [stdout] the benchmarking environment is safe on JVM/OS/HW level, ask for reviews from the domain experts.
[INFO] [stdout] Do not assume the numbers tell you what you want them to tell.
[INFO] [stdout] 
[INFO] [stdout] NOTE: Current JVM experimentally supports Compiler Blackholes, and they are in use. Please exercise
[INFO] [stdout] extra caution when trusting the results, look into the generated code to check the benchmark still
[INFO] [stdout] works, and factor in a small probability of new VM bugs. Additionally, while comparisons between
[INFO] [stdout] different JVMs are already problematic, the performance difference caused by different Blackhole
[INFO] [stdout] modes can be very significant. Please make sure you use the consistent Blackhole mode for comparisons.
[INFO] [stdout] 
[INFO] [stdout] Benchmark                                       Mode  Cnt            Score             Error      Units
[INFO] [stdout] BenchmarkQueries.query14                        avgt    9         4453.054 ±        1084.259      ms/op
[INFO] [stdout] BenchmarkQueries.query14:CPI                    avgt    3            0.294 ±           0.411  clks/insn
[INFO] [stdout] BenchmarkQueries.query14:IPC                    avgt    3            3.413 ±           4.624  insns/clk
[INFO] [stdout] BenchmarkQueries.query14:L1-dcache-load-misses  avgt    3   1722834066.361 ±  1923265740.126       #/op
[INFO] [stdout] BenchmarkQueries.query14:L1-dcache-loads        avgt    3  38089715671.296 ± 26381815083.506       #/op
[INFO] [stdout] BenchmarkQueries.query14:branch-misses          avgt    3     75046794.682 ±    89388316.797       #/op
[INFO] [stdout] BenchmarkQueries.query14:branches               avgt    3  15482125862.492 ± 12408356470.258       #/op
[INFO] [stdout] BenchmarkQueries.query14:cycles                 avgt    3  25680624754.818 ± 56058547717.841       #/op
[INFO] [stdout] BenchmarkQueries.query14:dTLB-load-misses       avgt    3      4955408.694 ±    16644832.336       #/op
[INFO] [stdout] BenchmarkQueries.query14:dTLB-loads             avgt    3    315541697.121 ±   464010210.534       #/op
[INFO] [stdout] BenchmarkQueries.query14:gc.alloc.rate          avgt    9          727.712 ±         143.508     MB/sec
[INFO] [stdout] BenchmarkQueries.query14:gc.alloc.rate.norm     avgt    9   3347101872.889 ±      881056.870       B/op
[INFO] [stdout] BenchmarkQueries.query14:gc.count               avgt    9           37.000                       counts
[INFO] [stdout] BenchmarkQueries.query14:gc.time                avgt    9          810.000                           ms
[INFO] [stdout] BenchmarkQueries.query14:instructions           avgt    3  87135724096.523 ± 66970979651.979       #/op
[INFO] [stdout] 
[INFO] [stdout] Benchmark result is saved to benchmarks/sweeps/20260722-targeted/tpcds-q14-null-free-distinct/cache-candidate-reverse-3fork.json
[INFO] ------------------------------------------------------------------------
[INFO] BUILD SUCCESS
[INFO] ------------------------------------------------------------------------
[INFO] Total time:  01:33 min (Wall Clock)
[INFO] Finished at: 2026-07-22T13:57:01Z
[INFO] ------------------------------------------------------------------------
[INFO] Njord session closed
