[INFO] Processing build on daemon 7012c844
[INFO] Scanning for projects...
[INFO] Njord 0.9.4 session created
[INFO] BuildTimeEventSpy is registered.
[INFO] 
[INFO] Using the SmartBuilder implementation with a thread count of 7
[INFO] 
[INFO] -------------------------< org.weakref:nitro >--------------------------
[INFO] Building nitro 1-SNAPSHOT
[INFO]   from pom.xml
[INFO] --------------------------------[ jar ]---------------------------------
[WARNING] 2 problems were encountered while building the effective model for org.apache.yetus:audience-annotations:jar:0.5.0 during dependency collection step for project (use -X to see details)
[INFO] 
[INFO] --- enforcer:3.6.2:enforce (default) @ nitro ---
[INFO] Rule 0: org.apache.maven.enforcer.rules.dependency.BannedDependencies passed
[INFO] Rule 1: org.apache.maven.enforcer.rules.BanDuplicatePomDependencyVersions passed
[INFO] Rule 2: org.apache.maven.enforcer.rules.dependency.RequireUpperBoundDeps passed
[INFO] Rule 3: org.apache.maven.enforcer.rules.version.RequireMavenVersion passed
[INFO] Rule 4: org.apache.maven.enforcer.rules.version.RequireJavaVersion passed
[INFO] Rule 5: org.codehaus.mojo.extraenforcer.dependencies.EnforceBytecodeVersion passed
[INFO] Rule 6: org.apache.maven.enforcer.rules.RequirePluginVersions passed
[INFO] Rule 7: org.apache.maven.plugins.enforcer.RestrictImports passed
[INFO] Rule 8: org.apache.maven.plugins.enforcer.RestrictImports passed
[INFO] Rule 9: org.apache.maven.plugins.enforcer.RestrictImports passed
[INFO] Rule 10: org.apache.maven.plugins.enforcer.RestrictImports passed
[INFO] Rule 11: org.apache.maven.plugins.enforcer.RestrictImports passed
[INFO] Rule 12: org.apache.maven.plugins.enforcer.RestrictImports passed
[INFO] Rule 13: org.apache.maven.plugins.enforcer.RestrictImports passed
[INFO] Rule 14: org.apache.maven.enforcer.rules.RequireProfileIdsExist passed
[INFO] Rule 15: org.codehaus.mojo.extraenforcer.model.RequirePropertyDiverges passed
[INFO] 
[INFO] --- sortpom:4.0.0:verify (default) @ nitro ---
[INFO] Verifying file /home/martin/src/nitro.opt/pom.xml
[INFO] 
[INFO] --- dependency-scope:1.0.3:check (default) @ nitro ---
[INFO] No test dependency scope issues found
[INFO] 
[INFO] --- license:5.0.0:check (default) @ nitro ---
[INFO] Checking licenses...
[INFO] 
[INFO] --- checkstyle:3.6.0:check (checkstyle) @ nitro ---
[INFO] You have 0 Checkstyle violations.
[INFO] 
[INFO] --- git-commit-id:9.0.2:revision (default) @ nitro ---
[INFO] 
[INFO] --- build-helper:3.6.1:bsh-property (surefire-enable-preview) @ nitro ---
[INFO] 
[INFO] --- jacoco:0.8.14:prepare-agent (default) @ nitro ---
[INFO] argLine set to -javaagent:/root/.m2/repository/org/jacoco/org.jacoco.agent/0.8.14/org.jacoco.agent-0.8.14-runtime.jar=destfile=/home/martin/src/nitro.opt/target/jacoco.exec
[INFO] 
[INFO] --- resources:3.5.0:resources (default-resources) @ nitro ---
[INFO] skip non existing resourceDirectory /home/martin/src/nitro.opt/src/main/resources
[INFO] 
[INFO] --- compiler:3.15.0:compile (default-compile) @ nitro ---
[INFO] Nothing to compile - all classes are up to date.
[INFO] 
[INFO] --- resources:3.5.0:testResources (default-testResources) @ nitro ---
[INFO] Copying 22 resources from src/test/resources to target/test-classes
[INFO] 
[INFO] --- compiler:3.15.0:testCompile (default-testCompile) @ nitro ---
[INFO] Nothing to compile - all classes are up to date.
[INFO] 
[INFO] --- exec:3.6.1:exec (benchmark) @ nitro ---
[WARNING] [stderr] WARNING: Using incubator modules: jdk.incubator.vector
[WARNING] [stderr] WARNING: A terminally deprecated method in sun.misc.Unsafe has been called
[WARNING] [stderr] WARNING: sun.misc.Unsafe::objectFieldOffset has been called by org.openjdk.jmh.util.Utils (file:/root/.m2/repository/org/openjdk/jmh/jmh-core/1.37/jmh-core-1.37.jar)
[WARNING] [stderr] WARNING: Please consider reporting this to the maintainers of class org.openjdk.jmh.util.Utils
[WARNING] [stderr] WARNING: sun.misc.Unsafe::objectFieldOffset will be removed in a future release
[INFO] [stdout] # JMH version: 1.37
[INFO] [stdout] # VM version: JDK 26.0.1, OpenJDK 64-Bit Server VM, 26.0.1+8
[INFO] [stdout] # VM invoker: /opt/java/openjdk/bin/java
[INFO] [stdout] # VM options: --enable-preview --add-modules=jdk.incubator.vector -Dnitro.clickbench.hits.path= -Xmx12g -XX:+UseTransparentHugePages -Dnitro.tpcds.parquet.path=/root/data/tpcds-parquet-sf10 -Dnitro.tpcds.parquet.schema=sf10
[INFO] [stdout] # Blackhole mode: compiler (auto-detected, use -Djmh.blackhole.autoDetect=false to disable)
[INFO] [stdout] # Warmup: 3 iterations, 1 s each
[INFO] [stdout] # Measurement: 3 iterations, 1 s each
[INFO] [stdout] # Timeout: 30 min per iteration
[INFO] [stdout] # Threads: 1 thread, will synchronize iterations
[INFO] [stdout] # Benchmark mode: Average time, time/op
[INFO] [stdout] # Benchmark: org.weakref.nitro.tpcds.BenchmarkQueries.query14
[INFO] [stdout] 
[INFO] [stdout] # Run progress: 0.00% complete, ETA 00:00:06
[INFO] [stdout] # Fork: 1 of 1
[INFO] [stdout] # Preparing profilers: LinuxPerfNormProfiler 
[INFO] [stdout] # Profilers consume stderr from target VM, use -v EXTRA to copy to console
[INFO] [stdout] # Warmup Iteration   1: 7048.093 ms/op
[INFO] [stdout] # Warmup Iteration   2: 7404.600 ms/op
[INFO] [stdout] # Warmup Iteration   3: 4777.205 ms/op
[INFO] [stdout] Iteration   1: 4421.815 ms/op
[INFO] [stdout]                  gc.alloc.rate:      721.355 MB/sec
[INFO] [stdout]                  gc.alloc.rate.norm: 3344748528.000 B/op
[INFO] [stdout]                  gc.count:           4.000 counts
[INFO] [stdout]                  gc.time:            12.000 ms
[INFO] [stdout] 
[INFO] [stdout] Iteration   2: 4954.365 ms/op
[INFO] [stdout]                  gc.alloc.rate:      643.664 MB/sec
[INFO] [stdout]                  gc.alloc.rate.norm: 3343943968.000 B/op
[INFO] [stdout]                  gc.count:           5.000 counts
[INFO] [stdout]                  gc.time:            70.000 ms
[INFO] [stdout] 
[INFO] [stdout] Iteration   3: 4662.470 ms/op
[INFO] [stdout]                  gc.alloc.rate:      683.901 MB/sec
[INFO] [stdout]                  gc.alloc.rate.norm: 3343682608.000 B/op
[INFO] [stdout]                  gc.count:           4.000 counts
[INFO] [stdout]                  gc.time:            88.000 ms
[INFO] [stdout] 
[INFO] [stdout] # Processing profiler results: LinuxPerfNormProfiler 
[INFO] [stdout] 
[INFO] [stdout] 
[INFO] [stdout] Result "org.weakref.nitro.tpcds.BenchmarkQueries.query14":
[INFO] [stdout]   4679.550 ±(99.9%) 4865.329 ms/op [Average]
[INFO] [stdout]   (min, avg, max) = (4421.815, 4679.550, 4954.365), stdev = 266.685
[INFO] [stdout]   CI (99.9%): [≈ 0, 9544.879] (assumes normal distribution)
[INFO] [stdout] 
[INFO] [stdout] Secondary result "org.weakref.nitro.tpcds.BenchmarkQueries.query14:CPI":
[INFO] [stdout]   0.268 clks/insn
[INFO] [stdout] 
[INFO] [stdout] Secondary result "org.weakref.nitro.tpcds.BenchmarkQueries.query14:IPC":
[INFO] [stdout]   3.732 insns/clk
[INFO] [stdout] 
[INFO] [stdout] Secondary result "org.weakref.nitro.tpcds.BenchmarkQueries.query14:L1-dcache-load-misses":
[INFO] [stdout]   1715920975.442 #/op
[INFO] [stdout] 
[INFO] [stdout] Secondary result "org.weakref.nitro.tpcds.BenchmarkQueries.query14:L1-dcache-loads":
[INFO] [stdout]   43652457259.162 #/op
[INFO] [stdout] 
[INFO] [stdout] Secondary result "org.weakref.nitro.tpcds.BenchmarkQueries.query14:branch-misses":
[INFO] [stdout]   71807679.231 #/op
[INFO] [stdout] 
[INFO] [stdout] Secondary result "org.weakref.nitro.tpcds.BenchmarkQueries.query14:branches":
[INFO] [stdout]   18036327480.266 #/op
[INFO] [stdout] 
[INFO] [stdout] Secondary result "org.weakref.nitro.tpcds.BenchmarkQueries.query14:cycles":
[INFO] [stdout]   26070184474.864 #/op
[INFO] [stdout] 
[INFO] [stdout] Secondary result "org.weakref.nitro.tpcds.BenchmarkQueries.query14:dTLB-load-misses":
[INFO] [stdout]   5129990.183 #/op
[INFO] [stdout] 
[INFO] [stdout] Secondary result "org.weakref.nitro.tpcds.BenchmarkQueries.query14:dTLB-loads":
[INFO] [stdout]   314817895.091 #/op
[INFO] [stdout] 
[INFO] [stdout] Secondary result "org.weakref.nitro.tpcds.BenchmarkQueries.query14:gc.alloc.rate":
[INFO] [stdout]   682.974 ±(99.9%) 708.838 MB/sec [Average]
[INFO] [stdout]   (min, avg, max) = (643.664, 682.974, 721.355), stdev = 38.854
[INFO] [stdout]   CI (99.9%): [≈ 0, 1391.812] (assumes normal distribution)
[INFO] [stdout] 
[INFO] [stdout] Secondary result "org.weakref.nitro.tpcds.BenchmarkQueries.query14:gc.alloc.rate.norm":
[INFO] [stdout]   3344125034.667 ±(99.9%) 10135290.479 B/op [Average]
[INFO] [stdout]   (min, avg, max) = (3343682608.000, 3344125034.667, 3344748528.000), stdev = 555549.471
[INFO] [stdout]   CI (99.9%): [3333989744.187, 3354260325.146] (assumes normal distribution)
[INFO] [stdout] 
[INFO] [stdout] Secondary result "org.weakref.nitro.tpcds.BenchmarkQueries.query14:gc.count":
[INFO] [stdout]   13.000 ±(99.9%) 0.001 counts [Sum]
[INFO] [stdout]   (min, avg, max) = (4.000, 4.333, 5.000), stdev = 0.577
[INFO] [stdout]   CI (99.9%): [13.000, 13.000] (assumes normal distribution)
[INFO] [stdout] 
[INFO] [stdout] Secondary result "org.weakref.nitro.tpcds.BenchmarkQueries.query14:gc.time":
[INFO] [stdout]   170.000 ±(99.9%) 0.001 ms [Sum]
[INFO] [stdout]   (min, avg, max) = (12.000, 56.667, 88.000), stdev = 39.716
[INFO] [stdout]   CI (99.9%): [170.000, 170.000] (assumes normal distribution)
[INFO] [stdout] 
[INFO] [stdout] Secondary result "org.weakref.nitro.tpcds.BenchmarkQueries.query14:instructions":
[INFO] [stdout]   97302481798.225 #/op
[INFO] [stdout] 
[INFO] [stdout] 
[INFO] [stdout] # Run complete. Total time: 00:00:33
[INFO] [stdout] 
[INFO] [stdout] REMEMBER: The numbers below are just data. To gain reusable insights, you need to follow up on
[INFO] [stdout] why the numbers are the way they are. Use profilers (see -prof, -lprof), design factorial
[INFO] [stdout] experiments, perform baseline and negative tests that provide experimental control, make sure
[INFO] [stdout] the benchmarking environment is safe on JVM/OS/HW level, ask for reviews from the domain experts.
[INFO] [stdout] Do not assume the numbers tell you what you want them to tell.
[INFO] [stdout] 
[INFO] [stdout] NOTE: Current JVM experimentally supports Compiler Blackholes, and they are in use. Please exercise
[INFO] [stdout] extra caution when trusting the results, look into the generated code to check the benchmark still
[INFO] [stdout] works, and factor in a small probability of new VM bugs. Additionally, while comparisons between
[INFO] [stdout] different JVMs are already problematic, the performance difference caused by different Blackhole
[INFO] [stdout] modes can be very significant. Please make sure you use the consistent Blackhole mode for comparisons.
[INFO] [stdout] 
[INFO] [stdout] Benchmark                                       Mode  Cnt            Score          Error      Units
[INFO] [stdout] BenchmarkQueries.query14                        avgt    3         4679.550 ±     4865.329      ms/op
[INFO] [stdout] BenchmarkQueries.query14:CPI                    avgt                 0.268                 clks/insn
[INFO] [stdout] BenchmarkQueries.query14:IPC                    avgt                 3.732                 insns/clk
[INFO] [stdout] BenchmarkQueries.query14:L1-dcache-load-misses  avgt        1715920975.442                      #/op
[INFO] [stdout] BenchmarkQueries.query14:L1-dcache-loads        avgt       43652457259.162                      #/op
[INFO] [stdout] BenchmarkQueries.query14:branch-misses          avgt          71807679.231                      #/op
[INFO] [stdout] BenchmarkQueries.query14:branches               avgt       18036327480.266                      #/op
[INFO] [stdout] BenchmarkQueries.query14:cycles                 avgt       26070184474.864                      #/op
[INFO] [stdout] BenchmarkQueries.query14:dTLB-load-misses       avgt           5129990.183                      #/op
[INFO] [stdout] BenchmarkQueries.query14:dTLB-loads             avgt         314817895.091                      #/op
[INFO] [stdout] BenchmarkQueries.query14:gc.alloc.rate          avgt    3          682.974 ±      708.838     MB/sec
[INFO] [stdout] BenchmarkQueries.query14:gc.alloc.rate.norm     avgt    3   3344125034.667 ± 10135290.479       B/op
[INFO] [stdout] BenchmarkQueries.query14:gc.count               avgt    3           13.000                    counts
[INFO] [stdout] BenchmarkQueries.query14:gc.time                avgt    3          170.000                        ms
[INFO] [stdout] BenchmarkQueries.query14:instructions           avgt       97302481798.225                      #/op
[INFO] [stdout] 
[INFO] [stdout] Benchmark result is saved to benchmarks/sweeps/20260722-targeted/tpcds-q14-null-free-distinct/on-a.json
[INFO] ------------------------------------------------------------------------
[INFO] BUILD SUCCESS
[INFO] ------------------------------------------------------------------------
[INFO] Total time:  36.350 s (Wall Clock)
[INFO] Finished at: 2026-07-22T13:16:07Z
[INFO] ------------------------------------------------------------------------
[INFO] Njord session closed
