[INFO] Processing build on daemon 6e79b356
[INFO] Scanning for projects...
[INFO] Njord 0.9.4 session created
[INFO] BuildTimeEventSpy is registered.
[INFO] 
[INFO] Using the SmartBuilder implementation with a thread count of 7
[INFO] 
[INFO] -------------------------< org.weakref:nitro >--------------------------
[INFO] Building nitro 1-SNAPSHOT
[INFO]   from pom.xml
[INFO] --------------------------------[ jar ]---------------------------------
[WARNING] 2 problems were encountered while building the effective model for org.apache.yetus:audience-annotations:jar:0.5.0 during dependency collection step for project (use -X to see details)
[INFO] 
[INFO] --- enforcer:3.6.2:enforce (default) @ nitro ---
[INFO] Rule 0: org.apache.maven.enforcer.rules.dependency.BannedDependencies passed
[INFO] Rule 1: org.apache.maven.enforcer.rules.BanDuplicatePomDependencyVersions passed
[INFO] Rule 2: org.apache.maven.enforcer.rules.dependency.RequireUpperBoundDeps passed
[INFO] Rule 3: org.apache.maven.enforcer.rules.version.RequireMavenVersion passed
[INFO] Rule 4: org.apache.maven.enforcer.rules.version.RequireJavaVersion passed
[INFO] Rule 5: org.codehaus.mojo.extraenforcer.dependencies.EnforceBytecodeVersion passed
[INFO] Rule 6: org.apache.maven.enforcer.rules.RequirePluginVersions passed
[INFO] Rule 7: org.apache.maven.plugins.enforcer.RestrictImports passed
[INFO] Rule 8: org.apache.maven.plugins.enforcer.RestrictImports passed
[INFO] Rule 9: org.apache.maven.plugins.enforcer.RestrictImports passed
[INFO] Rule 10: org.apache.maven.plugins.enforcer.RestrictImports passed
[INFO] Rule 11: org.apache.maven.plugins.enforcer.RestrictImports passed
[INFO] Rule 12: org.apache.maven.plugins.enforcer.RestrictImports passed
[INFO] Rule 13: org.apache.maven.plugins.enforcer.RestrictImports passed
[INFO] Rule 14: org.apache.maven.enforcer.rules.RequireProfileIdsExist passed
[INFO] Rule 15: org.codehaus.mojo.extraenforcer.model.RequirePropertyDiverges passed
[INFO] 
[INFO] --- sortpom:4.0.0:verify (default) @ nitro ---
[INFO] Verifying file /home/martin/src/nitro.opt/pom.xml
[INFO] 
[INFO] --- dependency-scope:1.0.3:check (default) @ nitro ---
[INFO] No test dependency scope issues found
[INFO] 
[INFO] --- license:5.0.0:check (default) @ nitro ---
[INFO] Checking licenses...
[INFO] 
[INFO] --- checkstyle:3.6.0:check (checkstyle) @ nitro ---
[INFO] You have 0 Checkstyle violations.
[INFO] 
[INFO] --- git-commit-id:9.0.2:revision (default) @ nitro ---
[INFO] 
[INFO] --- build-helper:3.6.1:bsh-property (surefire-enable-preview) @ nitro ---
[INFO] 
[INFO] --- jacoco:0.8.14:prepare-agent (default) @ nitro ---
[INFO] argLine set to -javaagent:/root/.m2/repository/org/jacoco/org.jacoco.agent/0.8.14/org.jacoco.agent-0.8.14-runtime.jar=destfile=/home/martin/src/nitro.opt/target/jacoco.exec
[INFO] 
[INFO] --- resources:3.5.0:resources (default-resources) @ nitro ---
[INFO] skip non existing resourceDirectory /home/martin/src/nitro.opt/src/main/resources
[INFO] 
[INFO] --- compiler:3.15.0:compile (default-compile) @ nitro ---
[INFO] Nothing to compile - all classes are up to date.
[INFO] 
[INFO] --- resources:3.5.0:testResources (default-testResources) @ nitro ---
[INFO] Copying 22 resources from src/test/resources to target/test-classes
[INFO] 
[INFO] --- compiler:3.15.0:testCompile (default-testCompile) @ nitro ---
[INFO] Nothing to compile - all classes are up to date.
[INFO] 
[INFO] --- exec:3.6.1:exec (benchmark) @ nitro ---
[WARNING] [stderr] WARNING: Using incubator modules: jdk.incubator.vector
[WARNING] [stderr] WARNING: A terminally deprecated method in sun.misc.Unsafe has been called
[WARNING] [stderr] WARNING: sun.misc.Unsafe::objectFieldOffset has been called by org.openjdk.jmh.util.Utils (file:/root/.m2/repository/org/openjdk/jmh/jmh-core/1.37/jmh-core-1.37.jar)
[WARNING] [stderr] WARNING: Please consider reporting this to the maintainers of class org.openjdk.jmh.util.Utils
[WARNING] [stderr] WARNING: sun.misc.Unsafe::objectFieldOffset will be removed in a future release
[INFO] [stdout] # JMH version: 1.37
[INFO] [stdout] # VM version: JDK 26.0.1, OpenJDK 64-Bit Server VM, 26.0.1+8
[INFO] [stdout] # VM invoker: /opt/java/openjdk/bin/java
[INFO] [stdout] # VM options: --enable-preview --add-modules=jdk.incubator.vector -Dnitro.clickbench.hits.path= -Xmx12g -XX:+UseTransparentHugePages -Dnitro.tpcds.parquet.path=/root/data/tpcds-parquet-sf10 -Dnitro.tpcds.parquet.schema=sf10
[INFO] [stdout] # Blackhole mode: compiler (auto-detected, use -Djmh.blackhole.autoDetect=false to disable)
[INFO] [stdout] # Warmup: 3 iterations, 1 s each
[INFO] [stdout] # Measurement: 3 iterations, 1 s each
[INFO] [stdout] # Timeout: 30 min per iteration
[INFO] [stdout] # Threads: 1 thread, will synchronize iterations
[INFO] [stdout] # Benchmark mode: Average time, time/op
[INFO] [stdout] # Benchmark: org.weakref.nitro.tpcds.BenchmarkQueries.query14
[INFO] [stdout] 
[INFO] [stdout] # Run progress: 0.00% complete, ETA 00:00:18
[INFO] [stdout] # Fork: 1 of 3
[INFO] [stdout] # Preparing profilers: LinuxPerfNormProfiler 
[INFO] [stdout] # Profilers consume stderr from target VM, use -v EXTRA to copy to console
[INFO] [stdout] # Warmup Iteration   1: 6837.981 ms/op
[INFO] [stdout] # Warmup Iteration   2: 5125.008 ms/op
[INFO] [stdout] # Warmup Iteration   3: 4906.127 ms/op
[INFO] [stdout] Iteration   1: 4696.867 ms/op
[INFO] [stdout]                  gc.alloc.rate:      683.040 MB/sec
[INFO] [stdout]                  gc.alloc.rate.norm: 3364100936.000 B/op
[INFO] [stdout]                  gc.count:           9.000 counts
[INFO] [stdout]                  gc.time:            174.000 ms
[INFO] [stdout] 
[INFO] [stdout] Iteration   2: 4257.009 ms/op
[INFO] [stdout]                  gc.alloc.rate:      753.433 MB/sec
[INFO] [stdout]                  gc.alloc.rate.norm: 3363280312.000 B/op
[INFO] [stdout]                  gc.count:           5.000 counts
[INFO] [stdout]                  gc.time:            72.000 ms
[INFO] [stdout] 
[INFO] [stdout] Iteration   3: 4658.586 ms/op
[INFO] [stdout]                  gc.alloc.rate:      688.437 MB/sec
[INFO] [stdout]                  gc.alloc.rate.norm: 3363031024.000 B/op
[INFO] [stdout]                  gc.count:           6.000 counts
[INFO] [stdout]                  gc.time:            181.000 ms
[INFO] [stdout] 
[INFO] [stdout] # Processing profiler results: LinuxPerfNormProfiler 
[INFO] [stdout] 
[INFO] [stdout] # Run progress: 33.33% complete, ETA 00:01:01
[INFO] [stdout] # Fork: 2 of 3
[INFO] [stdout] # Preparing profilers: LinuxPerfNormProfiler 
[INFO] [stdout] # Profilers consume stderr from target VM, use -v EXTRA to copy to console
[INFO] [stdout] # Warmup Iteration   1: 6161.569 ms/op
[INFO] [stdout] # Warmup Iteration   2: 7330.526 ms/op
[INFO] [stdout] # Warmup Iteration   3: 4644.063 ms/op
[INFO] [stdout] Iteration   1: 4324.303 ms/op
[INFO] [stdout]                  gc.alloc.rate:      738.155 MB/sec
[INFO] [stdout]                  gc.alloc.rate.norm: 3347156280.000 B/op
[INFO] [stdout]                  gc.count:           1.000 counts
[INFO] [stdout]                  gc.time:            50.000 ms
[INFO] [stdout] 
[INFO] [stdout] Iteration   2: 5330.660 ms/op
[INFO] [stdout]                  gc.alloc.rate:      598.613 MB/sec
[INFO] [stdout]                  gc.alloc.rate.norm: 3346088800.000 B/op
[INFO] [stdout]                  gc.count:           4.000 counts
[INFO] [stdout]                  gc.time:            123.000 ms
[INFO] [stdout] 
[INFO] [stdout] Iteration   3: 4375.592 ms/op
[INFO] [stdout]                  gc.alloc.rate:      729.213 MB/sec
[INFO] [stdout]                  gc.alloc.rate.norm: 3345838920.000 B/op
[INFO] [stdout]                  gc.count:           2.000 counts
[INFO] [stdout]                  gc.time:            120.000 ms
[INFO] [stdout] 
[INFO] [stdout] # Processing profiler results: LinuxPerfNormProfiler 
[INFO] [stdout] 
[INFO] [stdout] # Run progress: 66.67% complete, ETA 00:00:31
[INFO] [stdout] # Fork: 3 of 3
[INFO] [stdout] # Preparing profilers: LinuxPerfNormProfiler 
[INFO] [stdout] # Profilers consume stderr from target VM, use -v EXTRA to copy to console
[INFO] [stdout] # Warmup Iteration   1: 6576.963 ms/op
[INFO] [stdout] # Warmup Iteration   2: 7204.296 ms/op
[INFO] [stdout] # Warmup Iteration   3: 4555.736 ms/op
[INFO] [stdout] Iteration   1: 4138.004 ms/op
[INFO] [stdout]                  gc.alloc.rate:      771.336 MB/sec
[INFO] [stdout]                  gc.alloc.rate.norm: 3346931624.000 B/op
[INFO] [stdout]                  gc.count:           1.000 counts
[INFO] [stdout]                  gc.time:            35.000 ms
[INFO] [stdout] 
[INFO] [stdout] Iteration   2: 4339.632 ms/op
[INFO] [stdout]                  gc.alloc.rate:      735.312 MB/sec
[INFO] [stdout]                  gc.alloc.rate.norm: 3346095256.000 B/op
[INFO] [stdout]                  gc.count:           4.000 counts
[INFO] [stdout]                  gc.time:            99.000 ms
[INFO] [stdout] 
[INFO] [stdout] Iteration   3: 4507.289 ms/op
[INFO] [stdout]                  gc.alloc.rate:      707.908 MB/sec
[INFO] [stdout]                  gc.alloc.rate.norm: 3345842880.000 B/op
[INFO] [stdout]                  gc.count:           5.000 counts
[INFO] [stdout]                  gc.time:            117.000 ms
[INFO] [stdout] 
[INFO] [stdout] # Processing profiler results: LinuxPerfNormProfiler 
[INFO] [stdout] 
[INFO] [stdout] 
[INFO] [stdout] Result "org.weakref.nitro.tpcds.BenchmarkQueries.query14":
[INFO] [stdout]   4514.216 ±(99.9%) 598.352 ms/op [Average]
[INFO] [stdout]   (min, avg, max) = (4138.004, 4514.216, 5330.660), stdev = 356.070
[INFO] [stdout]   CI (99.9%): [3915.863, 5112.568] (assumes normal distribution)
[INFO] [stdout] 
[INFO] [stdout] Secondary result "org.weakref.nitro.tpcds.BenchmarkQueries.query14:CPI":
[INFO] [stdout]   0.297 ±(99.9%) 0.116 clks/insn [Average]
[INFO] [stdout]   (min, avg, max) = (0.290, 0.297, 0.301), stdev = 0.006
[INFO] [stdout]   CI (99.9%): [0.182, 0.413] (assumes normal distribution)
[INFO] [stdout] 
[INFO] [stdout] Secondary result "org.weakref.nitro.tpcds.BenchmarkQueries.query14:IPC":
[INFO] [stdout]   3.367 ±(99.9%) 1.325 insns/clk [Average]
[INFO] [stdout]   (min, avg, max) = (3.323, 3.367, 3.451), stdev = 0.073
[INFO] [stdout]   CI (99.9%): [2.041, 4.692] (assumes normal distribution)
[INFO] [stdout] 
[INFO] [stdout] Secondary result "org.weakref.nitro.tpcds.BenchmarkQueries.query14:L1-dcache-load-misses":
[INFO] [stdout]   1736836275.303 ±(99.9%) 619516329.627 #/op [Average]
[INFO] [stdout]   (min, avg, max) = (1700061537.216, 1736836275.303, 1767006888.164), stdev = 33957780.491
[INFO] [stdout]   CI (99.9%): [1117319945.676, 2356352604.930] (assumes normal distribution)
[INFO] [stdout] 
[INFO] [stdout] Secondary result "org.weakref.nitro.tpcds.BenchmarkQueries.query14:L1-dcache-loads":
[INFO] [stdout]   38045728484.272 ±(99.9%) 14103744303.183 #/op [Average]
[INFO] [stdout]   (min, avg, max) = (37156188146.522, 38045728484.272, 38555164068.536), stdev = 773073816.211
[INFO] [stdout]   CI (99.9%): [23941984181.090, 52149472787.455] (assumes normal distribution)
[INFO] [stdout] 
[INFO] [stdout] Secondary result "org.weakref.nitro.tpcds.BenchmarkQueries.query14:branch-misses":
[INFO] [stdout]   76761338.478 ±(99.9%) 48814553.724 #/op [Average]
[INFO] [stdout]   (min, avg, max) = (73675044.260, 76761338.478, 78428623.225), stdev = 2675690.407
[INFO] [stdout]   CI (99.9%): [27946784.754, 125575892.202] (assumes normal distribution)
[INFO] [stdout] 
[INFO] [stdout] Secondary result "org.weakref.nitro.tpcds.BenchmarkQueries.query14:branches":
[INFO] [stdout]   16164391144.963 ±(99.9%) 5550209832.947 #/op [Average]
[INFO] [stdout]   (min, avg, max) = (15906888273.409, 16164391144.963, 16500078555.662), stdev = 304225729.288
[INFO] [stdout]   CI (99.9%): [10614181312.016, 21714600977.911] (assumes normal distribution)
[INFO] [stdout] 
[INFO] [stdout] Secondary result "org.weakref.nitro.tpcds.BenchmarkQueries.query14:cycles":
[INFO] [stdout]   26356064209.924 ±(99.9%) 20756859401.884 #/op [Average]
[INFO] [stdout]   (min, avg, max) = (25042302747.301, 26356064209.924, 27015425255.262), stdev = 1137753504.702
[INFO] [stdout]   CI (99.9%): [5599204808.040, 47112923611.807] (assumes normal distribution)
[INFO] [stdout] 
[INFO] [stdout] Secondary result "org.weakref.nitro.tpcds.BenchmarkQueries.query14:dTLB-load-misses":
[INFO] [stdout]   5180935.872 ±(99.9%) 9341856.072 #/op [Average]
[INFO] [stdout]   (min, avg, max) = (4842542.181, 5180935.872, 5770039.073), stdev = 512058.654
[INFO] [stdout]   CI (99.9%): [≈ 0, 14522791.944] (assumes normal distribution)
[INFO] [stdout] 
[INFO] [stdout] Secondary result "org.weakref.nitro.tpcds.BenchmarkQueries.query14:dTLB-loads":
[INFO] [stdout]   307317547.267 ±(99.9%) 206546064.807 #/op [Average]
[INFO] [stdout]   (min, avg, max) = (294840880.864, 307317547.267, 316936066.750), stdev = 11321486.771
[INFO] [stdout]   CI (99.9%): [100771482.460, 513863612.074] (assumes normal distribution)
[INFO] [stdout] 
[INFO] [stdout] Secondary result "org.weakref.nitro.tpcds.BenchmarkQueries.query14:gc.alloc.rate":
[INFO] [stdout]   711.716 ±(99.9%) 86.153 MB/sec [Average]
[INFO] [stdout]   (min, avg, max) = (598.613, 711.716, 771.336), stdev = 51.269
[INFO] [stdout]   CI (99.9%): [625.563, 797.870] (assumes normal distribution)
[INFO] [stdout] 
[INFO] [stdout] Secondary result "org.weakref.nitro.tpcds.BenchmarkQueries.query14:gc.alloc.rate.norm":
[INFO] [stdout]   3352040670.222 ±(99.9%) 14433339.458 B/op [Average]
[INFO] [stdout]   (min, avg, max) = (3345838920.000, 3352040670.222, 3364100936.000), stdev = 8589048.798
[INFO] [stdout]   CI (99.9%): [3337607330.764, 3366474009.681] (assumes normal distribution)
[INFO] [stdout] 
[INFO] [stdout] Secondary result "org.weakref.nitro.tpcds.BenchmarkQueries.query14:gc.count":
[INFO] [stdout]   37.000 ±(99.9%) 0.001 counts [Sum]
[INFO] [stdout]   (min, avg, max) = (1.000, 4.111, 9.000), stdev = 2.571
[INFO] [stdout]   CI (99.9%): [37.000, 37.000] (assumes normal distribution)
[INFO] [stdout] 
[INFO] [stdout] Secondary result "org.weakref.nitro.tpcds.BenchmarkQueries.query14:gc.time":
[INFO] [stdout]   971.000 ±(99.9%) 0.001 ms [Sum]
[INFO] [stdout]   (min, avg, max) = (35.000, 107.889, 181.000), stdev = 50.255
[INFO] [stdout]   CI (99.9%): [971.000, 971.000] (assumes normal distribution)
[INFO] [stdout] 
[INFO] [stdout] Secondary result "org.weakref.nitro.tpcds.BenchmarkQueries.query14:instructions":
[INFO] [stdout]   88679150266.259 ±(99.9%) 35838967270.267 #/op [Average]
[INFO] [stdout]   (min, avg, max) = (86411272475.173, 88679150266.259, 89853463991.119), stdev = 1964454729.262
[INFO] [stdout]   CI (99.9%): [52840182995.992, 124518117536.526] (assumes normal distribution)
[INFO] [stdout] 
[INFO] [stdout] 
[INFO] [stdout] # Run complete. Total time: 00:01:35
[INFO] [stdout] 
[INFO] [stdout] REMEMBER: The numbers below are just data. To gain reusable insights, you need to follow up on
[INFO] [stdout] why the numbers are the way they are. Use profilers (see -prof, -lprof), design factorial
[INFO] [stdout] experiments, perform baseline and negative tests that provide experimental control, make sure
[INFO] [stdout] the benchmarking environment is safe on JVM/OS/HW level, ask for reviews from the domain experts.
[INFO] [stdout] Do not assume the numbers tell you what you want them to tell.
[INFO] [stdout] 
[INFO] [stdout] NOTE: Current JVM experimentally supports Compiler Blackholes, and they are in use. Please exercise
[INFO] [stdout] extra caution when trusting the results, look into the generated code to check the benchmark still
[INFO] [stdout] works, and factor in a small probability of new VM bugs. Additionally, while comparisons between
[INFO] [stdout] different JVMs are already problematic, the performance difference caused by different Blackhole
[INFO] [stdout] modes can be very significant. Please make sure you use the consistent Blackhole mode for comparisons.
[INFO] [stdout] 
[INFO] [stdout] Benchmark                                       Mode  Cnt            Score             Error      Units
[INFO] [stdout] BenchmarkQueries.query14                        avgt    9         4514.216 ±         598.352      ms/op
[INFO] [stdout] BenchmarkQueries.query14:CPI                    avgt    3            0.297 ±           0.116  clks/insn
[INFO] [stdout] BenchmarkQueries.query14:IPC                    avgt    3            3.367 ±           1.325  insns/clk
[INFO] [stdout] BenchmarkQueries.query14:L1-dcache-load-misses  avgt    3   1736836275.303 ±   619516329.627       #/op
[INFO] [stdout] BenchmarkQueries.query14:L1-dcache-loads        avgt    3  38045728484.272 ± 14103744303.183       #/op
[INFO] [stdout] BenchmarkQueries.query14:branch-misses          avgt    3     76761338.478 ±    48814553.724       #/op
[INFO] [stdout] BenchmarkQueries.query14:branches               avgt    3  16164391144.963 ±  5550209832.947       #/op
[INFO] [stdout] BenchmarkQueries.query14:cycles                 avgt    3  26356064209.924 ± 20756859401.884       #/op
[INFO] [stdout] BenchmarkQueries.query14:dTLB-load-misses       avgt    3      5180935.872 ±     9341856.072       #/op
[INFO] [stdout] BenchmarkQueries.query14:dTLB-loads             avgt    3    307317547.267 ±   206546064.807       #/op
[INFO] [stdout] BenchmarkQueries.query14:gc.alloc.rate          avgt    9          711.716 ±          86.153     MB/sec
[INFO] [stdout] BenchmarkQueries.query14:gc.alloc.rate.norm     avgt    9   3352040670.222 ±    14433339.458       B/op
[INFO] [stdout] BenchmarkQueries.query14:gc.count               avgt    9           37.000                       counts
[INFO] [stdout] BenchmarkQueries.query14:gc.time                avgt    9          971.000                           ms
[INFO] [stdout] BenchmarkQueries.query14:instructions           avgt    3  88679150266.259 ± 35838967270.267       #/op
[INFO] [stdout] 
[INFO] [stdout] Benchmark result is saved to benchmarks/sweeps/20260722-targeted/tpcds-q14-null-free-distinct/shared-candidate-reverse-3fork.json
[INFO] ------------------------------------------------------------------------
[INFO] BUILD SUCCESS
[INFO] ------------------------------------------------------------------------
[INFO] Total time:  01:37 min (Wall Clock)
[INFO] Finished at: 2026-07-22T13:28:48Z
[INFO] ------------------------------------------------------------------------
[INFO] Njord session closed
