Jul 22, 2026 8:36:56 AM org.jline.utils.Log logr
WARNING: Unable to create a system terminal, creating a dumb terminal (enable debug logging for more information)
[main] WARNING org.jline - Unable to create a system terminal, creating a dumb terminal (enable debug logging for more information)
[INFO] Processing build on daemon 13564a00
[INFO] Scanning for projects...
[INFO] Njord 0.9.4 session created
[INFO] BuildTimeEventSpy is registered.
[INFO] 
[INFO] Using the SmartBuilder implementation with a thread count of 7
[INFO] 
[INFO] -------------------------< org.weakref:nitro >--------------------------
[INFO] Building nitro 1-SNAPSHOT
[INFO]   from pom.xml
[INFO] --------------------------------[ jar ]---------------------------------
[WARNING] 2 problems were encountered while building the effective model for org.apache.yetus:audience-annotations:jar:0.5.0 during dependency collection step for project (use -X to see details)
[INFO] 
[INFO] --- exec:3.6.1:exec (benchmark) @ nitro ---
[WARNING] [stderr] WARNING: Using incubator modules: jdk.incubator.vector
[WARNING] [stderr] WARNING: A terminally deprecated method in sun.misc.Unsafe has been called
[WARNING] [stderr] WARNING: sun.misc.Unsafe::objectFieldOffset has been called by org.openjdk.jmh.util.Utils (file:/root/.m2/repository/org/openjdk/jmh/jmh-core/1.37/jmh-core-1.37.jar)
[WARNING] [stderr] WARNING: Please consider reporting this to the maintainers of class org.openjdk.jmh.util.Utils
[WARNING] [stderr] WARNING: sun.misc.Unsafe::objectFieldOffset will be removed in a future release
[INFO] [stdout] # JMH version: 1.37
[INFO] [stdout] # VM version: JDK 26.0.1, OpenJDK 64-Bit Server VM, 26.0.1+8
[INFO] [stdout] # VM invoker: /opt/java/openjdk/bin/java
[INFO] [stdout] # VM options: --enable-preview --add-modules=jdk.incubator.vector -Dnitro.clickbench.hits.path=/root/data/clickbench -Xmx12g -XX:+UseTransparentHugePages
[INFO] [stdout] # Blackhole mode: compiler (auto-detected, use -Djmh.blackhole.autoDetect=false to disable)
[INFO] [stdout] # Warmup: 3 iterations, 1 s each
[INFO] [stdout] # Measurement: 3 iterations, 1 s each
[INFO] [stdout] # Timeout: 10 min per iteration
[INFO] [stdout] # Threads: 1 thread, will synchronize iterations
[INFO] [stdout] # Benchmark mode: Average time, time/op
[INFO] [stdout] # Benchmark: org.weakref.nitro.clickbench.BenchmarkQueries.query19
[INFO] [stdout] 
[INFO] [stdout] # Run progress: 0.00% complete, ETA 00:00:06
[INFO] [stdout] # Fork: 1 of 1
[INFO] [stdout] # Preparing profilers: LinuxPerfNormProfiler 
[INFO] [stdout] # Profilers consume stderr from target VM, use -v EXTRA to copy to console
[INFO] [stdout] # Warmup Iteration   1: 13490.108 ms/op
[INFO] [stdout] # Warmup Iteration   2: 12317.229 ms/op
[INFO] [stdout] # Warmup Iteration   3: 11412.825 ms/op
[INFO] [stdout] Iteration   1: 11589.259 ms/op
[INFO] [stdout]                  gc.alloc.rate:      308.506 MB/sec
[INFO] [stdout]                  gc.alloc.rate.norm: 3749083792.000 B/op
[INFO] [stdout]                  gc.count:           6.000 counts
[INFO] [stdout]                  gc.time:            133.000 ms
[INFO] [stdout] 
[INFO] [stdout] Iteration   2: 11020.203 ms/op
[INFO] [stdout]                  gc.alloc.rate:      324.478 MB/sec
[INFO] [stdout]                  gc.alloc.rate.norm: 3749557160.000 B/op
[INFO] [stdout]                  gc.count:           6.000 counts
[INFO] [stdout]                  gc.time:            136.000 ms
[INFO] [stdout] 
[INFO] [stdout] Iteration   3: 11109.891 ms/op
[INFO] [stdout]                  gc.alloc.rate:      321.859 MB/sec
[INFO] [stdout]                  gc.alloc.rate.norm: 3749563296.000 B/op
[INFO] [stdout]                  gc.count:           9.000 counts
[INFO] [stdout]                  gc.time:            147.000 ms
[INFO] [stdout] 
[INFO] [stdout] # Processing profiler results: LinuxPerfNormProfiler 
[INFO] [stdout] 
[INFO] [stdout] 
[INFO] [stdout] Result "org.weakref.nitro.clickbench.BenchmarkQueries.query19":
[INFO] [stdout]   11239.784 ±(99.9%) 5581.820 ms/op [Average]
[INFO] [stdout]   (min, avg, max) = (11020.203, 11239.784, 11589.259), stdev = 305.958
[INFO] [stdout]   CI (99.9%): [5657.965, 16821.604] (assumes normal distribution)
[INFO] [stdout] 
[INFO] [stdout] Secondary result "org.weakref.nitro.clickbench.BenchmarkQueries.query19:CPI":
[INFO] [stdout]   0.317 clks/insn
[INFO] [stdout] 
[INFO] [stdout] Secondary result "org.weakref.nitro.clickbench.BenchmarkQueries.query19:IPC":
[INFO] [stdout]   3.152 insns/clk
[INFO] [stdout] 
[INFO] [stdout] Secondary result "org.weakref.nitro.clickbench.BenchmarkQueries.query19:L1-dcache-load-misses":
[INFO] [stdout]   1021244102.638 #/op
[INFO] [stdout] 
[INFO] [stdout] Secondary result "org.weakref.nitro.clickbench.BenchmarkQueries.query19:L1-dcache-loads":
[INFO] [stdout]   89179724340.469 #/op
[INFO] [stdout] 
[INFO] [stdout] Secondary result "org.weakref.nitro.clickbench.BenchmarkQueries.query19:branch-misses":
[INFO] [stdout]   211360077.341 #/op
[INFO] [stdout] 
[INFO] [stdout] Secondary result "org.weakref.nitro.clickbench.BenchmarkQueries.query19:branches":
[INFO] [stdout]   35736258405.774 #/op
[INFO] [stdout] 
[INFO] [stdout] Secondary result "org.weakref.nitro.clickbench.BenchmarkQueries.query19:cycles":
[INFO] [stdout]   62673712993.549 #/op
[INFO] [stdout] 
[INFO] [stdout] Secondary result "org.weakref.nitro.clickbench.BenchmarkQueries.query19:dTLB-load-misses":
[INFO] [stdout]   54702210.953 #/op
[INFO] [stdout] 
[INFO] [stdout] Secondary result "org.weakref.nitro.clickbench.BenchmarkQueries.query19:dTLB-loads":
[INFO] [stdout]   89859631.210 #/op
[INFO] [stdout] 
[INFO] [stdout] Secondary result "org.weakref.nitro.clickbench.BenchmarkQueries.query19:gc.alloc.rate":
[INFO] [stdout]   318.281 ±(99.9%) 156.272 MB/sec [Average]
[INFO] [stdout]   (min, avg, max) = (308.506, 318.281, 324.478), stdev = 8.566
[INFO] [stdout]   CI (99.9%): [162.009, 474.553] (assumes normal distribution)
[INFO] [stdout] 
[INFO] [stdout] Secondary result "org.weakref.nitro.clickbench.BenchmarkQueries.query19:gc.alloc.rate.norm":
[INFO] [stdout]   3749401416.000 ±(99.9%) 5018621.186 B/op [Average]
[INFO] [stdout]   (min, avg, max) = (3749083792.000, 3749401416.000, 3749563296.000), stdev = 275087.562
[INFO] [stdout]   CI (99.9%): [3744382794.814, 3754420037.186] (assumes normal distribution)
[INFO] [stdout] 
[INFO] [stdout] Secondary result "org.weakref.nitro.clickbench.BenchmarkQueries.query19:gc.count":
[INFO] [stdout]   21.000 ±(99.9%) 0.001 counts [Sum]
[INFO] [stdout]   (min, avg, max) = (6.000, 7.000, 9.000), stdev = 1.732
[INFO] [stdout]   CI (99.9%): [21.000, 21.000] (assumes normal distribution)
[INFO] [stdout] 
[INFO] [stdout] Secondary result "org.weakref.nitro.clickbench.BenchmarkQueries.query19:gc.time":
[INFO] [stdout]   416.000 ±(99.9%) 0.001 ms [Sum]
[INFO] [stdout]   (min, avg, max) = (133.000, 138.667, 147.000), stdev = 7.371
[INFO] [stdout]   CI (99.9%): [416.000, 416.000] (assumes normal distribution)
[INFO] [stdout] 
[INFO] [stdout] Secondary result "org.weakref.nitro.clickbench.BenchmarkQueries.query19:instructions":
[INFO] [stdout]   197575961228.770 #/op
[INFO] [stdout] 
[INFO] [stdout] 
[INFO] [stdout] # Run complete. Total time: 00:01:11
[INFO] [stdout] 
[INFO] [stdout] REMEMBER: The numbers below are just data. To gain reusable insights, you need to follow up on
[INFO] [stdout] why the numbers are the way they are. Use profilers (see -prof, -lprof), design factorial
[INFO] [stdout] experiments, perform baseline and negative tests that provide experimental control, make sure
[INFO] [stdout] the benchmarking environment is safe on JVM/OS/HW level, ask for reviews from the domain experts.
[INFO] [stdout] Do not assume the numbers tell you what you want them to tell.
[INFO] [stdout] 
[INFO] [stdout] NOTE: Current JVM experimentally supports Compiler Blackholes, and they are in use. Please exercise
[INFO] [stdout] extra caution when trusting the results, look into the generated code to check the benchmark still
[INFO] [stdout] works, and factor in a small probability of new VM bugs. Additionally, while comparisons between
[INFO] [stdout] different JVMs are already problematic, the performance difference caused by different Blackhole
[INFO] [stdout] modes can be very significant. Please make sure you use the consistent Blackhole mode for comparisons.
[INFO] [stdout] 
[INFO] [stdout] Benchmark                                       Mode  Cnt             Score         Error      Units
[INFO] [stdout] BenchmarkQueries.query19                        avgt    3         11239.784 ±    5581.820      ms/op
[INFO] [stdout] BenchmarkQueries.query19:CPI                    avgt                  0.317                clks/insn
[INFO] [stdout] BenchmarkQueries.query19:IPC                    avgt                  3.152                insns/clk
[INFO] [stdout] BenchmarkQueries.query19:L1-dcache-load-misses  avgt         1021244102.638                     #/op
[INFO] [stdout] BenchmarkQueries.query19:L1-dcache-loads        avgt        89179724340.469                     #/op
[INFO] [stdout] BenchmarkQueries.query19:branch-misses          avgt          211360077.341                     #/op
[INFO] [stdout] BenchmarkQueries.query19:branches               avgt        35736258405.774                     #/op
[INFO] [stdout] BenchmarkQueries.query19:cycles                 avgt        62673712993.549                     #/op
[INFO] [stdout] BenchmarkQueries.query19:dTLB-load-misses       avgt           54702210.953                     #/op
[INFO] [stdout] BenchmarkQueries.query19:dTLB-loads             avgt           89859631.210                     #/op
[INFO] [stdout] BenchmarkQueries.query19:gc.alloc.rate          avgt    3           318.281 ±     156.272     MB/sec
[INFO] [stdout] BenchmarkQueries.query19:gc.alloc.rate.norm     avgt    3    3749401416.000 ± 5018621.186       B/op
[INFO] [stdout] BenchmarkQueries.query19:gc.count               avgt    3            21.000                   counts
[INFO] [stdout] BenchmarkQueries.query19:gc.time                avgt    3           416.000                       ms
[INFO] [stdout] BenchmarkQueries.query19:instructions           avgt       197575961228.770                     #/op
[INFO] [stdout] 
[INFO] [stdout] Benchmark result is saved to benchmarks/sweeps/20260722-targeted/clickbench-q19-wide-control/swar-on-screen.json
[INFO] ------------------------------------------------------------------------
[INFO] BUILD SUCCESS
[INFO] ------------------------------------------------------------------------
[INFO] Total time:  01:12 min (Wall Clock)
[INFO] Finished at: 2026-07-22T08:38:12Z
[INFO] ------------------------------------------------------------------------
[INFO] Njord session closed
