WARNING: Using incubator modules: jdk.incubator.vector
WARNING: A terminally deprecated method in sun.misc.Unsafe has been called
WARNING: sun.misc.Unsafe::objectFieldOffset has been called by org.openjdk.jmh.util.Utils (file:/root/.m2/repository/org/openjdk/jmh/jmh-core/1.37/jmh-core-1.37.jar)
WARNING: Please consider reporting this to the maintainers of class org.openjdk.jmh.util.Utils
WARNING: sun.misc.Unsafe::objectFieldOffset will be removed in a future release
# JMH version: 1.37
# VM version: JDK 26.0.1, OpenJDK 64-Bit Server VM, 26.0.1+8
# VM invoker: /opt/java/openjdk/bin/java
# VM options: --enable-preview --add-modules=jdk.incubator.vector -Xmx12g -XX:+UseTransparentHugePages -Dnitro.tpcds.parquet.path=/root/data/tpcds-parquet-sf10 -Dnitro.distinct.pooledLongTripleBuffers=false
# Blackhole mode: compiler (auto-detected, use -Djmh.blackhole.autoDetect=false to disable)
# Warmup: 2 iterations, 1 s each
# Measurement: 2 iterations, 1 s each
# Timeout: 30 min per iteration
# Threads: 1 thread, will synchronize iterations
# Benchmark mode: Average time, time/op
# Benchmark: org.weakref.nitro.tpcds.BenchmarkQueries.query14

# Run progress: 0.00% complete, ETA 00:00:04
# Fork: 1 of 1
# Preparing profilers: LinuxPerfNormProfiler 
# Profilers consume stderr from target VM, use -v EXTRA to copy to console
# Warmup Iteration   1: 7715.552 ms/op
# Warmup Iteration   2: 7768.069 ms/op
Iteration   1: 5646.424 ms/op
                 gc.alloc.rate:      1101.458 MB/sec
                 gc.alloc.rate.norm: 6522060144.000 B/op
                 gc.count:           12.000 counts
                 gc.time:            253.000 ms

Iteration   2: 4580.849 ms/op
                 gc.alloc.rate:      1357.542 MB/sec
                 gc.alloc.rate.norm: 6520978040.000 B/op
                 gc.count:           5.000 counts
                 gc.time:            75.000 ms

# Processing profiler results: LinuxPerfNormProfiler 


Result "org.weakref.nitro.tpcds.BenchmarkQueries.query14":
  5113.637 ms/op

Secondary result "org.weakref.nitro.tpcds.BenchmarkQueries.query14:CPI":
  0.329 clks/insn

Secondary result "org.weakref.nitro.tpcds.BenchmarkQueries.query14:IPC":
  3.036 insns/clk

Secondary result "org.weakref.nitro.tpcds.BenchmarkQueries.query14:L1-dcache-load-misses":
  1983402315.881 #/op

Secondary result "org.weakref.nitro.tpcds.BenchmarkQueries.query14:L1-dcache-loads":
  42720503670.219 #/op

Secondary result "org.weakref.nitro.tpcds.BenchmarkQueries.query14:branch-misses":
  79041377.166 #/op

Secondary result "org.weakref.nitro.tpcds.BenchmarkQueries.query14:branches":
  17838257165.528 #/op

Secondary result "org.weakref.nitro.tpcds.BenchmarkQueries.query14:cycles":
  31745215636.764 #/op

Secondary result "org.weakref.nitro.tpcds.BenchmarkQueries.query14:dTLB-load-misses":
  6429713.278 #/op

Secondary result "org.weakref.nitro.tpcds.BenchmarkQueries.query14:dTLB-loads":
  587837282.707 #/op

Secondary result "org.weakref.nitro.tpcds.BenchmarkQueries.query14:gc.alloc.rate":
  1229.500 MB/sec

Secondary result "org.weakref.nitro.tpcds.BenchmarkQueries.query14:gc.alloc.rate.norm":
  6521519092.000 B/op

Secondary result "org.weakref.nitro.tpcds.BenchmarkQueries.query14:gc.count":
  8.500 counts

Secondary result "org.weakref.nitro.tpcds.BenchmarkQueries.query14:gc.time":
  164.000 ms

Secondary result "org.weakref.nitro.tpcds.BenchmarkQueries.query14:instructions":
  96389458966.430 #/op


# Run complete. Total time: 00:00:26

REMEMBER: The numbers below are just data. To gain reusable insights, you need to follow up on
why the numbers are the way they are. Use profilers (see -prof, -lprof), design factorial
experiments, perform baseline and negative tests that provide experimental control, make sure
the benchmarking environment is safe on JVM/OS/HW level, ask for reviews from the domain experts.
Do not assume the numbers tell you what you want them to tell.

NOTE: Current JVM experimentally supports Compiler Blackholes, and they are in use. Please exercise
extra caution when trusting the results, look into the generated code to check the benchmark still
works, and factor in a small probability of new VM bugs. Additionally, while comparisons between
different JVMs are already problematic, the performance difference caused by different Blackhole
modes can be very significant. Please make sure you use the consistent Blackhole mode for comparisons.

Benchmark                                       Mode  Cnt            Score   Error      Units
BenchmarkQueries.query14                        avgt    2         5113.637              ms/op
BenchmarkQueries.query14:CPI                    avgt                 0.329          clks/insn
BenchmarkQueries.query14:IPC                    avgt                 3.036          insns/clk
BenchmarkQueries.query14:L1-dcache-load-misses  avgt        1983402315.881               #/op
BenchmarkQueries.query14:L1-dcache-loads        avgt       42720503670.219               #/op
BenchmarkQueries.query14:branch-misses          avgt          79041377.166               #/op
BenchmarkQueries.query14:branches               avgt       17838257165.528               #/op
BenchmarkQueries.query14:cycles                 avgt       31745215636.764               #/op
BenchmarkQueries.query14:dTLB-load-misses       avgt           6429713.278               #/op
BenchmarkQueries.query14:dTLB-loads             avgt         587837282.707               #/op
BenchmarkQueries.query14:gc.alloc.rate          avgt    2         1229.500             MB/sec
BenchmarkQueries.query14:gc.alloc.rate.norm     avgt    2   6521519092.000               B/op
BenchmarkQueries.query14:gc.count               avgt    2           17.000             counts
BenchmarkQueries.query14:gc.time                avgt    2          328.000                 ms
BenchmarkQueries.query14:instructions           avgt       96389458966.430               #/op

Benchmark result is saved to benchmarks/sweeps/20260719-targeted/tpcds-q14-pooled-triple-distinct/false-screen.json
