[INFO] Processing build on daemon e20effc9
[INFO] Scanning for projects...
[INFO] Njord 0.9.4 session created
[INFO] BuildTimeEventSpy is registered.
[INFO] 
[INFO] Using the SmartBuilder implementation with a thread count of 7
[INFO] 
[INFO] -------------------------< org.weakref:nitro >--------------------------
[INFO] Building nitro 1-SNAPSHOT
[INFO]   from pom.xml
[INFO] --------------------------------[ jar ]---------------------------------
[WARNING] 2 problems were encountered while building the effective model for org.apache.yetus:audience-annotations:jar:0.5.0 during dependency collection step for project (use -X to see details)
[INFO] 
[INFO] --- exec:3.6.1:exec (benchmark) @ nitro ---
[WARNING] [stderr] WARNING: Using incubator modules: jdk.incubator.vector
[WARNING] [stderr] WARNING: A terminally deprecated method in sun.misc.Unsafe has been called
[WARNING] [stderr] WARNING: sun.misc.Unsafe::objectFieldOffset has been called by org.openjdk.jmh.util.Utils (file:/root/.m2/repository/org/openjdk/jmh/jmh-core/1.37/jmh-core-1.37.jar)
[WARNING] [stderr] WARNING: Please consider reporting this to the maintainers of class org.openjdk.jmh.util.Utils
[WARNING] [stderr] WARNING: sun.misc.Unsafe::objectFieldOffset will be removed in a future release
[INFO] [stdout] # JMH version: 1.37
[INFO] [stdout] # VM version: JDK 26.0.1, OpenJDK 64-Bit Server VM, 26.0.1+8
[INFO] [stdout] # VM invoker: /opt/java/openjdk/bin/java
[INFO] [stdout] # VM options: --enable-preview --add-modules=jdk.incubator.vector -Dnitro.clickbench.hits.path= -Xmx12g -XX:+UseTransparentHugePages --enable-native-access=ALL-UNNAMED -Dnitro.tpcds.parquet.path=/root/data/tpcds-parquet-sf10 -Dnitro.tpcds.parquet.schema=sf10 -Dnitro.parquet.snappyLibraryPath=/usr/lib/x86_64-linux-gnu/libsnappy.so.1.1.10 -Dnitro.parquet.externalSnappyMinCompressedBytes=65536
[INFO] [stdout] # Blackhole mode: compiler (auto-detected, use -Djmh.blackhole.autoDetect=false to disable)
[INFO] [stdout] # Warmup: 3 iterations, 1 s each
[INFO] [stdout] # Measurement: 5 iterations, 1 s each
[INFO] [stdout] # Timeout: 30 min per iteration
[INFO] [stdout] # Threads: 1 thread, will synchronize iterations
[INFO] [stdout] # Benchmark mode: Average time, time/op
[INFO] [stdout] # Benchmark: org.weakref.nitro.tpcds.BenchmarkQueries.query21
[INFO] [stdout] 
[INFO] [stdout] # Run progress: 0.00% complete, ETA 00:00:08
[INFO] [stdout] # Fork: 1 of 1
[INFO] [stdout] # Preparing profilers: LinuxPerfNormProfiler 
[INFO] [stdout] # Profilers consume stderr from target VM, use -v EXTRA to copy to console
[INFO] [stdout] # Warmup Iteration   1: 627.579 ms/op
[INFO] [stdout] # Warmup Iteration   2: 395.827 ms/op
[INFO] [stdout] # Warmup Iteration   3: 386.485 ms/op
[INFO] [stdout] Iteration   1: 381.268 ms/op
[INFO] [stdout]                  gc.alloc.rate:      85.242 MB/sec
[INFO] [stdout]                  gc.alloc.rate.norm: 34083293.333 B/op
[INFO] [stdout]                  gc.count:           1.000 counts
[INFO] [stdout]                  gc.time:            1.000 ms
[INFO] [stdout] 
[INFO] [stdout] Iteration   2: 380.661 ms/op
[INFO] [stdout]                  gc.alloc.rate:      85.275 MB/sec
[INFO] [stdout]                  gc.alloc.rate.norm: 34041197.333 B/op
[INFO] [stdout]                  gc.count:           1.000 counts
[INFO] [stdout]                  gc.time:            ≈ 0 ms
[INFO] [stdout] 
[INFO] [stdout] Iteration   3: 378.912 ms/op
[INFO] [stdout]                  gc.alloc.rate:      85.614 MB/sec
[INFO] [stdout]                  gc.alloc.rate.norm: 34020010.667 B/op
[INFO] [stdout]                  gc.count:           ≈ 0 counts
[INFO] [stdout] 
[INFO] [stdout] Iteration   4: 380.615 ms/op
[INFO] [stdout]                  gc.alloc.rate:      85.233 MB/sec
[INFO] [stdout]                  gc.alloc.rate.norm: 34020018.667 B/op
[INFO] [stdout]                  gc.count:           1.000 counts
[INFO] [stdout]                  gc.time:            1.000 ms
[INFO] [stdout] 
[INFO] [stdout] Iteration   5: 378.838 ms/op
[INFO] [stdout]                  gc.alloc.rate:      85.622 MB/sec
[INFO] [stdout]                  gc.alloc.rate.norm: 34015840.000 B/op
[INFO] [stdout]                  gc.count:           1.000 counts
[INFO] [stdout]                  gc.time:            1.000 ms
[INFO] [stdout] 
[INFO] [stdout] # Processing profiler results: LinuxPerfNormProfiler 
[INFO] [stdout] 
[INFO] [stdout] 
[INFO] [stdout] Result "org.weakref.nitro.tpcds.BenchmarkQueries.query21":
[INFO] [stdout]   380.059 ±(99.9%) 4.279 ms/op [Average]
[INFO] [stdout]   (min, avg, max) = (378.838, 380.059, 381.268), stdev = 1.111
[INFO] [stdout]   CI (99.9%): [375.780, 384.338] (assumes normal distribution)
[INFO] [stdout] 
[INFO] [stdout] Secondary result "org.weakref.nitro.tpcds.BenchmarkQueries.query21:CPI":
[INFO] [stdout]   0.228 clks/insn
[INFO] [stdout] 
[INFO] [stdout] Secondary result "org.weakref.nitro.tpcds.BenchmarkQueries.query21:IPC":
[INFO] [stdout]   4.378 insns/clk
[INFO] [stdout] 
[INFO] [stdout] Secondary result "org.weakref.nitro.tpcds.BenchmarkQueries.query21:L1-dcache-load-misses":
[INFO] [stdout]   27697667.492 #/op
[INFO] [stdout] 
[INFO] [stdout] Secondary result "org.weakref.nitro.tpcds.BenchmarkQueries.query21:L1-dcache-loads":
[INFO] [stdout]   4110015664.616 #/op
[INFO] [stdout] 
[INFO] [stdout] Secondary result "org.weakref.nitro.tpcds.BenchmarkQueries.query21:L1-icache-load-misses":
[INFO] [stdout]   1535761.415 #/op
[INFO] [stdout] 
[INFO] [stdout] Secondary result "org.weakref.nitro.tpcds.BenchmarkQueries.query21:L1-icache-loads":
[INFO] [stdout]   18155724.407 #/op
[INFO] [stdout] 
[INFO] [stdout] Secondary result "org.weakref.nitro.tpcds.BenchmarkQueries.query21:branch-misses":
[INFO] [stdout]   3804044.280 #/op
[INFO] [stdout] 
[INFO] [stdout] Secondary result "org.weakref.nitro.tpcds.BenchmarkQueries.query21:branches":
[INFO] [stdout]   1730215527.073 #/op
[INFO] [stdout] 
[INFO] [stdout] Secondary result "org.weakref.nitro.tpcds.BenchmarkQueries.query21:cycles":
[INFO] [stdout]   2123369424.892 #/op
[INFO] [stdout] 
[INFO] [stdout] Secondary result "org.weakref.nitro.tpcds.BenchmarkQueries.query21:dTLB-load-misses":
[INFO] [stdout]   138066.400 #/op
[INFO] [stdout] 
[INFO] [stdout] Secondary result "org.weakref.nitro.tpcds.BenchmarkQueries.query21:dTLB-loads":
[INFO] [stdout]   1347903.107 #/op
[INFO] [stdout] 
[INFO] [stdout] Secondary result "org.weakref.nitro.tpcds.BenchmarkQueries.query21:gc.alloc.rate":
[INFO] [stdout]   85.397 ±(99.9%) 0.779 MB/sec [Average]
[INFO] [stdout]   (min, avg, max) = (85.233, 85.397, 85.622), stdev = 0.202
[INFO] [stdout]   CI (99.9%): [84.618, 86.176] (assumes normal distribution)
[INFO] [stdout] 
[INFO] [stdout] Secondary result "org.weakref.nitro.tpcds.BenchmarkQueries.query21:gc.alloc.rate.norm":
[INFO] [stdout]   34036072.000 ±(99.9%) 108591.114 B/op [Average]
[INFO] [stdout]   (min, avg, max) = (34015840.000, 34036072.000, 34083293.333), stdev = 28200.767
[INFO] [stdout]   CI (99.9%): [33927480.886, 34144663.114] (assumes normal distribution)
[INFO] [stdout] 
[INFO] [stdout] Secondary result "org.weakref.nitro.tpcds.BenchmarkQueries.query21:gc.count":
[INFO] [stdout]   4.000 ±(99.9%) 0.001 counts [Sum]
[INFO] [stdout]   (min, avg, max) = (≈ 0, 0.800, 1.000), stdev = 0.447
[INFO] [stdout]   CI (99.9%): [4.000, 4.000] (assumes normal distribution)
[INFO] [stdout] 
[INFO] [stdout] Secondary result "org.weakref.nitro.tpcds.BenchmarkQueries.query21:gc.time":
[INFO] [stdout]   3.000 ±(99.9%) 0.001 ms [Sum]
[INFO] [stdout]   (min, avg, max) = (≈ 0, 0.600, 1.000), stdev = 0.548
[INFO] [stdout]   CI (99.9%): [3.000, 3.000] (assumes normal distribution)
[INFO] [stdout] 
[INFO] [stdout] Secondary result "org.weakref.nitro.tpcds.BenchmarkQueries.query21:iTLB-load-misses":
[INFO] [stdout]   20184.955 #/op
[INFO] [stdout] 
[INFO] [stdout] Secondary result "org.weakref.nitro.tpcds.BenchmarkQueries.query21:iTLB-loads":
[INFO] [stdout]   766364.792 #/op
[INFO] [stdout] 
[INFO] [stdout] Secondary result "org.weakref.nitro.tpcds.BenchmarkQueries.query21:instructions":
[INFO] [stdout]   9295527708.846 #/op
[INFO] [stdout] 
[INFO] [stdout] Secondary result "org.weakref.nitro.tpcds.BenchmarkQueries.query21:stalled-cycles-frontend":
[INFO] [stdout]   462312066.636 #/op
[INFO] [stdout] 
[INFO] [stdout] 
[INFO] [stdout] # Run complete. Total time: 00:00:09
[INFO] [stdout] 
[INFO] [stdout] REMEMBER: The numbers below are just data. To gain reusable insights, you need to follow up on
[INFO] [stdout] why the numbers are the way they are. Use profilers (see -prof, -lprof), design factorial
[INFO] [stdout] experiments, perform baseline and negative tests that provide experimental control, make sure
[INFO] [stdout] the benchmarking environment is safe on JVM/OS/HW level, ask for reviews from the domain experts.
[INFO] [stdout] Do not assume the numbers tell you what you want them to tell.
[INFO] [stdout] 
[INFO] [stdout] NOTE: Current JVM experimentally supports Compiler Blackholes, and they are in use. Please exercise
[INFO] [stdout] extra caution when trusting the results, look into the generated code to check the benchmark still
[INFO] [stdout] works, and factor in a small probability of new VM bugs. Additionally, while comparisons between
[INFO] [stdout] different JVMs are already problematic, the performance difference caused by different Blackhole
[INFO] [stdout] modes can be very significant. Please make sure you use the consistent Blackhole mode for comparisons.
[INFO] [stdout] 
[INFO] [stdout] Benchmark                                         Mode  Cnt           Score        Error      Units
[INFO] [stdout] BenchmarkQueries.query21                          avgt    5         380.059 ±      4.279      ms/op
[INFO] [stdout] BenchmarkQueries.query21:CPI                      avgt                0.228               clks/insn
[INFO] [stdout] BenchmarkQueries.query21:IPC                      avgt                4.378               insns/clk
[INFO] [stdout] BenchmarkQueries.query21:L1-dcache-load-misses    avgt         27697667.492                    #/op
[INFO] [stdout] BenchmarkQueries.query21:L1-dcache-loads          avgt       4110015664.616                    #/op
[INFO] [stdout] BenchmarkQueries.query21:L1-icache-load-misses    avgt          1535761.415                    #/op
[INFO] [stdout] BenchmarkQueries.query21:L1-icache-loads          avgt         18155724.407                    #/op
[INFO] [stdout] BenchmarkQueries.query21:branch-misses            avgt          3804044.280                    #/op
[INFO] [stdout] BenchmarkQueries.query21:branches                 avgt       1730215527.073                    #/op
[INFO] [stdout] BenchmarkQueries.query21:cycles                   avgt       2123369424.892                    #/op
[INFO] [stdout] BenchmarkQueries.query21:dTLB-load-misses         avgt           138066.400                    #/op
[INFO] [stdout] BenchmarkQueries.query21:dTLB-loads               avgt          1347903.107                    #/op
[INFO] [stdout] BenchmarkQueries.query21:gc.alloc.rate            avgt    5          85.397 ±      0.779     MB/sec
[INFO] [stdout] BenchmarkQueries.query21:gc.alloc.rate.norm       avgt    5    34036072.000 ± 108591.114       B/op
[INFO] [stdout] BenchmarkQueries.query21:gc.count                 avgt    5           4.000                  counts
[INFO] [stdout] BenchmarkQueries.query21:gc.time                  avgt    5           3.000                      ms
[INFO] [stdout] BenchmarkQueries.query21:iTLB-load-misses         avgt            20184.955                    #/op
[INFO] [stdout] BenchmarkQueries.query21:iTLB-loads               avgt           766364.792                    #/op
[INFO] [stdout] BenchmarkQueries.query21:instructions             avgt       9295527708.846                    #/op
[INFO] [stdout] BenchmarkQueries.query21:stalled-cycles-frontend  avgt        462312066.636                    #/op
[INFO] [stdout] 
[INFO] [stdout] Benchmark result is saved to benchmarks/sweeps/20260718-targeted/nitro-tpcds-q21-system-snappy-screen.json
[INFO] ------------------------------------------------------------------------
[INFO] BUILD SUCCESS
[INFO] ------------------------------------------------------------------------
[INFO] Total time:  10.277 s (Wall Clock)
[INFO] Finished at: 2026-07-18T12:36:27Z
[INFO] ------------------------------------------------------------------------
[INFO] Njord session closed
