[INFO] Processing build on daemon e20effc9
[INFO] Scanning for projects...
[INFO] Njord 0.9.4 session created
[INFO] BuildTimeEventSpy is registered.
[INFO] 
[INFO] Using the SmartBuilder implementation with a thread count of 7
[INFO] 
[INFO] -------------------------< org.weakref:nitro >--------------------------
[INFO] Building nitro 1-SNAPSHOT
[INFO]   from pom.xml
[INFO] --------------------------------[ jar ]---------------------------------
[WARNING] 2 problems were encountered while building the effective model for org.apache.yetus:audience-annotations:jar:0.5.0 during dependency collection step for project (use -X to see details)
[INFO] 
[INFO] --- exec:3.6.1:exec (benchmark) @ nitro ---
[WARNING] [stderr] WARNING: Using incubator modules: jdk.incubator.vector
[WARNING] [stderr] WARNING: A terminally deprecated method in sun.misc.Unsafe has been called
[WARNING] [stderr] WARNING: sun.misc.Unsafe::objectFieldOffset has been called by org.openjdk.jmh.util.Utils (file:/root/.m2/repository/org/openjdk/jmh/jmh-core/1.37/jmh-core-1.37.jar)
[WARNING] [stderr] WARNING: Please consider reporting this to the maintainers of class org.openjdk.jmh.util.Utils
[WARNING] [stderr] WARNING: sun.misc.Unsafe::objectFieldOffset will be removed in a future release
[INFO] [stdout] # JMH version: 1.37
[INFO] [stdout] # VM version: JDK 26.0.1, OpenJDK 64-Bit Server VM, 26.0.1+8
[INFO] [stdout] # VM invoker: /opt/java/openjdk/bin/java
[INFO] [stdout] # VM options: --enable-preview --add-modules=jdk.incubator.vector -Dnitro.clickbench.hits.path=/root/data/clickbench -Xmx12g -XX:+UseTransparentHugePages
[INFO] [stdout] # Blackhole mode: compiler (auto-detected, use -Djmh.blackhole.autoDetect=false to disable)
[INFO] [stdout] # Warmup: 3 iterations, 1000 ms each
[INFO] [stdout] # Measurement: 5 iterations, 1000 ms each
[INFO] [stdout] # Timeout: 10 min per iteration
[INFO] [stdout] # Threads: 1 thread, will synchronize iterations
[INFO] [stdout] # Benchmark mode: Average time, time/op
[INFO] [stdout] # Benchmark: org.weakref.nitro.clickbench.BenchmarkQueries.query12
[INFO] [stdout] 
[INFO] [stdout] # Run progress: 0.00% complete, ETA 00:00:08
[INFO] [stdout] # Fork: 1 of 1
[INFO] [stdout] # Preparing profilers: LinuxPerfNormProfiler 
[INFO] [stdout] # Profilers consume stderr from target VM, use -v EXTRA to copy to console
[INFO] [stdout] # Warmup Iteration   1: 1005.180 ms/op
[INFO] [stdout] # Warmup Iteration   2: 659.319 ms/op
[INFO] [stdout] # Warmup Iteration   3: 523.743 ms/op
[INFO] [stdout] Iteration   1: 528.788 ms/op
[INFO] [stdout]                  gc.alloc.rate:      210.977 MB/sec
[INFO] [stdout]                  gc.alloc.rate.norm: 116995132.000 B/op
[INFO] [stdout]                  gc.count:           3.000 counts
[INFO] [stdout]                  gc.time:            4.000 ms
[INFO] [stdout] 
[INFO] [stdout] Iteration   2: 526.678 ms/op
[INFO] [stdout]                  gc.alloc.rate:      212.185 MB/sec
[INFO] [stdout]                  gc.alloc.rate.norm: 117195928.000 B/op
[INFO] [stdout]                  gc.count:           2.000 counts
[INFO] [stdout]                  gc.time:            6.000 ms
[INFO] [stdout] 
[INFO] [stdout] Iteration   3: 523.065 ms/op
[INFO] [stdout]                  gc.alloc.rate:      213.261 MB/sec
[INFO] [stdout]                  gc.alloc.rate.norm: 116980980.000 B/op
[INFO] [stdout]                  gc.count:           1.000 counts
[INFO] [stdout]                  gc.time:            ≈ 0 ms
[INFO] [stdout] 
[INFO] [stdout] Iteration   4: 525.757 ms/op
[INFO] [stdout]                  gc.alloc.rate:      212.164 MB/sec
[INFO] [stdout]                  gc.alloc.rate.norm: 116981292.000 B/op
[INFO] [stdout]                  gc.count:           4.000 counts
[INFO] [stdout]                  gc.time:            7.000 ms
[INFO] [stdout] 
[INFO] [stdout] Iteration   5: 522.062 ms/op
[INFO] [stdout]                  gc.alloc.rate:      213.668 MB/sec
[INFO] [stdout]                  gc.alloc.rate.norm: 116981012.000 B/op
[INFO] [stdout]                  gc.count:           1.000 counts
[INFO] [stdout]                  gc.time:            4.000 ms
[INFO] [stdout] 
[INFO] [stdout] # Processing profiler results: LinuxPerfNormProfiler 
[INFO] [stdout] 
[INFO] [stdout] 
[INFO] [stdout] Result "org.weakref.nitro.clickbench.BenchmarkQueries.query12":
[INFO] [stdout]   525.270 ±(99.9%) 10.502 ms/op [Average]
[INFO] [stdout]   (min, avg, max) = (522.062, 525.270, 528.788), stdev = 2.727
[INFO] [stdout]   CI (99.9%): [514.768, 535.772] (assumes normal distribution)
[INFO] [stdout] 
[INFO] [stdout] Secondary result "org.weakref.nitro.clickbench.BenchmarkQueries.query12:CPI":
[INFO] [stdout]   0.322 clks/insn
[INFO] [stdout] 
[INFO] [stdout] Secondary result "org.weakref.nitro.clickbench.BenchmarkQueries.query12:IPC":
[INFO] [stdout]   3.101 insns/clk
[INFO] [stdout] 
[INFO] [stdout] Secondary result "org.weakref.nitro.clickbench.BenchmarkQueries.query12:L1-dcache-load-misses":
[INFO] [stdout]   223892067.165 #/op
[INFO] [stdout] 
[INFO] [stdout] Secondary result "org.weakref.nitro.clickbench.BenchmarkQueries.query12:L1-dcache-loads":
[INFO] [stdout]   4586486747.243 #/op
[INFO] [stdout] 
[INFO] [stdout] Secondary result "org.weakref.nitro.clickbench.BenchmarkQueries.query12:branch-misses":
[INFO] [stdout]   19062280.806 #/op
[INFO] [stdout] 
[INFO] [stdout] Secondary result "org.weakref.nitro.clickbench.BenchmarkQueries.query12:branches":
[INFO] [stdout]   1867876417.463 #/op
[INFO] [stdout] 
[INFO] [stdout] Secondary result "org.weakref.nitro.clickbench.BenchmarkQueries.query12:cycles":
[INFO] [stdout]   2943807586.654 #/op
[INFO] [stdout] 
[INFO] [stdout] Secondary result "org.weakref.nitro.clickbench.BenchmarkQueries.query12:dTLB-load-misses":
[INFO] [stdout]   154617.505 #/op
[INFO] [stdout] 
[INFO] [stdout] Secondary result "org.weakref.nitro.clickbench.BenchmarkQueries.query12:dTLB-loads":
[INFO] [stdout]   2477642.164 #/op
[INFO] [stdout] 
[INFO] [stdout] Secondary result "org.weakref.nitro.clickbench.BenchmarkQueries.query12:gc.alloc.rate":
[INFO] [stdout]   212.451 ±(99.9%) 4.067 MB/sec [Average]
[INFO] [stdout]   (min, avg, max) = (210.977, 212.451, 213.668), stdev = 1.056
[INFO] [stdout]   CI (99.9%): [208.384, 216.518] (assumes normal distribution)
[INFO] [stdout] 
[INFO] [stdout] Secondary result "org.weakref.nitro.clickbench.BenchmarkQueries.query12:gc.alloc.rate.norm":
[INFO] [stdout]   117026868.800 ±(99.9%) 364664.876 B/op [Average]
[INFO] [stdout]   (min, avg, max) = (116980980.000, 117026868.800, 117195928.000), stdev = 94702.310
[INFO] [stdout]   CI (99.9%): [116662203.924, 117391533.676] (assumes normal distribution)
[INFO] [stdout] 
[INFO] [stdout] Secondary result "org.weakref.nitro.clickbench.BenchmarkQueries.query12:gc.count":
[INFO] [stdout]   11.000 ±(99.9%) 0.001 counts [Sum]
[INFO] [stdout]   (min, avg, max) = (1.000, 2.200, 4.000), stdev = 1.304
[INFO] [stdout]   CI (99.9%): [11.000, 11.000] (assumes normal distribution)
[INFO] [stdout] 
[INFO] [stdout] Secondary result "org.weakref.nitro.clickbench.BenchmarkQueries.query12:gc.time":
[INFO] [stdout]   21.000 ±(99.9%) 0.001 ms [Sum]
[INFO] [stdout]   (min, avg, max) = (≈ 0, 4.200, 7.000), stdev = 2.683
[INFO] [stdout]   CI (99.9%): [21.000, 21.000] (assumes normal distribution)
[INFO] [stdout] 
[INFO] [stdout] Secondary result "org.weakref.nitro.clickbench.BenchmarkQueries.query12:instructions":
[INFO] [stdout]   9129437906.174 #/op
[INFO] [stdout] 
[INFO] [stdout] 
[INFO] [stdout] # Run complete. Total time: 00:00:08
[INFO] [stdout] 
[INFO] [stdout] REMEMBER: The numbers below are just data. To gain reusable insights, you need to follow up on
[INFO] [stdout] why the numbers are the way they are. Use profilers (see -prof, -lprof), design factorial
[INFO] [stdout] experiments, perform baseline and negative tests that provide experimental control, make sure
[INFO] [stdout] the benchmarking environment is safe on JVM/OS/HW level, ask for reviews from the domain experts.
[INFO] [stdout] Do not assume the numbers tell you what you want them to tell.
[INFO] [stdout] 
[INFO] [stdout] NOTE: Current JVM experimentally supports Compiler Blackholes, and they are in use. Please exercise
[INFO] [stdout] extra caution when trusting the results, look into the generated code to check the benchmark still
[INFO] [stdout] works, and factor in a small probability of new VM bugs. Additionally, while comparisons between
[INFO] [stdout] different JVMs are already problematic, the performance difference caused by different Blackhole
[INFO] [stdout] modes can be very significant. Please make sure you use the consistent Blackhole mode for comparisons.
[INFO] [stdout] 
[INFO] [stdout] Benchmark                                       Mode  Cnt           Score        Error      Units
[INFO] [stdout] BenchmarkQueries.query12                        avgt    5         525.270 ±     10.502      ms/op
[INFO] [stdout] BenchmarkQueries.query12:CPI                    avgt                0.322               clks/insn
[INFO] [stdout] BenchmarkQueries.query12:IPC                    avgt                3.101               insns/clk
[INFO] [stdout] BenchmarkQueries.query12:L1-dcache-load-misses  avgt        223892067.165                    #/op
[INFO] [stdout] BenchmarkQueries.query12:L1-dcache-loads        avgt       4586486747.243                    #/op
[INFO] [stdout] BenchmarkQueries.query12:branch-misses          avgt         19062280.806                    #/op
[INFO] [stdout] BenchmarkQueries.query12:branches               avgt       1867876417.463                    #/op
[INFO] [stdout] BenchmarkQueries.query12:cycles                 avgt       2943807586.654                    #/op
[INFO] [stdout] BenchmarkQueries.query12:dTLB-load-misses       avgt           154617.505                    #/op
[INFO] [stdout] BenchmarkQueries.query12:dTLB-loads             avgt          2477642.164                    #/op
[INFO] [stdout] BenchmarkQueries.query12:gc.alloc.rate          avgt    5         212.451 ±      4.067     MB/sec
[INFO] [stdout] BenchmarkQueries.query12:gc.alloc.rate.norm     avgt    5   117026868.800 ± 364664.876       B/op
[INFO] [stdout] BenchmarkQueries.query12:gc.count               avgt    5          11.000                  counts
[INFO] [stdout] BenchmarkQueries.query12:gc.time                avgt    5          21.000                      ms
[INFO] [stdout] BenchmarkQueries.query12:instructions           avgt       9129437906.174                    #/op
[INFO] [stdout] 
[INFO] [stdout] Benchmark result is saved to benchmarks/sweeps/20260718-targeted/nitro-clickbench-q12-reuse-numeric-dict-on-a.json
[INFO] ------------------------------------------------------------------------
[INFO] BUILD SUCCESS
[INFO] ------------------------------------------------------------------------
[INFO] Total time:  9.386 s (Wall Clock)
[INFO] Finished at: 2026-07-18T05:23:34Z
[INFO] ------------------------------------------------------------------------
[INFO] Njord session closed
