[INFO] Processing build on daemon e20effc9
[INFO] Scanning for projects...
[INFO] Njord 0.9.4 session created
[INFO] BuildTimeEventSpy is registered.
[INFO] 
[INFO] Using the SmartBuilder implementation with a thread count of 7
[INFO] 
[INFO] -------------------------< org.weakref:nitro >--------------------------
[INFO] Building nitro 1-SNAPSHOT
[INFO]   from pom.xml
[INFO] --------------------------------[ jar ]---------------------------------
[WARNING] 2 problems were encountered while building the effective model for org.apache.yetus:audience-annotations:jar:0.5.0 during dependency collection step for project (use -X to see details)
[INFO] 
[INFO] --- exec:3.6.1:exec (benchmark) @ nitro ---
[WARNING] [stderr] WARNING: Using incubator modules: jdk.incubator.vector
[WARNING] [stderr] WARNING: A terminally deprecated method in sun.misc.Unsafe has been called
[WARNING] [stderr] WARNING: sun.misc.Unsafe::objectFieldOffset has been called by org.openjdk.jmh.util.Utils (file:/root/.m2/repository/org/openjdk/jmh/jmh-core/1.37/jmh-core-1.37.jar)
[WARNING] [stderr] WARNING: Please consider reporting this to the maintainers of class org.openjdk.jmh.util.Utils
[WARNING] [stderr] WARNING: sun.misc.Unsafe::objectFieldOffset will be removed in a future release
[INFO] [stdout] # JMH version: 1.37
[INFO] [stdout] # VM version: JDK 26.0.1, OpenJDK 64-Bit Server VM, 26.0.1+8
[INFO] [stdout] # VM invoker: /opt/java/openjdk/bin/java
[INFO] [stdout] # VM options: --enable-preview --add-modules=jdk.incubator.vector -Dnitro.clickbench.hits.path= -Xmx12g -XX:+UseTransparentHugePages -Dnitro.clickbench.hits.path=/root/data/clickbench -Dnitro.allocator.sharedAllFalseBoolean=false
[INFO] [stdout] # Blackhole mode: compiler (auto-detected, use -Djmh.blackhole.autoDetect=false to disable)
[INFO] [stdout] # Warmup: 2 iterations, 1 s each
[INFO] [stdout] # Measurement: 3 iterations, 1 s each
[INFO] [stdout] # Timeout: 10 min per iteration
[INFO] [stdout] # Threads: 1 thread, will synchronize iterations
[INFO] [stdout] # Benchmark mode: Average time, time/op
[INFO] [stdout] # Benchmark: org.weakref.nitro.clickbench.BenchmarkQueries.query22
[INFO] [stdout] 
[INFO] [stdout] # Run progress: 0.00% complete, ETA 00:00:15
[INFO] [stdout] # Fork: 1 of 3
[INFO] [stdout] # Preparing profilers: LinuxPerfNormProfiler 
[INFO] [stdout] # Profilers consume stderr from target VM, use -v EXTRA to copy to console
[INFO] [stdout] # Warmup Iteration   1: 6939.059 ms/op
[INFO] [stdout] # Warmup Iteration   2: 6687.593 ms/op
[INFO] [stdout] Iteration   1: 6606.426 ms/op
[INFO] [stdout]                  gc.alloc.rate:      56.007 MB/sec
[INFO] [stdout]                  gc.alloc.rate.norm: 387990960.000 B/op
[INFO] [stdout]                  gc.count:           3.000 counts
[INFO] [stdout]                  gc.time:            6.000 ms
[INFO] [stdout] 
[INFO] [stdout] Iteration   2: 6582.710 ms/op
[INFO] [stdout]                  gc.alloc.rate:      56.210 MB/sec
[INFO] [stdout]                  gc.alloc.rate.norm: 387998712.000 B/op
[INFO] [stdout]                  gc.count:           6.000 counts
[INFO] [stdout]                  gc.time:            9.000 ms
[INFO] [stdout] 
[INFO] [stdout] Iteration   3: 6620.175 ms/op
[INFO] [stdout]                  gc.alloc.rate:      55.891 MB/sec
[INFO] [stdout]                  gc.alloc.rate.norm: 387990728.000 B/op
[INFO] [stdout]                  gc.count:           6.000 counts
[INFO] [stdout]                  gc.time:            8.000 ms
[INFO] [stdout] 
[INFO] [stdout] # Processing profiler results: LinuxPerfNormProfiler 
[INFO] [stdout] 
[INFO] [stdout] # Run progress: 33.33% complete, ETA 00:01:07
[INFO] [stdout] # Fork: 2 of 3
[INFO] [stdout] # Preparing profilers: LinuxPerfNormProfiler 
[INFO] [stdout] # Profilers consume stderr from target VM, use -v EXTRA to copy to console
[INFO] [stdout] # Warmup Iteration   1: 6889.126 ms/op
[INFO] [stdout] # Warmup Iteration   2: 6822.192 ms/op
[INFO] [stdout] Iteration   1: 6761.716 ms/op
[INFO] [stdout]                  gc.alloc.rate:      84.155 MB/sec
[INFO] [stdout]                  gc.alloc.rate.norm: 596684096.000 B/op
[INFO] [stdout]                  gc.count:           6.000 counts
[INFO] [stdout]                  gc.time:            10.000 ms
[INFO] [stdout] 
[INFO] [stdout] Iteration   2: 6738.784 ms/op
[INFO] [stdout]                  gc.alloc.rate:      84.407 MB/sec
[INFO] [stdout]                  gc.alloc.rate.norm: 596442096.000 B/op
[INFO] [stdout]                  gc.count:           5.000 counts
[INFO] [stdout]                  gc.time:            9.000 ms
[INFO] [stdout] 
[INFO] [stdout] Iteration   3: 6735.728 ms/op
[INFO] [stdout]                  gc.alloc.rate:      84.444 MB/sec
[INFO] [stdout]                  gc.alloc.rate.norm: 596434416.000 B/op
[INFO] [stdout]                  gc.count:           6.000 counts
[INFO] [stdout]                  gc.time:            9.000 ms
[INFO] [stdout] 
[INFO] [stdout] # Processing profiler results: LinuxPerfNormProfiler 
[INFO] [stdout] 
[INFO] [stdout] # Run progress: 66.67% complete, ETA 00:00:34
[INFO] [stdout] # Fork: 3 of 3
[INFO] [stdout] # Preparing profilers: LinuxPerfNormProfiler 
[INFO] [stdout] # Profilers consume stderr from target VM, use -v EXTRA to copy to console
[INFO] [stdout] # Warmup Iteration   1: 6974.282 ms/op
[INFO] [stdout] # Warmup Iteration   2: 6664.665 ms/op
[INFO] [stdout] Iteration   1: 6620.974 ms/op
[INFO] [stdout]                  gc.alloc.rate:      55.578 MB/sec
[INFO] [stdout]                  gc.alloc.rate.norm: 385867360.000 B/op
[INFO] [stdout]                  gc.count:           5.000 counts
[INFO] [stdout]                  gc.time:            8.000 ms
[INFO] [stdout] 
[INFO] [stdout] Iteration   2: 6571.353 ms/op
[INFO] [stdout]                  gc.alloc.rate:      55.980 MB/sec
[INFO] [stdout]                  gc.alloc.rate.norm: 385745264.000 B/op
[INFO] [stdout]                  gc.count:           6.000 counts
[INFO] [stdout]                  gc.time:            8.000 ms
[INFO] [stdout] 
[INFO] [stdout] Iteration   3: 6646.456 ms/op
[INFO] [stdout]                  gc.alloc.rate:      55.347 MB/sec
[INFO] [stdout]                  gc.alloc.rate.norm: 385737240.000 B/op
[INFO] [stdout]                  gc.count:           3.000 counts
[INFO] [stdout]                  gc.time:            7.000 ms
[INFO] [stdout] 
[INFO] [stdout] # Processing profiler results: LinuxPerfNormProfiler 
[INFO] [stdout] 
[INFO] [stdout] 
[INFO] [stdout] Result "org.weakref.nitro.clickbench.BenchmarkQueries.query22":
[INFO] [stdout]   6653.813 ±(99.9%) 121.669 ms/op [Average]
[INFO] [stdout]   (min, avg, max) = (6571.353, 6653.813, 6761.716), stdev = 72.403
[INFO] [stdout]   CI (99.9%): [6532.144, 6775.483] (assumes normal distribution)
[INFO] [stdout] 
[INFO] [stdout] Secondary result "org.weakref.nitro.clickbench.BenchmarkQueries.query22:CPI":
[INFO] [stdout]   0.357 ±(99.9%) 0.136 clks/insn [Average]
[INFO] [stdout]   (min, avg, max) = (0.348, 0.357, 0.362), stdev = 0.007
[INFO] [stdout]   CI (99.9%): [0.221, 0.493] (assumes normal distribution)
[INFO] [stdout] 
[INFO] [stdout] Secondary result "org.weakref.nitro.clickbench.BenchmarkQueries.query22:IPC":
[INFO] [stdout]   2.802 ±(99.9%) 1.084 insns/clk [Average]
[INFO] [stdout]   (min, avg, max) = (2.764, 2.802, 2.871), stdev = 0.059
[INFO] [stdout]   CI (99.9%): [1.718, 3.886] (assumes normal distribution)
[INFO] [stdout] 
[INFO] [stdout] Secondary result "org.weakref.nitro.clickbench.BenchmarkQueries.query22:L1-dcache-load-misses":
[INFO] [stdout]   952687512.177 ±(99.9%) 112015498.976 #/op [Average]
[INFO] [stdout]   (min, avg, max) = (947741652.229, 952687512.177, 959559624.696), stdev = 6139947.478
[INFO] [stdout]   CI (99.9%): [840672013.200, 1064703011.153] (assumes normal distribution)
[INFO] [stdout] 
[INFO] [stdout] Secondary result "org.weakref.nitro.clickbench.BenchmarkQueries.query22:L1-dcache-loads":
[INFO] [stdout]   45725234198.669 ±(99.9%) 36206364477.003 #/op [Average]
[INFO] [stdout]   (min, avg, max) = (44524396140.986, 45725234198.669, 48015949173.290), stdev = 1984593009.889
[INFO] [stdout]   CI (99.9%): [9518869721.666, 81931598675.673] (assumes normal distribution)
[INFO] [stdout] 
[INFO] [stdout] Secondary result "org.weakref.nitro.clickbench.BenchmarkQueries.query22:L1-icache-load-misses":
[INFO] [stdout]   16691982.356 ±(99.9%) 27379945.608 #/op [Average]
[INFO] [stdout]   (min, avg, max) = (15673345.014, 16691982.356, 18415445.054), stdev = 1500787.208
[INFO] [stdout]   CI (99.9%): [≈ 0, 44071927.965] (assumes normal distribution)
[INFO] [stdout] 
[INFO] [stdout] Secondary result "org.weakref.nitro.clickbench.BenchmarkQueries.query22:L1-icache-loads":
[INFO] [stdout]   223703386.576 ±(99.9%) 222421108.644 #/op [Average]
[INFO] [stdout]   (min, avg, max) = (216529936.232, 223703386.576, 237780229.655), stdev = 12191651.491
[INFO] [stdout]   CI (99.9%): [1282277.931, 446124495.220] (assumes normal distribution)
[INFO] [stdout] 
[INFO] [stdout] Secondary result "org.weakref.nitro.clickbench.BenchmarkQueries.query22:branch-misses":
[INFO] [stdout]   388280349.916 ±(99.9%) 11940342.837 #/op [Average]
[INFO] [stdout]   (min, avg, max) = (387725650.583, 388280349.916, 389002209.738), stdev = 654490.482
[INFO] [stdout]   CI (99.9%): [376340007.079, 400220692.753] (assumes normal distribution)
[INFO] [stdout] 
[INFO] [stdout] Secondary result "org.weakref.nitro.clickbench.BenchmarkQueries.query22:branches":
[INFO] [stdout]   21167195708.739 ±(99.9%) 13875322627.856 #/op [Average]
[INFO] [stdout]   (min, avg, max) = (20702749497.502, 21167195708.739, 22044909742.974), stdev = 760553253.412
[INFO] [stdout]   CI (99.9%): [7291873080.883, 35042518336.594] (assumes normal distribution)
[INFO] [stdout] 
[INFO] [stdout] Secondary result "org.weakref.nitro.clickbench.BenchmarkQueries.query22:cycles":
[INFO] [stdout]   35279589750.923 ±(99.9%) 7177300341.654 #/op [Average]
[INFO] [stdout]   (min, avg, max) = (35005232574.580, 35279589750.923, 35730327179.306), stdev = 393412050.441
[INFO] [stdout]   CI (99.9%): [28102289409.269, 42456890092.578] (assumes normal distribution)
[INFO] [stdout] 
[INFO] [stdout] Secondary result "org.weakref.nitro.clickbench.BenchmarkQueries.query22:dTLB-load-misses":
[INFO] [stdout]   1184199.738 ±(99.9%) 267214.310 #/op [Average]
[INFO] [stdout]   (min, avg, max) = (1167505.242, 1184199.738, 1194892.737), stdev = 14646.918
[INFO] [stdout]   CI (99.9%): [916985.428, 1451414.048] (assumes normal distribution)
[INFO] [stdout] 
[INFO] [stdout] Secondary result "org.weakref.nitro.clickbench.BenchmarkQueries.query22:dTLB-loads":
[INFO] [stdout]   13913871.106 ±(99.9%) 8521443.016 #/op [Average]
[INFO] [stdout]   (min, avg, max) = (13468803.295, 13913871.106, 14400238.595), stdev = 467089.046
[INFO] [stdout]   CI (99.9%): [5392428.090, 22435314.122] (assumes normal distribution)
[INFO] [stdout] 
[INFO] [stdout] Secondary result "org.weakref.nitro.clickbench.BenchmarkQueries.query22:gc.alloc.rate":
[INFO] [stdout]   65.336 ±(99.9%) 23.950 MB/sec [Average]
[INFO] [stdout]   (min, avg, max) = (55.347, 65.336, 84.444), stdev = 14.252
[INFO] [stdout]   CI (99.9%): [41.386, 89.285] (assumes normal distribution)
[INFO] [stdout] 
[INFO] [stdout] Secondary result "org.weakref.nitro.clickbench.BenchmarkQueries.query22:gc.alloc.rate.norm":
[INFO] [stdout]   456765652.444 ±(99.9%) 176143736.393 B/op [Average]
[INFO] [stdout]   (min, avg, max) = (385737240.000, 456765652.444, 596684096.000), stdev = 104820312.152
[INFO] [stdout]   CI (99.9%): [280621916.052, 632909388.837] (assumes normal distribution)
[INFO] [stdout] 
[INFO] [stdout] Secondary result "org.weakref.nitro.clickbench.BenchmarkQueries.query22:gc.count":
[INFO] [stdout]   46.000 ±(99.9%) 0.001 counts [Sum]
[INFO] [stdout]   (min, avg, max) = (3.000, 5.111, 6.000), stdev = 1.269
[INFO] [stdout]   CI (99.9%): [46.000, 46.000] (assumes normal distribution)
[INFO] [stdout] 
[INFO] [stdout] Secondary result "org.weakref.nitro.clickbench.BenchmarkQueries.query22:gc.time":
[INFO] [stdout]   74.000 ±(99.9%) 0.001 ms [Sum]
[INFO] [stdout]   (min, avg, max) = (6.000, 8.222, 10.000), stdev = 1.202
[INFO] [stdout]   CI (99.9%): [74.000, 74.000] (assumes normal distribution)
[INFO] [stdout] 
[INFO] [stdout] Secondary result "org.weakref.nitro.clickbench.BenchmarkQueries.query22:iTLB-load-misses":
[INFO] [stdout]   37382.064 ±(99.9%) 73796.427 #/op [Average]
[INFO] [stdout]   (min, avg, max) = (34394.979, 37382.064, 41985.312), stdev = 4045.031
[INFO] [stdout]   CI (99.9%): [≈ 0, 111178.491] (assumes normal distribution)
[INFO] [stdout] 
[INFO] [stdout] Secondary result "org.weakref.nitro.clickbench.BenchmarkQueries.query22:iTLB-loads":
[INFO] [stdout]   2027769.844 ±(99.9%) 11886142.948 #/op [Average]
[INFO] [stdout]   (min, avg, max) = (1498568.825, 2027769.844, 2755444.326), stdev = 651519.603
[INFO] [stdout]   CI (99.9%): [≈ 0, 13913912.792] (assumes normal distribution)
[INFO] [stdout] 
[INFO] [stdout] Secondary result "org.weakref.nitro.clickbench.BenchmarkQueries.query22:instructions":
[INFO] [stdout]   98877468197.212 ±(99.9%) 58352205205.806 #/op [Average]
[INFO] [stdout]   (min, avg, max) = (97026670415.042, 98877468197.212, 102570753122.631), stdev = 3198481268.028
[INFO] [stdout]   CI (99.9%): [40525262991.406, 157229673403.019] (assumes normal distribution)
[INFO] [stdout] 
[INFO] [stdout] Secondary result "org.weakref.nitro.clickbench.BenchmarkQueries.query22:stalled-cycles-frontend":
[INFO] [stdout]   11226440951.205 ±(99.9%) 4131827468.243 #/op [Average]
[INFO] [stdout]   (min, avg, max) = (10966164731.755, 11226440951.205, 11378604919.047), stdev = 226479405.762
[INFO] [stdout]   CI (99.9%): [7094613482.962, 15358268419.448] (assumes normal distribution)
[INFO] [stdout] 
[INFO] [stdout] 
[INFO] [stdout] # Run complete. Total time: 00:01:41
[INFO] [stdout] 
[INFO] [stdout] REMEMBER: The numbers below are just data. To gain reusable insights, you need to follow up on
[INFO] [stdout] why the numbers are the way they are. Use profilers (see -prof, -lprof), design factorial
[INFO] [stdout] experiments, perform baseline and negative tests that provide experimental control, make sure
[INFO] [stdout] the benchmarking environment is safe on JVM/OS/HW level, ask for reviews from the domain experts.
[INFO] [stdout] Do not assume the numbers tell you what you want them to tell.
[INFO] [stdout] 
[INFO] [stdout] NOTE: Current JVM experimentally supports Compiler Blackholes, and they are in use. Please exercise
[INFO] [stdout] extra caution when trusting the results, look into the generated code to check the benchmark still
[INFO] [stdout] works, and factor in a small probability of new VM bugs. Additionally, while comparisons between
[INFO] [stdout] different JVMs are already problematic, the performance difference caused by different Blackhole
[INFO] [stdout] modes can be very significant. Please make sure you use the consistent Blackhole mode for comparisons.
[INFO] [stdout] 
[INFO] [stdout] Benchmark                                         Mode  Cnt            Score             Error      Units
[INFO] [stdout] BenchmarkQueries.query22                          avgt    9         6653.813 ±         121.669      ms/op
[INFO] [stdout] BenchmarkQueries.query22:CPI                      avgt    3            0.357 ±           0.136  clks/insn
[INFO] [stdout] BenchmarkQueries.query22:IPC                      avgt    3            2.802 ±           1.084  insns/clk
[INFO] [stdout] BenchmarkQueries.query22:L1-dcache-load-misses    avgt    3    952687512.177 ±   112015498.976       #/op
[INFO] [stdout] BenchmarkQueries.query22:L1-dcache-loads          avgt    3  45725234198.669 ± 36206364477.003       #/op
[INFO] [stdout] BenchmarkQueries.query22:L1-icache-load-misses    avgt    3     16691982.356 ±    27379945.608       #/op
[INFO] [stdout] BenchmarkQueries.query22:L1-icache-loads          avgt    3    223703386.576 ±   222421108.644       #/op
[INFO] [stdout] BenchmarkQueries.query22:branch-misses            avgt    3    388280349.916 ±    11940342.837       #/op
[INFO] [stdout] BenchmarkQueries.query22:branches                 avgt    3  21167195708.739 ± 13875322627.856       #/op
[INFO] [stdout] BenchmarkQueries.query22:cycles                   avgt    3  35279589750.923 ±  7177300341.654       #/op
[INFO] [stdout] BenchmarkQueries.query22:dTLB-load-misses         avgt    3      1184199.738 ±      267214.310       #/op
[INFO] [stdout] BenchmarkQueries.query22:dTLB-loads               avgt    3     13913871.106 ±     8521443.016       #/op
[INFO] [stdout] BenchmarkQueries.query22:gc.alloc.rate            avgt    9           65.336 ±          23.950     MB/sec
[INFO] [stdout] BenchmarkQueries.query22:gc.alloc.rate.norm       avgt    9    456765652.444 ±   176143736.393       B/op
[INFO] [stdout] BenchmarkQueries.query22:gc.count                 avgt    9           46.000                       counts
[INFO] [stdout] BenchmarkQueries.query22:gc.time                  avgt    9           74.000                           ms
[INFO] [stdout] BenchmarkQueries.query22:iTLB-load-misses         avgt    3        37382.064 ±       73796.427       #/op
[INFO] [stdout] BenchmarkQueries.query22:iTLB-loads               avgt    3      2027769.844 ±    11886142.948       #/op
[INFO] [stdout] BenchmarkQueries.query22:instructions             avgt    3  98877468197.212 ± 58352205205.806       #/op
[INFO] [stdout] BenchmarkQueries.query22:stalled-cycles-frontend  avgt    3  11226440951.205 ±  4131827468.243       #/op
[INFO] [stdout] 
[INFO] [stdout] Benchmark result is saved to benchmarks/sweeps/20260718-targeted/nitro-clickbench-q22-shared-dense-false-off-final-3fork.json
[INFO] ------------------------------------------------------------------------
[INFO] BUILD SUCCESS
[INFO] ------------------------------------------------------------------------
[INFO] Total time:  01:42 min (Wall Clock)
[INFO] Finished at: 2026-07-18T08:25:50Z
[INFO] ------------------------------------------------------------------------
[INFO] Njord session closed
