Jul 18, 2026 2:43:01 PM org.jline.utils.Log logr
WARNING: Unable to create a system terminal, creating a dumb terminal (enable debug logging for more information)
[main] WARNING org.jline - Unable to create a system terminal, creating a dumb terminal (enable debug logging for more information)
[INFO] Processing build on daemon e20effc9
[INFO] Scanning for projects...
[INFO] Njord 0.9.4 session created
[INFO] BuildTimeEventSpy is registered.
[INFO] 
[INFO] Using the SmartBuilder implementation with a thread count of 7
[INFO] 
[INFO] -------------------------< org.weakref:nitro >--------------------------
[INFO] Building nitro 1-SNAPSHOT
[INFO]   from pom.xml
[INFO] --------------------------------[ jar ]---------------------------------
[WARNING] 2 problems were encountered while building the effective model for org.apache.yetus:audience-annotations:jar:0.5.0 during dependency collection step for project (use -X to see details)
[INFO] 
[INFO] --- exec:3.6.1:exec (benchmark) @ nitro ---
[WARNING] [stderr] WARNING: Using incubator modules: jdk.incubator.vector
[WARNING] [stderr] WARNING: A terminally deprecated method in sun.misc.Unsafe has been called
[WARNING] [stderr] WARNING: sun.misc.Unsafe::objectFieldOffset has been called by org.openjdk.jmh.util.Utils (file:/root/.m2/repository/org/openjdk/jmh/jmh-core/1.37/jmh-core-1.37.jar)
[WARNING] [stderr] WARNING: Please consider reporting this to the maintainers of class org.openjdk.jmh.util.Utils
[WARNING] [stderr] WARNING: sun.misc.Unsafe::objectFieldOffset will be removed in a future release
[INFO] [stdout] # JMH version: 1.37
[INFO] [stdout] # VM version: JDK 26.0.1, OpenJDK 64-Bit Server VM, 26.0.1+8
[INFO] [stdout] # VM invoker: /opt/java/openjdk/bin/java
[INFO] [stdout] # VM options: --enable-preview --add-modules=jdk.incubator.vector -Dnitro.clickbench.hits.path= -Xmx12g -XX:+UseTransparentHugePages -Dnitro.tpcds.parquet.path=/root/data/tpcds-parquet-sf10 -Dnitro.tpcds.parquet.schema=sf10 -Dnitro.parquet.reuseVersionedDictionaryPredicates=false
[INFO] [stdout] # Blackhole mode: compiler (auto-detected, use -Djmh.blackhole.autoDetect=false to disable)
[INFO] [stdout] # Warmup: 1 iterations, 1 s each
[INFO] [stdout] # Measurement: 2 iterations, 1 s each
[INFO] [stdout] # Timeout: 30 min per iteration
[INFO] [stdout] # Threads: 1 thread, will synchronize iterations
[INFO] [stdout] # Benchmark mode: Average time, time/op
[INFO] [stdout] # Benchmark: org.weakref.nitro.tpcds.BenchmarkQueries.query20
[INFO] [stdout] 
[INFO] [stdout] # Run progress: 0.00% complete, ETA 00:00:09
[INFO] [stdout] # Fork: 1 of 1
[INFO] [stdout] # Preparing profilers: LinuxPerfNormProfiler 
[INFO] [stdout] # Profilers consume stderr from target VM, use -v EXTRA to copy to console
[INFO] [stdout] # Warmup Iteration   1: 168.504 ms/op
[INFO] [stdout] Iteration   1: 57.476 ms/op
[INFO] [stdout]                  gc.alloc.rate:      1012.709 MB/sec
[INFO] [stdout]                  gc.alloc.rate.norm: 61043437.333 B/op
[INFO] [stdout]                  gc.count:           3.000 counts
[INFO] [stdout]                  gc.time:            5.000 ms
[INFO] [stdout] 
[INFO] [stdout] Iteration   2: 53.210 ms/op
[INFO] [stdout]                  gc.alloc.rate:      1081.173 MB/sec
[INFO] [stdout]                  gc.alloc.rate.norm: 60332237.053 B/op
[INFO] [stdout]                  gc.count:           3.000 counts
[INFO] [stdout]                  gc.time:            3.000 ms
[INFO] [stdout] 
[INFO] [stdout] # Processing profiler results: LinuxPerfNormProfiler 
[INFO] [stdout] 
[INFO] [stdout] 
[INFO] [stdout] Result "org.weakref.nitro.tpcds.BenchmarkQueries.query20":
[INFO] [stdout]   55.343 ms/op
[INFO] [stdout] 
[INFO] [stdout] Secondary result "org.weakref.nitro.tpcds.BenchmarkQueries.query20:CPI":
[INFO] [stdout]   0.353 clks/insn
[INFO] [stdout] 
[INFO] [stdout] Secondary result "org.weakref.nitro.tpcds.BenchmarkQueries.query20:IPC":
[INFO] [stdout]   2.831 insns/clk
[INFO] [stdout] 
[INFO] [stdout] Secondary result "org.weakref.nitro.tpcds.BenchmarkQueries.query20:L1-dcache-load-misses":
[INFO] [stdout]   20171333.323 #/op
[INFO] [stdout] 
[INFO] [stdout] Secondary result "org.weakref.nitro.tpcds.BenchmarkQueries.query20:L1-dcache-loads":
[INFO] [stdout]   860515231.039 #/op
[INFO] [stdout] 
[INFO] [stdout] Secondary result "org.weakref.nitro.tpcds.BenchmarkQueries.query20:L1-icache-load-misses":
[INFO] [stdout]   1921809.733 #/op
[INFO] [stdout] 
[INFO] [stdout] Secondary result "org.weakref.nitro.tpcds.BenchmarkQueries.query20:L1-icache-loads":
[INFO] [stdout]   20084464.185 #/op
[INFO] [stdout] 
[INFO] [stdout] Secondary result "org.weakref.nitro.tpcds.BenchmarkQueries.query20:branch-misses":
[INFO] [stdout]   5280877.879 #/op
[INFO] [stdout] 
[INFO] [stdout] Secondary result "org.weakref.nitro.tpcds.BenchmarkQueries.query20:branches":
[INFO] [stdout]   381887894.896 #/op
[INFO] [stdout] 
[INFO] [stdout] Secondary result "org.weakref.nitro.tpcds.BenchmarkQueries.query20:cycles":
[INFO] [stdout]   625261134.633 #/op
[INFO] [stdout] 
[INFO] [stdout] Secondary result "org.weakref.nitro.tpcds.BenchmarkQueries.query20:dTLB-load-misses":
[INFO] [stdout]   62728.073 #/op
[INFO] [stdout] 
[INFO] [stdout] Secondary result "org.weakref.nitro.tpcds.BenchmarkQueries.query20:dTLB-loads":
[INFO] [stdout]   2289052.504 #/op
[INFO] [stdout] 
[INFO] [stdout] Secondary result "org.weakref.nitro.tpcds.BenchmarkQueries.query20:gc.alloc.rate":
[INFO] [stdout]   1046.941 MB/sec
[INFO] [stdout] 
[INFO] [stdout] Secondary result "org.weakref.nitro.tpcds.BenchmarkQueries.query20:gc.alloc.rate.norm":
[INFO] [stdout]   60687837.193 B/op
[INFO] [stdout] 
[INFO] [stdout] Secondary result "org.weakref.nitro.tpcds.BenchmarkQueries.query20:gc.count":
[INFO] [stdout]   3.000 counts
[INFO] [stdout] 
[INFO] [stdout] Secondary result "org.weakref.nitro.tpcds.BenchmarkQueries.query20:gc.time":
[INFO] [stdout]   4.000 ms
[INFO] [stdout] 
[INFO] [stdout] Secondary result "org.weakref.nitro.tpcds.BenchmarkQueries.query20:iTLB-load-misses":
[INFO] [stdout]   13009.900 #/op
[INFO] [stdout] 
[INFO] [stdout] Secondary result "org.weakref.nitro.tpcds.BenchmarkQueries.query20:iTLB-loads":
[INFO] [stdout]   1253807.556 #/op
[INFO] [stdout] 
[INFO] [stdout] Secondary result "org.weakref.nitro.tpcds.BenchmarkQueries.query20:instructions":
[INFO] [stdout]   1770252482.484 #/op
[INFO] [stdout] 
[INFO] [stdout] Secondary result "org.weakref.nitro.tpcds.BenchmarkQueries.query20:stalled-cycles-frontend":
[INFO] [stdout]   174850097.984 #/op
[INFO] [stdout] 
[INFO] [stdout] 
[INFO] [stdout] # JMH version: 1.37
[INFO] [stdout] # VM version: JDK 26.0.1, OpenJDK 64-Bit Server VM, 26.0.1+8
[INFO] [stdout] # VM invoker: /opt/java/openjdk/bin/java
[INFO] [stdout] # VM options: --enable-preview --add-modules=jdk.incubator.vector -Dnitro.clickbench.hits.path= -Xmx12g -XX:+UseTransparentHugePages -Dnitro.tpcds.parquet.path=/root/data/tpcds-parquet-sf10 -Dnitro.tpcds.parquet.schema=sf10 -Dnitro.parquet.reuseVersionedDictionaryPredicates=false
[INFO] [stdout] # Blackhole mode: compiler (auto-detected, use -Djmh.blackhole.autoDetect=false to disable)
[INFO] [stdout] # Warmup: 1 iterations, 1 s each
[INFO] [stdout] # Measurement: 2 iterations, 1 s each
[INFO] [stdout] # Timeout: 30 min per iteration
[INFO] [stdout] # Threads: 1 thread, will synchronize iterations
[INFO] [stdout] # Benchmark mode: Average time, time/op
[INFO] [stdout] # Benchmark: org.weakref.nitro.tpcds.BenchmarkQueries.query47
[INFO] [stdout] 
[INFO] [stdout] # Run progress: 33.33% complete, ETA 00:00:06
[INFO] [stdout] # Fork: 1 of 1
[INFO] [stdout] # Preparing profilers: LinuxPerfNormProfiler 
[INFO] [stdout] # Profilers consume stderr from target VM, use -v EXTRA to copy to console
[INFO] [stdout] # Warmup Iteration   1: 4301.084 ms/op
[INFO] [stdout] Iteration   1: 3446.997 ms/op
[INFO] [stdout]                  gc.alloc.rate:      143.453 MB/sec
[INFO] [stdout]                  gc.alloc.rate.norm: 518528640.000 B/op
[INFO] [stdout]                  gc.count:           1.000 counts
[INFO] [stdout]                  gc.time:            10.000 ms
[INFO] [stdout] 
[INFO] [stdout] Iteration   2: 3356.512 ms/op
[INFO] [stdout]                  gc.alloc.rate:      147.850 MB/sec
[INFO] [stdout]                  gc.alloc.rate.norm: 520388216.000 B/op
[INFO] [stdout]                  gc.count:           1.000 counts
[INFO] [stdout]                  gc.time:            10.000 ms
[INFO] [stdout] 
[INFO] [stdout] # Processing profiler results: LinuxPerfNormProfiler 
[INFO] [stdout] 
[INFO] [stdout] 
[INFO] [stdout] Result "org.weakref.nitro.tpcds.BenchmarkQueries.query47":
[INFO] [stdout]   3401.754 ms/op
[INFO] [stdout] 
[INFO] [stdout] Secondary result "org.weakref.nitro.tpcds.BenchmarkQueries.query47:CPI":
[INFO] [stdout]   0.252 clks/insn
[INFO] [stdout] 
[INFO] [stdout] Secondary result "org.weakref.nitro.tpcds.BenchmarkQueries.query47:IPC":
[INFO] [stdout]   3.971 insns/clk
[INFO] [stdout] 
[INFO] [stdout] Secondary result "org.weakref.nitro.tpcds.BenchmarkQueries.query47:L1-dcache-load-misses":
[INFO] [stdout]   725042957.442 #/op
[INFO] [stdout] 
[INFO] [stdout] Secondary result "org.weakref.nitro.tpcds.BenchmarkQueries.query47:L1-dcache-loads":
[INFO] [stdout]   36466638913.229 #/op
[INFO] [stdout] 
[INFO] [stdout] Secondary result "org.weakref.nitro.tpcds.BenchmarkQueries.query47:L1-icache-load-misses":
[INFO] [stdout]   21253051.463 #/op
[INFO] [stdout] 
[INFO] [stdout] Secondary result "org.weakref.nitro.tpcds.BenchmarkQueries.query47:L1-icache-loads":
[INFO] [stdout]   237934339.750 #/op
[INFO] [stdout] 
[INFO] [stdout] Secondary result "org.weakref.nitro.tpcds.BenchmarkQueries.query47:branch-misses":
[INFO] [stdout]   94973109.158 #/op
[INFO] [stdout] 
[INFO] [stdout] Secondary result "org.weakref.nitro.tpcds.BenchmarkQueries.query47:branches":
[INFO] [stdout]   15578644948.834 #/op
[INFO] [stdout] 
[INFO] [stdout] Secondary result "org.weakref.nitro.tpcds.BenchmarkQueries.query47:cycles":
[INFO] [stdout]   20905332171.659 #/op
[INFO] [stdout] 
[INFO] [stdout] Secondary result "org.weakref.nitro.tpcds.BenchmarkQueries.query47:dTLB-load-misses":
[INFO] [stdout]   561169.311 #/op
[INFO] [stdout] 
[INFO] [stdout] Secondary result "org.weakref.nitro.tpcds.BenchmarkQueries.query47:dTLB-loads":
[INFO] [stdout]   19215996.887 #/op
[INFO] [stdout] 
[INFO] [stdout] Secondary result "org.weakref.nitro.tpcds.BenchmarkQueries.query47:gc.alloc.rate":
[INFO] [stdout]   145.652 MB/sec
[INFO] [stdout] 
[INFO] [stdout] Secondary result "org.weakref.nitro.tpcds.BenchmarkQueries.query47:gc.alloc.rate.norm":
[INFO] [stdout]   519458428.000 B/op
[INFO] [stdout] 
[INFO] [stdout] Secondary result "org.weakref.nitro.tpcds.BenchmarkQueries.query47:gc.count":
[INFO] [stdout]   1.000 counts
[INFO] [stdout] 
[INFO] [stdout] Secondary result "org.weakref.nitro.tpcds.BenchmarkQueries.query47:gc.time":
[INFO] [stdout]   10.000 ms
[INFO] [stdout] 
[INFO] [stdout] Secondary result "org.weakref.nitro.tpcds.BenchmarkQueries.query47:iTLB-load-misses":
[INFO] [stdout]   121341.914 #/op
[INFO] [stdout] 
[INFO] [stdout] Secondary result "org.weakref.nitro.tpcds.BenchmarkQueries.query47:iTLB-loads":
[INFO] [stdout]   19572116.921 #/op
[INFO] [stdout] 
[INFO] [stdout] Secondary result "org.weakref.nitro.tpcds.BenchmarkQueries.query47:instructions":
[INFO] [stdout]   83017533296.236 #/op
[INFO] [stdout] 
[INFO] [stdout] Secondary result "org.weakref.nitro.tpcds.BenchmarkQueries.query47:stalled-cycles-frontend":
[INFO] [stdout]   2568300720.424 #/op
[INFO] [stdout] 
[INFO] [stdout] 
[INFO] [stdout] # JMH version: 1.37
[INFO] [stdout] # VM version: JDK 26.0.1, OpenJDK 64-Bit Server VM, 26.0.1+8
[INFO] [stdout] # VM invoker: /opt/java/openjdk/bin/java
[INFO] [stdout] # VM options: --enable-preview --add-modules=jdk.incubator.vector -Dnitro.clickbench.hits.path= -Xmx12g -XX:+UseTransparentHugePages -Dnitro.tpcds.parquet.path=/root/data/tpcds-parquet-sf10 -Dnitro.tpcds.parquet.schema=sf10 -Dnitro.parquet.reuseVersionedDictionaryPredicates=false
[INFO] [stdout] # Blackhole mode: compiler (auto-detected, use -Djmh.blackhole.autoDetect=false to disable)
[INFO] [stdout] # Warmup: 1 iterations, 1 s each
[INFO] [stdout] # Measurement: 2 iterations, 1 s each
[INFO] [stdout] # Timeout: 30 min per iteration
[INFO] [stdout] # Threads: 1 thread, will synchronize iterations
[INFO] [stdout] # Benchmark mode: Average time, time/op
[INFO] [stdout] # Benchmark: org.weakref.nitro.tpcds.BenchmarkQueries.query50
[INFO] [stdout] 
[INFO] [stdout] # Run progress: 66.67% complete, ETA 00:00:07
[INFO] [stdout] # Fork: 1 of 1
[INFO] [stdout] # Preparing profilers: LinuxPerfNormProfiler 
[INFO] [stdout] # Profilers consume stderr from target VM, use -v EXTRA to copy to console
[INFO] [stdout] # Warmup Iteration   1: 2164.757 ms/op
[INFO] [stdout] Iteration   1: 1183.710 ms/op
[INFO] [stdout]                  gc.alloc.rate:      161.597 MB/sec
[INFO] [stdout]                  gc.alloc.rate.norm: 200599672.000 B/op
[INFO] [stdout]                  gc.count:           1.000 counts
[INFO] [stdout]                  gc.time:            3.000 ms
[INFO] [stdout] 
[INFO] [stdout] Iteration   2: 1153.312 ms/op
[INFO] [stdout]                  gc.alloc.rate:      160.944 MB/sec
[INFO] [stdout]                  gc.alloc.rate.norm: 194657336.000 B/op
[INFO] [stdout]                  gc.count:           ≈ 0 counts
[INFO] [stdout] 
[INFO] [stdout] # Processing profiler results: LinuxPerfNormProfiler 
[INFO] [stdout] 
[INFO] [stdout] 
[INFO] [stdout] Result "org.weakref.nitro.tpcds.BenchmarkQueries.query50":
[INFO] [stdout]   1168.511 ms/op
[INFO] [stdout] 
[INFO] [stdout] Secondary result "org.weakref.nitro.tpcds.BenchmarkQueries.query50:CPI":
[INFO] [stdout]   0.350 clks/insn
[INFO] [stdout] 
[INFO] [stdout] Secondary result "org.weakref.nitro.tpcds.BenchmarkQueries.query50:IPC":
[INFO] [stdout]   2.858 insns/clk
[INFO] [stdout] 
[INFO] [stdout] Secondary result "org.weakref.nitro.tpcds.BenchmarkQueries.query50:L1-dcache-load-misses":
[INFO] [stdout]   331713478.940 #/op
[INFO] [stdout] 
[INFO] [stdout] Secondary result "org.weakref.nitro.tpcds.BenchmarkQueries.query50:L1-dcache-loads":
[INFO] [stdout]   11055219582.297 #/op
[INFO] [stdout] 
[INFO] [stdout] Secondary result "org.weakref.nitro.tpcds.BenchmarkQueries.query50:L1-icache-load-misses":
[INFO] [stdout]   18377643.025 #/op
[INFO] [stdout] 
[INFO] [stdout] Secondary result "org.weakref.nitro.tpcds.BenchmarkQueries.query50:L1-icache-loads":
[INFO] [stdout]   209494425.355 #/op
[INFO] [stdout] 
[INFO] [stdout] Secondary result "org.weakref.nitro.tpcds.BenchmarkQueries.query50:branch-misses":
[INFO] [stdout]   55010260.971 #/op
[INFO] [stdout] 
[INFO] [stdout] Secondary result "org.weakref.nitro.tpcds.BenchmarkQueries.query50:branches":
[INFO] [stdout]   4632209687.213 #/op
[INFO] [stdout] 
[INFO] [stdout] Secondary result "org.weakref.nitro.tpcds.BenchmarkQueries.query50:cycles":
[INFO] [stdout]   8481061685.300 #/op
[INFO] [stdout] 
[INFO] [stdout] Secondary result "org.weakref.nitro.tpcds.BenchmarkQueries.query50:dTLB-load-misses":
[INFO] [stdout]   326423.048 #/op
[INFO] [stdout] 
[INFO] [stdout] Secondary result "org.weakref.nitro.tpcds.BenchmarkQueries.query50:dTLB-loads":
[INFO] [stdout]   16093261.482 #/op
[INFO] [stdout] 
[INFO] [stdout] Secondary result "org.weakref.nitro.tpcds.BenchmarkQueries.query50:gc.alloc.rate":
[INFO] [stdout]   161.271 MB/sec
[INFO] [stdout] 
[INFO] [stdout] Secondary result "org.weakref.nitro.tpcds.BenchmarkQueries.query50:gc.alloc.rate.norm":
[INFO] [stdout]   197628504.000 B/op
[INFO] [stdout] 
[INFO] [stdout] Secondary result "org.weakref.nitro.tpcds.BenchmarkQueries.query50:gc.count":
[INFO] [stdout]   0.500 counts
[INFO] [stdout] 
[INFO] [stdout] Secondary result "org.weakref.nitro.tpcds.BenchmarkQueries.query50:gc.time":
[INFO] [stdout]   1.500 ms
[INFO] [stdout] 
[INFO] [stdout] Secondary result "org.weakref.nitro.tpcds.BenchmarkQueries.query50:iTLB-load-misses":
[INFO] [stdout]   97857.901 #/op
[INFO] [stdout] 
[INFO] [stdout] Secondary result "org.weakref.nitro.tpcds.BenchmarkQueries.query50:iTLB-loads":
[INFO] [stdout]   11138763.943 #/op
[INFO] [stdout] 
[INFO] [stdout] Secondary result "org.weakref.nitro.tpcds.BenchmarkQueries.query50:instructions":
[INFO] [stdout]   24240242385.826 #/op
[INFO] [stdout] 
[INFO] [stdout] Secondary result "org.weakref.nitro.tpcds.BenchmarkQueries.query50:stalled-cycles-frontend":
[INFO] [stdout]   1590467452.105 #/op
[INFO] [stdout] 
[INFO] [stdout] 
[INFO] [stdout] # Run complete. Total time: 00:00:19
[INFO] [stdout] 
[INFO] [stdout] REMEMBER: The numbers below are just data. To gain reusable insights, you need to follow up on
[INFO] [stdout] why the numbers are the way they are. Use profilers (see -prof, -lprof), design factorial
[INFO] [stdout] experiments, perform baseline and negative tests that provide experimental control, make sure
[INFO] [stdout] the benchmarking environment is safe on JVM/OS/HW level, ask for reviews from the domain experts.
[INFO] [stdout] Do not assume the numbers tell you what you want them to tell.
[INFO] [stdout] 
[INFO] [stdout] NOTE: Current JVM experimentally supports Compiler Blackholes, and they are in use. Please exercise
[INFO] [stdout] extra caution when trusting the results, look into the generated code to check the benchmark still
[INFO] [stdout] works, and factor in a small probability of new VM bugs. Additionally, while comparisons between
[INFO] [stdout] different JVMs are already problematic, the performance difference caused by different Blackhole
[INFO] [stdout] modes can be very significant. Please make sure you use the consistent Blackhole mode for comparisons.
[INFO] [stdout] 
[INFO] [stdout] Benchmark                                         Mode  Cnt            Score   Error      Units
[INFO] [stdout] BenchmarkQueries.query20                          avgt    2           55.343              ms/op
[INFO] [stdout] BenchmarkQueries.query20:CPI                      avgt                 0.353          clks/insn
[INFO] [stdout] BenchmarkQueries.query20:IPC                      avgt                 2.831          insns/clk
[INFO] [stdout] BenchmarkQueries.query20:L1-dcache-load-misses    avgt          20171333.323               #/op
[INFO] [stdout] BenchmarkQueries.query20:L1-dcache-loads          avgt         860515231.039               #/op
[INFO] [stdout] BenchmarkQueries.query20:L1-icache-load-misses    avgt           1921809.733               #/op
[INFO] [stdout] BenchmarkQueries.query20:L1-icache-loads          avgt          20084464.185               #/op
[INFO] [stdout] BenchmarkQueries.query20:branch-misses            avgt           5280877.879               #/op
[INFO] [stdout] BenchmarkQueries.query20:branches                 avgt         381887894.896               #/op
[INFO] [stdout] BenchmarkQueries.query20:cycles                   avgt         625261134.633               #/op
[INFO] [stdout] BenchmarkQueries.query20:dTLB-load-misses         avgt             62728.073               #/op
[INFO] [stdout] BenchmarkQueries.query20:dTLB-loads               avgt           2289052.504               #/op
[INFO] [stdout] BenchmarkQueries.query20:gc.alloc.rate            avgt    2         1046.941             MB/sec
[INFO] [stdout] BenchmarkQueries.query20:gc.alloc.rate.norm       avgt    2     60687837.193               B/op
[INFO] [stdout] BenchmarkQueries.query20:gc.count                 avgt    2            6.000             counts
[INFO] [stdout] BenchmarkQueries.query20:gc.time                  avgt    2            8.000                 ms
[INFO] [stdout] BenchmarkQueries.query20:iTLB-load-misses         avgt             13009.900               #/op
[INFO] [stdout] BenchmarkQueries.query20:iTLB-loads               avgt           1253807.556               #/op
[INFO] [stdout] BenchmarkQueries.query20:instructions             avgt        1770252482.484               #/op
[INFO] [stdout] BenchmarkQueries.query20:stalled-cycles-frontend  avgt         174850097.984               #/op
[INFO] [stdout] BenchmarkQueries.query47                          avgt    2         3401.754              ms/op
[INFO] [stdout] BenchmarkQueries.query47:CPI                      avgt                 0.252          clks/insn
[INFO] [stdout] BenchmarkQueries.query47:IPC                      avgt                 3.971          insns/clk
[INFO] [stdout] BenchmarkQueries.query47:L1-dcache-load-misses    avgt         725042957.442               #/op
[INFO] [stdout] BenchmarkQueries.query47:L1-dcache-loads          avgt       36466638913.229               #/op
[INFO] [stdout] BenchmarkQueries.query47:L1-icache-load-misses    avgt          21253051.463               #/op
[INFO] [stdout] BenchmarkQueries.query47:L1-icache-loads          avgt         237934339.750               #/op
[INFO] [stdout] BenchmarkQueries.query47:branch-misses            avgt          94973109.158               #/op
[INFO] [stdout] BenchmarkQueries.query47:branches                 avgt       15578644948.834               #/op
[INFO] [stdout] BenchmarkQueries.query47:cycles                   avgt       20905332171.659               #/op
[INFO] [stdout] BenchmarkQueries.query47:dTLB-load-misses         avgt            561169.311               #/op
[INFO] [stdout] BenchmarkQueries.query47:dTLB-loads               avgt          19215996.887               #/op
[INFO] [stdout] BenchmarkQueries.query47:gc.alloc.rate            avgt    2          145.652             MB/sec
[INFO] [stdout] BenchmarkQueries.query47:gc.alloc.rate.norm       avgt    2    519458428.000               B/op
[INFO] [stdout] BenchmarkQueries.query47:gc.count                 avgt    2            2.000             counts
[INFO] [stdout] BenchmarkQueries.query47:gc.time                  avgt    2           20.000                 ms
[INFO] [stdout] BenchmarkQueries.query47:iTLB-load-misses         avgt            121341.914               #/op
[INFO] [stdout] BenchmarkQueries.query47:iTLB-loads               avgt          19572116.921               #/op
[INFO] [stdout] BenchmarkQueries.query47:instructions             avgt       83017533296.236               #/op
[INFO] [stdout] BenchmarkQueries.query47:stalled-cycles-frontend  avgt        2568300720.424               #/op
[INFO] [stdout] BenchmarkQueries.query50                          avgt    2         1168.511              ms/op
[INFO] [stdout] BenchmarkQueries.query50:CPI                      avgt                 0.350          clks/insn
[INFO] [stdout] BenchmarkQueries.query50:IPC                      avgt                 2.858          insns/clk
[INFO] [stdout] BenchmarkQueries.query50:L1-dcache-load-misses    avgt         331713478.940               #/op
[INFO] [stdout] BenchmarkQueries.query50:L1-dcache-loads          avgt       11055219582.297               #/op
[INFO] [stdout] BenchmarkQueries.query50:L1-icache-load-misses    avgt          18377643.025               #/op
[INFO] [stdout] BenchmarkQueries.query50:L1-icache-loads          avgt         209494425.355               #/op
[INFO] [stdout] BenchmarkQueries.query50:branch-misses            avgt          55010260.971               #/op
[INFO] [stdout] BenchmarkQueries.query50:branches                 avgt        4632209687.213               #/op
[INFO] [stdout] BenchmarkQueries.query50:cycles                   avgt        8481061685.300               #/op
[INFO] [stdout] BenchmarkQueries.query50:dTLB-load-misses         avgt            326423.048               #/op
[INFO] [stdout] BenchmarkQueries.query50:dTLB-loads               avgt          16093261.482               #/op
[INFO] [stdout] BenchmarkQueries.query50:gc.alloc.rate            avgt    2          161.271             MB/sec
[INFO] [stdout] BenchmarkQueries.query50:gc.alloc.rate.norm       avgt    2    197628504.000               B/op
[INFO] [stdout] BenchmarkQueries.query50:gc.count                 avgt    2            1.000             counts
[INFO] [stdout] BenchmarkQueries.query50:gc.time                  avgt    2            3.000                 ms
[INFO] [stdout] BenchmarkQueries.query50:iTLB-load-misses         avgt             97857.901               #/op
[INFO] [stdout] BenchmarkQueries.query50:iTLB-loads               avgt          11138763.943               #/op
[INFO] [stdout] BenchmarkQueries.query50:instructions             avgt       24240242385.826               #/op
[INFO] [stdout] BenchmarkQueries.query50:stalled-cycles-frontend  avgt        1590467452.105               #/op
[INFO] [stdout] 
[INFO] [stdout] Benchmark result is saved to benchmarks/sweeps/20260718-targeted/nitro-tpcds-versioned-dictionary-predicate-guards-off-b.json
[INFO] ------------------------------------------------------------------------
[INFO] BUILD SUCCESS
[INFO] ------------------------------------------------------------------------
[INFO] Total time:  20.483 s (Wall Clock)
[INFO] Finished at: 2026-07-18T14:43:21Z
[INFO] ------------------------------------------------------------------------
[INFO] Njord session closed
