[INFO] Processing build on daemon e20effc9
[INFO] Scanning for projects...
[INFO] Njord 0.9.4 session created
[INFO] BuildTimeEventSpy is registered.
[INFO] 
[INFO] Using the SmartBuilder implementation with a thread count of 7
[INFO] 
[INFO] -------------------------< org.weakref:nitro >--------------------------
[INFO] Building nitro 1-SNAPSHOT
[INFO]   from pom.xml
[INFO] --------------------------------[ jar ]---------------------------------
[WARNING] 2 problems were encountered while building the effective model for org.apache.yetus:audience-annotations:jar:0.5.0 during dependency collection step for project (use -X to see details)
[INFO] 
[INFO] --- exec:3.6.1:exec (benchmark) @ nitro ---
[WARNING] [stderr] WARNING: Using incubator modules: jdk.incubator.vector
[WARNING] [stderr] WARNING: A terminally deprecated method in sun.misc.Unsafe has been called
[WARNING] [stderr] WARNING: sun.misc.Unsafe::objectFieldOffset has been called by org.openjdk.jmh.util.Utils (file:/root/.m2/repository/org/openjdk/jmh/jmh-core/1.37/jmh-core-1.37.jar)
[WARNING] [stderr] WARNING: Please consider reporting this to the maintainers of class org.openjdk.jmh.util.Utils
[WARNING] [stderr] WARNING: sun.misc.Unsafe::objectFieldOffset will be removed in a future release
[INFO] [stdout] # JMH version: 1.37
[INFO] [stdout] # VM version: JDK 26.0.1, OpenJDK 64-Bit Server VM, 26.0.1+8
[INFO] [stdout] # VM invoker: /opt/java/openjdk/bin/java
[INFO] [stdout] # VM options: --enable-preview --add-modules=jdk.incubator.vector -Dnitro.clickbench.hits.path= -Xmx12g -XX:+UseTransparentHugePages -Dnitro.group.normalizedIntKey=true -Dnitro.tpch.parquet.path=/root/data/tpch-parquet-sf10 -Dnitro.tpch.parquet.schema=sf10
[INFO] [stdout] # Blackhole mode: compiler (auto-detected, use -Djmh.blackhole.autoDetect=false to disable)
[INFO] [stdout] # Warmup: 2 iterations, 1 s each
[INFO] [stdout] # Measurement: 3 iterations, 1 s each
[INFO] [stdout] # Timeout: 30 min per iteration
[INFO] [stdout] # Threads: 1 thread, will synchronize iterations
[INFO] [stdout] # Benchmark mode: Average time, time/op
[INFO] [stdout] # Benchmark: org.weakref.nitro.tpch.BenchmarkQueries.query07
[INFO] [stdout] 
[INFO] [stdout] # Run progress: 0.00% complete, ETA 00:00:05
[INFO] [stdout] # Fork: 1 of 1
[INFO] [stdout] # Preparing profilers: LinuxPerfNormProfiler 
[INFO] [stdout] # Profilers consume stderr from target VM, use -v EXTRA to copy to console
[INFO] [stdout] # Warmup Iteration   1: 3522.615 ms/op
[INFO] [stdout] # Warmup Iteration   2: 2589.962 ms/op
[INFO] [stdout] Iteration   1: 2538.315 ms/op
[INFO] [stdout]                  gc.alloc.rate:      570.619 MB/sec
[INFO] [stdout]                  gc.alloc.rate.norm: 1518845560.000 B/op
[INFO] [stdout]                  gc.count:           7.000 counts
[INFO] [stdout]                  gc.time:            19.000 ms
[INFO] [stdout] 
[INFO] [stdout] Iteration   2: 2558.624 ms/op
[INFO] [stdout]                  gc.alloc.rate:      565.854 MB/sec
[INFO] [stdout]                  gc.alloc.rate.norm: 1518219056.000 B/op
[INFO] [stdout]                  gc.count:           6.000 counts
[INFO] [stdout]                  gc.time:            17.000 ms
[INFO] [stdout] 
[INFO] [stdout] Iteration   3: 2524.211 ms/op
[INFO] [stdout]                  gc.alloc.rate:      573.564 MB/sec
[INFO] [stdout]                  gc.alloc.rate.norm: 1518200776.000 B/op
[INFO] [stdout]                  gc.count:           6.000 counts
[INFO] [stdout]                  gc.time:            17.000 ms
[INFO] [stdout] 
[INFO] [stdout] # Processing profiler results: LinuxPerfNormProfiler 
[INFO] [stdout] 
[INFO] [stdout] 
[INFO] [stdout] Result "org.weakref.nitro.tpch.BenchmarkQueries.query07":
[INFO] [stdout]   2540.383 ±(99.9%) 315.614 ms/op [Average]
[INFO] [stdout]   (min, avg, max) = (2524.211, 2540.383, 2558.624), stdev = 17.300
[INFO] [stdout]   CI (99.9%): [2224.770, 2855.997] (assumes normal distribution)
[INFO] [stdout] 
[INFO] [stdout] Secondary result "org.weakref.nitro.tpch.BenchmarkQueries.query07:CPI":
[INFO] [stdout]   0.293 clks/insn
[INFO] [stdout] 
[INFO] [stdout] Secondary result "org.weakref.nitro.tpch.BenchmarkQueries.query07:IPC":
[INFO] [stdout]   3.414 insns/clk
[INFO] [stdout] 
[INFO] [stdout] Secondary result "org.weakref.nitro.tpch.BenchmarkQueries.query07:L1-dcache-load-misses":
[INFO] [stdout]   575881534.102 #/op
[INFO] [stdout] 
[INFO] [stdout] Secondary result "org.weakref.nitro.tpch.BenchmarkQueries.query07:L1-dcache-loads":
[INFO] [stdout]   21970832921.642 #/op
[INFO] [stdout] 
[INFO] [stdout] Secondary result "org.weakref.nitro.tpch.BenchmarkQueries.query07:L1-icache-load-misses":
[INFO] [stdout]   16899473.263 #/op
[INFO] [stdout] 
[INFO] [stdout] Secondary result "org.weakref.nitro.tpch.BenchmarkQueries.query07:L1-icache-loads":
[INFO] [stdout]   193643809.733 #/op
[INFO] [stdout] 
[INFO] [stdout] Secondary result "org.weakref.nitro.tpch.BenchmarkQueries.query07:branch-misses":
[INFO] [stdout]   58325638.321 #/op
[INFO] [stdout] 
[INFO] [stdout] Secondary result "org.weakref.nitro.tpch.BenchmarkQueries.query07:branches":
[INFO] [stdout]   10083281489.255 #/op
[INFO] [stdout] 
[INFO] [stdout] Secondary result "org.weakref.nitro.tpch.BenchmarkQueries.query07:cycles":
[INFO] [stdout]   14113849480.071 #/op
[INFO] [stdout] 
[INFO] [stdout] Secondary result "org.weakref.nitro.tpch.BenchmarkQueries.query07:dTLB-load-misses":
[INFO] [stdout]   500421.411 #/op
[INFO] [stdout] 
[INFO] [stdout] Secondary result "org.weakref.nitro.tpch.BenchmarkQueries.query07:dTLB-loads":
[INFO] [stdout]   8733914.686 #/op
[INFO] [stdout] 
[INFO] [stdout] Secondary result "org.weakref.nitro.tpch.BenchmarkQueries.query07:gc.alloc.rate":
[INFO] [stdout]   570.012 ±(99.9%) 70.980 MB/sec [Average]
[INFO] [stdout]   (min, avg, max) = (565.854, 570.012, 573.564), stdev = 3.891
[INFO] [stdout]   CI (99.9%): [499.032, 640.993] (assumes normal distribution)
[INFO] [stdout] 
[INFO] [stdout] Secondary result "org.weakref.nitro.tpch.BenchmarkQueries.query07:gc.alloc.rate.norm":
[INFO] [stdout]   1518421797.333 ±(99.9%) 6697325.949 B/op [Average]
[INFO] [stdout]   (min, avg, max) = (1518200776.000, 1518421797.333, 1518845560.000), stdev = 367103.034
[INFO] [stdout]   CI (99.9%): [1511724471.384, 1525119123.282] (assumes normal distribution)
[INFO] [stdout] 
[INFO] [stdout] Secondary result "org.weakref.nitro.tpch.BenchmarkQueries.query07:gc.count":
[INFO] [stdout]   19.000 ±(99.9%) 0.001 counts [Sum]
[INFO] [stdout]   (min, avg, max) = (6.000, 6.333, 7.000), stdev = 0.577
[INFO] [stdout]   CI (99.9%): [19.000, 19.000] (assumes normal distribution)
[INFO] [stdout] 
[INFO] [stdout] Secondary result "org.weakref.nitro.tpch.BenchmarkQueries.query07:gc.time":
[INFO] [stdout]   53.000 ±(99.9%) 0.001 ms [Sum]
[INFO] [stdout]   (min, avg, max) = (17.000, 17.667, 19.000), stdev = 1.155
[INFO] [stdout]   CI (99.9%): [53.000, 53.000] (assumes normal distribution)
[INFO] [stdout] 
[INFO] [stdout] Secondary result "org.weakref.nitro.tpch.BenchmarkQueries.query07:iTLB-load-misses":
[INFO] [stdout]   55061.218 #/op
[INFO] [stdout] 
[INFO] [stdout] Secondary result "org.weakref.nitro.tpch.BenchmarkQueries.query07:iTLB-loads":
[INFO] [stdout]   2097954.408 #/op
[INFO] [stdout] 
[INFO] [stdout] Secondary result "org.weakref.nitro.tpch.BenchmarkQueries.query07:instructions":
[INFO] [stdout]   48187169489.354 #/op
[INFO] [stdout] 
[INFO] [stdout] Secondary result "org.weakref.nitro.tpch.BenchmarkQueries.query07:stalled-cycles-frontend":
[INFO] [stdout]   2478430019.942 #/op
[INFO] [stdout] 
[INFO] [stdout] 
[INFO] [stdout] # Run complete. Total time: 00:00:14
[INFO] [stdout] 
[INFO] [stdout] REMEMBER: The numbers below are just data. To gain reusable insights, you need to follow up on
[INFO] [stdout] why the numbers are the way they are. Use profilers (see -prof, -lprof), design factorial
[INFO] [stdout] experiments, perform baseline and negative tests that provide experimental control, make sure
[INFO] [stdout] the benchmarking environment is safe on JVM/OS/HW level, ask for reviews from the domain experts.
[INFO] [stdout] Do not assume the numbers tell you what you want them to tell.
[INFO] [stdout] 
[INFO] [stdout] NOTE: Current JVM experimentally supports Compiler Blackholes, and they are in use. Please exercise
[INFO] [stdout] extra caution when trusting the results, look into the generated code to check the benchmark still
[INFO] [stdout] works, and factor in a small probability of new VM bugs. Additionally, while comparisons between
[INFO] [stdout] different JVMs are already problematic, the performance difference caused by different Blackhole
[INFO] [stdout] modes can be very significant. Please make sure you use the consistent Blackhole mode for comparisons.
[INFO] [stdout] 
[INFO] [stdout] Benchmark                                         Mode  Cnt            Score         Error      Units
[INFO] [stdout] BenchmarkQueries.query07                          avgt    3         2540.383 ±     315.614      ms/op
[INFO] [stdout] BenchmarkQueries.query07:CPI                      avgt                 0.293                clks/insn
[INFO] [stdout] BenchmarkQueries.query07:IPC                      avgt                 3.414                insns/clk
[INFO] [stdout] BenchmarkQueries.query07:L1-dcache-load-misses    avgt         575881534.102                     #/op
[INFO] [stdout] BenchmarkQueries.query07:L1-dcache-loads          avgt       21970832921.642                     #/op
[INFO] [stdout] BenchmarkQueries.query07:L1-icache-load-misses    avgt          16899473.263                     #/op
[INFO] [stdout] BenchmarkQueries.query07:L1-icache-loads          avgt         193643809.733                     #/op
[INFO] [stdout] BenchmarkQueries.query07:branch-misses            avgt          58325638.321                     #/op
[INFO] [stdout] BenchmarkQueries.query07:branches                 avgt       10083281489.255                     #/op
[INFO] [stdout] BenchmarkQueries.query07:cycles                   avgt       14113849480.071                     #/op
[INFO] [stdout] BenchmarkQueries.query07:dTLB-load-misses         avgt            500421.411                     #/op
[INFO] [stdout] BenchmarkQueries.query07:dTLB-loads               avgt           8733914.686                     #/op
[INFO] [stdout] BenchmarkQueries.query07:gc.alloc.rate            avgt    3          570.012 ±      70.980     MB/sec
[INFO] [stdout] BenchmarkQueries.query07:gc.alloc.rate.norm       avgt    3   1518421797.333 ± 6697325.949       B/op
[INFO] [stdout] BenchmarkQueries.query07:gc.count                 avgt    3           19.000                   counts
[INFO] [stdout] BenchmarkQueries.query07:gc.time                  avgt    3           53.000                       ms
[INFO] [stdout] BenchmarkQueries.query07:iTLB-load-misses         avgt             55061.218                     #/op
[INFO] [stdout] BenchmarkQueries.query07:iTLB-loads               avgt           2097954.408                     #/op
[INFO] [stdout] BenchmarkQueries.query07:instructions             avgt       48187169489.354                     #/op
[INFO] [stdout] BenchmarkQueries.query07:stalled-cycles-frontend  avgt        2478430019.942                     #/op
[INFO] [stdout] 
[INFO] [stdout] Benchmark result is saved to benchmarks/sweeps/20260718-targeted/nitro-tpch-q07-normalized-int-key-on-a.json
[INFO] ------------------------------------------------------------------------
[INFO] BUILD SUCCESS
[INFO] ------------------------------------------------------------------------
[INFO] Total time:  14.780 s (Wall Clock)
[INFO] Finished at: 2026-07-18T01:53:49Z
[INFO] ------------------------------------------------------------------------
[INFO] Njord session closed
