[INFO] Processing build on daemon e20effc9
[INFO] Scanning for projects...
[INFO] Njord 0.9.4 session created
[INFO] BuildTimeEventSpy is registered.
[INFO] 
[INFO] Using the SmartBuilder implementation with a thread count of 7
[INFO] 
[INFO] -------------------------< org.weakref:nitro >--------------------------
[INFO] Building nitro 1-SNAPSHOT
[INFO]   from pom.xml
[INFO] --------------------------------[ jar ]---------------------------------
[WARNING] 2 problems were encountered while building the effective model for org.apache.yetus:audience-annotations:jar:0.5.0 during dependency collection step for project (use -X to see details)
[INFO] 
[INFO] --- exec:3.6.1:exec (benchmark) @ nitro ---
[WARNING] [stderr] WARNING: Using incubator modules: jdk.incubator.vector
[WARNING] [stderr] WARNING: A terminally deprecated method in sun.misc.Unsafe has been called
[WARNING] [stderr] WARNING: sun.misc.Unsafe::objectFieldOffset has been called by org.openjdk.jmh.util.Utils (file:/root/.m2/repository/org/openjdk/jmh/jmh-core/1.37/jmh-core-1.37.jar)
[WARNING] [stderr] WARNING: Please consider reporting this to the maintainers of class org.openjdk.jmh.util.Utils
[WARNING] [stderr] WARNING: sun.misc.Unsafe::objectFieldOffset will be removed in a future release
[INFO] [stdout] # JMH version: 1.37
[INFO] [stdout] # VM version: JDK 26.0.1, OpenJDK 64-Bit Server VM, 26.0.1+8
[INFO] [stdout] # VM invoker: /opt/java/openjdk/bin/java
[INFO] [stdout] # VM options: --enable-preview --add-modules=jdk.incubator.vector -Dnitro.clickbench.hits.path= -Xmx12g -XX:+UseTransparentHugePages -Dnitro.clickbench.hits.path=/root/data/clickbench
[INFO] [stdout] # Blackhole mode: compiler (auto-detected, use -Djmh.blackhole.autoDetect=false to disable)
[INFO] [stdout] # Warmup: 1 iterations, 1 s each
[INFO] [stdout] # Measurement: 2 iterations, 1 s each
[INFO] [stdout] # Timeout: 10 min per iteration
[INFO] [stdout] # Threads: 1 thread, will synchronize iterations
[INFO] [stdout] # Benchmark mode: Average time, time/op
[INFO] [stdout] # Benchmark: org.weakref.nitro.clickbench.BenchmarkQueries.query06
[INFO] [stdout] 
[INFO] [stdout] # Run progress: 0.00% complete, ETA 00:00:09
[INFO] [stdout] # Fork: 1 of 1
[INFO] [stdout] # Preparing profilers: LinuxPerfNormProfiler 
[INFO] [stdout] # Profilers consume stderr from target VM, use -v EXTRA to copy to console
[INFO] [stdout] # Warmup Iteration   1: 2682.782 ms/op
[INFO] [stdout] Iteration   1: 2402.517 ms/op
[INFO] [stdout]                  gc.alloc.rate:      138.727 MB/sec
[INFO] [stdout]                  gc.alloc.rate.norm: 349506320.000 B/op
[INFO] [stdout]                  gc.count:           4.000 counts
[INFO] [stdout]                  gc.time:            24.000 ms
[INFO] [stdout] 
[INFO] [stdout] Iteration   2: 2215.955 ms/op
[INFO] [stdout]                  gc.alloc.rate:      133.888 MB/sec
[INFO] [stdout]                  gc.alloc.rate.norm: 311123376.000 B/op
[INFO] [stdout]                  gc.count:           ≈ 0 counts
[INFO] [stdout] 
[INFO] [stdout] # Processing profiler results: LinuxPerfNormProfiler 
[INFO] [stdout] 
[INFO] [stdout] 
[INFO] [stdout] Result "org.weakref.nitro.clickbench.BenchmarkQueries.query06":
[INFO] [stdout]   2309.236 ms/op
[INFO] [stdout] 
[INFO] [stdout] Secondary result "org.weakref.nitro.clickbench.BenchmarkQueries.query06:CPI":
[INFO] [stdout]   0.396 clks/insn
[INFO] [stdout] 
[INFO] [stdout] Secondary result "org.weakref.nitro.clickbench.BenchmarkQueries.query06:IPC":
[INFO] [stdout]   2.527 insns/clk
[INFO] [stdout] 
[INFO] [stdout] Secondary result "org.weakref.nitro.clickbench.BenchmarkQueries.query06:L1-dcache-load-misses":
[INFO] [stdout]   370482699.495 #/op
[INFO] [stdout] 
[INFO] [stdout] Secondary result "org.weakref.nitro.clickbench.BenchmarkQueries.query06:L1-dcache-loads":
[INFO] [stdout]   16319044642.963 #/op
[INFO] [stdout] 
[INFO] [stdout] Secondary result "org.weakref.nitro.clickbench.BenchmarkQueries.query06:L1-icache-load-misses":
[INFO] [stdout]   19709487.142 #/op
[INFO] [stdout] 
[INFO] [stdout] Secondary result "org.weakref.nitro.clickbench.BenchmarkQueries.query06:L1-icache-loads":
[INFO] [stdout]   222426854.385 #/op
[INFO] [stdout] 
[INFO] [stdout] Secondary result "org.weakref.nitro.clickbench.BenchmarkQueries.query06:branch-misses":
[INFO] [stdout]   130244435.055 #/op
[INFO] [stdout] 
[INFO] [stdout] Secondary result "org.weakref.nitro.clickbench.BenchmarkQueries.query06:branches":
[INFO] [stdout]   6980093860.300 #/op
[INFO] [stdout] 
[INFO] [stdout] Secondary result "org.weakref.nitro.clickbench.BenchmarkQueries.query06:cycles":
[INFO] [stdout]   14483738933.679 #/op
[INFO] [stdout] 
[INFO] [stdout] Secondary result "org.weakref.nitro.clickbench.BenchmarkQueries.query06:dTLB-load-misses":
[INFO] [stdout]   393910.234 #/op
[INFO] [stdout] 
[INFO] [stdout] Secondary result "org.weakref.nitro.clickbench.BenchmarkQueries.query06:dTLB-loads":
[INFO] [stdout]   21092215.545 #/op
[INFO] [stdout] 
[INFO] [stdout] Secondary result "org.weakref.nitro.clickbench.BenchmarkQueries.query06:gc.alloc.rate":
[INFO] [stdout]   136.308 MB/sec
[INFO] [stdout] 
[INFO] [stdout] Secondary result "org.weakref.nitro.clickbench.BenchmarkQueries.query06:gc.alloc.rate.norm":
[INFO] [stdout]   330314848.000 B/op
[INFO] [stdout] 
[INFO] [stdout] Secondary result "org.weakref.nitro.clickbench.BenchmarkQueries.query06:gc.count":
[INFO] [stdout]   2.000 counts
[INFO] [stdout] 
[INFO] [stdout] Secondary result "org.weakref.nitro.clickbench.BenchmarkQueries.query06:gc.time":
[INFO] [stdout]   12.000 ms
[INFO] [stdout] 
[INFO] [stdout] Secondary result "org.weakref.nitro.clickbench.BenchmarkQueries.query06:iTLB-load-misses":
[INFO] [stdout]   70642.864 #/op
[INFO] [stdout] 
[INFO] [stdout] Secondary result "org.weakref.nitro.clickbench.BenchmarkQueries.query06:iTLB-loads":
[INFO] [stdout]   11277253.394 #/op
[INFO] [stdout] 
[INFO] [stdout] Secondary result "org.weakref.nitro.clickbench.BenchmarkQueries.query06:instructions":
[INFO] [stdout]   36598597180.215 #/op
[INFO] [stdout] 
[INFO] [stdout] Secondary result "org.weakref.nitro.clickbench.BenchmarkQueries.query06:stalled-cycles-frontend":
[INFO] [stdout]   3403402949.476 #/op
[INFO] [stdout] 
[INFO] [stdout] 
[INFO] [stdout] # JMH version: 1.37
[INFO] [stdout] # VM version: JDK 26.0.1, OpenJDK 64-Bit Server VM, 26.0.1+8
[INFO] [stdout] # VM invoker: /opt/java/openjdk/bin/java
[INFO] [stdout] # VM options: --enable-preview --add-modules=jdk.incubator.vector -Dnitro.clickbench.hits.path= -Xmx12g -XX:+UseTransparentHugePages -Dnitro.clickbench.hits.path=/root/data/clickbench
[INFO] [stdout] # Blackhole mode: compiler (auto-detected, use -Djmh.blackhole.autoDetect=false to disable)
[INFO] [stdout] # Warmup: 1 iterations, 1 s each
[INFO] [stdout] # Measurement: 2 iterations, 1 s each
[INFO] [stdout] # Timeout: 10 min per iteration
[INFO] [stdout] # Threads: 1 thread, will synchronize iterations
[INFO] [stdout] # Benchmark mode: Average time, time/op
[INFO] [stdout] # Benchmark: org.weakref.nitro.clickbench.BenchmarkQueries.query22
[INFO] [stdout] 
[INFO] [stdout] # Run progress: 33.33% complete, ETA 00:00:15
[INFO] [stdout] # Fork: 1 of 1
[INFO] [stdout] # Preparing profilers: LinuxPerfNormProfiler 
[INFO] [stdout] # Profilers consume stderr from target VM, use -v EXTRA to copy to console
[INFO] [stdout] # Warmup Iteration   1: 7002.869 ms/op
[INFO] [stdout] Iteration   1: 6755.255 ms/op
[INFO] [stdout]                  gc.alloc.rate:      30.632 MB/sec
[INFO] [stdout]                  gc.alloc.rate.norm: 216985928.000 B/op
[INFO] [stdout]                  gc.count:           4.000 counts
[INFO] [stdout]                  gc.time:            8.000 ms
[INFO] [stdout] 
[INFO] [stdout] Iteration   2: 6667.451 ms/op
[INFO] [stdout]                  gc.alloc.rate:      30.937 MB/sec
[INFO] [stdout]                  gc.alloc.rate.norm: 216294792.000 B/op
[INFO] [stdout]                  gc.count:           5.000 counts
[INFO] [stdout]                  gc.time:            7.000 ms
[INFO] [stdout] 
[INFO] [stdout] # Processing profiler results: LinuxPerfNormProfiler 
[INFO] [stdout] 
[INFO] [stdout] 
[INFO] [stdout] Result "org.weakref.nitro.clickbench.BenchmarkQueries.query22":
[INFO] [stdout]   6711.353 ms/op
[INFO] [stdout] 
[INFO] [stdout] Secondary result "org.weakref.nitro.clickbench.BenchmarkQueries.query22:CPI":
[INFO] [stdout]   0.366 clks/insn
[INFO] [stdout] 
[INFO] [stdout] Secondary result "org.weakref.nitro.clickbench.BenchmarkQueries.query22:IPC":
[INFO] [stdout]   2.730 insns/clk
[INFO] [stdout] 
[INFO] [stdout] Secondary result "org.weakref.nitro.clickbench.BenchmarkQueries.query22:L1-dcache-load-misses":
[INFO] [stdout]   1047695992.778 #/op
[INFO] [stdout] 
[INFO] [stdout] Secondary result "org.weakref.nitro.clickbench.BenchmarkQueries.query22:L1-dcache-loads":
[INFO] [stdout]   48497427556.482 #/op
[INFO] [stdout] 
[INFO] [stdout] Secondary result "org.weakref.nitro.clickbench.BenchmarkQueries.query22:L1-icache-load-misses":
[INFO] [stdout]   25585970.068 #/op
[INFO] [stdout] 
[INFO] [stdout] Secondary result "org.weakref.nitro.clickbench.BenchmarkQueries.query22:L1-icache-loads":
[INFO] [stdout]   329383790.048 #/op
[INFO] [stdout] 
[INFO] [stdout] Secondary result "org.weakref.nitro.clickbench.BenchmarkQueries.query22:branch-misses":
[INFO] [stdout]   413770824.424 #/op
[INFO] [stdout] 
[INFO] [stdout] Secondary result "org.weakref.nitro.clickbench.BenchmarkQueries.query22:branches":
[INFO] [stdout]   22018957120.133 #/op
[INFO] [stdout] 
[INFO] [stdout] Secondary result "org.weakref.nitro.clickbench.BenchmarkQueries.query22:cycles":
[INFO] [stdout]   37810514888.674 #/op
[INFO] [stdout] 
[INFO] [stdout] Secondary result "org.weakref.nitro.clickbench.BenchmarkQueries.query22:dTLB-load-misses":
[INFO] [stdout]   1486735.352 #/op
[INFO] [stdout] 
[INFO] [stdout] Secondary result "org.weakref.nitro.clickbench.BenchmarkQueries.query22:dTLB-loads":
[INFO] [stdout]   28997573.486 #/op
[INFO] [stdout] 
[INFO] [stdout] Secondary result "org.weakref.nitro.clickbench.BenchmarkQueries.query22:gc.alloc.rate":
[INFO] [stdout]   30.785 MB/sec
[INFO] [stdout] 
[INFO] [stdout] Secondary result "org.weakref.nitro.clickbench.BenchmarkQueries.query22:gc.alloc.rate.norm":
[INFO] [stdout]   216640360.000 B/op
[INFO] [stdout] 
[INFO] [stdout] Secondary result "org.weakref.nitro.clickbench.BenchmarkQueries.query22:gc.count":
[INFO] [stdout]   4.500 counts
[INFO] [stdout] 
[INFO] [stdout] Secondary result "org.weakref.nitro.clickbench.BenchmarkQueries.query22:gc.time":
[INFO] [stdout]   7.500 ms
[INFO] [stdout] 
[INFO] [stdout] Secondary result "org.weakref.nitro.clickbench.BenchmarkQueries.query22:iTLB-load-misses":
[INFO] [stdout]   86382.104 #/op
[INFO] [stdout] 
[INFO] [stdout] Secondary result "org.weakref.nitro.clickbench.BenchmarkQueries.query22:iTLB-loads":
[INFO] [stdout]   12131475.109 #/op
[INFO] [stdout] 
[INFO] [stdout] Secondary result "org.weakref.nitro.clickbench.BenchmarkQueries.query22:instructions":
[INFO] [stdout]   103240511746.635 #/op
[INFO] [stdout] 
[INFO] [stdout] Secondary result "org.weakref.nitro.clickbench.BenchmarkQueries.query22:stalled-cycles-frontend":
[INFO] [stdout]   12342838810.828 #/op
[INFO] [stdout] 
[INFO] [stdout] 
[INFO] [stdout] # JMH version: 1.37
[INFO] [stdout] # VM version: JDK 26.0.1, OpenJDK 64-Bit Server VM, 26.0.1+8
[INFO] [stdout] # VM invoker: /opt/java/openjdk/bin/java
[INFO] [stdout] # VM options: --enable-preview --add-modules=jdk.incubator.vector -Dnitro.clickbench.hits.path= -Xmx12g -XX:+UseTransparentHugePages -Dnitro.clickbench.hits.path=/root/data/clickbench
[INFO] [stdout] # Blackhole mode: compiler (auto-detected, use -Djmh.blackhole.autoDetect=false to disable)
[INFO] [stdout] # Warmup: 1 iterations, 1 s each
[INFO] [stdout] # Measurement: 2 iterations, 1 s each
[INFO] [stdout] # Timeout: 10 min per iteration
[INFO] [stdout] # Threads: 1 thread, will synchronize iterations
[INFO] [stdout] # Benchmark mode: Average time, time/op
[INFO] [stdout] # Benchmark: org.weakref.nitro.clickbench.BenchmarkQueries.query24
[INFO] [stdout] 
[INFO] [stdout] # Run progress: 66.67% complete, ETA 00:00:14
[INFO] [stdout] # Fork: 1 of 1
[INFO] [stdout] # Preparing profilers: LinuxPerfNormProfiler 
[INFO] [stdout] # Profilers consume stderr from target VM, use -v EXTRA to copy to console
[INFO] [stdout] # Warmup Iteration   1: 8725.226 ms/op
[INFO] [stdout] Iteration   1: 8601.653 ms/op
[INFO] [stdout]                  gc.alloc.rate:      333.194 MB/sec
[INFO] [stdout]                  gc.alloc.rate.norm: 3005295376.000 B/op
[INFO] [stdout]                  gc.count:           6.000 counts
[INFO] [stdout]                  gc.time:            430.000 ms
[INFO] [stdout] 
[INFO] [stdout] Iteration   2: 8707.085 ms/op
[INFO] [stdout]                  gc.alloc.rate:      329.067 MB/sec
[INFO] [stdout]                  gc.alloc.rate.norm: 3004437872.000 B/op
[INFO] [stdout]                  gc.count:           2.000 counts
[INFO] [stdout]                  gc.time:            300.000 ms
[INFO] [stdout] 
[INFO] [stdout] # Processing profiler results: LinuxPerfNormProfiler 
[INFO] [stdout] 
[INFO] [stdout] 
[INFO] [stdout] Result "org.weakref.nitro.clickbench.BenchmarkQueries.query24":
[INFO] [stdout]   8654.369 ms/op
[INFO] [stdout] 
[INFO] [stdout] Secondary result "org.weakref.nitro.clickbench.BenchmarkQueries.query24:CPI":
[INFO] [stdout]   0.435 clks/insn
[INFO] [stdout] 
[INFO] [stdout] Secondary result "org.weakref.nitro.clickbench.BenchmarkQueries.query24:IPC":
[INFO] [stdout]   2.299 insns/clk
[INFO] [stdout] 
[INFO] [stdout] Secondary result "org.weakref.nitro.clickbench.BenchmarkQueries.query24:L1-dcache-load-misses":
[INFO] [stdout]   1716300114.034 #/op
[INFO] [stdout] 
[INFO] [stdout] Secondary result "org.weakref.nitro.clickbench.BenchmarkQueries.query24:L1-dcache-loads":
[INFO] [stdout]   60857696117.876 #/op
[INFO] [stdout] 
[INFO] [stdout] Secondary result "org.weakref.nitro.clickbench.BenchmarkQueries.query24:L1-icache-load-misses":
[INFO] [stdout]   45260394.347 #/op
[INFO] [stdout] 
[INFO] [stdout] Secondary result "org.weakref.nitro.clickbench.BenchmarkQueries.query24:L1-icache-loads":
[INFO] [stdout]   580219296.618 #/op
[INFO] [stdout] 
[INFO] [stdout] Secondary result "org.weakref.nitro.clickbench.BenchmarkQueries.query24:branch-misses":
[INFO] [stdout]   407126112.494 #/op
[INFO] [stdout] 
[INFO] [stdout] Secondary result "org.weakref.nitro.clickbench.BenchmarkQueries.query24:branches":
[INFO] [stdout]   26471639221.995 #/op
[INFO] [stdout] 
[INFO] [stdout] Secondary result "org.weakref.nitro.clickbench.BenchmarkQueries.query24:cycles":
[INFO] [stdout]   56303288117.821 #/op
[INFO] [stdout] 
[INFO] [stdout] Secondary result "org.weakref.nitro.clickbench.BenchmarkQueries.query24:dTLB-load-misses":
[INFO] [stdout]   6548843.143 #/op
[INFO] [stdout] 
[INFO] [stdout] Secondary result "org.weakref.nitro.clickbench.BenchmarkQueries.query24:dTLB-loads":
[INFO] [stdout]   42130657.864 #/op
[INFO] [stdout] 
[INFO] [stdout] Secondary result "org.weakref.nitro.clickbench.BenchmarkQueries.query24:gc.alloc.rate":
[INFO] [stdout]   331.130 MB/sec
[INFO] [stdout] 
[INFO] [stdout] Secondary result "org.weakref.nitro.clickbench.BenchmarkQueries.query24:gc.alloc.rate.norm":
[INFO] [stdout]   3004866624.000 B/op
[INFO] [stdout] 
[INFO] [stdout] Secondary result "org.weakref.nitro.clickbench.BenchmarkQueries.query24:gc.count":
[INFO] [stdout]   4.000 counts
[INFO] [stdout] 
[INFO] [stdout] Secondary result "org.weakref.nitro.clickbench.BenchmarkQueries.query24:gc.time":
[INFO] [stdout]   365.000 ms
[INFO] [stdout] 
[INFO] [stdout] Secondary result "org.weakref.nitro.clickbench.BenchmarkQueries.query24:iTLB-load-misses":
[INFO] [stdout]   124427.382 #/op
[INFO] [stdout] 
[INFO] [stdout] Secondary result "org.weakref.nitro.clickbench.BenchmarkQueries.query24:iTLB-loads":
[INFO] [stdout]   9644142.110 #/op
[INFO] [stdout] 
[INFO] [stdout] Secondary result "org.weakref.nitro.clickbench.BenchmarkQueries.query24:instructions":
[INFO] [stdout]   129460675891.308 #/op
[INFO] [stdout] 
[INFO] [stdout] Secondary result "org.weakref.nitro.clickbench.BenchmarkQueries.query24:stalled-cycles-frontend":
[INFO] [stdout]   14218096476.100 #/op
[INFO] [stdout] 
[INFO] [stdout] 
[INFO] [stdout] # Run complete. Total time: 00:00:55
[INFO] [stdout] 
[INFO] [stdout] REMEMBER: The numbers below are just data. To gain reusable insights, you need to follow up on
[INFO] [stdout] why the numbers are the way they are. Use profilers (see -prof, -lprof), design factorial
[INFO] [stdout] experiments, perform baseline and negative tests that provide experimental control, make sure
[INFO] [stdout] the benchmarking environment is safe on JVM/OS/HW level, ask for reviews from the domain experts.
[INFO] [stdout] Do not assume the numbers tell you what you want them to tell.
[INFO] [stdout] 
[INFO] [stdout] NOTE: Current JVM experimentally supports Compiler Blackholes, and they are in use. Please exercise
[INFO] [stdout] extra caution when trusting the results, look into the generated code to check the benchmark still
[INFO] [stdout] works, and factor in a small probability of new VM bugs. Additionally, while comparisons between
[INFO] [stdout] different JVMs are already problematic, the performance difference caused by different Blackhole
[INFO] [stdout] modes can be very significant. Please make sure you use the consistent Blackhole mode for comparisons.
[INFO] [stdout] 
[INFO] [stdout] Benchmark                                         Mode  Cnt             Score   Error      Units
[INFO] [stdout] BenchmarkQueries.query06                          avgt    2          2309.236              ms/op
[INFO] [stdout] BenchmarkQueries.query06:CPI                      avgt                  0.396          clks/insn
[INFO] [stdout] BenchmarkQueries.query06:IPC                      avgt                  2.527          insns/clk
[INFO] [stdout] BenchmarkQueries.query06:L1-dcache-load-misses    avgt          370482699.495               #/op
[INFO] [stdout] BenchmarkQueries.query06:L1-dcache-loads          avgt        16319044642.963               #/op
[INFO] [stdout] BenchmarkQueries.query06:L1-icache-load-misses    avgt           19709487.142               #/op
[INFO] [stdout] BenchmarkQueries.query06:L1-icache-loads          avgt          222426854.385               #/op
[INFO] [stdout] BenchmarkQueries.query06:branch-misses            avgt          130244435.055               #/op
[INFO] [stdout] BenchmarkQueries.query06:branches                 avgt         6980093860.300               #/op
[INFO] [stdout] BenchmarkQueries.query06:cycles                   avgt        14483738933.679               #/op
[INFO] [stdout] BenchmarkQueries.query06:dTLB-load-misses         avgt             393910.234               #/op
[INFO] [stdout] BenchmarkQueries.query06:dTLB-loads               avgt           21092215.545               #/op
[INFO] [stdout] BenchmarkQueries.query06:gc.alloc.rate            avgt    2           136.308             MB/sec
[INFO] [stdout] BenchmarkQueries.query06:gc.alloc.rate.norm       avgt    2     330314848.000               B/op
[INFO] [stdout] BenchmarkQueries.query06:gc.count                 avgt    2             4.000             counts
[INFO] [stdout] BenchmarkQueries.query06:gc.time                  avgt    2            24.000                 ms
[INFO] [stdout] BenchmarkQueries.query06:iTLB-load-misses         avgt              70642.864               #/op
[INFO] [stdout] BenchmarkQueries.query06:iTLB-loads               avgt           11277253.394               #/op
[INFO] [stdout] BenchmarkQueries.query06:instructions             avgt        36598597180.215               #/op
[INFO] [stdout] BenchmarkQueries.query06:stalled-cycles-frontend  avgt         3403402949.476               #/op
[INFO] [stdout] BenchmarkQueries.query22                          avgt    2          6711.353              ms/op
[INFO] [stdout] BenchmarkQueries.query22:CPI                      avgt                  0.366          clks/insn
[INFO] [stdout] BenchmarkQueries.query22:IPC                      avgt                  2.730          insns/clk
[INFO] [stdout] BenchmarkQueries.query22:L1-dcache-load-misses    avgt         1047695992.778               #/op
[INFO] [stdout] BenchmarkQueries.query22:L1-dcache-loads          avgt        48497427556.482               #/op
[INFO] [stdout] BenchmarkQueries.query22:L1-icache-load-misses    avgt           25585970.068               #/op
[INFO] [stdout] BenchmarkQueries.query22:L1-icache-loads          avgt          329383790.048               #/op
[INFO] [stdout] BenchmarkQueries.query22:branch-misses            avgt          413770824.424               #/op
[INFO] [stdout] BenchmarkQueries.query22:branches                 avgt        22018957120.133               #/op
[INFO] [stdout] BenchmarkQueries.query22:cycles                   avgt        37810514888.674               #/op
[INFO] [stdout] BenchmarkQueries.query22:dTLB-load-misses         avgt            1486735.352               #/op
[INFO] [stdout] BenchmarkQueries.query22:dTLB-loads               avgt           28997573.486               #/op
[INFO] [stdout] BenchmarkQueries.query22:gc.alloc.rate            avgt    2            30.785             MB/sec
[INFO] [stdout] BenchmarkQueries.query22:gc.alloc.rate.norm       avgt    2     216640360.000               B/op
[INFO] [stdout] BenchmarkQueries.query22:gc.count                 avgt    2             9.000             counts
[INFO] [stdout] BenchmarkQueries.query22:gc.time                  avgt    2            15.000                 ms
[INFO] [stdout] BenchmarkQueries.query22:iTLB-load-misses         avgt              86382.104               #/op
[INFO] [stdout] BenchmarkQueries.query22:iTLB-loads               avgt           12131475.109               #/op
[INFO] [stdout] BenchmarkQueries.query22:instructions             avgt       103240511746.635               #/op
[INFO] [stdout] BenchmarkQueries.query22:stalled-cycles-frontend  avgt        12342838810.828               #/op
[INFO] [stdout] BenchmarkQueries.query24                          avgt    2          8654.369              ms/op
[INFO] [stdout] BenchmarkQueries.query24:CPI                      avgt                  0.435          clks/insn
[INFO] [stdout] BenchmarkQueries.query24:IPC                      avgt                  2.299          insns/clk
[INFO] [stdout] BenchmarkQueries.query24:L1-dcache-load-misses    avgt         1716300114.034               #/op
[INFO] [stdout] BenchmarkQueries.query24:L1-dcache-loads          avgt        60857696117.876               #/op
[INFO] [stdout] BenchmarkQueries.query24:L1-icache-load-misses    avgt           45260394.347               #/op
[INFO] [stdout] BenchmarkQueries.query24:L1-icache-loads          avgt          580219296.618               #/op
[INFO] [stdout] BenchmarkQueries.query24:branch-misses            avgt          407126112.494               #/op
[INFO] [stdout] BenchmarkQueries.query24:branches                 avgt        26471639221.995               #/op
[INFO] [stdout] BenchmarkQueries.query24:cycles                   avgt        56303288117.821               #/op
[INFO] [stdout] BenchmarkQueries.query24:dTLB-load-misses         avgt            6548843.143               #/op
[INFO] [stdout] BenchmarkQueries.query24:dTLB-loads               avgt           42130657.864               #/op
[INFO] [stdout] BenchmarkQueries.query24:gc.alloc.rate            avgt    2           331.130             MB/sec
[INFO] [stdout] BenchmarkQueries.query24:gc.alloc.rate.norm       avgt    2    3004866624.000               B/op
[INFO] [stdout] BenchmarkQueries.query24:gc.count                 avgt    2             8.000             counts
[INFO] [stdout] BenchmarkQueries.query24:gc.time                  avgt    2           730.000                 ms
[INFO] [stdout] BenchmarkQueries.query24:iTLB-load-misses         avgt             124427.382               #/op
[INFO] [stdout] BenchmarkQueries.query24:iTLB-loads               avgt            9644142.110               #/op
[INFO] [stdout] BenchmarkQueries.query24:instructions             avgt       129460675891.308               #/op
[INFO] [stdout] BenchmarkQueries.query24:stalled-cycles-frontend  avgt        14218096476.100               #/op
[INFO] [stdout] 
[INFO] [stdout] Benchmark result is saved to benchmarks/sweeps/20260718-targeted/nitro-clickbench-binary-offset-admission-on-b.json
[INFO] ------------------------------------------------------------------------
[INFO] BUILD SUCCESS
[INFO] ------------------------------------------------------------------------
[INFO] Total time:  55.707 s (Wall Clock)
[INFO] Finished at: 2026-07-18T08:48:11Z
[INFO] ------------------------------------------------------------------------
[INFO] Njord session closed
