[INFO] Processing build on daemon c26050a9
[INFO] Scanning for projects...
[INFO] Njord 0.9.4 session created
[INFO] BuildTimeEventSpy is registered.
[INFO] 
[INFO] Using the SmartBuilder implementation with a thread count of 7
[INFO] 
[INFO] -------------------------< org.weakref:nitro >--------------------------
[INFO] Building nitro 1-SNAPSHOT
[INFO]   from pom.xml
[INFO] --------------------------------[ jar ]---------------------------------
[WARNING] 2 problems were encountered while building the effective model for org.apache.yetus:audience-annotations:jar:0.5.0 during dependency collection step for project (use -X to see details)
[INFO] 
[INFO] --- exec:3.6.1:exec (benchmark) @ nitro ---
[WARNING] [stderr] WARNING: Using incubator modules: jdk.incubator.vector
[WARNING] [stderr] WARNING: A terminally deprecated method in sun.misc.Unsafe has been called
[WARNING] [stderr] WARNING: sun.misc.Unsafe::objectFieldOffset has been called by org.openjdk.jmh.util.Utils (file:/root/.m2/repository/org/openjdk/jmh/jmh-core/1.37/jmh-core-1.37.jar)
[WARNING] [stderr] WARNING: Please consider reporting this to the maintainers of class org.openjdk.jmh.util.Utils
[WARNING] [stderr] WARNING: sun.misc.Unsafe::objectFieldOffset will be removed in a future release
[INFO] [stdout] # JMH version: 1.37
[INFO] [stdout] # VM version: JDK 26.0.1, OpenJDK 64-Bit Server VM, 26.0.1+8
[INFO] [stdout] # VM invoker: /opt/java/openjdk/bin/java
[INFO] [stdout] # VM options: --enable-preview --add-modules=jdk.incubator.vector -Dnitro.clickbench.hits.path= -Xmx12g -XX:+UseTransparentHugePages -Dnitro.groupedAggregation.accumulatorFusion=false -Dnitro.tpcds.parquet.path=/root/data/tpcds-parquet-sf10 -Dnitro.tpcds.parquet.schema=sf10
[INFO] [stdout] # Blackhole mode: compiler (auto-detected, use -Djmh.blackhole.autoDetect=false to disable)
[INFO] [stdout] # Warmup: 3 iterations, 1 s each
[INFO] [stdout] # Measurement: 5 iterations, 1 s each
[INFO] [stdout] # Timeout: 30 min per iteration
[INFO] [stdout] # Threads: 1 thread, will synchronize iterations
[INFO] [stdout] # Benchmark mode: Average time, time/op
[INFO] [stdout] # Benchmark: org.weakref.nitro.tpcds.BenchmarkQueries.query26
[INFO] [stdout] 
[INFO] [stdout] # Run progress: 0.00% complete, ETA 00:00:08
[INFO] [stdout] # Fork: 1 of 1
[INFO] [stdout] # Preparing profilers: LinuxPerfNormProfiler 
[INFO] [stdout] # Profilers consume stderr from target VM, use -v EXTRA to copy to console
[INFO] [stdout] # Warmup Iteration   1: 362.433 ms/op
[INFO] [stdout] # Warmup Iteration   2: 186.249 ms/op
[INFO] [stdout] # Warmup Iteration   3: 177.038 ms/op
[INFO] [stdout] Iteration   1: 174.789 ms/op
[INFO] [stdout]                  gc.alloc.rate:      216.905 MB/sec
[INFO] [stdout]                  gc.alloc.rate.norm: 39759686.667 B/op
[INFO] [stdout]                  gc.count:           1.000 counts
[INFO] [stdout]                  gc.time:            2.000 ms
[INFO] [stdout] 
[INFO] [stdout] Iteration   2: 174.680 ms/op
[INFO] [stdout]                  gc.alloc.rate:      216.997 MB/sec
[INFO] [stdout]                  gc.alloc.rate.norm: 39752814.667 B/op
[INFO] [stdout]                  gc.count:           2.000 counts
[INFO] [stdout]                  gc.time:            2.000 ms
[INFO] [stdout] 
[INFO] [stdout] Iteration   3: 173.771 ms/op
[INFO] [stdout]                  gc.alloc.rate:      218.068 MB/sec
[INFO] [stdout]                  gc.alloc.rate.norm: 39738993.333 B/op
[INFO] [stdout]                  gc.count:           1.000 counts
[INFO] [stdout]                  gc.time:            ≈ 0 ms
[INFO] [stdout] 
[INFO] [stdout] Iteration   4: 173.776 ms/op
[INFO] [stdout]                  gc.alloc.rate:      218.014 MB/sec
[INFO] [stdout]                  gc.alloc.rate.norm: 39731646.667 B/op
[INFO] [stdout]                  gc.count:           1.000 counts
[INFO] [stdout]                  gc.time:            1.000 ms
[INFO] [stdout] 
[INFO] [stdout] Iteration   5: 174.411 ms/op
[INFO] [stdout]                  gc.alloc.rate:      217.225 MB/sec
[INFO] [stdout]                  gc.alloc.rate.norm: 39731690.667 B/op
[INFO] [stdout]                  gc.count:           3.000 counts
[INFO] [stdout]                  gc.time:            3.000 ms
[INFO] [stdout] 
[INFO] [stdout] # Processing profiler results: LinuxPerfNormProfiler 
[INFO] [stdout] 
[INFO] [stdout] 
[INFO] [stdout] Result "org.weakref.nitro.tpcds.BenchmarkQueries.query26":
[INFO] [stdout]   174.286 ±(99.9%) 1.876 ms/op [Average]
[INFO] [stdout]   (min, avg, max) = (173.771, 174.286, 174.789), stdev = 0.487
[INFO] [stdout]   CI (99.9%): [172.410, 176.161] (assumes normal distribution)
[INFO] [stdout] 
[INFO] [stdout] Secondary result "org.weakref.nitro.tpcds.BenchmarkQueries.query26:CPI":
[INFO] [stdout]   0.292 clks/insn
[INFO] [stdout] 
[INFO] [stdout] Secondary result "org.weakref.nitro.tpcds.BenchmarkQueries.query26:IPC":
[INFO] [stdout]   3.423 insns/clk
[INFO] [stdout] 
[INFO] [stdout] Secondary result "org.weakref.nitro.tpcds.BenchmarkQueries.query26:L1-dcache-load-misses":
[INFO] [stdout]   23293347.318 #/op
[INFO] [stdout] 
[INFO] [stdout] Secondary result "org.weakref.nitro.tpcds.BenchmarkQueries.query26:L1-dcache-loads":
[INFO] [stdout]   1492182819.249 #/op
[INFO] [stdout] 
[INFO] [stdout] Secondary result "org.weakref.nitro.tpcds.BenchmarkQueries.query26:L1-icache-load-misses":
[INFO] [stdout]   1022689.742 #/op
[INFO] [stdout] 
[INFO] [stdout] Secondary result "org.weakref.nitro.tpcds.BenchmarkQueries.query26:L1-icache-loads":
[INFO] [stdout]   14174624.487 #/op
[INFO] [stdout] 
[INFO] [stdout] Secondary result "org.weakref.nitro.tpcds.BenchmarkQueries.query26:branch-misses":
[INFO] [stdout]   5148337.061 #/op
[INFO] [stdout] 
[INFO] [stdout] Secondary result "org.weakref.nitro.tpcds.BenchmarkQueries.query26:branches":
[INFO] [stdout]   677557391.674 #/op
[INFO] [stdout] 
[INFO] [stdout] Secondary result "org.weakref.nitro.tpcds.BenchmarkQueries.query26:cycles":
[INFO] [stdout]   975971272.798 #/op
[INFO] [stdout] 
[INFO] [stdout] Secondary result "org.weakref.nitro.tpcds.BenchmarkQueries.query26:dTLB-load-misses":
[INFO] [stdout]   76102.964 #/op
[INFO] [stdout] 
[INFO] [stdout] Secondary result "org.weakref.nitro.tpcds.BenchmarkQueries.query26:dTLB-loads":
[INFO] [stdout]   598285.910 #/op
[INFO] [stdout] 
[INFO] [stdout] Secondary result "org.weakref.nitro.tpcds.BenchmarkQueries.query26:gc.alloc.rate":
[INFO] [stdout]   217.442 ±(99.9%) 2.155 MB/sec [Average]
[INFO] [stdout]   (min, avg, max) = (216.905, 217.442, 218.068), stdev = 0.560
[INFO] [stdout]   CI (99.9%): [215.287, 219.597] (assumes normal distribution)
[INFO] [stdout] 
[INFO] [stdout] Secondary result "org.weakref.nitro.tpcds.BenchmarkQueries.query26:gc.alloc.rate.norm":
[INFO] [stdout]   39742966.400 ±(99.9%) 48996.303 B/op [Average]
[INFO] [stdout]   (min, avg, max) = (39731646.667, 39742966.400, 39759686.667), stdev = 12724.184
[INFO] [stdout]   CI (99.9%): [39693970.097, 39791962.703] (assumes normal distribution)
[INFO] [stdout] 
[INFO] [stdout] Secondary result "org.weakref.nitro.tpcds.BenchmarkQueries.query26:gc.count":
[INFO] [stdout]   8.000 ±(99.9%) 0.001 counts [Sum]
[INFO] [stdout]   (min, avg, max) = (1.000, 1.600, 3.000), stdev = 0.894
[INFO] [stdout]   CI (99.9%): [8.000, 8.000] (assumes normal distribution)
[INFO] [stdout] 
[INFO] [stdout] Secondary result "org.weakref.nitro.tpcds.BenchmarkQueries.query26:gc.time":
[INFO] [stdout]   8.000 ±(99.9%) 0.001 ms [Sum]
[INFO] [stdout]   (min, avg, max) = (≈ 0, 1.600, 3.000), stdev = 1.140
[INFO] [stdout]   CI (99.9%): [8.000, 8.000] (assumes normal distribution)
[INFO] [stdout] 
[INFO] [stdout] Secondary result "org.weakref.nitro.tpcds.BenchmarkQueries.query26:iTLB-load-misses":
[INFO] [stdout]   8489.345 #/op
[INFO] [stdout] 
[INFO] [stdout] Secondary result "org.weakref.nitro.tpcds.BenchmarkQueries.query26:iTLB-loads":
[INFO] [stdout]   437398.284 #/op
[INFO] [stdout] 
[INFO] [stdout] Secondary result "org.weakref.nitro.tpcds.BenchmarkQueries.query26:instructions":
[INFO] [stdout]   3340654759.655 #/op
[INFO] [stdout] 
[INFO] [stdout] Secondary result "org.weakref.nitro.tpcds.BenchmarkQueries.query26:stalled-cycles-frontend":
[INFO] [stdout]   238183901.023 #/op
[INFO] [stdout] 
[INFO] [stdout] 
[INFO] [stdout] # Run complete. Total time: 00:00:08
[INFO] [stdout] 
[INFO] [stdout] REMEMBER: The numbers below are just data. To gain reusable insights, you need to follow up on
[INFO] [stdout] why the numbers are the way they are. Use profilers (see -prof, -lprof), design factorial
[INFO] [stdout] experiments, perform baseline and negative tests that provide experimental control, make sure
[INFO] [stdout] the benchmarking environment is safe on JVM/OS/HW level, ask for reviews from the domain experts.
[INFO] [stdout] Do not assume the numbers tell you what you want them to tell.
[INFO] [stdout] 
[INFO] [stdout] NOTE: Current JVM experimentally supports Compiler Blackholes, and they are in use. Please exercise
[INFO] [stdout] extra caution when trusting the results, look into the generated code to check the benchmark still
[INFO] [stdout] works, and factor in a small probability of new VM bugs. Additionally, while comparisons between
[INFO] [stdout] different JVMs are already problematic, the performance difference caused by different Blackhole
[INFO] [stdout] modes can be very significant. Please make sure you use the consistent Blackhole mode for comparisons.
[INFO] [stdout] 
[INFO] [stdout] Benchmark                                         Mode  Cnt           Score       Error      Units
[INFO] [stdout] BenchmarkQueries.query26                          avgt    5         174.286 ±     1.876      ms/op
[INFO] [stdout] BenchmarkQueries.query26:CPI                      avgt                0.292              clks/insn
[INFO] [stdout] BenchmarkQueries.query26:IPC                      avgt                3.423              insns/clk
[INFO] [stdout] BenchmarkQueries.query26:L1-dcache-load-misses    avgt         23293347.318                   #/op
[INFO] [stdout] BenchmarkQueries.query26:L1-dcache-loads          avgt       1492182819.249                   #/op
[INFO] [stdout] BenchmarkQueries.query26:L1-icache-load-misses    avgt          1022689.742                   #/op
[INFO] [stdout] BenchmarkQueries.query26:L1-icache-loads          avgt         14174624.487                   #/op
[INFO] [stdout] BenchmarkQueries.query26:branch-misses            avgt          5148337.061                   #/op
[INFO] [stdout] BenchmarkQueries.query26:branches                 avgt        677557391.674                   #/op
[INFO] [stdout] BenchmarkQueries.query26:cycles                   avgt        975971272.798                   #/op
[INFO] [stdout] BenchmarkQueries.query26:dTLB-load-misses         avgt            76102.964                   #/op
[INFO] [stdout] BenchmarkQueries.query26:dTLB-loads               avgt           598285.910                   #/op
[INFO] [stdout] BenchmarkQueries.query26:gc.alloc.rate            avgt    5         217.442 ±     2.155     MB/sec
[INFO] [stdout] BenchmarkQueries.query26:gc.alloc.rate.norm       avgt    5    39742966.400 ± 48996.303       B/op
[INFO] [stdout] BenchmarkQueries.query26:gc.count                 avgt    5           8.000                 counts
[INFO] [stdout] BenchmarkQueries.query26:gc.time                  avgt    5           8.000                     ms
[INFO] [stdout] BenchmarkQueries.query26:iTLB-load-misses         avgt             8489.345                   #/op
[INFO] [stdout] BenchmarkQueries.query26:iTLB-loads               avgt           437398.284                   #/op
[INFO] [stdout] BenchmarkQueries.query26:instructions             avgt       3340654759.655                   #/op
[INFO] [stdout] BenchmarkQueries.query26:stalled-cycles-frontend  avgt        238183901.023                   #/op
[INFO] [stdout] 
[INFO] [stdout] Benchmark result is saved to benchmarks/sweeps/20260718-targeted/nitro-tpcds-q26-sum-count-fusion-off-b.json
[INFO] ------------------------------------------------------------------------
[INFO] BUILD SUCCESS
[INFO] ------------------------------------------------------------------------
[INFO] Total time:  10.331 s (Wall Clock)
[INFO] Finished at: 2026-07-18T23:06:17Z
[INFO] ------------------------------------------------------------------------
[INFO] Njord session closed
