WARNING: Using incubator modules: jdk.incubator.vector
WARNING: A restricted method in java.lang.foreign.SymbolLookup has been called
WARNING: java.lang.foreign.SymbolLookup::libraryLookup has been called by io.airlift.compress.v3.internal.NativeLoader in an unnamed module (file:/root/.m2/repository/io/airlift/aircompressor-v3/3.4/aircompressor-v3-3.4.jar)
WARNING: Use --enable-native-access=ALL-UNNAMED to avoid a warning for callers in this module
WARNING: Restricted methods will be blocked in a future release unless native access is enabled

[rowcounts] [ss_sold_time_sk, ss_hdemo_sk, ss_store_sk] raw=28800991 survivors=19602
[rowcounts] filter-stages ss_sold_time_sk=28800991->551977[values=1800,rangeDensity=1.0000,dict=45557] ss_store_sk=551977->74521[values=14,rangeDensity=0.1538,dict=51] ss_hdemo_sk=74521->19602[values=1920,rangeDensity=0.2667,dict=7200]
[rowcounts] [ss_sold_time_sk, ss_hdemo_sk, ss_store_sk] raw=28800991 survivors=39239
[rowcounts] filter-stages ss_sold_time_sk=28800991->1105793[values=1800,rangeDensity=1.0000,dict=45557] ss_store_sk=1105793->147345[values=14,rangeDensity=0.1538,dict=51] ss_hdemo_sk=147345->39239[values=1920,rangeDensity=0.2667,dict=7200]
[rowcounts] [ss_sold_time_sk, ss_hdemo_sk, ss_store_sk] raw=28800991 survivors=38906
[rowcounts] filter-stages ss_sold_time_sk=28800991->1100580[values=1800,rangeDensity=1.0000,dict=45557] ss_store_sk=1100580->146451[values=14,rangeDensity=0.1538,dict=51] ss_hdemo_sk=146451->38906[values=1920,rangeDensity=0.2667,dict=7200]
[rowcounts] [ss_sold_time_sk, ss_hdemo_sk, ss_store_sk] raw=28800991 survivors=58153
[rowcounts] filter-stages ss_sold_time_sk=28800991->1645352[values=1800,rangeDensity=1.0000,dict=45557] ss_store_sk=1645352->220382[values=14,rangeDensity=0.1538,dict=51] ss_hdemo_sk=220382->58153[values=1920,rangeDensity=0.2667,dict=7200]
[rowcounts] [ss_sold_time_sk, ss_hdemo_sk, ss_store_sk] raw=28800991 survivors=58059
[rowcounts] filter-stages ss_sold_time_sk=28800991->1657729[values=1800,rangeDensity=1.0000,dict=45557] ss_store_sk=1657729->223913[values=14,rangeDensity=0.1538,dict=51] ss_hdemo_sk=223913->58059[values=1920,rangeDensity=0.2667,dict=7200]
[rowcounts] [ss_sold_time_sk, ss_hdemo_sk, ss_store_sk] raw=28800991 survivors=34838
[rowcounts] filter-stages ss_sold_time_sk=28800991->958094[values=1800,rangeDensity=1.0000,dict=45557] ss_store_sk=958094->129381[values=14,rangeDensity=0.1538,dict=51] ss_hdemo_sk=129381->34838[values=1920,rangeDensity=0.2667,dict=7200]
[rowcounts] [ss_sold_time_sk, ss_hdemo_sk, ss_store_sk] raw=28800991 survivors=33429
[rowcounts] filter-stages ss_sold_time_sk=28800991->956288[values=1800,rangeDensity=1.0000,dict=45557] ss_store_sk=956288->128864[values=14,rangeDensity=0.1538,dict=51] ss_hdemo_sk=128864->33429[values=1920,rangeDensity=0.2667,dict=7200]
[rowcounts] [ss_sold_time_sk, ss_hdemo_sk, ss_store_sk] raw=28800991 survivors=38764
[rowcounts] filter-stages ss_sold_time_sk=28800991->1100338[values=1800,rangeDensity=1.0000,dict=45557] ss_store_sk=1100338->146497[values=14,rangeDensity=0.1538,dict=51] ss_hdemo_sk=146497->38764[values=1920,rangeDensity=0.2667,dict=7200]
query88: 1 iters, 1757.6 ms/iter, rows-sink=9
