[INFO] Processing build on daemon e20effc9
[INFO] Scanning for projects...
[INFO] Njord 0.9.4 session created
[INFO] BuildTimeEventSpy is registered.
[INFO] 
[INFO] Using the SmartBuilder implementation with a thread count of 7
[INFO] 
[INFO] -------------------------< org.weakref:nitro >--------------------------
[INFO] Building nitro 1-SNAPSHOT
[INFO]   from pom.xml
[INFO] --------------------------------[ jar ]---------------------------------
[WARNING] 2 problems were encountered while building the effective model for org.apache.yetus:audience-annotations:jar:0.5.0 during dependency collection step for project (use -X to see details)
[INFO] 
[INFO] --- exec:3.6.1:exec (benchmark) @ nitro ---
[WARNING] [stderr] WARNING: Using incubator modules: jdk.incubator.vector
[WARNING] [stderr] WARNING: A terminally deprecated method in sun.misc.Unsafe has been called
[WARNING] [stderr] WARNING: sun.misc.Unsafe::objectFieldOffset has been called by org.openjdk.jmh.util.Utils (file:/root/.m2/repository/org/openjdk/jmh/jmh-core/1.37/jmh-core-1.37.jar)
[WARNING] [stderr] WARNING: Please consider reporting this to the maintainers of class org.openjdk.jmh.util.Utils
[WARNING] [stderr] WARNING: sun.misc.Unsafe::objectFieldOffset will be removed in a future release
[INFO] [stdout] # JMH version: 1.37
[INFO] [stdout] # VM version: JDK 26.0.1, OpenJDK 64-Bit Server VM, 26.0.1+8
[INFO] [stdout] # VM invoker: /opt/java/openjdk/bin/java
[INFO] [stdout] # VM options: --enable-preview --add-modules=jdk.incubator.vector -Dnitro.clickbench.hits.path= -Xmx12g -XX:+UseTransparentHugePages --enable-native-access=ALL-UNNAMED -Dnitro.tpcds.parquet.path=/root/data/tpcds-parquet-sf10 -Dnitro.tpcds.parquet.schema=sf10 -Dnitro.parquet.snappyLibraryPath=/tmp/snappy-build/libsnappy.so.1.2.2 -Dnitro.parquet.externalSnappyMinCompressedBytes=65536
[INFO] [stdout] # Blackhole mode: compiler (auto-detected, use -Djmh.blackhole.autoDetect=false to disable)
[INFO] [stdout] # Warmup: 3 iterations, 1 s each
[INFO] [stdout] # Measurement: 5 iterations, 1 s each
[INFO] [stdout] # Timeout: 30 min per iteration
[INFO] [stdout] # Threads: 1 thread, will synchronize iterations
[INFO] [stdout] # Benchmark mode: Average time, time/op
[INFO] [stdout] # Benchmark: org.weakref.nitro.tpcds.BenchmarkQueries.query21
[INFO] [stdout] 
[INFO] [stdout] # Run progress: 0.00% complete, ETA 00:00:08
[INFO] [stdout] # Fork: 1 of 1
[INFO] [stdout] # Preparing profilers: LinuxPerfNormProfiler 
[INFO] [stdout] # Profilers consume stderr from target VM, use -v EXTRA to copy to console
[INFO] [stdout] # Warmup Iteration   1: 646.492 ms/op
[INFO] [stdout] # Warmup Iteration   2: 418.586 ms/op
[INFO] [stdout] # Warmup Iteration   3: 407.081 ms/op
[INFO] [stdout] Iteration   1: 404.078 ms/op
[INFO] [stdout]                  gc.alloc.rate:      80.520 MB/sec
[INFO] [stdout]                  gc.alloc.rate.norm: 34120402.667 B/op
[INFO] [stdout]                  gc.count:           1.000 counts
[INFO] [stdout]                  gc.time:            2.000 ms
[INFO] [stdout] 
[INFO] [stdout] Iteration   2: 403.281 ms/op
[INFO] [stdout]                  gc.alloc.rate:      80.492 MB/sec
[INFO] [stdout]                  gc.alloc.rate.norm: 34041205.333 B/op
[INFO] [stdout]                  gc.count:           ≈ 0 counts
[INFO] [stdout] 
[INFO] [stdout] Iteration   3: 403.977 ms/op
[INFO] [stdout]                  gc.alloc.rate:      80.314 MB/sec
[INFO] [stdout]                  gc.alloc.rate.norm: 34025130.667 B/op
[INFO] [stdout]                  gc.count:           1.000 counts
[INFO] [stdout]                  gc.time:            1.000 ms
[INFO] [stdout] 
[INFO] [stdout] Iteration   4: 405.945 ms/op
[INFO] [stdout]                  gc.alloc.rate:      79.915 MB/sec
[INFO] [stdout]                  gc.alloc.rate.norm: 34020000.000 B/op
[INFO] [stdout]                  gc.count:           ≈ 0 counts
[INFO] [stdout] 
[INFO] [stdout] Iteration   5: 403.809 ms/op
[INFO] [stdout]                  gc.alloc.rate:      80.326 MB/sec
[INFO] [stdout]                  gc.alloc.rate.norm: 34016250.667 B/op
[INFO] [stdout]                  gc.count:           1.000 counts
[INFO] [stdout]                  gc.time:            2.000 ms
[INFO] [stdout] 
[INFO] [stdout] # Processing profiler results: LinuxPerfNormProfiler 
[INFO] [stdout] 
[INFO] [stdout] 
[INFO] [stdout] Result "org.weakref.nitro.tpcds.BenchmarkQueries.query21":
[INFO] [stdout]   404.218 ±(99.9%) 3.901 ms/op [Average]
[INFO] [stdout]   (min, avg, max) = (403.281, 404.218, 405.945), stdev = 1.013
[INFO] [stdout]   CI (99.9%): [400.317, 408.119] (assumes normal distribution)
[INFO] [stdout] 
[INFO] [stdout] Secondary result "org.weakref.nitro.tpcds.BenchmarkQueries.query21:CPI":
[INFO] [stdout]   0.254 clks/insn
[INFO] [stdout] 
[INFO] [stdout] Secondary result "org.weakref.nitro.tpcds.BenchmarkQueries.query21:IPC":
[INFO] [stdout]   3.943 insns/clk
[INFO] [stdout] 
[INFO] [stdout] Secondary result "org.weakref.nitro.tpcds.BenchmarkQueries.query21:L1-dcache-load-misses":
[INFO] [stdout]   30875625.388 #/op
[INFO] [stdout] 
[INFO] [stdout] Secondary result "org.weakref.nitro.tpcds.BenchmarkQueries.query21:L1-dcache-loads":
[INFO] [stdout]   3852845048.154 #/op
[INFO] [stdout] 
[INFO] [stdout] Secondary result "org.weakref.nitro.tpcds.BenchmarkQueries.query21:L1-icache-load-misses":
[INFO] [stdout]   1710204.822 #/op
[INFO] [stdout] 
[INFO] [stdout] Secondary result "org.weakref.nitro.tpcds.BenchmarkQueries.query21:L1-icache-loads":
[INFO] [stdout]   20384203.627 #/op
[INFO] [stdout] 
[INFO] [stdout] Secondary result "org.weakref.nitro.tpcds.BenchmarkQueries.query21:branch-misses":
[INFO] [stdout]   4310050.994 #/op
[INFO] [stdout] 
[INFO] [stdout] Secondary result "org.weakref.nitro.tpcds.BenchmarkQueries.query21:branches":
[INFO] [stdout]   1897394060.160 #/op
[INFO] [stdout] 
[INFO] [stdout] Secondary result "org.weakref.nitro.tpcds.BenchmarkQueries.query21:cycles":
[INFO] [stdout]   2293371868.353 #/op
[INFO] [stdout] 
[INFO] [stdout] Secondary result "org.weakref.nitro.tpcds.BenchmarkQueries.query21:dTLB-load-misses":
[INFO] [stdout]   143102.406 #/op
[INFO] [stdout] 
[INFO] [stdout] Secondary result "org.weakref.nitro.tpcds.BenchmarkQueries.query21:dTLB-loads":
[INFO] [stdout]   1615304.805 #/op
[INFO] [stdout] 
[INFO] [stdout] Secondary result "org.weakref.nitro.tpcds.BenchmarkQueries.query21:gc.alloc.rate":
[INFO] [stdout]   80.313 ±(99.9%) 0.931 MB/sec [Average]
[INFO] [stdout]   (min, avg, max) = (79.915, 80.313, 80.520), stdev = 0.242
[INFO] [stdout]   CI (99.9%): [79.383, 81.244] (assumes normal distribution)
[INFO] [stdout] 
[INFO] [stdout] Secondary result "org.weakref.nitro.tpcds.BenchmarkQueries.query21:gc.alloc.rate.norm":
[INFO] [stdout]   34044597.867 ±(99.9%) 167242.421 B/op [Average]
[INFO] [stdout]   (min, avg, max) = (34016250.667, 34044597.867, 34120402.667), stdev = 43432.326
[INFO] [stdout]   CI (99.9%): [33877355.446, 34211840.288] (assumes normal distribution)
[INFO] [stdout] 
[INFO] [stdout] Secondary result "org.weakref.nitro.tpcds.BenchmarkQueries.query21:gc.count":
[INFO] [stdout]   3.000 ±(99.9%) 0.001 counts [Sum]
[INFO] [stdout]   (min, avg, max) = (≈ 0, 0.600, 1.000), stdev = 0.548
[INFO] [stdout]   CI (99.9%): [3.000, 3.000] (assumes normal distribution)
[INFO] [stdout] 
[INFO] [stdout] Secondary result "org.weakref.nitro.tpcds.BenchmarkQueries.query21:gc.time":
[INFO] [stdout]   5.000 ±(99.9%) 0.001 ms [Sum]
[INFO] [stdout]   (min, avg, max) = (≈ 0, 1.000, 2.000), stdev = 1.000
[INFO] [stdout]   CI (99.9%): [5.000, 5.000] (assumes normal distribution)
[INFO] [stdout] 
[INFO] [stdout] Secondary result "org.weakref.nitro.tpcds.BenchmarkQueries.query21:iTLB-load-misses":
[INFO] [stdout]   16154.327 #/op
[INFO] [stdout] 
[INFO] [stdout] Secondary result "org.weakref.nitro.tpcds.BenchmarkQueries.query21:iTLB-loads":
[INFO] [stdout]   1031576.229 #/op
[INFO] [stdout] 
[INFO] [stdout] Secondary result "org.weakref.nitro.tpcds.BenchmarkQueries.query21:instructions":
[INFO] [stdout]   9042940725.835 #/op
[INFO] [stdout] 
[INFO] [stdout] Secondary result "org.weakref.nitro.tpcds.BenchmarkQueries.query21:stalled-cycles-frontend":
[INFO] [stdout]   533026923.419 #/op
[INFO] [stdout] 
[INFO] [stdout] 
[INFO] [stdout] # Run complete. Total time: 00:00:10
[INFO] [stdout] 
[INFO] [stdout] REMEMBER: The numbers below are just data. To gain reusable insights, you need to follow up on
[INFO] [stdout] why the numbers are the way they are. Use profilers (see -prof, -lprof), design factorial
[INFO] [stdout] experiments, perform baseline and negative tests that provide experimental control, make sure
[INFO] [stdout] the benchmarking environment is safe on JVM/OS/HW level, ask for reviews from the domain experts.
[INFO] [stdout] Do not assume the numbers tell you what you want them to tell.
[INFO] [stdout] 
[INFO] [stdout] NOTE: Current JVM experimentally supports Compiler Blackholes, and they are in use. Please exercise
[INFO] [stdout] extra caution when trusting the results, look into the generated code to check the benchmark still
[INFO] [stdout] works, and factor in a small probability of new VM bugs. Additionally, while comparisons between
[INFO] [stdout] different JVMs are already problematic, the performance difference caused by different Blackhole
[INFO] [stdout] modes can be very significant. Please make sure you use the consistent Blackhole mode for comparisons.
[INFO] [stdout] 
[INFO] [stdout] Benchmark                                         Mode  Cnt           Score        Error      Units
[INFO] [stdout] BenchmarkQueries.query21                          avgt    5         404.218 ±      3.901      ms/op
[INFO] [stdout] BenchmarkQueries.query21:CPI                      avgt                0.254               clks/insn
[INFO] [stdout] BenchmarkQueries.query21:IPC                      avgt                3.943               insns/clk
[INFO] [stdout] BenchmarkQueries.query21:L1-dcache-load-misses    avgt         30875625.388                    #/op
[INFO] [stdout] BenchmarkQueries.query21:L1-dcache-loads          avgt       3852845048.154                    #/op
[INFO] [stdout] BenchmarkQueries.query21:L1-icache-load-misses    avgt          1710204.822                    #/op
[INFO] [stdout] BenchmarkQueries.query21:L1-icache-loads          avgt         20384203.627                    #/op
[INFO] [stdout] BenchmarkQueries.query21:branch-misses            avgt          4310050.994                    #/op
[INFO] [stdout] BenchmarkQueries.query21:branches                 avgt       1897394060.160                    #/op
[INFO] [stdout] BenchmarkQueries.query21:cycles                   avgt       2293371868.353                    #/op
[INFO] [stdout] BenchmarkQueries.query21:dTLB-load-misses         avgt           143102.406                    #/op
[INFO] [stdout] BenchmarkQueries.query21:dTLB-loads               avgt          1615304.805                    #/op
[INFO] [stdout] BenchmarkQueries.query21:gc.alloc.rate            avgt    5          80.313 ±      0.931     MB/sec
[INFO] [stdout] BenchmarkQueries.query21:gc.alloc.rate.norm       avgt    5    34044597.867 ± 167242.421       B/op
[INFO] [stdout] BenchmarkQueries.query21:gc.count                 avgt    5           3.000                  counts
[INFO] [stdout] BenchmarkQueries.query21:gc.time                  avgt    5           5.000                      ms
[INFO] [stdout] BenchmarkQueries.query21:iTLB-load-misses         avgt            16154.327                    #/op
[INFO] [stdout] BenchmarkQueries.query21:iTLB-loads               avgt          1031576.229                    #/op
[INFO] [stdout] BenchmarkQueries.query21:instructions             avgt       9042940725.835                    #/op
[INFO] [stdout] BenchmarkQueries.query21:stalled-cycles-frontend  avgt        533026923.419                    #/op
[INFO] [stdout] 
[INFO] [stdout] Benchmark result is saved to benchmarks/sweeps/20260718-targeted/nitro-tpcds-q21-rebuilt-snappy-screen.json
[INFO] ------------------------------------------------------------------------
[INFO] BUILD SUCCESS
[INFO] ------------------------------------------------------------------------
[INFO] Total time:  10.876 s (Wall Clock)
[INFO] Finished at: 2026-07-18T12:39:17Z
[INFO] ------------------------------------------------------------------------
[INFO] Njord session closed
