[INFO] Processing build on daemon e20effc9
[INFO] Scanning for projects...
[INFO] Njord 0.9.4 session created
[INFO] BuildTimeEventSpy is registered.
[INFO] 
[INFO] Using the SmartBuilder implementation with a thread count of 7
[INFO] 
[INFO] -------------------------< org.weakref:nitro >--------------------------
[INFO] Building nitro 1-SNAPSHOT
[INFO]   from pom.xml
[INFO] --------------------------------[ jar ]---------------------------------
[WARNING] 2 problems were encountered while building the effective model for org.apache.yetus:audience-annotations:jar:0.5.0 during dependency collection step for project (use -X to see details)
[INFO] 
[INFO] --- exec:3.6.1:exec (benchmark) @ nitro ---
[WARNING] [stderr] WARNING: Using incubator modules: jdk.incubator.vector
[WARNING] [stderr] WARNING: A terminally deprecated method in sun.misc.Unsafe has been called
[WARNING] [stderr] WARNING: sun.misc.Unsafe::objectFieldOffset has been called by org.openjdk.jmh.util.Utils (file:/root/.m2/repository/org/openjdk/jmh/jmh-core/1.37/jmh-core-1.37.jar)
[WARNING] [stderr] WARNING: Please consider reporting this to the maintainers of class org.openjdk.jmh.util.Utils
[WARNING] [stderr] WARNING: sun.misc.Unsafe::objectFieldOffset will be removed in a future release
[INFO] [stdout] # JMH version: 1.37
[INFO] [stdout] # VM version: JDK 26.0.1, OpenJDK 64-Bit Server VM, 26.0.1+8
[INFO] [stdout] # VM invoker: /opt/java/openjdk/bin/java
[INFO] [stdout] # VM options: --enable-preview --add-modules=jdk.incubator.vector -Dnitro.clickbench.hits.path= -Xmx12g -XX:+UseTransparentHugePages -Dnitro.tpcds.parquet.path=/root/data/tpcds-parquet-sf10 -Dnitro.tpcds.parquet.schema=sf10
[INFO] [stdout] # Blackhole mode: compiler (auto-detected, use -Djmh.blackhole.autoDetect=false to disable)
[INFO] [stdout] # Warmup: 2 iterations, 1 s each
[INFO] [stdout] # Measurement: 3 iterations, 1 s each
[INFO] [stdout] # Timeout: 30 min per iteration
[INFO] [stdout] # Threads: 1 thread, will synchronize iterations
[INFO] [stdout] # Benchmark mode: Average time, time/op
[INFO] [stdout] # Benchmark: org.weakref.nitro.tpcds.BenchmarkQueries.query22
[INFO] [stdout] 
[INFO] [stdout] # Run progress: 0.00% complete, ETA 00:00:15
[INFO] [stdout] # Fork: 1 of 1
[INFO] [stdout] # Preparing profilers: LinuxPerfNormProfiler 
[INFO] [stdout] # Profilers consume stderr from target VM, use -v EXTRA to copy to console
[INFO] [stdout] # Warmup Iteration   1: 1419.485 ms/op
[INFO] [stdout] # Warmup Iteration   2: 922.118 ms/op
[INFO] [stdout] Iteration   1: 888.004 ms/op
[INFO] [stdout]                  gc.alloc.rate:      110.561 MB/sec
[INFO] [stdout]                  gc.alloc.rate.norm: 102954860.000 B/op
[INFO] [stdout]                  gc.count:           1.000 counts
[INFO] [stdout]                  gc.time:            3.000 ms
[INFO] [stdout] 
[INFO] [stdout] Iteration   2: 883.132 ms/op
[INFO] [stdout]                  gc.alloc.rate:      110.967 MB/sec
[INFO] [stdout]                  gc.alloc.rate.norm: 102765584.000 B/op
[INFO] [stdout]                  gc.count:           ≈ 0 counts
[INFO] [stdout] 
[INFO] [stdout] Iteration   3: 881.644 ms/op
[INFO] [stdout]                  gc.alloc.rate:      111.145 MB/sec
[INFO] [stdout]                  gc.alloc.rate.norm: 102758516.000 B/op
[INFO] [stdout]                  gc.count:           3.000 counts
[INFO] [stdout]                  gc.time:            5.000 ms
[INFO] [stdout] 
[INFO] [stdout] # Processing profiler results: LinuxPerfNormProfiler 
[INFO] [stdout] 
[INFO] [stdout] 
[INFO] [stdout] Result "org.weakref.nitro.tpcds.BenchmarkQueries.query22":
[INFO] [stdout]   884.260 ±(99.9%) 60.690 ms/op [Average]
[INFO] [stdout]   (min, avg, max) = (881.644, 884.260, 888.004), stdev = 3.327
[INFO] [stdout]   CI (99.9%): [823.569, 944.950] (assumes normal distribution)
[INFO] [stdout] 
[INFO] [stdout] Secondary result "org.weakref.nitro.tpcds.BenchmarkQueries.query22:CPI":
[INFO] [stdout]   0.279 clks/insn
[INFO] [stdout] 
[INFO] [stdout] Secondary result "org.weakref.nitro.tpcds.BenchmarkQueries.query22:IPC":
[INFO] [stdout]   3.589 insns/clk
[INFO] [stdout] 
[INFO] [stdout] Secondary result "org.weakref.nitro.tpcds.BenchmarkQueries.query22:L1-dcache-load-misses":
[INFO] [stdout]   183918422.952 #/op
[INFO] [stdout] 
[INFO] [stdout] Secondary result "org.weakref.nitro.tpcds.BenchmarkQueries.query22:L1-dcache-loads":
[INFO] [stdout]   7673715182.901 #/op
[INFO] [stdout] 
[INFO] [stdout] Secondary result "org.weakref.nitro.tpcds.BenchmarkQueries.query22:L1-icache-load-misses":
[INFO] [stdout]   2852392.461 #/op
[INFO] [stdout] 
[INFO] [stdout] Secondary result "org.weakref.nitro.tpcds.BenchmarkQueries.query22:L1-icache-loads":
[INFO] [stdout]   35337395.382 #/op
[INFO] [stdout] 
[INFO] [stdout] Secondary result "org.weakref.nitro.tpcds.BenchmarkQueries.query22:branch-misses":
[INFO] [stdout]   17831798.978 #/op
[INFO] [stdout] 
[INFO] [stdout] Secondary result "org.weakref.nitro.tpcds.BenchmarkQueries.query22:branches":
[INFO] [stdout]   3669721768.622 #/op
[INFO] [stdout] 
[INFO] [stdout] Secondary result "org.weakref.nitro.tpcds.BenchmarkQueries.query22:cycles":
[INFO] [stdout]   4865622611.155 #/op
[INFO] [stdout] 
[INFO] [stdout] Secondary result "org.weakref.nitro.tpcds.BenchmarkQueries.query22:dTLB-load-misses":
[INFO] [stdout]   172718.122 #/op
[INFO] [stdout] 
[INFO] [stdout] Secondary result "org.weakref.nitro.tpcds.BenchmarkQueries.query22:dTLB-loads":
[INFO] [stdout]   1981186.924 #/op
[INFO] [stdout] 
[INFO] [stdout] Secondary result "org.weakref.nitro.tpcds.BenchmarkQueries.query22:gc.alloc.rate":
[INFO] [stdout]   110.891 ±(99.9%) 5.462 MB/sec [Average]
[INFO] [stdout]   (min, avg, max) = (110.561, 110.891, 111.145), stdev = 0.299
[INFO] [stdout]   CI (99.9%): [105.430, 116.353] (assumes normal distribution)
[INFO] [stdout] 
[INFO] [stdout] Secondary result "org.weakref.nitro.tpcds.BenchmarkQueries.query22:gc.alloc.rate.norm":
[INFO] [stdout]   102826320.000 ±(99.9%) 2031894.385 B/op [Average]
[INFO] [stdout]   (min, avg, max) = (102758516.000, 102826320.000, 102954860.000), stdev = 111374.988
[INFO] [stdout]   CI (99.9%): [100794425.615, 104858214.385] (assumes normal distribution)
[INFO] [stdout] 
[INFO] [stdout] Secondary result "org.weakref.nitro.tpcds.BenchmarkQueries.query22:gc.count":
[INFO] [stdout]   4.000 ±(99.9%) 0.001 counts [Sum]
[INFO] [stdout]   (min, avg, max) = (≈ 0, 1.333, 3.000), stdev = 1.528
[INFO] [stdout]   CI (99.9%): [4.000, 4.000] (assumes normal distribution)
[INFO] [stdout] 
[INFO] [stdout] Secondary result "org.weakref.nitro.tpcds.BenchmarkQueries.query22:gc.time":
[INFO] [stdout]   8.000 ±(99.9%) 0.001 ms [Sum]
[INFO] [stdout]   (min, avg, max) = (≈ 0, 2.667, 5.000), stdev = 2.517
[INFO] [stdout]   CI (99.9%): [8.000, 8.000] (assumes normal distribution)
[INFO] [stdout] 
[INFO] [stdout] Secondary result "org.weakref.nitro.tpcds.BenchmarkQueries.query22:iTLB-load-misses":
[INFO] [stdout]   21601.886 #/op
[INFO] [stdout] 
[INFO] [stdout] Secondary result "org.weakref.nitro.tpcds.BenchmarkQueries.query22:iTLB-loads":
[INFO] [stdout]   1427777.724 #/op
[INFO] [stdout] 
[INFO] [stdout] Secondary result "org.weakref.nitro.tpcds.BenchmarkQueries.query22:instructions":
[INFO] [stdout]   17462101634.494 #/op
[INFO] [stdout] 
[INFO] [stdout] Secondary result "org.weakref.nitro.tpcds.BenchmarkQueries.query22:stalled-cycles-frontend":
[INFO] [stdout]   1004165262.459 #/op
[INFO] [stdout] 
[INFO] [stdout] 
[INFO] [stdout] # JMH version: 1.37
[INFO] [stdout] # VM version: JDK 26.0.1, OpenJDK 64-Bit Server VM, 26.0.1+8
[INFO] [stdout] # VM invoker: /opt/java/openjdk/bin/java
[INFO] [stdout] # VM options: --enable-preview --add-modules=jdk.incubator.vector -Dnitro.clickbench.hits.path= -Xmx12g -XX:+UseTransparentHugePages -Dnitro.tpcds.parquet.path=/root/data/tpcds-parquet-sf10 -Dnitro.tpcds.parquet.schema=sf10
[INFO] [stdout] # Blackhole mode: compiler (auto-detected, use -Djmh.blackhole.autoDetect=false to disable)
[INFO] [stdout] # Warmup: 2 iterations, 1 s each
[INFO] [stdout] # Measurement: 3 iterations, 1 s each
[INFO] [stdout] # Timeout: 30 min per iteration
[INFO] [stdout] # Threads: 1 thread, will synchronize iterations
[INFO] [stdout] # Benchmark mode: Average time, time/op
[INFO] [stdout] # Benchmark: org.weakref.nitro.tpcds.BenchmarkQueries.query32
[INFO] [stdout] 
[INFO] [stdout] # Run progress: 33.33% complete, ETA 00:00:17
[INFO] [stdout] # Fork: 1 of 1
[INFO] [stdout] # Preparing profilers: LinuxPerfNormProfiler 
[INFO] [stdout] # Profilers consume stderr from target VM, use -v EXTRA to copy to console
[INFO] [stdout] # Warmup Iteration   1: 100.538 ms/op
[INFO] [stdout] # Warmup Iteration   2: 55.103 ms/op
[INFO] [stdout] Iteration   1: 53.863 ms/op
[INFO] [stdout]                  gc.alloc.rate:      515.372 MB/sec
[INFO] [stdout]                  gc.alloc.rate.norm: 29112909.474 B/op
[INFO] [stdout]                  gc.count:           1.000 counts
[INFO] [stdout]                  gc.time:            2.000 ms
[INFO] [stdout] 
[INFO] [stdout] Iteration   2: 53.559 ms/op
[INFO] [stdout]                  gc.alloc.rate:      518.291 MB/sec
[INFO] [stdout]                  gc.alloc.rate.norm: 29112065.684 B/op
[INFO] [stdout]                  gc.count:           4.000 counts
[INFO] [stdout]                  gc.time:            2.000 ms
[INFO] [stdout] 
[INFO] [stdout] Iteration   3: 53.533 ms/op
[INFO] [stdout]                  gc.alloc.rate:      518.523 MB/sec
[INFO] [stdout]                  gc.alloc.rate.norm: 29110600.000 B/op
[INFO] [stdout]                  gc.count:           4.000 counts
[INFO] [stdout]                  gc.time:            3.000 ms
[INFO] [stdout] 
[INFO] [stdout] # Processing profiler results: LinuxPerfNormProfiler 
[INFO] [stdout] 
[INFO] [stdout] 
[INFO] [stdout] Result "org.weakref.nitro.tpcds.BenchmarkQueries.query32":
[INFO] [stdout]   53.652 ±(99.9%) 3.352 ms/op [Average]
[INFO] [stdout]   (min, avg, max) = (53.533, 53.652, 53.863), stdev = 0.184
[INFO] [stdout]   CI (99.9%): [50.300, 57.004] (assumes normal distribution)
[INFO] [stdout] 
[INFO] [stdout] Secondary result "org.weakref.nitro.tpcds.BenchmarkQueries.query32:CPI":
[INFO] [stdout]   0.256 clks/insn
[INFO] [stdout] 
[INFO] [stdout] Secondary result "org.weakref.nitro.tpcds.BenchmarkQueries.query32:IPC":
[INFO] [stdout]   3.907 insns/clk
[INFO] [stdout] 
[INFO] [stdout] Secondary result "org.weakref.nitro.tpcds.BenchmarkQueries.query32:L1-dcache-load-misses":
[INFO] [stdout]   15837295.097 #/op
[INFO] [stdout] 
[INFO] [stdout] Secondary result "org.weakref.nitro.tpcds.BenchmarkQueries.query32:L1-dcache-loads":
[INFO] [stdout]   523658594.666 #/op
[INFO] [stdout] 
[INFO] [stdout] Secondary result "org.weakref.nitro.tpcds.BenchmarkQueries.query32:L1-icache-load-misses":
[INFO] [stdout]   498221.112 #/op
[INFO] [stdout] 
[INFO] [stdout] Secondary result "org.weakref.nitro.tpcds.BenchmarkQueries.query32:L1-icache-loads":
[INFO] [stdout]   6021989.511 #/op
[INFO] [stdout] 
[INFO] [stdout] Secondary result "org.weakref.nitro.tpcds.BenchmarkQueries.query32:branch-misses":
[INFO] [stdout]   1568351.426 #/op
[INFO] [stdout] 
[INFO] [stdout] Secondary result "org.weakref.nitro.tpcds.BenchmarkQueries.query32:branches":
[INFO] [stdout]   269507373.596 #/op
[INFO] [stdout] 
[INFO] [stdout] Secondary result "org.weakref.nitro.tpcds.BenchmarkQueries.query32:cycles":
[INFO] [stdout]   325180980.841 #/op
[INFO] [stdout] 
[INFO] [stdout] Secondary result "org.weakref.nitro.tpcds.BenchmarkQueries.query32:dTLB-load-misses":
[INFO] [stdout]   38990.442 #/op
[INFO] [stdout] 
[INFO] [stdout] Secondary result "org.weakref.nitro.tpcds.BenchmarkQueries.query32:dTLB-loads":
[INFO] [stdout]   385913.708 #/op
[INFO] [stdout] 
[INFO] [stdout] Secondary result "org.weakref.nitro.tpcds.BenchmarkQueries.query32:gc.alloc.rate":
[INFO] [stdout]   517.395 ±(99.9%) 32.033 MB/sec [Average]
[INFO] [stdout]   (min, avg, max) = (515.372, 517.395, 518.523), stdev = 1.756
[INFO] [stdout]   CI (99.9%): [485.362, 549.428] (assumes normal distribution)
[INFO] [stdout] 
[INFO] [stdout] Secondary result "org.weakref.nitro.tpcds.BenchmarkQueries.query32:gc.alloc.rate.norm":
[INFO] [stdout]   29111858.386 ±(99.9%) 21319.775 B/op [Average]
[INFO] [stdout]   (min, avg, max) = (29110600.000, 29111858.386, 29112909.474), stdev = 1168.609
[INFO] [stdout]   CI (99.9%): [29090538.611, 29133178.161] (assumes normal distribution)
[INFO] [stdout] 
[INFO] [stdout] Secondary result "org.weakref.nitro.tpcds.BenchmarkQueries.query32:gc.count":
[INFO] [stdout]   9.000 ±(99.9%) 0.001 counts [Sum]
[INFO] [stdout]   (min, avg, max) = (1.000, 3.000, 4.000), stdev = 1.732
[INFO] [stdout]   CI (99.9%): [9.000, 9.000] (assumes normal distribution)
[INFO] [stdout] 
[INFO] [stdout] Secondary result "org.weakref.nitro.tpcds.BenchmarkQueries.query32:gc.time":
[INFO] [stdout]   7.000 ±(99.9%) 0.001 ms [Sum]
[INFO] [stdout]   (min, avg, max) = (2.000, 2.333, 3.000), stdev = 0.577
[INFO] [stdout]   CI (99.9%): [7.000, 7.000] (assumes normal distribution)
[INFO] [stdout] 
[INFO] [stdout] Secondary result "org.weakref.nitro.tpcds.BenchmarkQueries.query32:iTLB-load-misses":
[INFO] [stdout]   5837.986 #/op
[INFO] [stdout] 
[INFO] [stdout] Secondary result "org.weakref.nitro.tpcds.BenchmarkQueries.query32:iTLB-loads":
[INFO] [stdout]   246438.894 #/op
[INFO] [stdout] 
[INFO] [stdout] Secondary result "org.weakref.nitro.tpcds.BenchmarkQueries.query32:instructions":
[INFO] [stdout]   1270396006.381 #/op
[INFO] [stdout] 
[INFO] [stdout] Secondary result "org.weakref.nitro.tpcds.BenchmarkQueries.query32:stalled-cycles-frontend":
[INFO] [stdout]   62841118.571 #/op
[INFO] [stdout] 
[INFO] [stdout] 
[INFO] [stdout] # JMH version: 1.37
[INFO] [stdout] # VM version: JDK 26.0.1, OpenJDK 64-Bit Server VM, 26.0.1+8
[INFO] [stdout] # VM invoker: /opt/java/openjdk/bin/java
[INFO] [stdout] # VM options: --enable-preview --add-modules=jdk.incubator.vector -Dnitro.clickbench.hits.path= -Xmx12g -XX:+UseTransparentHugePages -Dnitro.tpcds.parquet.path=/root/data/tpcds-parquet-sf10 -Dnitro.tpcds.parquet.schema=sf10
[INFO] [stdout] # Blackhole mode: compiler (auto-detected, use -Djmh.blackhole.autoDetect=false to disable)
[INFO] [stdout] # Warmup: 2 iterations, 1 s each
[INFO] [stdout] # Measurement: 3 iterations, 1 s each
[INFO] [stdout] # Timeout: 30 min per iteration
[INFO] [stdout] # Threads: 1 thread, will synchronize iterations
[INFO] [stdout] # Benchmark mode: Average time, time/op
[INFO] [stdout] # Benchmark: org.weakref.nitro.tpcds.BenchmarkQueries.query92
[INFO] [stdout] 
[INFO] [stdout] # Run progress: 66.67% complete, ETA 00:00:07
[INFO] [stdout] # Fork: 1 of 1
[INFO] [stdout] # Preparing profilers: LinuxPerfNormProfiler 
[INFO] [stdout] # Profilers consume stderr from target VM, use -v EXTRA to copy to console
[INFO] [stdout] # Warmup Iteration   1: 73.294 ms/op
[INFO] [stdout] # Warmup Iteration   2: 37.063 ms/op
[INFO] [stdout] Iteration   1: 36.509 ms/op
[INFO] [stdout]                  gc.alloc.rate:      483.116 MB/sec
[INFO] [stdout]                  gc.alloc.rate.norm: 18497966.000 B/op
[INFO] [stdout]                  gc.count:           2.000 counts
[INFO] [stdout]                  gc.time:            3.000 ms
[INFO] [stdout] 
[INFO] [stdout] Iteration   2: 36.061 ms/op
[INFO] [stdout]                  gc.alloc.rate:      489.048 MB/sec
[INFO] [stdout]                  gc.alloc.rate.norm: 18495210.571 B/op
[INFO] [stdout]                  gc.count:           2.000 counts
[INFO] [stdout]                  gc.time:            1.000 ms
[INFO] [stdout] 
[INFO] [stdout] Iteration   3: 36.070 ms/op
[INFO] [stdout]                  gc.alloc.rate:      488.863 MB/sec
[INFO] [stdout]                  gc.alloc.rate.norm: 18492801.143 B/op
[INFO] [stdout]                  gc.count:           2.000 counts
[INFO] [stdout]                  gc.time:            2.000 ms
[INFO] [stdout] 
[INFO] [stdout] # Processing profiler results: LinuxPerfNormProfiler 
[INFO] [stdout] 
[INFO] [stdout] 
[INFO] [stdout] Result "org.weakref.nitro.tpcds.BenchmarkQueries.query92":
[INFO] [stdout]   36.214 ±(99.9%) 4.669 ms/op [Average]
[INFO] [stdout]   (min, avg, max) = (36.061, 36.214, 36.509), stdev = 0.256
[INFO] [stdout]   CI (99.9%): [31.545, 40.882] (assumes normal distribution)
[INFO] [stdout] 
[INFO] [stdout] Secondary result "org.weakref.nitro.tpcds.BenchmarkQueries.query92:CPI":
[INFO] [stdout]   0.262 clks/insn
[INFO] [stdout] 
[INFO] [stdout] Secondary result "org.weakref.nitro.tpcds.BenchmarkQueries.query92:IPC":
[INFO] [stdout]   3.819 insns/clk
[INFO] [stdout] 
[INFO] [stdout] Secondary result "org.weakref.nitro.tpcds.BenchmarkQueries.query92:L1-dcache-load-misses":
[INFO] [stdout]   10385434.845 #/op
[INFO] [stdout] 
[INFO] [stdout] Secondary result "org.weakref.nitro.tpcds.BenchmarkQueries.query92:L1-dcache-loads":
[INFO] [stdout]   362482916.388 #/op
[INFO] [stdout] 
[INFO] [stdout] Secondary result "org.weakref.nitro.tpcds.BenchmarkQueries.query92:L1-icache-load-misses":
[INFO] [stdout]   410397.341 #/op
[INFO] [stdout] 
[INFO] [stdout] Secondary result "org.weakref.nitro.tpcds.BenchmarkQueries.query92:L1-icache-loads":
[INFO] [stdout]   4955095.064 #/op
[INFO] [stdout] 
[INFO] [stdout] Secondary result "org.weakref.nitro.tpcds.BenchmarkQueries.query92:branch-misses":
[INFO] [stdout]   1127803.868 #/op
[INFO] [stdout] 
[INFO] [stdout] Secondary result "org.weakref.nitro.tpcds.BenchmarkQueries.query92:branches":
[INFO] [stdout]   172969529.369 #/op
[INFO] [stdout] 
[INFO] [stdout] Secondary result "org.weakref.nitro.tpcds.BenchmarkQueries.query92:cycles":
[INFO] [stdout]   222723498.905 #/op
[INFO] [stdout] 
[INFO] [stdout] Secondary result "org.weakref.nitro.tpcds.BenchmarkQueries.query92:dTLB-load-misses":
[INFO] [stdout]   42180.623 #/op
[INFO] [stdout] 
[INFO] [stdout] Secondary result "org.weakref.nitro.tpcds.BenchmarkQueries.query92:dTLB-loads":
[INFO] [stdout]   300180.710 #/op
[INFO] [stdout] 
[INFO] [stdout] Secondary result "org.weakref.nitro.tpcds.BenchmarkQueries.query92:gc.alloc.rate":
[INFO] [stdout]   487.009 ±(99.9%) 61.526 MB/sec [Average]
[INFO] [stdout]   (min, avg, max) = (483.116, 487.009, 489.048), stdev = 3.372
[INFO] [stdout]   CI (99.9%): [425.483, 548.535] (assumes normal distribution)
[INFO] [stdout] 
[INFO] [stdout] Secondary result "org.weakref.nitro.tpcds.BenchmarkQueries.query92:gc.alloc.rate.norm":
[INFO] [stdout]   18495325.905 ±(99.9%) 47148.337 B/op [Average]
[INFO] [stdout]   (min, avg, max) = (18492801.143, 18495325.905, 18497966.000), stdev = 2584.359
[INFO] [stdout]   CI (99.9%): [18448177.568, 18542474.241] (assumes normal distribution)
[INFO] [stdout] 
[INFO] [stdout] Secondary result "org.weakref.nitro.tpcds.BenchmarkQueries.query92:gc.count":
[INFO] [stdout]   6.000 ±(99.9%) 0.001 counts [Sum]
[INFO] [stdout]   (min, avg, max) = (2.000, 2.000, 2.000), stdev = 0.001
[INFO] [stdout]   CI (99.9%): [6.000, 6.000] (assumes normal distribution)
[INFO] [stdout] 
[INFO] [stdout] Secondary result "org.weakref.nitro.tpcds.BenchmarkQueries.query92:gc.time":
[INFO] [stdout]   6.000 ±(99.9%) 0.001 ms [Sum]
[INFO] [stdout]   (min, avg, max) = (1.000, 2.000, 3.000), stdev = 1.000
[INFO] [stdout]   CI (99.9%): [6.000, 6.000] (assumes normal distribution)
[INFO] [stdout] 
[INFO] [stdout] Secondary result "org.weakref.nitro.tpcds.BenchmarkQueries.query92:iTLB-load-misses":
[INFO] [stdout]   4146.666 #/op
[INFO] [stdout] 
[INFO] [stdout] Secondary result "org.weakref.nitro.tpcds.BenchmarkQueries.query92:iTLB-loads":
[INFO] [stdout]   194136.339 #/op
[INFO] [stdout] 
[INFO] [stdout] Secondary result "org.weakref.nitro.tpcds.BenchmarkQueries.query92:instructions":
[INFO] [stdout]   850505398.257 #/op
[INFO] [stdout] 
[INFO] [stdout] Secondary result "org.weakref.nitro.tpcds.BenchmarkQueries.query92:stalled-cycles-frontend":
[INFO] [stdout]   40113695.968 #/op
[INFO] [stdout] 
[INFO] [stdout] 
[INFO] [stdout] # Run complete. Total time: 00:00:20
[INFO] [stdout] 
[INFO] [stdout] REMEMBER: The numbers below are just data. To gain reusable insights, you need to follow up on
[INFO] [stdout] why the numbers are the way they are. Use profilers (see -prof, -lprof), design factorial
[INFO] [stdout] experiments, perform baseline and negative tests that provide experimental control, make sure
[INFO] [stdout] the benchmarking environment is safe on JVM/OS/HW level, ask for reviews from the domain experts.
[INFO] [stdout] Do not assume the numbers tell you what you want them to tell.
[INFO] [stdout] 
[INFO] [stdout] NOTE: Current JVM experimentally supports Compiler Blackholes, and they are in use. Please exercise
[INFO] [stdout] extra caution when trusting the results, look into the generated code to check the benchmark still
[INFO] [stdout] works, and factor in a small probability of new VM bugs. Additionally, while comparisons between
[INFO] [stdout] different JVMs are already problematic, the performance difference caused by different Blackhole
[INFO] [stdout] modes can be very significant. Please make sure you use the consistent Blackhole mode for comparisons.
[INFO] [stdout] 
[INFO] [stdout] Benchmark                                         Mode  Cnt            Score         Error      Units
[INFO] [stdout] BenchmarkQueries.query22                          avgt    3          884.260 ±      60.690      ms/op
[INFO] [stdout] BenchmarkQueries.query22:CPI                      avgt                 0.279                clks/insn
[INFO] [stdout] BenchmarkQueries.query22:IPC                      avgt                 3.589                insns/clk
[INFO] [stdout] BenchmarkQueries.query22:L1-dcache-load-misses    avgt         183918422.952                     #/op
[INFO] [stdout] BenchmarkQueries.query22:L1-dcache-loads          avgt        7673715182.901                     #/op
[INFO] [stdout] BenchmarkQueries.query22:L1-icache-load-misses    avgt           2852392.461                     #/op
[INFO] [stdout] BenchmarkQueries.query22:L1-icache-loads          avgt          35337395.382                     #/op
[INFO] [stdout] BenchmarkQueries.query22:branch-misses            avgt          17831798.978                     #/op
[INFO] [stdout] BenchmarkQueries.query22:branches                 avgt        3669721768.622                     #/op
[INFO] [stdout] BenchmarkQueries.query22:cycles                   avgt        4865622611.155                     #/op
[INFO] [stdout] BenchmarkQueries.query22:dTLB-load-misses         avgt            172718.122                     #/op
[INFO] [stdout] BenchmarkQueries.query22:dTLB-loads               avgt           1981186.924                     #/op
[INFO] [stdout] BenchmarkQueries.query22:gc.alloc.rate            avgt    3          110.891 ±       5.462     MB/sec
[INFO] [stdout] BenchmarkQueries.query22:gc.alloc.rate.norm       avgt    3    102826320.000 ± 2031894.385       B/op
[INFO] [stdout] BenchmarkQueries.query22:gc.count                 avgt    3            4.000                   counts
[INFO] [stdout] BenchmarkQueries.query22:gc.time                  avgt    3            8.000                       ms
[INFO] [stdout] BenchmarkQueries.query22:iTLB-load-misses         avgt             21601.886                     #/op
[INFO] [stdout] BenchmarkQueries.query22:iTLB-loads               avgt           1427777.724                     #/op
[INFO] [stdout] BenchmarkQueries.query22:instructions             avgt       17462101634.494                     #/op
[INFO] [stdout] BenchmarkQueries.query22:stalled-cycles-frontend  avgt        1004165262.459                     #/op
[INFO] [stdout] BenchmarkQueries.query32                          avgt    3           53.652 ±       3.352      ms/op
[INFO] [stdout] BenchmarkQueries.query32:CPI                      avgt                 0.256                clks/insn
[INFO] [stdout] BenchmarkQueries.query32:IPC                      avgt                 3.907                insns/clk
[INFO] [stdout] BenchmarkQueries.query32:L1-dcache-load-misses    avgt          15837295.097                     #/op
[INFO] [stdout] BenchmarkQueries.query32:L1-dcache-loads          avgt         523658594.666                     #/op
[INFO] [stdout] BenchmarkQueries.query32:L1-icache-load-misses    avgt            498221.112                     #/op
[INFO] [stdout] BenchmarkQueries.query32:L1-icache-loads          avgt           6021989.511                     #/op
[INFO] [stdout] BenchmarkQueries.query32:branch-misses            avgt           1568351.426                     #/op
[INFO] [stdout] BenchmarkQueries.query32:branches                 avgt         269507373.596                     #/op
[INFO] [stdout] BenchmarkQueries.query32:cycles                   avgt         325180980.841                     #/op
[INFO] [stdout] BenchmarkQueries.query32:dTLB-load-misses         avgt             38990.442                     #/op
[INFO] [stdout] BenchmarkQueries.query32:dTLB-loads               avgt            385913.708                     #/op
[INFO] [stdout] BenchmarkQueries.query32:gc.alloc.rate            avgt    3          517.395 ±      32.033     MB/sec
[INFO] [stdout] BenchmarkQueries.query32:gc.alloc.rate.norm       avgt    3     29111858.386 ±   21319.775       B/op
[INFO] [stdout] BenchmarkQueries.query32:gc.count                 avgt    3            9.000                   counts
[INFO] [stdout] BenchmarkQueries.query32:gc.time                  avgt    3            7.000                       ms
[INFO] [stdout] BenchmarkQueries.query32:iTLB-load-misses         avgt              5837.986                     #/op
[INFO] [stdout] BenchmarkQueries.query32:iTLB-loads               avgt            246438.894                     #/op
[INFO] [stdout] BenchmarkQueries.query32:instructions             avgt        1270396006.381                     #/op
[INFO] [stdout] BenchmarkQueries.query32:stalled-cycles-frontend  avgt          62841118.571                     #/op
[INFO] [stdout] BenchmarkQueries.query92                          avgt    3           36.214 ±       4.669      ms/op
[INFO] [stdout] BenchmarkQueries.query92:CPI                      avgt                 0.262                clks/insn
[INFO] [stdout] BenchmarkQueries.query92:IPC                      avgt                 3.819                insns/clk
[INFO] [stdout] BenchmarkQueries.query92:L1-dcache-load-misses    avgt          10385434.845                     #/op
[INFO] [stdout] BenchmarkQueries.query92:L1-dcache-loads          avgt         362482916.388                     #/op
[INFO] [stdout] BenchmarkQueries.query92:L1-icache-load-misses    avgt            410397.341                     #/op
[INFO] [stdout] BenchmarkQueries.query92:L1-icache-loads          avgt           4955095.064                     #/op
[INFO] [stdout] BenchmarkQueries.query92:branch-misses            avgt           1127803.868                     #/op
[INFO] [stdout] BenchmarkQueries.query92:branches                 avgt         172969529.369                     #/op
[INFO] [stdout] BenchmarkQueries.query92:cycles                   avgt         222723498.905                     #/op
[INFO] [stdout] BenchmarkQueries.query92:dTLB-load-misses         avgt             42180.623                     #/op
[INFO] [stdout] BenchmarkQueries.query92:dTLB-loads               avgt            300180.710                     #/op
[INFO] [stdout] BenchmarkQueries.query92:gc.alloc.rate            avgt    3          487.009 ±      61.526     MB/sec
[INFO] [stdout] BenchmarkQueries.query92:gc.alloc.rate.norm       avgt    3     18495325.905 ±   47148.337       B/op
[INFO] [stdout] BenchmarkQueries.query92:gc.count                 avgt    3            6.000                   counts
[INFO] [stdout] BenchmarkQueries.query92:gc.time                  avgt    3            6.000                       ms
[INFO] [stdout] BenchmarkQueries.query92:iTLB-load-misses         avgt              4146.666                     #/op
[INFO] [stdout] BenchmarkQueries.query92:iTLB-loads               avgt            194136.339                     #/op
[INFO] [stdout] BenchmarkQueries.query92:instructions             avgt         850505398.257                     #/op
[INFO] [stdout] BenchmarkQueries.query92:stalled-cycles-frontend  avgt          40113695.968                     #/op
[INFO] [stdout] 
[INFO] [stdout] Benchmark result is saved to benchmarks/sweeps/20260718-targeted/nitro-tpcds-fused-pow2-state-on-b.json
[INFO] ------------------------------------------------------------------------
[INFO] BUILD SUCCESS
[INFO] ------------------------------------------------------------------------
[INFO] Total time:  20.687 s (Wall Clock)
[INFO] Finished at: 2026-07-18T02:55:56Z
[INFO] ------------------------------------------------------------------------
[INFO] Njord session closed
