[INFO] Processing build on daemon e20effc9
[INFO] Scanning for projects...
[INFO] Njord 0.9.4 session created
[INFO] BuildTimeEventSpy is registered.
[INFO] 
[INFO] Using the SmartBuilder implementation with a thread count of 7
[INFO] 
[INFO] -------------------------< org.weakref:nitro >--------------------------
[INFO] Building nitro 1-SNAPSHOT
[INFO]   from pom.xml
[INFO] --------------------------------[ jar ]---------------------------------
[WARNING] 2 problems were encountered while building the effective model for org.apache.yetus:audience-annotations:jar:0.5.0 during dependency collection step for project (use -X to see details)
[INFO] 
[INFO] --- exec:3.6.1:exec (benchmark) @ nitro ---
[WARNING] [stderr] WARNING: Using incubator modules: jdk.incubator.vector
[WARNING] [stderr] WARNING: A terminally deprecated method in sun.misc.Unsafe has been called
[WARNING] [stderr] WARNING: sun.misc.Unsafe::objectFieldOffset has been called by org.openjdk.jmh.util.Utils (file:/root/.m2/repository/org/openjdk/jmh/jmh-core/1.37/jmh-core-1.37.jar)
[WARNING] [stderr] WARNING: Please consider reporting this to the maintainers of class org.openjdk.jmh.util.Utils
[WARNING] [stderr] WARNING: sun.misc.Unsafe::objectFieldOffset will be removed in a future release
[INFO] [stdout] # JMH version: 1.37
[INFO] [stdout] # VM version: JDK 26.0.1, OpenJDK 64-Bit Server VM, 26.0.1+8
[INFO] [stdout] # VM invoker: /opt/java/openjdk/bin/java
[INFO] [stdout] # VM options: --enable-preview --add-modules=jdk.incubator.vector -Dnitro.clickbench.hits.path= -Xmx12g -XX:+UseTransparentHugePages -Dnitro.clickbench.hits.path=/root/data/clickbench -Dnitro.group.trackDictionaryEmptySentinel=false
[INFO] [stdout] # Blackhole mode: compiler (auto-detected, use -Djmh.blackhole.autoDetect=false to disable)
[INFO] [stdout] # Warmup: 2 iterations, 1 s each
[INFO] [stdout] # Measurement: 3 iterations, 1 s each
[INFO] [stdout] # Timeout: 10 min per iteration
[INFO] [stdout] # Threads: 1 thread, will synchronize iterations
[INFO] [stdout] # Benchmark mode: Average time, time/op
[INFO] [stdout] # Benchmark: org.weakref.nitro.clickbench.BenchmarkQueries.query06
[INFO] [stdout] 
[INFO] [stdout] # Run progress: 0.00% complete, ETA 00:00:05
[INFO] [stdout] # Fork: 1 of 1
[INFO] [stdout] # Preparing profilers: LinuxPerfNormProfiler 
[INFO] [stdout] # Profilers consume stderr from target VM, use -v EXTRA to copy to console
[INFO] [stdout] # Warmup Iteration   1: 2915.898 ms/op
[INFO] [stdout] # Warmup Iteration   2: 2493.507 ms/op
[INFO] [stdout] Iteration   1: 2378.240 ms/op
[INFO] [stdout]                  gc.alloc.rate:      130.136 MB/sec
[INFO] [stdout]                  gc.alloc.rate.norm: 324546568.000 B/op
[INFO] [stdout]                  gc.count:           ≈ 0 counts
[INFO] [stdout] 
[INFO] [stdout] Iteration   2: 2424.294 ms/op
[INFO] [stdout]                  gc.alloc.rate:      127.575 MB/sec
[INFO] [stdout]                  gc.alloc.rate.norm: 324320456.000 B/op
[INFO] [stdout]                  gc.count:           1.000 counts
[INFO] [stdout]                  gc.time:            2.000 ms
[INFO] [stdout] 
[INFO] [stdout] Iteration   3: 2379.659 ms/op
[INFO] [stdout]                  gc.alloc.rate:      129.911 MB/sec
[INFO] [stdout]                  gc.alloc.rate.norm: 324178272.000 B/op
[INFO] [stdout]                  gc.count:           ≈ 0 counts
[INFO] [stdout] 
[INFO] [stdout] # Processing profiler results: LinuxPerfNormProfiler 
[INFO] [stdout] 
[INFO] [stdout] 
[INFO] [stdout] Result "org.weakref.nitro.clickbench.BenchmarkQueries.query06":
[INFO] [stdout]   2394.064 ±(99.9%) 477.790 ms/op [Average]
[INFO] [stdout]   (min, avg, max) = (2378.240, 2394.064, 2424.294), stdev = 26.189
[INFO] [stdout]   CI (99.9%): [1916.274, 2871.855] (assumes normal distribution)
[INFO] [stdout] 
[INFO] [stdout] Secondary result "org.weakref.nitro.clickbench.BenchmarkQueries.query06:CPI":
[INFO] [stdout]   0.360 clks/insn
[INFO] [stdout] 
[INFO] [stdout] Secondary result "org.weakref.nitro.clickbench.BenchmarkQueries.query06:IPC":
[INFO] [stdout]   2.778 insns/clk
[INFO] [stdout] 
[INFO] [stdout] Secondary result "org.weakref.nitro.clickbench.BenchmarkQueries.query06:L1-dcache-load-misses":
[INFO] [stdout]   292024714.495 #/op
[INFO] [stdout] 
[INFO] [stdout] Secondary result "org.weakref.nitro.clickbench.BenchmarkQueries.query06:L1-dcache-loads":
[INFO] [stdout]   14600835994.870 #/op
[INFO] [stdout] 
[INFO] [stdout] Secondary result "org.weakref.nitro.clickbench.BenchmarkQueries.query06:L1-icache-load-misses":
[INFO] [stdout]   8485923.086 #/op
[INFO] [stdout] 
[INFO] [stdout] Secondary result "org.weakref.nitro.clickbench.BenchmarkQueries.query06:L1-icache-loads":
[INFO] [stdout]   123405277.566 #/op
[INFO] [stdout] 
[INFO] [stdout] Secondary result "org.weakref.nitro.clickbench.BenchmarkQueries.query06:branch-misses":
[INFO] [stdout]   115075848.370 #/op
[INFO] [stdout] 
[INFO] [stdout] Secondary result "org.weakref.nitro.clickbench.BenchmarkQueries.query06:branches":
[INFO] [stdout]   6465062095.872 #/op
[INFO] [stdout] 
[INFO] [stdout] Secondary result "org.weakref.nitro.clickbench.BenchmarkQueries.query06:cycles":
[INFO] [stdout]   12839732869.841 #/op
[INFO] [stdout] 
[INFO] [stdout] Secondary result "org.weakref.nitro.clickbench.BenchmarkQueries.query06:dTLB-load-misses":
[INFO] [stdout]   206949.664 #/op
[INFO] [stdout] 
[INFO] [stdout] Secondary result "org.weakref.nitro.clickbench.BenchmarkQueries.query06:dTLB-loads":
[INFO] [stdout]   9430702.664 #/op
[INFO] [stdout] 
[INFO] [stdout] Secondary result "org.weakref.nitro.clickbench.BenchmarkQueries.query06:gc.alloc.rate":
[INFO] [stdout]   129.207 ±(99.9%) 25.872 MB/sec [Average]
[INFO] [stdout]   (min, avg, max) = (127.575, 129.207, 130.136), stdev = 1.418
[INFO] [stdout]   CI (99.9%): [103.335, 155.079] (assumes normal distribution)
[INFO] [stdout] 
[INFO] [stdout] Secondary result "org.weakref.nitro.clickbench.BenchmarkQueries.query06:gc.alloc.rate.norm":
[INFO] [stdout]   324348432.000 ±(99.9%) 3388497.245 B/op [Average]
[INFO] [stdout]   (min, avg, max) = (324178272.000, 324348432.000, 324546568.000), stdev = 185734.968
[INFO] [stdout]   CI (99.9%): [320959934.755, 327736929.245] (assumes normal distribution)
[INFO] [stdout] 
[INFO] [stdout] Secondary result "org.weakref.nitro.clickbench.BenchmarkQueries.query06:gc.count":
[INFO] [stdout]   1.000 ±(99.9%) 0.001 counts [Sum]
[INFO] [stdout]   (min, avg, max) = (≈ 0, 0.333, 1.000), stdev = 0.577
[INFO] [stdout]   CI (99.9%): [1.000, 1.000] (assumes normal distribution)
[INFO] [stdout] 
[INFO] [stdout] Secondary result "org.weakref.nitro.clickbench.BenchmarkQueries.query06:gc.time":
[INFO] [stdout]   2.000 ±(99.9%) 0.001 ms [Sum]
[INFO] [stdout]   (min, avg, max) = (≈ 0, 0.667, 2.000), stdev = 1.155
[INFO] [stdout]   CI (99.9%): [2.000, 2.000] (assumes normal distribution)
[INFO] [stdout] 
[INFO] [stdout] Secondary result "org.weakref.nitro.clickbench.BenchmarkQueries.query06:iTLB-load-misses":
[INFO] [stdout]   26834.893 #/op
[INFO] [stdout] 
[INFO] [stdout] Secondary result "org.weakref.nitro.clickbench.BenchmarkQueries.query06:iTLB-loads":
[INFO] [stdout]   1867850.148 #/op
[INFO] [stdout] 
[INFO] [stdout] Secondary result "org.weakref.nitro.clickbench.BenchmarkQueries.query06:instructions":
[INFO] [stdout]   35663397137.563 #/op
[INFO] [stdout] 
[INFO] [stdout] Secondary result "org.weakref.nitro.clickbench.BenchmarkQueries.query06:stalled-cycles-frontend":
[INFO] [stdout]   2724190463.126 #/op
[INFO] [stdout] 
[INFO] [stdout] 
[INFO] [stdout] # Run complete. Total time: 00:00:12
[INFO] [stdout] 
[INFO] [stdout] REMEMBER: The numbers below are just data. To gain reusable insights, you need to follow up on
[INFO] [stdout] why the numbers are the way they are. Use profilers (see -prof, -lprof), design factorial
[INFO] [stdout] experiments, perform baseline and negative tests that provide experimental control, make sure
[INFO] [stdout] the benchmarking environment is safe on JVM/OS/HW level, ask for reviews from the domain experts.
[INFO] [stdout] Do not assume the numbers tell you what you want them to tell.
[INFO] [stdout] 
[INFO] [stdout] NOTE: Current JVM experimentally supports Compiler Blackholes, and they are in use. Please exercise
[INFO] [stdout] extra caution when trusting the results, look into the generated code to check the benchmark still
[INFO] [stdout] works, and factor in a small probability of new VM bugs. Additionally, while comparisons between
[INFO] [stdout] different JVMs are already problematic, the performance difference caused by different Blackhole
[INFO] [stdout] modes can be very significant. Please make sure you use the consistent Blackhole mode for comparisons.
[INFO] [stdout] 
[INFO] [stdout] Benchmark                                         Mode  Cnt            Score         Error      Units
[INFO] [stdout] BenchmarkQueries.query06                          avgt    3         2394.064 ±     477.790      ms/op
[INFO] [stdout] BenchmarkQueries.query06:CPI                      avgt                 0.360                clks/insn
[INFO] [stdout] BenchmarkQueries.query06:IPC                      avgt                 2.778                insns/clk
[INFO] [stdout] BenchmarkQueries.query06:L1-dcache-load-misses    avgt         292024714.495                     #/op
[INFO] [stdout] BenchmarkQueries.query06:L1-dcache-loads          avgt       14600835994.870                     #/op
[INFO] [stdout] BenchmarkQueries.query06:L1-icache-load-misses    avgt           8485923.086                     #/op
[INFO] [stdout] BenchmarkQueries.query06:L1-icache-loads          avgt         123405277.566                     #/op
[INFO] [stdout] BenchmarkQueries.query06:branch-misses            avgt         115075848.370                     #/op
[INFO] [stdout] BenchmarkQueries.query06:branches                 avgt        6465062095.872                     #/op
[INFO] [stdout] BenchmarkQueries.query06:cycles                   avgt       12839732869.841                     #/op
[INFO] [stdout] BenchmarkQueries.query06:dTLB-load-misses         avgt            206949.664                     #/op
[INFO] [stdout] BenchmarkQueries.query06:dTLB-loads               avgt           9430702.664                     #/op
[INFO] [stdout] BenchmarkQueries.query06:gc.alloc.rate            avgt    3          129.207 ±      25.872     MB/sec
[INFO] [stdout] BenchmarkQueries.query06:gc.alloc.rate.norm       avgt    3    324348432.000 ± 3388497.245       B/op
[INFO] [stdout] BenchmarkQueries.query06:gc.count                 avgt    3            1.000                   counts
[INFO] [stdout] BenchmarkQueries.query06:gc.time                  avgt    3            2.000                       ms
[INFO] [stdout] BenchmarkQueries.query06:iTLB-load-misses         avgt             26834.893                     #/op
[INFO] [stdout] BenchmarkQueries.query06:iTLB-loads               avgt           1867850.148                     #/op
[INFO] [stdout] BenchmarkQueries.query06:instructions             avgt       35663397137.563                     #/op
[INFO] [stdout] BenchmarkQueries.query06:stalled-cycles-frontend  avgt        2724190463.126                     #/op
[INFO] [stdout] 
[INFO] [stdout] Benchmark result is saved to benchmarks/sweeps/20260718-targeted/nitro-clickbench-q06-direct-only-screen.json
[INFO] ------------------------------------------------------------------------
[INFO] BUILD SUCCESS
[INFO] ------------------------------------------------------------------------
[INFO] Total time:  13.591 s (Wall Clock)
[INFO] Finished at: 2026-07-18T07:27:23Z
[INFO] ------------------------------------------------------------------------
[INFO] Njord session closed
