[INFO] Processing build on daemon e20effc9
[INFO] Scanning for projects...
[INFO] Njord 0.9.4 session created
[INFO] BuildTimeEventSpy is registered.
[INFO] 
[INFO] Using the SmartBuilder implementation with a thread count of 7
[INFO] 
[INFO] -------------------------< org.weakref:nitro >--------------------------
[INFO] Building nitro 1-SNAPSHOT
[INFO]   from pom.xml
[INFO] --------------------------------[ jar ]---------------------------------
[WARNING] 2 problems were encountered while building the effective model for org.apache.yetus:audience-annotations:jar:0.5.0 during dependency collection step for project (use -X to see details)
[INFO] 
[INFO] --- exec:3.6.1:exec (benchmark) @ nitro ---
[WARNING] [stderr] WARNING: Using incubator modules: jdk.incubator.vector
[WARNING] [stderr] WARNING: A terminally deprecated method in sun.misc.Unsafe has been called
[WARNING] [stderr] WARNING: sun.misc.Unsafe::objectFieldOffset has been called by org.openjdk.jmh.util.Utils (file:/root/.m2/repository/org/openjdk/jmh/jmh-core/1.37/jmh-core-1.37.jar)
[WARNING] [stderr] WARNING: Please consider reporting this to the maintainers of class org.openjdk.jmh.util.Utils
[WARNING] [stderr] WARNING: sun.misc.Unsafe::objectFieldOffset will be removed in a future release
[INFO] [stdout] # JMH version: 1.37
[INFO] [stdout] # VM version: JDK 26.0.1, OpenJDK 64-Bit Server VM, 26.0.1+8
[INFO] [stdout] # VM invoker: /opt/java/openjdk/bin/java
[INFO] [stdout] # VM options: --enable-preview --add-modules=jdk.incubator.vector -Dnitro.clickbench.hits.path= -Xmx12g -XX:+UseTransparentHugePages -Dnitro.tpcds.parquet.path=/root/data/tpcds-parquet-sf10 -Dnitro.tpcds.parquet.schema=sf10
[INFO] [stdout] # Blackhole mode: compiler (auto-detected, use -Djmh.blackhole.autoDetect=false to disable)
[INFO] [stdout] # Warmup: 2 iterations, 1 s each
[INFO] [stdout] # Measurement: 3 iterations, 1 s each
[INFO] [stdout] # Timeout: 30 min per iteration
[INFO] [stdout] # Threads: 1 thread, will synchronize iterations
[INFO] [stdout] # Benchmark mode: Average time, time/op
[INFO] [stdout] # Benchmark: org.weakref.nitro.tpcds.BenchmarkQueries.query32
[INFO] [stdout] 
[INFO] [stdout] # Run progress: 0.00% complete, ETA 00:00:15
[INFO] [stdout] # Fork: 1 of 1
[INFO] [stdout] # Preparing profilers: LinuxPerfNormProfiler 
[INFO] [stdout] # Profilers consume stderr from target VM, use -v EXTRA to copy to console
[INFO] [stdout] # Warmup Iteration   1: 101.249 ms/op
[INFO] [stdout] # Warmup Iteration   2: 55.185 ms/op
[INFO] [stdout] Iteration   1: 54.019 ms/op
[INFO] [stdout]                  gc.alloc.rate:      524.543 MB/sec
[INFO] [stdout]                  gc.alloc.rate.norm: 29716625.263 B/op
[INFO] [stdout]                  gc.count:           1.000 counts
[INFO] [stdout]                  gc.time:            1.000 ms
[INFO] [stdout] 
[INFO] [stdout] Iteration   2: 53.549 ms/op
[INFO] [stdout]                  gc.alloc.rate:      529.142 MB/sec
[INFO] [stdout]                  gc.alloc.rate.norm: 29715101.053 B/op
[INFO] [stdout]                  gc.count:           4.000 counts
[INFO] [stdout]                  gc.time:            3.000 ms
[INFO] [stdout] 
[INFO] [stdout] Iteration   3: 54.017 ms/op
[INFO] [stdout]                  gc.alloc.rate:      524.523 MB/sec
[INFO] [stdout]                  gc.alloc.rate.norm: 29713638.316 B/op
[INFO] [stdout]                  gc.count:           1.000 counts
[INFO] [stdout]                  gc.time:            2.000 ms
[INFO] [stdout] 
[INFO] [stdout] # Processing profiler results: LinuxPerfNormProfiler 
[INFO] [stdout] 
[INFO] [stdout] 
[INFO] [stdout] Result "org.weakref.nitro.tpcds.BenchmarkQueries.query32":
[INFO] [stdout]   53.862 ±(99.9%) 4.945 ms/op [Average]
[INFO] [stdout]   (min, avg, max) = (53.549, 53.862, 54.019), stdev = 0.271
[INFO] [stdout]   CI (99.9%): [48.917, 58.807] (assumes normal distribution)
[INFO] [stdout] 
[INFO] [stdout] Secondary result "org.weakref.nitro.tpcds.BenchmarkQueries.query32:CPI":
[INFO] [stdout]   0.258 clks/insn
[INFO] [stdout] 
[INFO] [stdout] Secondary result "org.weakref.nitro.tpcds.BenchmarkQueries.query32:IPC":
[INFO] [stdout]   3.874 insns/clk
[INFO] [stdout] 
[INFO] [stdout] Secondary result "org.weakref.nitro.tpcds.BenchmarkQueries.query32:L1-dcache-load-misses":
[INFO] [stdout]   16366289.769 #/op
[INFO] [stdout] 
[INFO] [stdout] Secondary result "org.weakref.nitro.tpcds.BenchmarkQueries.query32:L1-dcache-loads":
[INFO] [stdout]   524980779.344 #/op
[INFO] [stdout] 
[INFO] [stdout] Secondary result "org.weakref.nitro.tpcds.BenchmarkQueries.query32:L1-icache-load-misses":
[INFO] [stdout]   529422.356 #/op
[INFO] [stdout] 
[INFO] [stdout] Secondary result "org.weakref.nitro.tpcds.BenchmarkQueries.query32:L1-icache-loads":
[INFO] [stdout]   6487097.335 #/op
[INFO] [stdout] 
[INFO] [stdout] Secondary result "org.weakref.nitro.tpcds.BenchmarkQueries.query32:branch-misses":
[INFO] [stdout]   1616753.097 #/op
[INFO] [stdout] 
[INFO] [stdout] Secondary result "org.weakref.nitro.tpcds.BenchmarkQueries.query32:branches":
[INFO] [stdout]   273535188.496 #/op
[INFO] [stdout] 
[INFO] [stdout] Secondary result "org.weakref.nitro.tpcds.BenchmarkQueries.query32:cycles":
[INFO] [stdout]   333099840.198 #/op
[INFO] [stdout] 
[INFO] [stdout] Secondary result "org.weakref.nitro.tpcds.BenchmarkQueries.query32:dTLB-load-misses":
[INFO] [stdout]   39037.957 #/op
[INFO] [stdout] 
[INFO] [stdout] Secondary result "org.weakref.nitro.tpcds.BenchmarkQueries.query32:dTLB-loads":
[INFO] [stdout]   442139.998 #/op
[INFO] [stdout] 
[INFO] [stdout] Secondary result "org.weakref.nitro.tpcds.BenchmarkQueries.query32:gc.alloc.rate":
[INFO] [stdout]   526.069 ±(99.9%) 48.548 MB/sec [Average]
[INFO] [stdout]   (min, avg, max) = (524.523, 526.069, 529.142), stdev = 2.661
[INFO] [stdout]   CI (99.9%): [477.522, 574.617] (assumes normal distribution)
[INFO] [stdout] 
[INFO] [stdout] Secondary result "org.weakref.nitro.tpcds.BenchmarkQueries.query32:gc.alloc.rate.norm":
[INFO] [stdout]   29715121.544 ±(99.9%) 27248.443 B/op [Average]
[INFO] [stdout]   (min, avg, max) = (29713638.316, 29715121.544, 29716625.263), stdev = 1493.579
[INFO] [stdout]   CI (99.9%): [29687873.101, 29742369.987] (assumes normal distribution)
[INFO] [stdout] 
[INFO] [stdout] Secondary result "org.weakref.nitro.tpcds.BenchmarkQueries.query32:gc.count":
[INFO] [stdout]   6.000 ±(99.9%) 0.001 counts [Sum]
[INFO] [stdout]   (min, avg, max) = (1.000, 2.000, 4.000), stdev = 1.732
[INFO] [stdout]   CI (99.9%): [6.000, 6.000] (assumes normal distribution)
[INFO] [stdout] 
[INFO] [stdout] Secondary result "org.weakref.nitro.tpcds.BenchmarkQueries.query32:gc.time":
[INFO] [stdout]   6.000 ±(99.9%) 0.001 ms [Sum]
[INFO] [stdout]   (min, avg, max) = (1.000, 2.000, 3.000), stdev = 1.000
[INFO] [stdout]   CI (99.9%): [6.000, 6.000] (assumes normal distribution)
[INFO] [stdout] 
[INFO] [stdout] Secondary result "org.weakref.nitro.tpcds.BenchmarkQueries.query32:iTLB-load-misses":
[INFO] [stdout]   5503.704 #/op
[INFO] [stdout] 
[INFO] [stdout] Secondary result "org.weakref.nitro.tpcds.BenchmarkQueries.query32:iTLB-loads":
[INFO] [stdout]   304591.781 #/op
[INFO] [stdout] 
[INFO] [stdout] Secondary result "org.weakref.nitro.tpcds.BenchmarkQueries.query32:instructions":
[INFO] [stdout]   1290440468.820 #/op
[INFO] [stdout] 
[INFO] [stdout] Secondary result "org.weakref.nitro.tpcds.BenchmarkQueries.query32:stalled-cycles-frontend":
[INFO] [stdout]   65356513.392 #/op
[INFO] [stdout] 
[INFO] [stdout] 
[INFO] [stdout] # JMH version: 1.37
[INFO] [stdout] # VM version: JDK 26.0.1, OpenJDK 64-Bit Server VM, 26.0.1+8
[INFO] [stdout] # VM invoker: /opt/java/openjdk/bin/java
[INFO] [stdout] # VM options: --enable-preview --add-modules=jdk.incubator.vector -Dnitro.clickbench.hits.path= -Xmx12g -XX:+UseTransparentHugePages -Dnitro.tpcds.parquet.path=/root/data/tpcds-parquet-sf10 -Dnitro.tpcds.parquet.schema=sf10
[INFO] [stdout] # Blackhole mode: compiler (auto-detected, use -Djmh.blackhole.autoDetect=false to disable)
[INFO] [stdout] # Warmup: 2 iterations, 1 s each
[INFO] [stdout] # Measurement: 3 iterations, 1 s each
[INFO] [stdout] # Timeout: 30 min per iteration
[INFO] [stdout] # Threads: 1 thread, will synchronize iterations
[INFO] [stdout] # Benchmark mode: Average time, time/op
[INFO] [stdout] # Benchmark: org.weakref.nitro.tpcds.BenchmarkQueries.query44
[INFO] [stdout] 
[INFO] [stdout] # Run progress: 33.33% complete, ETA 00:00:10
[INFO] [stdout] # Fork: 1 of 1
[INFO] [stdout] # Preparing profilers: LinuxPerfNormProfiler 
[INFO] [stdout] # Profilers consume stderr from target VM, use -v EXTRA to copy to console
[INFO] [stdout] # Warmup Iteration   1: 1257.442 ms/op
[INFO] [stdout] # Warmup Iteration   2: 692.352 ms/op
[INFO] [stdout] Iteration   1: 648.164 ms/op
[INFO] [stdout]                  gc.alloc.rate:      210.516 MB/sec
[INFO] [stdout]                  gc.alloc.rate.norm: 143089228.000 B/op
[INFO] [stdout]                  gc.count:           1.000 counts
[INFO] [stdout]                  gc.time:            3.000 ms
[INFO] [stdout] 
[INFO] [stdout] Iteration   2: 644.030 ms/op
[INFO] [stdout]                  gc.alloc.rate:      211.853 MB/sec
[INFO] [stdout]                  gc.alloc.rate.norm: 143081004.000 B/op
[INFO] [stdout]                  gc.count:           2.000 counts
[INFO] [stdout]                  gc.time:            4.000 ms
[INFO] [stdout] 
[INFO] [stdout] Iteration   3: 647.677 ms/op
[INFO] [stdout]                  gc.alloc.rate:      210.665 MB/sec
[INFO] [stdout]                  gc.alloc.rate.norm: 143085208.000 B/op
[INFO] [stdout]                  gc.count:           5.000 counts
[INFO] [stdout]                  gc.time:            4.000 ms
[INFO] [stdout] 
[INFO] [stdout] # Processing profiler results: LinuxPerfNormProfiler 
[INFO] [stdout] 
[INFO] [stdout] 
[INFO] [stdout] Result "org.weakref.nitro.tpcds.BenchmarkQueries.query44":
[INFO] [stdout]   646.624 ±(99.9%) 41.221 ms/op [Average]
[INFO] [stdout]   (min, avg, max) = (644.030, 646.624, 648.164), stdev = 2.259
[INFO] [stdout]   CI (99.9%): [605.403, 687.845] (assumes normal distribution)
[INFO] [stdout] 
[INFO] [stdout] Secondary result "org.weakref.nitro.tpcds.BenchmarkQueries.query44:CPI":
[INFO] [stdout]   0.280 clks/insn
[INFO] [stdout] 
[INFO] [stdout] Secondary result "org.weakref.nitro.tpcds.BenchmarkQueries.query44:IPC":
[INFO] [stdout]   3.566 insns/clk
[INFO] [stdout] 
[INFO] [stdout] Secondary result "org.weakref.nitro.tpcds.BenchmarkQueries.query44:L1-dcache-load-misses":
[INFO] [stdout]   165480463.537 #/op
[INFO] [stdout] 
[INFO] [stdout] Secondary result "org.weakref.nitro.tpcds.BenchmarkQueries.query44:L1-dcache-loads":
[INFO] [stdout]   5787553877.503 #/op
[INFO] [stdout] 
[INFO] [stdout] Secondary result "org.weakref.nitro.tpcds.BenchmarkQueries.query44:L1-icache-load-misses":
[INFO] [stdout]   5142390.865 #/op
[INFO] [stdout] 
[INFO] [stdout] Secondary result "org.weakref.nitro.tpcds.BenchmarkQueries.query44:L1-icache-loads":
[INFO] [stdout]   71067914.369 #/op
[INFO] [stdout] 
[INFO] [stdout] Secondary result "org.weakref.nitro.tpcds.BenchmarkQueries.query44:branch-misses":
[INFO] [stdout]   32259495.245 #/op
[INFO] [stdout] 
[INFO] [stdout] Secondary result "org.weakref.nitro.tpcds.BenchmarkQueries.query44:branches":
[INFO] [stdout]   2407600718.296 #/op
[INFO] [stdout] 
[INFO] [stdout] Secondary result "org.weakref.nitro.tpcds.BenchmarkQueries.query44:cycles":
[INFO] [stdout]   3576888538.538 #/op
[INFO] [stdout] 
[INFO] [stdout] Secondary result "org.weakref.nitro.tpcds.BenchmarkQueries.query44:dTLB-load-misses":
[INFO] [stdout]   277216.245 #/op
[INFO] [stdout] 
[INFO] [stdout] Secondary result "org.weakref.nitro.tpcds.BenchmarkQueries.query44:dTLB-loads":
[INFO] [stdout]   2743634.094 #/op
[INFO] [stdout] 
[INFO] [stdout] Secondary result "org.weakref.nitro.tpcds.BenchmarkQueries.query44:gc.alloc.rate":
[INFO] [stdout]   211.011 ±(99.9%) 13.369 MB/sec [Average]
[INFO] [stdout]   (min, avg, max) = (210.516, 211.011, 211.853), stdev = 0.733
[INFO] [stdout]   CI (99.9%): [197.642, 224.380] (assumes normal distribution)
[INFO] [stdout] 
[INFO] [stdout] Secondary result "org.weakref.nitro.tpcds.BenchmarkQueries.query44:gc.alloc.rate.norm":
[INFO] [stdout]   143085146.667 ±(99.9%) 75024.446 B/op [Average]
[INFO] [stdout]   (min, avg, max) = (143081004.000, 143085146.667, 143089228.000), stdev = 4112.343
[INFO] [stdout]   CI (99.9%): [143010122.221, 143160171.113] (assumes normal distribution)
[INFO] [stdout] 
[INFO] [stdout] Secondary result "org.weakref.nitro.tpcds.BenchmarkQueries.query44:gc.count":
[INFO] [stdout]   8.000 ±(99.9%) 0.001 counts [Sum]
[INFO] [stdout]   (min, avg, max) = (1.000, 2.667, 5.000), stdev = 2.082
[INFO] [stdout]   CI (99.9%): [8.000, 8.000] (assumes normal distribution)
[INFO] [stdout] 
[INFO] [stdout] Secondary result "org.weakref.nitro.tpcds.BenchmarkQueries.query44:gc.time":
[INFO] [stdout]   11.000 ±(99.9%) 0.001 ms [Sum]
[INFO] [stdout]   (min, avg, max) = (3.000, 3.667, 4.000), stdev = 0.577
[INFO] [stdout]   CI (99.9%): [11.000, 11.000] (assumes normal distribution)
[INFO] [stdout] 
[INFO] [stdout] Secondary result "org.weakref.nitro.tpcds.BenchmarkQueries.query44:iTLB-load-misses":
[INFO] [stdout]   22689.102 #/op
[INFO] [stdout] 
[INFO] [stdout] Secondary result "org.weakref.nitro.tpcds.BenchmarkQueries.query44:iTLB-loads":
[INFO] [stdout]   1384952.443 #/op
[INFO] [stdout] 
[INFO] [stdout] Secondary result "org.weakref.nitro.tpcds.BenchmarkQueries.query44:instructions":
[INFO] [stdout]   12753459045.561 #/op
[INFO] [stdout] 
[INFO] [stdout] Secondary result "org.weakref.nitro.tpcds.BenchmarkQueries.query44:stalled-cycles-frontend":
[INFO] [stdout]   750909159.629 #/op
[INFO] [stdout] 
[INFO] [stdout] 
[INFO] [stdout] # JMH version: 1.37
[INFO] [stdout] # VM version: JDK 26.0.1, OpenJDK 64-Bit Server VM, 26.0.1+8
[INFO] [stdout] # VM invoker: /opt/java/openjdk/bin/java
[INFO] [stdout] # VM options: --enable-preview --add-modules=jdk.incubator.vector -Dnitro.clickbench.hits.path= -Xmx12g -XX:+UseTransparentHugePages -Dnitro.tpcds.parquet.path=/root/data/tpcds-parquet-sf10 -Dnitro.tpcds.parquet.schema=sf10
[INFO] [stdout] # Blackhole mode: compiler (auto-detected, use -Djmh.blackhole.autoDetect=false to disable)
[INFO] [stdout] # Warmup: 2 iterations, 1 s each
[INFO] [stdout] # Measurement: 3 iterations, 1 s each
[INFO] [stdout] # Timeout: 30 min per iteration
[INFO] [stdout] # Threads: 1 thread, will synchronize iterations
[INFO] [stdout] # Benchmark mode: Average time, time/op
[INFO] [stdout] # Benchmark: org.weakref.nitro.tpcds.BenchmarkQueries.query92
[INFO] [stdout] 
[INFO] [stdout] # Run progress: 66.67% complete, ETA 00:00:06
[INFO] [stdout] # Fork: 1 of 1
[INFO] [stdout] # Preparing profilers: LinuxPerfNormProfiler 
[INFO] [stdout] # Profilers consume stderr from target VM, use -v EXTRA to copy to console
[INFO] [stdout] # Warmup Iteration   1: 67.002 ms/op
[INFO] [stdout] # Warmup Iteration   2: 36.393 ms/op
[INFO] [stdout] Iteration   1: 36.240 ms/op
[INFO] [stdout]                  gc.alloc.rate:      501.744 MB/sec
[INFO] [stdout]                  gc.alloc.rate.norm: 19069002.000 B/op
[INFO] [stdout]                  gc.count:           2.000 counts
[INFO] [stdout]                  gc.time:            3.000 ms
[INFO] [stdout] 
[INFO] [stdout] Iteration   2: 35.775 ms/op
[INFO] [stdout]                  gc.alloc.rate:      508.153 MB/sec
[INFO] [stdout]                  gc.alloc.rate.norm: 19065175.429 B/op
[INFO] [stdout]                  gc.count:           2.000 counts
[INFO] [stdout]                  gc.time:            2.000 ms
[INFO] [stdout] 
[INFO] [stdout] Iteration   3: 35.593 ms/op
[INFO] [stdout]                  gc.alloc.rate:      510.671 MB/sec
[INFO] [stdout]                  gc.alloc.rate.norm: 19062400.828 B/op
[INFO] [stdout]                  gc.count:           2.000 counts
[INFO] [stdout]                  gc.time:            2.000 ms
[INFO] [stdout] 
[INFO] [stdout] # Processing profiler results: LinuxPerfNormProfiler 
[INFO] [stdout] 
[INFO] [stdout] 
[INFO] [stdout] Result "org.weakref.nitro.tpcds.BenchmarkQueries.query92":
[INFO] [stdout]   35.869 ±(99.9%) 6.088 ms/op [Average]
[INFO] [stdout]   (min, avg, max) = (35.593, 35.869, 36.240), stdev = 0.334
[INFO] [stdout]   CI (99.9%): [29.781, 41.957] (assumes normal distribution)
[INFO] [stdout] 
[INFO] [stdout] Secondary result "org.weakref.nitro.tpcds.BenchmarkQueries.query92:CPI":
[INFO] [stdout]   0.263 clks/insn
[INFO] [stdout] 
[INFO] [stdout] Secondary result "org.weakref.nitro.tpcds.BenchmarkQueries.query92:IPC":
[INFO] [stdout]   3.799 insns/clk
[INFO] [stdout] 
[INFO] [stdout] Secondary result "org.weakref.nitro.tpcds.BenchmarkQueries.query92:L1-dcache-load-misses":
[INFO] [stdout]   10445815.779 #/op
[INFO] [stdout] 
[INFO] [stdout] Secondary result "org.weakref.nitro.tpcds.BenchmarkQueries.query92:L1-dcache-loads":
[INFO] [stdout]   351177965.414 #/op
[INFO] [stdout] 
[INFO] [stdout] Secondary result "org.weakref.nitro.tpcds.BenchmarkQueries.query92:L1-icache-load-misses":
[INFO] [stdout]   384799.315 #/op
[INFO] [stdout] 
[INFO] [stdout] Secondary result "org.weakref.nitro.tpcds.BenchmarkQueries.query92:L1-icache-loads":
[INFO] [stdout]   4774680.896 #/op
[INFO] [stdout] 
[INFO] [stdout] Secondary result "org.weakref.nitro.tpcds.BenchmarkQueries.query92:branch-misses":
[INFO] [stdout]   1120942.881 #/op
[INFO] [stdout] 
[INFO] [stdout] Secondary result "org.weakref.nitro.tpcds.BenchmarkQueries.query92:branches":
[INFO] [stdout]   172609445.411 #/op
[INFO] [stdout] 
[INFO] [stdout] Secondary result "org.weakref.nitro.tpcds.BenchmarkQueries.query92:cycles":
[INFO] [stdout]   222804901.522 #/op
[INFO] [stdout] 
[INFO] [stdout] Secondary result "org.weakref.nitro.tpcds.BenchmarkQueries.query92:dTLB-load-misses":
[INFO] [stdout]   40745.774 #/op
[INFO] [stdout] 
[INFO] [stdout] Secondary result "org.weakref.nitro.tpcds.BenchmarkQueries.query92:dTLB-loads":
[INFO] [stdout]   308789.586 #/op
[INFO] [stdout] 
[INFO] [stdout] Secondary result "org.weakref.nitro.tpcds.BenchmarkQueries.query92:gc.alloc.rate":
[INFO] [stdout]   506.856 ±(99.9%) 83.963 MB/sec [Average]
[INFO] [stdout]   (min, avg, max) = (501.744, 506.856, 510.671), stdev = 4.602
[INFO] [stdout]   CI (99.9%): [422.893, 590.819] (assumes normal distribution)
[INFO] [stdout] 
[INFO] [stdout] Secondary result "org.weakref.nitro.tpcds.BenchmarkQueries.query92:gc.alloc.rate.norm":
[INFO] [stdout]   19065526.085 ±(99.9%) 60469.312 B/op [Average]
[INFO] [stdout]   (min, avg, max) = (19062400.828, 19065526.085, 19069002.000), stdev = 3314.527
[INFO] [stdout]   CI (99.9%): [19005056.773, 19125995.397] (assumes normal distribution)
[INFO] [stdout] 
[INFO] [stdout] Secondary result "org.weakref.nitro.tpcds.BenchmarkQueries.query92:gc.count":
[INFO] [stdout]   6.000 ±(99.9%) 0.001 counts [Sum]
[INFO] [stdout]   (min, avg, max) = (2.000, 2.000, 2.000), stdev = 0.001
[INFO] [stdout]   CI (99.9%): [6.000, 6.000] (assumes normal distribution)
[INFO] [stdout] 
[INFO] [stdout] Secondary result "org.weakref.nitro.tpcds.BenchmarkQueries.query92:gc.time":
[INFO] [stdout]   7.000 ±(99.9%) 0.001 ms [Sum]
[INFO] [stdout]   (min, avg, max) = (2.000, 2.333, 3.000), stdev = 0.577
[INFO] [stdout]   CI (99.9%): [7.000, 7.000] (assumes normal distribution)
[INFO] [stdout] 
[INFO] [stdout] Secondary result "org.weakref.nitro.tpcds.BenchmarkQueries.query92:iTLB-load-misses":
[INFO] [stdout]   4965.560 #/op
[INFO] [stdout] 
[INFO] [stdout] Secondary result "org.weakref.nitro.tpcds.BenchmarkQueries.query92:iTLB-loads":
[INFO] [stdout]   222617.577 #/op
[INFO] [stdout] 
[INFO] [stdout] Secondary result "org.weakref.nitro.tpcds.BenchmarkQueries.query92:instructions":
[INFO] [stdout]   846435322.261 #/op
[INFO] [stdout] 
[INFO] [stdout] Secondary result "org.weakref.nitro.tpcds.BenchmarkQueries.query92:stalled-cycles-frontend":
[INFO] [stdout]   40747370.057 #/op
[INFO] [stdout] 
[INFO] [stdout] 
[INFO] [stdout] # Run complete. Total time: 00:00:17
[INFO] [stdout] 
[INFO] [stdout] REMEMBER: The numbers below are just data. To gain reusable insights, you need to follow up on
[INFO] [stdout] why the numbers are the way they are. Use profilers (see -prof, -lprof), design factorial
[INFO] [stdout] experiments, perform baseline and negative tests that provide experimental control, make sure
[INFO] [stdout] the benchmarking environment is safe on JVM/OS/HW level, ask for reviews from the domain experts.
[INFO] [stdout] Do not assume the numbers tell you what you want them to tell.
[INFO] [stdout] 
[INFO] [stdout] NOTE: Current JVM experimentally supports Compiler Blackholes, and they are in use. Please exercise
[INFO] [stdout] extra caution when trusting the results, look into the generated code to check the benchmark still
[INFO] [stdout] works, and factor in a small probability of new VM bugs. Additionally, while comparisons between
[INFO] [stdout] different JVMs are already problematic, the performance difference caused by different Blackhole
[INFO] [stdout] modes can be very significant. Please make sure you use the consistent Blackhole mode for comparisons.
[INFO] [stdout] 
[INFO] [stdout] Benchmark                                         Mode  Cnt            Score       Error      Units
[INFO] [stdout] BenchmarkQueries.query32                          avgt    3           53.862 ±     4.945      ms/op
[INFO] [stdout] BenchmarkQueries.query32:CPI                      avgt                 0.258              clks/insn
[INFO] [stdout] BenchmarkQueries.query32:IPC                      avgt                 3.874              insns/clk
[INFO] [stdout] BenchmarkQueries.query32:L1-dcache-load-misses    avgt          16366289.769                   #/op
[INFO] [stdout] BenchmarkQueries.query32:L1-dcache-loads          avgt         524980779.344                   #/op
[INFO] [stdout] BenchmarkQueries.query32:L1-icache-load-misses    avgt            529422.356                   #/op
[INFO] [stdout] BenchmarkQueries.query32:L1-icache-loads          avgt           6487097.335                   #/op
[INFO] [stdout] BenchmarkQueries.query32:branch-misses            avgt           1616753.097                   #/op
[INFO] [stdout] BenchmarkQueries.query32:branches                 avgt         273535188.496                   #/op
[INFO] [stdout] BenchmarkQueries.query32:cycles                   avgt         333099840.198                   #/op
[INFO] [stdout] BenchmarkQueries.query32:dTLB-load-misses         avgt             39037.957                   #/op
[INFO] [stdout] BenchmarkQueries.query32:dTLB-loads               avgt            442139.998                   #/op
[INFO] [stdout] BenchmarkQueries.query32:gc.alloc.rate            avgt    3          526.069 ±    48.548     MB/sec
[INFO] [stdout] BenchmarkQueries.query32:gc.alloc.rate.norm       avgt    3     29715121.544 ± 27248.443       B/op
[INFO] [stdout] BenchmarkQueries.query32:gc.count                 avgt    3            6.000                 counts
[INFO] [stdout] BenchmarkQueries.query32:gc.time                  avgt    3            6.000                     ms
[INFO] [stdout] BenchmarkQueries.query32:iTLB-load-misses         avgt              5503.704                   #/op
[INFO] [stdout] BenchmarkQueries.query32:iTLB-loads               avgt            304591.781                   #/op
[INFO] [stdout] BenchmarkQueries.query32:instructions             avgt        1290440468.820                   #/op
[INFO] [stdout] BenchmarkQueries.query32:stalled-cycles-frontend  avgt          65356513.392                   #/op
[INFO] [stdout] BenchmarkQueries.query44                          avgt    3          646.624 ±    41.221      ms/op
[INFO] [stdout] BenchmarkQueries.query44:CPI                      avgt                 0.280              clks/insn
[INFO] [stdout] BenchmarkQueries.query44:IPC                      avgt                 3.566              insns/clk
[INFO] [stdout] BenchmarkQueries.query44:L1-dcache-load-misses    avgt         165480463.537                   #/op
[INFO] [stdout] BenchmarkQueries.query44:L1-dcache-loads          avgt        5787553877.503                   #/op
[INFO] [stdout] BenchmarkQueries.query44:L1-icache-load-misses    avgt           5142390.865                   #/op
[INFO] [stdout] BenchmarkQueries.query44:L1-icache-loads          avgt          71067914.369                   #/op
[INFO] [stdout] BenchmarkQueries.query44:branch-misses            avgt          32259495.245                   #/op
[INFO] [stdout] BenchmarkQueries.query44:branches                 avgt        2407600718.296                   #/op
[INFO] [stdout] BenchmarkQueries.query44:cycles                   avgt        3576888538.538                   #/op
[INFO] [stdout] BenchmarkQueries.query44:dTLB-load-misses         avgt            277216.245                   #/op
[INFO] [stdout] BenchmarkQueries.query44:dTLB-loads               avgt           2743634.094                   #/op
[INFO] [stdout] BenchmarkQueries.query44:gc.alloc.rate            avgt    3          211.011 ±    13.369     MB/sec
[INFO] [stdout] BenchmarkQueries.query44:gc.alloc.rate.norm       avgt    3    143085146.667 ± 75024.446       B/op
[INFO] [stdout] BenchmarkQueries.query44:gc.count                 avgt    3            8.000                 counts
[INFO] [stdout] BenchmarkQueries.query44:gc.time                  avgt    3           11.000                     ms
[INFO] [stdout] BenchmarkQueries.query44:iTLB-load-misses         avgt             22689.102                   #/op
[INFO] [stdout] BenchmarkQueries.query44:iTLB-loads               avgt           1384952.443                   #/op
[INFO] [stdout] BenchmarkQueries.query44:instructions             avgt       12753459045.561                   #/op
[INFO] [stdout] BenchmarkQueries.query44:stalled-cycles-frontend  avgt         750909159.629                   #/op
[INFO] [stdout] BenchmarkQueries.query92                          avgt    3           35.869 ±     6.088      ms/op
[INFO] [stdout] BenchmarkQueries.query92:CPI                      avgt                 0.263              clks/insn
[INFO] [stdout] BenchmarkQueries.query92:IPC                      avgt                 3.799              insns/clk
[INFO] [stdout] BenchmarkQueries.query92:L1-dcache-load-misses    avgt          10445815.779                   #/op
[INFO] [stdout] BenchmarkQueries.query92:L1-dcache-loads          avgt         351177965.414                   #/op
[INFO] [stdout] BenchmarkQueries.query92:L1-icache-load-misses    avgt            384799.315                   #/op
[INFO] [stdout] BenchmarkQueries.query92:L1-icache-loads          avgt           4774680.896                   #/op
[INFO] [stdout] BenchmarkQueries.query92:branch-misses            avgt           1120942.881                   #/op
[INFO] [stdout] BenchmarkQueries.query92:branches                 avgt         172609445.411                   #/op
[INFO] [stdout] BenchmarkQueries.query92:cycles                   avgt         222804901.522                   #/op
[INFO] [stdout] BenchmarkQueries.query92:dTLB-load-misses         avgt             40745.774                   #/op
[INFO] [stdout] BenchmarkQueries.query92:dTLB-loads               avgt            308789.586                   #/op
[INFO] [stdout] BenchmarkQueries.query92:gc.alloc.rate            avgt    3          506.856 ±    83.963     MB/sec
[INFO] [stdout] BenchmarkQueries.query92:gc.alloc.rate.norm       avgt    3     19065526.085 ± 60469.312       B/op
[INFO] [stdout] BenchmarkQueries.query92:gc.count                 avgt    3            6.000                 counts
[INFO] [stdout] BenchmarkQueries.query92:gc.time                  avgt    3            7.000                     ms
[INFO] [stdout] BenchmarkQueries.query92:iTLB-load-misses         avgt              4965.560                   #/op
[INFO] [stdout] BenchmarkQueries.query92:iTLB-loads               avgt            222617.577                   #/op
[INFO] [stdout] BenchmarkQueries.query92:instructions             avgt         846435322.261                   #/op
[INFO] [stdout] BenchmarkQueries.query92:stalled-cycles-frontend  avgt          40747370.057                   #/op
[INFO] [stdout] 
[INFO] [stdout] Benchmark result is saved to benchmarks/sweeps/20260718-targeted/nitro-tpcds-long-direct-guard-off-a.json
[INFO] ------------------------------------------------------------------------
[INFO] BUILD SUCCESS
[INFO] ------------------------------------------------------------------------
[INFO] Total time:  18.696 s (Wall Clock)
[INFO] Finished at: 2026-07-18T03:23:19Z
[INFO] ------------------------------------------------------------------------
[INFO] Njord session closed
