[INFO] Processing build on daemon e20effc9
[INFO] Scanning for projects...
[INFO] Njord 0.9.4 session created
[INFO] BuildTimeEventSpy is registered.
[INFO] 
[INFO] Using the SmartBuilder implementation with a thread count of 7
[INFO] 
[INFO] -------------------------< org.weakref:nitro >--------------------------
[INFO] Building nitro 1-SNAPSHOT
[INFO]   from pom.xml
[INFO] --------------------------------[ jar ]---------------------------------
[WARNING] 2 problems were encountered while building the effective model for org.apache.yetus:audience-annotations:jar:0.5.0 during dependency collection step for project (use -X to see details)
[INFO] 
[INFO] --- exec:3.6.1:exec (benchmark) @ nitro ---
[WARNING] [stderr] WARNING: Using incubator modules: jdk.incubator.vector
[WARNING] [stderr] WARNING: A terminally deprecated method in sun.misc.Unsafe has been called
[WARNING] [stderr] WARNING: sun.misc.Unsafe::objectFieldOffset has been called by org.openjdk.jmh.util.Utils (file:/root/.m2/repository/org/openjdk/jmh/jmh-core/1.37/jmh-core-1.37.jar)
[WARNING] [stderr] WARNING: Please consider reporting this to the maintainers of class org.openjdk.jmh.util.Utils
[WARNING] [stderr] WARNING: sun.misc.Unsafe::objectFieldOffset will be removed in a future release
[INFO] [stdout] # JMH version: 1.37
[INFO] [stdout] # VM version: JDK 26.0.1, OpenJDK 64-Bit Server VM, 26.0.1+8
[INFO] [stdout] # VM invoker: /opt/java/openjdk/bin/java
[INFO] [stdout] # VM options: --enable-preview --add-modules=jdk.incubator.vector -Dnitro.clickbench.hits.path= -Xmx12g -XX:+UseTransparentHugePages -Dnitro.hash.join.automaticDirectExactCoalesce=false -Dnitro.tpcds.parquet.path=/root/data/tpcds-parquet-sf10 -Dnitro.tpcds.parquet.schema=sf10
[INFO] [stdout] # Blackhole mode: compiler (auto-detected, use -Djmh.blackhole.autoDetect=false to disable)
[INFO] [stdout] # Warmup: 3 iterations, 1 s each
[INFO] [stdout] # Measurement: 4 iterations, 1 s each
[INFO] [stdout] # Timeout: 30 min per iteration
[INFO] [stdout] # Threads: 1 thread, will synchronize iterations
[INFO] [stdout] # Benchmark mode: Average time, time/op
[INFO] [stdout] # Benchmark: org.weakref.nitro.tpcds.BenchmarkQueries.query38
[INFO] [stdout] 
[INFO] [stdout] # Run progress: 0.00% complete, ETA 00:00:28
[INFO] [stdout] # Fork: 1 of 1
[INFO] [stdout] # Preparing profilers: LinuxPerfNormProfiler 
[INFO] [stdout] # Profilers consume stderr from target VM, use -v EXTRA to copy to console
[INFO] [stdout] # Warmup Iteration   1: 1449.956 ms/op
[INFO] [stdout] # Warmup Iteration   2: 779.837 ms/op
[INFO] [stdout] # Warmup Iteration   3: 754.404 ms/op
[INFO] [stdout] Iteration   1: 755.323 ms/op
[INFO] [stdout]                  gc.alloc.rate:      953.394 MB/sec
[INFO] [stdout]                  gc.alloc.rate.norm: 755179564.000 B/op
[INFO] [stdout]                  gc.count:           5.000 counts
[INFO] [stdout]                  gc.time:            16.000 ms
[INFO] [stdout] 
[INFO] [stdout] Iteration   2: 904.877 ms/op
[INFO] [stdout]                  gc.alloc.rate:      793.915 MB/sec
[INFO] [stdout]                  gc.alloc.rate.norm: 753353032.000 B/op
[INFO] [stdout]                  gc.count:           5.000 counts
[INFO] [stdout]                  gc.time:            144.000 ms
[INFO] [stdout] 
[INFO] [stdout] Iteration   3: 1355.150 ms/op
[INFO] [stdout]                  gc.alloc.rate:      523.809 MB/sec
[INFO] [stdout]                  gc.alloc.rate.norm: 744406232.000 B/op
[INFO] [stdout]                  gc.count:           ≈ 0 counts
[INFO] [stdout] 
[INFO] [stdout] Iteration   4: 1494.480 ms/op
[INFO] [stdout]                  gc.alloc.rate:      474.994 MB/sec
[INFO] [stdout]                  gc.alloc.rate.norm: 744409504.000 B/op
[INFO] [stdout]                  gc.count:           ≈ 0 counts
[INFO] [stdout] 
[INFO] [stdout] # Processing profiler results: LinuxPerfNormProfiler 
[INFO] [stdout] 
[INFO] [stdout] 
[INFO] [stdout] Result "org.weakref.nitro.tpcds.BenchmarkQueries.query38":
[INFO] [stdout]   1127.458 ±(99.9%) 2283.365 ms/op [Average]
[INFO] [stdout]   (min, avg, max) = (755.323, 1127.458, 1494.480), stdev = 353.353
[INFO] [stdout]   CI (99.9%): [≈ 0, 3410.822] (assumes normal distribution)
[INFO] [stdout] 
[INFO] [stdout] Secondary result "org.weakref.nitro.tpcds.BenchmarkQueries.query38:CPI":
[INFO] [stdout]   0.275 clks/insn
[INFO] [stdout] 
[INFO] [stdout] Secondary result "org.weakref.nitro.tpcds.BenchmarkQueries.query38:IPC":
[INFO] [stdout]   3.637 insns/clk
[INFO] [stdout] 
[INFO] [stdout] Secondary result "org.weakref.nitro.tpcds.BenchmarkQueries.query38:L1-dcache-load-misses":
[INFO] [stdout]   175631339.950 #/op
[INFO] [stdout] 
[INFO] [stdout] Secondary result "org.weakref.nitro.tpcds.BenchmarkQueries.query38:L1-dcache-loads":
[INFO] [stdout]   9045648357.517 #/op
[INFO] [stdout] 
[INFO] [stdout] Secondary result "org.weakref.nitro.tpcds.BenchmarkQueries.query38:L1-icache-load-misses":
[INFO] [stdout]   6021034.139 #/op
[INFO] [stdout] 
[INFO] [stdout] Secondary result "org.weakref.nitro.tpcds.BenchmarkQueries.query38:L1-icache-loads":
[INFO] [stdout]   78542994.074 #/op
[INFO] [stdout] 
[INFO] [stdout] Secondary result "org.weakref.nitro.tpcds.BenchmarkQueries.query38:branch-misses":
[INFO] [stdout]   21159535.996 #/op
[INFO] [stdout] 
[INFO] [stdout] Secondary result "org.weakref.nitro.tpcds.BenchmarkQueries.query38:branches":
[INFO] [stdout]   4093750205.421 #/op
[INFO] [stdout] 
[INFO] [stdout] Secondary result "org.weakref.nitro.tpcds.BenchmarkQueries.query38:cycles":
[INFO] [stdout]   5871556628.549 #/op
[INFO] [stdout] 
[INFO] [stdout] Secondary result "org.weakref.nitro.tpcds.BenchmarkQueries.query38:dTLB-load-misses":
[INFO] [stdout]   821835.562 #/op
[INFO] [stdout] 
[INFO] [stdout] Secondary result "org.weakref.nitro.tpcds.BenchmarkQueries.query38:dTLB-loads":
[INFO] [stdout]   4808804.278 #/op
[INFO] [stdout] 
[INFO] [stdout] Secondary result "org.weakref.nitro.tpcds.BenchmarkQueries.query38:gc.alloc.rate":
[INFO] [stdout]   686.528 ±(99.9%) 1463.958 MB/sec [Average]
[INFO] [stdout]   (min, avg, max) = (474.994, 686.528, 953.394), stdev = 226.549
[INFO] [stdout]   CI (99.9%): [≈ 0, 2150.487] (assumes normal distribution)
[INFO] [stdout] 
[INFO] [stdout] Secondary result "org.weakref.nitro.tpcds.BenchmarkQueries.query38:gc.alloc.rate.norm":
[INFO] [stdout]   749337083.000 ±(99.9%) 37094437.350 B/op [Average]
[INFO] [stdout]   (min, avg, max) = (744406232.000, 749337083.000, 755179564.000), stdev = 5740405.241
[INFO] [stdout]   CI (99.9%): [712242645.650, 786431520.350] (assumes normal distribution)
[INFO] [stdout] 
[INFO] [stdout] Secondary result "org.weakref.nitro.tpcds.BenchmarkQueries.query38:gc.count":
[INFO] [stdout]   10.000 ±(99.9%) 0.001 counts [Sum]
[INFO] [stdout]   (min, avg, max) = (≈ 0, 2.500, 5.000), stdev = 2.887
[INFO] [stdout]   CI (99.9%): [10.000, 10.000] (assumes normal distribution)
[INFO] [stdout] 
[INFO] [stdout] Secondary result "org.weakref.nitro.tpcds.BenchmarkQueries.query38:gc.time":
[INFO] [stdout]   160.000 ±(99.9%) 0.001 ms [Sum]
[INFO] [stdout]   (min, avg, max) = (≈ 0, 40.000, 144.000), stdev = 69.742
[INFO] [stdout]   CI (99.9%): [160.000, 160.000] (assumes normal distribution)
[INFO] [stdout] 
[INFO] [stdout] Secondary result "org.weakref.nitro.tpcds.BenchmarkQueries.query38:iTLB-load-misses":
[INFO] [stdout]   41182.564 #/op
[INFO] [stdout] 
[INFO] [stdout] Secondary result "org.weakref.nitro.tpcds.BenchmarkQueries.query38:iTLB-loads":
[INFO] [stdout]   1909880.111 #/op
[INFO] [stdout] 
[INFO] [stdout] Secondary result "org.weakref.nitro.tpcds.BenchmarkQueries.query38:instructions":
[INFO] [stdout]   21356153810.146 #/op
[INFO] [stdout] 
[INFO] [stdout] Secondary result "org.weakref.nitro.tpcds.BenchmarkQueries.query38:stalled-cycles-frontend":
[INFO] [stdout]   686481324.225 #/op
[INFO] [stdout] 
[INFO] [stdout] 
[INFO] [stdout] # JMH version: 1.37
[INFO] [stdout] # VM version: JDK 26.0.1, OpenJDK 64-Bit Server VM, 26.0.1+8
[INFO] [stdout] # VM invoker: /opt/java/openjdk/bin/java
[INFO] [stdout] # VM options: --enable-preview --add-modules=jdk.incubator.vector -Dnitro.clickbench.hits.path= -Xmx12g -XX:+UseTransparentHugePages -Dnitro.hash.join.automaticDirectExactCoalesce=false -Dnitro.tpcds.parquet.path=/root/data/tpcds-parquet-sf10 -Dnitro.tpcds.parquet.schema=sf10
[INFO] [stdout] # Blackhole mode: compiler (auto-detected, use -Djmh.blackhole.autoDetect=false to disable)
[INFO] [stdout] # Warmup: 3 iterations, 1 s each
[INFO] [stdout] # Measurement: 4 iterations, 1 s each
[INFO] [stdout] # Timeout: 30 min per iteration
[INFO] [stdout] # Threads: 1 thread, will synchronize iterations
[INFO] [stdout] # Benchmark mode: Average time, time/op
[INFO] [stdout] # Benchmark: org.weakref.nitro.tpcds.BenchmarkQueries.query45
[INFO] [stdout] 
[INFO] [stdout] # Run progress: 25.00% complete, ETA 00:00:33
[INFO] [stdout] # Fork: 1 of 1
[INFO] [stdout] # Preparing profilers: LinuxPerfNormProfiler 
[INFO] [stdout] # Profilers consume stderr from target VM, use -v EXTRA to copy to console
[INFO] [stdout] # Warmup Iteration   1: 130.204 ms/op
[INFO] [stdout] # Warmup Iteration   2: 75.452 ms/op
[INFO] [stdout] # Warmup Iteration   3: 73.385 ms/op
[INFO] [stdout] Iteration   1: 72.589 ms/op
[INFO] [stdout]                  gc.alloc.rate:      912.202 MB/sec
[INFO] [stdout]                  gc.alloc.rate.norm: 69440860.571 B/op
[INFO] [stdout]                  gc.count:           1.000 counts
[INFO] [stdout]                  gc.time:            1.000 ms
[INFO] [stdout] 
[INFO] [stdout] Iteration   2: 71.644 ms/op
[INFO] [stdout]                  gc.alloc.rate:      924.089 MB/sec
[INFO] [stdout]                  gc.alloc.rate.norm: 69431201.714 B/op
[INFO] [stdout]                  gc.count:           1.000 counts
[INFO] [stdout]                  gc.time:            1.000 ms
[INFO] [stdout] 
[INFO] [stdout] Iteration   3: 71.858 ms/op
[INFO] [stdout]                  gc.alloc.rate:      921.253 MB/sec
[INFO] [stdout]                  gc.alloc.rate.norm: 69424532.571 B/op
[INFO] [stdout]                  gc.count:           2.000 counts
[INFO] [stdout]                  gc.time:            4.000 ms
[INFO] [stdout] 
[INFO] [stdout] Iteration   4: 71.462 ms/op
[INFO] [stdout]                  gc.alloc.rate:      926.362 MB/sec
[INFO] [stdout]                  gc.alloc.rate.norm: 69423784.571 B/op
[INFO] [stdout]                  gc.count:           1.000 counts
[INFO] [stdout]                  gc.time:            2.000 ms
[INFO] [stdout] 
[INFO] [stdout] # Processing profiler results: LinuxPerfNormProfiler 
[INFO] [stdout] 
[INFO] [stdout] 
[INFO] [stdout] Result "org.weakref.nitro.tpcds.BenchmarkQueries.query45":
[INFO] [stdout]   71.888 ±(99.9%) 3.196 ms/op [Average]
[INFO] [stdout]   (min, avg, max) = (71.462, 71.888, 72.589), stdev = 0.495
[INFO] [stdout]   CI (99.9%): [68.692, 75.084] (assumes normal distribution)
[INFO] [stdout] 
[INFO] [stdout] Secondary result "org.weakref.nitro.tpcds.BenchmarkQueries.query45:CPI":
[INFO] [stdout]   0.266 clks/insn
[INFO] [stdout] 
[INFO] [stdout] Secondary result "org.weakref.nitro.tpcds.BenchmarkQueries.query45:IPC":
[INFO] [stdout]   3.761 insns/clk
[INFO] [stdout] 
[INFO] [stdout] Secondary result "org.weakref.nitro.tpcds.BenchmarkQueries.query45:L1-dcache-load-misses":
[INFO] [stdout]   15127487.888 #/op
[INFO] [stdout] 
[INFO] [stdout] Secondary result "org.weakref.nitro.tpcds.BenchmarkQueries.query45:L1-dcache-loads":
[INFO] [stdout]   716561142.574 #/op
[INFO] [stdout] 
[INFO] [stdout] Secondary result "org.weakref.nitro.tpcds.BenchmarkQueries.query45:L1-icache-load-misses":
[INFO] [stdout]   644729.801 #/op
[INFO] [stdout] 
[INFO] [stdout] Secondary result "org.weakref.nitro.tpcds.BenchmarkQueries.query45:L1-icache-loads":
[INFO] [stdout]   7566492.524 #/op
[INFO] [stdout] 
[INFO] [stdout] Secondary result "org.weakref.nitro.tpcds.BenchmarkQueries.query45:branch-misses":
[INFO] [stdout]   1953002.703 #/op
[INFO] [stdout] 
[INFO] [stdout] Secondary result "org.weakref.nitro.tpcds.BenchmarkQueries.query45:branches":
[INFO] [stdout]   354970197.888 #/op
[INFO] [stdout] 
[INFO] [stdout] Secondary result "org.weakref.nitro.tpcds.BenchmarkQueries.query45:cycles":
[INFO] [stdout]   448797116.162 #/op
[INFO] [stdout] 
[INFO] [stdout] Secondary result "org.weakref.nitro.tpcds.BenchmarkQueries.query45:dTLB-load-misses":
[INFO] [stdout]   36157.316 #/op
[INFO] [stdout] 
[INFO] [stdout] Secondary result "org.weakref.nitro.tpcds.BenchmarkQueries.query45:dTLB-loads":
[INFO] [stdout]   511383.343 #/op
[INFO] [stdout] 
[INFO] [stdout] Secondary result "org.weakref.nitro.tpcds.BenchmarkQueries.query45:gc.alloc.rate":
[INFO] [stdout]   920.976 ±(99.9%) 40.140 MB/sec [Average]
[INFO] [stdout]   (min, avg, max) = (912.202, 920.976, 926.362), stdev = 6.212
[INFO] [stdout]   CI (99.9%): [880.836, 961.116] (assumes normal distribution)
[INFO] [stdout] 
[INFO] [stdout] Secondary result "org.weakref.nitro.tpcds.BenchmarkQueries.query45:gc.alloc.rate.norm":
[INFO] [stdout]   69430094.857 ±(99.9%) 51138.860 B/op [Average]
[INFO] [stdout]   (min, avg, max) = (69423784.571, 69430094.857, 69440860.571), stdev = 7913.795
[INFO] [stdout]   CI (99.9%): [69378955.997, 69481233.717] (assumes normal distribution)
[INFO] [stdout] 
[INFO] [stdout] Secondary result "org.weakref.nitro.tpcds.BenchmarkQueries.query45:gc.count":
[INFO] [stdout]   5.000 ±(99.9%) 0.001 counts [Sum]
[INFO] [stdout]   (min, avg, max) = (1.000, 1.250, 2.000), stdev = 0.500
[INFO] [stdout]   CI (99.9%): [5.000, 5.000] (assumes normal distribution)
[INFO] [stdout] 
[INFO] [stdout] Secondary result "org.weakref.nitro.tpcds.BenchmarkQueries.query45:gc.time":
[INFO] [stdout]   8.000 ±(99.9%) 0.001 ms [Sum]
[INFO] [stdout]   (min, avg, max) = (1.000, 2.000, 4.000), stdev = 1.414
[INFO] [stdout]   CI (99.9%): [8.000, 8.000] (assumes normal distribution)
[INFO] [stdout] 
[INFO] [stdout] Secondary result "org.weakref.nitro.tpcds.BenchmarkQueries.query45:iTLB-load-misses":
[INFO] [stdout]   6615.417 #/op
[INFO] [stdout] 
[INFO] [stdout] Secondary result "org.weakref.nitro.tpcds.BenchmarkQueries.query45:iTLB-loads":
[INFO] [stdout]   304726.767 #/op
[INFO] [stdout] 
[INFO] [stdout] Secondary result "org.weakref.nitro.tpcds.BenchmarkQueries.query45:instructions":
[INFO] [stdout]   1687888367.255 #/op
[INFO] [stdout] 
[INFO] [stdout] Secondary result "org.weakref.nitro.tpcds.BenchmarkQueries.query45:stalled-cycles-frontend":
[INFO] [stdout]   98142787.688 #/op
[INFO] [stdout] 
[INFO] [stdout] 
[INFO] [stdout] # JMH version: 1.37
[INFO] [stdout] # VM version: JDK 26.0.1, OpenJDK 64-Bit Server VM, 26.0.1+8
[INFO] [stdout] # VM invoker: /opt/java/openjdk/bin/java
[INFO] [stdout] # VM options: --enable-preview --add-modules=jdk.incubator.vector -Dnitro.clickbench.hits.path= -Xmx12g -XX:+UseTransparentHugePages -Dnitro.hash.join.automaticDirectExactCoalesce=false -Dnitro.tpcds.parquet.path=/root/data/tpcds-parquet-sf10 -Dnitro.tpcds.parquet.schema=sf10
[INFO] [stdout] # Blackhole mode: compiler (auto-detected, use -Djmh.blackhole.autoDetect=false to disable)
[INFO] [stdout] # Warmup: 3 iterations, 1 s each
[INFO] [stdout] # Measurement: 4 iterations, 1 s each
[INFO] [stdout] # Timeout: 30 min per iteration
[INFO] [stdout] # Threads: 1 thread, will synchronize iterations
[INFO] [stdout] # Benchmark mode: Average time, time/op
[INFO] [stdout] # Benchmark: org.weakref.nitro.tpcds.BenchmarkQueries.query57
[INFO] [stdout] 
[INFO] [stdout] # Run progress: 50.00% complete, ETA 00:00:18
[INFO] [stdout] # Fork: 1 of 1
[INFO] [stdout] # Preparing profilers: LinuxPerfNormProfiler 
[INFO] [stdout] # Profilers consume stderr from target VM, use -v EXTRA to copy to console
[INFO] [stdout] # Warmup Iteration   1: 2568.345 ms/op
[INFO] [stdout] # Warmup Iteration   2: 1673.006 ms/op
[INFO] [stdout] # Warmup Iteration   3: 1648.623 ms/op
[INFO] [stdout] Iteration   1: 1649.555 ms/op
[INFO] [stdout]                  gc.alloc.rate:      265.265 MB/sec
[INFO] [stdout]                  gc.alloc.rate.norm: 458860616.000 B/op
[INFO] [stdout]                  gc.count:           6.000 counts
[INFO] [stdout]                  gc.time:            24.000 ms
[INFO] [stdout] 
[INFO] [stdout] Iteration   2: 1628.686 ms/op
[INFO] [stdout]                  gc.alloc.rate:      268.478 MB/sec
[INFO] [stdout]                  gc.alloc.rate.norm: 458540904.000 B/op
[INFO] [stdout]                  gc.count:           1.000 counts
[INFO] [stdout]                  gc.time:            8.000 ms
[INFO] [stdout] 
[INFO] [stdout] Iteration   3: 1619.772 ms/op
[INFO] [stdout]                  gc.alloc.rate:      258.338 MB/sec
[INFO] [stdout]                  gc.alloc.rate.norm: 438803664.000 B/op
[INFO] [stdout]                  gc.count:           5.000 counts
[INFO] [stdout]                  gc.time:            17.000 ms
[INFO] [stdout] 
[INFO] [stdout] Iteration   4: 1630.069 ms/op
[INFO] [stdout]                  gc.alloc.rate:      256.703 MB/sec
[INFO] [stdout]                  gc.alloc.rate.norm: 438806152.000 B/op
[INFO] [stdout]                  gc.count:           5.000 counts
[INFO] [stdout]                  gc.time:            25.000 ms
[INFO] [stdout] 
[INFO] [stdout] # Processing profiler results: LinuxPerfNormProfiler 
[INFO] [stdout] 
[INFO] [stdout] 
[INFO] [stdout] Result "org.weakref.nitro.tpcds.BenchmarkQueries.query57":
[INFO] [stdout]   1632.021 ±(99.9%) 81.091 ms/op [Average]
[INFO] [stdout]   (min, avg, max) = (1619.772, 1632.021, 1649.555), stdev = 12.549
[INFO] [stdout]   CI (99.9%): [1550.929, 1713.112] (assumes normal distribution)
[INFO] [stdout] 
[INFO] [stdout] Secondary result "org.weakref.nitro.tpcds.BenchmarkQueries.query57:CPI":
[INFO] [stdout]   0.244 clks/insn
[INFO] [stdout] 
[INFO] [stdout] Secondary result "org.weakref.nitro.tpcds.BenchmarkQueries.query57:IPC":
[INFO] [stdout]   4.107 insns/clk
[INFO] [stdout] 
[INFO] [stdout] Secondary result "org.weakref.nitro.tpcds.BenchmarkQueries.query57:L1-dcache-load-misses":
[INFO] [stdout]   378976765.689 #/op
[INFO] [stdout] 
[INFO] [stdout] Secondary result "org.weakref.nitro.tpcds.BenchmarkQueries.query57:L1-dcache-loads":
[INFO] [stdout]   18035784501.869 #/op
[INFO] [stdout] 
[INFO] [stdout] Secondary result "org.weakref.nitro.tpcds.BenchmarkQueries.query57:L1-icache-load-misses":
[INFO] [stdout]   7623107.690 #/op
[INFO] [stdout] 
[INFO] [stdout] Secondary result "org.weakref.nitro.tpcds.BenchmarkQueries.query57:L1-icache-loads":
[INFO] [stdout]   90169926.502 #/op
[INFO] [stdout] 
[INFO] [stdout] Secondary result "org.weakref.nitro.tpcds.BenchmarkQueries.query57:branch-misses":
[INFO] [stdout]   27317265.610 #/op
[INFO] [stdout] 
[INFO] [stdout] Secondary result "org.weakref.nitro.tpcds.BenchmarkQueries.query57:branches":
[INFO] [stdout]   7504794304.364 #/op
[INFO] [stdout] 
[INFO] [stdout] Secondary result "org.weakref.nitro.tpcds.BenchmarkQueries.query57:cycles":
[INFO] [stdout]   9686909834.165 #/op
[INFO] [stdout] 
[INFO] [stdout] Secondary result "org.weakref.nitro.tpcds.BenchmarkQueries.query57:dTLB-load-misses":
[INFO] [stdout]   218005.305 #/op
[INFO] [stdout] 
[INFO] [stdout] Secondary result "org.weakref.nitro.tpcds.BenchmarkQueries.query57:dTLB-loads":
[INFO] [stdout]   3853105.221 #/op
[INFO] [stdout] 
[INFO] [stdout] Secondary result "org.weakref.nitro.tpcds.BenchmarkQueries.query57:gc.alloc.rate":
[INFO] [stdout]   262.196 ±(99.9%) 36.162 MB/sec [Average]
[INFO] [stdout]   (min, avg, max) = (256.703, 262.196, 268.478), stdev = 5.596
[INFO] [stdout]   CI (99.9%): [226.034, 298.358] (assumes normal distribution)
[INFO] [stdout] 
[INFO] [stdout] Secondary result "org.weakref.nitro.tpcds.BenchmarkQueries.query57:gc.alloc.rate.norm":
[INFO] [stdout]   448752834.000 ±(99.9%) 74232858.794 B/op [Average]
[INFO] [stdout]   (min, avg, max) = (438803664.000, 448752834.000, 458860616.000), stdev = 11487617.069
[INFO] [stdout]   CI (99.9%): [374519975.206, 522985692.794] (assumes normal distribution)
[INFO] [stdout] 
[INFO] [stdout] Secondary result "org.weakref.nitro.tpcds.BenchmarkQueries.query57:gc.count":
[INFO] [stdout]   17.000 ±(99.9%) 0.001 counts [Sum]
[INFO] [stdout]   (min, avg, max) = (1.000, 4.250, 6.000), stdev = 2.217
[INFO] [stdout]   CI (99.9%): [17.000, 17.000] (assumes normal distribution)
[INFO] [stdout] 
[INFO] [stdout] Secondary result "org.weakref.nitro.tpcds.BenchmarkQueries.query57:gc.time":
[INFO] [stdout]   74.000 ±(99.9%) 0.001 ms [Sum]
[INFO] [stdout]   (min, avg, max) = (8.000, 18.500, 25.000), stdev = 7.853
[INFO] [stdout]   CI (99.9%): [74.000, 74.000] (assumes normal distribution)
[INFO] [stdout] 
[INFO] [stdout] Secondary result "org.weakref.nitro.tpcds.BenchmarkQueries.query57:iTLB-load-misses":
[INFO] [stdout]   50988.821 #/op
[INFO] [stdout] 
[INFO] [stdout] Secondary result "org.weakref.nitro.tpcds.BenchmarkQueries.query57:iTLB-loads":
[INFO] [stdout]   3572705.674 #/op
[INFO] [stdout] 
[INFO] [stdout] Secondary result "org.weakref.nitro.tpcds.BenchmarkQueries.query57:instructions":
[INFO] [stdout]   39779755190.398 #/op
[INFO] [stdout] 
[INFO] [stdout] Secondary result "org.weakref.nitro.tpcds.BenchmarkQueries.query57:stalled-cycles-frontend":
[INFO] [stdout]   826486497.954 #/op
[INFO] [stdout] 
[INFO] [stdout] 
[INFO] [stdout] # JMH version: 1.37
[INFO] [stdout] # VM version: JDK 26.0.1, OpenJDK 64-Bit Server VM, 26.0.1+8
[INFO] [stdout] # VM invoker: /opt/java/openjdk/bin/java
[INFO] [stdout] # VM options: --enable-preview --add-modules=jdk.incubator.vector -Dnitro.clickbench.hits.path= -Xmx12g -XX:+UseTransparentHugePages -Dnitro.hash.join.automaticDirectExactCoalesce=false -Dnitro.tpcds.parquet.path=/root/data/tpcds-parquet-sf10 -Dnitro.tpcds.parquet.schema=sf10
[INFO] [stdout] # Blackhole mode: compiler (auto-detected, use -Djmh.blackhole.autoDetect=false to disable)
[INFO] [stdout] # Warmup: 3 iterations, 1 s each
[INFO] [stdout] # Measurement: 4 iterations, 1 s each
[INFO] [stdout] # Timeout: 30 min per iteration
[INFO] [stdout] # Threads: 1 thread, will synchronize iterations
[INFO] [stdout] # Benchmark mode: Average time, time/op
[INFO] [stdout] # Benchmark: org.weakref.nitro.tpcds.BenchmarkQueries.query82
[INFO] [stdout] 
[INFO] [stdout] # Run progress: 75.00% complete, ETA 00:00:10
[INFO] [stdout] # Fork: 1 of 1
[INFO] [stdout] # Preparing profilers: LinuxPerfNormProfiler 
[INFO] [stdout] # Profilers consume stderr from target VM, use -v EXTRA to copy to console
[INFO] [stdout] # Warmup Iteration   1: 2776.218 ms/op
[INFO] [stdout] # Warmup Iteration   2: 2408.597 ms/op
[INFO] [stdout] # Warmup Iteration   3: 2697.627 ms/op
[INFO] [stdout] Iteration   1: 3010.085 ms/op
[INFO] [stdout]                  gc.alloc.rate:      245.203 MB/sec
[INFO] [stdout]                  gc.alloc.rate.norm: 773964912.000 B/op
[INFO] [stdout]                  gc.count:           ≈ 0 counts
[INFO] [stdout] 
[INFO] [stdout] Iteration   2: 3153.265 ms/op
[INFO] [stdout]                  gc.alloc.rate:      234.066 MB/sec
[INFO] [stdout]                  gc.alloc.rate.norm: 773953600.000 B/op
[INFO] [stdout]                  gc.count:           ≈ 0 counts
[INFO] [stdout] 
[INFO] [stdout] Iteration   3: 2536.323 ms/op
[INFO] [stdout]                  gc.alloc.rate:      290.997 MB/sec
[INFO] [stdout]                  gc.alloc.rate.norm: 773956752.000 B/op
[INFO] [stdout]                  gc.count:           4.000 counts
[INFO] [stdout]                  gc.time:            125.000 ms
[INFO] [stdout] 
[INFO] [stdout] Iteration   4: 2349.635 ms/op
[INFO] [stdout]                  gc.alloc.rate:      314.113 MB/sec
[INFO] [stdout]                  gc.alloc.rate.norm: 773940712.000 B/op
[INFO] [stdout]                  gc.count:           ≈ 0 counts
[INFO] [stdout] 
[INFO] [stdout] # Processing profiler results: LinuxPerfNormProfiler 
[INFO] [stdout] 
[INFO] [stdout] 
[INFO] [stdout] Result "org.weakref.nitro.tpcds.BenchmarkQueries.query82":
[INFO] [stdout]   2762.327 ±(99.9%) 2462.373 ms/op [Average]
[INFO] [stdout]   (min, avg, max) = (2349.635, 2762.327, 3153.265), stdev = 381.055
[INFO] [stdout]   CI (99.9%): [299.954, 5224.700] (assumes normal distribution)
[INFO] [stdout] 
[INFO] [stdout] Secondary result "org.weakref.nitro.tpcds.BenchmarkQueries.query82:CPI":
[INFO] [stdout]   0.343 clks/insn
[INFO] [stdout] 
[INFO] [stdout] Secondary result "org.weakref.nitro.tpcds.BenchmarkQueries.query82:IPC":
[INFO] [stdout]   2.915 insns/clk
[INFO] [stdout] 
[INFO] [stdout] Secondary result "org.weakref.nitro.tpcds.BenchmarkQueries.query82:L1-dcache-load-misses":
[INFO] [stdout]   587160378.634 #/op
[INFO] [stdout] 
[INFO] [stdout] Secondary result "org.weakref.nitro.tpcds.BenchmarkQueries.query82:L1-dcache-loads":
[INFO] [stdout]   20374798504.417 #/op
[INFO] [stdout] 
[INFO] [stdout] Secondary result "org.weakref.nitro.tpcds.BenchmarkQueries.query82:L1-icache-load-misses":
[INFO] [stdout]   12814376.115 #/op
[INFO] [stdout] 
[INFO] [stdout] Secondary result "org.weakref.nitro.tpcds.BenchmarkQueries.query82:L1-icache-loads":
[INFO] [stdout]   181743916.696 #/op
[INFO] [stdout] 
[INFO] [stdout] Secondary result "org.weakref.nitro.tpcds.BenchmarkQueries.query82:branch-misses":
[INFO] [stdout]   111002626.611 #/op
[INFO] [stdout] 
[INFO] [stdout] Secondary result "org.weakref.nitro.tpcds.BenchmarkQueries.query82:branches":
[INFO] [stdout]   9774915315.353 #/op
[INFO] [stdout] 
[INFO] [stdout] Secondary result "org.weakref.nitro.tpcds.BenchmarkQueries.query82:cycles":
[INFO] [stdout]   15645029259.953 #/op
[INFO] [stdout] 
[INFO] [stdout] Secondary result "org.weakref.nitro.tpcds.BenchmarkQueries.query82:dTLB-load-misses":
[INFO] [stdout]   1526373.637 #/op
[INFO] [stdout] 
[INFO] [stdout] Secondary result "org.weakref.nitro.tpcds.BenchmarkQueries.query82:dTLB-loads":
[INFO] [stdout]   15457583.796 #/op
[INFO] [stdout] 
[INFO] [stdout] Secondary result "org.weakref.nitro.tpcds.BenchmarkQueries.query82:gc.alloc.rate":
[INFO] [stdout]   271.095 ±(99.9%) 244.308 MB/sec [Average]
[INFO] [stdout]   (min, avg, max) = (234.066, 271.095, 314.113), stdev = 37.807
[INFO] [stdout]   CI (99.9%): [26.787, 515.403] (assumes normal distribution)
[INFO] [stdout] 
[INFO] [stdout] Secondary result "org.weakref.nitro.tpcds.BenchmarkQueries.query82:gc.alloc.rate.norm":
[INFO] [stdout]   773953994.000 ±(99.9%) 64982.476 B/op [Average]
[INFO] [stdout]   (min, avg, max) = (773940712.000, 773953994.000, 773964912.000), stdev = 10056.110
[INFO] [stdout]   CI (99.9%): [773889011.524, 774018976.476] (assumes normal distribution)
[INFO] [stdout] 
[INFO] [stdout] Secondary result "org.weakref.nitro.tpcds.BenchmarkQueries.query82:gc.count":
[INFO] [stdout]   4.000 ±(99.9%) 0.001 counts [Sum]
[INFO] [stdout]   (min, avg, max) = (≈ 0, 1.000, 4.000), stdev = 2.000
[INFO] [stdout]   CI (99.9%): [4.000, 4.000] (assumes normal distribution)
[INFO] [stdout] 
[INFO] [stdout] Secondary result "org.weakref.nitro.tpcds.BenchmarkQueries.query82:gc.time":
[INFO] [stdout]   125.000 ±(99.9%) 0.001 ms [Sum]
[INFO] [stdout]   (min, avg, max) = (≈ 0, 31.250, 125.000), stdev = 62.500
[INFO] [stdout]   CI (99.9%): [125.000, 125.000] (assumes normal distribution)
[INFO] [stdout] 
[INFO] [stdout] Secondary result "org.weakref.nitro.tpcds.BenchmarkQueries.query82:iTLB-load-misses":
[INFO] [stdout]   32526.304 #/op
[INFO] [stdout] 
[INFO] [stdout] Secondary result "org.weakref.nitro.tpcds.BenchmarkQueries.query82:iTLB-loads":
[INFO] [stdout]   1608496.057 #/op
[INFO] [stdout] 
[INFO] [stdout] Secondary result "org.weakref.nitro.tpcds.BenchmarkQueries.query82:instructions":
[INFO] [stdout]   45600848147.177 #/op
[INFO] [stdout] 
[INFO] [stdout] Secondary result "org.weakref.nitro.tpcds.BenchmarkQueries.query82:stalled-cycles-frontend":
[INFO] [stdout]   3696077492.994 #/op
[INFO] [stdout] 
[INFO] [stdout] 
[INFO] [stdout] # Run complete. Total time: 00:00:50
[INFO] [stdout] 
[INFO] [stdout] REMEMBER: The numbers below are just data. To gain reusable insights, you need to follow up on
[INFO] [stdout] why the numbers are the way they are. Use profilers (see -prof, -lprof), design factorial
[INFO] [stdout] experiments, perform baseline and negative tests that provide experimental control, make sure
[INFO] [stdout] the benchmarking environment is safe on JVM/OS/HW level, ask for reviews from the domain experts.
[INFO] [stdout] Do not assume the numbers tell you what you want them to tell.
[INFO] [stdout] 
[INFO] [stdout] NOTE: Current JVM experimentally supports Compiler Blackholes, and they are in use. Please exercise
[INFO] [stdout] extra caution when trusting the results, look into the generated code to check the benchmark still
[INFO] [stdout] works, and factor in a small probability of new VM bugs. Additionally, while comparisons between
[INFO] [stdout] different JVMs are already problematic, the performance difference caused by different Blackhole
[INFO] [stdout] modes can be very significant. Please make sure you use the consistent Blackhole mode for comparisons.
[INFO] [stdout] 
[INFO] [stdout] Benchmark                                         Mode  Cnt            Score          Error      Units
[INFO] [stdout] BenchmarkQueries.query38                          avgt    4         1127.458 ±     2283.365      ms/op
[INFO] [stdout] BenchmarkQueries.query38:CPI                      avgt                 0.275                 clks/insn
[INFO] [stdout] BenchmarkQueries.query38:IPC                      avgt                 3.637                 insns/clk
[INFO] [stdout] BenchmarkQueries.query38:L1-dcache-load-misses    avgt         175631339.950                      #/op
[INFO] [stdout] BenchmarkQueries.query38:L1-dcache-loads          avgt        9045648357.517                      #/op
[INFO] [stdout] BenchmarkQueries.query38:L1-icache-load-misses    avgt           6021034.139                      #/op
[INFO] [stdout] BenchmarkQueries.query38:L1-icache-loads          avgt          78542994.074                      #/op
[INFO] [stdout] BenchmarkQueries.query38:branch-misses            avgt          21159535.996                      #/op
[INFO] [stdout] BenchmarkQueries.query38:branches                 avgt        4093750205.421                      #/op
[INFO] [stdout] BenchmarkQueries.query38:cycles                   avgt        5871556628.549                      #/op
[INFO] [stdout] BenchmarkQueries.query38:dTLB-load-misses         avgt            821835.562                      #/op
[INFO] [stdout] BenchmarkQueries.query38:dTLB-loads               avgt           4808804.278                      #/op
[INFO] [stdout] BenchmarkQueries.query38:gc.alloc.rate            avgt    4          686.528 ±     1463.958     MB/sec
[INFO] [stdout] BenchmarkQueries.query38:gc.alloc.rate.norm       avgt    4    749337083.000 ± 37094437.350       B/op
[INFO] [stdout] BenchmarkQueries.query38:gc.count                 avgt    4           10.000                    counts
[INFO] [stdout] BenchmarkQueries.query38:gc.time                  avgt    4          160.000                        ms
[INFO] [stdout] BenchmarkQueries.query38:iTLB-load-misses         avgt             41182.564                      #/op
[INFO] [stdout] BenchmarkQueries.query38:iTLB-loads               avgt           1909880.111                      #/op
[INFO] [stdout] BenchmarkQueries.query38:instructions             avgt       21356153810.146                      #/op
[INFO] [stdout] BenchmarkQueries.query38:stalled-cycles-frontend  avgt         686481324.225                      #/op
[INFO] [stdout] BenchmarkQueries.query45                          avgt    4           71.888 ±        3.196      ms/op
[INFO] [stdout] BenchmarkQueries.query45:CPI                      avgt                 0.266                 clks/insn
[INFO] [stdout] BenchmarkQueries.query45:IPC                      avgt                 3.761                 insns/clk
[INFO] [stdout] BenchmarkQueries.query45:L1-dcache-load-misses    avgt          15127487.888                      #/op
[INFO] [stdout] BenchmarkQueries.query45:L1-dcache-loads          avgt         716561142.574                      #/op
[INFO] [stdout] BenchmarkQueries.query45:L1-icache-load-misses    avgt            644729.801                      #/op
[INFO] [stdout] BenchmarkQueries.query45:L1-icache-loads          avgt           7566492.524                      #/op
[INFO] [stdout] BenchmarkQueries.query45:branch-misses            avgt           1953002.703                      #/op
[INFO] [stdout] BenchmarkQueries.query45:branches                 avgt         354970197.888                      #/op
[INFO] [stdout] BenchmarkQueries.query45:cycles                   avgt         448797116.162                      #/op
[INFO] [stdout] BenchmarkQueries.query45:dTLB-load-misses         avgt             36157.316                      #/op
[INFO] [stdout] BenchmarkQueries.query45:dTLB-loads               avgt            511383.343                      #/op
[INFO] [stdout] BenchmarkQueries.query45:gc.alloc.rate            avgt    4          920.976 ±       40.140     MB/sec
[INFO] [stdout] BenchmarkQueries.query45:gc.alloc.rate.norm       avgt    4     69430094.857 ±    51138.860       B/op
[INFO] [stdout] BenchmarkQueries.query45:gc.count                 avgt    4            5.000                    counts
[INFO] [stdout] BenchmarkQueries.query45:gc.time                  avgt    4            8.000                        ms
[INFO] [stdout] BenchmarkQueries.query45:iTLB-load-misses         avgt              6615.417                      #/op
[INFO] [stdout] BenchmarkQueries.query45:iTLB-loads               avgt            304726.767                      #/op
[INFO] [stdout] BenchmarkQueries.query45:instructions             avgt        1687888367.255                      #/op
[INFO] [stdout] BenchmarkQueries.query45:stalled-cycles-frontend  avgt          98142787.688                      #/op
[INFO] [stdout] BenchmarkQueries.query57                          avgt    4         1632.021 ±       81.091      ms/op
[INFO] [stdout] BenchmarkQueries.query57:CPI                      avgt                 0.244                 clks/insn
[INFO] [stdout] BenchmarkQueries.query57:IPC                      avgt                 4.107                 insns/clk
[INFO] [stdout] BenchmarkQueries.query57:L1-dcache-load-misses    avgt         378976765.689                      #/op
[INFO] [stdout] BenchmarkQueries.query57:L1-dcache-loads          avgt       18035784501.869                      #/op
[INFO] [stdout] BenchmarkQueries.query57:L1-icache-load-misses    avgt           7623107.690                      #/op
[INFO] [stdout] BenchmarkQueries.query57:L1-icache-loads          avgt          90169926.502                      #/op
[INFO] [stdout] BenchmarkQueries.query57:branch-misses            avgt          27317265.610                      #/op
[INFO] [stdout] BenchmarkQueries.query57:branches                 avgt        7504794304.364                      #/op
[INFO] [stdout] BenchmarkQueries.query57:cycles                   avgt        9686909834.165                      #/op
[INFO] [stdout] BenchmarkQueries.query57:dTLB-load-misses         avgt            218005.305                      #/op
[INFO] [stdout] BenchmarkQueries.query57:dTLB-loads               avgt           3853105.221                      #/op
[INFO] [stdout] BenchmarkQueries.query57:gc.alloc.rate            avgt    4          262.196 ±       36.162     MB/sec
[INFO] [stdout] BenchmarkQueries.query57:gc.alloc.rate.norm       avgt    4    448752834.000 ± 74232858.794       B/op
[INFO] [stdout] BenchmarkQueries.query57:gc.count                 avgt    4           17.000                    counts
[INFO] [stdout] BenchmarkQueries.query57:gc.time                  avgt    4           74.000                        ms
[INFO] [stdout] BenchmarkQueries.query57:iTLB-load-misses         avgt             50988.821                      #/op
[INFO] [stdout] BenchmarkQueries.query57:iTLB-loads               avgt           3572705.674                      #/op
[INFO] [stdout] BenchmarkQueries.query57:instructions             avgt       39779755190.398                      #/op
[INFO] [stdout] BenchmarkQueries.query57:stalled-cycles-frontend  avgt         826486497.954                      #/op
[INFO] [stdout] BenchmarkQueries.query82                          avgt    4         2762.327 ±     2462.373      ms/op
[INFO] [stdout] BenchmarkQueries.query82:CPI                      avgt                 0.343                 clks/insn
[INFO] [stdout] BenchmarkQueries.query82:IPC                      avgt                 2.915                 insns/clk
[INFO] [stdout] BenchmarkQueries.query82:L1-dcache-load-misses    avgt         587160378.634                      #/op
[INFO] [stdout] BenchmarkQueries.query82:L1-dcache-loads          avgt       20374798504.417                      #/op
[INFO] [stdout] BenchmarkQueries.query82:L1-icache-load-misses    avgt          12814376.115                      #/op
[INFO] [stdout] BenchmarkQueries.query82:L1-icache-loads          avgt         181743916.696                      #/op
[INFO] [stdout] BenchmarkQueries.query82:branch-misses            avgt         111002626.611                      #/op
[INFO] [stdout] BenchmarkQueries.query82:branches                 avgt        9774915315.353                      #/op
[INFO] [stdout] BenchmarkQueries.query82:cycles                   avgt       15645029259.953                      #/op
[INFO] [stdout] BenchmarkQueries.query82:dTLB-load-misses         avgt           1526373.637                      #/op
[INFO] [stdout] BenchmarkQueries.query82:dTLB-loads               avgt          15457583.796                      #/op
[INFO] [stdout] BenchmarkQueries.query82:gc.alloc.rate            avgt    4          271.095 ±      244.308     MB/sec
[INFO] [stdout] BenchmarkQueries.query82:gc.alloc.rate.norm       avgt    4    773953994.000 ±    64982.476       B/op
[INFO] [stdout] BenchmarkQueries.query82:gc.count                 avgt    4            4.000                    counts
[INFO] [stdout] BenchmarkQueries.query82:gc.time                  avgt    4          125.000                        ms
[INFO] [stdout] BenchmarkQueries.query82:iTLB-load-misses         avgt             32526.304                      #/op
[INFO] [stdout] BenchmarkQueries.query82:iTLB-loads               avgt           1608496.057                      #/op
[INFO] [stdout] BenchmarkQueries.query82:instructions             avgt       45600848147.177                      #/op
[INFO] [stdout] BenchmarkQueries.query82:stalled-cycles-frontend  avgt        3696077492.994                      #/op
[INFO] [stdout] 
[INFO] [stdout] Benchmark result is saved to benchmarks/sweeps/20260718-targeted/nitro-tpcds-auto-exact-repaired-off-screen.json
[INFO] ------------------------------------------------------------------------
[INFO] BUILD SUCCESS
[INFO] ------------------------------------------------------------------------
[INFO] Total time:  51.606 s (Wall Clock)
[INFO] Finished at: 2026-07-18T09:38:37Z
[INFO] ------------------------------------------------------------------------
[INFO] Njord session closed
