[INFO] Processing build on daemon e20effc9
[INFO] Scanning for projects...
[INFO] Njord 0.9.4 session created
[INFO] BuildTimeEventSpy is registered.
[INFO] 
[INFO] Using the SmartBuilder implementation with a thread count of 7
[INFO] 
[INFO] -------------------------< org.weakref:nitro >--------------------------
[INFO] Building nitro 1-SNAPSHOT
[INFO]   from pom.xml
[INFO] --------------------------------[ jar ]---------------------------------
[WARNING] 2 problems were encountered while building the effective model for org.apache.yetus:audience-annotations:jar:0.5.0 during dependency collection step for project (use -X to see details)
[INFO] 
[INFO] --- exec:3.6.1:exec (benchmark) @ nitro ---
[WARNING] [stderr] WARNING: Using incubator modules: jdk.incubator.vector
[WARNING] [stderr] WARNING: A terminally deprecated method in sun.misc.Unsafe has been called
[WARNING] [stderr] WARNING: sun.misc.Unsafe::objectFieldOffset has been called by org.openjdk.jmh.util.Utils (file:/root/.m2/repository/org/openjdk/jmh/jmh-core/1.37/jmh-core-1.37.jar)
[WARNING] [stderr] WARNING: Please consider reporting this to the maintainers of class org.openjdk.jmh.util.Utils
[WARNING] [stderr] WARNING: sun.misc.Unsafe::objectFieldOffset will be removed in a future release
[INFO] [stdout] # JMH version: 1.37
[INFO] [stdout] # VM version: JDK 26.0.1, OpenJDK 64-Bit Server VM, 26.0.1+8
[INFO] [stdout] # VM invoker: /opt/java/openjdk/bin/java
[INFO] [stdout] # VM options: --enable-preview --add-modules=jdk.incubator.vector -Dnitro.clickbench.hits.path= -Xmx12g -XX:+UseTransparentHugePages -Dnitro.tpcds.parquet.path=/root/data/tpcds-parquet-sf10 -Dnitro.tpcds.parquet.schema=sf10 -Dnitro.parquet.snappyLibraryPath=/root/notes/velox/miniconda/lib/libsnappy.so.1.2.2
[INFO] [stdout] # Blackhole mode: compiler (auto-detected, use -Djmh.blackhole.autoDetect=false to disable)
[INFO] [stdout] # Warmup: 2 iterations, 1 s each
[INFO] [stdout] # Measurement: 3 iterations, 1 s each
[INFO] [stdout] # Timeout: 30 min per iteration
[INFO] [stdout] # Threads: 1 thread, will synchronize iterations
[INFO] [stdout] # Benchmark mode: Average time, time/op
[INFO] [stdout] # Benchmark: org.weakref.nitro.tpcds.BenchmarkQueries.query32
[INFO] [stdout] 
[INFO] [stdout] # Run progress: 0.00% complete, ETA 00:00:20
[INFO] [stdout] # Fork: 1 of 1
[INFO] [stdout] WARNING: Using incubator modules: jdk.incubator.vector
[INFO] [stdout] WARNING: A terminally deprecated method in sun.misc.Unsafe has been called
[INFO] [stdout] WARNING: sun.misc.Unsafe::objectFieldOffset has been called by org.openjdk.jmh.util.Utils (file:/root/.m2/repository/org/openjdk/jmh/jmh-core/1.37/jmh-core-1.37.jar)
[INFO] [stdout] WARNING: Please consider reporting this to the maintainers of class org.openjdk.jmh.util.Utils
[INFO] [stdout] WARNING: sun.misc.Unsafe::objectFieldOffset will be removed in a future release
[INFO] [stdout] # Warmup Iteration   1: WARNING: A restricted method in java.lang.foreign.SymbolLookup has been called
[INFO] [stdout] WARNING: java.lang.foreign.SymbolLookup::libraryLookup has been called by io.airlift.compress.v3.internal.NativeLoader in an unnamed module (file:/root/.m2/repository/io/airlift/aircompressor-v3/3.4/aircompressor-v3-3.4.jar)
[INFO] [stdout] WARNING: Use --enable-native-access=ALL-UNNAMED to avoid a warning for callers in this module
[INFO] [stdout] WARNING: Restricted methods will be blocked in a future release unless native access is enabled
[INFO] [stdout] 
[INFO] [stdout] 126.825 ms/op
[INFO] [stdout] # Warmup Iteration   2: 51.668 ms/op
[INFO] [stdout] Iteration   1: 50.238 ms/op
[INFO] [stdout]                  gc.alloc.rate:      246.793 MB/sec
[INFO] [stdout]                  gc.alloc.rate.norm: 13002545.200 B/op
[INFO] [stdout]                  gc.count:           1.000 counts
[INFO] [stdout]                  gc.time:            2.000 ms
[INFO] [stdout] 
[INFO] [stdout] Iteration   2: 49.787 ms/op
[INFO] [stdout]                  gc.alloc.rate:      248.947 MB/sec
[INFO] [stdout]                  gc.alloc.rate.norm: 12998589.333 B/op
[INFO] [stdout]                  gc.count:           3.000 counts
[INFO] [stdout]                  gc.time:            3.000 ms
[INFO] [stdout] 
[INFO] [stdout] Iteration   3: 49.638 ms/op
[INFO] [stdout]                  gc.alloc.rate:      249.695 MB/sec
[INFO] [stdout]                  gc.alloc.rate.norm: 12998342.095 B/op
[INFO] [stdout]                  gc.count:           1.000 counts
[INFO] [stdout]                  gc.time:            1.000 ms
[INFO] [stdout] 
[INFO] [stdout] 
[INFO] [stdout] 
[INFO] [stdout] Result "org.weakref.nitro.tpcds.BenchmarkQueries.query32":
[INFO] [stdout]   49.888 ±(99.9%) 5.695 ms/op [Average]
[INFO] [stdout]   (min, avg, max) = (49.638, 49.888, 50.238), stdev = 0.312
[INFO] [stdout]   CI (99.9%): [44.193, 55.583] (assumes normal distribution)
[INFO] [stdout] 
[INFO] [stdout] Secondary result "org.weakref.nitro.tpcds.BenchmarkQueries.query32:gc.alloc.rate":
[INFO] [stdout]   248.478 ±(99.9%) 27.488 MB/sec [Average]
[INFO] [stdout]   (min, avg, max) = (246.793, 248.478, 249.695), stdev = 1.507
[INFO] [stdout]   CI (99.9%): [220.991, 275.966] (assumes normal distribution)
[INFO] [stdout] 
[INFO] [stdout] Secondary result "org.weakref.nitro.tpcds.BenchmarkQueries.query32:gc.alloc.rate.norm":
[INFO] [stdout]   12999825.543 ±(99.9%) 43028.441 B/op [Average]
[INFO] [stdout]   (min, avg, max) = (12998342.095, 12999825.543, 13002545.200), stdev = 2358.534
[INFO] [stdout]   CI (99.9%): [12956797.102, 13042853.984] (assumes normal distribution)
[INFO] [stdout] 
[INFO] [stdout] Secondary result "org.weakref.nitro.tpcds.BenchmarkQueries.query32:gc.count":
[INFO] [stdout]   5.000 ±(99.9%) 0.001 counts [Sum]
[INFO] [stdout]   (min, avg, max) = (1.000, 1.667, 3.000), stdev = 1.155
[INFO] [stdout]   CI (99.9%): [5.000, 5.000] (assumes normal distribution)
[INFO] [stdout] 
[INFO] [stdout] Secondary result "org.weakref.nitro.tpcds.BenchmarkQueries.query32:gc.time":
[INFO] [stdout]   6.000 ±(99.9%) 0.001 ms [Sum]
[INFO] [stdout]   (min, avg, max) = (1.000, 2.000, 3.000), stdev = 1.000
[INFO] [stdout]   CI (99.9%): [6.000, 6.000] (assumes normal distribution)
[INFO] [stdout] 
[INFO] [stdout] 
[INFO] [stdout] # JMH version: 1.37
[INFO] [stdout] # VM version: JDK 26.0.1, OpenJDK 64-Bit Server VM, 26.0.1+8
[INFO] [stdout] # VM invoker: /opt/java/openjdk/bin/java
[INFO] [stdout] # VM options: --enable-preview --add-modules=jdk.incubator.vector -Dnitro.clickbench.hits.path= -Xmx12g -XX:+UseTransparentHugePages -Dnitro.tpcds.parquet.path=/root/data/tpcds-parquet-sf10 -Dnitro.tpcds.parquet.schema=sf10 -Dnitro.parquet.snappyLibraryPath=/root/notes/velox/miniconda/lib/libsnappy.so.1.2.2
[INFO] [stdout] # Blackhole mode: compiler (auto-detected, use -Djmh.blackhole.autoDetect=false to disable)
[INFO] [stdout] # Warmup: 2 iterations, 1 s each
[INFO] [stdout] # Measurement: 3 iterations, 1 s each
[INFO] [stdout] # Timeout: 30 min per iteration
[INFO] [stdout] # Threads: 1 thread, will synchronize iterations
[INFO] [stdout] # Benchmark mode: Average time, time/op
[INFO] [stdout] # Benchmark: org.weakref.nitro.tpcds.BenchmarkQueries.query34
[INFO] [stdout] 
[INFO] [stdout] # Run progress: 25.00% complete, ETA 00:00:15
[INFO] [stdout] # Fork: 1 of 1
[INFO] [stdout] WARNING: Using incubator modules: jdk.incubator.vector
[INFO] [stdout] WARNING: A terminally deprecated method in sun.misc.Unsafe has been called
[INFO] [stdout] WARNING: sun.misc.Unsafe::objectFieldOffset has been called by org.openjdk.jmh.util.Utils (file:/root/.m2/repository/org/openjdk/jmh/jmh-core/1.37/jmh-core-1.37.jar)
[INFO] [stdout] WARNING: Please consider reporting this to the maintainers of class org.openjdk.jmh.util.Utils
[INFO] [stdout] WARNING: sun.misc.Unsafe::objectFieldOffset will be removed in a future release
[INFO] [stdout] # Warmup Iteration   1: WARNING: A restricted method in java.lang.foreign.SymbolLookup has been called
[INFO] [stdout] WARNING: java.lang.foreign.SymbolLookup::libraryLookup has been called by io.airlift.compress.v3.internal.NativeLoader in an unnamed module (file:/root/.m2/repository/io/airlift/aircompressor-v3/3.4/aircompressor-v3-3.4.jar)
[INFO] [stdout] WARNING: Use --enable-native-access=ALL-UNNAMED to avoid a warning for callers in this module
[INFO] [stdout] WARNING: Restricted methods will be blocked in a future release unless native access is enabled
[INFO] [stdout] 
[INFO] [stdout] 518.822 ms/op
[INFO] [stdout] # Warmup Iteration   2: 282.690 ms/op
[INFO] [stdout] Iteration   1: 277.922 ms/op
[INFO] [stdout]                  gc.alloc.rate:      238.403 MB/sec
[INFO] [stdout]                  gc.alloc.rate.norm: 69483168.000 B/op
[INFO] [stdout]                  gc.count:           2.000 counts
[INFO] [stdout]                  gc.time:            2.000 ms
[INFO] [stdout] 
[INFO] [stdout] Iteration   2: 274.877 ms/op
[INFO] [stdout]                  gc.alloc.rate:      228.397 MB/sec
[INFO] [stdout]                  gc.alloc.rate.norm: 65837688.000 B/op
[INFO] [stdout]                  gc.count:           4.000 counts
[INFO] [stdout]                  gc.time:            2.000 ms
[INFO] [stdout] 
[INFO] [stdout] Iteration   3: 275.861 ms/op
[INFO] [stdout]                  gc.alloc.rate:      214.360 MB/sec
[INFO] [stdout]                  gc.alloc.rate.norm: 62015460.000 B/op
[INFO] [stdout]                  gc.count:           4.000 counts
[INFO] [stdout]                  gc.time:            2.000 ms
[INFO] [stdout] 
[INFO] [stdout] 
[INFO] [stdout] 
[INFO] [stdout] Result "org.weakref.nitro.tpcds.BenchmarkQueries.query34":
[INFO] [stdout]   276.220 ±(99.9%) 28.355 ms/op [Average]
[INFO] [stdout]   (min, avg, max) = (274.877, 276.220, 277.922), stdev = 1.554
[INFO] [stdout]   CI (99.9%): [247.865, 304.575] (assumes normal distribution)
[INFO] [stdout] 
[INFO] [stdout] Secondary result "org.weakref.nitro.tpcds.BenchmarkQueries.query34:gc.alloc.rate":
[INFO] [stdout]   227.053 ±(99.9%) 220.340 MB/sec [Average]
[INFO] [stdout]   (min, avg, max) = (214.360, 227.053, 238.403), stdev = 12.078
[INFO] [stdout]   CI (99.9%): [6.714, 447.393] (assumes normal distribution)
[INFO] [stdout] 
[INFO] [stdout] Secondary result "org.weakref.nitro.tpcds.BenchmarkQueries.query34:gc.alloc.rate.norm":
[INFO] [stdout]   65778772.000 ±(99.9%) 68125756.507 B/op [Average]
[INFO] [stdout]   (min, avg, max) = (62015460.000, 65778772.000, 69483168.000), stdev = 3734202.594
[INFO] [stdout]   CI (99.9%): [≈ 0, 133904528.507] (assumes normal distribution)
[INFO] [stdout] 
[INFO] [stdout] Secondary result "org.weakref.nitro.tpcds.BenchmarkQueries.query34:gc.count":
[INFO] [stdout]   10.000 ±(99.9%) 0.001 counts [Sum]
[INFO] [stdout]   (min, avg, max) = (2.000, 3.333, 4.000), stdev = 1.155
[INFO] [stdout]   CI (99.9%): [10.000, 10.000] (assumes normal distribution)
[INFO] [stdout] 
[INFO] [stdout] Secondary result "org.weakref.nitro.tpcds.BenchmarkQueries.query34:gc.time":
[INFO] [stdout]   6.000 ±(99.9%) 0.001 ms [Sum]
[INFO] [stdout]   (min, avg, max) = (2.000, 2.000, 2.000), stdev = 0.001
[INFO] [stdout]   CI (99.9%): [6.000, 6.000] (assumes normal distribution)
[INFO] [stdout] 
[INFO] [stdout] 
[INFO] [stdout] # JMH version: 1.37
[INFO] [stdout] # VM version: JDK 26.0.1, OpenJDK 64-Bit Server VM, 26.0.1+8
[INFO] [stdout] # VM invoker: /opt/java/openjdk/bin/java
[INFO] [stdout] # VM options: --enable-preview --add-modules=jdk.incubator.vector -Dnitro.clickbench.hits.path= -Xmx12g -XX:+UseTransparentHugePages -Dnitro.tpcds.parquet.path=/root/data/tpcds-parquet-sf10 -Dnitro.tpcds.parquet.schema=sf10 -Dnitro.parquet.snappyLibraryPath=/root/notes/velox/miniconda/lib/libsnappy.so.1.2.2
[INFO] [stdout] # Blackhole mode: compiler (auto-detected, use -Djmh.blackhole.autoDetect=false to disable)
[INFO] [stdout] # Warmup: 2 iterations, 1 s each
[INFO] [stdout] # Measurement: 3 iterations, 1 s each
[INFO] [stdout] # Timeout: 30 min per iteration
[INFO] [stdout] # Threads: 1 thread, will synchronize iterations
[INFO] [stdout] # Benchmark mode: Average time, time/op
[INFO] [stdout] # Benchmark: org.weakref.nitro.tpcds.BenchmarkQueries.query73
[INFO] [stdout] 
[INFO] [stdout] # Run progress: 50.00% complete, ETA 00:00:10
[INFO] [stdout] # Fork: 1 of 1
[INFO] [stdout] WARNING: Using incubator modules: jdk.incubator.vector
[INFO] [stdout] WARNING: A terminally deprecated method in sun.misc.Unsafe has been called
[INFO] [stdout] WARNING: sun.misc.Unsafe::objectFieldOffset has been called by org.openjdk.jmh.util.Utils (file:/root/.m2/repository/org/openjdk/jmh/jmh-core/1.37/jmh-core-1.37.jar)
[INFO] [stdout] WARNING: Please consider reporting this to the maintainers of class org.openjdk.jmh.util.Utils
[INFO] [stdout] WARNING: sun.misc.Unsafe::objectFieldOffset will be removed in a future release
[INFO] [stdout] # Warmup Iteration   1: WARNING: A restricted method in java.lang.foreign.SymbolLookup has been called
[INFO] [stdout] WARNING: java.lang.foreign.SymbolLookup::libraryLookup has been called by io.airlift.compress.v3.internal.NativeLoader in an unnamed module (file:/root/.m2/repository/io/airlift/aircompressor-v3/3.4/aircompressor-v3-3.4.jar)
[INFO] [stdout] WARNING: Use --enable-native-access=ALL-UNNAMED to avoid a warning for callers in this module
[INFO] [stdout] WARNING: Restricted methods will be blocked in a future release unless native access is enabled
[INFO] [stdout] 
[INFO] [stdout] 401.501 ms/op
[INFO] [stdout] # Warmup Iteration   2: 229.703 ms/op
[INFO] [stdout] Iteration   1: 225.159 ms/op
[INFO] [stdout]                  gc.alloc.rate:      243.376 MB/sec
[INFO] [stdout]                  gc.alloc.rate.norm: 57466024.000 B/op
[INFO] [stdout]                  gc.count:           1.000 counts
[INFO] [stdout]                  gc.time:            1.000 ms
[INFO] [stdout] 
[INFO] [stdout] Iteration   2: 223.770 ms/op
[INFO] [stdout]                  gc.alloc.rate:      218.613 MB/sec
[INFO] [stdout]                  gc.alloc.rate.norm: 51301166.400 B/op
[INFO] [stdout]                  gc.count:           2.000 counts
[INFO] [stdout]                  gc.time:            1.000 ms
[INFO] [stdout] 
[INFO] [stdout] Iteration   3: 223.161 ms/op
[INFO] [stdout]                  gc.alloc.rate:      219.186 MB/sec
[INFO] [stdout]                  gc.alloc.rate.norm: 51295251.200 B/op
[INFO] [stdout]                  gc.count:           2.000 counts
[INFO] [stdout]                  gc.time:            1.000 ms
[INFO] [stdout] 
[INFO] [stdout] 
[INFO] [stdout] 
[INFO] [stdout] Result "org.weakref.nitro.tpcds.BenchmarkQueries.query73":
[INFO] [stdout]   224.030 ±(99.9%) 18.682 ms/op [Average]
[INFO] [stdout]   (min, avg, max) = (223.161, 224.030, 225.159), stdev = 1.024
[INFO] [stdout]   CI (99.9%): [205.348, 242.712] (assumes normal distribution)
[INFO] [stdout] 
[INFO] [stdout] Secondary result "org.weakref.nitro.tpcds.BenchmarkQueries.query73:gc.alloc.rate":
[INFO] [stdout]   227.058 ±(99.9%) 257.860 MB/sec [Average]
[INFO] [stdout]   (min, avg, max) = (218.613, 227.058, 243.376), stdev = 14.134
[INFO] [stdout]   CI (99.9%): [≈ 0, 484.919] (assumes normal distribution)
[INFO] [stdout] 
[INFO] [stdout] Secondary result "org.weakref.nitro.tpcds.BenchmarkQueries.query73:gc.alloc.rate.norm":
[INFO] [stdout]   53354147.200 ±(99.9%) 64965732.115 B/op [Average]
[INFO] [stdout]   (min, avg, max) = (51295251.200, 53354147.200, 57466024.000), stdev = 3560990.994
[INFO] [stdout]   CI (99.9%): [≈ 0, 118319879.315] (assumes normal distribution)
[INFO] [stdout] 
[INFO] [stdout] Secondary result "org.weakref.nitro.tpcds.BenchmarkQueries.query73:gc.count":
[INFO] [stdout]   5.000 ±(99.9%) 0.001 counts [Sum]
[INFO] [stdout]   (min, avg, max) = (1.000, 1.667, 2.000), stdev = 0.577
[INFO] [stdout]   CI (99.9%): [5.000, 5.000] (assumes normal distribution)
[INFO] [stdout] 
[INFO] [stdout] Secondary result "org.weakref.nitro.tpcds.BenchmarkQueries.query73:gc.time":
[INFO] [stdout]   3.000 ±(99.9%) 0.001 ms [Sum]
[INFO] [stdout]   (min, avg, max) = (1.000, 1.000, 1.000), stdev = 0.001
[INFO] [stdout]   CI (99.9%): [3.000, 3.000] (assumes normal distribution)
[INFO] [stdout] 
[INFO] [stdout] 
[INFO] [stdout] # JMH version: 1.37
[INFO] [stdout] # VM version: JDK 26.0.1, OpenJDK 64-Bit Server VM, 26.0.1+8
[INFO] [stdout] # VM invoker: /opt/java/openjdk/bin/java
[INFO] [stdout] # VM options: --enable-preview --add-modules=jdk.incubator.vector -Dnitro.clickbench.hits.path= -Xmx12g -XX:+UseTransparentHugePages -Dnitro.tpcds.parquet.path=/root/data/tpcds-parquet-sf10 -Dnitro.tpcds.parquet.schema=sf10 -Dnitro.parquet.snappyLibraryPath=/root/notes/velox/miniconda/lib/libsnappy.so.1.2.2
[INFO] [stdout] # Blackhole mode: compiler (auto-detected, use -Djmh.blackhole.autoDetect=false to disable)
[INFO] [stdout] # Warmup: 2 iterations, 1 s each
[INFO] [stdout] # Measurement: 3 iterations, 1 s each
[INFO] [stdout] # Timeout: 30 min per iteration
[INFO] [stdout] # Threads: 1 thread, will synchronize iterations
[INFO] [stdout] # Benchmark mode: Average time, time/op
[INFO] [stdout] # Benchmark: org.weakref.nitro.tpcds.BenchmarkQueries.query79
[INFO] [stdout] 
[INFO] [stdout] # Run progress: 75.00% complete, ETA 00:00:05
[INFO] [stdout] # Fork: 1 of 1
[INFO] [stdout] WARNING: Using incubator modules: jdk.incubator.vector
[INFO] [stdout] WARNING: A terminally deprecated method in sun.misc.Unsafe has been called
[INFO] [stdout] WARNING: sun.misc.Unsafe::objectFieldOffset has been called by org.openjdk.jmh.util.Utils (file:/root/.m2/repository/org/openjdk/jmh/jmh-core/1.37/jmh-core-1.37.jar)
[INFO] [stdout] WARNING: Please consider reporting this to the maintainers of class org.openjdk.jmh.util.Utils
[INFO] [stdout] WARNING: sun.misc.Unsafe::objectFieldOffset will be removed in a future release
[INFO] [stdout] # Warmup Iteration   1: WARNING: A restricted method in java.lang.foreign.SymbolLookup has been called
[INFO] [stdout] WARNING: java.lang.foreign.SymbolLookup::libraryLookup has been called by io.airlift.compress.v3.internal.NativeLoader in an unnamed module (file:/root/.m2/repository/io/airlift/aircompressor-v3/3.4/aircompressor-v3-3.4.jar)
[INFO] [stdout] WARNING: Use --enable-native-access=ALL-UNNAMED to avoid a warning for callers in this module
[INFO] [stdout] WARNING: Restricted methods will be blocked in a future release unless native access is enabled
[INFO] [stdout] 
[INFO] [stdout] 1184.877 ms/op
[INFO] [stdout] # Warmup Iteration   2: 582.371 ms/op
[INFO] [stdout] Iteration   1: 554.498 ms/op
[INFO] [stdout]                  gc.alloc.rate:      184.433 MB/sec
[INFO] [stdout]                  gc.alloc.rate.norm: 107248868.000 B/op
[INFO] [stdout]                  gc.count:           5.000 counts
[INFO] [stdout]                  gc.time:            11.000 ms
[INFO] [stdout] 
[INFO] [stdout] Iteration   2: 552.458 ms/op
[INFO] [stdout]                  gc.alloc.rate:      189.092 MB/sec
[INFO] [stdout]                  gc.alloc.rate.norm: 109552184.000 B/op
[INFO] [stdout]                  gc.count:           7.000 counts
[INFO] [stdout]                  gc.time:            14.000 ms
[INFO] [stdout] 
[INFO] [stdout] Iteration   3: 545.210 ms/op
[INFO] [stdout]                  gc.alloc.rate:      197.585 MB/sec
[INFO] [stdout]                  gc.alloc.rate.norm: 112973132.000 B/op
[INFO] [stdout]                  gc.count:           3.000 counts
[INFO] [stdout]                  gc.time:            4.000 ms
[INFO] [stdout] 
[INFO] [stdout] 
[INFO] [stdout] 
[INFO] [stdout] Result "org.weakref.nitro.tpcds.BenchmarkQueries.query79":
[INFO] [stdout]   550.722 ±(99.9%) 89.053 ms/op [Average]
[INFO] [stdout]   (min, avg, max) = (545.210, 550.722, 554.498), stdev = 4.881
[INFO] [stdout]   CI (99.9%): [461.669, 639.775] (assumes normal distribution)
[INFO] [stdout] 
[INFO] [stdout] Secondary result "org.weakref.nitro.tpcds.BenchmarkQueries.query79:gc.alloc.rate":
[INFO] [stdout]   190.370 ±(99.9%) 121.656 MB/sec [Average]
[INFO] [stdout]   (min, avg, max) = (184.433, 190.370, 197.585), stdev = 6.668
[INFO] [stdout]   CI (99.9%): [68.714, 312.026] (assumes normal distribution)
[INFO] [stdout] 
[INFO] [stdout] Secondary result "org.weakref.nitro.tpcds.BenchmarkQueries.query79:gc.alloc.rate.norm":
[INFO] [stdout]   109924728.000 ±(99.9%) 52546644.667 B/op [Average]
[INFO] [stdout]   (min, avg, max) = (107248868.000, 109924728.000, 112973132.000), stdev = 2880258.905
[INFO] [stdout]   CI (99.9%): [57378083.333, 162471372.667] (assumes normal distribution)
[INFO] [stdout] 
[INFO] [stdout] Secondary result "org.weakref.nitro.tpcds.BenchmarkQueries.query79:gc.count":
[INFO] [stdout]   15.000 ±(99.9%) 0.001 counts [Sum]
[INFO] [stdout]   (min, avg, max) = (3.000, 5.000, 7.000), stdev = 2.000
[INFO] [stdout]   CI (99.9%): [15.000, 15.000] (assumes normal distribution)
[INFO] [stdout] 
[INFO] [stdout] Secondary result "org.weakref.nitro.tpcds.BenchmarkQueries.query79:gc.time":
[INFO] [stdout]   29.000 ±(99.9%) 0.001 ms [Sum]
[INFO] [stdout]   (min, avg, max) = (4.000, 9.667, 14.000), stdev = 5.132
[INFO] [stdout]   CI (99.9%): [29.000, 29.000] (assumes normal distribution)
[INFO] [stdout] 
[INFO] [stdout] 
[INFO] [stdout] # Run complete. Total time: 00:00:22
[INFO] [stdout] 
[INFO] [stdout] REMEMBER: The numbers below are just data. To gain reusable insights, you need to follow up on
[INFO] [stdout] why the numbers are the way they are. Use profilers (see -prof, -lprof), design factorial
[INFO] [stdout] experiments, perform baseline and negative tests that provide experimental control, make sure
[INFO] [stdout] the benchmarking environment is safe on JVM/OS/HW level, ask for reviews from the domain experts.
[INFO] [stdout] Do not assume the numbers tell you what you want them to tell.
[INFO] [stdout] 
[INFO] [stdout] NOTE: Current JVM experimentally supports Compiler Blackholes, and they are in use. Please exercise
[INFO] [stdout] extra caution when trusting the results, look into the generated code to check the benchmark still
[INFO] [stdout] works, and factor in a small probability of new VM bugs. Additionally, while comparisons between
[INFO] [stdout] different JVMs are already problematic, the performance difference caused by different Blackhole
[INFO] [stdout] modes can be very significant. Please make sure you use the consistent Blackhole mode for comparisons.
[INFO] [stdout] 
[INFO] [stdout] Benchmark                                    Mode  Cnt          Score          Error   Units
[INFO] [stdout] BenchmarkQueries.query32                     avgt    3         49.888 ±        5.695   ms/op
[INFO] [stdout] BenchmarkQueries.query32:gc.alloc.rate       avgt    3        248.478 ±       27.488  MB/sec
[INFO] [stdout] BenchmarkQueries.query32:gc.alloc.rate.norm  avgt    3   12999825.543 ±    43028.441    B/op
[INFO] [stdout] BenchmarkQueries.query32:gc.count            avgt    3          5.000                 counts
[INFO] [stdout] BenchmarkQueries.query32:gc.time             avgt    3          6.000                     ms
[INFO] [stdout] BenchmarkQueries.query34                     avgt    3        276.220 ±       28.355   ms/op
[INFO] [stdout] BenchmarkQueries.query34:gc.alloc.rate       avgt    3        227.053 ±      220.340  MB/sec
[INFO] [stdout] BenchmarkQueries.query34:gc.alloc.rate.norm  avgt    3   65778772.000 ± 68125756.507    B/op
[INFO] [stdout] BenchmarkQueries.query34:gc.count            avgt    3         10.000                 counts
[INFO] [stdout] BenchmarkQueries.query34:gc.time             avgt    3          6.000                     ms
[INFO] [stdout] BenchmarkQueries.query73                     avgt    3        224.030 ±       18.682   ms/op
[INFO] [stdout] BenchmarkQueries.query73:gc.alloc.rate       avgt    3        227.058 ±      257.860  MB/sec
[INFO] [stdout] BenchmarkQueries.query73:gc.alloc.rate.norm  avgt    3   53354147.200 ± 64965732.115    B/op
[INFO] [stdout] BenchmarkQueries.query73:gc.count            avgt    3          5.000                 counts
[INFO] [stdout] BenchmarkQueries.query73:gc.time             avgt    3          3.000                     ms
[INFO] [stdout] BenchmarkQueries.query79                     avgt    3        550.722 ±       89.053   ms/op
[INFO] [stdout] BenchmarkQueries.query79:gc.alloc.rate       avgt    3        190.370 ±      121.656  MB/sec
[INFO] [stdout] BenchmarkQueries.query79:gc.alloc.rate.norm  avgt    3  109924728.000 ± 52546644.667    B/op
[INFO] [stdout] BenchmarkQueries.query79:gc.count            avgt    3         15.000                 counts
[INFO] [stdout] BenchmarkQueries.query79:gc.time             avgt    3         29.000                     ms
[INFO] [stdout] 
[INFO] [stdout] Benchmark result is saved to benchmarks/sweeps/20260718-targeted/nitro-tpcds-external-snappy-guard-screen.json
[INFO] ------------------------------------------------------------------------
[INFO] BUILD SUCCESS
[INFO] ------------------------------------------------------------------------
[INFO] Total time:  23.091 s (Wall Clock)
[INFO] Finished at: 2026-07-18T12:26:03Z
[INFO] ------------------------------------------------------------------------
[INFO] Njord session closed
