[INFO] Processing build on daemon e20effc9
[INFO] Scanning for projects...
[INFO] Njord 0.9.4 session created
[INFO] BuildTimeEventSpy is registered.
[INFO] 
[INFO] Using the SmartBuilder implementation with a thread count of 7
[INFO] 
[INFO] -------------------------< org.weakref:nitro >--------------------------
[INFO] Building nitro 1-SNAPSHOT
[INFO]   from pom.xml
[INFO] --------------------------------[ jar ]---------------------------------
[WARNING] 2 problems were encountered while building the effective model for org.apache.yetus:audience-annotations:jar:0.5.0 during dependency collection step for project (use -X to see details)
[INFO] 
[INFO] --- exec:3.6.1:exec (benchmark) @ nitro ---
[WARNING] [stderr] WARNING: Using incubator modules: jdk.incubator.vector
[WARNING] [stderr] WARNING: A terminally deprecated method in sun.misc.Unsafe has been called
[WARNING] [stderr] WARNING: sun.misc.Unsafe::objectFieldOffset has been called by org.openjdk.jmh.util.Utils (file:/root/.m2/repository/org/openjdk/jmh/jmh-core/1.37/jmh-core-1.37.jar)
[WARNING] [stderr] WARNING: Please consider reporting this to the maintainers of class org.openjdk.jmh.util.Utils
[WARNING] [stderr] WARNING: sun.misc.Unsafe::objectFieldOffset will be removed in a future release
[INFO] [stdout] # JMH version: 1.37
[INFO] [stdout] # VM version: JDK 26.0.1, OpenJDK 64-Bit Server VM, 26.0.1+8
[INFO] [stdout] # VM invoker: /opt/java/openjdk/bin/java
[INFO] [stdout] # VM options: --enable-preview --add-modules=jdk.incubator.vector -Dnitro.clickbench.hits.path= -Xmx12g -XX:+UseTransparentHugePages -Dnitro.tpch.parquet.path=/root/data/tpch-parquet-sf10 -Dnitro.tpch.parquet.schema=sf10 -Dnitro.concatenatedBoolean.monotonicPositionCopy=false -Dnitro.concatenatedBoolean.directPositionCopy=false
[INFO] [stdout] # Blackhole mode: compiler (auto-detected, use -Djmh.blackhole.autoDetect=false to disable)
[INFO] [stdout] # Warmup: 3 iterations, 1 s each
[INFO] [stdout] # Measurement: 5 iterations, 1 s each
[INFO] [stdout] # Timeout: 30 min per iteration
[INFO] [stdout] # Threads: 1 thread, will synchronize iterations
[INFO] [stdout] # Benchmark mode: Average time, time/op
[INFO] [stdout] # Benchmark: org.weakref.nitro.tpch.BenchmarkQueries.query05
[INFO] [stdout] 
[INFO] [stdout] # Run progress: 0.00% complete, ETA 00:00:24
[INFO] [stdout] # Fork: 1 of 3
[INFO] [stdout] # Preparing profilers: LinuxPerfNormProfiler 
[INFO] [stdout] # Profilers consume stderr from target VM, use -v EXTRA to copy to console
[INFO] [stdout] # Warmup Iteration   1: 2606.855 ms/op
[INFO] [stdout] # Warmup Iteration   2: 1656.493 ms/op
[INFO] [stdout] # Warmup Iteration   3: 1634.077 ms/op
[INFO] [stdout] Iteration   1: 1623.891 ms/op
[INFO] [stdout]                  gc.alloc.rate:      221.914 MB/sec
[INFO] [stdout]                  gc.alloc.rate.norm: 378140272.000 B/op
[INFO] [stdout]                  gc.count:           1.000 counts
[INFO] [stdout]                  gc.time:            4.000 ms
[INFO] [stdout] 
[INFO] [stdout] Iteration   2: 1643.600 ms/op
[INFO] [stdout]                  gc.alloc.rate:      218.913 MB/sec
[INFO] [stdout]                  gc.alloc.rate.norm: 377312592.000 B/op
[INFO] [stdout]                  gc.count:           ≈ 0 counts
[INFO] [stdout] 
[INFO] [stdout] Iteration   3: 1614.281 ms/op
[INFO] [stdout]                  gc.alloc.rate:      222.788 MB/sec
[INFO] [stdout]                  gc.alloc.rate.norm: 377139424.000 B/op
[INFO] [stdout]                  gc.count:           1.000 counts
[INFO] [stdout]                  gc.time:            2.000 ms
[INFO] [stdout] 
[INFO] [stdout] Iteration   4: 1625.945 ms/op
[INFO] [stdout]                  gc.alloc.rate:      221.137 MB/sec
[INFO] [stdout]                  gc.alloc.rate.norm: 377047968.000 B/op
[INFO] [stdout]                  gc.count:           1.000 counts
[INFO] [stdout]                  gc.time:            2.000 ms
[INFO] [stdout] 
[INFO] [stdout] Iteration   5: 1606.779 ms/op
[INFO] [stdout]                  gc.alloc.rate:      223.761 MB/sec
[INFO] [stdout]                  gc.alloc.rate.norm: 377025216.000 B/op
[INFO] [stdout]                  gc.count:           ≈ 0 counts
[INFO] [stdout] 
[INFO] [stdout] # Processing profiler results: LinuxPerfNormProfiler 
[INFO] [stdout] 
[INFO] [stdout] # Run progress: 33.33% complete, ETA 00:00:28
[INFO] [stdout] # Fork: 2 of 3
[INFO] [stdout] # Preparing profilers: LinuxPerfNormProfiler 
[INFO] [stdout] # Profilers consume stderr from target VM, use -v EXTRA to copy to console
[INFO] [stdout] # Warmup Iteration   1: 2599.370 ms/op
[INFO] [stdout] # Warmup Iteration   2: 1684.455 ms/op
[INFO] [stdout] # Warmup Iteration   3: 1656.274 ms/op
[INFO] [stdout] Iteration   1: 1642.507 ms/op
[INFO] [stdout]                  gc.alloc.rate:      219.311 MB/sec
[INFO] [stdout]                  gc.alloc.rate.norm: 377751944.000 B/op
[INFO] [stdout]                  gc.count:           ≈ 0 counts
[INFO] [stdout] 
[INFO] [stdout] Iteration   2: 1676.496 ms/op
[INFO] [stdout]                  gc.alloc.rate:      214.602 MB/sec
[INFO] [stdout]                  gc.alloc.rate.norm: 377283424.000 B/op
[INFO] [stdout]                  gc.count:           1.000 counts
[INFO] [stdout]                  gc.time:            5.000 ms
[INFO] [stdout] 
[INFO] [stdout] Iteration   3: 1630.521 ms/op
[INFO] [stdout]                  gc.alloc.rate:      220.532 MB/sec
[INFO] [stdout]                  gc.alloc.rate.norm: 377072656.000 B/op
[INFO] [stdout]                  gc.count:           ≈ 0 counts
[INFO] [stdout] 
[INFO] [stdout] Iteration   4: 1638.756 ms/op
[INFO] [stdout]                  gc.alloc.rate:      219.389 MB/sec
[INFO] [stdout]                  gc.alloc.rate.norm: 377015576.000 B/op
[INFO] [stdout]                  gc.count:           1.000 counts
[INFO] [stdout]                  gc.time:            2.000 ms
[INFO] [stdout] 
[INFO] [stdout] Iteration   5: 1641.287 ms/op
[INFO] [stdout]                  gc.alloc.rate:      219.038 MB/sec
[INFO] [stdout]                  gc.alloc.rate.norm: 376997600.000 B/op
[INFO] [stdout]                  gc.count:           1.000 counts
[INFO] [stdout]                  gc.time:            2.000 ms
[INFO] [stdout] 
[INFO] [stdout] # Processing profiler results: LinuxPerfNormProfiler 
[INFO] [stdout] 
[INFO] [stdout] # Run progress: 66.67% complete, ETA 00:00:14
[INFO] [stdout] # Fork: 3 of 3
[INFO] [stdout] # Preparing profilers: LinuxPerfNormProfiler 
[INFO] [stdout] # Profilers consume stderr from target VM, use -v EXTRA to copy to console
[INFO] [stdout] # Warmup Iteration   1: 2640.830 ms/op
[INFO] [stdout] # Warmup Iteration   2: 1720.219 ms/op
[INFO] [stdout] # Warmup Iteration   3: 1670.707 ms/op
[INFO] [stdout] Iteration   1: 1646.575 ms/op
[INFO] [stdout]                  gc.alloc.rate:      219.223 MB/sec
[INFO] [stdout]                  gc.alloc.rate.norm: 378524920.000 B/op
[INFO] [stdout]                  gc.count:           1.000 counts
[INFO] [stdout]                  gc.time:            3.000 ms
[INFO] [stdout] 
[INFO] [stdout] Iteration   2: 1647.125 ms/op
[INFO] [stdout]                  gc.alloc.rate:      218.634 MB/sec
[INFO] [stdout]                  gc.alloc.rate.norm: 377640408.000 B/op
[INFO] [stdout]                  gc.count:           ≈ 0 counts
[INFO] [stdout] 
[INFO] [stdout] Iteration   3: 1631.247 ms/op
[INFO] [stdout]                  gc.alloc.rate:      220.608 MB/sec
[INFO] [stdout]                  gc.alloc.rate.norm: 377371432.000 B/op
[INFO] [stdout]                  gc.count:           1.000 counts
[INFO] [stdout]                  gc.time:            3.000 ms
[INFO] [stdout] 
[INFO] [stdout] Iteration   4: 1643.036 ms/op
[INFO] [stdout]                  gc.alloc.rate:      219.003 MB/sec
[INFO] [stdout]                  gc.alloc.rate.norm: 377335520.000 B/op
[INFO] [stdout]                  gc.count:           ≈ 0 counts
[INFO] [stdout] 
[INFO] [stdout] Iteration   5: 1637.084 ms/op
[INFO] [stdout]                  gc.alloc.rate:      219.783 MB/sec
[INFO] [stdout]                  gc.alloc.rate.norm: 377314264.000 B/op
[INFO] [stdout]                  gc.count:           1.000 counts
[INFO] [stdout]                  gc.time:            3.000 ms
[INFO] [stdout] 
[INFO] [stdout] # Processing profiler results: LinuxPerfNormProfiler 
[INFO] [stdout] 
[INFO] [stdout] 
[INFO] [stdout] Result "org.weakref.nitro.tpch.BenchmarkQueries.query05":
[INFO] [stdout]   1636.609 ±(99.9%) 17.338 ms/op [Average]
[INFO] [stdout]   (min, avg, max) = (1606.779, 1636.609, 1676.496), stdev = 16.218
[INFO] [stdout]   CI (99.9%): [1619.271, 1653.946] (assumes normal distribution)
[INFO] [stdout] 
[INFO] [stdout] Secondary result "org.weakref.nitro.tpch.BenchmarkQueries.query05:CPI":
[INFO] [stdout]   0.283 ±(99.9%) 0.037 clks/insn [Average]
[INFO] [stdout]   (min, avg, max) = (0.281, 0.283, 0.285), stdev = 0.002
[INFO] [stdout]   CI (99.9%): [0.246, 0.321] (assumes normal distribution)
[INFO] [stdout] 
[INFO] [stdout] Secondary result "org.weakref.nitro.tpch.BenchmarkQueries.query05:IPC":
[INFO] [stdout]   3.528 ±(99.9%) 0.464 insns/clk [Average]
[INFO] [stdout]   (min, avg, max) = (3.513, 3.528, 3.558), stdev = 0.025
[INFO] [stdout]   CI (99.9%): [3.065, 3.992] (assumes normal distribution)
[INFO] [stdout] 
[INFO] [stdout] Secondary result "org.weakref.nitro.tpch.BenchmarkQueries.query05:L1-dcache-load-misses":
[INFO] [stdout]   207071407.871 ±(99.9%) 107036209.253 #/op [Average]
[INFO] [stdout]   (min, avg, max) = (203209843.625, 207071407.871, 213822782.868), stdev = 5867015.807
[INFO] [stdout]   CI (99.9%): [100035198.618, 314107617.124] (assumes normal distribution)
[INFO] [stdout] 
[INFO] [stdout] Secondary result "org.weakref.nitro.tpch.BenchmarkQueries.query05:L1-dcache-loads":
[INFO] [stdout]   13950828308.185 ±(99.9%) 3873854740.587 #/op [Average]
[INFO] [stdout]   (min, avg, max) = (13809611287.732, 13950828308.185, 14195020190.411), stdev = 212339050.069
[INFO] [stdout]   CI (99.9%): [10076973567.597, 17824683048.772] (assumes normal distribution)
[INFO] [stdout] 
[INFO] [stdout] Secondary result "org.weakref.nitro.tpch.BenchmarkQueries.query05:L1-icache-load-misses":
[INFO] [stdout]   6201646.190 ±(99.9%) 14320146.818 #/op [Average]
[INFO] [stdout]   (min, avg, max) = (5404165.543, 6201646.190, 6973404.354), stdev = 784935.568
[INFO] [stdout]   CI (99.9%): [≈ 0, 20521793.008] (assumes normal distribution)
[INFO] [stdout] 
[INFO] [stdout] Secondary result "org.weakref.nitro.tpch.BenchmarkQueries.query05:L1-icache-loads":
[INFO] [stdout]   74379538.899 ±(99.9%) 130379691.978 #/op [Average]
[INFO] [stdout]   (min, avg, max) = (66790257.782, 74379538.899, 80980475.655), stdev = 7146550.864
[INFO] [stdout]   CI (99.9%): [≈ 0, 204759230.877] (assumes normal distribution)
[INFO] [stdout] 
[INFO] [stdout] Secondary result "org.weakref.nitro.tpch.BenchmarkQueries.query05:branch-misses":
[INFO] [stdout]   44619956.306 ±(99.9%) 18035770.368 #/op [Average]
[INFO] [stdout]   (min, avg, max) = (43980030.556, 44619956.306, 45758579.103), stdev = 988601.433
[INFO] [stdout]   CI (99.9%): [26584185.938, 62655726.674] (assumes normal distribution)
[INFO] [stdout] 
[INFO] [stdout] Secondary result "org.weakref.nitro.tpch.BenchmarkQueries.query05:branches":
[INFO] [stdout]   6921514380.405 ±(99.9%) 2239438298.288 #/op [Average]
[INFO] [stdout]   (min, avg, max) = (6814370489.761, 6921514380.405, 7055447944.081), stdev = 122751169.775
[INFO] [stdout]   CI (99.9%): [4682076082.117, 9160952678.693] (assumes normal distribution)
[INFO] [stdout] 
[INFO] [stdout] Secondary result "org.weakref.nitro.tpch.BenchmarkQueries.query05:cycles":
[INFO] [stdout]   9223473454.660 ±(99.9%) 3473423417.317 #/op [Average]
[INFO] [stdout]   (min, avg, max) = (9105255953.826, 9223473454.660, 9443102736.707), stdev = 190390058.046
[INFO] [stdout]   CI (99.9%): [5750050037.343, 12696896871.976] (assumes normal distribution)
[INFO] [stdout] 
[INFO] [stdout] Secondary result "org.weakref.nitro.tpch.BenchmarkQueries.query05:dTLB-load-misses":
[INFO] [stdout]   353463.832 ±(99.9%) 408865.509 #/op [Average]
[INFO] [stdout]   (min, avg, max) = (337914.664, 353463.832, 379153.042), stdev = 22411.298
[INFO] [stdout]   CI (99.9%): [≈ 0, 762329.340] (assumes normal distribution)
[INFO] [stdout] 
[INFO] [stdout] Secondary result "org.weakref.nitro.tpch.BenchmarkQueries.query05:dTLB-loads":
[INFO] [stdout]   5870423.814 ±(99.9%) 18491548.836 #/op [Average]
[INFO] [stdout]   (min, avg, max) = (5079813.270, 5870423.814, 7013093.879), stdev = 1013584.189
[INFO] [stdout]   CI (99.9%): [≈ 0, 24361972.651] (assumes normal distribution)
[INFO] [stdout] 
[INFO] [stdout] Secondary result "org.weakref.nitro.tpch.BenchmarkQueries.query05:gc.alloc.rate":
[INFO] [stdout]   219.909 ±(99.9%) 2.268 MB/sec [Average]
[INFO] [stdout]   (min, avg, max) = (214.602, 219.909, 223.761), stdev = 2.121
[INFO] [stdout]   CI (99.9%): [217.641, 222.177] (assumes normal distribution)
[INFO] [stdout] 
[INFO] [stdout] Secondary result "org.weakref.nitro.tpch.BenchmarkQueries.query05:gc.alloc.rate.norm":
[INFO] [stdout]   377398214.400 ±(99.9%) 476196.461 B/op [Average]
[INFO] [stdout]   (min, avg, max) = (376997600.000, 377398214.400, 378524920.000), stdev = 445434.465
[INFO] [stdout]   CI (99.9%): [376922017.939, 377874410.861] (assumes normal distribution)
[INFO] [stdout] 
[INFO] [stdout] Secondary result "org.weakref.nitro.tpch.BenchmarkQueries.query05:gc.count":
[INFO] [stdout]   9.000 ±(99.9%) 0.001 counts [Sum]
[INFO] [stdout]   (min, avg, max) = (≈ 0, 0.600, 1.000), stdev = 0.507
[INFO] [stdout]   CI (99.9%): [9.000, 9.000] (assumes normal distribution)
[INFO] [stdout] 
[INFO] [stdout] Secondary result "org.weakref.nitro.tpch.BenchmarkQueries.query05:gc.time":
[INFO] [stdout]   26.000 ±(99.9%) 0.001 ms [Sum]
[INFO] [stdout]   (min, avg, max) = (≈ 0, 1.733, 5.000), stdev = 1.668
[INFO] [stdout]   CI (99.9%): [26.000, 26.000] (assumes normal distribution)
[INFO] [stdout] 
[INFO] [stdout] Secondary result "org.weakref.nitro.tpch.BenchmarkQueries.query05:iTLB-load-misses":
[INFO] [stdout]   29720.744 ±(99.9%) 76677.758 #/op [Average]
[INFO] [stdout]   (min, avg, max) = (26071.817, 29720.744, 34316.296), stdev = 4202.967
[INFO] [stdout]   CI (99.9%): [≈ 0, 106398.503] (assumes normal distribution)
[INFO] [stdout] 
[INFO] [stdout] Secondary result "org.weakref.nitro.tpch.BenchmarkQueries.query05:iTLB-loads":
[INFO] [stdout]   2767669.413 ±(99.9%) 11488091.923 #/op [Average]
[INFO] [stdout]   (min, avg, max) = (2082934.083, 2767669.413, 3321878.057), stdev = 629701.083
[INFO] [stdout]   CI (99.9%): [≈ 0, 14255761.336] (assumes normal distribution)
[INFO] [stdout] 
[INFO] [stdout] Secondary result "org.weakref.nitro.tpch.BenchmarkQueries.query05:instructions":
[INFO] [stdout]   32542651300.733 ±(99.9%) 10744592433.034 #/op [Average]
[INFO] [stdout]   (min, avg, max) = (32042225903.105, 32542651300.733, 33191661965.260), stdev = 588947367.258
[INFO] [stdout]   CI (99.9%): [21798058867.699, 43287243733.767] (assumes normal distribution)
[INFO] [stdout] 
[INFO] [stdout] Secondary result "org.weakref.nitro.tpch.BenchmarkQueries.query05:stalled-cycles-frontend":
[INFO] [stdout]   2094979121.829 ±(99.9%) 1287958876.934 #/op [Average]
[INFO] [stdout]   (min, avg, max) = (2013470871.998, 2094979121.829, 2136870282.337), stdev = 70597372.067
[INFO] [stdout]   CI (99.9%): [807020244.895, 3382937998.762] (assumes normal distribution)
[INFO] [stdout] 
[INFO] [stdout] 
[INFO] [stdout] # Run complete. Total time: 00:00:43
[INFO] [stdout] 
[INFO] [stdout] REMEMBER: The numbers below are just data. To gain reusable insights, you need to follow up on
[INFO] [stdout] why the numbers are the way they are. Use profilers (see -prof, -lprof), design factorial
[INFO] [stdout] experiments, perform baseline and negative tests that provide experimental control, make sure
[INFO] [stdout] the benchmarking environment is safe on JVM/OS/HW level, ask for reviews from the domain experts.
[INFO] [stdout] Do not assume the numbers tell you what you want them to tell.
[INFO] [stdout] 
[INFO] [stdout] NOTE: Current JVM experimentally supports Compiler Blackholes, and they are in use. Please exercise
[INFO] [stdout] extra caution when trusting the results, look into the generated code to check the benchmark still
[INFO] [stdout] works, and factor in a small probability of new VM bugs. Additionally, while comparisons between
[INFO] [stdout] different JVMs are already problematic, the performance difference caused by different Blackhole
[INFO] [stdout] modes can be very significant. Please make sure you use the consistent Blackhole mode for comparisons.
[INFO] [stdout] 
[INFO] [stdout] Benchmark                                         Mode  Cnt            Score             Error      Units
[INFO] [stdout] BenchmarkQueries.query05                          avgt   15         1636.609 ±          17.338      ms/op
[INFO] [stdout] BenchmarkQueries.query05:CPI                      avgt    3            0.283 ±           0.037  clks/insn
[INFO] [stdout] BenchmarkQueries.query05:IPC                      avgt    3            3.528 ±           0.464  insns/clk
[INFO] [stdout] BenchmarkQueries.query05:L1-dcache-load-misses    avgt    3    207071407.871 ±   107036209.253       #/op
[INFO] [stdout] BenchmarkQueries.query05:L1-dcache-loads          avgt    3  13950828308.185 ±  3873854740.587       #/op
[INFO] [stdout] BenchmarkQueries.query05:L1-icache-load-misses    avgt    3      6201646.190 ±    14320146.818       #/op
[INFO] [stdout] BenchmarkQueries.query05:L1-icache-loads          avgt    3     74379538.899 ±   130379691.978       #/op
[INFO] [stdout] BenchmarkQueries.query05:branch-misses            avgt    3     44619956.306 ±    18035770.368       #/op
[INFO] [stdout] BenchmarkQueries.query05:branches                 avgt    3   6921514380.405 ±  2239438298.288       #/op
[INFO] [stdout] BenchmarkQueries.query05:cycles                   avgt    3   9223473454.660 ±  3473423417.317       #/op
[INFO] [stdout] BenchmarkQueries.query05:dTLB-load-misses         avgt    3       353463.832 ±      408865.509       #/op
[INFO] [stdout] BenchmarkQueries.query05:dTLB-loads               avgt    3      5870423.814 ±    18491548.836       #/op
[INFO] [stdout] BenchmarkQueries.query05:gc.alloc.rate            avgt   15          219.909 ±           2.268     MB/sec
[INFO] [stdout] BenchmarkQueries.query05:gc.alloc.rate.norm       avgt   15    377398214.400 ±      476196.461       B/op
[INFO] [stdout] BenchmarkQueries.query05:gc.count                 avgt   15            9.000                       counts
[INFO] [stdout] BenchmarkQueries.query05:gc.time                  avgt   15           26.000                           ms
[INFO] [stdout] BenchmarkQueries.query05:iTLB-load-misses         avgt    3        29720.744 ±       76677.758       #/op
[INFO] [stdout] BenchmarkQueries.query05:iTLB-loads               avgt    3      2767669.413 ±    11488091.923       #/op
[INFO] [stdout] BenchmarkQueries.query05:instructions             avgt    3  32542651300.733 ± 10744592433.034       #/op
[INFO] [stdout] BenchmarkQueries.query05:stalled-cycles-frontend  avgt    3   2094979121.829 ±  1287958876.934       #/op
[INFO] [stdout] 
[INFO] [stdout] Benchmark result is saved to benchmarks/sweeps/20260718-targeted/nitro-tpch-q05-concat-copy-original-final-3fork.json
[INFO] ------------------------------------------------------------------------
[INFO] BUILD SUCCESS
[INFO] ------------------------------------------------------------------------
[INFO] Total time:  44.099 s (Wall Clock)
[INFO] Finished at: 2026-07-18T17:20:12Z
[INFO] ------------------------------------------------------------------------
[INFO] Njord session closed
