[INFO] Processing build on daemon e20effc9
[INFO] Scanning for projects...
[INFO] Njord 0.9.4 session created
[INFO] BuildTimeEventSpy is registered.
[INFO] 
[INFO] Using the SmartBuilder implementation with a thread count of 7
[INFO] 
[INFO] -------------------------< org.weakref:nitro >--------------------------
[INFO] Building nitro 1-SNAPSHOT
[INFO]   from pom.xml
[INFO] --------------------------------[ jar ]---------------------------------
[WARNING] 2 problems were encountered while building the effective model for org.apache.yetus:audience-annotations:jar:0.5.0 during dependency collection step for project (use -X to see details)
[INFO] 
[INFO] --- exec:3.6.1:exec (benchmark) @ nitro ---
[WARNING] [stderr] WARNING: Using incubator modules: jdk.incubator.vector
[WARNING] [stderr] WARNING: A terminally deprecated method in sun.misc.Unsafe has been called
[WARNING] [stderr] WARNING: sun.misc.Unsafe::objectFieldOffset has been called by org.openjdk.jmh.util.Utils (file:/root/.m2/repository/org/openjdk/jmh/jmh-core/1.37/jmh-core-1.37.jar)
[WARNING] [stderr] WARNING: Please consider reporting this to the maintainers of class org.openjdk.jmh.util.Utils
[WARNING] [stderr] WARNING: sun.misc.Unsafe::objectFieldOffset will be removed in a future release
[INFO] [stdout] # JMH version: 1.37
[INFO] [stdout] # VM version: JDK 26.0.1, OpenJDK 64-Bit Server VM, 26.0.1+8
[INFO] [stdout] # VM invoker: /opt/java/openjdk/bin/java
[INFO] [stdout] # VM options: --enable-preview --add-modules=jdk.incubator.vector -Dnitro.clickbench.hits.path= -Xmx12g -XX:+UseTransparentHugePages -Dnitro.tpch.parquet.path=/root/data/tpch-parquet-sf10 -Dnitro.tpch.parquet.schema=sf10
[INFO] [stdout] # Blackhole mode: compiler (auto-detected, use -Djmh.blackhole.autoDetect=false to disable)
[INFO] [stdout] # Warmup: 3 iterations, 1 s each
[INFO] [stdout] # Measurement: 5 iterations, 1 s each
[INFO] [stdout] # Timeout: 30 min per iteration
[INFO] [stdout] # Threads: 1 thread, will synchronize iterations
[INFO] [stdout] # Benchmark mode: Average time, time/op
[INFO] [stdout] # Benchmark: org.weakref.nitro.tpch.BenchmarkQueries.query08
[INFO] [stdout] 
[INFO] [stdout] # Run progress: 0.00% complete, ETA 00:00:24
[INFO] [stdout] # Fork: 1 of 3
[INFO] [stdout] # Preparing profilers: LinuxPerfNormProfiler 
[INFO] [stdout] # Profilers consume stderr from target VM, use -v EXTRA to copy to console
[INFO] [stdout] # Warmup Iteration   1: 2678.597 ms/op
[INFO] [stdout] # Warmup Iteration   2: 1822.611 ms/op
[INFO] [stdout] # Warmup Iteration   3: 1722.584 ms/op
[INFO] [stdout] Iteration   1: 1727.033 ms/op
[INFO] [stdout]                  gc.alloc.rate:      46.621 MB/sec
[INFO] [stdout]                  gc.alloc.rate.norm: 84432864.000 B/op
[INFO] [stdout]                  gc.count:           2.000 counts
[INFO] [stdout]                  gc.time:            3.000 ms
[INFO] [stdout] 
[INFO] [stdout] Iteration   2: 1710.468 ms/op
[INFO] [stdout]                  gc.alloc.rate:      46.845 MB/sec
[INFO] [stdout]                  gc.alloc.rate.norm: 84025848.000 B/op
[INFO] [stdout]                  gc.count:           4.000 counts
[INFO] [stdout]                  gc.time:            4.000 ms
[INFO] [stdout] 
[INFO] [stdout] Iteration   3: 1710.606 ms/op
[INFO] [stdout]                  gc.alloc.rate:      49.566 MB/sec
[INFO] [stdout]                  gc.alloc.rate.norm: 88912016.000 B/op
[INFO] [stdout]                  gc.count:           2.000 counts
[INFO] [stdout]                  gc.time:            3.000 ms
[INFO] [stdout] 
[INFO] [stdout] Iteration   4: 1717.198 ms/op
[INFO] [stdout]                  gc.alloc.rate:      49.346 MB/sec
[INFO] [stdout]                  gc.alloc.rate.norm: 88862456.000 B/op
[INFO] [stdout]                  gc.count:           4.000 counts
[INFO] [stdout]                  gc.time:            4.000 ms
[INFO] [stdout] 
[INFO] [stdout] Iteration   5: 1707.677 ms/op
[INFO] [stdout]                  gc.alloc.rate:      49.427 MB/sec
[INFO] [stdout]                  gc.alloc.rate.norm: 88547000.000 B/op
[INFO] [stdout]                  gc.count:           2.000 counts
[INFO] [stdout]                  gc.time:            3.000 ms
[INFO] [stdout] 
[INFO] [stdout] # Processing profiler results: LinuxPerfNormProfiler 
[INFO] [stdout] 
[INFO] [stdout] # Run progress: 33.33% complete, ETA 00:00:30
[INFO] [stdout] # Fork: 2 of 3
[INFO] [stdout] # Preparing profilers: LinuxPerfNormProfiler 
[INFO] [stdout] # Profilers consume stderr from target VM, use -v EXTRA to copy to console
[INFO] [stdout] # Warmup Iteration   1: 2681.448 ms/op
[INFO] [stdout] # Warmup Iteration   2: 1759.378 ms/op
[INFO] [stdout] # Warmup Iteration   3: 1736.993 ms/op
[INFO] [stdout] Iteration   1: 1730.802 ms/op
[INFO] [stdout]                  gc.alloc.rate:      46.342 MB/sec
[INFO] [stdout]                  gc.alloc.rate.norm: 84112120.000 B/op
[INFO] [stdout]                  gc.count:           2.000 counts
[INFO] [stdout]                  gc.time:            3.000 ms
[INFO] [stdout] 
[INFO] [stdout] Iteration   2: 1740.477 ms/op
[INFO] [stdout]                  gc.alloc.rate:      45.963 MB/sec
[INFO] [stdout]                  gc.alloc.rate.norm: 83890608.000 B/op
[INFO] [stdout]                  gc.count:           4.000 counts
[INFO] [stdout]                  gc.time:            4.000 ms
[INFO] [stdout] 
[INFO] [stdout] Iteration   3: 1724.668 ms/op
[INFO] [stdout]                  gc.alloc.rate:      45.131 MB/sec
[INFO] [stdout]                  gc.alloc.rate.norm: 81623600.000 B/op
[INFO] [stdout]                  gc.count:           2.000 counts
[INFO] [stdout]                  gc.time:            3.000 ms
[INFO] [stdout] 
[INFO] [stdout] Iteration   4: 1735.763 ms/op
[INFO] [stdout]                  gc.alloc.rate:      44.711 MB/sec
[INFO] [stdout]                  gc.alloc.rate.norm: 81382320.000 B/op
[INFO] [stdout]                  gc.count:           4.000 counts
[INFO] [stdout]                  gc.time:            4.000 ms
[INFO] [stdout] 
[INFO] [stdout] Iteration   5: 1710.553 ms/op
[INFO] [stdout]                  gc.alloc.rate:      45.288 MB/sec
[INFO] [stdout]                  gc.alloc.rate.norm: 81236488.000 B/op
[INFO] [stdout]                  gc.count:           2.000 counts
[INFO] [stdout]                  gc.time:            3.000 ms
[INFO] [stdout] 
[INFO] [stdout] # Processing profiler results: LinuxPerfNormProfiler 
[INFO] [stdout] 
[INFO] [stdout] # Run progress: 66.67% complete, ETA 00:00:15
[INFO] [stdout] # Fork: 3 of 3
[INFO] [stdout] # Preparing profilers: LinuxPerfNormProfiler 
[INFO] [stdout] # Profilers consume stderr from target VM, use -v EXTRA to copy to console
[INFO] [stdout] # Warmup Iteration   1: 2672.584 ms/op
[INFO] [stdout] # Warmup Iteration   2: 1766.644 ms/op
[INFO] [stdout] # Warmup Iteration   3: 1761.224 ms/op
[INFO] [stdout] Iteration   1: 1733.204 ms/op
[INFO] [stdout]                  gc.alloc.rate:      46.257 MB/sec
[INFO] [stdout]                  gc.alloc.rate.norm: 84073712.000 B/op
[INFO] [stdout]                  gc.count:           2.000 counts
[INFO] [stdout]                  gc.time:            3.000 ms
[INFO] [stdout] 
[INFO] [stdout] Iteration   2: 1715.881 ms/op
[INFO] [stdout]                  gc.alloc.rate:      46.600 MB/sec
[INFO] [stdout]                  gc.alloc.rate.norm: 83850968.000 B/op
[INFO] [stdout]                  gc.count:           3.000 counts
[INFO] [stdout]                  gc.time:            3.000 ms
[INFO] [stdout] 
[INFO] [stdout] Iteration   3: 1713.719 ms/op
[INFO] [stdout]                  gc.alloc.rate:      45.396 MB/sec
[INFO] [stdout]                  gc.alloc.rate.norm: 81581608.000 B/op
[INFO] [stdout]                  gc.count:           2.000 counts
[INFO] [stdout]                  gc.time:            3.000 ms
[INFO] [stdout] 
[INFO] [stdout] Iteration   4: 1748.299 ms/op
[INFO] [stdout]                  gc.alloc.rate:      44.365 MB/sec
[INFO] [stdout]                  gc.alloc.rate.norm: 81337888.000 B/op
[INFO] [stdout]                  gc.count:           4.000 counts
[INFO] [stdout]                  gc.time:            4.000 ms
[INFO] [stdout] 
[INFO] [stdout] Iteration   5: 1711.494 ms/op
[INFO] [stdout]                  gc.alloc.rate:      45.238 MB/sec
[INFO] [stdout]                  gc.alloc.rate.norm: 81190696.000 B/op
[INFO] [stdout]                  gc.count:           2.000 counts
[INFO] [stdout]                  gc.time:            3.000 ms
[INFO] [stdout] 
[INFO] [stdout] # Processing profiler results: LinuxPerfNormProfiler 
[INFO] [stdout] 
[INFO] [stdout] 
[INFO] [stdout] Result "org.weakref.nitro.tpch.BenchmarkQueries.query08":
[INFO] [stdout]   1722.523 ±(99.9%) 13.680 ms/op [Average]
[INFO] [stdout]   (min, avg, max) = (1707.677, 1722.523, 1748.299), stdev = 12.796
[INFO] [stdout]   CI (99.9%): [1708.843, 1736.202] (assumes normal distribution)
[INFO] [stdout] 
[INFO] [stdout] Secondary result "org.weakref.nitro.tpch.BenchmarkQueries.query08:CPI":
[INFO] [stdout]   0.258 ±(99.9%) 0.020 clks/insn [Average]
[INFO] [stdout]   (min, avg, max) = (0.256, 0.258, 0.258), stdev = 0.001
[INFO] [stdout]   CI (99.9%): [0.237, 0.278] (assumes normal distribution)
[INFO] [stdout] 
[INFO] [stdout] Secondary result "org.weakref.nitro.tpch.BenchmarkQueries.query08:IPC":
[INFO] [stdout]   3.882 ±(99.9%) 0.307 insns/clk [Average]
[INFO] [stdout]   (min, avg, max) = (3.870, 3.882, 3.902), stdev = 0.017
[INFO] [stdout]   CI (99.9%): [3.576, 4.189] (assumes normal distribution)
[INFO] [stdout] 
[INFO] [stdout] Secondary result "org.weakref.nitro.tpch.BenchmarkQueries.query08:L1-dcache-load-misses":
[INFO] [stdout]   154478206.088 ±(99.9%) 12882187.018 #/op [Average]
[INFO] [stdout]   (min, avg, max) = (153680818.694, 154478206.088, 155024310.809), stdev = 706116.139
[INFO] [stdout]   CI (99.9%): [141596019.070, 167360393.105] (assumes normal distribution)
[INFO] [stdout] 
[INFO] [stdout] Secondary result "org.weakref.nitro.tpch.BenchmarkQueries.query08:L1-dcache-loads":
[INFO] [stdout]   15353431782.050 ±(99.9%) 335361537.420 #/op [Average]
[INFO] [stdout]   (min, avg, max) = (15337871502.380, 15353431782.050, 15373714606.939), stdev = 18382297.493
[INFO] [stdout]   CI (99.9%): [15018070244.630, 15688793319.471] (assumes normal distribution)
[INFO] [stdout] 
[INFO] [stdout] Secondary result "org.weakref.nitro.tpch.BenchmarkQueries.query08:L1-icache-load-misses":
[INFO] [stdout]   5308703.152 ±(99.9%) 2396252.209 #/op [Average]
[INFO] [stdout]   (min, avg, max) = (5160355.294, 5308703.152, 5410201.655), stdev = 131346.669
[INFO] [stdout]   CI (99.9%): [2912450.943, 7704955.361] (assumes normal distribution)
[INFO] [stdout] 
[INFO] [stdout] Secondary result "org.weakref.nitro.tpch.BenchmarkQueries.query08:L1-icache-loads":
[INFO] [stdout]   67576237.466 ±(99.9%) 27265682.621 #/op [Average]
[INFO] [stdout]   (min, avg, max) = (65920806.205, 67576237.466, 68826164.769), stdev = 1494524.068
[INFO] [stdout]   CI (99.9%): [40310554.845, 94841920.087] (assumes normal distribution)
[INFO] [stdout] 
[INFO] [stdout] Secondary result "org.weakref.nitro.tpch.BenchmarkQueries.query08:branch-misses":
[INFO] [stdout]   20974324.969 ±(99.9%) 4674210.260 #/op [Average]
[INFO] [stdout]   (min, avg, max) = (20678541.977, 20974324.969, 21127459.482), stdev = 256209.237
[INFO] [stdout]   CI (99.9%): [16300114.709, 25648535.229] (assumes normal distribution)
[INFO] [stdout] 
[INFO] [stdout] Secondary result "org.weakref.nitro.tpch.BenchmarkQueries.query08:branches":
[INFO] [stdout]   7933851469.258 ±(99.9%) 457934926.757 #/op [Average]
[INFO] [stdout]   (min, avg, max) = (7905819777.943, 7933851469.258, 7954249033.536), stdev = 25100958.568
[INFO] [stdout]   CI (99.9%): [7475916542.501, 8391786396.014] (assumes normal distribution)
[INFO] [stdout] 
[INFO] [stdout] Secondary result "org.weakref.nitro.tpch.BenchmarkQueries.query08:cycles":
[INFO] [stdout]   9556159645.133 ±(99.9%) 808478032.183 #/op [Average]
[INFO] [stdout]   (min, avg, max) = (9505290178.071, 9556159645.133, 9586398384.095), stdev = 44315409.031
[INFO] [stdout]   CI (99.9%): [8747681612.950, 10364637677.316] (assumes normal distribution)
[INFO] [stdout] 
[INFO] [stdout] Secondary result "org.weakref.nitro.tpch.BenchmarkQueries.query08:dTLB-load-misses":
[INFO] [stdout]   458810.958 ±(99.9%) 183127.372 #/op [Average]
[INFO] [stdout]   (min, avg, max) = (449319.231, 458810.958, 469317.755), stdev = 10037.829
[INFO] [stdout]   CI (99.9%): [275683.586, 641938.330] (assumes normal distribution)
[INFO] [stdout] 
[INFO] [stdout] Secondary result "org.weakref.nitro.tpch.BenchmarkQueries.query08:dTLB-loads":
[INFO] [stdout]   5007103.360 ±(99.9%) 1992565.257 #/op [Average]
[INFO] [stdout]   (min, avg, max) = (4922729.999, 5007103.360, 5130466.953), stdev = 109219.225
[INFO] [stdout]   CI (99.9%): [3014538.103, 6999668.617] (assumes normal distribution)
[INFO] [stdout] 
[INFO] [stdout] Secondary result "org.weakref.nitro.tpch.BenchmarkQueries.query08:gc.alloc.rate":
[INFO] [stdout]   46.473 ±(99.9%) 1.818 MB/sec [Average]
[INFO] [stdout]   (min, avg, max) = (44.365, 46.473, 49.566), stdev = 1.700
[INFO] [stdout]   CI (99.9%): [44.655, 48.291] (assumes normal distribution)
[INFO] [stdout] 
[INFO] [stdout] Secondary result "org.weakref.nitro.tpch.BenchmarkQueries.query08:gc.alloc.rate.norm":
[INFO] [stdout]   83937346.133 ±(99.9%) 2991079.477 B/op [Average]
[INFO] [stdout]   (min, avg, max) = (81190696.000, 83937346.133, 88912016.000), stdev = 2797857.599
[INFO] [stdout]   CI (99.9%): [80946266.656, 86928425.611] (assumes normal distribution)
[INFO] [stdout] 
[INFO] [stdout] Secondary result "org.weakref.nitro.tpch.BenchmarkQueries.query08:gc.count":
[INFO] [stdout]   41.000 ±(99.9%) 0.001 counts [Sum]
[INFO] [stdout]   (min, avg, max) = (2.000, 2.733, 4.000), stdev = 0.961
[INFO] [stdout]   CI (99.9%): [41.000, 41.000] (assumes normal distribution)
[INFO] [stdout] 
[INFO] [stdout] Secondary result "org.weakref.nitro.tpch.BenchmarkQueries.query08:gc.time":
[INFO] [stdout]   50.000 ±(99.9%) 0.001 ms [Sum]
[INFO] [stdout]   (min, avg, max) = (3.000, 3.333, 4.000), stdev = 0.488
[INFO] [stdout]   CI (99.9%): [50.000, 50.000] (assumes normal distribution)
[INFO] [stdout] 
[INFO] [stdout] Secondary result "org.weakref.nitro.tpch.BenchmarkQueries.query08:iTLB-load-misses":
[INFO] [stdout]   36354.550 ±(99.9%) 166634.707 #/op [Average]
[INFO] [stdout]   (min, avg, max) = (27144.929, 36354.550, 45410.614), stdev = 9133.811
[INFO] [stdout]   CI (99.9%): [≈ 0, 202989.257] (assumes normal distribution)
[INFO] [stdout] 
[INFO] [stdout] Secondary result "org.weakref.nitro.tpch.BenchmarkQueries.query08:iTLB-loads":
[INFO] [stdout]   2459427.412 ±(99.9%) 7014634.074 #/op [Average]
[INFO] [stdout]   (min, avg, max) = (2194718.657, 2459427.412, 2900462.771), stdev = 384495.763
[INFO] [stdout]   CI (99.9%): [≈ 0, 9474061.486] (assumes normal distribution)
[INFO] [stdout] 
[INFO] [stdout] Secondary result "org.weakref.nitro.tpch.BenchmarkQueries.query08:instructions":
[INFO] [stdout]   37099716488.146 ±(99.9%) 265358745.715 #/op [Average]
[INFO] [stdout]   (min, avg, max) = (37084926252.623, 37099716488.146, 37114003614.567), stdev = 14545208.266
[INFO] [stdout]   CI (99.9%): [36834357742.431, 37365075233.861] (assumes normal distribution)
[INFO] [stdout] 
[INFO] [stdout] Secondary result "org.weakref.nitro.tpch.BenchmarkQueries.query08:stalled-cycles-frontend":
[INFO] [stdout]   2390591807.852 ±(99.9%) 1052595921.578 #/op [Average]
[INFO] [stdout]   (min, avg, max) = (2325762205.008, 2390591807.852, 2436299800.633), stdev = 57696334.288
[INFO] [stdout]   CI (99.9%): [1337995886.275, 3443187729.430] (assumes normal distribution)
[INFO] [stdout] 
[INFO] [stdout] 
[INFO] [stdout] # Run complete. Total time: 00:00:45
[INFO] [stdout] 
[INFO] [stdout] REMEMBER: The numbers below are just data. To gain reusable insights, you need to follow up on
[INFO] [stdout] why the numbers are the way they are. Use profilers (see -prof, -lprof), design factorial
[INFO] [stdout] experiments, perform baseline and negative tests that provide experimental control, make sure
[INFO] [stdout] the benchmarking environment is safe on JVM/OS/HW level, ask for reviews from the domain experts.
[INFO] [stdout] Do not assume the numbers tell you what you want them to tell.
[INFO] [stdout] 
[INFO] [stdout] NOTE: Current JVM experimentally supports Compiler Blackholes, and they are in use. Please exercise
[INFO] [stdout] extra caution when trusting the results, look into the generated code to check the benchmark still
[INFO] [stdout] works, and factor in a small probability of new VM bugs. Additionally, while comparisons between
[INFO] [stdout] different JVMs are already problematic, the performance difference caused by different Blackhole
[INFO] [stdout] modes can be very significant. Please make sure you use the consistent Blackhole mode for comparisons.
[INFO] [stdout] 
[INFO] [stdout] Benchmark                                         Mode  Cnt            Score            Error      Units
[INFO] [stdout] BenchmarkQueries.query08                          avgt   15         1722.523 ±         13.680      ms/op
[INFO] [stdout] BenchmarkQueries.query08:CPI                      avgt    3            0.258 ±          0.020  clks/insn
[INFO] [stdout] BenchmarkQueries.query08:IPC                      avgt    3            3.882 ±          0.307  insns/clk
[INFO] [stdout] BenchmarkQueries.query08:L1-dcache-load-misses    avgt    3    154478206.088 ±   12882187.018       #/op
[INFO] [stdout] BenchmarkQueries.query08:L1-dcache-loads          avgt    3  15353431782.050 ±  335361537.420       #/op
[INFO] [stdout] BenchmarkQueries.query08:L1-icache-load-misses    avgt    3      5308703.152 ±    2396252.209       #/op
[INFO] [stdout] BenchmarkQueries.query08:L1-icache-loads          avgt    3     67576237.466 ±   27265682.621       #/op
[INFO] [stdout] BenchmarkQueries.query08:branch-misses            avgt    3     20974324.969 ±    4674210.260       #/op
[INFO] [stdout] BenchmarkQueries.query08:branches                 avgt    3   7933851469.258 ±  457934926.757       #/op
[INFO] [stdout] BenchmarkQueries.query08:cycles                   avgt    3   9556159645.133 ±  808478032.183       #/op
[INFO] [stdout] BenchmarkQueries.query08:dTLB-load-misses         avgt    3       458810.958 ±     183127.372       #/op
[INFO] [stdout] BenchmarkQueries.query08:dTLB-loads               avgt    3      5007103.360 ±    1992565.257       #/op
[INFO] [stdout] BenchmarkQueries.query08:gc.alloc.rate            avgt   15           46.473 ±          1.818     MB/sec
[INFO] [stdout] BenchmarkQueries.query08:gc.alloc.rate.norm       avgt   15     83937346.133 ±    2991079.477       B/op
[INFO] [stdout] BenchmarkQueries.query08:gc.count                 avgt   15           41.000                      counts
[INFO] [stdout] BenchmarkQueries.query08:gc.time                  avgt   15           50.000                          ms
[INFO] [stdout] BenchmarkQueries.query08:iTLB-load-misses         avgt    3        36354.550 ±     166634.707       #/op
[INFO] [stdout] BenchmarkQueries.query08:iTLB-loads               avgt    3      2459427.412 ±    7014634.074       #/op
[INFO] [stdout] BenchmarkQueries.query08:instructions             avgt    3  37099716488.146 ±  265358745.715       #/op
[INFO] [stdout] BenchmarkQueries.query08:stalled-cycles-frontend  avgt    3   2390591807.852 ± 1052595921.578       #/op
[INFO] [stdout] 
[INFO] [stdout] Benchmark result is saved to benchmarks/sweeps/20260718-targeted/nitro-tpch-q08-nested-equals-on-final-3fork.json
[INFO] ------------------------------------------------------------------------
[INFO] BUILD SUCCESS
[INFO] ------------------------------------------------------------------------
[INFO] Total time:  46.106 s (Wall Clock)
[INFO] Finished at: 2026-07-18T17:06:24Z
[INFO] ------------------------------------------------------------------------
[INFO] Njord session closed
