[INFO] Processing build on daemon e20effc9
[INFO] Scanning for projects...
[INFO] Njord 0.9.4 session created
[INFO] BuildTimeEventSpy is registered.
[INFO] 
[INFO] Using the SmartBuilder implementation with a thread count of 7
[INFO] 
[INFO] -------------------------< org.weakref:nitro >--------------------------
[INFO] Building nitro 1-SNAPSHOT
[INFO]   from pom.xml
[INFO] --------------------------------[ jar ]---------------------------------
[WARNING] 2 problems were encountered while building the effective model for org.apache.yetus:audience-annotations:jar:0.5.0 during dependency collection step for project (use -X to see details)
[INFO] 
[INFO] --- exec:3.6.1:exec (benchmark) @ nitro ---
[WARNING] [stderr] WARNING: Using incubator modules: jdk.incubator.vector
[WARNING] [stderr] WARNING: A terminally deprecated method in sun.misc.Unsafe has been called
[WARNING] [stderr] WARNING: sun.misc.Unsafe::objectFieldOffset has been called by org.openjdk.jmh.util.Utils (file:/root/.m2/repository/org/openjdk/jmh/jmh-core/1.37/jmh-core-1.37.jar)
[WARNING] [stderr] WARNING: Please consider reporting this to the maintainers of class org.openjdk.jmh.util.Utils
[WARNING] [stderr] WARNING: sun.misc.Unsafe::objectFieldOffset will be removed in a future release
[INFO] [stdout] # JMH version: 1.37
[INFO] [stdout] # VM version: JDK 26.0.1, OpenJDK 64-Bit Server VM, 26.0.1+8
[INFO] [stdout] # VM invoker: /opt/java/openjdk/bin/java
[INFO] [stdout] # VM options: --enable-preview --add-modules=jdk.incubator.vector -Dnitro.clickbench.hits.path= -Xmx12g -XX:+UseTransparentHugePages -Dnitro.tpch.parquet.path=/root/data/tpch-parquet-sf10 -Dnitro.tpch.parquet.schema=sf10 -Dnitro.parquet.bulkDictionaryPredicate=false
[INFO] [stdout] # Blackhole mode: compiler (auto-detected, use -Djmh.blackhole.autoDetect=false to disable)
[INFO] [stdout] # Warmup: 2 iterations, 1000 ms each
[INFO] [stdout] # Measurement: 3 iterations, 1000 ms each
[INFO] [stdout] # Timeout: 30 min per iteration
[INFO] [stdout] # Threads: 1 thread, will synchronize iterations
[INFO] [stdout] # Benchmark mode: Average time, time/op
[INFO] [stdout] # Benchmark: org.weakref.nitro.tpch.BenchmarkQueries.query09
[INFO] [stdout] 
[INFO] [stdout] # Run progress: 0.00% complete, ETA 00:00:05
[INFO] [stdout] # Fork: 1 of 1
[INFO] [stdout] # Preparing profilers: LinuxPerfNormProfiler 
[INFO] [stdout] # Profilers consume stderr from target VM, use -v EXTRA to copy to console
[INFO] [stdout] # Warmup Iteration   1: 4162.552 ms/op
[INFO] [stdout] # Warmup Iteration   2: 3639.936 ms/op
[INFO] [stdout] Iteration   1: 3838.431 ms/op
[INFO] [stdout]                  gc.alloc.rate:      218.111 MB/sec
[INFO] [stdout]                  gc.alloc.rate.norm: 877901064.000 B/op
[INFO] [stdout]                  gc.count:           ≈ 0 counts
[INFO] [stdout] 
[INFO] [stdout] Iteration   2: 3848.522 ms/op
[INFO] [stdout]                  gc.alloc.rate:      217.501 MB/sec
[INFO] [stdout]                  gc.alloc.rate.norm: 877751352.000 B/op
[INFO] [stdout]                  gc.count:           ≈ 0 counts
[INFO] [stdout] 
[INFO] [stdout] Iteration   3: 3640.908 ms/op
[INFO] [stdout]                  gc.alloc.rate:      229.889 MB/sec
[INFO] [stdout]                  gc.alloc.rate.norm: 877699320.000 B/op
[INFO] [stdout]                  gc.count:           4.000 counts
[INFO] [stdout]                  gc.time:            58.000 ms
[INFO] [stdout] 
[INFO] [stdout] # Processing profiler results: LinuxPerfNormProfiler 
[INFO] [stdout] 
[INFO] [stdout] 
[INFO] [stdout] Result "org.weakref.nitro.tpch.BenchmarkQueries.query09":
[INFO] [stdout]   3775.954 ±(99.9%) 2135.640 ms/op [Average]
[INFO] [stdout]   (min, avg, max) = (3640.908, 3775.954, 3848.522), stdev = 117.062
[INFO] [stdout]   CI (99.9%): [1640.314, 5911.594] (assumes normal distribution)
[INFO] [stdout] 
[INFO] [stdout] Secondary result "org.weakref.nitro.tpch.BenchmarkQueries.query09:CPI":
[INFO] [stdout]   0.359 clks/insn
[INFO] [stdout] 
[INFO] [stdout] Secondary result "org.weakref.nitro.tpch.BenchmarkQueries.query09:IPC":
[INFO] [stdout]   2.788 insns/clk
[INFO] [stdout] 
[INFO] [stdout] Secondary result "org.weakref.nitro.tpch.BenchmarkQueries.query09:L1-dcache-load-misses":
[INFO] [stdout]   580335834.077 #/op
[INFO] [stdout] 
[INFO] [stdout] Secondary result "org.weakref.nitro.tpch.BenchmarkQueries.query09:L1-dcache-loads":
[INFO] [stdout]   24554768197.989 #/op
[INFO] [stdout] 
[INFO] [stdout] Secondary result "org.weakref.nitro.tpch.BenchmarkQueries.query09:branch-misses":
[INFO] [stdout]   43831027.588 #/op
[INFO] [stdout] 
[INFO] [stdout] Secondary result "org.weakref.nitro.tpch.BenchmarkQueries.query09:branches":
[INFO] [stdout]   11653085926.259 #/op
[INFO] [stdout] 
[INFO] [stdout] Secondary result "org.weakref.nitro.tpch.BenchmarkQueries.query09:cycles":
[INFO] [stdout]   20788944515.001 #/op
[INFO] [stdout] 
[INFO] [stdout] Secondary result "org.weakref.nitro.tpch.BenchmarkQueries.query09:dTLB-load-misses":
[INFO] [stdout]   34130796.265 #/op
[INFO] [stdout] 
[INFO] [stdout] Secondary result "org.weakref.nitro.tpch.BenchmarkQueries.query09:dTLB-loads":
[INFO] [stdout]   93263833.265 #/op
[INFO] [stdout] 
[INFO] [stdout] Secondary result "org.weakref.nitro.tpch.BenchmarkQueries.query09:gc.alloc.rate":
[INFO] [stdout]   221.834 ±(99.9%) 127.389 MB/sec [Average]
[INFO] [stdout]   (min, avg, max) = (217.501, 221.834, 229.889), stdev = 6.983
[INFO] [stdout]   CI (99.9%): [94.445, 349.222] (assumes normal distribution)
[INFO] [stdout] 
[INFO] [stdout] Secondary result "org.weakref.nitro.tpch.BenchmarkQueries.query09:gc.alloc.rate.norm":
[INFO] [stdout]   877783912.000 ±(99.9%) 1910830.789 B/op [Average]
[INFO] [stdout]   (min, avg, max) = (877699320.000, 877783912.000, 877901064.000), stdev = 104739.083
[INFO] [stdout]   CI (99.9%): [875873081.211, 879694742.789] (assumes normal distribution)
[INFO] [stdout] 
[INFO] [stdout] Secondary result "org.weakref.nitro.tpch.BenchmarkQueries.query09:gc.count":
[INFO] [stdout]   4.000 ±(99.9%) 0.001 counts [Sum]
[INFO] [stdout]   (min, avg, max) = (≈ 0, 1.333, 4.000), stdev = 2.309
[INFO] [stdout]   CI (99.9%): [4.000, 4.000] (assumes normal distribution)
[INFO] [stdout] 
[INFO] [stdout] Secondary result "org.weakref.nitro.tpch.BenchmarkQueries.query09:gc.time":
[INFO] [stdout]   58.000 ±(99.9%) 0.001 ms [Sum]
[INFO] [stdout]   (min, avg, max) = (≈ 0, 19.333, 58.000), stdev = 33.486
[INFO] [stdout]   CI (99.9%): [58.000, 58.000] (assumes normal distribution)
[INFO] [stdout] 
[INFO] [stdout] Secondary result "org.weakref.nitro.tpch.BenchmarkQueries.query09:instructions":
[INFO] [stdout]   57965465162.624 #/op
[INFO] [stdout] 
[INFO] [stdout] 
[INFO] [stdout] # Run complete. Total time: 00:00:19
[INFO] [stdout] 
[INFO] [stdout] REMEMBER: The numbers below are just data. To gain reusable insights, you need to follow up on
[INFO] [stdout] why the numbers are the way they are. Use profilers (see -prof, -lprof), design factorial
[INFO] [stdout] experiments, perform baseline and negative tests that provide experimental control, make sure
[INFO] [stdout] the benchmarking environment is safe on JVM/OS/HW level, ask for reviews from the domain experts.
[INFO] [stdout] Do not assume the numbers tell you what you want them to tell.
[INFO] [stdout] 
[INFO] [stdout] NOTE: Current JVM experimentally supports Compiler Blackholes, and they are in use. Please exercise
[INFO] [stdout] extra caution when trusting the results, look into the generated code to check the benchmark still
[INFO] [stdout] works, and factor in a small probability of new VM bugs. Additionally, while comparisons between
[INFO] [stdout] different JVMs are already problematic, the performance difference caused by different Blackhole
[INFO] [stdout] modes can be very significant. Please make sure you use the consistent Blackhole mode for comparisons.
[INFO] [stdout] 
[INFO] [stdout] Benchmark                                       Mode  Cnt            Score         Error      Units
[INFO] [stdout] BenchmarkQueries.query09                        avgt    3         3775.954 ±    2135.640      ms/op
[INFO] [stdout] BenchmarkQueries.query09:CPI                    avgt                 0.359                clks/insn
[INFO] [stdout] BenchmarkQueries.query09:IPC                    avgt                 2.788                insns/clk
[INFO] [stdout] BenchmarkQueries.query09:L1-dcache-load-misses  avgt         580335834.077                     #/op
[INFO] [stdout] BenchmarkQueries.query09:L1-dcache-loads        avgt       24554768197.989                     #/op
[INFO] [stdout] BenchmarkQueries.query09:branch-misses          avgt          43831027.588                     #/op
[INFO] [stdout] BenchmarkQueries.query09:branches               avgt       11653085926.259                     #/op
[INFO] [stdout] BenchmarkQueries.query09:cycles                 avgt       20788944515.001                     #/op
[INFO] [stdout] BenchmarkQueries.query09:dTLB-load-misses       avgt          34130796.265                     #/op
[INFO] [stdout] BenchmarkQueries.query09:dTLB-loads             avgt          93263833.265                     #/op
[INFO] [stdout] BenchmarkQueries.query09:gc.alloc.rate          avgt    3          221.834 ±     127.389     MB/sec
[INFO] [stdout] BenchmarkQueries.query09:gc.alloc.rate.norm     avgt    3    877783912.000 ± 1910830.789       B/op
[INFO] [stdout] BenchmarkQueries.query09:gc.count               avgt    3            4.000                   counts
[INFO] [stdout] BenchmarkQueries.query09:gc.time                avgt    3           58.000                       ms
[INFO] [stdout] BenchmarkQueries.query09:instructions           avgt       57965465162.624                     #/op
[INFO] [stdout] 
[INFO] [stdout] Benchmark result is saved to benchmarks/sweeps/20260718-targeted/nitro-tpch-q09-bulk-strategy-off.json
[INFO] ------------------------------------------------------------------------
[INFO] BUILD SUCCESS
[INFO] ------------------------------------------------------------------------
[INFO] Total time:  19.986 s (Wall Clock)
[INFO] Finished at: 2026-07-18T06:06:28Z
[INFO] ------------------------------------------------------------------------
[INFO] Njord session closed
