Jul 18, 2026 3:39:10 PM org.jline.utils.Log logr
WARNING: Unable to create a system terminal, creating a dumb terminal (enable debug logging for more information)
[main] WARNING org.jline - Unable to create a system terminal, creating a dumb terminal (enable debug logging for more information)
[INFO] Processing build on daemon e20effc9
[INFO] Scanning for projects...
[INFO] Njord 0.9.4 session created
[INFO] BuildTimeEventSpy is registered.
[INFO] 
[INFO] Using the SmartBuilder implementation with a thread count of 7
[INFO] 
[INFO] -------------------------< org.weakref:nitro >--------------------------
[INFO] Building nitro 1-SNAPSHOT
[INFO]   from pom.xml
[INFO] --------------------------------[ jar ]---------------------------------
[WARNING] 2 problems were encountered while building the effective model for org.apache.yetus:audience-annotations:jar:0.5.0 during dependency collection step for project (use -X to see details)
[INFO] 
[INFO] --- exec:3.6.1:exec (benchmark) @ nitro ---
[WARNING] [stderr] WARNING: Using incubator modules: jdk.incubator.vector
[WARNING] [stderr] WARNING: A terminally deprecated method in sun.misc.Unsafe has been called
[WARNING] [stderr] WARNING: sun.misc.Unsafe::objectFieldOffset has been called by org.openjdk.jmh.util.Utils (file:/root/.m2/repository/org/openjdk/jmh/jmh-core/1.37/jmh-core-1.37.jar)
[WARNING] [stderr] WARNING: Please consider reporting this to the maintainers of class org.openjdk.jmh.util.Utils
[WARNING] [stderr] WARNING: sun.misc.Unsafe::objectFieldOffset will be removed in a future release
[INFO] [stdout] # JMH version: 1.37
[INFO] [stdout] # VM version: JDK 26.0.1, OpenJDK 64-Bit Server VM, 26.0.1+8
[INFO] [stdout] # VM invoker: /opt/java/openjdk/bin/java
[INFO] [stdout] # VM options: --enable-preview --add-modules=jdk.incubator.vector -Dnitro.clickbench.hits.path= -Xmx12g -XX:+UseTransparentHugePages -Dnitro.tpcds.parquet.path=/root/data/tpcds-parquet-sf10 -Dnitro.tpcds.parquet.schema=sf10 -Dnitro.parquet.reuseVersionedDictionaryPredicates=true
[INFO] [stdout] # Blackhole mode: compiler (auto-detected, use -Djmh.blackhole.autoDetect=false to disable)
[INFO] [stdout] # Warmup: 1 iterations, 1 s each
[INFO] [stdout] # Measurement: 2 iterations, 1 s each
[INFO] [stdout] # Timeout: 30 min per iteration
[INFO] [stdout] # Threads: 1 thread, will synchronize iterations
[INFO] [stdout] # Benchmark mode: Average time, time/op
[INFO] [stdout] # Benchmark: org.weakref.nitro.tpcds.BenchmarkQueries.query16
[INFO] [stdout] 
[INFO] [stdout] # Run progress: 0.00% complete, ETA 00:00:09
[INFO] [stdout] # Fork: 1 of 1
[INFO] [stdout] # Preparing profilers: LinuxPerfNormProfiler 
[INFO] [stdout] # Profilers consume stderr from target VM, use -v EXTRA to copy to console
[INFO] [stdout] # Warmup Iteration   1: 6909.348 ms/op
[INFO] [stdout] Iteration   1: 6323.453 ms/op
[INFO] [stdout]                  gc.alloc.rate:      322.956 MB/sec
[INFO] [stdout]                  gc.alloc.rate.norm: 2141456616.000 B/op
[INFO] [stdout]                  gc.count:           5.000 counts
[INFO] [stdout]                  gc.time:            210.000 ms
[INFO] [stdout] 
[INFO] [stdout] Iteration   2: 6081.104 ms/op
[INFO] [stdout]                  gc.alloc.rate:      335.829 MB/sec
[INFO] [stdout]                  gc.alloc.rate.norm: 2141465528.000 B/op
[INFO] [stdout]                  gc.count:           5.000 counts
[INFO] [stdout]                  gc.time:            144.000 ms
[INFO] [stdout] 
[INFO] [stdout] # Processing profiler results: LinuxPerfNormProfiler 
[INFO] [stdout] 
[INFO] [stdout] 
[INFO] [stdout] Result "org.weakref.nitro.tpcds.BenchmarkQueries.query16":
[INFO] [stdout]   6202.278 ms/op
[INFO] [stdout] 
[INFO] [stdout] Secondary result "org.weakref.nitro.tpcds.BenchmarkQueries.query16:CPI":
[INFO] [stdout]   0.236 clks/insn
[INFO] [stdout] 
[INFO] [stdout] Secondary result "org.weakref.nitro.tpcds.BenchmarkQueries.query16:IPC":
[INFO] [stdout]   4.246 insns/clk
[INFO] [stdout] 
[INFO] [stdout] Secondary result "org.weakref.nitro.tpcds.BenchmarkQueries.query16:L1-dcache-load-misses":
[INFO] [stdout]   936330577.143 #/op
[INFO] [stdout] 
[INFO] [stdout] Secondary result "org.weakref.nitro.tpcds.BenchmarkQueries.query16:L1-dcache-loads":
[INFO] [stdout]   75023159020.997 #/op
[INFO] [stdout] 
[INFO] [stdout] Secondary result "org.weakref.nitro.tpcds.BenchmarkQueries.query16:L1-icache-load-misses":
[INFO] [stdout]   34472342.807 #/op
[INFO] [stdout] 
[INFO] [stdout] Secondary result "org.weakref.nitro.tpcds.BenchmarkQueries.query16:L1-icache-loads":
[INFO] [stdout]   473201100.691 #/op
[INFO] [stdout] 
[INFO] [stdout] Secondary result "org.weakref.nitro.tpcds.BenchmarkQueries.query16:branch-misses":
[INFO] [stdout]   134234013.849 #/op
[INFO] [stdout] 
[INFO] [stdout] Secondary result "org.weakref.nitro.tpcds.BenchmarkQueries.query16:branches":
[INFO] [stdout]   35181598740.109 #/op
[INFO] [stdout] 
[INFO] [stdout] Secondary result "org.weakref.nitro.tpcds.BenchmarkQueries.query16:cycles":
[INFO] [stdout]   41721240499.461 #/op
[INFO] [stdout] 
[INFO] [stdout] Secondary result "org.weakref.nitro.tpcds.BenchmarkQueries.query16:dTLB-load-misses":
[INFO] [stdout]   2388278.852 #/op
[INFO] [stdout] 
[INFO] [stdout] Secondary result "org.weakref.nitro.tpcds.BenchmarkQueries.query16:dTLB-loads":
[INFO] [stdout]   28140484.289 #/op
[INFO] [stdout] 
[INFO] [stdout] Secondary result "org.weakref.nitro.tpcds.BenchmarkQueries.query16:gc.alloc.rate":
[INFO] [stdout]   329.393 MB/sec
[INFO] [stdout] 
[INFO] [stdout] Secondary result "org.weakref.nitro.tpcds.BenchmarkQueries.query16:gc.alloc.rate.norm":
[INFO] [stdout]   2141461072.000 B/op
[INFO] [stdout] 
[INFO] [stdout] Secondary result "org.weakref.nitro.tpcds.BenchmarkQueries.query16:gc.count":
[INFO] [stdout]   5.000 counts
[INFO] [stdout] 
[INFO] [stdout] Secondary result "org.weakref.nitro.tpcds.BenchmarkQueries.query16:gc.time":
[INFO] [stdout]   177.000 ms
[INFO] [stdout] 
[INFO] [stdout] Secondary result "org.weakref.nitro.tpcds.BenchmarkQueries.query16:iTLB-load-misses":
[INFO] [stdout]   137819.743 #/op
[INFO] [stdout] 
[INFO] [stdout] Secondary result "org.weakref.nitro.tpcds.BenchmarkQueries.query16:iTLB-loads":
[INFO] [stdout]   11451400.406 #/op
[INFO] [stdout] 
[INFO] [stdout] Secondary result "org.weakref.nitro.tpcds.BenchmarkQueries.query16:instructions":
[INFO] [stdout]   177142476088.009 #/op
[INFO] [stdout] 
[INFO] [stdout] Secondary result "org.weakref.nitro.tpcds.BenchmarkQueries.query16:stalled-cycles-frontend":
[INFO] [stdout]   3454521236.635 #/op
[INFO] [stdout] 
[INFO] [stdout] 
[INFO] [stdout] # JMH version: 1.37
[INFO] [stdout] # VM version: JDK 26.0.1, OpenJDK 64-Bit Server VM, 26.0.1+8
[INFO] [stdout] # VM invoker: /opt/java/openjdk/bin/java
[INFO] [stdout] # VM options: --enable-preview --add-modules=jdk.incubator.vector -Dnitro.clickbench.hits.path= -Xmx12g -XX:+UseTransparentHugePages -Dnitro.tpcds.parquet.path=/root/data/tpcds-parquet-sf10 -Dnitro.tpcds.parquet.schema=sf10 -Dnitro.parquet.reuseVersionedDictionaryPredicates=true
[INFO] [stdout] # Blackhole mode: compiler (auto-detected, use -Djmh.blackhole.autoDetect=false to disable)
[INFO] [stdout] # Warmup: 1 iterations, 1 s each
[INFO] [stdout] # Measurement: 2 iterations, 1 s each
[INFO] [stdout] # Timeout: 30 min per iteration
[INFO] [stdout] # Threads: 1 thread, will synchronize iterations
[INFO] [stdout] # Benchmark mode: Average time, time/op
[INFO] [stdout] # Benchmark: org.weakref.nitro.tpcds.BenchmarkQueries.query26
[INFO] [stdout] 
[INFO] [stdout] # Run progress: 33.33% complete, ETA 00:00:39
[INFO] [stdout] # Fork: 1 of 1
[INFO] [stdout] # Preparing profilers: LinuxPerfNormProfiler 
[INFO] [stdout] # Profilers consume stderr from target VM, use -v EXTRA to copy to console
[INFO] [stdout] # Warmup Iteration   1: 367.301 ms/op
[INFO] [stdout] Iteration   1: 187.543 ms/op
[INFO] [stdout]                  gc.alloc.rate:      221.629 MB/sec
[INFO] [stdout]                  gc.alloc.rate.norm: 43626250.667 B/op
[INFO] [stdout]                  gc.count:           2.000 counts
[INFO] [stdout]                  gc.time:            3.000 ms
[INFO] [stdout] 
[INFO] [stdout] Iteration   2: 178.395 ms/op
[INFO] [stdout]                  gc.alloc.rate:      225.663 MB/sec
[INFO] [stdout]                  gc.alloc.rate.norm: 42218429.333 B/op
[INFO] [stdout]                  gc.count:           1.000 counts
[INFO] [stdout]                  gc.time:            1.000 ms
[INFO] [stdout] 
[INFO] [stdout] # Processing profiler results: LinuxPerfNormProfiler 
[INFO] [stdout] 
[INFO] [stdout] 
[INFO] [stdout] Result "org.weakref.nitro.tpcds.BenchmarkQueries.query26":
[INFO] [stdout]   182.969 ms/op
[INFO] [stdout] 
[INFO] [stdout] Secondary result "org.weakref.nitro.tpcds.BenchmarkQueries.query26:CPI":
[INFO] [stdout]   0.366 clks/insn
[INFO] [stdout] 
[INFO] [stdout] Secondary result "org.weakref.nitro.tpcds.BenchmarkQueries.query26:IPC":
[INFO] [stdout]   2.736 insns/clk
[INFO] [stdout] 
[INFO] [stdout] Secondary result "org.weakref.nitro.tpcds.BenchmarkQueries.query26:L1-dcache-load-misses":
[INFO] [stdout]   69497438.664 #/op
[INFO] [stdout] 
[INFO] [stdout] Secondary result "org.weakref.nitro.tpcds.BenchmarkQueries.query26:L1-dcache-loads":
[INFO] [stdout]   2763675449.147 #/op
[INFO] [stdout] 
[INFO] [stdout] Secondary result "org.weakref.nitro.tpcds.BenchmarkQueries.query26:L1-icache-load-misses":
[INFO] [stdout]   6540927.472 #/op
[INFO] [stdout] 
[INFO] [stdout] Secondary result "org.weakref.nitro.tpcds.BenchmarkQueries.query26:L1-icache-loads":
[INFO] [stdout]   71270505.835 #/op
[INFO] [stdout] 
[INFO] [stdout] Secondary result "org.weakref.nitro.tpcds.BenchmarkQueries.query26:branch-misses":
[INFO] [stdout]   16930613.987 #/op
[INFO] [stdout] 
[INFO] [stdout] Secondary result "org.weakref.nitro.tpcds.BenchmarkQueries.query26:branches":
[INFO] [stdout]   1217381772.775 #/op
[INFO] [stdout] 
[INFO] [stdout] Secondary result "org.weakref.nitro.tpcds.BenchmarkQueries.query26:cycles":
[INFO] [stdout]   2133537876.000 #/op
[INFO] [stdout] 
[INFO] [stdout] Secondary result "org.weakref.nitro.tpcds.BenchmarkQueries.query26:dTLB-load-misses":
[INFO] [stdout]   217172.664 #/op
[INFO] [stdout] 
[INFO] [stdout] Secondary result "org.weakref.nitro.tpcds.BenchmarkQueries.query26:dTLB-loads":
[INFO] [stdout]   8091426.214 #/op
[INFO] [stdout] 
[INFO] [stdout] Secondary result "org.weakref.nitro.tpcds.BenchmarkQueries.query26:gc.alloc.rate":
[INFO] [stdout]   223.646 MB/sec
[INFO] [stdout] 
[INFO] [stdout] Secondary result "org.weakref.nitro.tpcds.BenchmarkQueries.query26:gc.alloc.rate.norm":
[INFO] [stdout]   42922340.000 B/op
[INFO] [stdout] 
[INFO] [stdout] Secondary result "org.weakref.nitro.tpcds.BenchmarkQueries.query26:gc.count":
[INFO] [stdout]   1.500 counts
[INFO] [stdout] 
[INFO] [stdout] Secondary result "org.weakref.nitro.tpcds.BenchmarkQueries.query26:gc.time":
[INFO] [stdout]   2.000 ms
[INFO] [stdout] 
[INFO] [stdout] Secondary result "org.weakref.nitro.tpcds.BenchmarkQueries.query26:iTLB-load-misses":
[INFO] [stdout]   31847.090 #/op
[INFO] [stdout] 
[INFO] [stdout] Secondary result "org.weakref.nitro.tpcds.BenchmarkQueries.query26:iTLB-loads":
[INFO] [stdout]   4605344.659 #/op
[INFO] [stdout] 
[INFO] [stdout] Secondary result "org.weakref.nitro.tpcds.BenchmarkQueries.query26:instructions":
[INFO] [stdout]   5836879514.338 #/op
[INFO] [stdout] 
[INFO] [stdout] Secondary result "org.weakref.nitro.tpcds.BenchmarkQueries.query26:stalled-cycles-frontend":
[INFO] [stdout]   630747892.125 #/op
[INFO] [stdout] 
[INFO] [stdout] 
[INFO] [stdout] # JMH version: 1.37
[INFO] [stdout] # VM version: JDK 26.0.1, OpenJDK 64-Bit Server VM, 26.0.1+8
[INFO] [stdout] # VM invoker: /opt/java/openjdk/bin/java
[INFO] [stdout] # VM options: --enable-preview --add-modules=jdk.incubator.vector -Dnitro.clickbench.hits.path= -Xmx12g -XX:+UseTransparentHugePages -Dnitro.tpcds.parquet.path=/root/data/tpcds-parquet-sf10 -Dnitro.tpcds.parquet.schema=sf10 -Dnitro.parquet.reuseVersionedDictionaryPredicates=true
[INFO] [stdout] # Blackhole mode: compiler (auto-detected, use -Djmh.blackhole.autoDetect=false to disable)
[INFO] [stdout] # Warmup: 1 iterations, 1 s each
[INFO] [stdout] # Measurement: 2 iterations, 1 s each
[INFO] [stdout] # Timeout: 30 min per iteration
[INFO] [stdout] # Threads: 1 thread, will synchronize iterations
[INFO] [stdout] # Benchmark mode: Average time, time/op
[INFO] [stdout] # Benchmark: org.weakref.nitro.tpcds.BenchmarkQueries.query75
[INFO] [stdout] 
[INFO] [stdout] # Run progress: 66.67% complete, ETA 00:00:11
[INFO] [stdout] # Fork: 1 of 1
[INFO] [stdout] # Preparing profilers: LinuxPerfNormProfiler 
[INFO] [stdout] # Profilers consume stderr from target VM, use -v EXTRA to copy to console
[INFO] [stdout] # Warmup Iteration   1: 2967.573 ms/op
[INFO] [stdout] Iteration   1: 2038.045 ms/op
[INFO] [stdout]                  gc.alloc.rate:      421.362 MB/sec
[INFO] [stdout]                  gc.alloc.rate.norm: 900533136.000 B/op
[INFO] [stdout]                  gc.count:           7.000 counts
[INFO] [stdout]                  gc.time:            25.000 ms
[INFO] [stdout] 
[INFO] [stdout] Iteration   2: 2014.731 ms/op
[INFO] [stdout]                  gc.alloc.rate:      422.324 MB/sec
[INFO] [stdout]                  gc.alloc.rate.norm: 892292192.000 B/op
[INFO] [stdout]                  gc.count:           5.000 counts
[INFO] [stdout]                  gc.time:            18.000 ms
[INFO] [stdout] 
[INFO] [stdout] # Processing profiler results: LinuxPerfNormProfiler 
[INFO] [stdout] 
[INFO] [stdout] 
[INFO] [stdout] Result "org.weakref.nitro.tpcds.BenchmarkQueries.query75":
[INFO] [stdout]   2026.388 ms/op
[INFO] [stdout] 
[INFO] [stdout] Secondary result "org.weakref.nitro.tpcds.BenchmarkQueries.query75:CPI":
[INFO] [stdout]   0.324 clks/insn
[INFO] [stdout] 
[INFO] [stdout] Secondary result "org.weakref.nitro.tpcds.BenchmarkQueries.query75:IPC":
[INFO] [stdout]   3.086 insns/clk
[INFO] [stdout] 
[INFO] [stdout] Secondary result "org.weakref.nitro.tpcds.BenchmarkQueries.query75:L1-dcache-load-misses":
[INFO] [stdout]   497120146.092 #/op
[INFO] [stdout] 
[INFO] [stdout] Secondary result "org.weakref.nitro.tpcds.BenchmarkQueries.query75:L1-dcache-loads":
[INFO] [stdout]   20567620440.303 #/op
[INFO] [stdout] 
[INFO] [stdout] Secondary result "org.weakref.nitro.tpcds.BenchmarkQueries.query75:L1-icache-load-misses":
[INFO] [stdout]   20058587.912 #/op
[INFO] [stdout] 
[INFO] [stdout] Secondary result "org.weakref.nitro.tpcds.BenchmarkQueries.query75:L1-icache-loads":
[INFO] [stdout]   213124192.906 #/op
[INFO] [stdout] 
[INFO] [stdout] Secondary result "org.weakref.nitro.tpcds.BenchmarkQueries.query75:branch-misses":
[INFO] [stdout]   90541094.011 #/op
[INFO] [stdout] 
[INFO] [stdout] Secondary result "org.weakref.nitro.tpcds.BenchmarkQueries.query75:branches":
[INFO] [stdout]   8000199691.570 #/op
[INFO] [stdout] 
[INFO] [stdout] Secondary result "org.weakref.nitro.tpcds.BenchmarkQueries.query75:cycles":
[INFO] [stdout]   13604884043.694 #/op
[INFO] [stdout] 
[INFO] [stdout] Secondary result "org.weakref.nitro.tpcds.BenchmarkQueries.query75:dTLB-load-misses":
[INFO] [stdout]   723375.951 #/op
[INFO] [stdout] 
[INFO] [stdout] Secondary result "org.weakref.nitro.tpcds.BenchmarkQueries.query75:dTLB-loads":
[INFO] [stdout]   15455766.709 #/op
[INFO] [stdout] 
[INFO] [stdout] Secondary result "org.weakref.nitro.tpcds.BenchmarkQueries.query75:gc.alloc.rate":
[INFO] [stdout]   421.843 MB/sec
[INFO] [stdout] 
[INFO] [stdout] Secondary result "org.weakref.nitro.tpcds.BenchmarkQueries.query75:gc.alloc.rate.norm":
[INFO] [stdout]   896412664.000 B/op
[INFO] [stdout] 
[INFO] [stdout] Secondary result "org.weakref.nitro.tpcds.BenchmarkQueries.query75:gc.count":
[INFO] [stdout]   6.000 counts
[INFO] [stdout] 
[INFO] [stdout] Secondary result "org.weakref.nitro.tpcds.BenchmarkQueries.query75:gc.time":
[INFO] [stdout]   21.500 ms
[INFO] [stdout] 
[INFO] [stdout] Secondary result "org.weakref.nitro.tpcds.BenchmarkQueries.query75:iTLB-load-misses":
[INFO] [stdout]   141698.193 #/op
[INFO] [stdout] 
[INFO] [stdout] Secondary result "org.weakref.nitro.tpcds.BenchmarkQueries.query75:iTLB-loads":
[INFO] [stdout]   15687272.395 #/op
[INFO] [stdout] 
[INFO] [stdout] Secondary result "org.weakref.nitro.tpcds.BenchmarkQueries.query75:instructions":
[INFO] [stdout]   41978571185.325 #/op
[INFO] [stdout] 
[INFO] [stdout] Secondary result "org.weakref.nitro.tpcds.BenchmarkQueries.query75:stalled-cycles-frontend":
[INFO] [stdout]   2323716440.399 #/op
[INFO] [stdout] 
[INFO] [stdout] 
[INFO] [stdout] # Run complete. Total time: 00:00:30
[INFO] [stdout] 
[INFO] [stdout] REMEMBER: The numbers below are just data. To gain reusable insights, you need to follow up on
[INFO] [stdout] why the numbers are the way they are. Use profilers (see -prof, -lprof), design factorial
[INFO] [stdout] experiments, perform baseline and negative tests that provide experimental control, make sure
[INFO] [stdout] the benchmarking environment is safe on JVM/OS/HW level, ask for reviews from the domain experts.
[INFO] [stdout] Do not assume the numbers tell you what you want them to tell.
[INFO] [stdout] 
[INFO] [stdout] NOTE: Current JVM experimentally supports Compiler Blackholes, and they are in use. Please exercise
[INFO] [stdout] extra caution when trusting the results, look into the generated code to check the benchmark still
[INFO] [stdout] works, and factor in a small probability of new VM bugs. Additionally, while comparisons between
[INFO] [stdout] different JVMs are already problematic, the performance difference caused by different Blackhole
[INFO] [stdout] modes can be very significant. Please make sure you use the consistent Blackhole mode for comparisons.
[INFO] [stdout] 
[INFO] [stdout] Benchmark                                         Mode  Cnt             Score   Error      Units
[INFO] [stdout] BenchmarkQueries.query16                          avgt    2          6202.278              ms/op
[INFO] [stdout] BenchmarkQueries.query16:CPI                      avgt                  0.236          clks/insn
[INFO] [stdout] BenchmarkQueries.query16:IPC                      avgt                  4.246          insns/clk
[INFO] [stdout] BenchmarkQueries.query16:L1-dcache-load-misses    avgt          936330577.143               #/op
[INFO] [stdout] BenchmarkQueries.query16:L1-dcache-loads          avgt        75023159020.997               #/op
[INFO] [stdout] BenchmarkQueries.query16:L1-icache-load-misses    avgt           34472342.807               #/op
[INFO] [stdout] BenchmarkQueries.query16:L1-icache-loads          avgt          473201100.691               #/op
[INFO] [stdout] BenchmarkQueries.query16:branch-misses            avgt          134234013.849               #/op
[INFO] [stdout] BenchmarkQueries.query16:branches                 avgt        35181598740.109               #/op
[INFO] [stdout] BenchmarkQueries.query16:cycles                   avgt        41721240499.461               #/op
[INFO] [stdout] BenchmarkQueries.query16:dTLB-load-misses         avgt            2388278.852               #/op
[INFO] [stdout] BenchmarkQueries.query16:dTLB-loads               avgt           28140484.289               #/op
[INFO] [stdout] BenchmarkQueries.query16:gc.alloc.rate            avgt    2           329.393             MB/sec
[INFO] [stdout] BenchmarkQueries.query16:gc.alloc.rate.norm       avgt    2    2141461072.000               B/op
[INFO] [stdout] BenchmarkQueries.query16:gc.count                 avgt    2            10.000             counts
[INFO] [stdout] BenchmarkQueries.query16:gc.time                  avgt    2           354.000                 ms
[INFO] [stdout] BenchmarkQueries.query16:iTLB-load-misses         avgt             137819.743               #/op
[INFO] [stdout] BenchmarkQueries.query16:iTLB-loads               avgt           11451400.406               #/op
[INFO] [stdout] BenchmarkQueries.query16:instructions             avgt       177142476088.009               #/op
[INFO] [stdout] BenchmarkQueries.query16:stalled-cycles-frontend  avgt         3454521236.635               #/op
[INFO] [stdout] BenchmarkQueries.query26                          avgt    2           182.969              ms/op
[INFO] [stdout] BenchmarkQueries.query26:CPI                      avgt                  0.366          clks/insn
[INFO] [stdout] BenchmarkQueries.query26:IPC                      avgt                  2.736          insns/clk
[INFO] [stdout] BenchmarkQueries.query26:L1-dcache-load-misses    avgt           69497438.664               #/op
[INFO] [stdout] BenchmarkQueries.query26:L1-dcache-loads          avgt         2763675449.147               #/op
[INFO] [stdout] BenchmarkQueries.query26:L1-icache-load-misses    avgt            6540927.472               #/op
[INFO] [stdout] BenchmarkQueries.query26:L1-icache-loads          avgt           71270505.835               #/op
[INFO] [stdout] BenchmarkQueries.query26:branch-misses            avgt           16930613.987               #/op
[INFO] [stdout] BenchmarkQueries.query26:branches                 avgt         1217381772.775               #/op
[INFO] [stdout] BenchmarkQueries.query26:cycles                   avgt         2133537876.000               #/op
[INFO] [stdout] BenchmarkQueries.query26:dTLB-load-misses         avgt             217172.664               #/op
[INFO] [stdout] BenchmarkQueries.query26:dTLB-loads               avgt            8091426.214               #/op
[INFO] [stdout] BenchmarkQueries.query26:gc.alloc.rate            avgt    2           223.646             MB/sec
[INFO] [stdout] BenchmarkQueries.query26:gc.alloc.rate.norm       avgt    2      42922340.000               B/op
[INFO] [stdout] BenchmarkQueries.query26:gc.count                 avgt    2             3.000             counts
[INFO] [stdout] BenchmarkQueries.query26:gc.time                  avgt    2             4.000                 ms
[INFO] [stdout] BenchmarkQueries.query26:iTLB-load-misses         avgt              31847.090               #/op
[INFO] [stdout] BenchmarkQueries.query26:iTLB-loads               avgt            4605344.659               #/op
[INFO] [stdout] BenchmarkQueries.query26:instructions             avgt         5836879514.338               #/op
[INFO] [stdout] BenchmarkQueries.query26:stalled-cycles-frontend  avgt          630747892.125               #/op
[INFO] [stdout] BenchmarkQueries.query75                          avgt    2          2026.388              ms/op
[INFO] [stdout] BenchmarkQueries.query75:CPI                      avgt                  0.324          clks/insn
[INFO] [stdout] BenchmarkQueries.query75:IPC                      avgt                  3.086          insns/clk
[INFO] [stdout] BenchmarkQueries.query75:L1-dcache-load-misses    avgt          497120146.092               #/op
[INFO] [stdout] BenchmarkQueries.query75:L1-dcache-loads          avgt        20567620440.303               #/op
[INFO] [stdout] BenchmarkQueries.query75:L1-icache-load-misses    avgt           20058587.912               #/op
[INFO] [stdout] BenchmarkQueries.query75:L1-icache-loads          avgt          213124192.906               #/op
[INFO] [stdout] BenchmarkQueries.query75:branch-misses            avgt           90541094.011               #/op
[INFO] [stdout] BenchmarkQueries.query75:branches                 avgt         8000199691.570               #/op
[INFO] [stdout] BenchmarkQueries.query75:cycles                   avgt        13604884043.694               #/op
[INFO] [stdout] BenchmarkQueries.query75:dTLB-load-misses         avgt             723375.951               #/op
[INFO] [stdout] BenchmarkQueries.query75:dTLB-loads               avgt           15455766.709               #/op
[INFO] [stdout] BenchmarkQueries.query75:gc.alloc.rate            avgt    2           421.843             MB/sec
[INFO] [stdout] BenchmarkQueries.query75:gc.alloc.rate.norm       avgt    2     896412664.000               B/op
[INFO] [stdout] BenchmarkQueries.query75:gc.count                 avgt    2            12.000             counts
[INFO] [stdout] BenchmarkQueries.query75:gc.time                  avgt    2            43.000                 ms
[INFO] [stdout] BenchmarkQueries.query75:iTLB-load-misses         avgt             141698.193               #/op
[INFO] [stdout] BenchmarkQueries.query75:iTLB-loads               avgt           15687272.395               #/op
[INFO] [stdout] BenchmarkQueries.query75:instructions             avgt        41978571185.325               #/op
[INFO] [stdout] BenchmarkQueries.query75:stalled-cycles-frontend  avgt         2323716440.399               #/op
[INFO] [stdout] 
[INFO] [stdout] Benchmark result is saved to benchmarks/sweeps/20260718-targeted/nitro-tpcds-versioned-predicate-push-gate-on-b.json
[INFO] ------------------------------------------------------------------------
[INFO] BUILD SUCCESS
[INFO] ------------------------------------------------------------------------
[INFO] Total time:  31.499 s (Wall Clock)
[INFO] Finished at: 2026-07-18T15:39:42Z
[INFO] ------------------------------------------------------------------------
[INFO] Njord session closed
