[INFO] Processing build on daemon e20effc9
[INFO] Scanning for projects...
[INFO] Njord 0.9.4 session created
[INFO] BuildTimeEventSpy is registered.
[INFO] 
[INFO] Using the SmartBuilder implementation with a thread count of 7
[INFO] 
[INFO] -------------------------< org.weakref:nitro >--------------------------
[INFO] Building nitro 1-SNAPSHOT
[INFO]   from pom.xml
[INFO] --------------------------------[ jar ]---------------------------------
[WARNING] 2 problems were encountered while building the effective model for org.apache.yetus:audience-annotations:jar:0.5.0 during dependency collection step for project (use -X to see details)
[INFO] 
[INFO] --- exec:3.6.1:exec (benchmark) @ nitro ---
[WARNING] [stderr] WARNING: Using incubator modules: jdk.incubator.vector
[WARNING] [stderr] WARNING: A terminally deprecated method in sun.misc.Unsafe has been called
[WARNING] [stderr] WARNING: sun.misc.Unsafe::objectFieldOffset has been called by org.openjdk.jmh.util.Utils (file:/root/.m2/repository/org/openjdk/jmh/jmh-core/1.37/jmh-core-1.37.jar)
[WARNING] [stderr] WARNING: Please consider reporting this to the maintainers of class org.openjdk.jmh.util.Utils
[WARNING] [stderr] WARNING: sun.misc.Unsafe::objectFieldOffset will be removed in a future release
[INFO] [stdout] # JMH version: 1.37
[INFO] [stdout] # VM version: JDK 26.0.1, OpenJDK 64-Bit Server VM, 26.0.1+8
[INFO] [stdout] # VM invoker: /opt/java/openjdk/bin/java
[INFO] [stdout] # VM options: --enable-preview --add-modules=jdk.incubator.vector -Dnitro.clickbench.hits.path= -Xmx12g -XX:+UseTransparentHugePages -Dnitro.group.normalizedIntKey=false -Dnitro.tpch.parquet.path=/root/data/tpch-parquet-sf10 -Dnitro.tpch.parquet.schema=sf10
[INFO] [stdout] # Blackhole mode: compiler (auto-detected, use -Djmh.blackhole.autoDetect=false to disable)
[INFO] [stdout] # Warmup: <none>
[INFO] [stdout] # Measurement: 1 iterations, 1 s each
[INFO] [stdout] # Timeout: 30 min per iteration
[INFO] [stdout] # Threads: 1 thread, will synchronize iterations
[INFO] [stdout] # Benchmark mode: Average time, time/op
[INFO] [stdout] # Benchmark: org.weakref.nitro.tpch.BenchmarkQueries.query17
[INFO] [stdout] 
[INFO] [stdout] # Run progress: 0.00% complete, ETA 00:00:01
[INFO] [stdout] # Fork: 1 of 1
[INFO] [stdout] WARNING: Using incubator modules: jdk.incubator.vector
[INFO] [stdout] WARNING: A terminally deprecated method in sun.misc.Unsafe has been called
[INFO] [stdout] WARNING: sun.misc.Unsafe::objectFieldOffset has been called by org.openjdk.jmh.util.Utils (file:/root/.m2/repository/org/openjdk/jmh/jmh-core/1.37/jmh-core-1.37.jar)
[INFO] [stdout] WARNING: Please consider reporting this to the maintainers of class org.openjdk.jmh.util.Utils
[INFO] [stdout] WARNING: sun.misc.Unsafe::objectFieldOffset will be removed in a future release
[INFO] [stdout] Iteration   1: WARNING: A restricted method in java.lang.foreign.SymbolLookup has been called
[INFO] [stdout] WARNING: java.lang.foreign.SymbolLookup::libraryLookup has been called by io.airlift.compress.v3.internal.NativeLoader in an unnamed module (file:/root/.m2/repository/io/airlift/aircompressor-v3/3.4/aircompressor-v3-3.4.jar)
[INFO] [stdout] WARNING: Use --enable-native-access=ALL-UNNAMED to avoid a warning for callers in this module
[INFO] [stdout] WARNING: Restricted methods will be blocked in a future release unless native access is enabled
[INFO] [stdout] 
[INFO] [stdout] <failure>
[INFO] [stdout] 
[INFO] [stdout] java.lang.ArrayIndexOutOfBoundsException: Index 1983931 out of bounds for length 1983869
[INFO] [stdout] 	at org.weakref.nitro.operator.JoinBufferSupport.copyDoublePositions(JoinBufferSupport.java:1269)
[INFO] [stdout] 	at org.weakref.nitro.operator.JoinBufferSupport.copyVectorPositions(JoinBufferSupport.java:690)
[INFO] [stdout] 	at org.weakref.nitro.operator.JoinBufferSupport.copyPositions(JoinBufferSupport.java:278)
[INFO] [stdout] 	at org.weakref.nitro.operator.JoinBufferSupport.copyPositionsFresh(JoinBufferSupport.java:216)
[INFO] [stdout] 	at org.weakref.nitro.operator.HashJoinOperator.copyInnerPositions(HashJoinOperator.java:2807)
[INFO] [stdout] 	at org.weakref.nitro.operator.HashJoinOperator.materializeInnerOutput(HashJoinOperator.java:2387)
[INFO] [stdout] 	at org.weakref.nitro.operator.HashJoinOperator.materializeOutput(HashJoinOperator.java:2003)
[INFO] [stdout] 	at org.weakref.nitro.operator.HashJoinOperator.lambda$resultOutput$3(HashJoinOperator.java:1848)
[INFO] [stdout] 	at org.weakref.nitro.operator.Output.borrow(Output.java:215)
[INFO] [stdout] 	at org.weakref.nitro.operator.Output.borrow(Output.java:236)
[INFO] [stdout] 	at org.weakref.nitro.operator.Output.borrowOrNull(Output.java:272)
[INFO] [stdout] 	at org.weakref.nitro.operator.FilterOperator$1.resolve(FilterOperator.java:67)
[INFO] [stdout] 	at org.weakref.nitro.operator.evaluator.PlanEvaluator.evaluateArgument(PlanEvaluator.java:641)
[INFO] [stdout] 	at org.weakref.nitro.operator.evaluator.PlanEvaluator.resolveMaskPrimitiveInvocation(PlanEvaluator.java:2160)
[INFO] [stdout] 	at org.weakref.nitro.operator.evaluator.PlanEvaluator.tryEvaluatePrimitiveMaskInPlace(PlanEvaluator.java:1353)
[INFO] [stdout] 	at org.weakref.nitro.operator.evaluator.PlanEvaluator.tryEvaluatePrimitiveTrueMaskInPlace(PlanEvaluator.java:1307)
[INFO] [stdout] 	at org.weakref.nitro.operator.evaluator.PlanEvaluator.evaluateTrueMaskInPlace(PlanEvaluator.java:2554)
[INFO] [stdout] 	at org.weakref.nitro.operator.evaluator.PlanEvaluator.evaluateInPlace(PlanEvaluator.java:221)
[INFO] [stdout] 	at org.weakref.nitro.operator.FilterOperator.next(FilterOperator.java:150)
[INFO] [stdout] 	at org.weakref.nitro.operator.ProjectOperator.next(ProjectOperator.java:113)
[INFO] [stdout] 	at org.weakref.nitro.operator.AggregationOperator.doAggregationIfNeeded(AggregationOperator.java:113)
[INFO] [stdout] 	at org.weakref.nitro.operator.AggregationOperator.lambda$resultOutput$0(AggregationOperator.java:89)
[INFO] [stdout] 	at org.weakref.nitro.operator.Output.borrow(Output.java:215)
[INFO] [stdout] 	at org.weakref.nitro.operator.Output.borrowOrNull(Output.java:261)
[INFO] [stdout] 	at org.weakref.nitro.operator.ProjectOperator.resolveEvaluatorInput(ProjectOperator.java:238)
[INFO] [stdout] 	at org.weakref.nitro.operator.evaluator.PlanEvaluator.evaluateInput(PlanEvaluator.java:300)
[INFO] [stdout] 	at org.weakref.nitro.operator.evaluator.PlanEvaluator.evaluateUnmemoized(PlanEvaluator.java:290)
[INFO] [stdout] 	at org.weakref.nitro.operator.evaluator.PlanEvaluator.evaluate(PlanEvaluator.java:205)
[INFO] [stdout] 	at org.weakref.nitro.operator.evaluator.PlanEvaluator.evaluateArgument(PlanEvaluator.java:682)
[INFO] [stdout] 	at org.weakref.nitro.operator.evaluator.PlanEvaluator.evaluateCall(PlanEvaluator.java:354)
[INFO] [stdout] 	at org.weakref.nitro.operator.evaluator.PlanEvaluator.evaluateVariable(PlanEvaluator.java:316)
[INFO] [stdout] 	at org.weakref.nitro.operator.evaluator.PlanEvaluator.evaluateUnmemoized(PlanEvaluator.java:291)
[INFO] [stdout] 	at org.weakref.nitro.operator.evaluator.PlanEvaluator.evaluate(PlanEvaluator.java:205)
[INFO] [stdout] 	at org.weakref.nitro.operator.ProjectOperator.evaluateBundle(ProjectOperator.java:262)
[INFO] [stdout] 	at org.weakref.nitro.operator.ProjectOperator.lambda$evaluateOutput$0(ProjectOperator.java:213)
[INFO] [stdout] 	at java.base/java.util.HashMap.computeIfAbsent(HashMap.java:1229)
[INFO] [stdout] 	at org.weakref.nitro.operator.ProjectOperator.evaluateOutput(ProjectOperator.java:213)
[INFO] [stdout] 	at org.weakref.nitro.operator.ProjectOperator.lambda$next$4(ProjectOperator.java:131)
[INFO] [stdout] 	at org.weakref.nitro.operator.Output.borrow(Output.java:215)
[INFO] [stdout] 	at org.weakref.nitro.tpch.BenchmarkQueries.consume(BenchmarkQueries.java:202)
[INFO] [stdout] 	at org.weakref.nitro.tpch.BenchmarkQueries.query17(BenchmarkQueries.java:162)
[INFO] [stdout] 	at org.weakref.nitro.tpch.jmh_generated.BenchmarkQueries_query17_jmhTest.query17_avgt_jmhStub(BenchmarkQueries_query17_jmhTest.java:199)
[INFO] [stdout] 	at org.weakref.nitro.tpch.jmh_generated.BenchmarkQueries_query17_jmhTest.query17_AverageTime(BenchmarkQueries_query17_jmhTest.java:159)
[INFO] [stdout] 	at java.base/jdk.internal.reflect.DirectMethodHandleAccessor.invoke(DirectMethodHandleAccessor.java:104)
[INFO] [stdout] 	at java.base/java.lang.reflect.Method.invoke(Method.java:565)
[INFO] [stdout] 	at org.openjdk.jmh.runner.BenchmarkHandler$BenchmarkTask.call(BenchmarkHandler.java:527)
[INFO] [stdout] 	at org.openjdk.jmh.runner.BenchmarkHandler$BenchmarkTask.call(BenchmarkHandler.java:504)
[INFO] [stdout] 	at java.base/java.util.concurrent.FutureTask.run(FutureTask.java:330)
[INFO] [stdout] 	at java.base/java.util.concurrent.Executors$RunnableAdapter.call(Executors.java:545)
[INFO] [stdout] 	at java.base/java.util.concurrent.FutureTask.run(FutureTask.java:330)
[INFO] [stdout] 	at java.base/java.util.concurrent.ThreadPoolExecutor.runWorker(ThreadPoolExecutor.java:1090)
[INFO] [stdout] 	at java.base/java.util.concurrent.ThreadPoolExecutor$Worker.run(ThreadPoolExecutor.java:614)
[INFO] [stdout] 	at java.base/java.lang.Thread.run(Thread.java:1516)
[INFO] [stdout] 
[INFO] [stdout] 
[INFO] [stdout] Benchmark had encountered error, and fail on error was requested
[WARNING] [stderr] ERROR: org.openjdk.jmh.runner.RunnerException: Benchmark caught the exception
[WARNING] [stderr] 	at org.openjdk.jmh.runner.Runner.runBenchmarks(Runner.java:572)
[WARNING] [stderr] 	at org.openjdk.jmh.runner.Runner.internalRun(Runner.java:309)
[WARNING] [stderr] 	at org.openjdk.jmh.runner.Runner.run(Runner.java:208)
[WARNING] [stderr] 	at org.openjdk.jmh.Main.main(Main.java:71)
[WARNING] [stderr] Caused by: org.openjdk.jmh.runner.BenchmarkException: Benchmark error during the run
[WARNING] [stderr] 	at org.openjdk.jmh.runner.BenchmarkHandler.runIteration(BenchmarkHandler.java:440)
[WARNING] [stderr] 	at org.openjdk.jmh.runner.BaseRunner.runBenchmark(BaseRunner.java:283)
[WARNING] [stderr] 	at org.openjdk.jmh.runner.BaseRunner.runBenchmark(BaseRunner.java:233)
[WARNING] [stderr] 	at org.openjdk.jmh.runner.BaseRunner.doSingle(BaseRunner.java:138)
[WARNING] [stderr] 	at org.openjdk.jmh.runner.BaseRunner.runBenchmarksForked(BaseRunner.java:75)
[WARNING] [stderr] 	at org.openjdk.jmh.runner.ForkedRunner.run(ForkedRunner.java:72)
[WARNING] [stderr] 	at org.openjdk.jmh.runner.ForkedMain.main(ForkedMain.java:86)
[WARNING] [stderr] 	Suppressed: java.lang.ArrayIndexOutOfBoundsException: Index 1983931 out of bounds for length 1983869
[WARNING] [stderr] 		at org.weakref.nitro.operator.JoinBufferSupport.copyDoublePositions(JoinBufferSupport.java:1269)
[WARNING] [stderr] 		at org.weakref.nitro.operator.JoinBufferSupport.copyVectorPositions(JoinBufferSupport.java:690)
[WARNING] [stderr] 		at org.weakref.nitro.operator.JoinBufferSupport.copyPositions(JoinBufferSupport.java:278)
[WARNING] [stderr] 		at org.weakref.nitro.operator.JoinBufferSupport.copyPositionsFresh(JoinBufferSupport.java:216)
[WARNING] [stderr] 		at org.weakref.nitro.operator.HashJoinOperator.copyInnerPositions(HashJoinOperator.java:2807)
[WARNING] [stderr] 		at org.weakref.nitro.operator.HashJoinOperator.materializeInnerOutput(HashJoinOperator.java:2387)
[WARNING] [stderr] 		at org.weakref.nitro.operator.HashJoinOperator.materializeOutput(HashJoinOperator.java:2003)
[WARNING] [stderr] 		at org.weakref.nitro.operator.HashJoinOperator.lambda$resultOutput$3(HashJoinOperator.java:1848)
[WARNING] [stderr] 		at org.weakref.nitro.operator.Output.borrow(Output.java:215)
[WARNING] [stderr] 		at org.weakref.nitro.operator.Output.borrow(Output.java:236)
[WARNING] [stderr] 		at org.weakref.nitro.operator.Output.borrowOrNull(Output.java:272)
[WARNING] [stderr] 		at org.weakref.nitro.operator.FilterOperator$1.resolve(FilterOperator.java:67)
[WARNING] [stderr] 		at org.weakref.nitro.operator.evaluator.PlanEvaluator.evaluateArgument(PlanEvaluator.java:641)
[WARNING] [stderr] 		at org.weakref.nitro.operator.evaluator.PlanEvaluator.resolveMaskPrimitiveInvocation(PlanEvaluator.java:2160)
[WARNING] [stderr] 		at org.weakref.nitro.operator.evaluator.PlanEvaluator.tryEvaluatePrimitiveMaskInPlace(PlanEvaluator.java:1353)
[WARNING] [stderr] 		at org.weakref.nitro.operator.evaluator.PlanEvaluator.tryEvaluatePrimitiveTrueMaskInPlace(PlanEvaluator.java:1307)
[WARNING] [stderr] 		at org.weakref.nitro.operator.evaluator.PlanEvaluator.evaluateTrueMaskInPlace(PlanEvaluator.java:2554)
[WARNING] [stderr] 		at org.weakref.nitro.operator.evaluator.PlanEvaluator.evaluateInPlace(PlanEvaluator.java:221)
[WARNING] [stderr] 		at org.weakref.nitro.operator.FilterOperator.next(FilterOperator.java:150)
[WARNING] [stderr] 		at org.weakref.nitro.operator.ProjectOperator.next(ProjectOperator.java:113)
[WARNING] [stderr] 		at org.weakref.nitro.operator.AggregationOperator.doAggregationIfNeeded(AggregationOperator.java:113)
[WARNING] [stderr] 		at org.weakref.nitro.operator.AggregationOperator.lambda$resultOutput$0(AggregationOperator.java:89)
[WARNING] [stderr] 		at org.weakref.nitro.operator.Output.borrow(Output.java:215)
[WARNING] [stderr] 		at org.weakref.nitro.operator.Output.borrowOrNull(Output.java:261)
[WARNING] [stderr] 		at org.weakref.nitro.operator.ProjectOperator.resolveEvaluatorInput(ProjectOperator.java:238)
[WARNING] [stderr] 		at org.weakref.nitro.operator.evaluator.PlanEvaluator.evaluateInput(PlanEvaluator.java:300)
[WARNING] [stderr] 		at org.weakref.nitro.operator.evaluator.PlanEvaluator.evaluateUnmemoized(PlanEvaluator.java:290)
[WARNING] [stderr] 		at org.weakref.nitro.operator.evaluator.PlanEvaluator.evaluate(PlanEvaluator.java:205)
[WARNING] [stderr] 		at org.weakref.nitro.operator.evaluator.PlanEvaluator.evaluateArgument(PlanEvaluator.java:682)
[WARNING] [stderr] 		at org.weakref.nitro.operator.evaluator.PlanEvaluator.evaluateCall(PlanEvaluator.java:354)
[WARNING] [stderr] 		at org.weakref.nitro.operator.evaluator.PlanEvaluator.evaluateVariable(PlanEvaluator.java:316)
[WARNING] [stderr] 		at org.weakref.nitro.operator.evaluator.PlanEvaluator.evaluateUnmemoized(PlanEvaluator.java:291)
[WARNING] [stderr] 		at org.weakref.nitro.operator.evaluator.PlanEvaluator.evaluate(PlanEvaluator.java:205)
[WARNING] [stderr] 		at org.weakref.nitro.operator.ProjectOperator.evaluateBundle(ProjectOperator.java:262)
[WARNING] [stderr] 		at org.weakref.nitro.operator.ProjectOperator.lambda$evaluateOutput$0(ProjectOperator.java:213)
[WARNING] [stderr] 		at java.base/java.util.HashMap.computeIfAbsent(HashMap.java:1229)
[WARNING] [stderr] 		at org.weakref.nitro.operator.ProjectOperator.evaluateOutput(ProjectOperator.java:213)
[WARNING] [stderr] 		at org.weakref.nitro.operator.ProjectOperator.lambda$next$4(ProjectOperator.java:131)
[WARNING] [stderr] 		at org.weakref.nitro.operator.Output.borrow(Output.java:215)
[WARNING] [stderr] 		at org.weakref.nitro.tpch.BenchmarkQueries.consume(BenchmarkQueries.java:202)
[WARNING] [stderr] 		at org.weakref.nitro.tpch.BenchmarkQueries.query17(BenchmarkQueries.java:162)
[WARNING] [stderr] 		at org.weakref.nitro.tpch.jmh_generated.BenchmarkQueries_query17_jmhTest.query17_avgt_jmhStub(BenchmarkQueries_query17_jmhTest.java:199)
[WARNING] [stderr] 		at org.weakref.nitro.tpch.jmh_generated.BenchmarkQueries_query17_jmhTest.query17_AverageTime(BenchmarkQueries_query17_jmhTest.java:159)
[WARNING] [stderr] 		at java.base/jdk.internal.reflect.DirectMethodHandleAccessor.invoke(DirectMethodHandleAccessor.java:104)
[WARNING] [stderr] 		at java.base/java.lang.reflect.Method.invoke(Method.java:565)
[WARNING] [stderr] 		at org.openjdk.jmh.runner.BenchmarkHandler$BenchmarkTask.call(BenchmarkHandler.java:527)
[WARNING] [stderr] 		at org.openjdk.jmh.runner.BenchmarkHandler$BenchmarkTask.call(BenchmarkHandler.java:504)
[WARNING] [stderr] 		at java.base/java.util.concurrent.FutureTask.run(FutureTask.java:330)
[WARNING] [stderr] 		at java.base/java.util.concurrent.Executors$RunnableAdapter.call(Executors.java:545)
[WARNING] [stderr] 		at java.base/java.util.concurrent.FutureTask.run(FutureTask.java:330)
[WARNING] [stderr] 		at java.base/java.util.concurrent.ThreadPoolExecutor.runWorker(ThreadPoolExecutor.java:1090)
[WARNING] [stderr] 		at java.base/java.util.concurrent.ThreadPoolExecutor$Worker.run(ThreadPoolExecutor.java:614)
[WARNING] [stderr] 		at java.base/java.lang.Thread.run(Thread.java:1516)
[ERROR] Command execution failed.
org.apache.commons.exec.ExecuteException: Process exited with an error: 1 (Exit value: 1)
    at org.apache.commons.exec.DefaultExecutor.executeInternal (DefaultExecutor.java:394)
    at org.apache.commons.exec.DefaultExecutor.execute (DefaultExecutor.java:292)
    at org.codehaus.mojo.exec.ExecMojo.executeCommandLine (ExecMojo.java:913)
    at org.codehaus.mojo.exec.ExecMojo.executeCommandLine (ExecMojo.java:873)
    at org.codehaus.mojo.exec.ExecMojo.execute (ExecMojo.java:464)
    at org.apache.maven.plugin.DefaultBuildPluginManager.executeMojo (DefaultBuildPluginManager.java:126)
    at org.apache.maven.lifecycle.internal.MojoExecutor.doExecute2 (MojoExecutor.java:328)
    at org.apache.maven.lifecycle.internal.MojoExecutor.doExecute (MojoExecutor.java:316)
    at org.apache.maven.lifecycle.internal.MojoExecutor.execute (MojoExecutor.java:212)
    at org.apache.maven.lifecycle.internal.MojoExecutor.execute (MojoExecutor.java:174)
    at org.apache.maven.lifecycle.internal.MojoExecutor.access$000 (MojoExecutor.java:75)
    at org.apache.maven.lifecycle.internal.MojoExecutor$1.run (MojoExecutor.java:162)
    at org.apache.maven.plugin.DefaultMojosExecutionStrategy.execute (DefaultMojosExecutionStrategy.java:39)
    at org.apache.maven.lifecycle.internal.MojoExecutor.execute (MojoExecutor.java:159)
    at org.apache.maven.lifecycle.internal.LifecycleModuleBuilder.buildProject (LifecycleModuleBuilder.java:105)
    at io.takari.maven.builder.smart.SmartBuilderImpl.buildProject (SmartBuilderImpl.java:206)
    at io.takari.maven.builder.smart.SmartBuilderImpl$ProjectBuildTask.run (SmartBuilderImpl.java:71)
    at java.util.concurrent.Executors$RunnableAdapter.call (Executors.java:545)
    at java.util.concurrent.FutureTask.run (FutureTask.java:330)
    at java.util.concurrent.ThreadPoolExecutor.runWorker (ThreadPoolExecutor.java:1090)
    at java.util.concurrent.ThreadPoolExecutor$Worker.run (ThreadPoolExecutor.java:614)
    at java.lang.Thread.run (Thread.java:1516)
[INFO] ------------------------------------------------------------------------
[INFO] BUILD FAILURE
[INFO] ------------------------------------------------------------------------
[INFO] Total time:  3.006 s (Wall Clock)
[INFO] Finished at: 2026-07-18T02:10:35Z
[INFO] ------------------------------------------------------------------------
[INFO] Njord session closed
[ERROR] Failed to execute goal org.codehaus.mojo:exec-maven-plugin:3.6.1:exec (benchmark) on project nitro: Command execution failed. Process exited with an error: 1 (Exit value: 1) -> [Help 1]
[ERROR] 
[ERROR] To see the full stack trace of the errors, re-run Maven with the -e switch.
[ERROR] Re-run Maven using the -X switch to enable full debug logging.
[ERROR] 
[ERROR] For more information about the errors and possible solutions, please read the following articles:
[ERROR] [Help 1] http://cwiki.apache.org/confluence/display/MAVEN/MojoExecutionException
