Jul 18, 2026 3:38:08 PM org.jline.utils.Log logr
WARNING: Unable to create a system terminal, creating a dumb terminal (enable debug logging for more information)
[main] WARNING org.jline - Unable to create a system terminal, creating a dumb terminal (enable debug logging for more information)
[INFO] Processing build on daemon e20effc9
[INFO] Scanning for projects...
[INFO] Njord 0.9.4 session created
[INFO] BuildTimeEventSpy is registered.
[INFO] 
[INFO] Using the SmartBuilder implementation with a thread count of 7
[INFO] 
[INFO] -------------------------< org.weakref:nitro >--------------------------
[INFO] Building nitro 1-SNAPSHOT
[INFO]   from pom.xml
[INFO] --------------------------------[ jar ]---------------------------------
[WARNING] 2 problems were encountered while building the effective model for org.apache.yetus:audience-annotations:jar:0.5.0 during dependency collection step for project (use -X to see details)
[INFO] 
[INFO] --- exec:3.6.1:exec (benchmark) @ nitro ---
[WARNING] [stderr] WARNING: Using incubator modules: jdk.incubator.vector
[WARNING] [stderr] WARNING: A terminally deprecated method in sun.misc.Unsafe has been called
[WARNING] [stderr] WARNING: sun.misc.Unsafe::objectFieldOffset has been called by org.openjdk.jmh.util.Utils (file:/root/.m2/repository/org/openjdk/jmh/jmh-core/1.37/jmh-core-1.37.jar)
[WARNING] [stderr] WARNING: Please consider reporting this to the maintainers of class org.openjdk.jmh.util.Utils
[WARNING] [stderr] WARNING: sun.misc.Unsafe::objectFieldOffset will be removed in a future release
[INFO] [stdout] # JMH version: 1.37
[INFO] [stdout] # VM version: JDK 26.0.1, OpenJDK 64-Bit Server VM, 26.0.1+8
[INFO] [stdout] # VM invoker: /opt/java/openjdk/bin/java
[INFO] [stdout] # VM options: --enable-preview --add-modules=jdk.incubator.vector -Dnitro.clickbench.hits.path= -Xmx12g -XX:+UseTransparentHugePages -Dnitro.tpcds.parquet.path=/root/data/tpcds-parquet-sf10 -Dnitro.tpcds.parquet.schema=sf10 -Dnitro.parquet.reuseVersionedDictionaryPredicates=false
[INFO] [stdout] # Blackhole mode: compiler (auto-detected, use -Djmh.blackhole.autoDetect=false to disable)
[INFO] [stdout] # Warmup: 1 iterations, 1 s each
[INFO] [stdout] # Measurement: 2 iterations, 1 s each
[INFO] [stdout] # Timeout: 30 min per iteration
[INFO] [stdout] # Threads: 1 thread, will synchronize iterations
[INFO] [stdout] # Benchmark mode: Average time, time/op
[INFO] [stdout] # Benchmark: org.weakref.nitro.tpcds.BenchmarkQueries.query16
[INFO] [stdout] 
[INFO] [stdout] # Run progress: 0.00% complete, ETA 00:00:09
[INFO] [stdout] # Fork: 1 of 1
[INFO] [stdout] # Preparing profilers: LinuxPerfNormProfiler 
[INFO] [stdout] # Profilers consume stderr from target VM, use -v EXTRA to copy to console
[INFO] [stdout] # Warmup Iteration   1: 6536.329 ms/op
[INFO] [stdout] Iteration   1: 6283.705 ms/op
[INFO] [stdout]                  gc.alloc.rate:      325.009 MB/sec
[INFO] [stdout]                  gc.alloc.rate.norm: 2141513464.000 B/op
[INFO] [stdout]                  gc.count:           5.000 counts
[INFO] [stdout]                  gc.time:            260.000 ms
[INFO] [stdout] 
[INFO] [stdout] Iteration   2: 6120.503 ms/op
[INFO] [stdout]                  gc.alloc.rate:      333.684 MB/sec
[INFO] [stdout]                  gc.alloc.rate.norm: 2141568568.000 B/op
[INFO] [stdout]                  gc.count:           5.000 counts
[INFO] [stdout]                  gc.time:            175.000 ms
[INFO] [stdout] 
[INFO] [stdout] # Processing profiler results: LinuxPerfNormProfiler 
[INFO] [stdout] 
[INFO] [stdout] 
[INFO] [stdout] Result "org.weakref.nitro.tpcds.BenchmarkQueries.query16":
[INFO] [stdout]   6202.104 ms/op
[INFO] [stdout] 
[INFO] [stdout] Secondary result "org.weakref.nitro.tpcds.BenchmarkQueries.query16:CPI":
[INFO] [stdout]   0.242 clks/insn
[INFO] [stdout] 
[INFO] [stdout] Secondary result "org.weakref.nitro.tpcds.BenchmarkQueries.query16:IPC":
[INFO] [stdout]   4.140 insns/clk
[INFO] [stdout] 
[INFO] [stdout] Secondary result "org.weakref.nitro.tpcds.BenchmarkQueries.query16:L1-dcache-load-misses":
[INFO] [stdout]   978774179.463 #/op
[INFO] [stdout] 
[INFO] [stdout] Secondary result "org.weakref.nitro.tpcds.BenchmarkQueries.query16:L1-dcache-loads":
[INFO] [stdout]   75364130087.309 #/op
[INFO] [stdout] 
[INFO] [stdout] Secondary result "org.weakref.nitro.tpcds.BenchmarkQueries.query16:L1-icache-load-misses":
[INFO] [stdout]   37918526.901 #/op
[INFO] [stdout] 
[INFO] [stdout] Secondary result "org.weakref.nitro.tpcds.BenchmarkQueries.query16:L1-icache-loads":
[INFO] [stdout]   505223593.042 #/op
[INFO] [stdout] 
[INFO] [stdout] Secondary result "org.weakref.nitro.tpcds.BenchmarkQueries.query16:branch-misses":
[INFO] [stdout]   146169810.279 #/op
[INFO] [stdout] 
[INFO] [stdout] Secondary result "org.weakref.nitro.tpcds.BenchmarkQueries.query16:branches":
[INFO] [stdout]   35881652965.671 #/op
[INFO] [stdout] 
[INFO] [stdout] Secondary result "org.weakref.nitro.tpcds.BenchmarkQueries.query16:cycles":
[INFO] [stdout]   42694211989.226 #/op
[INFO] [stdout] 
[INFO] [stdout] Secondary result "org.weakref.nitro.tpcds.BenchmarkQueries.query16:dTLB-load-misses":
[INFO] [stdout]   2677027.553 #/op
[INFO] [stdout] 
[INFO] [stdout] Secondary result "org.weakref.nitro.tpcds.BenchmarkQueries.query16:dTLB-loads":
[INFO] [stdout]   31370696.105 #/op
[INFO] [stdout] 
[INFO] [stdout] Secondary result "org.weakref.nitro.tpcds.BenchmarkQueries.query16:gc.alloc.rate":
[INFO] [stdout]   329.347 MB/sec
[INFO] [stdout] 
[INFO] [stdout] Secondary result "org.weakref.nitro.tpcds.BenchmarkQueries.query16:gc.alloc.rate.norm":
[INFO] [stdout]   2141541016.000 B/op
[INFO] [stdout] 
[INFO] [stdout] Secondary result "org.weakref.nitro.tpcds.BenchmarkQueries.query16:gc.count":
[INFO] [stdout]   5.000 counts
[INFO] [stdout] 
[INFO] [stdout] Secondary result "org.weakref.nitro.tpcds.BenchmarkQueries.query16:gc.time":
[INFO] [stdout]   217.500 ms
[INFO] [stdout] 
[INFO] [stdout] Secondary result "org.weakref.nitro.tpcds.BenchmarkQueries.query16:iTLB-load-misses":
[INFO] [stdout]   167727.032 #/op
[INFO] [stdout] 
[INFO] [stdout] Secondary result "org.weakref.nitro.tpcds.BenchmarkQueries.query16:iTLB-loads":
[INFO] [stdout]   17303432.851 #/op
[INFO] [stdout] 
[INFO] [stdout] Secondary result "org.weakref.nitro.tpcds.BenchmarkQueries.query16:instructions":
[INFO] [stdout]   176737581573.746 #/op
[INFO] [stdout] 
[INFO] [stdout] Secondary result "org.weakref.nitro.tpcds.BenchmarkQueries.query16:stalled-cycles-frontend":
[INFO] [stdout]   3687368496.771 #/op
[INFO] [stdout] 
[INFO] [stdout] 
[INFO] [stdout] # JMH version: 1.37
[INFO] [stdout] # VM version: JDK 26.0.1, OpenJDK 64-Bit Server VM, 26.0.1+8
[INFO] [stdout] # VM invoker: /opt/java/openjdk/bin/java
[INFO] [stdout] # VM options: --enable-preview --add-modules=jdk.incubator.vector -Dnitro.clickbench.hits.path= -Xmx12g -XX:+UseTransparentHugePages -Dnitro.tpcds.parquet.path=/root/data/tpcds-parquet-sf10 -Dnitro.tpcds.parquet.schema=sf10 -Dnitro.parquet.reuseVersionedDictionaryPredicates=false
[INFO] [stdout] # Blackhole mode: compiler (auto-detected, use -Djmh.blackhole.autoDetect=false to disable)
[INFO] [stdout] # Warmup: 1 iterations, 1 s each
[INFO] [stdout] # Measurement: 2 iterations, 1 s each
[INFO] [stdout] # Timeout: 30 min per iteration
[INFO] [stdout] # Threads: 1 thread, will synchronize iterations
[INFO] [stdout] # Benchmark mode: Average time, time/op
[INFO] [stdout] # Benchmark: org.weakref.nitro.tpcds.BenchmarkQueries.query26
[INFO] [stdout] 
[INFO] [stdout] # Run progress: 33.33% complete, ETA 00:00:38
[INFO] [stdout] # Fork: 1 of 1
[INFO] [stdout] # Preparing profilers: LinuxPerfNormProfiler 
[INFO] [stdout] # Profilers consume stderr from target VM, use -v EXTRA to copy to console
[INFO] [stdout] # Warmup Iteration   1: 384.252 ms/op
[INFO] [stdout] Iteration   1: 182.100 ms/op
[INFO] [stdout]                  gc.alloc.rate:      226.817 MB/sec
[INFO] [stdout]                  gc.alloc.rate.norm: 43315604.000 B/op
[INFO] [stdout]                  gc.count:           2.000 counts
[INFO] [stdout]                  gc.time:            3.000 ms
[INFO] [stdout] 
[INFO] [stdout] Iteration   2: 173.992 ms/op
[INFO] [stdout]                  gc.alloc.rate:      231.117 MB/sec
[INFO] [stdout]                  gc.alloc.rate.norm: 42171525.333 B/op
[INFO] [stdout]                  gc.count:           1.000 counts
[INFO] [stdout]                  gc.time:            1.000 ms
[INFO] [stdout] 
[INFO] [stdout] # Processing profiler results: LinuxPerfNormProfiler 
[INFO] [stdout] 
[INFO] [stdout] 
[INFO] [stdout] Result "org.weakref.nitro.tpcds.BenchmarkQueries.query26":
[INFO] [stdout]   178.046 ms/op
[INFO] [stdout] 
[INFO] [stdout] Secondary result "org.weakref.nitro.tpcds.BenchmarkQueries.query26:CPI":
[INFO] [stdout]   0.370 clks/insn
[INFO] [stdout] 
[INFO] [stdout] Secondary result "org.weakref.nitro.tpcds.BenchmarkQueries.query26:IPC":
[INFO] [stdout]   2.702 insns/clk
[INFO] [stdout] 
[INFO] [stdout] Secondary result "org.weakref.nitro.tpcds.BenchmarkQueries.query26:L1-dcache-load-misses":
[INFO] [stdout]   63851092.575 #/op
[INFO] [stdout] 
[INFO] [stdout] Secondary result "org.weakref.nitro.tpcds.BenchmarkQueries.query26:L1-dcache-loads":
[INFO] [stdout]   2478639363.490 #/op
[INFO] [stdout] 
[INFO] [stdout] Secondary result "org.weakref.nitro.tpcds.BenchmarkQueries.query26:L1-icache-load-misses":
[INFO] [stdout]   5836451.736 #/op
[INFO] [stdout] 
[INFO] [stdout] Secondary result "org.weakref.nitro.tpcds.BenchmarkQueries.query26:L1-icache-loads":
[INFO] [stdout]   63008696.284 #/op
[INFO] [stdout] 
[INFO] [stdout] Secondary result "org.weakref.nitro.tpcds.BenchmarkQueries.query26:branch-misses":
[INFO] [stdout]   15669066.184 #/op
[INFO] [stdout] 
[INFO] [stdout] Secondary result "org.weakref.nitro.tpcds.BenchmarkQueries.query26:branches":
[INFO] [stdout]   1124345877.710 #/op
[INFO] [stdout] 
[INFO] [stdout] Secondary result "org.weakref.nitro.tpcds.BenchmarkQueries.query26:cycles":
[INFO] [stdout]   1962042388.061 #/op
[INFO] [stdout] 
[INFO] [stdout] Secondary result "org.weakref.nitro.tpcds.BenchmarkQueries.query26:dTLB-load-misses":
[INFO] [stdout]   209560.579 #/op
[INFO] [stdout] 
[INFO] [stdout] Secondary result "org.weakref.nitro.tpcds.BenchmarkQueries.query26:dTLB-loads":
[INFO] [stdout]   6955942.758 #/op
[INFO] [stdout] 
[INFO] [stdout] Secondary result "org.weakref.nitro.tpcds.BenchmarkQueries.query26:gc.alloc.rate":
[INFO] [stdout]   228.967 MB/sec
[INFO] [stdout] 
[INFO] [stdout] Secondary result "org.weakref.nitro.tpcds.BenchmarkQueries.query26:gc.alloc.rate.norm":
[INFO] [stdout]   42743564.667 B/op
[INFO] [stdout] 
[INFO] [stdout] Secondary result "org.weakref.nitro.tpcds.BenchmarkQueries.query26:gc.count":
[INFO] [stdout]   1.500 counts
[INFO] [stdout] 
[INFO] [stdout] Secondary result "org.weakref.nitro.tpcds.BenchmarkQueries.query26:gc.time":
[INFO] [stdout]   2.000 ms
[INFO] [stdout] 
[INFO] [stdout] Secondary result "org.weakref.nitro.tpcds.BenchmarkQueries.query26:iTLB-load-misses":
[INFO] [stdout]   34926.186 #/op
[INFO] [stdout] 
[INFO] [stdout] Secondary result "org.weakref.nitro.tpcds.BenchmarkQueries.query26:iTLB-loads":
[INFO] [stdout]   4373491.972 #/op
[INFO] [stdout] 
[INFO] [stdout] Secondary result "org.weakref.nitro.tpcds.BenchmarkQueries.query26:instructions":
[INFO] [stdout]   5300807956.360 #/op
[INFO] [stdout] 
[INFO] [stdout] Secondary result "org.weakref.nitro.tpcds.BenchmarkQueries.query26:stalled-cycles-frontend":
[INFO] [stdout]   594804325.667 #/op
[INFO] [stdout] 
[INFO] [stdout] 
[INFO] [stdout] # JMH version: 1.37
[INFO] [stdout] # VM version: JDK 26.0.1, OpenJDK 64-Bit Server VM, 26.0.1+8
[INFO] [stdout] # VM invoker: /opt/java/openjdk/bin/java
[INFO] [stdout] # VM options: --enable-preview --add-modules=jdk.incubator.vector -Dnitro.clickbench.hits.path= -Xmx12g -XX:+UseTransparentHugePages -Dnitro.tpcds.parquet.path=/root/data/tpcds-parquet-sf10 -Dnitro.tpcds.parquet.schema=sf10 -Dnitro.parquet.reuseVersionedDictionaryPredicates=false
[INFO] [stdout] # Blackhole mode: compiler (auto-detected, use -Djmh.blackhole.autoDetect=false to disable)
[INFO] [stdout] # Warmup: 1 iterations, 1 s each
[INFO] [stdout] # Measurement: 2 iterations, 1 s each
[INFO] [stdout] # Timeout: 30 min per iteration
[INFO] [stdout] # Threads: 1 thread, will synchronize iterations
[INFO] [stdout] # Benchmark mode: Average time, time/op
[INFO] [stdout] # Benchmark: org.weakref.nitro.tpcds.BenchmarkQueries.query75
[INFO] [stdout] 
[INFO] [stdout] # Run progress: 66.67% complete, ETA 00:00:11
[INFO] [stdout] # Fork: 1 of 1
[INFO] [stdout] # Preparing profilers: LinuxPerfNormProfiler 
[INFO] [stdout] # Profilers consume stderr from target VM, use -v EXTRA to copy to console
[INFO] [stdout] # Warmup Iteration   1: 2936.258 ms/op
[INFO] [stdout] Iteration   1: 2036.991 ms/op
[INFO] [stdout]                  gc.alloc.rate:      421.781 MB/sec
[INFO] [stdout]                  gc.alloc.rate.norm: 900971736.000 B/op
[INFO] [stdout]                  gc.count:           7.000 counts
[INFO] [stdout]                  gc.time:            25.000 ms
[INFO] [stdout] 
[INFO] [stdout] Iteration   2: 1997.348 ms/op
[INFO] [stdout]                  gc.alloc.rate:      426.365 MB/sec
[INFO] [stdout]                  gc.alloc.rate.norm: 893026784.000 B/op
[INFO] [stdout]                  gc.count:           4.000 counts
[INFO] [stdout]                  gc.time:            13.000 ms
[INFO] [stdout] 
[INFO] [stdout] # Processing profiler results: LinuxPerfNormProfiler 
[INFO] [stdout] 
[INFO] [stdout] 
[INFO] [stdout] Result "org.weakref.nitro.tpcds.BenchmarkQueries.query75":
[INFO] [stdout]   2017.170 ms/op
[INFO] [stdout] 
[INFO] [stdout] Secondary result "org.weakref.nitro.tpcds.BenchmarkQueries.query75:CPI":
[INFO] [stdout]   0.322 clks/insn
[INFO] [stdout] 
[INFO] [stdout] Secondary result "org.weakref.nitro.tpcds.BenchmarkQueries.query75:IPC":
[INFO] [stdout]   3.108 insns/clk
[INFO] [stdout] 
[INFO] [stdout] Secondary result "org.weakref.nitro.tpcds.BenchmarkQueries.query75:L1-dcache-load-misses":
[INFO] [stdout]   506039529.036 #/op
[INFO] [stdout] 
[INFO] [stdout] Secondary result "org.weakref.nitro.tpcds.BenchmarkQueries.query75:L1-dcache-loads":
[INFO] [stdout]   21032730153.692 #/op
[INFO] [stdout] 
[INFO] [stdout] Secondary result "org.weakref.nitro.tpcds.BenchmarkQueries.query75:L1-icache-load-misses":
[INFO] [stdout]   18701917.538 #/op
[INFO] [stdout] 
[INFO] [stdout] Secondary result "org.weakref.nitro.tpcds.BenchmarkQueries.query75:L1-icache-loads":
[INFO] [stdout]   218117329.379 #/op
[INFO] [stdout] 
[INFO] [stdout] Secondary result "org.weakref.nitro.tpcds.BenchmarkQueries.query75:branch-misses":
[INFO] [stdout]   93637264.071 #/op
[INFO] [stdout] 
[INFO] [stdout] Secondary result "org.weakref.nitro.tpcds.BenchmarkQueries.query75:branches":
[INFO] [stdout]   8023046006.132 #/op
[INFO] [stdout] 
[INFO] [stdout] Secondary result "org.weakref.nitro.tpcds.BenchmarkQueries.query75:cycles":
[INFO] [stdout]   13650556310.508 #/op
[INFO] [stdout] 
[INFO] [stdout] Secondary result "org.weakref.nitro.tpcds.BenchmarkQueries.query75:dTLB-load-misses":
[INFO] [stdout]   699711.172 #/op
[INFO] [stdout] 
[INFO] [stdout] Secondary result "org.weakref.nitro.tpcds.BenchmarkQueries.query75:dTLB-loads":
[INFO] [stdout]   15224827.638 #/op
[INFO] [stdout] 
[INFO] [stdout] Secondary result "org.weakref.nitro.tpcds.BenchmarkQueries.query75:gc.alloc.rate":
[INFO] [stdout]   424.073 MB/sec
[INFO] [stdout] 
[INFO] [stdout] Secondary result "org.weakref.nitro.tpcds.BenchmarkQueries.query75:gc.alloc.rate.norm":
[INFO] [stdout]   896999260.000 B/op
[INFO] [stdout] 
[INFO] [stdout] Secondary result "org.weakref.nitro.tpcds.BenchmarkQueries.query75:gc.count":
[INFO] [stdout]   5.500 counts
[INFO] [stdout] 
[INFO] [stdout] Secondary result "org.weakref.nitro.tpcds.BenchmarkQueries.query75:gc.time":
[INFO] [stdout]   19.000 ms
[INFO] [stdout] 
[INFO] [stdout] Secondary result "org.weakref.nitro.tpcds.BenchmarkQueries.query75:iTLB-load-misses":
[INFO] [stdout]   158114.859 #/op
[INFO] [stdout] 
[INFO] [stdout] Secondary result "org.weakref.nitro.tpcds.BenchmarkQueries.query75:iTLB-loads":
[INFO] [stdout]   11030853.586 #/op
[INFO] [stdout] 
[INFO] [stdout] Secondary result "org.weakref.nitro.tpcds.BenchmarkQueries.query75:instructions":
[INFO] [stdout]   42426723898.156 #/op
[INFO] [stdout] 
[INFO] [stdout] Secondary result "org.weakref.nitro.tpcds.BenchmarkQueries.query75:stalled-cycles-frontend":
[INFO] [stdout]   2421888138.346 #/op
[INFO] [stdout] 
[INFO] [stdout] 
[INFO] [stdout] # Run complete. Total time: 00:00:30
[INFO] [stdout] 
[INFO] [stdout] REMEMBER: The numbers below are just data. To gain reusable insights, you need to follow up on
[INFO] [stdout] why the numbers are the way they are. Use profilers (see -prof, -lprof), design factorial
[INFO] [stdout] experiments, perform baseline and negative tests that provide experimental control, make sure
[INFO] [stdout] the benchmarking environment is safe on JVM/OS/HW level, ask for reviews from the domain experts.
[INFO] [stdout] Do not assume the numbers tell you what you want them to tell.
[INFO] [stdout] 
[INFO] [stdout] NOTE: Current JVM experimentally supports Compiler Blackholes, and they are in use. Please exercise
[INFO] [stdout] extra caution when trusting the results, look into the generated code to check the benchmark still
[INFO] [stdout] works, and factor in a small probability of new VM bugs. Additionally, while comparisons between
[INFO] [stdout] different JVMs are already problematic, the performance difference caused by different Blackhole
[INFO] [stdout] modes can be very significant. Please make sure you use the consistent Blackhole mode for comparisons.
[INFO] [stdout] 
[INFO] [stdout] Benchmark                                         Mode  Cnt             Score   Error      Units
[INFO] [stdout] BenchmarkQueries.query16                          avgt    2          6202.104              ms/op
[INFO] [stdout] BenchmarkQueries.query16:CPI                      avgt                  0.242          clks/insn
[INFO] [stdout] BenchmarkQueries.query16:IPC                      avgt                  4.140          insns/clk
[INFO] [stdout] BenchmarkQueries.query16:L1-dcache-load-misses    avgt          978774179.463               #/op
[INFO] [stdout] BenchmarkQueries.query16:L1-dcache-loads          avgt        75364130087.309               #/op
[INFO] [stdout] BenchmarkQueries.query16:L1-icache-load-misses    avgt           37918526.901               #/op
[INFO] [stdout] BenchmarkQueries.query16:L1-icache-loads          avgt          505223593.042               #/op
[INFO] [stdout] BenchmarkQueries.query16:branch-misses            avgt          146169810.279               #/op
[INFO] [stdout] BenchmarkQueries.query16:branches                 avgt        35881652965.671               #/op
[INFO] [stdout] BenchmarkQueries.query16:cycles                   avgt        42694211989.226               #/op
[INFO] [stdout] BenchmarkQueries.query16:dTLB-load-misses         avgt            2677027.553               #/op
[INFO] [stdout] BenchmarkQueries.query16:dTLB-loads               avgt           31370696.105               #/op
[INFO] [stdout] BenchmarkQueries.query16:gc.alloc.rate            avgt    2           329.347             MB/sec
[INFO] [stdout] BenchmarkQueries.query16:gc.alloc.rate.norm       avgt    2    2141541016.000               B/op
[INFO] [stdout] BenchmarkQueries.query16:gc.count                 avgt    2            10.000             counts
[INFO] [stdout] BenchmarkQueries.query16:gc.time                  avgt    2           435.000                 ms
[INFO] [stdout] BenchmarkQueries.query16:iTLB-load-misses         avgt             167727.032               #/op
[INFO] [stdout] BenchmarkQueries.query16:iTLB-loads               avgt           17303432.851               #/op
[INFO] [stdout] BenchmarkQueries.query16:instructions             avgt       176737581573.746               #/op
[INFO] [stdout] BenchmarkQueries.query16:stalled-cycles-frontend  avgt         3687368496.771               #/op
[INFO] [stdout] BenchmarkQueries.query26                          avgt    2           178.046              ms/op
[INFO] [stdout] BenchmarkQueries.query26:CPI                      avgt                  0.370          clks/insn
[INFO] [stdout] BenchmarkQueries.query26:IPC                      avgt                  2.702          insns/clk
[INFO] [stdout] BenchmarkQueries.query26:L1-dcache-load-misses    avgt           63851092.575               #/op
[INFO] [stdout] BenchmarkQueries.query26:L1-dcache-loads          avgt         2478639363.490               #/op
[INFO] [stdout] BenchmarkQueries.query26:L1-icache-load-misses    avgt            5836451.736               #/op
[INFO] [stdout] BenchmarkQueries.query26:L1-icache-loads          avgt           63008696.284               #/op
[INFO] [stdout] BenchmarkQueries.query26:branch-misses            avgt           15669066.184               #/op
[INFO] [stdout] BenchmarkQueries.query26:branches                 avgt         1124345877.710               #/op
[INFO] [stdout] BenchmarkQueries.query26:cycles                   avgt         1962042388.061               #/op
[INFO] [stdout] BenchmarkQueries.query26:dTLB-load-misses         avgt             209560.579               #/op
[INFO] [stdout] BenchmarkQueries.query26:dTLB-loads               avgt            6955942.758               #/op
[INFO] [stdout] BenchmarkQueries.query26:gc.alloc.rate            avgt    2           228.967             MB/sec
[INFO] [stdout] BenchmarkQueries.query26:gc.alloc.rate.norm       avgt    2      42743564.667               B/op
[INFO] [stdout] BenchmarkQueries.query26:gc.count                 avgt    2             3.000             counts
[INFO] [stdout] BenchmarkQueries.query26:gc.time                  avgt    2             4.000                 ms
[INFO] [stdout] BenchmarkQueries.query26:iTLB-load-misses         avgt              34926.186               #/op
[INFO] [stdout] BenchmarkQueries.query26:iTLB-loads               avgt            4373491.972               #/op
[INFO] [stdout] BenchmarkQueries.query26:instructions             avgt         5300807956.360               #/op
[INFO] [stdout] BenchmarkQueries.query26:stalled-cycles-frontend  avgt          594804325.667               #/op
[INFO] [stdout] BenchmarkQueries.query75                          avgt    2          2017.170              ms/op
[INFO] [stdout] BenchmarkQueries.query75:CPI                      avgt                  0.322          clks/insn
[INFO] [stdout] BenchmarkQueries.query75:IPC                      avgt                  3.108          insns/clk
[INFO] [stdout] BenchmarkQueries.query75:L1-dcache-load-misses    avgt          506039529.036               #/op
[INFO] [stdout] BenchmarkQueries.query75:L1-dcache-loads          avgt        21032730153.692               #/op
[INFO] [stdout] BenchmarkQueries.query75:L1-icache-load-misses    avgt           18701917.538               #/op
[INFO] [stdout] BenchmarkQueries.query75:L1-icache-loads          avgt          218117329.379               #/op
[INFO] [stdout] BenchmarkQueries.query75:branch-misses            avgt           93637264.071               #/op
[INFO] [stdout] BenchmarkQueries.query75:branches                 avgt         8023046006.132               #/op
[INFO] [stdout] BenchmarkQueries.query75:cycles                   avgt        13650556310.508               #/op
[INFO] [stdout] BenchmarkQueries.query75:dTLB-load-misses         avgt             699711.172               #/op
[INFO] [stdout] BenchmarkQueries.query75:dTLB-loads               avgt           15224827.638               #/op
[INFO] [stdout] BenchmarkQueries.query75:gc.alloc.rate            avgt    2           424.073             MB/sec
[INFO] [stdout] BenchmarkQueries.query75:gc.alloc.rate.norm       avgt    2     896999260.000               B/op
[INFO] [stdout] BenchmarkQueries.query75:gc.count                 avgt    2            11.000             counts
[INFO] [stdout] BenchmarkQueries.query75:gc.time                  avgt    2            38.000                 ms
[INFO] [stdout] BenchmarkQueries.query75:iTLB-load-misses         avgt             158114.859               #/op
[INFO] [stdout] BenchmarkQueries.query75:iTLB-loads               avgt           11030853.586               #/op
[INFO] [stdout] BenchmarkQueries.query75:instructions             avgt        42426723898.156               #/op
[INFO] [stdout] BenchmarkQueries.query75:stalled-cycles-frontend  avgt         2421888138.346               #/op
[INFO] [stdout] 
[INFO] [stdout] Benchmark result is saved to benchmarks/sweeps/20260718-targeted/nitro-tpcds-versioned-predicate-push-gate-off-a.json
[INFO] ------------------------------------------------------------------------
[INFO] BUILD SUCCESS
[INFO] ------------------------------------------------------------------------
[INFO] Total time:  31.128 s (Wall Clock)
[INFO] Finished at: 2026-07-18T15:38:39Z
[INFO] ------------------------------------------------------------------------
[INFO] Njord session closed
