|  Welcome to JShell -- Version 26.0.1
|  For an introduction type: /help intro

jshell> 
jshell> Jul 18, 2026 4:29:11 AM io.airlift.log.Logger info
INFO: Registering connector tpcds
Output[columnNames = [i_item_id, agg1, agg2, agg3, agg4]]
│   Layout: [i_item_id:char(16), avg:double, avg_0:decimal(7,2), avg_1:decimal(7,2), avg_2:decimal(7,2)]
│   Estimates: {rows: 100 (8.89kB), cpu: 0, memory: 0B, network: 0B}
│   agg1 := avg
│   agg2 := avg_0
│   agg3 := avg_1
│   agg4 := avg_2
└─ TopN[count = 100, orderBy = [i_item_id ASC NULLS LAST]]
   │   Layout: [i_item_id:char(16), avg:double, avg_0:decimal(7,2), avg_1:decimal(7,2), avg_2:decimal(7,2)]
   │   Estimates: {rows: 100 (8.89kB), cpu: ?, memory: ?, network: ?}
   └─ LocalExchange[partitioning = SINGLE]
      │   Layout: [i_item_id:char(16), avg:double, avg_0:decimal(7,2), avg_1:decimal(7,2), avg_2:decimal(7,2)]
      │   Estimates: {rows: ? (?), cpu: 0, memory: 0B, network: 0B}
      └─ TopNPartial[count = 100, orderBy = [i_item_id ASC NULLS LAST]]
         │   Layout: [i_item_id:char(16), avg:double, avg_0:decimal(7,2), avg_1:decimal(7,2), avg_2:decimal(7,2)]
         └─ Aggregate[type = FINAL, keys = [i_item_id]]
            │   Layout: [i_item_id:char(16), avg:double, avg_0:decimal(7,2), avg_1:decimal(7,2), avg_2:decimal(7,2)]
            │   Estimates: {rows: ? (?), cpu: ?, memory: ?, network: 0B}
            │   avg := avg(avg_3)
            │   avg_0 := avg(avg_4)
            │   avg_1 := avg(avg_5)
            │   avg_2 := avg(avg_6)
            └─ LocalExchange[partitioning = HASH, arguments = [i_item_id::char(16)]]
               │   Layout: [i_item_id:char(16), avg_3:row(double, bigint), avg_4:varbinary, avg_5:varbinary, avg_6:varbinary]
               │   Estimates: {rows: ? (?), cpu: ?, memory: 0B, network: 0B}
               └─ Aggregate[type = PARTIAL, keys = [i_item_id]]
                  │   Layout: [i_item_id:char(16), avg_3:row(double, bigint), avg_4:varbinary, avg_5:varbinary, avg_6:varbinary]
                  │   avg_3 := avg(expr)
                  │   avg_4 := avg(cs_list_price)
                  │   avg_5 := avg(cs_coupon_amt)
                  │   avg_6 := avg(cs_sales_price)
                  └─ Project[]
                     │   Layout: [cs_list_price:decimal(7,2), cs_sales_price:decimal(7,2), cs_coupon_amt:decimal(7,2), expr:bigint, i_item_id:char(16)]
                     │   Estimates: {rows: ? (?), cpu: ?, memory: 0B, network: 0B}
                     │   expr := CAST(cs_quantity AS bigint)
                     └─ InnerJoin[criteria = (cs_promo_sk = p_promo_sk)]
                        │   Layout: [cs_quantity:integer, cs_list_price:decimal(7,2), cs_sales_price:decimal(7,2), cs_coupon_amt:decimal(7,2), i_item_id:char(16)]
                        │   Estimates: {rows: ? (?), cpu: ?, memory: ?, network: 0B}
                        │   dynamicFilterAssignments = {p_promo_sk -> #df_1094}
                        ├─ InnerJoin[criteria = (cs_item_sk = i_item_sk)]
                        │  │   Layout: [cs_promo_sk:bigint, cs_quantity:integer, cs_list_price:decimal(7,2), cs_sales_price:decimal(7,2), cs_coupon_amt:decimal(7,2), i_item_id:char(16)]
                        │  │   Estimates: {rows: ? (?), cpu: ?, memory: ?, network: 0B}
                        │  │   dynamicFilterAssignments = {i_item_sk -> #df_1095}
                        │  ├─ InnerJoin[criteria = (cs_sold_date_sk = d_date_sk)]
                        │  │  │   Layout: [cs_item_sk:bigint, cs_promo_sk:bigint, cs_quantity:integer, cs_list_price:decimal(7,2), cs_sales_price:decimal(7,2), cs_coupon_amt:decimal(7,2)]
                        │  │  │   Estimates: {rows: ? (?), cpu: ?, memory: ?, network: 0B}
                        │  │  │   dynamicFilterAssignments = {d_date_sk -> #df_1096}
                        │  │  ├─ InnerJoin[criteria = (cs_bill_cdemo_sk = cd_demo_sk)]
                        │  │  │  │   Layout: [cs_sold_date_sk:bigint, cs_item_sk:bigint, cs_promo_sk:bigint, cs_quantity:integer, cs_list_price:decimal(7,2), cs_sales_price:decimal(7,2), cs_coupon_amt:decimal(7,2)]
                        │  │  │  │   Estimates: {rows: ? (?), cpu: ?, memory: ?, network: 0B}
                        │  │  │  │   dynamicFilterAssignments = {cd_demo_sk -> #df_1097}
                        │  │  │  ├─ ScanFilter[table = tpcds:LocalTpcdsTableHandle[tableName=catalog_sales, scaleFactor=10.0], dynamicFilters = {cs_promo_sk = #df_1094, cs_item_sk = #df_1095, cs_sold_date_sk = #df_1096, cs_bill_cdemo_sk = #df_1097}]
                        │  │  │  │      Layout: [cs_sold_date_sk:bigint, cs_bill_cdemo_sk:bigint, cs_item_sk:bigint, cs_promo_sk:bigint, cs_quantity:integer, cs_list_price:decimal(7,2), cs_sales_price:decimal(7,2), cs_coupon_amt:decimal(7,2)]
                        │  │  │  │      Estimates: {rows: ? (?), cpu: ?, memory: 0B, network: 0B}/{rows: ? (?), cpu: ?, memory: 0B, network: 0B}
                        │  │  │  │      cs_bill_cdemo_sk := LocalTpcdsColumnHandle[columnName=cs_bill_cdemo_sk, type=bigint]
                        │  │  │  │      cs_sales_price := LocalTpcdsColumnHandle[columnName=cs_sales_price, type=decimal(7,2)]
                        │  │  │  │      cs_sold_date_sk := LocalTpcdsColumnHandle[columnName=cs_sold_date_sk, type=bigint]
                        │  │  │  │      cs_list_price := LocalTpcdsColumnHandle[columnName=cs_list_price, type=decimal(7,2)]
                        │  │  │  │      cs_item_sk := LocalTpcdsColumnHandle[columnName=cs_item_sk, type=bigint]
                        │  │  │  │      cs_quantity := LocalTpcdsColumnHandle[columnName=cs_quantity, type=integer]
                        │  │  │  │      cs_coupon_amt := LocalTpcdsColumnHandle[columnName=cs_coupon_amt, type=decimal(7,2)]
                        │  │  │  │      cs_promo_sk := LocalTpcdsColumnHandle[columnName=cs_promo_sk, type=bigint]
                        │  │  │  └─ LocalExchange[partitioning = HASH, arguments = [cd_demo_sk::bigint]]
                        │  │  │     │   Layout: [cd_demo_sk:bigint]
                        │  │  │     │   Estimates: {rows: ? (?), cpu: ?, memory: 0B, network: 0B}
                        │  │  │     └─ ScanFilterProject[table = tpcds:LocalTpcdsTableHandle[tableName=customer_demographics, scaleFactor=10.0], filterPredicate = ((cd_gender = char(1) 'M') AND (cd_marital_status = char(1) 'S') AND (cd_education_status = char(20) 'College             '))]
                        │  │  │            Layout: [cd_demo_sk:bigint]
                        │  │  │            Estimates: {rows: ? (?), cpu: ?, memory: 0B, network: 0B}/{rows: ? (?), cpu: ?, memory: 0B, network: 0B}/{rows: ? (?), cpu: ?, memory: 0B, network: 0B}
                        │  │  │            cd_marital_status := LocalTpcdsColumnHandle[columnName=cd_marital_status, type=char(1)]
                        │  │  │            cd_demo_sk := LocalTpcdsColumnHandle[columnName=cd_demo_sk, type=bigint]
                        │  │  │            cd_gender := LocalTpcdsColumnHandle[columnName=cd_gender, type=char(1)]
                        │  │  │            cd_education_status := LocalTpcdsColumnHandle[columnName=cd_education_status, type=char(20)]
                        │  │  └─ LocalExchange[partitioning = HASH, arguments = [d_date_sk::bigint]]
                        │  │     │   Layout: [d_date_sk:bigint]
                        │  │     │   Estimates: {rows: ? (?), cpu: ?, memory: 0B, network: 0B}
                        │  │     └─ ScanFilterProject[table = tpcds:LocalTpcdsTableHandle[tableName=date_dim, scaleFactor=10.0], filterPredicate = (d_year = integer '2000')]
                        │  │            Layout: [d_date_sk:bigint]
                        │  │            Estimates: {rows: ? (?), cpu: ?, memory: 0B, network: 0B}/{rows: ? (?), cpu: ?, memory: 0B, network: 0B}/{rows: ? (?), cpu: ?, memory: 0B, network: 0B}
                        │  │            d_year := LocalTpcdsColumnHandle[columnName=d_year, type=integer]
                        │  │            d_date_sk := LocalTpcdsColumnHandle[columnName=d_date_sk, type=bigint]
                        │  └─ LocalExchange[partitioning = HASH, arguments = [i_item_sk::bigint]]
                        │     │   Layout: [i_item_sk:bigint, i_item_id:char(16)]
                        │     │   Estimates: {rows: ? (?), cpu: ?, memory: 0B, network: 0B}
                        │     └─ TableScan[table = tpcds:LocalTpcdsTableHandle[tableName=item, scaleFactor=10.0]]
                        │            Layout: [i_item_sk:bigint, i_item_id:char(16)]
                        │            Estimates: {rows: ? (?), cpu: ?, memory: 0B, network: 0B}
                        │            i_item_id := LocalTpcdsColumnHandle[columnName=i_item_id, type=char(16)]
                        │            i_item_sk := LocalTpcdsColumnHandle[columnName=i_item_sk, type=bigint]
                        └─ LocalExchange[partitioning = HASH, arguments = [p_promo_sk::bigint]]
                           │   Layout: [p_promo_sk:bigint]
                           │   Estimates: {rows: ? (?), cpu: ?, memory: 0B, network: 0B}
                           └─ ScanFilterProject[table = tpcds:LocalTpcdsTableHandle[tableName=promotion, scaleFactor=10.0], filterPredicate = ((p_channel_email = char(1) 'N') OR (p_channel_event = char(1) 'N'))]
                                  Layout: [p_promo_sk:bigint]
                                  Estimates: {rows: ? (?), cpu: ?, memory: 0B, network: 0B}/{rows: ? (?), cpu: ?, memory: 0B, network: 0B}/{rows: ? (?), cpu: ?, memory: 0B, network: 0B}
                                  p_channel_event := LocalTpcdsColumnHandle[columnName=p_channel_event, type=char(1)]
                                  p_promo_sk := LocalTpcdsColumnHandle[columnName=p_promo_sk, type=bigint]
                                  p_channel_email := LocalTpcdsColumnHandle[columnName=p_channel_email, type=char(1)]


jshell> |  Goodbye
