Execution time: 2.16s
Managed allocation bytes: 12768509952
Managed allocation count: 0
Managed peak bytes: 8388608
OperatorWall: Aggregation=0.0 CallbackSink=0.1 FilterProject=272.5 LocalExchange=0.0 LocalPartition=0.0 OrderBy=0.0 PartialAggregation=1025.5 TableScan=832.7
ScanWall: 832.7ms  ComputeWall: 1298.2ms  (sum 2130.9ms)
Splits total: 4, finished: 4
-- OrderBy[6][l_returnflag ASC NULLS LAST, l_linestatus ASC NULLS LAST] -> l_returnflag:VARCHAR, l_linestatus:VARCHAR, a0:DOUBLE, a1:DOUBLE, a2:DOUBLE, a3:DOUBLE, a4:DOUBLE, a5:DOUBLE, a6:DOUBLE, a7:BIGINT
   Output: 4 rows (448B, 1 batches), Cpu time: 16.36us, Wall time: 19.52us, Blocked wall time: 0ns, Peak memory: 129.44KB, Memory allocations: 13, Threads: 1, CPU breakdown: B/I/O/F (2.58us/5.05us/5.39us/3.35us)
  -- Aggregation[5][FINAL [l_returnflag, l_linestatus] a0 := sum("a0"), a1 := sum("a1"), a2 := sum("a2"), a3 := sum("a3"), a4 := avg("a4"), a5 := avg("a5"), a6 := avg("a6"), a7 := count("a7")] -> l_returnflag:VARCHAR, l_linestatus:VARCHAR, a0:DOUBLE, a1:DOUBLE, a2:DOUBLE, a3:DOUBLE, a4:DOUBLE, a5:DOUBLE, a6:DOUBLE, a7:BIGINT
     Output: 4 rows (1.12MB, 1 batches), Cpu time: 48.87us, Wall time: 51.40us, Blocked wall time: 0ns, Peak memory: 1.20MB, Memory allocations: 16, Threads: 1, CPU breakdown: B/I/O/F (1.77us/26.50us/19.78us/821ns)
    -- LocalPartition[4][GATHER] -> l_returnflag:VARCHAR, l_linestatus:VARCHAR, a0:DOUBLE, a1:DOUBLE, a2:DOUBLE, a3:DOUBLE, a4:ROW<"":DOUBLE,"":BIGINT>, a5:ROW<"":DOUBLE,"":BIGINT>, a6:ROW<"":DOUBLE,"":BIGINT>, a7:BIGINT
       Output: 8 rows (2.81MB, 2 batches), Cpu time: 1.14ms, Wall time: 1.80ms, Blocked wall time: 2.16s, Peak memory: 0B, Memory allocations: 0, CPU breakdown: B/I/O/F (1.09ms/37.49us/4.48us/1.65us)
       LocalPartition: Input: 4 rows (1.41MB, 1 batches), Output: 4 rows (1.41MB, 1 batches), Cpu time: 1.13ms, Wall time: 1.79ms, Blocked wall time: 0ns, Peak memory: 0B, Memory allocations: 0, Threads: 1, CPU breakdown: B/I/O/F (1.09ms/37.49us/1.24us/1.50us)
       LocalExchange: Input: 4 rows (1.41MB, 1 batches), Output: 4 rows (1.41MB, 1 batches), Cpu time: 4.29us, Wall time: 5.24us, Blocked wall time: 2.16s, Peak memory: 0B, Memory allocations: 0, Threads: 1, CPU breakdown: B/I/O/F (904ns/0ns/3.24us/150ns)
      -- Aggregation[3][PARTIAL [l_returnflag, l_linestatus] a0 := sum(ROW["l_quantity"]), a1 := sum(ROW["l_extendedprice"]), a2 := sum(ROW["l_sum_disc_price"]), a3 := sum(ROW["l_sum_charge"]), a4 := avg(ROW["l_quantity"]), a5 := avg(ROW["l_extendedprice"]), a6 := avg(ROW["l_discount"]), a7 := count(0)] -> l_returnflag:VARCHAR, l_linestatus:VARCHAR, a0:DOUBLE, a1:DOUBLE, a2:DOUBLE, a3:DOUBLE, a4:ROW<"":DOUBLE,"":BIGINT>, a5:ROW<"":DOUBLE,"":BIGINT>, a6:ROW<"":DOUBLE,"":BIGINT>, a7:BIGINT
         Output: 4 rows (1.41MB, 1 batches), Cpu time: 1.03s, Wall time: 1.03s, Blocked wall time: 0ns, Peak memory: 3.20MB, Memory allocations: 32, Threads: 1, CPU breakdown: B/I/O/F (3.73ms/1.02s/1.09ms/916.24us)
        -- Project[2][expressions: (l_returnflag:VARCHAR, ROW["l_returnflag"]), (l_linestatus:VARCHAR, ROW["l_linestatus"]), (l_quantity:DOUBLE, ROW["l_quantity"]), (l_extendedprice:DOUBLE, ROW["l_extendedprice"]), (l_sum_disc_price:DOUBLE, multiply(ROW["l_extendedprice"],minus(1,ROW["l_discount"]))), (l_sum_charge:DOUBLE, multiply(multiply(ROW["l_extendedprice"],minus(1,ROW["l_discount"])),plus(1,ROW["l_tax"]))), (l_discount:DOUBLE, ROW["l_discount"])] -> l_returnflag:VARCHAR, l_linestatus:VARCHAR, l_quantity:DOUBLE, l_extendedprice:DOUBLE, l_sum_disc_price:DOUBLE, l_sum_charge:DOUBLE, l_discount:DOUBLE
           Output: 59142609 rows (2.16GB, 6010 batches), Cpu time: 276.46ms, Wall time: 278.61ms, Blocked wall time: 0ns, Peak memory: 339.00KB, Memory allocations: 30052, Threads: 1, CPU breakdown: B/I/O/F (3.49ms/989.97us/271.14ms/845.57us)
          -- Filter[1][expression: lte("l_shipdate",1998-09-02)] -> l_returnflag:VARCHAR, l_linestatus:VARCHAR, l_quantity:DOUBLE, l_extendedprice:DOUBLE, l_discount:DOUBLE, l_tax:DOUBLE, l_shipdate:DATE
             Output: 59142609 rows (0B, 6010 batches), Cpu time: 0ns, Wall time: 0ns, Blocked wall time: 0ns, Peak memory: 0B, Memory allocations: 0, Threads: 1, CPU breakdown: B/I/O/F (0ns/0ns/0ns/0ns)
            -- TableScan[0][table: lineitem] -> l_returnflag:VARCHAR, l_linestatus:VARCHAR, l_quantity:DOUBLE, l_extendedprice:DOUBLE, l_discount:DOUBLE, l_tax:DOUBLE, l_shipdate:DATE
               Input: 59986052 rows (6.66GB, 6010 batches), Output: 59986052 rows (6.66GB, 6010 batches), Cpu time: 826.65ms, Wall time: 834.33ms, Blocked wall time: 26.00us, Peak memory: 3.11MB, Memory allocations: 160107, Threads: 1, Splits: 4, CPU breakdown: B/I/O/F (999.62us/0ns/825.65ms/210ns)

