Execution time: 1.81s
Managed allocation bytes: 7742685184
Managed allocation count: 0
Managed peak bytes: 235929600
OperatorWall: Aggregation=0.0 CallbackSink=0.1 FilterProject=70.5 HashBuild=162.7 HashProbe=292.2 LocalExchange=0.0 LocalPartition=0.0 OrderBy=0.0 PartialAggregation=16.1 TableScan=1175.3
ScanWall: 1175.3ms  ComputeWall: 541.6ms  (sum 1716.9ms)
Splits total: 13, finished: 13
-- Project[18][expressions: (n_name:VARCHAR, ROW["n_name"]), (revenue:DOUBLE, ROW["revenue"])] -> n_name:VARCHAR, revenue:DOUBLE
   Output: 5 rows (192B, 1 batches), Cpu time: 6.30us, Wall time: 10.02us, Blocked wall time: 0ns, Peak memory: 0B, Memory allocations: 0, Threads: 1, CPU breakdown: B/I/O/F (2.88us/221ns/2.16us/1.04us)
  -- OrderBy[17][revenue DESC NULLS LAST] -> n_name:VARCHAR, revenue:DOUBLE
     Output: 5 rows (192B, 1 batches), Cpu time: 13.38us, Wall time: 16.54us, Blocked wall time: 0ns, Peak memory: 128.44KB, Memory allocations: 5, Threads: 1, CPU breakdown: B/I/O/F (2.53us/4.50us/3.25us/3.11us)
    -- Aggregation[16][FINAL [n_name] revenue := sum("revenue")] -> n_name:VARCHAR, revenue:DOUBLE
       Output: 5 rows (287.81KB, 1 batches), Cpu time: 35.78us, Wall time: 38.32us, Blocked wall time: 0ns, Peak memory: 356.38KB, Memory allocations: 8, Threads: 1, CPU breakdown: B/I/O/F (1.74us/21.83us/11.37us/832ns)
      -- LocalPartition[15][GATHER] -> n_name:VARCHAR, revenue:DOUBLE
         Output: 10 rows (575.62KB, 2 batches), Cpu time: 1.89ms, Wall time: 3.28ms, Blocked wall time: 1.81s, Peak memory: 0B, Memory allocations: 0, CPU breakdown: B/I/O/F (1.85ms/26.51us/5.14us/2.38us)
         LocalPartition: Input: 5 rows (287.81KB, 1 batches), Output: 5 rows (287.81KB, 1 batches), Cpu time: 1.88ms, Wall time: 3.27ms, Blocked wall time: 0ns, Peak memory: 0B, Memory allocations: 0, Threads: 1, CPU breakdown: B/I/O/F (1.85ms/26.51us/2.01us/2.23us)
         LocalExchange: Input: 5 rows (287.81KB, 1 batches), Output: 5 rows (287.81KB, 1 batches), Cpu time: 4.18us, Wall time: 5.17us, Blocked wall time: 1.81s, Peak memory: 0B, Memory allocations: 0, Threads: 1, CPU breakdown: B/I/O/F (904ns/0ns/3.12us/150ns)
        -- Aggregation[14][PARTIAL [n_name] revenue := sum(ROW["part_revenue"])] -> n_name:VARCHAR, revenue:DOUBLE
           Output: 5 rows (287.81KB, 1 batches), Cpu time: 19.03ms, Wall time: 28.35ms, Blocked wall time: 0ns, Peak memory: 644.75KB, Memory allocations: 15, Threads: 1, CPU breakdown: B/I/O/F (6.99ms/8.57ms/1.79ms/1.68ms)
          -- HashJoin[13][INNER s_nationkey=c_nationkey AND o_custkey=c_custkey] -> n_name:VARCHAR, part_revenue:DOUBLE
             Output: 72985 rows (2.47MB, 12042 batches), Cpu time: 100.71ms, Wall time: 113.46ms, Blocked wall time: 467.83ms, Peak memory: 80.29MB, Memory allocations: 16, CPU breakdown: B/I/O/F (8.97ms/59.62ms/10.64ms/21.48ms)
             HashBuild: Input: 1500000 rows (0B, 151 batches), Output: 0 rows (0B, 0 batches), Cpu time: 56.45ms, Wall time: 56.50ms, Blocked wall time: 0ns, Peak memory: 80.27MB, Memory allocations: 8, Threads: 1, CPU breakdown: B/I/O/F (45.48us/36.65ms/22.12us/19.73ms)
             HashProbe: Input: 1825042 rows (106.86MB, 12561 batches), Output: 72985 rows (2.47MB, 12042 batches), Cpu time: 44.26ms, Wall time: 56.96ms, Blocked wall time: 467.83ms, Peak memory: 25.31KB, Memory allocations: 8, Threads: 1, CPU breakdown: B/I/O/F (8.93ms/22.97ms/10.61ms/1.75ms)
            -- HashJoin[12][INNER l_orderkey=o_orderkey] -> n_name:VARCHAR, part_revenue:DOUBLE, s_nationkey:BIGINT, o_custkey:BIGINT
               Output: 1825042 rows (106.86MB, 12561 batches), Cpu time: 265.22ms, Wall time: 278.05ms, Blocked wall time: 0ns, Peak memory: 114.35MB, Memory allocations: 19, CPU breakdown: B/I/O/F (8.71ms/192.89ms/33.68ms/29.94ms)
               HashBuild: Input: 2275919 rows (10.65MB, 1502 batches), Output: 0 rows (0B, 0 batches), Cpu time: 105.84ms, Wall time: 106.38ms, Blocked wall time: 0ns, Peak memory: 114.27MB, Memory allocations: 8, Threads: 1, CPU breakdown: B/I/O/F (673.14us/76.78ms/222.74us/28.16ms)
               HashProbe: Input: 12021065 rows (653.80MB, 12769 batches), Output: 1825042 rows (106.86MB, 12561 batches), Cpu time: 159.37ms, Wall time: 171.67ms, Blocked wall time: 0ns, Peak memory: 81.50KB, Memory allocations: 11, Threads: 1, CPU breakdown: B/I/O/F (8.04ms/116.10ms/33.45ms/1.78ms)
              -- HashJoin[11][INNER l_suppkey=s_suppkey] -> n_name:VARCHAR, part_revenue:DOUBLE, s_nationkey:BIGINT, l_orderkey:BIGINT
                 Output: 12021065 rows (653.80MB, 12769 batches), Cpu time: 96.81ms, Wall time: 103.79ms, Blocked wall time: 2.70ms, Peak memory: 3.19MB, Memory allocations: 16, CPU breakdown: B/I/O/F (5.30ms/14.71ms/75.75ms/1.04ms)
                 HashBuild: Input: 20037 rows (1.62MB, 22 batches), Output: 0 rows (0B, 0 batches), Cpu time: 1.03ms, Wall time: 1.05ms, Blocked wall time: 0ns, Peak memory: 3.03MB, Memory allocations: 7, Threads: 1, CPU breakdown: B/I/O/F (9.40us/808.79us/3.86us/208.95us)
                 HashProbe: Input: 12021065 rows (664.86MB, 6010 batches), Output: 12021065 rows (653.80MB, 12769 batches), Cpu time: 95.78ms, Wall time: 102.74ms, Blocked wall time: 2.70ms, Peak memory: 158.00KB, Memory allocations: 9, Threads: 1, CPU breakdown: B/I/O/F (5.30ms/13.90ms/75.75ms/832.34us)
                -- Project[10][expressions: (part_revenue:DOUBLE, multiply(ROW["l_extendedprice"],minus(1,ROW["l_discount"]))), (l_orderkey:BIGINT, ROW["l_orderkey"]), (l_suppkey:BIGINT, ROW["l_suppkey"])] -> part_revenue:DOUBLE, l_orderkey:BIGINT, l_suppkey:BIGINT
                   Output: 12021065 rows (664.86MB, 6010 batches), Cpu time: 20.58ms, Wall time: 24.33ms, Blocked wall time: 0ns, Peak memory: 24.00KB, Memory allocations: 6010, Threads: 1, CPU breakdown: B/I/O/F (3.43ms/973.19us/15.34ms/829.76us)
                  -- TableScan[9][table: lineitem] -> l_suppkey:BIGINT, l_orderkey:BIGINT, l_discount:DOUBLE, l_extendedprice:DOUBLE
                     Input: 12021065 rows (874.98MB, 6010 batches), Raw Input: 59986052 rows (586.67MB), Output: 12021065 rows (874.98MB, 6010 batches), Cpu time: 921.90ms, Wall time: 926.24ms, Blocked wall time: 0ns, Peak memory: 5.88MB, Memory allocations: 50228, Threads: 1, Splits: 4, DynamicFilter producer plan nodes: 11, CPU breakdown: B/I/O/F (964.36us/0ns/920.94ms/211ns)
                -- HashJoin[8][INNER s_nationkey=n_nationkey] -> s_suppkey:BIGINT, n_name:VARCHAR, s_nationkey:BIGINT
                   Output: 20037 rows (1.62MB, 22 batches), Cpu time: 178.33us, Wall time: 191.78us, Blocked wall time: 468.07ms, Peak memory: 230.00KB, Memory allocations: 11, CPU breakdown: B/I/O/F (14.09us/28.52us/111.89us/23.84us)
                   HashBuild: Input: 5 rows (0B, 1 batches), Output: 0 rows (0B, 0 batches), Cpu time: 30.09us, Wall time: 32.14us, Blocked wall time: 0ns, Peak memory: 84.00KB, Memory allocations: 3, Threads: 1, CPU breakdown: B/I/O/F (1.51us/6.45us/864ns/21.27us)
                   HashProbe: Input: 20037 rows (959.06KB, 10 batches), Output: 20037 rows (1.62MB, 22 batches), Cpu time: 148.24us, Wall time: 159.65us, Blocked wall time: 468.07ms, Peak memory: 146.00KB, Memory allocations: 8, Threads: 1, CPU breakdown: B/I/O/F (12.57us/22.07us/111.03us/2.57us)
                  -- TableScan[7][table: supplier] -> s_nationkey:BIGINT, s_suppkey:BIGINT
                     Input: 20037 rows (1.11MB, 10 batches), Raw Input: 100000 rows (8.00MB), Output: 20037 rows (1.11MB, 10 batches), Cpu time: 1.47ms, Wall time: 1.48ms, Blocked wall time: 0ns, Peak memory: 1.13MB, Memory allocations: 57, Threads: 1, Splits: 1, DynamicFilter producer plan nodes: 8, CPU breakdown: B/I/O/F (1.76us/0ns/1.47ms/141ns)
                  -- HashJoin[6][INNER n_regionkey=r_regionkey] -> n_nationkey:BIGINT, n_name:VARCHAR
                     Output: 5 rows (0B, 1 batches), Cpu time: 51.55us, Wall time: 56.02us, Blocked wall time: 368.00us, Peak memory: 84.00KB, Memory allocations: 3, CPU breakdown: B/I/O/F (11.89us/8.04us/3.91us/27.71us)
                     HashBuild: Input: 1 rows (32B, 1 batches), Output: 0 rows (0B, 0 batches), Cpu time: 36.12us, Wall time: 38.45us, Blocked wall time: 0ns, Peak memory: 84.00KB, Memory allocations: 3, Threads: 1, CPU breakdown: B/I/O/F (1.64us/7.53us/753ns/26.20us)
                     HashProbe: Input: 5 rows (288B, 1 batches), Output: 5 rows (0B, 1 batches), Cpu time: 15.43us, Wall time: 17.57us, Blocked wall time: 368.00us, Peak memory: 0B, Memory allocations: 0, Threads: 1, CPU breakdown: B/I/O/F (10.25us/511ns/3.15us/1.51us)
                    -- TableScan[5][table: nation] -> n_nationkey:BIGINT, n_name:VARCHAR, n_regionkey:BIGINT
                       Input: 5 rows (544B, 1 batches), Raw Input: 25 rows (2.77KB), Output: 5 rows (544B, 1 batches), Cpu time: 118.84us, Wall time: 136.55us, Blocked wall time: 0ns, Peak memory: 3.88KB, Memory allocations: 20, Threads: 1, Splits: 1, DynamicFilter producer plan nodes: 6, CPU breakdown: B/I/O/F (421ns/0ns/118.28us/140ns)
                    -- Filter[1][expression: in("r_name",array_constructor(ASIA))] -> r_regionkey:BIGINT, r_name:VARCHAR
                       Output: 1 rows (32B, 1 batches), Cpu time: 13.05us, Wall time: 15.42us, Blocked wall time: 0ns, Peak memory: 768B, Memory allocations: 7, Threads: 1, CPU breakdown: B/I/O/F (1.72us/330ns/10.17us/830ns)
                      -- TableScan[0][table: region] -> r_regionkey:BIGINT, r_name:VARCHAR
                         Input: 5 rows (640B, 1 batches), Output: 5 rows (640B, 1 batches), Cpu time: 57.58us, Wall time: 161.70us, Blocked wall time: 59.00us, Peak memory: 2.62KB, Memory allocations: 18, Threads: 1, Splits: 1, CPU breakdown: B/I/O/F (792ns/0ns/56.65us/141ns)
              -- Filter[3][expression: and(gte("o_orderdate",1994-01-01),lte("o_orderdate",1994-12-31))] -> o_orderdate:DATE, o_custkey:BIGINT, o_orderkey:BIGINT
                 Output: 2275919 rows (10.65MB, 1502 batches), Cpu time: 52.41ms, Wall time: 53.68ms, Blocked wall time: 0ns, Peak memory: 52.50KB, Memory allocations: 1507, Threads: 1, CPU breakdown: B/I/O/F (839.21us/236.12us/51.12ms/211.00us)
                -- TableScan[2][table: orders] -> o_orderdate:DATE, o_custkey:BIGINT, o_orderkey:BIGINT
                   Input: 15000000 rows (334.06MB, 1502 batches), Output: 15000000 rows (334.06MB, 1502 batches), Cpu time: 235.79ms, Wall time: 236.98ms, Blocked wall time: 69.00us, Peak memory: 2.18MB, Memory allocations: 18447, Threads: 1, Splits: 3, CPU breakdown: B/I/O/F (216.58us/0ns/235.57ms/201ns)
            -- TableScan[4][table: customer] -> c_custkey:BIGINT, c_nationkey:BIGINT
               Input: 1500000 rows (28.10MB, 151 batches), Output: 1500000 rows (28.10MB, 151 batches), Cpu time: 11.81ms, Wall time: 12.38ms, Blocked wall time: 71.00us, Peak memory: 1.27MB, Memory allocations: 675, Threads: 1, Splits: 3, CPU breakdown: B/I/O/F (21.61us/0ns/11.79ms/241ns)

