Execution time: 1.87s
Managed allocation bytes: 13165920256
Managed allocation count: 0
Managed peak bytes: 112197632
OperatorWall: Aggregation=0.0 CallbackSink=0.1 FilterProject=101.1 HashBuild=56.4 HashProbe=76.4 LocalExchange=0.0 LocalPartition=0.0 OrderBy=0.0 PartialAggregation=7.3 TableScan=1551.9
ScanWall: 1551.9ms  ComputeWall: 241.4ms  (sum 1793.3ms)
Splits total: 17, finished: 17
-- Project[24][expressions: (o_year:BIGINT, ROW["o_year"]), (mkt_share:DOUBLE, divide(ROW["volume_brazil"],ROW["volume_all"]))] -> o_year:BIGINT, mkt_share:DOUBLE
   Output: 2 rows (64B, 1 batches), Cpu time: 9.95us, Wall time: 13.68us, Blocked wall time: 0ns, Peak memory: 128B, Memory allocations: 1, Threads: 1, CPU breakdown: B/I/O/F (2.88us/150ns/5.84us/1.07us)
  -- OrderBy[23][o_year ASC NULLS LAST] -> o_year:BIGINT, volume_brazil:DOUBLE, volume_all:DOUBLE
     Output: 2 rows (96B, 1 batches), Cpu time: 12.29us, Wall time: 15.46us, Blocked wall time: 0ns, Peak memory: 128.44KB, Memory allocations: 6, Threads: 1, CPU breakdown: B/I/O/F (2.48us/4.26us/2.85us/2.71us)
    -- Aggregation[22][FINAL [o_year] volume_brazil := sum("volume_brazil"), volume_all := sum("volume_all")] -> o_year:BIGINT, volume_brazil:DOUBLE, volume_all:DOUBLE
       Output: 2 rows (287.72KB, 1 batches), Cpu time: 31.84us, Wall time: 34.41us, Blocked wall time: 0ns, Peak memory: 356.38KB, Memory allocations: 9, Threads: 1, CPU breakdown: B/I/O/F (1.81us/21.75us/7.50us/782ns)
      -- LocalPartition[21][GATHER] -> o_year:BIGINT, volume_brazil:DOUBLE, volume_all:DOUBLE
         Output: 4 rows (575.44KB, 2 batches), Cpu time: 917.66us, Wall time: 1.57ms, Blocked wall time: 1.87s, Peak memory: 0B, Memory allocations: 0, CPU breakdown: B/I/O/F (882.93us/27.36us/5.01us/2.36us)
         LocalPartition: Input: 2 rows (287.72KB, 1 batches), Output: 2 rows (287.72KB, 1 batches), Cpu time: 913.65us, Wall time: 1.57ms, Blocked wall time: 0ns, Peak memory: 0B, Memory allocations: 0, Threads: 1, CPU breakdown: B/I/O/F (881.91us/27.36us/2.17us/2.21us)
         LocalExchange: Input: 2 rows (287.72KB, 1 batches), Output: 2 rows (287.72KB, 1 batches), Cpu time: 4.01us, Wall time: 4.98us, Blocked wall time: 1.87s, Peak memory: 0B, Memory allocations: 0, Threads: 1, CPU breakdown: B/I/O/F (1.02us/0ns/2.84us/150ns)
        -- Aggregation[20][PARTIAL [o_year] volume_brazil := sum(ROW["brazil_volume"]), volume_all := sum(ROW["volume"])] -> o_year:BIGINT, volume_brazil:DOUBLE, volume_all:DOUBLE
           Output: 2 rows (287.72KB, 1 batches), Cpu time: 8.72ms, Wall time: 13.26ms, Blocked wall time: 0ns, Peak memory: 644.62KB, Memory allocations: 14, Threads: 1, CPU breakdown: B/I/O/F (3.37ms/3.59ms/926.58us/842.81us)
          -- Project[19][expressions: (volume:DOUBLE, ROW["volume"]), (brazil_volume:DOUBLE, if(eq(ROW["n_name"],BRAZIL),ROW["volume"],0)), (o_year:BIGINT, year(ROW["o_orderdate"]))] -> volume:DOUBLE, brazil_volume:DOUBLE, o_year:BIGINT
             Output: 24254 rows (703.15KB, 5898 batches), Cpu time: 16.53ms, Wall time: 22.37ms, Blocked wall time: 0ns, Peak memory: 384B, Memory allocations: 9511, Threads: 1, CPU breakdown: B/I/O/F (4.13ms/925.60us/10.65ms/816.44us)
            -- Project[18][expressions: (volume:DOUBLE, multiply(ROW["l_extendedprice"],minus(1,ROW["l_discount"]))), (n_name:VARCHAR, ROW["n_name"]), (o_orderdate:DATE, ROW["o_orderdate"])] -> volume:DOUBLE, n_name:VARCHAR, o_orderdate:DATE
               Output: 24254 rows (277.93MB, 5898 batches), Cpu time: 27.28ms, Wall time: 31.58ms, Blocked wall time: 0ns, Peak memory: 1.38KB, Memory allocations: 18545, Threads: 1, CPU breakdown: B/I/O/F (4.16ms/912.91us/21.39ms/823.47us)
              -- HashJoin[17][INNER l_partkey=p_partkey] -> n_name:VARCHAR, o_orderdate:DATE, l_extendedprice:DOUBLE, l_discount:DOUBLE
                 Output: 24254 rows (277.69MB, 5898 batches), Cpu time: 11.85ms, Wall time: 17.83ms, Blocked wall time: 21.15ms, Peak memory: 19.77MB, Memory allocations: 12, CPU breakdown: B/I/O/F (4.31ms/1.98ms/3.66ms/1.89ms)
                 HashBuild: Input: 13452 rows (610.82KB, 201 batches), Output: 0 rows (0B, 0 batches), Cpu time: 2.24ms, Wall time: 2.40ms, Blocked wall time: 0ns, Peak memory: 19.77MB, Memory allocations: 12, Threads: 1, CPU breakdown: B/I/O/F (87.93us/1.06ms/28.87us/1.07ms)
                 HashProbe: Input: 24254 rows (311.50MB, 5898 batches), Output: 24254 rows (277.69MB, 5898 batches), Cpu time: 9.60ms, Wall time: 15.44ms, Blocked wall time: 21.15ms, Peak memory: 0B, Memory allocations: 0, Threads: 1, CPU breakdown: B/I/O/F (4.23ms/925.97us/3.64ms/815.65us)
                -- HashJoin[16][INNER l_suppkey=s_suppkey] -> n_name:VARCHAR, o_orderdate:DATE, l_partkey:BIGINT, l_extendedprice:DOUBLE, l_discount:DOUBLE
                   Output: 24254 rows (311.50MB, 5898 batches), Cpu time: 18.99ms, Wall time: 24.95ms, Blocked wall time: 0ns, Peak memory: 7.28MB, Memory allocations: 25, CPU breakdown: B/I/O/F (4.45ms/6.28ms/6.92ms/1.34ms)
                   HashBuild: Input: 100000 rows (7.95MB, 100 batches), Output: 0 rows (0B, 0 batches), Cpu time: 4.60ms, Wall time: 4.65ms, Blocked wall time: 0ns, Peak memory: 7.22MB, Memory allocations: 10, Threads: 1, CPU breakdown: B/I/O/F (31.36us/4.04ms/14.70us/512.48us)
                   HashProbe: Input: 24254 rows (34.24MB, 5898 batches), Output: 24254 rows (311.50MB, 5898 batches), Cpu time: 14.39ms, Wall time: 20.29ms, Blocked wall time: 0ns, Peak memory: 67.25KB, Memory allocations: 15, Threads: 1, CPU breakdown: B/I/O/F (4.42ms/2.24ms/6.91ms/823.20us)
                  -- HashJoin[15][INNER l_orderkey=o_orderkey] -> l_partkey:BIGINT, l_suppkey:BIGINT, o_orderdate:DATE, l_extendedprice:DOUBLE, l_discount:DOUBLE
                     Output: 24254 rows (34.24MB, 5898 batches), Cpu time: 61.53ms, Wall time: 66.92ms, Blocked wall time: 405.88ms, Peak memory: 42.29MB, Memory allocations: 5989, CPU breakdown: B/I/O/F (4.06ms/37.84ms/7.55ms/12.08ms)
                     HashBuild: Input: 910360 rows (4.26MB, 1502 batches), Output: 0 rows (0B, 0 batches), Cpu time: 42.33ms, Wall time: 43.11ms, Blocked wall time: 0ns, Peak memory: 42.27MB, Memory allocations: 7, Threads: 1, CPU breakdown: B/I/O/F (658.78us/30.21ms/213.45us/11.24ms)
                     HashProbe: Input: 403487 rows (565.89MB, 6010 batches), Output: 24254 rows (34.24MB, 5898 batches), Cpu time: 19.20ms, Wall time: 23.81ms, Blocked wall time: 405.88ms, Peak memory: 22.12KB, Memory allocations: 5982, Threads: 1, CPU breakdown: B/I/O/F (3.40ms/7.62ms/7.33ms/845.27us)
                    -- TableScan[14][table: lineitem] -> l_suppkey:BIGINT, l_orderkey:BIGINT, l_partkey:BIGINT, l_extendedprice:DOUBLE, l_discount:DOUBLE
                       Input: 403487 rows (593.34MB, 6010 batches), Raw Input: 59986052 rows (871.12MB), Output: 403487 rows (593.34MB, 6010 batches), Cpu time: 1.28s, Wall time: 1.28s, Blocked wall time: 0ns, Peak memory: 6.72MB, Memory allocations: 103008, Threads: 1, Splits: 4, DynamicFilter producer plan nodes: 16,17, CPU breakdown: B/I/O/F (893.09us/0ns/1.28s/210ns)
                    -- HashJoin[11][INNER o_custkey=c_custkey] -> o_orderkey:BIGINT, o_orderdate:DATE
                       Output: 910360 rows (4.26MB, 1502 batches), Cpu time: 45.29ms, Wall time: 46.71ms, Blocked wall time: 51.34ms, Peak memory: 19.82MB, Memory allocations: 14, CPU breakdown: B/I/O/F (1.16ms/30.92ms/11.23ms/1.97ms)
                       HashBuild: Input: 299436 rows (0B, 151 batches), Output: 0 rows (0B, 0 batches), Cpu time: 7.60ms, Wall time: 7.68ms, Blocked wall time: 0ns, Peak memory: 19.71MB, Memory allocations: 7, Threads: 1, CPU breakdown: B/I/O/F (65.77us/5.76ms/22.05us/1.75ms)
                       HashProbe: Input: 4557513 rows (21.32MB, 1502 batches), Output: 910360 rows (4.26MB, 1502 batches), Cpu time: 37.69ms, Wall time: 39.03ms, Blocked wall time: 51.34ms, Peak memory: 107.00KB, Memory allocations: 7, Threads: 1, CPU breakdown: B/I/O/F (1.10ms/25.16ms/11.21ms/219.94us)
                      -- Filter[10][expression: and(gte("o_orderdate",1995-01-01),lte("o_orderdate",1996-12-31))] -> o_orderdate:DATE, o_orderkey:BIGINT, o_custkey:BIGINT
                         Output: 4557513 rows (21.32MB, 1502 batches), Cpu time: 59.61ms, Wall time: 60.75ms, Blocked wall time: 0ns, Peak memory: 52.50KB, Memory allocations: 1507, Threads: 1, CPU breakdown: B/I/O/F (842.37us/237.53us/58.32ms/207.88us)
                        -- TableScan[9][table: orders] -> o_orderdate:DATE, o_orderkey:BIGINT, o_custkey:BIGINT
                           Input: 15000000 rows (341.80MB, 1502 batches), Output: 15000000 rows (341.80MB, 1502 batches), Cpu time: 236.86ms, Wall time: 237.98ms, Blocked wall time: 0ns, Peak memory: 2.21MB, Memory allocations: 18447, Threads: 1, Splits: 3, CPU breakdown: B/I/O/F (228.08us/0ns/236.63ms/200ns)
                      -- HashJoin[8][INNER c_nationkey=n_nationkey] -> c_custkey:BIGINT
                         Output: 299436 rows (0B, 151 batches), Cpu time: 227.77us, Wall time: 367.13us, Blocked wall time: 28.13ms, Peak memory: 84.00KB, Memory allocations: 3, CPU breakdown: B/I/O/F (88.84us/26.98us/74.08us/37.87us)
                         HashBuild: Input: 5 rows (0B, 1 batches), Output: 0 rows (0B, 0 batches), Cpu time: 20.91us, Wall time: 23.07us, Blocked wall time: 0ns, Peak memory: 84.00KB, Memory allocations: 3, Threads: 1, CPU breakdown: B/I/O/F (1.37us/3.12us/721ns/15.70us)
                         HashProbe: Input: 299436 rows (14.05MB, 151 batches), Output: 299436 rows (0B, 151 batches), Cpu time: 206.86us, Wall time: 344.06us, Blocked wall time: 28.13ms, Peak memory: 0B, Memory allocations: 0, Threads: 1, CPU breakdown: B/I/O/F (87.47us/23.87us/73.36us/22.17us)
                        -- TableScan[7][table: customer] -> c_nationkey:BIGINT, c_custkey:BIGINT
                           Input: 299436 rows (16.59MB, 151 batches), Raw Input: 1500000 rows (12.41MB), Output: 299436 rows (16.59MB, 151 batches), Cpu time: 14.31ms, Wall time: 14.74ms, Blocked wall time: 0ns, Peak memory: 1.22MB, Memory allocations: 690, Threads: 1, Splits: 3, DynamicFilter producer plan nodes: 8, CPU breakdown: B/I/O/F (21.41us/0ns/14.29ms/130ns)
                        -- HashJoin[6][INNER n_regionkey=r_regionkey] -> n_nationkey:BIGINT
                           Output: 5 rows (0B, 1 batches), Cpu time: 30.19us, Wall time: 34.59us, Blocked wall time: 500.00us, Peak memory: 84.00KB, Memory allocations: 3, CPU breakdown: B/I/O/F (8.41us/4.27us/2.41us/15.10us)
                           HashBuild: Input: 1 rows (32B, 1 batches), Output: 0 rows (0B, 0 batches), Cpu time: 20.40us, Wall time: 22.72us, Blocked wall time: 0ns, Peak memory: 84.00KB, Memory allocations: 3, Threads: 1, CPU breakdown: B/I/O/F (1.56us/4.00us/720ns/14.12us)
                           HashProbe: Input: 5 rows (288B, 1 batches), Output: 5 rows (0B, 1 batches), Cpu time: 9.80us, Wall time: 11.87us, Blocked wall time: 500.00us, Peak memory: 0B, Memory allocations: 0, Threads: 1, CPU breakdown: B/I/O/F (6.85us/270ns/1.69us/982ns)
                          -- TableScan[5][table: nation] -> n_nationkey:BIGINT, n_regionkey:BIGINT
                             Input: 5 rows (384B, 1 batches), Raw Input: 25 rows (2.50KB), Output: 5 rows (384B, 1 batches), Cpu time: 31.89us, Wall time: 78.99us, Blocked wall time: 0ns, Peak memory: 2.75KB, Memory allocations: 15, Threads: 1, Splits: 1, DynamicFilter producer plan nodes: 6, CPU breakdown: B/I/O/F (490ns/0ns/31.26us/141ns)
                          -- Filter[2][expression: in("r_name",array_constructor(AMERICA))] -> r_name:VARCHAR, r_regionkey:BIGINT
                             Output: 1 rows (32B, 1 batches), Cpu time: 13.17us, Wall time: 15.54us, Blocked wall time: 0ns, Peak memory: 768B, Memory allocations: 7, Threads: 1, CPU breakdown: B/I/O/F (1.72us/271ns/10.42us/753ns)
                            -- TableScan[1][table: region] -> r_name:VARCHAR, r_regionkey:BIGINT
                               Input: 5 rows (640B, 1 batches), Output: 5 rows (640B, 1 batches), Cpu time: 33.96us, Wall time: 75.17us, Blocked wall time: 91.00us, Peak memory: 2.62KB, Memory allocations: 18, Threads: 1, Splits: 1, CPU breakdown: B/I/O/F (772ns/0ns/33.05us/140ns)
                  -- HashJoin[13][INNER s_nationkey=n_nationkey] -> s_suppkey:BIGINT, n_name:VARCHAR
                     Output: 100000 rows (7.95MB, 100 batches), Cpu time: 717.25us, Wall time: 748.11us, Blocked wall time: 312.00us, Peak memory: 558.00KB, Memory allocations: 12, CPU breakdown: B/I/O/F (28.21us/84.31us/575.82us/28.92us)
                     HashBuild: Input: 25 rows (0B, 1 batches), Output: 0 rows (0B, 0 batches), Cpu time: 38.16us, Wall time: 39.68us, Blocked wall time: 0ns, Peak memory: 148.00KB, Memory allocations: 4, Threads: 1, CPU breakdown: B/I/O/F (1.19us/10.04us/622ns/26.31us)
                     HashProbe: Input: 100000 rows (959.06KB, 10 batches), Output: 100000 rows (7.95MB, 100 batches), Cpu time: 679.09us, Wall time: 708.42us, Blocked wall time: 312.00us, Peak memory: 410.00KB, Memory allocations: 8, Threads: 1, CPU breakdown: B/I/O/F (27.01us/74.27us/575.20us/2.61us)
                    -- TableScan[12][table: supplier] -> s_suppkey:BIGINT, s_nationkey:BIGINT
                       Input: 100000 rows (1.87MB, 10 batches), Output: 100000 rows (1.87MB, 10 batches), Cpu time: 918.39us, Wall time: 1.42ms, Blocked wall time: 0ns, Peak memory: 1.31MB, Memory allocations: 56, Threads: 1, Splits: 1, DynamicFilter producer plan nodes: 13, CPU breakdown: B/I/O/F (1.96us/0ns/916.28us/140ns)
                    -- TableScan[0][table: nation] -> n_name:VARCHAR, n_nationkey:BIGINT, n_regionkey:BIGINT
                       Input: 25 rows (25.12KB, 1 batches), Output: 25 rows (25.12KB, 1 batches), Cpu time: 59.54us, Wall time: 173.77us, Blocked wall time: 45.00us, Peak memory: 28.06KB, Memory allocations: 18, Threads: 1, Splits: 1, CPU breakdown: B/I/O/F (794ns/0ns/58.50us/250ns)
                -- Filter[4][expression: in("p_type",array_constructor(ECONOMY ANODIZED STEEL))] -> p_partkey:BIGINT, p_type:VARCHAR
                   Output: 13452 rows (610.82KB, 201 batches), Cpu time: 2.61ms, Wall time: 2.76ms, Blocked wall time: 0ns, Peak memory: 50.25KB, Memory allocations: 207, Threads: 1, CPU breakdown: B/I/O/F (113.29us/31.64us/2.44ms/29.05us)
                  -- TableScan[3][table: part] -> p_partkey:BIGINT, p_type:VARCHAR
                     Input: 2000000 rows (108.24MB, 201 batches), Output: 2000000 rows (108.24MB, 201 batches), Cpu time: 14.95ms, Wall time: 15.26ms, Blocked wall time: 68.00us, Peak memory: 1.37MB, Memory allocations: 1482, Threads: 1, Splits: 3, CPU breakdown: B/I/O/F (28.81us/0ns/14.92ms/150ns)

