Execution time: 2.66s
Managed allocation bytes: 2907701248
Managed allocation count: 0
Managed peak bytes: 1062207488
OperatorWall: Aggregation=147.6 CallbackSink=0.1 FilterProject=317.7 HashBuild=620.5 HashProbe=57.0 Limit=0.0 LocalExchange=0.2 LocalPartition=0.3 OrderBy=70.6 PartialAggregation=227.0 TableScan=1185.9
ScanWall: 1185.9ms  ComputeWall: 1441.0ms  (sum 2626.9ms)
Splits total: 11, finished: 11
-- Limit[15][20] -> c_custkey:BIGINT, c_name:VARCHAR, revenue:DOUBLE, c_acctbal:DOUBLE, n_name:VARCHAR, c_address:VARCHAR, c_phone:VARCHAR, c_comment:VARCHAR
   Output: 20 rows (2.57MB, 1 batches), Cpu time: 10.80us, Wall time: 15.47us, Blocked wall time: 0ns, Peak memory: 0B, Memory allocations: 0, Threads: 1, CPU breakdown: B/I/O/F (6.24us/231ns/2.71us/1.61us)
  -- Project[14][expressions: (c_custkey:BIGINT, ROW["c_custkey"]), (c_name:VARCHAR, ROW["c_name"]), (revenue:DOUBLE, ROW["revenue"]), (c_acctbal:DOUBLE, ROW["c_acctbal"]), (n_name:VARCHAR, ROW["n_name"]), (c_address:VARCHAR, ROW["c_address"]), (c_phone:VARCHAR, ROW["c_phone"]), (c_comment:VARCHAR, ROW["c_comment"])] -> c_custkey:BIGINT, c_name:VARCHAR, revenue:DOUBLE, c_acctbal:DOUBLE, n_name:VARCHAR, c_address:VARCHAR, c_phone:VARCHAR, c_comment:VARCHAR
     Output: 10000 rows (2.57MB, 1 batches), Cpu time: 21.47us, Wall time: 29.85us, Blocked wall time: 0ns, Peak memory: 0B, Memory allocations: 0, Threads: 1, CPU breakdown: B/I/O/F (11.88us/501ns/7.66us/1.43us)
    -- OrderBy[13][revenue DESC NULLS LAST] -> c_custkey:BIGINT, c_name:VARCHAR, c_acctbal:DOUBLE, n_name:VARCHAR, c_address:VARCHAR, c_phone:VARCHAR, c_comment:VARCHAR, revenue:DOUBLE
       Output: 10000 rows (2.57MB, 1 batches), Cpu time: 70.62ms, Wall time: 70.70ms, Blocked wall time: 0ns, Peak memory: 107.22MB, Memory allocations: 63, Threads: 1, CPU breakdown: B/I/O/F (53.18us/37.98ms/1.77ms/30.82ms)
      -- Aggregation[12][FINAL [c_custkey, c_name, c_acctbal, n_name, c_address, c_phone, c_comment] revenue := sum("revenue")] -> c_custkey:BIGINT, c_name:VARCHAR, c_acctbal:DOUBLE, n_name:VARCHAR, c_address:VARCHAR, c_phone:VARCHAR, c_comment:VARCHAR, revenue:DOUBLE
         Output: 381105 rows (99.34MB, 39 batches), Cpu time: 147.63ms, Wall time: 147.81ms, Blocked wall time: 0ns, Peak memory: 105.39MB, Memory allocations: 963, Threads: 1, CPU breakdown: B/I/O/F (96.11us/126.73ms/20.78ms/29.89us)
        -- LocalPartition[11][GATHER] -> c_custkey:BIGINT, c_name:VARCHAR, c_acctbal:DOUBLE, n_name:VARCHAR, c_address:VARCHAR, c_phone:VARCHAR, c_comment:VARCHAR, revenue:DOUBLE
           Output: 762212 rows (255.15MB, 384 batches), Cpu time: 716.40us, Wall time: 1.02ms, Blocked wall time: 2.05s, Peak memory: 0B, Memory allocations: 0, CPU breakdown: B/I/O/F (324.07us/147.56us/214.64us/30.13us)
           LocalPartition: Input: 381106 rows (127.57MB, 192 batches), Output: 381106 rows (127.57MB, 192 batches), Cpu time: 501.97us, Wall time: 765.66us, Blocked wall time: 106.00us, Peak memory: 0B, Memory allocations: 0, Threads: 1, CPU breakdown: B/I/O/F (294.01us/147.56us/30.43us/29.98us)
           LocalExchange: Input: 381106 rows (127.57MB, 192 batches), Output: 381106 rows (127.57MB, 192 batches), Cpu time: 214.43us, Wall time: 258.63us, Blocked wall time: 2.05s, Peak memory: 0B, Memory allocations: 0, Threads: 1, CPU breakdown: B/I/O/F (30.07us/0ns/184.21us/150ns)
          -- Aggregation[10][PARTIAL [c_custkey, c_name, c_acctbal, n_name, c_address, c_phone, c_comment] revenue := sum(ROW["part_revenue"])] -> c_custkey:BIGINT, c_name:VARCHAR, c_acctbal:DOUBLE, n_name:VARCHAR, c_address:VARCHAR, c_phone:VARCHAR, c_comment:VARCHAR, revenue:DOUBLE
             Output: 381106 rows (127.57MB, 192 batches), Cpu time: 227.25ms, Wall time: 228.47ms, Blocked wall time: 0ns, Peak memory: 120.84MB, Memory allocations: 3217, Threads: 1, CPU breakdown: B/I/O/F (855.52us/205.76ms/20.42ms/207.50us)
            -- HashJoin[9][INNER c_nationkey=n_nationkey] -> c_name:VARCHAR, c_acctbal:DOUBLE, c_phone:VARCHAR, c_address:VARCHAR, c_custkey:BIGINT, c_comment:VARCHAR, part_revenue:DOUBLE, n_name:VARCHAR
               Output: 1147084 rows (373.12MB, 1438 batches), Cpu time: 13.01ms, Wall time: 14.36ms, Blocked wall time: 1.98s, Peak memory: 362.00KB, Memory allocations: 18, CPU breakdown: B/I/O/F (915.75us/4.58ms/7.27ms/239.91us)
               HashBuild: Input: 25 rows (0B, 1 batches), Output: 0 rows (0B, 0 batches), Cpu time: 54.13us, Wall time: 55.33us, Blocked wall time: 0ns, Peak memory: 148.00KB, Memory allocations: 4, Threads: 1, CPU breakdown: B/I/O/F (831ns/11.86us/432ns/41.01us)
               HashProbe: Input: 1147084 rows (283.01MB, 1438 batches), Output: 1147084 rows (373.12MB, 1438 batches), Cpu time: 12.95ms, Wall time: 14.31ms, Blocked wall time: 1.98s, Peak memory: 214.00KB, Memory allocations: 14, Threads: 1, CPU breakdown: B/I/O/F (914.92us/4.57ms/7.27ms/198.90us)
              -- HashJoin[8][INNER o_orderkey=l_orderkey] -> c_name:VARCHAR, c_acctbal:DOUBLE, c_phone:VARCHAR, c_address:VARCHAR, c_custkey:BIGINT, c_comment:VARCHAR, c_nationkey:BIGINT, part_revenue:DOUBLE
                 Output: 1147084 rows (283.01MB, 1438 batches), Cpu time: 613.88ms, Wall time: 617.94ms, Blocked wall time: 0ns, Peak memory: 722.48MB, Memory allocations: 24, CPU breakdown: B/I/O/F (3.15ms/355.44ms/17.18ms/238.11ms)
                 HashBuild: Input: 14808183 rows (138.78MB, 6010 batches), Output: 0 rows (0B, 0 batches), Cpu time: 592.28ms, Wall time: 595.57ms, Blocked wall time: 0ns, Peak memory: 722.27MB, Memory allocations: 10, Threads: 1, CPU breakdown: B/I/O/F (2.66ms/350.69ms/899.74us/238.03ms)
                 HashProbe: Input: 573157 rows (140.04MB, 601 batches), Output: 1147084 rows (283.01MB, 1438 batches), Cpu time: 21.61ms, Wall time: 22.36ms, Blocked wall time: 0ns, Peak memory: 218.00KB, Memory allocations: 14, Threads: 1, CPU breakdown: B/I/O/F (487.05us/4.75ms/16.28ms/83.33us)
                -- HashJoin[7][INNER c_custkey=o_custkey] -> c_name:VARCHAR, c_acctbal:DOUBLE, c_phone:VARCHAR, c_address:VARCHAR, c_custkey:BIGINT, c_comment:VARCHAR, c_nationkey:BIGINT, o_orderkey:BIGINT
                   Output: 573157 rows (140.04MB, 601 batches), Cpu time: 52.90ms, Wall time: 53.73ms, Blocked wall time: 0ns, Peak memory: 32.18MB, Memory allocations: 20, CPU breakdown: B/I/O/F (816.94us/25.10ms/21.53ms/5.45ms)
                   HashBuild: Input: 573157 rows (2.68MB, 1502 batches), Output: 0 rows (0B, 0 batches), Cpu time: 29.95ms, Wall time: 30.66ms, Blocked wall time: 0ns, Peak memory: 31.71MB, Memory allocations: 7, Threads: 1, CPU breakdown: B/I/O/F (660.33us/23.65ms/215.09us/5.43ms)
                   HashProbe: Input: 1500000 rows (14.05MB, 151 batches), Output: 573157 rows (140.04MB, 601 batches), Cpu time: 22.95ms, Wall time: 23.08ms, Blocked wall time: 0ns, Peak memory: 482.00KB, Memory allocations: 13, Threads: 1, CPU breakdown: B/I/O/F (156.61us/1.45ms/21.31ms/23.05us)
                  -- TableScan[6][table: customer] -> c_nationkey:BIGINT, c_custkey:BIGINT, c_acctbal:DOUBLE, c_name:VARCHAR, c_address:VARCHAR, c_phone:VARCHAR, c_comment:VARCHAR
                     Input: 1500000 rows (348.28MB, 151 batches), Output: 1500000 rows (348.28MB, 151 batches), Cpu time: 169.98ms, Wall time: 170.75ms, Blocked wall time: 0ns, Peak memory: 12.44MB, Memory allocations: 7177, Threads: 1, Splits: 3, DynamicFilter producer plan nodes: 9, CPU breakdown: B/I/O/F (27.83us/0ns/169.95ms/211ns)
                  -- Filter[2][expression: and(gte("o_orderdate",1993-10-01),lte("o_orderdate",1993-12-31))] -> o_orderdate:DATE, o_orderkey:BIGINT, o_custkey:BIGINT
                     Output: 573157 rows (2.68MB, 1502 batches), Cpu time: 37.70ms, Wall time: 38.85ms, Blocked wall time: 0ns, Peak memory: 52.50KB, Memory allocations: 1507, Threads: 1, CPU breakdown: B/I/O/F (848.62us/234.37us/36.41ms/211.36us)
                    -- TableScan[1][table: orders] -> o_orderdate:DATE, o_orderkey:BIGINT, o_custkey:BIGINT
                       Input: 15000000 rows (350.69MB, 1502 batches), Output: 15000000 rows (350.69MB, 1502 batches), Cpu time: 232.48ms, Wall time: 233.52ms, Blocked wall time: 0ns, Peak memory: 2.12MB, Memory allocations: 18447, Threads: 1, Splits: 3, CPU breakdown: B/I/O/F (210.50us/0ns/232.27ms/200ns)
                -- Project[5][expressions: (l_orderkey:BIGINT, ROW["l_orderkey"]), (part_revenue:DOUBLE, multiply(ROW["l_extendedprice"],minus(1,ROW["l_discount"])))] -> l_orderkey:BIGINT, part_revenue:DOUBLE
                   Output: 14808183 rows (138.78MB, 6010 batches), Cpu time: 283.50ms, Wall time: 286.34ms, Blocked wall time: 0ns, Peak memory: 171.50KB, Memory allocations: 24029, Threads: 1, CPU breakdown: B/I/O/F (3.40ms/954.73us/278.27ms/868.99us)
                  -- Filter[4][expression: in("l_returnflag",array_constructor(R))] -> l_orderkey:BIGINT, l_returnflag:VARCHAR, l_extendedprice:DOUBLE, l_discount:DOUBLE
                     Output: 14808183 rows (0B, 6010 batches), Cpu time: 0ns, Wall time: 0ns, Blocked wall time: 0ns, Peak memory: 0B, Memory allocations: 0, Threads: 1, CPU breakdown: B/I/O/F (0ns/0ns/0ns/0ns)
                    -- TableScan[3][table: lineitem] -> l_orderkey:BIGINT, l_returnflag:VARCHAR, l_extendedprice:DOUBLE, l_discount:DOUBLE
                       Input: 59986052 rows (4.05GB, 6010 batches), Output: 59986052 rows (4.05GB, 6010 batches), Cpu time: 778.15ms, Wall time: 783.39ms, Blocked wall time: 0ns, Peak memory: 3.87MB, Memory allocations: 104337, Threads: 1, Splits: 4, CPU breakdown: B/I/O/F (884.51us/0ns/777.26ms/210ns)
              -- TableScan[0][table: nation] -> n_nationkey:BIGINT, n_name:VARCHAR
                 Input: 25 rows (24.84KB, 1 batches), Output: 25 rows (24.84KB, 1 batches), Cpu time: 68.15us, Wall time: 196.10us, Blocked wall time: 0ns, Peak memory: 27.06KB, Memory allocations: 12, Threads: 1, Splits: 1, CPU breakdown: B/I/O/F (641ns/0ns/67.25us/251ns)

