[INFO] Enabling strict checksum verification on all artifact downloads.
[INFO] Processing build on daemon d07d5ebf
[INFO] Scanning for projects...
[INFO] Loaded 0 groupId for remote repository maven-central
[INFO] Loaded 0 groupId for remote repository google-maven-central-copy
[INFO] Njord 0.9.9 session created
[INFO] BuildTimeEventSpy is registered.
[INFO] 
[INFO] Using the SmartBuilder implementation with a thread count of 7
[INFO] 
[INFO] ------------------------< io.trino:trino-tests >------------------------
[INFO] Building trino-tests 484-SNAPSHOT
[INFO]   from pom.xml
[INFO] --------------------------------[ jar ]---------------------------------
[INFO] Loaded 0 groupId for remote repository ossrh
[INFO] Loaded 0 groupId for remote repository repo.gradle.org
[INFO] Loaded 0 groupId for remote repository central.maven.org
[INFO] 
[INFO] --- git-commit-id:10.0.0:revision (default) @ trino-tests ---
[INFO] 
[INFO] --- build-helper:3.6.1:bsh-property (surefire-enable-preview) @ trino-tests ---
[INFO] 
[INFO] --- resources:3.5.0:resources (default-resources) @ trino-tests ---
[INFO] skip non existing resourceDirectory /root/notes/trino.nitro/testing/trino-tests/src/main/resources
[INFO] 
[INFO] --- compiler:3.15.0:compile (default-compile) @ trino-tests ---
[INFO] Nothing to compile - all classes are up to date.
[INFO] 
[INFO] --- resources:3.5.0:testResources (default-testResources) @ trino-tests ---
[INFO] Copying 266 resources from src/test/resources to target/test-classes
[INFO] 
[INFO] --- compiler:3.15.0:testCompile (default-testCompile) @ trino-tests ---
[INFO] Nothing to compile - all classes are up to date.
[INFO] 
[INFO] --- modernizer:3.4.0:modernizer (modernizer) @ trino-tests ---
[INFO] Skipping modernizer execution!
[INFO] 
[INFO] --- modernizer:3.4.0:modernizer (modernizer-production-code) @ trino-tests ---
[INFO] Skipping modernizer execution!
[INFO] 
[INFO] --- dependency:3.11.0:analyze-only (default) @ trino-tests ---
[INFO] Skipping plugin execution
[INFO] 
[INFO] --- dependency:3.11.0:analyze-duplicate (default) @ trino-tests ---
[INFO] Skipping plugin execution
[INFO] 
[INFO] --- duplicate-finder:2.0.1:check (default) @ trino-tests ---
[INFO] Skipping duplicate-finder execution!
[INFO] 
[INFO] --- surefire:3.5.6:test (default-test) @ trino-tests ---
[INFO] Tests will run in random order. To reproduce ordering use flag -Dsurefire.runOrder.random.seed=4240565629349045
[INFO] Using auto detected provider org.apache.maven.surefire.junitplatform.JUnitPlatformProvider
[INFO] 
[INFO] -------------------------------------------------------
[INFO]  T E S T S
[INFO] -------------------------------------------------------
[WARNING] [stderr] WARNING: Using incubator modules: jdk.incubator.vector
[WARNING] [stderr] 2026-08-04T20:41:25.532-0600	INFO	ForkJoinPool-1-worker-1	io.airlift.log.Logging	Logging to stderr
[INFO] Running io.trino.tests.nitro.TestNitroParquetCountPerformance
[WARNING] [stderr] WARNING: A terminally deprecated method in sun.misc.Unsafe has been called
[WARNING] [stderr] WARNING: sun.misc.Unsafe::staticFieldBase has been called by com.google.inject.internal.aop.HiddenClassDefiner (file:/root/.m2/repository/com/google/inject/guice/7.0.0/guice-7.0.0-classes.jar)
[WARNING] [stderr] WARNING: Please consider reporting this to the maintainers of class com.google.inject.internal.aop.HiddenClassDefiner
[WARNING] [stderr] WARNING: sun.misc.Unsafe::staticFieldBase will be removed in a future release
[WARNING] [stderr] 2026-08-04T20:41:26.404-0600	INFO	ForkJoinPool-1-worker-1	io.trino.simd.BlockEncodingSimdSupport	Detected SIMD Support for architecture=amd64, vectorBitWidth=512: SimdSupport[capabilities=[COMPRESS_BYTE, EXPAND_BYTE, COMPRESS_SHORT, EXPAND_SHORT, COMPRESS_INT, EXPAND_INT, COMPRESS_LONG, EXPAND_LONG]]
[WARNING] [stderr] WARNING: A restricted method in java.lang.System has been called
[WARNING] [stderr] WARNING: java.lang.System::loadLibrary has been called by com.aayushatharva.brotli4j.Brotli4jLoader in an unnamed module (file:/root/.m2/repository/com/aayushatharva/brotli4j/brotli4j/1.23.0/brotli4j-1.23.0.jar)
[WARNING] [stderr] WARNING: Use --enable-native-access=ALL-UNNAMED to avoid a warning for callers in this module
[WARNING] [stderr] WARNING: Restricted methods will be blocked in a future release unless native access is enabled
[WARNING] [stderr] 
[WARNING] [stderr] 2026-08-04T20:41:27.716-0600	INFO	ForkJoinPool-1-worker-1	io.trino.testing.DistributedQueryRunner	Created DistributedQueryRunner in 1.87s (unclosed instances = 1)
[WARNING] [stderr] 2026-08-04T20:41:35.529-0600	INFO	ForkJoinPool-1-worker-1	io.trino.testing.DistributedQueryRunner	Created DistributedQueryRunner in 418.35ms (unclosed instances = 2)
[WARNING] [stderr] 2026-08-04T20:41:42.221-0600	INFO	ForkJoinPool-1-worker-1	stdout	engine,suite,query,measurements,min_ms,p50_ms,p95_ms,mean_ms,cpu_p50_ms,cpu_mean_ms,cpu_over_wall,input_mib,input_positions,nitro_source_drivers,native_sources
[WARNING] [stderr] 2026-08-04T20:41:52.083-0600	INFO	ForkJoinPool-1-worker-1	stdout	operator_cpu,trino,0/ExchangeOperator@645,1,0.000,0.023,0.000,0,20,20,676.360
[WARNING] [stderr] 2026-08-04T20:41:52.083-0600	INFO	ForkJoinPool-1-worker-1	stdout	operator_cpu,trino,0/LocalExchangeSourceOperator@807,1,0.000,0.004,0.000,0,20,20,678.380
[WARNING] [stderr] 2026-08-04T20:41:52.084-0600	INFO	ForkJoinPool-1-worker-1	stdout	operator_cpu,trino,0/TaskOutputOperator@33,1,0.023,0.000,0.001,0,10,10,0.000
[WARNING] [stderr] 2026-08-04T20:41:52.084-0600	INFO	ForkJoinPool-1-worker-1	stdout	operator_cpu,trino,0/LocalExchangeSinkOperator@807,1,0.006,0.000,0.007,0,20,20,0.000
[WARNING] [stderr] 2026-08-04T20:41:52.084-0600	INFO	ForkJoinPool-1-worker-1	stdout	operator_cpu,trino,0/TopNOperator@569,1,0.001,0.081,0.014,0,20,10,0.000
[WARNING] [stderr] 2026-08-04T20:41:52.084-0600	INFO	ForkJoinPool-1-worker-1	stdout	operator_cpu,trino,1/ExchangeOperator@877,2,0.000,0.411,0.000,0,114031,114031,1170.220
[WARNING] [stderr] 2026-08-04T20:41:52.084-0600	INFO	ForkJoinPool-1-worker-1	stdout	operator_cpu,trino,1/LocalExchangeSourceOperator@871,2,0.000,0.059,0.000,0,114031,114031,1341.810
[WARNING] [stderr] 2026-08-04T20:41:52.084-0600	INFO	ForkJoinPool-1-worker-1	stdout	operator_cpu,trino,1/LocalExchangeSourceOperator@831,2,0.000,0.014,0.000,0,20,20,1351.220
[WARNING] [stderr] 2026-08-04T20:41:52.084-0600	INFO	ForkJoinPool-1-worker-1	stdout	operator_cpu,trino,1/TaskOutputOperator@832,2,0.065,0.000,0.003,0,20,20,0.000
[WARNING] [stderr] 2026-08-04T20:41:52.084-0600	INFO	ForkJoinPool-1-worker-1	stdout	operator_cpu,trino,1/TopNOperator@832,2,0.001,0.088,0.025,0,20,20,0.000
[WARNING] [stderr] 2026-08-04T20:41:52.084-0600	INFO	ForkJoinPool-1-worker-1	stdout	operator_cpu,trino,1/LocalExchangeSourceOperator@833,2,0.000,0.006,0.000,0,20,20,1351.230
[WARNING] [stderr] 2026-08-04T20:41:52.084-0600	INFO	ForkJoinPool-1-worker-1	stdout	operator_cpu,trino,1/LocalExchangeSinkOperator@833,2,0.012,0.000,0.008,0,20,20,0.000
[WARNING] [stderr] 2026-08-04T20:41:52.084-0600	INFO	ForkJoinPool-1-worker-1	stdout	operator_cpu,trino,1/TopNOperator@830,2,0.002,0.105,0.025,0,20,20,0.000
[WARNING] [stderr] 2026-08-04T20:41:52.084-0600	INFO	ForkJoinPool-1-worker-1	stdout	operator_cpu,trino,1/LocalExchangeSinkOperator@831,2,0.010,0.000,0.005,0,20,20,0.000
[WARNING] [stderr] 2026-08-04T20:41:52.084-0600	INFO	ForkJoinPool-1-worker-1	stdout	operator_cpu,trino,1/TopNOperator@568,2,0.003,1.661,0.008,0,114003,20,0.000
[WARNING] [stderr] 2026-08-04T20:41:52.084-0600	INFO	ForkJoinPool-1-worker-1	stdout	operator_cpu,trino,1/LocalExchangeSinkOperator@871,2,0.135,0.000,0.037,0,114031,114031,0.000
[WARNING] [stderr] 2026-08-04T20:41:52.084-0600	INFO	ForkJoinPool-1-worker-1	stdout	operator_cpu,trino,1/HashAggregationOperator@24,2,4.110,2.500,0.037,0,114031,114003,0.000
[WARNING] [stderr] 2026-08-04T20:41:52.084-0600	INFO	ForkJoinPool-1-worker-1	stdout	operator_cpu,trino,2/ExchangeOperator@643,2,0.000,13.500,0.000,0,2923846,2923846,552.240
[WARNING] [stderr] 2026-08-04T20:41:52.084-0600	INFO	ForkJoinPool-1-worker-1	stdout	operator_cpu,trino,2/LocalExchangeSourceOperator@805,2,0.000,3.150,0.000,0,2923846,2923846,595.160
[WARNING] [stderr] 2026-08-04T20:41:52.084-0600	INFO	ForkJoinPool-1-worker-1	stdout	operator_cpu,trino,2/ScanFilterAndProjectOperator@729,19,0.000,1160.560,0.000,59986052,59986052,32334250,0.000
[WARNING] [stderr] 2026-08-04T20:41:52.084-0600	INFO	ForkJoinPool-1-worker-1	stdout	operator_cpu,trino,2/LookupJoinOperator@544,19,0.154,366.810,0.016,0,8281027,114031,2370.000
[WARNING] [stderr] 2026-08-04T20:41:52.084-0600	INFO	ForkJoinPool-1-worker-1	stdout	operator_cpu,trino,2/PartitionedOutputOperator@544,19,7.580,0.000,1.021,0,114031,114031,0.000
[WARNING] [stderr] 2026-08-04T20:41:52.084-0600	INFO	ForkJoinPool-1-worker-1	stdout	operator_cpu,trino,2/HashAggregationOperator@875,19,601.840,78.190,0.605,0,32334250,8281027,0.000
[WARNING] [stderr] 2026-08-04T20:41:52.084-0600	INFO	ForkJoinPool-1-worker-1	stdout	operator_cpu,trino,2/FilterAndProjectOperator@881,19,3.450,98.500,0.028,0,32334250,32334250,0.000
[WARNING] [stderr] 2026-08-04T20:41:52.084-0600	INFO	ForkJoinPool-1-worker-1	stdout	operator_cpu,trino,2/HashBuilderOperator@544,2,13.340,0.000,65.480,0,2923846,2923846,528.910
[WARNING] [stderr] 2026-08-04T20:41:52.085-0600	INFO	ForkJoinPool-1-worker-1	stdout	operator_cpu,trino,2/LocalExchangeSinkOperator@805,2,4.150,0.000,0.194,0,2923846,2923846,0.000
[WARNING] [stderr] 2026-08-04T20:41:52.085-0600	INFO	ForkJoinPool-1-worker-1	stdout	operator_cpu,trino,2/DynamicFilterSourceOperator@544,2,5.720,1.991,0.003,0,2923846,2923846,0.000
[WARNING] [stderr] 2026-08-04T20:41:52.085-0600	INFO	ForkJoinPool-1-worker-1	stdout	operator_cpu,trino,3/ExchangeOperator@642,2,0.000,0.949,0.000,0,600552,600552,15.260
[WARNING] [stderr] 2026-08-04T20:41:52.085-0600	INFO	ForkJoinPool-1-worker-1	stdout	operator_cpu,trino,3/LocalExchangeSourceOperator@804,2,0.000,0.365,0.000,0,600552,600552,169.750
[WARNING] [stderr] 2026-08-04T20:41:52.085-0600	INFO	ForkJoinPool-1-worker-1	stdout	operator_cpu,trino,3/ScanFilterAndProjectOperator@724,6,0.000,330.190,0.000,15000000,15000000,7289442,0.000
[WARNING] [stderr] 2026-08-04T20:41:52.085-0600	INFO	ForkJoinPool-1-worker-1	stdout	operator_cpu,trino,3/TaskOutputOperator@543,6,26.220,0.000,0.014,0,1461923,1461923,0.000
[WARNING] [stderr] 2026-08-04T20:41:52.085-0600	INFO	ForkJoinPool-1-worker-1	stdout	operator_cpu,trino,3/LookupJoinOperator@543,6,0.912,210.980,0.009,0,7289442,1461923,721.850
[WARNING] [stderr] 2026-08-04T20:41:52.085-0600	INFO	ForkJoinPool-1-worker-1	stdout	operator_cpu,trino,3/HashBuilderOperator@543,2,1.635,0.000,10.730,0,600552,600552,378.280
[WARNING] [stderr] 2026-08-04T20:41:52.085-0600	INFO	ForkJoinPool-1-worker-1	stdout	operator_cpu,trino,3/LocalExchangeSinkOperator@804,2,0.243,0.000,0.029,0,600552,600552,0.000
[WARNING] [stderr] 2026-08-04T20:41:52.085-0600	INFO	ForkJoinPool-1-worker-1	stdout	operator_cpu,trino,3/DynamicFilterSourceOperator@543,2,3.840,0.165,0.002,0,600552,600552,0.000
[WARNING] [stderr] 2026-08-04T20:41:52.085-0600	INFO	ForkJoinPool-1-worker-1	stdout	operator_cpu,trino,4/ScanFilterAndProjectOperator@326,3,0.000,17.470,0.000,1500000,1500000,300276,0.000
[WARNING] [stderr] 2026-08-04T20:41:52.085-0600	INFO	ForkJoinPool-1-worker-1	stdout	operator_cpu,trino,4/TaskOutputOperator@326,3,0.566,0.000,0.006,0,300276,300276,0.000
[WARNING] [stderr] 2026-08-04T20:41:52.698-0600	INFO	ForkJoinPool-1-worker-1	stdout	operator_cpu,nitro,0/ExchangeOperator@645,1,0.000,0.021,0.000,0,20,20,577.380
[WARNING] [stderr] 2026-08-04T20:41:52.698-0600	INFO	ForkJoinPool-1-worker-1	stdout	operator_cpu,nitro,0/LocalExchangeSourceOperator@807,1,0.000,0.004,0.000,0,20,20,577.370
[WARNING] [stderr] 2026-08-04T20:41:52.698-0600	INFO	ForkJoinPool-1-worker-1	stdout	operator_cpu,nitro,0/TaskOutputOperator@33,1,0.019,0.000,0.006,0,10,10,0.000
[WARNING] [stderr] 2026-08-04T20:41:52.698-0600	INFO	ForkJoinPool-1-worker-1	stdout	operator_cpu,nitro,0/LocalExchangeSinkOperator@807,1,0.006,0.000,0.010,0,20,20,0.000
[WARNING] [stderr] 2026-08-04T20:41:52.698-0600	INFO	ForkJoinPool-1-worker-1	stdout	operator_cpu,nitro,0/TrinoNitroTopNOperator@569,1,0.128,0.071,0.002,0,20,10,0.000
[WARNING] [stderr] 2026-08-04T20:41:52.698-0600	INFO	ForkJoinPool-1-worker-1	stdout	operator_cpu,nitro,1/ExchangeOperator@877,2,0.000,0.476,0.000,0,114031,114031,988.680
[WARNING] [stderr] 2026-08-04T20:41:52.698-0600	INFO	ForkJoinPool-1-worker-1	stdout	operator_cpu,nitro,1/LocalExchangeSourceOperator@871,2,0.000,0.055,0.000,0,114031,114031,1104.990
[WARNING] [stderr] 2026-08-04T20:41:52.698-0600	INFO	ForkJoinPool-1-worker-1	stdout	operator_cpu,nitro,1/LocalExchangeSourceOperator@831,2,0.000,0.019,0.000,0,20,20,1153.630
[WARNING] [stderr] 2026-08-04T20:41:52.698-0600	INFO	ForkJoinPool-1-worker-1	stdout	operator_cpu,nitro,1/TaskOutputOperator@832,2,0.053,0.000,0.004,0,20,20,0.000
[WARNING] [stderr] 2026-08-04T20:41:52.698-0600	INFO	ForkJoinPool-1-worker-1	stdout	operator_cpu,nitro,1/TrinoNitroTopNOperator@832,2,0.178,0.099,0.002,0,20,20,0.000
[WARNING] [stderr] 2026-08-04T20:41:52.698-0600	INFO	ForkJoinPool-1-worker-1	stdout	operator_cpu,nitro,1/LocalExchangeSourceOperator@833,2,0.000,0.014,0.000,0,20,20,1154.560
[WARNING] [stderr] 2026-08-04T20:41:52.698-0600	INFO	ForkJoinPool-1-worker-1	stdout	operator_cpu,nitro,1/LocalExchangeSinkOperator@833,2,0.010,0.000,0.006,0,20,20,0.000
[WARNING] [stderr] 2026-08-04T20:41:52.698-0600	INFO	ForkJoinPool-1-worker-1	stdout	operator_cpu,nitro,1/TrinoNitroTopNOperator@830,2,0.219,0.132,0.003,0,20,20,0.000
[WARNING] [stderr] 2026-08-04T20:41:52.698-0600	INFO	ForkJoinPool-1-worker-1	stdout	operator_cpu,nitro,1/LocalExchangeSinkOperator@831,2,0.013,0.000,0.010,0,20,20,0.000
[WARNING] [stderr] 2026-08-04T20:41:52.698-0600	INFO	ForkJoinPool-1-worker-1	stdout	operator_cpu,nitro,1/LocalExchangeSinkOperator@871,2,0.133,0.000,0.029,0,114031,114031,0.000
[WARNING] [stderr] 2026-08-04T20:41:52.698-0600	INFO	ForkJoinPool-1-worker-1	stdout	operator_cpu,nitro,1/TrinoNitroAggregationOperator@24,2,7.850,2.940,0.004,0,114031,20,0.000
[WARNING] [stderr] 2026-08-04T20:41:52.698-0600	INFO	ForkJoinPool-1-worker-1	stdout	operator_cpu,nitro,2/ExchangeOperator@643,2,0.000,3.690,0.000,0,2923846,2923846,279.040
[WARNING] [stderr] 2026-08-04T20:41:52.698-0600	INFO	ForkJoinPool-1-worker-1	stdout	operator_cpu,nitro,2/LocalExchangeSourceOperator@805,2,0.000,0.470,0.000,0,2923846,2923846,297.800
[WARNING] [stderr] 2026-08-04T20:41:52.698-0600	INFO	ForkJoinPool-1-worker-1	stdout	operator_cpu,nitro,2/TrinoNitroAggregationSourceOperator@875,19,0.000,2058.620,0.000,59986052,32334250,8281028,0.000
[WARNING] [stderr] 2026-08-04T20:41:52.698-0600	INFO	ForkJoinPool-1-worker-1	stdout	operator_cpu,nitro,2/PartitionedOutputOperator@544,19,1.439,0.000,1.650,0,114031,114031,0.000
[WARNING] [stderr] 2026-08-04T20:41:52.698-0600	INFO	ForkJoinPool-1-worker-1	stdout	operator_cpu,nitro,2/TrinoNitroHashJoinOperator@544,19,1.705,65.330,0.596,0,8281028,114031,2159.890
[WARNING] [stderr] 2026-08-04T20:41:52.698-0600	INFO	ForkJoinPool-1-worker-1	stdout	operator_cpu,nitro,2/TrinoNitroHashBuildOperator@544,2,1.280,0.000,93.940,0,2923846,0,677.150
[WARNING] [stderr] 2026-08-04T20:41:52.698-0600	INFO	ForkJoinPool-1-worker-1	stdout	operator_cpu,nitro,2/LocalExchangeSinkOperator@805,2,1.158,0.000,0.074,0,2923846,2923846,0.000
[WARNING] [stderr] 2026-08-04T20:41:52.699-0600	INFO	ForkJoinPool-1-worker-1	stdout	operator_cpu,nitro,2/DynamicFilterSourceOperator@544,2,3.750,0.487,0.003,0,2923846,2923846,0.000
[WARNING] [stderr] 2026-08-04T20:41:52.699-0600	INFO	ForkJoinPool-1-worker-1	stdout	operator_cpu,nitro,3/ExchangeOperator@642,2,0.000,0.482,0.000,0,600552,600552,20.000
[WARNING] [stderr] 2026-08-04T20:41:52.699-0600	INFO	ForkJoinPool-1-worker-1	stdout	operator_cpu,nitro,3/LocalExchangeSourceOperator@804,2,0.000,0.088,0.000,0,600552,600552,15.220
[WARNING] [stderr] 2026-08-04T20:41:52.699-0600	INFO	ForkJoinPool-1-worker-1	stdout	operator_cpu,nitro,3/TaskOutputOperator@543,6,2.780,0.000,0.017,0,1461923,1461923,0.000
[WARNING] [stderr] 2026-08-04T20:41:52.699-0600	INFO	ForkJoinPool-1-worker-1	stdout	operator_cpu,nitro,3/TrinoNitroPipelineSourceOperator@543,6,0.000,534.660,0.000,15000000,7289442,1461923,81.160
[WARNING] [stderr] 2026-08-04T20:41:52.699-0600	INFO	ForkJoinPool-1-worker-1	stdout	operator_cpu,nitro,3/TrinoNitroHashBuildOperator@543,2,0.162,0.000,5.220,0,600552,0,271.330
[WARNING] [stderr] 2026-08-04T20:41:52.699-0600	INFO	ForkJoinPool-1-worker-1	stdout	operator_cpu,nitro,3/LocalExchangeSinkOperator@804,2,0.111,0.000,0.027,0,600552,600552,0.000
[WARNING] [stderr] 2026-08-04T20:41:52.699-0600	INFO	ForkJoinPool-1-worker-1	stdout	operator_cpu,nitro,3/DynamicFilterSourceOperator@543,2,3.590,0.075,0.003,0,600552,600552,0.000
[WARNING] [stderr] 2026-08-04T20:41:52.699-0600	INFO	ForkJoinPool-1-worker-1	stdout	operator_cpu,nitro,4/TrinoNitroPipelineSourceOperator@326,3,0.000,16.580,0.000,1500000,1500000,300276,0.000
[WARNING] [stderr] 2026-08-04T20:41:52.699-0600	INFO	ForkJoinPool-1-worker-1	stdout	operator_cpu,nitro,4/TaskOutputOperator@326,3,0.326,0.000,0.008,0,300276,300276,0.000
[WARNING] [stderr] 2026-08-04T20:41:53.274-0600	INFO	ForkJoinPool-1-worker-1	stdout	operator_cpu,nitro,0/ExchangeOperator@645,1,0.000,0.022,0.000,0,20,20,544.350
[WARNING] [stderr] 2026-08-04T20:41:53.274-0600	INFO	ForkJoinPool-1-worker-1	stdout	operator_cpu,nitro,0/LocalExchangeSourceOperator@807,1,0.000,0.005,0.000,0,20,20,544.090
[WARNING] [stderr] 2026-08-04T20:41:53.274-0600	INFO	ForkJoinPool-1-worker-1	stdout	operator_cpu,nitro,0/TaskOutputOperator@33,1,0.020,0.000,0.001,0,10,10,0.000
[WARNING] [stderr] 2026-08-04T20:41:53.274-0600	INFO	ForkJoinPool-1-worker-1	stdout	operator_cpu,nitro,0/LocalExchangeSinkOperator@807,1,0.006,0.000,0.012,0,20,20,0.000
[WARNING] [stderr] 2026-08-04T20:41:53.274-0600	INFO	ForkJoinPool-1-worker-1	stdout	operator_cpu,nitro,0/TrinoNitroTopNOperator@569,1,0.126,0.063,0.002,0,20,10,0.000
[WARNING] [stderr] 2026-08-04T20:41:53.274-0600	INFO	ForkJoinPool-1-worker-1	stdout	operator_cpu,nitro,1/ExchangeOperator@877,2,0.000,0.378,0.000,0,114031,114031,839.580
[WARNING] [stderr] 2026-08-04T20:41:53.274-0600	INFO	ForkJoinPool-1-worker-1	stdout	operator_cpu,nitro,1/LocalExchangeSourceOperator@871,2,0.000,0.044,0.000,0,114031,114031,963.550
[WARNING] [stderr] 2026-08-04T20:41:53.274-0600	INFO	ForkJoinPool-1-worker-1	stdout	operator_cpu,nitro,1/LocalExchangeSourceOperator@831,2,0.000,0.018,0.000,0,20,20,1085.710
[WARNING] [stderr] 2026-08-04T20:41:53.274-0600	INFO	ForkJoinPool-1-worker-1	stdout	operator_cpu,nitro,1/TaskOutputOperator@832,2,0.050,0.000,0.003,0,20,20,0.000
[WARNING] [stderr] 2026-08-04T20:41:53.274-0600	INFO	ForkJoinPool-1-worker-1	stdout	operator_cpu,nitro,1/TrinoNitroTopNOperator@832,2,0.162,0.088,0.002,0,20,20,0.000
[WARNING] [stderr] 2026-08-04T20:41:53.274-0600	INFO	ForkJoinPool-1-worker-1	stdout	operator_cpu,nitro,1/LocalExchangeSourceOperator@833,2,0.000,0.015,0.000,0,20,20,1085.780
[WARNING] [stderr] 2026-08-04T20:41:53.274-0600	INFO	ForkJoinPool-1-worker-1	stdout	operator_cpu,nitro,1/LocalExchangeSinkOperator@833,2,0.010,0.000,0.006,0,20,20,0.000
[WARNING] [stderr] 2026-08-04T20:41:53.274-0600	INFO	ForkJoinPool-1-worker-1	stdout	operator_cpu,nitro,1/TrinoNitroTopNOperator@830,2,0.207,0.160,0.002,0,20,20,0.000
[WARNING] [stderr] 2026-08-04T20:41:53.274-0600	INFO	ForkJoinPool-1-worker-1	stdout	operator_cpu,nitro,1/LocalExchangeSinkOperator@831,2,0.011,0.000,0.009,0,20,20,0.000
[WARNING] [stderr] 2026-08-04T20:41:53.274-0600	INFO	ForkJoinPool-1-worker-1	stdout	operator_cpu,nitro,1/LocalExchangeSinkOperator@871,2,0.094,0.000,0.028,0,114031,114031,0.000
[WARNING] [stderr] 2026-08-04T20:41:53.274-0600	INFO	ForkJoinPool-1-worker-1	stdout	operator_cpu,nitro,1/TrinoNitroAggregationOperator@24,2,6.070,2.530,0.003,0,114031,20,0.000
[WARNING] [stderr] 2026-08-04T20:41:53.274-0600	INFO	ForkJoinPool-1-worker-1	stdout	operator_cpu,nitro,2/ExchangeOperator@643,2,0.000,3.730,0.000,0,2923846,2923846,278.010
[WARNING] [stderr] 2026-08-04T20:41:53.274-0600	INFO	ForkJoinPool-1-worker-1	stdout	operator_cpu,nitro,2/LocalExchangeSourceOperator@805,2,0.000,0.461,0.000,0,2923846,2923846,287.470
[WARNING] [stderr] 2026-08-04T20:41:53.274-0600	INFO	ForkJoinPool-1-worker-1	stdout	operator_cpu,nitro,2/TrinoNitroAggregationSourceOperator@875,19,0.000,2090.000,0.000,59986052,32334250,8281028,0.000
[WARNING] [stderr] 2026-08-04T20:41:53.274-0600	INFO	ForkJoinPool-1-worker-1	stdout	operator_cpu,nitro,2/PartitionedOutputOperator@544,19,1.308,0.000,1.759,0,114031,114031,0.000
[WARNING] [stderr] 2026-08-04T20:41:53.274-0600	INFO	ForkJoinPool-1-worker-1	stdout	operator_cpu,nitro,2/TrinoNitroHashJoinOperator@544,19,1.889,62.360,0.751,0,8281028,114031,1672.910
[WARNING] [stderr] 2026-08-04T20:41:53.274-0600	INFO	ForkJoinPool-1-worker-1	stdout	operator_cpu,nitro,2/TrinoNitroHashBuildOperator@544,2,1.139,0.000,92.910,0,2923846,0,666.540
[WARNING] [stderr] 2026-08-04T20:41:53.274-0600	INFO	ForkJoinPool-1-worker-1	stdout	operator_cpu,nitro,2/LocalExchangeSinkOperator@805,2,1.087,0.000,0.071,0,2923846,2923846,0.000
[WARNING] [stderr] 2026-08-04T20:41:53.274-0600	INFO	ForkJoinPool-1-worker-1	stdout	operator_cpu,nitro,2/DynamicFilterSourceOperator@544,2,3.710,0.430,0.005,0,2923846,2923846,0.000
[WARNING] [stderr] 2026-08-04T20:41:53.274-0600	INFO	ForkJoinPool-1-worker-1	stdout	operator_cpu,nitro,3/ExchangeOperator@642,2,0.000,0.478,0.000,0,600552,600552,20.340
[WARNING] [stderr] 2026-08-04T20:41:53.275-0600	INFO	ForkJoinPool-1-worker-1	stdout	operator_cpu,nitro,3/LocalExchangeSourceOperator@804,2,0.000,0.105,0.000,0,600552,600552,18.340
[WARNING] [stderr] 2026-08-04T20:41:53.275-0600	INFO	ForkJoinPool-1-worker-1	stdout	operator_cpu,nitro,3/TaskOutputOperator@543,6,2.860,0.000,0.016,0,1461923,1461923,0.000
[WARNING] [stderr] 2026-08-04T20:41:53.275-0600	INFO	ForkJoinPool-1-worker-1	stdout	operator_cpu,nitro,3/TrinoNitroPipelineSourceOperator@543,6,0.000,544.680,0.000,15000000,7289442,1461923,80.190
[WARNING] [stderr] 2026-08-04T20:41:53.275-0600	INFO	ForkJoinPool-1-worker-1	stdout	operator_cpu,nitro,3/TrinoNitroHashBuildOperator@543,2,0.214,0.000,5.190,0,600552,0,270.940
[WARNING] [stderr] 2026-08-04T20:41:53.275-0600	INFO	ForkJoinPool-1-worker-1	stdout	operator_cpu,nitro,3/LocalExchangeSinkOperator@804,2,0.154,0.000,0.026,0,600552,600552,0.000
[WARNING] [stderr] 2026-08-04T20:41:53.275-0600	INFO	ForkJoinPool-1-worker-1	stdout	operator_cpu,nitro,3/DynamicFilterSourceOperator@543,2,3.630,0.092,0.003,0,600552,600552,0.000
[WARNING] [stderr] 2026-08-04T20:41:53.275-0600	INFO	ForkJoinPool-1-worker-1	stdout	operator_cpu,nitro,4/TrinoNitroPipelineSourceOperator@326,3,0.000,16.430,0.000,1500000,1500000,300276,0.000
[WARNING] [stderr] 2026-08-04T20:41:53.275-0600	INFO	ForkJoinPool-1-worker-1	stdout	operator_cpu,nitro,4/TaskOutputOperator@326,3,0.320,0.000,0.018,0,300276,300276,0.000
[WARNING] [stderr] 2026-08-04T20:41:53.918-0600	INFO	ForkJoinPool-1-worker-1	stdout	operator_cpu,trino,0/ExchangeOperator@645,1,0.000,0.024,0.000,0,20,20,610.750
[WARNING] [stderr] 2026-08-04T20:41:53.918-0600	INFO	ForkJoinPool-1-worker-1	stdout	operator_cpu,trino,0/LocalExchangeSourceOperator@807,1,0.000,0.005,0.000,0,20,20,610.920
[WARNING] [stderr] 2026-08-04T20:41:53.918-0600	INFO	ForkJoinPool-1-worker-1	stdout	operator_cpu,trino,0/TaskOutputOperator@33,1,0.018,0.000,0.001,0,10,10,0.000
[WARNING] [stderr] 2026-08-04T20:41:53.918-0600	INFO	ForkJoinPool-1-worker-1	stdout	operator_cpu,trino,0/LocalExchangeSinkOperator@807,1,0.006,0.000,0.009,0,20,20,0.000
[WARNING] [stderr] 2026-08-04T20:41:53.918-0600	INFO	ForkJoinPool-1-worker-1	stdout	operator_cpu,trino,0/TopNOperator@569,1,0.001,0.086,0.012,0,20,10,0.000
[WARNING] [stderr] 2026-08-04T20:41:53.918-0600	INFO	ForkJoinPool-1-worker-1	stdout	operator_cpu,trino,1/ExchangeOperator@877,2,0.000,0.451,0.000,0,114031,114031,1090.750
[WARNING] [stderr] 2026-08-04T20:41:53.919-0600	INFO	ForkJoinPool-1-worker-1	stdout	operator_cpu,trino,1/LocalExchangeSourceOperator@871,2,0.000,0.049,0.000,0,114031,114031,1182.630
[WARNING] [stderr] 2026-08-04T20:41:53.919-0600	INFO	ForkJoinPool-1-worker-1	stdout	operator_cpu,trino,1/LocalExchangeSourceOperator@831,2,0.000,0.012,0.000,0,20,20,1217.850
[WARNING] [stderr] 2026-08-04T20:41:53.919-0600	INFO	ForkJoinPool-1-worker-1	stdout	operator_cpu,trino,1/TaskOutputOperator@832,2,0.051,0.000,0.002,0,20,20,0.000
[WARNING] [stderr] 2026-08-04T20:41:53.919-0600	INFO	ForkJoinPool-1-worker-1	stdout	operator_cpu,trino,1/TopNOperator@832,2,0.001,0.056,0.012,0,20,20,0.000
[WARNING] [stderr] 2026-08-04T20:41:53.919-0600	INFO	ForkJoinPool-1-worker-1	stdout	operator_cpu,trino,1/LocalExchangeSourceOperator@833,2,0.000,0.007,0.000,0,20,20,1217.990
[WARNING] [stderr] 2026-08-04T20:41:53.919-0600	INFO	ForkJoinPool-1-worker-1	stdout	operator_cpu,trino,1/LocalExchangeSinkOperator@833,2,0.011,0.000,0.004,0,20,20,0.000
[WARNING] [stderr] 2026-08-04T20:41:53.919-0600	INFO	ForkJoinPool-1-worker-1	stdout	operator_cpu,trino,1/TopNOperator@830,2,0.002,0.098,0.019,0,20,20,0.000
[WARNING] [stderr] 2026-08-04T20:41:53.919-0600	INFO	ForkJoinPool-1-worker-1	stdout	operator_cpu,trino,1/LocalExchangeSinkOperator@831,2,0.010,0.000,0.006,0,20,20,0.000
[WARNING] [stderr] 2026-08-04T20:41:53.919-0600	INFO	ForkJoinPool-1-worker-1	stdout	operator_cpu,trino,1/TopNOperator@568,2,0.004,1.547,0.011,0,114003,20,0.000
[WARNING] [stderr] 2026-08-04T20:41:53.919-0600	INFO	ForkJoinPool-1-worker-1	stdout	operator_cpu,trino,1/LocalExchangeSinkOperator@871,2,0.123,0.000,0.034,0,114031,114031,0.000
[WARNING] [stderr] 2026-08-04T20:41:53.919-0600	INFO	ForkJoinPool-1-worker-1	stdout	operator_cpu,trino,1/HashAggregationOperator@24,2,3.990,2.490,0.033,0,114031,114003,0.000
[WARNING] [stderr] 2026-08-04T20:41:53.919-0600	INFO	ForkJoinPool-1-worker-1	stdout	operator_cpu,trino,2/ExchangeOperator@643,2,0.000,13.690,0.000,0,2923846,2923846,266.820
[WARNING] [stderr] 2026-08-04T20:41:53.919-0600	INFO	ForkJoinPool-1-worker-1	stdout	operator_cpu,trino,2/LocalExchangeSourceOperator@805,2,0.000,3.180,0.000,0,2923846,2923846,506.750
[WARNING] [stderr] 2026-08-04T20:41:53.919-0600	INFO	ForkJoinPool-1-worker-1	stdout	operator_cpu,trino,2/ScanFilterAndProjectOperator@729,19,0.000,1166.550,0.000,59986052,59986052,32334250,0.000
[WARNING] [stderr] 2026-08-04T20:41:53.919-0600	INFO	ForkJoinPool-1-worker-1	stdout	operator_cpu,trino,2/LookupJoinOperator@544,19,0.139,352.420,0.007,0,8281027,114031,1784.060
[WARNING] [stderr] 2026-08-04T20:41:53.919-0600	INFO	ForkJoinPool-1-worker-1	stdout	operator_cpu,trino,2/PartitionedOutputOperator@544,19,6.480,0.000,0.948,0,114031,114031,0.000
[WARNING] [stderr] 2026-08-04T20:41:53.919-0600	INFO	ForkJoinPool-1-worker-1	stdout	operator_cpu,trino,2/HashAggregationOperator@875,19,600.150,78.630,0.525,0,32334250,8281027,0.000
[WARNING] [stderr] 2026-08-04T20:41:53.919-0600	INFO	ForkJoinPool-1-worker-1	stdout	operator_cpu,trino,2/FilterAndProjectOperator@881,19,3.410,98.420,0.015,0,32334250,32334250,0.000
[WARNING] [stderr] 2026-08-04T20:41:53.919-0600	INFO	ForkJoinPool-1-worker-1	stdout	operator_cpu,trino,2/HashBuilderOperator@544,2,12.680,0.000,62.820,0,2923846,2923846,391.460
[WARNING] [stderr] 2026-08-04T20:41:53.919-0600	INFO	ForkJoinPool-1-worker-1	stdout	operator_cpu,trino,2/LocalExchangeSinkOperator@805,2,3.520,0.000,0.136,0,2923846,2923846,0.000
[WARNING] [stderr] 2026-08-04T20:41:53.919-0600	INFO	ForkJoinPool-1-worker-1	stdout	operator_cpu,trino,2/DynamicFilterSourceOperator@544,2,5.460,1.791,0.003,0,2923846,2923846,0.000
[WARNING] [stderr] 2026-08-04T20:41:53.919-0600	INFO	ForkJoinPool-1-worker-1	stdout	operator_cpu,trino,3/ExchangeOperator@642,2,0.000,1.272,0.000,0,600552,600552,17.450
[WARNING] [stderr] 2026-08-04T20:41:53.919-0600	INFO	ForkJoinPool-1-worker-1	stdout	operator_cpu,trino,3/LocalExchangeSourceOperator@804,2,0.000,0.381,0.000,0,600552,600552,133.480
[WARNING] [stderr] 2026-08-04T20:41:53.919-0600	INFO	ForkJoinPool-1-worker-1	stdout	operator_cpu,trino,3/ScanFilterAndProjectOperator@724,6,0.000,347.230,0.000,15000000,15000000,7289442,0.000
[WARNING] [stderr] 2026-08-04T20:41:53.919-0600	INFO	ForkJoinPool-1-worker-1	stdout	operator_cpu,trino,3/TaskOutputOperator@543,6,28.250,0.000,0.008,0,1461923,1461923,0.000
[WARNING] [stderr] 2026-08-04T20:41:53.919-0600	INFO	ForkJoinPool-1-worker-1	stdout	operator_cpu,trino,3/LookupJoinOperator@543,6,0.877,240.220,0.006,0,7289442,1461923,238.770
[WARNING] [stderr] 2026-08-04T20:41:53.919-0600	INFO	ForkJoinPool-1-worker-1	stdout	operator_cpu,trino,3/HashBuilderOperator@543,2,2.144,0.000,9.240,0,600552,600552,441.250
[WARNING] [stderr] 2026-08-04T20:41:53.919-0600	INFO	ForkJoinPool-1-worker-1	stdout	operator_cpu,trino,3/LocalExchangeSinkOperator@804,2,0.274,0.000,0.027,0,600552,600552,0.000
[WARNING] [stderr] 2026-08-04T20:41:53.919-0600	INFO	ForkJoinPool-1-worker-1	stdout	operator_cpu,trino,3/DynamicFilterSourceOperator@543,2,4.100,0.172,0.002,0,600552,600552,0.000
[WARNING] [stderr] 2026-08-04T20:41:53.919-0600	INFO	ForkJoinPool-1-worker-1	stdout	operator_cpu,trino,4/ScanFilterAndProjectOperator@326,3,0.000,17.120,0.000,1500000,1500000,300276,0.000
[WARNING] [stderr] 2026-08-04T20:41:53.919-0600	INFO	ForkJoinPool-1-worker-1	stdout	operator_cpu,trino,4/TaskOutputOperator@326,3,0.490,0.000,0.005,0,300276,300276,0.000
[WARNING] [stderr] 2026-08-04T20:41:54.599-0600	INFO	ForkJoinPool-1-worker-1	stdout	operator_cpu,trino,0/ExchangeOperator@645,1,0.000,0.022,0.000,0,20,20,647.380
[WARNING] [stderr] 2026-08-04T20:41:54.599-0600	INFO	ForkJoinPool-1-worker-1	stdout	operator_cpu,trino,0/LocalExchangeSourceOperator@807,1,0.000,0.003,0.000,0,20,20,649.700
[WARNING] [stderr] 2026-08-04T20:41:54.599-0600	INFO	ForkJoinPool-1-worker-1	stdout	operator_cpu,trino,0/TaskOutputOperator@33,1,0.019,0.000,0.001,0,10,10,0.000
[WARNING] [stderr] 2026-08-04T20:41:54.599-0600	INFO	ForkJoinPool-1-worker-1	stdout	operator_cpu,trino,0/LocalExchangeSinkOperator@807,1,0.006,0.000,0.019,0,20,20,0.000
[WARNING] [stderr] 2026-08-04T20:41:54.599-0600	INFO	ForkJoinPool-1-worker-1	stdout	operator_cpu,trino,0/TopNOperator@569,1,0.001,0.056,0.023,0,20,10,0.000
[WARNING] [stderr] 2026-08-04T20:41:54.599-0600	INFO	ForkJoinPool-1-worker-1	stdout	operator_cpu,trino,1/ExchangeOperator@877,2,0.000,0.363,0.000,0,114031,114031,1277.510
[WARNING] [stderr] 2026-08-04T20:41:54.599-0600	INFO	ForkJoinPool-1-worker-1	stdout	operator_cpu,trino,1/LocalExchangeSourceOperator@871,2,0.000,0.044,0.000,0,114031,114031,1279.170
[WARNING] [stderr] 2026-08-04T20:41:54.599-0600	INFO	ForkJoinPool-1-worker-1	stdout	operator_cpu,trino,1/LocalExchangeSourceOperator@831,2,0.000,0.016,0.000,0,20,20,1295.960
[WARNING] [stderr] 2026-08-04T20:41:54.599-0600	INFO	ForkJoinPool-1-worker-1	stdout	operator_cpu,trino,1/TaskOutputOperator@832,2,0.047,0.000,0.002,0,20,20,0.000
[WARNING] [stderr] 2026-08-04T20:41:54.599-0600	INFO	ForkJoinPool-1-worker-1	stdout	operator_cpu,trino,1/TopNOperator@832,2,0.001,0.074,0.032,0,20,20,0.000
[WARNING] [stderr] 2026-08-04T20:41:54.599-0600	INFO	ForkJoinPool-1-worker-1	stdout	operator_cpu,trino,1/LocalExchangeSourceOperator@833,2,0.000,0.016,0.000,0,20,20,1294.520
[WARNING] [stderr] 2026-08-04T20:41:54.599-0600	INFO	ForkJoinPool-1-worker-1	stdout	operator_cpu,trino,1/LocalExchangeSinkOperator@833,2,0.010,0.000,0.009,0,20,20,0.000
[WARNING] [stderr] 2026-08-04T20:41:54.599-0600	INFO	ForkJoinPool-1-worker-1	stdout	operator_cpu,trino,1/TopNOperator@830,2,0.002,0.086,0.020,0,20,20,0.000
[WARNING] [stderr] 2026-08-04T20:41:54.599-0600	INFO	ForkJoinPool-1-worker-1	stdout	operator_cpu,trino,1/LocalExchangeSinkOperator@831,2,0.009,0.000,0.019,0,20,20,0.000
[WARNING] [stderr] 2026-08-04T20:41:54.599-0600	INFO	ForkJoinPool-1-worker-1	stdout	operator_cpu,trino,1/TopNOperator@568,2,0.003,1.643,0.007,0,114003,20,0.000
[WARNING] [stderr] 2026-08-04T20:41:54.599-0600	INFO	ForkJoinPool-1-worker-1	stdout	operator_cpu,trino,1/LocalExchangeSinkOperator@871,2,0.118,0.000,0.039,0,114031,114031,0.000
[WARNING] [stderr] 2026-08-04T20:41:54.599-0600	INFO	ForkJoinPool-1-worker-1	stdout	operator_cpu,trino,1/HashAggregationOperator@24,2,3.890,2.480,0.026,0,114031,114003,0.000
[WARNING] [stderr] 2026-08-04T20:41:54.599-0600	INFO	ForkJoinPool-1-worker-1	stdout	operator_cpu,trino,2/ExchangeOperator@643,2,0.000,14.570,0.000,0,2923846,2923846,284.360
[WARNING] [stderr] 2026-08-04T20:41:54.599-0600	INFO	ForkJoinPool-1-worker-1	stdout	operator_cpu,trino,2/LocalExchangeSourceOperator@805,2,0.000,3.200,0.000,0,2923846,2923846,504.170
[WARNING] [stderr] 2026-08-04T20:41:54.599-0600	INFO	ForkJoinPool-1-worker-1	stdout	operator_cpu,trino,2/ScanFilterAndProjectOperator@729,19,0.000,1158.230,0.000,59986052,59986052,32334250,0.000
[WARNING] [stderr] 2026-08-04T20:41:54.599-0600	INFO	ForkJoinPool-1-worker-1	stdout	operator_cpu,trino,2/LookupJoinOperator@544,19,0.153,362.090,0.006,0,8281027,114031,1736.450
[WARNING] [stderr] 2026-08-04T20:41:54.599-0600	INFO	ForkJoinPool-1-worker-1	stdout	operator_cpu,trino,2/PartitionedOutputOperator@544,19,6.790,0.000,0.653,0,114031,114031,0.000
[WARNING] [stderr] 2026-08-04T20:41:54.599-0600	INFO	ForkJoinPool-1-worker-1	stdout	operator_cpu,trino,2/HashAggregationOperator@875,19,602.350,79.160,0.418,0,32334250,8281027,0.000
[WARNING] [stderr] 2026-08-04T20:41:54.599-0600	INFO	ForkJoinPool-1-worker-1	stdout	operator_cpu,trino,2/FilterAndProjectOperator@881,19,3.360,98.500,0.016,0,32334250,32334250,0.000
[WARNING] [stderr] 2026-08-04T20:41:54.600-0600	INFO	ForkJoinPool-1-worker-1	stdout	operator_cpu,trino,2/HashBuilderOperator@544,2,11.850,0.000,56.360,0,2923846,2923846,479.860
[WARNING] [stderr] 2026-08-04T20:41:54.600-0600	INFO	ForkJoinPool-1-worker-1	stdout	operator_cpu,trino,2/LocalExchangeSinkOperator@805,2,4.510,0.000,0.161,0,2923846,2923846,0.000
[WARNING] [stderr] 2026-08-04T20:41:54.600-0600	INFO	ForkJoinPool-1-worker-1	stdout	operator_cpu,trino,2/DynamicFilterSourceOperator@544,2,5.100,2.071,0.004,0,2923846,2923846,0.000
[WARNING] [stderr] 2026-08-04T20:41:54.600-0600	INFO	ForkJoinPool-1-worker-1	stdout	operator_cpu,trino,3/ExchangeOperator@642,2,0.000,1.110,0.000,0,600552,600552,16.490
[WARNING] [stderr] 2026-08-04T20:41:54.600-0600	INFO	ForkJoinPool-1-worker-1	stdout	operator_cpu,trino,3/LocalExchangeSourceOperator@804,2,0.000,0.334,0.000,0,600552,600552,27.790
[WARNING] [stderr] 2026-08-04T20:41:54.600-0600	INFO	ForkJoinPool-1-worker-1	stdout	operator_cpu,trino,3/ScanFilterAndProjectOperator@724,6,0.000,340.910,0.000,15000000,15000000,7289442,0.000
[WARNING] [stderr] 2026-08-04T20:41:54.600-0600	INFO	ForkJoinPool-1-worker-1	stdout	operator_cpu,trino,3/TaskOutputOperator@543,6,29.640,0.000,0.010,0,1461923,1461923,0.000
[WARNING] [stderr] 2026-08-04T20:41:54.600-0600	INFO	ForkJoinPool-1-worker-1	stdout	operator_cpu,trino,3/LookupJoinOperator@543,6,0.962,255.570,0.010,0,7289442,1461923,163.980
[WARNING] [stderr] 2026-08-04T20:41:54.600-0600	INFO	ForkJoinPool-1-worker-1	stdout	operator_cpu,trino,3/HashBuilderOperator@543,2,2.075,0.000,10.080,0,600552,600552,669.960
[WARNING] [stderr] 2026-08-04T20:41:54.600-0600	INFO	ForkJoinPool-1-worker-1	stdout	operator_cpu,trino,3/LocalExchangeSinkOperator@804,2,0.287,0.000,0.039,0,600552,600552,0.000
[WARNING] [stderr] 2026-08-04T20:41:54.600-0600	INFO	ForkJoinPool-1-worker-1	stdout	operator_cpu,trino,3/DynamicFilterSourceOperator@543,2,3.810,0.173,0.004,0,600552,600552,0.000
[WARNING] [stderr] 2026-08-04T20:41:54.600-0600	INFO	ForkJoinPool-1-worker-1	stdout	operator_cpu,trino,4/ScanFilterAndProjectOperator@326,3,0.000,16.900,0.000,1500000,1500000,300276,0.000
[WARNING] [stderr] 2026-08-04T20:41:54.600-0600	INFO	ForkJoinPool-1-worker-1	stdout	operator_cpu,trino,4/TaskOutputOperator@326,3,0.533,0.000,0.003,0,300276,300276,0.000
[WARNING] [stderr] 2026-08-04T20:41:55.197-0600	INFO	ForkJoinPool-1-worker-1	stdout	operator_cpu,nitro,0/ExchangeOperator@645,1,0.000,0.020,0.000,0,20,20,560.280
[WARNING] [stderr] 2026-08-04T20:41:55.197-0600	INFO	ForkJoinPool-1-worker-1	stdout	operator_cpu,nitro,0/LocalExchangeSourceOperator@807,1,0.000,0.006,0.000,0,20,20,560.310
[WARNING] [stderr] 2026-08-04T20:41:55.197-0600	INFO	ForkJoinPool-1-worker-1	stdout	operator_cpu,nitro,0/TaskOutputOperator@33,1,0.021,0.000,0.002,0,10,10,0.000
[WARNING] [stderr] 2026-08-04T20:41:55.197-0600	INFO	ForkJoinPool-1-worker-1	stdout	operator_cpu,nitro,0/LocalExchangeSinkOperator@807,1,0.005,0.000,0.008,0,20,20,0.000
[WARNING] [stderr] 2026-08-04T20:41:55.197-0600	INFO	ForkJoinPool-1-worker-1	stdout	operator_cpu,nitro,0/TrinoNitroTopNOperator@569,1,0.103,0.069,0.002,0,20,10,0.000
[WARNING] [stderr] 2026-08-04T20:41:55.197-0600	INFO	ForkJoinPool-1-worker-1	stdout	operator_cpu,nitro,1/ExchangeOperator@877,2,0.000,0.346,0.000,0,114031,114031,927.400
[WARNING] [stderr] 2026-08-04T20:41:55.197-0600	INFO	ForkJoinPool-1-worker-1	stdout	operator_cpu,nitro,1/LocalExchangeSourceOperator@871,2,0.000,0.043,0.000,0,114031,114031,961.810
[WARNING] [stderr] 2026-08-04T20:41:55.197-0600	INFO	ForkJoinPool-1-worker-1	stdout	operator_cpu,nitro,1/LocalExchangeSourceOperator@831,2,0.000,0.028,0.000,0,20,20,1127.720
[WARNING] [stderr] 2026-08-04T20:41:55.197-0600	INFO	ForkJoinPool-1-worker-1	stdout	operator_cpu,nitro,1/TaskOutputOperator@832,2,0.051,0.000,0.003,0,20,20,0.000
[WARNING] [stderr] 2026-08-04T20:41:55.197-0600	INFO	ForkJoinPool-1-worker-1	stdout	operator_cpu,nitro,1/TrinoNitroTopNOperator@832,2,0.142,0.077,0.002,0,20,20,0.000
[WARNING] [stderr] 2026-08-04T20:41:55.197-0600	INFO	ForkJoinPool-1-worker-1	stdout	operator_cpu,nitro,1/LocalExchangeSourceOperator@833,2,0.000,0.010,0.000,0,20,20,1127.650
[WARNING] [stderr] 2026-08-04T20:41:55.197-0600	INFO	ForkJoinPool-1-worker-1	stdout	operator_cpu,nitro,1/LocalExchangeSinkOperator@833,2,0.012,0.000,0.004,0,20,20,0.000
[WARNING] [stderr] 2026-08-04T20:41:55.197-0600	INFO	ForkJoinPool-1-worker-1	stdout	operator_cpu,nitro,1/TrinoNitroTopNOperator@830,2,0.202,0.117,0.003,0,20,20,0.000
[WARNING] [stderr] 2026-08-04T20:41:55.197-0600	INFO	ForkJoinPool-1-worker-1	stdout	operator_cpu,nitro,1/LocalExchangeSinkOperator@831,2,0.012,0.000,0.009,0,20,20,0.000
[WARNING] [stderr] 2026-08-04T20:41:55.197-0600	INFO	ForkJoinPool-1-worker-1	stdout	operator_cpu,nitro,1/LocalExchangeSinkOperator@871,2,0.106,0.000,0.027,0,114031,114031,0.000
[WARNING] [stderr] 2026-08-04T20:41:55.197-0600	INFO	ForkJoinPool-1-worker-1	stdout	operator_cpu,nitro,1/TrinoNitroAggregationOperator@24,2,6.260,2.480,0.003,0,114031,20,0.000
[WARNING] [stderr] 2026-08-04T20:41:55.197-0600	INFO	ForkJoinPool-1-worker-1	stdout	operator_cpu,nitro,2/ExchangeOperator@643,2,0.000,3.510,0.000,0,2923846,2923846,276.630
[WARNING] [stderr] 2026-08-04T20:41:55.197-0600	INFO	ForkJoinPool-1-worker-1	stdout	operator_cpu,nitro,2/LocalExchangeSourceOperator@805,2,0.000,0.460,0.000,0,2923846,2923846,283.110
[WARNING] [stderr] 2026-08-04T20:41:55.197-0600	INFO	ForkJoinPool-1-worker-1	stdout	operator_cpu,nitro,2/TrinoNitroAggregationSourceOperator@875,19,0.000,2110.000,0.000,59986052,32334250,8281028,0.000
[WARNING] [stderr] 2026-08-04T20:41:55.197-0600	INFO	ForkJoinPool-1-worker-1	stdout	operator_cpu,nitro,2/PartitionedOutputOperator@544,19,1.233,0.000,1.299,0,114031,114031,0.000
[WARNING] [stderr] 2026-08-04T20:41:55.197-0600	INFO	ForkJoinPool-1-worker-1	stdout	operator_cpu,nitro,2/TrinoNitroHashJoinOperator@544,19,1.641,65.730,0.563,0,8281028,114031,1904.880
[WARNING] [stderr] 2026-08-04T20:41:55.197-0600	INFO	ForkJoinPool-1-worker-1	stdout	operator_cpu,nitro,2/TrinoNitroHashBuildOperator@544,2,1.110,0.000,97.560,0,2923846,0,694.690
[WARNING] [stderr] 2026-08-04T20:41:55.197-0600	INFO	ForkJoinPool-1-worker-1	stdout	operator_cpu,nitro,2/LocalExchangeSinkOperator@805,2,0.981,0.000,0.065,0,2923846,2923846,0.000
[WARNING] [stderr] 2026-08-04T20:41:55.197-0600	INFO	ForkJoinPool-1-worker-1	stdout	operator_cpu,nitro,2/DynamicFilterSourceOperator@544,2,3.950,0.432,0.004,0,2923846,2923846,0.000
[WARNING] [stderr] 2026-08-04T20:41:55.197-0600	INFO	ForkJoinPool-1-worker-1	stdout	operator_cpu,nitro,3/ExchangeOperator@642,2,0.000,0.576,0.000,0,600552,600552,25.930
[WARNING] [stderr] 2026-08-04T20:41:55.197-0600	INFO	ForkJoinPool-1-worker-1	stdout	operator_cpu,nitro,3/LocalExchangeSourceOperator@804,2,0.000,0.107,0.000,0,600552,600552,21.660
[WARNING] [stderr] 2026-08-04T20:41:55.197-0600	INFO	ForkJoinPool-1-worker-1	stdout	operator_cpu,nitro,3/TaskOutputOperator@543,6,2.450,0.000,0.015,0,1461923,1461923,0.000
[WARNING] [stderr] 2026-08-04T20:41:55.197-0600	INFO	ForkJoinPool-1-worker-1	stdout	operator_cpu,nitro,3/TrinoNitroPipelineSourceOperator@543,6,0.000,545.520,0.000,15000000,7289442,1461923,89.540
[WARNING] [stderr] 2026-08-04T20:41:55.197-0600	INFO	ForkJoinPool-1-worker-1	stdout	operator_cpu,nitro,3/TrinoNitroHashBuildOperator@543,2,0.239,0.000,4.870,0,600552,0,259.080
[WARNING] [stderr] 2026-08-04T20:41:55.197-0600	INFO	ForkJoinPool-1-worker-1	stdout	operator_cpu,nitro,3/LocalExchangeSinkOperator@804,2,0.180,0.000,0.038,0,600552,600552,0.000
[WARNING] [stderr] 2026-08-04T20:41:55.197-0600	INFO	ForkJoinPool-1-worker-1	stdout	operator_cpu,nitro,3/DynamicFilterSourceOperator@543,2,3.380,0.099,0.004,0,600552,600552,0.000
[WARNING] [stderr] 2026-08-04T20:41:55.198-0600	INFO	ForkJoinPool-1-worker-1	stdout	operator_cpu,nitro,4/TrinoNitroPipelineSourceOperator@326,3,0.000,16.530,0.000,1500000,1500000,300276,0.000
[WARNING] [stderr] 2026-08-04T20:41:55.198-0600	INFO	ForkJoinPool-1-worker-1	stdout	operator_cpu,nitro,4/TaskOutputOperator@326,3,0.359,0.000,0.008,0,300276,300276,0.000
[WARNING] [stderr] 2026-08-04T20:41:55.765-0600	INFO	ForkJoinPool-1-worker-1	stdout	operator_cpu,nitro,0/ExchangeOperator@645,1,0.000,0.024,0.000,0,20,20,537.530
[WARNING] [stderr] 2026-08-04T20:41:55.765-0600	INFO	ForkJoinPool-1-worker-1	stdout	operator_cpu,nitro,0/LocalExchangeSourceOperator@807,1,0.000,0.006,0.000,0,20,20,537.280
[WARNING] [stderr] 2026-08-04T20:41:55.765-0600	INFO	ForkJoinPool-1-worker-1	stdout	operator_cpu,nitro,0/TaskOutputOperator@33,1,0.020,0.000,0.001,0,10,10,0.000
[WARNING] [stderr] 2026-08-04T20:41:55.765-0600	INFO	ForkJoinPool-1-worker-1	stdout	operator_cpu,nitro,0/LocalExchangeSinkOperator@807,1,0.007,0.000,0.012,0,20,20,0.000
[WARNING] [stderr] 2026-08-04T20:41:55.765-0600	INFO	ForkJoinPool-1-worker-1	stdout	operator_cpu,nitro,0/TrinoNitroTopNOperator@569,1,0.116,0.055,0.002,0,20,10,0.000
[WARNING] [stderr] 2026-08-04T20:41:55.765-0600	INFO	ForkJoinPool-1-worker-1	stdout	operator_cpu,nitro,1/ExchangeOperator@877,2,0.000,0.463,0.000,0,114031,114031,806.570
[WARNING] [stderr] 2026-08-04T20:41:55.765-0600	INFO	ForkJoinPool-1-worker-1	stdout	operator_cpu,nitro,1/LocalExchangeSourceOperator@871,2,0.000,0.053,0.000,0,114031,114031,842.910
[WARNING] [stderr] 2026-08-04T20:41:55.765-0600	INFO	ForkJoinPool-1-worker-1	stdout	operator_cpu,nitro,1/LocalExchangeSourceOperator@831,2,0.000,0.011,0.000,0,20,20,1072.660
[WARNING] [stderr] 2026-08-04T20:41:55.765-0600	INFO	ForkJoinPool-1-worker-1	stdout	operator_cpu,nitro,1/TaskOutputOperator@832,2,0.046,0.000,0.003,0,20,20,0.000
[WARNING] [stderr] 2026-08-04T20:41:55.765-0600	INFO	ForkJoinPool-1-worker-1	stdout	operator_cpu,nitro,1/TrinoNitroTopNOperator@832,2,0.147,0.089,0.002,0,20,20,0.000
[WARNING] [stderr] 2026-08-04T20:41:55.765-0600	INFO	ForkJoinPool-1-worker-1	stdout	operator_cpu,nitro,1/LocalExchangeSourceOperator@833,2,0.000,0.011,0.000,0,20,20,1071.140
[WARNING] [stderr] 2026-08-04T20:41:55.765-0600	INFO	ForkJoinPool-1-worker-1	stdout	operator_cpu,nitro,1/LocalExchangeSinkOperator@833,2,0.011,0.000,0.004,0,20,20,0.000
[WARNING] [stderr] 2026-08-04T20:41:55.765-0600	INFO	ForkJoinPool-1-worker-1	stdout	operator_cpu,nitro,1/TrinoNitroTopNOperator@830,2,0.184,0.099,0.002,0,20,20,0.000
[WARNING] [stderr] 2026-08-04T20:41:55.765-0600	INFO	ForkJoinPool-1-worker-1	stdout	operator_cpu,nitro,1/LocalExchangeSinkOperator@831,2,0.011,0.000,0.007,0,20,20,0.000
[WARNING] [stderr] 2026-08-04T20:41:55.765-0600	INFO	ForkJoinPool-1-worker-1	stdout	operator_cpu,nitro,1/LocalExchangeSinkOperator@871,2,0.106,0.000,0.024,0,114031,114031,0.000
[WARNING] [stderr] 2026-08-04T20:41:55.765-0600	INFO	ForkJoinPool-1-worker-1	stdout	operator_cpu,nitro,1/TrinoNitroAggregationOperator@24,2,6.410,2.570,0.004,0,114031,20,0.000
[WARNING] [stderr] 2026-08-04T20:41:55.765-0600	INFO	ForkJoinPool-1-worker-1	stdout	operator_cpu,nitro,2/ExchangeOperator@643,2,0.000,3.670,0.000,0,2923846,2923846,303.090
[WARNING] [stderr] 2026-08-04T20:41:55.765-0600	INFO	ForkJoinPool-1-worker-1	stdout	operator_cpu,nitro,2/LocalExchangeSourceOperator@805,2,0.000,0.486,0.000,0,2923846,2923846,307.090
[WARNING] [stderr] 2026-08-04T20:41:55.765-0600	INFO	ForkJoinPool-1-worker-1	stdout	operator_cpu,nitro,2/TrinoNitroAggregationSourceOperator@875,19,0.000,2150.000,0.000,59986052,32334250,8281028,0.000
[WARNING] [stderr] 2026-08-04T20:41:55.765-0600	INFO	ForkJoinPool-1-worker-1	stdout	operator_cpu,nitro,2/PartitionedOutputOperator@544,19,1.139,0.000,1.577,0,114031,114031,0.000
[WARNING] [stderr] 2026-08-04T20:41:55.765-0600	INFO	ForkJoinPool-1-worker-1	stdout	operator_cpu,nitro,2/TrinoNitroHashJoinOperator@544,19,1.586,65.210,0.524,0,8281028,114031,2300.000
[WARNING] [stderr] 2026-08-04T20:41:55.765-0600	INFO	ForkJoinPool-1-worker-1	stdout	operator_cpu,nitro,2/TrinoNitroHashBuildOperator@544,2,1.203,0.000,92.880,0,2923846,0,620.800
[WARNING] [stderr] 2026-08-04T20:41:55.765-0600	INFO	ForkJoinPool-1-worker-1	stdout	operator_cpu,nitro,2/LocalExchangeSinkOperator@805,2,1.092,0.000,0.074,0,2923846,2923846,0.000
[WARNING] [stderr] 2026-08-04T20:41:55.765-0600	INFO	ForkJoinPool-1-worker-1	stdout	operator_cpu,nitro,2/DynamicFilterSourceOperator@544,2,3.810,0.451,0.004,0,2923846,2923846,0.000
[WARNING] [stderr] 2026-08-04T20:41:55.765-0600	INFO	ForkJoinPool-1-worker-1	stdout	operator_cpu,nitro,3/ExchangeOperator@642,2,0.000,0.455,0.000,0,600552,600552,18.190
[WARNING] [stderr] 2026-08-04T20:41:55.765-0600	INFO	ForkJoinPool-1-worker-1	stdout	operator_cpu,nitro,3/LocalExchangeSourceOperator@804,2,0.000,0.085,0.000,0,600552,600552,12.180
[WARNING] [stderr] 2026-08-04T20:41:55.765-0600	INFO	ForkJoinPool-1-worker-1	stdout	operator_cpu,nitro,3/TaskOutputOperator@543,6,2.810,0.000,0.016,0,1461923,1461923,0.000
[WARNING] [stderr] 2026-08-04T20:41:55.765-0600	INFO	ForkJoinPool-1-worker-1	stdout	operator_cpu,nitro,3/TrinoNitroPipelineSourceOperator@543,6,0.000,544.270,0.000,15000000,7289442,1461923,71.650
[WARNING] [stderr] 2026-08-04T20:41:55.765-0600	INFO	ForkJoinPool-1-worker-1	stdout	operator_cpu,nitro,3/TrinoNitroHashBuildOperator@543,2,0.154,0.000,5.080,0,600552,0,296.450
[WARNING] [stderr] 2026-08-04T20:41:55.765-0600	INFO	ForkJoinPool-1-worker-1	stdout	operator_cpu,nitro,3/LocalExchangeSinkOperator@804,2,0.131,0.000,0.019,0,600552,600552,0.000
[WARNING] [stderr] 2026-08-04T20:41:55.765-0600	INFO	ForkJoinPool-1-worker-1	stdout	operator_cpu,nitro,3/DynamicFilterSourceOperator@543,2,3.380,0.070,0.003,0,600552,600552,0.000
[WARNING] [stderr] 2026-08-04T20:41:55.765-0600	INFO	ForkJoinPool-1-worker-1	stdout	operator_cpu,nitro,4/TrinoNitroPipelineSourceOperator@326,3,0.000,16.300,0.000,1500000,1500000,300276,0.000
[WARNING] [stderr] 2026-08-04T20:41:55.765-0600	INFO	ForkJoinPool-1-worker-1	stdout	operator_cpu,nitro,4/TaskOutputOperator@326,3,0.278,0.000,0.008,0,300276,300276,0.000
[WARNING] [stderr] 2026-08-04T20:41:56.434-0600	INFO	ForkJoinPool-1-worker-1	stdout	operator_cpu,trino,0/ExchangeOperator@645,1,0.000,0.023,0.000,0,20,20,636.650
[WARNING] [stderr] 2026-08-04T20:41:56.434-0600	INFO	ForkJoinPool-1-worker-1	stdout	operator_cpu,trino,0/LocalExchangeSourceOperator@807,1,0.000,0.003,0.000,0,20,20,637.000
[WARNING] [stderr] 2026-08-04T20:41:56.434-0600	INFO	ForkJoinPool-1-worker-1	stdout	operator_cpu,trino,0/TaskOutputOperator@33,1,0.025,0.000,0.001,0,10,10,0.000
[WARNING] [stderr] 2026-08-04T20:41:56.434-0600	INFO	ForkJoinPool-1-worker-1	stdout	operator_cpu,trino,0/LocalExchangeSinkOperator@807,1,0.005,0.000,0.010,0,20,20,0.000
[WARNING] [stderr] 2026-08-04T20:41:56.434-0600	INFO	ForkJoinPool-1-worker-1	stdout	operator_cpu,trino,0/TopNOperator@569,1,0.001,0.099,0.013,0,20,10,0.000
[WARNING] [stderr] 2026-08-04T20:41:56.434-0600	INFO	ForkJoinPool-1-worker-1	stdout	operator_cpu,trino,1/ExchangeOperator@877,2,0.000,0.408,0.000,0,114031,114031,1173.180
[WARNING] [stderr] 2026-08-04T20:41:56.434-0600	INFO	ForkJoinPool-1-worker-1	stdout	operator_cpu,trino,1/LocalExchangeSourceOperator@871,2,0.000,0.050,0.000,0,114031,114031,1255.620
[WARNING] [stderr] 2026-08-04T20:41:56.434-0600	INFO	ForkJoinPool-1-worker-1	stdout	operator_cpu,trino,1/LocalExchangeSourceOperator@831,2,0.000,0.007,0.000,0,20,20,1276.280
[WARNING] [stderr] 2026-08-04T20:41:56.434-0600	INFO	ForkJoinPool-1-worker-1	stdout	operator_cpu,trino,1/TaskOutputOperator@832,2,0.046,0.000,0.001,0,20,20,0.000
[WARNING] [stderr] 2026-08-04T20:41:56.434-0600	INFO	ForkJoinPool-1-worker-1	stdout	operator_cpu,trino,1/TopNOperator@832,2,0.001,0.083,0.019,0,20,20,0.000
[WARNING] [stderr] 2026-08-04T20:41:56.434-0600	INFO	ForkJoinPool-1-worker-1	stdout	operator_cpu,trino,1/LocalExchangeSourceOperator@833,2,0.000,0.009,0.000,0,20,20,1275.040
[WARNING] [stderr] 2026-08-04T20:41:56.434-0600	INFO	ForkJoinPool-1-worker-1	stdout	operator_cpu,trino,1/LocalExchangeSinkOperator@833,2,0.011,0.000,0.004,0,20,20,0.000
[WARNING] [stderr] 2026-08-04T20:41:56.434-0600	INFO	ForkJoinPool-1-worker-1	stdout	operator_cpu,trino,1/TopNOperator@830,2,0.001,0.089,0.017,0,20,20,0.000
[WARNING] [stderr] 2026-08-04T20:41:56.434-0600	INFO	ForkJoinPool-1-worker-1	stdout	operator_cpu,trino,1/LocalExchangeSinkOperator@831,2,0.011,0.000,0.006,0,20,20,0.000
[WARNING] [stderr] 2026-08-04T20:41:56.434-0600	INFO	ForkJoinPool-1-worker-1	stdout	operator_cpu,trino,1/TopNOperator@568,2,0.003,1.710,0.011,0,114003,20,0.000
[WARNING] [stderr] 2026-08-04T20:41:56.434-0600	INFO	ForkJoinPool-1-worker-1	stdout	operator_cpu,trino,1/LocalExchangeSinkOperator@871,2,0.111,0.000,0.020,0,114031,114031,0.000
[WARNING] [stderr] 2026-08-04T20:41:56.434-0600	INFO	ForkJoinPool-1-worker-1	stdout	operator_cpu,trino,1/HashAggregationOperator@24,2,3.720,2.490,0.033,0,114031,114003,0.000
[WARNING] [stderr] 2026-08-04T20:41:56.434-0600	INFO	ForkJoinPool-1-worker-1	stdout	operator_cpu,trino,2/ExchangeOperator@643,2,0.000,14.630,0.000,0,2923846,2923846,452.060
[WARNING] [stderr] 2026-08-04T20:41:56.434-0600	INFO	ForkJoinPool-1-worker-1	stdout	operator_cpu,trino,2/LocalExchangeSourceOperator@805,2,0.000,3.160,0.000,0,2923846,2923846,670.140
[WARNING] [stderr] 2026-08-04T20:41:56.434-0600	INFO	ForkJoinPool-1-worker-1	stdout	operator_cpu,trino,2/ScanFilterAndProjectOperator@729,19,0.000,1164.180,0.000,59986052,59986052,32334250,0.000
[WARNING] [stderr] 2026-08-04T20:41:56.434-0600	INFO	ForkJoinPool-1-worker-1	stdout	operator_cpu,trino,2/LookupJoinOperator@544,19,0.147,372.160,0.009,0,8281027,114031,2240.000
[WARNING] [stderr] 2026-08-04T20:41:56.434-0600	INFO	ForkJoinPool-1-worker-1	stdout	operator_cpu,trino,2/PartitionedOutputOperator@544,19,5.150,0.000,0.989,0,114031,114031,0.000
[WARNING] [stderr] 2026-08-04T20:41:56.434-0600	INFO	ForkJoinPool-1-worker-1	stdout	operator_cpu,trino,2/HashAggregationOperator@875,19,615.260,80.590,0.446,0,32334250,8281027,0.000
[WARNING] [stderr] 2026-08-04T20:41:56.434-0600	INFO	ForkJoinPool-1-worker-1	stdout	operator_cpu,trino,2/FilterAndProjectOperator@881,19,3.380,99.190,0.018,0,32334250,32334250,0.000
[WARNING] [stderr] 2026-08-04T20:41:56.434-0600	INFO	ForkJoinPool-1-worker-1	stdout	operator_cpu,trino,2/HashBuilderOperator@544,2,14.460,0.000,56.130,0,2923846,2923846,404.980
[WARNING] [stderr] 2026-08-04T20:41:56.434-0600	INFO	ForkJoinPool-1-worker-1	stdout	operator_cpu,trino,2/LocalExchangeSinkOperator@805,2,4.660,0.000,0.337,0,2923846,2923846,0.000
[WARNING] [stderr] 2026-08-04T20:41:56.434-0600	INFO	ForkJoinPool-1-worker-1	stdout	operator_cpu,trino,2/DynamicFilterSourceOperator@544,2,5.320,2.110,0.005,0,2923846,2923846,0.000
[WARNING] [stderr] 2026-08-04T20:41:56.435-0600	INFO	ForkJoinPool-1-worker-1	stdout	operator_cpu,trino,3/ExchangeOperator@642,2,0.000,1.111,0.000,0,600552,600552,22.690
[WARNING] [stderr] 2026-08-04T20:41:56.435-0600	INFO	ForkJoinPool-1-worker-1	stdout	operator_cpu,trino,3/LocalExchangeSourceOperator@804,2,0.000,0.369,0.000,0,600552,600552,13.010
[WARNING] [stderr] 2026-08-04T20:41:56.435-0600	INFO	ForkJoinPool-1-worker-1	stdout	operator_cpu,trino,3/ScanFilterAndProjectOperator@724,6,0.000,340.470,0.000,15000000,15000000,7289442,0.000
[WARNING] [stderr] 2026-08-04T20:41:56.435-0600	INFO	ForkJoinPool-1-worker-1	stdout	operator_cpu,trino,3/TaskOutputOperator@543,6,31.080,0.000,0.011,0,1461923,1461923,0.000
[WARNING] [stderr] 2026-08-04T20:41:56.435-0600	INFO	ForkJoinPool-1-worker-1	stdout	operator_cpu,trino,3/LookupJoinOperator@543,6,0.988,253.690,0.013,0,7289442,1461923,407.290
[WARNING] [stderr] 2026-08-04T20:41:56.435-0600	INFO	ForkJoinPool-1-worker-1	stdout	operator_cpu,trino,3/HashBuilderOperator@543,2,1.798,0.000,10.740,0,600552,600552,593.190
[WARNING] [stderr] 2026-08-04T20:41:56.435-0600	INFO	ForkJoinPool-1-worker-1	stdout	operator_cpu,trino,3/LocalExchangeSinkOperator@804,2,0.247,0.000,0.024,0,600552,600552,0.000
[WARNING] [stderr] 2026-08-04T20:41:56.435-0600	INFO	ForkJoinPool-1-worker-1	stdout	operator_cpu,trino,3/DynamicFilterSourceOperator@543,2,3.920,0.171,0.002,0,600552,600552,0.000
[WARNING] [stderr] 2026-08-04T20:41:56.435-0600	INFO	ForkJoinPool-1-worker-1	stdout	operator_cpu,trino,4/ScanFilterAndProjectOperator@326,3,0.000,16.750,0.000,1500000,1500000,300276,0.000
[WARNING] [stderr] 2026-08-04T20:41:56.435-0600	INFO	ForkJoinPool-1-worker-1	stdout	operator_cpu,trino,4/TaskOutputOperator@326,3,0.465,0.000,0.006,0,300276,300276,0.000
[WARNING] [stderr] 2026-08-04T20:41:57.175-0600	INFO	ForkJoinPool-1-worker-1	stdout	operator_cpu,trino,0/ExchangeOperator@645,1,0.000,0.029,0.000,0,20,20,707.410
[WARNING] [stderr] 2026-08-04T20:41:57.175-0600	INFO	ForkJoinPool-1-worker-1	stdout	operator_cpu,trino,0/LocalExchangeSourceOperator@807,1,0.000,0.003,0.000,0,20,20,707.520
[WARNING] [stderr] 2026-08-04T20:41:57.175-0600	INFO	ForkJoinPool-1-worker-1	stdout	operator_cpu,trino,0/TaskOutputOperator@33,1,0.017,0.000,0.000,0,10,10,0.000
[WARNING] [stderr] 2026-08-04T20:41:57.175-0600	INFO	ForkJoinPool-1-worker-1	stdout	operator_cpu,trino,0/LocalExchangeSinkOperator@807,1,0.004,0.000,0.008,0,20,20,0.000
[WARNING] [stderr] 2026-08-04T20:41:57.175-0600	INFO	ForkJoinPool-1-worker-1	stdout	operator_cpu,trino,0/TopNOperator@569,1,0.001,0.047,0.010,0,20,10,0.000
[WARNING] [stderr] 2026-08-04T20:41:57.175-0600	INFO	ForkJoinPool-1-worker-1	stdout	operator_cpu,trino,1/ExchangeOperator@877,2,0.000,0.531,0.000,0,114031,114031,1373.520
[WARNING] [stderr] 2026-08-04T20:41:57.175-0600	INFO	ForkJoinPool-1-worker-1	stdout	operator_cpu,trino,1/LocalExchangeSourceOperator@871,2,0.000,0.060,0.000,0,114031,114031,1393.400
[WARNING] [stderr] 2026-08-04T20:41:57.175-0600	INFO	ForkJoinPool-1-worker-1	stdout	operator_cpu,trino,1/LocalExchangeSourceOperator@831,2,0.000,0.007,0.000,0,20,20,1408.340
[WARNING] [stderr] 2026-08-04T20:41:57.175-0600	INFO	ForkJoinPool-1-worker-1	stdout	operator_cpu,trino,1/TaskOutputOperator@832,2,0.054,0.000,0.002,0,20,20,0.000
[WARNING] [stderr] 2026-08-04T20:41:57.175-0600	INFO	ForkJoinPool-1-worker-1	stdout	operator_cpu,trino,1/TopNOperator@832,2,0.002,0.074,0.018,0,20,20,0.000
[WARNING] [stderr] 2026-08-04T20:41:57.175-0600	INFO	ForkJoinPool-1-worker-1	stdout	operator_cpu,trino,1/LocalExchangeSourceOperator@833,2,0.000,0.010,0.000,0,20,20,1409.000
[WARNING] [stderr] 2026-08-04T20:41:57.175-0600	INFO	ForkJoinPool-1-worker-1	stdout	operator_cpu,trino,1/LocalExchangeSinkOperator@833,2,0.010,0.000,0.004,0,20,20,0.000
[WARNING] [stderr] 2026-08-04T20:41:57.175-0600	INFO	ForkJoinPool-1-worker-1	stdout	operator_cpu,trino,1/TopNOperator@830,2,0.002,0.077,0.015,0,20,20,0.000
[WARNING] [stderr] 2026-08-04T20:41:57.175-0600	INFO	ForkJoinPool-1-worker-1	stdout	operator_cpu,trino,1/LocalExchangeSinkOperator@831,2,0.013,0.000,0.006,0,20,20,0.000
[WARNING] [stderr] 2026-08-04T20:41:57.175-0600	INFO	ForkJoinPool-1-worker-1	stdout	operator_cpu,trino,1/TopNOperator@568,2,0.004,1.618,0.011,0,114003,20,0.000
[WARNING] [stderr] 2026-08-04T20:41:57.175-0600	INFO	ForkJoinPool-1-worker-1	stdout	operator_cpu,trino,1/LocalExchangeSinkOperator@871,2,0.145,0.000,0.027,0,114031,114031,0.000
[WARNING] [stderr] 2026-08-04T20:41:57.175-0600	INFO	ForkJoinPool-1-worker-1	stdout	operator_cpu,trino,1/HashAggregationOperator@24,2,4.430,2.660,0.037,0,114031,114003,0.000
[WARNING] [stderr] 2026-08-04T20:41:57.175-0600	INFO	ForkJoinPool-1-worker-1	stdout	operator_cpu,trino,2/ExchangeOperator@643,2,0.000,13.840,0.000,0,2923846,2923846,559.480
[WARNING] [stderr] 2026-08-04T20:41:57.175-0600	INFO	ForkJoinPool-1-worker-1	stdout	operator_cpu,trino,2/LocalExchangeSourceOperator@805,2,0.000,3.110,0.000,0,2923846,2923846,595.200
[WARNING] [stderr] 2026-08-04T20:41:57.175-0600	INFO	ForkJoinPool-1-worker-1	stdout	operator_cpu,trino,2/ScanFilterAndProjectOperator@729,19,0.000,1177.520,0.000,59986052,59986052,32334250,0.000
[WARNING] [stderr] 2026-08-04T20:41:57.175-0600	INFO	ForkJoinPool-1-worker-1	stdout	operator_cpu,trino,2/LookupJoinOperator@544,19,0.154,363.840,0.010,0,8281027,114031,2480.000
[WARNING] [stderr] 2026-08-04T20:41:57.175-0600	INFO	ForkJoinPool-1-worker-1	stdout	operator_cpu,trino,2/PartitionedOutputOperator@544,19,3.260,0.000,0.645,0,114031,114031,0.000
[WARNING] [stderr] 2026-08-04T20:41:57.175-0600	INFO	ForkJoinPool-1-worker-1	stdout	operator_cpu,trino,2/HashAggregationOperator@875,19,629.300,78.920,0.434,0,32334250,8281027,0.000
[WARNING] [stderr] 2026-08-04T20:41:57.175-0600	INFO	ForkJoinPool-1-worker-1	stdout	operator_cpu,trino,2/FilterAndProjectOperator@881,19,3.380,100.280,0.018,0,32334250,32334250,0.000
[WARNING] [stderr] 2026-08-04T20:41:57.175-0600	INFO	ForkJoinPool-1-worker-1	stdout	operator_cpu,trino,2/HashBuilderOperator@544,2,12.220,0.000,75.390,0,2923846,2923846,509.010
[WARNING] [stderr] 2026-08-04T20:41:57.175-0600	INFO	ForkJoinPool-1-worker-1	stdout	operator_cpu,trino,2/LocalExchangeSinkOperator@805,2,4.310,0.000,0.166,0,2923846,2923846,0.000
[WARNING] [stderr] 2026-08-04T20:41:57.175-0600	INFO	ForkJoinPool-1-worker-1	stdout	operator_cpu,trino,2/DynamicFilterSourceOperator@544,2,5.330,2.020,0.003,0,2923846,2923846,0.000
[WARNING] [stderr] 2026-08-04T20:41:57.175-0600	INFO	ForkJoinPool-1-worker-1	stdout	operator_cpu,trino,3/ExchangeOperator@642,2,0.000,1.394,0.000,0,600552,600552,11.820
[WARNING] [stderr] 2026-08-04T20:41:57.175-0600	INFO	ForkJoinPool-1-worker-1	stdout	operator_cpu,trino,3/LocalExchangeSourceOperator@804,2,0.000,0.376,0.000,0,600552,600552,140.190
[WARNING] [stderr] 2026-08-04T20:41:57.175-0600	INFO	ForkJoinPool-1-worker-1	stdout	operator_cpu,trino,3/ScanFilterAndProjectOperator@724,6,0.000,337.190,0.000,15000000,15000000,7289442,0.000
[WARNING] [stderr] 2026-08-04T20:41:57.175-0600	INFO	ForkJoinPool-1-worker-1	stdout	operator_cpu,trino,3/TaskOutputOperator@543,6,26.850,0.000,0.010,0,1461923,1461923,0.000
[WARNING] [stderr] 2026-08-04T20:41:57.175-0600	INFO	ForkJoinPool-1-worker-1	stdout	operator_cpu,trino,3/LookupJoinOperator@543,6,0.925,229.020,0.008,0,7289442,1461923,815.060
[WARNING] [stderr] 2026-08-04T20:41:57.175-0600	INFO	ForkJoinPool-1-worker-1	stdout	operator_cpu,trino,3/HashBuilderOperator@543,2,2.110,0.000,11.050,0,600552,600552,218.630
[WARNING] [stderr] 2026-08-04T20:41:57.175-0600	INFO	ForkJoinPool-1-worker-1	stdout	operator_cpu,trino,3/LocalExchangeSinkOperator@804,2,0.293,0.000,0.023,0,600552,600552,0.000
[WARNING] [stderr] 2026-08-04T20:41:57.175-0600	INFO	ForkJoinPool-1-worker-1	stdout	operator_cpu,trino,3/DynamicFilterSourceOperator@543,2,4.100,0.176,0.003,0,600552,600552,0.000
[WARNING] [stderr] 2026-08-04T20:41:57.175-0600	INFO	ForkJoinPool-1-worker-1	stdout	operator_cpu,trino,4/ScanFilterAndProjectOperator@326,3,0.000,17.600,0.000,1500000,1500000,300276,0.000
[WARNING] [stderr] 2026-08-04T20:41:57.175-0600	INFO	ForkJoinPool-1-worker-1	stdout	operator_cpu,trino,4/TaskOutputOperator@326,3,0.851,0.000,0.005,0,300276,300276,0.000
[WARNING] [stderr] 2026-08-04T20:41:57.747-0600	INFO	ForkJoinPool-1-worker-1	stdout	operator_cpu,nitro,0/ExchangeOperator@645,1,0.000,0.021,0.000,0,20,20,536.660
[WARNING] [stderr] 2026-08-04T20:41:57.747-0600	INFO	ForkJoinPool-1-worker-1	stdout	operator_cpu,nitro,0/LocalExchangeSourceOperator@807,1,0.000,0.006,0.000,0,20,20,536.490
[WARNING] [stderr] 2026-08-04T20:41:57.747-0600	INFO	ForkJoinPool-1-worker-1	stdout	operator_cpu,nitro,0/TaskOutputOperator@33,1,0.019,0.000,0.002,0,10,10,0.000
[WARNING] [stderr] 2026-08-04T20:41:57.747-0600	INFO	ForkJoinPool-1-worker-1	stdout	operator_cpu,nitro,0/LocalExchangeSinkOperator@807,1,0.005,0.000,0.010,0,20,20,0.000
[WARNING] [stderr] 2026-08-04T20:41:57.747-0600	INFO	ForkJoinPool-1-worker-1	stdout	operator_cpu,nitro,0/TrinoNitroTopNOperator@569,1,0.143,0.108,0.004,0,20,10,0.000
[WARNING] [stderr] 2026-08-04T20:41:57.747-0600	INFO	ForkJoinPool-1-worker-1	stdout	operator_cpu,nitro,1/ExchangeOperator@877,2,0.000,0.433,0.000,0,114031,114031,906.010
[WARNING] [stderr] 2026-08-04T20:41:57.747-0600	INFO	ForkJoinPool-1-worker-1	stdout	operator_cpu,nitro,1/LocalExchangeSourceOperator@871,2,0.000,0.051,0.000,0,114031,114031,1000.950
[WARNING] [stderr] 2026-08-04T20:41:57.747-0600	INFO	ForkJoinPool-1-worker-1	stdout	operator_cpu,nitro,1/LocalExchangeSourceOperator@831,2,0.000,0.014,0.000,0,20,20,1072.930
[WARNING] [stderr] 2026-08-04T20:41:57.747-0600	INFO	ForkJoinPool-1-worker-1	stdout	operator_cpu,nitro,1/TaskOutputOperator@832,2,0.056,0.000,0.003,0,20,20,0.000
[WARNING] [stderr] 2026-08-04T20:41:57.747-0600	INFO	ForkJoinPool-1-worker-1	stdout	operator_cpu,nitro,1/TrinoNitroTopNOperator@832,2,0.129,0.091,0.002,0,20,20,0.000
[WARNING] [stderr] 2026-08-04T20:41:57.747-0600	INFO	ForkJoinPool-1-worker-1	stdout	operator_cpu,nitro,1/LocalExchangeSourceOperator@833,2,0.000,0.008,0.000,0,20,20,1073.240
[WARNING] [stderr] 2026-08-04T20:41:57.747-0600	INFO	ForkJoinPool-1-worker-1	stdout	operator_cpu,nitro,1/LocalExchangeSinkOperator@833,2,0.010,0.000,0.005,0,20,20,0.000
[WARNING] [stderr] 2026-08-04T20:41:57.747-0600	INFO	ForkJoinPool-1-worker-1	stdout	operator_cpu,nitro,1/TrinoNitroTopNOperator@830,2,0.207,0.112,0.002,0,20,20,0.000
[WARNING] [stderr] 2026-08-04T20:41:57.747-0600	INFO	ForkJoinPool-1-worker-1	stdout	operator_cpu,nitro,1/LocalExchangeSinkOperator@831,2,0.011,0.000,0.009,0,20,20,0.000
[WARNING] [stderr] 2026-08-04T20:41:57.747-0600	INFO	ForkJoinPool-1-worker-1	stdout	operator_cpu,nitro,1/LocalExchangeSinkOperator@871,2,0.106,0.000,0.031,0,114031,114031,0.000
[WARNING] [stderr] 2026-08-04T20:41:57.747-0600	INFO	ForkJoinPool-1-worker-1	stdout	operator_cpu,nitro,1/TrinoNitroAggregationOperator@24,2,7.390,2.580,0.003,0,114031,20,0.000
[WARNING] [stderr] 2026-08-04T20:41:57.747-0600	INFO	ForkJoinPool-1-worker-1	stdout	operator_cpu,nitro,2/ExchangeOperator@643,2,0.000,3.750,0.000,0,2923846,2923846,272.630
[WARNING] [stderr] 2026-08-04T20:41:57.747-0600	INFO	ForkJoinPool-1-worker-1	stdout	operator_cpu,nitro,2/LocalExchangeSourceOperator@805,2,0.000,0.457,0.000,0,2923846,2923846,277.490
[WARNING] [stderr] 2026-08-04T20:41:57.747-0600	INFO	ForkJoinPool-1-worker-1	stdout	operator_cpu,nitro,2/TrinoNitroAggregationSourceOperator@875,19,0.000,2110.000,0.000,59986052,32334250,8281028,0.000
[WARNING] [stderr] 2026-08-04T20:41:57.747-0600	INFO	ForkJoinPool-1-worker-1	stdout	operator_cpu,nitro,2/PartitionedOutputOperator@544,19,1.240,0.000,1.397,0,114031,114031,0.000
[WARNING] [stderr] 2026-08-04T20:41:57.747-0600	INFO	ForkJoinPool-1-worker-1	stdout	operator_cpu,nitro,2/TrinoNitroHashJoinOperator@544,19,1.563,66.530,0.558,0,8281028,114031,1832.750
[WARNING] [stderr] 2026-08-04T20:41:57.747-0600	INFO	ForkJoinPool-1-worker-1	stdout	operator_cpu,nitro,2/TrinoNitroHashBuildOperator@544,2,1.126,0.000,93.350,0,2923846,0,654.740
[WARNING] [stderr] 2026-08-04T20:41:57.747-0600	INFO	ForkJoinPool-1-worker-1	stdout	operator_cpu,nitro,2/LocalExchangeSinkOperator@805,2,1.142,0.000,0.060,0,2923846,2923846,0.000
[WARNING] [stderr] 2026-08-04T20:41:57.747-0600	INFO	ForkJoinPool-1-worker-1	stdout	operator_cpu,nitro,2/DynamicFilterSourceOperator@544,2,3.710,0.412,0.004,0,2923846,2923846,0.000
[WARNING] [stderr] 2026-08-04T20:41:57.747-0600	INFO	ForkJoinPool-1-worker-1	stdout	operator_cpu,nitro,3/ExchangeOperator@642,2,0.000,0.565,0.000,0,600552,600552,22.650
[WARNING] [stderr] 2026-08-04T20:41:57.747-0600	INFO	ForkJoinPool-1-worker-1	stdout	operator_cpu,nitro,3/LocalExchangeSourceOperator@804,2,0.000,0.098,0.000,0,600552,600552,20.810
[WARNING] [stderr] 2026-08-04T20:41:57.747-0600	INFO	ForkJoinPool-1-worker-1	stdout	operator_cpu,nitro,3/TaskOutputOperator@543,6,2.740,0.000,0.019,0,1461923,1461923,0.000
[WARNING] [stderr] 2026-08-04T20:41:57.747-0600	INFO	ForkJoinPool-1-worker-1	stdout	operator_cpu,nitro,3/TrinoNitroPipelineSourceOperator@543,6,0.000,548.330,0.000,15000000,7289442,1461923,81.540
[WARNING] [stderr] 2026-08-04T20:41:57.747-0600	INFO	ForkJoinPool-1-worker-1	stdout	operator_cpu,nitro,3/TrinoNitroHashBuildOperator@543,2,0.204,0.000,5.100,0,600552,0,132.460
[WARNING] [stderr] 2026-08-04T20:41:57.747-0600	INFO	ForkJoinPool-1-worker-1	stdout	operator_cpu,nitro,3/LocalExchangeSinkOperator@804,2,0.173,0.000,0.022,0,600552,600552,0.000
[WARNING] [stderr] 2026-08-04T20:41:57.747-0600	INFO	ForkJoinPool-1-worker-1	stdout	operator_cpu,nitro,3/DynamicFilterSourceOperator@543,2,3.470,0.083,0.004,0,600552,600552,0.000
[WARNING] [stderr] 2026-08-04T20:41:57.747-0600	INFO	ForkJoinPool-1-worker-1	stdout	operator_cpu,nitro,4/TrinoNitroPipelineSourceOperator@326,3,0.000,16.470,0.000,1500000,1500000,300276,0.000
[WARNING] [stderr] 2026-08-04T20:41:57.747-0600	INFO	ForkJoinPool-1-worker-1	stdout	operator_cpu,nitro,4/TaskOutputOperator@326,3,0.322,0.000,0.006,0,300276,300276,0.000
[WARNING] [stderr] 2026-08-04T20:41:58.332-0600	INFO	ForkJoinPool-1-worker-1	stdout	operator_cpu,nitro,0/ExchangeOperator@645,1,0.000,0.025,0.000,0,20,20,557.840
[WARNING] [stderr] 2026-08-04T20:41:58.332-0600	INFO	ForkJoinPool-1-worker-1	stdout	operator_cpu,nitro,0/LocalExchangeSourceOperator@807,1,0.000,0.006,0.000,0,20,20,557.530
[WARNING] [stderr] 2026-08-04T20:41:58.332-0600	INFO	ForkJoinPool-1-worker-1	stdout	operator_cpu,nitro,0/TaskOutputOperator@33,1,0.018,0.000,0.002,0,10,10,0.000
[WARNING] [stderr] 2026-08-04T20:41:58.332-0600	INFO	ForkJoinPool-1-worker-1	stdout	operator_cpu,nitro,0/LocalExchangeSinkOperator@807,1,0.011,0.000,0.008,0,20,20,0.000
[WARNING] [stderr] 2026-08-04T20:41:58.332-0600	INFO	ForkJoinPool-1-worker-1	stdout	operator_cpu,nitro,0/TrinoNitroTopNOperator@569,1,0.144,0.055,0.002,0,20,10,0.000
[WARNING] [stderr] 2026-08-04T20:41:58.332-0600	INFO	ForkJoinPool-1-worker-1	stdout	operator_cpu,nitro,1/ExchangeOperator@877,2,0.000,0.424,0.000,0,114031,114031,837.240
[WARNING] [stderr] 2026-08-04T20:41:58.332-0600	INFO	ForkJoinPool-1-worker-1	stdout	operator_cpu,nitro,1/LocalExchangeSourceOperator@871,2,0.000,0.061,0.000,0,114031,114031,854.100
[WARNING] [stderr] 2026-08-04T20:41:58.332-0600	INFO	ForkJoinPool-1-worker-1	stdout	operator_cpu,nitro,1/LocalExchangeSourceOperator@831,2,0.000,0.015,0.000,0,20,20,1112.240
[WARNING] [stderr] 2026-08-04T20:41:58.332-0600	INFO	ForkJoinPool-1-worker-1	stdout	operator_cpu,nitro,1/TaskOutputOperator@832,2,0.047,0.000,0.003,0,20,20,0.000
[WARNING] [stderr] 2026-08-04T20:41:58.332-0600	INFO	ForkJoinPool-1-worker-1	stdout	operator_cpu,nitro,1/TrinoNitroTopNOperator@832,2,0.133,0.070,0.002,0,20,20,0.000
[WARNING] [stderr] 2026-08-04T20:41:58.332-0600	INFO	ForkJoinPool-1-worker-1	stdout	operator_cpu,nitro,1/LocalExchangeSourceOperator@833,2,0.000,0.008,0.000,0,20,20,1112.380
[WARNING] [stderr] 2026-08-04T20:41:58.332-0600	INFO	ForkJoinPool-1-worker-1	stdout	operator_cpu,nitro,1/LocalExchangeSinkOperator@833,2,0.010,0.000,0.004,0,20,20,0.000
[WARNING] [stderr] 2026-08-04T20:41:58.332-0600	INFO	ForkJoinPool-1-worker-1	stdout	operator_cpu,nitro,1/TrinoNitroTopNOperator@830,2,0.211,0.100,0.002,0,20,20,0.000
[WARNING] [stderr] 2026-08-04T20:41:58.332-0600	INFO	ForkJoinPool-1-worker-1	stdout	operator_cpu,nitro,1/LocalExchangeSinkOperator@831,2,0.011,0.000,0.016,0,20,20,0.000
[WARNING] [stderr] 2026-08-04T20:41:58.332-0600	INFO	ForkJoinPool-1-worker-1	stdout	operator_cpu,nitro,1/LocalExchangeSinkOperator@871,2,0.116,0.000,0.050,0,114031,114031,0.000
[WARNING] [stderr] 2026-08-04T20:41:58.332-0600	INFO	ForkJoinPool-1-worker-1	stdout	operator_cpu,nitro,1/TrinoNitroAggregationOperator@24,2,5.880,2.450,0.003,0,114031,20,0.000
[WARNING] [stderr] 2026-08-04T20:41:58.332-0600	INFO	ForkJoinPool-1-worker-1	stdout	operator_cpu,nitro,2/ExchangeOperator@643,2,0.000,3.560,0.000,0,2923846,2923846,302.450
[WARNING] [stderr] 2026-08-04T20:41:58.332-0600	INFO	ForkJoinPool-1-worker-1	stdout	operator_cpu,nitro,2/LocalExchangeSourceOperator@805,2,0.000,0.467,0.000,0,2923846,2923846,308.820
[WARNING] [stderr] 2026-08-04T20:41:58.332-0600	INFO	ForkJoinPool-1-worker-1	stdout	operator_cpu,nitro,2/TrinoNitroAggregationSourceOperator@875,19,0.000,2120.000,0.000,59986052,32334250,8281028,0.000
[WARNING] [stderr] 2026-08-04T20:41:58.332-0600	INFO	ForkJoinPool-1-worker-1	stdout	operator_cpu,nitro,2/PartitionedOutputOperator@544,19,1.341,0.000,1.342,0,114031,114031,0.000
[WARNING] [stderr] 2026-08-04T20:41:58.332-0600	INFO	ForkJoinPool-1-worker-1	stdout	operator_cpu,nitro,2/TrinoNitroHashJoinOperator@544,19,1.612,66.380,0.618,0,8281028,114031,2290.000
[WARNING] [stderr] 2026-08-04T20:41:58.332-0600	INFO	ForkJoinPool-1-worker-1	stdout	operator_cpu,nitro,2/TrinoNitroHashBuildOperator@544,2,1.173,0.000,95.750,0,2923846,0,653.600
[WARNING] [stderr] 2026-08-04T20:41:58.333-0600	INFO	ForkJoinPool-1-worker-1	stdout	operator_cpu,nitro,2/LocalExchangeSinkOperator@805,2,0.980,0.000,0.064,0,2923846,2923846,0.000
[WARNING] [stderr] 2026-08-04T20:41:58.333-0600	INFO	ForkJoinPool-1-worker-1	stdout	operator_cpu,nitro,2/DynamicFilterSourceOperator@544,2,3.760,0.416,0.005,0,2923846,2923846,0.000
[WARNING] [stderr] 2026-08-04T20:41:58.333-0600	INFO	ForkJoinPool-1-worker-1	stdout	operator_cpu,nitro,3/ExchangeOperator@642,2,0.000,0.445,0.000,0,600552,600552,16.180
[WARNING] [stderr] 2026-08-04T20:41:58.333-0600	INFO	ForkJoinPool-1-worker-1	stdout	operator_cpu,nitro,3/LocalExchangeSourceOperator@804,2,0.000,0.094,0.000,0,600552,600552,15.280
[WARNING] [stderr] 2026-08-04T20:41:58.333-0600	INFO	ForkJoinPool-1-worker-1	stdout	operator_cpu,nitro,3/TaskOutputOperator@543,6,2.580,0.000,0.017,0,1461923,1461923,0.000
[WARNING] [stderr] 2026-08-04T20:41:58.333-0600	INFO	ForkJoinPool-1-worker-1	stdout	operator_cpu,nitro,3/TrinoNitroPipelineSourceOperator@543,6,0.000,543.440,0.000,15000000,7289442,1461923,65.060
[WARNING] [stderr] 2026-08-04T20:41:58.333-0600	INFO	ForkJoinPool-1-worker-1	stdout	operator_cpu,nitro,3/TrinoNitroHashBuildOperator@543,2,0.161,0.000,4.870,0,600552,0,294.350
[WARNING] [stderr] 2026-08-04T20:41:58.333-0600	INFO	ForkJoinPool-1-worker-1	stdout	operator_cpu,nitro,3/LocalExchangeSinkOperator@804,2,0.132,0.000,0.019,0,600552,600552,0.000
[WARNING] [stderr] 2026-08-04T20:41:58.333-0600	INFO	ForkJoinPool-1-worker-1	stdout	operator_cpu,nitro,3/DynamicFilterSourceOperator@543,2,3.380,0.072,0.003,0,600552,600552,0.000
[WARNING] [stderr] 2026-08-04T20:41:58.333-0600	INFO	ForkJoinPool-1-worker-1	stdout	operator_cpu,nitro,4/TrinoNitroPipelineSourceOperator@326,3,0.000,16.440,0.000,1500000,1500000,300276,0.000
[WARNING] [stderr] 2026-08-04T20:41:58.333-0600	INFO	ForkJoinPool-1-worker-1	stdout	operator_cpu,nitro,4/TaskOutputOperator@326,3,0.307,0.000,0.006,0,300276,300276,0.000
[WARNING] [stderr] 2026-08-04T20:41:58.963-0600	INFO	ForkJoinPool-1-worker-1	stdout	operator_cpu,trino,0/ExchangeOperator@645,1,0.000,0.024,0.000,0,20,20,598.220
[WARNING] [stderr] 2026-08-04T20:41:58.963-0600	INFO	ForkJoinPool-1-worker-1	stdout	operator_cpu,trino,0/LocalExchangeSourceOperator@807,1,0.000,0.003,0.000,0,20,20,598.760
[WARNING] [stderr] 2026-08-04T20:41:58.963-0600	INFO	ForkJoinPool-1-worker-1	stdout	operator_cpu,trino,0/TaskOutputOperator@33,1,0.020,0.000,0.001,0,10,10,0.000
[WARNING] [stderr] 2026-08-04T20:41:58.963-0600	INFO	ForkJoinPool-1-worker-1	stdout	operator_cpu,trino,0/LocalExchangeSinkOperator@807,1,0.008,0.000,0.008,0,20,20,0.000
[WARNING] [stderr] 2026-08-04T20:41:58.963-0600	INFO	ForkJoinPool-1-worker-1	stdout	operator_cpu,trino,0/TopNOperator@569,1,0.001,0.068,0.009,0,20,10,0.000
[WARNING] [stderr] 2026-08-04T20:41:58.963-0600	INFO	ForkJoinPool-1-worker-1	stdout	operator_cpu,trino,1/ExchangeOperator@877,2,0.000,0.408,0.000,0,114031,114031,1173.150
[WARNING] [stderr] 2026-08-04T20:41:58.963-0600	INFO	ForkJoinPool-1-worker-1	stdout	operator_cpu,trino,1/LocalExchangeSourceOperator@871,2,0.000,0.049,0.000,0,114031,114031,1174.100
[WARNING] [stderr] 2026-08-04T20:41:58.963-0600	INFO	ForkJoinPool-1-worker-1	stdout	operator_cpu,trino,1/LocalExchangeSourceOperator@831,2,0.000,0.007,0.000,0,20,20,1195.470
[WARNING] [stderr] 2026-08-04T20:41:58.963-0600	INFO	ForkJoinPool-1-worker-1	stdout	operator_cpu,trino,1/TaskOutputOperator@832,2,0.047,0.000,0.002,0,20,20,0.000
[WARNING] [stderr] 2026-08-04T20:41:58.963-0600	INFO	ForkJoinPool-1-worker-1	stdout	operator_cpu,trino,1/TopNOperator@832,2,0.001,0.077,0.017,0,20,20,0.000
[WARNING] [stderr] 2026-08-04T20:41:58.963-0600	INFO	ForkJoinPool-1-worker-1	stdout	operator_cpu,trino,1/LocalExchangeSourceOperator@833,2,0.000,0.008,0.000,0,20,20,1196.490
[WARNING] [stderr] 2026-08-04T20:41:58.963-0600	INFO	ForkJoinPool-1-worker-1	stdout	operator_cpu,trino,1/LocalExchangeSinkOperator@833,2,0.009,0.000,0.002,0,20,20,0.000
[WARNING] [stderr] 2026-08-04T20:41:58.963-0600	INFO	ForkJoinPool-1-worker-1	stdout	operator_cpu,trino,1/TopNOperator@830,2,0.001,0.073,0.014,0,20,20,0.000
[WARNING] [stderr] 2026-08-04T20:41:58.963-0600	INFO	ForkJoinPool-1-worker-1	stdout	operator_cpu,trino,1/LocalExchangeSinkOperator@831,2,0.010,0.000,0.004,0,20,20,0.000
[WARNING] [stderr] 2026-08-04T20:41:58.963-0600	INFO	ForkJoinPool-1-worker-1	stdout	operator_cpu,trino,1/TopNOperator@568,2,0.003,1.535,0.009,0,114003,20,0.000
[WARNING] [stderr] 2026-08-04T20:41:58.963-0600	INFO	ForkJoinPool-1-worker-1	stdout	operator_cpu,trino,1/LocalExchangeSinkOperator@871,2,0.114,0.000,0.021,0,114031,114031,0.000
[WARNING] [stderr] 2026-08-04T20:41:58.963-0600	INFO	ForkJoinPool-1-worker-1	stdout	operator_cpu,trino,1/HashAggregationOperator@24,2,4.290,2.460,0.023,0,114031,114003,0.000
[WARNING] [stderr] 2026-08-04T20:41:58.963-0600	INFO	ForkJoinPool-1-worker-1	stdout	operator_cpu,trino,2/ExchangeOperator@643,2,0.000,14.240,0.000,0,2923846,2923846,382.370
[WARNING] [stderr] 2026-08-04T20:41:58.963-0600	INFO	ForkJoinPool-1-worker-1	stdout	operator_cpu,trino,2/LocalExchangeSourceOperator@805,2,0.000,3.240,0.000,0,2923846,2923846,522.450
[WARNING] [stderr] 2026-08-04T20:41:58.963-0600	INFO	ForkJoinPool-1-worker-1	stdout	operator_cpu,trino,2/ScanFilterAndProjectOperator@729,19,0.000,1184.460,0.000,59986052,59986052,32334250,0.000
[WARNING] [stderr] 2026-08-04T20:41:58.963-0600	INFO	ForkJoinPool-1-worker-1	stdout	operator_cpu,trino,2/LookupJoinOperator@544,19,0.156,358.130,0.006,0,8281027,114031,1912.710
[WARNING] [stderr] 2026-08-04T20:41:58.963-0600	INFO	ForkJoinPool-1-worker-1	stdout	operator_cpu,trino,2/PartitionedOutputOperator@544,19,3.020,0.000,0.518,0,114031,114031,0.000
[WARNING] [stderr] 2026-08-04T20:41:58.963-0600	INFO	ForkJoinPool-1-worker-1	stdout	operator_cpu,trino,2/HashAggregationOperator@875,19,593.400,79.450,0.349,0,32334250,8281027,0.000
[WARNING] [stderr] 2026-08-04T20:41:58.963-0600	INFO	ForkJoinPool-1-worker-1	stdout	operator_cpu,trino,2/FilterAndProjectOperator@881,19,3.340,99.360,0.013,0,32334250,32334250,0.000
[WARNING] [stderr] 2026-08-04T20:41:58.963-0600	INFO	ForkJoinPool-1-worker-1	stdout	operator_cpu,trino,2/HashBuilderOperator@544,2,13.020,0.000,68.300,0,2923846,2923846,450.550
[WARNING] [stderr] 2026-08-04T20:41:58.963-0600	INFO	ForkJoinPool-1-worker-1	stdout	operator_cpu,trino,2/LocalExchangeSinkOperator@805,2,4.810,0.000,0.247,0,2923846,2923846,0.000
[WARNING] [stderr] 2026-08-04T20:41:58.963-0600	INFO	ForkJoinPool-1-worker-1	stdout	operator_cpu,trino,2/DynamicFilterSourceOperator@544,2,5.030,2.110,0.005,0,2923846,2923846,0.000
[WARNING] [stderr] 2026-08-04T20:41:58.963-0600	INFO	ForkJoinPool-1-worker-1	stdout	operator_cpu,trino,3/ExchangeOperator@642,2,0.000,1.327,0.000,0,600552,600552,10.510
[WARNING] [stderr] 2026-08-04T20:41:58.963-0600	INFO	ForkJoinPool-1-worker-1	stdout	operator_cpu,trino,3/LocalExchangeSourceOperator@804,2,0.000,0.350,0.000,0,600552,600552,18.000
[WARNING] [stderr] 2026-08-04T20:41:58.963-0600	INFO	ForkJoinPool-1-worker-1	stdout	operator_cpu,trino,3/ScanFilterAndProjectOperator@724,6,0.000,337.720,0.000,15000000,15000000,7289442,0.000
[WARNING] [stderr] 2026-08-04T20:41:58.963-0600	INFO	ForkJoinPool-1-worker-1	stdout	operator_cpu,trino,3/TaskOutputOperator@543,6,29.000,0.000,0.008,0,1461923,1461923,0.000
[WARNING] [stderr] 2026-08-04T20:41:58.963-0600	INFO	ForkJoinPool-1-worker-1	stdout	operator_cpu,trino,3/LookupJoinOperator@543,6,0.919,231.120,0.008,0,7289442,1461923,499.180
[WARNING] [stderr] 2026-08-04T20:41:58.963-0600	INFO	ForkJoinPool-1-worker-1	stdout	operator_cpu,trino,3/HashBuilderOperator@543,2,1.848,0.000,14.730,0,600552,600552,408.170
[WARNING] [stderr] 2026-08-04T20:41:58.963-0600	INFO	ForkJoinPool-1-worker-1	stdout	operator_cpu,trino,3/LocalExchangeSinkOperator@804,2,0.256,0.000,0.026,0,600552,600552,0.000
[WARNING] [stderr] 2026-08-04T20:41:58.963-0600	INFO	ForkJoinPool-1-worker-1	stdout	operator_cpu,trino,3/DynamicFilterSourceOperator@543,2,4.200,0.169,0.002,0,600552,600552,0.000
[WARNING] [stderr] 2026-08-04T20:41:58.963-0600	INFO	ForkJoinPool-1-worker-1	stdout	operator_cpu,trino,4/ScanFilterAndProjectOperator@326,3,0.000,17.700,0.000,1500000,1500000,300276,0.000
[WARNING] [stderr] 2026-08-04T20:41:58.963-0600	INFO	ForkJoinPool-1-worker-1	stdout	operator_cpu,trino,4/TaskOutputOperator@326,3,0.498,0.000,0.004,0,300276,300276,0.000
[WARNING] [stderr] 2026-08-04T20:41:59.602-0600	INFO	ForkJoinPool-1-worker-1	stdout	operator_cpu,trino,0/ExchangeOperator@645,1,0.000,0.025,0.000,0,20,20,611.450
[WARNING] [stderr] 2026-08-04T20:41:59.602-0600	INFO	ForkJoinPool-1-worker-1	stdout	operator_cpu,trino,0/LocalExchangeSourceOperator@807,1,0.000,0.003,0.000,0,20,20,612.050
[WARNING] [stderr] 2026-08-04T20:41:59.602-0600	INFO	ForkJoinPool-1-worker-1	stdout	operator_cpu,trino,0/TaskOutputOperator@33,1,0.021,0.000,0.001,0,10,10,0.000
[WARNING] [stderr] 2026-08-04T20:41:59.602-0600	INFO	ForkJoinPool-1-worker-1	stdout	operator_cpu,trino,0/LocalExchangeSinkOperator@807,1,0.006,0.000,0.007,0,20,20,0.000
[WARNING] [stderr] 2026-08-04T20:41:59.602-0600	INFO	ForkJoinPool-1-worker-1	stdout	operator_cpu,trino,0/TopNOperator@569,1,0.001,0.044,0.011,0,20,10,0.000
[WARNING] [stderr] 2026-08-04T20:41:59.602-0600	INFO	ForkJoinPool-1-worker-1	stdout	operator_cpu,trino,1/ExchangeOperator@877,2,0.000,0.368,0.000,0,114031,114031,1194.450
[WARNING] [stderr] 2026-08-04T20:41:59.602-0600	INFO	ForkJoinPool-1-worker-1	stdout	operator_cpu,trino,1/LocalExchangeSourceOperator@871,2,0.000,0.046,0.000,0,114031,114031,1213.880
[WARNING] [stderr] 2026-08-04T20:41:59.602-0600	INFO	ForkJoinPool-1-worker-1	stdout	operator_cpu,trino,1/LocalExchangeSourceOperator@831,2,0.000,0.010,0.000,0,20,20,1221.810
[WARNING] [stderr] 2026-08-04T20:41:59.602-0600	INFO	ForkJoinPool-1-worker-1	stdout	operator_cpu,trino,1/TaskOutputOperator@832,2,0.042,0.000,0.002,0,20,20,0.000
[WARNING] [stderr] 2026-08-04T20:41:59.602-0600	INFO	ForkJoinPool-1-worker-1	stdout	operator_cpu,trino,1/TopNOperator@832,2,0.002,0.063,0.014,0,20,20,0.000
[WARNING] [stderr] 2026-08-04T20:41:59.602-0600	INFO	ForkJoinPool-1-worker-1	stdout	operator_cpu,trino,1/LocalExchangeSourceOperator@833,2,0.000,0.010,0.000,0,20,20,1221.850
[WARNING] [stderr] 2026-08-04T20:41:59.602-0600	INFO	ForkJoinPool-1-worker-1	stdout	operator_cpu,trino,1/LocalExchangeSinkOperator@833,2,0.010,0.000,0.003,0,20,20,0.000
[WARNING] [stderr] 2026-08-04T20:41:59.602-0600	INFO	ForkJoinPool-1-worker-1	stdout	operator_cpu,trino,1/TopNOperator@830,2,0.002,0.074,0.018,0,20,20,0.000
[WARNING] [stderr] 2026-08-04T20:41:59.602-0600	INFO	ForkJoinPool-1-worker-1	stdout	operator_cpu,trino,1/LocalExchangeSinkOperator@831,2,0.011,0.000,0.003,0,20,20,0.000
[WARNING] [stderr] 2026-08-04T20:41:59.602-0600	INFO	ForkJoinPool-1-worker-1	stdout	operator_cpu,trino,1/TopNOperator@568,2,0.004,1.604,0.008,0,114003,20,0.000
[WARNING] [stderr] 2026-08-04T20:41:59.602-0600	INFO	ForkJoinPool-1-worker-1	stdout	operator_cpu,trino,1/LocalExchangeSinkOperator@871,2,0.110,0.000,0.036,0,114031,114031,0.000
[WARNING] [stderr] 2026-08-04T20:41:59.602-0600	INFO	ForkJoinPool-1-worker-1	stdout	operator_cpu,trino,1/HashAggregationOperator@24,2,3.720,2.430,0.037,0,114031,114003,0.000
[WARNING] [stderr] 2026-08-04T20:41:59.602-0600	INFO	ForkJoinPool-1-worker-1	stdout	operator_cpu,trino,2/ExchangeOperator@643,2,0.000,13.630,0.000,0,2923846,2923846,364.290
[WARNING] [stderr] 2026-08-04T20:41:59.603-0600	INFO	ForkJoinPool-1-worker-1	stdout	operator_cpu,trino,2/LocalExchangeSourceOperator@805,2,0.000,3.100,0.000,0,2923846,2923846,564.370
[WARNING] [stderr] 2026-08-04T20:41:59.603-0600	INFO	ForkJoinPool-1-worker-1	stdout	operator_cpu,trino,2/ScanFilterAndProjectOperator@729,19,0.000,1180.020,0.000,59986052,59986052,32334250,0.000
[WARNING] [stderr] 2026-08-04T20:41:59.603-0600	INFO	ForkJoinPool-1-worker-1	stdout	operator_cpu,trino,2/LookupJoinOperator@544,19,0.163,358.340,0.006,0,8281027,114031,1916.580
[WARNING] [stderr] 2026-08-04T20:41:59.603-0600	INFO	ForkJoinPool-1-worker-1	stdout	operator_cpu,trino,2/PartitionedOutputOperator@544,19,3.140,0.000,0.576,0,114031,114031,0.000
[WARNING] [stderr] 2026-08-04T20:41:59.603-0600	INFO	ForkJoinPool-1-worker-1	stdout	operator_cpu,trino,2/HashAggregationOperator@875,19,596.320,79.270,0.519,0,32334250,8281027,0.000
[WARNING] [stderr] 2026-08-04T20:41:59.603-0600	INFO	ForkJoinPool-1-worker-1	stdout	operator_cpu,trino,2/FilterAndProjectOperator@881,19,3.330,99.270,0.018,0,32334250,32334250,0.000
[WARNING] [stderr] 2026-08-04T20:41:59.603-0600	INFO	ForkJoinPool-1-worker-1	stdout	operator_cpu,trino,2/HashBuilderOperator@544,2,12.930,0.000,63.850,0,2923846,2923846,485.180
[WARNING] [stderr] 2026-08-04T20:41:59.603-0600	INFO	ForkJoinPool-1-worker-1	stdout	operator_cpu,trino,2/LocalExchangeSinkOperator@805,2,4.400,0.000,0.061,0,2923846,2923846,0.000
[WARNING] [stderr] 2026-08-04T20:41:59.603-0600	INFO	ForkJoinPool-1-worker-1	stdout	operator_cpu,trino,2/DynamicFilterSourceOperator@544,2,5.330,2.009,0.006,0,2923846,2923846,0.000
[WARNING] [stderr] 2026-08-04T20:41:59.603-0600	INFO	ForkJoinPool-1-worker-1	stdout	operator_cpu,trino,3/ExchangeOperator@642,2,0.000,1.170,0.000,0,600552,600552,20.420
[WARNING] [stderr] 2026-08-04T20:41:59.603-0600	INFO	ForkJoinPool-1-worker-1	stdout	operator_cpu,trino,3/LocalExchangeSourceOperator@804,2,0.000,0.354,0.000,0,600552,600552,33.440
[WARNING] [stderr] 2026-08-04T20:41:59.603-0600	INFO	ForkJoinPool-1-worker-1	stdout	operator_cpu,trino,3/ScanFilterAndProjectOperator@724,6,0.000,338.300,0.000,15000000,15000000,7289442,0.000
[WARNING] [stderr] 2026-08-04T20:41:59.603-0600	INFO	ForkJoinPool-1-worker-1	stdout	operator_cpu,trino,3/TaskOutputOperator@543,6,27.910,0.000,0.010,0,1461923,1461923,0.000
[WARNING] [stderr] 2026-08-04T20:41:59.603-0600	INFO	ForkJoinPool-1-worker-1	stdout	operator_cpu,trino,3/LookupJoinOperator@543,6,0.918,234.850,0.010,0,7289442,1461923,458.670
[WARNING] [stderr] 2026-08-04T20:41:59.603-0600	INFO	ForkJoinPool-1-worker-1	stdout	operator_cpu,trino,3/HashBuilderOperator@543,2,2.500,0.000,11.450,0,600552,600552,449.280
[WARNING] [stderr] 2026-08-04T20:41:59.603-0600	INFO	ForkJoinPool-1-worker-1	stdout	operator_cpu,trino,3/LocalExchangeSinkOperator@804,2,0.294,0.000,0.021,0,600552,600552,0.000
[WARNING] [stderr] 2026-08-04T20:41:59.603-0600	INFO	ForkJoinPool-1-worker-1	stdout	operator_cpu,trino,3/DynamicFilterSourceOperator@543,2,4.010,0.180,0.003,0,600552,600552,0.000
[WARNING] [stderr] 2026-08-04T20:41:59.603-0600	INFO	ForkJoinPool-1-worker-1	stdout	operator_cpu,trino,4/ScanFilterAndProjectOperator@326,3,0.000,16.940,0.000,1500000,1500000,300276,0.000
[WARNING] [stderr] 2026-08-04T20:41:59.603-0600	INFO	ForkJoinPool-1-worker-1	stdout	operator_cpu,trino,4/TaskOutputOperator@326,3,0.573,0.000,0.004,0,300276,300276,0.000
[WARNING] [stderr] 2026-08-04T20:42:00.195-0600	INFO	ForkJoinPool-1-worker-1	stdout	operator_cpu,nitro,0/ExchangeOperator@645,1,0.000,0.028,0.000,0,20,20,560.080
[WARNING] [stderr] 2026-08-04T20:42:00.196-0600	INFO	ForkJoinPool-1-worker-1	stdout	operator_cpu,nitro,0/LocalExchangeSourceOperator@807,1,0.000,0.005,0.000,0,20,20,559.810
[WARNING] [stderr] 2026-08-04T20:42:00.196-0600	INFO	ForkJoinPool-1-worker-1	stdout	operator_cpu,nitro,0/TaskOutputOperator@33,1,0.018,0.000,0.002,0,10,10,0.000
[WARNING] [stderr] 2026-08-04T20:42:00.196-0600	INFO	ForkJoinPool-1-worker-1	stdout	operator_cpu,nitro,0/LocalExchangeSinkOperator@807,1,0.013,0.000,0.007,0,20,20,0.000
[WARNING] [stderr] 2026-08-04T20:42:00.196-0600	INFO	ForkJoinPool-1-worker-1	stdout	operator_cpu,nitro,0/TrinoNitroTopNOperator@569,1,0.125,0.062,0.002,0,20,10,0.000
[WARNING] [stderr] 2026-08-04T20:42:00.196-0600	INFO	ForkJoinPool-1-worker-1	stdout	operator_cpu,nitro,1/ExchangeOperator@877,2,0.000,0.491,0.000,0,114031,114031,852.210
[WARNING] [stderr] 2026-08-04T20:42:00.196-0600	INFO	ForkJoinPool-1-worker-1	stdout	operator_cpu,nitro,1/LocalExchangeSourceOperator@871,2,0.000,0.048,0.000,0,114031,114031,1093.750
[WARNING] [stderr] 2026-08-04T20:42:00.196-0600	INFO	ForkJoinPool-1-worker-1	stdout	operator_cpu,nitro,1/LocalExchangeSourceOperator@831,2,0.000,0.012,0.000,0,20,20,1113.920
[WARNING] [stderr] 2026-08-04T20:42:00.196-0600	INFO	ForkJoinPool-1-worker-1	stdout	operator_cpu,nitro,1/TaskOutputOperator@832,2,0.046,0.000,0.003,0,20,20,0.000
[WARNING] [stderr] 2026-08-04T20:42:00.196-0600	INFO	ForkJoinPool-1-worker-1	stdout	operator_cpu,nitro,1/TrinoNitroTopNOperator@832,2,0.151,0.076,0.003,0,20,20,0.000
[WARNING] [stderr] 2026-08-04T20:42:00.196-0600	INFO	ForkJoinPool-1-worker-1	stdout	operator_cpu,nitro,1/LocalExchangeSourceOperator@833,2,0.000,0.008,0.000,0,20,20,1113.990
[WARNING] [stderr] 2026-08-04T20:42:00.196-0600	INFO	ForkJoinPool-1-worker-1	stdout	operator_cpu,nitro,1/LocalExchangeSinkOperator@833,2,0.011,0.000,0.004,0,20,20,0.000
[WARNING] [stderr] 2026-08-04T20:42:00.196-0600	INFO	ForkJoinPool-1-worker-1	stdout	operator_cpu,nitro,1/TrinoNitroTopNOperator@830,2,0.226,0.101,0.003,0,20,20,0.000
[WARNING] [stderr] 2026-08-04T20:42:00.196-0600	INFO	ForkJoinPool-1-worker-1	stdout	operator_cpu,nitro,1/LocalExchangeSinkOperator@831,2,0.011,0.000,0.008,0,20,20,0.000
[WARNING] [stderr] 2026-08-04T20:42:00.196-0600	INFO	ForkJoinPool-1-worker-1	stdout	operator_cpu,nitro,1/LocalExchangeSinkOperator@871,2,0.116,0.000,0.024,0,114031,114031,0.000
[WARNING] [stderr] 2026-08-04T20:42:00.196-0600	INFO	ForkJoinPool-1-worker-1	stdout	operator_cpu,nitro,1/TrinoNitroAggregationOperator@24,2,6.620,2.450,0.003,0,114031,20,0.000
[WARNING] [stderr] 2026-08-04T20:42:00.196-0600	INFO	ForkJoinPool-1-worker-1	stdout	operator_cpu,nitro,2/ExchangeOperator@643,2,0.000,3.670,0.000,0,2923846,2923846,268.790
[WARNING] [stderr] 2026-08-04T20:42:00.196-0600	INFO	ForkJoinPool-1-worker-1	stdout	operator_cpu,nitro,2/LocalExchangeSourceOperator@805,2,0.000,0.475,0.000,0,2923846,2923846,276.800
[WARNING] [stderr] 2026-08-04T20:42:00.196-0600	INFO	ForkJoinPool-1-worker-1	stdout	operator_cpu,nitro,2/TrinoNitroAggregationSourceOperator@875,19,0.000,2100.000,0.000,59986052,32334250,8281028,0.000
[WARNING] [stderr] 2026-08-04T20:42:00.196-0600	INFO	ForkJoinPool-1-worker-1	stdout	operator_cpu,nitro,2/PartitionedOutputOperator@544,19,1.217,0.000,1.225,0,114031,114031,0.000
[WARNING] [stderr] 2026-08-04T20:42:00.196-0600	INFO	ForkJoinPool-1-worker-1	stdout	operator_cpu,nitro,2/TrinoNitroHashJoinOperator@544,19,1.396,63.320,0.598,0,8281028,114031,1667.170
[WARNING] [stderr] 2026-08-04T20:42:00.196-0600	INFO	ForkJoinPool-1-worker-1	stdout	operator_cpu,nitro,2/TrinoNitroHashBuildOperator@544,2,1.173,0.000,95.720,0,2923846,0,657.340
[WARNING] [stderr] 2026-08-04T20:42:00.196-0600	INFO	ForkJoinPool-1-worker-1	stdout	operator_cpu,nitro,2/LocalExchangeSinkOperator@805,2,1.047,0.000,0.062,0,2923846,2923846,0.000
[WARNING] [stderr] 2026-08-04T20:42:00.196-0600	INFO	ForkJoinPool-1-worker-1	stdout	operator_cpu,nitro,2/DynamicFilterSourceOperator@544,2,3.790,0.436,0.004,0,2923846,2923846,0.000
[WARNING] [stderr] 2026-08-04T20:42:00.196-0600	INFO	ForkJoinPool-1-worker-1	stdout	operator_cpu,nitro,3/ExchangeOperator@642,2,0.000,0.509,0.000,0,600552,600552,25.820
[WARNING] [stderr] 2026-08-04T20:42:00.196-0600	INFO	ForkJoinPool-1-worker-1	stdout	operator_cpu,nitro,3/LocalExchangeSourceOperator@804,2,0.000,0.091,0.000,0,600552,600552,20.080
[WARNING] [stderr] 2026-08-04T20:42:00.196-0600	INFO	ForkJoinPool-1-worker-1	stdout	operator_cpu,nitro,3/TaskOutputOperator@543,6,2.510,0.000,0.014,0,1461923,1461923,0.000
[WARNING] [stderr] 2026-08-04T20:42:00.196-0600	INFO	ForkJoinPool-1-worker-1	stdout	operator_cpu,nitro,3/TrinoNitroPipelineSourceOperator@543,6,0.000,536.330,0.000,15000000,7289442,1461923,109.740
[WARNING] [stderr] 2026-08-04T20:42:00.196-0600	INFO	ForkJoinPool-1-worker-1	stdout	operator_cpu,nitro,3/TrinoNitroHashBuildOperator@543,2,0.192,0.000,4.940,0,600552,0,251.110
[WARNING] [stderr] 2026-08-04T20:42:00.196-0600	INFO	ForkJoinPool-1-worker-1	stdout	operator_cpu,nitro,3/LocalExchangeSinkOperator@804,2,0.146,0.000,0.015,0,600552,600552,0.000
[WARNING] [stderr] 2026-08-04T20:42:00.196-0600	INFO	ForkJoinPool-1-worker-1	stdout	operator_cpu,nitro,3/DynamicFilterSourceOperator@543,2,3.730,0.076,0.002,0,600552,600552,0.000
[WARNING] [stderr] 2026-08-04T20:42:00.196-0600	INFO	ForkJoinPool-1-worker-1	stdout	operator_cpu,nitro,4/TrinoNitroPipelineSourceOperator@326,3,0.000,17.140,0.000,1500000,1500000,300276,0.000
[WARNING] [stderr] 2026-08-04T20:42:00.196-0600	INFO	ForkJoinPool-1-worker-1	stdout	operator_cpu,nitro,4/TaskOutputOperator@326,3,0.448,0.000,0.007,0,300276,300276,0.000
[WARNING] [stderr] 2026-08-04T20:42:00.196-0600	INFO	ForkJoinPool-1-worker-1	stdout	trino,tpch-parquet-sf10,q03,7,629.695,668.443,739.735,672.703,3082.000,3087.429,4.5896,701.442,76486052,0,0
[WARNING] [stderr] 2026-08-04T20:42:00.196-0600	INFO	ForkJoinPool-1-worker-1	stdout	allocation,trino,tpch-parquet-sf10,q03,7,8074.011,8062.316
[WARNING] [stderr] 2026-08-04T20:42:00.196-0600	INFO	ForkJoinPool-1-worker-1	stdout	nitro,tpch-parquet-sf10,q03,7,566.760,584.597,611.962,585.470,2870.000,2862.000,4.8884,698.434,76486052,19,28
[WARNING] [stderr] 2026-08-04T20:42:00.196-0600	INFO	ForkJoinPool-1-worker-1	stdout	allocation,nitro,tpch-parquet-sf10,q03,7,1473.187,1479.222
[INFO] Tests run: 1, Failures: 0, Errors: 0, Skipped: 0, Time elapsed: 34.70 s -- in io.trino.tests.nitro.TestNitroParquetCountPerformance
[WARNING] [stderr] 2026-08-04T20:42:00.247-0600	INFO	main	io.trino.testing.containers.junit.ReportLeakedContainers	DockerClientFactory not initialized, so there should be no leaked containers, skipping the check
[INFO] 
[INFO] Results:
[INFO] 
[INFO] Tests run: 1, Failures: 0, Errors: 0, Skipped: 0
[INFO] 
[INFO] ------------------------------------------------------------------------
[INFO] BUILD SUCCESS
[INFO] ------------------------------------------------------------------------
[INFO] Total time:  36.775 s (Wall Clock)
[INFO] Finished at: 2026-08-05T02:42:00Z
[INFO] ------------------------------------------------------------------------
[INFO] Njord session closed
