Script started on 2026-08-07 12:48:48+00:00 [COMMAND="/opt/mvnd/bin/mvnd -Dmaven.gitcommitid.skip=true -Djacoco.skip=true -pl testing/trino-tests -Dair.check.skip-all -DskipTests=false -Dtest=TestNitroTpcdsParquetPerformance#testQueryPerformance -Dair.test.jvmsize=12g -Dtrino.test.nitro-tpcds-parquet-data=/root/data/tpcds-parquet-sf10/sf10 -Dtrino.test.nitro-tpcds-engine=both -Dtrino.test.nitro-tpcds-query=q57 -Dtrino.test.nitro-tpcds-warmups=5 -Dtrino.test.nitro-tpcds-measurements=7 -Dtrino.test.nitro-query-max-memory=8GB -Dtrino.test.nitro-measure-thread-allocation=true test" <not executed on terminal>]
[INFO] Enabling strict checksum verification on all artifact downloads.
[INFO] Processing build on daemon eb700187
[INFO] Scanning for projects...
[INFO] Loaded 0 groupId for remote repository maven-central
[INFO] Loaded 0 groupId for remote repository google-maven-central-copy
[INFO] Njord 0.9.9 session created
[INFO] BuildTimeEventSpy is registered.
[INFO] 
[INFO] Using the SmartBuilder implementation with a thread count of 7
[INFO] 
[INFO] ------------------------< io.trino:trino-tests >------------------------
[INFO] Building trino-tests 484-SNAPSHOT
[INFO]   from pom.xml
[INFO] --------------------------------[ jar ]---------------------------------
[INFO] Loaded 0 groupId for remote repository ossrh
[INFO] Loaded 0 groupId for remote repository repo.gradle.org
[INFO] Loaded 0 groupId for remote repository central.maven.org
[INFO] 
[INFO] --- git-commit-id:10.0.0:revision (default) @ trino-tests ---
[INFO] 
[INFO] --- build-helper:3.6.1:bsh-property (surefire-enable-preview) @ trino-tests ---
[INFO] 
[INFO] --- resources:3.5.0:resources (default-resources) @ trino-tests ---
[INFO] skip non existing resourceDirectory /root/notes/trino.nitro/testing/trino-tests/src/main/resources
[INFO] 
[INFO] --- compiler:3.15.0:compile (default-compile) @ trino-tests ---
[INFO] Nothing to compile - all classes are up to date.
[INFO] 
[INFO] --- resources:3.5.0:testResources (default-testResources) @ trino-tests ---
[INFO] Copying 266 resources from src/test/resources to target/test-classes
[INFO] 
[INFO] --- compiler:3.15.0:testCompile (default-testCompile) @ trino-tests ---
[INFO] Nothing to compile - all classes are up to date.
[INFO] 
[INFO] --- modernizer:3.4.0:modernizer (modernizer) @ trino-tests ---
[INFO] Skipping modernizer execution!
[INFO] 
[INFO] --- modernizer:3.4.0:modernizer (modernizer-production-code) @ trino-tests ---
[INFO] Skipping modernizer execution!
[INFO] 
[INFO] --- dependency:3.11.0:analyze-only (default) @ trino-tests ---
[INFO] Skipping plugin execution
[INFO] 
[INFO] --- dependency:3.11.0:analyze-duplicate (default) @ trino-tests ---
[INFO] Skipping plugin execution
[INFO] 
[INFO] --- duplicate-finder:2.0.1:check (default) @ trino-tests ---
[INFO] Skipping duplicate-finder execution!
[INFO] 
[INFO] --- surefire:3.5.6:test (default-test) @ trino-tests ---
[INFO] Tests will run in random order. To reproduce ordering use flag -Dsurefire.runOrder.random.seed=4449810605691166
[INFO] Using auto detected provider org.apache.maven.surefire.junitplatform.JUnitPlatformProvider
[INFO] 
[INFO] -------------------------------------------------------
[INFO]  T E S T S
[INFO] -------------------------------------------------------
[WARNING] [stderr] WARNING: Using incubator modules: jdk.incubator.vector
[WARNING] [stderr] 2026-08-07T06:48:50.498-0600	INFO	ForkJoinPool-1-worker-1	io.airlift.log.Logging	Logging to stderr
[INFO] Running io.trino.tests.nitro.TestNitroTpcdsParquetPerformance
[WARNING] [stderr] 2026-08-07T06:48:51.427-0600	INFO	ForkJoinPool-1-worker-1	io.trino.simd.BlockEncodingSimdSupport	Detected SIMD Support for architecture=amd64, vectorBitWidth=512: SimdSupport[capabilities=[COMPRESS_BYTE, EXPAND_BYTE, COMPRESS_SHORT, EXPAND_SHORT, COMPRESS_INT, EXPAND_INT, COMPRESS_LONG, EXPAND_LONG]]
[WARNING] [stderr] WARNING: A restricted method in java.lang.System has been called
[WARNING] [stderr] WARNING: java.lang.System::loadLibrary has been called by com.aayushatharva.brotli4j.Brotli4jLoader in an unnamed module (file:/root/.m2/repository/com/aayushatharva/brotli4j/brotli4j/1.23.0/brotli4j-1.23.0.jar)
[WARNING] [stderr] WARNING: Use --enable-native-access=ALL-UNNAMED to avoid a warning for callers in this module
[WARNING] [stderr] WARNING: Restricted methods will be blocked in a future release unless native access is enabled
[WARNING] [stderr] 
[WARNING] [stderr] 2026-08-07T06:48:52.735-0600	INFO	ForkJoinPool-1-worker-1	io.trino.testing.DistributedQueryRunner	Created DistributedQueryRunner in 1.92s (unclosed instances = 1)
[WARNING] [stderr] 2026-08-07T06:48:53.784-0600	INFO	ForkJoinPool-1-worker-1	io.trino.testing.DistributedQueryRunner	Created DistributedQueryRunner in 552.79ms (unclosed instances = 2)
[WARNING] [stderr] 2026-08-07T06:48:53.972-0600	INFO	ForkJoinPool-1-worker-1	stdout	engine,suite,query,measurements,min_ms,p50_ms,p95_ms,mean_ms,cpu_p50_ms,cpu_mean_ms,native_sources
[WARNING] [stderr] 2026-08-07T06:49:13.270-0600	INFO	Notification Thread	io.airlift.stats.JmxGcMonitor	Major GC: application 0.00s, stopped 175.00ms: 12.21GB -> 3.67GB
[WARNING] [stderr] 2026-08-07T06:49:13.271-0600	INFO	Notification Thread	io.airlift.stats.JmxGcMonitor	Major GC: application 0.00s, stopped 175.00ms: 12.21GB -> 3.67GB
[WARNING] [stderr] 2026-08-07T06:49:13.271-0600	INFO	Notification Thread	io.airlift.stats.JmxGcMonitor	Major GC: application 0.00s, stopped 175.00ms: 12.21GB -> 3.67GB
[WARNING] [stderr] 2026-08-07T06:49:13.271-0600	INFO	Notification Thread	io.airlift.stats.JmxGcMonitor	Major GC: application 0.00s, stopped 175.00ms: 12.21GB -> 3.67GB
[WARNING] [stderr] 2026-08-07T06:49:25.762-0600	INFO	Notification Thread	io.airlift.stats.JmxGcMonitor	Major GC: application 12.31s, stopped 180.00ms: 12.14GB -> 4.75GB
[WARNING] [stderr] 2026-08-07T06:49:25.762-0600	INFO	Notification Thread	io.airlift.stats.JmxGcMonitor	Major GC: application 12.31s, stopped 180.00ms: 12.14GB -> 4.75GB
[WARNING] [stderr] 2026-08-07T06:49:25.762-0600	INFO	Notification Thread	io.airlift.stats.JmxGcMonitor	Major GC: application 12.31s, stopped 180.00ms: 12.14GB -> 4.75GB
[WARNING] [stderr] 2026-08-07T06:49:25.762-0600	INFO	Notification Thread	io.airlift.stats.JmxGcMonitor	Major GC: application 12.31s, stopped 180.00ms: 12.14GB -> 4.75GB
[WARNING] [stderr] 2026-08-07T06:49:31.520-0600	INFO	Notification Thread	io.airlift.stats.JmxGcMonitor	Major GC: application 5.59s, stopped 167.00ms: 12.13GB -> 4.43GB
[WARNING] [stderr] 2026-08-07T06:49:31.521-0600	INFO	Notification Thread	io.airlift.stats.JmxGcMonitor	Major GC: application 5.59s, stopped 167.00ms: 12.13GB -> 4.43GB
[WARNING] [stderr] 2026-08-07T06:49:31.521-0600	INFO	Notification Thread	io.airlift.stats.JmxGcMonitor	Major GC: application 5.59s, stopped 167.00ms: 12.13GB -> 4.43GB
[WARNING] [stderr] 2026-08-07T06:49:31.521-0600	INFO	Notification Thread	io.airlift.stats.JmxGcMonitor	Major GC: application 5.59s, stopped 167.00ms: 12.13GB -> 4.43GB
[WARNING] [stderr] 2026-08-07T06:49:37.932-0600	INFO	Notification Thread	io.airlift.stats.JmxGcMonitor	Major GC: application 6.23s, stopped 186.00ms: 12.14GB -> 4.68GB
[WARNING] [stderr] 2026-08-07T06:49:37.933-0600	INFO	Notification Thread	io.airlift.stats.JmxGcMonitor	Major GC: application 6.23s, stopped 186.00ms: 12.14GB -> 4.68GB
[WARNING] [stderr] 2026-08-07T06:49:37.933-0600	INFO	Notification Thread	io.airlift.stats.JmxGcMonitor	Major GC: application 6.23s, stopped 186.00ms: 12.14GB -> 4.68GB
[WARNING] [stderr] 2026-08-07T06:49:37.933-0600	INFO	Notification Thread	io.airlift.stats.JmxGcMonitor	Major GC: application 6.23s, stopped 186.00ms: 12.14GB -> 4.68GB
[WARNING] [stderr] 2026-08-07T06:49:41.588-0600	INFO	Notification Thread	io.airlift.stats.JmxGcMonitor	Major GC: application 3.50s, stopped 153.00ms: 11.97GB -> 3.04GB
[WARNING] [stderr] 2026-08-07T06:49:41.588-0600	INFO	Notification Thread	io.airlift.stats.JmxGcMonitor	Major GC: application 3.50s, stopped 153.00ms: 11.97GB -> 3.04GB
[WARNING] [stderr] 2026-08-07T06:49:41.588-0600	INFO	Notification Thread	io.airlift.stats.JmxGcMonitor	Major GC: application 3.50s, stopped 153.00ms: 11.97GB -> 3.04GB
[WARNING] [stderr] 2026-08-07T06:49:41.588-0600	INFO	Notification Thread	io.airlift.stats.JmxGcMonitor	Major GC: application 3.50s, stopped 153.00ms: 11.97GB -> 3.04GB
[WARNING] [stderr] 2026-08-07T06:49:46.067-0600	INFO	Notification Thread	io.airlift.stats.JmxGcMonitor	Major GC: application 4.28s, stopped 197.00ms: 12.12GB -> 4.60GB
[WARNING] [stderr] 2026-08-07T06:49:46.068-0600	INFO	Notification Thread	io.airlift.stats.JmxGcMonitor	Major GC: application 4.28s, stopped 197.00ms: 12.12GB -> 4.60GB
[WARNING] [stderr] 2026-08-07T06:49:46.068-0600	INFO	Notification Thread	io.airlift.stats.JmxGcMonitor	Major GC: application 4.28s, stopped 197.00ms: 12.12GB -> 4.60GB
[WARNING] [stderr] 2026-08-07T06:49:46.068-0600	INFO	Notification Thread	io.airlift.stats.JmxGcMonitor	Major GC: application 4.28s, stopped 197.00ms: 12.12GB -> 4.60GB
[WARNING] [stderr] 2026-08-07T06:49:49.196-0600	INFO	Notification Thread	io.airlift.stats.JmxGcMonitor	Major GC: application 2.99s, stopped 138.00ms: 12.02GB -> 3.81GB
[WARNING] [stderr] 2026-08-07T06:49:49.197-0600	INFO	Notification Thread	io.airlift.stats.JmxGcMonitor	Major GC: application 2.99s, stopped 138.00ms: 12.02GB -> 3.81GB
[WARNING] [stderr] 2026-08-07T06:49:49.198-0600	INFO	Notification Thread	io.airlift.stats.JmxGcMonitor	Major GC: application 2.99s, stopped 138.00ms: 12.02GB -> 3.81GB
[WARNING] [stderr] 2026-08-07T06:49:49.198-0600	INFO	Notification Thread	io.airlift.stats.JmxGcMonitor	Major GC: application 2.99s, stopped 138.00ms: 12.02GB -> 3.81GB
[WARNING] [stderr] 2026-08-07T06:50:10.066-0600	INFO	Notification Thread	io.airlift.stats.JmxGcMonitor	Major GC: application 20.66s, stopped 209.00ms: 12.19GB -> 4.58GB
[WARNING] [stderr] 2026-08-07T06:50:10.067-0600	INFO	Notification Thread	io.airlift.stats.JmxGcMonitor	Major GC: application 20.66s, stopped 209.00ms: 12.19GB -> 4.58GB
[WARNING] [stderr] 2026-08-07T06:50:10.067-0600	INFO	Notification Thread	io.airlift.stats.JmxGcMonitor	Major GC: application 20.66s, stopped 209.00ms: 12.19GB -> 4.58GB
[WARNING] [stderr] 2026-08-07T06:50:10.067-0600	INFO	Notification Thread	io.airlift.stats.JmxGcMonitor	Major GC: application 20.66s, stopped 209.00ms: 12.19GB -> 4.58GB
[WARNING] [stderr] 2026-08-07T06:50:17.284-0600	INFO	ForkJoinPool-1-worker-1	stdout	trino,tpcds-parquet-sf10,q57,7,3221.433,4033.956,4370.620,3881.728,18682.000,18516.000,0
[WARNING] [stderr] 2026-08-07T06:50:17.284-0600	INFO	ForkJoinPool-1-worker-1	stdout	allocation,trino,tpcds-parquet-sf10,q57,7,30657.207,30722.893
[WARNING] [stderr] 2026-08-07T06:50:17.284-0600	INFO	ForkJoinPool-1-worker-1	stdout	peak_memory,trino,tpcds-parquet-sf10,q57,7,1888.305,2036.724,11724.033,12246.015
[WARNING] [stderr] 2026-08-07T06:50:17.285-0600	INFO	ForkJoinPool-1-worker-1	stdout	nitro,tpcds-parquet-sf10,q57,7,1927.338,1993.115,2146.805,2015.873,8527.000,8534.143,39
[WARNING] [stderr] 2026-08-07T06:50:17.285-0600	INFO	ForkJoinPool-1-worker-1	stdout	allocation,nitro,tpcds-parquet-sf10,q57,7,16652.582,16631.245
[WARNING] [stderr] 2026-08-07T06:50:17.285-0600	INFO	ForkJoinPool-1-worker-1	stdout	peak_memory,nitro,tpcds-parquet-sf10,q57,7,544.347,658.780,10525.476,11835.450
[WARNING] [stderr] 2026-08-07T06:50:17.285-0600	INFO	ForkJoinPool-1-worker-1	stdout	boundary,nitro,tpcds-parquet-sf10,q57,7,18374,231839421,15016021049,77338861,1236019021,0,11156,85980993,6430058320,79042109,437451869,0,6214934,1130892864,0,24577,221683689,41278437566
[WARNING] [stderr] 2026-08-07T06:50:17.285-0600	INFO	ForkJoinPool-1-worker-1	stdout	nitro_over_trino_wall_p50,0.4940843781794251
[WARNING] [stderr] 2026-08-07T06:50:17.285-0600	INFO	ForkJoinPool-1-worker-1	stdout	nitro_over_trino_cpu_p50,0.45642864789637083
[WARNING] [stderr] 2026-08-07T06:50:17.285-0600	INFO	ForkJoinPool-1-worker-1	stdout	nitro_over_trino_cpu_mean,0.4609063975557819
[INFO] Tests run: 1, Failures: 0, Errors: 0, Skipped: 0, Time elapsed: 86.82 s -- in io.trino.tests.nitro.TestNitroTpcdsParquetPerformance
[WARNING] [stderr] 2026-08-07T06:50:17.338-0600	INFO	main	io.trino.testing.containers.junit.ReportLeakedContainers	DockerClientFactory not initialized, so there should be no leaked containers, skipping the check
[INFO] 
[INFO] Results:
[INFO] 
[INFO] Tests run: 1, Failures: 0, Errors: 0, Skipped: 0
[INFO] 
[INFO] ------------------------------------------------------------------------
[INFO] BUILD SUCCESS
[INFO] ------------------------------------------------------------------------
[INFO] Total time:  01:28 min (Wall Clock)
[INFO] Finished at: 2026-08-07T12:50:17Z
[INFO] ------------------------------------------------------------------------
[INFO] Njord session closed

Script done on 2026-08-07 12:50:17+00:00 [COMMAND_EXIT_CODE="0"]
