NOTE: Picked up JDK_JAVA_OPTIONS: -XX:+UseG1GC -XX:-HeapDumpOnOutOfMemoryError -XX:ActiveProcessorCount=6 -Dcork.benchmark.task-concurrency=4 -Dcork.benchmark.expected-mode=CPU -Dcork.benchmark.output-directory=/home/martin/src/nitro.opt/benchmarks/trino-integration/20260818-tpcds-q19-raw-CPU -Dcork.benchmark.required-nitro-code-source-root=/home/martin/src/nitro.opt
Aug 18, 2026 8:15:16 PM io.airlift.log.Logger info
INFO: Launching benchmark JVM with -Xms12288m -Xmx12288m
NOTE: Picked up JDK_JAVA_OPTIONS: -XX:+UseG1GC -XX:-HeapDumpOnOutOfMemoryError -XX:ActiveProcessorCount=6 -Dcork.benchmark.task-concurrency=4 -Dcork.benchmark.expected-mode=CPU -Dcork.benchmark.output-directory=/home/martin/src/nitro.opt/benchmarks/trino-integration/20260818-tpcds-q19-raw-CPU -Dcork.benchmark.required-nitro-code-source-root=/home/martin/src/nitro.opt
WARNING: Using incubator modules: jdk.incubator.vector
Aug 18, 2026 8:15:17 PM io.airlift.log.Logger info
INFO: Per-iteration EXPLAIN ANALYZE plans will be written under /home/martin/src/nitro.opt/benchmarks/trino-integration/20260818-tpcds-q19-raw-CPU/tpcds-sf10/explain
Aug 18, 2026 8:15:17 PM io.airlift.log.Logger info
INFO: Benchmark task concurrency: 4
2026-08-18T20:15:17.506Z	INFO	main	io.airlift.log.Logging	Logging to stderr
2026-08-18T20:15:17.553Z	INFO	main	stderr	SLF4J(W): Class path contains multiple SLF4J providers.
2026-08-18T20:15:17.553Z	INFO	main	stderr	SLF4J(W): Found provider [org.slf4j.jul.JULServiceProvider@58f07f02]
2026-08-18T20:15:17.553Z	INFO	main	stderr	SLF4J(W): Found provider [org.slf4j.nop.NOPServiceProvider@75798d03]
2026-08-18T20:15:17.553Z	INFO	main	stderr	SLF4J(W): See https://www.slf4j.org/codes.html#multiple_bindings for an explanation.
2026-08-18T20:15:17.553Z	INFO	main	stderr	SLF4J(I): Actual provider is of type [org.slf4j.jul.JULServiceProvider@58f07f02]
WARNING: A terminally deprecated method in sun.misc.Unsafe has been called
WARNING: sun.misc.Unsafe::staticFieldBase has been called by com.google.inject.internal.aop.HiddenClassDefiner (file:/root/.m2/repository/remote-cache/com/google/inject/guice/7.0.0/guice-7.0.0-classes.jar)
WARNING: Please consider reporting this to the maintainers of class com.google.inject.internal.aop.HiddenClassDefiner
WARNING: sun.misc.Unsafe::staticFieldBase will be removed in a future release
2026-08-18T20:15:18.125Z	INFO	main	io.trino.simd.BlockEncodingSimdSupport	Detected SIMD Support for architecture=amd64, vectorBitWidth=512: SimdSupport[capabilities=[NULL_BIT_PACKING, COMPRESS_BYTE, EXPAND_BYTE, COMPRESS_SHORT, EXPAND_SHORT, COMPRESS_INT, EXPAND_INT, COMPRESS_LONG, EXPAND_LONG]]
WARNING: A restricted method in java.lang.System has been called
WARNING: java.lang.System::loadLibrary has been called by com.aayushatharva.brotli4j.Brotli4jLoader in an unnamed module (file:/root/.m2/repository/remote-cache/com/aayushatharva/brotli4j/brotli4j/1.23.0/brotli4j-1.23.0.jar)
WARNING: Use --enable-native-access=ALL-UNNAMED to avoid a warning for callers in this module
WARNING: Restricted methods will be blocked in a future release unless native access is enabled

2026-08-18T20:15:19.126Z	INFO	main	io.trino.testing.DistributedQueryRunner	Created DistributedQueryRunner in 1.62s (unclosed instances = 1)
2026-08-18T20:15:19.127Z	INFO	main	io.trino.exchange.ExchangeManagerRegistry	-- Loading exchange manager filesystem --
2026-08-18T20:15:19.142Z	INFO	main	io.trino.exchange.ExchangeManagerRegistry	-- Loaded exchange manager filesystem --
2026-08-18T20:15:19.898Z	INFO	main	io.trino.tests.benchmark.BaseHiveTpcdsWorkload	Reusing existing hive.tpcds.call_center at local:///root/data/tpcds-parquet-sf10/sf10/call_center
2026-08-18T20:15:19.964Z	INFO	main	io.trino.tests.benchmark.BaseHiveTpcdsWorkload	Reusing existing hive.tpcds.catalog_page at local:///root/data/tpcds-parquet-sf10/sf10/catalog_page
2026-08-18T20:15:20.072Z	INFO	main	io.trino.tests.benchmark.BaseHiveTpcdsWorkload	Reusing existing hive.tpcds.catalog_returns at local:///root/data/tpcds-parquet-sf10/sf10/catalog_returns
2026-08-18T20:15:20.128Z	INFO	main	io.trino.tests.benchmark.BaseHiveTpcdsWorkload	Reusing existing hive.tpcds.catalog_sales at local:///root/data/tpcds-parquet-sf10/sf10/catalog_sales
2026-08-18T20:15:20.178Z	INFO	main	io.trino.tests.benchmark.BaseHiveTpcdsWorkload	Reusing existing hive.tpcds.customer at local:///root/data/tpcds-parquet-sf10/sf10/customer
2026-08-18T20:15:20.227Z	INFO	main	io.trino.tests.benchmark.BaseHiveTpcdsWorkload	Reusing existing hive.tpcds.customer_address at local:///root/data/tpcds-parquet-sf10/sf10/customer_address
2026-08-18T20:15:20.275Z	INFO	main	io.trino.tests.benchmark.BaseHiveTpcdsWorkload	Reusing existing hive.tpcds.customer_demographics at local:///root/data/tpcds-parquet-sf10/sf10/customer_demographics
2026-08-18T20:15:20.317Z	INFO	main	io.trino.tests.benchmark.BaseHiveTpcdsWorkload	Reusing existing hive.tpcds.date_dim at local:///root/data/tpcds-parquet-sf10/sf10/date_dim
2026-08-18T20:15:20.359Z	INFO	main	io.trino.tests.benchmark.BaseHiveTpcdsWorkload	Reusing existing hive.tpcds.household_demographics at local:///root/data/tpcds-parquet-sf10/sf10/household_demographics
2026-08-18T20:15:20.399Z	INFO	main	io.trino.tests.benchmark.BaseHiveTpcdsWorkload	Reusing existing hive.tpcds.income_band at local:///root/data/tpcds-parquet-sf10/sf10/income_band
2026-08-18T20:15:20.439Z	INFO	main	io.trino.tests.benchmark.BaseHiveTpcdsWorkload	Reusing existing hive.tpcds.inventory at local:///root/data/tpcds-parquet-sf10/sf10/inventory
2026-08-18T20:15:20.479Z	INFO	main	io.trino.tests.benchmark.BaseHiveTpcdsWorkload	Reusing existing hive.tpcds.item at local:///root/data/tpcds-parquet-sf10/sf10/item
2026-08-18T20:15:20.518Z	INFO	main	io.trino.tests.benchmark.BaseHiveTpcdsWorkload	Reusing existing hive.tpcds.promotion at local:///root/data/tpcds-parquet-sf10/sf10/promotion
2026-08-18T20:15:20.555Z	INFO	main	io.trino.tests.benchmark.BaseHiveTpcdsWorkload	Reusing existing hive.tpcds.reason at local:///root/data/tpcds-parquet-sf10/sf10/reason
2026-08-18T20:15:20.596Z	INFO	main	io.trino.tests.benchmark.BaseHiveTpcdsWorkload	Reusing existing hive.tpcds.ship_mode at local:///root/data/tpcds-parquet-sf10/sf10/ship_mode
2026-08-18T20:15:20.633Z	INFO	main	io.trino.tests.benchmark.BaseHiveTpcdsWorkload	Reusing existing hive.tpcds.store at local:///root/data/tpcds-parquet-sf10/sf10/store
2026-08-18T20:15:20.665Z	INFO	main	io.trino.tests.benchmark.BaseHiveTpcdsWorkload	Reusing existing hive.tpcds.store_returns at local:///root/data/tpcds-parquet-sf10/sf10/store_returns
2026-08-18T20:15:20.697Z	INFO	main	io.trino.tests.benchmark.BaseHiveTpcdsWorkload	Reusing existing hive.tpcds.store_sales at local:///root/data/tpcds-parquet-sf10/sf10/store_sales
2026-08-18T20:15:20.729Z	INFO	main	io.trino.tests.benchmark.BaseHiveTpcdsWorkload	Reusing existing hive.tpcds.time_dim at local:///root/data/tpcds-parquet-sf10/sf10/time_dim
2026-08-18T20:15:20.761Z	INFO	main	io.trino.tests.benchmark.BaseHiveTpcdsWorkload	Reusing existing hive.tpcds.warehouse at local:///root/data/tpcds-parquet-sf10/sf10/warehouse
2026-08-18T20:15:20.790Z	INFO	main	io.trino.tests.benchmark.BaseHiveTpcdsWorkload	Reusing existing hive.tpcds.web_page at local:///root/data/tpcds-parquet-sf10/sf10/web_page
2026-08-18T20:15:20.821Z	INFO	main	io.trino.tests.benchmark.BaseHiveTpcdsWorkload	Reusing existing hive.tpcds.web_returns at local:///root/data/tpcds-parquet-sf10/sf10/web_returns
2026-08-18T20:15:20.852Z	INFO	main	io.trino.tests.benchmark.BaseHiveTpcdsWorkload	Reusing existing hive.tpcds.web_sales at local:///root/data/tpcds-parquet-sf10/sf10/web_sales
2026-08-18T20:15:20.882Z	INFO	main	io.trino.tests.benchmark.BaseHiveTpcdsWorkload	Reusing existing hive.tpcds.web_site at local:///root/data/tpcds-parquet-sf10/sf10/web_site
2026-08-18T20:15:20.882Z	INFO	main	io.trino.tests.benchmark.BenchmarkRunner	Running Trino at http://127.0.0.1:36081 (mode=CPU)
2026-08-18T20:15:20.883Z	INFO	main	io.trino.tests.benchmark.BenchmarkRunner	Running tpcds-sf10 benchmark: 0 suite warmup, 0 warmup, 1 measured runs, reporting average
2026-08-18T20:15:20.883Z	INFO	main	io.trino.tests.benchmark.BenchmarkRunner	Verifying table statistics for 24 table(s): [hive.tpcds.call_center, hive.tpcds.catalog_page, hive.tpcds.catalog_returns, hive.tpcds.catalog_sales, hive.tpcds.customer, hive.tpcds.customer_address, hive.tpcds.customer_demographics, hive.tpcds.date_dim, hive.tpcds.household_demographics, hive.tpcds.income_band, hive.tpcds.inventory, hive.tpcds.item, hive.tpcds.promotion, hive.tpcds.reason, hive.tpcds.ship_mode, hive.tpcds.store, hive.tpcds.store_returns, hive.tpcds.store_sales, hive.tpcds.time_dim, hive.tpcds.warehouse, hive.tpcds.web_page, hive.tpcds.web_returns, hive.tpcds.web_sales, hive.tpcds.web_site]
2026-08-18T20:15:20.951Z	INFO	main	io.trino.tests.benchmark.BenchmarkRunner	  hive.tpcds.call_center: statistics present
2026-08-18T20:15:20.974Z	INFO	main	io.trino.tests.benchmark.BenchmarkRunner	  hive.tpcds.catalog_page: statistics present
2026-08-18T20:15:21.015Z	INFO	main	io.trino.tests.benchmark.BenchmarkRunner	  hive.tpcds.catalog_returns: statistics present
2026-08-18T20:15:21.065Z	INFO	main	io.trino.tests.benchmark.BenchmarkRunner	  hive.tpcds.catalog_sales: statistics present
2026-08-18T20:15:21.116Z	INFO	main	io.trino.tests.benchmark.BenchmarkRunner	  hive.tpcds.customer: statistics present
2026-08-18T20:15:21.134Z	INFO	main	io.trino.tests.benchmark.BenchmarkRunner	  hive.tpcds.customer_address: statistics present
2026-08-18T20:15:21.153Z	INFO	main	io.trino.tests.benchmark.BenchmarkRunner	  hive.tpcds.customer_demographics: statistics present
2026-08-18T20:15:21.178Z	INFO	main	io.trino.tests.benchmark.BenchmarkRunner	  hive.tpcds.date_dim: statistics present
2026-08-18T20:15:21.193Z	INFO	main	io.trino.tests.benchmark.BenchmarkRunner	  hive.tpcds.household_demographics: statistics present
2026-08-18T20:15:21.205Z	INFO	main	io.trino.tests.benchmark.BenchmarkRunner	  hive.tpcds.income_band: statistics present
2026-08-18T20:15:21.218Z	INFO	main	io.trino.tests.benchmark.BenchmarkRunner	  hive.tpcds.inventory: statistics present
2026-08-18T20:15:21.238Z	INFO	main	io.trino.tests.benchmark.BenchmarkRunner	  hive.tpcds.item: statistics present
2026-08-18T20:15:21.253Z	INFO	main	io.trino.tests.benchmark.BenchmarkRunner	  hive.tpcds.promotion: statistics present
2026-08-18T20:15:21.263Z	INFO	main	io.trino.tests.benchmark.BenchmarkRunner	  hive.tpcds.reason: statistics present
2026-08-18T20:15:21.274Z	INFO	main	io.trino.tests.benchmark.BenchmarkRunner	  hive.tpcds.ship_mode: statistics present
2026-08-18T20:15:21.292Z	INFO	main	io.trino.tests.benchmark.BenchmarkRunner	  hive.tpcds.store: statistics present
2026-08-18T20:15:21.307Z	INFO	main	io.trino.tests.benchmark.BenchmarkRunner	  hive.tpcds.store_returns: statistics present
2026-08-18T20:15:21.323Z	INFO	main	io.trino.tests.benchmark.BenchmarkRunner	  hive.tpcds.store_sales: statistics present
2026-08-18T20:15:21.338Z	INFO	main	io.trino.tests.benchmark.BenchmarkRunner	  hive.tpcds.time_dim: statistics present
2026-08-18T20:15:21.352Z	INFO	main	io.trino.tests.benchmark.BenchmarkRunner	  hive.tpcds.warehouse: statistics present
2026-08-18T20:15:21.367Z	INFO	main	io.trino.tests.benchmark.BenchmarkRunner	  hive.tpcds.web_page: statistics present
2026-08-18T20:15:21.381Z	INFO	main	io.trino.tests.benchmark.BenchmarkRunner	  hive.tpcds.web_returns: statistics present
2026-08-18T20:15:21.396Z	INFO	main	io.trino.tests.benchmark.BenchmarkRunner	  hive.tpcds.web_sales: statistics present
2026-08-18T20:15:21.410Z	INFO	main	io.trino.tests.benchmark.BenchmarkRunner	  hive.tpcds.web_site: statistics present
2026-08-18T20:15:22.151Z	ERROR	main	com.google.common.util.concurrent.AggregateFuture	Input Future failed with Error
io.trino.tests.benchmark.BenchmarkRunner$QueryResultMismatch: Result mismatch for q19: expected 100 rows, got 20
  row 0:
    - expected: [1001001,"amalgamalg #1                                     ",644,"eseesecally                                       ",109913.68]
    + actual:   [5002002,"importoscholar #2                                 ",503,"pribaranti                                        ",9229.55,646788,8767]
  row 1:
    - expected: [5002002,"importoscholar #2                                 ",503,"pribaranti                                        ",84863.16]
    + actual:   [5002002,"importoscholar #2                                 ",503,"pribaranti                                        ",7118.65,1410447,12925]
  row 2:
    - expected: [3002002,"importoexporti #2                                 ",581,"oughteinganti                                     ",76753.14]
    + actual:   [5002002,"importoscholar #2                                 ",503,"pribaranti                                        ",6272.40,63527,12925]
  row 3:
    - expected: [3002001,"importoexporti #1                                 ",67,"ationcally                                        ",71013.31]
    + actual:   [5002002,"importoscholar #2                                 ",503,"pribaranti                                        ",4912.80,1903281,12925]
  row 4:
    - expected: [4004001,"edu packedu pack #1                               ",257,"ationantiable                                     ",67446.97]
    + actual:   [5002002,"importoscholar #2                                 ",503,"pribaranti                                        ",4701.12,1291434,8767]
  row 5:
    - expected: [1002001,"importoamalg #1                                   ",243,"prieseable                                        ",67242.63]
    + actual:   [5002002,"importoscholar #2                                 ",503,"pribaranti                                        ",4396.42,1874903,12925]
  row 6:
    - expected: [7016002,"corpnameless #2                                   ",131,"oughtpriought                                     ",65103.56]
    + actual:   [5002002,"importoscholar #2                                 ",503,"pribaranti                                        ",4211.20,2229274,12925]
  row 7:
    - expected: [1003001,"exportiamalg #1                                   ",162,"ablecallyought                                    ",62790.73]
    + actual:   [5002002,"importoscholar #2                                 ",503,"pribaranti                                        ",4030.72,368133,8767]
  row 8:
    - expected: [8008005,"namelessnameless #5                               ",160,"barcallyought                                     ",62156.66]
    + actual:   [5002002,"importoscholar #2                                 ",503,"pribaranti                                        ",3889.62,1696172,12925]
  row 9:
    - expected: [1003002,"exportiamalg #2                                   ",812,"ableoughteing                                     ",61792.18]
    + actual:   [5002002,"importoscholar #2                                 ",503,"pribaranti                                        ",3604.50,1322925,12925]

	at io.trino.tests.benchmark.BenchmarkRunner.measureAndValidate(BenchmarkRunner.java:1050)
	at io.trino.tests.benchmark.BenchmarkRunner$RunCommand.lambda$benchmarkQuery$0(BenchmarkRunner.java:631)
	at com.google.common.util.concurrent.TrustedListenableFutureTask$TrustedFutureInterruptibleTask.runInterruptibly(TrustedListenableFutureTask.java:128)
	at com.google.common.util.concurrent.InterruptibleTask.run(InterruptibleTask.java:74)
	at com.google.common.util.concurrent.TrustedListenableFutureTask.run(TrustedListenableFutureTask.java:80)
	at com.google.common.util.concurrent.DirectExecutorService.execute(DirectExecutorService.java:50)
	at java.base/java.util.concurrent.AbstractExecutorService.submit(AbstractExecutorService.java:149)
	at com.google.common.util.concurrent.AbstractListeningExecutorService.submit(AbstractListeningExecutorService.java:78)
	at io.trino.tests.benchmark.BenchmarkRunner$RunCommand.benchmarkQuery(BenchmarkRunner.java:627)
	at io.trino.tests.benchmark.BenchmarkRunner$RunCommand.call(BenchmarkRunner.java:534)
	at io.trino.tests.benchmark.BenchmarkRunner$RunCommand.call(BenchmarkRunner.java:321)
	at picocli.CommandLine.executeUserObject(CommandLine.java:2031)
	at picocli.CommandLine.access$1500(CommandLine.java:148)
	at picocli.CommandLine$RunLast.executeUserObjectOfLastSubcommandWithSameParent(CommandLine.java:2469)
	at picocli.CommandLine$RunLast.handle(CommandLine.java:2461)
	at picocli.CommandLine$RunLast.handle(CommandLine.java:2423)
	at picocli.CommandLine$AbstractParseResultHandler.execute(CommandLine.java:2277)
	at picocli.CommandLine$RunLast.execute(CommandLine.java:2425)
	at picocli.CommandLine.execute(CommandLine.java:2174)
	at io.trino.tests.benchmark.BenchmarkRunner.run(BenchmarkRunner.java:230)
	at io.trino.tests.benchmark.BenchmarkHiveTpcdsSf10.main(BenchmarkHiveTpcdsSf10.java:28)


2026-08-18T20:15:22.196Z	INFO	main	stderr	Exception in thread "main"
2026-08-18T20:15:22.196Z	INFO	main	stderr	io.trino.tests.benchmark.BenchmarkRunner$QueryResultMismatch: Result mismatch for q19: expected 100 rows, got 20
  row 0:
    - expected: [1001001,"amalgamalg #1                                     ",644,"eseesecally                                       ",109913.68]
    + actual:   [5002002,"importoscholar #2                                 ",503,"pribaranti                                        ",9229.55,646788,8767]
  row 1:
    - expected: [5002002,"importoscholar #2                                 ",503,"pribaranti                                        ",84863.16]
    + actual:   [5002002,"importoscholar #2                                 ",503,"pribaranti                                        ",7118.65,1410447,12925]
  row 2:
    - expected: [3002002,"importoexporti #2                                 ",581,"oughteinganti                                     ",76753.14]
    + actual:   [5002002,"importoscholar #2                                 ",503,"pribaranti                                        ",6272.40,63527,12925]
  row 3:
    - expected: [3002001,"importoexporti #1                                 ",67,"ationcally                                        ",71013.31]
    + actual:   [5002002,"importoscholar #2                                 ",503,"pribaranti                                        ",4912.80,1903281,12925]
  row 4:
    - expected: [4004001,"edu packedu pack #1                               ",257,"ationantiable                                     ",67446.97]
    + actual:   [5002002,"importoscholar #2                                 ",503,"pribaranti                                        ",4701.12,1291434,8767]
  row 5:
    - expected: [1002001,"importoamalg #1                                   ",243,"prieseable                                        ",67242.63]
    + actual:   [5002002,"importoscholar #2                                 ",503,"pribaranti                                        ",4396.42,1874903,12925]
  row 6:
    - expected: [7016002,"corpnameless #2                                   ",131,"oughtpriought                                     ",65103.56]
    + actual:   [5002002,"importoscholar #2                                 ",503,"pribaranti                                        ",4211.20,2229274,12925]
  row 7:
    - expected: [1003001,"exportiamalg #1                                   ",162,"ablecallyought                                    ",62790.73]
    + actual:   [5002002,"importoscholar #2                                 ",503,"pribaranti                                        ",4030.72,368133,8767]
  row 8:
    - expected: [8008005,"namelessnameless #5                               ",160,"barcallyought                                     ",62156.66]
    + actual:   [5002002,"importoscholar #2                                 ",503,"pribaranti                                        ",3889.62,1696172,12925]
  row 9:
    - expected: [1003002,"exportiamalg #2                                   ",812,"ableoughteing                                     ",61792.18]
    + actual:   [5002002,"importoscholar #2                                 ",503,"pribaranti                                        ",3604.50,1322925,12925]
2026-08-18T20:15:22.196Z	INFO	main	stderr		at io.trino.tests.benchmark.BenchmarkRunner.measureAndValidate(BenchmarkRunner.java:1050)
2026-08-18T20:15:22.196Z	INFO	main	stderr		at io.trino.tests.benchmark.BenchmarkRunner$RunCommand.lambda$benchmarkQuery$0(BenchmarkRunner.java:631)
2026-08-18T20:15:22.196Z	INFO	main	stderr		at com.google.common.util.concurrent.TrustedListenableFutureTask$TrustedFutureInterruptibleTask.runInterruptibly(TrustedListenableFutureTask.java:128)
2026-08-18T20:15:22.196Z	INFO	main	stderr		at com.google.common.util.concurrent.InterruptibleTask.run(InterruptibleTask.java:74)
2026-08-18T20:15:22.196Z	INFO	main	stderr		at com.google.common.util.concurrent.TrustedListenableFutureTask.run(TrustedListenableFutureTask.java:80)
2026-08-18T20:15:22.196Z	INFO	main	stderr		at com.google.common.util.concurrent.DirectExecutorService.execute(DirectExecutorService.java:50)
2026-08-18T20:15:22.196Z	INFO	main	stderr		at java.base/java.util.concurrent.AbstractExecutorService.submit(AbstractExecutorService.java:149)
2026-08-18T20:15:22.196Z	INFO	main	stderr		at com.google.common.util.concurrent.AbstractListeningExecutorService.submit(AbstractListeningExecutorService.java:78)
2026-08-18T20:15:22.196Z	INFO	main	stderr		at io.trino.tests.benchmark.BenchmarkRunner$RunCommand.benchmarkQuery(BenchmarkRunner.java:627)
2026-08-18T20:15:22.196Z	INFO	main	stderr		at io.trino.tests.benchmark.BenchmarkRunner$RunCommand.call(BenchmarkRunner.java:534)
2026-08-18T20:15:22.196Z	INFO	main	stderr		at io.trino.tests.benchmark.BenchmarkRunner$RunCommand.call(BenchmarkRunner.java:321)
2026-08-18T20:15:22.196Z	INFO	main	stderr		at picocli.CommandLine.executeUserObject(CommandLine.java:2031)
2026-08-18T20:15:22.196Z	INFO	main	stderr		at picocli.CommandLine.access$1500(CommandLine.java:148)
2026-08-18T20:15:22.196Z	INFO	main	stderr		at picocli.CommandLine$RunLast.executeUserObjectOfLastSubcommandWithSameParent(CommandLine.java:2469)
2026-08-18T20:15:22.196Z	INFO	main	stderr		at picocli.CommandLine$RunLast.handle(CommandLine.java:2461)
2026-08-18T20:15:22.196Z	INFO	main	stderr		at picocli.CommandLine$RunLast.handle(CommandLine.java:2423)
2026-08-18T20:15:22.196Z	INFO	main	stderr		at picocli.CommandLine$AbstractParseResultHandler.execute(CommandLine.java:2277)
2026-08-18T20:15:22.196Z	INFO	main	stderr		at picocli.CommandLine$RunLast.execute(CommandLine.java:2425)
2026-08-18T20:15:22.196Z	INFO	main	stderr		at picocli.CommandLine.execute(CommandLine.java:2174)
2026-08-18T20:15:22.196Z	INFO	main	stderr		at io.trino.tests.benchmark.BenchmarkRunner.run(BenchmarkRunner.java:230)
2026-08-18T20:15:22.196Z	INFO	main	stderr		at io.trino.tests.benchmark.BenchmarkHiveTpcdsSf10.main(BenchmarkHiveTpcdsSf10.java:28)
java.lang.IllegalStateException: Child process exited with 1
	at com.google.common.base.Preconditions.checkState(Preconditions.java:597)
	at io.trino.tests.benchmark.BenchmarkRunner$Launcher.relaunchIfNeeded(BenchmarkRunner.java:253)
	at io.trino.tests.benchmark.BenchmarkRunner$RunCommand.call(BenchmarkRunner.java:450)
	at io.trino.tests.benchmark.BenchmarkRunner$RunCommand.call(BenchmarkRunner.java:321)
	at picocli.CommandLine.executeUserObject(CommandLine.java:2031)
	at picocli.CommandLine.access$1500(CommandLine.java:148)
	at picocli.CommandLine$RunLast.executeUserObjectOfLastSubcommandWithSameParent(CommandLine.java:2469)
	at picocli.CommandLine$RunLast.handle(CommandLine.java:2461)
	at picocli.CommandLine$RunLast.handle(CommandLine.java:2423)
	at picocli.CommandLine$AbstractParseResultHandler.execute(CommandLine.java:2277)
	at picocli.CommandLine$RunLast.execute(CommandLine.java:2425)
	at picocli.CommandLine.execute(CommandLine.java:2174)
	at io.trino.tests.benchmark.BenchmarkRunner.run(BenchmarkRunner.java:230)
	at io.trino.tests.benchmark.BenchmarkHiveTpcdsSf10.main(BenchmarkHiveTpcdsSf10.java:28)
