[INFO] Enabling strict checksum verification on all artifact downloads.
[INFO] Processing build on daemon cbcf7237
[INFO] Scanning for projects...
[INFO] Loaded 0 groupId for remote repository maven-central
[INFO] Loaded 0 groupId for remote repository google-maven-central-copy
[INFO] Njord 0.9.9 session created
[INFO] BuildTimeEventSpy is registered.
[INFO] 
[INFO] Using the SmartBuilder implementation with a thread count of 7
[INFO] 
[INFO] ------------------------< io.trino:trino-tests >------------------------
[INFO] Building trino-tests 484-SNAPSHOT
[INFO]   from pom.xml
[INFO] --------------------------------[ jar ]---------------------------------
[INFO] Loaded 0 groupId for remote repository ossrh
[INFO] Loaded 0 groupId for remote repository repo.gradle.org
[INFO] Loaded 0 groupId for remote repository central.maven.org
[INFO] 
[INFO] --- git-commit-id:10.0.0:revision (default) @ trino-tests ---
[INFO] 
[INFO] --- build-helper:3.6.1:bsh-property (surefire-enable-preview) @ trino-tests ---
[INFO] 
[INFO] --- resources:3.5.0:resources (default-resources) @ trino-tests ---
[INFO] skip non existing resourceDirectory /root/notes/trino.nitro/testing/trino-tests/src/main/resources
[INFO] 
[INFO] --- compiler:3.15.0:compile (default-compile) @ trino-tests ---
[INFO] Nothing to compile - all classes are up to date.
[INFO] 
[INFO] --- resources:3.5.0:testResources (default-testResources) @ trino-tests ---
[INFO] Copying 266 resources from src/test/resources to target/test-classes
[INFO] 
[INFO] --- compiler:3.15.0:testCompile (default-testCompile) @ trino-tests ---
[INFO] Nothing to compile - all classes are up to date.
[INFO] 
[INFO] --- modernizer:3.4.0:modernizer (modernizer) @ trino-tests ---
[INFO] Skipping modernizer execution!
[INFO] 
[INFO] --- modernizer:3.4.0:modernizer (modernizer-production-code) @ trino-tests ---
[INFO] Skipping modernizer execution!
[INFO] 
[INFO] --- dependency:3.11.0:analyze-only (default) @ trino-tests ---
[INFO] Skipping plugin execution
[INFO] 
[INFO] --- dependency:3.11.0:analyze-duplicate (default) @ trino-tests ---
[INFO] Skipping plugin execution
[INFO] 
[INFO] --- duplicate-finder:2.0.1:check (default) @ trino-tests ---
[INFO] Skipping duplicate-finder execution!
[INFO] 
[INFO] --- surefire:3.5.6:test (default-test) @ trino-tests ---
[INFO] Tests will run in random order. To reproduce ordering use flag -Dsurefire.runOrder.random.seed=4843743838726676
[INFO] Using auto detected provider org.apache.maven.surefire.junitplatform.JUnitPlatformProvider
[INFO] 
[INFO] -------------------------------------------------------
[INFO]  T E S T S
[INFO] -------------------------------------------------------
[WARNING] [stderr] WARNING: Using incubator modules: jdk.incubator.vector
[WARNING] [stderr] 2026-08-11T20:14:23.830-0600	INFO	ForkJoinPool-1-worker-1	io.airlift.log.Logging	Logging to stderr
[INFO] Running io.trino.tests.nitro.TestNitroTpcdsParquetPerformance
[WARNING] [stderr] 2026-08-11T20:14:24.816-0600	INFO	ForkJoinPool-1-worker-1	io.trino.simd.BlockEncodingSimdSupport	Detected SIMD Support for architecture=amd64, vectorBitWidth=512: SimdSupport[capabilities=[COMPRESS_BYTE, EXPAND_BYTE, COMPRESS_SHORT, EXPAND_SHORT, COMPRESS_INT, EXPAND_INT, COMPRESS_LONG, EXPAND_LONG]]
[WARNING] [stderr] WARNING: A restricted method in java.lang.System has been called
[WARNING] [stderr] WARNING: java.lang.System::loadLibrary has been called by com.aayushatharva.brotli4j.Brotli4jLoader in an unnamed module (file:/root/.m2/repository/remote-cache/com/aayushatharva/brotli4j/brotli4j/1.23.0/brotli4j-1.23.0.jar)
[WARNING] [stderr] WARNING: Use --enable-native-access=ALL-UNNAMED to avoid a warning for callers in this module
[WARNING] [stderr] WARNING: Restricted methods will be blocked in a future release unless native access is enabled
[WARNING] [stderr] 
[WARNING] [stderr] 2026-08-11T20:14:26.147-0600	INFO	ForkJoinPool-1-worker-1	io.trino.testing.DistributedQueryRunner	Created DistributedQueryRunner in 1.95s (unclosed instances = 1)
[WARNING] [stderr] 2026-08-11T20:14:27.255-0600	INFO	ForkJoinPool-1-worker-1	io.trino.testing.DistributedQueryRunner	Created DistributedQueryRunner in 608.51ms (unclosed instances = 2)
[WARNING] [stderr] 2026-08-11T20:14:27.446-0600	INFO	ForkJoinPool-1-worker-1	stdout	engine,suite,query,measurements,min_ms,p50_ms,p95_ms,mean_ms,cpu_p50_ms,cpu_mean_ms,native_sources
[WARNING] [stderr] 2026-08-11T20:14:35.329-0600	INFO	ForkJoinPool-1-worker-1	stdout	Trino version: testversion
[WARNING] [stderr] Fragment 0 [SINGLE]
[WARNING] [stderr]     Output layout: [w_warehouse_name, i_item_id, sum, sum_12]
[WARNING] [stderr]     Output partitioning: SINGLE []
[WARNING] [stderr]     Output[columnNames = [w_warehouse_name, i_item_id, inv_before, inv_after]]
[WARNING] [stderr]     │   Layout: [w_warehouse_name:varchar(20), i_item_id:char(16), sum:bigint, sum_12:bigint]
[WARNING] [stderr]     │   Estimates: {rows: ? (?), cpu: 0, memory: 0B, network: 0B}
[WARNING] [stderr]     │   inv_before := sum
[WARNING] [stderr]     │   inv_after := sum_12
[WARNING] [stderr]     └─ TopN[count = 100, orderBy = [w_warehouse_name ASC NULLS LAST, i_item_id ASC NULLS LAST]]
[WARNING] [stderr]        │   Layout: [w_warehouse_name:varchar(20), i_item_id:char(16), sum:bigint, sum_12:bigint]
[WARNING] [stderr]        └─ LocalExchange[partitioning = SINGLE]
[WARNING] [stderr]           │   Layout: [w_warehouse_name:varchar(20), i_item_id:char(16), sum:bigint, sum_12:bigint]
[WARNING] [stderr]           │   Estimates: {rows: ? (?), cpu: 0, memory: 0B, network: 0B}
[WARNING] [stderr]           └─ RemoteSource[sourceFragmentIds = [1]]
[WARNING] [stderr]                  Layout: [w_warehouse_name:varchar(20), i_item_id:char(16), sum:bigint, sum_12:bigint]
[WARNING] [stderr] 
[WARNING] [stderr] Fragment 1 [HASH]
[WARNING] [stderr]     Output layout: [w_warehouse_name, i_item_id, sum, sum_12]
[WARNING] [stderr]     Output partitioning: SINGLE []
[WARNING] [stderr]     TopNPartial[count = 100, orderBy = [w_warehouse_name ASC NULLS LAST, i_item_id ASC NULLS LAST]]
[WARNING] [stderr]     │   Layout: [w_warehouse_name:varchar(20), i_item_id:char(16), sum:bigint, sum_12:bigint]
[WARNING] [stderr]     └─ LocalExchange[partitioning = SINGLE]
[WARNING] [stderr]        │   Layout: [w_warehouse_name:varchar(20), i_item_id:char(16), sum:bigint, sum_12:bigint]
[WARNING] [stderr]        │   Estimates: {rows: ? (?), cpu: 0, memory: 0B, network: 0B}
[WARNING] [stderr]        └─ TopNPartial[count = 100, orderBy = [w_warehouse_name ASC NULLS LAST, i_item_id ASC NULLS LAST]]
[WARNING] [stderr]           │   Layout: [w_warehouse_name:varchar(20), i_item_id:char(16), sum:bigint, sum_12:bigint]
[WARNING] [stderr]           └─ LocalExchange[partitioning = ROUND_ROBIN]
[WARNING] [stderr]              │   Layout: [w_warehouse_name:varchar(20), i_item_id:char(16), sum:bigint, sum_12:bigint]
[WARNING] [stderr]              │   Estimates: {rows: ? (?), cpu: ?, memory: 0B, network: 0B}
[WARNING] [stderr]              └─ TopNPartial[count = 100, orderBy = [w_warehouse_name ASC NULLS LAST, i_item_id ASC NULLS LAST]]
[WARNING] [stderr]                 │   Layout: [w_warehouse_name:varchar(20), i_item_id:char(16), sum:bigint, sum_12:bigint]
[WARNING] [stderr]                 └─ Filter[filterPredicate = LET(between::[decimal(27,22)] = (CASE WHEN (bigint '0' < sum) THEN $operator$divide(CAST(sum_12 AS decimal(7,2)), CAST(sum AS decimal(19,0))) ELSE null::decimal(27,22) END), ((decimal(27,22) '0.6666670000000000000000' <= between) AND (between <= decimal(27,22) '1.5000000000000000000000')))]
[WARNING] [stderr]                    │   Layout: [w_warehouse_name:varchar(20), i_item_id:char(16), sum:bigint, sum_12:bigint]
[WARNING] [stderr]                    │   Estimates: {rows: ? (?), cpu: ?, memory: 0B, network: 0B}
[WARNING] [stderr]                    └─ Aggregate[type = FINAL, keys = [w_warehouse_name, i_item_id]]
[WARNING] [stderr]                       │   Layout: [w_warehouse_name:varchar(20), i_item_id:char(16), sum:bigint, sum_12:bigint]
[WARNING] [stderr]                       │   Estimates: {rows: ? (?), cpu: ?, memory: ?, network: 0B}
[WARNING] [stderr]                       │   sum := sum(sum_13)
[WARNING] [stderr]                       │   sum_12 := sum(sum_14)
[WARNING] [stderr]                       └─ LocalExchange[partitioning = SINGLE]
[WARNING] [stderr]                          │   Layout: [w_warehouse_name:varchar(20), i_item_id:char(16), sum_13:bigint, sum_14:bigint]
[WARNING] [stderr]                          │   Estimates: {rows: ? (?), cpu: 0, memory: 0B, network: 0B}
[WARNING] [stderr]                          └─ RemoteSource[sourceFragmentIds = [2]]
[WARNING] [stderr]                                 Layout: [w_warehouse_name:varchar(20), i_item_id:char(16), sum_13:bigint, sum_14:bigint]
[WARNING] [stderr] 
[WARNING] [stderr] Fragment 2 [HASH]
[WARNING] [stderr]     Output layout: [w_warehouse_name, i_item_id, sum_13, sum_14]
[WARNING] [stderr]     Output partitioning: HASH [w_warehouse_name, i_item_id]
[WARNING] [stderr]     Aggregate[type = PARTIAL, keys = [w_warehouse_name, i_item_id]]
[WARNING] [stderr]     │   Layout: [w_warehouse_name:varchar(20), i_item_id:char(16), sum_13:bigint, sum_14:bigint]
[WARNING] [stderr]     │   sum_13 := sum(expr_10)
[WARNING] [stderr]     │   sum_14 := sum(expr_11)
[WARNING] [stderr]     └─ Project[]
[WARNING] [stderr]        │   Layout: [expr_10:bigint, expr_11:bigint, w_warehouse_name:varchar(20), i_item_id:char(16)]
[WARNING] [stderr]        │   Estimates: {rows: ? (?), cpu: ?, memory: 0B, network: 0B}
[WARNING] [stderr]        │   expr_10 := CAST((CASE WHEN (d_date < date '2000-03-11') THEN inv_quantity_on_hand ELSE integer '0' END) AS bigint)
[WARNING] [stderr]        │   expr_11 := CAST((CASE WHEN (date '2000-03-11' <= d_date) THEN inv_quantity_on_hand ELSE integer '0' END) AS bigint)
[WARNING] [stderr]        └─ InnerJoin[criteria = (inv_date_sk = d_date_sk), distribution = PARTITIONED]
[WARNING] [stderr]           │   Layout: [inv_quantity_on_hand:integer, w_warehouse_name:varchar(20), i_item_id:char(16), d_date:date]
[WARNING] [stderr]           │   Estimates: {rows: ? (?), cpu: ?, memory: ?, network: 0B}
[WARNING] [stderr]           │   Distribution: PARTITIONED
[WARNING] [stderr]           │   dynamicFilterAssignments = {d_date_sk -> #df_751}
[WARNING] [stderr]           ├─ RemoteSource[sourceFragmentIds = [3]]
[WARNING] [stderr]           │      Layout: [inv_date_sk:bigint, inv_quantity_on_hand:integer, w_warehouse_name:varchar(20), i_item_id:char(16)]
[WARNING] [stderr]           └─ LocalExchange[partitioning = SINGLE]
[WARNING] [stderr]              │   Layout: [d_date_sk:bigint, d_date:date]
[WARNING] [stderr]              │   Estimates: {rows: ? (?), cpu: 0, memory: 0B, network: 0B}
[WARNING] [stderr]              └─ RemoteSource[sourceFragmentIds = [8]]
[WARNING] [stderr]                     Layout: [d_date_sk:bigint, d_date:date]
[WARNING] [stderr] 
[WARNING] [stderr] Fragment 3 [HASH]
[WARNING] [stderr]     Output layout: [inv_date_sk, inv_quantity_on_hand, w_warehouse_name, i_item_id]
[WARNING] [stderr]     Output partitioning: HASH [inv_date_sk]
[WARNING] [stderr]     InnerJoin[criteria = (inv_item_sk = i_item_sk), distribution = PARTITIONED]
[WARNING] [stderr]     │   Layout: [inv_date_sk:bigint, inv_quantity_on_hand:integer, w_warehouse_name:varchar(20), i_item_id:char(16)]
[WARNING] [stderr]     │   Estimates: {rows: ? (?), cpu: ?, memory: ?, network: 0B}
[WARNING] [stderr]     │   Distribution: PARTITIONED
[WARNING] [stderr]     │   dynamicFilterAssignments = {i_item_sk -> #df_752}
[WARNING] [stderr]     ├─ RemoteSource[sourceFragmentIds = [4]]
[WARNING] [stderr]     │      Layout: [inv_date_sk:bigint, inv_item_sk:bigint, inv_quantity_on_hand:integer, w_warehouse_name:varchar(20)]
[WARNING] [stderr]     └─ LocalExchange[partitioning = SINGLE]
[WARNING] [stderr]        │   Layout: [i_item_sk:bigint, i_item_id:char(16)]
[WARNING] [stderr]        │   Estimates: {rows: ? (?), cpu: 0, memory: 0B, network: 0B}
[WARNING] [stderr]        └─ RemoteSource[sourceFragmentIds = [7]]
[WARNING] [stderr]               Layout: [i_item_sk:bigint, i_item_id:char(16)]
[WARNING] [stderr] 
[WARNING] [stderr] Fragment 4 [HASH]
[WARNING] [stderr]     Output layout: [inv_date_sk, inv_item_sk, inv_quantity_on_hand, w_warehouse_name]
[WARNING] [stderr]     Output partitioning: HASH [inv_item_sk]
[WARNING] [stderr]     InnerJoin[criteria = (inv_warehouse_sk = w_warehouse_sk), distribution = PARTITIONED]
[WARNING] [stderr]     │   Layout: [inv_date_sk:bigint, inv_item_sk:bigint, inv_quantity_on_hand:integer, w_warehouse_name:varchar(20)]
[WARNING] [stderr]     │   Estimates: {rows: ? (?), cpu: ?, memory: ?, network: 0B}
[WARNING] [stderr]     │   Distribution: PARTITIONED
[WARNING] [stderr]     │   dynamicFilterAssignments = {w_warehouse_sk -> #df_753}
[WARNING] [stderr]     ├─ RemoteSource[sourceFragmentIds = [5]]
[WARNING] [stderr]     │      Layout: [inv_date_sk:bigint, inv_item_sk:bigint, inv_warehouse_sk:bigint, inv_quantity_on_hand:integer]
[WARNING] [stderr]     └─ LocalExchange[partitioning = SINGLE]
[WARNING] [stderr]        │   Layout: [w_warehouse_sk:bigint, w_warehouse_name:varchar(20)]
[WARNING] [stderr]        │   Estimates: {rows: ? (?), cpu: 0, memory: 0B, network: 0B}
[WARNING] [stderr]        └─ RemoteSource[sourceFragmentIds = [6]]
[WARNING] [stderr]               Layout: [w_warehouse_sk:bigint, w_warehouse_name:varchar(20)]
[WARNING] [stderr] 
[WARNING] [stderr] Fragment 5 [SOURCE]
[WARNING] [stderr]     Output layout: [inv_date_sk, inv_item_sk, inv_warehouse_sk, inv_quantity_on_hand]
[WARNING] [stderr]     Output partitioning: HASH [inv_warehouse_sk]
[WARNING] [stderr]     ScanFilter[table = hive:tpcds_sf10:inventory, dynamicFilters = {inv_date_sk = #df_751, inv_item_sk = #df_752, inv_warehouse_sk = #df_753}]
[WARNING] [stderr]         Layout: [inv_date_sk:bigint, inv_item_sk:bigint, inv_warehouse_sk:bigint, inv_quantity_on_hand:integer]
[WARNING] [stderr]         Estimates: {rows: ? (?), cpu: ?, memory: 0B, network: 0B}/{rows: ? (?), cpu: ?, memory: 0B, network: 0B}
[WARNING] [stderr]         inv_warehouse_sk := inv_warehouse_sk:bigint:REGULAR
[WARNING] [stderr]         inv_item_sk := inv_item_sk:bigint:REGULAR
[WARNING] [stderr]         inv_date_sk := inv_date_sk:bigint:REGULAR
[WARNING] [stderr]         inv_quantity_on_hand := inv_quantity_on_hand:int:REGULAR
[WARNING] [stderr] 
[WARNING] [stderr] Fragment 6 [SOURCE]
[WARNING] [stderr]     Output layout: [w_warehouse_sk, w_warehouse_name]
[WARNING] [stderr]     Output partitioning: HASH [w_warehouse_sk]
[WARNING] [stderr]     T
[WARNING] [stderr] 2026-08-11T20:14:35.330-0600	INFO	ForkJoinPool-1-worker-1	stdout	ableScan[table = hive:tpcds_sf10:warehouse]
[WARNING] [stderr]         Layout: [w_warehouse_sk:bigint, w_warehouse_name:varchar(20)]
[WARNING] [stderr]         Estimates: {rows: ? (?), cpu: ?, memory: 0B, network: 0B}
[WARNING] [stderr]         w_warehouse_sk := w_warehouse_sk:bigint:REGULAR
[WARNING] [stderr]         w_warehouse_name := w_warehouse_name:varchar(20):REGULAR
[WARNING] [stderr] 
[WARNING] [stderr] Fragment 7 [SOURCE]
[WARNING] [stderr]     Output layout: [i_item_sk, i_item_id]
[WARNING] [stderr]     Output partitioning: HASH [i_item_sk]
[WARNING] [stderr]     ScanFilterProject[table = hive:tpcds_sf10:item, filterPredicate = ((decimal(7,2) '0.99' <= i_current_price) AND (i_current_price <= decimal(7,2) '1.49'))]
[WARNING] [stderr]         Layout: [i_item_sk:bigint, i_item_id:char(16)]
[WARNING] [stderr]         Estimates: {rows: ? (?), cpu: ?, memory: 0B, network: 0B}/{rows: ? (?), cpu: ?, memory: ?, network: ?}/{rows: ? (?), cpu: ?, memory: 0B, network: 0B}
[WARNING] [stderr]         i_item_sk := i_item_sk:bigint:REGULAR
[WARNING] [stderr]         i_item_id := i_item_id:char(16):REGULAR
[WARNING] [stderr]         i_current_price := i_current_price:decimal(7,2):REGULAR
[WARNING] [stderr] 
[WARNING] [stderr] Fragment 8 [SOURCE]
[WARNING] [stderr]     Output layout: [d_date_sk, d_date]
[WARNING] [stderr]     Output partitioning: HASH [d_date_sk]
[WARNING] [stderr]     ScanFilter[table = hive:tpcds_sf10:date_dim, filterPredicate = ((date '2000-02-10' <= d_date) AND (d_date <= date '2000-04-10'))]
[WARNING] [stderr]         Layout: [d_date_sk:bigint, d_date:date]
[WARNING] [stderr]         Estimates: {rows: ? (?), cpu: ?, memory: 0B, network: 0B}/{rows: ? (?), cpu: ?, memory: 0B, network: 0B}
[WARNING] [stderr]         d_date_sk := d_date_sk:bigint:REGULAR
[WARNING] [stderr]         d_date := d_date:date:REGULAR
[WARNING] [stderr] 2026-08-11T20:15:09.138-0600	INFO	ForkJoinPool-1-worker-1	stdout	trino,tpcds-parquet-sf10,q21,3,5470.705,5768.653,5837.242,5692.200,11160.000,10512.333,0
[WARNING] [stderr] 2026-08-11T20:15:09.138-0600	INFO	ForkJoinPool-1-worker-1	stdout	allocation,trino,tpcds-parquet-sf10,q21,3,71828.400,67848.451
[WARNING] [stderr] 2026-08-11T20:15:09.138-0600	INFO	ForkJoinPool-1-worker-1	stdout	peak_memory,trino,tpcds-parquet-sf10,q21,3,226.347,229.926,7573.230,7595.287
[WARNING] [stderr] 2026-08-11T20:15:09.138-0600	INFO	ForkJoinPool-1-worker-1	stdout	nitro,tpcds-parquet-sf10,q21,3,277.187,285.700,323.908,295.599,359.000,360.000,9
[WARNING] [stderr] 2026-08-11T20:15:09.138-0600	INFO	ForkJoinPool-1-worker-1	stdout	allocation,nitro,tpcds-parquet-sf10,q21,3,483.214,483.760
[WARNING] [stderr] 2026-08-11T20:15:09.138-0600	INFO	ForkJoinPool-1-worker-1	stdout	peak_memory,nitro,tpcds-parquet-sf10,q21,3,6.288,6.399,1658.145,7592.684
[WARNING] [stderr] 2026-08-11T20:15:09.138-0600	INFO	ForkJoinPool-1-worker-1	stdout	boundary,nitro,tpcds-parquet-sf10,q21,3,486,2806620,131468835,1935600,9290880,0,6,56226,3450231,56226,168678,0,1935600,9333690,0,723,3697245,342081031
[WARNING] [stderr] 2026-08-11T20:15:09.139-0600	INFO	ForkJoinPool-1-worker-1	stdout	nitro_over_trino_wall_p50,0.04952637135250346
[WARNING] [stderr] 2026-08-11T20:15:09.139-0600	INFO	ForkJoinPool-1-worker-1	stdout	nitro_over_trino_cpu_p50,0.03216845878136201
[WARNING] [stderr] 2026-08-11T20:15:09.139-0600	INFO	ForkJoinPool-1-worker-1	stdout	nitro_over_trino_cpu_mean,0.0342454894251197
[INFO] Tests run: 1, Failures: 0, Errors: 0, Skipped: 0, Time elapsed: 45.36 s -- in io.trino.tests.nitro.TestNitroTpcdsParquetPerformance
[WARNING] [stderr] 2026-08-11T20:15:09.218-0600	INFO	main	io.trino.testing.containers.junit.ReportLeakedContainers	DockerClientFactory not initialized, so there should be no leaked containers, skipping the check
[INFO] 
[INFO] Results:
[INFO] 
[INFO] Tests run: 1, Failures: 0, Errors: 0, Skipped: 0
[INFO] 
[INFO] ------------------------------------------------------------------------
[INFO] BUILD SUCCESS
[INFO] ------------------------------------------------------------------------
[INFO] Total time:  48.003 s (Wall Clock)
[INFO] Finished at: 2026-08-12T02:15:09Z
[INFO] ------------------------------------------------------------------------
[INFO] Njord session closed
Purged 7 log files (log available in /root/.mvnd/purge-2026-08-12.log)
