[INFO] Processing build on daemon 8f293561
[INFO] Scanning for projects...
[INFO] Njord 0.9.4 session created
[INFO] BuildTimeEventSpy is registered.
[INFO] 
[INFO] Using the SmartBuilder implementation with a thread count of 7
[INFO] 
[INFO] -------------------------< org.weakref:nitro >--------------------------
[INFO] Building nitro 1-SNAPSHOT
[INFO]   from pom.xml
[INFO] --------------------------------[ jar ]---------------------------------
[WARNING] 2 problems were encountered while building the effective model for org.apache.yetus:audience-annotations:jar:0.5.0 during dependency collection step for project (use -X to see details)
[INFO] 
[INFO] --- exec:3.6.1:exec (benchmark) @ nitro ---
[WARNING] [stderr] WARNING: Using incubator modules: jdk.incubator.vector
[WARNING] [stderr] WARNING: A terminally deprecated method in sun.misc.Unsafe has been called
[WARNING] [stderr] WARNING: sun.misc.Unsafe::objectFieldOffset has been called by org.openjdk.jmh.util.Utils (file:/root/.m2/repository/org/openjdk/jmh/jmh-core/1.37/jmh-core-1.37.jar)
[WARNING] [stderr] WARNING: Please consider reporting this to the maintainers of class org.openjdk.jmh.util.Utils
[WARNING] [stderr] WARNING: sun.misc.Unsafe::objectFieldOffset will be removed in a future release
[INFO] [stdout] # JMH version: 1.37
[INFO] [stdout] # VM version: JDK 26.0.1, OpenJDK 64-Bit Server VM, 26.0.1+8
[INFO] [stdout] # VM invoker: /opt/java/openjdk/bin/java
[INFO] [stdout] # VM options: --enable-preview --add-modules=jdk.incubator.vector -Dnitro.clickbench.hits.path= -Xmx12g -XX:+UseTransparentHugePages -Dnitro.tpcds.parquet.path=/root/data/tpcds-parquet-sf10
[INFO] [stdout] # Blackhole mode: compiler (auto-detected, use -Djmh.blackhole.autoDetect=false to disable)
[INFO] [stdout] # Warmup: 5 iterations, 1 s each
[INFO] [stdout] # Measurement: 5 iterations, 1 s each
[INFO] [stdout] # Timeout: 30 min per iteration
[INFO] [stdout] # Threads: 1 thread, will synchronize iterations
[INFO] [stdout] # Benchmark mode: Average time, time/op
[INFO] [stdout] # Benchmark: org.weakref.nitro.tpcds.BenchmarkQueries.query02
[INFO] [stdout] 
[INFO] [stdout] # Run progress: 0.00% complete, ETA 00:00:50
[INFO] [stdout] # Fork: 1 of 1
[INFO] [stdout] # Preparing profilers: LinuxPerfNormProfiler 
[INFO] [stdout] # Profilers consume stderr from target VM, use -v EXTRA to copy to console
[INFO] [stdout] # Warmup Iteration   1: 1495.634 ms/op
[INFO] [stdout] # Warmup Iteration   2: 608.301 ms/op
[INFO] [stdout] # Warmup Iteration   3: 583.651 ms/op
[INFO] [stdout] # Warmup Iteration   4: 579.362 ms/op
[INFO] [stdout] # Warmup Iteration   5: 579.805 ms/op
[INFO] [stdout] Iteration   1: 578.779 ms/op
[INFO] [stdout]                  gc.alloc.rate:      422.320 MB/sec
[INFO] [stdout]                  gc.alloc.rate.norm: 256328168.000 B/op
[INFO] [stdout]                  gc.count:           3.000 counts
[INFO] [stdout]                  gc.time:            4.000 ms
[INFO] [stdout] 
[INFO] [stdout] Iteration   2: 578.566 ms/op
[INFO] [stdout]                  gc.alloc.rate:      416.297 MB/sec
[INFO] [stdout]                  gc.alloc.rate.norm: 252585056.000 B/op
[INFO] [stdout]                  gc.count:           3.000 counts
[INFO] [stdout]                  gc.time:            3.000 ms
[INFO] [stdout] 
[INFO] [stdout] Iteration   3: 577.278 ms/op
[INFO] [stdout]                  gc.alloc.rate:      411.531 MB/sec
[INFO] [stdout]                  gc.alloc.rate.norm: 249132108.000 B/op
[INFO] [stdout]                  gc.count:           3.000 counts
[INFO] [stdout]                  gc.time:            3.000 ms
[INFO] [stdout] 
[INFO] [stdout] Iteration   4: 575.238 ms/op
[INFO] [stdout]                  gc.alloc.rate:      412.984 MB/sec
[INFO] [stdout]                  gc.alloc.rate.norm: 249132320.000 B/op
[INFO] [stdout]                  gc.count:           3.000 counts
[INFO] [stdout]                  gc.time:            3.000 ms
[INFO] [stdout] 
[INFO] [stdout] Iteration   5: 575.450 ms/op
[INFO] [stdout]                  gc.alloc.rate:      412.830 MB/sec
[INFO] [stdout]                  gc.alloc.rate.norm: 249134692.000 B/op
[INFO] [stdout]                  gc.count:           3.000 counts
[INFO] [stdout]                  gc.time:            3.000 ms
[INFO] [stdout] 
[INFO] [stdout] # Processing profiler results: LinuxPerfNormProfiler 
[INFO] [stdout] 
[INFO] [stdout] 
[INFO] [stdout] Result "org.weakref.nitro.tpcds.BenchmarkQueries.query02":
[INFO] [stdout]   577.062 ±(99.9%) 6.439 ms/op [Average]
[INFO] [stdout]   (min, avg, max) = (575.238, 577.062, 578.779), stdev = 1.672
[INFO] [stdout]   CI (99.9%): [570.624, 583.501] (assumes normal distribution)
[INFO] [stdout] 
[INFO] [stdout] Secondary result "org.weakref.nitro.tpcds.BenchmarkQueries.query02:CPI":
[INFO] [stdout]   0.189 clks/insn
[INFO] [stdout] 
[INFO] [stdout] Secondary result "org.weakref.nitro.tpcds.BenchmarkQueries.query02:IPC":
[INFO] [stdout]   5.292 insns/clk
[INFO] [stdout] 
[INFO] [stdout] Secondary result "org.weakref.nitro.tpcds.BenchmarkQueries.query02:L1-dcache-load-misses":
[INFO] [stdout]   127211007.537 #/op
[INFO] [stdout] 
[INFO] [stdout] Secondary result "org.weakref.nitro.tpcds.BenchmarkQueries.query02:L1-dcache-loads":
[INFO] [stdout]   8154830641.057 #/op
[INFO] [stdout] 
[INFO] [stdout] Secondary result "org.weakref.nitro.tpcds.BenchmarkQueries.query02:L1-icache-load-misses":
[INFO] [stdout]   2889414.001 #/op
[INFO] [stdout] 
[INFO] [stdout] Secondary result "org.weakref.nitro.tpcds.BenchmarkQueries.query02:L1-icache-loads":
[INFO] [stdout]   39089296.091 #/op
[INFO] [stdout] 
[INFO] [stdout] Secondary result "org.weakref.nitro.tpcds.BenchmarkQueries.query02:branch-misses":
[INFO] [stdout]   4459791.754 #/op
[INFO] [stdout] 
[INFO] [stdout] Secondary result "org.weakref.nitro.tpcds.BenchmarkQueries.query02:branches":
[INFO] [stdout]   3117995370.043 #/op
[INFO] [stdout] 
[INFO] [stdout] Secondary result "org.weakref.nitro.tpcds.BenchmarkQueries.query02:cycles":
[INFO] [stdout]   3132360127.567 #/op
[INFO] [stdout] 
[INFO] [stdout] Secondary result "org.weakref.nitro.tpcds.BenchmarkQueries.query02:dTLB-load-misses":
[INFO] [stdout]   76127.943 #/op
[INFO] [stdout] 
[INFO] [stdout] Secondary result "org.weakref.nitro.tpcds.BenchmarkQueries.query02:dTLB-loads":
[INFO] [stdout]   1178799.107 #/op
[INFO] [stdout] 
[INFO] [stdout] Secondary result "org.weakref.nitro.tpcds.BenchmarkQueries.query02:gc.alloc.rate":
[INFO] [stdout]   415.193 ±(99.9%) 16.772 MB/sec [Average]
[INFO] [stdout]   (min, avg, max) = (411.531, 415.193, 422.320), stdev = 4.356
[INFO] [stdout]   CI (99.9%): [398.421, 431.965] (assumes normal distribution)
[INFO] [stdout] 
[INFO] [stdout] Secondary result "org.weakref.nitro.tpcds.BenchmarkQueries.query02:gc.alloc.rate.norm":
[INFO] [stdout]   251262468.800 ±(99.9%) 12330172.899 B/op [Average]
[INFO] [stdout]   (min, avg, max) = (249132108.000, 251262468.800, 256328168.000), stdev = 3202106.746
[INFO] [stdout]   CI (99.9%): [238932295.901, 263592641.699] (assumes normal distribution)
[INFO] [stdout] 
[INFO] [stdout] Secondary result "org.weakref.nitro.tpcds.BenchmarkQueries.query02:gc.count":
[INFO] [stdout]   15.000 ±(99.9%) 0.001 counts [Sum]
[INFO] [stdout]   (min, avg, max) = (3.000, 3.000, 3.000), stdev = 0.001
[INFO] [stdout]   CI (99.9%): [15.000, 15.000] (assumes normal distribution)
[INFO] [stdout] 
[INFO] [stdout] Secondary result "org.weakref.nitro.tpcds.BenchmarkQueries.query02:gc.time":
[INFO] [stdout]   16.000 ±(99.9%) 0.001 ms [Sum]
[INFO] [stdout]   (min, avg, max) = (3.000, 3.200, 4.000), stdev = 0.447
[INFO] [stdout]   CI (99.9%): [16.000, 16.000] (assumes normal distribution)
[INFO] [stdout] 
[INFO] [stdout] Secondary result "org.weakref.nitro.tpcds.BenchmarkQueries.query02:iTLB-load-misses":
[INFO] [stdout]   16903.752 #/op
[INFO] [stdout] 
[INFO] [stdout] Secondary result "org.weakref.nitro.tpcds.BenchmarkQueries.query02:iTLB-loads":
[INFO] [stdout]   923807.344 #/op
[INFO] [stdout] 
[INFO] [stdout] Secondary result "org.weakref.nitro.tpcds.BenchmarkQueries.query02:instructions":
[INFO] [stdout]   16576925200.975 #/op
[INFO] [stdout] 
[INFO] [stdout] Secondary result "org.weakref.nitro.tpcds.BenchmarkQueries.query02:stalled-cycles-frontend":
[INFO] [stdout]   140084045.967 #/op
[INFO] [stdout] 
[INFO] [stdout] 
[INFO] [stdout] # JMH version: 1.37
[INFO] [stdout] # VM version: JDK 26.0.1, OpenJDK 64-Bit Server VM, 26.0.1+8
[INFO] [stdout] # VM invoker: /opt/java/openjdk/bin/java
[INFO] [stdout] # VM options: --enable-preview --add-modules=jdk.incubator.vector -Dnitro.clickbench.hits.path= -Xmx12g -XX:+UseTransparentHugePages -Dnitro.tpcds.parquet.path=/root/data/tpcds-parquet-sf10
[INFO] [stdout] # Blackhole mode: compiler (auto-detected, use -Djmh.blackhole.autoDetect=false to disable)
[INFO] [stdout] # Warmup: 5 iterations, 1 s each
[INFO] [stdout] # Measurement: 5 iterations, 1 s each
[INFO] [stdout] # Timeout: 30 min per iteration
[INFO] [stdout] # Threads: 1 thread, will synchronize iterations
[INFO] [stdout] # Benchmark mode: Average time, time/op
[INFO] [stdout] # Benchmark: org.weakref.nitro.tpcds.BenchmarkQueries.query22
[INFO] [stdout] 
[INFO] [stdout] # Run progress: 20.00% complete, ETA 00:00:49
[INFO] [stdout] # Fork: 1 of 1
[INFO] [stdout] # Preparing profilers: LinuxPerfNormProfiler 
[INFO] [stdout] # Profilers consume stderr from target VM, use -v EXTRA to copy to console
[INFO] [stdout] # Warmup Iteration   1: 1315.204 ms/op
[INFO] [stdout] # Warmup Iteration   2: 790.219 ms/op
[INFO] [stdout] # Warmup Iteration   3: 753.464 ms/op
[INFO] [stdout] # Warmup Iteration   4: 747.538 ms/op
[INFO] [stdout] # Warmup Iteration   5: 739.770 ms/op
[INFO] [stdout] Iteration   1: 740.168 ms/op
[INFO] [stdout]                  gc.alloc.rate:      132.843 MB/sec
[INFO] [stdout]                  gc.alloc.rate.norm: 103112980.000 B/op
[INFO] [stdout]                  gc.count:           ≈ 0 counts
[INFO] [stdout] 
[INFO] [stdout] Iteration   2: 744.868 ms/op
[INFO] [stdout]                  gc.alloc.rate:      131.012 MB/sec
[INFO] [stdout]                  gc.alloc.rate.norm: 102335616.000 B/op
[INFO] [stdout]                  gc.count:           1.000 counts
[INFO] [stdout]                  gc.time:            2.000 ms
[INFO] [stdout] 
[INFO] [stdout] Iteration   3: 738.759 ms/op
[INFO] [stdout]                  gc.alloc.rate:      131.967 MB/sec
[INFO] [stdout]                  gc.alloc.rate.norm: 102236480.000 B/op
[INFO] [stdout]                  gc.count:           ≈ 0 counts
[INFO] [stdout] 
[INFO] [stdout] Iteration   4: 740.922 ms/op
[INFO] [stdout]                  gc.alloc.rate:      131.580 MB/sec
[INFO] [stdout]                  gc.alloc.rate.norm: 102234796.000 B/op
[INFO] [stdout]                  gc.count:           ≈ 0 counts
[INFO] [stdout] 
[INFO] [stdout] Iteration   5: 743.233 ms/op
[INFO] [stdout]                  gc.alloc.rate:      131.168 MB/sec
[INFO] [stdout]                  gc.alloc.rate.norm: 102233052.000 B/op
[INFO] [stdout]                  gc.count:           4.000 counts
[INFO] [stdout]                  gc.time:            9.000 ms
[INFO] [stdout] 
[INFO] [stdout] # Processing profiler results: LinuxPerfNormProfiler 
[INFO] [stdout] 
[INFO] [stdout] 
[INFO] [stdout] Result "org.weakref.nitro.tpcds.BenchmarkQueries.query22":
[INFO] [stdout]   741.590 ±(99.9%) 9.418 ms/op [Average]
[INFO] [stdout]   (min, avg, max) = (738.759, 741.590, 744.868), stdev = 2.446
[INFO] [stdout]   CI (99.9%): [732.172, 751.008] (assumes normal distribution)
[INFO] [stdout] 
[INFO] [stdout] Secondary result "org.weakref.nitro.tpcds.BenchmarkQueries.query22:CPI":
[INFO] [stdout]   0.240 clks/insn
[INFO] [stdout] 
[INFO] [stdout] Secondary result "org.weakref.nitro.tpcds.BenchmarkQueries.query22:IPC":
[INFO] [stdout]   4.173 insns/clk
[INFO] [stdout] 
[INFO] [stdout] Secondary result "org.weakref.nitro.tpcds.BenchmarkQueries.query22:L1-dcache-load-misses":
[INFO] [stdout]   116079953.274 #/op
[INFO] [stdout] 
[INFO] [stdout] Secondary result "org.weakref.nitro.tpcds.BenchmarkQueries.query22:L1-dcache-loads":
[INFO] [stdout]   6912776517.623 #/op
[INFO] [stdout] 
[INFO] [stdout] Secondary result "org.weakref.nitro.tpcds.BenchmarkQueries.query22:L1-icache-load-misses":
[INFO] [stdout]   2078844.319 #/op
[INFO] [stdout] 
[INFO] [stdout] Secondary result "org.weakref.nitro.tpcds.BenchmarkQueries.query22:L1-icache-loads":
[INFO] [stdout]   25093513.401 #/op
[INFO] [stdout] 
[INFO] [stdout] Secondary result "org.weakref.nitro.tpcds.BenchmarkQueries.query22:branch-misses":
[INFO] [stdout]   7037528.642 #/op
[INFO] [stdout] 
[INFO] [stdout] Secondary result "org.weakref.nitro.tpcds.BenchmarkQueries.query22:branches":
[INFO] [stdout]   3639619249.863 #/op
[INFO] [stdout] 
[INFO] [stdout] Secondary result "org.weakref.nitro.tpcds.BenchmarkQueries.query22:cycles":
[INFO] [stdout]   4044578134.715 #/op
[INFO] [stdout] 
[INFO] [stdout] Secondary result "org.weakref.nitro.tpcds.BenchmarkQueries.query22:dTLB-load-misses":
[INFO] [stdout]   156559.711 #/op
[INFO] [stdout] 
[INFO] [stdout] Secondary result "org.weakref.nitro.tpcds.BenchmarkQueries.query22:dTLB-loads":
[INFO] [stdout]   1872612.108 #/op
[INFO] [stdout] 
[INFO] [stdout] Secondary result "org.weakref.nitro.tpcds.BenchmarkQueries.query22:gc.alloc.rate":
[INFO] [stdout]   131.714 ±(99.9%) 2.821 MB/sec [Average]
[INFO] [stdout]   (min, avg, max) = (131.012, 131.714, 132.843), stdev = 0.733
[INFO] [stdout]   CI (99.9%): [128.893, 134.536] (assumes normal distribution)
[INFO] [stdout] 
[INFO] [stdout] Secondary result "org.weakref.nitro.tpcds.BenchmarkQueries.query22:gc.alloc.rate.norm":
[INFO] [stdout]   102430584.800 ±(99.9%) 1478506.143 B/op [Average]
[INFO] [stdout]   (min, avg, max) = (102233052.000, 102430584.800, 103112980.000), stdev = 383963.350
[INFO] [stdout]   CI (99.9%): [100952078.657, 103909090.943] (assumes normal distribution)
[INFO] [stdout] 
[INFO] [stdout] Secondary result "org.weakref.nitro.tpcds.BenchmarkQueries.query22:gc.count":
[INFO] [stdout]   5.000 ±(99.9%) 0.001 counts [Sum]
[INFO] [stdout]   (min, avg, max) = (≈ 0, 1.000, 4.000), stdev = 1.732
[INFO] [stdout]   CI (99.9%): [5.000, 5.000] (assumes normal distribution)
[INFO] [stdout] 
[INFO] [stdout] Secondary result "org.weakref.nitro.tpcds.BenchmarkQueries.query22:gc.time":
[INFO] [stdout]   11.000 ±(99.9%) 0.001 ms [Sum]
[INFO] [stdout]   (min, avg, max) = (≈ 0, 2.200, 9.000), stdev = 3.899
[INFO] [stdout]   CI (99.9%): [11.000, 11.000] (assumes normal distribution)
[INFO] [stdout] 
[INFO] [stdout] Secondary result "org.weakref.nitro.tpcds.BenchmarkQueries.query22:iTLB-load-misses":
[INFO] [stdout]   13352.414 #/op
[INFO] [stdout] 
[INFO] [stdout] Secondary result "org.weakref.nitro.tpcds.BenchmarkQueries.query22:iTLB-loads":
[INFO] [stdout]   1037027.115 #/op
[INFO] [stdout] 
[INFO] [stdout] Secondary result "org.weakref.nitro.tpcds.BenchmarkQueries.query22:instructions":
[INFO] [stdout]   16877895466.070 #/op
[INFO] [stdout] 
[INFO] [stdout] Secondary result "org.weakref.nitro.tpcds.BenchmarkQueries.query22:stalled-cycles-frontend":
[INFO] [stdout]   816101250.187 #/op
[INFO] [stdout] 
[INFO] [stdout] 
[INFO] [stdout] # JMH version: 1.37
[INFO] [stdout] # VM version: JDK 26.0.1, OpenJDK 64-Bit Server VM, 26.0.1+8
[INFO] [stdout] # VM invoker: /opt/java/openjdk/bin/java
[INFO] [stdout] # VM options: --enable-preview --add-modules=jdk.incubator.vector -Dnitro.clickbench.hits.path= -Xmx12g -XX:+UseTransparentHugePages -Dnitro.tpcds.parquet.path=/root/data/tpcds-parquet-sf10
[INFO] [stdout] # Blackhole mode: compiler (auto-detected, use -Djmh.blackhole.autoDetect=false to disable)
[INFO] [stdout] # Warmup: 5 iterations, 1 s each
[INFO] [stdout] # Measurement: 5 iterations, 1 s each
[INFO] [stdout] # Timeout: 30 min per iteration
[INFO] [stdout] # Threads: 1 thread, will synchronize iterations
[INFO] [stdout] # Benchmark mode: Average time, time/op
[INFO] [stdout] # Benchmark: org.weakref.nitro.tpcds.BenchmarkQueries.query39
[INFO] [stdout] 
[INFO] [stdout] # Run progress: 40.00% complete, ETA 00:00:41
[INFO] [stdout] # Fork: 1 of 1
[INFO] [stdout] # Preparing profilers: LinuxPerfNormProfiler 
[INFO] [stdout] # Profilers consume stderr from target VM, use -v EXTRA to copy to console
[INFO] [stdout] # Warmup Iteration   1: 1314.259 ms/op
[INFO] [stdout] # Warmup Iteration   2: 533.633 ms/op
[INFO] [stdout] # Warmup Iteration   3: 519.825 ms/op
[INFO] [stdout] # Warmup Iteration   4: 512.583 ms/op
[INFO] [stdout] # Warmup Iteration   5: 511.742 ms/op
[INFO] [stdout] Iteration   1: 507.311 ms/op
[INFO] [stdout]                  gc.alloc.rate:      354.036 MB/sec
[INFO] [stdout]                  gc.alloc.rate.norm: 188353408.000 B/op
[INFO] [stdout]                  gc.count:           1.000 counts
[INFO] [stdout]                  gc.time:            8.000 ms
[INFO] [stdout] 
[INFO] [stdout] Iteration   2: 500.639 ms/op
[INFO] [stdout]                  gc.alloc.rate:      358.537 MB/sec
[INFO] [stdout]                  gc.alloc.rate.norm: 188239816.000 B/op
[INFO] [stdout]                  gc.count:           ≈ 0 counts
[INFO] [stdout] 
[INFO] [stdout] Iteration   3: 501.064 ms/op
[INFO] [stdout]                  gc.alloc.rate:      358.228 MB/sec
[INFO] [stdout]                  gc.alloc.rate.norm: 188239980.000 B/op
[INFO] [stdout]                  gc.count:           ≈ 0 counts
[INFO] [stdout] 
[INFO] [stdout] Iteration   4: 503.507 ms/op
[INFO] [stdout]                  gc.alloc.rate:      356.488 MB/sec
[INFO] [stdout]                  gc.alloc.rate.norm: 188240212.000 B/op
[INFO] [stdout]                  gc.count:           1.000 counts
[INFO] [stdout]                  gc.time:            6.000 ms
[INFO] [stdout] 
[INFO] [stdout] Iteration   5: 501.951 ms/op
[INFO] [stdout]                  gc.alloc.rate:      357.593 MB/sec
[INFO] [stdout]                  gc.alloc.rate.norm: 188242864.000 B/op
[INFO] [stdout]                  gc.count:           ≈ 0 counts
[INFO] [stdout] 
[INFO] [stdout] # Processing profiler results: LinuxPerfNormProfiler 
[INFO] [stdout] 
[INFO] [stdout] 
[INFO] [stdout] Result "org.weakref.nitro.tpcds.BenchmarkQueries.query39":
[INFO] [stdout]   502.894 ±(99.9%) 10.406 ms/op [Average]
[INFO] [stdout]   (min, avg, max) = (500.639, 502.894, 507.311), stdev = 2.702
[INFO] [stdout]   CI (99.9%): [492.489, 513.300] (assumes normal distribution)
[INFO] [stdout] 
[INFO] [stdout] Secondary result "org.weakref.nitro.tpcds.BenchmarkQueries.query39:CPI":
[INFO] [stdout]   0.239 clks/insn
[INFO] [stdout] 
[INFO] [stdout] Secondary result "org.weakref.nitro.tpcds.BenchmarkQueries.query39:IPC":
[INFO] [stdout]   4.186 insns/clk
[INFO] [stdout] 
[INFO] [stdout] Secondary result "org.weakref.nitro.tpcds.BenchmarkQueries.query39:L1-dcache-load-misses":
[INFO] [stdout]   68955518.299 #/op
[INFO] [stdout] 
[INFO] [stdout] Secondary result "org.weakref.nitro.tpcds.BenchmarkQueries.query39:L1-dcache-loads":
[INFO] [stdout]   4855250596.127 #/op
[INFO] [stdout] 
[INFO] [stdout] Secondary result "org.weakref.nitro.tpcds.BenchmarkQueries.query39:L1-icache-load-misses":
[INFO] [stdout]   1730017.382 #/op
[INFO] [stdout] 
[INFO] [stdout] Secondary result "org.weakref.nitro.tpcds.BenchmarkQueries.query39:L1-icache-loads":
[INFO] [stdout]   21075858.867 #/op
[INFO] [stdout] 
[INFO] [stdout] Secondary result "org.weakref.nitro.tpcds.BenchmarkQueries.query39:branch-misses":
[INFO] [stdout]   7135169.341 #/op
[INFO] [stdout] 
[INFO] [stdout] Secondary result "org.weakref.nitro.tpcds.BenchmarkQueries.query39:branches":
[INFO] [stdout]   2267206917.830 #/op
[INFO] [stdout] 
[INFO] [stdout] Secondary result "org.weakref.nitro.tpcds.BenchmarkQueries.query39:cycles":
[INFO] [stdout]   2753034373.807 #/op
[INFO] [stdout] 
[INFO] [stdout] Secondary result "org.weakref.nitro.tpcds.BenchmarkQueries.query39:dTLB-load-misses":
[INFO] [stdout]   106142.441 #/op
[INFO] [stdout] 
[INFO] [stdout] Secondary result "org.weakref.nitro.tpcds.BenchmarkQueries.query39:dTLB-loads":
[INFO] [stdout]   875439.407 #/op
[INFO] [stdout] 
[INFO] [stdout] Secondary result "org.weakref.nitro.tpcds.BenchmarkQueries.query39:gc.alloc.rate":
[INFO] [stdout]   356.977 ±(99.9%) 7.013 MB/sec [Average]
[INFO] [stdout]   (min, avg, max) = (354.036, 356.977, 358.537), stdev = 1.821
[INFO] [stdout]   CI (99.9%): [349.964, 363.989] (assumes normal distribution)
[INFO] [stdout] 
[INFO] [stdout] Secondary result "org.weakref.nitro.tpcds.BenchmarkQueries.query39:gc.alloc.rate.norm":
[INFO] [stdout]   188263256.000 ±(99.9%) 194118.371 B/op [Average]
[INFO] [stdout]   (min, avg, max) = (188239816.000, 188263256.000, 188353408.000), stdev = 50411.924
[INFO] [stdout]   CI (99.9%): [188069137.629, 188457374.371] (assumes normal distribution)
[INFO] [stdout] 
[INFO] [stdout] Secondary result "org.weakref.nitro.tpcds.BenchmarkQueries.query39:gc.count":
[INFO] [stdout]   2.000 ±(99.9%) 0.001 counts [Sum]
[INFO] [stdout]   (min, avg, max) = (≈ 0, 0.400, 1.000), stdev = 0.548
[INFO] [stdout]   CI (99.9%): [2.000, 2.000] (assumes normal distribution)
[INFO] [stdout] 
[INFO] [stdout] Secondary result "org.weakref.nitro.tpcds.BenchmarkQueries.query39:gc.time":
[INFO] [stdout]   14.000 ±(99.9%) 0.001 ms [Sum]
[INFO] [stdout]   (min, avg, max) = (≈ 0, 2.800, 8.000), stdev = 3.899
[INFO] [stdout]   CI (99.9%): [14.000, 14.000] (assumes normal distribution)
[INFO] [stdout] 
[INFO] [stdout] Secondary result "org.weakref.nitro.tpcds.BenchmarkQueries.query39:iTLB-load-misses":
[INFO] [stdout]   17061.204 #/op
[INFO] [stdout] 
[INFO] [stdout] Secondary result "org.weakref.nitro.tpcds.BenchmarkQueries.query39:iTLB-loads":
[INFO] [stdout]   1050719.241 #/op
[INFO] [stdout] 
[INFO] [stdout] Secondary result "org.weakref.nitro.tpcds.BenchmarkQueries.query39:instructions":
[INFO] [stdout]   11524520636.770 #/op
[INFO] [stdout] 
[INFO] [stdout] Secondary result "org.weakref.nitro.tpcds.BenchmarkQueries.query39:stalled-cycles-frontend":
[INFO] [stdout]   411285875.505 #/op
[INFO] [stdout] 
[INFO] [stdout] 
[INFO] [stdout] # JMH version: 1.37
[INFO] [stdout] # VM version: JDK 26.0.1, OpenJDK 64-Bit Server VM, 26.0.1+8
[INFO] [stdout] # VM invoker: /opt/java/openjdk/bin/java
[INFO] [stdout] # VM options: --enable-preview --add-modules=jdk.incubator.vector -Dnitro.clickbench.hits.path= -Xmx12g -XX:+UseTransparentHugePages -Dnitro.tpcds.parquet.path=/root/data/tpcds-parquet-sf10
[INFO] [stdout] # Blackhole mode: compiler (auto-detected, use -Djmh.blackhole.autoDetect=false to disable)
[INFO] [stdout] # Warmup: 5 iterations, 1 s each
[INFO] [stdout] # Measurement: 5 iterations, 1 s each
[INFO] [stdout] # Timeout: 30 min per iteration
[INFO] [stdout] # Threads: 1 thread, will synchronize iterations
[INFO] [stdout] # Benchmark mode: Average time, time/op
[INFO] [stdout] # Benchmark: org.weakref.nitro.tpcds.BenchmarkQueries.query82
[INFO] [stdout] 
[INFO] [stdout] # Run progress: 60.00% complete, ETA 00:00:25
[INFO] [stdout] # Fork: 1 of 1
[INFO] [stdout] # Preparing profilers: LinuxPerfNormProfiler 
[INFO] [stdout] # Profilers consume stderr from target VM, use -v EXTRA to copy to console
[INFO] [stdout] # Warmup Iteration   1: 2776.278 ms/op
[INFO] [stdout] # Warmup Iteration   2: 2389.363 ms/op
[INFO] [stdout] # Warmup Iteration   3: 2362.087 ms/op
[INFO] [stdout] # Warmup Iteration   4: 2342.690 ms/op
[INFO] [stdout] # Warmup Iteration   5: 2343.926 ms/op
[INFO] [stdout] Iteration   1: 2563.818 ms/op
[INFO] [stdout]                  gc.alloc.rate:      287.095 MB/sec
[INFO] [stdout]                  gc.alloc.rate.norm: 771851728.000 B/op
[INFO] [stdout]                  gc.count:           ≈ 0 counts
[INFO] [stdout] 
[INFO] [stdout] Iteration   2: 2504.912 ms/op
[INFO] [stdout]                  gc.alloc.rate:      293.840 MB/sec
[INFO] [stdout]                  gc.alloc.rate.norm: 771836360.000 B/op
[INFO] [stdout]                  gc.count:           1.000 counts
[INFO] [stdout]                  gc.time:            92.000 ms
[INFO] [stdout] 
[INFO] [stdout] Iteration   3: 2337.322 ms/op
[INFO] [stdout]                  gc.alloc.rate:      314.908 MB/sec
[INFO] [stdout]                  gc.alloc.rate.norm: 771834832.000 B/op
[INFO] [stdout]                  gc.count:           ≈ 0 counts
[INFO] [stdout] 
[INFO] [stdout] Iteration   4: 2326.966 ms/op
[INFO] [stdout]                  gc.alloc.rate:      316.310 MB/sec
[INFO] [stdout]                  gc.alloc.rate.norm: 771832560.000 B/op
[INFO] [stdout]                  gc.count:           ≈ 0 counts
[INFO] [stdout] 
[INFO] [stdout] Iteration   5: 2331.997 ms/op
[INFO] [stdout]                  gc.alloc.rate:      315.627 MB/sec
[INFO] [stdout]                  gc.alloc.rate.norm: 771838344.000 B/op
[INFO] [stdout]                  gc.count:           ≈ 0 counts
[INFO] [stdout] 
[INFO] [stdout] # Processing profiler results: LinuxPerfNormProfiler 
[INFO] [stdout] 
[INFO] [stdout] 
[INFO] [stdout] Result "org.weakref.nitro.tpcds.BenchmarkQueries.query82":
[INFO] [stdout]   2413.003 ±(99.9%) 434.307 ms/op [Average]
[INFO] [stdout]   (min, avg, max) = (2326.966, 2413.003, 2563.818), stdev = 112.788
[INFO] [stdout]   CI (99.9%): [1978.696, 2847.310] (assumes normal distribution)
[INFO] [stdout] 
[INFO] [stdout] Secondary result "org.weakref.nitro.tpcds.BenchmarkQueries.query82:CPI":
[INFO] [stdout]   0.311 clks/insn
[INFO] [stdout] 
[INFO] [stdout] Secondary result "org.weakref.nitro.tpcds.BenchmarkQueries.query82:IPC":
[INFO] [stdout]   3.212 insns/clk
[INFO] [stdout] 
[INFO] [stdout] Secondary result "org.weakref.nitro.tpcds.BenchmarkQueries.query82:L1-dcache-load-misses":
[INFO] [stdout]   509019952.313 #/op
[INFO] [stdout] 
[INFO] [stdout] Secondary result "org.weakref.nitro.tpcds.BenchmarkQueries.query82:L1-dcache-loads":
[INFO] [stdout]   18632333774.653 #/op
[INFO] [stdout] 
[INFO] [stdout] Secondary result "org.weakref.nitro.tpcds.BenchmarkQueries.query82:L1-icache-load-misses":
[INFO] [stdout]   7570314.484 #/op
[INFO] [stdout] 
[INFO] [stdout] Secondary result "org.weakref.nitro.tpcds.BenchmarkQueries.query82:L1-icache-loads":
[INFO] [stdout]   117781160.927 #/op
[INFO] [stdout] 
[INFO] [stdout] Secondary result "org.weakref.nitro.tpcds.BenchmarkQueries.query82:branch-misses":
[INFO] [stdout]   107392078.807 #/op
[INFO] [stdout] 
[INFO] [stdout] Secondary result "org.weakref.nitro.tpcds.BenchmarkQueries.query82:branches":
[INFO] [stdout]   9123272569.857 #/op
[INFO] [stdout] 
[INFO] [stdout] Secondary result "org.weakref.nitro.tpcds.BenchmarkQueries.query82:cycles":
[INFO] [stdout]   13227733641.714 #/op
[INFO] [stdout] 
[INFO] [stdout] Secondary result "org.weakref.nitro.tpcds.BenchmarkQueries.query82:dTLB-load-misses":
[INFO] [stdout]   614210.319 #/op
[INFO] [stdout] 
[INFO] [stdout] Secondary result "org.weakref.nitro.tpcds.BenchmarkQueries.query82:dTLB-loads":
[INFO] [stdout]   6248478.494 #/op
[INFO] [stdout] 
[INFO] [stdout] Secondary result "org.weakref.nitro.tpcds.BenchmarkQueries.query82:gc.alloc.rate":
[INFO] [stdout]   305.556 ±(99.9%) 53.860 MB/sec [Average]
[INFO] [stdout]   (min, avg, max) = (287.095, 305.556, 316.310), stdev = 13.987
[INFO] [stdout]   CI (99.9%): [251.696, 359.416] (assumes normal distribution)
[INFO] [stdout] 
[INFO] [stdout] Secondary result "org.weakref.nitro.tpcds.BenchmarkQueries.query82:gc.alloc.rate.norm":
[INFO] [stdout]   771838764.800 ±(99.9%) 29069.885 B/op [Average]
[INFO] [stdout]   (min, avg, max) = (771832560.000, 771838764.800, 771851728.000), stdev = 7549.357
[INFO] [stdout]   CI (99.9%): [771809694.915, 771867834.685] (assumes normal distribution)
[INFO] [stdout] 
[INFO] [stdout] Secondary result "org.weakref.nitro.tpcds.BenchmarkQueries.query82:gc.count":
[INFO] [stdout]   1.000 ±(99.9%) 0.001 counts [Sum]
[INFO] [stdout]   (min, avg, max) = (≈ 0, 0.200, 1.000), stdev = 0.447
[INFO] [stdout]   CI (99.9%): [1.000, 1.000] (assumes normal distribution)
[INFO] [stdout] 
[INFO] [stdout] Secondary result "org.weakref.nitro.tpcds.BenchmarkQueries.query82:gc.time":
[INFO] [stdout]   92.000 ±(99.9%) 0.001 ms [Sum]
[INFO] [stdout]   (min, avg, max) = (≈ 0, 18.400, 92.000), stdev = 41.144
[INFO] [stdout]   CI (99.9%): [92.000, 92.000] (assumes normal distribution)
[INFO] [stdout] 
[INFO] [stdout] Secondary result "org.weakref.nitro.tpcds.BenchmarkQueries.query82:iTLB-load-misses":
[INFO] [stdout]   22206.790 #/op
[INFO] [stdout] 
[INFO] [stdout] Secondary result "org.weakref.nitro.tpcds.BenchmarkQueries.query82:iTLB-loads":
[INFO] [stdout]   1015383.923 #/op
[INFO] [stdout] 
[INFO] [stdout] Secondary result "org.weakref.nitro.tpcds.BenchmarkQueries.query82:instructions":
[INFO] [stdout]   42490416068.526 #/op
[INFO] [stdout] 
[INFO] [stdout] Secondary result "org.weakref.nitro.tpcds.BenchmarkQueries.query82:stalled-cycles-frontend":
[INFO] [stdout]   3383613556.659 #/op
[INFO] [stdout] 
[INFO] [stdout] 
[INFO] [stdout] # JMH version: 1.37
[INFO] [stdout] # VM version: JDK 26.0.1, OpenJDK 64-Bit Server VM, 26.0.1+8
[INFO] [stdout] # VM invoker: /opt/java/openjdk/bin/java
[INFO] [stdout] # VM options: --enable-preview --add-modules=jdk.incubator.vector -Dnitro.clickbench.hits.path= -Xmx12g -XX:+UseTransparentHugePages -Dnitro.tpcds.parquet.path=/root/data/tpcds-parquet-sf10
[INFO] [stdout] # Blackhole mode: compiler (auto-detected, use -Djmh.blackhole.autoDetect=false to disable)
[INFO] [stdout] # Warmup: 5 iterations, 1 s each
[INFO] [stdout] # Measurement: 5 iterations, 1 s each
[INFO] [stdout] # Timeout: 30 min per iteration
[INFO] [stdout] # Threads: 1 thread, will synchronize iterations
[INFO] [stdout] # Benchmark mode: Average time, time/op
[INFO] [stdout] # Benchmark: org.weakref.nitro.tpcds.BenchmarkQueries.query84
[INFO] [stdout] 
[INFO] [stdout] # Run progress: 80.00% complete, ETA 00:00:15
[INFO] [stdout] # Fork: 1 of 1
[INFO] [stdout] # Preparing profilers: LinuxPerfNormProfiler 
[INFO] [stdout] # Profilers consume stderr from target VM, use -v EXTRA to copy to console
[INFO] [stdout] # Warmup Iteration   1: 112.195 ms/op
[INFO] [stdout] # Warmup Iteration   2: 72.564 ms/op
[INFO] [stdout] # Warmup Iteration   3: 71.340 ms/op
[INFO] [stdout] # Warmup Iteration   4: 70.870 ms/op
[INFO] [stdout] # Warmup Iteration   5: 69.352 ms/op
[INFO] [stdout] Iteration   1: 69.471 ms/op
[INFO] [stdout]                  gc.alloc.rate:      245.146 MB/sec
[INFO] [stdout]                  gc.alloc.rate.norm: 17860617.600 B/op
[INFO] [stdout]                  gc.count:           1.000 counts
[INFO] [stdout]                  gc.time:            1.000 ms
[INFO] [stdout] 
[INFO] [stdout] Iteration   2: 69.557 ms/op
[INFO] [stdout]                  gc.alloc.rate:      244.794 MB/sec
[INFO] [stdout]                  gc.alloc.rate.norm: 17856953.600 B/op
[INFO] [stdout]                  gc.count:           1.000 counts
[INFO] [stdout]                  gc.time:            2.000 ms
[INFO] [stdout] 
[INFO] [stdout] Iteration   3: 68.874 ms/op
[INFO] [stdout]                  gc.alloc.rate:      247.223 MB/sec
[INFO] [stdout]                  gc.alloc.rate.norm: 17857064.533 B/op
[INFO] [stdout]                  gc.count:           ≈ 0 counts
[INFO] [stdout] 
[INFO] [stdout] Iteration   4: 69.563 ms/op
[INFO] [stdout]                  gc.alloc.rate:      244.782 MB/sec
[INFO] [stdout]                  gc.alloc.rate.norm: 17857083.200 B/op
[INFO] [stdout]                  gc.count:           1.000 counts
[INFO] [stdout]                  gc.time:            ≈ 0 ms
[INFO] [stdout] 
[INFO] [stdout] Iteration   5: 68.960 ms/op
[INFO] [stdout]                  gc.alloc.rate:      246.889 MB/sec
[INFO] [stdout]                  gc.alloc.rate.norm: 17855279.467 B/op
[INFO] [stdout]                  gc.count:           1.000 counts
[INFO] [stdout]                  gc.time:            1.000 ms
[INFO] [stdout] 
[INFO] [stdout] # Processing profiler results: LinuxPerfNormProfiler 
[INFO] [stdout] 
[INFO] [stdout] 
[INFO] [stdout] Result "org.weakref.nitro.tpcds.BenchmarkQueries.query84":
[INFO] [stdout]   69.285 ±(99.9%) 1.306 ms/op [Average]
[INFO] [stdout]   (min, avg, max) = (68.874, 69.285, 69.563), stdev = 0.339
[INFO] [stdout]   CI (99.9%): [67.980, 70.591] (assumes normal distribution)
[INFO] [stdout] 
[INFO] [stdout] Secondary result "org.weakref.nitro.tpcds.BenchmarkQueries.query84:CPI":
[INFO] [stdout]   0.293 clks/insn
[INFO] [stdout] 
[INFO] [stdout] Secondary result "org.weakref.nitro.tpcds.BenchmarkQueries.query84:IPC":
[INFO] [stdout]   3.418 insns/clk
[INFO] [stdout] 
[INFO] [stdout] Secondary result "org.weakref.nitro.tpcds.BenchmarkQueries.query84:L1-dcache-load-misses":
[INFO] [stdout]   19053098.685 #/op
[INFO] [stdout] 
[INFO] [stdout] Secondary result "org.weakref.nitro.tpcds.BenchmarkQueries.query84:L1-dcache-loads":
[INFO] [stdout]   658484973.554 #/op
[INFO] [stdout] 
[INFO] [stdout] Secondary result "org.weakref.nitro.tpcds.BenchmarkQueries.query84:L1-icache-load-misses":
[INFO] [stdout]   426011.095 #/op
[INFO] [stdout] 
[INFO] [stdout] Secondary result "org.weakref.nitro.tpcds.BenchmarkQueries.query84:L1-icache-loads":
[INFO] [stdout]   5237045.245 #/op
[INFO] [stdout] 
[INFO] [stdout] Secondary result "org.weakref.nitro.tpcds.BenchmarkQueries.query84:branch-misses":
[INFO] [stdout]   2072621.841 #/op
[INFO] [stdout] 
[INFO] [stdout] Secondary result "org.weakref.nitro.tpcds.BenchmarkQueries.query84:branches":
[INFO] [stdout]   285460510.822 #/op
[INFO] [stdout] 
[INFO] [stdout] Secondary result "org.weakref.nitro.tpcds.BenchmarkQueries.query84:cycles":
[INFO] [stdout]   404565439.324 #/op
[INFO] [stdout] 
[INFO] [stdout] Secondary result "org.weakref.nitro.tpcds.BenchmarkQueries.query84:dTLB-load-misses":
[INFO] [stdout]   22578.891 #/op
[INFO] [stdout] 
[INFO] [stdout] Secondary result "org.weakref.nitro.tpcds.BenchmarkQueries.query84:dTLB-loads":
[INFO] [stdout]   402526.525 #/op
[INFO] [stdout] 
[INFO] [stdout] Secondary result "org.weakref.nitro.tpcds.BenchmarkQueries.query84:gc.alloc.rate":
[INFO] [stdout]   245.767 ±(99.9%) 4.589 MB/sec [Average]
[INFO] [stdout]   (min, avg, max) = (244.782, 245.767, 247.223), stdev = 1.192
[INFO] [stdout]   CI (99.9%): [241.178, 250.356] (assumes normal distribution)
[INFO] [stdout] 
[INFO] [stdout] Secondary result "org.weakref.nitro.tpcds.BenchmarkQueries.query84:gc.alloc.rate.norm":
[INFO] [stdout]   17857399.680 ±(99.9%) 7521.527 B/op [Average]
[INFO] [stdout]   (min, avg, max) = (17855279.467, 17857399.680, 17860617.600), stdev = 1953.317
[INFO] [stdout]   CI (99.9%): [17849878.153, 17864921.207] (assumes normal distribution)
[INFO] [stdout] 
[INFO] [stdout] Secondary result "org.weakref.nitro.tpcds.BenchmarkQueries.query84:gc.count":
[INFO] [stdout]   4.000 ±(99.9%) 0.001 counts [Sum]
[INFO] [stdout]   (min, avg, max) = (≈ 0, 0.800, 1.000), stdev = 0.447
[INFO] [stdout]   CI (99.9%): [4.000, 4.000] (assumes normal distribution)
[INFO] [stdout] 
[INFO] [stdout] Secondary result "org.weakref.nitro.tpcds.BenchmarkQueries.query84:gc.time":
[INFO] [stdout]   4.000 ±(99.9%) 0.001 ms [Sum]
[INFO] [stdout]   (min, avg, max) = (≈ 0, 0.800, 2.000), stdev = 0.837
[INFO] [stdout]   CI (99.9%): [4.000, 4.000] (assumes normal distribution)
[INFO] [stdout] 
[INFO] [stdout] Secondary result "org.weakref.nitro.tpcds.BenchmarkQueries.query84:iTLB-load-misses":
[INFO] [stdout]   2945.800 #/op
[INFO] [stdout] 
[INFO] [stdout] Secondary result "org.weakref.nitro.tpcds.BenchmarkQueries.query84:iTLB-loads":
[INFO] [stdout]   221755.847 #/op
[INFO] [stdout] 
[INFO] [stdout] Secondary result "org.weakref.nitro.tpcds.BenchmarkQueries.query84:instructions":
[INFO] [stdout]   1382844914.301 #/op
[INFO] [stdout] 
[INFO] [stdout] Secondary result "org.weakref.nitro.tpcds.BenchmarkQueries.query84:stalled-cycles-frontend":
[INFO] [stdout]   89480211.930 #/op
[INFO] [stdout] 
[INFO] [stdout] 
[INFO] [stdout] # Run complete. Total time: 00:01:14
[INFO] [stdout] 
[INFO] [stdout] REMEMBER: The numbers below are just data. To gain reusable insights, you need to follow up on
[INFO] [stdout] why the numbers are the way they are. Use profilers (see -prof, -lprof), design factorial
[INFO] [stdout] experiments, perform baseline and negative tests that provide experimental control, make sure
[INFO] [stdout] the benchmarking environment is safe on JVM/OS/HW level, ask for reviews from the domain experts.
[INFO] [stdout] Do not assume the numbers tell you what you want them to tell.
[INFO] [stdout] 
[INFO] [stdout] NOTE: Current JVM experimentally supports Compiler Blackholes, and they are in use. Please exercise
[INFO] [stdout] extra caution when trusting the results, look into the generated code to check the benchmark still
[INFO] [stdout] works, and factor in a small probability of new VM bugs. Additionally, while comparisons between
[INFO] [stdout] different JVMs are already problematic, the performance difference caused by different Blackhole
[INFO] [stdout] modes can be very significant. Please make sure you use the consistent Blackhole mode for comparisons.
[INFO] [stdout] 
[INFO] [stdout] Benchmark                                         Mode  Cnt            Score          Error      Units
[INFO] [stdout] BenchmarkQueries.query02                          avgt    5          577.062 ±        6.439      ms/op
[INFO] [stdout] BenchmarkQueries.query02:CPI                      avgt                 0.189                 clks/insn
[INFO] [stdout] BenchmarkQueries.query02:IPC                      avgt                 5.292                 insns/clk
[INFO] [stdout] BenchmarkQueries.query02:L1-dcache-load-misses    avgt         127211007.537                      #/op
[INFO] [stdout] BenchmarkQueries.query02:L1-dcache-loads          avgt        8154830641.057                      #/op
[INFO] [stdout] BenchmarkQueries.query02:L1-icache-load-misses    avgt           2889414.001                      #/op
[INFO] [stdout] BenchmarkQueries.query02:L1-icache-loads          avgt          39089296.091                      #/op
[INFO] [stdout] BenchmarkQueries.query02:branch-misses            avgt           4459791.754                      #/op
[INFO] [stdout] BenchmarkQueries.query02:branches                 avgt        3117995370.043                      #/op
[INFO] [stdout] BenchmarkQueries.query02:cycles                   avgt        3132360127.567                      #/op
[INFO] [stdout] BenchmarkQueries.query02:dTLB-load-misses         avgt             76127.943                      #/op
[INFO] [stdout] BenchmarkQueries.query02:dTLB-loads               avgt           1178799.107                      #/op
[INFO] [stdout] BenchmarkQueries.query02:gc.alloc.rate            avgt    5          415.193 ±       16.772     MB/sec
[INFO] [stdout] BenchmarkQueries.query02:gc.alloc.rate.norm       avgt    5    251262468.800 ± 12330172.899       B/op
[INFO] [stdout] BenchmarkQueries.query02:gc.count                 avgt    5           15.000                    counts
[INFO] [stdout] BenchmarkQueries.query02:gc.time                  avgt    5           16.000                        ms
[INFO] [stdout] BenchmarkQueries.query02:iTLB-load-misses         avgt             16903.752                      #/op
[INFO] [stdout] BenchmarkQueries.query02:iTLB-loads               avgt            923807.344                      #/op
[INFO] [stdout] BenchmarkQueries.query02:instructions             avgt       16576925200.975                      #/op
[INFO] [stdout] BenchmarkQueries.query02:stalled-cycles-frontend  avgt         140084045.967                      #/op
[INFO] [stdout] BenchmarkQueries.query22                          avgt    5          741.590 ±        9.418      ms/op
[INFO] [stdout] BenchmarkQueries.query22:CPI                      avgt                 0.240                 clks/insn
[INFO] [stdout] BenchmarkQueries.query22:IPC                      avgt                 4.173                 insns/clk
[INFO] [stdout] BenchmarkQueries.query22:L1-dcache-load-misses    avgt         116079953.274                      #/op
[INFO] [stdout] BenchmarkQueries.query22:L1-dcache-loads          avgt        6912776517.623                      #/op
[INFO] [stdout] BenchmarkQueries.query22:L1-icache-load-misses    avgt           2078844.319                      #/op
[INFO] [stdout] BenchmarkQueries.query22:L1-icache-loads          avgt          25093513.401                      #/op
[INFO] [stdout] BenchmarkQueries.query22:branch-misses            avgt           7037528.642                      #/op
[INFO] [stdout] BenchmarkQueries.query22:branches                 avgt        3639619249.863                      #/op
[INFO] [stdout] BenchmarkQueries.query22:cycles                   avgt        4044578134.715                      #/op
[INFO] [stdout] BenchmarkQueries.query22:dTLB-load-misses         avgt            156559.711                      #/op
[INFO] [stdout] BenchmarkQueries.query22:dTLB-loads               avgt           1872612.108                      #/op
[INFO] [stdout] BenchmarkQueries.query22:gc.alloc.rate            avgt    5          131.714 ±        2.821     MB/sec
[INFO] [stdout] BenchmarkQueries.query22:gc.alloc.rate.norm       avgt    5    102430584.800 ±  1478506.143       B/op
[INFO] [stdout] BenchmarkQueries.query22:gc.count                 avgt    5            5.000                    counts
[INFO] [stdout] BenchmarkQueries.query22:gc.time                  avgt    5           11.000                        ms
[INFO] [stdout] BenchmarkQueries.query22:iTLB-load-misses         avgt             13352.414                      #/op
[INFO] [stdout] BenchmarkQueries.query22:iTLB-loads               avgt           1037027.115                      #/op
[INFO] [stdout] BenchmarkQueries.query22:instructions             avgt       16877895466.070                      #/op
[INFO] [stdout] BenchmarkQueries.query22:stalled-cycles-frontend  avgt         816101250.187                      #/op
[INFO] [stdout] BenchmarkQueries.query39                          avgt    5          502.894 ±       10.406      ms/op
[INFO] [stdout] BenchmarkQueries.query39:CPI                      avgt                 0.239                 clks/insn
[INFO] [stdout] BenchmarkQueries.query39:IPC                      avgt                 4.186                 insns/clk
[INFO] [stdout] BenchmarkQueries.query39:L1-dcache-load-misses    avgt          68955518.299                      #/op
[INFO] [stdout] BenchmarkQueries.query39:L1-dcache-loads          avgt        4855250596.127                      #/op
[INFO] [stdout] BenchmarkQueries.query39:L1-icache-load-misses    avgt           1730017.382                      #/op
[INFO] [stdout] BenchmarkQueries.query39:L1-icache-loads          avgt          21075858.867                      #/op
[INFO] [stdout] BenchmarkQueries.query39:branch-misses            avgt           7135169.341                      #/op
[INFO] [stdout] BenchmarkQueries.query39:branches                 avgt        2267206917.830                      #/op
[INFO] [stdout] BenchmarkQueries.query39:cycles                   avgt        2753034373.807                      #/op
[INFO] [stdout] BenchmarkQueries.query39:dTLB-load-misses         avgt            106142.441                      #/op
[INFO] [stdout] BenchmarkQueries.query39:dTLB-loads               avgt            875439.407                      #/op
[INFO] [stdout] BenchmarkQueries.query39:gc.alloc.rate            avgt    5          356.977 ±        7.013     MB/sec
[INFO] [stdout] BenchmarkQueries.query39:gc.alloc.rate.norm       avgt    5    188263256.000 ±   194118.371       B/op
[INFO] [stdout] BenchmarkQueries.query39:gc.count                 avgt    5            2.000                    counts
[INFO] [stdout] BenchmarkQueries.query39:gc.time                  avgt    5           14.000                        ms
[INFO] [stdout] BenchmarkQueries.query39:iTLB-load-misses         avgt             17061.204                      #/op
[INFO] [stdout] BenchmarkQueries.query39:iTLB-loads               avgt           1050719.241                      #/op
[INFO] [stdout] BenchmarkQueries.query39:instructions             avgt       11524520636.770                      #/op
[INFO] [stdout] BenchmarkQueries.query39:stalled-cycles-frontend  avgt         411285875.505                      #/op
[INFO] [stdout] BenchmarkQueries.query82                          avgt    5         2413.003 ±      434.307      ms/op
[INFO] [stdout] BenchmarkQueries.query82:CPI                      avgt                 0.311                 clks/insn
[INFO] [stdout] BenchmarkQueries.query82:IPC                      avgt                 3.212                 insns/clk
[INFO] [stdout] BenchmarkQueries.query82:L1-dcache-load-misses    avgt         509019952.313                      #/op
[INFO] [stdout] BenchmarkQueries.query82:L1-dcache-loads          avgt       18632333774.653                      #/op
[INFO] [stdout] BenchmarkQueries.query82:L1-icache-load-misses    avgt           7570314.484                      #/op
[INFO] [stdout] BenchmarkQueries.query82:L1-icache-loads          avgt         117781160.927                      #/op
[INFO] [stdout] BenchmarkQueries.query82:branch-misses            avgt         107392078.807                      #/op
[INFO] [stdout] BenchmarkQueries.query82:branches                 avgt        9123272569.857                      #/op
[INFO] [stdout] BenchmarkQueries.query82:cycles                   avgt       13227733641.714                      #/op
[INFO] [stdout] BenchmarkQueries.query82:dTLB-load-misses         avgt            614210.319                      #/op
[INFO] [stdout] BenchmarkQueries.query82:dTLB-loads               avgt           6248478.494                      #/op
[INFO] [stdout] BenchmarkQueries.query82:gc.alloc.rate            avgt    5          305.556 ±       53.860     MB/sec
[INFO] [stdout] BenchmarkQueries.query82:gc.alloc.rate.norm       avgt    5    771838764.800 ±    29069.885       B/op
[INFO] [stdout] BenchmarkQueries.query82:gc.count                 avgt    5            1.000                    counts
[INFO] [stdout] BenchmarkQueries.query82:gc.time                  avgt    5           92.000                        ms
[INFO] [stdout] BenchmarkQueries.query82:iTLB-load-misses         avgt             22206.790                      #/op
[INFO] [stdout] BenchmarkQueries.query82:iTLB-loads               avgt           1015383.923                      #/op
[INFO] [stdout] BenchmarkQueries.query82:instructions             avgt       42490416068.526                      #/op
[INFO] [stdout] BenchmarkQueries.query82:stalled-cycles-frontend  avgt        3383613556.659                      #/op
[INFO] [stdout] BenchmarkQueries.query84                          avgt    5           69.285 ±        1.306      ms/op
[INFO] [stdout] BenchmarkQueries.query84:CPI                      avgt                 0.293                 clks/insn
[INFO] [stdout] BenchmarkQueries.query84:IPC                      avgt                 3.418                 insns/clk
[INFO] [stdout] BenchmarkQueries.query84:L1-dcache-load-misses    avgt          19053098.685                      #/op
[INFO] [stdout] BenchmarkQueries.query84:L1-dcache-loads          avgt         658484973.554                      #/op
[INFO] [stdout] BenchmarkQueries.query84:L1-icache-load-misses    avgt            426011.095                      #/op
[INFO] [stdout] BenchmarkQueries.query84:L1-icache-loads          avgt           5237045.245                      #/op
[INFO] [stdout] BenchmarkQueries.query84:branch-misses            avgt           2072621.841                      #/op
[INFO] [stdout] BenchmarkQueries.query84:branches                 avgt         285460510.822                      #/op
[INFO] [stdout] BenchmarkQueries.query84:cycles                   avgt         404565439.324                      #/op
[INFO] [stdout] BenchmarkQueries.query84:dTLB-load-misses         avgt             22578.891                      #/op
[INFO] [stdout] BenchmarkQueries.query84:dTLB-loads               avgt            402526.525                      #/op
[INFO] [stdout] BenchmarkQueries.query84:gc.alloc.rate            avgt    5          245.767 ±        4.589     MB/sec
[INFO] [stdout] BenchmarkQueries.query84:gc.alloc.rate.norm       avgt    5     17857399.680 ±     7521.527       B/op
[INFO] [stdout] BenchmarkQueries.query84:gc.count                 avgt    5            4.000                    counts
[INFO] [stdout] BenchmarkQueries.query84:gc.time                  avgt    5            4.000                        ms
[INFO] [stdout] BenchmarkQueries.query84:iTLB-load-misses         avgt              2945.800                      #/op
[INFO] [stdout] BenchmarkQueries.query84:iTLB-loads               avgt            221755.847                      #/op
[INFO] [stdout] BenchmarkQueries.query84:instructions             avgt        1382844914.301                      #/op
[INFO] [stdout] BenchmarkQueries.query84:stalled-cycles-frontend  avgt          89480211.930                      #/op
[INFO] [stdout] 
[INFO] [stdout] Benchmark result is saved to benchmarks/sweeps/20260720-targeted/tpcds-q84-regression/cohort/on.json
[INFO] ------------------------------------------------------------------------
[INFO] BUILD SUCCESS
[INFO] ------------------------------------------------------------------------
[INFO] Total time:  01:14 min (Wall Clock)
[INFO] Finished at: 2026-07-20T01:25:21Z
[INFO] ------------------------------------------------------------------------
[INFO] Njord session closed
