# JMH version: 1.37
# VM version: JDK 26.0.1, OpenJDK 64-Bit Server VM, 26.0.1+8
# VM invoker: /opt/java/openjdk/bin/java
# VM options: --enable-preview --add-modules=jdk.incubator.vector -Dnitro.clickbench.hits.path= -Xmx12g -XX:+UseTransparentHugePages -Dnitro.tpcds.parquet.path=/root/data/tpcds-parquet-sf10 -Dnitro.tpcds.parquet.schema=sf10
# Blackhole mode: compiler (auto-detected, use -Djmh.blackhole.autoDetect=false to disable)
# Warmup: 10 iterations, 1 s each
# Measurement: 5 iterations, 1 s each
# Timeout: 30 min per iteration
# Threads: 1 thread, will synchronize iterations
# Benchmark mode: Average time, time/op
# Benchmark: org.weakref.nitro.tpcds.BenchmarkQueries.query66

# Run progress: 0.00% complete, ETA 00:03:00
# Fork: 1 of 3
# Preparing profilers: LinuxPerfNormProfiler 
# Profilers consume stderr from target VM, use -v EXTRA to copy to console
# Warmup Iteration   1: 368.575 ms/op
# Warmup Iteration   2: 195.634 ms/op
# Warmup Iteration   3: 190.252 ms/op
# Warmup Iteration   4: 189.005 ms/op
# Warmup Iteration   5: 188.089 ms/op
# Warmup Iteration   6: 187.625 ms/op
# Warmup Iteration   7: 187.430 ms/op
# Warmup Iteration   8: 186.865 ms/op
# Warmup Iteration   9: 186.216 ms/op
# Warmup Iteration  10: 186.868 ms/op
Iteration   1: 186.946 ms/op
                 gc.alloc.rate:      164.824 MB/sec
                 gc.alloc.rate.norm: 32314050.667 B/op
                 gc.count:           1.000 counts
                 gc.time:            ≈ 0 ms

Iteration   2: 186.335 ms/op
                 gc.alloc.rate:      165.350 MB/sec
                 gc.alloc.rate.norm: 32310970.667 B/op
                 gc.count:           1.000 counts
                 gc.time:            1.000 ms

Iteration   3: 189.526 ms/op
                 gc.alloc.rate:      162.555 MB/sec
                 gc.alloc.rate.norm: 32308948.000 B/op
                 gc.count:           ≈ 0 counts

Iteration   4: 185.625 ms/op
                 gc.alloc.rate:      165.962 MB/sec
                 gc.alloc.rate.norm: 32306826.667 B/op
                 gc.count:           1.000 counts
                 gc.time:            1.000 ms

Iteration   5: 185.884 ms/op
                 gc.alloc.rate:      165.724 MB/sec
                 gc.alloc.rate.norm: 32305558.667 B/op
                 gc.count:           1.000 counts
                 gc.time:            1.000 ms

# Processing profiler results: LinuxPerfNormProfiler 

# Run progress: 8.33% complete, ETA 00:03:08
# Fork: 2 of 3
# Preparing profilers: LinuxPerfNormProfiler 
# Profilers consume stderr from target VM, use -v EXTRA to copy to console
# Warmup Iteration   1: 378.228 ms/op
# Warmup Iteration   2: 194.968 ms/op
# Warmup Iteration   3: 192.196 ms/op
# Warmup Iteration   4: 191.293 ms/op
# Warmup Iteration   5: 190.744 ms/op
# Warmup Iteration   6: 187.773 ms/op
# Warmup Iteration   7: 187.365 ms/op
# Warmup Iteration   8: 189.144 ms/op
# Warmup Iteration   9: 187.091 ms/op
# Warmup Iteration  10: 186.632 ms/op
Iteration   1: 190.820 ms/op
                 gc.alloc.rate:      161.508 MB/sec
                 gc.alloc.rate.norm: 32320268.000 B/op
                 gc.count:           1.000 counts
                 gc.time:            ≈ 0 ms

Iteration   2: 186.992 ms/op
                 gc.alloc.rate:      164.802 MB/sec
                 gc.alloc.rate.norm: 32317100.000 B/op
                 gc.count:           1.000 counts
                 gc.time:            2.000 ms

Iteration   3: 186.527 ms/op
                 gc.alloc.rate:      165.203 MB/sec
                 gc.alloc.rate.norm: 32315512.000 B/op
                 gc.count:           1.000 counts
                 gc.time:            1.000 ms

Iteration   4: 187.801 ms/op
                 gc.alloc.rate:      164.066 MB/sec
                 gc.alloc.rate.norm: 32312788.000 B/op
                 gc.count:           1.000 counts
                 gc.time:            ≈ 0 ms

Iteration   5: 186.064 ms/op
                 gc.alloc.rate:      165.592 MB/sec
                 gc.alloc.rate.norm: 32311550.667 B/op
                 gc.count:           1.000 counts
                 gc.time:            1.000 ms

# Processing profiler results: LinuxPerfNormProfiler 

# Run progress: 16.67% complete, ETA 00:02:52
# Fork: 3 of 3
# Preparing profilers: LinuxPerfNormProfiler 
# Profilers consume stderr from target VM, use -v EXTRA to copy to console
# Warmup Iteration   1: 367.173 ms/op
# Warmup Iteration   2: 193.935 ms/op
# Warmup Iteration   3: 189.493 ms/op
# Warmup Iteration   4: 188.439 ms/op
# Warmup Iteration   5: 187.392 ms/op
# Warmup Iteration   6: 187.576 ms/op
# Warmup Iteration   7: 188.510 ms/op
# Warmup Iteration   8: 186.896 ms/op
# Warmup Iteration   9: 189.824 ms/op
# Warmup Iteration  10: 186.749 ms/op
Iteration   1: 186.182 ms/op
                 gc.alloc.rate:      164.952 MB/sec
                 gc.alloc.rate.norm: 32207074.667 B/op
                 gc.count:           1.000 counts
                 gc.time:            1.000 ms

Iteration   2: 186.143 ms/op
                 gc.alloc.rate:      164.973 MB/sec
                 gc.alloc.rate.norm: 32204018.667 B/op
                 gc.count:           1.000 counts
                 gc.time:            1.000 ms

Iteration   3: 185.687 ms/op
                 gc.alloc.rate:      165.368 MB/sec
                 gc.alloc.rate.norm: 32202461.333 B/op
                 gc.count:           1.000 counts
                 gc.time:            ≈ 0 ms

Iteration   4: 185.324 ms/op
                 gc.alloc.rate:      165.688 MB/sec
                 gc.alloc.rate.norm: 32201352.000 B/op
                 gc.count:           1.000 counts
                 gc.time:            1.000 ms

Iteration   5: 185.293 ms/op
                 gc.alloc.rate:      165.703 MB/sec
                 gc.alloc.rate.norm: 32198612.000 B/op
                 gc.count:           1.000 counts
                 gc.time:            ≈ 0 ms

# Processing profiler results: LinuxPerfNormProfiler 


Result "org.weakref.nitro.tpcds.BenchmarkQueries.query66":
  186.743 ±(99.9%) 1.670 ms/op [Average]
  (min, avg, max) = (185.293, 186.743, 190.820), stdev = 1.562
  CI (99.9%): [185.073, 188.413] (assumes normal distribution)

Secondary result "org.weakref.nitro.tpcds.BenchmarkQueries.query66:CPI":
  0.277 ±(99.9%) 0.022 clks/insn [Average]
  (min, avg, max) = (0.275, 0.277, 0.278), stdev = 0.001
  CI (99.9%): [0.255, 0.298] (assumes normal distribution)

Secondary result "org.weakref.nitro.tpcds.BenchmarkQueries.query66:IPC":
  3.616 ±(99.9%) 0.285 insns/clk [Average]
  (min, avg, max) = (3.601, 3.616, 3.632), stdev = 0.016
  CI (99.9%): [3.331, 3.901] (assumes normal distribution)

Secondary result "org.weakref.nitro.tpcds.BenchmarkQueries.query66:L1-dcache-load-misses":
  18232637.648 ±(99.9%) 3618673.817 #/op [Average]
  (min, avg, max) = (18075003.350, 18232637.648, 18455353.987), stdev = 198351.723
  CI (99.9%): [14613963.831, 21851311.465] (assumes normal distribution)

Secondary result "org.weakref.nitro.tpcds.BenchmarkQueries.query66:L1-dcache-loads":
  1697025061.817 ±(99.9%) 94597292.295 #/op [Average]
  (min, avg, max) = (1692626068.021, 1697025061.817, 1702742072.892), stdev = 5185196.795
  CI (99.9%): [1602427769.522, 1791622354.111] (assumes normal distribution)

Secondary result "org.weakref.nitro.tpcds.BenchmarkQueries.query66:branch-misses":
  9505467.040 ±(99.9%) 1198643.344 #/op [Average]
  (min, avg, max) = (9440687.837, 9505467.040, 9572053.903), stdev = 65701.686
  CI (99.9%): [8306823.697, 10704110.384] (assumes normal distribution)

Secondary result "org.weakref.nitro.tpcds.BenchmarkQueries.query66:branches":
  778042826.299 ±(99.9%) 53232945.787 #/op [Average]
  (min, avg, max) = (774897066.704, 778042826.299, 780660768.709), stdev = 2917877.385
  CI (99.9%): [724809880.512, 831275772.085] (assumes normal distribution)

Secondary result "org.weakref.nitro.tpcds.BenchmarkQueries.query66:cycles":
  1047856380.987 ±(99.9%) 162801344.769 #/op [Average]
  (min, avg, max) = (1042264284.525, 1047856380.987, 1058147668.035), stdev = 8923691.055
  CI (99.9%): [885055036.218, 1210657725.757] (assumes normal distribution)

Secondary result "org.weakref.nitro.tpcds.BenchmarkQueries.query66:dTLB-load-misses":
  91600.036 ±(99.9%) 13184.781 #/op [Average]
  (min, avg, max) = (90801.144, 91600.036, 92208.353), stdev = 722.702
  CI (99.9%): [78415.255, 104784.818] (assumes normal distribution)

Secondary result "org.weakref.nitro.tpcds.BenchmarkQueries.query66:dTLB-loads":
  700496.240 ±(99.9%) 631634.437 #/op [Average]
  (min, avg, max) = (664553.196, 700496.240, 733625.503), stdev = 34622.015
  CI (99.9%): [68861.802, 1332130.677] (assumes normal distribution)

Secondary result "org.weakref.nitro.tpcds.BenchmarkQueries.query66:gc.alloc.rate":
  164.818 ±(99.9%) 1.331 MB/sec [Average]
  (min, avg, max) = (161.508, 164.818, 165.962), stdev = 1.245
  CI (99.9%): [163.487, 166.148] (assumes normal distribution)

Secondary result "org.weakref.nitro.tpcds.BenchmarkQueries.query66:gc.alloc.rate.norm":
  32275806.133 ±(99.9%) 57363.457 B/op [Average]
  (min, avg, max) = (32198612.000, 32275806.133, 32320268.000), stdev = 53657.813
  CI (99.9%): [32218442.677, 32333169.590] (assumes normal distribution)

Secondary result "org.weakref.nitro.tpcds.BenchmarkQueries.query66:gc.count":
  14.000 ±(99.9%) 0.001 counts [Sum]
  (min, avg, max) = (≈ 0, 0.933, 1.000), stdev = 0.258
  CI (99.9%): [14.000, 14.000] (assumes normal distribution)

Secondary result "org.weakref.nitro.tpcds.BenchmarkQueries.query66:gc.time":
  10.000 ±(99.9%) 0.001 ms [Sum]
  (min, avg, max) = (≈ 0, 0.667, 2.000), stdev = 0.617
  CI (99.9%): [10.000, 10.000] (assumes normal distribution)

Secondary result "org.weakref.nitro.tpcds.BenchmarkQueries.query66:instructions":
  3789008770.202 ±(99.9%) 387712466.449 #/op [Average]
  (min, avg, max) = (3767808343.818, 3789008770.202, 3810311630.643), stdev = 21251828.563
  CI (99.9%): [3401296303.753, 4176721236.651] (assumes normal distribution)


# JMH version: 1.37
# VM version: JDK 26.0.1, OpenJDK 64-Bit Server VM, 26.0.1+8
# VM invoker: /opt/java/openjdk/bin/java
# VM options: --enable-preview --add-modules=jdk.incubator.vector -Dnitro.clickbench.hits.path= -Xmx12g -XX:+UseTransparentHugePages -Dnitro.tpcds.parquet.path=/root/data/tpcds-parquet-sf10 -Dnitro.tpcds.parquet.schema=sf10
# Blackhole mode: compiler (auto-detected, use -Djmh.blackhole.autoDetect=false to disable)
# Warmup: 10 iterations, 1 s each
# Measurement: 5 iterations, 1 s each
# Timeout: 30 min per iteration
# Threads: 1 thread, will synchronize iterations
# Benchmark mode: Average time, time/op
# Benchmark: org.weakref.nitro.tpcds.BenchmarkQueries.query76

# Run progress: 25.00% complete, ETA 00:02:34
# Fork: 1 of 3
# Preparing profilers: LinuxPerfNormProfiler 
# Profilers consume stderr from target VM, use -v EXTRA to copy to console
# Warmup Iteration   1: 693.760 ms/op
# Warmup Iteration   2: 418.653 ms/op
# Warmup Iteration   3: 409.288 ms/op
# Warmup Iteration   4: 406.884 ms/op
# Warmup Iteration   5: 405.905 ms/op
# Warmup Iteration   6: 407.434 ms/op
# Warmup Iteration   7: 403.730 ms/op
# Warmup Iteration   8: 404.537 ms/op
# Warmup Iteration   9: 406.804 ms/op
# Warmup Iteration  10: 403.643 ms/op
Iteration   1: 400.863 ms/op
                 gc.alloc.rate:      214.658 MB/sec
                 gc.alloc.rate.norm: 90241989.333 B/op
                 gc.count:           1.000 counts
                 gc.time:            1.000 ms

Iteration   2: 401.976 ms/op
                 gc.alloc.rate:      214.062 MB/sec
                 gc.alloc.rate.norm: 90237448.000 B/op
                 gc.count:           1.000 counts
                 gc.time:            1.000 ms

Iteration   3: 402.449 ms/op
                 gc.alloc.rate:      213.810 MB/sec
                 gc.alloc.rate.norm: 90239362.667 B/op
                 gc.count:           1.000 counts
                 gc.time:            1.000 ms

Iteration   4: 402.540 ms/op
                 gc.alloc.rate:      213.764 MB/sec
                 gc.alloc.rate.norm: 90237437.333 B/op
                 gc.count:           1.000 counts
                 gc.time:            1.000 ms

Iteration   5: 401.689 ms/op
                 gc.alloc.rate:      214.200 MB/sec
                 gc.alloc.rate.norm: 90230546.667 B/op
                 gc.count:           2.000 counts
                 gc.time:            1.000 ms

# Processing profiler results: LinuxPerfNormProfiler 

# Run progress: 33.33% complete, ETA 00:02:20
# Fork: 2 of 3
# Preparing profilers: LinuxPerfNormProfiler 
# Profilers consume stderr from target VM, use -v EXTRA to copy to console
# Warmup Iteration   1: 683.256 ms/op
# Warmup Iteration   2: 417.808 ms/op
# Warmup Iteration   3: 411.143 ms/op
# Warmup Iteration   4: 410.839 ms/op
# Warmup Iteration   5: 408.062 ms/op
# Warmup Iteration   6: 404.667 ms/op
# Warmup Iteration   7: 404.760 ms/op
# Warmup Iteration   8: 410.331 ms/op
# Warmup Iteration   9: 408.363 ms/op
# Warmup Iteration  10: 408.923 ms/op
Iteration   1: 404.047 ms/op
                 gc.alloc.rate:      211.706 MB/sec
                 gc.alloc.rate.norm: 89706781.333 B/op
                 gc.count:           11.000 counts
                 gc.time:            9.000 ms

Iteration   2: 404.643 ms/op
                 gc.alloc.rate:      211.387 MB/sec
                 gc.alloc.rate.norm: 89702240.000 B/op
                 gc.count:           14.000 counts
                 gc.time:            11.000 ms

Iteration   3: 403.943 ms/op
                 gc.alloc.rate:      211.759 MB/sec
                 gc.alloc.rate.norm: 89704058.667 B/op
                 gc.count:           10.000 counts
                 gc.time:            8.000 ms

Iteration   4: 407.646 ms/op
                 gc.alloc.rate:      209.832 MB/sec
                 gc.alloc.rate.norm: 89702085.333 B/op
                 gc.count:           11.000 counts
                 gc.time:            8.000 ms

Iteration   5: 407.944 ms/op
                 gc.alloc.rate:      209.659 MB/sec
                 gc.alloc.rate.norm: 89695194.667 B/op
                 gc.count:           14.000 counts
                 gc.time:            9.000 ms

# Processing profiler results: LinuxPerfNormProfiler 

# Run progress: 41.67% complete, ETA 00:02:04
# Fork: 3 of 3
# Preparing profilers: LinuxPerfNormProfiler 
# Profilers consume stderr from target VM, use -v EXTRA to copy to console
# Warmup Iteration   1: 673.744 ms/op
# Warmup Iteration   2: 412.681 ms/op
# Warmup Iteration   3: 407.221 ms/op
# Warmup Iteration   4: 404.085 ms/op
# Warmup Iteration   5: 402.016 ms/op
# Warmup Iteration   6: 400.323 ms/op
# Warmup Iteration   7: 396.820 ms/op
# Warmup Iteration   8: 400.355 ms/op
# Warmup Iteration   9: 401.564 ms/op
# Warmup Iteration  10: 398.278 ms/op
Iteration   1: 401.002 ms/op
                 gc.alloc.rate:      215.268 MB/sec
                 gc.alloc.rate.norm: 90526325.333 B/op
                 gc.count:           4.000 counts
                 gc.time:            2.000 ms

Iteration   2: 398.382 ms/op
                 gc.alloc.rate:      216.674 MB/sec
                 gc.alloc.rate.norm: 90521784.000 B/op
                 gc.count:           1.000 counts
                 gc.time:            2.000 ms

Iteration   3: 400.530 ms/op
                 gc.alloc.rate:      215.515 MB/sec
                 gc.alloc.rate.norm: 90523728.000 B/op
                 gc.count:           1.000 counts
                 gc.time:            1.000 ms

Iteration   4: 398.132 ms/op
                 gc.alloc.rate:      216.811 MB/sec
                 gc.alloc.rate.norm: 90521784.000 B/op
                 gc.count:           1.000 counts
                 gc.time:            1.000 ms

Iteration   5: 398.034 ms/op
                 gc.alloc.rate:      216.847 MB/sec
                 gc.alloc.rate.norm: 90514882.667 B/op
                 gc.count:           1.000 counts
                 gc.time:            ≈ 0 ms

# Processing profiler results: LinuxPerfNormProfiler 


Result "org.weakref.nitro.tpcds.BenchmarkQueries.query76":
  402.255 ±(99.9%) 3.258 ms/op [Average]
  (min, avg, max) = (398.034, 402.255, 407.944), stdev = 3.047
  CI (99.9%): [398.997, 405.512] (assumes normal distribution)

Secondary result "org.weakref.nitro.tpcds.BenchmarkQueries.query76:CPI":
  0.268 ±(99.9%) 0.070 clks/insn [Average]
  (min, avg, max) = (0.264, 0.268, 0.272), stdev = 0.004
  CI (99.9%): [0.199, 0.338] (assumes normal distribution)

Secondary result "org.weakref.nitro.tpcds.BenchmarkQueries.query76:IPC":
  3.730 ±(99.9%) 0.971 insns/clk [Average]
  (min, avg, max) = (3.682, 3.730, 3.787), stdev = 0.053
  CI (99.9%): [2.760, 4.701] (assumes normal distribution)

Secondary result "org.weakref.nitro.tpcds.BenchmarkQueries.query76:L1-dcache-load-misses":
  167458463.397 ±(99.9%) 27907726.251 #/op [Average]
  (min, avg, max) = (166398498.961, 167458463.397, 169212124.316), stdev = 1529716.646
  CI (99.9%): [139550737.145, 195366189.648] (assumes normal distribution)

Secondary result "org.weakref.nitro.tpcds.BenchmarkQueries.query76:L1-dcache-loads":
  3539412051.050 ±(99.9%) 1371784335.518 #/op [Average]
  (min, avg, max) = (3452623355.369, 3539412051.050, 3584962294.547), stdev = 75192128.309
  CI (99.9%): [2167627715.532, 4911196386.567] (assumes normal distribution)

Secondary result "org.weakref.nitro.tpcds.BenchmarkQueries.query76:branch-misses":
  12935847.990 ±(99.9%) 4292334.776 #/op [Average]
  (min, avg, max) = (12747481.610, 12935847.990, 13199571.774), stdev = 235277.353
  CI (99.9%): [8643513.214, 17228182.766] (assumes normal distribution)

Secondary result "org.weakref.nitro.tpcds.BenchmarkQueries.query76:branches":
  1522436535.128 ±(99.9%) 287369177.818 #/op [Average]
  (min, avg, max) = (1504919480.343, 1522436535.128, 1535435326.383), stdev = 15751674.320
  CI (99.9%): [1235067357.311, 1809805712.946] (assumes normal distribution)

Secondary result "org.weakref.nitro.tpcds.BenchmarkQueries.query76:cycles":
  2147761458.893 ±(99.9%) 686041722.222 #/op [Average]
  (min, avg, max) = (2122303625.131, 2147761458.893, 2190953542.485), stdev = 37604261.739
  CI (99.9%): [1461719736.671, 2833803181.114] (assumes normal distribution)

Secondary result "org.weakref.nitro.tpcds.BenchmarkQueries.query76:dTLB-load-misses":
  157269.029 ±(99.9%) 146195.251 #/op [Average]
  (min, avg, max) = (151593.621, 157269.029, 166435.854), stdev = 8013.455
  CI (99.9%): [11073.779, 303464.280] (assumes normal distribution)

Secondary result "org.weakref.nitro.tpcds.BenchmarkQueries.query76:dTLB-loads":
  1461287.783 ±(99.9%) 1635140.789 #/op [Average]
  (min, avg, max) = (1365384.468, 1461287.783, 1542929.490), stdev = 89627.584
  CI (99.9%): [≈ 0, 3096428.572] (assumes normal distribution)

Secondary result "org.weakref.nitro.tpcds.BenchmarkQueries.query76:gc.alloc.rate":
  213.730 ±(99.9%) 2.553 MB/sec [Average]
  (min, avg, max) = (209.659, 213.730, 216.847), stdev = 2.388
  CI (99.9%): [211.177, 216.283] (assumes normal distribution)

Secondary result "org.weakref.nitro.tpcds.BenchmarkQueries.query76:gc.alloc.rate.norm":
  90153709.867 ±(99.9%) 376039.800 B/op [Average]
  (min, avg, max) = (89695194.667, 90153709.867, 90526325.333), stdev = 351747.862
  CI (99.9%): [89777670.067, 90529749.667] (assumes normal distribution)

Secondary result "org.weakref.nitro.tpcds.BenchmarkQueries.query76:gc.count":
  74.000 ±(99.9%) 0.001 counts [Sum]
  (min, avg, max) = (1.000, 4.933, 14.000), stdev = 5.325
  CI (99.9%): [74.000, 74.000] (assumes normal distribution)

Secondary result "org.weakref.nitro.tpcds.BenchmarkQueries.query76:gc.time":
  56.000 ±(99.9%) 0.001 ms [Sum]
  (min, avg, max) = (≈ 0, 3.733, 11.000), stdev = 3.936
  CI (99.9%): [56.000, 56.000] (assumes normal distribution)

Secondary result "org.weakref.nitro.tpcds.BenchmarkQueries.query76:instructions":
  8010282024.777 ±(99.9%) 1813374129.863 #/op [Average]
  (min, avg, max) = (7895508634.892, 8010282024.777, 8067978809.530), stdev = 99397155.015
  CI (99.9%): [6196907894.914, 9823656154.640] (assumes normal distribution)


# JMH version: 1.37
# VM version: JDK 26.0.1, OpenJDK 64-Bit Server VM, 26.0.1+8
# VM invoker: /opt/java/openjdk/bin/java
# VM options: --enable-preview --add-modules=jdk.incubator.vector -Dnitro.clickbench.hits.path= -Xmx12g -XX:+UseTransparentHugePages -Dnitro.tpcds.parquet.path=/root/data/tpcds-parquet-sf10 -Dnitro.tpcds.parquet.schema=sf10
# Blackhole mode: compiler (auto-detected, use -Djmh.blackhole.autoDetect=false to disable)
# Warmup: 10 iterations, 1 s each
# Measurement: 5 iterations, 1 s each
# Timeout: 30 min per iteration
# Threads: 1 thread, will synchronize iterations
# Benchmark mode: Average time, time/op
# Benchmark: org.weakref.trino.tpcds.BenchmarkQueries.query66

# Run progress: 50.00% complete, ETA 00:01:47
# Fork: 1 of 3
# Preparing profilers: LinuxPerfNormProfiler 
# Profilers consume stderr from target VM, use -v EXTRA to copy to console
# Warmup Iteration   1: 3433.731 ms/op
# Warmup Iteration   2: 2776.227 ms/op
# Warmup Iteration   3: 3739.544 ms/op
# Warmup Iteration   4: 2708.254 ms/op
# Warmup Iteration   5: 2688.376 ms/op
# Warmup Iteration   6: 2677.933 ms/op
# Warmup Iteration   7: 2686.953 ms/op
# Warmup Iteration   8: 2674.282 ms/op
# Warmup Iteration   9: 2706.005 ms/op
# Warmup Iteration  10: 2678.527 ms/op
Iteration   1: 2662.644 ms/op
                 gc.alloc.rate:      4094.760 MB/sec
                 gc.alloc.rate.norm: 11432855296.000 B/op
                 gc.count:           5.000 counts
                 gc.time:            13.000 ms

Iteration   2: 2668.303 ms/op
                 gc.alloc.rate:      4086.035 MB/sec
                 gc.alloc.rate.norm: 11432777712.000 B/op
                 gc.count:           6.000 counts
                 gc.time:            16.000 ms

Iteration   3: 2682.321 ms/op
                 gc.alloc.rate:      4064.609 MB/sec
                 gc.alloc.rate.norm: 11432628712.000 B/op
                 gc.count:           7.000 counts
                 gc.time:            18.000 ms

Iteration   4: 2660.770 ms/op
                 gc.alloc.rate:      4097.477 MB/sec
                 gc.alloc.rate.norm: 11432438192.000 B/op
                 gc.count:           6.000 counts
                 gc.time:            15.000 ms

Iteration   5: 2701.403 ms/op
                 gc.alloc.rate:      4034.080 MB/sec
                 gc.alloc.rate.norm: 11432546520.000 B/op
                 gc.count:           9.000 counts
                 gc.time:            41.000 ms

# Processing profiler results: LinuxPerfNormProfiler 

# Run progress: 58.33% complete, ETA 00:01:47
# Fork: 2 of 3
# Preparing profilers: LinuxPerfNormProfiler 
# Profilers consume stderr from target VM, use -v EXTRA to copy to console
# Warmup Iteration   1: 3414.866 ms/op
# Warmup Iteration   2: 2764.214 ms/op
# Warmup Iteration   3: 3886.131 ms/op
# Warmup Iteration   4: 2697.433 ms/op
# Warmup Iteration   5: 2681.029 ms/op
# Warmup Iteration   6: 2669.880 ms/op
# Warmup Iteration   7: 2677.149 ms/op
# Warmup Iteration   8: 2661.158 ms/op
# Warmup Iteration   9: 2687.108 ms/op
# Warmup Iteration  10: 2677.406 ms/op
Iteration   1: 2662.047 ms/op
                 gc.alloc.rate:      4095.846 MB/sec
                 gc.alloc.rate.norm: 11433344680.000 B/op
                 gc.count:           6.000 counts
                 gc.time:            15.000 ms

Iteration   2: 2665.588 ms/op
                 gc.alloc.rate:      4090.366 MB/sec
                 gc.alloc.rate.norm: 11433216352.000 B/op
                 gc.count:           6.000 counts
                 gc.time:            15.000 ms

Iteration   3: 2760.037 ms/op
                 gc.alloc.rate:      3950.352 MB/sec
                 gc.alloc.rate.norm: 11433111736.000 B/op
                 gc.count:           6.000 counts
                 gc.time:            16.000 ms

Iteration   4: 2659.281 ms/op
                 gc.alloc.rate:      4099.937 MB/sec
                 gc.alloc.rate.norm: 11432854680.000 B/op
                 gc.count:           7.000 counts
                 gc.time:            18.000 ms

Iteration   5: 2693.775 ms/op
                 gc.alloc.rate:      4044.415 MB/sec
                 gc.alloc.rate.norm: 11433048576.000 B/op
                 gc.count:           10.000 counts
                 gc.time:            42.000 ms

# Processing profiler results: LinuxPerfNormProfiler 

# Run progress: 66.67% complete, ETA 00:01:36
# Fork: 3 of 3
# Preparing profilers: LinuxPerfNormProfiler 
# Profilers consume stderr from target VM, use -v EXTRA to copy to console
# Warmup Iteration   1: 3384.939 ms/op
# Warmup Iteration   2: 2845.399 ms/op
# Warmup Iteration   3: 2749.359 ms/op
# Warmup Iteration   4: 2689.389 ms/op
# Warmup Iteration   5: 2691.205 ms/op
# Warmup Iteration   6: 2677.648 ms/op
# Warmup Iteration   7: 2682.668 ms/op
# Warmup Iteration   8: 2660.659 ms/op
# Warmup Iteration   9: 2788.139 ms/op
# Warmup Iteration  10: 2652.935 ms/op
Iteration   1: 2677.252 ms/op
                 gc.alloc.rate:      4072.547 MB/sec
                 gc.alloc.rate.norm: 11433191768.000 B/op
                 gc.count:           8.000 counts
                 gc.time:            17.000 ms

Iteration   2: 2660.248 ms/op
                 gc.alloc.rate:      4098.496 MB/sec
                 gc.alloc.rate.norm: 11433064784.000 B/op
                 gc.count:           7.000 counts
                 gc.time:            16.000 ms

Iteration   3: 2655.553 ms/op
                 gc.alloc.rate:      4105.711 MB/sec
                 gc.alloc.rate.norm: 11432947504.000 B/op
                 gc.count:           8.000 counts
                 gc.time:            19.000 ms

Iteration   4: 2655.219 ms/op
                 gc.alloc.rate:      4106.148 MB/sec
                 gc.alloc.rate.norm: 11432731360.000 B/op
                 gc.count:           8.000 counts
                 gc.time:            19.000 ms

Iteration   5: 2681.494 ms/op
                 gc.alloc.rate:      4063.891 MB/sec
                 gc.alloc.rate.norm: 11432757000.000 B/op
                 gc.count:           11.000 counts
                 gc.time:            41.000 ms

# Processing profiler results: LinuxPerfNormProfiler 


Result "org.weakref.trino.tpcds.BenchmarkQueries.query66":
  2676.396 ±(99.9%) 28.917 ms/op [Average]
  (min, avg, max) = (2655.219, 2676.396, 2760.037), stdev = 27.049
  CI (99.9%): [2647.479, 2705.313] (assumes normal distribution)

Secondary result "org.weakref.trino.tpcds.BenchmarkQueries.query66:CPI":
  0.315 ±(99.9%) 0.029 clks/insn [Average]
  (min, avg, max) = (0.313, 0.315, 0.316), stdev = 0.002
  CI (99.9%): [0.286, 0.343] (assumes normal distribution)

Secondary result "org.weakref.trino.tpcds.BenchmarkQueries.query66:IPC":
  3.179 ±(99.9%) 0.289 insns/clk [Average]
  (min, avg, max) = (3.162, 3.179, 3.194), stdev = 0.016
  CI (99.9%): [2.890, 3.468] (assumes normal distribution)

Secondary result "org.weakref.trino.tpcds.BenchmarkQueries.query66:L1-dcache-load-misses":
  1001515047.225 ±(99.9%) 672269950.600 #/op [Average]
  (min, avg, max) = (970460088.086, 1001515047.225, 1042233185.185), stdev = 36849384.466
  CI (99.9%): [329245096.625, 1673784997.824] (assumes normal distribution)

Secondary result "org.weakref.trino.tpcds.BenchmarkQueries.query66:L1-dcache-loads":
  41635112032.360 ±(99.9%) 16123903978.380 #/op [Average]
  (min, avg, max) = (40887262810.229, 41635112032.360, 42610412954.334), stdev = 883805584.732
  CI (99.9%): [25511208053.979, 57759016010.740] (assumes normal distribution)

Secondary result "org.weakref.trino.tpcds.BenchmarkQueries.query66:branch-misses":
  212173503.434 ±(99.9%) 59249555.353 #/op [Average]
  (min, avg, max) = (208584921.201, 212173503.434, 214910612.657), stdev = 3247668.058
  CI (99.9%): [152923948.081, 271423058.787] (assumes normal distribution)

Secondary result "org.weakref.trino.tpcds.BenchmarkQueries.query66:branches":
  18185333951.191 ±(99.9%) 10596746037.712 #/op [Average]
  (min, avg, max) = (17741894920.993, 18185333951.191, 18842829135.465), stdev = 580843407.445
  CI (99.9%): [7588587913.479, 28782079988.903] (assumes normal distribution)

Secondary result "org.weakref.trino.tpcds.BenchmarkQueries.query66:cycles":
  29287095223.751 ±(99.9%) 11412005247.868 #/op [Average]
  (min, avg, max) = (28730072294.066, 29287095223.751, 29963830894.229), stdev = 625530515.723
  CI (99.9%): [17875089975.883, 40699100471.620] (assumes normal distribution)

Secondary result "org.weakref.trino.tpcds.BenchmarkQueries.query66:dTLB-load-misses":
  3625585.066 ±(99.9%) 21395464.278 #/op [Average]
  (min, avg, max) = (2273730.232, 3625585.066, 4370263.868), stdev = 1172757.593
  CI (99.9%): [≈ 0, 25021049.344] (assumes normal distribution)

Secondary result "org.weakref.trino.tpcds.BenchmarkQueries.query66:dTLB-loads":
  79976372.329 ±(99.9%) 115286680.925 #/op [Average]
  (min, avg, max) = (75032272.598, 79976372.329, 87095986.526), stdev = 6319251.999
  CI (99.9%): [≈ 0, 195263053.254] (assumes normal distribution)

Secondary result "org.weakref.trino.tpcds.BenchmarkQueries.query66:gc.alloc.rate":
  4073.645 ±(99.9%) 43.456 MB/sec [Average]
  (min, avg, max) = (3950.352, 4073.645, 4106.148), stdev = 40.649
  CI (99.9%): [4030.189, 4117.101] (assumes normal distribution)

Secondary result "org.weakref.trino.tpcds.BenchmarkQueries.query66:gc.alloc.rate.norm":
  11432900991.467 ±(99.9%) 279793.697 B/op [Average]
  (min, avg, max) = (11432438192.000, 11432900991.467, 11433344680.000), stdev = 261719.198
  CI (99.9%): [11432621197.769, 11433180785.164] (assumes normal distribution)

Secondary result "org.weakref.trino.tpcds.BenchmarkQueries.query66:gc.count":
  110.000 ±(99.9%) 0.001 counts [Sum]
  (min, avg, max) = (5.000, 7.333, 11.000), stdev = 1.676
  CI (99.9%): [110.000, 110.000] (assumes normal distribution)

Secondary result "org.weakref.trino.tpcds.BenchmarkQueries.query66:gc.time":
  321.000 ±(99.9%) 0.001 ms [Sum]
  (min, avg, max) = (13.000, 21.400, 42.000), stdev = 10.446
  CI (99.9%): [321.000, 321.000] (assumes normal distribution)

Secondary result "org.weakref.trino.tpcds.BenchmarkQueries.query66:instructions":
  93100919800.002 ±(99.9%) 41751054113.649 #/op [Average]
  (min, avg, max) = (91374102136.015, 93100919800.002, 95696633967.275), stdev = 2288516158.591
  CI (99.9%): [51349865686.353, 134851973913.650] (assumes normal distribution)


# JMH version: 1.37
# VM version: JDK 26.0.1, OpenJDK 64-Bit Server VM, 26.0.1+8
# VM invoker: /opt/java/openjdk/bin/java
# VM options: --enable-preview --add-modules=jdk.incubator.vector -Dnitro.clickbench.hits.path= -Xmx12g -XX:+UseTransparentHugePages -Dnitro.tpcds.parquet.path=/root/data/tpcds-parquet-sf10 -Dnitro.tpcds.parquet.schema=sf10
# Blackhole mode: compiler (auto-detected, use -Djmh.blackhole.autoDetect=false to disable)
# Warmup: 10 iterations, 1 s each
# Measurement: 5 iterations, 1 s each
# Timeout: 30 min per iteration
# Threads: 1 thread, will synchronize iterations
# Benchmark mode: Average time, time/op
# Benchmark: org.weakref.trino.tpcds.BenchmarkQueries.query76

# Run progress: 75.00% complete, ETA 00:01:18
# Fork: 1 of 3
# Preparing profilers: LinuxPerfNormProfiler 
# Profilers consume stderr from target VM, use -v EXTRA to copy to console
# Warmup Iteration   1: 1441.425 ms/op
# Warmup Iteration   2: 811.214 ms/op
# Warmup Iteration   3: 777.458 ms/op
# Warmup Iteration   4: 774.852 ms/op
# Warmup Iteration   5: 774.181 ms/op
# Warmup Iteration   6: 772.542 ms/op
# Warmup Iteration   7: 767.792 ms/op
# Warmup Iteration   8: 773.278 ms/op
# Warmup Iteration   9: 1333.462 ms/op
# Warmup Iteration  10: 1086.233 ms/op
Iteration   1: 763.172 ms/op
                 gc.alloc.rate:      5800.350 MB/sec
                 gc.alloc.rate.norm: 4641983356.000 B/op
                 gc.count:           4.000 counts
                 gc.time:            6.000 ms

Iteration   2: 768.640 ms/op
                 gc.alloc.rate:      5759.012 MB/sec
                 gc.alloc.rate.norm: 4641958016.000 B/op
                 gc.count:           4.000 counts
                 gc.time:            6.000 ms

Iteration   3: 763.115 ms/op
                 gc.alloc.rate:      5800.739 MB/sec
                 gc.alloc.rate.norm: 4641958980.000 B/op
                 gc.count:           5.000 counts
                 gc.time:            7.000 ms

Iteration   4: 762.617 ms/op
                 gc.alloc.rate:      5804.557 MB/sec
                 gc.alloc.rate.norm: 4641942448.000 B/op
                 gc.count:           5.000 counts
                 gc.time:            9.000 ms

Iteration   5: 761.379 ms/op
                 gc.alloc.rate:      5806.955 MB/sec
                 gc.alloc.rate.norm: 4641996064.000 B/op
                 gc.count:           4.000 counts
                 gc.time:            5.000 ms

# Processing profiler results: LinuxPerfNormProfiler 

# Run progress: 83.33% complete, ETA 00:00:51
# Fork: 2 of 3
# Preparing profilers: LinuxPerfNormProfiler 
# Profilers consume stderr from target VM, use -v EXTRA to copy to console
# Warmup Iteration   1: 1489.991 ms/op
# Warmup Iteration   2: 810.569 ms/op
# Warmup Iteration   3: 772.093 ms/op
# Warmup Iteration   4: 763.031 ms/op
# Warmup Iteration   5: 758.273 ms/op
# Warmup Iteration   6: 763.671 ms/op
# Warmup Iteration   7: 752.555 ms/op
# Warmup Iteration   8: 763.977 ms/op
# Warmup Iteration   9: 1385.598 ms/op
# Warmup Iteration  10: 1737.760 ms/op
Iteration   1: 753.516 ms/op
                 gc.alloc.rate:      5874.995 MB/sec
                 gc.alloc.rate.norm: 4642205836.000 B/op
                 gc.count:           3.000 counts
                 gc.time:            4.000 ms

Iteration   2: 754.859 ms/op
                 gc.alloc.rate:      5864.413 MB/sec
                 gc.alloc.rate.norm: 4642179840.000 B/op
                 gc.count:           4.000 counts
                 gc.time:            6.000 ms

Iteration   3: 752.227 ms/op
                 gc.alloc.rate:      5884.937 MB/sec
                 gc.alloc.rate.norm: 4642178376.000 B/op
                 gc.count:           4.000 counts
                 gc.time:            7.000 ms

Iteration   4: 748.156 ms/op
                 gc.alloc.rate:      5916.998 MB/sec
                 gc.alloc.rate.norm: 4642156980.000 B/op
                 gc.count:           3.000 counts
                 gc.time:            4.000 ms

Iteration   5: 749.647 ms/op
                 gc.alloc.rate:      5897.896 MB/sec
                 gc.alloc.rate.norm: 4642218648.000 B/op
                 gc.count:           4.000 counts
                 gc.time:            7.000 ms

# Processing profiler results: LinuxPerfNormProfiler 

# Run progress: 91.67% complete, ETA 00:00:25
# Fork: 3 of 3
# Preparing profilers: LinuxPerfNormProfiler 
# Profilers consume stderr from target VM, use -v EXTRA to copy to console
# Warmup Iteration   1: 1470.250 ms/op
# Warmup Iteration   2: 810.433 ms/op
# Warmup Iteration   3: 792.980 ms/op
# Warmup Iteration   4: 783.476 ms/op
# Warmup Iteration   5: 780.896 ms/op
# Warmup Iteration   6: 775.307 ms/op
# Warmup Iteration   7: 774.362 ms/op
# Warmup Iteration   8: 781.848 ms/op
# Warmup Iteration   9: 1588.610 ms/op
# Warmup Iteration  10: 1192.267 ms/op
Iteration   1: 776.934 ms/op
                 gc.alloc.rate:      5699.307 MB/sec
                 gc.alloc.rate.norm: 4643330312.000 B/op
                 gc.count:           4.000 counts
                 gc.time:            6.000 ms

Iteration   2: 779.141 ms/op
                 gc.alloc.rate:      5683.143 MB/sec
                 gc.alloc.rate.norm: 4643305344.000 B/op
                 gc.count:           4.000 counts
                 gc.time:            5.000 ms

Iteration   3: 775.203 ms/op
                 gc.alloc.rate:      5711.922 MB/sec
                 gc.alloc.rate.norm: 4643302840.000 B/op
                 gc.count:           4.000 counts
                 gc.time:            7.000 ms

Iteration   4: 771.811 ms/op
                 gc.alloc.rate:      5736.969 MB/sec
                 gc.alloc.rate.norm: 4643281604.000 B/op
                 gc.count:           4.000 counts
                 gc.time:            5.000 ms

Iteration   5: 773.232 ms/op
                 gc.alloc.rate:      5719.684 MB/sec
                 gc.alloc.rate.norm: 4643343260.000 B/op
                 gc.count:           4.000 counts
                 gc.time:            7.000 ms

# Processing profiler results: LinuxPerfNormProfiler 


Result "org.weakref.trino.tpcds.BenchmarkQueries.query76":
  763.577 ±(99.9%) 11.016 ms/op [Average]
  (min, avg, max) = (748.156, 763.577, 779.141), stdev = 10.304
  CI (99.9%): [752.561, 774.592] (assumes normal distribution)

Secondary result "org.weakref.trino.tpcds.BenchmarkQueries.query76:CPI":
  0.362 ±(99.9%) 0.018 clks/insn [Average]
  (min, avg, max) = (0.361, 0.362, 0.363), stdev = 0.001
  CI (99.9%): [0.344, 0.380] (assumes normal distribution)

Secondary result "org.weakref.trino.tpcds.BenchmarkQueries.query76:IPC":
  2.763 ±(99.9%) 0.137 insns/clk [Average]
  (min, avg, max) = (2.754, 2.763, 2.768), stdev = 0.008
  CI (99.9%): [2.626, 2.900] (assumes normal distribution)

Secondary result "org.weakref.trino.tpcds.BenchmarkQueries.query76:L1-dcache-load-misses":
  326612052.260 ±(99.9%) 16098698.651 #/op [Average]
  (min, avg, max) = (325683409.339, 326612052.260, 327439538.769), stdev = 882423.996
  CI (99.9%): [310513353.610, 342710750.911] (assumes normal distribution)

Secondary result "org.weakref.trino.tpcds.BenchmarkQueries.query76:L1-dcache-loads":
  8226502450.312 ±(99.9%) 2044782401.602 #/op [Average]
  (min, avg, max) = (8099769143.895, 8226502450.312, 8312590177.861), stdev = 112081423.241
  CI (99.9%): [6181720048.709, 10271284851.914] (assumes normal distribution)

Secondary result "org.weakref.trino.tpcds.BenchmarkQueries.query76:branch-misses":
  44758403.795 ±(99.9%) 6142886.399 #/op [Average]
  (min, avg, max) = (44453737.257, 44758403.795, 45119923.392), stdev = 336712.332
  CI (99.9%): [38615517.395, 50901290.194] (assumes normal distribution)

Secondary result "org.weakref.trino.tpcds.BenchmarkQueries.query76:branches":
  3360079727.053 ±(99.9%) 126960250.945 #/op [Average]
  (min, avg, max) = (3352128455.856, 3360079727.053, 3365061500.134), stdev = 6959119.762
  CI (99.9%): [3233119476.108, 3487039977.999] (assumes normal distribution)

Secondary result "org.weakref.trino.tpcds.BenchmarkQueries.query76:cycles":
  6378123648.513 ±(99.9%) 642221330.145 #/op [Average]
  (min, avg, max) = (6344254075.728, 6378123648.513, 6414522304.897), stdev = 35202318.184
  CI (99.9%): [5735902318.368, 7020344978.658] (assumes normal distribution)

Secondary result "org.weakref.trino.tpcds.BenchmarkQueries.query76:dTLB-load-misses":
  1338846.366 ±(99.9%) 4360006.478 #/op [Average]
  (min, avg, max) = (1082059.406, 1338846.366, 1554761.101), stdev = 238986.667
  CI (99.9%): [≈ 0, 5698852.844] (assumes normal distribution)

Secondary result "org.weakref.trino.tpcds.BenchmarkQueries.query76:dTLB-loads":
  22165089.596 ±(99.9%) 40108129.306 #/op [Average]
  (min, avg, max) = (19744542.487, 22165089.596, 24037895.054), stdev = 2198461.906
  CI (99.9%): [≈ 0, 62273218.903] (assumes normal distribution)

Secondary result "org.weakref.trino.tpcds.BenchmarkQueries.query76:gc.alloc.rate":
  5797.458 ±(99.9%) 82.754 MB/sec [Average]
  (min, avg, max) = (5683.143, 5797.458, 5916.998), stdev = 77.408
  CI (99.9%): [5714.704, 5880.213] (assumes normal distribution)

Secondary result "org.weakref.trino.tpcds.BenchmarkQueries.query76:gc.alloc.rate.norm":
  4642489460.267 ±(99.9%) 652187.059 B/op [Average]
  (min, avg, max) = (4641942448.000, 4642489460.267, 4643343260.000), stdev = 610056.179
  CI (99.9%): [4641837273.208, 4643141647.325] (assumes normal distribution)

Secondary result "org.weakref.trino.tpcds.BenchmarkQueries.query76:gc.count":
  60.000 ±(99.9%) 0.001 counts [Sum]
  (min, avg, max) = (3.000, 4.000, 5.000), stdev = 0.535
  CI (99.9%): [60.000, 60.000] (assumes normal distribution)

Secondary result "org.weakref.trino.tpcds.BenchmarkQueries.query76:gc.time":
  91.000 ±(99.9%) 0.001 ms [Sum]
  (min, avg, max) = (4.000, 6.067, 9.000), stdev = 1.335
  CI (99.9%): [91.000, 91.000] (assumes normal distribution)

Secondary result "org.weakref.trino.tpcds.BenchmarkQueries.query76:instructions":
  17621970280.662 ±(99.9%) 2517449251.813 #/op [Average]
  (min, avg, max) = (17473349137.144, 17621970280.662, 17746030485.908), stdev = 137989888.244
  CI (99.9%): [15104521028.849, 20139419532.475] (assumes normal distribution)


# Run complete. Total time: 00:05:07

REMEMBER: The numbers below are just data. To gain reusable insights, you need to follow up on
why the numbers are the way they are. Use profilers (see -prof, -lprof), design factorial
experiments, perform baseline and negative tests that provide experimental control, make sure
the benchmarking environment is safe on JVM/OS/HW level, ask for reviews from the domain experts.
Do not assume the numbers tell you what you want them to tell.

NOTE: Current JVM experimentally supports Compiler Blackholes, and they are in use. Please exercise
extra caution when trusting the results, look into the generated code to check the benchmark still
works, and factor in a small probability of new VM bugs. Additionally, while comparisons between
different JVMs are already problematic, the performance difference caused by different Blackhole
modes can be very significant. Please make sure you use the consistent Blackhole mode for comparisons.

Benchmark                                                       Mode  Cnt            Score             Error      Units
o.w.nitro.tpcds.BenchmarkQueries.query66                        avgt   15          186.743 ±           1.670      ms/op
o.w.nitro.tpcds.BenchmarkQueries.query66:CPI                    avgt    3            0.277 ±           0.022  clks/insn
o.w.nitro.tpcds.BenchmarkQueries.query66:IPC                    avgt    3            3.616 ±           0.285  insns/clk
o.w.nitro.tpcds.BenchmarkQueries.query66:L1-dcache-load-misses  avgt    3     18232637.648 ±     3618673.817       #/op
o.w.nitro.tpcds.BenchmarkQueries.query66:L1-dcache-loads        avgt    3   1697025061.817 ±    94597292.295       #/op
o.w.nitro.tpcds.BenchmarkQueries.query66:branch-misses          avgt    3      9505467.040 ±     1198643.344       #/op
o.w.nitro.tpcds.BenchmarkQueries.query66:branches               avgt    3    778042826.299 ±    53232945.787       #/op
o.w.nitro.tpcds.BenchmarkQueries.query66:cycles                 avgt    3   1047856380.987 ±   162801344.769       #/op
o.w.nitro.tpcds.BenchmarkQueries.query66:dTLB-load-misses       avgt    3        91600.036 ±       13184.781       #/op
o.w.nitro.tpcds.BenchmarkQueries.query66:dTLB-loads             avgt    3       700496.240 ±      631634.437       #/op
o.w.nitro.tpcds.BenchmarkQueries.query66:gc.alloc.rate          avgt   15          164.818 ±           1.331     MB/sec
o.w.nitro.tpcds.BenchmarkQueries.query66:gc.alloc.rate.norm     avgt   15     32275806.133 ±       57363.457       B/op
o.w.nitro.tpcds.BenchmarkQueries.query66:gc.count               avgt   15           14.000                       counts
o.w.nitro.tpcds.BenchmarkQueries.query66:gc.time                avgt   15           10.000                           ms
o.w.nitro.tpcds.BenchmarkQueries.query66:instructions           avgt    3   3789008770.202 ±   387712466.449       #/op
o.w.nitro.tpcds.BenchmarkQueries.query76                        avgt   15          402.255 ±           3.258      ms/op
o.w.nitro.tpcds.BenchmarkQueries.query76:CPI                    avgt    3            0.268 ±           0.070  clks/insn
o.w.nitro.tpcds.BenchmarkQueries.query76:IPC                    avgt    3            3.730 ±           0.971  insns/clk
o.w.nitro.tpcds.BenchmarkQueries.query76:L1-dcache-load-misses  avgt    3    167458463.397 ±    27907726.251       #/op
o.w.nitro.tpcds.BenchmarkQueries.query76:L1-dcache-loads        avgt    3   3539412051.050 ±  1371784335.518       #/op
o.w.nitro.tpcds.BenchmarkQueries.query76:branch-misses          avgt    3     12935847.990 ±     4292334.776       #/op
o.w.nitro.tpcds.BenchmarkQueries.query76:branches               avgt    3   1522436535.128 ±   287369177.818       #/op
o.w.nitro.tpcds.BenchmarkQueries.query76:cycles                 avgt    3   2147761458.893 ±   686041722.222       #/op
o.w.nitro.tpcds.BenchmarkQueries.query76:dTLB-load-misses       avgt    3       157269.029 ±      146195.251       #/op
o.w.nitro.tpcds.BenchmarkQueries.query76:dTLB-loads             avgt    3      1461287.783 ±     1635140.789       #/op
o.w.nitro.tpcds.BenchmarkQueries.query76:gc.alloc.rate          avgt   15          213.730 ±           2.553     MB/sec
o.w.nitro.tpcds.BenchmarkQueries.query76:gc.alloc.rate.norm     avgt   15     90153709.867 ±      376039.800       B/op
o.w.nitro.tpcds.BenchmarkQueries.query76:gc.count               avgt   15           74.000                       counts
o.w.nitro.tpcds.BenchmarkQueries.query76:gc.time                avgt   15           56.000                           ms
o.w.nitro.tpcds.BenchmarkQueries.query76:instructions           avgt    3   8010282024.777 ±  1813374129.863       #/op
o.w.trino.tpcds.BenchmarkQueries.query66                        avgt   15         2676.396 ±          28.917      ms/op
o.w.trino.tpcds.BenchmarkQueries.query66:CPI                    avgt    3            0.315 ±           0.029  clks/insn
o.w.trino.tpcds.BenchmarkQueries.query66:IPC                    avgt    3            3.179 ±           0.289  insns/clk
o.w.trino.tpcds.BenchmarkQueries.query66:L1-dcache-load-misses  avgt    3   1001515047.225 ±   672269950.600       #/op
o.w.trino.tpcds.BenchmarkQueries.query66:L1-dcache-loads        avgt    3  41635112032.360 ± 16123903978.380       #/op
o.w.trino.tpcds.BenchmarkQueries.query66:branch-misses          avgt    3    212173503.434 ±    59249555.353       #/op
o.w.trino.tpcds.BenchmarkQueries.query66:branches               avgt    3  18185333951.191 ± 10596746037.712       #/op
o.w.trino.tpcds.BenchmarkQueries.query66:cycles                 avgt    3  29287095223.751 ± 11412005247.868       #/op
o.w.trino.tpcds.BenchmarkQueries.query66:dTLB-load-misses       avgt    3      3625585.066 ±    21395464.278       #/op
o.w.trino.tpcds.BenchmarkQueries.query66:dTLB-loads             avgt    3     79976372.329 ±   115286680.925       #/op
o.w.trino.tpcds.BenchmarkQueries.query66:gc.alloc.rate          avgt   15         4073.645 ±          43.456     MB/sec
o.w.trino.tpcds.BenchmarkQueries.query66:gc.alloc.rate.norm     avgt   15  11432900991.467 ±      279793.697       B/op
o.w.trino.tpcds.BenchmarkQueries.query66:gc.count               avgt   15          110.000                       counts
o.w.trino.tpcds.BenchmarkQueries.query66:gc.time                avgt   15          321.000                           ms
o.w.trino.tpcds.BenchmarkQueries.query66:instructions           avgt    3  93100919800.002 ± 41751054113.649       #/op
o.w.trino.tpcds.BenchmarkQueries.query76                        avgt   15          763.577 ±          11.016      ms/op
o.w.trino.tpcds.BenchmarkQueries.query76:CPI                    avgt    3            0.362 ±           0.018  clks/insn
o.w.trino.tpcds.BenchmarkQueries.query76:IPC                    avgt    3            2.763 ±           0.137  insns/clk
o.w.trino.tpcds.BenchmarkQueries.query76:L1-dcache-load-misses  avgt    3    326612052.260 ±    16098698.651       #/op
o.w.trino.tpcds.BenchmarkQueries.query76:L1-dcache-loads        avgt    3   8226502450.312 ±  2044782401.602       #/op
o.w.trino.tpcds.BenchmarkQueries.query76:branch-misses          avgt    3     44758403.795 ±     6142886.399       #/op
o.w.trino.tpcds.BenchmarkQueries.query76:branches               avgt    3   3360079727.053 ±   126960250.945       #/op
o.w.trino.tpcds.BenchmarkQueries.query76:cycles                 avgt    3   6378123648.513 ±   642221330.145       #/op
o.w.trino.tpcds.BenchmarkQueries.query76:dTLB-load-misses       avgt    3      1338846.366 ±     4360006.478       #/op
o.w.trino.tpcds.BenchmarkQueries.query76:dTLB-loads             avgt    3     22165089.596 ±    40108129.306       #/op
o.w.trino.tpcds.BenchmarkQueries.query76:gc.alloc.rate          avgt   15         5797.458 ±          82.754     MB/sec
o.w.trino.tpcds.BenchmarkQueries.query76:gc.alloc.rate.norm     avgt   15   4642489460.267 ±      652187.059       B/op
o.w.trino.tpcds.BenchmarkQueries.query76:gc.count               avgt   15           60.000                       counts
o.w.trino.tpcds.BenchmarkQueries.query76:gc.time                avgt   15           91.000                           ms
o.w.trino.tpcds.BenchmarkQueries.query76:instructions           avgt    3  17621970280.662 ±  2517449251.813       #/op

Benchmark result is saved to benchmarks/sweeps/20260721-targeted/tpcds-q76-single-run-binary-publication/jvm-q66-q76-3fork.json
