Script started on 2026-08-13 02:46:57+00:00 [COMMAND="env JAVA_HOME=/opt/java/openjdk PATH=/opt/java/openjdk/bin:/opt/mvnd/bin:$PATH /opt/mvnd/bin/mvnd -pl testing/trino-tests -Dair.check.skip-all=true -Dmaven.gitcommitid.skip=true -Djacoco.skip=true -DskipTests=false -Dtest=TestNitroTpcdsParquetPerformance#testQueryPerformance -Dair.test.jvmsize=12g '-Dair.test.jvm.additional-arguments=-XX:G1HeapRegionSize=32M --add-modules=jdk.incubator.vector --sun-misc-unsafe-memory-access=allow -Dairlift.quiet=true -XX:-HeapDumpOnOutOfMemoryError -Dnitro.group.generatedDictionaryHashProbeTileRows=128' -Dtrino.test.nitro-tpcds-parquet-data=/root/data/tpcds-parquet-sf10/sf10 -Dtrino.test.nitro-tpcds-performance-sweep=true -Dtrino.test.nitro-tpcds-first-query=q67 -Dtrino.test.nitro-tpcds-last-query=q67 -Dtrino.test.nitro-tpcds-engine=nitro -Dtrino.test.nitro-tpcds-warmups=3 -Dtrino.test.nitro-tpcds-measurements=3 -Dtrino.test.nitro-query-max-memory=8GB -Dtrino.test.nitro-measure-thread-allocation=true test" TERM="dumb" TTY="/dev/pts/10" COLUMNS="80" LINES="24"]
Exception in thread "main" org.mvndaemon.mvnd.common.DaemonException$StaleAddressException: Could not receive a message from the daemon.
Daemon id: 64ddf5ff
  log file: /root/.mvnd/daemon-64ddf5ff.log
----- Last  200 lines from daemon log file - /root/.mvnd/daemon-64ddf5ff.log -----
02:46:40.037 I Dispatch message: KeepAlive
02:46:40.137 I Dispatch message: KeepAlive
02:46:40.237 I Dispatch message: KeepAlive
02:46:40.337 I Dispatch message: KeepAlive
02:46:40.437 I Dispatch message: KeepAlive
02:46:40.537 I Dispatch message: KeepAlive
02:46:40.638 I Dispatch message: KeepAlive
02:46:40.738 I Dispatch message: KeepAlive
02:46:40.838 I Dispatch message: KeepAlive
02:46:40.939 I Dispatch message: KeepAlive
02:46:41.039 I Dispatch message: KeepAlive
02:46:41.139 I Dispatch message: KeepAlive
02:46:41.239 I Dispatch message: KeepAlive
02:46:41.339 I Dispatch message: KeepAlive
02:46:41.440 I Dispatch message: KeepAlive
02:46:41.540 I Dispatch message: KeepAlive
02:46:41.640 I Dispatch message: KeepAlive
02:46:41.740 I Dispatch message: KeepAlive
02:46:41.841 I Dispatch message: KeepAlive
02:46:41.941 I Dispatch message: KeepAlive
02:46:42.044 I Dispatch message: KeepAlive
02:46:42.144 I Dispatch message: KeepAlive
02:46:42.245 I Dispatch message: KeepAlive
02:46:42.345 I Dispatch message: KeepAlive
02:46:42.445 I Dispatch message: KeepAlive
02:46:42.547 I Dispatch message: KeepAlive
02:46:42.647 I Dispatch message: KeepAlive
02:46:42.748 I Dispatch message: KeepAlive
02:46:42.848 I Dispatch message: KeepAlive
02:46:42.949 I Dispatch message: KeepAlive
02:46:43.050 I Dispatch message: KeepAlive
02:46:43.156 I Dispatch message: KeepAlive
02:46:43.256 I Dispatch message: KeepAlive
02:46:43.360 I Dispatch message: KeepAlive
02:46:43.461 I Dispatch message: KeepAlive
02:46:43.561 I Dispatch message: KeepAlive
02:46:43.661 I Dispatch message: KeepAlive
02:46:43.762 I Dispatch message: KeepAlive
02:46:43.862 I Dispatch message: KeepAlive
02:46:43.963 I Dispatch message: KeepAlive
02:46:44.063 I Dispatch message: KeepAlive
02:46:44.164 I Dispatch message: KeepAlive
02:46:44.264 I Dispatch message: KeepAlive
02:46:44.364 I Dispatch message: KeepAlive
02:46:44.464 I Dispatch message: KeepAlive
02:46:44.569 I Dispatch message: KeepAlive
02:46:44.669 I Dispatch message: KeepAlive
02:46:44.770 I Dispatch message: KeepAlive
02:46:44.870 I Dispatch message: KeepAlive
02:46:44.970 I Dispatch message: KeepAlive
02:46:45.071 I Dispatch message: KeepAlive
02:46:45.171 I Dispatch message: KeepAlive
02:46:45.271 I Dispatch message: KeepAlive
02:46:45.371 I Dispatch message: KeepAlive
02:46:45.471 I Dispatch message: KeepAlive
02:46:45.572 I Dispatch message: KeepAlive
02:46:45.672 I Dispatch message: KeepAlive
02:46:45.772 I Dispatch message: KeepAlive
02:46:45.872 I Dispatch message: KeepAlive
02:46:45.972 I Dispatch message: KeepAlive
02:46:46.073 I Dispatch message: KeepAlive
02:46:46.173 I Dispatch message: KeepAlive
02:46:46.273 I Dispatch message: KeepAlive
02:46:46.373 I Dispatch message: KeepAlive
02:46:46.474 I Dispatch message: KeepAlive
02:46:46.574 I Dispatch message: KeepAlive
02:46:46.674 I Dispatch message: KeepAlive
02:46:46.775 I Dispatch message: KeepAlive
02:46:46.876 I Dispatch message: KeepAlive
02:46:46.976 I Dispatch message: KeepAlive
02:46:47.076 I Dispatch message: KeepAlive
02:46:47.176 I Dispatch message: KeepAlive
02:46:47.277 I Dispatch message: KeepAlive
02:46:47.377 I Dispatch message: KeepAlive
02:46:47.477 I Dispatch message: KeepAlive
02:46:47.578 I Dispatch message: KeepAlive
02:46:47.678 I Dispatch message: KeepAlive
02:46:47.779 I Dispatch message: KeepAlive
02:46:47.879 I Dispatch message: KeepAlive
02:46:47.979 I Dispatch message: KeepAlive
02:46:48.079 I Dispatch message: KeepAlive
02:46:48.180 I Dispatch message: KeepAlive
02:46:48.280 I Dispatch message: KeepAlive
02:46:48.380 I Dispatch message: KeepAlive
02:46:48.480 I Dispatch message: KeepAlive
02:46:48.581 I Dispatch message: KeepAlive
02:46:48.681 I Dispatch message: KeepAlive
02:46:48.781 I Dispatch message: KeepAlive
02:46:48.881 I Dispatch message: KeepAlive
02:46:48.981 I Dispatch message: KeepAlive
02:46:49.081 I Dispatch message: KeepAlive
02:46:49.182 I Dispatch message: KeepAlive
02:46:49.282 I Dispatch message: KeepAlive
02:46:49.382 I Dispatch message: KeepAlive
02:46:49.482 I Dispatch message: KeepAlive
02:46:49.583 I Dispatch message: KeepAlive
02:46:49.683 I Dispatch message: KeepAlive
02:46:49.784 I Dispatch message: KeepAlive
02:46:49.884 I Dispatch message: KeepAlive
02:46:49.985 I Dispatch message: KeepAlive
02:46:50.085 I Dispatch message: KeepAlive
02:46:50.185 I Dispatch message: KeepAlive
02:46:50.285 I Dispatch message: KeepAlive
02:46:50.385 I Dispatch message: KeepAlive
02:46:50.485 I Dispatch message: KeepAlive
02:46:50.586 I Dispatch message: KeepAlive
02:46:50.686 I Dispatch message: KeepAlive
02:46:50.786 I Dispatch message: KeepAlive
02:46:50.886 I Dispatch message: KeepAlive
02:46:50.986 I Dispatch message: KeepAlive
02:46:51.086 I Dispatch message: KeepAlive
02:46:51.186 I Dispatch message: KeepAlive
02:46:51.287 I Dispatch message: KeepAlive
02:46:51.387 I Dispatch message: KeepAlive
02:46:51.487 I Dispatch message: KeepAlive
02:46:51.587 I Dispatch message: KeepAlive
02:46:51.687 I Dispatch message: KeepAlive
02:46:51.787 I Dispatch message: KeepAlive
02:46:51.888 I Dispatch message: KeepAlive
02:46:51.988 I Dispatch message: KeepAlive
02:46:52.089 I Dispatch message: KeepAlive
02:46:52.189 I Dispatch message: KeepAlive
02:46:52.289 I Dispatch message: KeepAlive
02:46:52.391 I Dispatch message: KeepAlive
02:46:52.494 I Dispatch message: KeepAlive
02:46:52.594 I Dispatch message: KeepAlive
02:46:52.694 I Dispatch message: KeepAlive
02:46:52.794 I Dispatch message: KeepAlive
02:46:52.894 I Dispatch message: KeepAlive
02:46:52.996 I Dispatch message: KeepAlive
02:46:53.096 I Dispatch message: KeepAlive
02:46:53.197 I Dispatch message: KeepAlive
02:46:53.297 I Dispatch message: KeepAlive
02:46:53.397 I Dispatch message: KeepAlive
02:46:53.497 I Dispatch message: KeepAlive
02:46:53.598 I Dispatch message: KeepAlive
02:46:53.698 I Dispatch message: KeepAlive
02:46:53.798 I Dispatch message: KeepAlive
02:46:53.898 I Dispatch message: KeepAlive
02:46:53.998 I Dispatch message: KeepAlive
02:46:54.099 I Dispatch message: KeepAlive
02:46:54.199 I Dispatch message: KeepAlive
02:46:54.300 I Dispatch message: KeepAlive
02:46:54.401 I Dispatch message: KeepAlive
02:46:54.502 I Dispatch message: KeepAlive
02:46:54.602 I Dispatch message: KeepAlive
02:46:54.702 I Dispatch message: KeepAlive
02:46:54.803 I Dispatch message: KeepAlive
02:46:54.903 I Dispatch message: KeepAlive
02:46:55.003 I Dispatch message: KeepAlive
02:46:55.103 I Dispatch message: KeepAlive
02:46:55.203 I Dispatch message: KeepAlive
02:46:55.303 I Dispatch message: KeepAlive
02:46:55.404 I Dispatch message: KeepAlive
02:46:55.504 I Dispatch message: KeepAlive
02:46:55.605 I Dispatch message: KeepAlive
02:46:55.705 I Dispatch message: KeepAlive
02:46:55.806 I Dispatch message: KeepAlive
02:46:55.906 I Dispatch message: KeepAlive
02:46:56.006 I Dispatch message: KeepAlive
02:46:56.106 I Dispatch message: KeepAlive
02:46:56.206 I Dispatch message: KeepAlive
02:46:56.306 I Dispatch message: KeepAlive
02:46:56.407 I Dispatch message: KeepAlive
02:46:56.507 I Dispatch message: KeepAlive
02:46:56.607 I Dispatch message: KeepAlive
02:46:56.707 I Dispatch message: KeepAlive
02:46:56.807 I Dispatch message: KeepAlive
02:46:56.907 I Dispatch message: KeepAlive
02:46:57.008 I Dispatch message: KeepAlive
02:46:57.108 I Dispatch message: KeepAlive
02:46:57.208 I Dispatch message: KeepAlive
02:46:57.308 I Dispatch message: KeepAlive
02:46:57.390 I Dispatch message: ProjectLogMessage{projectId='trino-tests', message='[WARNING] [stderr] 2026-08-12T20:46:57.386-0600	INFO	ForkJoinPool-1-worker-1	stdout	nitro,tpcds-parquet-sf10,q67,3,5331.714,5378.792,6153.322,5621.276,18693.000,18789.000,15'}
02:46:57.390 I Dispatch message: ProjectLogMessage{projectId='trino-tests', message='[WARNING] [stderr] 2026-08-12T20:46:57.386-0600	INFO	ForkJoinPool-1-worker-1	stdout	allocation,nitro,tpcds-parquet-sf10,q67,3,25826.599,25867.425'}
02:46:57.390 I Dispatch message: ProjectLogMessage{projectId='trino-tests', message='[WARNING] [stderr] 2026-08-12T20:46:57.386-0600	INFO	ForkJoinPool-1-worker-1	stdout	peak_memory,nitro,tpcds-parquet-sf10,q67,3,1681.805,1949.936,10557.274,10612.361'}
02:46:57.390 I Dispatch message: ProjectLogMessage{projectId='trino-tests', message='[WARNING] [stderr] 2026-08-12T20:46:57.386-0600	INFO	ForkJoinPool-1-worker-1	stdout	boundary,nitro,tpcds-parquet-sf10,q67,3,4445,61841067,7201747483,0,600469934,1766176,51,317355,28589208,918306,709578,0,918306,601091732,1770076,7855,94170297,32073520871'}
02:46:57.435 I Dispatch message: ProjectLogMessage{projectId='trino-tests', message='[INFO] Tests run: 1, Failures: 0, Errors: 0, Skipped: 0, Time elapsed: 62.83 s -- in io.trino.tests.nitro.TestNitroTpcdsParquetPerformance'}
02:46:57.436 I Dispatch message: ProjectLogMessage{projectId='trino-tests', message='[WARNING] [stderr] 2026-08-12T20:46:57.423-0600	INFO	main	io.trino.testing.containers.junit.ReportLeakedContainers	DockerClientFactory not initialized, so there should be no leaked containers, skipping the check'}
02:46:57.536 I Dispatch message: KeepAlive
02:46:57.636 I Dispatch message: KeepAlive
02:46:57.737 I Dispatch message: KeepAlive
02:46:57.783 I Dispatch message: ProjectLogMessage{projectId='trino-tests', message='[INFO] '}
02:46:57.783 I Dispatch message: ProjectLogMessage{projectId='trino-tests', message='[INFO] Results:'}
02:46:57.783 I Dispatch message: ProjectLogMessage{projectId='trino-tests', message='[INFO] '}
02:46:57.783 I Dispatch message: ProjectLogMessage{projectId='trino-tests', message='[INFO] Tests run: 1, Failures: 0, Errors: 0, Skipped: 0'}
02:46:57.783 I Dispatch message: ProjectLogMessage{projectId='trino-tests', message='[INFO] '}
02:46:57.785 I Dispatch message: ProjectStopped{payload='trino-tests'}
02:46:57.787 I Dispatch message: ProjectLogMessage{projectId='trino-tests', message='[INFO] ------------------------------------------------------------------------'}
02:46:57.787 I Dispatch message: ProjectLogMessage{projectId='trino-tests', message='[INFO] BUILD SUCCESS'}
02:46:57.787 I Dispatch message: ProjectLogMessage{projectId='trino-tests', message='[INFO] ------------------------------------------------------------------------'}
02:46:57.787 I Dispatch message: ProjectLogMessage{projectId='trino-tests', message='[INFO] Total time:  01:06 min (Wall Clock)'}
02:46:57.787 I Dispatch message: ProjectLogMessage{projectId='trino-tests', message='[INFO] Finished at: 2026-08-13T02:46:57Z'}
02:46:57.787 I Dispatch message: ProjectLogMessage{projectId='trino-tests', message='[INFO] ------------------------------------------------------------------------'}
02:46:57.788 I Dispatch message: ProjectLogMessage{projectId='trino-tests', message='[INFO] Njord session closed'}
02:46:57.789 I Build finished, finishing message dispatch
02:46:57.789 I Dispatch message: BuildFinished{exitCode=0}
02:46:57.789 I No more message to dispatch
02:46:57.789 I Daemon back to idle
02:46:57.789 I Updating state to: Idle
----- End of the daemon log file -----
  output: /root/.mvnd/daemon-64ddf5ff.out.log
----- Last  200 lines from daemon output - /root/.mvnd/daemon-64ddf5ff.out.log -----
Starting daemon process: id = 64ddf5ff, workingDir = /root/notes/trino.nitro, daemonArgs: /opt/java/openjdk/bin/java -classpath /opt/mvnd/mvn/boot/plexus-classworlds-2.11.0.jar -javaagent:/opt/mvnd/mvn/lib/mvnd/mvnd-agent-1.0.6.jar -XX:+IgnoreUnrecognizedVMOptions -Xmx8192m --add-exports=jdk.compiler/com.sun.tools.javac.api=ALL-UNNAMED --add-exports=jdk.compiler/com.sun.tools.javac.file=ALL-UNNAMED --add-exports=jdk.compiler/com.sun.tools.javac.main=ALL-UNNAMED --add-exports=jdk.compiler/com.sun.tools.javac.model=ALL-UNNAMED --add-exports=jdk.compiler/com.sun.tools.javac.parser=ALL-UNNAMED --add-exports=jdk.compiler/com.sun.tools.javac.processing=ALL-UNNAMED --add-exports=jdk.compiler/com.sun.tools.javac.tree=ALL-UNNAMED --add-exports=jdk.compiler/com.sun.tools.javac.util=ALL-UNNAMED --add-opens=jdk.compiler/com.sun.tools.javac.code=ALL-UNNAMED --add-opens=jdk.compiler/com.sun.tools.javac.comp=ALL-UNNAMED -XX:+ExitOnOutOfMemoryError --enable-native-access=ALL-UNNAMED --sun-misc-unsafe-memory-access=allow -Dmvnd.home=/opt/mvnd -Dmaven.home=/opt/mvnd/mvn -Dmaven.conf=/opt/mvnd/mvn/conf -Dclassworlds.conf=/opt/mvnd/bin/mvnd-daemon.conf -Dorg.slf4j.simpleLogger.logFile=/root/.mvnd/daemon-64ddf5ff.log -Dmvnd.java.home=/opt/java/openjdk -Dmvnd.id=64ddf5ff -Dmvnd.daemonStorage=/root/.mvnd -Dmvnd.registry=/root/.mvnd/registry.bin -Dmvnd.socketFamily=inet -Dmvnd.home=/opt/mvnd -Djdk.java.options=--add-opens java.base/java.io=ALL-UNNAMED --add-opens java.base/java.lang=ALL-UNNAMED --add-opens java.base/java.util=ALL-UNNAMED --add-opens java.base/sun.net.www.protocol.jar=ALL-UNNAMED --add-opens java.base/sun.nio.fs=ALL-UNNAMED -Dmvnd.noDaemon=false -Dmvnd.debug=false -Dmvnd.debug.address=8000 -Dmvnd.idleTimeout=3h -Dmvnd.keepAlive=100ms -Dmvnd.extClasspath= -Dmvnd.coreExtensions= -Dmvnd.jvmArgs=-XX:+IgnoreUnrecognizedVMOptions -Xmx8192m --add-exports=jdk.compiler/com.sun.tools.javac.api=ALL-UNNAMED --add-exports=jdk.compiler/com.sun.tools.javac.file=ALL-UNNAMED --add-exports=jdk.compiler/com.sun.tools.javac.main=ALL-UNNAMED --add-exports=jdk.compiler/com.sun.tools.javac.model=ALL-UNNAMED --add-exports=jdk.compiler/com.sun.tools.javac.parser=ALL-UNNAMED --add-exports=jdk.compiler/com.sun.tools.javac.processing=ALL-UNNAMED --add-exports=jdk.compiler/com.sun.tools.javac.tree=ALL-UNNAMED --add-exports=jdk.compiler/com.sun.tools.javac.util=ALL-UNNAMED --add-opens=jdk.compiler/com.sun.tools.javac.code=ALL-UNNAMED --add-opens=jdk.compiler/com.sun.tools.javac.comp=ALL-UNNAMED -XX:+ExitOnOutOfMemoryError --enable-native-access=ALL-UNNAMED --sun-misc-unsafe-memory-access=allow -Dmvnd.enableAssertions=false -Dmvnd.expirationCheckDelay=10s -Dmvnd.duplicateDaemonGracePeriod=10s -Dmvnd.socketFamily=inet org.codehaus.plexus.classworlds.launcher.LauncherNOTE: Picked up JDK_JAVA_OPTIONS: --add-opens java.base/java.io=ALL-UNNAMED --add-opens java.base/java.lang=ALL-UNNAMED --add-opens java.base/java.util=ALL-UNNAMED --add-opens java.base/sun.net.www.protocol.jar=ALL-UNNAMED --add-opens java.base/sun.nio.fs=ALL-UNNAMED
WARNING: Final field userDir in class java.io.UnixFileSystem has been mutated reflectively by class org.mvndaemon.mvnd.cli.EnvHelper in unnamed module @62279e6b (file:/opt/mvnd/mvn/lib/mvnd/mvnd-daemon-1.0.6.jar)
WARNING: Use --enable-final-field-mutation=ALL-UNNAMED to avoid a warning
WARNING: Mutating final fields will be blocked in a future release unless final field mutation is enabled
----- End of the daemon output -----

	at org.mvndaemon.mvnd.client.DaemonClientConnection.receive(DaemonClientConnection.java:138)
	at org.mvndaemon.mvnd.client.DefaultClient.execute(DefaultClient.java:379)
	at org.mvndaemon.mvnd.client.DefaultClient.main(DefaultClient.java:171)
	at java.base@22.0.2/java.lang.invoke.LambdaForm$DMH/sa346b79c.invokeStaticInit(LambdaForm$DMH)
Caused by: java.io.IOException: No message received within 3000ms, daemon may have crashed. You may want to check its status using mvnd --status
	at org.mvndaemon.mvnd.client.DaemonClientConnection.receive(DaemonClientConnection.java:119)
	... 3 more

Script done on 2026-08-13 02:47:00+00:00 [COMMAND_EXIT_CODE="1"]
