[INFO] Processing build on daemon dd1e13cf
[INFO] Scanning for projects...
[INFO] Njord 0.9.4 session created
[INFO] BuildTimeEventSpy is registered.
[INFO] 
[INFO] Using the SmartBuilder implementation with a thread count of 7
[INFO] 
[INFO] -------------------------< org.weakref:nitro >--------------------------
[INFO] Building nitro 1-SNAPSHOT
[INFO]   from pom.xml
[INFO] --------------------------------[ jar ]---------------------------------
[WARNING] 2 problems were encountered while building the effective model for org.apache.yetus:audience-annotations:jar:0.5.0 during dependency collection step for project (use -X to see details)
[INFO] 
[INFO] --- exec:3.6.1:exec (benchmark) @ nitro ---
[WARNING] [stderr] WARNING: Using incubator modules: jdk.incubator.vector
[WARNING] [stderr] WARNING: A terminally deprecated method in sun.misc.Unsafe has been called
[WARNING] [stderr] WARNING: sun.misc.Unsafe::objectFieldOffset has been called by org.openjdk.jmh.util.Utils (file:/root/.m2/repository/remote-cache/org/openjdk/jmh/jmh-core/1.37/jmh-core-1.37.jar)
[WARNING] [stderr] WARNING: Please consider reporting this to the maintainers of class org.openjdk.jmh.util.Utils
[WARNING] [stderr] WARNING: sun.misc.Unsafe::objectFieldOffset will be removed in a future release
[INFO] [stdout] # JMH version: 1.37
[INFO] [stdout] # VM version: JDK 26.0.1, OpenJDK 64-Bit Server VM, 26.0.1+8
[INFO] [stdout] # VM invoker: /opt/java/openjdk/bin/java
[INFO] [stdout] # VM options: --enable-preview --add-modules=jdk.incubator.vector -Dnitro.clickbench.hits.path= -Xmx12g -XX:+UseTransparentHugePages -Dnitro.clickbench.hits.path=/root/data/clickbench
[INFO] [stdout] # Blackhole mode: compiler (auto-detected, use -Djmh.blackhole.autoDetect=false to disable)
[INFO] [stdout] # Warmup: 3 iterations, 1 s each
[INFO] [stdout] # Measurement: 1 iterations, 1 s each
[INFO] [stdout] # Timeout: 10 min per iteration
[INFO] [stdout] # Threads: 1 thread, will synchronize iterations
[INFO] [stdout] # Benchmark mode: Average time, time/op
[INFO] [stdout] # Benchmark: org.weakref.nitro.clickbench.BenchmarkQueries.query09
[INFO] [stdout] 
[INFO] [stdout] # Run progress: 0.00% complete, ETA 00:00:04
[INFO] [stdout] # Fork: 1 of 1
[INFO] [stdout] # Preparing profilers: LinuxPerfNormProfiler 
[INFO] [stdout] # Profilers consume stderr from target VM, use -v EXTRA to copy to console
[INFO] [stdout] # Warmup Iteration   1: 2433.419 ms/op
[INFO] [stdout] # Warmup Iteration   2: 1855.835 ms/op
[INFO] [stdout] # Warmup Iteration   3: 1790.174 ms/op
[INFO] [stdout] Iteration   1: 1778.146 ms/op
[INFO] [stdout] # Processing profiler results: LinuxPerfNormProfiler 
[INFO] [stdout] 
[INFO] [stdout] 
[INFO] [stdout] Result "org.weakref.nitro.clickbench.BenchmarkQueries.query09":
[INFO] [stdout]   1778.146 ms/op
[INFO] [stdout] 
[INFO] [stdout] Secondary result "org.weakref.nitro.clickbench.BenchmarkQueries.query09:CPI":
[INFO] [stdout]   0.484 clks/insn
[INFO] [stdout] 
[INFO] [stdout] Secondary result "org.weakref.nitro.clickbench.BenchmarkQueries.query09:IPC":
[INFO] [stdout]   2.066 insns/clk
[INFO] [stdout] 
[INFO] [stdout] Secondary result "org.weakref.nitro.clickbench.BenchmarkQueries.query09:cycles":
[INFO] [stdout]   10014723994.137 #/op
[INFO] [stdout] 
[INFO] [stdout] Secondary result "org.weakref.nitro.clickbench.BenchmarkQueries.query09:instructions":
[INFO] [stdout]   20690330744.901 #/op
[INFO] [stdout] 
[INFO] [stdout] 
[INFO] [stdout] # Run complete. Total time: 00:00:08
[INFO] [stdout] 
[INFO] [stdout] REMEMBER: The numbers below are just data. To gain reusable insights, you need to follow up on
[INFO] [stdout] why the numbers are the way they are. Use profilers (see -prof, -lprof), design factorial
[INFO] [stdout] experiments, perform baseline and negative tests that provide experimental control, make sure
[INFO] [stdout] the benchmarking environment is safe on JVM/OS/HW level, ask for reviews from the domain experts.
[INFO] [stdout] Do not assume the numbers tell you what you want them to tell.
[INFO] [stdout] 
[INFO] [stdout] NOTE: Current JVM experimentally supports Compiler Blackholes, and they are in use. Please exercise
[INFO] [stdout] extra caution when trusting the results, look into the generated code to check the benchmark still
[INFO] [stdout] works, and factor in a small probability of new VM bugs. Additionally, while comparisons between
[INFO] [stdout] different JVMs are already problematic, the performance difference caused by different Blackhole
[INFO] [stdout] modes can be very significant. Please make sure you use the consistent Blackhole mode for comparisons.
[INFO] [stdout] 
[INFO] [stdout] Benchmark                              Mode  Cnt            Score   Error      Units
[INFO] [stdout] BenchmarkQueries.query09               avgt              1778.146              ms/op
[INFO] [stdout] BenchmarkQueries.query09:CPI           avgt                 0.484          clks/insn
[INFO] [stdout] BenchmarkQueries.query09:IPC           avgt                 2.066          insns/clk
[INFO] [stdout] BenchmarkQueries.query09:cycles        avgt       10014723994.137               #/op
[INFO] [stdout] BenchmarkQueries.query09:instructions  avgt       20690330744.901               #/op
[INFO] [stdout] 
[INFO] [stdout] Benchmark result is saved to /home/martin/src/nitro.opt/benchmarks/sweeps/20260728-remaining-bisect/q09-150-counter.json
[INFO] ------------------------------------------------------------------------
[INFO] BUILD SUCCESS
[INFO] ------------------------------------------------------------------------
[INFO] Total time:  8.638 s (Wall Clock)
[INFO] Finished at: 2026-07-28T03:09:33Z
[INFO] ------------------------------------------------------------------------
[INFO] Njord session closed
