[INFO] Processing build on daemon 897da4e1
[INFO] Scanning for projects...
[INFO] Njord 0.9.4 session created
[INFO] BuildTimeEventSpy is registered.
[INFO] 
[INFO] Using the SmartBuilder implementation with a thread count of 7
[INFO] 
[INFO] -------------------------< org.weakref:nitro >--------------------------
[INFO] Building nitro 1-SNAPSHOT
[INFO]   from pom.xml
[INFO] --------------------------------[ jar ]---------------------------------
[WARNING] 2 problems were encountered while building the effective model for org.apache.yetus:audience-annotations:jar:0.5.0 during dependency collection step for project (use -X to see details)
[INFO] 
[INFO] --- exec:3.6.1:exec (benchmark) @ nitro ---
[WARNING] [stderr] WARNING: Using incubator modules: jdk.incubator.vector
[WARNING] [stderr] WARNING: A terminally deprecated method in sun.misc.Unsafe has been called
[WARNING] [stderr] WARNING: sun.misc.Unsafe::objectFieldOffset has been called by org.openjdk.jmh.util.Utils (file:/root/.m2/repository/org/openjdk/jmh/jmh-core/1.37/jmh-core-1.37.jar)
[WARNING] [stderr] WARNING: Please consider reporting this to the maintainers of class org.openjdk.jmh.util.Utils
[WARNING] [stderr] WARNING: sun.misc.Unsafe::objectFieldOffset will be removed in a future release
[INFO] [stdout] # JMH version: 1.37
[INFO] [stdout] # VM version: JDK 26.0.1, OpenJDK 64-Bit Server VM, 26.0.1+8
[INFO] [stdout] # VM invoker: /opt/java/openjdk/bin/java
[INFO] [stdout] # VM options: --enable-preview --add-modules=jdk.incubator.vector -Dnitro.clickbench.hits.path= -Xmx12g -XX:+UseTransparentHugePages -Dnitro.tpcds.parquet.path=/root/data/tpcds-parquet-sf10 -Dnitro.parquet.fusedProgressiveFilterCompaction=true
[INFO] [stdout] # Blackhole mode: compiler (auto-detected, use -Djmh.blackhole.autoDetect=false to disable)
[INFO] [stdout] # Warmup: 5 iterations, 1 s each
[INFO] [stdout] # Measurement: 5 iterations, 1 s each
[INFO] [stdout] # Timeout: 30 min per iteration
[INFO] [stdout] # Threads: 1 thread, will synchronize iterations
[INFO] [stdout] # Benchmark mode: Average time, time/op
[INFO] [stdout] # Benchmark: org.weakref.nitro.tpcds.BenchmarkQueries.query39
[INFO] [stdout] 
[INFO] [stdout] # Run progress: 0.00% complete, ETA 00:00:10
[INFO] [stdout] # Fork: 1 of 1
[INFO] [stdout] # Preparing profilers: LinuxPerfNormProfiler 
[INFO] [stdout] # Profilers consume stderr from target VM, use -v EXTRA to copy to console
[INFO] [stdout] # Warmup Iteration   1: 1282.398 ms/op
[INFO] [stdout] # Warmup Iteration   2: 534.833 ms/op
[INFO] [stdout] # Warmup Iteration   3: 516.068 ms/op
[INFO] [stdout] # Warmup Iteration   4: 505.888 ms/op
[INFO] [stdout] # Warmup Iteration   5: 508.161 ms/op
[INFO] [stdout] Iteration   1: 497.129 ms/op
[INFO] [stdout]                  gc.alloc.rate:      362.732 MB/sec
[INFO] [stdout]                  gc.alloc.rate.norm: 189121778.667 B/op
[INFO] [stdout]                  gc.count:           1.000 counts
[INFO] [stdout]                  gc.time:            7.000 ms
[INFO] [stdout] 
[INFO] [stdout] Iteration   2: 505.247 ms/op
[INFO] [stdout]                  gc.alloc.rate:      356.782 MB/sec
[INFO] [stdout]                  gc.alloc.rate.norm: 189047216.000 B/op
[INFO] [stdout]                  gc.count:           5.000 counts
[INFO] [stdout]                  gc.time:            15.000 ms
[INFO] [stdout] 
[INFO] [stdout] Iteration   3: 502.996 ms/op
[INFO] [stdout]                  gc.alloc.rate:      358.383 MB/sec
[INFO] [stdout]                  gc.alloc.rate.norm: 189047028.000 B/op
[INFO] [stdout]                  gc.count:           2.000 counts
[INFO] [stdout]                  gc.time:            15.000 ms
[INFO] [stdout] 
[INFO] [stdout] Iteration   4: 502.427 ms/op
[INFO] [stdout]                  gc.alloc.rate:      358.802 MB/sec
[INFO] [stdout]                  gc.alloc.rate.norm: 189049720.000 B/op
[INFO] [stdout]                  gc.count:           4.000 counts
[INFO] [stdout]                  gc.time:            8.000 ms
[INFO] [stdout] 
[INFO] [stdout] Iteration   5: 499.979 ms/op
[INFO] [stdout]                  gc.alloc.rate:      360.555 MB/sec
[INFO] [stdout]                  gc.alloc.rate.norm: 189046197.333 B/op
[INFO] [stdout]                  gc.count:           2.000 counts
[INFO] [stdout]                  gc.time:            13.000 ms
[INFO] [stdout] 
[INFO] [stdout] # Processing profiler results: LinuxPerfNormProfiler 
[INFO] [stdout] 
[INFO] [stdout] 
[INFO] [stdout] Result "org.weakref.nitro.tpcds.BenchmarkQueries.query39":
[INFO] [stdout]   501.556 ±(99.9%) 11.953 ms/op [Average]
[INFO] [stdout]   (min, avg, max) = (497.129, 501.556, 505.247), stdev = 3.104
[INFO] [stdout]   CI (99.9%): [489.603, 513.508] (assumes normal distribution)
[INFO] [stdout] 
[INFO] [stdout] Secondary result "org.weakref.nitro.tpcds.BenchmarkQueries.query39:CPI":
[INFO] [stdout]   0.247 clks/insn
[INFO] [stdout] 
[INFO] [stdout] Secondary result "org.weakref.nitro.tpcds.BenchmarkQueries.query39:IPC":
[INFO] [stdout]   4.046 insns/clk
[INFO] [stdout] 
[INFO] [stdout] Secondary result "org.weakref.nitro.tpcds.BenchmarkQueries.query39:L1-dcache-load-misses":
[INFO] [stdout]   67948072.119 #/op
[INFO] [stdout] 
[INFO] [stdout] Secondary result "org.weakref.nitro.tpcds.BenchmarkQueries.query39:L1-dcache-loads":
[INFO] [stdout]   4871138183.974 #/op
[INFO] [stdout] 
[INFO] [stdout] Secondary result "org.weakref.nitro.tpcds.BenchmarkQueries.query39:L1-icache-load-misses":
[INFO] [stdout]   1835425.102 #/op
[INFO] [stdout] 
[INFO] [stdout] Secondary result "org.weakref.nitro.tpcds.BenchmarkQueries.query39:L1-icache-loads":
[INFO] [stdout]   22042717.183 #/op
[INFO] [stdout] 
[INFO] [stdout] Secondary result "org.weakref.nitro.tpcds.BenchmarkQueries.query39:branch-misses":
[INFO] [stdout]   7390566.627 #/op
[INFO] [stdout] 
[INFO] [stdout] Secondary result "org.weakref.nitro.tpcds.BenchmarkQueries.query39:branches":
[INFO] [stdout]   2306017443.743 #/op
[INFO] [stdout] 
[INFO] [stdout] Secondary result "org.weakref.nitro.tpcds.BenchmarkQueries.query39:cycles":
[INFO] [stdout]   2881400844.331 #/op
[INFO] [stdout] 
[INFO] [stdout] Secondary result "org.weakref.nitro.tpcds.BenchmarkQueries.query39:dTLB-load-misses":
[INFO] [stdout]   123069.722 #/op
[INFO] [stdout] 
[INFO] [stdout] Secondary result "org.weakref.nitro.tpcds.BenchmarkQueries.query39:dTLB-loads":
[INFO] [stdout]   1048162.383 #/op
[INFO] [stdout] 
[INFO] [stdout] Secondary result "org.weakref.nitro.tpcds.BenchmarkQueries.query39:gc.alloc.rate":
[INFO] [stdout]   359.451 ±(99.9%) 8.753 MB/sec [Average]
[INFO] [stdout]   (min, avg, max) = (356.782, 359.451, 362.732), stdev = 2.273
[INFO] [stdout]   CI (99.9%): [350.698, 368.204] (assumes normal distribution)
[INFO] [stdout] 
[INFO] [stdout] Secondary result "org.weakref.nitro.tpcds.BenchmarkQueries.query39:gc.alloc.rate.norm":
[INFO] [stdout]   189062388.000 ±(99.9%) 127943.206 B/op [Average]
[INFO] [stdout]   (min, avg, max) = (189046197.333, 189062388.000, 189121778.667), stdev = 33226.444
[INFO] [stdout]   CI (99.9%): [188934444.794, 189190331.206] (assumes normal distribution)
[INFO] [stdout] 
[INFO] [stdout] Secondary result "org.weakref.nitro.tpcds.BenchmarkQueries.query39:gc.count":
[INFO] [stdout]   14.000 ±(99.9%) 0.001 counts [Sum]
[INFO] [stdout]   (min, avg, max) = (1.000, 2.800, 5.000), stdev = 1.643
[INFO] [stdout]   CI (99.9%): [14.000, 14.000] (assumes normal distribution)
[INFO] [stdout] 
[INFO] [stdout] Secondary result "org.weakref.nitro.tpcds.BenchmarkQueries.query39:gc.time":
[INFO] [stdout]   58.000 ±(99.9%) 0.001 ms [Sum]
[INFO] [stdout]   (min, avg, max) = (7.000, 11.600, 15.000), stdev = 3.847
[INFO] [stdout]   CI (99.9%): [58.000, 58.000] (assumes normal distribution)
[INFO] [stdout] 
[INFO] [stdout] Secondary result "org.weakref.nitro.tpcds.BenchmarkQueries.query39:iTLB-load-misses":
[INFO] [stdout]   22490.437 #/op
[INFO] [stdout] 
[INFO] [stdout] Secondary result "org.weakref.nitro.tpcds.BenchmarkQueries.query39:iTLB-loads":
[INFO] [stdout]   867377.646 #/op
[INFO] [stdout] 
[INFO] [stdout] Secondary result "org.weakref.nitro.tpcds.BenchmarkQueries.query39:instructions":
[INFO] [stdout]   11656841317.819 #/op
[INFO] [stdout] 
[INFO] [stdout] Secondary result "org.weakref.nitro.tpcds.BenchmarkQueries.query39:stalled-cycles-frontend":
[INFO] [stdout]   419803960.373 #/op
[INFO] [stdout] 
[INFO] [stdout] 
[INFO] [stdout] # Run complete. Total time: 00:00:11
[INFO] [stdout] 
[INFO] [stdout] REMEMBER: The numbers below are just data. To gain reusable insights, you need to follow up on
[INFO] [stdout] why the numbers are the way they are. Use profilers (see -prof, -lprof), design factorial
[INFO] [stdout] experiments, perform baseline and negative tests that provide experimental control, make sure
[INFO] [stdout] the benchmarking environment is safe on JVM/OS/HW level, ask for reviews from the domain experts.
[INFO] [stdout] Do not assume the numbers tell you what you want them to tell.
[INFO] [stdout] 
[INFO] [stdout] NOTE: Current JVM experimentally supports Compiler Blackholes, and they are in use. Please exercise
[INFO] [stdout] extra caution when trusting the results, look into the generated code to check the benchmark still
[INFO] [stdout] works, and factor in a small probability of new VM bugs. Additionally, while comparisons between
[INFO] [stdout] different JVMs are already problematic, the performance difference caused by different Blackhole
[INFO] [stdout] modes can be very significant. Please make sure you use the consistent Blackhole mode for comparisons.
[INFO] [stdout] 
[INFO] [stdout] Benchmark                                         Mode  Cnt            Score        Error      Units
[INFO] [stdout] BenchmarkQueries.query39                          avgt    5          501.556 ±     11.953      ms/op
[INFO] [stdout] BenchmarkQueries.query39:CPI                      avgt                 0.247               clks/insn
[INFO] [stdout] BenchmarkQueries.query39:IPC                      avgt                 4.046               insns/clk
[INFO] [stdout] BenchmarkQueries.query39:L1-dcache-load-misses    avgt          67948072.119                    #/op
[INFO] [stdout] BenchmarkQueries.query39:L1-dcache-loads          avgt        4871138183.974                    #/op
[INFO] [stdout] BenchmarkQueries.query39:L1-icache-load-misses    avgt           1835425.102                    #/op
[INFO] [stdout] BenchmarkQueries.query39:L1-icache-loads          avgt          22042717.183                    #/op
[INFO] [stdout] BenchmarkQueries.query39:branch-misses            avgt           7390566.627                    #/op
[INFO] [stdout] BenchmarkQueries.query39:branches                 avgt        2306017443.743                    #/op
[INFO] [stdout] BenchmarkQueries.query39:cycles                   avgt        2881400844.331                    #/op
[INFO] [stdout] BenchmarkQueries.query39:dTLB-load-misses         avgt            123069.722                    #/op
[INFO] [stdout] BenchmarkQueries.query39:dTLB-loads               avgt           1048162.383                    #/op
[INFO] [stdout] BenchmarkQueries.query39:gc.alloc.rate            avgt    5          359.451 ±      8.753     MB/sec
[INFO] [stdout] BenchmarkQueries.query39:gc.alloc.rate.norm       avgt    5    189062388.000 ± 127943.206       B/op
[INFO] [stdout] BenchmarkQueries.query39:gc.count                 avgt    5           14.000                  counts
[INFO] [stdout] BenchmarkQueries.query39:gc.time                  avgt    5           58.000                      ms
[INFO] [stdout] BenchmarkQueries.query39:iTLB-load-misses         avgt             22490.437                    #/op
[INFO] [stdout] BenchmarkQueries.query39:iTLB-loads               avgt            867377.646                    #/op
[INFO] [stdout] BenchmarkQueries.query39:instructions             avgt       11656841317.819                    #/op
[INFO] [stdout] BenchmarkQueries.query39:stalled-cycles-frontend  avgt         419803960.373                    #/op
[INFO] [stdout] 
[INFO] [stdout] Benchmark result is saved to benchmarks/sweeps/20260720-targeted/tpcds-q39-followup/fused-medium/on-clean.json
[INFO] ------------------------------------------------------------------------
[INFO] BUILD SUCCESS
[INFO] ------------------------------------------------------------------------
[INFO] Total time:  13.309 s (Wall Clock)
[INFO] Finished at: 2026-07-20T01:43:13Z
[INFO] ------------------------------------------------------------------------
[INFO] Njord session closed
