NOTE: Picked up JDK_JAVA_OPTIONS: -Xms12g -Xmx12g -XX:G1HeapRegionSize=32m -XX:+UseG1GC -Dnitro.debug.groupingRetained=true -Dcork.benchmark.task-concurrency=4 -Dcork.benchmark.output-directory=/home/martin/src/nitro.opt/benchmarks/trino-integration/20260816-nitro-c-opportunities/clickbench-q13-flat-retained-diagnostic
Aug 16, 2026 7:55:29 AM io.airlift.log.Logger info
INFO: Launching benchmark JVM with -Xms12288m -Xmx12288m
NOTE: Picked up JDK_JAVA_OPTIONS: -Xms12g -Xmx12g -XX:G1HeapRegionSize=32m -XX:+UseG1GC -Dnitro.debug.groupingRetained=true -Dcork.benchmark.task-concurrency=4 -Dcork.benchmark.output-directory=/home/martin/src/nitro.opt/benchmarks/trino-integration/20260816-nitro-c-opportunities/clickbench-q13-flat-retained-diagnostic
WARNING: Using incubator modules: jdk.incubator.vector
Aug 16, 2026 7:55:29 AM io.airlift.log.Logger info
INFO: Per-iteration EXPLAIN ANALYZE plans will be written under /home/martin/src/nitro.opt/benchmarks/trino-integration/20260816-nitro-c-opportunities/clickbench-q13-flat-retained-diagnostic/clickbench/explain
Aug 16, 2026 7:55:29 AM io.airlift.log.Logger info
INFO: Benchmark task concurrency: 4
2026-08-16T07:55:29.991Z	INFO	main	io.airlift.log.Logging	Logging to stderr
2026-08-16T07:55:30.037Z	INFO	main	stderr	SLF4J(W): Class path contains multiple SLF4J providers.
2026-08-16T07:55:30.037Z	INFO	main	stderr	SLF4J(W): Found provider [org.slf4j.jul.JULServiceProvider@38eb2c50]
2026-08-16T07:55:30.037Z	INFO	main	stderr	SLF4J(W): Found provider [org.slf4j.nop.NOPServiceProvider@8bffb8b]
2026-08-16T07:55:30.038Z	INFO	main	stderr	SLF4J(W): See https://www.slf4j.org/codes.html#multiple_bindings for an explanation.
2026-08-16T07:55:30.038Z	INFO	main	stderr	SLF4J(I): Actual provider is of type [org.slf4j.jul.JULServiceProvider@38eb2c50]
WARNING: A terminally deprecated method in sun.misc.Unsafe has been called
WARNING: sun.misc.Unsafe::staticFieldBase has been called by com.google.inject.internal.aop.HiddenClassDefiner (file:/root/.m2/repository/com/google/inject/guice/7.0.0/guice-7.0.0-classes.jar)
WARNING: Please consider reporting this to the maintainers of class com.google.inject.internal.aop.HiddenClassDefiner
WARNING: sun.misc.Unsafe::staticFieldBase will be removed in a future release
2026-08-16T07:55:30.594Z	INFO	main	io.trino.simd.BlockEncodingSimdSupport	Detected SIMD Support for architecture=amd64, vectorBitWidth=512: SimdSupport[capabilities=[NULL_BIT_PACKING, COMPRESS_BYTE, EXPAND_BYTE, COMPRESS_SHORT, EXPAND_SHORT, COMPRESS_INT, EXPAND_INT, COMPRESS_LONG, EXPAND_LONG]]
WARNING: A restricted method in java.lang.System has been called
WARNING: java.lang.System::loadLibrary has been called by com.aayushatharva.brotli4j.Brotli4jLoader in an unnamed module (file:/root/.m2/repository/com/aayushatharva/brotli4j/brotli4j/1.23.0/brotli4j-1.23.0.jar)
WARNING: Use --enable-native-access=ALL-UNNAMED to avoid a warning for callers in this module
WARNING: Restricted methods will be blocked in a future release unless native access is enabled

2026-08-16T07:55:31.614Z	INFO	main	io.trino.testing.DistributedQueryRunner	Created DistributedQueryRunner in 1.62s (unclosed instances = 1)
2026-08-16T07:55:31.615Z	INFO	main	io.trino.exchange.ExchangeManagerRegistry	-- Loading exchange manager filesystem --
2026-08-16T07:55:31.629Z	INFO	main	io.trino.exchange.ExchangeManagerRegistry	-- Loaded exchange manager filesystem --
2026-08-16T07:55:31.878Z	INFO	main	io.trino.tests.benchmark.BenchmarkHiveClickBench	Creating hive.clickbench.hits_raw at local:///root/data/clickbench
2026-08-16T07:55:32.035Z	INFO	main	io.trino.tests.benchmark.BenchmarkRunner	Running Trino at http://127.0.0.1:41437 (mode=NITRO)
2026-08-16T07:55:32.035Z	INFO	main	io.trino.tests.benchmark.BenchmarkRunner	Running clickbench benchmark: 0 suite warmup, 0 warmup, 1 measured runs, reporting average
2026-08-16T07:55:32.035Z	INFO	main	io.trino.tests.benchmark.BenchmarkRunner	Verifying table statistics for 0 table(s): []
2026-08-16T07:55:32.955Z	INFO	20260816_075532_00003_25qxm.0.0.0-5-75	stderr	[flat-retained] records=
2026-08-16T07:55:32.955Z	INFO	20260816_075532_00003_25qxm.0.0.0-5-75	stderr	466
2026-08-16T07:55:32.955Z	INFO	20260816_075532_00003_25qxm.0.0.0-5-75	stderr	 capacity=
2026-08-16T07:55:32.955Z	INFO	20260816_075532_00003_25qxm.0.0.0-5-75	stderr	16384
2026-08-16T07:55:32.955Z	INFO	20260816_075532_00003_25qxm.0.0.0-5-75	stderr	 total=
2026-08-16T07:55:32.955Z	INFO	20260816_075532_00003_25qxm.0.0.0-5-75	stderr	1869978
2026-08-16T07:55:32.955Z	INFO	20260816_075532_00003_25qxm.0.0.0-5-75	stderr	 control=
2026-08-16T07:55:32.955Z	INFO	20260816_075532_00003_25qxm.0.0.0-5-75	stderr	16392
2026-08-16T07:55:32.955Z	INFO	20260816_075532_00003_25qxm.0.0.0-5-75	stderr	 groupIds=
2026-08-16T07:55:32.955Z	INFO	20260816_075532_00003_25qxm.0.0.0-5-75	stderr	0
2026-08-16T07:55:32.955Z	INFO	20260816_075532_00003_25qxm.0.0.0-5-75	stderr	 recordIndexes=
2026-08-16T07:55:32.955Z	INFO	20260816_075532_00003_25qxm.0.0.0-5-75	stderr	65536
2026-08-16T07:55:32.955Z	INFO	20260816_075532_00003_25qxm.0.0.0-5-75	stderr	 hashRecords=
2026-08-16T07:55:32.955Z	INFO	20260816_075532_00003_25qxm.0.0.0-5-75	stderr	0
2026-08-16T07:55:32.955Z	INFO	20260816_075532_00003_25qxm.0.0.0-5-75	stderr	 reverse=
2026-08-16T07:55:32.955Z	INFO	20260816_075532_00003_25qxm.0.0.0-5-75	stderr	0
2026-08-16T07:55:32.955Z	INFO	20260816_075532_00003_25qxm.0.0.0-5-75	stderr	 fixed=
2026-08-16T07:55:32.955Z	INFO	20260816_075532_00003_25qxm.0.0.0-5-75	stderr	475136
2026-08-16T07:55:32.955Z	INFO	20260816_075532_00003_25qxm.0.0.0-5-75	stderr	 variable=
2026-08-16T07:55:32.955Z	INFO	20260816_075532_00003_25qxm.0.0.0-5-75	stderr	1048584
2026-08-16T07:55:32.955Z	INFO	20260816_075532_00003_25qxm.0.0.0-5-75	stderr	 layout=
2026-08-16T07:55:32.955Z	INFO	20260816_075532_00003_25qxm.0.0.0-5-75	stderr	184466
2026-08-16T07:55:32.955Z	INFO	20260816_075532_00003_25qxm.0.0.0-5-75	stderr	 batchHashes=
2026-08-16T07:55:32.955Z	INFO	20260816_075532_00003_25qxm.0.0.0-5-75	stderr	79856
2026-08-16T07:55:32.957Z	INFO	20260816_075532_00003_25qxm.0.0.0-10-85	stderr	[flat-retained] records=
2026-08-16T07:55:32.957Z	INFO	20260816_075532_00003_25qxm.0.0.0-10-85	stderr	2181
2026-08-16T07:55:32.957Z	INFO	20260816_075532_00003_25qxm.0.0.0-10-85	stderr	 capacity=
2026-08-16T07:55:32.957Z	INFO	20260816_075532_00003_25qxm.0.0.0-10-85	stderr	16384
2026-08-16T07:55:32.957Z	INFO	20260816_075532_00003_25qxm.0.0.0-10-85	stderr	 total=
2026-08-16T07:55:32.957Z	INFO	20260816_075532_00003_25qxm.0.0.0-10-85	stderr	2465138
2026-08-16T07:55:32.957Z	INFO	20260816_075532_00003_25qxm.0.0.0-10-85	stderr	 control=
2026-08-16T07:55:32.957Z	INFO	20260816_075532_00003_25qxm.0.0.0-10-85	stderr	16392
2026-08-16T07:55:32.957Z	INFO	20260816_075532_00003_25qxm.0.0.0-10-85	stderr	 groupIds=
2026-08-16T07:55:32.957Z	INFO	20260816_075532_00003_25qxm.0.0.0-10-85	stderr	0
2026-08-16T07:55:32.957Z	INFO	20260816_075532_00003_25qxm.0.0.0-10-85	stderr	 recordIndexes=
2026-08-16T07:55:32.957Z	INFO	20260816_075532_00003_25qxm.0.0.0-10-85	stderr	65536
2026-08-16T07:55:32.957Z	INFO	20260816_075532_00003_25qxm.0.0.0-10-85	stderr	 hashRecords=
2026-08-16T07:55:32.957Z	INFO	20260816_075532_00003_25qxm.0.0.0-10-85	stderr	0
2026-08-16T07:55:32.957Z	INFO	20260816_075532_00003_25qxm.0.0.0-10-85	stderr	 reverse=
2026-08-16T07:55:32.957Z	INFO	20260816_075532_00003_25qxm.0.0.0-10-85	stderr	0
2026-08-16T07:55:32.957Z	INFO	20260816_075532_00003_25qxm.0.0.0-10-85	stderr	 fixed=
2026-08-16T07:55:32.957Z	INFO	20260816_075532_00003_25qxm.0.0.0-10-85	stderr	475136
2026-08-16T07:55:32.957Z	INFO	20260816_075532_00003_25qxm.0.0.0-10-85	stderr	 variable=
2026-08-16T07:55:32.957Z	INFO	20260816_075532_00003_25qxm.0.0.0-10-85	stderr	1048584
2026-08-16T07:55:32.957Z	INFO	20260816_075532_00003_25qxm.0.0.0-10-85	stderr	 layout=
2026-08-16T07:55:32.957Z	INFO	20260816_075532_00003_25qxm.0.0.0-10-85	stderr	539490
2026-08-16T07:55:32.957Z	INFO	20260816_075532_00003_25qxm.0.0.0-10-85	stderr	 batchHashes=
2026-08-16T07:55:32.957Z	INFO	20260816_075532_00003_25qxm.0.0.0-10-85	stderr	319992
2026-08-16T07:55:32.964Z	INFO	20260816_075532_00003_25qxm.0.0.0-11-86	stderr	[flat-retained] records=
2026-08-16T07:55:32.964Z	INFO	20260816_075532_00003_25qxm.0.0.0-11-86	stderr	1981
2026-08-16T07:55:32.965Z	INFO	20260816_075532_00003_25qxm.0.0.0-11-86	stderr	 capacity=
2026-08-16T07:55:32.965Z	INFO	20260816_075532_00003_25qxm.0.0.0-11-86	stderr	16384
2026-08-16T07:55:32.965Z	INFO	20260816_075532_00003_25qxm.0.0.0-11-86	stderr	 total=
2026-08-16T07:55:32.965Z	INFO	20260816_075532_00003_25qxm.0.0.0-11-86	stderr	2449866
2026-08-16T07:55:32.965Z	INFO	20260816_075532_00003_25qxm.0.0.0-11-86	stderr	 control=
2026-08-16T07:55:32.965Z	INFO	20260816_075532_00003_25qxm.0.0.0-11-86	stderr	16392
2026-08-16T07:55:32.965Z	INFO	20260816_075532_00003_25qxm.0.0.0-11-86	stderr	 groupIds=
2026-08-16T07:55:32.965Z	INFO	20260816_075532_00003_25qxm.0.0.0-11-86	stderr	0
2026-08-16T07:55:32.965Z	INFO	20260816_075532_00003_25qxm.0.0.0-11-86	stderr	 recordIndexes=
2026-08-16T07:55:32.965Z	INFO	20260816_075532_00003_25qxm.0.0.0-11-86	stderr	65536
2026-08-16T07:55:32.965Z	INFO	20260816_075532_00003_25qxm.0.0.0-11-86	stderr	 hashRecords=
2026-08-16T07:55:32.965Z	INFO	20260816_075532_00003_25qxm.0.0.0-11-86	stderr	0
2026-08-16T07:55:32.965Z	INFO	20260816_075532_00003_25qxm.0.0.0-11-86	stderr	 reverse=
2026-08-16T07:55:32.965Z	INFO	20260816_075532_00003_25qxm.0.0.0-11-86	stderr	0
2026-08-16T07:55:32.965Z	INFO	20260816_075532_00003_25qxm.0.0.0-11-86	stderr	 fixed=
2026-08-16T07:55:32.965Z	INFO	20260816_075532_00003_25qxm.0.0.0-11-86	stderr	475136
2026-08-16T07:55:32.965Z	INFO	20260816_075532_00003_25qxm.0.0.0-11-86	stderr	 variable=
2026-08-16T07:55:32.965Z	INFO	20260816_075532_00003_25qxm.0.0.0-11-86	stderr	1048584
2026-08-16T07:55:32.965Z	INFO	20260816_075532_00003_25qxm.0.0.0-11-86	stderr	 layout=
2026-08-16T07:55:32.965Z	INFO	20260816_075532_00003_25qxm.0.0.0-11-86	stderr	524306
2026-08-16T07:55:32.965Z	INFO	20260816_075532_00003_25qxm.0.0.0-11-86	stderr	 batchHashes=
2026-08-16T07:55:32.965Z	INFO	20260816_075532_00003_25qxm.0.0.0-11-86	stderr	319904
2026-08-16T07:55:32.969Z	INFO	20260816_075532_00003_25qxm.0.0.0-9-84	stderr	[flat-retained] records=
2026-08-16T07:55:32.969Z	INFO	20260816_075532_00003_25qxm.0.0.0-9-84	stderr	1632
2026-08-16T07:55:32.969Z	INFO	20260816_075532_00003_25qxm.0.0.0-9-84	stderr	 capacity=
2026-08-16T07:55:32.969Z	INFO	20260816_075532_00003_25qxm.0.0.0-9-84	stderr	16384
2026-08-16T07:55:32.969Z	INFO	20260816_075532_00003_25qxm.0.0.0-9-84	stderr	 total=
2026-08-16T07:55:32.969Z	INFO	20260816_075532_00003_25qxm.0.0.0-9-84	stderr	2095274
2026-08-16T07:55:32.969Z	INFO	20260816_075532_00003_25qxm.0.0.0-9-84	stderr	 control=
2026-08-16T07:55:32.969Z	INFO	20260816_075532_00003_25qxm.0.0.0-9-84	stderr	16392
2026-08-16T07:55:32.969Z	INFO	20260816_075532_00003_25qxm.0.0.0-9-84	stderr	 groupIds=
2026-08-16T07:55:32.969Z	INFO	20260816_075532_00003_25qxm.0.0.0-9-84	stderr	0
2026-08-16T07:55:32.969Z	INFO	20260816_075532_00003_25qxm.0.0.0-9-84	stderr	 recordIndexes=
2026-08-16T07:55:32.969Z	INFO	20260816_075532_00003_25qxm.0.0.0-9-84	stderr	65536
2026-08-16T07:55:32.969Z	INFO	20260816_075532_00003_25qxm.0.0.0-9-84	stderr	 hashRecords=
2026-08-16T07:55:32.970Z	INFO	20260816_075532_00003_25qxm.0.0.0-9-84	stderr	0
2026-08-16T07:55:32.970Z	INFO	20260816_075532_00003_25qxm.0.0.0-9-84	stderr	 reverse=
2026-08-16T07:55:32.970Z	INFO	20260816_075532_00003_25qxm.0.0.0-9-84	stderr	0
2026-08-16T07:55:32.970Z	INFO	20260816_075532_00003_25qxm.0.0.0-9-84	stderr	 fixed=
2026-08-16T07:55:32.970Z	INFO	20260816_075532_00003_25qxm.0.0.0-9-84	stderr	475136
2026-08-16T07:55:32.970Z	INFO	20260816_075532_00003_25qxm.0.0.0-9-84	stderr	 variable=
2026-08-16T07:55:32.970Z	INFO	20260816_075532_00003_25qxm.0.0.0-9-84	stderr	1048584
2026-08-16T07:55:32.970Z	INFO	20260816_075532_00003_25qxm.0.0.0-9-84	stderr	 layout=
2026-08-16T07:55:32.970Z	INFO	20260816_075532_00003_25qxm.0.0.0-9-84	stderr	409634
2026-08-16T07:55:32.970Z	INFO	20260816_075532_00003_25qxm.0.0.0-9-84	stderr	 batchHashes=
2026-08-16T07:55:32.970Z	INFO	20260816_075532_00003_25qxm.0.0.0-9-84	stderr	79984
2026-08-16T07:55:32.980Z	INFO	20260816_075532_00003_25qxm.0.0.0-16-76	stderr	[flat-retained] records=
2026-08-16T07:55:32.980Z	INFO	20260816_075532_00003_25qxm.0.0.0-16-76	stderr	2521
2026-08-16T07:55:32.980Z	INFO	20260816_075532_00003_25qxm.0.0.0-16-76	stderr	 capacity=
2026-08-16T07:55:32.980Z	INFO	20260816_075532_00003_25qxm.0.0.0-16-76	stderr	16384
2026-08-16T07:55:32.980Z	INFO	20260816_075532_00003_25qxm.0.0.0-16-76	stderr	 total=
2026-08-16T07:55:32.980Z	INFO	20260816_075532_00003_25qxm.0.0.0-16-76	stderr	2519542
2026-08-16T07:55:32.980Z	INFO	20260816_075532_00003_25qxm.0.0.0-16-76	stderr	 control=
2026-08-16T07:55:32.980Z	INFO	20260816_075532_00003_25qxm.0.0.0-16-76	stderr	16392
2026-08-16T07:55:32.980Z	INFO	20260816_075532_00003_25qxm.0.0.0-16-76	stderr	 groupIds=
2026-08-16T07:55:32.980Z	INFO	20260816_075532_00003_25qxm.0.0.0-16-76	stderr	0
2026-08-16T07:55:32.980Z	INFO	20260816_075532_00003_25qxm.0.0.0-16-76	stderr	 recordIndexes=
2026-08-16T07:55:32.980Z	INFO	20260816_075532_00003_25qxm.0.0.0-16-76	stderr	65536
2026-08-16T07:55:32.980Z	INFO	20260816_075532_00003_25qxm.0.0.0-16-76	stderr	 hashRecords=
2026-08-16T07:55:32.980Z	INFO	20260816_075532_00003_25qxm.0.0.0-16-76	stderr	0
2026-08-16T07:55:32.980Z	INFO	20260816_075532_00003_25qxm.0.0.0-16-76	stderr	 reverse=
2026-08-16T07:55:32.980Z	INFO	20260816_075532_00003_25qxm.0.0.0-16-76	stderr	0
2026-08-16T07:55:32.980Z	INFO	20260816_075532_00003_25qxm.0.0.0-16-76	stderr	 fixed=
2026-08-16T07:55:32.980Z	INFO	20260816_075532_00003_25qxm.0.0.0-16-76	stderr	475136
2026-08-16T07:55:32.980Z	INFO	20260816_075532_00003_25qxm.0.0.0-16-76	stderr	 variable=
2026-08-16T07:55:32.980Z	INFO	20260816_075532_00003_25qxm.0.0.0-16-76	stderr	1048584
2026-08-16T07:55:32.980Z	INFO	20260816_075532_00003_25qxm.0.0.0-16-76	stderr	 layout=
2026-08-16T07:55:32.980Z	INFO	20260816_075532_00003_25qxm.0.0.0-16-76	stderr	594246
2026-08-16T07:55:32.980Z	INFO	20260816_075532_00003_25qxm.0.0.0-16-76	stderr	 batchHashes=
2026-08-16T07:55:32.980Z	INFO	20260816_075532_00003_25qxm.0.0.0-16-76	stderr	319640
2026-08-16T07:55:32.988Z	INFO	20260816_075532_00003_25qxm.0.0.0-7-82	stderr	[flat-retained] records=
2026-08-16T07:55:32.988Z	INFO	20260816_075532_00003_25qxm.0.0.0-7-82	stderr	2858
2026-08-16T07:55:32.988Z	INFO	20260816_075532_00003_25qxm.0.0.0-7-82	stderr	 capacity=
2026-08-16T07:55:32.988Z	INFO	20260816_075532_00003_25qxm.0.0.0-7-82	stderr	16384
2026-08-16T07:55:32.988Z	INFO	20260816_075532_00003_25qxm.0.0.0-7-82	stderr	 total=
2026-08-16T07:55:32.988Z	INFO	20260816_075532_00003_25qxm.0.0.0-7-82	stderr	2087314
2026-08-16T07:55:32.988Z	INFO	20260816_075532_00003_25qxm.0.0.0-7-82	stderr	 control=
2026-08-16T07:55:32.988Z	INFO	20260816_075532_00003_25qxm.0.0.0-7-82	stderr	16392
2026-08-16T07:55:32.988Z	INFO	20260816_075532_00003_25qxm.0.0.0-7-82	stderr	 groupIds=
2026-08-16T07:55:32.988Z	INFO	20260816_075532_00003_25qxm.0.0.0-7-82	stderr	0
2026-08-16T07:55:32.988Z	INFO	20260816_075532_00003_25qxm.0.0.0-7-82	stderr	 recordIndexes=
2026-08-16T07:55:32.988Z	INFO	20260816_075532_00003_25qxm.0.0.0-7-82	stderr	65536
2026-08-16T07:55:32.988Z	INFO	20260816_075532_00003_25qxm.0.0.0-7-82	stderr	 hashRecords=
2026-08-16T07:55:32.988Z	INFO	20260816_075532_00003_25qxm.0.0.0-7-82	stderr	0
2026-08-16T07:55:32.988Z	INFO	20260816_075532_00003_25qxm.0.0.0-7-82	stderr	 reverse=
2026-08-16T07:55:32.988Z	INFO	20260816_075532_00003_25qxm.0.0.0-7-82	stderr	0
2026-08-16T07:55:32.988Z	INFO	20260816_075532_00003_25qxm.0.0.0-7-82	stderr	 fixed=
2026-08-16T07:55:32.988Z	INFO	20260816_075532_00003_25qxm.0.0.0-7-82	stderr	475136
2026-08-16T07:55:32.988Z	INFO	20260816_075532_00003_25qxm.0.0.0-7-82	stderr	 variable=
2026-08-16T07:55:32.988Z	INFO	20260816_075532_00003_25qxm.0.0.0-7-82	stderr	1048584
2026-08-16T07:55:32.988Z	INFO	20260816_075532_00003_25qxm.0.0.0-7-82	stderr	 layout=
2026-08-16T07:55:32.988Z	INFO	20260816_075532_00003_25qxm.0.0.0-7-82	stderr	401674
2026-08-16T07:55:32.988Z	INFO	20260816_075532_00003_25qxm.0.0.0-7-82	stderr	 batchHashes=
2026-08-16T07:55:32.988Z	INFO	20260816_075532_00003_25qxm.0.0.0-7-82	stderr	79984
2026-08-16T07:55:33.006Z	INFO	20260816_075532_00003_25qxm.0.0.0-13-78	stderr	[flat-retained] records=
2026-08-16T07:55:33.006Z	INFO	20260816_075532_00003_25qxm.0.0.0-13-78	stderr	1948
2026-08-16T07:55:33.006Z	INFO	20260816_075532_00003_25qxm.0.0.0-13-78	stderr	 capacity=
2026-08-16T07:55:33.006Z	INFO	20260816_075532_00003_25qxm.0.0.0-13-78	stderr	16384
2026-08-16T07:55:33.006Z	INFO	20260816_075532_00003_25qxm.0.0.0-13-78	stderr	 total=
2026-08-16T07:55:33.006Z	INFO	20260816_075532_00003_25qxm.0.0.0-13-78	stderr	2115410
2026-08-16T07:55:33.006Z	INFO	20260816_075532_00003_25qxm.0.0.0-13-78	stderr	 control=
2026-08-16T07:55:33.006Z	INFO	20260816_075532_00003_25qxm.0.0.0-13-78	stderr	16392
2026-08-16T07:55:33.006Z	INFO	20260816_075532_00003_25qxm.0.0.0-13-78	stderr	 groupIds=
2026-08-16T07:55:33.006Z	INFO	20260816_075532_00003_25qxm.0.0.0-13-78	stderr	0
2026-08-16T07:55:33.006Z	INFO	20260816_075532_00003_25qxm.0.0.0-13-78	stderr	 recordIndexes=
2026-08-16T07:55:33.006Z	INFO	20260816_075532_00003_25qxm.0.0.0-13-78	stderr	65536
2026-08-16T07:55:33.006Z	INFO	20260816_075532_00003_25qxm.0.0.0-13-78	stderr	 hashRecords=
2026-08-16T07:55:33.006Z	INFO	20260816_075532_00003_25qxm.0.0.0-13-78	stderr	0
2026-08-16T07:55:33.006Z	INFO	20260816_075532_00003_25qxm.0.0.0-13-78	stderr	 reverse=
2026-08-16T07:55:33.006Z	INFO	20260816_075532_00003_25qxm.0.0.0-13-78	stderr	0
2026-08-16T07:55:33.006Z	INFO	20260816_075532_00003_25qxm.0.0.0-13-78	stderr	 fixed=
2026-08-16T07:55:33.006Z	INFO	20260816_075532_00003_25qxm.0.0.0-13-78	stderr	475136
2026-08-16T07:55:33.006Z	INFO	20260816_075532_00003_25qxm.0.0.0-13-78	stderr	 variable=
2026-08-16T07:55:33.006Z	INFO	20260816_075532_00003_25qxm.0.0.0-13-78	stderr	1048584
2026-08-16T07:55:33.006Z	INFO	20260816_075532_00003_25qxm.0.0.0-13-78	stderr	 layout=
2026-08-16T07:55:33.006Z	INFO	20260816_075532_00003_25qxm.0.0.0-13-78	stderr	429810
2026-08-16T07:55:33.006Z	INFO	20260816_075532_00003_25qxm.0.0.0-13-78	stderr	 batchHashes=
2026-08-16T07:55:33.006Z	INFO	20260816_075532_00003_25qxm.0.0.0-13-78	stderr	79944
2026-08-16T07:55:33.035Z	INFO	20260816_075532_00003_25qxm.0.0.0-15-79	stderr	[flat-retained] records=
2026-08-16T07:55:33.035Z	INFO	20260816_075532_00003_25qxm.0.0.0-15-79	stderr	2108
2026-08-16T07:55:33.035Z	INFO	20260816_075532_00003_25qxm.0.0.0-15-79	stderr	 capacity=
2026-08-16T07:55:33.035Z	INFO	20260816_075532_00003_25qxm.0.0.0-15-79	stderr	16384
2026-08-16T07:55:33.035Z	INFO	20260816_075532_00003_25qxm.0.0.0-15-79	stderr	 total=
2026-08-16T07:55:33.035Z	INFO	20260816_075532_00003_25qxm.0.0.0-15-79	stderr	2152922
2026-08-16T07:55:33.035Z	INFO	20260816_075532_00003_25qxm.0.0.0-15-79	stderr	 control=
2026-08-16T07:55:33.035Z	INFO	20260816_075532_00003_25qxm.0.0.0-15-79	stderr	16392
2026-08-16T07:55:33.035Z	INFO	20260816_075532_00003_25qxm.0.0.0-15-79	stderr	 groupIds=
2026-08-16T07:55:33.035Z	INFO	20260816_075532_00003_25qxm.0.0.0-15-79	stderr	0
2026-08-16T07:55:33.035Z	INFO	20260816_075532_00003_25qxm.0.0.0-15-79	stderr	 recordIndexes=
2026-08-16T07:55:33.035Z	INFO	20260816_075532_00003_25qxm.0.0.0-15-79	stderr	65536
2026-08-16T07:55:33.035Z	INFO	20260816_075532_00003_25qxm.0.0.0-15-79	stderr	 hashRecords=
2026-08-16T07:55:33.035Z	INFO	20260816_075532_00003_25qxm.0.0.0-15-79	stderr	0
2026-08-16T07:55:33.035Z	INFO	20260816_075532_00003_25qxm.0.0.0-15-79	stderr	 reverse=
2026-08-16T07:55:33.035Z	INFO	20260816_075532_00003_25qxm.0.0.0-15-79	stderr	0
2026-08-16T07:55:33.035Z	INFO	20260816_075532_00003_25qxm.0.0.0-15-79	stderr	 fixed=
2026-08-16T07:55:33.035Z	INFO	20260816_075532_00003_25qxm.0.0.0-15-79	stderr	475136
2026-08-16T07:55:33.035Z	INFO	20260816_075532_00003_25qxm.0.0.0-15-79	stderr	 variable=
2026-08-16T07:55:33.035Z	INFO	20260816_075532_00003_25qxm.0.0.0-15-79	stderr	1048584
2026-08-16T07:55:33.035Z	INFO	20260816_075532_00003_25qxm.0.0.0-15-79	stderr	 layout=
2026-08-16T07:55:33.035Z	INFO	20260816_075532_00003_25qxm.0.0.0-15-79	stderr	467274
2026-08-16T07:55:33.035Z	INFO	20260816_075532_00003_25qxm.0.0.0-15-79	stderr	 batchHashes=
2026-08-16T07:55:33.035Z	INFO	20260816_075532_00003_25qxm.0.0.0-15-79	stderr	79992
2026-08-16T07:55:33.044Z	INFO	20260816_075532_00003_25qxm.0.0.0-3-76	stderr	[flat-retained] records=
2026-08-16T07:55:33.044Z	INFO	20260816_075532_00003_25qxm.0.0.0-3-76	stderr	0
2026-08-16T07:55:33.044Z	INFO	20260816_075532_00003_25qxm.0.0.0-3-76	stderr	 capacity=
2026-08-16T07:55:33.044Z	INFO	20260816_075532_00003_25qxm.0.0.0-3-76	stderr	16384
2026-08-16T07:55:33.044Z	INFO	20260816_075532_00003_25qxm.0.0.0-3-76	stderr	 total=
2026-08-16T07:55:33.044Z	INFO	20260816_075532_00003_25qxm.0.0.0-3-76	stderr	1247821
2026-08-16T07:55:33.044Z	INFO	20260816_075532_00003_25qxm.0.0.0-3-76	stderr	 control=
2026-08-16T07:55:33.044Z	INFO	20260816_075532_00003_25qxm.0.0.0-3-76	stderr	16392
2026-08-16T07:55:33.044Z	INFO	20260816_075532_00003_25qxm.0.0.0-3-76	stderr	 groupIds=
2026-08-16T07:55:33.044Z	INFO	20260816_075532_00003_25qxm.0.0.0-3-76	stderr	65536
2026-08-16T07:55:33.044Z	INFO	20260816_075532_00003_25qxm.0.0.0-3-76	stderr	 recordIndexes=
2026-08-16T07:55:33.044Z	INFO	20260816_075532_00003_25qxm.0.0.0-3-76	stderr	65536
2026-08-16T07:55:33.044Z	INFO	20260816_075532_00003_25qxm.0.0.0-3-76	stderr	 hashRecords=
2026-08-16T07:55:33.044Z	INFO	20260816_075532_00003_25qxm.0.0.0-3-76	stderr	0
2026-08-16T07:55:33.044Z	INFO	20260816_075532_00003_25qxm.0.0.0-3-76	stderr	 reverse=
2026-08-16T07:55:33.044Z	INFO	20260816_075532_00003_25qxm.0.0.0-3-76	stderr	51720
2026-08-16T07:55:33.044Z	INFO	20260816_075532_00003_25qxm.0.0.0-3-76	stderr	 fixed=
2026-08-16T07:55:33.044Z	INFO	20260816_075532_00003_25qxm.0.0.0-3-76	stderr	0
2026-08-16T07:55:33.044Z	INFO	20260816_075532_00003_25qxm.0.0.0-3-76	stderr	 variable=
2026-08-16T07:55:33.044Z	INFO	20260816_075532_00003_25qxm.0.0.0-3-76	stderr	1048584
2026-08-16T07:55:33.044Z	INFO	20260816_075532_00003_25qxm.0.0.0-3-76	stderr	 layout=
2026-08-16T07:55:33.044Z	INFO	20260816_075532_00003_25qxm.0.0.0-3-76	stderr	45
2026-08-16T07:55:33.044Z	INFO	20260816_075532_00003_25qxm.0.0.0-3-76	stderr	 batchHashes=
2026-08-16T07:55:33.044Z	INFO	20260816_075532_00003_25qxm.0.0.0-3-76	stderr	0
2026-08-16T07:55:33.044Z	INFO	20260816_075532_00003_25qxm.0.0.0-1-75	stderr	[flat-retained] records=
2026-08-16T07:55:33.044Z	INFO	20260816_075532_00003_25qxm.0.0.0-1-75	stderr	0
2026-08-16T07:55:33.044Z	INFO	20260816_075532_00003_25qxm.0.0.0-1-75	stderr	 capacity=
2026-08-16T07:55:33.044Z	INFO	20260816_075532_00003_25qxm.0.0.0-1-75	stderr	16384
2026-08-16T07:55:33.044Z	INFO	20260816_075532_00003_25qxm.0.0.0-1-75	stderr	 total=
2026-08-16T07:55:33.044Z	INFO	20260816_075532_00003_25qxm.0.0.0-1-75	stderr	1248853
2026-08-16T07:55:33.044Z	INFO	20260816_075532_00003_25qxm.0.0.0-1-75	stderr	 control=
2026-08-16T07:55:33.044Z	INFO	20260816_075532_00003_25qxm.0.0.0-1-75	stderr	16392
2026-08-16T07:55:33.044Z	INFO	20260816_075532_00003_25qxm.0.0.0-1-75	stderr	 groupIds=
2026-08-16T07:55:33.044Z	INFO	20260816_075532_00003_25qxm.0.0.0-1-75	stderr	65536
2026-08-16T07:55:33.044Z	INFO	20260816_075532_00003_25qxm.0.0.0-1-75	stderr	 recordIndexes=
2026-08-16T07:55:33.044Z	INFO	20260816_075532_00003_25qxm.0.0.0-1-75	stderr	65536
2026-08-16T07:55:33.044Z	INFO	20260816_075532_00003_25qxm.0.0.0-1-75	stderr	 hashRecords=
2026-08-16T07:55:33.044Z	INFO	20260816_075532_00003_25qxm.0.0.0-1-75	stderr	0
2026-08-16T07:55:33.044Z	INFO	20260816_075532_00003_25qxm.0.0.0-1-75	stderr	 reverse=
2026-08-16T07:55:33.044Z	INFO	20260816_075532_00003_25qxm.0.0.0-1-75	stderr	52752
2026-08-16T07:55:33.044Z	INFO	20260816_075532_00003_25qxm.0.0.0-1-75	stderr	 fixed=
2026-08-16T07:55:33.044Z	INFO	20260816_075532_00003_25qxm.0.0.0-1-75	stderr	0
2026-08-16T07:55:33.044Z	INFO	20260816_075532_00003_25qxm.0.0.0-1-75	stderr	 variable=
2026-08-16T07:55:33.044Z	INFO	20260816_075532_00003_25qxm.0.0.0-1-75	stderr	1048584
2026-08-16T07:55:33.044Z	INFO	20260816_075532_00003_25qxm.0.0.0-1-75	stderr	 layout=
2026-08-16T07:55:33.044Z	INFO	20260816_075532_00003_25qxm.0.0.0-1-75	stderr	45
2026-08-16T07:55:33.044Z	INFO	20260816_075532_00003_25qxm.0.0.0-1-75	stderr	 batchHashes=
2026-08-16T07:55:33.045Z	INFO	20260816_075532_00003_25qxm.0.0.0-1-75	stderr	0
2026-08-16T07:55:33.047Z	INFO	20260816_075532_00003_25qxm.0.0.0-2-86	stderr	[flat-retained] records=
2026-08-16T07:55:33.047Z	INFO	20260816_075532_00003_25qxm.0.0.0-2-86	stderr	0
2026-08-16T07:55:33.047Z	INFO	20260816_075532_00003_25qxm.0.0.0-2-86	stderr	 capacity=
2026-08-16T07:55:33.047Z	INFO	20260816_075532_00003_25qxm.0.0.0-2-86	stderr	16384
2026-08-16T07:55:33.047Z	INFO	20260816_075532_00003_25qxm.0.0.0-2-86	stderr	 total=
2026-08-16T07:55:33.047Z	INFO	20260816_075532_00003_25qxm.0.0.0-2-86	stderr	1246153
2026-08-16T07:55:33.047Z	INFO	20260816_075532_00003_25qxm.0.0.0-2-86	stderr	 control=
2026-08-16T07:55:33.047Z	INFO	20260816_075532_00003_25qxm.0.0.0-2-86	stderr	16392
2026-08-16T07:55:33.047Z	INFO	20260816_075532_00003_25qxm.0.0.0-2-86	stderr	 groupIds=
2026-08-16T07:55:33.047Z	INFO	20260816_075532_00003_25qxm.0.0.0-2-86	stderr	65536
2026-08-16T07:55:33.047Z	INFO	20260816_075532_00003_25qxm.0.0.0-2-86	stderr	 recordIndexes=
2026-08-16T07:55:33.047Z	INFO	20260816_075532_00003_25qxm.0.0.0-2-86	stderr	65536
2026-08-16T07:55:33.047Z	INFO	20260816_075532_00003_25qxm.0.0.0-2-86	stderr	 hashRecords=
2026-08-16T07:55:33.047Z	INFO	20260816_075532_00003_25qxm.0.0.0-2-86	stderr	0
2026-08-16T07:55:33.047Z	INFO	20260816_075532_00003_25qxm.0.0.0-2-86	stderr	 reverse=
2026-08-16T07:55:33.047Z	INFO	20260816_075532_00003_25qxm.0.0.0-2-86	stderr	50052
2026-08-16T07:55:33.047Z	INFO	20260816_075532_00003_25qxm.0.0.0-2-86	stderr	 fixed=
2026-08-16T07:55:33.047Z	INFO	20260816_075532_00003_25qxm.0.0.0-2-86	stderr	0
2026-08-16T07:55:33.047Z	INFO	20260816_075532_00003_25qxm.0.0.0-2-86	stderr	 variable=
2026-08-16T07:55:33.047Z	INFO	20260816_075532_00003_25qxm.0.0.0-2-86	stderr	1048584
2026-08-16T07:55:33.047Z	INFO	20260816_075532_00003_25qxm.0.0.0-2-86	stderr	 layout=
2026-08-16T07:55:33.047Z	INFO	20260816_075532_00003_25qxm.0.0.0-2-86	stderr	45
2026-08-16T07:55:33.047Z	INFO	20260816_075532_00003_25qxm.0.0.0-2-86	stderr	 batchHashes=
2026-08-16T07:55:33.047Z	INFO	20260816_075532_00003_25qxm.0.0.0-2-86	stderr	0
2026-08-16T07:55:33.048Z	INFO	20260816_075532_00003_25qxm.0.0.0-0-85	stderr	[flat-retained] records=
2026-08-16T07:55:33.048Z	INFO	20260816_075532_00003_25qxm.0.0.0-0-85	stderr	0
2026-08-16T07:55:33.048Z	INFO	20260816_075532_00003_25qxm.0.0.0-0-85	stderr	 capacity=
2026-08-16T07:55:33.048Z	INFO	20260816_075532_00003_25qxm.0.0.0-0-85	stderr	16384
2026-08-16T07:55:33.048Z	INFO	20260816_075532_00003_25qxm.0.0.0-0-85	stderr	 total=
2026-08-16T07:55:33.048Z	INFO	20260816_075532_00003_25qxm.0.0.0-0-85	stderr	1245301
2026-08-16T07:55:33.048Z	INFO	20260816_075532_00003_25qxm.0.0.0-0-85	stderr	 control=
2026-08-16T07:55:33.048Z	INFO	20260816_075532_00003_25qxm.0.0.0-0-85	stderr	16392
2026-08-16T07:55:33.048Z	INFO	20260816_075532_00003_25qxm.0.0.0-0-85	stderr	 groupIds=
2026-08-16T07:55:33.048Z	INFO	20260816_075532_00003_25qxm.0.0.0-0-85	stderr	65536
2026-08-16T07:55:33.048Z	INFO	20260816_075532_00003_25qxm.0.0.0-0-85	stderr	 recordIndexes=
2026-08-16T07:55:33.048Z	INFO	20260816_075532_00003_25qxm.0.0.0-0-85	stderr	65536
2026-08-16T07:55:33.048Z	INFO	20260816_075532_00003_25qxm.0.0.0-0-85	stderr	 hashRecords=
2026-08-16T07:55:33.048Z	INFO	20260816_075532_00003_25qxm.0.0.0-0-85	stderr	0
2026-08-16T07:55:33.048Z	INFO	20260816_075532_00003_25qxm.0.0.0-0-85	stderr	 reverse=
2026-08-16T07:55:33.048Z	INFO	20260816_075532_00003_25qxm.0.0.0-0-85	stderr	49200
2026-08-16T07:55:33.048Z	INFO	20260816_075532_00003_25qxm.0.0.0-0-85	stderr	 fixed=
2026-08-16T07:55:33.048Z	INFO	20260816_075532_00003_25qxm.0.0.0-0-85	stderr	0
2026-08-16T07:55:33.048Z	INFO	20260816_075532_00003_25qxm.0.0.0-0-85	stderr	 variable=
2026-08-16T07:55:33.048Z	INFO	20260816_075532_00003_25qxm.0.0.0-0-85	stderr	1048584
2026-08-16T07:55:33.048Z	INFO	20260816_075532_00003_25qxm.0.0.0-0-85	stderr	 layout=
2026-08-16T07:55:33.048Z	INFO	20260816_075532_00003_25qxm.0.0.0-0-85	stderr	45
2026-08-16T07:55:33.049Z	INFO	20260816_075532_00003_25qxm.0.0.0-0-85	stderr	 batchHashes=
2026-08-16T07:55:33.049Z	INFO	20260816_075532_00003_25qxm.0.0.0-0-85	stderr	0
2026-08-16T07:55:33.049Z	INFO	20260816_075532_00003_25qxm.0.0.0-6-81	stderr	[flat-retained] records=
2026-08-16T07:55:33.049Z	INFO	20260816_075532_00003_25qxm.0.0.0-6-81	stderr	550
2026-08-16T07:55:33.049Z	INFO	20260816_075532_00003_25qxm.0.0.0-6-81	stderr	 capacity=
2026-08-16T07:55:33.049Z	INFO	20260816_075532_00003_25qxm.0.0.0-6-81	stderr	16384
2026-08-16T07:55:33.049Z	INFO	20260816_075532_00003_25qxm.0.0.0-6-81	stderr	 total=
2026-08-16T07:55:33.049Z	INFO	20260816_075532_00003_25qxm.0.0.0-6-81	stderr	2297426
2026-08-16T07:55:33.049Z	INFO	20260816_075532_00003_25qxm.0.0.0-6-81	stderr	 control=
2026-08-16T07:55:33.049Z	INFO	20260816_075532_00003_25qxm.0.0.0-6-81	stderr	16392
2026-08-16T07:55:33.049Z	INFO	20260816_075532_00003_25qxm.0.0.0-6-81	stderr	 groupIds=
2026-08-16T07:55:33.049Z	INFO	20260816_075532_00003_25qxm.0.0.0-6-81	stderr	0
2026-08-16T07:55:33.049Z	INFO	20260816_075532_00003_25qxm.0.0.0-6-81	stderr	 recordIndexes=
2026-08-16T07:55:33.049Z	INFO	20260816_075532_00003_25qxm.0.0.0-6-81	stderr	65536
2026-08-16T07:55:33.049Z	INFO	20260816_075532_00003_25qxm.0.0.0-6-81	stderr	 hashRecords=
2026-08-16T07:55:33.049Z	INFO	20260816_075532_00003_25qxm.0.0.0-6-81	stderr	0
2026-08-16T07:55:33.049Z	INFO	20260816_075532_00003_25qxm.0.0.0-6-81	stderr	 reverse=
2026-08-16T07:55:33.049Z	INFO	20260816_075532_00003_25qxm.0.0.0-6-81	stderr	0
2026-08-16T07:55:33.049Z	INFO	20260816_075532_00003_25qxm.0.0.0-6-81	stderr	 fixed=
2026-08-16T07:55:33.049Z	INFO	20260816_075532_00003_25qxm.0.0.0-6-81	stderr	475136
2026-08-16T07:55:33.049Z	INFO	20260816_075532_00003_25qxm.0.0.0-6-81	stderr	 variable=
2026-08-16T07:55:33.049Z	INFO	20260816_075532_00003_25qxm.0.0.0-6-81	stderr	1048584
2026-08-16T07:55:33.049Z	INFO	20260816_075532_00003_25qxm.0.0.0-6-81	stderr	 layout=
2026-08-16T07:55:33.049Z	INFO	20260816_075532_00003_25qxm.0.0.0-6-81	stderr	373410
2026-08-16T07:55:33.049Z	INFO	20260816_075532_00003_25qxm.0.0.0-6-81	stderr	 batchHashes=
2026-08-16T07:55:33.049Z	INFO	20260816_075532_00003_25qxm.0.0.0-6-81	stderr	318360
2026-08-16T07:55:33.065Z	INFO	20260816_075532_00003_25qxm.0.0.0-8-83	stderr	[flat-retained] records=
2026-08-16T07:55:33.065Z	INFO	20260816_075532_00003_25qxm.0.0.0-8-83	stderr	3979
2026-08-16T07:55:33.065Z	INFO	20260816_075532_00003_25qxm.0.0.0-8-83	stderr	 capacity=
2026-08-16T07:55:33.065Z	INFO	20260816_075532_00003_25qxm.0.0.0-8-83	stderr	16384
2026-08-16T07:55:33.065Z	INFO	20260816_075532_00003_25qxm.0.0.0-8-83	stderr	 total=
2026-08-16T07:55:33.065Z	INFO	20260816_075532_00003_25qxm.0.0.0-8-83	stderr	2730702
2026-08-16T07:55:33.065Z	INFO	20260816_075532_00003_25qxm.0.0.0-8-83	stderr	 control=
2026-08-16T07:55:33.065Z	INFO	20260816_075532_00003_25qxm.0.0.0-8-83	stderr	16392
2026-08-16T07:55:33.065Z	INFO	20260816_075532_00003_25qxm.0.0.0-8-83	stderr	 groupIds=
2026-08-16T07:55:33.065Z	INFO	20260816_075532_00003_25qxm.0.0.0-8-83	stderr	0
2026-08-16T07:55:33.065Z	INFO	20260816_075532_00003_25qxm.0.0.0-8-83	stderr	 recordIndexes=
2026-08-16T07:55:33.065Z	INFO	20260816_075532_00003_25qxm.0.0.0-8-83	stderr	65536
2026-08-16T07:55:33.065Z	INFO	20260816_075532_00003_25qxm.0.0.0-8-83	stderr	 hashRecords=
2026-08-16T07:55:33.065Z	INFO	20260816_075532_00003_25qxm.0.0.0-8-83	stderr	0
2026-08-16T07:55:33.065Z	INFO	20260816_075532_00003_25qxm.0.0.0-8-83	stderr	 reverse=
2026-08-16T07:55:33.065Z	INFO	20260816_075532_00003_25qxm.0.0.0-8-83	stderr	0
2026-08-16T07:55:33.065Z	INFO	20260816_075532_00003_25qxm.0.0.0-8-83	stderr	 fixed=
2026-08-16T07:55:33.065Z	INFO	20260816_075532_00003_25qxm.0.0.0-8-83	stderr	475136
2026-08-16T07:55:33.065Z	INFO	20260816_075532_00003_25qxm.0.0.0-8-83	stderr	 variable=
2026-08-16T07:55:33.065Z	INFO	20260816_075532_00003_25qxm.0.0.0-8-83	stderr	1048584
2026-08-16T07:55:33.065Z	INFO	20260816_075532_00003_25qxm.0.0.0-8-83	stderr	 layout=
2026-08-16T07:55:33.065Z	INFO	20260816_075532_00003_25qxm.0.0.0-8-83	stderr	805550
2026-08-16T07:55:33.065Z	INFO	20260816_075532_00003_25qxm.0.0.0-8-83	stderr	 batchHashes=
2026-08-16T07:55:33.065Z	INFO	20260816_075532_00003_25qxm.0.0.0-8-83	stderr	319496
2026-08-16T07:55:33.073Z	INFO	20260816_075532_00003_25qxm.0.0.0-12-77	stderr	[flat-retained] records=
2026-08-16T07:55:33.073Z	INFO	20260816_075532_00003_25qxm.0.0.0-12-77	stderr	5800
2026-08-16T07:55:33.073Z	INFO	20260816_075532_00003_25qxm.0.0.0-12-77	stderr	 capacity=
2026-08-16T07:55:33.073Z	INFO	20260816_075532_00003_25qxm.0.0.0-12-77	stderr	16384
2026-08-16T07:55:33.073Z	INFO	20260816_075532_00003_25qxm.0.0.0-12-77	stderr	 total=
2026-08-16T07:55:33.073Z	INFO	20260816_075532_00003_25qxm.0.0.0-12-77	stderr	2561002
2026-08-16T07:55:33.073Z	INFO	20260816_075532_00003_25qxm.0.0.0-12-77	stderr	 control=
2026-08-16T07:55:33.073Z	INFO	20260816_075532_00003_25qxm.0.0.0-12-77	stderr	16392
2026-08-16T07:55:33.073Z	INFO	20260816_075532_00003_25qxm.0.0.0-12-77	stderr	 groupIds=
2026-08-16T07:55:33.073Z	INFO	20260816_075532_00003_25qxm.0.0.0-12-77	stderr	0
2026-08-16T07:55:33.073Z	INFO	20260816_075532_00003_25qxm.0.0.0-12-77	stderr	 recordIndexes=
2026-08-16T07:55:33.073Z	INFO	20260816_075532_00003_25qxm.0.0.0-12-77	stderr	65536
2026-08-16T07:55:33.073Z	INFO	20260816_075532_00003_25qxm.0.0.0-12-77	stderr	 hashRecords=
2026-08-16T07:55:33.073Z	INFO	20260816_075532_00003_25qxm.0.0.0-12-77	stderr	0
2026-08-16T07:55:33.073Z	INFO	20260816_075532_00003_25qxm.0.0.0-12-77	stderr	 reverse=
2026-08-16T07:55:33.073Z	INFO	20260816_075532_00003_25qxm.0.0.0-12-77	stderr	0
2026-08-16T07:55:33.073Z	INFO	20260816_075532_00003_25qxm.0.0.0-12-77	stderr	 fixed=
2026-08-16T07:55:33.073Z	INFO	20260816_075532_00003_25qxm.0.0.0-12-77	stderr	475136
2026-08-16T07:55:33.073Z	INFO	20260816_075532_00003_25qxm.0.0.0-12-77	stderr	 variable=
2026-08-16T07:55:33.073Z	INFO	20260816_075532_00003_25qxm.0.0.0-12-77	stderr	1048584
2026-08-16T07:55:33.073Z	INFO	20260816_075532_00003_25qxm.0.0.0-12-77	stderr	 layout=
2026-08-16T07:55:33.073Z	INFO	20260816_075532_00003_25qxm.0.0.0-12-77	stderr	875354
2026-08-16T07:55:33.073Z	INFO	20260816_075532_00003_25qxm.0.0.0-12-77	stderr	 batchHashes=
2026-08-16T07:55:33.073Z	INFO	20260816_075532_00003_25qxm.0.0.0-12-77	stderr	79992
2026-08-16T07:55:35.395Z	INFO	20260816_075532_00003_25qxm.0.0.0-1-80	stderr	[flat-retained] records=
2026-08-16T07:55:35.395Z	INFO	20260816_075532_00003_25qxm.0.0.0-1-80	stderr	2657297
2026-08-16T07:55:35.395Z	INFO	20260816_075532_00003_25qxm.0.0.0-1-80	stderr	 capacity=
2026-08-16T07:55:35.395Z	INFO	20260816_075532_00003_25qxm.0.0.0-1-80	stderr	4194304
2026-08-16T07:55:35.395Z	INFO	20260816_075532_00003_25qxm.0.0.0-1-80	stderr	 total=
2026-08-16T07:55:35.395Z	INFO	20260816_075532_00003_25qxm.0.0.0-1-80	stderr	247958590
2026-08-16T07:55:35.395Z	INFO	20260816_075532_00003_25qxm.0.0.0-1-80	stderr	 control=
2026-08-16T07:55:35.395Z	INFO	20260816_075532_00003_25qxm.0.0.0-1-80	stderr	4194312
2026-08-16T07:55:35.395Z	INFO	20260816_075532_00003_25qxm.0.0.0-1-80	stderr	 groupIds=
2026-08-16T07:55:35.395Z	INFO	20260816_075532_00003_25qxm.0.0.0-1-80	stderr	0
2026-08-16T07:55:35.395Z	INFO	20260816_075532_00003_25qxm.0.0.0-1-80	stderr	 recordIndexes=
2026-08-16T07:55:35.395Z	INFO	20260816_075532_00003_25qxm.0.0.0-1-80	stderr	16777216
2026-08-16T07:55:35.395Z	INFO	20260816_075532_00003_25qxm.0.0.0-1-80	stderr	 hashRecords=
2026-08-16T07:55:35.395Z	INFO	20260816_075532_00003_25qxm.0.0.0-1-80	stderr	0
2026-08-16T07:55:35.395Z	INFO	20260816_075532_00003_25qxm.0.0.0-1-80	stderr	 reverse=
2026-08-16T07:55:35.395Z	INFO	20260816_075532_00003_25qxm.0.0.0-1-80	stderr	0
2026-08-16T07:55:35.395Z	INFO	20260816_075532_00003_25qxm.0.0.0-1-80	stderr	 fixed=
2026-08-16T07:55:35.395Z	INFO	20260816_075532_00003_25qxm.0.0.0-1-80	stderr	74776576
2026-08-16T07:55:35.395Z	INFO	20260816_075532_00003_25qxm.0.0.0-1-80	stderr	 variable=
2026-08-16T07:55:35.395Z	INFO	20260816_075532_00003_25qxm.0.0.0-1-80	stderr	152045568
2026-08-16T07:55:35.395Z	INFO	20260816_075532_00003_25qxm.0.0.0-1-80	stderr	 layout=
2026-08-16T07:55:35.395Z	INFO	20260816_075532_00003_25qxm.0.0.0-1-80	stderr	470
2026-08-16T07:55:35.395Z	INFO	20260816_075532_00003_25qxm.0.0.0-1-80	stderr	 batchHashes=
2026-08-16T07:55:35.395Z	INFO	20260816_075532_00003_25qxm.0.0.0-1-80	stderr	162400
2026-08-16T07:55:35.395Z	INFO	20260816_075532_00003_25qxm.0.0.0-0-85	stderr	[flat-retained] records=
2026-08-16T07:55:35.395Z	INFO	20260816_075532_00003_25qxm.0.0.0-0-85	stderr	2758332
2026-08-16T07:55:35.395Z	INFO	20260816_075532_00003_25qxm.0.0.0-0-85	stderr	 capacity=
2026-08-16T07:55:35.395Z	INFO	20260816_075532_00003_25qxm.0.0.0-0-85	stderr	4194304
2026-08-16T07:55:35.395Z	INFO	20260816_075532_00003_25qxm.0.0.0-0-85	stderr	 total=
2026-08-16T07:55:35.395Z	INFO	20260816_075532_00003_25qxm.0.0.0-0-85	stderr	254947566
2026-08-16T07:55:35.395Z	INFO	20260816_075532_00003_25qxm.0.0.0-0-85	stderr	 control=
2026-08-16T07:55:35.395Z	INFO	20260816_075532_00003_25qxm.0.0.0-0-85	stderr	4194312
2026-08-16T07:55:35.395Z	INFO	20260816_075532_00003_25qxm.0.0.0-0-85	stderr	 groupIds=
2026-08-16T07:55:35.395Z	INFO	20260816_075532_00003_25qxm.0.0.0-0-85	stderr	0
2026-08-16T07:55:35.395Z	INFO	20260816_075532_00003_25qxm.0.0.0-0-85	stderr	 recordIndexes=
2026-08-16T07:55:35.395Z	INFO	20260816_075532_00003_25qxm.0.0.0-0-85	stderr	16777216
2026-08-16T07:55:35.395Z	INFO	20260816_075532_00003_25qxm.0.0.0-0-85	stderr	 hashRecords=
2026-08-16T07:55:35.395Z	INFO	20260816_075532_00003_25qxm.0.0.0-0-85	stderr	0
2026-08-16T07:55:35.395Z	INFO	20260816_075532_00003_25qxm.0.0.0-0-85	stderr	 reverse=
2026-08-16T07:55:35.395Z	INFO	20260816_075532_00003_25qxm.0.0.0-0-85	stderr	0
2026-08-16T07:55:35.395Z	INFO	20260816_075532_00003_25qxm.0.0.0-0-85	stderr	 fixed=
2026-08-16T07:55:35.396Z	INFO	20260816_075532_00003_25qxm.0.0.0-0-85	stderr	77529088
2026-08-16T07:55:35.396Z	INFO	20260816_075532_00003_25qxm.0.0.0-0-85	stderr	 variable=
2026-08-16T07:55:35.396Z	INFO	20260816_075532_00003_25qxm.0.0.0-0-85	stderr	156239872
2026-08-16T07:55:35.396Z	INFO	20260816_075532_00003_25qxm.0.0.0-0-85	stderr	 layout=
2026-08-16T07:55:35.396Z	INFO	20260816_075532_00003_25qxm.0.0.0-0-85	stderr	470
2026-08-16T07:55:35.396Z	INFO	20260816_075532_00003_25qxm.0.0.0-0-85	stderr	 batchHashes=
2026-08-16T07:55:35.396Z	INFO	20260816_075532_00003_25qxm.0.0.0-0-85	stderr	204560
2026-08-16T07:55:35.396Z	INFO	20260816_075532_00003_25qxm.0.0.0-1-80	stderr	[flat-retained] records=
2026-08-16T07:55:35.396Z	INFO	20260816_075532_00003_25qxm.0.0.0-1-80	stderr	1505143
2026-08-16T07:55:35.396Z	INFO	20260816_075532_00003_25qxm.0.0.0-1-80	stderr	 capacity=
2026-08-16T07:55:35.396Z	INFO	20260816_075532_00003_25qxm.0.0.0-1-80	stderr	4194304
2026-08-16T07:55:35.396Z	INFO	20260816_075532_00003_25qxm.0.0.0-1-80	stderr	 total=
2026-08-16T07:55:35.396Z	INFO	20260816_075532_00003_25qxm.0.0.0-1-80	stderr	151329899
2026-08-16T07:55:35.396Z	INFO	20260816_075532_00003_25qxm.0.0.0-1-80	stderr	 control=
2026-08-16T07:55:35.396Z	INFO	20260816_075532_00003_25qxm.0.0.0-1-80	stderr	4194312
2026-08-16T07:55:35.396Z	INFO	20260816_075532_00003_25qxm.0.0.0-1-80	stderr	 groupIds=
2026-08-16T07:55:35.396Z	INFO	20260816_075532_00003_25qxm.0.0.0-1-80	stderr	0
2026-08-16T07:55:35.396Z	INFO	20260816_075532_00003_25qxm.0.0.0-1-80	stderr	 recordIndexes=
2026-08-16T07:55:35.396Z	INFO	20260816_075532_00003_25qxm.0.0.0-1-80	stderr	16777216
2026-08-16T07:55:35.396Z	INFO	20260816_075532_00003_25qxm.0.0.0-1-80	stderr	 hashRecords=
2026-08-16T07:55:35.396Z	INFO	20260816_075532_00003_25qxm.0.0.0-1-80	stderr	0
2026-08-16T07:55:35.396Z	INFO	20260816_075532_00003_25qxm.0.0.0-1-80	stderr	 reverse=
2026-08-16T07:55:35.396Z	INFO	20260816_075532_00003_25qxm.0.0.0-1-80	stderr	0
2026-08-16T07:55:35.396Z	INFO	20260816_075532_00003_25qxm.0.0.0-1-80	stderr	 fixed=
2026-08-16T07:55:35.396Z	INFO	20260816_075532_00003_25qxm.0.0.0-1-80	stderr	31653888
2026-08-16T07:55:35.396Z	INFO	20260816_075532_00003_25qxm.0.0.0-1-80	stderr	 variable=
2026-08-16T07:55:35.396Z	INFO	20260816_075532_00003_25qxm.0.0.0-1-80	stderr	98567168
2026-08-16T07:55:35.396Z	INFO	20260816_075532_00003_25qxm.0.0.0-1-80	stderr	 layout=
2026-08-16T07:55:35.396Z	INFO	20260816_075532_00003_25qxm.0.0.0-1-80	stderr	235
2026-08-16T07:55:35.396Z	INFO	20260816_075532_00003_25qxm.0.0.0-1-80	stderr	 batchHashes=
2026-08-16T07:55:35.396Z	INFO	20260816_075532_00003_25qxm.0.0.0-1-80	stderr	135032
2026-08-16T07:55:35.398Z	INFO	20260816_075532_00003_25qxm.0.0.0-0-85	stderr	[flat-retained] records=
2026-08-16T07:55:35.398Z	INFO	20260816_075532_00003_25qxm.0.0.0-0-85	stderr	1505356
2026-08-16T07:55:35.398Z	INFO	20260816_075532_00003_25qxm.0.0.0-0-85	stderr	 capacity=
2026-08-16T07:55:35.398Z	INFO	20260816_075532_00003_25qxm.0.0.0-0-85	stderr	2097152
2026-08-16T07:55:35.398Z	INFO	20260816_075532_00003_25qxm.0.0.0-0-85	stderr	 total=
2026-08-16T07:55:35.398Z	INFO	20260816_075532_00003_25qxm.0.0.0-0-85	stderr	140854099
2026-08-16T07:55:35.398Z	INFO	20260816_075532_00003_25qxm.0.0.0-0-85	stderr	 control=
2026-08-16T07:55:35.398Z	INFO	20260816_075532_00003_25qxm.0.0.0-0-85	stderr	2097160
2026-08-16T07:55:35.398Z	INFO	20260816_075532_00003_25qxm.0.0.0-0-85	stderr	 groupIds=
2026-08-16T07:55:35.398Z	INFO	20260816_075532_00003_25qxm.0.0.0-0-85	stderr	0
2026-08-16T07:55:35.398Z	INFO	20260816_075532_00003_25qxm.0.0.0-0-85	stderr	 recordIndexes=
2026-08-16T07:55:35.398Z	INFO	20260816_075532_00003_25qxm.0.0.0-0-85	stderr	8388608
2026-08-16T07:55:35.398Z	INFO	20260816_075532_00003_25qxm.0.0.0-0-85	stderr	 hashRecords=
2026-08-16T07:55:35.398Z	INFO	20260816_075532_00003_25qxm.0.0.0-0-85	stderr	0
2026-08-16T07:55:35.398Z	INFO	20260816_075532_00003_25qxm.0.0.0-0-85	stderr	 reverse=
2026-08-16T07:55:35.398Z	INFO	20260816_075532_00003_25qxm.0.0.0-0-85	stderr	0
2026-08-16T07:55:35.398Z	INFO	20260816_075532_00003_25qxm.0.0.0-0-85	stderr	 fixed=
2026-08-16T07:55:35.398Z	INFO	20260816_075532_00003_25qxm.0.0.0-0-85	stderr	31653888
2026-08-16T07:55:35.398Z	INFO	20260816_075532_00003_25qxm.0.0.0-0-85	stderr	 variable=
2026-08-16T07:55:35.398Z	INFO	20260816_075532_00003_25qxm.0.0.0-0-85	stderr	98567168
2026-08-16T07:55:35.398Z	INFO	20260816_075532_00003_25qxm.0.0.0-0-85	stderr	 layout=
2026-08-16T07:55:35.398Z	INFO	20260816_075532_00003_25qxm.0.0.0-0-85	stderr	235
2026-08-16T07:55:35.398Z	INFO	20260816_075532_00003_25qxm.0.0.0-0-85	stderr	 batchHashes=
2026-08-16T07:55:35.398Z	INFO	20260816_075532_00003_25qxm.0.0.0-0-85	stderr	146016
2026-08-16T07:55:35.445Z	INFO	20260816_075532_00003_25qxm.0.0.0-3-76	stderr	[flat-retained] records=
2026-08-16T07:55:35.445Z	INFO	20260816_075532_00003_25qxm.0.0.0-3-76	stderr	2621858
2026-08-16T07:55:35.445Z	INFO	20260816_075532_00003_25qxm.0.0.0-3-76	stderr	 capacity=
2026-08-16T07:55:35.445Z	INFO	20260816_075532_00003_25qxm.0.0.0-3-76	stderr	4194304
2026-08-16T07:55:35.445Z	INFO	20260816_075532_00003_25qxm.0.0.0-3-76	stderr	 total=
2026-08-16T07:55:35.445Z	INFO	20260816_075532_00003_25qxm.0.0.0-3-76	stderr	245992166
2026-08-16T07:55:35.445Z	INFO	20260816_075532_00003_25qxm.0.0.0-3-76	stderr	 control=
2026-08-16T07:55:35.446Z	INFO	20260816_075532_00003_25qxm.0.0.0-3-76	stderr	4194312
2026-08-16T07:55:35.446Z	INFO	20260816_075532_00003_25qxm.0.0.0-3-76	stderr	 groupIds=
2026-08-16T07:55:35.446Z	INFO	20260816_075532_00003_25qxm.0.0.0-3-76	stderr	0
2026-08-16T07:55:35.449Z	INFO	20260816_075532_00003_25qxm.0.0.0-3-76	stderr	 recordIndexes=
2026-08-16T07:55:35.449Z	INFO	20260816_075532_00003_25qxm.0.0.0-3-76	stderr	16777216
2026-08-16T07:55:35.449Z	INFO	20260816_075532_00003_25qxm.0.0.0-3-76	stderr	 hashRecords=
2026-08-16T07:55:35.449Z	INFO	20260816_075532_00003_25qxm.0.0.0-3-76	stderr	0
2026-08-16T07:55:35.449Z	INFO	20260816_075532_00003_25qxm.0.0.0-3-76	stderr	 reverse=
2026-08-16T07:55:35.449Z	INFO	20260816_075532_00003_25qxm.0.0.0-3-76	stderr	0
2026-08-16T07:55:35.449Z	INFO	20260816_075532_00003_25qxm.0.0.0-3-76	stderr	 fixed=
2026-08-16T07:55:35.449Z	INFO	20260816_075532_00003_25qxm.0.0.0-3-76	stderr	73859072
2026-08-16T07:55:35.449Z	INFO	20260816_075532_00003_25qxm.0.0.0-3-76	stderr	 variable=
2026-08-16T07:55:35.449Z	INFO	20260816_075532_00003_25qxm.0.0.0-3-76	stderr	150996992
2026-08-16T07:55:35.449Z	INFO	20260816_075532_00003_25qxm.0.0.0-3-76	stderr	 layout=
2026-08-16T07:55:35.449Z	INFO	20260816_075532_00003_25qxm.0.0.0-3-76	stderr	470
2026-08-16T07:55:35.449Z	INFO	20260816_075532_00003_25qxm.0.0.0-3-76	stderr	 batchHashes=
2026-08-16T07:55:35.449Z	INFO	20260816_075532_00003_25qxm.0.0.0-3-76	stderr	162056
2026-08-16T07:55:35.450Z	INFO	20260816_075532_00003_25qxm.0.0.0-3-76	stderr	[flat-retained] records=
2026-08-16T07:55:35.450Z	INFO	20260816_075532_00003_25qxm.0.0.0-3-76	stderr	1503344
2026-08-16T07:55:35.450Z	INFO	20260816_075532_00003_25qxm.0.0.0-3-76	stderr	 capacity=
2026-08-16T07:55:35.450Z	INFO	20260816_075532_00003_25qxm.0.0.0-3-76	stderr	2097152
2026-08-16T07:55:35.450Z	INFO	20260816_075532_00003_25qxm.0.0.0-3-76	stderr	 total=
2026-08-16T07:55:35.450Z	INFO	20260816_075532_00003_25qxm.0.0.0-3-76	stderr	140839971
2026-08-16T07:55:35.450Z	INFO	20260816_075532_00003_25qxm.0.0.0-3-76	stderr	 control=
2026-08-16T07:55:35.450Z	INFO	20260816_075532_00003_25qxm.0.0.0-3-76	stderr	2097160
2026-08-16T07:55:35.450Z	INFO	20260816_075532_00003_25qxm.0.0.0-3-76	stderr	 groupIds=
2026-08-16T07:55:35.450Z	INFO	20260816_075532_00003_25qxm.0.0.0-3-76	stderr	0
2026-08-16T07:55:35.450Z	INFO	20260816_075532_00003_25qxm.0.0.0-3-76	stderr	 recordIndexes=
2026-08-16T07:55:35.450Z	INFO	20260816_075532_00003_25qxm.0.0.0-3-76	stderr	8388608
2026-08-16T07:55:35.450Z	INFO	20260816_075532_00003_25qxm.0.0.0-3-76	stderr	 hashRecords=
2026-08-16T07:55:35.450Z	INFO	20260816_075532_00003_25qxm.0.0.0-3-76	stderr	0
2026-08-16T07:55:35.450Z	INFO	20260816_075532_00003_25qxm.0.0.0-3-76	stderr	 reverse=
2026-08-16T07:55:35.450Z	INFO	20260816_075532_00003_25qxm.0.0.0-3-76	stderr	0
2026-08-16T07:55:35.450Z	INFO	20260816_075532_00003_25qxm.0.0.0-3-76	stderr	 fixed=
2026-08-16T07:55:35.450Z	INFO	20260816_075532_00003_25qxm.0.0.0-3-76	stderr	31653888
2026-08-16T07:55:35.450Z	INFO	20260816_075532_00003_25qxm.0.0.0-3-76	stderr	 variable=
2026-08-16T07:55:35.450Z	INFO	20260816_075532_00003_25qxm.0.0.0-3-76	stderr	98567168
2026-08-16T07:55:35.450Z	INFO	20260816_075532_00003_25qxm.0.0.0-3-76	stderr	 layout=
2026-08-16T07:55:35.450Z	INFO	20260816_075532_00003_25qxm.0.0.0-3-76	stderr	235
2026-08-16T07:55:35.450Z	INFO	20260816_075532_00003_25qxm.0.0.0-3-76	stderr	 batchHashes=
2026-08-16T07:55:35.450Z	INFO	20260816_075532_00003_25qxm.0.0.0-3-76	stderr	131888
2026-08-16T07:55:35.565Z	INFO	20260816_075532_00003_25qxm.0.0.0-2-75	stderr	[flat-retained] records=
2026-08-16T07:55:35.565Z	INFO	20260816_075532_00003_25qxm.0.0.0-2-75	stderr	2643921
2026-08-16T07:55:35.565Z	INFO	20260816_075532_00003_25qxm.0.0.0-2-75	stderr	 capacity=
2026-08-16T07:55:35.565Z	INFO	20260816_075532_00003_25qxm.0.0.0-2-75	stderr	4194304
2026-08-16T07:55:35.565Z	INFO	20260816_075532_00003_25qxm.0.0.0-2-75	stderr	 total=
2026-08-16T07:55:35.565Z	INFO	20260816_075532_00003_25qxm.0.0.0-2-75	stderr	246446558
2026-08-16T07:55:35.565Z	INFO	20260816_075532_00003_25qxm.0.0.0-2-75	stderr	 control=
2026-08-16T07:55:35.565Z	INFO	20260816_075532_00003_25qxm.0.0.0-2-75	stderr	4194312
2026-08-16T07:55:35.565Z	INFO	20260816_075532_00003_25qxm.0.0.0-2-75	stderr	 groupIds=
2026-08-16T07:55:35.565Z	INFO	20260816_075532_00003_25qxm.0.0.0-2-75	stderr	0
2026-08-16T07:55:35.565Z	INFO	20260816_075532_00003_25qxm.0.0.0-2-75	stderr	 recordIndexes=
2026-08-16T07:55:35.565Z	INFO	20260816_075532_00003_25qxm.0.0.0-2-75	stderr	16777216
2026-08-16T07:55:35.565Z	INFO	20260816_075532_00003_25qxm.0.0.0-2-75	stderr	 hashRecords=
2026-08-16T07:55:35.565Z	INFO	20260816_075532_00003_25qxm.0.0.0-2-75	stderr	0
2026-08-16T07:55:35.565Z	INFO	20260816_075532_00003_25qxm.0.0.0-2-75	stderr	 reverse=
2026-08-16T07:55:35.565Z	INFO	20260816_075532_00003_25qxm.0.0.0-2-75	stderr	0
2026-08-16T07:55:35.565Z	INFO	20260816_075532_00003_25qxm.0.0.0-2-75	stderr	 fixed=
2026-08-16T07:55:35.565Z	INFO	20260816_075532_00003_25qxm.0.0.0-2-75	stderr	74317824
2026-08-16T07:55:35.565Z	INFO	20260816_075532_00003_25qxm.0.0.0-2-75	stderr	 variable=
2026-08-16T07:55:35.565Z	INFO	20260816_075532_00003_25qxm.0.0.0-2-75	stderr	150996992
2026-08-16T07:55:35.565Z	INFO	20260816_075532_00003_25qxm.0.0.0-2-75	stderr	 layout=
2026-08-16T07:55:35.565Z	INFO	20260816_075532_00003_25qxm.0.0.0-2-75	stderr	470
2026-08-16T07:55:35.565Z	INFO	20260816_075532_00003_25qxm.0.0.0-2-75	stderr	 batchHashes=
2026-08-16T07:55:35.565Z	INFO	20260816_075532_00003_25qxm.0.0.0-2-75	stderr	157696
2026-08-16T07:55:35.565Z	INFO	20260816_075532_00003_25qxm.0.0.0-2-75	stderr	[flat-retained] records=
2026-08-16T07:55:35.565Z	INFO	20260816_075532_00003_25qxm.0.0.0-2-75	stderr	1505259
2026-08-16T07:55:35.565Z	INFO	20260816_075532_00003_25qxm.0.0.0-2-75	stderr	 capacity=
2026-08-16T07:55:35.565Z	INFO	20260816_075532_00003_25qxm.0.0.0-2-75	stderr	4194304
2026-08-16T07:55:35.565Z	INFO	20260816_075532_00003_25qxm.0.0.0-2-75	stderr	 total=
2026-08-16T07:55:35.565Z	INFO	20260816_075532_00003_25qxm.0.0.0-2-75	stderr	151325851
2026-08-16T07:55:35.565Z	INFO	20260816_075532_00003_25qxm.0.0.0-2-75	stderr	 control=
2026-08-16T07:55:35.565Z	INFO	20260816_075532_00003_25qxm.0.0.0-2-75	stderr	4194312
2026-08-16T07:55:35.565Z	INFO	20260816_075532_00003_25qxm.0.0.0-2-75	stderr	 groupIds=
2026-08-16T07:55:35.565Z	INFO	20260816_075532_00003_25qxm.0.0.0-2-75	stderr	0
2026-08-16T07:55:35.565Z	INFO	20260816_075532_00003_25qxm.0.0.0-2-75	stderr	 recordIndexes=
2026-08-16T07:55:35.565Z	INFO	20260816_075532_00003_25qxm.0.0.0-2-75	stderr	16777216
2026-08-16T07:55:35.565Z	INFO	20260816_075532_00003_25qxm.0.0.0-2-75	stderr	 hashRecords=
2026-08-16T07:55:35.565Z	INFO	20260816_075532_00003_25qxm.0.0.0-2-75	stderr	0
2026-08-16T07:55:35.565Z	INFO	20260816_075532_00003_25qxm.0.0.0-2-75	stderr	 reverse=
2026-08-16T07:55:35.565Z	INFO	20260816_075532_00003_25qxm.0.0.0-2-75	stderr	0
2026-08-16T07:55:35.565Z	INFO	20260816_075532_00003_25qxm.0.0.0-2-75	stderr	 fixed=
2026-08-16T07:55:35.565Z	INFO	20260816_075532_00003_25qxm.0.0.0-2-75	stderr	31653888
2026-08-16T07:55:35.565Z	INFO	20260816_075532_00003_25qxm.0.0.0-2-75	stderr	 variable=
2026-08-16T07:55:35.565Z	INFO	20260816_075532_00003_25qxm.0.0.0-2-75	stderr	98567168
2026-08-16T07:55:35.565Z	INFO	20260816_075532_00003_25qxm.0.0.0-2-75	stderr	 layout=
2026-08-16T07:55:35.565Z	INFO	20260816_075532_00003_25qxm.0.0.0-2-75	stderr	235
2026-08-16T07:55:35.565Z	INFO	20260816_075532_00003_25qxm.0.0.0-2-75	stderr	 batchHashes=
2026-08-16T07:55:35.565Z	INFO	20260816_075532_00003_25qxm.0.0.0-2-75	stderr	130984
2026-08-16T07:55:35.631Z	INFO	main	io.trino.tests.benchmark.BenchmarkRunner	Average for q13: 3541 ms (execution 3522 ms, CPU 12180 ms, peak memory 1.66GB)
2026-08-16T07:55:35.631Z	INFO	main	io.trino.tests.benchmark.BenchmarkRunner	Sum of averages for all queries: 3541 ms (execution 3522 ms)
2026-08-16T07:55:35.632Z	INFO	main	io.trino.tests.benchmark.BenchmarkRunner	Wrote per-query timings to /home/martin/src/nitro.opt/benchmarks/trino-integration/20260816-nitro-c-opportunities/clickbench-q13-flat-retained-diagnostic/clickbench/timings.csv
