[INFO] Enabling strict checksum verification on all artifact downloads.
[INFO] Processing build on daemon 6f823fa8
[INFO] Scanning for projects...
[INFO] Loaded 0 groupId for remote repository maven-central
[INFO] Loaded 0 groupId for remote repository google-maven-central-copy
[INFO] Njord 0.9.9 session created
[INFO] BuildTimeEventSpy is registered.
[INFO] 
[INFO] Using the SmartBuilder implementation with a thread count of 7
[INFO] 
[INFO] ------------------------< io.trino:trino-tests >------------------------
[INFO] Building trino-tests 484-SNAPSHOT
[INFO]   from pom.xml
[INFO] --------------------------------[ jar ]---------------------------------
[INFO] Loaded 0 groupId for remote repository ossrh
[INFO] Loaded 0 groupId for remote repository repo.gradle.org
[INFO] Loaded 0 groupId for remote repository central.maven.org
[INFO] 
[INFO] --- git-commit-id:10.0.0:revision (default) @ trino-tests ---
[INFO] 
[INFO] --- build-helper:3.6.1:bsh-property (surefire-enable-preview) @ trino-tests ---
[INFO] 
[INFO] --- resources:3.5.0:resources (default-resources) @ trino-tests ---
[INFO] skip non existing resourceDirectory /root/notes/trino.nitro/testing/trino-tests/src/main/resources
[INFO] 
[INFO] --- compiler:3.15.0:compile (default-compile) @ trino-tests ---
[INFO] Nothing to compile - all classes are up to date.
[INFO] 
[INFO] --- resources:3.5.0:testResources (default-testResources) @ trino-tests ---
[INFO] Copying 266 resources from src/test/resources to target/test-classes
[INFO] 
[INFO] --- compiler:3.15.0:testCompile (default-testCompile) @ trino-tests ---
[INFO] Nothing to compile - all classes are up to date.
[INFO] 
[INFO] --- modernizer:3.4.0:modernizer (modernizer) @ trino-tests ---
[INFO] Skipping modernizer execution!
[INFO] 
[INFO] --- modernizer:3.4.0:modernizer (modernizer-production-code) @ trino-tests ---
[INFO] Skipping modernizer execution!
[INFO] 
[INFO] --- dependency:3.11.0:analyze-only (default) @ trino-tests ---
[INFO] Skipping plugin execution
[INFO] 
[INFO] --- dependency:3.11.0:analyze-duplicate (default) @ trino-tests ---
[INFO] Skipping plugin execution
[INFO] 
[INFO] --- duplicate-finder:2.0.1:check (default) @ trino-tests ---
[INFO] Skipping duplicate-finder execution!
[INFO] 
[INFO] --- surefire:3.5.6:test (default-test) @ trino-tests ---
[INFO] Tests will run in random order. To reproduce ordering use flag -Dsurefire.runOrder.random.seed=4052394050639019
[INFO] Using auto detected provider org.apache.maven.surefire.junitplatform.JUnitPlatformProvider
[INFO] 
[INFO] -------------------------------------------------------
[INFO]  T E S T S
[INFO] -------------------------------------------------------
[WARNING] [stderr] WARNING: Using incubator modules: jdk.incubator.vector
[WARNING] [stderr] 2026-08-02T16:25:13.953-0600	INFO	ForkJoinPool-1-worker-1	io.airlift.log.Logging	Logging to stderr
[INFO] Running io.trino.tests.nitro.TestNitroTpcdsParquetPerformance
[ERROR] Tests run: 1, Failures: 0, Errors: 1, Skipped: 0, Time elapsed: 0.639 s <<< FAILURE! -- in io.trino.tests.nitro.TestNitroTpcdsParquetPerformance
[ERROR] io.trino.tests.nitro.TestNitroTpcdsParquetPerformance -- Time elapsed: 0.639 s <<< ERROR!
io.airlift.bootstrap.ApplicationConfigurationException: 
Configuration errors:

1) Error: Error invoking configuration method [public NodeMemoryConfig NodeMemoryConfig.setMaxQueryMemoryPerNode(String)]

1 error

======================
Full classname legend:
======================
NodeMemoryConfig: "io.trino.memory.NodeMemoryConfig"
========================
End of classname legend:
========================

	at io.airlift.bootstrap.Bootstrap.configure(Bootstrap.java:320)
	at io.airlift.bootstrap.Bootstrap.initialize(Bootstrap.java:349)
	at io.trino.server.testing.TestingTrinoServer.<init>(TestingTrinoServer.java:374)
	at io.trino.server.testing.TestingTrinoServer$Builder.build(TestingTrinoServer.java:844)
	at io.trino.testing.DistributedQueryRunner.createTestingTrinoServer(DistributedQueryRunner.java:341)
	at io.trino.testing.DistributedQueryRunner.createServer(DistributedQueryRunner.java:261)
	at io.trino.testing.DistributedQueryRunner.lambda$new$0(DistributedQueryRunner.java:172)
	at io.trino.testing.DistributedQueryRunner.<init>(DistributedQueryRunner.java:183)
	at io.trino.testing.DistributedQueryRunner$Builder.build(DistributedQueryRunner.java:996)
	at io.trino.plugin.hive.HiveQueryRunner$Builder.build(HiveQueryRunner.java:246)
	at io.trino.tests.nitro.TestNitroTpcdsParquetPerformance.createQueryRunner(TestNitroTpcdsParquetPerformance.java:296)
	at io.trino.tests.nitro.TestNitroTpcdsParquetPerformance.setUp(TestNitroTpcdsParquetPerformance.java:82)
Caused by: java.lang.IllegalArgumentException: Heap size cannot be greater than maximum heap size
	at com.google.common.base.Preconditions.checkArgument(Preconditions.java:141)
	at io.trino.plugin.base.configuration.HeapSizeParser.checkHeapSizeMemory(HeapSizeParser.java:60)
	at io.trino.plugin.base.configuration.HeapSizeParser.parse(HeapSizeParser.java:55)
	at io.trino.memory.NodeMemoryConfig.setMaxQueryMemoryPerNode(NodeMemoryConfig.java:45)
	at java.base/jdk.internal.reflect.DirectMethodHandleAccessor.invoke(DirectMethodHandleAccessor.java:104)
	at java.base/java.lang.reflect.Method.invoke(Method.java:565)
	at io.airlift.configuration.ConfigurationFactory.setConfigProperty(ConfigurationFactory.java:503)
	at io.airlift.configuration.ConfigurationFactory.build(ConfigurationFactory.java:403)
	at io.airlift.configuration.ConfigurationFactory.build(ConfigurationFactory.java:348)
	at io.airlift.configuration.ConfigurationProvider.get(ConfigurationProvider.java:66)
	at io.airlift.configuration.ConfigurationFactory.validateRegisteredConfigurationProvider(ConfigurationFactory.java:261)
	at io.airlift.bootstrap.Bootstrap.configure(Bootstrap.java:305)
	... 11 more
[WARNING] [stderr] 2026-08-02T16:25:14.619-0600	INFO	main	io.trino.testing.containers.junit.ReportLeakedContainers	DockerClientFactory not initialized, so there should be no leaked containers, skipping the check
[INFO] 
[INFO] Results:
[INFO] 
[ERROR] Errors: 
[ERROR]   TestNitroTpcdsParquetPerformance.setUp:82->createQueryRunner:296 » ApplicationConfiguration Configuration errors:

1) Error: Error invoking configuration method [public NodeMemoryConfig NodeMemoryConfig.setMaxQueryMemoryPerNode(String)]

1 error

======================
Full classname legend:
======================
NodeMemoryConfig: "io.trino.memory.NodeMemoryConfig"
========================
End of classname legend:
========================
[INFO] 
[ERROR] Tests run: 1, Failures: 0, Errors: 1, Skipped: 0
[INFO] 
[INFO] ------------------------------------------------------------------------
[INFO] BUILD FAILURE
[INFO] ------------------------------------------------------------------------
[INFO] Total time:  2.509 s (Wall Clock)
[INFO] Finished at: 2026-08-02T22:25:14Z
[INFO] ------------------------------------------------------------------------
[INFO] Njord session closed
[ERROR] Failed to execute goal org.apache.maven.plugins:maven-surefire-plugin:3.5.6:test (default-test) on project trino-tests: 
[ERROR] 
[ERROR] See /root/notes/trino.nitro/testing/trino-tests/target/surefire-reports for the individual test results.
[ERROR] See dump files (if any exist) [date].dump, [date]-jvmRun[N].dump and [date].dumpstream.
[ERROR] -> [Help 1]
[ERROR] 
[ERROR] To see the full stack trace of the errors, re-run Maven with the -e switch.
[ERROR] Re-run Maven using the -X switch to enable full debug logging.
[ERROR] 
[ERROR] For more information about the errors and possible solutions, please read the following articles:
[ERROR] [Help 1] http://cwiki.apache.org/confluence/display/MAVEN/MojoFailureException
