[INFO] Enabling strict checksum verification on all artifact downloads.
[INFO] Processing build on daemon 80d08361
[INFO] Scanning for projects...
[INFO] Loaded 0 groupId for remote repository maven-central
[INFO] Loaded 0 groupId for remote repository google-maven-central-copy
[INFO] Njord 0.9.9 session created
[INFO] BuildTimeEventSpy is registered.
[INFO] 
[INFO] Using the SmartBuilder implementation with a thread count of 7
[INFO] 
[INFO] ------------------------< io.trino:trino-tests >------------------------
[INFO] Building trino-tests 484-SNAPSHOT
[INFO]   from pom.xml
[INFO] --------------------------------[ jar ]---------------------------------
[INFO] Loaded 0 groupId for remote repository ossrh
[INFO] Loaded 0 groupId for remote repository repo.gradle.org
[INFO] Loaded 0 groupId for remote repository central.maven.org
[INFO] 
[INFO] --- enforcer:3.6.3:enforce (default) @ trino-tests ---
[INFO] Rule 0: org.apache.maven.enforcer.rules.dependency.BannedDependencies passed
[INFO] Rule 1: org.apache.maven.plugins.enforcer.RestrictImports passed
[INFO] Rule 2: org.apache.maven.plugins.enforcer.RestrictImports passed
[INFO] Rule 3: org.apache.maven.plugins.enforcer.RestrictImports passed
[INFO] Rule 4: org.apache.maven.plugins.enforcer.RestrictImports passed
[INFO] Rule 5: org.apache.maven.enforcer.rules.RequireProfileIdsExist passed
[INFO] Rule 6: org.codehaus.mojo.extraenforcer.model.RequirePropertyDiverges passed
[INFO] Rule 7: org.apache.maven.enforcer.rules.property.RequireProperty passed
[INFO] Rule 8: org.apache.maven.enforcer.rules.RequireJavaVendor passed
[INFO] Rule 9: org.apache.maven.enforcer.rules.BanDuplicatePomDependencyVersions passed
[INFO] Rule 10: org.apache.maven.enforcer.rules.dependency.RequireUpperBoundDeps passed
[INFO] Rule 11: org.apache.maven.enforcer.rules.version.RequireMavenVersion passed
[INFO] Rule 12: org.apache.maven.enforcer.rules.version.RequireJavaVersion passed
[INFO] Rule 13: org.codehaus.mojo.extraenforcer.dependencies.EnforceBytecodeVersion passed
[INFO] Rule 14: org.apache.maven.enforcer.rules.RequirePluginVersions passed
[INFO] 
[INFO] --- sortpom:4.0.0:verify (default) @ trino-tests ---
[INFO] Verifying file /root/notes/trino.nitro/testing/trino-tests/pom.xml
[INFO] 
[INFO] --- license:5.0.0:check (default) @ trino-tests ---
[INFO] Checking licenses...
[INFO] 
[INFO] --- airstyle:9:check (airstyle) @ trino-tests ---
[INFO] All 143 files are already formatted
[INFO] 
[INFO] --- checkstyle:3.6.0:check (checkstyle) @ trino-tests ---
[INFO] You have 0 Checkstyle violations.
[INFO] 
[INFO] --- git-commit-id:10.0.0:revision (default) @ trino-tests ---
[INFO] 
[INFO] --- build-helper:3.6.1:bsh-property (surefire-enable-preview) @ trino-tests ---
[INFO] 
[INFO] --- jacoco:0.8.15:prepare-agent (default) @ trino-tests ---
[INFO] Skipping JaCoCo execution because property jacoco.skip is set.
[INFO] 
[INFO] --- resources:3.5.0:resources (default-resources) @ trino-tests ---
[INFO] skip non existing resourceDirectory /root/notes/trino.nitro/testing/trino-tests/src/main/resources
[INFO] 
[INFO] --- compiler:3.15.0:compile (default-compile) @ trino-tests ---
[INFO] Nothing to compile - all classes are up to date.
[INFO] 
[INFO] --- resources:3.5.0:testResources (default-testResources) @ trino-tests ---
[INFO] Copying 266 resources from src/test/resources to target/test-classes
[INFO] 
[INFO] --- compiler:3.15.0:testCompile (default-testCompile) @ trino-tests ---
[INFO] Nothing to compile - all classes are up to date.
[INFO] 
[INFO] --- dependency:3.11.0:analyze-only (default) @ trino-tests ---
[INFO] No dependency problems found
[INFO] 
[INFO] --- dependency:3.11.0:analyze-duplicate (default) @ trino-tests ---
[INFO] No duplicate dependencies found in <dependencies/> or in <dependencyManagement/>
[INFO] 
[INFO] --- duplicate-finder:2.0.1:check (default) @ trino-tests ---
[INFO] Checking compile classpath
[INFO] Checking runtime classpath
[INFO] Checking test classpath
[INFO] 
[INFO] --- modernizer:3.4.0:modernizer (modernizer) @ trino-tests ---
[INFO] 
[INFO] --- modernizer:3.4.0:modernizer (modernizer-production-code) @ trino-tests ---
[INFO] 
[INFO] --- surefire:3.5.6:test (default-test) @ trino-tests ---
[INFO] Tests will run in random order. To reproduce ordering use flag -Dsurefire.runOrder.random.seed=4044995655471034
[INFO] Using auto detected provider org.apache.maven.surefire.junitplatform.JUnitPlatformProvider
[INFO] 
[INFO] -------------------------------------------------------
[INFO]  T E S T S
[INFO] -------------------------------------------------------
[WARNING] [stderr] WARNING: Using incubator modules: jdk.incubator.vector
[WARNING] [stderr] 2026-08-02T14:21:55.547-0600	INFO	ForkJoinPool-1-worker-1	io.airlift.log.Logging	Logging to stderr
[INFO] Running io.trino.tests.nitro.TestNitroTpcdsParquetPerformance
[WARNING] [stderr] 2026-08-02T14:21:56.427-0600	INFO	ForkJoinPool-1-worker-1	io.trino.simd.BlockEncodingSimdSupport	Detected SIMD Support for architecture=amd64, vectorBitWidth=512: SimdSupport[capabilities=[COMPRESS_BYTE, EXPAND_BYTE, COMPRESS_SHORT, EXPAND_SHORT, COMPRESS_INT, EXPAND_INT, COMPRESS_LONG, EXPAND_LONG]]
[WARNING] [stderr] WARNING: A restricted method in java.lang.System has been called
[WARNING] [stderr] WARNING: java.lang.System::loadLibrary has been called by com.aayushatharva.brotli4j.Brotli4jLoader in an unnamed module (file:/root/.m2/repository/remote-cache/com/aayushatharva/brotli4j/brotli4j/1.23.0/brotli4j-1.23.0.jar)
[WARNING] [stderr] WARNING: Use --enable-native-access=ALL-UNNAMED to avoid a warning for callers in this module
[WARNING] [stderr] WARNING: Restricted methods will be blocked in a future release unless native access is enabled
[WARNING] [stderr] 
[WARNING] [stderr] 2026-08-02T14:21:57.742-0600	INFO	ForkJoinPool-1-worker-1	io.trino.testing.DistributedQueryRunner	Created DistributedQueryRunner in 1.88s (unclosed instances = 1)
[WARNING] [stderr] 2026-08-02T14:21:58.759-0600	INFO	ForkJoinPool-1-worker-1	io.trino.testing.DistributedQueryRunner	Created DistributedQueryRunner in 550.39ms (unclosed instances = 2)
[WARNING] [stderr] 2026-08-02T14:21:58.946-0600	INFO	ForkJoinPool-1-worker-1	stdout	engine,suite,query,measurements,min_ms,p50_ms,p95_ms,mean_ms,cpu_p50_ms,cpu_mean_ms,native_sources
[WARNING] [stderr] 2026-08-02T14:22:36.459-0600	INFO	ForkJoinPool-1-worker-1	stdout	operator_cpu,trino,0/ExchangeOperator@791,1,0.000,0.033,0.000,0,200,200,6110.000
[WARNING] [stderr] 2026-08-02T14:22:36.459-0600	INFO	ForkJoinPool-1-worker-1	stdout	operator_cpu,trino,0/LocalExchangeSourceOperator@1027,1,0.000,0.003,0.000,0,200,200,6110.000
[WARNING] [stderr] 2026-08-02T14:22:36.459-0600	INFO	ForkJoinPool-1-worker-1	stdout	operator_cpu,trino,0/TaskOutputOperator@31,1,0.028,0.000,0.001,0,100,100,0.000
[WARNING] [stderr] 2026-08-02T14:22:36.459-0600	INFO	ForkJoinPool-1-worker-1	stdout	operator_cpu,trino,0/LocalExchangeSinkOperator@1027,1,0.015,0.000,0.009,0,200,200,0.000
[WARNING] [stderr] 2026-08-02T14:22:36.459-0600	INFO	ForkJoinPool-1-worker-1	stdout	operator_cpu,trino,0/TopNOperator@693,1,0.001,0.388,0.011,0,200,100,0.000
[WARNING] [stderr] 2026-08-02T14:22:36.459-0600	INFO	ForkJoinPool-1-worker-1	stdout	operator_cpu,trino,1/ExchangeOperator@790,2,0.000,0.102,0.000,0,2210,2210,12220.000
[WARNING] [stderr] 2026-08-02T14:22:36.459-0600	INFO	ForkJoinPool-1-worker-1	stdout	operator_cpu,trino,1/LocalExchangeSourceOperator@1026,2,0.000,0.010,0.000,0,2210,2210,12220.000
[WARNING] [stderr] 2026-08-02T14:22:36.459-0600	INFO	ForkJoinPool-1-worker-1	stdout	operator_cpu,trino,1/LocalExchangeSourceOperator@1062,2,0.000,0.010,0.000,0,200,200,12220.000
[WARNING] [stderr] 2026-08-02T14:22:36.460-0600	INFO	ForkJoinPool-1-worker-1	stdout	operator_cpu,trino,1/TaskOutputOperator@1063,2,0.092,0.000,0.001,0,200,200,0.000
[WARNING] [stderr] 2026-08-02T14:22:36.460-0600	INFO	ForkJoinPool-1-worker-1	stdout	operator_cpu,trino,1/TopNOperator@1063,2,0.001,0.634,0.020,0,200,200,0.000
[WARNING] [stderr] 2026-08-02T14:22:36.460-0600	INFO	ForkJoinPool-1-worker-1	stdout	operator_cpu,trino,1/LocalExchangeSourceOperator@1064,2,0.000,0.012,0.000,0,200,200,12230.000
[WARNING] [stderr] 2026-08-02T14:22:36.460-0600	INFO	ForkJoinPool-1-worker-1	stdout	operator_cpu,trino,1/LocalExchangeSinkOperator@1064,2,0.012,0.000,0.003,0,200,200,0.000
[WARNING] [stderr] 2026-08-02T14:22:36.460-0600	INFO	ForkJoinPool-1-worker-1	stdout	operator_cpu,trino,1/TopNOperator@1061,2,0.001,0.764,0.023,0,200,200,0.000
[WARNING] [stderr] 2026-08-02T14:22:36.460-0600	INFO	ForkJoinPool-1-worker-1	stdout	operator_cpu,trino,1/LocalExchangeSinkOperator@1062,2,0.013,0.000,0.004,0,200,200,0.000
[WARNING] [stderr] 2026-08-02T14:22:36.460-0600	INFO	ForkJoinPool-1-worker-1	stdout	operator_cpu,trino,1/TopNOperator@692,2,0.002,1.359,0.007,0,1107,200,0.000
[WARNING] [stderr] 2026-08-02T14:22:36.460-0600	INFO	ForkJoinPool-1-worker-1	stdout	operator_cpu,trino,1/LocalExchangeSinkOperator@1026,2,0.030,0.000,0.020,0,2210,2210,0.000
[WARNING] [stderr] 2026-08-02T14:22:36.460-0600	INFO	ForkJoinPool-1-worker-1	stdout	operator_cpu,trino,1/TopNRankingOperator@18,2,0.885,1.632,0.028,0,2210,1107,0.000
[WARNING] [stderr] 2026-08-02T14:22:36.460-0600	INFO	ForkJoinPool-1-worker-1	stdout	operator_cpu,trino,2/ExchangeOperator@1119,2,0.000,171.350,0.000,0,22330652,22330652,9350.000
[WARNING] [stderr] 2026-08-02T14:22:36.460-0600	INFO	ForkJoinPool-1-worker-1	stdout	operator_cpu,trino,2/LocalExchangeSourceOperator@1113,2,0.000,2.730,0.000,0,22330652,22330652,2980.000
[WARNING] [stderr] 2026-08-02T14:22:36.460-0600	INFO	ForkJoinPool-1-worker-1	stdout	operator_cpu,trino,2/PartitionedOutputOperator@789,2,0.140,0.000,0.127,0,2210,2210,0.000
[WARNING] [stderr] 2026-08-02T14:22:36.460-0600	INFO	ForkJoinPool-1-worker-1	stdout	operator_cpu,trino,2/TopNRankingOperator@789,2,254.250,4.950,0.015,0,5790517,2210,0.000
[WARNING] [stderr] 2026-08-02T14:22:36.460-0600	INFO	ForkJoinPool-1-worker-1	stdout	operator_cpu,trino,2/FilterAndProjectOperator@139,2,0.396,3.950,0.031,0,5790517,5790517,0.000
[WARNING] [stderr] 2026-08-02T14:22:36.460-0600	INFO	ForkJoinPool-1-worker-1	stdout	operator_cpu,trino,2/LocalExchangeSinkOperator@1113,2,1423.890,0.000,0.100,0,22330652,22330652,0.000
[WARNING] [stderr] 2026-08-02T14:22:36.460-0600	INFO	ForkJoinPool-1-worker-1	stdout	operator_cpu,trino,2/HashAggregationOperator@11,2,7970.000,373.470,0.339,0,22330652,5790517,0.000
[WARNING] [stderr] 2026-08-02T14:22:36.460-0600	INFO	ForkJoinPool-1-worker-1	stdout	operator_cpu,trino,3/ExchangeOperator@787,2,0.000,1.746,0.000,0,102000,102000,17.860
[WARNING] [stderr] 2026-08-02T14:22:36.460-0600	INFO	ForkJoinPool-1-worker-1	stdout	operator_cpu,trino,3/LocalExchangeSourceOperator@1024,2,0.000,0.023,0.000,0,102000,102000,30.790
[WARNING] [stderr] 2026-08-02T14:22:36.460-0600	INFO	ForkJoinPool-1-worker-1	stdout	operator_cpu,trino,3/ExchangeOperator@786,2,0.000,17.810,0.000,0,5389310,5389310,133.290
[WARNING] [stderr] 2026-08-02T14:22:36.460-0600	INFO	ForkJoinPool-1-worker-1	stdout	operator_cpu,trino,3/GroupIdOperator@10,2,0.629,6.420,0.002,0,5389310,48503790,0.000
[WARNING] [stderr] 2026-08-02T14:22:36.460-0600	INFO	ForkJoinPool-1-worker-1	stdout	operator_cpu,trino,3/PartitionedOutputOperator@1117,2,2240.000,0.000,0.233,0,22330652,22330652,2.910
[WARNING] [stderr] 2026-08-02T14:22:36.460-0600	INFO	ForkJoinPool-1-worker-1	stdout	operator_cpu,trino,3/HashAggregationOperator@1117,2,5580.000,1505.310,0.047,0,48503790,22330652,0.000
[WARNING] [stderr] 2026-08-02T14:22:36.460-0600	INFO	ForkJoinPool-1-worker-1	stdout	operator_cpu,trino,3/FilterAndProjectOperator@166,2,0.768,32.440,0.152,0,5389310,5389310,0.000
[WARNING] [stderr] 2026-08-02T14:22:36.461-0600	INFO	ForkJoinPool-1-worker-1	stdout	operator_cpu,trino,3/LookupJoinOperator@6,2,0.187,1214.580,0.183,0,5389310,5389310,0.000
[WARNING] [stderr] 2026-08-02T14:22:36.461-0600	INFO	ForkJoinPool-1-worker-1	stdout	operator_cpu,trino,3/HashBuilderOperator@6,2,0.543,0.000,4.980,0,102000,102000,11450.000
[WARNING] [stderr] 2026-08-02T14:22:36.461-0600	INFO	ForkJoinPool-1-worker-1	stdout	operator_cpu,trino,3/LocalExchangeSinkOperator@1024,2,0.023,0.000,0.008,0,102000,102000,0.000
[WARNING] [stderr] 2026-08-02T14:22:36.461-0600	INFO	ForkJoinPool-1-worker-1	stdout	operator_cpu,trino,3/DynamicFilterSourceOperator@6,2,2.930,0.021,0.001,0,102000,102000,0.000
[WARNING] [stderr] 2026-08-02T14:22:36.461-0600	INFO	ForkJoinPool-1-worker-1	stdout	operator_cpu,trino,4/ExchangeOperator@785,2,0.000,0.043,0.000,0,102,102,17.740
[WARNING] [stderr] 2026-08-02T14:22:36.461-0600	INFO	ForkJoinPool-1-worker-1	stdout	operator_cpu,trino,4/LocalExchangeSourceOperator@1023,2,0.000,0.018,0.000,0,102,102,38.600
[WARNING] [stderr] 2026-08-02T14:22:36.461-0600	INFO	ForkJoinPool-1-worker-1	stdout	operator_cpu,trino,4/ExchangeOperator@784,2,0.000,17.970,0.000,0,5519097,5519097,458.470
[WARNING] [stderr] 2026-08-02T14:22:36.461-0600	INFO	ForkJoinPool-1-worker-1	stdout	operator_cpu,trino,4/PartitionedOutputOperator@4,2,109.140,0.000,1.542,0,5389310,5389310,7410.000
[WARNING] [stderr] 2026-08-02T14:22:36.461-0600	INFO	ForkJoinPool-1-worker-1	stdout	operator_cpu,trino,4/LookupJoinOperator@4,2,0.166,139.380,0.097,0,5519097,5389310,0.000
[WARNING] [stderr] 2026-08-02T14:22:36.461-0600	INFO	ForkJoinPool-1-worker-1	stdout	operator_cpu,trino,4/HashBuilderOperator@4,2,0.039,0.000,0.189,0,102,102,8420.000
[WARNING] [stderr] 2026-08-02T14:22:36.461-0600	INFO	ForkJoinPool-1-worker-1	stdout	operator_cpu,trino,4/LocalExchangeSinkOperator@1023,2,0.020,0.000,0.017,0,102,102,0.000
[WARNING] [stderr] 2026-08-02T14:22:36.461-0600	INFO	ForkJoinPool-1-worker-1	stdout	operator_cpu,trino,4/DynamicFilterSourceOperator@4,2,0.021,0.012,0.436,0,102,102,0.000
[WARNING] [stderr] 2026-08-02T14:22:36.461-0600	INFO	ForkJoinPool-1-worker-1	stdout	operator_cpu,trino,9/TableScanOperator@5,1,0.000,6.970,0.000,102000,102000,102000,0.000
[WARNING] [stderr] 2026-08-02T14:22:36.461-0600	INFO	ForkJoinPool-1-worker-1	stdout	operator_cpu,trino,9/PartitionedOutputOperator@5,1,2.560,0.000,0.264,0,102000,102000,0.000
[WARNING] [stderr] 2026-08-02T14:22:36.461-0600	INFO	ForkJoinPool-1-worker-1	stdout	operator_cpu,trino,5/ExchangeOperator@783,2,0.000,0.034,0.000,0,366,366,41.580
[WARNING] [stderr] 2026-08-02T14:22:36.461-0600	INFO	ForkJoinPool-1-worker-1	stdout	operator_cpu,trino,5/LocalExchangeSourceOperator@1022,2,0.000,0.016,0.000,0,366,366,81.080
[WARNING] [stderr] 2026-08-02T14:22:36.461-0600	INFO	ForkJoinPool-1-worker-1	stdout	operator_cpu,trino,5/ExchangeOperator@782,2,0.000,84.080,0.000,0,22219114,22219114,963.980
[WARNING] [stderr] 2026-08-02T14:22:36.461-0600	INFO	ForkJoinPool-1-worker-1	stdout	operator_cpu,trino,5/PartitionedOutputOperator@2,2,126.230,0.000,0.051,0,5519097,5519097,2990.000
[WARNING] [stderr] 2026-08-02T14:22:36.461-0600	INFO	ForkJoinPool-1-worker-1	stdout	operator_cpu,trino,5/LookupJoinOperator@2,2,0.596,297.020,0.110,0,22219114,5519097,7.460
[WARNING] [stderr] 2026-08-02T14:22:36.461-0600	INFO	ForkJoinPool-1-worker-1	stdout	operator_cpu,trino,5/HashBuilderOperator@2,2,0.047,0.000,0.362,0,366,366,5050.000
[WARNING] [stderr] 2026-08-02T14:22:36.461-0600	INFO	ForkJoinPool-1-worker-1	stdout	operator_cpu,trino,5/LocalExchangeSinkOperator@1022,2,0.011,0.000,0.048,0,366,366,0.000
[WARNING] [stderr] 2026-08-02T14:22:36.461-0600	INFO	ForkJoinPool-1-worker-1	stdout	operator_cpu,trino,5/DynamicFilterSourceOperator@2,2,0.057,0.016,0.573,0,366,366,0.000
[WARNING] [stderr] 2026-08-02T14:22:36.461-0600	INFO	ForkJoinPool-1-worker-1	stdout	operator_cpu,trino,8/TableScanOperator@3,1,0.000,0.782,0.000,102,102,102,0.000
[WARNING] [stderr] 2026-08-02T14:22:36.461-0600	INFO	ForkJoinPool-1-worker-1	stdout	operator_cpu,trino,8/PartitionedOutputOperator@3,1,0.043,0.000,0.047,0,102,102,0.000
[WARNING] [stderr] 2026-08-02T14:22:36.461-0600	INFO	ForkJoinPool-1-worker-1	stdout	operator_cpu,trino,6/ScanFilterAndProjectOperator@900,12,0.000,616.380,0.000,28800991,28800991,22219114,0.000
[WARNING] [stderr] 2026-08-02T14:22:36.461-0600	INFO	ForkJoinPool-1-worker-1	stdout	operator_cpu,trino,6/PartitionedOutputOperator@900,12,433.470,0.000,0.605,0,22219114,22219114,4861.630
[WARNING] [stderr] 2026-08-02T14:22:36.462-0600	INFO	ForkJoinPool-1-worker-1	stdout	operator_cpu,trino,7/ScanFilterAndProjectOperator@429,1,0.000,7.130,0.000,73049,73049,366,0.000
[WARNING] [stderr] 2026-08-02T14:22:36.462-0600	INFO	ForkJoinPool-1-worker-1	stdout	operator_cpu,trino,7/PartitionedOutputOperator@429,1,0.010,0.000,0.047,0,366,366,0.000
[WARNING] [stderr] 2026-08-02T14:22:43.725-0600	INFO	ForkJoinPool-1-worker-1	stdout	operator_cpu,nitro,0/ExchangeOperator@791,1,0.000,0.052,0.000,0,200,200,7210.000
[WARNING] [stderr] 2026-08-02T14:22:43.725-0600	INFO	ForkJoinPool-1-worker-1	stdout	operator_cpu,nitro,0/LocalExchangeSourceOperator@1027,1,0.000,0.008,0.000,0,200,200,7210.000
[WARNING] [stderr] 2026-08-02T14:22:43.725-0600	INFO	ForkJoinPool-1-worker-1	stdout	operator_cpu,nitro,0/TaskOutputOperator@31,1,0.031,0.000,0.001,0,100,100,0.000
[WARNING] [stderr] 2026-08-02T14:22:43.725-0600	INFO	ForkJoinPool-1-worker-1	stdout	operator_cpu,nitro,0/LocalExchangeSinkOperator@1027,1,0.010,0.000,0.005,0,200,200,0.000
[WARNING] [stderr] 2026-08-02T14:22:43.725-0600	INFO	ForkJoinPool-1-worker-1	stdout	operator_cpu,nitro,0/TrinoNitroTopNOperator@693,1,1.420,0.343,0.001,0,200,100,0.000
[WARNING] [stderr] 2026-08-02T14:22:43.725-0600	INFO	ForkJoinPool-1-worker-1	stdout	operator_cpu,nitro,1/ExchangeOperator@790,2,0.000,0.079,0.000,0,2210,2210,14410.000
[WARNING] [stderr] 2026-08-02T14:22:43.725-0600	INFO	ForkJoinPool-1-worker-1	stdout	operator_cpu,nitro,1/LocalExchangeSourceOperator@1026,2,0.000,0.010,0.000,0,2210,2210,14400.000
[WARNING] [stderr] 2026-08-02T14:22:43.725-0600	INFO	ForkJoinPool-1-worker-1	stdout	operator_cpu,nitro,1/LocalExchangeSourceOperator@1062,2,0.000,0.018,0.000,0,200,200,14420.000
[WARNING] [stderr] 2026-08-02T14:22:43.725-0600	INFO	ForkJoinPool-1-worker-1	stdout	operator_cpu,nitro,1/TaskOutputOperator@1063,2,0.087,0.000,0.003,0,200,200,0.000
[WARNING] [stderr] 2026-08-02T14:22:43.725-0600	INFO	ForkJoinPool-1-worker-1	stdout	operator_cpu,nitro,1/TrinoNitroTopNOperator@1063,2,1.719,0.924,0.002,0,200,200,0.000
[WARNING] [stderr] 2026-08-02T14:22:43.725-0600	INFO	ForkJoinPool-1-worker-1	stdout	operator_cpu,nitro,1/LocalExchangeSourceOperator@1064,2,0.000,0.010,0.000,0,200,200,14420.000
[WARNING] [stderr] 2026-08-02T14:22:43.725-0600	INFO	ForkJoinPool-1-worker-1	stdout	operator_cpu,nitro,1/LocalExchangeSinkOperator@1064,2,0.013,0.000,0.007,0,200,200,0.000
[WARNING] [stderr] 2026-08-02T14:22:43.725-0600	INFO	ForkJoinPool-1-worker-1	stdout	operator_cpu,nitro,1/TrinoNitroTopNOperator@1061,2,1.813,0.917,0.003,0,200,200,0.000
[WARNING] [stderr] 2026-08-02T14:22:43.725-0600	INFO	ForkJoinPool-1-worker-1	stdout	operator_cpu,nitro,1/LocalExchangeSinkOperator@1062,2,0.016,0.000,0.006,0,200,200,0.000
[WARNING] [stderr] 2026-08-02T14:22:43.726-0600	INFO	ForkJoinPool-1-worker-1	stdout	operator_cpu,nitro,1/TrinoNitroTopNOperator@692,2,1.978,1.070,0.001,0,1107,200,0.000
[WARNING] [stderr] 2026-08-02T14:22:43.726-0600	INFO	ForkJoinPool-1-worker-1	stdout	operator_cpu,nitro,1/LocalExchangeSinkOperator@1026,2,0.019,0.000,0.031,0,2210,2210,0.000
[WARNING] [stderr] 2026-08-02T14:22:43.726-0600	INFO	ForkJoinPool-1-worker-1	stdout	operator_cpu,nitro,1/TrinoNitroTopNRankingOperator@18,2,0.336,2.539,0.035,0,2210,1107,0.000
[WARNING] [stderr] 2026-08-02T14:22:43.726-0600	INFO	ForkJoinPool-1-worker-1	stdout	operator_cpu,nitro,2/ExchangeOperator@1119,2,0.000,127.590,0.000,0,15742732,15742732,10970.000
[WARNING] [stderr] 2026-08-02T14:22:43.726-0600	INFO	ForkJoinPool-1-worker-1	stdout	operator_cpu,nitro,2/LocalExchangeSourceOperator@1113,2,0.000,2.090,0.000,0,15742732,15742732,4570.000
[WARNING] [stderr] 2026-08-02T14:22:43.726-0600	INFO	ForkJoinPool-1-worker-1	stdout	operator_cpu,nitro,2/PartitionedOutputOperator@789,2,0.169,0.000,0.172,0,2210,2210,0.000
[WARNING] [stderr] 2026-08-02T14:22:43.726-0600	INFO	ForkJoinPool-1-worker-1	stdout	operator_cpu,nitro,2/TrinoNitroTopNRankingOperator@789,2,529.210,507.270,0.475,0,5790517,2210,0.000
[WARNING] [stderr] 2026-08-02T14:22:43.726-0600	INFO	ForkJoinPool-1-worker-1	stdout	operator_cpu,nitro,2/LocalExchangeSinkOperator@1113,2,981.990,0.000,0.063,0,15742732,15742732,0.000
[WARNING] [stderr] 2026-08-02T14:22:43.726-0600	INFO	ForkJoinPool-1-worker-1	stdout	operator_cpu,nitro,2/TrinoNitroAggregationOperator@11,2,7280.000,1082.020,0.153,0,15742732,5790517,0.000
[WARNING] [stderr] 2026-08-02T14:22:43.726-0600	INFO	ForkJoinPool-1-worker-1	stdout	operator_cpu,nitro,3/ExchangeOperator@787,2,0.000,0.594,0.000,0,102000,102000,33.470
[WARNING] [stderr] 2026-08-02T14:22:43.726-0600	INFO	ForkJoinPool-1-worker-1	stdout	operator_cpu,nitro,3/LocalExchangeSourceOperator@1024,2,0.000,0.030,0.000,0,102000,102000,29.680
[WARNING] [stderr] 2026-08-02T14:22:43.726-0600	INFO	ForkJoinPool-1-worker-1	stdout	operator_cpu,nitro,3/ExchangeOperator@786,2,0.000,18.960,0.000,0,5389310,5389310,131.180
[WARNING] [stderr] 2026-08-02T14:22:43.726-0600	INFO	ForkJoinPool-1-worker-1	stdout	operator_cpu,nitro,3/TrinoNitroAggregationOperator@1117,2,3.890,8290.000,1.397,0,5389310,15742732,0.000
[WARNING] [stderr] 2026-08-02T14:22:43.726-0600	INFO	ForkJoinPool-1-worker-1	stdout	operator_cpu,nitro,3/PartitionedOutputOperator@1117,2,1660.590,0.000,19.303,0,15742732,15742732,187.640
[WARNING] [stderr] 2026-08-02T14:22:43.726-0600	INFO	ForkJoinPool-1-worker-1	stdout	operator_cpu,nitro,3/TrinoNitroHashJoinOperator@6,2,1.724,850.490,0.132,0,5389310,5389310,50.360
[WARNING] [stderr] 2026-08-02T14:22:43.726-0600	INFO	ForkJoinPool-1-worker-1	stdout	operator_cpu,nitro,3/TrinoNitroHashBuildOperator@6,2,6.330,0.000,7.950,0,102000,0,11910.000
[WARNING] [stderr] 2026-08-02T14:22:43.726-0600	INFO	ForkJoinPool-1-worker-1	stdout	operator_cpu,nitro,3/LocalExchangeSinkOperator@1024,2,0.034,0.000,0.015,0,102000,102000,0.000
[WARNING] [stderr] 2026-08-02T14:22:43.726-0600	INFO	ForkJoinPool-1-worker-1	stdout	operator_cpu,nitro,3/DynamicFilterSourceOperator@6,2,1.245,0.030,0.037,0,102000,102000,0.000
[WARNING] [stderr] 2026-08-02T14:22:43.726-0600	INFO	ForkJoinPool-1-worker-1	stdout	operator_cpu,nitro,4/ExchangeOperator@785,2,0.000,0.069,0.000,0,102,102,32.610
[WARNING] [stderr] 2026-08-02T14:22:43.726-0600	INFO	ForkJoinPool-1-worker-1	stdout	operator_cpu,nitro,4/LocalExchangeSourceOperator@1023,2,0.000,0.005,0.000,0,102,102,31.790
[WARNING] [stderr] 2026-08-02T14:22:43.726-0600	INFO	ForkJoinPool-1-worker-1	stdout	operator_cpu,nitro,4/ExchangeOperator@784,2,0.000,16.560,0.000,0,5389310,5389310,202.570
[WARNING] [stderr] 2026-08-02T14:22:43.726-0600	INFO	ForkJoinPool-1-worker-1	stdout	operator_cpu,nitro,4/PartitionedOutputOperator@4,2,94.730,0.000,0.672,0,5389310,5389310,8250.000
[WARNING] [stderr] 2026-08-02T14:22:43.726-0600	INFO	ForkJoinPool-1-worker-1	stdout	operator_cpu,nitro,4/TrinoNitroHashJoinOperator@4,2,1.002,140.520,0.050,0,5389310,5389310,32.650
[WARNING] [stderr] 2026-08-02T14:22:43.726-0600	INFO	ForkJoinPool-1-worker-1	stdout	operator_cpu,nitro,4/TrinoNitroHashBuildOperator@4,2,0.031,0.000,0.353,0,102,0,8830.000
[WARNING] [stderr] 2026-08-02T14:22:43.726-0600	INFO	ForkJoinPool-1-worker-1	stdout	operator_cpu,nitro,4/LocalExchangeSinkOperator@1023,2,0.017,0.000,0.028,0,102,102,0.000
[WARNING] [stderr] 2026-08-02T14:22:43.726-0600	INFO	ForkJoinPool-1-worker-1	stdout	operator_cpu,nitro,4/DynamicFilterSourceOperator@4,2,0.011,0.014,0.182,0,102,102,0.000
[WARNING] [stderr] 2026-08-02T14:22:43.726-0600	INFO	ForkJoinPool-1-worker-1	stdout	operator_cpu,nitro,9/TrinoNitroPipelineSourceOperator@5,1,0.000,8.640,0.000,102000,102000,102000,0.000
[WARNING] [stderr] 2026-08-02T14:22:43.726-0600	INFO	ForkJoinPool-1-worker-1	stdout	operator_cpu,nitro,9/PartitionedOutputOperator@5,1,3.160,0.000,0.114,0,102000,102000,0.000
[WARNING] [stderr] 2026-08-02T14:22:43.726-0600	INFO	ForkJoinPool-1-worker-1	stdout	operator_cpu,nitro,5/ExchangeOperator@783,2,0.000,0.025,0.000,0,366,366,35.770
[WARNING] [stderr] 2026-08-02T14:22:43.727-0600	INFO	ForkJoinPool-1-worker-1	stdout	operator_cpu,nitro,5/LocalExchangeSourceOperator@1022,2,0.000,0.005,0.000,0,366,366,36.900
[WARNING] [stderr] 2026-08-02T14:22:43.727-0600	INFO	ForkJoinPool-1-worker-1	stdout	operator_cpu,nitro,5/ExchangeOperator@782,2,0.000,15.770,0.000,0,5389310,5389310,712.610
[WARNING] [stderr] 2026-08-02T14:22:43.727-0600	INFO	ForkJoinPool-1-worker-1	stdout	operator_cpu,nitro,5/PartitionedOutputOperator@2,2,82.020,0.000,0.776,0,5389310,5389310,3770.000
[WARNING] [stderr] 2026-08-02T14:22:43.727-0600	INFO	ForkJoinPool-1-worker-1	stdout	operator_cpu,nitro,5/TrinoNitroHashJoinOperator@2,2,0.801,160.250,0.141,0,5389310,5389310,37.660
[WARNING] [stderr] 2026-08-02T14:22:43.727-0600	INFO	ForkJoinPool-1-worker-1	stdout	operator_cpu,nitro,5/TrinoNitroHashBuildOperator@2,2,0.022,0.000,0.269,0,366,0,4920.000
[WARNING] [stderr] 2026-08-02T14:22:43.727-0600	INFO	ForkJoinPool-1-worker-1	stdout	operator_cpu,nitro,5/LocalExchangeSinkOperator@1022,2,0.011,0.000,0.018,0,366,366,0.000
[WARNING] [stderr] 2026-08-02T14:22:43.727-0600	INFO	ForkJoinPool-1-worker-1	stdout	operator_cpu,nitro,5/DynamicFilterSourceOperator@2,2,0.021,0.018,0.270,0,366,366,0.000
[WARNING] [stderr] 2026-08-02T14:22:43.727-0600	INFO	ForkJoinPool-1-worker-1	stdout	operator_cpu,nitro,8/TrinoNitroPipelineSourceOperator@3,1,0.000,0.302,0.000,102,102,102,0.000
[WARNING] [stderr] 2026-08-02T14:22:43.727-0600	INFO	ForkJoinPool-1-worker-1	stdout	operator_cpu,nitro,8/PartitionedOutputOperator@3,1,0.008,0.000,0.053,0,102,102,0.000
[WARNING] [stderr] 2026-08-02T14:22:43.727-0600	INFO	ForkJoinPool-1-worker-1	stdout	operator_cpu,nitro,6/TrinoNitroPipelineSourceOperator@900,12,0.000,449.140,0.000,28800991,5389310,5389310,149.080
[WARNING] [stderr] 2026-08-02T14:22:43.727-0600	INFO	ForkJoinPool-1-worker-1	stdout	operator_cpu,nitro,6/PartitionedOutputOperator@900,12,69.860,0.000,1.468,0,5389310,5389310,4313.480
[WARNING] [stderr] 2026-08-02T14:22:43.727-0600	INFO	ForkJoinPool-1-worker-1	stdout	operator_cpu,nitro,7/TrinoNitroPipelineSourceOperator@429,1,0.000,2.060,0.000,73049,366,366,0.000
[WARNING] [stderr] 2026-08-02T14:22:43.727-0600	INFO	ForkJoinPool-1-worker-1	stdout	operator_cpu,nitro,7/PartitionedOutputOperator@429,1,0.009,0.000,0.037,0,366,366,0.000
[WARNING] [stderr] 2026-08-02T14:22:51.135-0600	INFO	ForkJoinPool-1-worker-1	stdout	operator_cpu,nitro,0/ExchangeOperator@791,1,0.000,0.028,0.000,0,200,200,7360.000
[WARNING] [stderr] 2026-08-02T14:22:51.135-0600	INFO	ForkJoinPool-1-worker-1	stdout	operator_cpu,nitro,0/LocalExchangeSourceOperator@1027,1,0.000,0.007,0.000,0,200,200,7360.000
[WARNING] [stderr] 2026-08-02T14:22:51.135-0600	INFO	ForkJoinPool-1-worker-1	stdout	operator_cpu,nitro,0/TaskOutputOperator@31,1,0.031,0.000,0.001,0,100,100,0.000
[WARNING] [stderr] 2026-08-02T14:22:51.135-0600	INFO	ForkJoinPool-1-worker-1	stdout	operator_cpu,nitro,0/LocalExchangeSinkOperator@1027,1,0.007,0.000,0.005,0,200,200,0.000
[WARNING] [stderr] 2026-08-02T14:22:51.135-0600	INFO	ForkJoinPool-1-worker-1	stdout	operator_cpu,nitro,0/TrinoNitroTopNOperator@693,1,0.941,0.488,0.001,0,200,100,0.000
[WARNING] [stderr] 2026-08-02T14:22:51.135-0600	INFO	ForkJoinPool-1-worker-1	stdout	operator_cpu,nitro,1/ExchangeOperator@790,2,0.000,0.104,0.000,0,2210,2210,14700.000
[WARNING] [stderr] 2026-08-02T14:22:51.135-0600	INFO	ForkJoinPool-1-worker-1	stdout	operator_cpu,nitro,1/LocalExchangeSourceOperator@1026,2,0.000,0.012,0.000,0,2210,2210,14700.000
[WARNING] [stderr] 2026-08-02T14:22:51.136-0600	INFO	ForkJoinPool-1-worker-1	stdout	operator_cpu,nitro,1/LocalExchangeSourceOperator@1062,2,0.000,0.014,0.000,0,200,200,14720.000
[WARNING] [stderr] 2026-08-02T14:22:51.136-0600	INFO	ForkJoinPool-1-worker-1	stdout	operator_cpu,nitro,1/TaskOutputOperator@1063,2,0.097,0.000,0.003,0,200,200,0.000
[WARNING] [stderr] 2026-08-02T14:22:51.136-0600	INFO	ForkJoinPool-1-worker-1	stdout	operator_cpu,nitro,1/TrinoNitroTopNOperator@1063,2,1.898,0.830,0.002,0,200,200,0.000
[WARNING] [stderr] 2026-08-02T14:22:51.136-0600	INFO	ForkJoinPool-1-worker-1	stdout	operator_cpu,nitro,1/LocalExchangeSourceOperator@1064,2,0.000,0.016,0.000,0,200,200,14720.000
[WARNING] [stderr] 2026-08-02T14:22:51.136-0600	INFO	ForkJoinPool-1-worker-1	stdout	operator_cpu,nitro,1/LocalExchangeSinkOperator@1064,2,0.015,0.000,0.024,0,200,200,0.000
[WARNING] [stderr] 2026-08-02T14:22:51.136-0600	INFO	ForkJoinPool-1-worker-1	stdout	operator_cpu,nitro,1/TrinoNitroTopNOperator@1061,2,1.853,0.904,0.003,0,200,200,0.000
[WARNING] [stderr] 2026-08-02T14:22:51.136-0600	INFO	ForkJoinPool-1-worker-1	stdout	operator_cpu,nitro,1/LocalExchangeSinkOperator@1062,2,0.016,0.000,0.007,0,200,200,0.000
[WARNING] [stderr] 2026-08-02T14:22:51.136-0600	INFO	ForkJoinPool-1-worker-1	stdout	operator_cpu,nitro,1/TrinoNitroTopNOperator@692,2,2.040,0.997,0.001,0,1107,200,0.000
[WARNING] [stderr] 2026-08-02T14:22:51.136-0600	INFO	ForkJoinPool-1-worker-1	stdout	operator_cpu,nitro,1/LocalExchangeSinkOperator@1026,2,0.028,0.000,0.032,0,2210,2210,0.000
[WARNING] [stderr] 2026-08-02T14:22:51.136-0600	INFO	ForkJoinPool-1-worker-1	stdout	operator_cpu,nitro,1/TrinoNitroTopNRankingOperator@18,2,0.362,2.800,0.035,0,2210,1107,0.000
[WARNING] [stderr] 2026-08-02T14:22:51.136-0600	INFO	ForkJoinPool-1-worker-1	stdout	operator_cpu,nitro,2/ExchangeOperator@1119,2,0.000,132.690,0.000,0,15767775,15767775,10970.000
[WARNING] [stderr] 2026-08-02T14:22:51.136-0600	INFO	ForkJoinPool-1-worker-1	stdout	operator_cpu,nitro,2/LocalExchangeSourceOperator@1113,2,0.000,2.160,0.000,0,15767775,15767775,4420.000
[WARNING] [stderr] 2026-08-02T14:22:51.136-0600	INFO	ForkJoinPool-1-worker-1	stdout	operator_cpu,nitro,2/PartitionedOutputOperator@789,2,0.174,0.000,0.162,0,2210,2210,0.000
[WARNING] [stderr] 2026-08-02T14:22:51.136-0600	INFO	ForkJoinPool-1-worker-1	stdout	operator_cpu,nitro,2/TrinoNitroTopNRankingOperator@789,2,518.120,502.290,0.501,0,5790517,2210,0.000
[WARNING] [stderr] 2026-08-02T14:22:51.136-0600	INFO	ForkJoinPool-1-worker-1	stdout	operator_cpu,nitro,2/LocalExchangeSinkOperator@1113,2,984.620,0.000,0.033,0,15767775,15767775,0.000
[WARNING] [stderr] 2026-08-02T14:22:51.136-0600	INFO	ForkJoinPool-1-worker-1	stdout	operator_cpu,nitro,2/TrinoNitroAggregationOperator@11,2,7330.000,1081.410,0.183,0,15767775,5790517,0.000
[WARNING] [stderr] 2026-08-02T14:22:51.136-0600	INFO	ForkJoinPool-1-worker-1	stdout	operator_cpu,nitro,3/ExchangeOperator@787,2,0.000,0.622,0.000,0,102000,102000,52.940
[WARNING] [stderr] 2026-08-02T14:22:51.136-0600	INFO	ForkJoinPool-1-worker-1	stdout	operator_cpu,nitro,3/LocalExchangeSourceOperator@1024,2,0.000,0.016,0.000,0,102000,102000,104.630
[WARNING] [stderr] 2026-08-02T14:22:51.136-0600	INFO	ForkJoinPool-1-worker-1	stdout	operator_cpu,nitro,3/ExchangeOperator@786,2,0.000,19.300,0.000,0,5389310,5389310,149.240
[WARNING] [stderr] 2026-08-02T14:22:51.136-0600	INFO	ForkJoinPool-1-worker-1	stdout	operator_cpu,nitro,3/TrinoNitroAggregationOperator@1117,2,2.950,8260.000,1.459,0,5389310,15767775,0.000
[WARNING] [stderr] 2026-08-02T14:22:51.136-0600	INFO	ForkJoinPool-1-worker-1	stdout	operator_cpu,nitro,3/PartitionedOutputOperator@1117,2,1680.610,0.000,0.034,0,15767775,15767775,165.040
[WARNING] [stderr] 2026-08-02T14:22:51.136-0600	INFO	ForkJoinPool-1-worker-1	stdout	operator_cpu,nitro,3/TrinoNitroHashJoinOperator@6,2,1.825,834.540,0.128,0,5389310,5389310,142.320
[WARNING] [stderr] 2026-08-02T14:22:51.136-0600	INFO	ForkJoinPool-1-worker-1	stdout	operator_cpu,nitro,3/TrinoNitroHashBuildOperator@6,2,6.460,0.000,8.720,0,102000,0,11970.000
[WARNING] [stderr] 2026-08-02T14:22:51.136-0600	INFO	ForkJoinPool-1-worker-1	stdout	operator_cpu,nitro,3/LocalExchangeSinkOperator@1024,2,0.049,0.000,0.066,0,102000,102000,0.000
[WARNING] [stderr] 2026-08-02T14:22:51.136-0600	INFO	ForkJoinPool-1-worker-1	stdout	operator_cpu,nitro,3/DynamicFilterSourceOperator@6,2,2.027,0.039,0.108,0,102000,102000,0.000
[WARNING] [stderr] 2026-08-02T14:22:51.136-0600	INFO	ForkJoinPool-1-worker-1	stdout	operator_cpu,nitro,4/ExchangeOperator@785,2,0.000,0.038,0.000,0,102,102,8.710
[WARNING] [stderr] 2026-08-02T14:22:51.136-0600	INFO	ForkJoinPool-1-worker-1	stdout	operator_cpu,nitro,4/LocalExchangeSourceOperator@1023,2,0.000,0.012,0.000,0,102,102,14.770
[WARNING] [stderr] 2026-08-02T14:22:51.136-0600	INFO	ForkJoinPool-1-worker-1	stdout	operator_cpu,nitro,4/ExchangeOperator@784,2,0.000,16.110,0.000,0,5389310,5389310,186.060
[WARNING] [stderr] 2026-08-02T14:22:51.136-0600	INFO	ForkJoinPool-1-worker-1	stdout	operator_cpu,nitro,4/PartitionedOutputOperator@4,2,94.930,0.000,0.438,0,5389310,5389310,7980.000
[WARNING] [stderr] 2026-08-02T14:22:51.136-0600	INFO	ForkJoinPool-1-worker-1	stdout	operator_cpu,nitro,4/TrinoNitroHashJoinOperator@4,2,0.964,140.250,0.092,0,5389310,5389310,18.380
[WARNING] [stderr] 2026-08-02T14:22:51.136-0600	INFO	ForkJoinPool-1-worker-1	stdout	operator_cpu,nitro,4/TrinoNitroHashBuildOperator@4,2,0.038,0.000,0.249,0,102,0,8690.000
[WARNING] [stderr] 2026-08-02T14:22:51.136-0600	INFO	ForkJoinPool-1-worker-1	stdout	operator_cpu,nitro,4/LocalExchangeSinkOperator@1023,2,0.013,0.000,0.009,0,102,102,0.000
[WARNING] [stderr] 2026-08-02T14:22:51.137-0600	INFO	ForkJoinPool-1-worker-1	stdout	operator_cpu,nitro,4/DynamicFilterSourceOperator@4,2,0.014,0.012,0.152,0,102,102,0.000
[WARNING] [stderr] 2026-08-02T14:22:51.137-0600	INFO	ForkJoinPool-1-worker-1	stdout	operator_cpu,nitro,9/TrinoNitroPipelineSourceOperator@5,1,0.000,8.460,0.000,102000,102000,102000,0.000
[WARNING] [stderr] 2026-08-02T14:22:51.137-0600	INFO	ForkJoinPool-1-worker-1	stdout	operator_cpu,nitro,9/PartitionedOutputOperator@5,1,3.230,0.000,0.113,0,102000,102000,0.000
[WARNING] [stderr] 2026-08-02T14:22:51.137-0600	INFO	ForkJoinPool-1-worker-1	stdout	operator_cpu,nitro,5/ExchangeOperator@783,2,0.000,0.028,0.000,0,366,366,28.130
[WARNING] [stderr] 2026-08-02T14:22:51.137-0600	INFO	ForkJoinPool-1-worker-1	stdout	operator_cpu,nitro,5/LocalExchangeSourceOperator@1022,2,0.000,0.005,0.000,0,366,366,26.250
[WARNING] [stderr] 2026-08-02T14:22:51.137-0600	INFO	ForkJoinPool-1-worker-1	stdout	operator_cpu,nitro,5/ExchangeOperator@782,2,0.000,16.560,0.000,0,5389310,5389310,130.790
[WARNING] [stderr] 2026-08-02T14:22:51.137-0600	INFO	ForkJoinPool-1-worker-1	stdout	operator_cpu,nitro,5/PartitionedOutputOperator@2,2,84.060,0.000,0.712,0,5389310,5389310,4400.000
[WARNING] [stderr] 2026-08-02T14:22:51.137-0600	INFO	ForkJoinPool-1-worker-1	stdout	operator_cpu,nitro,5/TrinoNitroHashJoinOperator@2,2,0.815,160.480,0.111,0,5389310,5389310,29.280
[WARNING] [stderr] 2026-08-02T14:22:51.137-0600	INFO	ForkJoinPool-1-worker-1	stdout	operator_cpu,nitro,5/TrinoNitroHashBuildOperator@2,2,0.025,0.000,0.203,0,366,0,5100.000
[WARNING] [stderr] 2026-08-02T14:22:51.137-0600	INFO	ForkJoinPool-1-worker-1	stdout	operator_cpu,nitro,5/LocalExchangeSinkOperator@1022,2,0.010,0.000,0.020,0,366,366,0.000
[WARNING] [stderr] 2026-08-02T14:22:51.137-0600	INFO	ForkJoinPool-1-worker-1	stdout	operator_cpu,nitro,5/DynamicFilterSourceOperator@2,2,0.018,0.012,0.247,0,366,366,0.000
[WARNING] [stderr] 2026-08-02T14:22:51.137-0600	INFO	ForkJoinPool-1-worker-1	stdout	operator_cpu,nitro,8/TrinoNitroPipelineSourceOperator@3,1,0.000,0.566,0.000,102,102,102,0.000
[WARNING] [stderr] 2026-08-02T14:22:51.137-0600	INFO	ForkJoinPool-1-worker-1	stdout	operator_cpu,nitro,8/PartitionedOutputOperator@3,1,0.011,0.000,0.064,0,102,102,0.000
[WARNING] [stderr] 2026-08-02T14:22:51.137-0600	INFO	ForkJoinPool-1-worker-1	stdout	operator_cpu,nitro,6/TrinoNitroPipelineSourceOperator@900,12,0.000,444.060,0.000,28800991,5389310,5389310,129.040
[WARNING] [stderr] 2026-08-02T14:22:51.137-0600	INFO	ForkJoinPool-1-worker-1	stdout	operator_cpu,nitro,6/PartitionedOutputOperator@900,12,74.100,0.000,1.276,0,5389310,5389310,2145.970
[WARNING] [stderr] 2026-08-02T14:22:51.137-0600	INFO	ForkJoinPool-1-worker-1	stdout	operator_cpu,nitro,7/TrinoNitroPipelineSourceOperator@429,1,0.000,1.700,0.000,73049,366,366,0.000
[WARNING] [stderr] 2026-08-02T14:22:51.137-0600	INFO	ForkJoinPool-1-worker-1	stdout	operator_cpu,nitro,7/PartitionedOutputOperator@429,1,0.008,0.000,0.036,0,366,366,0.000
[WARNING] [stderr] 2026-08-02T14:22:58.079-0600	INFO	ForkJoinPool-1-worker-1	stdout	operator_cpu,trino,0/ExchangeOperator@791,1,0.000,0.035,0.000,0,200,200,6890.000
[WARNING] [stderr] 2026-08-02T14:22:58.079-0600	INFO	ForkJoinPool-1-worker-1	stdout	operator_cpu,trino,0/LocalExchangeSourceOperator@1027,1,0.000,0.010,0.000,0,200,200,6890.000
[WARNING] [stderr] 2026-08-02T14:22:58.079-0600	INFO	ForkJoinPool-1-worker-1	stdout	operator_cpu,trino,0/TaskOutputOperator@31,1,0.034,0.000,0.001,0,100,100,0.000
[WARNING] [stderr] 2026-08-02T14:22:58.079-0600	INFO	ForkJoinPool-1-worker-1	stdout	operator_cpu,trino,0/LocalExchangeSinkOperator@1027,1,0.010,0.000,0.003,0,200,200,0.000
[WARNING] [stderr] 2026-08-02T14:22:58.080-0600	INFO	ForkJoinPool-1-worker-1	stdout	operator_cpu,trino,0/TopNOperator@693,1,0.001,0.709,0.009,0,200,100,0.000
[WARNING] [stderr] 2026-08-02T14:22:58.080-0600	INFO	ForkJoinPool-1-worker-1	stdout	operator_cpu,trino,1/ExchangeOperator@790,2,0.000,0.124,0.000,0,2210,2210,13770.000
[WARNING] [stderr] 2026-08-02T14:22:58.080-0600	INFO	ForkJoinPool-1-worker-1	stdout	operator_cpu,trino,1/LocalExchangeSourceOperator@1026,2,0.000,0.013,0.000,0,2210,2210,13450.000
[WARNING] [stderr] 2026-08-02T14:22:58.080-0600	INFO	ForkJoinPool-1-worker-1	stdout	operator_cpu,trino,1/LocalExchangeSourceOperator@1062,2,0.000,0.007,0.000,0,200,200,13460.000
[WARNING] [stderr] 2026-08-02T14:22:58.080-0600	INFO	ForkJoinPool-1-worker-1	stdout	operator_cpu,trino,1/TaskOutputOperator@1063,2,0.094,0.000,0.001,0,200,200,0.000
[WARNING] [stderr] 2026-08-02T14:22:58.080-0600	INFO	ForkJoinPool-1-worker-1	stdout	operator_cpu,trino,1/TopNOperator@1063,2,0.002,2.185,0.015,0,200,200,0.000
[WARNING] [stderr] 2026-08-02T14:22:58.080-0600	INFO	ForkJoinPool-1-worker-1	stdout	operator_cpu,trino,1/LocalExchangeSourceOperator@1064,2,0.000,0.010,0.000,0,200,200,13460.000
[WARNING] [stderr] 2026-08-02T14:22:58.080-0600	INFO	ForkJoinPool-1-worker-1	stdout	operator_cpu,trino,1/LocalExchangeSinkOperator@1064,2,0.012,0.000,0.003,0,200,200,0.000
[WARNING] [stderr] 2026-08-02T14:22:58.080-0600	INFO	ForkJoinPool-1-worker-1	stdout	operator_cpu,trino,1/TopNOperator@1061,2,0.001,3.700,0.021,0,200,200,0.000
[WARNING] [stderr] 2026-08-02T14:22:58.080-0600	INFO	ForkJoinPool-1-worker-1	stdout	operator_cpu,trino,1/LocalExchangeSinkOperator@1062,2,0.016,0.000,0.005,0,200,200,0.000
[WARNING] [stderr] 2026-08-02T14:22:58.080-0600	INFO	ForkJoinPool-1-worker-1	stdout	operator_cpu,trino,1/TopNOperator@692,2,0.003,8.550,0.012,0,1107,200,0.000
[WARNING] [stderr] 2026-08-02T14:22:58.080-0600	INFO	ForkJoinPool-1-worker-1	stdout	operator_cpu,trino,1/LocalExchangeSinkOperator@1026,2,0.038,0.000,0.026,0,2210,2210,0.000
[WARNING] [stderr] 2026-08-02T14:22:58.080-0600	INFO	ForkJoinPool-1-worker-1	stdout	operator_cpu,trino,1/TopNRankingOperator@18,2,1.156,1.125,0.031,0,2210,1107,0.000
[WARNING] [stderr] 2026-08-02T14:22:58.080-0600	INFO	ForkJoinPool-1-worker-1	stdout	operator_cpu,trino,2/ExchangeOperator@1119,2,0.000,166.720,0.000,0,22294301,22294301,10030.000
[WARNING] [stderr] 2026-08-02T14:22:58.080-0600	INFO	ForkJoinPool-1-worker-1	stdout	operator_cpu,trino,2/LocalExchangeSourceOperator@1113,2,0.000,2.550,0.000,0,22294301,22294301,3940.000
[WARNING] [stderr] 2026-08-02T14:22:58.080-0600	INFO	ForkJoinPool-1-worker-1	stdout	operator_cpu,trino,2/PartitionedOutputOperator@789,2,0.140,0.000,0.141,0,2210,2210,0.000
[WARNING] [stderr] 2026-08-02T14:22:58.080-0600	INFO	ForkJoinPool-1-worker-1	stdout	operator_cpu,trino,2/TopNRankingOperator@789,2,680.020,3.910,0.015,0,5790517,2210,0.000
[WARNING] [stderr] 2026-08-02T14:22:58.080-0600	INFO	ForkJoinPool-1-worker-1	stdout	operator_cpu,trino,2/FilterAndProjectOperator@139,2,0.445,5.310,0.030,0,5790517,5790517,0.000
[WARNING] [stderr] 2026-08-02T14:22:58.080-0600	INFO	ForkJoinPool-1-worker-1	stdout	operator_cpu,trino,2/LocalExchangeSinkOperator@1113,2,1490.830,0.000,0.138,0,22294301,22294301,0.000
[WARNING] [stderr] 2026-08-02T14:22:58.080-0600	INFO	ForkJoinPool-1-worker-1	stdout	operator_cpu,trino,2/HashAggregationOperator@11,2,7930.000,375.090,0.359,0,22294301,5790517,0.000
[WARNING] [stderr] 2026-08-02T14:22:58.080-0600	INFO	ForkJoinPool-1-worker-1	stdout	operator_cpu,trino,3/ExchangeOperator@787,2,0.000,1.723,0.000,0,102000,102000,322.150
[WARNING] [stderr] 2026-08-02T14:22:58.080-0600	INFO	ForkJoinPool-1-worker-1	stdout	operator_cpu,trino,3/LocalExchangeSourceOperator@1024,2,0.000,0.046,0.000,0,102000,102000,351.040
[WARNING] [stderr] 2026-08-02T14:22:58.080-0600	INFO	ForkJoinPool-1-worker-1	stdout	operator_cpu,trino,3/ExchangeOperator@786,2,0.000,17.130,0.000,0,5389310,5389310,793.520
[WARNING] [stderr] 2026-08-02T14:22:58.080-0600	INFO	ForkJoinPool-1-worker-1	stdout	operator_cpu,trino,3/GroupIdOperator@10,2,0.700,6.980,0.001,0,5389310,48503790,0.000
[WARNING] [stderr] 2026-08-02T14:22:58.080-0600	INFO	ForkJoinPool-1-worker-1	stdout	operator_cpu,trino,3/PartitionedOutputOperator@1117,2,2320.000,0.000,0.266,0,22294301,22294301,0.000
[WARNING] [stderr] 2026-08-02T14:22:58.080-0600	INFO	ForkJoinPool-1-worker-1	stdout	operator_cpu,trino,3/HashAggregationOperator@1117,2,5650.000,1561.340,0.016,0,48503790,22294301,0.000
[WARNING] [stderr] 2026-08-02T14:22:58.080-0600	INFO	ForkJoinPool-1-worker-1	stdout	operator_cpu,trino,3/FilterAndProjectOperator@166,2,0.763,36.490,0.125,0,5389310,5389310,0.000
[WARNING] [stderr] 2026-08-02T14:22:58.080-0600	INFO	ForkJoinPool-1-worker-1	stdout	operator_cpu,trino,3/LookupJoinOperator@6,2,0.182,1173.150,0.165,0,5389310,5389310,0.000
[WARNING] [stderr] 2026-08-02T14:22:58.080-0600	INFO	ForkJoinPool-1-worker-1	stdout	operator_cpu,trino,3/HashBuilderOperator@6,2,0.823,0.000,9.790,0,102000,102000,11760.000
[WARNING] [stderr] 2026-08-02T14:22:58.080-0600	INFO	ForkJoinPool-1-worker-1	stdout	operator_cpu,trino,3/LocalExchangeSinkOperator@1024,2,0.027,0.000,0.010,0,102000,102000,0.000
[WARNING] [stderr] 2026-08-02T14:22:58.080-0600	INFO	ForkJoinPool-1-worker-1	stdout	operator_cpu,trino,3/DynamicFilterSourceOperator@6,2,6.420,0.032,0.002,0,102000,102000,0.000
[WARNING] [stderr] 2026-08-02T14:22:58.080-0600	INFO	ForkJoinPool-1-worker-1	stdout	operator_cpu,trino,4/ExchangeOperator@785,2,0.000,0.057,0.000,0,102,102,35.010
[WARNING] [stderr] 2026-08-02T14:22:58.080-0600	INFO	ForkJoinPool-1-worker-1	stdout	operator_cpu,trino,4/LocalExchangeSourceOperator@1023,2,0.000,0.021,0.000,0,102,102,546.850
[WARNING] [stderr] 2026-08-02T14:22:58.080-0600	INFO	ForkJoinPool-1-worker-1	stdout	operator_cpu,trino,4/ExchangeOperator@784,2,0.000,15.840,0.000,0,5518968,5518968,943.480
[WARNING] [stderr] 2026-08-02T14:22:58.080-0600	INFO	ForkJoinPool-1-worker-1	stdout	operator_cpu,trino,4/PartitionedOutputOperator@4,2,128.940,0.000,1.388,0,5389310,5389310,7920.000
[WARNING] [stderr] 2026-08-02T14:22:58.081-0600	INFO	ForkJoinPool-1-worker-1	stdout	operator_cpu,trino,4/LookupJoinOperator@4,2,0.172,175.030,0.103,0,5518968,5389310,0.000
[WARNING] [stderr] 2026-08-02T14:22:58.081-0600	INFO	ForkJoinPool-1-worker-1	stdout	operator_cpu,trino,4/HashBuilderOperator@4,2,0.055,0.000,0.168,0,102,102,9000.000
[WARNING] [stderr] 2026-08-02T14:22:58.081-0600	INFO	ForkJoinPool-1-worker-1	stdout	operator_cpu,trino,4/LocalExchangeSinkOperator@1023,2,0.025,0.000,0.014,0,102,102,0.000
[WARNING] [stderr] 2026-08-02T14:22:58.081-0600	INFO	ForkJoinPool-1-worker-1	stdout	operator_cpu,trino,4/DynamicFilterSourceOperator@4,2,0.044,0.009,0.242,0,102,102,0.000
[WARNING] [stderr] 2026-08-02T14:22:58.081-0600	INFO	ForkJoinPool-1-worker-1	stdout	operator_cpu,trino,9/TableScanOperator@5,1,0.000,122.810,0.000,102000,102000,102000,0.000
[WARNING] [stderr] 2026-08-02T14:22:58.081-0600	INFO	ForkJoinPool-1-worker-1	stdout	operator_cpu,trino,9/PartitionedOutputOperator@5,1,15.120,0.000,0.288,0,102000,102000,0.000
[WARNING] [stderr] 2026-08-02T14:22:58.081-0600	INFO	ForkJoinPool-1-worker-1	stdout	operator_cpu,trino,5/ExchangeOperator@783,2,0.000,0.031,0.000,0,366,366,118.980
[WARNING] [stderr] 2026-08-02T14:22:58.081-0600	INFO	ForkJoinPool-1-worker-1	stdout	operator_cpu,trino,5/LocalExchangeSourceOperator@1022,2,0.000,0.016,0.000,0,366,366,554.500
[WARNING] [stderr] 2026-08-02T14:22:58.081-0600	INFO	ForkJoinPool-1-worker-1	stdout	operator_cpu,trino,5/ExchangeOperator@782,2,0.000,69.780,0.000,0,22216107,22216107,467.040
[WARNING] [stderr] 2026-08-02T14:22:58.081-0600	INFO	ForkJoinPool-1-worker-1	stdout	operator_cpu,trino,5/PartitionedOutputOperator@2,2,262.280,0.000,0.230,0,5518968,5518968,4220.000
[WARNING] [stderr] 2026-08-02T14:22:58.081-0600	INFO	ForkJoinPool-1-worker-1	stdout	operator_cpu,trino,5/LookupJoinOperator@2,2,0.636,355.430,0.083,0,22216107,5518968,122.940
[WARNING] [stderr] 2026-08-02T14:22:58.081-0600	INFO	ForkJoinPool-1-worker-1	stdout	operator_cpu,trino,5/HashBuilderOperator@2,2,0.090,0.000,0.242,0,366,366,3050.000
[WARNING] [stderr] 2026-08-02T14:22:58.081-0600	INFO	ForkJoinPool-1-worker-1	stdout	operator_cpu,trino,5/LocalExchangeSinkOperator@1022,2,0.021,0.000,0.013,0,366,366,0.000
[WARNING] [stderr] 2026-08-02T14:22:58.081-0600	INFO	ForkJoinPool-1-worker-1	stdout	operator_cpu,trino,5/DynamicFilterSourceOperator@2,2,0.125,0.015,0.333,0,366,366,0.000
[WARNING] [stderr] 2026-08-02T14:22:58.081-0600	INFO	ForkJoinPool-1-worker-1	stdout	operator_cpu,trino,8/TableScanOperator@3,1,0.000,2.950,0.000,102,102,102,0.000
[WARNING] [stderr] 2026-08-02T14:22:58.081-0600	INFO	ForkJoinPool-1-worker-1	stdout	operator_cpu,trino,8/PartitionedOutputOperator@3,1,0.074,0.000,0.087,0,102,102,0.000
[WARNING] [stderr] 2026-08-02T14:22:58.081-0600	INFO	ForkJoinPool-1-worker-1	stdout	operator_cpu,trino,6/ScanFilterAndProjectOperator@900,12,0.000,1313.260,0.000,28800991,28800991,22216107,0.000
[WARNING] [stderr] 2026-08-02T14:22:58.081-0600	INFO	ForkJoinPool-1-worker-1	stdout	operator_cpu,trino,6/PartitionedOutputOperator@900,12,1059.850,0.000,0.688,0,22216107,22216107,4350.000
[WARNING] [stderr] 2026-08-02T14:22:58.081-0600	INFO	ForkJoinPool-1-worker-1	stdout	operator_cpu,trino,7/ScanFilterAndProjectOperator@429,1,0.000,26.920,0.000,73049,73049,366,0.000
[WARNING] [stderr] 2026-08-02T14:22:58.081-0600	INFO	ForkJoinPool-1-worker-1	stdout	operator_cpu,trino,7/PartitionedOutputOperator@429,1,0.044,0.000,0.072,0,366,366,0.000
[WARNING] [stderr] 2026-08-02T14:23:04.228-0600	INFO	ForkJoinPool-1-worker-1	stdout	operator_cpu,trino,0/ExchangeOperator@791,1,0.000,0.028,0.000,0,200,200,6110.000
[WARNING] [stderr] 2026-08-02T14:23:04.228-0600	INFO	ForkJoinPool-1-worker-1	stdout	operator_cpu,trino,0/LocalExchangeSourceOperator@1027,1,0.000,0.003,0.000,0,200,200,6110.000
[WARNING] [stderr] 2026-08-02T14:23:04.228-0600	INFO	ForkJoinPool-1-worker-1	stdout	operator_cpu,trino,0/TaskOutputOperator@31,1,0.027,0.000,0.001,0,100,100,0.000
[WARNING] [stderr] 2026-08-02T14:23:04.228-0600	INFO	ForkJoinPool-1-worker-1	stdout	operator_cpu,trino,0/LocalExchangeSinkOperator@1027,1,0.008,0.000,0.009,0,200,200,0.000
[WARNING] [stderr] 2026-08-02T14:23:04.228-0600	INFO	ForkJoinPool-1-worker-1	stdout	operator_cpu,trino,0/TopNOperator@693,1,0.001,0.280,0.013,0,200,100,0.000
[WARNING] [stderr] 2026-08-02T14:23:04.228-0600	INFO	ForkJoinPool-1-worker-1	stdout	operator_cpu,trino,1/ExchangeOperator@790,2,0.000,0.125,0.000,0,2210,2210,12190.000
[WARNING] [stderr] 2026-08-02T14:23:04.228-0600	INFO	ForkJoinPool-1-worker-1	stdout	operator_cpu,trino,1/LocalExchangeSourceOperator@1026,2,0.000,0.011,0.000,0,2210,2210,12190.000
[WARNING] [stderr] 2026-08-02T14:23:04.228-0600	INFO	ForkJoinPool-1-worker-1	stdout	operator_cpu,trino,1/LocalExchangeSourceOperator@1062,2,0.000,0.015,0.000,0,200,200,12190.000
[WARNING] [stderr] 2026-08-02T14:23:04.228-0600	INFO	ForkJoinPool-1-worker-1	stdout	operator_cpu,trino,1/TaskOutputOperator@1063,2,0.088,0.000,0.001,0,200,200,0.000
[WARNING] [stderr] 2026-08-02T14:23:04.228-0600	INFO	ForkJoinPool-1-worker-1	stdout	operator_cpu,trino,1/TopNOperator@1063,2,0.001,0.482,0.013,0,200,200,0.000
[WARNING] [stderr] 2026-08-02T14:23:04.228-0600	INFO	ForkJoinPool-1-worker-1	stdout	operator_cpu,trino,1/LocalExchangeSourceOperator@1064,2,0.000,0.005,0.000,0,200,200,12190.000
[WARNING] [stderr] 2026-08-02T14:23:04.228-0600	INFO	ForkJoinPool-1-worker-1	stdout	operator_cpu,trino,1/LocalExchangeSinkOperator@1064,2,0.012,0.000,0.003,0,200,200,0.000
[WARNING] [stderr] 2026-08-02T14:23:04.228-0600	INFO	ForkJoinPool-1-worker-1	stdout	operator_cpu,trino,1/TopNOperator@1061,2,0.002,0.519,0.018,0,200,200,0.000
[WARNING] [stderr] 2026-08-02T14:23:04.229-0600	INFO	ForkJoinPool-1-worker-1	stdout	operator_cpu,trino,1/LocalExchangeSinkOperator@1062,2,0.015,0.000,0.004,0,200,200,0.000
[WARNING] [stderr] 2026-08-02T14:23:04.229-0600	INFO	ForkJoinPool-1-worker-1	stdout	operator_cpu,trino,1/TopNOperator@692,2,0.002,1.154,0.011,0,1107,200,0.000
[WARNING] [stderr] 2026-08-02T14:23:04.229-0600	INFO	ForkJoinPool-1-worker-1	stdout	operator_cpu,trino,1/LocalExchangeSinkOperator@1026,2,0.035,0.000,0.092,0,2210,2210,0.000
[WARNING] [stderr] 2026-08-02T14:23:04.229-0600	INFO	ForkJoinPool-1-worker-1	stdout	operator_cpu,trino,1/TopNRankingOperator@18,2,0.749,0.863,0.030,0,2210,1107,0.000
[WARNING] [stderr] 2026-08-02T14:23:04.229-0600	INFO	ForkJoinPool-1-worker-1	stdout	operator_cpu,trino,2/ExchangeOperator@1119,2,0.000,169.740,0.000,0,22352744,22352744,9330.000
[WARNING] [stderr] 2026-08-02T14:23:04.229-0600	INFO	ForkJoinPool-1-worker-1	stdout	operator_cpu,trino,2/LocalExchangeSourceOperator@1113,2,0.000,2.600,0.000,0,22352744,22352744,2870.000
[WARNING] [stderr] 2026-08-02T14:23:04.229-0600	INFO	ForkJoinPool-1-worker-1	stdout	operator_cpu,trino,2/PartitionedOutputOperator@789,2,0.144,0.000,0.137,0,2210,2210,0.000
[WARNING] [stderr] 2026-08-02T14:23:04.229-0600	INFO	ForkJoinPool-1-worker-1	stdout	operator_cpu,trino,2/TopNRankingOperator@789,2,260.770,3.070,0.014,0,5790517,2210,0.000
[WARNING] [stderr] 2026-08-02T14:23:04.229-0600	INFO	ForkJoinPool-1-worker-1	stdout	operator_cpu,trino,2/FilterAndProjectOperator@139,2,0.430,3.950,0.029,0,5790517,5790517,0.000
[WARNING] [stderr] 2026-08-02T14:23:04.229-0600	INFO	ForkJoinPool-1-worker-1	stdout	operator_cpu,trino,2/LocalExchangeSinkOperator@1113,2,1423.810,0.000,0.051,0,22352744,22352744,0.000
[WARNING] [stderr] 2026-08-02T14:23:04.229-0600	INFO	ForkJoinPool-1-worker-1	stdout	operator_cpu,trino,2/HashAggregationOperator@11,2,7920.000,375.260,0.325,0,22352744,5790517,0.000
[WARNING] [stderr] 2026-08-02T14:23:04.229-0600	INFO	ForkJoinPool-1-worker-1	stdout	operator_cpu,trino,3/ExchangeOperator@787,2,0.000,2.170,0.000,0,102000,102000,9.060
[WARNING] [stderr] 2026-08-02T14:23:04.229-0600	INFO	ForkJoinPool-1-worker-1	stdout	operator_cpu,trino,3/LocalExchangeSourceOperator@1024,2,0.000,0.022,0.000,0,102000,102000,92.580
[WARNING] [stderr] 2026-08-02T14:23:04.229-0600	INFO	ForkJoinPool-1-worker-1	stdout	operator_cpu,trino,3/ExchangeOperator@786,2,0.000,18.470,0.000,0,5389310,5389310,118.910
[WARNING] [stderr] 2026-08-02T14:23:04.229-0600	INFO	ForkJoinPool-1-worker-1	stdout	operator_cpu,trino,3/GroupIdOperator@10,2,0.640,6.480,0.001,0,5389310,48503790,0.000
[WARNING] [stderr] 2026-08-02T14:23:04.229-0600	INFO	ForkJoinPool-1-worker-1	stdout	operator_cpu,trino,3/PartitionedOutputOperator@1117,2,2240.000,0.000,0.090,0,22352744,22352744,0.000
[WARNING] [stderr] 2026-08-02T14:23:04.229-0600	INFO	ForkJoinPool-1-worker-1	stdout	operator_cpu,trino,3/HashAggregationOperator@1117,2,5520.000,1528.690,0.032,0,48503790,22352744,0.000
[WARNING] [stderr] 2026-08-02T14:23:04.229-0600	INFO	ForkJoinPool-1-worker-1	stdout	operator_cpu,trino,3/FilterAndProjectOperator@166,2,0.734,32.080,0.125,0,5389310,5389310,0.000
[WARNING] [stderr] 2026-08-02T14:23:04.229-0600	INFO	ForkJoinPool-1-worker-1	stdout	operator_cpu,trino,3/LookupJoinOperator@6,2,0.168,1206.260,0.158,0,5389310,5389310,0.000
[WARNING] [stderr] 2026-08-02T14:23:04.229-0600	INFO	ForkJoinPool-1-worker-1	stdout	operator_cpu,trino,3/HashBuilderOperator@6,2,0.572,0.000,2.310,0,102000,102000,11370.000
[WARNING] [stderr] 2026-08-02T14:23:04.229-0600	INFO	ForkJoinPool-1-worker-1	stdout	operator_cpu,trino,3/LocalExchangeSinkOperator@1024,2,0.065,0.000,0.021,0,102000,102000,0.000
[WARNING] [stderr] 2026-08-02T14:23:04.229-0600	INFO	ForkJoinPool-1-worker-1	stdout	operator_cpu,trino,3/DynamicFilterSourceOperator@6,2,1.705,0.019,0.001,0,102000,102000,0.000
[WARNING] [stderr] 2026-08-02T14:23:04.229-0600	INFO	ForkJoinPool-1-worker-1	stdout	operator_cpu,trino,4/ExchangeOperator@785,2,0.000,0.063,0.000,0,102,102,28.120
[WARNING] [stderr] 2026-08-02T14:23:04.229-0600	INFO	ForkJoinPool-1-worker-1	stdout	operator_cpu,trino,4/LocalExchangeSourceOperator@1023,2,0.000,0.021,0.000,0,102,102,106.630
[WARNING] [stderr] 2026-08-02T14:23:04.229-0600	INFO	ForkJoinPool-1-worker-1	stdout	operator_cpu,trino,4/ExchangeOperator@784,2,0.000,18.210,0.000,0,5519120,5519120,258.300
[WARNING] [stderr] 2026-08-02T14:23:04.229-0600	INFO	ForkJoinPool-1-worker-1	stdout	operator_cpu,trino,4/PartitionedOutputOperator@4,2,108.500,0.000,1.016,0,5389310,5389310,7810.000
[WARNING] [stderr] 2026-08-02T14:23:04.229-0600	INFO	ForkJoinPool-1-worker-1	stdout	operator_cpu,trino,4/LookupJoinOperator@4,2,0.141,135.230,0.161,0,5519120,5389310,2.370
[WARNING] [stderr] 2026-08-02T14:23:04.229-0600	INFO	ForkJoinPool-1-worker-1	stdout	operator_cpu,trino,4/HashBuilderOperator@4,2,0.160,0.000,0.264,0,102,102,8560.000
[WARNING] [stderr] 2026-08-02T14:23:04.229-0600	INFO	ForkJoinPool-1-worker-1	stdout	operator_cpu,trino,4/LocalExchangeSinkOperator@1023,2,0.022,0.000,0.037,0,102,102,0.000
[WARNING] [stderr] 2026-08-02T14:23:04.229-0600	INFO	ForkJoinPool-1-worker-1	stdout	operator_cpu,trino,4/DynamicFilterSourceOperator@4,2,0.018,0.014,0.387,0,102,102,0.000
[WARNING] [stderr] 2026-08-02T14:23:04.229-0600	INFO	ForkJoinPool-1-worker-1	stdout	operator_cpu,trino,9/TableScanOperator@5,1,0.000,6.390,0.000,102000,102000,102000,0.000
[WARNING] [stderr] 2026-08-02T14:23:04.229-0600	INFO	ForkJoinPool-1-worker-1	stdout	operator_cpu,trino,9/PartitionedOutputOperator@5,1,3.240,0.000,0.332,0,102000,102000,0.000
[WARNING] [stderr] 2026-08-02T14:23:04.229-0600	INFO	ForkJoinPool-1-worker-1	stdout	operator_cpu,trino,5/ExchangeOperator@783,2,0.000,0.026,0.000,0,366,366,43.840
[WARNING] [stderr] 2026-08-02T14:23:04.229-0600	INFO	ForkJoinPool-1-worker-1	stdout	operator_cpu,trino,5/LocalExchangeSourceOperator@1022,2,0.000,0.013,0.000,0,366,366,108.720
[WARNING] [stderr] 2026-08-02T14:23:04.229-0600	INFO	ForkJoinPool-1-worker-1	stdout	operator_cpu,trino,5/ExchangeOperator@782,2,0.000,89.250,0.000,0,24416403,24416403,1015.440
[WARNING] [stderr] 2026-08-02T14:23:04.229-0600	INFO	ForkJoinPool-1-worker-1	stdout	operator_cpu,trino,5/PartitionedOutputOperator@2,2,132.440,0.000,0.204,0,5519120,5519120,3730.000
[WARNING] [stderr] 2026-08-02T14:23:04.229-0600	INFO	ForkJoinPool-1-worker-1	stdout	operator_cpu,trino,5/LookupJoinOperator@2,2,0.582,312.500,0.046,0,24416403,5519120,3.676
[WARNING] [stderr] 2026-08-02T14:23:04.229-0600	INFO	ForkJoinPool-1-worker-1	stdout	operator_cpu,trino,5/HashBuilderOperator@2,2,0.040,0.000,0.215,0,366,366,5880.000
[WARNING] [stderr] 2026-08-02T14:23:04.229-0600	INFO	ForkJoinPool-1-worker-1	stdout	operator_cpu,trino,5/LocalExchangeSinkOperator@1022,2,0.026,0.000,0.008,0,366,366,0.000
[WARNING] [stderr] 2026-08-02T14:23:04.229-0600	INFO	ForkJoinPool-1-worker-1	stdout	operator_cpu,trino,5/DynamicFilterSourceOperator@2,2,0.020,0.012,0.304,0,366,366,0.000
[WARNING] [stderr] 2026-08-02T14:23:04.229-0600	INFO	ForkJoinPool-1-worker-1	stdout	operator_cpu,trino,8/TableScanOperator@3,1,0.000,0.690,0.000,102,102,102,0.000
[WARNING] [stderr] 2026-08-02T14:23:04.229-0600	INFO	ForkJoinPool-1-worker-1	stdout	operator_cpu,trino,8/PartitionedOutputOperator@3,1,0.042,0.000,0.038,0,102,102,0.000
[WARNING] [stderr] 2026-08-02T14:23:04.229-0600	INFO	ForkJoinPool-1-worker-1	stdout	operator_cpu,trino,6/ScanFilterAndProjectOperator@900,12,0.000,616.410,0.000,28800991,28800991,24416403,0.000
[WARNING] [stderr] 2026-08-02T14:23:04.229-0600	INFO	ForkJoinPool-1-worker-1	stdout	operator_cpu,trino,6/PartitionedOutputOperator@900,12,481.100,0.000,1.064,0,24416403,24416403,9450.000
[WARNING] [stderr] 2026-08-02T14:23:04.229-0600	INFO	ForkJoinPool-1-worker-1	stdout	operator_cpu,trino,7/ScanFilterAndProjectOperator@429,1,0.000,6.130,0.000,73049,73049,366,0.000
[WARNING] [stderr] 2026-08-02T14:23:04.229-0600	INFO	ForkJoinPool-1-worker-1	stdout	operator_cpu,trino,7/PartitionedOutputOperator@429,1,0.009,0.000,0.047,0,366,366,0.000
[WARNING] [stderr] 2026-08-02T14:23:12.074-0600	INFO	ForkJoinPool-1-worker-1	stdout	operator_cpu,nitro,0/ExchangeOperator@791,1,0.000,0.030,0.000,0,200,200,7800.000
[WARNING] [stderr] 2026-08-02T14:23:12.074-0600	INFO	ForkJoinPool-1-worker-1	stdout	operator_cpu,nitro,0/LocalExchangeSourceOperator@1027,1,0.000,0.004,0.000,0,200,200,7800.000
[WARNING] [stderr] 2026-08-02T14:23:12.074-0600	INFO	ForkJoinPool-1-worker-1	stdout	operator_cpu,nitro,0/TaskOutputOperator@31,1,0.030,0.000,0.001,0,100,100,0.000
[WARNING] [stderr] 2026-08-02T14:23:12.074-0600	INFO	ForkJoinPool-1-worker-1	stdout	operator_cpu,nitro,0/LocalExchangeSinkOperator@1027,1,0.009,0.000,0.009,0,200,200,0.000
[WARNING] [stderr] 2026-08-02T14:23:12.074-0600	INFO	ForkJoinPool-1-worker-1	stdout	operator_cpu,nitro,0/TrinoNitroTopNOperator@693,1,1.480,0.398,0.001,0,200,100,0.000
[WARNING] [stderr] 2026-08-02T14:23:12.074-0600	INFO	ForkJoinPool-1-worker-1	stdout	operator_cpu,nitro,1/ExchangeOperator@790,2,0.000,0.172,0.000,0,2210,2210,15500.000
[WARNING] [stderr] 2026-08-02T14:23:12.074-0600	INFO	ForkJoinPool-1-worker-1	stdout	operator_cpu,nitro,1/LocalExchangeSourceOperator@1026,2,0.000,0.013,0.000,0,2210,2210,15570.000
[WARNING] [stderr] 2026-08-02T14:23:12.074-0600	INFO	ForkJoinPool-1-worker-1	stdout	operator_cpu,nitro,1/LocalExchangeSourceOperator@1062,2,0.000,0.015,0.000,0,200,200,15590.000
[WARNING] [stderr] 2026-08-02T14:23:12.074-0600	INFO	ForkJoinPool-1-worker-1	stdout	operator_cpu,nitro,1/TaskOutputOperator@1063,2,0.106,0.000,0.003,0,200,200,0.000
[WARNING] [stderr] 2026-08-02T14:23:12.074-0600	INFO	ForkJoinPool-1-worker-1	stdout	operator_cpu,nitro,1/TrinoNitroTopNOperator@1063,2,2.011,1.171,0.003,0,200,200,0.000
[WARNING] [stderr] 2026-08-02T14:23:12.074-0600	INFO	ForkJoinPool-1-worker-1	stdout	operator_cpu,nitro,1/LocalExchangeSourceOperator@1064,2,0.000,0.011,0.000,0,200,200,15590.000
[WARNING] [stderr] 2026-08-02T14:23:12.074-0600	INFO	ForkJoinPool-1-worker-1	stdout	operator_cpu,nitro,1/LocalExchangeSinkOperator@1064,2,0.013,0.000,0.005,0,200,200,0.000
[WARNING] [stderr] 2026-08-02T14:23:12.074-0600	INFO	ForkJoinPool-1-worker-1	stdout	operator_cpu,nitro,1/TrinoNitroTopNOperator@1061,2,1.863,1.500,0.002,0,200,200,0.000
[WARNING] [stderr] 2026-08-02T14:23:12.074-0600	INFO	ForkJoinPool-1-worker-1	stdout	operator_cpu,nitro,1/LocalExchangeSinkOperator@1062,2,0.014,0.000,0.005,0,200,200,0.000
[WARNING] [stderr] 2026-08-02T14:23:12.074-0600	INFO	ForkJoinPool-1-worker-1	stdout	operator_cpu,nitro,1/TrinoNitroTopNOperator@692,2,2.580,2.137,0.001,0,1107,200,0.000
[WARNING] [stderr] 2026-08-02T14:23:12.074-0600	INFO	ForkJoinPool-1-worker-1	stdout	operator_cpu,nitro,1/LocalExchangeSinkOperator@1026,2,0.044,0.000,0.026,0,2210,2210,0.000
[WARNING] [stderr] 2026-08-02T14:23:12.074-0600	INFO	ForkJoinPool-1-worker-1	stdout	operator_cpu,nitro,1/TrinoNitroTopNRankingOperator@18,2,0.370,5.670,0.032,0,2210,1107,0.000
[WARNING] [stderr] 2026-08-02T14:23:12.074-0600	INFO	ForkJoinPool-1-worker-1	stdout	operator_cpu,nitro,2/ExchangeOperator@1119,2,0.000,128.710,0.000,0,15749963,15749963,11490.000
[WARNING] [stderr] 2026-08-02T14:23:12.074-0600	INFO	ForkJoinPool-1-worker-1	stdout	operator_cpu,nitro,2/LocalExchangeSourceOperator@1113,2,0.000,2.058,0.000,0,15749963,15749963,5020.000
[WARNING] [stderr] 2026-08-02T14:23:12.074-0600	INFO	ForkJoinPool-1-worker-1	stdout	operator_cpu,nitro,2/PartitionedOutputOperator@789,2,0.188,0.000,0.196,0,2210,2210,0.000
[WARNING] [stderr] 2026-08-02T14:23:12.074-0600	INFO	ForkJoinPool-1-worker-1	stdout	operator_cpu,nitro,2/TrinoNitroTopNRankingOperator@789,2,532.980,781.280,0.512,0,5790517,2210,0.000
[WARNING] [stderr] 2026-08-02T14:23:12.074-0600	INFO	ForkJoinPool-1-worker-1	stdout	operator_cpu,nitro,2/LocalExchangeSinkOperator@1113,2,982.260,0.000,0.065,0,15749963,15749963,0.000
[WARNING] [stderr] 2026-08-02T14:23:12.074-0600	INFO	ForkJoinPool-1-worker-1	stdout	operator_cpu,nitro,2/TrinoNitroAggregationOperator@11,2,7300.000,1245.570,0.185,0,15749963,5790517,0.000
[WARNING] [stderr] 2026-08-02T14:23:12.074-0600	INFO	ForkJoinPool-1-worker-1	stdout	operator_cpu,nitro,3/ExchangeOperator@787,2,0.000,0.572,0.000,0,102000,102000,82.220
[WARNING] [stderr] 2026-08-02T14:23:12.074-0600	INFO	ForkJoinPool-1-worker-1	stdout	operator_cpu,nitro,3/LocalExchangeSourceOperator@1024,2,0.000,0.027,0.000,0,102000,102000,72.370
[WARNING] [stderr] 2026-08-02T14:23:12.074-0600	INFO	ForkJoinPool-1-worker-1	stdout	operator_cpu,nitro,3/ExchangeOperator@786,2,0.000,19.040,0.000,0,5389310,5389310,503.380
[WARNING] [stderr] 2026-08-02T14:23:12.074-0600	INFO	ForkJoinPool-1-worker-1	stdout	operator_cpu,nitro,3/TrinoNitroAggregationOperator@1117,2,2.870,8240.000,1.531,0,5389310,15749963,0.000
[WARNING] [stderr] 2026-08-02T14:23:12.074-0600	INFO	ForkJoinPool-1-worker-1	stdout	operator_cpu,nitro,3/PartitionedOutputOperator@1117,2,1680.200,0.000,35.300,0,15749963,15749963,160.630
[WARNING] [stderr] 2026-08-02T14:23:12.074-0600	INFO	ForkJoinPool-1-worker-1	stdout	operator_cpu,nitro,3/TrinoNitroHashJoinOperator@6,2,1.710,831.280,0.144,0,5389310,5389310,116.800
[WARNING] [stderr] 2026-08-02T14:23:12.074-0600	INFO	ForkJoinPool-1-worker-1	stdout	operator_cpu,nitro,3/TrinoNitroHashBuildOperator@6,2,6.410,0.000,8.630,0,102000,0,12340.000
[WARNING] [stderr] 2026-08-02T14:23:12.074-0600	INFO	ForkJoinPool-1-worker-1	stdout	operator_cpu,nitro,3/LocalExchangeSinkOperator@1024,2,0.032,0.000,0.013,0,102000,102000,0.000
[WARNING] [stderr] 2026-08-02T14:23:12.074-0600	INFO	ForkJoinPool-1-worker-1	stdout	operator_cpu,nitro,3/DynamicFilterSourceOperator@6,2,5.444,0.028,0.046,0,102000,102000,0.000
[WARNING] [stderr] 2026-08-02T14:23:12.074-0600	INFO	ForkJoinPool-1-worker-1	stdout	operator_cpu,nitro,4/ExchangeOperator@785,2,0.000,0.037,0.000,0,102,102,19.950
[WARNING] [stderr] 2026-08-02T14:23:12.074-0600	INFO	ForkJoinPool-1-worker-1	stdout	operator_cpu,nitro,4/LocalExchangeSourceOperator@1023,2,0.000,0.005,0.000,0,102,102,22.400
[WARNING] [stderr] 2026-08-02T14:23:12.074-0600	INFO	ForkJoinPool-1-worker-1	stdout	operator_cpu,nitro,4/ExchangeOperator@784,2,0.000,16.550,0.000,0,5389310,5389310,1072.020
[WARNING] [stderr] 2026-08-02T14:23:12.074-0600	INFO	ForkJoinPool-1-worker-1	stdout	operator_cpu,nitro,4/PartitionedOutputOperator@4,2,92.580,0.000,0.466,0,5389310,5389310,8230.000
[WARNING] [stderr] 2026-08-02T14:23:12.074-0600	INFO	ForkJoinPool-1-worker-1	stdout	operator_cpu,nitro,4/TrinoNitroHashJoinOperator@4,2,1.023,139.190,0.131,0,5389310,5389310,22.680
[WARNING] [stderr] 2026-08-02T14:23:12.074-0600	INFO	ForkJoinPool-1-worker-1	stdout	operator_cpu,nitro,4/TrinoNitroHashBuildOperator@4,2,0.042,0.000,0.360,0,102,0,9710.000
[WARNING] [stderr] 2026-08-02T14:23:12.074-0600	INFO	ForkJoinPool-1-worker-1	stdout	operator_cpu,nitro,4/LocalExchangeSinkOperator@1023,2,0.011,0.000,0.019,0,102,102,0.000
[WARNING] [stderr] 2026-08-02T14:23:12.074-0600	INFO	ForkJoinPool-1-worker-1	stdout	operator_cpu,nitro,4/DynamicFilterSourceOperator@4,2,0.036,0.020,0.145,0,102,102,0.000
[WARNING] [stderr] 2026-08-02T14:23:12.074-0600	INFO	ForkJoinPool-1-worker-1	stdout	operator_cpu,nitro,9/TrinoNitroPipelineSourceOperator@5,1,0.000,33.640,0.000,102000,102000,102000,0.000
[WARNING] [stderr] 2026-08-02T14:23:12.074-0600	INFO	ForkJoinPool-1-worker-1	stdout	operator_cpu,nitro,9/PartitionedOutputOperator@5,1,4.700,0.000,0.111,0,102000,102000,0.000
[WARNING] [stderr] 2026-08-02T14:23:12.074-0600	INFO	ForkJoinPool-1-worker-1	stdout	operator_cpu,nitro,5/ExchangeOperator@783,2,0.000,0.036,0.000,0,366,366,27.300
[WARNING] [stderr] 2026-08-02T14:23:12.074-0600	INFO	ForkJoinPool-1-worker-1	stdout	operator_cpu,nitro,5/LocalExchangeSourceOperator@1022,2,0.000,0.004,0.000,0,366,366,29.220
[WARNING] [stderr] 2026-08-02T14:23:12.074-0600	INFO	ForkJoinPool-1-worker-1	stdout	operator_cpu,nitro,5/ExchangeOperator@782,2,0.000,16.950,0.000,0,5389310,5389310,199.350
[WARNING] [stderr] 2026-08-02T14:23:12.074-0600	INFO	ForkJoinPool-1-worker-1	stdout	operator_cpu,nitro,5/PartitionedOutputOperator@2,2,81.530,0.000,0.752,0,5389310,5389310,4860.000
[WARNING] [stderr] 2026-08-02T14:23:12.074-0600	INFO	ForkJoinPool-1-worker-1	stdout	operator_cpu,nitro,5/TrinoNitroHashJoinOperator@2,2,0.770,168.100,0.136,0,5389310,5389310,25.710
[WARNING] [stderr] 2026-08-02T14:23:12.074-0600	INFO	ForkJoinPool-1-worker-1	stdout	operator_cpu,nitro,5/TrinoNitroHashBuildOperator@2,2,0.023,0.000,0.375,0,366,0,6000.000
[WARNING] [stderr] 2026-08-02T14:23:12.074-0600	INFO	ForkJoinPool-1-worker-1	stdout	operator_cpu,nitro,5/LocalExchangeSinkOperator@1022,2,0.010,0.000,0.014,0,366,366,0.000
[WARNING] [stderr] 2026-08-02T14:23:12.074-0600	INFO	ForkJoinPool-1-worker-1	stdout	operator_cpu,nitro,5/DynamicFilterSourceOperator@2,2,0.087,0.012,0.241,0,366,366,0.000
[WARNING] [stderr] 2026-08-02T14:23:12.074-0600	INFO	ForkJoinPool-1-worker-1	stdout	operator_cpu,nitro,8/TrinoNitroPipelineSourceOperator@3,1,0.000,0.561,0.000,102,102,102,0.000
[WARNING] [stderr] 2026-08-02T14:23:12.075-0600	INFO	ForkJoinPool-1-worker-1	stdout	operator_cpu,nitro,8/PartitionedOutputOperator@3,1,0.022,0.000,0.068,0,102,102,0.000
[WARNING] [stderr] 2026-08-02T14:23:12.075-0600	INFO	ForkJoinPool-1-worker-1	stdout	operator_cpu,nitro,6/TrinoNitroPipelineSourceOperator@900,12,0.000,1695.070,0.000,28800991,5389310,5389310,504.610
[WARNING] [stderr] 2026-08-02T14:23:12.075-0600	INFO	ForkJoinPool-1-worker-1	stdout	operator_cpu,nitro,6/PartitionedOutputOperator@900,12,235.000,0.000,1.927,0,5389310,5389310,1134.230
[WARNING] [stderr] 2026-08-02T14:23:12.075-0600	INFO	ForkJoinPool-1-worker-1	stdout	operator_cpu,nitro,7/TrinoNitroPipelineSourceOperator@429,1,0.000,4.800,0.000,73049,366,366,0.000
[WARNING] [stderr] 2026-08-02T14:23:12.075-0600	INFO	ForkJoinPool-1-worker-1	stdout	operator_cpu,nitro,7/PartitionedOutputOperator@429,1,0.038,0.000,0.033,0,366,366,0.000
[WARNING] [stderr] 2026-08-02T14:23:12.075-0600	INFO	ForkJoinPool-1-worker-1	stdout	trino,tpcds-parquet-sf10,q67,3,6146.816,6164.038,6942.163,6417.672,22667.000,23449.333,0
[WARNING] [stderr] 2026-08-02T14:23:12.075-0600	INFO	ForkJoinPool-1-worker-1	stdout	nitro,tpcds-parquet-sf10,q67,3,7263.065,7408.084,7843.938,7505.029,22468.000,23094.000,15
[WARNING] [stderr] 2026-08-02T14:23:12.076-0600	INFO	ForkJoinPool-1-worker-1	stdout	nitro_over_trino_wall_p50,1.2018231322712336
[WARNING] [stderr] 2026-08-02T14:23:12.076-0600	INFO	ForkJoinPool-1-worker-1	stdout	nitro_over_trino_cpu_p50,0.991220717342392
[WARNING] [stderr] 2026-08-02T14:23:12.076-0600	INFO	ForkJoinPool-1-worker-1	stdout	nitro_over_trino_cpu_mean,0.9848467618127026
[INFO] Tests run: 1, Failures: 0, Errors: 0, Skipped: 0, Time elapsed: 76.56 s -- in io.trino.tests.nitro.TestNitroTpcdsParquetPerformance
[WARNING] [stderr] 2026-08-02T14:23:12.121-0600	INFO	main	io.trino.testing.containers.junit.ReportLeakedContainers	DockerClientFactory not initialized, so there should be no leaked containers, skipping the check
[INFO] 
[INFO] Results:
[INFO] 
[INFO] Tests run: 1, Failures: 0, Errors: 0, Skipped: 0
[INFO] 
[INFO] ------------------------------------------------------------------------
[INFO] BUILD SUCCESS
[INFO] ------------------------------------------------------------------------
[INFO] Total time:  01:25 min (Wall Clock)
[INFO] Finished at: 2026-08-02T20:23:12Z
[INFO] ------------------------------------------------------------------------
[INFO] Njord session closed
